Initialize godot-rust (API v4.5.stable.official, runtime v4.6.1.stable.mono.official, safeguards balanced)
Godot Engine v4.6.1.stable.mono.official.14d19694e - https://godotengine.org

[GdPAI] Direct print from scheduler ready - logging works
GdPlanningAI: log level set to 3
ERROR: Can't send message. No active debugger
   at: send_message (core/core_bind.cpp:2208)
   GDScript backtrace (most recent call first):
       [0] _ready (res://addons/GdPlanningAI/gdpai_autoload.gd:16)
[GdPAI] GdPAIPlanScheduler ready — 16 worker thread(s)
[GdPAI | debug] Log channel initialized and ready for planner thread logging
---  GUT  ---
[1m[INFO]:  [0musing [C:/Users/ethan/AppData/Roaming/Godot/app_userdata/GdPlanningAI] for temporary output.
Godot version:  4.6.1
GUT version:  9.6.0
[33m[WARNING]:  [0mIgnoring Inner Class TestObjectData because it does not extend GutTest
[33m[WARNING]:  [0mIgnoring Inner Class TestObjectData because it does not extend GutTest
[4m

res://test/integration/test_async_planner.gd
[0m* test_async_empty_plan_returns_failure
[GdPAI] Direct print from scheduler ready - logging works
[GdPAI] GdPAIPlanScheduler ready — 16 worker thread(s)
[GdPAI | debug] Log channel initialized and ready for planner thread logging
[GdPAI] Submitting plan: 0 actions, 0 goals, 0 callables
[GdPAI] Plan complete: success=false, actions=0, cost=0.0, action_chain=[]
[32m    [Passed]:  [0mEmpty plan should return failure
[32m    [Passed]:  [0m[-1] expected to equal [-1]:  Goal index should be -1 on failure
* test_async_goal_already_satisfied
[GdPAI] Direct print from scheduler ready - logging works
[GdPAI] GdPAIPlanScheduler ready — 16 worker thread(s)
[GdPAI | debug] Log channel initialized and ready for planner thread logging
[GdPAI | debug]   Snapshotting prop: has_key = Bool(true) (Variant type: BOOL)
[GdPAI] Submitting plan: 0 actions, 1 goals, 0 callables
[GdPAI | debug] PlannerEngine: Searching for goal 'HaveKey' (reward: 10)
[GdPAI] PlannerEngine: Searching for goal 'HaveKey'
[GdPAI]   Root branch: 0 open preconds, 0 open requirements
[GdPAI | debug] Goal 'HaveKey' already satisfied in initial state; returning empty success
[GdPAI] PlannerEngine: Found valid plan for goal 'HaveKey' (cost: 0)
[GdPAI] Plan complete: success=true, actions=0, cost=0.0, action_chain=[]
[32m    [Passed]:  [0mAlready satisfied goal should succeed
[32m    [Passed]:  [0m[0.0] expected to equal [0.0]:  Already satisfied goal should have zero cost
[32m    [Passed]:  [0m[0] expected to equal [0]:  Already satisfied goal should have empty action chain
* test_async_simple_one_action_plan
[GdPAI] Direct print from scheduler ready - logging works
[GdPAI] GdPAIPlanScheduler ready — 16 worker thread(s)
[GdPAI | debug] Log channel initialized and ready for planner thread logging
[GdPAI | debug]   Snapshotting prop: has_key = Bool(false) (Variant type: BOOL)
[GdPAI] Submitting plan: 1 actions, 1 goals, 2 callables
[GdPAI | debug] PlannerEngine: Searching for goal 'HaveKey' (reward: 10)
[GdPAI] PlannerEngine: Searching for goal 'HaveKey'
[GdPAI]   Root branch: 1 open preconds, 0 open requirements
[GdPAI]     Precond 0: Builtin { target: Agent, operation: Equal, property_name: "has_key", value: Some(Bool(true)) }
[GdPAI] A* Iteration: pop node with chain length 0
[GdPAI | debug] find_candidates: Checking 1 actions against 1 preconds and 0 requirements
[GdPAI | debug] Discovery: Starting simulation for action GetKey
[GdPAI | debug] ApplyEffect [Before] ID=InstanceId(-9223371920420895131): agent props = {"has_key": false}
[GdPAI | debug] ApplyEffect [After] ID=InstanceId(-9223371920420895131): agent props = {"has_key": true}
[GdPAI | debug]   Snapshotting prop: has_key = Bool(true) (Variant type: BOOL)
[GdPAI | debug] Discovery: Simulation success for GetKey. Agent props: {"has_key": Bool(true)}
[GdPAI | debug] Discovery: Action GetKey satisfied precond Builtin { target: Agent, operation: Equal, property_name: "has_key", value: Some(Bool(true)) }
[GdPAI | debug] Found candidate: GetKey (satisfied preconds: [0], requirements: [])
[GdPAI | debug] ApplyEffect [Before] ID=InstanceId(-9223371920320231835): agent props = {"has_key": false}
[GdPAI | debug] ApplyEffect [After] ID=InstanceId(-9223371920320231835): agent props = {"has_key": true}
[GdPAI | debug]   Snapshotting prop: has_key = Bool(true) (Variant type: BOOL)
[GdPAI] A* Iteration: pop node with chain length 1
[GdPAI] A* SUCCESS! Returning plan for goal 'HaveKey'
[GdPAI] PlannerEngine: Found valid plan for goal 'HaveKey' (cost: 1)
[GdPAI] Plan complete: success=true, actions=1, cost=1.0, action_chain=[0]
[32m    [Passed]:  [0mSimple one-action plan should succeed
[32m    [Passed]:  [0m[1] expected to equal [1]:  Plan should have 1 action
[32m    [Passed]:  [0m[0] expected to equal [0]:  Plan should use the first action
[32m    [Passed]:  [0m[1.0] expected to equal [1.0]:  Total cost should be 1.0
* test_async_chooses_lower_cost_plan
[GdPAI] Direct print from scheduler ready - logging works
[GdPAI] GdPAIPlanScheduler ready — 16 worker thread(s)
[GdPAI | debug] Log channel initialized and ready for planner thread logging
[GdPAI | debug]   Snapshotting prop: has_key = Bool(false) (Variant type: BOOL)
[GdPAI] Submitting plan: 2 actions, 1 goals, 4 callables
[GdPAI | debug] PlannerEngine: Searching for goal 'HaveKey' (reward: 100)
[GdPAI] PlannerEngine: Searching for goal 'HaveKey'
[GdPAI]   Root branch: 1 open preconds, 0 open requirements
[GdPAI]     Precond 0: Builtin { target: Agent, operation: Equal, property_name: "has_key", value: Some(Bool(true)) }
[GdPAI] A* Iteration: pop node with chain length 0
[GdPAI | debug] find_candidates: Checking 2 actions against 1 preconds and 0 requirements
[GdPAI | debug] Discovery: Starting simulation for action ExpensiveGetKey
[GdPAI | debug] ApplyEffect [Before] ID=InstanceId(-9223371919951133073): agent props = {"has_key": false}
[GdPAI | debug] ApplyEffect [After] ID=InstanceId(-9223371919951133073): agent props = {"has_key": true}
[GdPAI | debug]   Snapshotting prop: has_key = Bool(true) (Variant type: BOOL)
[GdPAI | debug] Discovery: Simulation success for ExpensiveGetKey. Agent props: {"has_key": Bool(true)}
[GdPAI | debug] Discovery: Action ExpensiveGetKey satisfied precond Builtin { target: Agent, operation: Equal, property_name: "has_key", value: Some(Bool(true)) }
[GdPAI | debug] Found candidate: ExpensiveGetKey (satisfied preconds: [0], requirements: [])
[GdPAI | debug] Discovery: Starting simulation for action CheapGetKey
[GdPAI | debug] ApplyEffect [Before] ID=InstanceId(-9223371919850469777): agent props = {"has_key": false}
[GdPAI | debug] ApplyEffect [After] ID=InstanceId(-9223371919850469777): agent props = {"has_key": true}
[GdPAI | debug]   Snapshotting prop: has_key = Bool(true) (Variant type: BOOL)
[GdPAI | debug] Discovery: Simulation success for CheapGetKey. Agent props: {"has_key": Bool(true)}
[GdPAI | debug] Discovery: Action CheapGetKey satisfied precond Builtin { target: Agent, operation: Equal, property_name: "has_key", value: Some(Bool(true)) }
[GdPAI | debug] Found candidate: CheapGetKey (satisfied preconds: [0], requirements: [])
[GdPAI | debug] ApplyEffect [Before] ID=InstanceId(-9223371919749806481): agent props = {"has_key": false}
[GdPAI | debug] ApplyEffect [After] ID=InstanceId(-9223371919749806481): agent props = {"has_key": true}
[GdPAI | debug]   Snapshotting prop: has_key = Bool(true) (Variant type: BOOL)
[GdPAI | debug] ApplyEffect [Before] ID=InstanceId(-9223371919649143185): agent props = {"has_key": false}
[GdPAI | debug] ApplyEffect [After] ID=InstanceId(-9223371919649143185): agent props = {"has_key": true}
[GdPAI | debug]   Snapshotting prop: has_key = Bool(true) (Variant type: BOOL)
[GdPAI] A* Iteration: pop node with chain length 1
[GdPAI] A* SUCCESS! Returning plan for goal 'HaveKey'
[GdPAI] PlannerEngine: Found valid plan for goal 'HaveKey' (cost: 1)
[GdPAI] Plan complete: success=true, actions=1, cost=1.0, action_chain=[1]
[32m    [Passed]:  [0mPlan should succeed
[32m    [Passed]:  [0m[1.0] expected to equal [1.0]:  Should choose cheaper action with cost 1.0
[32m    [Passed]:  [0m[1] expected to equal [1]:  Should choose CheapGetKey (index 1)
* test_async_action_with_failed_precondition
[GdPAI] Direct print from scheduler ready - logging works
[GdPAI] GdPAIPlanScheduler ready — 16 worker thread(s)
[GdPAI | debug] Log channel initialized and ready for planner thread logging
[GdPAI | debug]   Snapshotting prop: has_key = Bool(false) (Variant type: BOOL)
[GdPAI] Submitting plan: 1 actions, 1 goals, 2 callables
[GdPAI | debug] PlannerEngine: Searching for goal 'Goal' (reward: 10)
[GdPAI] PlannerEngine: Searching for goal 'Goal'
[GdPAI]   Root branch: 1 open preconds, 0 open requirements
[GdPAI]     Precond 0: Builtin { target: Agent, operation: Equal, property_name: "goal_met", value: Some(Bool(true)) }
[GdPAI] A* Iteration: pop node with chain length 0
[GdPAI | debug] find_candidates: Checking 1 actions against 1 preconds and 0 requirements
[GdPAI | debug] Discovery: Starting simulation for action LockedAction
[GdPAI | debug] ApplyEffect [Before] ID=InstanceId(-9223371919296821647): agent props = {"has_key": false}
[GdPAI | debug] ApplyEffect [After] ID=InstanceId(-9223371919296821647): agent props = {"has_key": false, "goal_met": true}
[GdPAI | debug]   Snapshotting prop: has_key = Bool(false) (Variant type: BOOL)
[GdPAI | debug]   Snapshotting prop: goal_met = Bool(true) (Variant type: BOOL)
[GdPAI | debug] Discovery: Simulation success for LockedAction. Agent props: {"has_key": Bool(false), "goal_met": Bool(true)}
[GdPAI | debug] Discovery: Action LockedAction satisfied precond Builtin { target: Agent, operation: Equal, property_name: "goal_met", value: Some(Bool(true)) }
[GdPAI | debug] Found candidate: LockedAction (satisfied preconds: [0], requirements: [])
[GdPAI | debug] ApplyEffect [Before] ID=InstanceId(-9223371919196158351): agent props = {"has_key": false}
[GdPAI | debug] ApplyEffect [After] ID=InstanceId(-9223371919196158351): agent props = {"goal_met": true, "has_key": false}
[GdPAI | debug]   Snapshotting prop: goal_met = Bool(true) (Variant type: BOOL)
[GdPAI | debug]   Snapshotting prop: has_key = Bool(false) (Variant type: BOOL)
[GdPAI] A* Iteration: pop node with chain length 1
[GdPAI | debug] find_candidates: Checking 1 actions against 1 preconds and 0 requirements
[GdPAI | debug] Discovery: Starting simulation for action LockedAction
[GdPAI | debug] ApplyEffect [Before] ID=InstanceId(-9223371919095495055): agent props = {"has_key": false}
[GdPAI | debug] ApplyEffect [After] ID=InstanceId(-9223371919095495055): agent props = {"has_key": false, "goal_met": true}
[GdPAI | debug]   Snapshotting prop: has_key = Bool(false) (Variant type: BOOL)
[GdPAI | debug]   Snapshotting prop: goal_met = Bool(true) (Variant type: BOOL)
[GdPAI | debug] Discovery: Simulation success for LockedAction. Agent props: {"goal_met": Bool(true), "has_key": Bool(false)}
[GdPAI | debug] Discovery: Action LockedAction did NOT satisfy precond Builtin { target: Agent, operation: Equal, property_name: "has_key", value: Some(Bool(true)) }
[GdPAI | debug] No candidates found for branch with 1 preconds and 0 requirements
[GdPAI] Plan complete: success=false, actions=0, cost=0.0, action_chain=[]
[32m    [Passed]:  [0mShould fail when preconditions are not met
[32m    [Passed]:  [0m[-1] expected to equal [-1]:  Failed async plan should have goal_index -1
* test_async_chooses_cheaper_deeper_chain_over_direct_expensive_completion
[GdPAI] Direct print from scheduler ready - logging works
[GdPAI] GdPAIPlanScheduler ready — 16 worker thread(s)
[GdPAI | debug] Log channel initialized and ready for planner thread logging
[GdPAI | debug]   Snapshotting prop: has_food = Bool(false) (Variant type: BOOL)
[GdPAI | debug]   Snapshotting prop: has_fire = Bool(false) (Variant type: BOOL)
[GdPAI] Submitting plan: 3 actions, 1 goals, 6 callables
[GdPAI | debug] PlannerEngine: Searching for goal 'ReadyCampfireMeal' (reward: 100)
[GdPAI] PlannerEngine: Searching for goal 'ReadyCampfireMeal'
[GdPAI]   Root branch: 2 open preconds, 0 open requirements
[GdPAI]     Precond 0: Builtin { target: Agent, operation: Equal, property_name: "has_food", value: Some(Bool(true)) }
[GdPAI]     Precond 1: Builtin { target: Agent, operation: Equal, property_name: "has_fire", value: Some(Bool(true)) }
[GdPAI] A* Iteration: pop node with chain length 0
[GdPAI | debug] find_candidates: Checking 3 actions against 2 preconds and 0 requirements
[GdPAI | debug] Discovery: Starting simulation for action ExpensiveDirectCampfirePrep
[GdPAI | debug] ApplyEffect [Before] ID=InstanceId(-9223371918793505178): agent props = {"has_fire": false, "has_food": false}
[GdPAI | debug] ApplyEffect [After] ID=InstanceId(-9223371918793505178): agent props = {"has_fire": true, "has_food": true}
[GdPAI | debug]   Snapshotting prop: has_fire = Bool(true) (Variant type: BOOL)
[GdPAI | debug]   Snapshotting prop: has_food = Bool(true) (Variant type: BOOL)
[GdPAI | debug] Discovery: Simulation success for ExpensiveDirectCampfirePrep. Agent props: {"has_fire": Bool(true), "has_food": Bool(true)}
[GdPAI | debug] Discovery: Action ExpensiveDirectCampfirePrep satisfied precond Builtin { target: Agent, operation: Equal, property_name: "has_food", value: Some(Bool(true)) }
[GdPAI | debug] Discovery: Starting simulation for action ExpensiveDirectCampfirePrep
[GdPAI | debug] ApplyEffect [Before] ID=InstanceId(-9223371918692841882): agent props = {"has_fire": false, "has_food": false}
[GdPAI | debug] ApplyEffect [After] ID=InstanceId(-9223371918692841882): agent props = {"has_fire": true, "has_food": true}
[GdPAI | debug]   Snapshotting prop: has_fire = Bool(true) (Variant type: BOOL)
[GdPAI | debug]   Snapshotting prop: has_food = Bool(true) (Variant type: BOOL)
[GdPAI | debug] Discovery: Simulation success for ExpensiveDirectCampfirePrep. Agent props: {"has_fire": Bool(true), "has_food": Bool(true)}
[GdPAI | debug] Discovery: Action ExpensiveDirectCampfirePrep satisfied precond Builtin { target: Agent, operation: Equal, property_name: "has_fire", value: Some(Bool(true)) }
[GdPAI | debug] Found candidate: ExpensiveDirectCampfirePrep (satisfied preconds: [0, 1], requirements: [])
[GdPAI | debug] Discovery: Starting simulation for action GetFood
[GdPAI | debug] ApplyEffect [Before] ID=InstanceId(-9223371918592178586): agent props = {"has_food": false, "has_fire": false}
[GdPAI | debug] ApplyEffect [After] ID=InstanceId(-9223371918592178586): agent props = {"has_food": true, "has_fire": false}
[GdPAI | debug]   Snapshotting prop: has_food = Bool(true) (Variant type: BOOL)
[GdPAI | debug]   Snapshotting prop: has_fire = Bool(false) (Variant type: BOOL)
[GdPAI | debug] Discovery: Simulation success for GetFood. Agent props: {"has_food": Bool(true), "has_fire": Bool(false)}
[GdPAI | debug] Discovery: Action GetFood satisfied precond Builtin { target: Agent, operation: Equal, property_name: "has_food", value: Some(Bool(true)) }
[GdPAI | debug] Discovery: Starting simulation for action GetFood
[GdPAI | debug] ApplyEffect [Before] ID=InstanceId(-9223371918491515290): agent props = {"has_food": false, "has_fire": false}
[GdPAI | debug] ApplyEffect [After] ID=InstanceId(-9223371918491515290): agent props = {"has_food": true, "has_fire": false}
[GdPAI | debug]   Snapshotting prop: has_food = Bool(true) (Variant type: BOOL)
[GdPAI | debug]   Snapshotting prop: has_fire = Bool(false) (Variant type: BOOL)
[GdPAI | debug] Discovery: Simulation success for GetFood. Agent props: {"has_food": Bool(true), "has_fire": Bool(false)}
[GdPAI | debug] Discovery: Action GetFood did NOT satisfy precond Builtin { target: Agent, operation: Equal, property_name: "has_fire", value: Some(Bool(true)) }
[GdPAI | debug] Found candidate: GetFood (satisfied preconds: [0], requirements: [])
[GdPAI | debug] Discovery: Starting simulation for action LightFire
[GdPAI | debug] ApplyEffect [Before] ID=InstanceId(-9223371918390851994): agent props = {"has_food": false, "has_fire": false}
[GdPAI | debug] ApplyEffect [After] ID=InstanceId(-9223371918390851994): agent props = {"has_food": false, "has_fire": true}
[GdPAI | debug]   Snapshotting prop: has_food = Bool(false) (Variant type: BOOL)
[GdPAI | debug]   Snapshotting prop: has_fire = Bool(true) (Variant type: BOOL)
[GdPAI | debug] Discovery: Simulation success for LightFire. Agent props: {"has_food": Bool(false), "has_fire": Bool(true)}
[GdPAI | debug] Discovery: Action LightFire did NOT satisfy precond Builtin { target: Agent, operation: Equal, property_name: "has_food", value: Some(Bool(true)) }
[GdPAI | debug] Discovery: Starting simulation for action LightFire
[GdPAI | debug] ApplyEffect [Before] ID=InstanceId(-9223371918290188698): agent props = {"has_fire": false, "has_food": false}
[GdPAI | debug] ApplyEffect [After] ID=InstanceId(-9223371918290188698): agent props = {"has_fire": true, "has_food": false}
[GdPAI | debug]   Snapshotting prop: has_fire = Bool(true) (Variant type: BOOL)
[GdPAI | debug]   Snapshotting prop: has_food = Bool(false) (Variant type: BOOL)
[GdPAI | debug] Discovery: Simulation success for LightFire. Agent props: {"has_fire": Bool(true), "has_food": Bool(false)}
[GdPAI | debug] Discovery: Action LightFire satisfied precond Builtin { target: Agent, operation: Equal, property_name: "has_fire", value: Some(Bool(true)) }
[GdPAI | debug] Found candidate: LightFire (satisfied preconds: [1], requirements: [])
[GdPAI | debug] ApplyEffect [Before] ID=InstanceId(-9223371918189525402): agent props = {"has_fire": false, "has_food": false}
[GdPAI | debug] ApplyEffect [After] ID=InstanceId(-9223371918189525402): agent props = {"has_fire": true, "has_food": true}
[GdPAI | debug]   Snapshotting prop: has_fire = Bool(true) (Variant type: BOOL)
[GdPAI | debug]   Snapshotting prop: has_food = Bool(true) (Variant type: BOOL)
[GdPAI | debug] ApplyEffect [Before] ID=InstanceId(-9223371918088862106): agent props = {"has_fire": false, "has_food": false}
[GdPAI | debug] ApplyEffect [After] ID=InstanceId(-9223371918088862106): agent props = {"has_fire": false, "has_food": true}
[GdPAI | debug]   Snapshotting prop: has_fire = Bool(false) (Variant type: BOOL)
[GdPAI | debug]   Snapshotting prop: has_food = Bool(true) (Variant type: BOOL)
[GdPAI | debug] ApplyEffect [Before] ID=InstanceId(-9223371917988198810): agent props = {"has_fire": false, "has_food": false}
[GdPAI | debug] ApplyEffect [After] ID=InstanceId(-9223371917988198810): agent props = {"has_fire": true, "has_food": false}
[GdPAI | debug]   Snapshotting prop: has_fire = Bool(true) (Variant type: BOOL)
[GdPAI | debug]   Snapshotting prop: has_food = Bool(false) (Variant type: BOOL)
[GdPAI] A* Iteration: pop node with chain length 1
[GdPAI | debug] find_candidates: Checking 3 actions against 1 preconds and 0 requirements
[GdPAI | debug] Discovery: Starting simulation for action ExpensiveDirectCampfirePrep
[GdPAI | debug] ApplyEffect [Before] ID=InstanceId(-9223371917887535514): agent props = {"has_fire": false, "has_food": false}
[GdPAI | debug] ApplyEffect [After] ID=InstanceId(-9223371917887535514): agent props = {"has_fire": true, "has_food": true}
[GdPAI | debug]   Snapshotting prop: has_fire = Bool(true) (Variant type: BOOL)
[GdPAI | debug]   Snapshotting prop: has_food = Bool(true) (Variant type: BOOL)
[GdPAI | debug] Discovery: Simulation success for ExpensiveDirectCampfirePrep. Agent props: {"has_food": Bool(true), "has_fire": Bool(true)}
[GdPAI | debug] Discovery: Action ExpensiveDirectCampfirePrep satisfied precond Builtin { target: Agent, operation: Equal, property_name: "has_fire", value: Some(Bool(true)) }
[GdPAI | debug] Found candidate: ExpensiveDirectCampfirePrep (satisfied preconds: [0], requirements: [])
[GdPAI | debug] Discovery: Starting simulation for action GetFood
[GdPAI | debug] ApplyEffect [Before] ID=InstanceId(-9223371917786872218): agent props = {"has_food": false, "has_fire": false}
[GdPAI | debug] ApplyEffect [After] ID=InstanceId(-9223371917786872218): agent props = {"has_food": true, "has_fire": false}
[GdPAI | debug]   Snapshotting prop: has_food = Bool(true) (Variant type: BOOL)
[GdPAI | debug]   Snapshotting prop: has_fire = Bool(false) (Variant type: BOOL)
[GdPAI | debug] Discovery: Simulation success for GetFood. Agent props: {"has_food": Bool(true), "has_fire": Bool(false)}
[GdPAI | debug] Discovery: Action GetFood did NOT satisfy precond Builtin { target: Agent, operation: Equal, property_name: "has_fire", value: Some(Bool(true)) }
[GdPAI | debug] Discovery: Starting simulation for action LightFire
[GdPAI | debug] ApplyEffect [Before] ID=InstanceId(-9223371917686208922): agent props = {"has_food": false, "has_fire": false}
[GdPAI | debug] ApplyEffect [After] ID=InstanceId(-9223371917686208922): agent props = {"has_food": false, "has_fire": true}
[GdPAI | debug]   Snapshotting prop: has_food = Bool(false) (Variant type: BOOL)
[GdPAI | debug]   Snapshotting prop: has_fire = Bool(true) (Variant type: BOOL)
[GdPAI | debug] Discovery: Simulation success for LightFire. Agent props: {"has_fire": Bool(true), "has_food": Bool(false)}
[GdPAI | debug] Discovery: Action LightFire satisfied precond Builtin { target: Agent, operation: Equal, property_name: "has_fire", value: Some(Bool(true)) }
[GdPAI | debug] Found candidate: LightFire (satisfied preconds: [0], requirements: [])
[GdPAI | debug] ApplyEffect [Before] ID=InstanceId(-9223371917585545626): agent props = {"has_food": false, "has_fire": false}
[GdPAI | debug] ApplyEffect [After] ID=InstanceId(-9223371917585545626): agent props = {"has_food": true, "has_fire": true}
[GdPAI | debug]   Snapshotting prop: has_food = Bool(true) (Variant type: BOOL)
[GdPAI | debug]   Snapshotting prop: has_fire = Bool(true) (Variant type: BOOL)
[GdPAI | debug] ApplyEffect [Before] ID=InstanceId(-9223371917484882330): agent props = {"has_fire": true, "has_food": true}
[GdPAI | debug] ApplyEffect [After] ID=InstanceId(-9223371917484882330): agent props = {"has_fire": true, "has_food": true}
[GdPAI | debug]   Snapshotting prop: has_fire = Bool(true) (Variant type: BOOL)
[GdPAI | debug]   Snapshotting prop: has_food = Bool(true) (Variant type: BOOL)
[GdPAI | debug] ApplyEffect [Before] ID=InstanceId(-9223371917384219034): agent props = {"has_fire": false, "has_food": false}
[GdPAI | debug] ApplyEffect [After] ID=InstanceId(-9223371917384219034): agent props = {"has_fire": true, "has_food": false}
[GdPAI | debug]   Snapshotting prop: has_fire = Bool(true) (Variant type: BOOL)
[GdPAI | debug]   Snapshotting prop: has_food = Bool(false) (Variant type: BOOL)
[GdPAI | debug] ApplyEffect [Before] ID=InstanceId(-9223371917283555738): agent props = {"has_fire": true, "has_food": false}
[GdPAI | debug] ApplyEffect [After] ID=InstanceId(-9223371917283555738): agent props = {"has_fire": true, "has_food": true}
[GdPAI | debug]   Snapshotting prop: has_fire = Bool(true) (Variant type: BOOL)
[GdPAI | debug]   Snapshotting prop: has_food = Bool(true) (Variant type: BOOL)
[GdPAI] A* Iteration: pop node with chain length 1
[GdPAI | debug] find_candidates: Checking 3 actions against 1 preconds and 0 requirements
[GdPAI | debug] Discovery: Starting simulation for action ExpensiveDirectCampfirePrep
[GdPAI | debug] ApplyEffect [Before] ID=InstanceId(-9223371917182892442): agent props = {"has_fire": false, "has_food": false}
[GdPAI | debug] ApplyEffect [After] ID=InstanceId(-9223371917182892442): agent props = {"has_fire": true, "has_food": true}
[GdPAI | debug]   Snapshotting prop: has_fire = Bool(true) (Variant type: BOOL)
[GdPAI | debug]   Snapshotting prop: has_food = Bool(true) (Variant type: BOOL)
[GdPAI | debug] Discovery: Simulation success for ExpensiveDirectCampfirePrep. Agent props: {"has_food": Bool(true), "has_fire": Bool(true)}
[GdPAI | debug] Discovery: Action ExpensiveDirectCampfirePrep satisfied precond Builtin { target: Agent, operation: Equal, property_name: "has_food", value: Some(Bool(true)) }
[GdPAI | debug] Found candidate: ExpensiveDirectCampfirePrep (satisfied preconds: [0], requirements: [])
[GdPAI | debug] Discovery: Starting simulation for action GetFood
[GdPAI | debug] ApplyEffect [Before] ID=InstanceId(-9223371917082229146): agent props = {"has_fire": false, "has_food": false}
[GdPAI | debug] ApplyEffect [After] ID=InstanceId(-9223371917082229146): agent props = {"has_fire": false, "has_food": true}
[GdPAI | debug]   Snapshotting prop: has_fire = Bool(false) (Variant type: BOOL)
[GdPAI | debug]   Snapshotting prop: has_food = Bool(true) (Variant type: BOOL)
[GdPAI | debug] Discovery: Simulation success for GetFood. Agent props: {"has_food": Bool(true), "has_fire": Bool(false)}
[GdPAI | debug] Discovery: Action GetFood satisfied precond Builtin { target: Agent, operation: Equal, property_name: "has_food", value: Some(Bool(true)) }
[GdPAI | debug] Found candidate: GetFood (satisfied preconds: [0], requirements: [])
[GdPAI | debug] Discovery: Starting simulation for action LightFire
[GdPAI | debug] ApplyEffect [Before] ID=InstanceId(-9223371916981565850): agent props = {"has_fire": false, "has_food": false}
[GdPAI | debug] ApplyEffect [After] ID=InstanceId(-9223371916981565850): agent props = {"has_fire": true, "has_food": false}
[GdPAI | debug]   Snapshotting prop: has_fire = Bool(true) (Variant type: BOOL)
[GdPAI | debug]   Snapshotting prop: has_food = Bool(false) (Variant type: BOOL)
[GdPAI | debug] Discovery: Simulation success for LightFire. Agent props: {"has_fire": Bool(true), "has_food": Bool(false)}
[GdPAI | debug] Discovery: Action LightFire did NOT satisfy precond Builtin { target: Agent, operation: Equal, property_name: "has_food", value: Some(Bool(true)) }
[GdPAI | debug] ApplyEffect [Before] ID=InstanceId(-9223371916880902554): agent props = {"has_fire": false, "has_food": false}
[GdPAI | debug] ApplyEffect [After] ID=InstanceId(-9223371916880902554): agent props = {"has_fire": true, "has_food": true}
[GdPAI | debug]   Snapshotting prop: has_fire = Bool(true) (Variant type: BOOL)
[GdPAI | debug]   Snapshotting prop: has_food = Bool(true) (Variant type: BOOL)
[GdPAI | debug] ApplyEffect [Before] ID=InstanceId(-9223371916780239258): agent props = {"has_food": true, "has_fire": true}
[GdPAI | debug] ApplyEffect [After] ID=InstanceId(-9223371916780239258): agent props = {"has_food": true, "has_fire": true}
[GdPAI | debug]   Snapshotting prop: has_food = Bool(true) (Variant type: BOOL)
[GdPAI | debug]   Snapshotting prop: has_fire = Bool(true) (Variant type: BOOL)
[GdPAI | debug] ApplyEffect [Before] ID=InstanceId(-9223371916679575962): agent props = {"has_fire": false, "has_food": false}
[GdPAI | debug] ApplyEffect [After] ID=InstanceId(-9223371916679575962): agent props = {"has_fire": false, "has_food": true}
[GdPAI | debug]   Snapshotting prop: has_fire = Bool(false) (Variant type: BOOL)
[GdPAI | debug]   Snapshotting prop: has_food = Bool(true) (Variant type: BOOL)
[GdPAI | debug] ApplyEffect [Before] ID=InstanceId(-9223371916578912666): agent props = {"has_food": true, "has_fire": false}
[GdPAI | debug] ApplyEffect [After] ID=InstanceId(-9223371916578912666): agent props = {"has_food": true, "has_fire": true}
[GdPAI | debug]   Snapshotting prop: has_food = Bool(true) (Variant type: BOOL)
[GdPAI | debug]   Snapshotting prop: has_fire = Bool(true) (Variant type: BOOL)
[GdPAI] A* Iteration: pop node with chain length 2
[GdPAI] A* SUCCESS! Returning plan for goal 'ReadyCampfireMeal'
[GdPAI] PlannerEngine: Found valid plan for goal 'ReadyCampfireMeal' (cost: 2)
[GdPAI] Plan complete: success=true, actions=2, cost=2.0, action_chain=[2, 1]
[32m    [Passed]:  [0mPlan should succeed
[32m    [Passed]:  [0m[2.0] expected to equal [2.0]:  Should prefer the cheaper two-step chain
[1m    [INFO]:  [0mArray/Dictionary compared by value.  Use assert_same to compare references.  Use assert_eq_deep to see diff when failing.
[32m    [Passed]:  [0mARRAY([2, 1]) == ARRAY([2, 1])  Backward chaining: LightFire then GetFood (prepares fire before food)
* test_async_newer_submission_cancels_older_inflight_plan
[GdPAI] Direct print from scheduler ready - logging works
[GdPAI] GdPAIPlanScheduler ready — 16 worker thread(s)
[GdPAI | debug] Log channel initialized and ready for planner thread logging
[GdPAI | debug]   Snapshotting prop: has_food = Bool(false) (Variant type: BOOL)
[GdPAI | debug]   Snapshotting prop: has_key = Bool(false) (Variant type: BOOL)
[GdPAI] Submitting plan: 1 actions, 1 goals, 2 callables
[GdPAI | debug]   Snapshotting prop: has_food = Bool(false) (Variant type: BOOL)
[GdPAI | debug]   Snapshotting prop: has_key = Bool(false) (Variant type: BOOL)
[GdPAI] Submitting plan: 1 actions, 1 goals, 2 callables
[GdPAI | debug] PlannerEngine: Searching for goal 'HaveFood' (reward: 20)
[GdPAI] PlannerEngine: Searching for goal 'HaveFood'
[GdPAI]   Root branch: 1 open preconds, 0 open requirements
[GdPAI]     Precond 0: Builtin { target: Agent, operation: Equal, property_name: "has_food", value: Some(Bool(true)) }
[GdPAI] A* Iteration: pop node with chain length 0
[GdPAI | debug] find_candidates: Checking 1 actions against 1 preconds and 0 requirements
[GdPAI | debug] Discovery: Starting simulation for action CheapGetFood
[GdPAI | debug] Canceled plan job finished without delivery
[GdPAI | debug] ApplyEffect [Before] ID=InstanceId(-9223371916042041755): agent props = {"has_key": false, "has_food": false}
[GdPAI | debug] ApplyEffect [After] ID=InstanceId(-9223371916042041755): agent props = {"has_key": false, "has_food": true}
[GdPAI | debug]   Snapshotting prop: has_key = Bool(false) (Variant type: BOOL)
[GdPAI | debug]   Snapshotting prop: has_food = Bool(true) (Variant type: BOOL)
[GdPAI | debug] Discovery: Simulation success for CheapGetFood. Agent props: {"has_key": Bool(false), "has_food": Bool(true)}
[GdPAI | debug] Discovery: Action CheapGetFood satisfied precond Builtin { target: Agent, operation: Equal, property_name: "has_food", value: Some(Bool(true)) }
[GdPAI | debug] Found candidate: CheapGetFood (satisfied preconds: [0], requirements: [])
[GdPAI | debug] ApplyEffect [Before] ID=InstanceId(-9223371915941378459): agent props = {"has_food": false, "has_key": false}
[GdPAI | debug] ApplyEffect [After] ID=InstanceId(-9223371915941378459): agent props = {"has_food": true, "has_key": false}
[GdPAI | debug]   Snapshotting prop: has_food = Bool(true) (Variant type: BOOL)
[GdPAI | debug]   Snapshotting prop: has_key = Bool(false) (Variant type: BOOL)
[GdPAI] A* Iteration: pop node with chain length 1
[GdPAI] A* SUCCESS! Returning plan for goal 'HaveFood'
[GdPAI] PlannerEngine: Found valid plan for goal 'HaveFood' (cost: 1)
[GdPAI] Plan complete: success=true, actions=1, cost=1.0, action_chain=[0]
[32m    [Passed]:  [0mNewest plan submission should complete
[32m    [Passed]:  [0m[1] expected to equal [1]:  Only the newest plan result should be delivered
[32m    [Passed]:  [0mNewest plan should succeed
[32m    [Passed]:  [0m[1.0] expected to equal [1.0]:  Newest plan result should win
[1m    [INFO]:  [0mArray/Dictionary compared by value.  Use assert_same to compare references.  Use assert_eq_deep to see diff when failing.
[32m    [Passed]:  [0mARRAY([0]) == ARRAY([0])  Newest plan should produce the second submission's single action
* test_async_missing_property_fails_equal_true
[GdPAI] Direct print from scheduler ready - logging works
[GdPAI] GdPAIPlanScheduler ready — 16 worker thread(s)
[GdPAI | debug] Log channel initialized and ready for planner thread logging
[GdPAI] Submitting plan: 1 actions, 1 goals, 2 callables
[GdPAI | debug] PlannerEngine: Searching for goal 'Succeed' (reward: 10)
[GdPAI] PlannerEngine: Searching for goal 'Succeed'
[GdPAI]   Root branch: 1 open preconds, 0 open requirements
[GdPAI]     Precond 0: Builtin { target: Agent, operation: Equal, property_name: "success", value: Some(Bool(true)) }
[GdPAI] A* Iteration: pop node with chain length 0
[GdPAI | debug] find_candidates: Checking 1 actions against 1 preconds and 0 requirements
[GdPAI | debug] Discovery: Starting simulation for action RequiresKey
[GdPAI | debug] ApplyEffect [Before] ID=InstanceId(-9223371915454837384): agent props = {}
[GdPAI | debug] ApplyEffect [After] ID=InstanceId(-9223371915454837384): agent props = {"success": true}
[GdPAI | debug]   Snapshotting prop: success = Bool(true) (Variant type: BOOL)
[GdPAI | debug] Discovery: Simulation success for RequiresKey. Agent props: {"success": Bool(true)}
[GdPAI | debug] Discovery: Action RequiresKey satisfied precond Builtin { target: Agent, operation: Equal, property_name: "success", value: Some(Bool(true)) }
[GdPAI | debug] Found candidate: RequiresKey (satisfied preconds: [0], requirements: [])
[GdPAI | debug] ApplyEffect [Before] ID=InstanceId(-9223371915354174088): agent props = {}
[GdPAI | debug] ApplyEffect [After] ID=InstanceId(-9223371915354174088): agent props = {"success": true}
[GdPAI | debug]   Snapshotting prop: success = Bool(true) (Variant type: BOOL)
[GdPAI] A* Iteration: pop node with chain length 1
[GdPAI | debug] find_candidates: Checking 1 actions against 1 preconds and 0 requirements
[GdPAI | debug] Discovery: Starting simulation for action RequiresKey
[GdPAI | debug] ApplyEffect [Before] ID=InstanceId(-9223371915253510792): agent props = {}
[GdPAI | debug] ApplyEffect [After] ID=InstanceId(-9223371915253510792): agent props = {"success": true}
[GdPAI | debug]   Snapshotting prop: success = Bool(true) (Variant type: BOOL)
[GdPAI | debug] Discovery: Simulation success for RequiresKey. Agent props: {"success": Bool(true)}
[GdPAI | debug] Discovery: Action RequiresKey did NOT satisfy precond Builtin { target: Agent, operation: Equal, property_name: "has_key", value: Some(Bool(true)) }
[GdPAI | debug] No candidates found for branch with 1 preconds and 0 requirements
[GdPAI] Plan complete: success=false, actions=0, cost=0.0, action_chain=[]
[32m    [Passed]:  [0mShould fail when precondition checks missing property == true
* test_async_missing_property_fails_equal_false
[GdPAI] Direct print from scheduler ready - logging works
[GdPAI] GdPAIPlanScheduler ready — 16 worker thread(s)
[GdPAI | debug] Log channel initialized and ready for planner thread logging
[GdPAI] Submitting plan: 1 actions, 1 goals, 2 callables
[GdPAI | debug] PlannerEngine: Searching for goal 'Succeed' (reward: 10)
[GdPAI] PlannerEngine: Searching for goal 'Succeed'
[GdPAI]   Root branch: 1 open preconds, 0 open requirements
[GdPAI]     Precond 0: Builtin { target: Agent, operation: Equal, property_name: "success", value: Some(Bool(true)) }
[GdPAI] A* Iteration: pop node with chain length 0
[GdPAI | debug] find_candidates: Checking 1 actions against 1 preconds and 0 requirements
[GdPAI | debug] Discovery: Starting simulation for action RequiresNoKey
[GdPAI | debug] ApplyEffect [Before] ID=InstanceId(-9223371914985077153): agent props = {}
[GdPAI | debug] ApplyEffect [After] ID=InstanceId(-9223371914985077153): agent props = {"success": true}
[GdPAI | debug]   Snapshotting prop: success = Bool(true) (Variant type: BOOL)
[GdPAI | debug] Discovery: Simulation success for RequiresNoKey. Agent props: {"success": Bool(true)}
[GdPAI | debug] Discovery: Action RequiresNoKey satisfied precond Builtin { target: Agent, operation: Equal, property_name: "success", value: Some(Bool(true)) }
[GdPAI | debug] Found candidate: RequiresNoKey (satisfied preconds: [0], requirements: [])
[GdPAI | debug] ApplyEffect [Before] ID=InstanceId(-9223371914884413857): agent props = {}
[GdPAI | debug] ApplyEffect [After] ID=InstanceId(-9223371914884413857): agent props = {"success": true}
[GdPAI | debug]   Snapshotting prop: success = Bool(true) (Variant type: BOOL)
[GdPAI] A* Iteration: pop node with chain length 1
[GdPAI | debug] find_candidates: Checking 1 actions against 1 preconds and 0 requirements
[GdPAI | debug] Discovery: Starting simulation for action RequiresNoKey
[GdPAI | debug] ApplyEffect [Before] ID=InstanceId(-9223371914783750561): agent props = {}
[GdPAI | debug] ApplyEffect [After] ID=InstanceId(-9223371914783750561): agent props = {"success": true}
[GdPAI | debug]   Snapshotting prop: success = Bool(true) (Variant type: BOOL)
[GdPAI | debug] Discovery: Simulation success for RequiresNoKey. Agent props: {"success": Bool(true)}
[GdPAI | debug] Discovery: Action RequiresNoKey did NOT satisfy precond Builtin { target: Agent, operation: Equal, property_name: "has_key", value: Some(Bool(false)) }
[GdPAI | debug] No candidates found for branch with 1 preconds and 0 requirements
[GdPAI] Plan complete: success=false, actions=0, cost=0.0, action_chain=[]
[32m    [Passed]:  [0mShould fail when precondition checks missing property == false
* test_async_has_property_on_missing_property
[GdPAI] Direct print from scheduler ready - logging works
[GdPAI] GdPAIPlanScheduler ready — 16 worker thread(s)
[GdPAI | debug] Log channel initialized and ready for planner thread logging
[GdPAI] Submitting plan: 1 actions, 1 goals, 2 callables
[GdPAI | debug] PlannerEngine: Searching for goal 'Succeed' (reward: 10)
[GdPAI] PlannerEngine: Searching for goal 'Succeed'
[GdPAI]   Root branch: 1 open preconds, 0 open requirements
[GdPAI]     Precond 0: Builtin { target: Agent, operation: Equal, property_name: "success", value: Some(Bool(true)) }
[GdPAI] A* Iteration: pop node with chain length 0
[GdPAI | debug] find_candidates: Checking 1 actions against 1 preconds and 0 requirements
[GdPAI | debug] Discovery: Starting simulation for action RequiresKeyExists
[GdPAI | debug] ApplyEffect [Before] ID=InstanceId(-9223371914498536076): agent props = {}
[GdPAI | debug] ApplyEffect [After] ID=InstanceId(-9223371914498536076): agent props = {"success": true}
[GdPAI | debug]   Snapshotting prop: success = Bool(true) (Variant type: BOOL)
[GdPAI | debug] Discovery: Simulation success for RequiresKeyExists. Agent props: {"success": Bool(true)}
[GdPAI | debug] Discovery: Action RequiresKeyExists satisfied precond Builtin { target: Agent, operation: Equal, property_name: "success", value: Some(Bool(true)) }
[GdPAI | debug] Found candidate: RequiresKeyExists (satisfied preconds: [0], requirements: [])
[GdPAI | debug] ApplyEffect [Before] ID=InstanceId(-9223371914397872780): agent props = {}
[GdPAI | debug] ApplyEffect [After] ID=InstanceId(-9223371914397872780): agent props = {"success": true}
[GdPAI | debug]   Snapshotting prop: success = Bool(true) (Variant type: BOOL)
[GdPAI] A* Iteration: pop node with chain length 1
[GdPAI | debug] find_candidates: Checking 1 actions against 1 preconds and 0 requirements
[GdPAI | debug] Discovery: Starting simulation for action RequiresKeyExists
[GdPAI | debug] ApplyEffect [Before] ID=InstanceId(-9223371914297209484): agent props = {}
[GdPAI | debug] ApplyEffect [After] ID=InstanceId(-9223371914297209484): agent props = {"success": true}
[GdPAI | debug]   Snapshotting prop: success = Bool(true) (Variant type: BOOL)
[GdPAI | debug] Discovery: Simulation success for RequiresKeyExists. Agent props: {"success": Bool(true)}
[GdPAI | debug] Discovery: Action RequiresKeyExists did NOT satisfy precond Builtin { target: Agent, operation: HasProperty, property_name: "has_key", value: Some(Nil) }
[GdPAI | debug] No candidates found for branch with 1 preconds and 0 requirements
[GdPAI] Plan complete: success=false, actions=0, cost=0.0, action_chain=[]
[32m    [Passed]:  [0mShould fail when has_property precondition checks missing property
[1m10/10 passed.
[0m[4m

res://test/integration/test_blackboard_clone.gd
[0m* test_clone_creates_independent_copy
[32m    [Passed]:  [0m[100] expected to equal [100]:  Original health should remain unchanged
[32m    [Passed]:  [0m["TestAgent"] expected to equal ["TestAgent"]:  Original name should remain unchanged
[32m    [Passed]:  [0m[50] expected to equal [50]:  Clone health should be updated
[32m    [Passed]:  [0m["ClonedAgent"] expected to equal ["ClonedAgent"]:  Clone name should be updated
* test_clone_preserves_all_properties
[32m    [Passed]:  [0m[42] expected to equal [42]:  Integer should be cloned
[32m    [Passed]:  [0m[3.14] expected to equal [3.14]:  Float should be cloned
[32m    [Passed]:  [0m["hello"] expected to equal ["hello"]:  String should be cloned
[32m    [Passed]:  [0m[true] expected to equal [true]:  Boolean should be cloned
* test_multiple_clones_are_independent
[32m    [Passed]:  [0m[5] expected to equal [5]:  Original should have value 5
[32m    [Passed]:  [0m[10] expected to equal [10]:  Clone1 should have value 10
[32m    [Passed]:  [0m[20] expected to equal [20]:  Clone2 should have value 20
[1m3/3 passed.
[0m[4m

res://test/integration/test_campfire_example_smoke.gd
[0m* test_full_cooking_chain
[32m    [Passed]:  [0mAgent should have goals after setup
[32m    [Passed]:  [0mAgent should have self_actions after setup
[GdPAI | debug] SimObjectProxy::is_in_group: object 123966852535 in group CampfireObject -> false
[GdPAI | debug] SimObjectProxy::is_in_group: object 125493579280 in group CampfireObject -> false
[GdPAI | debug] SimObjectProxy::is_in_group: object 125023817204 in group CampfireObject -> false
[GdPAI | debug] SimObjectProxy::is_in_group: object 124822490600 in group CampfireObject -> false
[GdPAI | debug] SimObjectProxy::is_in_group: object 125661351450 in group CampfireObject -> false
[GdPAI | debug] SimObjectProxy::is_in_group: object 124101070271 in group CampfireObject -> false
[GdPAI | debug] SimObjectProxy::is_in_group: object 124268842441 in group CampfireObject -> false
[GdPAI | debug] SimObjectProxy::is_in_group: object 125476802063 in group CampfireObject -> false
[GdPAI | debug] SimObjectProxy::is_in_group: object 125644574233 in group CampfireObject -> false
[GdPAI | debug] SimObjectProxy::is_in_group: object 125325807110 in group CampfireObject -> false
[GdPAI | debug] SimObjectProxy::is_in_group: object 124285619658 in group CampfireObject -> false
[GdPAI | debug] SimObjectProxy::is_in_group: object 125627797016 in group CampfireObject -> false
[GdPAI | debug] SimObjectProxy::is_in_group: object 124252065224 in group CampfireObject -> false
[GdPAI | debug] SimObjectProxy::is_in_group: object 125057371638 in group CampfireObject -> false
[GdPAI | debug] SimObjectProxy::is_in_group: object 125191589374 in group CampfireObject -> false
[GdPAI | debug] SimObjectProxy::is_in_group: object 123983629752 in group CampfireObject -> false
[GdPAI | debug] SimObjectProxy::is_in_group: object 125510356497 in group CampfireObject -> false
[GdPAI | debug] SimObjectProxy::is_in_group: object 124134624705 in group CampfireObject -> false
[GdPAI | debug] SimObjectProxy::is_in_group: object 124436614611 in group CampfireObject -> false
[GdPAI | debug] SimObjectProxy::is_in_group: object 125174812157 in group CampfireObject -> false
[GdPAI | debug] SimObjectProxy::is_in_group: object 124587609564 in group CampfireObject -> false
[GdPAI | debug] SimObjectProxy::is_in_group: object 125208366591 in group CampfireObject -> false
[GdPAI | debug] SimObjectProxy::is_in_group: object 125342584327 in group CampfireObject -> false
[GdPAI | debug] SimObjectProxy::is_in_group: object 124117847488 in group CampfireObject -> false
[GdPAI | debug] SimObjectProxy::is_in_group: object 125040594421 in group CampfireObject -> false
[GdPAI | debug] SimObjectProxy::is_in_group: object 124554055130 in group CampfireObject -> false
[GdPAI | debug] SimObjectProxy::is_in_group: object 124419837394 in group CampfireObject -> false
[GdPAI | debug] SimObjectProxy::is_in_group: object 124403060177 in group CampfireObject -> false
[GdPAI | debug] SimObjectProxy::is_in_group: object 124570832347 in group CampfireObject -> false
[GdPAI | debug] SimObjectProxy::is_in_group: object 125359361544 in group CampfireObject -> false
[GdPAI | debug] SimObjectProxy::is_in_group: object 123950075318 in group CampfireObject -> true
[GdPAI | debug]   Snapshotting prop: hunger = Float(70.0627442063492) (Variant type: FLOAT)
[GdPAI | debug]   Snapshotting prop: entity = ObjectRef(124621163998) (Variant type: OBJECT)
[GdPAI | debug]   Snapshotting prop: held_item = Str("") (Variant type: STRING)
[GdPAI] Submitting plan: 15 actions, 2 goals, 56 callables
[GdPAI | debug] PlannerEngine: Searching for goal 'Hunger' (reward: 70.0627442063492)
[GdPAI] PlannerEngine: Searching for goal 'Hunger'
[GdPAI | debug] Numeric comparison: 70.0627442063492 LessThan 55.062744206349194 -> false
[GdPAI]   Root branch: 1 open preconds, 0 open requirements
[GdPAI]     Precond 0: Builtin { target: Agent, operation: LessThan, property_name: "hunger", value: Some(Float(55.062744206349194)) }
[GdPAI] A* Iteration: pop node with chain length 0
[GdPAI | debug] find_candidates: Checking 15 actions against 1 preconds and 0 requirements
[GdPAI | debug] Discovery: Starting simulation for action Go To
[GdPAI | debug] ApplyEffect [Before] ID=InstanceId(-9223371906109928061): agent props = {"hunger": 70.0627442063492, "entity": VariantGd { id: 124621163998, class: RigidBody2D }, "held_item": ""}
[GdPAI | debug] ApplyEffect [After] ID=InstanceId(-9223371906109928061): agent props = {"hunger": 70.0627442063492, "entity": VariantGd { id: 124621163998, class: RigidBody2D }, "held_item": ""}
[GdPAI | debug]   Snapshotting prop: hunger = Float(70.0627442063492) (Variant type: FLOAT)
[GdPAI | debug]   Snapshotting prop: entity = ObjectRef(124621163998) (Variant type: OBJECT)
[GdPAI | debug]   Snapshotting prop: held_item = Str("") (Variant type: STRING)
[GdPAI | debug] Discovery: Simulation success for Go To. Agent props: {"hunger": Float(70.0627442063492), "held_item": Str(""), "entity": ObjectRef(124621163998)}
[GdPAI | debug] Numeric comparison: 70.0627442063492 LessThan 55.062744206349194 -> false
[GdPAI | debug] Discovery: Action Go To did NOT satisfy precond Builtin { target: Agent, operation: LessThan, property_name: "hunger", value: Some(Float(55.062744206349194)) }
[GdPAI | debug] Discovery: Starting simulation for action Eat Held Food
[GdPAI | debug] ApplyEffect [Before] ID=InstanceId(-9223371904952300153): agent props = {"hunger": 70.0627442063492, "held_item": "", "entity": VariantGd { id: 124621163998, class: RigidBody2D }}
[GdPAI | debug] ApplyEffect [After] ID=InstanceId(-9223371904952300153): agent props = {"hunger": 50.062744206349194, "entity": VariantGd { id: 124621163998, class: RigidBody2D }, "held_item": ""}
[GdPAI | debug]   Snapshotting prop: hunger = Float(50.062744206349194) (Variant type: FLOAT)
[GdPAI | debug]   Snapshotting prop: entity = ObjectRef(124621163998) (Variant type: OBJECT)
[GdPAI | debug]   Snapshotting prop: held_item = Str("") (Variant type: STRING)
[GdPAI | debug] Discovery: Simulation success for Eat Held Food. Agent props: {"entity": ObjectRef(124621163998), "hunger": Float(50.062744206349194), "held_item": Str("")}
[GdPAI | debug] Numeric comparison: 50.062744206349194 LessThan 55.062744206349194 -> true
[GdPAI | debug] Discovery: Action Eat Held Food satisfied precond Builtin { target: Agent, operation: LessThan, property_name: "hunger", value: Some(Float(55.062744206349194)) }
[GdPAI | debug] Found candidate: Eat Held Food (satisfied preconds: [0], requirements: [])
[GdPAI | debug] Discovery: Starting simulation for action Go To
[GdPAI | debug] ApplyEffect [Before] ID=InstanceId(-9223371903207469689): agent props = {"held_item": "", "hunger": 70.0627442063492, "entity": VariantGd { id: 124621163998, class: RigidBody2D }}
[GdPAI | debug] ApplyEffect [After] ID=InstanceId(-9223371903207469689): agent props = {"held_item": "", "hunger": 70.0627442063492, "entity": VariantGd { id: 124621163998, class: RigidBody2D }}
[GdPAI | debug]   Snapshotting prop: held_item = Str("") (Variant type: STRING)
[GdPAI | debug]   Snapshotting prop: hunger = Float(70.0627442063492) (Variant type: FLOAT)
[GdPAI | debug]   Snapshotting prop: entity = ObjectRef(124621163998) (Variant type: OBJECT)
[GdPAI | debug] Discovery: Simulation success for Go To. Agent props: {"entity": ObjectRef(124621163998), "held_item": Str(""), "hunger": Float(70.0627442063492)}
[GdPAI | debug] Numeric comparison: 70.0627442063492 LessThan 55.062744206349194 -> false
[GdPAI | debug] Discovery: Action Go To did NOT satisfy precond Builtin { target: Agent, operation: LessThan, property_name: "hunger", value: Some(Float(55.062744206349194)) }
[GdPAI | debug] Discovery: Starting simulation for action Drop Item
[GdPAI | debug] ApplyEffect [Before] ID=InstanceId(-9223371902049841789): agent props = {"held_item": "", "entity": VariantGd { id: 124621163998, class: RigidBody2D }, "hunger": 70.0627442063492}
[GdPAI | debug] ApplyEffect [After] ID=InstanceId(-9223371902049841789): agent props = {"entity": VariantGd { id: 124621163998, class: RigidBody2D }, "held_item": "", "hunger": 70.0627442063492}
[GdPAI | debug]   Snapshotting prop: entity = ObjectRef(124621163998) (Variant type: OBJECT)
[GdPAI | debug]   Snapshotting prop: held_item = Str("") (Variant type: STRING)
[GdPAI | debug]   Snapshotting prop: hunger = Float(70.0627442063492) (Variant type: FLOAT)
[GdPAI | debug] Discovery: Simulation success for Drop Item. Agent props: {"held_item": Str(""), "entity": ObjectRef(124621163998), "hunger": Float(70.0627442063492)}
[GdPAI | debug] Numeric comparison: 70.0627442063492 LessThan 55.062744206349194 -> false
[GdPAI | debug] Discovery: Action Drop Item did NOT satisfy precond Builtin { target: Agent, operation: LessThan, property_name: "hunger", value: Some(Float(55.062744206349194)) }
[GdPAI | debug] Discovery: Starting simulation for action Add Fuel
[GdPAI | debug] ApplyEffect [Before] ID=InstanceId(-9223371900892213881): agent props = {"entity": VariantGd { id: 124621163998, class: RigidBody2D }, "hunger": 70.0627442063492, "held_item": "wood"}
[GdPAI | debug] ApplyEffect [After] ID=InstanceId(-9223371900892213881): agent props = {"hunger": 70.0627442063492, "held_item": "", "entity": VariantGd { id: 124621163998, class: RigidBody2D }}
[GdPAI | debug]   Snapshotting prop: hunger = Float(70.0627442063492) (Variant type: FLOAT)
[GdPAI | debug]   Snapshotting prop: held_item = Str("") (Variant type: STRING)
[GdPAI | debug]   Snapshotting prop: entity = ObjectRef(124621163998) (Variant type: OBJECT)
[GdPAI | debug] Discovery: Simulation success for Add Fuel. Agent props: {"held_item": Str(""), "entity": ObjectRef(124621163998), "hunger": Float(70.0627442063492)}
[GdPAI | debug] Numeric comparison: 70.0627442063492 LessThan 55.062744206349194 -> false
[GdPAI | debug] Discovery: Action Add Fuel did NOT satisfy precond Builtin { target: Agent, operation: LessThan, property_name: "hunger", value: Some(Float(55.062744206349194)) }
[GdPAI | debug] Discovery: Starting simulation for action Cook Potato
[GdPAI | debug] ApplyEffect [Before] ID=InstanceId(-9223371897972978297): agent props = {"hunger": 70.0627442063492, "entity": VariantGd { id: 124621163998, class: RigidBody2D }, "held_item": "potato"}
[GdPAI | debug] ApplyEffect [After] ID=InstanceId(-9223371897972978297): agent props = {"entity": VariantGd { id: 124621163998, class: RigidBody2D }, "hunger": 70.0627442063492, "held_item": "cooked_potato"}
[GdPAI | debug]   Snapshotting prop: entity = ObjectRef(124621163998) (Variant type: OBJECT)
[GdPAI | debug]   Snapshotting prop: hunger = Float(70.0627442063492) (Variant type: FLOAT)
[GdPAI | debug]   Snapshotting prop: held_item = Str("cooked_potato") (Variant type: STRING)
[GdPAI | debug] Discovery: Simulation success for Cook Potato. Agent props: {"hunger": Float(70.0627442063492), "entity": ObjectRef(124621163998), "held_item": Str("cooked_potato")}
[GdPAI | debug] Numeric comparison: 70.0627442063492 LessThan 55.062744206349194 -> false
[GdPAI | debug] Discovery: Action Cook Potato did NOT satisfy precond Builtin { target: Agent, operation: LessThan, property_name: "hunger", value: Some(Float(55.062744206349194)) }
[GdPAI | debug] Discovery: Starting simulation for action Pick Up Wood
[GdPAI | debug] ApplyEffect [Before] ID=InstanceId(-9223371896815350397): agent props = {"held_item": "", "entity": VariantGd { id: 124621163998, class: RigidBody2D }, "hunger": 70.0627442063492}
[GdPAI | debug] ApplyEffect [After] ID=InstanceId(-9223371896815350397): agent props = {"entity": VariantGd { id: 124621163998, class: RigidBody2D }, "held_item": "wood", "hunger": 70.0627442063492}
[GdPAI | debug]   Snapshotting prop: entity = ObjectRef(124621163998) (Variant type: OBJECT)
[GdPAI | debug]   Snapshotting prop: held_item = Str("wood") (Variant type: STRING)
[GdPAI | debug]   Snapshotting prop: hunger = Float(70.0627442063492) (Variant type: FLOAT)
[GdPAI | debug] Discovery: Simulation success for Pick Up Wood. Agent props: {"held_item": Str("wood"), "entity": ObjectRef(124621163998), "hunger": Float(70.0627442063492)}
[GdPAI | debug] Numeric comparison: 70.0627442063492 LessThan 55.062744206349194 -> false
[GdPAI | debug] Discovery: Action Pick Up Wood did NOT satisfy precond Builtin { target: Agent, operation: LessThan, property_name: "hunger", value: Some(Float(55.062744206349194)) }
[GdPAI | debug] Discovery: Starting simulation for action Pick Up Wood
[GdPAI | debug] ApplyEffect [Before] ID=InstanceId(-9223371895657722489): agent props = {"hunger": 70.0627442063492, "entity": VariantGd { id: 124621163998, class: RigidBody2D }, "held_item": ""}
[GdPAI | debug] ApplyEffect [After] ID=InstanceId(-9223371895657722489): agent props = {"entity": VariantGd { id: 124621163998, class: RigidBody2D }, "held_item": "wood", "hunger": 70.0627442063492}
[GdPAI | debug]   Snapshotting prop: entity = ObjectRef(124621163998) (Variant type: OBJECT)
[GdPAI | debug]   Snapshotting prop: held_item = Str("wood") (Variant type: STRING)
[GdPAI | debug]   Snapshotting prop: hunger = Float(70.0627442063492) (Variant type: FLOAT)
[GdPAI | debug] Discovery: Simulation success for Pick Up Wood. Agent props: {"entity": ObjectRef(124621163998), "hunger": Float(70.0627442063492), "held_item": Str("wood")}
[GdPAI | debug] Numeric comparison: 70.0627442063492 LessThan 55.062744206349194 -> false
[GdPAI | debug] Discovery: Action Pick Up Wood did NOT satisfy precond Builtin { target: Agent, operation: LessThan, property_name: "hunger", value: Some(Float(55.062744206349194)) }
[GdPAI | debug] Discovery: Starting simulation for action Pick Up Wood
[GdPAI | debug] ApplyEffect [Before] ID=InstanceId(-9223371894500094589): agent props = {"held_item": "", "hunger": 70.0627442063492, "entity": VariantGd { id: 124621163998, class: RigidBody2D }}
[GdPAI | debug] ApplyEffect [After] ID=InstanceId(-9223371894500094589): agent props = {"held_item": "wood", "hunger": 70.0627442063492, "entity": VariantGd { id: 124621163998, class: RigidBody2D }}
[GdPAI | debug]   Snapshotting prop: held_item = Str("wood") (Variant type: STRING)
[GdPAI | debug]   Snapshotting prop: hunger = Float(70.0627442063492) (Variant type: FLOAT)
[GdPAI | debug]   Snapshotting prop: entity = ObjectRef(124621163998) (Variant type: OBJECT)
[GdPAI | debug] Discovery: Simulation success for Pick Up Wood. Agent props: {"entity": ObjectRef(124621163998), "hunger": Float(70.0627442063492), "held_item": Str("wood")}
[GdPAI | debug] Numeric comparison: 70.0627442063492 LessThan 55.062744206349194 -> false
[GdPAI | debug] Discovery: Action Pick Up Wood did NOT satisfy precond Builtin { target: Agent, operation: LessThan, property_name: "hunger", value: Some(Float(55.062744206349194)) }
[GdPAI | debug] Discovery: Starting simulation for action Pick Up Wood
[GdPAI | debug] ApplyEffect [Before] ID=InstanceId(-9223371893342466681): agent props = {"entity": VariantGd { id: 124621163998, class: RigidBody2D }, "held_item": "", "hunger": 70.0627442063492}
[GdPAI | debug] ApplyEffect [After] ID=InstanceId(-9223371893342466681): agent props = {"entity": VariantGd { id: 124621163998, class: RigidBody2D }, "held_item": "wood", "hunger": 70.0627442063492}
[GdPAI | debug]   Snapshotting prop: entity = ObjectRef(124621163998) (Variant type: OBJECT)
[GdPAI | debug]   Snapshotting prop: held_item = Str("wood") (Variant type: STRING)
[GdPAI | debug]   Snapshotting prop: hunger = Float(70.0627442063492) (Variant type: FLOAT)
[GdPAI | debug] Discovery: Simulation success for Pick Up Wood. Agent props: {"entity": ObjectRef(124621163998), "held_item": Str("wood"), "hunger": Float(70.0627442063492)}
[GdPAI | debug] Numeric comparison: 70.0627442063492 LessThan 55.062744206349194 -> false
[GdPAI | debug] Discovery: Action Pick Up Wood did NOT satisfy precond Builtin { target: Agent, operation: LessThan, property_name: "hunger", value: Some(Float(55.062744206349194)) }
[GdPAI | debug] Discovery: Starting simulation for action Dig Potato
[GdPAI | debug] ApplyEffect [Before] ID=InstanceId(-9223371889836028541): agent props = {"held_item": "", "hunger": 70.0627442063492, "entity": VariantGd { id: 124621163998, class: RigidBody2D }}
[GdPAI | debug] ApplyEffect [After] ID=InstanceId(-9223371889836028541): agent props = {"hunger": 70.0627442063492, "entity": VariantGd { id: 124621163998, class: RigidBody2D }, "held_item": "potato"}
[GdPAI | debug]   Snapshotting prop: hunger = Float(70.0627442063492) (Variant type: FLOAT)
[GdPAI | debug]   Snapshotting prop: entity = ObjectRef(124621163998) (Variant type: OBJECT)
[GdPAI | debug]   Snapshotting prop: held_item = Str("potato") (Variant type: STRING)
[GdPAI | debug] Discovery: Simulation success for Dig Potato. Agent props: {"hunger": Float(70.0627442063492), "entity": ObjectRef(124621163998), "held_item": Str("potato")}
[GdPAI | debug] Numeric comparison: 70.0627442063492 LessThan 55.062744206349194 -> false
[GdPAI | debug] Discovery: Action Dig Potato did NOT satisfy precond Builtin { target: Agent, operation: LessThan, property_name: "hunger", value: Some(Float(55.062744206349194)) }
[GdPAI | debug] Discovery: Starting simulation for action Dig Potato
[GdPAI | debug] ApplyEffect [Before] ID=InstanceId(-9223371886329590393): agent props = {"held_item": "", "entity": VariantGd { id: 124621163998, class: RigidBody2D }, "hunger": 70.0627442063492}
[GdPAI | debug] ApplyEffect [After] ID=InstanceId(-9223371886329590393): agent props = {"held_item": "potato", "hunger": 70.0627442063492, "entity": VariantGd { id: 124621163998, class: RigidBody2D }}
[GdPAI | debug]   Snapshotting prop: held_item = Str("potato") (Variant type: STRING)
[GdPAI | debug]   Snapshotting prop: hunger = Float(70.0627442063492) (Variant type: FLOAT)
[GdPAI | debug]   Snapshotting prop: entity = ObjectRef(124621163998) (Variant type: OBJECT)
[GdPAI | debug] Discovery: Simulation success for Dig Potato. Agent props: {"entity": ObjectRef(124621163998), "held_item": Str("potato"), "hunger": Float(70.0627442063492)}
[GdPAI | debug] Numeric comparison: 70.0627442063492 LessThan 55.062744206349194 -> false
[GdPAI | debug] Discovery: Action Dig Potato did NOT satisfy precond Builtin { target: Agent, operation: LessThan, property_name: "hunger", value: Some(Float(55.062744206349194)) }
[GdPAI | debug] Discovery: Starting simulation for action Dig Potato
[GdPAI | debug] ApplyEffect [Before] ID=InstanceId(-9223371882823152253): agent props = {"hunger": 70.0627442063492, "entity": VariantGd { id: 124621163998, class: RigidBody2D }, "held_item": ""}
[GdPAI | debug] ApplyEffect [After] ID=InstanceId(-9223371882823152253): agent props = {"entity": VariantGd { id: 124621163998, class: RigidBody2D }, "hunger": 70.0627442063492, "held_item": "potato"}
[GdPAI | debug]   Snapshotting prop: entity = ObjectRef(124621163998) (Variant type: OBJECT)
[GdPAI | debug]   Snapshotting prop: hunger = Float(70.0627442063492) (Variant type: FLOAT)
[GdPAI | debug]   Snapshotting prop: held_item = Str("potato") (Variant type: STRING)
[GdPAI | debug] Discovery: Simulation success for Dig Potato. Agent props: {"entity": ObjectRef(124621163998), "held_item": Str("potato"), "hunger": Float(70.0627442063492)}
[GdPAI | debug] Numeric comparison: 70.0627442063492 LessThan 55.062744206349194 -> false
[GdPAI | debug] Discovery: Action Dig Potato did NOT satisfy precond Builtin { target: Agent, operation: LessThan, property_name: "hunger", value: Some(Float(55.062744206349194)) }
[GdPAI | debug] Discovery: Starting simulation for action Dig Potato
[GdPAI | debug] ApplyEffect [Before] ID=InstanceId(-9223371879316714105): agent props = {"held_item": "", "entity": VariantGd { id: 124621163998, class: RigidBody2D }, "hunger": 70.0627442063492}
[GdPAI | debug] ApplyEffect [After] ID=InstanceId(-9223371879316714105): agent props = {"hunger": 70.0627442063492, "held_item": "potato", "entity": VariantGd { id: 124621163998, class: RigidBody2D }}
[GdPAI | debug]   Snapshotting prop: hunger = Float(70.0627442063492) (Variant type: FLOAT)
[GdPAI | debug]   Snapshotting prop: held_item = Str("potato") (Variant type: STRING)
[GdPAI | debug]   Snapshotting prop: entity = ObjectRef(124621163998) (Variant type: OBJECT)
[GdPAI | debug] Discovery: Simulation success for Dig Potato. Agent props: {"hunger": Float(70.0627442063492), "held_item": Str("potato"), "entity": ObjectRef(124621163998)}
[GdPAI | debug] Numeric comparison: 70.0627442063492 LessThan 55.062744206349194 -> false
[GdPAI | debug] Discovery: Action Dig Potato did NOT satisfy precond Builtin { target: Agent, operation: LessThan, property_name: "hunger", value: Some(Float(55.062744206349194)) }
[GdPAI | debug] Discovery: Starting simulation for action Dig Potato
[GdPAI | debug] ApplyEffect [Before] ID=InstanceId(-9223371875810275965): agent props = {"held_item": "", "hunger": 70.0627442063492, "entity": VariantGd { id: 124621163998, class: RigidBody2D }}
[GdPAI | debug] ApplyEffect [After] ID=InstanceId(-9223371875810275965): agent props = {"hunger": 70.0627442063492, "entity": VariantGd { id: 124621163998, class: RigidBody2D }, "held_item": "potato"}
[GdPAI | debug]   Snapshotting prop: hunger = Float(70.0627442063492) (Variant type: FLOAT)
[GdPAI | debug]   Snapshotting prop: entity = ObjectRef(124621163998) (Variant type: OBJECT)
[GdPAI | debug]   Snapshotting prop: held_item = Str("potato") (Variant type: STRING)
[GdPAI | debug] Discovery: Simulation success for Dig Potato. Agent props: {"held_item": Str("potato"), "hunger": Float(70.0627442063492), "entity": ObjectRef(124621163998)}
[GdPAI | debug] Numeric comparison: 70.0627442063492 LessThan 55.062744206349194 -> false
[GdPAI | debug] Discovery: Action Dig Potato did NOT satisfy precond Builtin { target: Agent, operation: LessThan, property_name: "hunger", value: Some(Float(55.062744206349194)) }
[GdPAI | debug] ApplyEffect [Before] ID=InstanceId(-9223371874652648057): agent props = {"held_item": "", "hunger": 70.0627442063492, "entity": VariantGd { id: 124621163998, class: RigidBody2D }}
[GdPAI | debug] ApplyEffect [After] ID=InstanceId(-9223371874652648057): agent props = {"held_item": "", "hunger": 50.062744206349194, "entity": VariantGd { id: 124621163998, class: RigidBody2D }}
[GdPAI | debug]   Snapshotting prop: held_item = Str("") (Variant type: STRING)
[GdPAI | debug]   Snapshotting prop: hunger = Float(50.062744206349194) (Variant type: FLOAT)
[GdPAI | debug]   Snapshotting prop: entity = ObjectRef(124621163998) (Variant type: OBJECT)
[GdPAI | debug] Numeric comparison: 70.0627442063492 GreaterThan 0 -> true
[GdPAI] A* Iteration: pop node with chain length 1
[GdPAI | debug] find_candidates: Checking 15 actions against 0 preconds and 2 requirements
[GdPAI | debug] Found candidate: Cook Potato (satisfied preconds: [], requirements: [0, 1])
[GdPAI | debug] Found candidate: Pick Up Wood (satisfied preconds: [], requirements: [0])
[GdPAI | debug] Found candidate: Pick Up Wood (satisfied preconds: [], requirements: [0])
[GdPAI | debug] Found candidate: Pick Up Wood (satisfied preconds: [], requirements: [0])
[GdPAI | debug] Found candidate: Pick Up Wood (satisfied preconds: [], requirements: [0])
[GdPAI | debug] Found candidate: Dig Potato (satisfied preconds: [], requirements: [0, 1])
[GdPAI | debug] Found candidate: Dig Potato (satisfied preconds: [], requirements: [0, 1])
[GdPAI | debug] Found candidate: Dig Potato (satisfied preconds: [], requirements: [0, 1])
[GdPAI | debug] Found candidate: Dig Potato (satisfied preconds: [], requirements: [0, 1])
[GdPAI | debug] Found candidate: Dig Potato (satisfied preconds: [], requirements: [0, 1])
[GdPAI | debug] ApplyEffect [Before] ID=InstanceId(-9223371858831733373): agent props = {"hunger": 70.0627442063492, "entity": VariantGd { id: 124621163998, class: RigidBody2D }, "held_item": "potato"}
[GdPAI | debug] ApplyEffect [After] ID=InstanceId(-9223371858831733373): agent props = {"hunger": 70.0627442063492, "entity": VariantGd { id: 124621163998, class: RigidBody2D }, "held_item": "cooked_potato"}
[GdPAI | debug]   Snapshotting prop: hunger = Float(70.0627442063492) (Variant type: FLOAT)
[GdPAI | debug]   Snapshotting prop: entity = ObjectRef(124621163998) (Variant type: OBJECT)
[GdPAI | debug]   Snapshotting prop: held_item = Str("cooked_potato") (Variant type: STRING)
[GdPAI | debug] ApplyEffect [Before] ID=InstanceId(-9223371857674105465): agent props = {"held_item": "cooked_potato", "hunger": 70.0627442063492, "entity": VariantGd { id: 124621163998, class: RigidBody2D }}
[GdPAI | debug] ApplyEffect [After] ID=InstanceId(-9223371857674105465): agent props = {"held_item": "", "hunger": 20.062744206349194, "entity": VariantGd { id: 124621163998, class: RigidBody2D }}
[GdPAI | debug]   Snapshotting prop: held_item = Str("") (Variant type: STRING)
[GdPAI | debug]   Snapshotting prop: hunger = Float(20.062744206349194) (Variant type: FLOAT)
[GdPAI | debug]   Snapshotting prop: entity = ObjectRef(124621163998) (Variant type: OBJECT)
[GdPAI | debug] ApplyEffect [Before] ID=InstanceId(-9223371856516477565): agent props = {"hunger": 70.0627442063492, "entity": VariantGd { id: 124621163998, class: RigidBody2D }, "held_item": ""}
[GdPAI | debug] ApplyEffect [After] ID=InstanceId(-9223371856516477565): agent props = {"hunger": 70.0627442063492, "held_item": "wood", "entity": VariantGd { id: 124621163998, class: RigidBody2D }}
[GdPAI | debug]   Snapshotting prop: hunger = Float(70.0627442063492) (Variant type: FLOAT)
[GdPAI | debug]   Snapshotting prop: held_item = Str("wood") (Variant type: STRING)
[GdPAI | debug]   Snapshotting prop: entity = ObjectRef(124621163998) (Variant type: OBJECT)
[GdPAI | debug] ApplyEffect [Before] ID=InstanceId(-9223371855358849657): agent props = {"hunger": 70.0627442063492, "held_item": "wood", "entity": VariantGd { id: 124621163998, class: RigidBody2D }}
[GdPAI | debug] ApplyEffect [After] ID=InstanceId(-9223371855358849657): agent props = {"hunger": 70.0627442063492, "held_item": "wood", "entity": VariantGd { id: 124621163998, class: RigidBody2D }}
[GdPAI | debug]   Snapshotting prop: hunger = Float(70.0627442063492) (Variant type: FLOAT)
[GdPAI | debug]   Snapshotting prop: held_item = Str("wood") (Variant type: STRING)
[GdPAI | debug]   Snapshotting prop: entity = ObjectRef(124621163998) (Variant type: OBJECT)
[GdPAI | debug] ApplyEffect [Before] ID=InstanceId(-9223371854201221757): agent props = {"entity": VariantGd { id: 124621163998, class: RigidBody2D }, "hunger": 70.0627442063492, "held_item": ""}
[GdPAI | debug] ApplyEffect [After] ID=InstanceId(-9223371854201221757): agent props = {"held_item": "wood", "hunger": 70.0627442063492, "entity": VariantGd { id: 124621163998, class: RigidBody2D }}
[GdPAI | debug]   Snapshotting prop: held_item = Str("wood") (Variant type: STRING)
[GdPAI | debug]   Snapshotting prop: hunger = Float(70.0627442063492) (Variant type: FLOAT)
[GdPAI | debug]   Snapshotting prop: entity = ObjectRef(124621163998) (Variant type: OBJECT)
[GdPAI | debug] ApplyEffect [Before] ID=InstanceId(-9223371853043593849): agent props = {"entity": VariantGd { id: 124621163998, class: RigidBody2D }, "held_item": "wood", "hunger": 70.0627442063492}
[GdPAI | debug] ApplyEffect [After] ID=InstanceId(-9223371853043593849): agent props = {"entity": VariantGd { id: 124621163998, class: RigidBody2D }, "held_item": "wood", "hunger": 70.0627442063492}
[GdPAI | debug]   Snapshotting prop: entity = ObjectRef(124621163998) (Variant type: OBJECT)
[GdPAI | debug]   Snapshotting prop: held_item = Str("wood") (Variant type: STRING)
[GdPAI | debug]   Snapshotting prop: hunger = Float(70.0627442063492) (Variant type: FLOAT)
[GdPAI | debug] ApplyEffect [Before] ID=InstanceId(-9223371851885965949): agent props = {"entity": VariantGd { id: 124621163998, class: RigidBody2D }, "held_item": "", "hunger": 70.0627442063492}
[GdPAI | debug] ApplyEffect [After] ID=InstanceId(-9223371851885965949): agent props = {"held_item": "wood", "hunger": 70.0627442063492, "entity": VariantGd { id: 124621163998, class: RigidBody2D }}
[GdPAI | debug]   Snapshotting prop: held_item = Str("wood") (Variant type: STRING)
[GdPAI | debug]   Snapshotting prop: hunger = Float(70.0627442063492) (Variant type: FLOAT)
[GdPAI | debug]   Snapshotting prop: entity = ObjectRef(124621163998) (Variant type: OBJECT)
[GdPAI | debug] ApplyEffect [Before] ID=InstanceId(-9223371850728338041): agent props = {"hunger": 70.0627442063492, "entity": VariantGd { id: 124621163998, class: RigidBody2D }, "held_item": "wood"}
[GdPAI | debug] ApplyEffect [After] ID=InstanceId(-9223371850728338041): agent props = {"hunger": 70.0627442063492, "entity": VariantGd { id: 124621163998, class: RigidBody2D }, "held_item": "wood"}
[GdPAI | debug]   Snapshotting prop: hunger = Float(70.0627442063492) (Variant type: FLOAT)
[GdPAI | debug]   Snapshotting prop: entity = ObjectRef(124621163998) (Variant type: OBJECT)
[GdPAI | debug]   Snapshotting prop: held_item = Str("wood") (Variant type: STRING)
[GdPAI | debug] ApplyEffect [Before] ID=InstanceId(-9223371849570710141): agent props = {"hunger": 70.0627442063492, "entity": VariantGd { id: 124621163998, class: RigidBody2D }, "held_item": ""}
[GdPAI | debug] ApplyEffect [After] ID=InstanceId(-9223371849570710141): agent props = {"entity": VariantGd { id: 124621163998, class: RigidBody2D }, "hunger": 70.0627442063492, "held_item": "wood"}
[GdPAI | debug]   Snapshotting prop: entity = ObjectRef(124621163998) (Variant type: OBJECT)
[GdPAI | debug]   Snapshotting prop: hunger = Float(70.0627442063492) (Variant type: FLOAT)
[GdPAI | debug]   Snapshotting prop: held_item = Str("wood") (Variant type: STRING)
[GdPAI | debug] ApplyEffect [Before] ID=InstanceId(-9223371848413082233): agent props = {"hunger": 70.0627442063492, "held_item": "wood", "entity": VariantGd { id: 124621163998, class: RigidBody2D }}
[GdPAI | debug] ApplyEffect [After] ID=InstanceId(-9223371848413082233): agent props = {"hunger": 70.0627442063492, "held_item": "wood", "entity": VariantGd { id: 124621163998, class: RigidBody2D }}
[GdPAI | debug]   Snapshotting prop: hunger = Float(70.0627442063492) (Variant type: FLOAT)
[GdPAI | debug]   Snapshotting prop: held_item = Str("wood") (Variant type: STRING)
[GdPAI | debug]   Snapshotting prop: entity = ObjectRef(124621163998) (Variant type: OBJECT)
[GdPAI | debug] ApplyEffect [Before] ID=InstanceId(-9223371847255454333): agent props = {"held_item": "", "entity": VariantGd { id: 124621163998, class: RigidBody2D }, "hunger": 70.0627442063492}
[GdPAI | debug] ApplyEffect [After] ID=InstanceId(-9223371847255454333): agent props = {"held_item": "potato", "entity": VariantGd { id: 124621163998, class: RigidBody2D }, "hunger": 70.0627442063492}
[GdPAI | debug]   Snapshotting prop: held_item = Str("potato") (Variant type: STRING)
[GdPAI | debug]   Snapshotting prop: entity = ObjectRef(124621163998) (Variant type: OBJECT)
[GdPAI | debug]   Snapshotting prop: hunger = Float(70.0627442063492) (Variant type: FLOAT)
[GdPAI | debug] ApplyEffect [Before] ID=InstanceId(-9223371846097826425): agent props = {"held_item": "potato", "entity": VariantGd { id: 124621163998, class: RigidBody2D }, "hunger": 70.0627442063492}
[GdPAI | debug] ApplyEffect [After] ID=InstanceId(-9223371846097826425): agent props = {"held_item": "potato", "entity": VariantGd { id: 124621163998, class: RigidBody2D }, "hunger": 70.0627442063492}
[GdPAI | debug]   Snapshotting prop: held_item = Str("potato") (Variant type: STRING)
[GdPAI | debug]   Snapshotting prop: entity = ObjectRef(124621163998) (Variant type: OBJECT)
[GdPAI | debug]   Snapshotting prop: hunger = Float(70.0627442063492) (Variant type: FLOAT)
[GdPAI | debug] ApplyEffect [Before] ID=InstanceId(-9223371844940198525): agent props = {"entity": VariantGd { id: 124621163998, class: RigidBody2D }, "hunger": 70.0627442063492, "held_item": ""}
[GdPAI | debug] ApplyEffect [After] ID=InstanceId(-9223371844940198525): agent props = {"entity": VariantGd { id: 124621163998, class: RigidBody2D }, "hunger": 70.0627442063492, "held_item": "potato"}
[GdPAI | debug]   Snapshotting prop: entity = ObjectRef(124621163998) (Variant type: OBJECT)
[GdPAI | debug]   Snapshotting prop: hunger = Float(70.0627442063492) (Variant type: FLOAT)
[GdPAI | debug]   Snapshotting prop: held_item = Str("potato") (Variant type: STRING)
[GdPAI | debug] ApplyEffect [Before] ID=InstanceId(-9223371843782570617): agent props = {"held_item": "potato", "hunger": 70.0627442063492, "entity": VariantGd { id: 124621163998, class: RigidBody2D }}
[GdPAI | debug] ApplyEffect [After] ID=InstanceId(-9223371843782570617): agent props = {"held_item": "potato", "hunger": 70.0627442063492, "entity": VariantGd { id: 124621163998, class: RigidBody2D }}
[GdPAI | debug]   Snapshotting prop: held_item = Str("potato") (Variant type: STRING)
[GdPAI | debug]   Snapshotting prop: hunger = Float(70.0627442063492) (Variant type: FLOAT)
[GdPAI | debug]   Snapshotting prop: entity = ObjectRef(124621163998) (Variant type: OBJECT)
[GdPAI | debug] ApplyEffect [Before] ID=InstanceId(-9223371842624942717): agent props = {"hunger": 70.0627442063492, "entity": VariantGd { id: 124621163998, class: RigidBody2D }, "held_item": ""}
[GdPAI | debug] ApplyEffect [After] ID=InstanceId(-9223371842624942717): agent props = {"held_item": "potato", "entity": VariantGd { id: 124621163998, class: RigidBody2D }, "hunger": 70.0627442063492}
[GdPAI | debug]   Snapshotting prop: held_item = Str("potato") (Variant type: STRING)
[GdPAI | debug]   Snapshotting prop: entity = ObjectRef(124621163998) (Variant type: OBJECT)
[GdPAI | debug]   Snapshotting prop: hunger = Float(70.0627442063492) (Variant type: FLOAT)
[GdPAI | debug] ApplyEffect [Before] ID=InstanceId(-9223371841467314809): agent props = {"hunger": 70.0627442063492, "held_item": "potato", "entity": VariantGd { id: 124621163998, class: RigidBody2D }}
[GdPAI | debug] ApplyEffect [After] ID=InstanceId(-9223371841467314809): agent props = {"hunger": 70.0627442063492, "held_item": "potato", "entity": VariantGd { id: 124621163998, class: RigidBody2D }}
[GdPAI | debug]   Snapshotting prop: hunger = Float(70.0627442063492) (Variant type: FLOAT)
[GdPAI | debug]   Snapshotting prop: held_item = Str("potato") (Variant type: STRING)
[GdPAI | debug]   Snapshotting prop: entity = ObjectRef(124621163998) (Variant type: OBJECT)
[GdPAI | debug] ApplyEffect [Before] ID=InstanceId(-9223371840309686909): agent props = {"held_item": "", "hunger": 70.0627442063492, "entity": VariantGd { id: 124621163998, class: RigidBody2D }}
[GdPAI | debug] ApplyEffect [After] ID=InstanceId(-9223371840309686909): agent props = {"held_item": "potato", "hunger": 70.0627442063492, "entity": VariantGd { id: 124621163998, class: RigidBody2D }}
[GdPAI | debug]   Snapshotting prop: held_item = Str("potato") (Variant type: STRING)
[GdPAI | debug]   Snapshotting prop: hunger = Float(70.0627442063492) (Variant type: FLOAT)
[GdPAI | debug]   Snapshotting prop: entity = ObjectRef(124621163998) (Variant type: OBJECT)
[GdPAI | debug] ApplyEffect [Before] ID=InstanceId(-9223371839152059001): agent props = {"entity": VariantGd { id: 124621163998, class: RigidBody2D }, "held_item": "potato", "hunger": 70.0627442063492}
[GdPAI | debug] ApplyEffect [After] ID=InstanceId(-9223371839152059001): agent props = {"entity": VariantGd { id: 124621163998, class: RigidBody2D }, "held_item": "potato", "hunger": 70.0627442063492}
[GdPAI | debug]   Snapshotting prop: entity = ObjectRef(124621163998) (Variant type: OBJECT)
[GdPAI | debug]   Snapshotting prop: held_item = Str("potato") (Variant type: STRING)
[GdPAI | debug]   Snapshotting prop: hunger = Float(70.0627442063492) (Variant type: FLOAT)
[GdPAI | debug] ApplyEffect [Before] ID=InstanceId(-9223371837994431101): agent props = {"entity": VariantGd { id: 124621163998, class: RigidBody2D }, "held_item": "", "hunger": 70.0627442063492}
[GdPAI | debug] ApplyEffect [After] ID=InstanceId(-9223371837994431101): agent props = {"entity": VariantGd { id: 124621163998, class: RigidBody2D }, "held_item": "potato", "hunger": 70.0627442063492}
[GdPAI | debug]   Snapshotting prop: entity = ObjectRef(124621163998) (Variant type: OBJECT)
[GdPAI | debug]   Snapshotting prop: held_item = Str("potato") (Variant type: STRING)
[GdPAI | debug]   Snapshotting prop: hunger = Float(70.0627442063492) (Variant type: FLOAT)
[GdPAI | debug] ApplyEffect [Before] ID=InstanceId(-9223371836836803193): agent props = {"hunger": 70.0627442063492, "held_item": "potato", "entity": VariantGd { id: 124621163998, class: RigidBody2D }}
[GdPAI | debug] ApplyEffect [After] ID=InstanceId(-9223371836836803193): agent props = {"hunger": 70.0627442063492, "held_item": "potato", "entity": VariantGd { id: 124621163998, class: RigidBody2D }}
[GdPAI | debug]   Snapshotting prop: hunger = Float(70.0627442063492) (Variant type: FLOAT)
[GdPAI | debug]   Snapshotting prop: held_item = Str("potato") (Variant type: STRING)
[GdPAI | debug]   Snapshotting prop: entity = ObjectRef(124621163998) (Variant type: OBJECT)
[GdPAI] A* Iteration: pop node with chain length 2
[GdPAI | debug] find_candidates: Checking 15 actions against 0 preconds and 1 requirements
[GdPAI | debug] Found candidate: Go To (satisfied preconds: [], requirements: [0])
[GdPAI | debug] Found candidate: Go To (satisfied preconds: [], requirements: [0])
[GdPAI | debug] ApplyEffect [Before] ID=InstanceId(-9223371821015888509): agent props = {"at_target": VariantGd { id: 125057371638, class: Node }, "entity": VariantGd { id: 124621163998, class: RigidBody2D }, "hunger": 70.0627442063492, "held_item": ""}
[GdPAI | debug] ApplyEffect [After] ID=InstanceId(-9223371821015888509): agent props = {"at_target": VariantGd { id: 125057371638, class: Node }, "entity": VariantGd { id: 124621163998, class: RigidBody2D }, "hunger": 70.0627442063492, "held_item": ""}
[GdPAI | debug]   Snapshotting prop: at_target = ObjectRef(125057371638) (Variant type: OBJECT)
[GdPAI | debug]   Snapshotting prop: entity = ObjectRef(124621163998) (Variant type: OBJECT)
[GdPAI | debug]   Snapshotting prop: hunger = Float(70.0627442063492) (Variant type: FLOAT)
[GdPAI | debug]   Snapshotting prop: held_item = Str("") (Variant type: STRING)
[GdPAI | debug] ApplyEffect [Before] ID=InstanceId(-9223371819858260601): agent props = {"hunger": 70.0627442063492, "held_item": "", "at_target": VariantGd { id: 125057371638, class: Node }, "entity": VariantGd { id: 124621163998, class: RigidBody2D }}
[GdPAI | debug] ApplyEffect [After] ID=InstanceId(-9223371819858260601): agent props = {"hunger": 70.0627442063492, "held_item": "potato", "at_target": VariantGd { id: 125057371638, class: Node }, "entity": VariantGd { id: 124621163998, class: RigidBody2D }}
[GdPAI | debug]   Snapshotting prop: hunger = Float(70.0627442063492) (Variant type: FLOAT)
[GdPAI | debug]   Snapshotting prop: held_item = Str("potato") (Variant type: STRING)
[GdPAI | debug]   Snapshotting prop: at_target = ObjectRef(125057371638) (Variant type: OBJECT)
[GdPAI | debug]   Snapshotting prop: entity = ObjectRef(124621163998) (Variant type: OBJECT)
[GdPAI | debug] ApplyEffect [Before] ID=InstanceId(-9223371818700632701): agent props = {"held_item": "potato", "entity": VariantGd { id: 124621163998, class: RigidBody2D }, "hunger": 70.0627442063492, "at_target": VariantGd { id: 125057371638, class: Node }}
[GdPAI | debug] ApplyEffect [After] ID=InstanceId(-9223371818700632701): agent props = {"held_item": "potato", "entity": VariantGd { id: 124621163998, class: RigidBody2D }, "hunger": 70.0627442063492, "at_target": VariantGd { id: 125057371638, class: Node }}
[GdPAI | debug]   Snapshotting prop: held_item = Str("potato") (Variant type: STRING)
[GdPAI | debug]   Snapshotting prop: entity = ObjectRef(124621163998) (Variant type: OBJECT)
[GdPAI | debug]   Snapshotting prop: hunger = Float(70.0627442063492) (Variant type: FLOAT)
[GdPAI | debug]   Snapshotting prop: at_target = ObjectRef(125057371638) (Variant type: OBJECT)
[GdPAI | debug] ApplyEffect [Before] ID=InstanceId(-9223371817543004793): agent props = {"held_item": "", "hunger": 70.0627442063492, "entity": VariantGd { id: 124621163998, class: RigidBody2D }, "at_target": VariantGd { id: 125057371638, class: Node }}
[GdPAI | debug] ApplyEffect [After] ID=InstanceId(-9223371817543004793): agent props = {"held_item": "", "hunger": 70.0627442063492, "entity": VariantGd { id: 124621163998, class: RigidBody2D }, "at_target": VariantGd { id: 125057371638, class: Node }}
[GdPAI | debug]   Snapshotting prop: held_item = Str("") (Variant type: STRING)
[GdPAI | debug]   Snapshotting prop: hunger = Float(70.0627442063492) (Variant type: FLOAT)
[GdPAI | debug]   Snapshotting prop: entity = ObjectRef(124621163998) (Variant type: OBJECT)
[GdPAI | debug]   Snapshotting prop: at_target = ObjectRef(125057371638) (Variant type: OBJECT)
[GdPAI | debug] ApplyEffect [Before] ID=InstanceId(-9223371816385376893): agent props = {"at_target": VariantGd { id: 125057371638, class: Node }, "hunger": 70.0627442063492, "held_item": "", "entity": VariantGd { id: 124621163998, class: RigidBody2D }}
[GdPAI | debug] ApplyEffect [After] ID=InstanceId(-9223371816385376893): agent props = {"at_target": VariantGd { id: 125057371638, class: Node }, "hunger": 70.0627442063492, "held_item": "potato", "entity": VariantGd { id: 124621163998, class: RigidBody2D }}
[GdPAI | debug]   Snapshotting prop: at_target = ObjectRef(125057371638) (Variant type: OBJECT)
[GdPAI | debug]   Snapshotting prop: hunger = Float(70.0627442063492) (Variant type: FLOAT)
[GdPAI | debug]   Snapshotting prop: held_item = Str("potato") (Variant type: STRING)
[GdPAI | debug]   Snapshotting prop: entity = ObjectRef(124621163998) (Variant type: OBJECT)
[GdPAI | debug] ApplyEffect [Before] ID=InstanceId(-9223371815227748985): agent props = {"held_item": "potato", "at_target": VariantGd { id: 125057371638, class: Node }, "hunger": 70.0627442063492, "entity": VariantGd { id: 124621163998, class: RigidBody2D }}
[GdPAI | debug] ApplyEffect [After] ID=InstanceId(-9223371815227748985): agent props = {"held_item": "potato", "at_target": VariantGd { id: 125057371638, class: Node }, "hunger": 70.0627442063492, "entity": VariantGd { id: 124621163998, class: RigidBody2D }}
[GdPAI | debug]   Snapshotting prop: held_item = Str("potato") (Variant type: STRING)
[GdPAI | debug]   Snapshotting prop: at_target = ObjectRef(125057371638) (Variant type: OBJECT)
[GdPAI | debug]   Snapshotting prop: hunger = Float(70.0627442063492) (Variant type: FLOAT)
[GdPAI | debug]   Snapshotting prop: entity = ObjectRef(124621163998) (Variant type: OBJECT)
[GdPAI] A* Iteration: pop node with chain length 2
[GdPAI | debug] find_candidates: Checking 15 actions against 0 preconds and 1 requirements
[GdPAI | debug] Found candidate: Go To (satisfied preconds: [], requirements: [0])
[GdPAI | debug] Found candidate: Go To (satisfied preconds: [], requirements: [0])
[GdPAI | debug] ApplyEffect [Before] ID=InstanceId(-9223371799390057081): agent props = {"held_item": "", "at_target": VariantGd { id: 125208366591, class: Node }, "entity": VariantGd { id: 124621163998, class: RigidBody2D }, "hunger": 70.0627442063492}
[GdPAI | debug] ApplyEffect [After] ID=InstanceId(-9223371799390057081): agent props = {"held_item": "", "at_target": VariantGd { id: 125208366591, class: Node }, "entity": VariantGd { id: 124621163998, class: RigidBody2D }, "hunger": 70.0627442063492}
[GdPAI | debug]   Snapshotting prop: held_item = Str("") (Variant type: STRING)
[GdPAI | debug]   Snapshotting prop: at_target = ObjectRef(125208366591) (Variant type: OBJECT)
[GdPAI | debug]   Snapshotting prop: entity = ObjectRef(124621163998) (Variant type: OBJECT)
[GdPAI | debug]   Snapshotting prop: hunger = Float(70.0627442063492) (Variant type: FLOAT)
[GdPAI | debug] ApplyEffect [Before] ID=InstanceId(-9223371798232429181): agent props = {"held_item": "", "hunger": 70.0627442063492, "at_target": VariantGd { id: 125208366591, class: Node }, "entity": VariantGd { id: 124621163998, class: RigidBody2D }}
[GdPAI | debug] ApplyEffect [After] ID=InstanceId(-9223371798232429181): agent props = {"held_item": "potato", "hunger": 70.0627442063492, "at_target": VariantGd { id: 125208366591, class: Node }, "entity": VariantGd { id: 124621163998, class: RigidBody2D }}
[GdPAI | debug]   Snapshotting prop: held_item = Str("potato") (Variant type: STRING)
[GdPAI | debug]   Snapshotting prop: hunger = Float(70.0627442063492) (Variant type: FLOAT)
[GdPAI | debug]   Snapshotting prop: at_target = ObjectRef(125208366591) (Variant type: OBJECT)
[GdPAI | debug]   Snapshotting prop: entity = ObjectRef(124621163998) (Variant type: OBJECT)
[GdPAI | debug] ApplyEffect [Before] ID=InstanceId(-9223371797074801273): agent props = {"at_target": VariantGd { id: 125208366591, class: Node }, "entity": VariantGd { id: 124621163998, class: RigidBody2D }, "hunger": 70.0627442063492, "held_item": "potato"}
[GdPAI | debug] ApplyEffect [After] ID=InstanceId(-9223371797074801273): agent props = {"at_target": VariantGd { id: 125208366591, class: Node }, "entity": VariantGd { id: 124621163998, class: RigidBody2D }, "hunger": 70.0627442063492, "held_item": "potato"}
[GdPAI | debug]   Snapshotting prop: at_target = ObjectRef(125208366591) (Variant type: OBJECT)
[GdPAI | debug]   Snapshotting prop: entity = ObjectRef(124621163998) (Variant type: OBJECT)
[GdPAI | debug]   Snapshotting prop: hunger = Float(70.0627442063492) (Variant type: FLOAT)
[GdPAI | debug]   Snapshotting prop: held_item = Str("potato") (Variant type: STRING)
[GdPAI | debug] ApplyEffect [Before] ID=InstanceId(-9223371795917173373): agent props = {"entity": VariantGd { id: 124621163998, class: RigidBody2D }, "at_target": VariantGd { id: 125208366591, class: Node }, "hunger": 70.0627442063492, "held_item": ""}
[GdPAI | debug] ApplyEffect [After] ID=InstanceId(-9223371795917173373): agent props = {"entity": VariantGd { id: 124621163998, class: RigidBody2D }, "at_target": VariantGd { id: 125208366591, class: Node }, "hunger": 70.0627442063492, "held_item": ""}
[GdPAI | debug]   Snapshotting prop: entity = ObjectRef(124621163998) (Variant type: OBJECT)
[GdPAI | debug]   Snapshotting prop: at_target = ObjectRef(125208366591) (Variant type: OBJECT)
[GdPAI | debug]   Snapshotting prop: hunger = Float(70.0627442063492) (Variant type: FLOAT)
[GdPAI | debug]   Snapshotting prop: held_item = Str("") (Variant type: STRING)
[GdPAI | debug] ApplyEffect [Before] ID=InstanceId(-9223371794759545465): agent props = {"hunger": 70.0627442063492, "held_item": "", "at_target": VariantGd { id: 125208366591, class: Node }, "entity": VariantGd { id: 124621163998, class: RigidBody2D }}
[GdPAI | debug] ApplyEffect [After] ID=InstanceId(-9223371794759545465): agent props = {"hunger": 70.0627442063492, "held_item": "potato", "at_target": VariantGd { id: 125208366591, class: Node }, "entity": VariantGd { id: 124621163998, class: RigidBody2D }}
[GdPAI | debug]   Snapshotting prop: hunger = Float(70.0627442063492) (Variant type: FLOAT)
[GdPAI | debug]   Snapshotting prop: held_item = Str("potato") (Variant type: STRING)
[GdPAI | debug]   Snapshotting prop: at_target = ObjectRef(125208366591) (Variant type: OBJECT)
[GdPAI | debug]   Snapshotting prop: entity = ObjectRef(124621163998) (Variant type: OBJECT)
[GdPAI | debug] ApplyEffect [Before] ID=InstanceId(-9223371793601917565): agent props = {"held_item": "potato", "hunger": 70.0627442063492, "entity": VariantGd { id: 124621163998, class: RigidBody2D }, "at_target": VariantGd { id: 125208366591, class: Node }}
[GdPAI | debug] ApplyEffect [After] ID=InstanceId(-9223371793601917565): agent props = {"held_item": "potato", "hunger": 70.0627442063492, "entity": VariantGd { id: 124621163998, class: RigidBody2D }, "at_target": VariantGd { id: 125208366591, class: Node }}
[GdPAI | debug]   Snapshotting prop: held_item = Str("potato") (Variant type: STRING)
[GdPAI | debug]   Snapshotting prop: hunger = Float(70.0627442063492) (Variant type: FLOAT)
[GdPAI | debug]   Snapshotting prop: entity = ObjectRef(124621163998) (Variant type: OBJECT)
[GdPAI | debug]   Snapshotting prop: at_target = ObjectRef(125208366591) (Variant type: OBJECT)
[GdPAI] A* Iteration: pop node with chain length 2
[GdPAI | debug] find_candidates: Checking 15 actions against 0 preconds and 1 requirements
[GdPAI | debug] Found candidate: Go To (satisfied preconds: [], requirements: [0])
[GdPAI | debug] Found candidate: Go To (satisfied preconds: [], requirements: [0])
[GdPAI | debug] ApplyEffect [Before] ID=InstanceId(-9223371777764225661): agent props = {"held_item": "", "hunger": 70.0627442063492, "entity": VariantGd { id: 124621163998, class: RigidBody2D }, "at_target": VariantGd { id: 125359361544, class: Node }}
[GdPAI | debug] ApplyEffect [After] ID=InstanceId(-9223371777764225661): agent props = {"held_item": "", "hunger": 70.0627442063492, "entity": VariantGd { id: 124621163998, class: RigidBody2D }, "at_target": VariantGd { id: 125359361544, class: Node }}
[GdPAI | debug]   Snapshotting prop: held_item = Str("") (Variant type: STRING)
[GdPAI | debug]   Snapshotting prop: hunger = Float(70.0627442063492) (Variant type: FLOAT)
[GdPAI | debug]   Snapshotting prop: entity = ObjectRef(124621163998) (Variant type: OBJECT)
[GdPAI | debug]   Snapshotting prop: at_target = ObjectRef(125359361544) (Variant type: OBJECT)
[GdPAI | debug] ApplyEffect [Before] ID=InstanceId(-9223371776606597753): agent props = {"hunger": 70.0627442063492, "entity": VariantGd { id: 124621163998, class: RigidBody2D }, "at_target": VariantGd { id: 125359361544, class: Node }, "held_item": ""}
[GdPAI | debug] ApplyEffect [After] ID=InstanceId(-9223371776606597753): agent props = {"hunger": 70.0627442063492, "entity": VariantGd { id: 124621163998, class: RigidBody2D }, "at_target": VariantGd { id: 125359361544, class: Node }, "held_item": "potato"}
[GdPAI | debug]   Snapshotting prop: hunger = Float(70.0627442063492) (Variant type: FLOAT)
[GdPAI | debug]   Snapshotting prop: entity = ObjectRef(124621163998) (Variant type: OBJECT)
[GdPAI | debug]   Snapshotting prop: at_target = ObjectRef(125359361544) (Variant type: OBJECT)
[GdPAI | debug]   Snapshotting prop: held_item = Str("potato") (Variant type: STRING)
[GdPAI | debug] ApplyEffect [Before] ID=InstanceId(-9223371775448969853): agent props = {"at_target": VariantGd { id: 125359361544, class: Node }, "held_item": "potato", "entity": VariantGd { id: 124621163998, class: RigidBody2D }, "hunger": 70.0627442063492}
[GdPAI | debug] ApplyEffect [After] ID=InstanceId(-9223371775448969853): agent props = {"at_target": VariantGd { id: 125359361544, class: Node }, "held_item": "potato", "entity": VariantGd { id: 124621163998, class: RigidBody2D }, "hunger": 70.0627442063492}
[GdPAI | debug]   Snapshotting prop: at_target = ObjectRef(125359361544) (Variant type: OBJECT)
[GdPAI | debug]   Snapshotting prop: held_item = Str("potato") (Variant type: STRING)
[GdPAI | debug]   Snapshotting prop: entity = ObjectRef(124621163998) (Variant type: OBJECT)
[GdPAI | debug]   Snapshotting prop: hunger = Float(70.0627442063492) (Variant type: FLOAT)
[GdPAI | debug] ApplyEffect [Before] ID=InstanceId(-9223371774291341945): agent props = {"hunger": 70.0627442063492, "at_target": VariantGd { id: 125359361544, class: Node }, "held_item": "", "entity": VariantGd { id: 124621163998, class: RigidBody2D }}
[GdPAI | debug] ApplyEffect [After] ID=InstanceId(-9223371774291341945): agent props = {"hunger": 70.0627442063492, "at_target": VariantGd { id: 125359361544, class: Node }, "held_item": "", "entity": VariantGd { id: 124621163998, class: RigidBody2D }}
[GdPAI | debug]   Snapshotting prop: hunger = Float(70.0627442063492) (Variant type: FLOAT)
[GdPAI | debug]   Snapshotting prop: at_target = ObjectRef(125359361544) (Variant type: OBJECT)
[GdPAI | debug]   Snapshotting prop: held_item = Str("") (Variant type: STRING)
[GdPAI | debug]   Snapshotting prop: entity = ObjectRef(124621163998) (Variant type: OBJECT)
[GdPAI | debug] ApplyEffect [Before] ID=InstanceId(-9223371773133714045): agent props = {"at_target": VariantGd { id: 125359361544, class: Node }, "held_item": "", "hunger": 70.0627442063492, "entity": VariantGd { id: 124621163998, class: RigidBody2D }}
[GdPAI | debug] ApplyEffect [After] ID=InstanceId(-9223371773133714045): agent props = {"at_target": VariantGd { id: 125359361544, class: Node }, "held_item": "potato", "hunger": 70.0627442063492, "entity": VariantGd { id: 124621163998, class: RigidBody2D }}
[GdPAI | debug]   Snapshotting prop: at_target = ObjectRef(125359361544) (Variant type: OBJECT)
[GdPAI | debug]   Snapshotting prop: held_item = Str("potato") (Variant type: STRING)
[GdPAI | debug]   Snapshotting prop: hunger = Float(70.0627442063492) (Variant type: FLOAT)
[GdPAI | debug]   Snapshotting prop: entity = ObjectRef(124621163998) (Variant type: OBJECT)
[GdPAI | debug] ApplyEffect [Before] ID=InstanceId(-9223371771976086137): agent props = {"held_item": "potato", "entity": VariantGd { id: 124621163998, class: RigidBody2D }, "at_target": VariantGd { id: 125359361544, class: Node }, "hunger": 70.0627442063492}
[GdPAI | debug] ApplyEffect [After] ID=InstanceId(-9223371771976086137): agent props = {"held_item": "potato", "entity": VariantGd { id: 124621163998, class: RigidBody2D }, "at_target": VariantGd { id: 125359361544, class: Node }, "hunger": 70.0627442063492}
[GdPAI | debug]   Snapshotting prop: held_item = Str("potato") (Variant type: STRING)
[GdPAI | debug]   Snapshotting prop: entity = ObjectRef(124621163998) (Variant type: OBJECT)
[GdPAI | debug]   Snapshotting prop: at_target = ObjectRef(125359361544) (Variant type: OBJECT)
[GdPAI | debug]   Snapshotting prop: hunger = Float(70.0627442063492) (Variant type: FLOAT)
[GdPAI] A* Iteration: pop node with chain length 2
[GdPAI | debug] find_candidates: Checking 15 actions against 0 preconds and 1 requirements
[GdPAI | debug] Found candidate: Go To (satisfied preconds: [], requirements: [0])
[GdPAI | debug] Found candidate: Go To (satisfied preconds: [], requirements: [0])
[GdPAI | debug] ApplyEffect [Before] ID=InstanceId(-9223371756138394233): agent props = {"hunger": 70.0627442063492, "held_item": "", "at_target": VariantGd { id: 125661351450, class: Node }, "entity": VariantGd { id: 124621163998, class: RigidBody2D }}
[GdPAI | debug] ApplyEffect [After] ID=InstanceId(-9223371756138394233): agent props = {"hunger": 70.0627442063492, "held_item": "", "at_target": VariantGd { id: 125661351450, class: Node }, "entity": VariantGd { id: 124621163998, class: RigidBody2D }}
[GdPAI | debug]   Snapshotting prop: hunger = Float(70.0627442063492) (Variant type: FLOAT)
[GdPAI | debug]   Snapshotting prop: held_item = Str("") (Variant type: STRING)
[GdPAI | debug]   Snapshotting prop: at_target = ObjectRef(125661351450) (Variant type: OBJECT)
[GdPAI | debug]   Snapshotting prop: entity = ObjectRef(124621163998) (Variant type: OBJECT)
[GdPAI | debug] ApplyEffect [Before] ID=InstanceId(-9223371754980766333): agent props = {"at_target": VariantGd { id: 125661351450, class: Node }, "hunger": 70.0627442063492, "entity": VariantGd { id: 124621163998, class: RigidBody2D }, "held_item": ""}
[GdPAI | debug] ApplyEffect [After] ID=InstanceId(-9223371754980766333): agent props = {"at_target": VariantGd { id: 125661351450, class: Node }, "hunger": 70.0627442063492, "entity": VariantGd { id: 124621163998, class: RigidBody2D }, "held_item": "potato"}
[GdPAI | debug]   Snapshotting prop: at_target = ObjectRef(125661351450) (Variant type: OBJECT)
[GdPAI | debug]   Snapshotting prop: hunger = Float(70.0627442063492) (Variant type: FLOAT)
[GdPAI | debug]   Snapshotting prop: entity = ObjectRef(124621163998) (Variant type: OBJECT)
[GdPAI | debug]   Snapshotting prop: held_item = Str("potato") (Variant type: STRING)
[GdPAI | debug] ApplyEffect [Before] ID=InstanceId(-9223371753823138425): agent props = {"held_item": "potato", "at_target": VariantGd { id: 125661351450, class: Node }, "hunger": 70.0627442063492, "entity": VariantGd { id: 124621163998, class: RigidBody2D }}
[GdPAI | debug] ApplyEffect [After] ID=InstanceId(-9223371753823138425): agent props = {"held_item": "potato", "at_target": VariantGd { id: 125661351450, class: Node }, "hunger": 70.0627442063492, "entity": VariantGd { id: 124621163998, class: RigidBody2D }}
[GdPAI | debug]   Snapshotting prop: held_item = Str("potato") (Variant type: STRING)
[GdPAI | debug]   Snapshotting prop: at_target = ObjectRef(125661351450) (Variant type: OBJECT)
[GdPAI | debug]   Snapshotting prop: hunger = Float(70.0627442063492) (Variant type: FLOAT)
[GdPAI | debug]   Snapshotting prop: entity = ObjectRef(124621163998) (Variant type: OBJECT)
[GdPAI | debug] ApplyEffect [Before] ID=InstanceId(-9223371752665510525): agent props = {"hunger": 70.0627442063492, "at_target": VariantGd { id: 125661351450, class: Node }, "held_item": "", "entity": VariantGd { id: 124621163998, class: RigidBody2D }}
[GdPAI | debug] ApplyEffect [After] ID=InstanceId(-9223371752665510525): agent props = {"hunger": 70.0627442063492, "at_target": VariantGd { id: 125661351450, class: Node }, "held_item": "", "entity": VariantGd { id: 124621163998, class: RigidBody2D }}
[GdPAI | debug]   Snapshotting prop: hunger = Float(70.0627442063492) (Variant type: FLOAT)
[GdPAI | debug]   Snapshotting prop: at_target = ObjectRef(125661351450) (Variant type: OBJECT)
[GdPAI | debug]   Snapshotting prop: held_item = Str("") (Variant type: STRING)
[GdPAI | debug]   Snapshotting prop: entity = ObjectRef(124621163998) (Variant type: OBJECT)
[GdPAI | debug] ApplyEffect [Before] ID=InstanceId(-9223371751507882617): agent props = {"entity": VariantGd { id: 124621163998, class: RigidBody2D }, "held_item": "", "hunger": 70.0627442063492, "at_target": VariantGd { id: 125661351450, class: Node }}
[GdPAI | debug] ApplyEffect [After] ID=InstanceId(-9223371751507882617): agent props = {"entity": VariantGd { id: 124621163998, class: RigidBody2D }, "held_item": "potato", "hunger": 70.0627442063492, "at_target": VariantGd { id: 125661351450, class: Node }}
[GdPAI | debug]   Snapshotting prop: entity = ObjectRef(124621163998) (Variant type: OBJECT)
[GdPAI | debug]   Snapshotting prop: held_item = Str("potato") (Variant type: STRING)
[GdPAI | debug]   Snapshotting prop: hunger = Float(70.0627442063492) (Variant type: FLOAT)
[GdPAI | debug]   Snapshotting prop: at_target = ObjectRef(125661351450) (Variant type: OBJECT)
[GdPAI | debug] ApplyEffect [Before] ID=InstanceId(-9223371750350254717): agent props = {"entity": VariantGd { id: 124621163998, class: RigidBody2D }, "held_item": "potato", "at_target": VariantGd { id: 125661351450, class: Node }, "hunger": 70.0627442063492}
[GdPAI | debug] ApplyEffect [After] ID=InstanceId(-9223371750350254717): agent props = {"entity": VariantGd { id: 124621163998, class: RigidBody2D }, "held_item": "potato", "at_target": VariantGd { id: 125661351450, class: Node }, "hunger": 70.0627442063492}
[GdPAI | debug]   Snapshotting prop: entity = ObjectRef(124621163998) (Variant type: OBJECT)
[GdPAI | debug]   Snapshotting prop: held_item = Str("potato") (Variant type: STRING)
[GdPAI | debug]   Snapshotting prop: at_target = ObjectRef(125661351450) (Variant type: OBJECT)
[GdPAI | debug]   Snapshotting prop: hunger = Float(70.0627442063492) (Variant type: FLOAT)
[GdPAI] A* Iteration: pop node with chain length 2
[GdPAI | debug] find_candidates: Checking 15 actions against 0 preconds and 1 requirements
[GdPAI | debug] Found candidate: Go To (satisfied preconds: [], requirements: [0])
[GdPAI | debug] Found candidate: Go To (satisfied preconds: [], requirements: [0])
[GdPAI | debug] ApplyEffect [Before] ID=InstanceId(-9223371734512562813): agent props = {"at_target": VariantGd { id: 125510356497, class: Node }, "hunger": 70.0627442063492, "held_item": "", "entity": VariantGd { id: 124621163998, class: RigidBody2D }}
[GdPAI | debug] ApplyEffect [After] ID=InstanceId(-9223371734512562813): agent props = {"at_target": VariantGd { id: 125510356497, class: Node }, "hunger": 70.0627442063492, "held_item": "", "entity": VariantGd { id: 124621163998, class: RigidBody2D }}
[GdPAI | debug]   Snapshotting prop: at_target = ObjectRef(125510356497) (Variant type: OBJECT)
[GdPAI | debug]   Snapshotting prop: hunger = Float(70.0627442063492) (Variant type: FLOAT)
[GdPAI | debug]   Snapshotting prop: held_item = Str("") (Variant type: STRING)
[GdPAI | debug]   Snapshotting prop: entity = ObjectRef(124621163998) (Variant type: OBJECT)
[GdPAI | debug] ApplyEffect [Before] ID=InstanceId(-9223371733354934905): agent props = {"at_target": VariantGd { id: 125510356497, class: Node }, "entity": VariantGd { id: 124621163998, class: RigidBody2D }, "hunger": 70.0627442063492, "held_item": ""}
[GdPAI | debug] ApplyEffect [After] ID=InstanceId(-9223371733354934905): agent props = {"at_target": VariantGd { id: 125510356497, class: Node }, "entity": VariantGd { id: 124621163998, class: RigidBody2D }, "hunger": 70.0627442063492, "held_item": "potato"}
[GdPAI | debug]   Snapshotting prop: at_target = ObjectRef(125510356497) (Variant type: OBJECT)
[GdPAI | debug]   Snapshotting prop: entity = ObjectRef(124621163998) (Variant type: OBJECT)
[GdPAI | debug]   Snapshotting prop: hunger = Float(70.0627442063492) (Variant type: FLOAT)
[GdPAI | debug]   Snapshotting prop: held_item = Str("potato") (Variant type: STRING)
[GdPAI | debug] ApplyEffect [Before] ID=InstanceId(-9223371732197307005): agent props = {"hunger": 70.0627442063492, "at_target": VariantGd { id: 125510356497, class: Node }, "entity": VariantGd { id: 124621163998, class: RigidBody2D }, "held_item": "potato"}
[GdPAI | debug] ApplyEffect [After] ID=InstanceId(-9223371732197307005): agent props = {"hunger": 70.0627442063492, "at_target": VariantGd { id: 125510356497, class: Node }, "entity": VariantGd { id: 124621163998, class: RigidBody2D }, "held_item": "potato"}
[GdPAI | debug]   Snapshotting prop: hunger = Float(70.0627442063492) (Variant type: FLOAT)
[GdPAI | debug]   Snapshotting prop: at_target = ObjectRef(125510356497) (Variant type: OBJECT)
[GdPAI | debug]   Snapshotting prop: entity = ObjectRef(124621163998) (Variant type: OBJECT)
[GdPAI | debug]   Snapshotting prop: held_item = Str("potato") (Variant type: STRING)
[GdPAI | debug] ApplyEffect [Before] ID=InstanceId(-9223371731039679097): agent props = {"held_item": "", "hunger": 70.0627442063492, "entity": VariantGd { id: 124621163998, class: RigidBody2D }, "at_target": VariantGd { id: 125510356497, class: Node }}
[GdPAI | debug] ApplyEffect [After] ID=InstanceId(-9223371731039679097): agent props = {"held_item": "", "hunger": 70.0627442063492, "entity": VariantGd { id: 124621163998, class: RigidBody2D }, "at_target": VariantGd { id: 125510356497, class: Node }}
[GdPAI | debug]   Snapshotting prop: held_item = Str("") (Variant type: STRING)
[GdPAI | debug]   Snapshotting prop: hunger = Float(70.0627442063492) (Variant type: FLOAT)
[GdPAI | debug]   Snapshotting prop: entity = ObjectRef(124621163998) (Variant type: OBJECT)
[GdPAI | debug]   Snapshotting prop: at_target = ObjectRef(125510356497) (Variant type: OBJECT)
[GdPAI | debug] ApplyEffect [Before] ID=InstanceId(-9223371729882051197): agent props = {"hunger": 70.0627442063492, "at_target": VariantGd { id: 125510356497, class: Node }, "held_item": "", "entity": VariantGd { id: 124621163998, class: RigidBody2D }}
[GdPAI | debug] ApplyEffect [After] ID=InstanceId(-9223371729882051197): agent props = {"hunger": 70.0627442063492, "at_target": VariantGd { id: 125510356497, class: Node }, "held_item": "potato", "entity": VariantGd { id: 124621163998, class: RigidBody2D }}
[GdPAI | debug]   Snapshotting prop: hunger = Float(70.0627442063492) (Variant type: FLOAT)
[GdPAI | debug]   Snapshotting prop: at_target = ObjectRef(125510356497) (Variant type: OBJECT)
[GdPAI | debug]   Snapshotting prop: held_item = Str("potato") (Variant type: STRING)
[GdPAI | debug]   Snapshotting prop: entity = ObjectRef(124621163998) (Variant type: OBJECT)
[GdPAI | debug] ApplyEffect [Before] ID=InstanceId(-9223371728724423289): agent props = {"held_item": "potato", "hunger": 70.0627442063492, "entity": VariantGd { id: 124621163998, class: RigidBody2D }, "at_target": VariantGd { id: 125510356497, class: Node }}
[GdPAI | debug] ApplyEffect [After] ID=InstanceId(-9223371728724423289): agent props = {"held_item": "potato", "hunger": 70.0627442063492, "entity": VariantGd { id: 124621163998, class: RigidBody2D }, "at_target": VariantGd { id: 125510356497, class: Node }}
[GdPAI | debug]   Snapshotting prop: held_item = Str("potato") (Variant type: STRING)
[GdPAI | debug]   Snapshotting prop: hunger = Float(70.0627442063492) (Variant type: FLOAT)
[GdPAI | debug]   Snapshotting prop: entity = ObjectRef(124621163998) (Variant type: OBJECT)
[GdPAI | debug]   Snapshotting prop: at_target = ObjectRef(125510356497) (Variant type: OBJECT)
[GdPAI] A* Iteration: pop node with chain length 2
[GdPAI | debug] find_candidates: Checking 15 actions against 0 preconds and 2 requirements
[GdPAI | debug] Found candidate: Go To (satisfied preconds: [], requirements: [1])
[GdPAI | debug] Found candidate: Go To (satisfied preconds: [], requirements: [1])
[GdPAI | debug] Found candidate: Cook Potato (satisfied preconds: [], requirements: [0])
[GdPAI | debug] Found candidate: Dig Potato (satisfied preconds: [], requirements: [0])
[GdPAI | debug] Found candidate: Dig Potato (satisfied preconds: [], requirements: [0])
[GdPAI | debug] Found candidate: Dig Potato (satisfied preconds: [], requirements: [0])
[GdPAI | debug] Found candidate: Dig Potato (satisfied preconds: [], requirements: [0])
[GdPAI | debug] Found candidate: Dig Potato (satisfied preconds: [], requirements: [0])
[GdPAI | debug] ApplyEffect [Before] ID=InstanceId(-9223371712886731385): agent props = {"at_target": VariantGd { id: 124134624705, class: Node }, "held_item": "", "entity": VariantGd { id: 124621163998, class: RigidBody2D }, "hunger": 70.0627442063492}
[GdPAI | debug] ApplyEffect [After] ID=InstanceId(-9223371712886731385): agent props = {"at_target": VariantGd { id: 124134624705, class: Node }, "held_item": "", "entity": VariantGd { id: 124621163998, class: RigidBody2D }, "hunger": 70.0627442063492}
[GdPAI | debug]   Snapshotting prop: at_target = ObjectRef(124134624705) (Variant type: OBJECT)
[GdPAI | debug]   Snapshotting prop: held_item = Str("") (Variant type: STRING)
[GdPAI | debug]   Snapshotting prop: entity = ObjectRef(124621163998) (Variant type: OBJECT)
[GdPAI | debug]   Snapshotting prop: hunger = Float(70.0627442063492) (Variant type: FLOAT)
[GdPAI | debug] ApplyEffect [Before] ID=InstanceId(-9223371711729103485): agent props = {"hunger": 70.0627442063492, "held_item": "", "at_target": VariantGd { id: 124134624705, class: Node }, "entity": VariantGd { id: 124621163998, class: RigidBody2D }}
[GdPAI | debug] ApplyEffect [After] ID=InstanceId(-9223371711729103485): agent props = {"hunger": 70.0627442063492, "held_item": "wood", "at_target": VariantGd { id: 124134624705, class: Node }, "entity": VariantGd { id: 124621163998, class: RigidBody2D }}
[GdPAI | debug]   Snapshotting prop: hunger = Float(70.0627442063492) (Variant type: FLOAT)
[GdPAI | debug]   Snapshotting prop: held_item = Str("wood") (Variant type: STRING)
[GdPAI | debug]   Snapshotting prop: at_target = ObjectRef(124134624705) (Variant type: OBJECT)
[GdPAI | debug]   Snapshotting prop: entity = ObjectRef(124621163998) (Variant type: OBJECT)
[GdPAI | debug] ApplyEffect [Before] ID=InstanceId(-9223371710571475577): agent props = {"entity": VariantGd { id: 124621163998, class: RigidBody2D }, "at_target": VariantGd { id: 124134624705, class: Node }, "hunger": 70.0627442063492, "held_item": "wood"}
[GdPAI | debug] ApplyEffect [After] ID=InstanceId(-9223371710571475577): agent props = {"entity": VariantGd { id: 124621163998, class: RigidBody2D }, "at_target": VariantGd { id: 124134624705, class: Node }, "hunger": 70.0627442063492, "held_item": "wood"}
[GdPAI | debug]   Snapshotting prop: entity = ObjectRef(124621163998) (Variant type: OBJECT)
[GdPAI | debug]   Snapshotting prop: at_target = ObjectRef(124134624705) (Variant type: OBJECT)
[GdPAI | debug]   Snapshotting prop: hunger = Float(70.0627442063492) (Variant type: FLOAT)
[GdPAI | debug]   Snapshotting prop: held_item = Str("wood") (Variant type: STRING)
[GdPAI | debug] ApplyEffect [Before] ID=InstanceId(-9223371709413847677): agent props = {"held_item": "", "hunger": 70.0627442063492, "at_target": VariantGd { id: 124134624705, class: Node }, "entity": VariantGd { id: 124621163998, class: RigidBody2D }}
[GdPAI | debug] ApplyEffect [After] ID=InstanceId(-9223371709413847677): agent props = {"held_item": "", "hunger": 70.0627442063492, "at_target": VariantGd { id: 124134624705, class: Node }, "entity": VariantGd { id: 124621163998, class: RigidBody2D }}
[GdPAI | debug]   Snapshotting prop: held_item = Str("") (Variant type: STRING)
[GdPAI | debug]   Snapshotting prop: hunger = Float(70.0627442063492) (Variant type: FLOAT)
[GdPAI | debug]   Snapshotting prop: at_target = ObjectRef(124134624705) (Variant type: OBJECT)
[GdPAI | debug]   Snapshotting prop: entity = ObjectRef(124621163998) (Variant type: OBJECT)
[GdPAI | debug] ApplyEffect [Before] ID=InstanceId(-9223371708256219769): agent props = {"at_target": VariantGd { id: 124134624705, class: Node }, "held_item": "", "hunger": 70.0627442063492, "entity": VariantGd { id: 124621163998, class: RigidBody2D }}
[GdPAI | debug] ApplyEffect [After] ID=InstanceId(-9223371708256219769): agent props = {"at_target": VariantGd { id: 124134624705, class: Node }, "held_item": "wood", "hunger": 70.0627442063492, "entity": VariantGd { id: 124621163998, class: RigidBody2D }}
[GdPAI | debug]   Snapshotting prop: at_target = ObjectRef(124134624705) (Variant type: OBJECT)
[GdPAI | debug]   Snapshotting prop: held_item = Str("wood") (Variant type: STRING)
[GdPAI | debug]   Snapshotting prop: hunger = Float(70.0627442063492) (Variant type: FLOAT)
[GdPAI | debug]   Snapshotting prop: entity = ObjectRef(124621163998) (Variant type: OBJECT)
[GdPAI | debug] ApplyEffect [Before] ID=InstanceId(-9223371707098591869): agent props = {"held_item": "wood", "hunger": 70.0627442063492, "entity": VariantGd { id: 124621163998, class: RigidBody2D }, "at_target": VariantGd { id: 124134624705, class: Node }}
[GdPAI | debug] ApplyEffect [After] ID=InstanceId(-9223371707098591869): agent props = {"held_item": "wood", "hunger": 70.0627442063492, "entity": VariantGd { id: 124621163998, class: RigidBody2D }, "at_target": VariantGd { id: 124134624705, class: Node }}
[GdPAI | debug]   Snapshotting prop: held_item = Str("wood") (Variant type: STRING)
[GdPAI | debug]   Snapshotting prop: hunger = Float(70.0627442063492) (Variant type: FLOAT)
[GdPAI | debug]   Snapshotting prop: entity = ObjectRef(124621163998) (Variant type: OBJECT)
[GdPAI | debug]   Snapshotting prop: at_target = ObjectRef(124134624705) (Variant type: OBJECT)
[GdPAI | debug] ApplyEffect [Before] ID=InstanceId(-9223371705940963961): agent props = {"hunger": 70.0627442063492, "entity": VariantGd { id: 124621163998, class: RigidBody2D }, "held_item": "potato"}
[GdPAI | debug] ApplyEffect [After] ID=InstanceId(-9223371705940963961): agent props = {"hunger": 70.0627442063492, "entity": VariantGd { id: 124621163998, class: RigidBody2D }, "held_item": "cooked_potato"}
[GdPAI | debug]   Snapshotting prop: hunger = Float(70.0627442063492) (Variant type: FLOAT)
[GdPAI | debug]   Snapshotting prop: entity = ObjectRef(124621163998) (Variant type: OBJECT)
[GdPAI | debug]   Snapshotting prop: held_item = Str("cooked_potato") (Variant type: STRING)
[GdPAI | debug] ApplyEffect [Before] ID=InstanceId(-9223371704783336061): agent props = {"held_item": "cooked_potato", "entity": VariantGd { id: 124621163998, class: RigidBody2D }, "hunger": 70.0627442063492}
[GdPAI | debug] ApplyEffect [After] ID=InstanceId(-9223371704783336061): agent props = {"entity": VariantGd { id: 124621163998, class: RigidBody2D }, "held_item": "wood", "hunger": 70.0627442063492}
[GdPAI | debug]   Snapshotting prop: entity = ObjectRef(124621163998) (Variant type: OBJECT)
[GdPAI | debug]   Snapshotting prop: held_item = Str("wood") (Variant type: STRING)
[GdPAI | debug]   Snapshotting prop: hunger = Float(70.0627442063492) (Variant type: FLOAT)
[GdPAI | debug] ApplyEffect [Before] ID=InstanceId(-9223371703625708153): agent props = {"hunger": 70.0627442063492, "entity": VariantGd { id: 124621163998, class: RigidBody2D }, "held_item": "wood"}
[GdPAI | debug] ApplyEffect [After] ID=InstanceId(-9223371703625708153): agent props = {"hunger": 70.0627442063492, "entity": VariantGd { id: 124621163998, class: RigidBody2D }, "held_item": "wood"}
[GdPAI | debug]   Snapshotting prop: hunger = Float(70.0627442063492) (Variant type: FLOAT)
[GdPAI | debug]   Snapshotting prop: entity = ObjectRef(124621163998) (Variant type: OBJECT)
[GdPAI | debug]   Snapshotting prop: held_item = Str("wood") (Variant type: STRING)
[GdPAI | debug] ApplyEffect [Before] ID=InstanceId(-9223371702468080253): agent props = {"hunger": 70.0627442063492, "held_item": "", "entity": VariantGd { id: 124621163998, class: RigidBody2D }}
[GdPAI | debug] ApplyEffect [After] ID=InstanceId(-9223371702468080253): agent props = {"entity": VariantGd { id: 124621163998, class: RigidBody2D }, "hunger": 70.0627442063492, "held_item": "potato"}
[GdPAI | debug]   Snapshotting prop: entity = ObjectRef(124621163998) (Variant type: OBJECT)
[GdPAI | debug]   Snapshotting prop: hunger = Float(70.0627442063492) (Variant type: FLOAT)
[GdPAI | debug]   Snapshotting prop: held_item = Str("potato") (Variant type: STRING)
[GdPAI | debug] ApplyEffect [Before] ID=InstanceId(-9223371701310452345): agent props = {"held_item": "potato", "entity": VariantGd { id: 124621163998, class: RigidBody2D }, "hunger": 70.0627442063492}
[GdPAI | debug] ApplyEffect [After] ID=InstanceId(-9223371701310452345): agent props = {"hunger": 70.0627442063492, "entity": VariantGd { id: 124621163998, class: RigidBody2D }, "held_item": "wood"}
[GdPAI | debug]   Snapshotting prop: hunger = Float(70.0627442063492) (Variant type: FLOAT)
[GdPAI | debug]   Snapshotting prop: entity = ObjectRef(124621163998) (Variant type: OBJECT)
[GdPAI | debug]   Snapshotting prop: held_item = Str("wood") (Variant type: STRING)
[GdPAI | debug] ApplyEffect [Before] ID=InstanceId(-9223371700152824445): agent props = {"entity": VariantGd { id: 124621163998, class: RigidBody2D }, "hunger": 70.0627442063492, "held_item": "wood"}
[GdPAI | debug] ApplyEffect [After] ID=InstanceId(-9223371700152824445): agent props = {"entity": VariantGd { id: 124621163998, class: RigidBody2D }, "hunger": 70.0627442063492, "held_item": "wood"}
[GdPAI | debug]   Snapshotting prop: entity = ObjectRef(124621163998) (Variant type: OBJECT)
[GdPAI | debug]   Snapshotting prop: hunger = Float(70.0627442063492) (Variant type: FLOAT)
[GdPAI | debug]   Snapshotting prop: held_item = Str("wood") (Variant type: STRING)
[GdPAI | debug] ApplyEffect [Before] ID=InstanceId(-9223371698995196537): agent props = {"hunger": 70.0627442063492, "entity": VariantGd { id: 124621163998, class: RigidBody2D }, "held_item": ""}
[GdPAI | debug] ApplyEffect [After] ID=InstanceId(-9223371698995196537): agent props = {"held_item": "potato", "entity": VariantGd { id: 124621163998, class: RigidBody2D }, "hunger": 70.0627442063492}
[GdPAI | debug]   Snapshotting prop: held_item = Str("potato") (Variant type: STRING)
[GdPAI | debug]   Snapshotting prop: entity = ObjectRef(124621163998) (Variant type: OBJECT)
[GdPAI | debug]   Snapshotting prop: hunger = Float(70.0627442063492) (Variant type: FLOAT)
[GdPAI | debug] ApplyEffect [Before] ID=InstanceId(-9223371697837568637): agent props = {"entity": VariantGd { id: 124621163998, class: RigidBody2D }, "hunger": 70.0627442063492, "held_item": "potato"}
[GdPAI | debug] ApplyEffect [After] ID=InstanceId(-9223371697837568637): agent props = {"hunger": 70.0627442063492, "held_item": "wood", "entity": VariantGd { id: 124621163998, class: RigidBody2D }}
[GdPAI | debug]   Snapshotting prop: hunger = Float(70.0627442063492) (Variant type: FLOAT)
[GdPAI | debug]   Snapshotting prop: held_item = Str("wood") (Variant type: STRING)
[GdPAI | debug]   Snapshotting prop: entity = ObjectRef(124621163998) (Variant type: OBJECT)
[GdPAI | debug] ApplyEffect [Before] ID=InstanceId(-9223371696679940729): agent props = {"held_item": "wood", "hunger": 70.0627442063492, "entity": VariantGd { id: 124621163998, class: RigidBody2D }}
[GdPAI | debug] ApplyEffect [After] ID=InstanceId(-9223371696679940729): agent props = {"held_item": "wood", "hunger": 70.0627442063492, "entity": VariantGd { id: 124621163998, class: RigidBody2D }}
[GdPAI | debug]   Snapshotting prop: held_item = Str("wood") (Variant type: STRING)
[GdPAI | debug]   Snapshotting prop: hunger = Float(70.0627442063492) (Variant type: FLOAT)
[GdPAI | debug]   Snapshotting prop: entity = ObjectRef(124621163998) (Variant type: OBJECT)
[GdPAI | debug] ApplyEffect [Before] ID=InstanceId(-9223371695522312829): agent props = {"entity": VariantGd { id: 124621163998, class: RigidBody2D }, "held_item": "", "hunger": 70.0627442063492}
[GdPAI | debug] ApplyEffect [After] ID=InstanceId(-9223371695522312829): agent props = {"entity": VariantGd { id: 124621163998, class: RigidBody2D }, "held_item": "potato", "hunger": 70.0627442063492}
[GdPAI | debug]   Snapshotting prop: entity = ObjectRef(124621163998) (Variant type: OBJECT)
[GdPAI | debug]   Snapshotting prop: held_item = Str("potato") (Variant type: STRING)
[GdPAI | debug]   Snapshotting prop: hunger = Float(70.0627442063492) (Variant type: FLOAT)
[GdPAI | debug] ApplyEffect [Before] ID=InstanceId(-9223371694364684921): agent props = {"entity": VariantGd { id: 124621163998, class: RigidBody2D }, "hunger": 70.0627442063492, "held_item": "potato"}
[GdPAI | debug] ApplyEffect [After] ID=InstanceId(-9223371694364684921): agent props = {"held_item": "wood", "entity": VariantGd { id: 124621163998, class: RigidBody2D }, "hunger": 70.0627442063492}
[GdPAI | debug]   Snapshotting prop: held_item = Str("wood") (Variant type: STRING)
[GdPAI | debug]   Snapshotting prop: entity = ObjectRef(124621163998) (Variant type: OBJECT)
[GdPAI | debug]   Snapshotting prop: hunger = Float(70.0627442063492) (Variant type: FLOAT)
[GdPAI | debug] ApplyEffect [Before] ID=InstanceId(-9223371693207057021): agent props = {"entity": VariantGd { id: 124621163998, class: RigidBody2D }, "hunger": 70.0627442063492, "held_item": "wood"}
[GdPAI | debug] ApplyEffect [After] ID=InstanceId(-9223371693207057021): agent props = {"entity": VariantGd { id: 124621163998, class: RigidBody2D }, "hunger": 70.0627442063492, "held_item": "wood"}
[GdPAI | debug]   Snapshotting prop: entity = ObjectRef(124621163998) (Variant type: OBJECT)
[GdPAI | debug]   Snapshotting prop: hunger = Float(70.0627442063492) (Variant type: FLOAT)
[GdPAI | debug]   Snapshotting prop: held_item = Str("wood") (Variant type: STRING)
[GdPAI | debug] ApplyEffect [Before] ID=InstanceId(-9223371692049429113): agent props = {"entity": VariantGd { id: 124621163998, class: RigidBody2D }, "hunger": 70.0627442063492, "held_item": ""}
[GdPAI | debug] ApplyEffect [After] ID=InstanceId(-9223371692049429113): agent props = {"entity": VariantGd { id: 124621163998, class: RigidBody2D }, "hunger": 70.0627442063492, "held_item": "potato"}
[GdPAI | debug]   Snapshotting prop: entity = ObjectRef(124621163998) (Variant type: OBJECT)
[GdPAI | debug]   Snapshotting prop: hunger = Float(70.0627442063492) (Variant type: FLOAT)
[GdPAI | debug]   Snapshotting prop: held_item = Str("potato") (Variant type: STRING)
[GdPAI | debug] ApplyEffect [Before] ID=InstanceId(-9223371690891801213): agent props = {"entity": VariantGd { id: 124621163998, class: RigidBody2D }, "hunger": 70.0627442063492, "held_item": "potato"}
[GdPAI | debug] ApplyEffect [After] ID=InstanceId(-9223371690891801213): agent props = {"entity": VariantGd { id: 124621163998, class: RigidBody2D }, "hunger": 70.0627442063492, "held_item": "wood"}
[GdPAI | debug]   Snapshotting prop: entity = ObjectRef(124621163998) (Variant type: OBJECT)
[GdPAI | debug]   Snapshotting prop: hunger = Float(70.0627442063492) (Variant type: FLOAT)
[GdPAI | debug]   Snapshotting prop: held_item = Str("wood") (Variant type: STRING)
[GdPAI | debug] ApplyEffect [Before] ID=InstanceId(-9223371689734173305): agent props = {"hunger": 70.0627442063492, "held_item": "wood", "entity": VariantGd { id: 124621163998, class: RigidBody2D }}
[GdPAI | debug] ApplyEffect [After] ID=InstanceId(-9223371689734173305): agent props = {"hunger": 70.0627442063492, "held_item": "wood", "entity": VariantGd { id: 124621163998, class: RigidBody2D }}
[GdPAI | debug]   Snapshotting prop: hunger = Float(70.0627442063492) (Variant type: FLOAT)
[GdPAI | debug]   Snapshotting prop: held_item = Str("wood") (Variant type: STRING)
[GdPAI | debug]   Snapshotting prop: entity = ObjectRef(124621163998) (Variant type: OBJECT)
[GdPAI | debug] ApplyEffect [Before] ID=InstanceId(-9223371688576545405): agent props = {"entity": VariantGd { id: 124621163998, class: RigidBody2D }, "hunger": 70.0627442063492, "held_item": ""}
[GdPAI | debug] ApplyEffect [After] ID=InstanceId(-9223371688576545405): agent props = {"held_item": "potato", "entity": VariantGd { id: 124621163998, class: RigidBody2D }, "hunger": 70.0627442063492}
[GdPAI | debug]   Snapshotting prop: held_item = Str("potato") (Variant type: STRING)
[GdPAI | debug]   Snapshotting prop: entity = ObjectRef(124621163998) (Variant type: OBJECT)
[GdPAI | debug]   Snapshotting prop: hunger = Float(70.0627442063492) (Variant type: FLOAT)
[GdPAI | debug] ApplyEffect [Before] ID=InstanceId(-9223371687418917497): agent props = {"entity": VariantGd { id: 124621163998, class: RigidBody2D }, "held_item": "potato", "hunger": 70.0627442063492}
[GdPAI | debug] ApplyEffect [After] ID=InstanceId(-9223371687418917497): agent props = {"entity": VariantGd { id: 124621163998, class: RigidBody2D }, "held_item": "wood", "hunger": 70.0627442063492}
[GdPAI | debug]   Snapshotting prop: entity = ObjectRef(124621163998) (Variant type: OBJECT)
[GdPAI | debug]   Snapshotting prop: held_item = Str("wood") (Variant type: STRING)
[GdPAI | debug]   Snapshotting prop: hunger = Float(70.0627442063492) (Variant type: FLOAT)
[GdPAI | debug] ApplyEffect [Before] ID=InstanceId(-9223371686261289597): agent props = {"entity": VariantGd { id: 124621163998, class: RigidBody2D }, "hunger": 70.0627442063492, "held_item": "wood"}
[GdPAI | debug] ApplyEffect [After] ID=InstanceId(-9223371686261289597): agent props = {"entity": VariantGd { id: 124621163998, class: RigidBody2D }, "hunger": 70.0627442063492, "held_item": "wood"}
[GdPAI | debug]   Snapshotting prop: entity = ObjectRef(124621163998) (Variant type: OBJECT)
[GdPAI | debug]   Snapshotting prop: hunger = Float(70.0627442063492) (Variant type: FLOAT)
[GdPAI | debug]   Snapshotting prop: held_item = Str("wood") (Variant type: STRING)
[GdPAI] A* Iteration: pop node with chain length 3
[GdPAI | debug] find_candidates: Checking 15 actions against 0 preconds and 1 requirements
[GdPAI | debug] Found candidate: Cook Potato (satisfied preconds: [], requirements: [0])
[GdPAI | debug] Found candidate: Dig Potato (satisfied preconds: [], requirements: [0])
[31m    [Failed]:  [0mTimed out waiting for submitted agent plan
      at line -1
[31m    [Failed]:  [0mAgent should plan when hungry with fire available
      at line 108
[31m    [Failed]:  [0m[0] expected to equal [5]:  Plan should have 5 actions: 
      at line 111
SCRIPT ERROR: Out of bounds get index '0' (on base: 'Array[Action]')
   at: test_full_cooking_chain (res://test/integration/test_campfire_example_smoke.gd:112)
   GDScript backtrace (most recent call first):
       [0] test_full_cooking_chain (res://test/integration/test_campfire_example_smoke.gd:112)
       [1] _start_plan_and_wait (res://test/integration/test_campfire_example_smoke.gd:65)
[31m    [Failed]:  [0mUnexpected Errors:
    [1] <engine-2>Out of bounds get index '0' (on base: 'Array[Action]')
      at line 112
[GdPAI | debug] Found candidate: Dig Potato (satisfied preconds: [], requirements: [0])
[GdPAI | debug] Found candidate: Dig Potato (satisfied preconds: [], requirements: [0])
[GdPAI | debug] Found candidate: Dig Potato (satisfied preconds: [], requirements: [0])
[GdPAI | debug] Found candidate: Dig Potato (satisfied preconds: [], requirements: [0])
[GdPAI | debug] ApplyEffect [Before] ID=InstanceId(-9223371670188716447): agent props = {"hunger": 70.0627442063492, "entity": VariantGd { id: 124621163998, class: RigidBody2D }, "held_item": "potato"}
[GdPAI | debug] ApplyEffect [After] ID=InstanceId(-9223371670188716447): agent props = {"hunger": 70.0627442063492, "entity": VariantGd { id: 124621163998, class: RigidBody2D }, "held_item": "cooked_potato"}
[GdPAI | debug]   Snapshotting prop: hunger = Float(70.0627442063492) (Variant type: FLOAT)
[GdPAI | debug]   Snapshotting prop: entity = ObjectRef(124621163998) (Variant type: OBJECT)
[GdPAI | debug]   Snapshotting prop: held_item = Str("cooked_potato") (Variant type: STRING)
[GdPAI | debug] ApplyEffect [Before] ID=InstanceId(-9223371669031088765): agent props = {"entity": VariantGd { id: 124621163998, class: RigidBody2D }, "at_target": VariantGd { id: 124134624705, class: Node }, "held_item": "cooked_potato", "hunger": 70.0627442063492}
[GdPAI | debug] ApplyEffect [After] ID=InstanceId(-9223371669031088765): agent props = {"entity": VariantGd { id: 124621163998, class: RigidBody2D }, "at_target": VariantGd { id: 124134624705, class: Node }, "held_item": "cooked_potato", "hunger": 70.0627442063492}
[GdPAI | debug]   Snapshotting prop: entity = ObjectRef(124621163998) (Variant type: OBJECT)
[GdPAI | debug]   Snapshotting prop: at_target = ObjectRef(124134624705) (Variant type: OBJECT)
[GdPAI | debug]   Snapshotting prop: held_item = Str("cooked_potato") (Variant type: STRING)
[GdPAI | debug]   Snapshotting prop: hunger = Float(70.0627442063492) (Variant type: FLOAT)
[GdPAI | debug] ApplyEffect [Before] ID=InstanceId(-9223371667873460639): agent props = {"hunger": 70.0627442063492, "held_item": "cooked_potato", "entity": VariantGd { id: 124621163998, class: RigidBody2D }, "at_target": VariantGd { id: 124134624705, class: Node }}
[GdPAI | debug] ApplyEffect [After] ID=InstanceId(-9223371667873460639): agent props = {"hunger": 70.0627442063492, "held_item": "wood", "entity": VariantGd { id: 124621163998, class: RigidBody2D }, "at_target": VariantGd { id: 124134624705, class: Node }}
[GdPAI | debug]   Snapshotting prop: hunger = Float(70.0627442063492) (Variant type: FLOAT)
[GdPAI | debug]   Snapshotting prop: held_item = Str("wood") (Variant type: STRING)
[GdPAI | debug]   Snapshotting prop: entity = ObjectRef(124621163998) (Variant type: OBJECT)
[GdPAI | debug]   Snapshotting prop: at_target = ObjectRef(124134624705) (Variant type: OBJECT)
[GdPAI | debug] ApplyEffect [Before] ID=InstanceId(-9223371666715832957): agent props = {"at_target": VariantGd { id: 124134624705, class: Node }, "hunger": 70.0627442063492, "entity": VariantGd { id: 124621163998, class: RigidBody2D }, "held_item": "wood"}
[GdPAI | debug] ApplyEffect [After] ID=InstanceId(-9223371666715832957): agent props = {"at_target": VariantGd { id: 124134624705, class: Node }, "hunger": 70.0627442063492, "entity": VariantGd { id: 124621163998, class: RigidBody2D }, "held_item": "wood"}
[GdPAI | debug]   Snapshotting prop: at_target = ObjectRef(124134624705) (Variant type: OBJECT)
[GdPAI | debug]   Snapshotting prop: hunger = Float(70.0627442063492) (Variant type: FLOAT)
[GdPAI | debug]   Snapshotting prop: entity = ObjectRef(124621163998) (Variant type: OBJECT)
[GdPAI | debug]   Snapshotting prop: held_item = Str("wood") (Variant type: STRING)
[GdPAI | debug] ApplyEffect [Before] ID=InstanceId(-9223371665558204831): agent props = {"held_item": "", "hunger": 70.0627442063492, "entity": VariantGd { id: 124621163998, class: RigidBody2D }}
[GdPAI | debug] ApplyEffect [After] ID=InstanceId(-9223371665558204831): agent props = {"held_item": "potato", "entity": VariantGd { id: 124621163998, class: RigidBody2D }, "hunger": 70.0627442063492}
[GdPAI | debug]   Snapshotting prop: held_item = Str("potato") (Variant type: STRING)
[GdPAI | debug]   Snapshotting prop: entity = ObjectRef(124621163998) (Variant type: OBJECT)
[GdPAI | debug]   Snapshotting prop: hunger = Float(70.0627442063492) (Variant type: FLOAT)
[GdPAI | debug] ApplyEffect [Before] ID=InstanceId(-9223371664400577149): agent props = {"hunger": 70.0627442063492, "entity": VariantGd { id: 124621163998, class: RigidBody2D }, "at_target": VariantGd { id: 124134624705, class: Node }, "held_item": "potato"}
[GdPAI | debug] ApplyEffect [After] ID=InstanceId(-9223371664400577149): agent props = {"hunger": 70.0627442063492, "entity": VariantGd { id: 124621163998, class: RigidBody2D }, "at_target": VariantGd { id: 124134624705, class: Node }, "held_item": "potato"}
[GdPAI | debug]   Snapshotting prop: hunger = Float(70.0627442063492) (Variant type: FLOAT)
[GdPAI | debug]   Snapshotting prop: entity = ObjectRef(124621163998) (Variant type: OBJECT)
[GdPAI | debug]   Snapshotting prop: at_target = ObjectRef(124134624705) (Variant type: OBJECT)
[GdPAI | debug]   Snapshotting prop: held_item = Str("potato") (Variant type: STRING)
[GdPAI | debug] ApplyEffect [Before] ID=InstanceId(-9223371663242949023): agent props = {"held_item": "potato", "entity": VariantGd { id: 124621163998, class: RigidBody2D }, "hunger": 70.0627442063492, "at_target": VariantGd { id: 124134624705, class: Node }}
[GdPAI | debug] ApplyEffect [After] ID=InstanceId(-9223371663242949023): agent props = {"held_item": "wood", "entity": VariantGd { id: 124621163998, class: RigidBody2D }, "hunger": 70.0627442063492, "at_target": VariantGd { id: 124134624705, class: Node }}
[GdPAI | debug]   Snapshotting prop: held_item = Str("wood") (Variant type: STRING)
[GdPAI | debug]   Snapshotting prop: entity = ObjectRef(124621163998) (Variant type: OBJECT)
[GdPAI | debug]   Snapshotting prop: hunger = Float(70.0627442063492) (Variant type: FLOAT)
[GdPAI | debug]   Snapshotting prop: at_target = ObjectRef(124134624705) (Variant type: OBJECT)
[GdPAI | debug] ApplyEffect [Before] ID=InstanceId(-9223371662085321341): agent props = {"hunger": 70.0627442063492, "at_target": VariantGd { id: 124134624705, class: Node }, "entity": VariantGd { id: 124621163998, class: RigidBody2D }, "held_item": "wood"}
[GdPAI | debug] ApplyEffect [After] ID=InstanceId(-9223371662085321341): agent props = {"hunger": 70.0627442063492, "at_target": VariantGd { id: 124134624705, class: Node }, "entity": VariantGd { id: 124621163998, class: RigidBody2D }, "held_item": "wood"}
[GdPAI | debug]   Snapshotting prop: hunger = Float(70.0627442063492) (Variant type: FLOAT)
[GdPAI | debug]   Snapshotting prop: at_target = ObjectRef(124134624705) (Variant type: OBJECT)
[GdPAI | debug]   Snapshotting prop: entity = ObjectRef(124621163998) (Variant type: OBJECT)
[GdPAI | debug]   Snapshotting prop: held_item = Str("wood") (Variant type: STRING)
[GdPAI | debug] ApplyEffect [Before] ID=InstanceId(-9223371660927693215): agent props = {"entity": VariantGd { id: 124621163998, class: RigidBody2D }, "held_item": "", "hunger": 70.0627442063492}
[GdPAI | debug] ApplyEffect [After] ID=InstanceId(-9223371660927693215): agent props = {"hunger": 70.0627442063492, "held_item": "potato", "entity": VariantGd { id: 124621163998, class: RigidBody2D }}
[GdPAI | debug]   Snapshotting prop: hunger = Float(70.0627442063492) (Variant type: FLOAT)
[GdPAI | debug]   Snapshotting prop: held_item = Str("potato") (Variant type: STRING)
[GdPAI | debug]   Snapshotting prop: entity = ObjectRef(124621163998) (Variant type: OBJECT)
[GdPAI | debug] ApplyEffect [Before] ID=InstanceId(-9223371659770065533): agent props = {"at_target": VariantGd { id: 124134624705, class: Node }, "held_item": "potato", "entity": VariantGd { id: 124621163998, class: RigidBody2D }, "hunger": 70.0627442063492}
[GdPAI | debug] ApplyEffect [After] ID=InstanceId(-9223371659770065533): agent props = {"at_target": VariantGd { id: 124134624705, class: Node }, "held_item": "potato", "entity": VariantGd { id: 124621163998, class: RigidBody2D }, "hunger": 70.0627442063492}
[GdPAI | debug]   Snapshotting prop: at_target = ObjectRef(124134624705) (Variant type: OBJECT)
[GdPAI | debug]   Snapshotting prop: held_item = Str("potato") (Variant type: STRING)
[GdPAI | debug]   Snapshotting prop: entity = ObjectRef(124621163998) (Variant type: OBJECT)
[GdPAI | debug]   Snapshotting prop: hunger = Float(70.0627442063492) (Variant type: FLOAT)
[GdPAI | debug] ApplyEffect [Before] ID=InstanceId(-9223371658612437407): agent props = {"entity": VariantGd { id: 124621163998, class: RigidBody2D }, "held_item": "potato", "hunger": 70.0627442063492, "at_target": VariantGd { id: 124134624705, class: Node }}
[GdPAI | debug] ApplyEffect [After] ID=InstanceId(-9223371658612437407): agent props = {"entity": VariantGd { id: 124621163998, class: RigidBody2D }, "held_item": "wood", "hunger": 70.0627442063492, "at_target": VariantGd { id: 124134624705, class: Node }}
[GdPAI | debug]   Snapshotting prop: entity = ObjectRef(124621163998) (Variant type: OBJECT)
[GdPAI | debug]   Snapshotting prop: held_item = Str("wood") (Variant type: STRING)
[GdPAI | debug]   Snapshotting prop: hunger = Float(70.0627442063492) (Variant type: FLOAT)
[GdPAI | debug]   Snapshotting prop: at_target = ObjectRef(124134624705) (Variant type: OBJECT)
[GdPAI | debug] ApplyEffect [Before] ID=InstanceId(-9223371657454809725): agent props = {"at_target": VariantGd { id: 124134624705, class: Node }, "entity": VariantGd { id: 124621163998, class: RigidBody2D }, "hunger": 70.0627442063492, "held_item": "wood"}
[GdPAI | debug] ApplyEffect [After] ID=InstanceId(-9223371657454809725): agent props = {"at_target": VariantGd { id: 124134624705, class: Node }, "entity": VariantGd { id: 124621163998, class: RigidBody2D }, "hunger": 70.0627442063492, "held_item": "wood"}
[GdPAI | debug]   Snapshotting prop: at_target = ObjectRef(124134624705) (Variant type: OBJECT)
[GdPAI | debug]   Snapshotting prop: entity = ObjectRef(124621163998) (Variant type: OBJECT)
[GdPAI | debug]   Snapshotting prop: hunger = Float(70.0627442063492) (Variant type: FLOAT)
[GdPAI | debug]   Snapshotting prop: held_item = Str("wood") (Variant type: STRING)
[GdPAI | debug] ApplyEffect [Before] ID=InstanceId(-9223371656297181599): agent props = {"entity": VariantGd { id: 124621163998, class: RigidBody2D }, "held_item": "", "hunger": 70.0627442063492}
[GdPAI | debug] ApplyEffect [After] ID=InstanceId(-9223371656297181599): agent props = {"hunger": 70.0627442063492, "entity": VariantGd { id: 124621163998, class: RigidBody2D }, "held_item": "potato"}
[GdPAI | debug]   Snapshotting prop: hunger = Float(70.0627442063492) (Variant type: FLOAT)
[GdPAI | debug]   Snapshotting prop: entity = ObjectRef(124621163998) (Variant type: OBJECT)
[GdPAI | debug]   Snapshotting prop: held_item = Str("potato") (Variant type: STRING)
[GdPAI | debug] ApplyEffect [Before] ID=InstanceId(-9223371655139553917): agent props = {"hunger": 70.0627442063492, "at_target": VariantGd { id: 124134624705, class: Node }, "held_item": "potato", "entity": VariantGd { id: 124621163998, class: RigidBody2D }}
[GdPAI | debug] ApplyEffect [After] ID=InstanceId(-9223371655139553917): agent props = {"hunger": 70.0627442063492, "at_target": VariantGd { id: 124134624705, class: Node }, "held_item": "potato", "entity": VariantGd { id: 124621163998, class: RigidBody2D }}
[GdPAI | debug]   Snapshotting prop: hunger = Float(70.0627442063492) (Variant type: FLOAT)
[GdPAI | debug]   Snapshotting prop: at_target = ObjectRef(124134624705) (Variant type: OBJECT)
[GdPAI | debug]   Snapshotting prop: held_item = Str("potato") (Variant type: STRING)
[GdPAI | debug]   Snapshotting prop: entity = ObjectRef(124621163998) (Variant type: OBJECT)
[GdPAI | debug] ApplyEffect [Before] ID=InstanceId(-9223371653981925791): agent props = {"hunger": 70.0627442063492, "entity": VariantGd { id: 124621163998, class: RigidBody2D }, "held_item": "potato", "at_target": VariantGd { id: 124134624705, class: Node }}
[GdPAI | debug] ApplyEffect [After] ID=InstanceId(-9223371653981925791): agent props = {"hunger": 70.0627442063492, "entity": VariantGd { id: 124621163998, class: RigidBody2D }, "held_item": "wood", "at_target": VariantGd { id: 124134624705, class: Node }}
[GdPAI | debug]   Snapshotting prop: hunger = Float(70.0627442063492) (Variant type: FLOAT)
[GdPAI | debug]   Snapshotting prop: entity = ObjectRef(124621163998) (Variant type: OBJECT)
[GdPAI | debug]   Snapshotting prop: held_item = Str("wood") (Variant type: STRING)
[GdPAI | debug]   Snapshotting prop: at_target = ObjectRef(124134624705) (Variant type: OBJECT)
[GdPAI | debug] ApplyEffect [Before] ID=InstanceId(-9223371652824298109): agent props = {"hunger": 70.0627442063492, "held_item": "wood", "entity": VariantGd { id: 124621163998, class: RigidBody2D }, "at_target": VariantGd { id: 124134624705, class: Node }}
[GdPAI | debug] ApplyEffect [After] ID=InstanceId(-9223371652824298109): agent props = {"hunger": 70.0627442063492, "held_item": "wood", "entity": VariantGd { id: 124621163998, class: RigidBody2D }, "at_target": VariantGd { id: 124134624705, class: Node }}
[GdPAI | debug]   Snapshotting prop: hunger = Float(70.0627442063492) (Variant type: FLOAT)
[GdPAI | debug]   Snapshotting prop: held_item = Str("wood") (Variant type: STRING)
[GdPAI | debug]   Snapshotting prop: entity = ObjectRef(124621163998) (Variant type: OBJECT)
[GdPAI | debug]   Snapshotting prop: at_target = ObjectRef(124134624705) (Variant type: OBJECT)
[GdPAI | debug] ApplyEffect [Before] ID=InstanceId(-9223371651666669983): agent props = {"held_item": "", "hunger": 70.0627442063492, "entity": VariantGd { id: 124621163998, class: RigidBody2D }}
[GdPAI | debug] ApplyEffect [After] ID=InstanceId(-9223371651666669983): agent props = {"held_item": "potato", "hunger": 70.0627442063492, "entity": VariantGd { id: 124621163998, class: RigidBody2D }}
[GdPAI | debug]   Snapshotting prop: held_item = Str("potato") (Variant type: STRING)
[GdPAI | debug]   Snapshotting prop: hunger = Float(70.0627442063492) (Variant type: FLOAT)
[GdPAI | debug]   Snapshotting prop: entity = ObjectRef(124621163998) (Variant type: OBJECT)
[GdPAI | debug] ApplyEffect [Before] ID=InstanceId(-9223371650509042301): agent props = {"hunger": 70.0627442063492, "held_item": "potato", "at_target": VariantGd { id: 124134624705, class: Node }, "entity": VariantGd { id: 124621163998, class: RigidBody2D }}
[GdPAI | debug] ApplyEffect [After] ID=InstanceId(-9223371650509042301): agent props = {"hunger": 70.0627442063492, "held_item": "potato", "at_target": VariantGd { id: 124134624705, class: Node }, "entity": VariantGd { id: 124621163998, class: RigidBody2D }}
[GdPAI | debug]   Snapshotting prop: hunger = Float(70.0627442063492) (Variant type: FLOAT)
[GdPAI | debug]   Snapshotting prop: held_item = Str("potato") (Variant type: STRING)
[GdPAI | debug]   Snapshotting prop: at_target = ObjectRef(124134624705) (Variant type: OBJECT)
[GdPAI | debug]   Snapshotting prop: entity = ObjectRef(124621163998) (Variant type: OBJECT)
[GdPAI | debug] ApplyEffect [Before] ID=InstanceId(-9223371649351414175): agent props = {"at_target": VariantGd { id: 124134624705, class: Node }, "hunger": 70.0627442063492, "held_item": "potato", "entity": VariantGd { id: 124621163998, class: RigidBody2D }}
[GdPAI | debug] ApplyEffect [After] ID=InstanceId(-9223371649351414175): agent props = {"at_target": VariantGd { id: 124134624705, class: Node }, "hunger": 70.0627442063492, "held_item": "wood", "entity": VariantGd { id: 124621163998, class: RigidBody2D }}
[GdPAI | debug]   Snapshotting prop: at_target = ObjectRef(124134624705) (Variant type: OBJECT)
[GdPAI | debug]   Snapshotting prop: hunger = Float(70.0627442063492) (Variant type: FLOAT)
[GdPAI | debug]   Snapshotting prop: held_item = Str("wood") (Variant type: STRING)
[GdPAI | debug]   Snapshotting prop: entity = ObjectRef(124621163998) (Variant type: OBJECT)
[GdPAI | debug] ApplyEffect [Before] ID=InstanceId(-9223371648193786493): agent props = {"held_item": "wood", "entity": VariantGd { id: 124621163998, class: RigidBody2D }, "at_target": VariantGd { id: 124134624705, class: Node }, "hunger": 70.0627442063492}
[GdPAI | debug] ApplyEffect [After] ID=InstanceId(-9223371648193786493): agent props = {"held_item": "wood", "entity": VariantGd { id: 124621163998, class: RigidBody2D }, "at_target": VariantGd { id: 124134624705, class: Node }, "hunger": 70.0627442063492}
[GdPAI | debug]   Snapshotting prop: held_item = Str("wood") (Variant type: STRING)
[GdPAI | debug]   Snapshotting prop: entity = ObjectRef(124621163998) (Variant type: OBJECT)
[GdPAI | debug]   Snapshotting prop: at_target = ObjectRef(124134624705) (Variant type: OBJECT)
[GdPAI | debug]   Snapshotting prop: hunger = Float(70.0627442063492) (Variant type: FLOAT)
[GdPAI | debug] ApplyEffect [Before] ID=InstanceId(-9223371647036158367): agent props = {"held_item": "", "entity": VariantGd { id: 124621163998, class: RigidBody2D }, "hunger": 70.0627442063492}
[GdPAI | debug] ApplyEffect [After] ID=InstanceId(-9223371647036158367): agent props = {"hunger": 70.0627442063492, "held_item": "potato", "entity": VariantGd { id: 124621163998, class: RigidBody2D }}
[GdPAI | debug]   Snapshotting prop: hunger = Float(70.0627442063492) (Variant type: FLOAT)
[GdPAI | debug]   Snapshotting prop: held_item = Str("potato") (Variant type: STRING)
[GdPAI | debug]   Snapshotting prop: entity = ObjectRef(124621163998) (Variant type: OBJECT)
[GdPAI | debug] ApplyEffect [Before] ID=InstanceId(-9223371645878530685): agent props = {"hunger": 70.0627442063492, "entity": VariantGd { id: 124621163998, class: RigidBody2D }, "held_item": "potato", "at_target": VariantGd { id: 124134624705, class: Node }}
[GdPAI | debug] ApplyEffect [After] ID=InstanceId(-9223371645878530685): agent props = {"hunger": 70.0627442063492, "entity": VariantGd { id: 124621163998, class: RigidBody2D }, "held_item": "potato", "at_target": VariantGd { id: 124134624705, class: Node }}
[GdPAI | debug]   Snapshotting prop: hunger = Float(70.0627442063492) (Variant type: FLOAT)
[GdPAI | debug]   Snapshotting prop: entity = ObjectRef(124621163998) (Variant type: OBJECT)
[GdPAI | debug]   Snapshotting prop: held_item = Str("potato") (Variant type: STRING)
[GdPAI | debug]   Snapshotting prop: at_target = ObjectRef(124134624705) (Variant type: OBJECT)
[GdPAI | debug] ApplyEffect [Before] ID=InstanceId(-9223371644720902559): agent props = {"hunger": 70.0627442063492, "entity": VariantGd { id: 124621163998, class: RigidBody2D }, "at_target": VariantGd { id: 124134624705, class: Node }, "held_item": "potato"}
[GdPAI | debug] ApplyEffect [After] ID=InstanceId(-9223371644720902559): agent props = {"hunger": 70.0627442063492, "entity": VariantGd { id: 124621163998, class: RigidBody2D }, "at_target": VariantGd { id: 124134624705, class: Node }, "held_item": "wood"}
[GdPAI | debug]   Snapshotting prop: hunger = Float(70.0627442063492) (Variant type: FLOAT)
[GdPAI | debug]   Snapshotting prop: entity = ObjectRef(124621163998) (Variant type: OBJECT)
[GdPAI | debug]   Snapshotting prop: at_target = ObjectRef(124134624705) (Variant type: OBJECT)
[GdPAI | debug]   Snapshotting prop: held_item = Str("wood") (Variant type: STRING)
[GdPAI | debug] ApplyEffect [Before] ID=InstanceId(-9223371643563274877): agent props = {"held_item": "wood", "at_target": VariantGd { id: 124134624705, class: Node }, "entity": VariantGd { id: 124621163998, class: RigidBody2D }, "hunger": 70.0627442063492}
[GdPAI | debug] ApplyEffect [After] ID=InstanceId(-9223371643563274877): agent props = {"held_item": "wood", "at_target": VariantGd { id: 124134624705, class: Node }, "entity": VariantGd { id: 124621163998, class: RigidBody2D }, "hunger": 70.0627442063492}
[GdPAI | debug]   Snapshotting prop: held_item = Str("wood") (Variant type: STRING)
[GdPAI | debug]   Snapshotting prop: at_target = ObjectRef(124134624705) (Variant type: OBJECT)
[GdPAI | debug]   Snapshotting prop: entity = ObjectRef(124621163998) (Variant type: OBJECT)
[GdPAI | debug]   Snapshotting prop: hunger = Float(70.0627442063492) (Variant type: FLOAT)
[GdPAI] A* Iteration: pop node with chain length 3
[GdPAI | debug] find_candidates: Checking 15 actions against 0 preconds and 1 requirements
[GdPAI | debug] Found candidate: Cook Potato (satisfied preconds: [], requirements: [0])
[GdPAI | debug] Found candidate: Dig Potato (satisfied preconds: [], requirements: [0])
[GdPAI | debug] Found candidate: Dig Potato (satisfied preconds: [], requirements: [0])
[GdPAI | debug] Found candidate: Dig Potato (satisfied preconds: [], requirements: [0])
[GdPAI | debug] Found candidate: Dig Potato (satisfied preconds: [], requirements: [0])
[GdPAI | debug] Found candidate: Dig Potato (satisfied preconds: [], requirements: [0])
WARNING: [GdPAI] ObjectRef(124621163998): object was freed before callback; returning Nil.
   at: gdplanningai_rust::logger::process_logs (src\logger.rs:66)
   GDScript backtrace (most recent call first):
       [0] _process (res://addons/GdPlanningAI/gdpai_autoload.gd:21)
WARNING: [GdPAI] ObjectRef(124621163998): object was freed before callback; returning Nil.
   at: gdplanningai_rust::logger::process_logs (src\logger.rs:66)
   GDScript backtrace (most recent call first):
       [0] _process (res://addons/GdPlanningAI/gdpai_autoload.gd:21)
[GdPAI | debug] ApplyEffect [Before] ID=InstanceId(-9223371627725582973): agent props = {"hunger": 70.0627442063492, "entity": null, "held_item": "potato"}
[GdPAI | debug] ApplyEffect [After] ID=InstanceId(-9223371627725582973): agent props = {"hunger": 70.0627442063492, "entity": null, "held_item": "potato"}
[GdPAI | debug]   Snapshotting prop: hunger = Float(70.0627442063492) (Variant type: FLOAT)
[GdPAI | debug]   Snapshotting prop: entity = Nil (Variant type: NIL)
[GdPAI | debug]   Snapshotting prop: held_item = Str("potato") (Variant type: STRING)
* test_fire_too_low_to_cook
WARNING: [GdPAI] ObjectRef(124621163998): object was freed before callback; returning Nil.
   at: gdplanningai_rust::logger::process_logs (src\logger.rs:66)
   GDScript backtrace (most recent call first):
       [0] _process (res://addons/GdPlanningAI/gdpai_autoload.gd:21)
WARNING: [GdPAI] ObjectRef(124134624705): object was freed before callback; returning Nil.
   at: gdplanningai_rust::logger::process_logs (src\logger.rs:66)
   GDScript backtrace (most recent call first):
       [0] _process (res://addons/GdPlanningAI/gdpai_autoload.gd:21)
WARNING: [GdPAI] ObjectRef(124134624705): object was freed before callback; returning Nil.
   at: gdplanningai_rust::logger::process_logs (src\logger.rs:66)
   GDScript backtrace (most recent call first):
       [0] _process (res://addons/GdPlanningAI/gdpai_autoload.gd:21)
[GdPAI | debug] GetCost: callable returned non-numeric value: null; returning INFINITY
WARNING: [GdPAI] ObjectRef(124621163998): object was freed before callback; returning Nil.
   at: gdplanningai_rust::logger::process_logs (src\logger.rs:66)
   GDScript backtrace (most recent call first):
       [0] _process (res://addons/GdPlanningAI/gdpai_autoload.gd:21)
WARNING: [GdPAI] ObjectRef(124134624705): object was freed before callback; returning Nil.
   at: gdplanningai_rust::logger::process_logs (src\logger.rs:66)
   GDScript backtrace (most recent call first):
       [0] _process (res://addons/GdPlanningAI/gdpai_autoload.gd:21)
WARNING: [GdPAI] ObjectRef(124134624705): object was freed before callback; returning Nil.
   at: gdplanningai_rust::logger::process_logs (src\logger.rs:66)
   GDScript backtrace (most recent call first):
       [0] _process (res://addons/GdPlanningAI/gdpai_autoload.gd:21)
[GdPAI | debug] ApplyEffect [Before] ID=InstanceId(-9223371624034595319): agent props = {"at_target": null, "held_item": "potato", "entity": null, "hunger": 70.0627442063492}
[GdPAI | debug] ApplyEffect [After] ID=InstanceId(-9223371624034595319): agent props = {"at_target": null, "held_item": "potato", "entity": null, "hunger": 70.0627442063492}
[GdPAI | debug]   Snapshotting prop: at_target = Nil (Variant type: NIL)
[GdPAI | debug]   Snapshotting prop: held_item = Str("potato") (Variant type: STRING)
[GdPAI | debug]   Snapshotting prop: entity = Nil (Variant type: NIL)
[GdPAI | debug]   Snapshotting prop: hunger = Float(70.0627442063492) (Variant type: FLOAT)
WARNING: [GdPAI] ObjectRef(124621163998): object was freed before callback; returning Nil.
   at: gdplanningai_rust::logger::process_logs (src\logger.rs:66)
   GDScript backtrace (most recent call first):
       [0] _process (res://addons/GdPlanningAI/gdpai_autoload.gd:21)
WARNING: [GdPAI] ObjectRef(124134624705): object was freed before callback; returning Nil.
   at: gdplanningai_rust::logger::process_logs (src\logger.rs:66)
   GDScript backtrace (most recent call first):
       [0] _process (res://addons/GdPlanningAI/gdpai_autoload.gd:21)
WARNING: [GdPAI] ObjectRef(124134624705): object was freed before callback; returning Nil.
   at: gdplanningai_rust::logger::process_logs (src\logger.rs:66)
   GDScript backtrace (most recent call first):
       [0] _process (res://addons/GdPlanningAI/gdpai_autoload.gd:21)
[GdPAI | debug] GetCost: callable returned non-numeric value: null; returning INFINITY
WARNING: [GdPAI] ObjectRef(124621163998): object was freed before callback; returning Nil.
   at: gdplanningai_rust::logger::process_logs (src\logger.rs:66)
   GDScript backtrace (most recent call first):
       [0] _process (res://addons/GdPlanningAI/gdpai_autoload.gd:21)
WARNING: [GdPAI] ObjectRef(124134624705): object was freed before callback; returning Nil.
   at: gdplanningai_rust::logger::process_logs (src\logger.rs:66)
   GDScript backtrace (most recent call first):
       [0] _process (res://addons/GdPlanningAI/gdpai_autoload.gd:21)
WARNING: [GdPAI] ObjectRef(124134624705): object was freed before callback; returning Nil.
   at: gdplanningai_rust::logger::process_logs (src\logger.rs:66)
   GDScript backtrace (most recent call first):
       [0] _process (res://addons/GdPlanningAI/gdpai_autoload.gd:21)
[GdPAI | debug] ApplyEffect [Before] ID=InstanceId(-9223371622541423110): agent props = {"at_target": null, "hunger": 70.0627442063492, "held_item": "potato", "entity": null}
[GdPAI | debug] ApplyEffect [After] ID=InstanceId(-9223371622541423110): agent props = {"at_target": null, "hunger": 70.0627442063492, "held_item": "potato", "entity": null}
[GdPAI | debug]   Snapshotting prop: at_target = Nil (Variant type: NIL)
[GdPAI | debug]   Snapshotting prop: hunger = Float(70.0627442063492) (Variant type: FLOAT)
[GdPAI | debug]   Snapshotting prop: held_item = Str("potato") (Variant type: STRING)
[GdPAI | debug]   Snapshotting prop: entity = Nil (Variant type: NIL)
WARNING: [GdPAI] ObjectRef(124621163998): object was freed before callback; returning Nil.
   at: gdplanningai_rust::logger::process_logs (src\logger.rs:66)
   GDScript backtrace (most recent call first):
       [0] _process (res://addons/GdPlanningAI/gdpai_autoload.gd:21)
[GdPAI | debug] GetCost: callable returned non-numeric value: null; returning INFINITY
WARNING: [GdPAI] ObjectRef(124621163998): object was freed before callback; returning Nil.
   at: gdplanningai_rust::logger::process_logs (src\logger.rs:66)
   GDScript backtrace (most recent call first):
       [0] _process (res://addons/GdPlanningAI/gdpai_autoload.gd:21)
[GdPAI | debug] ApplyEffect [Before] ID=InstanceId(-9223371621199245817): agent props = {"hunger": 70.0627442063492, "held_item": "wood", "at_target": null, "entity": null}
[GdPAI | debug] ApplyEffect [After] ID=InstanceId(-9223371621199245817): agent props = {"hunger": 70.0627442063492, "held_item": "wood", "at_target": null, "entity": null}
[GdPAI | debug]   Snapshotting prop: hunger = Float(70.0627442063492) (Variant type: FLOAT)
[GdPAI | debug]   Snapshotting prop: held_item = Str("wood") (Variant type: STRING)
[GdPAI | debug]   Snapshotting prop: at_target = Nil (Variant type: NIL)
[GdPAI | debug]   Snapshotting prop: entity = Nil (Variant type: NIL)
WARNING: [GdPAI] ObjectRef(124621163998): object was freed before callback; returning Nil.
   at: gdplanningai_rust::logger::process_logs (src\logger.rs:66)
   GDScript backtrace (most recent call first):
       [0] _process (res://addons/GdPlanningAI/gdpai_autoload.gd:21)
WARNING: [GdPAI] ObjectRef(124621163998): object was freed before callback; returning Nil.
   at: gdplanningai_rust::logger::process_logs (src\logger.rs:66)
   GDScript backtrace (most recent call first):
       [0] _process (res://addons/GdPlanningAI/gdpai_autoload.gd:21)
[GdPAI | debug] GetCost: callable returned non-numeric value: null; returning INFINITY
WARNING: [GdPAI] ObjectRef(124621163998): object was freed before callback; returning Nil.
   at: gdplanningai_rust::logger::process_logs (src\logger.rs:66)
   GDScript backtrace (most recent call first):
       [0] _process (res://addons/GdPlanningAI/gdpai_autoload.gd:21)
WARNING: [GdPAI] ObjectRef(124621163998): object was freed before callback; returning Nil.
   at: gdplanningai_rust::logger::process_logs (src\logger.rs:66)
   GDScript backtrace (most recent call first):
       [0] _process (res://addons/GdPlanningAI/gdpai_autoload.gd:21)
[GdPAI | debug] ApplyEffect [Before] ID=InstanceId(-9223371619873845744): agent props = {"held_item": "", "hunger": 70.0627442063492, "entity": null}
[GdPAI | debug] ApplyEffect [After] ID=InstanceId(-9223371619873845744): agent props = {"held_item": "", "hunger": 70.0627442063492, "entity": null}
[GdPAI | debug]   Snapshotting prop: held_item = Str("") (Variant type: STRING)
[GdPAI | debug]   Snapshotting prop: hunger = Float(70.0627442063492) (Variant type: FLOAT)
[GdPAI | debug]   Snapshotting prop: entity = Nil (Variant type: NIL)
WARNING: [GdPAI] ObjectRef(124621163998): object was freed before callback; returning Nil.
   at: gdplanningai_rust::logger::process_logs (src\logger.rs:66)
   GDScript backtrace (most recent call first):
       [0] _process (res://addons/GdPlanningAI/gdpai_autoload.gd:21)
WARNING: [GdPAI] ObjectRef(124134624705): object was freed before callback; returning Nil.
   at: gdplanningai_rust::logger::process_logs (src\logger.rs:66)
   GDScript backtrace (most recent call first):
       [0] _process (res://addons/GdPlanningAI/gdpai_autoload.gd:21)
WARNING: [GdPAI] ObjectRef(124134624705): object was freed before callback; returning Nil.
   at: gdplanningai_rust::logger::process_logs (src\logger.rs:66)
   GDScript backtrace (most recent call first):
       [0] _process (res://addons/GdPlanningAI/gdpai_autoload.gd:21)
[GdPAI | debug] GetCost: callable returned non-numeric value: null; returning INFINITY
WARNING: [GdPAI] ObjectRef(124621163998): object was freed before callback; returning Nil.
   at: gdplanningai_rust::logger::process_logs (src\logger.rs:66)
   GDScript backtrace (most recent call first):
       [0] _process (res://addons/GdPlanningAI/gdpai_autoload.gd:21)
WARNING: [GdPAI] ObjectRef(124134624705): object was freed before callback; returning Nil.
   at: gdplanningai_rust::logger::process_logs (src\logger.rs:66)
   GDScript backtrace (most recent call first):
       [0] _process (res://addons/GdPlanningAI/gdpai_autoload.gd:21)
WARNING: [GdPAI] ObjectRef(124134624705): object was freed before callback; returning Nil.
   at: gdplanningai_rust::logger::process_logs (src\logger.rs:66)
   GDScript backtrace (most recent call first):
       [0] _process (res://addons/GdPlanningAI/gdpai_autoload.gd:21)
[GdPAI | debug] ApplyEffect [Before] ID=InstanceId(-9223371618447782240): agent props = {"at_target": null, "entity": null, "held_item": "", "hunger": 70.0627442063492}
[GdPAI | debug] ApplyEffect [After] ID=InstanceId(-9223371618447782240): agent props = {"at_target": null, "entity": null, "held_item": "", "hunger": 70.0627442063492}
[GdPAI | debug]   Snapshotting prop: at_target = Nil (Variant type: NIL)
[GdPAI | debug]   Snapshotting prop: entity = Nil (Variant type: NIL)
[GdPAI | debug]   Snapshotting prop: held_item = Str("") (Variant type: STRING)
[GdPAI | debug]   Snapshotting prop: hunger = Float(70.0627442063492) (Variant type: FLOAT)
WARNING: [GdPAI] ObjectRef(124621163998): object was freed before callback; returning Nil.
   at: gdplanningai_rust::logger::process_logs (src\logger.rs:66)
   GDScript backtrace (most recent call first):
       [0] _process (res://addons/GdPlanningAI/gdpai_autoload.gd:21)
WARNING: [GdPAI] ObjectRef(124134624705): object was freed before callback; returning Nil.
   at: gdplanningai_rust::logger::process_logs (src\logger.rs:66)
   GDScript backtrace (most recent call first):
       [0] _process (res://addons/GdPlanningAI/gdpai_autoload.gd:21)
WARNING: [GdPAI] ObjectRef(124134624705): object was freed before callback; returning Nil.
   at: gdplanningai_rust::logger::process_logs (src\logger.rs:66)
   GDScript backtrace (most recent call first):
       [0] _process (res://addons/GdPlanningAI/gdpai_autoload.gd:21)
[GdPAI | debug] GetCost: callable returned non-numeric value: null; returning INFINITY
WARNING: [GdPAI] ObjectRef(124621163998): object was freed before callback; returning Nil.
   at: gdplanningai_rust::logger::process_logs (src\logger.rs:66)
   GDScript backtrace (most recent call first):
       [0] _process (res://addons/GdPlanningAI/gdpai_autoload.gd:21)
WARNING: [GdPAI] ObjectRef(124134624705): object was freed before callback; returning Nil.
   at: gdplanningai_rust::logger::process_logs (src\logger.rs:66)
   GDScript backtrace (most recent call first):
       [0] _process (res://addons/GdPlanningAI/gdpai_autoload.gd:21)
WARNING: [GdPAI] ObjectRef(124134624705): object was freed before callback; returning Nil.
   at: gdplanningai_rust::logger::process_logs (src\logger.rs:66)
   GDScript backtrace (most recent call first):
       [0] _process (res://addons/GdPlanningAI/gdpai_autoload.gd:21)
[GdPAI | debug] ApplyEffect [Before] ID=InstanceId(-9223371616971387224): agent props = {"held_item": "", "hunger": 70.0627442063492, "at_target": null, "entity": null}
[GdPAI | debug] ApplyEffect [After] ID=InstanceId(-9223371616971387224): agent props = {"held_item": "", "hunger": 70.0627442063492, "at_target": null, "entity": null}
[GdPAI | debug]   Snapshotting prop: held_item = Str("") (Variant type: STRING)
[GdPAI | debug]   Snapshotting prop: hunger = Float(70.0627442063492) (Variant type: FLOAT)
[GdPAI | debug]   Snapshotting prop: at_target = Nil (Variant type: NIL)
[GdPAI | debug]   Snapshotting prop: entity = Nil (Variant type: NIL)
WARNING: [GdPAI] ObjectRef(124621163998): object was freed before callback; returning Nil.
   at: gdplanningai_rust::logger::process_logs (src\logger.rs:66)
   GDScript backtrace (most recent call first):
       [0] _process (res://addons/GdPlanningAI/gdpai_autoload.gd:21)
[GdPAI | debug] GetCost: callable returned non-numeric value: null; returning INFINITY
WARNING: [GdPAI] ObjectRef(124621163998): object was freed before callback; returning Nil.
   at: gdplanningai_rust::logger::process_logs (src\logger.rs:66)
   GDScript backtrace (most recent call first):
       [0] _process (res://addons/GdPlanningAI/gdpai_autoload.gd:21)
[GdPAI | debug] ApplyEffect [Before] ID=InstanceId(-9223371615595655493): agent props = {"entity": null, "hunger": 70.0627442063492, "held_item": "wood", "at_target": null}
[GdPAI | debug] ApplyEffect [After] ID=InstanceId(-9223371615595655493): agent props = {"entity": null, "hunger": 70.0627442063492, "held_item": "wood", "at_target": null}
[GdPAI | debug]   Snapshotting prop: entity = Nil (Variant type: NIL)
[GdPAI | debug]   Snapshotting prop: hunger = Float(70.0627442063492) (Variant type: FLOAT)
[GdPAI | debug]   Snapshotting prop: held_item = Str("wood") (Variant type: STRING)
[GdPAI | debug]   Snapshotting prop: at_target = Nil (Variant type: NIL)
WARNING: [GdPAI] ObjectRef(124621163998): object was freed before callback; returning Nil.
   at: gdplanningai_rust::logger::process_logs (src\logger.rs:66)
   GDScript backtrace (most recent call first):
       [0] _process (res://addons/GdPlanningAI/gdpai_autoload.gd:21)
WARNING: [GdPAI] ObjectRef(124621163998): object was freed before callback; returning Nil.
   at: gdplanningai_rust::logger::process_logs (src\logger.rs:66)
   GDScript backtrace (most recent call first):
       [0] _process (res://addons/GdPlanningAI/gdpai_autoload.gd:21)
[GdPAI | debug] GetCost: callable returned non-numeric value: null; returning INFINITY
WARNING: [GdPAI] ObjectRef(124621163998): object was freed before callback; returning Nil.
   at: gdplanningai_rust::logger::process_logs (src\logger.rs:66)
   GDScript backtrace (most recent call first):
       [0] _process (res://addons/GdPlanningAI/gdpai_autoload.gd:21)
WARNING: [GdPAI] ObjectRef(124621163998): object was freed before callback; returning Nil.
   at: gdplanningai_rust::logger::process_logs (src\logger.rs:66)
   GDScript backtrace (most recent call first):
       [0] _process (res://addons/GdPlanningAI/gdpai_autoload.gd:21)
[GdPAI | debug] ApplyEffect [Before] ID=InstanceId(-9223371614270255458): agent props = {"hunger": 70.0627442063492, "held_item": "", "entity": null}
[GdPAI | debug] ApplyEffect [After] ID=InstanceId(-9223371614270255458): agent props = {"hunger": 70.0627442063492, "held_item": "", "entity": null}
[GdPAI | debug]   Snapshotting prop: hunger = Float(70.0627442063492) (Variant type: FLOAT)
[GdPAI | debug]   Snapshotting prop: held_item = Str("") (Variant type: STRING)
[GdPAI | debug]   Snapshotting prop: entity = Nil (Variant type: NIL)
WARNING: [GdPAI] ObjectRef(124621163998): object was freed before callback; returning Nil.
   at: gdplanningai_rust::logger::process_logs (src\logger.rs:66)
   GDScript backtrace (most recent call first):
       [0] _process (res://addons/GdPlanningAI/gdpai_autoload.gd:21)
WARNING: [GdPAI] ObjectRef(124134624705): object was freed before callback; returning Nil.
   at: gdplanningai_rust::logger::process_logs (src\logger.rs:66)
   GDScript backtrace (most recent call first):
       [0] _process (res://addons/GdPlanningAI/gdpai_autoload.gd:21)
WARNING: [GdPAI] ObjectRef(124134624705): object was freed before callback; returning Nil.
   at: gdplanningai_rust::logger::process_logs (src\logger.rs:66)
   GDScript backtrace (most recent call first):
       [0] _process (res://addons/GdPlanningAI/gdpai_autoload.gd:21)
[GdPAI | debug] GetCost: callable returned non-numeric value: null; returning INFINITY
WARNING: [GdPAI] ObjectRef(124621163998): object was freed before callback; returning Nil.
   at: gdplanningai_rust::logger::process_logs (src\logger.rs:66)
   GDScript backtrace (most recent call first):
       [0] _process (res://addons/GdPlanningAI/gdpai_autoload.gd:21)
WARNING: [GdPAI] ObjectRef(124134624705): object was freed before callback; returning Nil.
   at: gdplanningai_rust::logger::process_logs (src\logger.rs:66)
   GDScript backtrace (most recent call first):
       [0] _process (res://addons/GdPlanningAI/gdpai_autoload.gd:21)
WARNING: [GdPAI] ObjectRef(124134624705): object was freed before callback; returning Nil.
   at: gdplanningai_rust::logger::process_logs (src\logger.rs:66)
   GDScript backtrace (most recent call first):
       [0] _process (res://addons/GdPlanningAI/gdpai_autoload.gd:21)
[GdPAI | debug] ApplyEffect [Before] ID=InstanceId(-9223371612877746518): agent props = {"hunger": 70.0627442063492, "entity": null, "at_target": null, "held_item": ""}
[GdPAI | debug] ApplyEffect [After] ID=InstanceId(-9223371612877746518): agent props = {"hunger": 70.0627442063492, "entity": null, "at_target": null, "held_item": ""}
[GdPAI | debug]   Snapshotting prop: hunger = Float(70.0627442063492) (Variant type: FLOAT)
[GdPAI | debug]   Snapshotting prop: entity = Nil (Variant type: NIL)
[GdPAI | debug]   Snapshotting prop: at_target = Nil (Variant type: NIL)
[GdPAI | debug]   Snapshotting prop: held_item = Str("") (Variant type: STRING)
WARNING: [GdPAI] ObjectRef(124621163998): object was freed before callback; returning Nil.
   at: gdplanningai_rust::logger::process_logs (src\logger.rs:66)
   GDScript backtrace (most recent call first):
       [0] _process (res://addons/GdPlanningAI/gdpai_autoload.gd:21)
WARNING: [GdPAI] ObjectRef(124134624705): object was freed before callback; returning Nil.
   at: gdplanningai_rust::logger::process_logs (src\logger.rs:66)
   GDScript backtrace (most recent call first):
       [0] _process (res://addons/GdPlanningAI/gdpai_autoload.gd:21)
WARNING: [GdPAI] ObjectRef(124134624705): object was freed before callback; returning Nil.
   at: gdplanningai_rust::logger::process_logs (src\logger.rs:66)
   GDScript backtrace (most recent call first):
       [0] _process (res://addons/GdPlanningAI/gdpai_autoload.gd:21)
[GdPAI | debug] GetCost: callable returned non-numeric value: null; returning INFINITY
WARNING: [GdPAI] ObjectRef(124621163998): object was freed before callback; returning Nil.
   at: gdplanningai_rust::logger::process_logs (src\logger.rs:66)
   GDScript backtrace (most recent call first):
       [0] _process (res://addons/GdPlanningAI/gdpai_autoload.gd:21)
WARNING: [GdPAI] ObjectRef(124134624705): object was freed before callback; returning Nil.
   at: gdplanningai_rust::logger::process_logs (src\logger.rs:66)
   GDScript backtrace (most recent call first):
       [0] _process (res://addons/GdPlanningAI/gdpai_autoload.gd:21)
WARNING: [GdPAI] ObjectRef(124134624705): object was freed before callback; returning Nil.
   at: gdplanningai_rust::logger::process_logs (src\logger.rs:66)
   GDScript backtrace (most recent call first):
       [0] _process (res://addons/GdPlanningAI/gdpai_autoload.gd:21)
[GdPAI | debug] ApplyEffect [Before] ID=InstanceId(-9223371611401351455): agent props = {"entity": null, "held_item": "", "at_target": null, "hunger": 70.0627442063492}
[GdPAI | debug] ApplyEffect [After] ID=InstanceId(-9223371611401351455): agent props = {"entity": null, "held_item": "", "at_target": null, "hunger": 70.0627442063492}
[GdPAI | debug]   Snapshotting prop: entity = Nil (Variant type: NIL)
[GdPAI | debug]   Snapshotting prop: held_item = Str("") (Variant type: STRING)
[GdPAI | debug]   Snapshotting prop: at_target = Nil (Variant type: NIL)
[GdPAI | debug]   Snapshotting prop: hunger = Float(70.0627442063492) (Variant type: FLOAT)
WARNING: [GdPAI] ObjectRef(124621163998): object was freed before callback; returning Nil.
   at: gdplanningai_rust::logger::process_logs (src\logger.rs:66)
   GDScript backtrace (most recent call first):
       [0] _process (res://addons/GdPlanningAI/gdpai_autoload.gd:21)
[GdPAI | debug] GetCost: callable returned non-numeric value: null; returning INFINITY
WARNING: [GdPAI] ObjectRef(124621163998): object was freed before callback; returning Nil.
   at: gdplanningai_rust::logger::process_logs (src\logger.rs:66)
   GDScript backtrace (most recent call first):
       [0] _process (res://addons/GdPlanningAI/gdpai_autoload.gd:21)
[GdPAI | debug] ApplyEffect [Before] ID=InstanceId(-9223371610025619750): agent props = {"entity": null, "held_item": "wood", "at_target": null, "hunger": 70.0627442063492}
[GdPAI | debug] ApplyEffect [After] ID=InstanceId(-9223371610025619750): agent props = {"entity": null, "held_item": "wood", "at_target": null, "hunger": 70.0627442063492}
[GdPAI | debug]   Snapshotting prop: entity = Nil (Variant type: NIL)
[GdPAI | debug]   Snapshotting prop: held_item = Str("wood") (Variant type: STRING)
[GdPAI | debug]   Snapshotting prop: at_target = Nil (Variant type: NIL)
[GdPAI | debug]   Snapshotting prop: hunger = Float(70.0627442063492) (Variant type: FLOAT)
WARNING: [GdPAI] ObjectRef(124621163998): object was freed before callback; returning Nil.
   at: gdplanningai_rust::logger::process_logs (src\logger.rs:66)
   GDScript backtrace (most recent call first):
       [0] _process (res://addons/GdPlanningAI/gdpai_autoload.gd:21)
WARNING: [GdPAI] ObjectRef(124621163998): object was freed before callback; returning Nil.
   at: gdplanningai_rust::logger::process_logs (src\logger.rs:66)
   GDScript backtrace (most recent call first):
       [0] _process (res://addons/GdPlanningAI/gdpai_autoload.gd:21)
[GdPAI | debug] GetCost: callable returned non-numeric value: null; returning INFINITY
WARNING: [GdPAI] ObjectRef(124621163998): object was freed before callback; returning Nil.
   at: gdplanningai_rust::logger::process_logs (src\logger.rs:66)
   GDScript backtrace (most recent call first):
       [0] _process (res://addons/GdPlanningAI/gdpai_autoload.gd:21)
WARNING: [GdPAI] ObjectRef(124621163998): object was freed before callback; returning Nil.
   at: gdplanningai_rust::logger::process_logs (src\logger.rs:66)
   GDScript backtrace (most recent call first):
       [0] _process (res://addons/GdPlanningAI/gdpai_autoload.gd:21)
[GdPAI | debug] ApplyEffect [Before] ID=InstanceId(-9223371608683442663): agent props = {"hunger": 70.0627442063492, "held_item": "", "entity": null}
[GdPAI | debug] ApplyEffect [After] ID=InstanceId(-9223371608683442663): agent props = {"hunger": 70.0627442063492, "held_item": "", "entity": null}
[GdPAI | debug]   Snapshotting prop: hunger = Float(70.0627442063492) (Variant type: FLOAT)
[GdPAI | debug]   Snapshotting prop: held_item = Str("") (Variant type: STRING)
[GdPAI | debug]   Snapshotting prop: entity = Nil (Variant type: NIL)
WARNING: [GdPAI] ObjectRef(124621163998): object was freed before callback; returning Nil.
   at: gdplanningai_rust::logger::process_logs (src\logger.rs:66)
   GDScript backtrace (most recent call first):
       [0] _process (res://addons/GdPlanningAI/gdpai_autoload.gd:21)
WARNING: [GdPAI] ObjectRef(124134624705): object was freed before callback; returning Nil.
   at: gdplanningai_rust::logger::process_logs (src\logger.rs:66)
   GDScript backtrace (most recent call first):
       [0] _process (res://addons/GdPlanningAI/gdpai_autoload.gd:21)
WARNING: [GdPAI] ObjectRef(124134624705): object was freed before callback; returning Nil.
   at: gdplanningai_rust::logger::process_logs (src\logger.rs:66)
   GDScript backtrace (most recent call first):
       [0] _process (res://addons/GdPlanningAI/gdpai_autoload.gd:21)
[GdPAI | debug] GetCost: callable returned non-numeric value: null; returning INFINITY
WARNING: [GdPAI] ObjectRef(124621163998): object was freed before callback; returning Nil.
   at: gdplanningai_rust::logger::process_logs (src\logger.rs:66)
   GDScript backtrace (most recent call first):
       [0] _process (res://addons/GdPlanningAI/gdpai_autoload.gd:21)
WARNING: [GdPAI] ObjectRef(124134624705): object was freed before callback; returning Nil.
   at: gdplanningai_rust::logger::process_logs (src\logger.rs:66)
   GDScript backtrace (most recent call first):
       [0] _process (res://addons/GdPlanningAI/gdpai_autoload.gd:21)
WARNING: [GdPAI] ObjectRef(124134624705): object was freed before callback; returning Nil.
   at: gdplanningai_rust::logger::process_logs (src\logger.rs:66)
   GDScript backtrace (most recent call first):
       [0] _process (res://addons/GdPlanningAI/gdpai_autoload.gd:21)
[GdPAI | debug] ApplyEffect [Before] ID=InstanceId(-9223371607257379063): agent props = {"held_item": "", "hunger": 70.0627442063492, "at_target": null, "entity": null}
[GdPAI | debug] ApplyEffect [After] ID=InstanceId(-9223371607257379063): agent props = {"held_item": "", "hunger": 70.0627442063492, "at_target": null, "entity": null}
[GdPAI | debug]   Snapshotting prop: held_item = Str("") (Variant type: STRING)
[GdPAI | debug]   Snapshotting prop: hunger = Float(70.0627442063492) (Variant type: FLOAT)
[GdPAI | debug]   Snapshotting prop: at_target = Nil (Variant type: NIL)
[GdPAI | debug]   Snapshotting prop: entity = Nil (Variant type: NIL)
WARNING: [GdPAI] ObjectRef(124621163998): object was freed before callback; returning Nil.
   at: gdplanningai_rust::logger::process_logs (src\logger.rs:66)
   GDScript backtrace (most recent call first):
       [0] _process (res://addons/GdPlanningAI/gdpai_autoload.gd:21)
WARNING: [GdPAI] ObjectRef(124134624705): object was freed before callback; returning Nil.
   at: gdplanningai_rust::logger::process_logs (src\logger.rs:66)
   GDScript backtrace (most recent call first):
       [0] _process (res://addons/GdPlanningAI/gdpai_autoload.gd:21)
WARNING: [GdPAI] ObjectRef(124134624705): object was freed before callback; returning Nil.
   at: gdplanningai_rust::logger::process_logs (src\logger.rs:66)
   GDScript backtrace (most recent call first):
       [0] _process (res://addons/GdPlanningAI/gdpai_autoload.gd:21)
[GdPAI | debug] GetCost: callable returned non-numeric value: null; returning INFINITY
WARNING: [GdPAI] ObjectRef(124621163998): object was freed before callback; returning Nil.
   at: gdplanningai_rust::logger::process_logs (src\logger.rs:66)
   GDScript backtrace (most recent call first):
       [0] _process (res://addons/GdPlanningAI/gdpai_autoload.gd:21)
WARNING: [GdPAI] ObjectRef(124134624705): object was freed before callback; returning Nil.
   at: gdplanningai_rust::logger::process_logs (src\logger.rs:66)
   GDScript backtrace (most recent call first):
       [0] _process (res://addons/GdPlanningAI/gdpai_autoload.gd:21)
WARNING: [GdPAI] ObjectRef(124134624705): object was freed before callback; returning Nil.
   at: gdplanningai_rust::logger::process_logs (src\logger.rs:66)
   GDScript backtrace (most recent call first):
       [0] _process (res://addons/GdPlanningAI/gdpai_autoload.gd:21)
[GdPAI | debug] ApplyEffect [Before] ID=InstanceId(-9223371605780984033): agent props = {"held_item": "", "entity": null, "at_target": null, "hunger": 70.0627442063492}
[GdPAI | debug] ApplyEffect [After] ID=InstanceId(-9223371605780984033): agent props = {"held_item": "", "entity": null, "at_target": null, "hunger": 70.0627442063492}
[GdPAI | debug]   Snapshotting prop: held_item = Str("") (Variant type: STRING)
[GdPAI | debug]   Snapshotting prop: entity = Nil (Variant type: NIL)
[GdPAI | debug]   Snapshotting prop: at_target = Nil (Variant type: NIL)
[GdPAI | debug]   Snapshotting prop: hunger = Float(70.0627442063492) (Variant type: FLOAT)
WARNING: [GdPAI] ObjectRef(124621163998): object was freed before callback; returning Nil.
   at: gdplanningai_rust::logger::process_logs (src\logger.rs:66)
   GDScript backtrace (most recent call first):
       [0] _process (res://addons/GdPlanningAI/gdpai_autoload.gd:21)
[GdPAI | debug] GetCost: callable returned non-numeric value: null; returning INFINITY
WARNING: [GdPAI] ObjectRef(124621163998): object was freed before callback; returning Nil.
   at: gdplanningai_rust::logger::process_logs (src\logger.rs:66)
   GDScript backtrace (most recent call first):
       [0] _process (res://addons/GdPlanningAI/gdpai_autoload.gd:21)
[GdPAI | debug] ApplyEffect [Before] ID=InstanceId(-9223371604438806758): agent props = {"at_target": null, "hunger": 70.0627442063492, "held_item": "wood", "entity": null}
[GdPAI | debug] ApplyEffect [After] ID=InstanceId(-9223371604438806758): agent props = {"at_target": null, "hunger": 70.0627442063492, "held_item": "wood", "entity": null}
[GdPAI | debug]   Snapshotting prop: at_target = Nil (Variant type: NIL)
[GdPAI | debug]   Snapshotting prop: hunger = Float(70.0627442063492) (Variant type: FLOAT)
[GdPAI | debug]   Snapshotting prop: held_item = Str("wood") (Variant type: STRING)
[GdPAI | debug]   Snapshotting prop: entity = Nil (Variant type: NIL)
[GdPAI | debug] SimObjectProxy::is_in_group: object 411444448743 in group CampfireObject -> false
[GdPAI | debug] SimObjectProxy::is_in_group: object 410723028415 in group CampfireObject -> false
[GdPAI | debug] SimObjectProxy::is_in_group: object 410253266491 in group CampfireObject -> false
[GdPAI | debug] SimObjectProxy::is_in_group: object 410706251198 in group CampfireObject -> false
[GdPAI | debug] SimObjectProxy::is_in_group: object 411595443774 in group CampfireObject -> false
[GdPAI | debug] SimObjectProxy::is_in_group: object 410085494329 in group CampfireObject -> true
[GdPAI | debug] SimObjectProxy::is_in_group: object 410555256245 in group CampfireObject -> false
[GdPAI | debug] SimObjectProxy::is_in_group: object 411276676574 in group CampfireObject -> false
[GdPAI | debug] SimObjectProxy::is_in_group: object 410119048568 in group CampfireObject -> false
[GdPAI | debug] SimObjectProxy::is_in_group: object 411746438689 in group CampfireObject -> false
[GdPAI | debug] SimObjectProxy::is_in_group: object 410421038509 in group CampfireObject -> false
[GdPAI | debug] SimObjectProxy::is_in_group: object 411763215901 in group CampfireObject -> false
[GdPAI | debug] SimObjectProxy::is_in_group: object 411125681621 in group CampfireObject -> false
[GdPAI | debug] SimObjectProxy::is_in_group: object 410957909451 in group CampfireObject -> false
[GdPAI | debug] SimObjectProxy::is_in_group: object 411142458838 in group CampfireObject -> false
[GdPAI | debug] SimObjectProxy::is_in_group: object 410572033462 in group CampfireObject -> false
[GdPAI | debug] SimObjectProxy::is_in_group: object 411461226054 in group CampfireObject -> false
[GdPAI | debug] SimObjectProxy::is_in_group: object 411729661472 in group CampfireObject -> false
[GdPAI | debug] SimObjectProxy::is_in_group: object 410270043701 in group CampfireObject -> false
[GdPAI | debug] SimObjectProxy::is_in_group: object 411578666559 in group CampfireObject -> false
[GdPAI | debug] SimObjectProxy::is_in_group: object 410538479028 in group CampfireObject -> false
[GdPAI | debug] SimObjectProxy::is_in_group: object 411310231007 in group CampfireObject -> false
[GdPAI | debug] SimObjectProxy::is_in_group: object 410102271529 in group CampfireObject -> false
[GdPAI | debug] SimObjectProxy::is_in_group: object 410404261292 in group CampfireObject -> false
[GdPAI | debug] SimObjectProxy::is_in_group: object 411159236055 in group CampfireObject -> false
[GdPAI | debug] SimObjectProxy::is_in_group: object 410689473981 in group CampfireObject -> false
[GdPAI | debug] SimObjectProxy::is_in_group: object 410236489256 in group CampfireObject -> false
[GdPAI | debug] SimObjectProxy::is_in_group: object 411293453698 in group CampfireObject -> false
[GdPAI | debug] SimObjectProxy::is_in_group: object 410387484075 in group CampfireObject -> false
[GdPAI | debug] SimObjectProxy::is_in_group: object 411427671526 in group CampfireObject -> false
[GdPAI | debug] SimObjectProxy::is_in_group: object 411612220989 in group CampfireObject -> false
[GdPAI | debug]   Snapshotting prop: held_item = Str("potato") (Variant type: STRING)
[GdPAI | debug]   Snapshotting prop: entity = ObjectRef(410756582849) (Variant type: OBJECT)
[GdPAI | debug]   Snapshotting prop: hunger = Float(60.063781666666664) (Variant type: FLOAT)
[GdPAI] Submitting plan: 15 actions, 2 goals, 56 callables
[GdPAI | debug] PlannerEngine: Searching for goal 'Hunger' (reward: 60.063781666666664)
[GdPAI] PlannerEngine: Searching for goal 'Hunger'
[GdPAI | debug] Numeric comparison: 60.063781666666664 LessThan 45.063781666666664 -> false
[GdPAI]   Root branch: 1 open preconds, 0 open requirements
[GdPAI]     Precond 0: Builtin { target: Agent, operation: LessThan, property_name: "hunger", value: Some(Float(45.063781666666664)) }
[GdPAI] A* Iteration: pop node with chain length 0
[GdPAI | debug] find_candidates: Checking 15 actions against 1 preconds and 0 requirements
WARNING: [GdPAI] ObjectRef(124621163998): object was freed before callback; returning Nil.
   at: gdplanningai_rust::logger::process_logs (src\logger.rs:66)
   GDScript backtrace (most recent call first):
       [0] _start_plan_and_wait (res://test/integration/test_campfire_example_smoke.gd:57)
       [1] test_fire_too_low_to_cook (res://test/integration/test_campfire_example_smoke.gd:129)
       [2] _pump_frames (res://test/integration/test_campfire_example_smoke.gd:44)
WARNING: [GdPAI] ObjectRef(124621163998): object was freed before callback; returning Nil.
   at: gdplanningai_rust::logger::process_logs (src\logger.rs:66)
   GDScript backtrace (most recent call first):
       [0] _start_plan_and_wait (res://test/integration/test_campfire_example_smoke.gd:57)
       [1] test_fire_too_low_to_cook (res://test/integration/test_campfire_example_smoke.gd:129)
       [2] _pump_frames (res://test/integration/test_campfire_example_smoke.gd:44)
[GdPAI | debug] GetCost: callable returned non-numeric value: null; returning INFINITY
[GdPAI | debug] Discovery: Starting simulation for action Go To
WARNING: [GdPAI] ObjectRef(124621163998): object was freed before callback; returning Nil.
   at: gdplanningai_rust::logger::process_logs (src\logger.rs:66)
   GDScript backtrace (most recent call first):
       [0] _process (res://addons/GdPlanningAI/gdpai_autoload.gd:21)
WARNING: [GdPAI] ObjectRef(124621163998): object was freed before callback; returning Nil.
   at: gdplanningai_rust::logger::process_logs (src\logger.rs:66)
   GDScript backtrace (most recent call first):
       [0] _process (res://addons/GdPlanningAI/gdpai_autoload.gd:21)
[GdPAI | debug] ApplyEffect [Before] ID=InstanceId(-9223371599489528021): agent props = {"entity": null, "hunger": 70.0627442063492, "held_item": ""}
[GdPAI | debug] ApplyEffect [After] ID=InstanceId(-9223371599489528021): agent props = {"entity": null, "hunger": 70.0627442063492, "held_item": ""}
[GdPAI | debug]   Snapshotting prop: entity = Nil (Variant type: NIL)
[GdPAI | debug]   Snapshotting prop: hunger = Float(70.0627442063492) (Variant type: FLOAT)
[GdPAI | debug]   Snapshotting prop: held_item = Str("") (Variant type: STRING)
WARNING: [GdPAI] ObjectRef(124621163998): object was freed before callback; returning Nil.
   at: gdplanningai_rust::logger::process_logs (src\logger.rs:66)
   GDScript backtrace (most recent call first):
       [0] _start_plan_and_wait (res://test/integration/test_campfire_example_smoke.gd:57)
WARNING: [GdPAI] ObjectRef(124134624705): object was freed before callback; returning Nil.
   at: gdplanningai_rust::logger::process_logs (src\logger.rs:66)
   GDScript backtrace (most recent call first):
       [0] _start_plan_and_wait (res://test/integration/test_campfire_example_smoke.gd:57)
WARNING: [GdPAI] ObjectRef(124134624705): object was freed before callback; returning Nil.
   at: gdplanningai_rust::logger::process_logs (src\logger.rs:66)
   GDScript backtrace (most recent call first):
       [0] _start_plan_and_wait (res://test/integration/test_campfire_example_smoke.gd:57)
[GdPAI | debug] GetCost: callable returned non-numeric value: null; returning INFINITY
[GdPAI | debug] ApplyEffect [Before] ID=InstanceId(-9223371597677588612): agent props = {"hunger": 60.063781666666664, "held_item": "potato", "entity": VariantGd { id: 410756582849, class: RigidBody2D }}
[GdPAI | debug] ApplyEffect [After] ID=InstanceId(-9223371597677588612): agent props = {"hunger": 60.063781666666664, "held_item": "potato", "entity": VariantGd { id: 410756582849, class: RigidBody2D }}
[GdPAI | debug]   Snapshotting prop: hunger = Float(60.063781666666664) (Variant type: FLOAT)
[GdPAI | debug]   Snapshotting prop: held_item = Str("potato") (Variant type: STRING)
[GdPAI | debug]   Snapshotting prop: entity = ObjectRef(410756582849) (Variant type: OBJECT)
[GdPAI | debug] Discovery: Simulation success for Go To. Agent props: {"entity": ObjectRef(410756582849), "hunger": Float(60.063781666666664), "held_item": Str("potato")}
[GdPAI | debug] Numeric comparison: 60.063781666666664 LessThan 45.063781666666664 -> false
[GdPAI | debug] Discovery: Action Go To did NOT satisfy precond Builtin { target: Agent, operation: LessThan, property_name: "hunger", value: Some(Float(45.063781666666664)) }
[GdPAI | debug] Discovery: Starting simulation for action Eat Held Food
WARNING: [GdPAI] ObjectRef(124621163998): object was freed before callback; returning Nil.
   at: gdplanningai_rust::logger::process_logs (src\logger.rs:66)
   GDScript backtrace (most recent call first):
       [0] _process (res://addons/GdPlanningAI/gdpai_autoload.gd:21)
WARNING: [GdPAI] ObjectRef(124134624705): object was freed before callback; returning Nil.
   at: gdplanningai_rust::logger::process_logs (src\logger.rs:66)
   GDScript backtrace (most recent call first):
       [0] _process (res://addons/GdPlanningAI/gdpai_autoload.gd:21)
WARNING: [GdPAI] ObjectRef(124134624705): object was freed before callback; returning Nil.
   at: gdplanningai_rust::logger::process_logs (src\logger.rs:66)
   GDScript backtrace (most recent call first):
       [0] _process (res://addons/GdPlanningAI/gdpai_autoload.gd:21)
[GdPAI | debug] ApplyEffect [Before] ID=InstanceId(-9223371596939391098): agent props = {"hunger": 70.0627442063492, "at_target": null, "entity": null, "held_item": ""}
[GdPAI | debug] ApplyEffect [After] ID=InstanceId(-9223371596939391098): agent props = {"hunger": 70.0627442063492, "at_target": null, "entity": null, "held_item": ""}
[GdPAI | debug]   Snapshotting prop: hunger = Float(70.0627442063492) (Variant type: FLOAT)
[GdPAI | debug]   Snapshotting prop: at_target = Nil (Variant type: NIL)
[GdPAI | debug]   Snapshotting prop: entity = Nil (Variant type: NIL)
[GdPAI | debug]   Snapshotting prop: held_item = Str("") (Variant type: STRING)
WARNING: [GdPAI] ObjectRef(124621163998): object was freed before callback; returning Nil.
   at: gdplanningai_rust::logger::process_logs (src\logger.rs:66)
   GDScript backtrace (most recent call first):
       [0] _start_plan_and_wait (res://test/integration/test_campfire_example_smoke.gd:57)
WARNING: [GdPAI] ObjectRef(124134624705): object was freed before callback; returning Nil.
   at: gdplanningai_rust::logger::process_logs (src\logger.rs:66)
   GDScript backtrace (most recent call first):
       [0] _start_plan_and_wait (res://test/integration/test_campfire_example_smoke.gd:57)
WARNING: [GdPAI] ObjectRef(124134624705): object was freed before callback; returning Nil.
   at: gdplanningai_rust::logger::process_logs (src\logger.rs:66)
   GDScript backtrace (most recent call first):
       [0] _start_plan_and_wait (res://test/integration/test_campfire_example_smoke.gd:57)
[GdPAI | debug] GetCost: callable returned non-numeric value: null; returning INFINITY
[GdPAI | debug] ApplyEffect [Before] ID=InstanceId(-9223371595077120115): agent props = {"held_item": "potato", "entity": VariantGd { id: 410756582849, class: RigidBody2D }, "hunger": 60.063781666666664}
[GdPAI | debug] ApplyEffect [After] ID=InstanceId(-9223371595077120115): agent props = {"held_item": "potato", "entity": VariantGd { id: 410756582849, class: RigidBody2D }, "hunger": 60.063781666666664}
[GdPAI | debug]   Snapshotting prop: held_item = Str("potato") (Variant type: STRING)
[GdPAI | debug]   Snapshotting prop: entity = ObjectRef(410756582849) (Variant type: OBJECT)
[GdPAI | debug]   Snapshotting prop: hunger = Float(60.063781666666664) (Variant type: FLOAT)
[GdPAI | debug] Discovery: Simulation success for Eat Held Food. Agent props: {"entity": ObjectRef(410756582849), "hunger": Float(60.063781666666664), "held_item": Str("potato")}
[GdPAI | debug] Numeric comparison: 60.063781666666664 LessThan 45.063781666666664 -> false
[GdPAI | debug] Discovery: Action Eat Held Food did NOT satisfy precond Builtin { target: Agent, operation: LessThan, property_name: "hunger", value: Some(Float(45.063781666666664)) }
WARNING: [GdPAI] ObjectRef(124621163998): object was freed before callback; returning Nil.
   at: gdplanningai_rust::logger::process_logs (src\logger.rs:66)
   GDScript backtrace (most recent call first):
       [0] _process (res://addons/GdPlanningAI/gdpai_autoload.gd:21)
WARNING: [GdPAI] ObjectRef(124134624705): object was freed before callback; returning Nil.
   at: gdplanningai_rust::logger::process_logs (src\logger.rs:66)
   GDScript backtrace (most recent call first):
       [0] _process (res://addons/GdPlanningAI/gdpai_autoload.gd:21)
WARNING: [GdPAI] ObjectRef(124134624705): object was freed before callback; returning Nil.
   at: gdplanningai_rust::logger::process_logs (src\logger.rs:66)
   GDScript backtrace (most recent call first):
       [0] _process (res://addons/GdPlanningAI/gdpai_autoload.gd:21)
[GdPAI | debug] ApplyEffect [Before] ID=InstanceId(-9223371594338922619): agent props = {"held_item": "", "hunger": 70.0627442063492, "entity": null, "at_target": null}
[GdPAI | debug] ApplyEffect [After] ID=InstanceId(-9223371594338922619): agent props = {"held_item": "", "hunger": 70.0627442063492, "entity": null, "at_target": null}
[GdPAI | debug]   Snapshotting prop: held_item = Str("") (Variant type: STRING)
[GdPAI | debug]   Snapshotting prop: hunger = Float(70.0627442063492) (Variant type: FLOAT)
[GdPAI | debug]   Snapshotting prop: entity = Nil (Variant type: NIL)
[GdPAI | debug]   Snapshotting prop: at_target = Nil (Variant type: NIL)
[GdPAI | debug] Discovery: Starting simulation for action Go To
WARNING: [GdPAI] ObjectRef(124621163998): object was freed before callback; returning Nil.
   at: gdplanningai_rust::logger::process_logs (src\logger.rs:66)
   GDScript backtrace (most recent call first):
       [0] _start_plan_and_wait (res://test/integration/test_campfire_example_smoke.gd:57)
[GdPAI | debug] GetCost: callable returned non-numeric value: null; returning INFINITY
WARNING: [GdPAI] ObjectRef(124621163998): object was freed before callback; returning Nil.
   at: gdplanningai_rust::logger::process_logs (src\logger.rs:66)
   GDScript backtrace (most recent call first):
       [0] _process (res://addons/GdPlanningAI/gdpai_autoload.gd:21)
[GdPAI | debug] ApplyEffect [Before] ID=InstanceId(-9223371591839117469): agent props = {"held_item": "wood", "entity": null, "hunger": 70.0627442063492, "at_target": null}
[GdPAI | debug] ApplyEffect [After] ID=InstanceId(-9223371591839117469): agent props = {"held_item": "wood", "entity": null, "hunger": 70.0627442063492, "at_target": null}
[GdPAI | debug]   Snapshotting prop: held_item = Str("wood") (Variant type: STRING)
[GdPAI | debug]   Snapshotting prop: entity = Nil (Variant type: NIL)
[GdPAI | debug]   Snapshotting prop: hunger = Float(70.0627442063492) (Variant type: FLOAT)
[GdPAI | debug]   Snapshotting prop: at_target = Nil (Variant type: NIL)
[GdPAI | debug] ApplyEffect [Before] ID=InstanceId(-9223371591268692125): agent props = {"entity": VariantGd { id: 410756582849, class: RigidBody2D }, "held_item": "potato", "hunger": 60.063781666666664}
[GdPAI | debug] ApplyEffect [After] ID=InstanceId(-9223371591268692125): agent props = {"entity": VariantGd { id: 410756582849, class: RigidBody2D }, "held_item": "potato", "hunger": 60.063781666666664}
[GdPAI | debug]   Snapshotting prop: entity = ObjectRef(410756582849) (Variant type: OBJECT)
[GdPAI | debug]   Snapshotting prop: held_item = Str("potato") (Variant type: STRING)
[GdPAI | debug]   Snapshotting prop: hunger = Float(60.063781666666664) (Variant type: FLOAT)
[GdPAI | debug] Discovery: Simulation success for Go To. Agent props: {"held_item": Str("potato"), "hunger": Float(60.063781666666664), "entity": ObjectRef(410756582849)}
[GdPAI | debug] Numeric comparison: 60.063781666666664 LessThan 45.063781666666664 -> false
[GdPAI | debug] Discovery: Action Go To did NOT satisfy precond Builtin { target: Agent, operation: LessThan, property_name: "hunger", value: Some(Float(45.063781666666664)) }
[GdPAI | debug] Discovery: Starting simulation for action Drop Item
WARNING: [GdPAI] ObjectRef(124621163998): object was freed before callback; returning Nil.
   at: gdplanningai_rust::logger::process_logs (src\logger.rs:66)
   GDScript backtrace (most recent call first):
       [0] _start_plan_and_wait (res://test/integration/test_campfire_example_smoke.gd:57)
WARNING: [GdPAI] ObjectRef(124621163998): object was freed before callback; returning Nil.
   at: gdplanningai_rust::logger::process_logs (src\logger.rs:66)
   GDScript backtrace (most recent call first):
       [0] _start_plan_and_wait (res://test/integration/test_campfire_example_smoke.gd:57)
[GdPAI | debug] GetCost: callable returned non-numeric value: null; returning INFINITY
WARNING: [GdPAI] ObjectRef(124621163998): object was freed before callback; returning Nil.
   at: gdplanningai_rust::logger::process_logs (src\logger.rs:66)
   GDScript backtrace (most recent call first):
       [0] _process (res://addons/GdPlanningAI/gdpai_autoload.gd:21)
WARNING: [GdPAI] ObjectRef(124621163998): object was freed before callback; returning Nil.
   at: gdplanningai_rust::logger::process_logs (src\logger.rs:66)
   GDScript backtrace (most recent call first):
       [0] _process (res://addons/GdPlanningAI/gdpai_autoload.gd:21)
[GdPAI | debug] ApplyEffect [Before] ID=InstanceId(-9223371589389643874): agent props = {"entity": null, "hunger": 70.0627442063492, "held_item": ""}
[GdPAI | debug] ApplyEffect [After] ID=InstanceId(-9223371589389643874): agent props = {"entity": null, "hunger": 70.0627442063492, "held_item": ""}
[GdPAI | debug]   Snapshotting prop: entity = Nil (Variant type: NIL)
[GdPAI | debug]   Snapshotting prop: hunger = Float(70.0627442063492) (Variant type: FLOAT)
[GdPAI | debug]   Snapshotting prop: held_item = Str("") (Variant type: STRING)
[GdPAI | debug] ApplyEffect [Before] ID=InstanceId(-9223371588819218530): agent props = {"hunger": 60.063781666666664, "entity": VariantGd { id: 410756582849, class: RigidBody2D }, "held_item": "potato"}
[GdPAI | debug] ApplyEffect [After] ID=InstanceId(-9223371588819218530): agent props = {"entity": VariantGd { id: 410756582849, class: RigidBody2D }, "hunger": 60.063781666666664, "held_item": ""}
[GdPAI | debug]   Snapshotting prop: entity = ObjectRef(410756582849) (Variant type: OBJECT)
[GdPAI | debug]   Snapshotting prop: hunger = Float(60.063781666666664) (Variant type: FLOAT)
[GdPAI | debug]   Snapshotting prop: held_item = Str("") (Variant type: STRING)
[GdPAI | debug] Discovery: Simulation success for Drop Item. Agent props: {"hunger": Float(60.063781666666664), "entity": ObjectRef(410756582849), "held_item": Str("")}
[GdPAI | debug] Numeric comparison: 60.063781666666664 LessThan 45.063781666666664 -> false
[GdPAI | debug] Discovery: Action Drop Item did NOT satisfy precond Builtin { target: Agent, operation: LessThan, property_name: "hunger", value: Some(Float(45.063781666666664)) }
[GdPAI | debug] Discovery: Starting simulation for action Add Fuel
WARNING: [GdPAI] ObjectRef(124621163998): object was freed before callback; returning Nil.
   at: gdplanningai_rust::logger::process_logs (src\logger.rs:66)
   GDScript backtrace (most recent call first):
       [0] _start_plan_and_wait (res://test/integration/test_campfire_example_smoke.gd:57)
WARNING: [GdPAI] ObjectRef(124134624705): object was freed before callback; returning Nil.
   at: gdplanningai_rust::logger::process_logs (src\logger.rs:66)
   GDScript backtrace (most recent call first):
       [0] _start_plan_and_wait (res://test/integration/test_campfire_example_smoke.gd:57)
WARNING: [GdPAI] ObjectRef(124134624705): object was freed before callback; returning Nil.
   at: gdplanningai_rust::logger::process_logs (src\logger.rs:66)
   GDScript backtrace (most recent call first):
       [0] _start_plan_and_wait (res://test/integration/test_campfire_example_smoke.gd:57)
[GdPAI | debug] GetCost: callable returned non-numeric value: null; returning INFINITY
WARNING: [GdPAI] ObjectRef(124621163998): object was freed before callback; returning Nil.
   at: gdplanningai_rust::logger::process_logs (src\logger.rs:66)
   GDScript backtrace (most recent call first):
       [0] _process (res://addons/GdPlanningAI/gdpai_autoload.gd:21)
WARNING: [GdPAI] ObjectRef(124134624705): object was freed before callback; returning Nil.
   at: gdplanningai_rust::logger::process_logs (src\logger.rs:66)
   GDScript backtrace (most recent call first):
       [0] _process (res://addons/GdPlanningAI/gdpai_autoload.gd:21)
WARNING: [GdPAI] ObjectRef(124134624705): object was freed before callback; returning Nil.
   at: gdplanningai_rust::logger::process_logs (src\logger.rs:66)
   GDScript backtrace (most recent call first):
       [0] _process (res://addons/GdPlanningAI/gdpai_autoload.gd:21)
[GdPAI | debug] ApplyEffect [Before] ID=InstanceId(-9223371586839507055): agent props = {"held_item": "", "hunger": 70.0627442063492, "at_target": null, "entity": null}
[GdPAI | debug] ApplyEffect [After] ID=InstanceId(-9223371586839507055): agent props = {"held_item": "", "hunger": 70.0627442063492, "at_target": null, "entity": null}
[GdPAI | debug]   Snapshotting prop: held_item = Str("") (Variant type: STRING)
[GdPAI | debug]   Snapshotting prop: hunger = Float(70.0627442063492) (Variant type: FLOAT)
[GdPAI | debug]   Snapshotting prop: at_target = Nil (Variant type: NIL)
[GdPAI | debug]   Snapshotting prop: entity = Nil (Variant type: NIL)
[GdPAI | debug] ApplyEffect [Before] ID=InstanceId(-9223371586269081711): agent props = {"hunger": 60.063781666666664, "held_item": "wood", "entity": VariantGd { id: 410756582849, class: RigidBody2D }}
[GdPAI | debug] ApplyEffect [After] ID=InstanceId(-9223371586269081711): agent props = {"hunger": 60.063781666666664, "entity": VariantGd { id: 410756582849, class: RigidBody2D }, "held_item": ""}
[GdPAI | debug]   Snapshotting prop: hunger = Float(60.063781666666664) (Variant type: FLOAT)
[GdPAI | debug]   Snapshotting prop: entity = ObjectRef(410756582849) (Variant type: OBJECT)
[GdPAI | debug]   Snapshotting prop: held_item = Str("") (Variant type: STRING)
[GdPAI | debug] Discovery: Simulation success for Add Fuel. Agent props: {"hunger": Float(60.063781666666664), "entity": ObjectRef(410756582849), "held_item": Str("")}
[GdPAI | debug] Numeric comparison: 60.063781666666664 LessThan 45.063781666666664 -> false
[GdPAI | debug] Discovery: Action Add Fuel did NOT satisfy precond Builtin { target: Agent, operation: LessThan, property_name: "hunger", value: Some(Float(45.063781666666664)) }
WARNING: [GdPAI] ObjectRef(124621163998): object was freed before callback; returning Nil.
   at: gdplanningai_rust::logger::process_logs (src\logger.rs:66)
   GDScript backtrace (most recent call first):
       [0] _start_plan_and_wait (res://test/integration/test_campfire_example_smoke.gd:57)
WARNING: [GdPAI] ObjectRef(124134624705): object was freed before callback; returning Nil.
   at: gdplanningai_rust::logger::process_logs (src\logger.rs:66)
   GDScript backtrace (most recent call first):
       [0] _start_plan_and_wait (res://test/integration/test_campfire_example_smoke.gd:57)
WARNING: [GdPAI] ObjectRef(124134624705): object was freed before callback; returning Nil.
   at: gdplanningai_rust::logger::process_logs (src\logger.rs:66)
   GDScript backtrace (most recent call first):
       [0] _start_plan_and_wait (res://test/integration/test_campfire_example_smoke.gd:57)
[GdPAI | debug] GetCost: callable returned non-numeric value: null; returning INFINITY
WARNING: [GdPAI] ObjectRef(124621163998): object was freed before callback; returning Nil.
   at: gdplanningai_rust::logger::process_logs (src\logger.rs:66)
   GDScript backtrace (most recent call first):
       [0] _process (res://addons/GdPlanningAI/gdpai_autoload.gd:21)
WARNING: [GdPAI] ObjectRef(124134624705): object was freed before callback; returning Nil.
   at: gdplanningai_rust::logger::process_logs (src\logger.rs:66)
   GDScript backtrace (most recent call first):
       [0] _process (res://addons/GdPlanningAI/gdpai_autoload.gd:21)
WARNING: [GdPAI] ObjectRef(124134624705): object was freed before callback; returning Nil.
   at: gdplanningai_rust::logger::process_logs (src\logger.rs:66)
   GDScript backtrace (most recent call first):
       [0] _process (res://addons/GdPlanningAI/gdpai_autoload.gd:21)
[GdPAI | debug] ApplyEffect [Before] ID=InstanceId(-9223371584239038550): agent props = {"at_target": null, "hunger": 70.0627442063492, "held_item": "", "entity": null}
[GdPAI | debug] ApplyEffect [After] ID=InstanceId(-9223371584239038550): agent props = {"at_target": null, "hunger": 70.0627442063492, "held_item": "", "entity": null}
[GdPAI | debug]   Snapshotting prop: at_target = Nil (Variant type: NIL)
[GdPAI | debug]   Snapshotting prop: hunger = Float(70.0627442063492) (Variant type: FLOAT)
[GdPAI | debug]   Snapshotting prop: held_item = Str("") (Variant type: STRING)
[GdPAI | debug]   Snapshotting prop: entity = Nil (Variant type: NIL)
WARNING: [GdPAI] ObjectRef(124621163998): object was freed before callback; returning Nil.
   at: gdplanningai_rust::logger::process_logs (src\logger.rs:66)
   GDScript backtrace (most recent call first):
       [0] _start_plan_and_wait (res://test/integration/test_campfire_example_smoke.gd:57)
[GdPAI | debug] GetCost: callable returned non-numeric value: null; returning INFINITY
[GdPAI | debug] Discovery: Starting simulation for action Cook Potato
WARNING: [GdPAI] ObjectRef(124621163998): object was freed before callback; returning Nil.
   at: gdplanningai_rust::logger::process_logs (src\logger.rs:66)
   GDScript backtrace (most recent call first):
       [0] _process (res://addons/GdPlanningAI/gdpai_autoload.gd:21)
[GdPAI | debug] ApplyEffect [Before] ID=InstanceId(-9223371581739233344): agent props = {"hunger": 70.0627442063492, "entity": null, "at_target": null, "held_item": "wood"}
[GdPAI | debug] ApplyEffect [After] ID=InstanceId(-9223371581739233344): agent props = {"hunger": 70.0627442063492, "entity": null, "at_target": null, "held_item": "wood"}
[GdPAI | debug]   Snapshotting prop: hunger = Float(70.0627442063492) (Variant type: FLOAT)
[GdPAI | debug]   Snapshotting prop: entity = Nil (Variant type: NIL)
[GdPAI | debug]   Snapshotting prop: at_target = Nil (Variant type: NIL)
[GdPAI | debug]   Snapshotting prop: held_item = Str("wood") (Variant type: STRING)
[GdPAI] A* Iteration: pop node with chain length 2
[GdPAI | debug] find_candidates: Checking 15 actions against 0 preconds and 2 requirements
WARNING: [GdPAI] ObjectRef(124621163998): object was freed before callback; returning Nil.
   at: gdplanningai_rust::logger::process_logs (src\logger.rs:66)
   GDScript backtrace (most recent call first):
       [0] _start_plan_and_wait (res://test/integration/test_campfire_example_smoke.gd:57)
WARNING: [GdPAI] ObjectRef(124621163998): object was freed before callback; returning Nil.
   at: gdplanningai_rust::logger::process_logs (src\logger.rs:66)
   GDScript backtrace (most recent call first):
       [0] _start_plan_and_wait (res://test/integration/test_campfire_example_smoke.gd:57)
[GdPAI | debug] Found candidate: Go To (satisfied preconds: [], requirements: [1])
[GdPAI | debug] ApplyEffect [Before] ID=InstanceId(-9223371579977625648): agent props = {"held_item": "potato", "hunger": 60.063781666666664, "entity": VariantGd { id: 410756582849, class: RigidBody2D }}
[GdPAI | debug] ApplyEffect [After] ID=InstanceId(-9223371579977625648): agent props = {"hunger": 60.063781666666664, "held_item": "cooked_potato", "entity": VariantGd { id: 410756582849, class: RigidBody2D }}
[GdPAI | debug]   Snapshotting prop: hunger = Float(60.063781666666664) (Variant type: FLOAT)
[GdPAI | debug]   Snapshotting prop: held_item = Str("cooked_potato") (Variant type: STRING)
[GdPAI | debug]   Snapshotting prop: entity = ObjectRef(410756582849) (Variant type: OBJECT)
[GdPAI | debug] Discovery: Simulation success for Cook Potato. Agent props: {"hunger": Float(60.063781666666664), "entity": ObjectRef(410756582849), "held_item": Str("cooked_potato")}
[GdPAI | debug] Numeric comparison: 60.063781666666664 LessThan 45.063781666666664 -> false
[GdPAI | debug] Discovery: Action Cook Potato did NOT satisfy precond Builtin { target: Agent, operation: LessThan, property_name: "hunger", value: Some(Float(45.063781666666664)) }
[GdPAI | debug] Discovery: Starting simulation for action Pick Up Wood
WARNING: [GdPAI] ObjectRef(124621163998): object was freed before callback; returning Nil.
   at: gdplanningai_rust::logger::process_logs (src\logger.rs:66)
   GDScript backtrace (most recent call first):
       [0] _process (res://addons/GdPlanningAI/gdpai_autoload.gd:21)
WARNING: [GdPAI] ObjectRef(124621163998): object was freed before callback; returning Nil.
   at: gdplanningai_rust::logger::process_logs (src\logger.rs:66)
   GDScript backtrace (most recent call first):
       [0] _process (res://addons/GdPlanningAI/gdpai_autoload.gd:21)
[GdPAI | debug] Found candidate: Go To (satisfied preconds: [], requirements: [1])
WARNING: [GdPAI] ObjectRef(124621163998): object was freed before callback; returning Nil.
   at: gdplanningai_rust::logger::process_logs (src\logger.rs:66)
   GDScript backtrace (most recent call first):
       [0] _start_plan_and_wait (res://test/integration/test_campfire_example_smoke.gd:57)
WARNING: [GdPAI] ObjectRef(124621163998): object was freed before callback; returning Nil.
   at: gdplanningai_rust::logger::process_logs (src\logger.rs:66)
   GDScript backtrace (most recent call first):
       [0] _start_plan_and_wait (res://test/integration/test_campfire_example_smoke.gd:57)
[GdPAI | debug] Discovery: Action Cook Potato failed validity check, skipping
[GdPAI | debug] ApplyEffect [Before] ID=InstanceId(-9223371577477820454): agent props = {"entity": VariantGd { id: 410756582849, class: RigidBody2D }, "held_item": "potato", "hunger": 60.063781666666664}
[GdPAI | debug] ApplyEffect [After] ID=InstanceId(-9223371577477820454): agent props = {"entity": VariantGd { id: 410756582849, class: RigidBody2D }, "hunger": 60.063781666666664, "held_item": "wood"}
[GdPAI | debug]   Snapshotting prop: entity = ObjectRef(410756582849) (Variant type: OBJECT)
[GdPAI | debug]   Snapshotting prop: hunger = Float(60.063781666666664) (Variant type: FLOAT)
[GdPAI | debug]   Snapshotting prop: held_item = Str("wood") (Variant type: STRING)
[GdPAI | debug] Discovery: Simulation success for Pick Up Wood. Agent props: {"hunger": Float(60.063781666666664), "held_item": Str("wood"), "entity": ObjectRef(410756582849)}
[GdPAI | debug] Numeric comparison: 60.063781666666664 LessThan 45.063781666666664 -> false
[GdPAI | debug] Discovery: Action Pick Up Wood did NOT satisfy precond Builtin { target: Agent, operation: LessThan, property_name: "hunger", value: Some(Float(45.063781666666664)) }
[GdPAI | debug] Discovery: Starting simulation for action Pick Up Wood
WARNING: [GdPAI] ObjectRef(124621163998): object was freed before callback; returning Nil.
   at: gdplanningai_rust::logger::process_logs (src\logger.rs:66)
   GDScript backtrace (most recent call first):
       [0] _process (res://addons/GdPlanningAI/gdpai_autoload.gd:21)
WARNING: [GdPAI] ObjectRef(124621163998): object was freed before callback; returning Nil.
   at: gdplanningai_rust::logger::process_logs (src\logger.rs:66)
   GDScript backtrace (most recent call first):
       [0] _process (res://addons/GdPlanningAI/gdpai_autoload.gd:21)
[GdPAI | debug] Discovery: Action Dig Potato failed validity check, skipping
WARNING: [GdPAI] ObjectRef(124621163998): object was freed before callback; returning Nil.
   at: gdplanningai_rust::logger::process_logs (src\logger.rs:66)
   GDScript backtrace (most recent call first):
       [0] _start_plan_and_wait (res://test/integration/test_campfire_example_smoke.gd:57)
WARNING: [GdPAI] ObjectRef(124621163998): object was freed before callback; returning Nil.
   at: gdplanningai_rust::logger::process_logs (src\logger.rs:66)
   GDScript backtrace (most recent call first):
       [0] _start_plan_and_wait (res://test/integration/test_campfire_example_smoke.gd:57)
[GdPAI | debug] Discovery: Action Dig Potato failed validity check, skipping
[GdPAI | debug] ApplyEffect [Before] ID=InstanceId(-9223371574978015245): agent props = {"hunger": 60.063781666666664, "held_item": "potato", "entity": VariantGd { id: 410756582849, class: RigidBody2D }}
[GdPAI | debug] ApplyEffect [After] ID=InstanceId(-9223371574978015245): agent props = {"hunger": 60.063781666666664, "held_item": "wood", "entity": VariantGd { id: 410756582849, class: RigidBody2D }}
[GdPAI | debug]   Snapshotting prop: hunger = Float(60.063781666666664) (Variant type: FLOAT)
[GdPAI | debug]   Snapshotting prop: held_item = Str("wood") (Variant type: STRING)
[GdPAI | debug]   Snapshotting prop: entity = ObjectRef(410756582849) (Variant type: OBJECT)
[GdPAI | debug] Discovery: Simulation success for Pick Up Wood. Agent props: {"held_item": Str("wood"), "entity": ObjectRef(410756582849), "hunger": Float(60.063781666666664)}
[GdPAI | debug] Numeric comparison: 60.063781666666664 LessThan 45.063781666666664 -> false
[GdPAI | debug] Discovery: Action Pick Up Wood did NOT satisfy precond Builtin { target: Agent, operation: LessThan, property_name: "hunger", value: Some(Float(45.063781666666664)) }
[GdPAI | debug] Discovery: Starting simulation for action Pick Up Wood
WARNING: [GdPAI] ObjectRef(124621163998): object was freed before callback; returning Nil.
   at: gdplanningai_rust::logger::process_logs (src\logger.rs:66)
   GDScript backtrace (most recent call first):
       [0] _process (res://addons/GdPlanningAI/gdpai_autoload.gd:21)
WARNING: [GdPAI] ObjectRef(124621163998): object was freed before callback; returning Nil.
   at: gdplanningai_rust::logger::process_logs (src\logger.rs:66)
   GDScript backtrace (most recent call first):
       [0] _process (res://addons/GdPlanningAI/gdpai_autoload.gd:21)
[GdPAI | debug] Discovery: Action Dig Potato failed validity check, skipping
WARNING: [GdPAI] ObjectRef(124621163998): object was freed before callback; returning Nil.
   at: gdplanningai_rust::logger::process_logs (src\logger.rs:66)
   GDScript backtrace (most recent call first):
       [0] _start_plan_and_wait (res://test/integration/test_campfire_example_smoke.gd:57)
WARNING: [GdPAI] ObjectRef(124621163998): object was freed before callback; returning Nil.
   at: gdplanningai_rust::logger::process_logs (src\logger.rs:66)
   GDScript backtrace (most recent call first):
       [0] _start_plan_and_wait (res://test/integration/test_campfire_example_smoke.gd:57)
[GdPAI | debug] Discovery: Action Dig Potato failed validity check, skipping
[GdPAI | debug] ApplyEffect [Before] ID=InstanceId(-9223371572478210044): agent props = {"hunger": 60.063781666666664, "held_item": "potato", "entity": VariantGd { id: 410756582849, class: RigidBody2D }}
[GdPAI | debug] ApplyEffect [After] ID=InstanceId(-9223371572478210044): agent props = {"entity": VariantGd { id: 410756582849, class: RigidBody2D }, "held_item": "wood", "hunger": 60.063781666666664}
[GdPAI | debug]   Snapshotting prop: entity = ObjectRef(410756582849) (Variant type: OBJECT)
[GdPAI | debug]   Snapshotting prop: held_item = Str("wood") (Variant type: STRING)
[GdPAI | debug]   Snapshotting prop: hunger = Float(60.063781666666664) (Variant type: FLOAT)
[GdPAI | debug] Discovery: Simulation success for Pick Up Wood. Agent props: {"held_item": Str("wood"), "hunger": Float(60.063781666666664), "entity": ObjectRef(410756582849)}
[GdPAI | debug] Numeric comparison: 60.063781666666664 LessThan 45.063781666666664 -> false
[GdPAI | debug] Discovery: Action Pick Up Wood did NOT satisfy precond Builtin { target: Agent, operation: LessThan, property_name: "hunger", value: Some(Float(45.063781666666664)) }
[GdPAI | debug] Discovery: Starting simulation for action Pick Up Wood
WARNING: [GdPAI] ObjectRef(124621163998): object was freed before callback; returning Nil.
   at: gdplanningai_rust::logger::process_logs (src\logger.rs:66)
   GDScript backtrace (most recent call first):
       [0] _process (res://addons/GdPlanningAI/gdpai_autoload.gd:21)
WARNING: [GdPAI] ObjectRef(124621163998): object was freed before callback; returning Nil.
   at: gdplanningai_rust::logger::process_logs (src\logger.rs:66)
   GDScript backtrace (most recent call first):
       [0] _process (res://addons/GdPlanningAI/gdpai_autoload.gd:21)
[GdPAI | debug] Discovery: Action Dig Potato failed validity check, skipping
WARNING: [GdPAI] ObjectRef(124621163998): object was freed before callback; returning Nil.
   at: gdplanningai_rust::logger::process_logs (src\logger.rs:66)
   GDScript backtrace (most recent call first):
       [0] _start_plan_and_wait (res://test/integration/test_campfire_example_smoke.gd:57)
WARNING: [GdPAI] ObjectRef(124621163998): object was freed before callback; returning Nil.
   at: gdplanningai_rust::logger::process_logs (src\logger.rs:66)
   GDScript backtrace (most recent call first):
       [0] _start_plan_and_wait (res://test/integration/test_campfire_example_smoke.gd:57)
WARNING: [GdPAI] ObjectRef(124587609564): object was freed before callback; returning Nil.
   at: gdplanningai_rust::logger::process_logs (src\logger.rs:66)
   GDScript backtrace (most recent call first):
       [0] _start_plan_and_wait (res://test/integration/test_campfire_example_smoke.gd:57)
WARNING: [GdPAI] ObjectRef(124587609564): object was freed before callback; returning Nil.
   at: gdplanningai_rust::logger::process_logs (src\logger.rs:66)
   GDScript backtrace (most recent call first):
       [0] _start_plan_and_wait (res://test/integration/test_campfire_example_smoke.gd:57)
[GdPAI | debug] GetCost: callable returned non-numeric value: null; returning INFINITY
[GdPAI | debug] ApplyEffect [Before] ID=InstanceId(-9223371569978404872): agent props = {"hunger": 60.063781666666664, "entity": VariantGd { id: 410756582849, class: RigidBody2D }, "held_item": "potato"}
[GdPAI | debug] ApplyEffect [After] ID=InstanceId(-9223371569978404872): agent props = {"hunger": 60.063781666666664, "entity": VariantGd { id: 410756582849, class: RigidBody2D }, "held_item": "wood"}
[GdPAI | debug]   Snapshotting prop: hunger = Float(60.063781666666664) (Variant type: FLOAT)
[GdPAI | debug]   Snapshotting prop: entity = ObjectRef(410756582849) (Variant type: OBJECT)
[GdPAI | debug]   Snapshotting prop: held_item = Str("wood") (Variant type: STRING)
[GdPAI | debug] Discovery: Simulation success for Pick Up Wood. Agent props: {"hunger": Float(60.063781666666664), "held_item": Str("wood"), "entity": ObjectRef(410756582849)}
[GdPAI | debug] Numeric comparison: 60.063781666666664 LessThan 45.063781666666664 -> false
[GdPAI | debug] Discovery: Action Pick Up Wood did NOT satisfy precond Builtin { target: Agent, operation: LessThan, property_name: "hunger", value: Some(Float(45.063781666666664)) }
WARNING: [GdPAI] ObjectRef(124621163998): object was freed before callback; returning Nil.
   at: gdplanningai_rust::logger::process_logs (src\logger.rs:66)
   GDScript backtrace (most recent call first):
       [0] _process (res://addons/GdPlanningAI/gdpai_autoload.gd:21)
WARNING: [GdPAI] ObjectRef(124621163998): object was freed before callback; returning Nil.
   at: gdplanningai_rust::logger::process_logs (src\logger.rs:66)
   GDScript backtrace (most recent call first):
       [0] _process (res://addons/GdPlanningAI/gdpai_autoload.gd:21)
WARNING: [GdPAI] ObjectRef(124587609564): object was freed before callback; returning Nil.
   at: gdplanningai_rust::logger::process_logs (src\logger.rs:66)
   GDScript backtrace (most recent call first):
       [0] _process (res://addons/GdPlanningAI/gdpai_autoload.gd:21)
WARNING: [GdPAI] ObjectRef(124587609564): object was freed before callback; returning Nil.
   at: gdplanningai_rust::logger::process_logs (src\logger.rs:66)
   GDScript backtrace (most recent call first):
       [0] _process (res://addons/GdPlanningAI/gdpai_autoload.gd:21)
[GdPAI | debug] ApplyEffect [Before] ID=InstanceId(-9223371569189875712): agent props = {"at_target": null, "held_item": "", "hunger": 70.0627442063492, "entity": null}
[GdPAI | debug] ApplyEffect [After] ID=InstanceId(-9223371569189875712): agent props = {"at_target": null, "held_item": "", "hunger": 70.0627442063492, "entity": null}
[GdPAI | debug]   Snapshotting prop: at_target = Nil (Variant type: NIL)
[GdPAI | debug]   Snapshotting prop: held_item = Str("") (Variant type: STRING)
[GdPAI | debug]   Snapshotting prop: hunger = Float(70.0627442063492) (Variant type: FLOAT)
[GdPAI | debug]   Snapshotting prop: entity = Nil (Variant type: NIL)
WARNING: [GdPAI] ObjectRef(124621163998): object was freed before callback; returning Nil.
   at: gdplanningai_rust::logger::process_logs (src\logger.rs:66)
   GDScript backtrace (most recent call first):
       [0] _start_plan_and_wait (res://test/integration/test_campfire_example_smoke.gd:57)
WARNING: [GdPAI] ObjectRef(124587609564): object was freed before callback; returning Nil.
   at: gdplanningai_rust::logger::process_logs (src\logger.rs:66)
   GDScript backtrace (most recent call first):
       [0] _start_plan_and_wait (res://test/integration/test_campfire_example_smoke.gd:57)
WARNING: [GdPAI] ObjectRef(124587609564): object was freed before callback; returning Nil.
   at: gdplanningai_rust::logger::process_logs (src\logger.rs:66)
   GDScript backtrace (most recent call first):
       [0] _start_plan_and_wait (res://test/integration/test_campfire_example_smoke.gd:57)
[GdPAI | debug] GetCost: callable returned non-numeric value: null; returning INFINITY
WARNING: [GdPAI] ObjectRef(124621163998): object was freed before callback; returning Nil.
   at: gdplanningai_rust::logger::process_logs (src\logger.rs:66)
   GDScript backtrace (most recent call first):
       [0] _process (res://addons/GdPlanningAI/gdpai_autoload.gd:21)
WARNING: [GdPAI] ObjectRef(124587609564): object was freed before callback; returning Nil.
   at: gdplanningai_rust::logger::process_logs (src\logger.rs:66)
   GDScript backtrace (most recent call first):
       [0] _process (res://addons/GdPlanningAI/gdpai_autoload.gd:21)
WARNING: [GdPAI] ObjectRef(124587609564): object was freed before callback; returning Nil.
   at: gdplanningai_rust::logger::process_logs (src\logger.rs:66)
   GDScript backtrace (most recent call first):
       [0] _process (res://addons/GdPlanningAI/gdpai_autoload.gd:21)
[GdPAI | debug] ApplyEffect [Before] ID=InstanceId(-9223371566539075631): agent props = {"at_target": null, "entity": null, "held_item": "", "hunger": 70.0627442063492}
[GdPAI | debug] ApplyEffect [After] ID=InstanceId(-9223371566539075631): agent props = {"at_target": null, "entity": null, "held_item": "", "hunger": 70.0627442063492}
[GdPAI | debug]   Snapshotting prop: at_target = Nil (Variant type: NIL)
[GdPAI | debug]   Snapshotting prop: entity = Nil (Variant type: NIL)
[GdPAI | debug]   Snapshotting prop: held_item = Str("") (Variant type: STRING)
[GdPAI | debug]   Snapshotting prop: hunger = Float(70.0627442063492) (Variant type: FLOAT)
WARNING: [GdPAI] ObjectRef(124621163998): object was freed before callback; returning Nil.
   at: gdplanningai_rust::logger::process_logs (src\logger.rs:66)
   GDScript backtrace (most recent call first):
       [0] _start_plan_and_wait (res://test/integration/test_campfire_example_smoke.gd:57)
[GdPAI | debug] GetCost: callable returned non-numeric value: null; returning INFINITY
[GdPAI | debug] Discovery: Starting simulation for action Dig Potato
WARNING: [GdPAI] ObjectRef(124621163998): object was freed before callback; returning Nil.
   at: gdplanningai_rust::logger::process_logs (src\logger.rs:66)
   GDScript backtrace (most recent call first):
       [0] _process (res://addons/GdPlanningAI/gdpai_autoload.gd:21)
[GdPAI | debug] ApplyEffect [Before] ID=InstanceId(-9223371564039270386): agent props = {"entity": null, "hunger": 70.0627442063492, "at_target": null, "held_item": "wood"}
[GdPAI | debug] ApplyEffect [After] ID=InstanceId(-9223371564039270386): agent props = {"entity": null, "hunger": 70.0627442063492, "at_target": null, "held_item": "wood"}
[GdPAI | debug]   Snapshotting prop: entity = Nil (Variant type: NIL)
[GdPAI | debug]   Snapshotting prop: hunger = Float(70.0627442063492) (Variant type: FLOAT)
[GdPAI | debug]   Snapshotting prop: at_target = Nil (Variant type: NIL)
[GdPAI | debug]   Snapshotting prop: held_item = Str("wood") (Variant type: STRING)
WARNING: [GdPAI] ObjectRef(124621163998): object was freed before callback; returning Nil.
   at: gdplanningai_rust::logger::process_logs (src\logger.rs:66)
   GDScript backtrace (most recent call first):
       [0] _start_plan_and_wait (res://test/integration/test_campfire_example_smoke.gd:57)
WARNING: [GdPAI] ObjectRef(124621163998): object was freed before callback; returning Nil.
   at: gdplanningai_rust::logger::process_logs (src\logger.rs:66)
   GDScript backtrace (most recent call first):
       [0] _start_plan_and_wait (res://test/integration/test_campfire_example_smoke.gd:57)
WARNING: [GdPAI] ObjectRef(124587609564): object was freed before callback; returning Nil.
   at: gdplanningai_rust::logger::process_logs (src\logger.rs:66)
   GDScript backtrace (most recent call first):
       [0] _start_plan_and_wait (res://test/integration/test_campfire_example_smoke.gd:57)
WARNING: [GdPAI] ObjectRef(124587609564): object was freed before callback; returning Nil.
   at: gdplanningai_rust::logger::process_logs (src\logger.rs:66)
   GDScript backtrace (most recent call first):
       [0] _start_plan_and_wait (res://test/integration/test_campfire_example_smoke.gd:57)
[GdPAI | debug] GetCost: callable returned non-numeric value: null; returning INFINITY
[GdPAI | debug] ApplyEffect [Before] ID=InstanceId(-9223371562277662652): agent props = {"hunger": 60.063781666666664, "entity": VariantGd { id: 410756582849, class: RigidBody2D }, "held_item": "potato"}
[GdPAI | debug] ApplyEffect [After] ID=InstanceId(-9223371562277662652): agent props = {"hunger": 60.063781666666664, "entity": VariantGd { id: 410756582849, class: RigidBody2D }, "held_item": "potato"}
[GdPAI | debug]   Snapshotting prop: hunger = Float(60.063781666666664) (Variant type: FLOAT)
[GdPAI | debug]   Snapshotting prop: entity = ObjectRef(410756582849) (Variant type: OBJECT)
[GdPAI | debug]   Snapshotting prop: held_item = Str("potato") (Variant type: STRING)
[GdPAI | debug] Discovery: Simulation success for Dig Potato. Agent props: {"held_item": Str("potato"), "entity": ObjectRef(410756582849), "hunger": Float(60.063781666666664)}
[GdPAI | debug] Numeric comparison: 60.063781666666664 LessThan 45.063781666666664 -> false
[GdPAI | debug] Discovery: Action Dig Potato did NOT satisfy precond Builtin { target: Agent, operation: LessThan, property_name: "hunger", value: Some(Float(45.063781666666664)) }
WARNING: [GdPAI] ObjectRef(124621163998): object was freed before callback; returning Nil.
   at: gdplanningai_rust::logger::process_logs (src\logger.rs:66)
   GDScript backtrace (most recent call first):
       [0] _process (res://addons/GdPlanningAI/gdpai_autoload.gd:21)
WARNING: [GdPAI] ObjectRef(124621163998): object was freed before callback; returning Nil.
   at: gdplanningai_rust::logger::process_logs (src\logger.rs:66)
   GDScript backtrace (most recent call first):
       [0] _process (res://addons/GdPlanningAI/gdpai_autoload.gd:21)
WARNING: [GdPAI] ObjectRef(124587609564): object was freed before callback; returning Nil.
   at: gdplanningai_rust::logger::process_logs (src\logger.rs:66)
   GDScript backtrace (most recent call first):
       [0] _process (res://addons/GdPlanningAI/gdpai_autoload.gd:21)
WARNING: [GdPAI] ObjectRef(124587609564): object was freed before callback; returning Nil.
   at: gdplanningai_rust::logger::process_logs (src\logger.rs:66)
   GDScript backtrace (most recent call first):
       [0] _process (res://addons/GdPlanningAI/gdpai_autoload.gd:21)
[GdPAI | debug] ApplyEffect [Before] ID=InstanceId(-9223371561489133527): agent props = {"held_item": "", "hunger": 70.0627442063492, "entity": null, "at_target": null}
[GdPAI | debug] ApplyEffect [After] ID=InstanceId(-9223371561489133527): agent props = {"held_item": "", "hunger": 70.0627442063492, "entity": null, "at_target": null}
[GdPAI | debug]   Snapshotting prop: held_item = Str("") (Variant type: STRING)
[GdPAI | debug]   Snapshotting prop: hunger = Float(70.0627442063492) (Variant type: FLOAT)
[GdPAI | debug]   Snapshotting prop: entity = Nil (Variant type: NIL)
[GdPAI | debug]   Snapshotting prop: at_target = Nil (Variant type: NIL)
WARNING: [GdPAI] ObjectRef(124621163998): object was freed before callback; returning Nil.
   at: gdplanningai_rust::logger::process_logs (src\logger.rs:66)
   GDScript backtrace (most recent call first):
       [0] _start_plan_and_wait (res://test/integration/test_campfire_example_smoke.gd:57)
WARNING: [GdPAI] ObjectRef(124587609564): object was freed before callback; returning Nil.
   at: gdplanningai_rust::logger::process_logs (src\logger.rs:66)
   GDScript backtrace (most recent call first):
       [0] _start_plan_and_wait (res://test/integration/test_campfire_example_smoke.gd:57)
WARNING: [GdPAI] ObjectRef(124587609564): object was freed before callback; returning Nil.
   at: gdplanningai_rust::logger::process_logs (src\logger.rs:66)
   GDScript backtrace (most recent call first):
       [0] _start_plan_and_wait (res://test/integration/test_campfire_example_smoke.gd:57)
[GdPAI | debug] GetCost: callable returned non-numeric value: null; returning INFINITY
WARNING: [GdPAI] ObjectRef(124621163998): object was freed before callback; returning Nil.
   at: gdplanningai_rust::logger::process_logs (src\logger.rs:66)
   GDScript backtrace (most recent call first):
       [0] _process (res://addons/GdPlanningAI/gdpai_autoload.gd:21)
WARNING: [GdPAI] ObjectRef(124587609564): object was freed before callback; returning Nil.
   at: gdplanningai_rust::logger::process_logs (src\logger.rs:66)
   GDScript backtrace (most recent call first):
       [0] _process (res://addons/GdPlanningAI/gdpai_autoload.gd:21)
WARNING: [GdPAI] ObjectRef(124587609564): object was freed before callback; returning Nil.
   at: gdplanningai_rust::logger::process_logs (src\logger.rs:66)
   GDScript backtrace (most recent call first):
       [0] _process (res://addons/GdPlanningAI/gdpai_autoload.gd:21)
[GdPAI | debug] ApplyEffect [Before] ID=InstanceId(-9223371558838333379): agent props = {"hunger": 70.0627442063492, "entity": null, "held_item": "", "at_target": null}
[GdPAI | debug] ApplyEffect [After] ID=InstanceId(-9223371558838333379): agent props = {"hunger": 70.0627442063492, "entity": null, "held_item": "", "at_target": null}
[GdPAI | debug]   Snapshotting prop: hunger = Float(70.0627442063492) (Variant type: FLOAT)
[GdPAI | debug]   Snapshotting prop: entity = Nil (Variant type: NIL)
[GdPAI | debug]   Snapshotting prop: held_item = Str("") (Variant type: STRING)
[GdPAI | debug]   Snapshotting prop: at_target = Nil (Variant type: NIL)
WARNING: [GdPAI] ObjectRef(124621163998): object was freed before callback; returning Nil.
   at: gdplanningai_rust::logger::process_logs (src\logger.rs:66)
   GDScript backtrace (most recent call first):
       [0] _start_plan_and_wait (res://test/integration/test_campfire_example_smoke.gd:57)
[GdPAI | debug] GetCost: callable returned non-numeric value: null; returning INFINITY
[GdPAI | debug] Discovery: Starting simulation for action Dig Potato
WARNING: [GdPAI] ObjectRef(124621163998): object was freed before callback; returning Nil.
   at: gdplanningai_rust::logger::process_logs (src\logger.rs:66)
   GDScript backtrace (most recent call first):
       [0] _process (res://addons/GdPlanningAI/gdpai_autoload.gd:21)
[GdPAI | debug] ApplyEffect [Before] ID=InstanceId(-9223371556338528164): agent props = {"hunger": 70.0627442063492, "at_target": null, "held_item": "wood", "entity": null}
[GdPAI | debug] ApplyEffect [After] ID=InstanceId(-9223371556338528164): agent props = {"hunger": 70.0627442063492, "at_target": null, "held_item": "wood", "entity": null}
[GdPAI | debug]   Snapshotting prop: hunger = Float(70.0627442063492) (Variant type: FLOAT)
[GdPAI | debug]   Snapshotting prop: at_target = Nil (Variant type: NIL)
[GdPAI | debug]   Snapshotting prop: held_item = Str("wood") (Variant type: STRING)
[GdPAI | debug]   Snapshotting prop: entity = Nil (Variant type: NIL)
[GdPAI] A* Iteration: pop node with chain length 2
[GdPAI | debug] find_candidates: Checking 15 actions against 0 preconds and 2 requirements
WARNING: [GdPAI] ObjectRef(124621163998): object was freed before callback; returning Nil.
   at: gdplanningai_rust::logger::process_logs (src\logger.rs:66)
   GDScript backtrace (most recent call first):
       [0] _start_plan_and_wait (res://test/integration/test_campfire_example_smoke.gd:57)
WARNING: [GdPAI] ObjectRef(124621163998): object was freed before callback; returning Nil.
   at: gdplanningai_rust::logger::process_logs (src\logger.rs:66)
   GDScript backtrace (most recent call first):
       [0] _start_plan_and_wait (res://test/integration/test_campfire_example_smoke.gd:57)
[GdPAI | debug] Found candidate: Go To (satisfied preconds: [], requirements: [1])
[GdPAI | debug] ApplyEffect [Before] ID=InstanceId(-9223371554576920498): agent props = {"entity": VariantGd { id: 410756582849, class: RigidBody2D }, "held_item": "potato", "hunger": 60.063781666666664}
[GdPAI | debug] ApplyEffect [After] ID=InstanceId(-9223371554576920498): agent props = {"held_item": "potato", "hunger": 60.063781666666664, "entity": VariantGd { id: 410756582849, class: RigidBody2D }}
[GdPAI | debug]   Snapshotting prop: held_item = Str("potato") (Variant type: STRING)
[GdPAI | debug]   Snapshotting prop: hunger = Float(60.063781666666664) (Variant type: FLOAT)
[GdPAI | debug]   Snapshotting prop: entity = ObjectRef(410756582849) (Variant type: OBJECT)
[GdPAI | debug] Discovery: Simulation success for Dig Potato. Agent props: {"hunger": Float(60.063781666666664), "entity": ObjectRef(410756582849), "held_item": Str("potato")}
[GdPAI | debug] Numeric comparison: 60.063781666666664 LessThan 45.063781666666664 -> false
[GdPAI | debug] Discovery: Action Dig Potato did NOT satisfy precond Builtin { target: Agent, operation: LessThan, property_name: "hunger", value: Some(Float(45.063781666666664)) }
WARNING: [GdPAI] ObjectRef(124621163998): object was freed before callback; returning Nil.
   at: gdplanningai_rust::logger::process_logs (src\logger.rs:66)
   GDScript backtrace (most recent call first):
       [0] _process (res://addons/GdPlanningAI/gdpai_autoload.gd:21)
WARNING: [GdPAI] ObjectRef(124621163998): object was freed before callback; returning Nil.
   at: gdplanningai_rust::logger::process_logs (src\logger.rs:66)
   GDScript backtrace (most recent call first):
       [0] _process (res://addons/GdPlanningAI/gdpai_autoload.gd:21)
[GdPAI | debug] Found candidate: Go To (satisfied preconds: [], requirements: [1])
WARNING: [GdPAI] ObjectRef(124621163998): object was freed before callback; returning Nil.
   at: gdplanningai_rust::logger::process_logs (src\logger.rs:66)
   GDScript backtrace (most recent call first):
       [0] _start_plan_and_wait (res://test/integration/test_campfire_example_smoke.gd:57)
WARNING: [GdPAI] ObjectRef(124621163998): object was freed before callback; returning Nil.
   at: gdplanningai_rust::logger::process_logs (src\logger.rs:66)
   GDScript backtrace (most recent call first):
       [0] _start_plan_and_wait (res://test/integration/test_campfire_example_smoke.gd:57)
[GdPAI | debug] Discovery: Action Cook Potato failed validity check, skipping
WARNING: [GdPAI] ObjectRef(124621163998): object was freed before callback; returning Nil.
   at: gdplanningai_rust::logger::process_logs (src\logger.rs:66)
   GDScript backtrace (most recent call first):
       [0] _process (res://addons/GdPlanningAI/gdpai_autoload.gd:21)
WARNING: [GdPAI] ObjectRef(124621163998): object was freed before callback; returning Nil.
   at: gdplanningai_rust::logger::process_logs (src\logger.rs:66)
   GDScript backtrace (most recent call first):
       [0] _process (res://addons/GdPlanningAI/gdpai_autoload.gd:21)
[GdPAI | debug] Discovery: Action Dig Potato failed validity check, skipping
WARNING: [GdPAI] ObjectRef(124621163998): object was freed before callback; returning Nil.
   at: gdplanningai_rust::logger::process_logs (src\logger.rs:66)
   GDScript backtrace (most recent call first):
       [0] _start_plan_and_wait (res://test/integration/test_campfire_example_smoke.gd:57)
WARNING: [GdPAI] ObjectRef(124621163998): object was freed before callback; returning Nil.
   at: gdplanningai_rust::logger::process_logs (src\logger.rs:66)
   GDScript backtrace (most recent call first):
       [0] _start_plan_and_wait (res://test/integration/test_campfire_example_smoke.gd:57)
[GdPAI | debug] Discovery: Action Dig Potato failed validity check, skipping
[GdPAI | debug] Discovery: Starting simulation for action Dig Potato
WARNING: [GdPAI] ObjectRef(124621163998): object was freed before callback; returning Nil.
   at: gdplanningai_rust::logger::process_logs (src\logger.rs:66)
   GDScript backtrace (most recent call first):
       [0] _process (res://addons/GdPlanningAI/gdpai_autoload.gd:21)
WARNING: [GdPAI] ObjectRef(124621163998): object was freed before callback; returning Nil.
   at: gdplanningai_rust::logger::process_logs (src\logger.rs:66)
   GDScript backtrace (most recent call first):
       [0] _process (res://addons/GdPlanningAI/gdpai_autoload.gd:21)
[GdPAI | debug] Discovery: Action Dig Potato failed validity check, skipping
WARNING: [GdPAI] ObjectRef(124621163998): object was freed before callback; returning Nil.
   at: gdplanningai_rust::logger::process_logs (src\logger.rs:66)
   GDScript backtrace (most recent call first):
       [0] _start_plan_and_wait (res://test/integration/test_campfire_example_smoke.gd:57)
WARNING: [GdPAI] ObjectRef(124621163998): object was freed before callback; returning Nil.
   at: gdplanningai_rust::logger::process_logs (src\logger.rs:66)
   GDScript backtrace (most recent call first):
       [0] _start_plan_and_wait (res://test/integration/test_campfire_example_smoke.gd:57)
[GdPAI | debug] Discovery: Action Dig Potato failed validity check, skipping
[GdPAI | debug] ApplyEffect [Before] ID=InstanceId(-9223371547077504886): agent props = {"hunger": 60.063781666666664, "held_item": "potato", "entity": VariantGd { id: 410756582849, class: RigidBody2D }}
[GdPAI | debug] ApplyEffect [After] ID=InstanceId(-9223371547077504886): agent props = {"hunger": 60.063781666666664, "entity": VariantGd { id: 410756582849, class: RigidBody2D }, "held_item": "potato"}
[GdPAI | debug]   Snapshotting prop: hunger = Float(60.063781666666664) (Variant type: FLOAT)
[GdPAI | debug]   Snapshotting prop: entity = ObjectRef(410756582849) (Variant type: OBJECT)
[GdPAI | debug]   Snapshotting prop: held_item = Str("potato") (Variant type: STRING)
[GdPAI | debug] Discovery: Simulation success for Dig Potato. Agent props: {"held_item": Str("potato"), "hunger": Float(60.063781666666664), "entity": ObjectRef(410756582849)}
[GdPAI | debug] Numeric comparison: 60.063781666666664 LessThan 45.063781666666664 -> false
[GdPAI | debug] Discovery: Action Dig Potato did NOT satisfy precond Builtin { target: Agent, operation: LessThan, property_name: "hunger", value: Some(Float(45.063781666666664)) }
WARNING: [GdPAI] ObjectRef(124621163998): object was freed before callback; returning Nil.
   at: gdplanningai_rust::logger::process_logs (src\logger.rs:66)
   GDScript backtrace (most recent call first):
       [0] _process (res://addons/GdPlanningAI/gdpai_autoload.gd:21)
WARNING: [GdPAI] ObjectRef(124621163998): object was freed before callback; returning Nil.
   at: gdplanningai_rust::logger::process_logs (src\logger.rs:66)
   GDScript backtrace (most recent call first):
       [0] _process (res://addons/GdPlanningAI/gdpai_autoload.gd:21)
[GdPAI | debug] Discovery: Action Dig Potato failed validity check, skipping
WARNING: [GdPAI] ObjectRef(124621163998): object was freed before callback; returning Nil.
   at: gdplanningai_rust::logger::process_logs (src\logger.rs:66)
   GDScript backtrace (most recent call first):
       [0] _start_plan_and_wait (res://test/integration/test_campfire_example_smoke.gd:57)
WARNING: [GdPAI] ObjectRef(124621163998): object was freed before callback; returning Nil.
   at: gdplanningai_rust::logger::process_logs (src\logger.rs:66)
   GDScript backtrace (most recent call first):
       [0] _start_plan_and_wait (res://test/integration/test_campfire_example_smoke.gd:57)
WARNING: [GdPAI] ObjectRef(124285619658): object was freed before callback; returning Nil.
   at: gdplanningai_rust::logger::process_logs (src\logger.rs:66)
   GDScript backtrace (most recent call first):
       [0] _start_plan_and_wait (res://test/integration/test_campfire_example_smoke.gd:57)
WARNING: [GdPAI] ObjectRef(124285619658): object was freed before callback; returning Nil.
   at: gdplanningai_rust::logger::process_logs (src\logger.rs:66)
   GDScript backtrace (most recent call first):
       [0] _start_plan_and_wait (res://test/integration/test_campfire_example_smoke.gd:57)
[GdPAI | debug] GetCost: callable returned non-numeric value: null; returning INFINITY
WARNING: [GdPAI] ObjectRef(124621163998): object was freed before callback; returning Nil.
   at: gdplanningai_rust::logger::process_logs (src\logger.rs:66)
   GDScript backtrace (most recent call first):
       [0] _process (res://addons/GdPlanningAI/gdpai_autoload.gd:21)
WARNING: [GdPAI] ObjectRef(124621163998): object was freed before callback; returning Nil.
   at: gdplanningai_rust::logger::process_logs (src\logger.rs:66)
   GDScript backtrace (most recent call first):
       [0] _process (res://addons/GdPlanningAI/gdpai_autoload.gd:21)
WARNING: [GdPAI] ObjectRef(124285619658): object was freed before callback; returning Nil.
   at: gdplanningai_rust::logger::process_logs (src\logger.rs:66)
   GDScript backtrace (most recent call first):
       [0] _process (res://addons/GdPlanningAI/gdpai_autoload.gd:21)
WARNING: [GdPAI] ObjectRef(124285619658): object was freed before callback; returning Nil.
   at: gdplanningai_rust::logger::process_logs (src\logger.rs:66)
   GDScript backtrace (most recent call first):
       [0] _process (res://addons/GdPlanningAI/gdpai_autoload.gd:21)
[GdPAI | debug] ApplyEffect [Before] ID=InstanceId(-9223371543789170563): agent props = {"at_target": null, "held_item": "", "hunger": 70.0627442063492, "entity": null}
[GdPAI | debug] ApplyEffect [After] ID=InstanceId(-9223371543789170563): agent props = {"at_target": null, "held_item": "", "hunger": 70.0627442063492, "entity": null}
[GdPAI | debug]   Snapshotting prop: at_target = Nil (Variant type: NIL)
[GdPAI | debug]   Snapshotting prop: held_item = Str("") (Variant type: STRING)
[GdPAI | debug]   Snapshotting prop: hunger = Float(70.0627442063492) (Variant type: FLOAT)
[GdPAI | debug]   Snapshotting prop: entity = Nil (Variant type: NIL)
WARNING: [GdPAI] ObjectRef(124621163998): object was freed before callback; returning Nil.
   at: gdplanningai_rust::logger::process_logs (src\logger.rs:66)
   GDScript backtrace (most recent call first):
       [0] _start_plan_and_wait (res://test/integration/test_campfire_example_smoke.gd:57)
WARNING: [GdPAI] ObjectRef(124285619658): object was freed before callback; returning Nil.
   at: gdplanningai_rust::logger::process_logs (src\logger.rs:66)
   GDScript backtrace (most recent call first):
       [0] _start_plan_and_wait (res://test/integration/test_campfire_example_smoke.gd:57)
WARNING: [GdPAI] ObjectRef(124285619658): object was freed before callback; returning Nil.
   at: gdplanningai_rust::logger::process_logs (src\logger.rs:66)
   GDScript backtrace (most recent call first):
       [0] _start_plan_and_wait (res://test/integration/test_campfire_example_smoke.gd:57)
[GdPAI | debug] GetCost: callable returned non-numeric value: null; returning INFINITY
[GdPAI | debug] Discovery: Starting simulation for action Dig Potato
WARNING: [GdPAI] ObjectRef(124621163998): object was freed before callback; returning Nil.
   at: gdplanningai_rust::logger::process_logs (src\logger.rs:66)
   GDScript backtrace (most recent call first):
       [0] _process (res://addons/GdPlanningAI/gdpai_autoload.gd:21)
WARNING: [GdPAI] ObjectRef(124285619658): object was freed before callback; returning Nil.
   at: gdplanningai_rust::logger::process_logs (src\logger.rs:66)
   GDScript backtrace (most recent call first):
       [0] _process (res://addons/GdPlanningAI/gdpai_autoload.gd:21)
WARNING: [GdPAI] ObjectRef(124285619658): object was freed before callback; returning Nil.
   at: gdplanningai_rust::logger::process_logs (src\logger.rs:66)
   GDScript backtrace (most recent call first):
       [0] _process (res://addons/GdPlanningAI/gdpai_autoload.gd:21)
[GdPAI | debug] ApplyEffect [Before] ID=InstanceId(-9223371541138370418): agent props = {"entity": null, "hunger": 70.0627442063492, "at_target": null, "held_item": ""}
[GdPAI | debug] ApplyEffect [After] ID=InstanceId(-9223371541138370418): agent props = {"entity": null, "hunger": 70.0627442063492, "at_target": null, "held_item": ""}
[GdPAI | debug]   Snapshotting prop: entity = Nil (Variant type: NIL)
[GdPAI | debug]   Snapshotting prop: hunger = Float(70.0627442063492) (Variant type: FLOAT)
[GdPAI | debug]   Snapshotting prop: at_target = Nil (Variant type: NIL)
[GdPAI | debug]   Snapshotting prop: held_item = Str("") (Variant type: STRING)
WARNING: [GdPAI] ObjectRef(124621163998): object was freed before callback; returning Nil.
   at: gdplanningai_rust::logger::process_logs (src\logger.rs:66)
   GDScript backtrace (most recent call first):
       [0] _start_plan_and_wait (res://test/integration/test_campfire_example_smoke.gd:57)
[GdPAI | debug] GetCost: callable returned non-numeric value: null; returning INFINITY
[GdPAI | debug] ApplyEffect [Before] ID=InstanceId(-9223371539276099390): agent props = {"entity": VariantGd { id: 410756582849, class: RigidBody2D }, "held_item": "potato", "hunger": 60.063781666666664}
[GdPAI | debug] ApplyEffect [After] ID=InstanceId(-9223371539276099390): agent props = {"held_item": "potato", "entity": VariantGd { id: 410756582849, class: RigidBody2D }, "hunger": 60.063781666666664}
[GdPAI | debug]   Snapshotting prop: held_item = Str("potato") (Variant type: STRING)
[GdPAI | debug]   Snapshotting prop: entity = ObjectRef(410756582849) (Variant type: OBJECT)
[GdPAI | debug]   Snapshotting prop: hunger = Float(60.063781666666664) (Variant type: FLOAT)
[GdPAI | debug] Discovery: Simulation success for Dig Potato. Agent props: {"held_item": Str("potato"), "entity": ObjectRef(410756582849), "hunger": Float(60.063781666666664)}
[GdPAI | debug] Numeric comparison: 60.063781666666664 LessThan 45.063781666666664 -> false
[GdPAI | debug] Discovery: Action Dig Potato did NOT satisfy precond Builtin { target: Agent, operation: LessThan, property_name: "hunger", value: Some(Float(45.063781666666664)) }
WARNING: [GdPAI] ObjectRef(124621163998): object was freed before callback; returning Nil.
   at: gdplanningai_rust::logger::process_logs (src\logger.rs:66)
   GDScript backtrace (most recent call first):
       [0] _process (res://addons/GdPlanningAI/gdpai_autoload.gd:21)
[GdPAI | debug] ApplyEffect [Before] ID=InstanceId(-9223371538638565195): agent props = {"held_item": "wood", "hunger": 70.0627442063492, "entity": null, "at_target": null}
[GdPAI | debug] ApplyEffect [After] ID=InstanceId(-9223371538638565195): agent props = {"held_item": "wood", "hunger": 70.0627442063492, "entity": null, "at_target": null}
[GdPAI | debug]   Snapshotting prop: held_item = Str("wood") (Variant type: STRING)
[GdPAI | debug]   Snapshotting prop: hunger = Float(70.0627442063492) (Variant type: FLOAT)
[GdPAI | debug]   Snapshotting prop: entity = Nil (Variant type: NIL)
[GdPAI | debug]   Snapshotting prop: at_target = Nil (Variant type: NIL)
WARNING: [GdPAI] ObjectRef(124621163998): object was freed before callback; returning Nil.
   at: gdplanningai_rust::logger::process_logs (src\logger.rs:66)
   GDScript backtrace (most recent call first):
       [0] _start_plan_and_wait (res://test/integration/test_campfire_example_smoke.gd:57)
WARNING: [GdPAI] ObjectRef(124621163998): object was freed before callback; returning Nil.
   at: gdplanningai_rust::logger::process_logs (src\logger.rs:66)
   GDScript backtrace (most recent call first):
       [0] _start_plan_and_wait (res://test/integration/test_campfire_example_smoke.gd:57)
WARNING: [GdPAI] ObjectRef(124285619658): object was freed before callback; returning Nil.
   at: gdplanningai_rust::logger::process_logs (src\logger.rs:66)
   GDScript backtrace (most recent call first):
       [0] _start_plan_and_wait (res://test/integration/test_campfire_example_smoke.gd:57)
WARNING: [GdPAI] ObjectRef(124285619658): object was freed before callback; returning Nil.
   at: gdplanningai_rust::logger::process_logs (src\logger.rs:66)
   GDScript backtrace (most recent call first):
       [0] _start_plan_and_wait (res://test/integration/test_campfire_example_smoke.gd:57)
[GdPAI | debug] GetCost: callable returned non-numeric value: null; returning INFINITY
WARNING: [GdPAI] ObjectRef(124621163998): object was freed before callback; returning Nil.
   at: gdplanningai_rust::logger::process_logs (src\logger.rs:66)
   GDScript backtrace (most recent call first):
       [0] _process (res://addons/GdPlanningAI/gdpai_autoload.gd:21)
WARNING: [GdPAI] ObjectRef(124621163998): object was freed before callback; returning Nil.
   at: gdplanningai_rust::logger::process_logs (src\logger.rs:66)
   GDScript backtrace (most recent call first):
       [0] _process (res://addons/GdPlanningAI/gdpai_autoload.gd:21)
WARNING: [GdPAI] ObjectRef(124285619658): object was freed before callback; returning Nil.
   at: gdplanningai_rust::logger::process_logs (src\logger.rs:66)
   GDScript backtrace (most recent call first):
       [0] _process (res://addons/GdPlanningAI/gdpai_autoload.gd:21)
WARNING: [GdPAI] ObjectRef(124285619658): object was freed before callback; returning Nil.
   at: gdplanningai_rust::logger::process_logs (src\logger.rs:66)
   GDScript backtrace (most recent call first):
       [0] _process (res://addons/GdPlanningAI/gdpai_autoload.gd:21)
[GdPAI | debug] ApplyEffect [Before] ID=InstanceId(-9223371536088428383): agent props = {"held_item": "", "entity": null, "hunger": 70.0627442063492, "at_target": null}
[GdPAI | debug] ApplyEffect [After] ID=InstanceId(-9223371536088428383): agent props = {"held_item": "", "entity": null, "hunger": 70.0627442063492, "at_target": null}
[GdPAI | debug]   Snapshotting prop: held_item = Str("") (Variant type: STRING)
[GdPAI | debug]   Snapshotting prop: entity = Nil (Variant type: NIL)
[GdPAI | debug]   Snapshotting prop: hunger = Float(70.0627442063492) (Variant type: FLOAT)
[GdPAI | debug]   Snapshotting prop: at_target = Nil (Variant type: NIL)
WARNING: [GdPAI] ObjectRef(124621163998): object was freed before callback; returning Nil.
   at: gdplanningai_rust::logger::process_logs (src\logger.rs:66)
   GDScript backtrace (most recent call first):
       [0] _start_plan_and_wait (res://test/integration/test_campfire_example_smoke.gd:57)
WARNING: [GdPAI] ObjectRef(124285619658): object was freed before callback; returning Nil.
   at: gdplanningai_rust::logger::process_logs (src\logger.rs:66)
   GDScript backtrace (most recent call first):
       [0] _start_plan_and_wait (res://test/integration/test_campfire_example_smoke.gd:57)
WARNING: [GdPAI] ObjectRef(124285619658): object was freed before callback; returning Nil.
   at: gdplanningai_rust::logger::process_logs (src\logger.rs:66)
   GDScript backtrace (most recent call first):
       [0] _start_plan_and_wait (res://test/integration/test_campfire_example_smoke.gd:57)
[GdPAI | debug] GetCost: callable returned non-numeric value: null; returning INFINITY
[GdPAI | debug] Discovery: Starting simulation for action Dig Potato
WARNING: [GdPAI] ObjectRef(124621163998): object was freed before callback; returning Nil.
   at: gdplanningai_rust::logger::process_logs (src\logger.rs:66)
   GDScript backtrace (most recent call first):
       [0] _process (res://addons/GdPlanningAI/gdpai_autoload.gd:21)
WARNING: [GdPAI] ObjectRef(124285619658): object was freed before callback; returning Nil.
   at: gdplanningai_rust::logger::process_logs (src\logger.rs:66)
   GDScript backtrace (most recent call first):
       [0] _process (res://addons/GdPlanningAI/gdpai_autoload.gd:21)
WARNING: [GdPAI] ObjectRef(124285619658): object was freed before callback; returning Nil.
   at: gdplanningai_rust::logger::process_logs (src\logger.rs:66)
   GDScript backtrace (most recent call first):
       [0] _process (res://addons/GdPlanningAI/gdpai_autoload.gd:21)
[GdPAI | debug] ApplyEffect [Before] ID=InstanceId(-9223371533437628241): agent props = {"held_item": "", "at_target": null, "hunger": 70.0627442063492, "entity": null}
[GdPAI | debug] ApplyEffect [After] ID=InstanceId(-9223371533437628241): agent props = {"held_item": "", "at_target": null, "hunger": 70.0627442063492, "entity": null}
[GdPAI | debug]   Snapshotting prop: held_item = Str("") (Variant type: STRING)
[GdPAI | debug]   Snapshotting prop: at_target = Nil (Variant type: NIL)
[GdPAI | debug]   Snapshotting prop: hunger = Float(70.0627442063492) (Variant type: FLOAT)
[GdPAI | debug]   Snapshotting prop: entity = Nil (Variant type: NIL)
WARNING: [GdPAI] ObjectRef(124621163998): object was freed before callback; returning Nil.
   at: gdplanningai_rust::logger::process_logs (src\logger.rs:66)
   GDScript backtrace (most recent call first):
       [0] _start_plan_and_wait (res://test/integration/test_campfire_example_smoke.gd:57)
[GdPAI | debug] GetCost: callable returned non-numeric value: null; returning INFINITY
[GdPAI | debug] ApplyEffect [Before] ID=InstanceId(-9223371531575357220): agent props = {"entity": VariantGd { id: 410756582849, class: RigidBody2D }, "held_item": "potato", "hunger": 60.063781666666664}
[GdPAI | debug] ApplyEffect [After] ID=InstanceId(-9223371531575357220): agent props = {"held_item": "potato", "entity": VariantGd { id: 410756582849, class: RigidBody2D }, "hunger": 60.063781666666664}
[GdPAI | debug]   Snapshotting prop: held_item = Str("potato") (Variant type: STRING)
[GdPAI | debug]   Snapshotting prop: entity = ObjectRef(410756582849) (Variant type: OBJECT)
[GdPAI | debug]   Snapshotting prop: hunger = Float(60.063781666666664) (Variant type: FLOAT)
[GdPAI | debug] Discovery: Simulation success for Dig Potato. Agent props: {"hunger": Float(60.063781666666664), "entity": ObjectRef(410756582849), "held_item": Str("potato")}
[GdPAI | debug] Numeric comparison: 60.063781666666664 LessThan 45.063781666666664 -> false
[GdPAI | debug] Discovery: Action Dig Potato did NOT satisfy precond Builtin { target: Agent, operation: LessThan, property_name: "hunger", value: Some(Float(45.063781666666664)) }
[GdPAI | debug] No candidates found for branch with 1 preconds and 0 requirements
[GdPAI | debug] PlannerEngine: Searching for goal 'Maintain Fire' (reward: 40)
[GdPAI] PlannerEngine: Searching for goal 'Maintain Fire'
WARNING: [GdPAI] ObjectRef(124621163998): object was freed before callback; returning Nil.
   at: gdplanningai_rust::logger::process_logs (src\logger.rs:66)
   GDScript backtrace (most recent call first):
       [0] _process (res://addons/GdPlanningAI/gdpai_autoload.gd:21)
[GdPAI | debug] ApplyEffect [Before] ID=InstanceId(-9223371530937823001): agent props = {"at_target": null, "hunger": 70.0627442063492, "held_item": "wood", "entity": null}
[GdPAI | debug] ApplyEffect [After] ID=InstanceId(-9223371530937823001): agent props = {"at_target": null, "hunger": 70.0627442063492, "held_item": "wood", "entity": null}
[GdPAI | debug]   Snapshotting prop: at_target = Nil (Variant type: NIL)
[GdPAI | debug]   Snapshotting prop: hunger = Float(70.0627442063492) (Variant type: FLOAT)
[GdPAI | debug]   Snapshotting prop: held_item = Str("wood") (Variant type: STRING)
[GdPAI | debug]   Snapshotting prop: entity = Nil (Variant type: NIL)
[GdPAI | debug] SimObjectProxy::is_in_group: object 411729661472 in group CampfireObject -> false
[GdPAI | debug] SimObjectProxy::is_in_group: object 410236489256 in group CampfireObject -> false
[GdPAI | debug] SimObjectProxy::is_in_group: object 410387484075 in group CampfireObject -> false
[GdPAI | debug] SimObjectProxy::is_in_group: object 411125681621 in group CampfireObject -> false
[GdPAI | debug] SimObjectProxy::is_in_group: object 410253266491 in group CampfireObject -> false
[GdPAI | debug] SimObjectProxy::is_in_group: object 411142458838 in group CampfireObject -> false
[GdPAI | debug] SimObjectProxy::is_in_group: object 411595443774 in group CampfireObject -> false
[GdPAI | debug] SimObjectProxy::is_in_group: object 411578666559 in group CampfireObject -> false
[GdPAI | debug] SimObjectProxy::is_in_group: object 410102271529 in group CampfireObject -> false
[GdPAI | debug] SimObjectProxy::is_in_group: object 411310231007 in group CampfireObject -> false
[GdPAI | debug] SimObjectProxy::is_in_group: object 411612220989 in group CampfireObject -> false
[GdPAI | debug] SimObjectProxy::is_in_group: object 411159236055 in group CampfireObject -> false
[GdPAI | debug] SimObjectProxy::is_in_group: object 410538479028 in group CampfireObject -> false
[GdPAI | debug] SimObjectProxy::is_in_group: object 410555256245 in group CampfireObject -> false
[GdPAI | debug] SimObjectProxy::is_in_group: object 411746438689 in group CampfireObject -> false
[GdPAI | debug] SimObjectProxy::is_in_group: object 410119048568 in group CampfireObject -> false
[GdPAI | debug] SimObjectProxy::is_in_group: object 410689473981 in group CampfireObject -> false
[GdPAI | debug] SimObjectProxy::is_in_group: object 410957909451 in group CampfireObject -> false
[GdPAI | debug] SimObjectProxy::is_in_group: object 411461226054 in group CampfireObject -> false
[GdPAI | debug] SimObjectProxy::is_in_group: object 411444448743 in group CampfireObject -> false
[GdPAI | debug] SimObjectProxy::is_in_group: object 410572033462 in group CampfireObject -> false
[GdPAI | debug] SimObjectProxy::is_in_group: object 410706251198 in group CampfireObject -> false
[GdPAI | debug] SimObjectProxy::is_in_group: object 410723028415 in group CampfireObject -> false
[GdPAI | debug] SimObjectProxy::is_in_group: object 411276676574 in group CampfireObject -> false
[GdPAI | debug] SimObjectProxy::is_in_group: object 410085494329 in group CampfireObject -> true
[GdPAI | debug] SimObjectProxy::is_in_group: object 411427671526 in group CampfireObject -> false
[GdPAI | debug] SimObjectProxy::is_in_group: object 410270043701 in group CampfireObject -> false
[GdPAI | debug] SimObjectProxy::is_in_group: object 411763215901 in group CampfireObject -> false
[GdPAI | debug] SimObjectProxy::is_in_group: object 410404261292 in group CampfireObject -> false
[GdPAI | debug] SimObjectProxy::is_in_group: object 411293453698 in group CampfireObject -> false
[GdPAI | debug] SimObjectProxy::is_in_group: object 410421038509 in group CampfireObject -> false
[GdPAI] A* Iteration: pop node with chain length 2
[GdPAI | debug] find_candidates: Checking 15 actions against 0 preconds and 2 requirements
[GdPAI]   Root branch: 1 open preconds, 0 open requirements
[GdPAI]     Precond 0: Custom { callable_id: 55, dependent_object_ids: [] }
[GdPAI] A* Iteration: pop node with chain length 0
[GdPAI | debug] find_candidates: Checking 15 actions against 1 preconds and 0 requirements
WARNING: [GdPAI] ObjectRef(124621163998): object was freed before callback; returning Nil.
   at: gdplanningai_rust::logger::process_logs (src\logger.rs:66)
   GDScript backtrace (most recent call first):
       [0] _start_plan_and_wait (res://test/integration/test_campfire_example_smoke.gd:57)
WARNING: [GdPAI] ObjectRef(124621163998): object was freed before callback; returning Nil.
   at: gdplanningai_rust::logger::process_logs (src\logger.rs:66)
   GDScript backtrace (most recent call first):
       [0] _start_plan_and_wait (res://test/integration/test_campfire_example_smoke.gd:57)
[GdPAI | debug] Found candidate: Go To (satisfied preconds: [], requirements: [1])
[GdPAI | debug] Discovery: Starting simulation for action Go To
WARNING: [GdPAI] ObjectRef(124621163998): object was freed before callback; returning Nil.
   at: gdplanningai_rust::logger::process_logs (src\logger.rs:66)
   GDScript backtrace (most recent call first):
       [0] _process (res://addons/GdPlanningAI/gdpai_autoload.gd:21)
WARNING: [GdPAI] ObjectRef(124621163998): object was freed before callback; returning Nil.
   at: gdplanningai_rust::logger::process_logs (src\logger.rs:66)
   GDScript backtrace (most recent call first):
       [0] _process (res://addons/GdPlanningAI/gdpai_autoload.gd:21)
[GdPAI | debug] Found candidate: Go To (satisfied preconds: [], requirements: [1])
WARNING: [GdPAI] ObjectRef(124621163998): object was freed before callback; returning Nil.
   at: gdplanningai_rust::logger::process_logs (src\logger.rs:66)
   GDScript backtrace (most recent call first):
       [0] _start_plan_and_wait (res://test/integration/test_campfire_example_smoke.gd:57)
WARNING: [GdPAI] ObjectRef(124621163998): object was freed before callback; returning Nil.
   at: gdplanningai_rust::logger::process_logs (src\logger.rs:66)
   GDScript backtrace (most recent call first):
       [0] _start_plan_and_wait (res://test/integration/test_campfire_example_smoke.gd:57)
[GdPAI | debug] Discovery: Action Cook Potato failed validity check, skipping
[GdPAI | debug] ApplyEffect [Before] ID=InstanceId(-9223371526676410120): agent props = {"held_item": "potato", "hunger": 60.063781666666664, "entity": VariantGd { id: 410756582849, class: RigidBody2D }}
[GdPAI | debug] ApplyEffect [After] ID=InstanceId(-9223371526676410120): agent props = {"held_item": "potato", "hunger": 60.063781666666664, "entity": VariantGd { id: 410756582849, class: RigidBody2D }}
[GdPAI | debug]   Snapshotting prop: held_item = Str("potato") (Variant type: STRING)
[GdPAI | debug]   Snapshotting prop: hunger = Float(60.063781666666664) (Variant type: FLOAT)
[GdPAI | debug]   Snapshotting prop: entity = ObjectRef(410756582849) (Variant type: OBJECT)
[GdPAI | debug] Discovery: Simulation success for Go To. Agent props: {"entity": ObjectRef(410756582849), "hunger": Float(60.063781666666664), "held_item": Str("potato")}
WARNING: [GdPAI] ObjectRef(124621163998): object was freed before callback; returning Nil.
   at: gdplanningai_rust::logger::process_logs (src\logger.rs:66)
   GDScript backtrace (most recent call first):
       [0] _process (res://addons/GdPlanningAI/gdpai_autoload.gd:21)
WARNING: [GdPAI] ObjectRef(124621163998): object was freed before callback; returning Nil.
   at: gdplanningai_rust::logger::process_logs (src\logger.rs:66)
   GDScript backtrace (most recent call first):
       [0] _process (res://addons/GdPlanningAI/gdpai_autoload.gd:21)
[GdPAI | debug] Discovery: Action Dig Potato failed validity check, skipping
[GdPAI | debug] SimObjectProxy::is_in_group: object 411276676574 in group CampfireObject -> false
[GdPAI | debug] SimObjectProxy::is_in_group: object 411125681621 in group CampfireObject -> false
[GdPAI | debug] SimObjectProxy::is_in_group: object 410253266491 in group CampfireObject -> false
[GdPAI | debug] SimObjectProxy::is_in_group: object 411729661472 in group CampfireObject -> false
[GdPAI | debug] SimObjectProxy::is_in_group: object 410706251198 in group CampfireObject -> false
[GdPAI | debug] SimObjectProxy::is_in_group: object 411578666559 in group CampfireObject -> false
[GdPAI | debug] SimObjectProxy::is_in_group: object 411310231007 in group CampfireObject -> false
[GdPAI | debug] SimObjectProxy::is_in_group: object 411763215901 in group CampfireObject -> false
[GdPAI | debug] SimObjectProxy::is_in_group: object 410723028415 in group CampfireObject -> false
[GdPAI | debug] SimObjectProxy::is_in_group: object 410119048568 in group CampfireObject -> false
[GdPAI | debug] SimObjectProxy::is_in_group: object 410555256245 in group CampfireObject -> false
[GdPAI | debug] SimObjectProxy::is_in_group: object 411142458838 in group CampfireObject -> false
[GdPAI | debug] SimObjectProxy::is_in_group: object 410102271529 in group CampfireObject -> false
[GdPAI | debug] SimObjectProxy::is_in_group: object 411612220989 in group CampfireObject -> false
[GdPAI | debug] SimObjectProxy::is_in_group: object 411461226054 in group CampfireObject -> false
[GdPAI | debug] SimObjectProxy::is_in_group: object 410387484075 in group CampfireObject -> false
[GdPAI | debug] SimObjectProxy::is_in_group: object 411595443774 in group CampfireObject -> false
[GdPAI | debug] SimObjectProxy::is_in_group: object 411293453698 in group CampfireObject -> false
[GdPAI | debug] SimObjectProxy::is_in_group: object 411159236055 in group CampfireObject -> false
[GdPAI | debug] SimObjectProxy::is_in_group: object 410421038509 in group CampfireObject -> false
[GdPAI | debug] SimObjectProxy::is_in_group: object 411427671526 in group CampfireObject -> false
[GdPAI | debug] SimObjectProxy::is_in_group: object 411444448743 in group CampfireObject -> false
[GdPAI | debug] SimObjectProxy::is_in_group: object 411746438689 in group CampfireObject -> false
[GdPAI | debug] SimObjectProxy::is_in_group: object 410085494329 in group CampfireObject -> true
[GdPAI | debug] SimObjectProxy::is_in_group: object 410689473981 in group CampfireObject -> false
[GdPAI | debug] SimObjectProxy::is_in_group: object 410572033462 in group CampfireObject -> false
[GdPAI | debug] SimObjectProxy::is_in_group: object 410404261292 in group CampfireObject -> false
[GdPAI | debug] SimObjectProxy::is_in_group: object 410270043701 in group CampfireObject -> false
[GdPAI | debug] SimObjectProxy::is_in_group: object 410538479028 in group CampfireObject -> false
[GdPAI | debug] SimObjectProxy::is_in_group: object 410957909451 in group CampfireObject -> false
[GdPAI | debug] SimObjectProxy::is_in_group: object 410236489256 in group CampfireObject -> false
[GdPAI | debug] Discovery: Action Go To did NOT satisfy precond Custom { callable_id: 55, dependent_object_ids: [] }
[GdPAI | debug] Discovery: Starting simulation for action Eat Held Food
WARNING: [GdPAI] ObjectRef(124621163998): object was freed before callback; returning Nil.
   at: gdplanningai_rust::logger::process_logs (src\logger.rs:66)
   GDScript backtrace (most recent call first):
       [0] _start_plan_and_wait (res://test/integration/test_campfire_example_smoke.gd:57)
WARNING: [GdPAI] ObjectRef(124621163998): object was freed before callback; returning Nil.
   at: gdplanningai_rust::logger::process_logs (src\logger.rs:66)
   GDScript backtrace (most recent call first):
       [0] _start_plan_and_wait (res://test/integration/test_campfire_example_smoke.gd:57)
[GdPAI | debug] Discovery: Action Dig Potato failed validity check, skipping
WARNING: [GdPAI] ObjectRef(124621163998): object was freed before callback; returning Nil.
   at: gdplanningai_rust::logger::process_logs (src\logger.rs:66)
   GDScript backtrace (most recent call first):
       [0] _process (res://addons/GdPlanningAI/gdpai_autoload.gd:21)
WARNING: [GdPAI] ObjectRef(124621163998): object was freed before callback; returning Nil.
   at: gdplanningai_rust::logger::process_logs (src\logger.rs:66)
   GDScript backtrace (most recent call first):
       [0] _process (res://addons/GdPlanningAI/gdpai_autoload.gd:21)
[GdPAI | debug] Discovery: Action Dig Potato failed validity check, skipping
[GdPAI | debug] ApplyEffect [Before] ID=InstanceId(-9223371522918313741): agent props = {"held_item": "potato", "entity": VariantGd { id: 410756582849, class: RigidBody2D }, "hunger": 60.063781666666664}
[GdPAI | debug] ApplyEffect [After] ID=InstanceId(-9223371522918313741): agent props = {"held_item": "potato", "entity": VariantGd { id: 410756582849, class: RigidBody2D }, "hunger": 60.063781666666664}
[GdPAI | debug]   Snapshotting prop: held_item = Str("potato") (Variant type: STRING)
[GdPAI | debug]   Snapshotting prop: entity = ObjectRef(410756582849) (Variant type: OBJECT)
[GdPAI | debug]   Snapshotting prop: hunger = Float(60.063781666666664) (Variant type: FLOAT)
[GdPAI | debug] Discovery: Simulation success for Eat Held Food. Agent props: {"held_item": Str("potato"), "hunger": Float(60.063781666666664), "entity": ObjectRef(410756582849)}
WARNING: [GdPAI] ObjectRef(124621163998): object was freed before callback; returning Nil.
   at: gdplanningai_rust::logger::process_logs (src\logger.rs:66)
   GDScript backtrace (most recent call first):
       [0] _start_plan_and_wait (res://test/integration/test_campfire_example_smoke.gd:57)
WARNING: [GdPAI] ObjectRef(124621163998): object was freed before callback; returning Nil.
   at: gdplanningai_rust::logger::process_logs (src\logger.rs:66)
   GDScript backtrace (most recent call first):
       [0] _start_plan_and_wait (res://test/integration/test_campfire_example_smoke.gd:57)
[GdPAI | debug] Discovery: Action Dig Potato failed validity check, skipping
[GdPAI | debug] SimObjectProxy::is_in_group: object 410102271529 in group CampfireObject -> false
[GdPAI | debug] SimObjectProxy::is_in_group: object 411293453698 in group CampfireObject -> false
[GdPAI | debug] SimObjectProxy::is_in_group: object 411746438689 in group CampfireObject -> false
[GdPAI | debug] SimObjectProxy::is_in_group: object 411159236055 in group CampfireObject -> false
[GdPAI | debug] SimObjectProxy::is_in_group: object 410404261292 in group CampfireObject -> false
[GdPAI | debug] SimObjectProxy::is_in_group: object 410236489256 in group CampfireObject -> false
[GdPAI | debug] SimObjectProxy::is_in_group: object 410706251198 in group CampfireObject -> false
[GdPAI | debug] SimObjectProxy::is_in_group: object 410555256245 in group CampfireObject -> false
[GdPAI | debug] SimObjectProxy::is_in_group: object 411595443774 in group CampfireObject -> false
[GdPAI | debug] SimObjectProxy::is_in_group: object 410572033462 in group CampfireObject -> false
[GdPAI | debug] SimObjectProxy::is_in_group: object 411142458838 in group CampfireObject -> false
[GdPAI | debug] SimObjectProxy::is_in_group: object 410085494329 in group CampfireObject -> true
[GdPAI | debug] SimObjectProxy::is_in_group: object 410538479028 in group CampfireObject -> false
[GdPAI | debug] SimObjectProxy::is_in_group: object 411125681621 in group CampfireObject -> false
[GdPAI | debug] SimObjectProxy::is_in_group: object 410421038509 in group CampfireObject -> false
[GdPAI | debug] SimObjectProxy::is_in_group: object 410119048568 in group CampfireObject -> false
[GdPAI | debug] SimObjectProxy::is_in_group: object 410387484075 in group CampfireObject -> false
[GdPAI | debug] SimObjectProxy::is_in_group: object 411461226054 in group CampfireObject -> false
[GdPAI | debug] SimObjectProxy::is_in_group: object 411427671526 in group CampfireObject -> false
[GdPAI | debug] SimObjectProxy::is_in_group: object 410270043701 in group CampfireObject -> false
[GdPAI | debug] SimObjectProxy::is_in_group: object 411310231007 in group CampfireObject -> false
[GdPAI | debug] SimObjectProxy::is_in_group: object 411612220989 in group CampfireObject -> false
[GdPAI | debug] SimObjectProxy::is_in_group: object 410253266491 in group CampfireObject -> false
[GdPAI | debug] SimObjectProxy::is_in_group: object 411578666559 in group CampfireObject -> false
[GdPAI | debug] SimObjectProxy::is_in_group: object 411444448743 in group CampfireObject -> false
[GdPAI | debug] SimObjectProxy::is_in_group: object 410723028415 in group CampfireObject -> false
[GdPAI | debug] SimObjectProxy::is_in_group: object 410689473981 in group CampfireObject -> false
[GdPAI | debug] SimObjectProxy::is_in_group: object 411276676574 in group CampfireObject -> false
[GdPAI | debug] SimObjectProxy::is_in_group: object 411729661472 in group CampfireObject -> false
[GdPAI | debug] SimObjectProxy::is_in_group: object 410957909451 in group CampfireObject -> false
[GdPAI | debug] SimObjectProxy::is_in_group: object 411763215901 in group CampfireObject -> false
[GdPAI | debug] Discovery: Action Eat Held Food did NOT satisfy precond Custom { callable_id: 55, dependent_object_ids: [] }
WARNING: [GdPAI] ObjectRef(124621163998): object was freed before callback; returning Nil.
   at: gdplanningai_rust::logger::process_logs (src\logger.rs:66)
   GDScript backtrace (most recent call first):
       [0] _process (res://addons/GdPlanningAI/gdpai_autoload.gd:21)
WARNING: [GdPAI] ObjectRef(124621163998): object was freed before callback; returning Nil.
   at: gdplanningai_rust::logger::process_logs (src\logger.rs:66)
   GDScript backtrace (most recent call first):
       [0] _process (res://addons/GdPlanningAI/gdpai_autoload.gd:21)
[GdPAI | debug] Discovery: Action Dig Potato failed validity check, skipping
[GdPAI | debug] Discovery: Starting simulation for action Go To
WARNING: [GdPAI] ObjectRef(124621163998): object was freed before callback; returning Nil.
   at: gdplanningai_rust::logger::process_logs (src\logger.rs:66)
   GDScript backtrace (most recent call first):
       [0] _start_plan_and_wait (res://test/integration/test_campfire_example_smoke.gd:57)
WARNING: [GdPAI] ObjectRef(124621163998): object was freed before callback; returning Nil.
   at: gdplanningai_rust::logger::process_logs (src\logger.rs:66)
   GDScript backtrace (most recent call first):
       [0] _start_plan_and_wait (res://test/integration/test_campfire_example_smoke.gd:57)
WARNING: [GdPAI] ObjectRef(124436614611): object was freed before callback; returning Nil.
   at: gdplanningai_rust::logger::process_logs (src\logger.rs:66)
   GDScript backtrace (most recent call first):
       [0] _start_plan_and_wait (res://test/integration/test_campfire_example_smoke.gd:57)
WARNING: [GdPAI] ObjectRef(124436614611): object was freed before callback; returning Nil.
   at: gdplanningai_rust::logger::process_logs (src\logger.rs:66)
   GDScript backtrace (most recent call first):
       [0] _start_plan_and_wait (res://test/integration/test_campfire_example_smoke.gd:57)
[GdPAI | debug] GetCost: callable returned non-numeric value: null; returning INFINITY
WARNING: [GdPAI] ObjectRef(124621163998): object was freed before callback; returning Nil.
   at: gdplanningai_rust::logger::process_logs (src\logger.rs:66)
   GDScript backtrace (most recent call first):
       [0] _process (res://addons/GdPlanningAI/gdpai_autoload.gd:21)
WARNING: [GdPAI] ObjectRef(124621163998): object was freed before callback; returning Nil.
   at: gdplanningai_rust::logger::process_logs (src\logger.rs:66)
   GDScript backtrace (most recent call first):
       [0] _process (res://addons/GdPlanningAI/gdpai_autoload.gd:21)
WARNING: [GdPAI] ObjectRef(124436614611): object was freed before callback; returning Nil.
   at: gdplanningai_rust::logger::process_logs (src\logger.rs:66)
   GDScript backtrace (most recent call first):
       [0] _process (res://addons/GdPlanningAI/gdpai_autoload.gd:21)
WARNING: [GdPAI] ObjectRef(124436614611): object was freed before callback; returning Nil.
   at: gdplanningai_rust::logger::process_logs (src\logger.rs:66)
   GDScript backtrace (most recent call first):
       [0] _process (res://addons/GdPlanningAI/gdpai_autoload.gd:21)
[GdPAI | debug] ApplyEffect [Before] ID=InstanceId(-9223371518388465392): agent props = {"entity": null, "hunger": 70.0627442063492, "held_item": "", "at_target": null}
[GdPAI | debug] ApplyEffect [After] ID=InstanceId(-9223371518388465392): agent props = {"entity": null, "hunger": 70.0627442063492, "held_item": "", "at_target": null}
[GdPAI | debug]   Snapshotting prop: entity = Nil (Variant type: NIL)
[GdPAI | debug]   Snapshotting prop: hunger = Float(70.0627442063492) (Variant type: FLOAT)
[GdPAI | debug]   Snapshotting prop: held_item = Str("") (Variant type: STRING)
[GdPAI | debug]   Snapshotting prop: at_target = Nil (Variant type: NIL)
[GdPAI | debug] ApplyEffect [Before] ID=InstanceId(-9223371517818040048): agent props = {"hunger": 60.063781666666664, "entity": VariantGd { id: 410756582849, class: RigidBody2D }, "held_item": "potato"}
[GdPAI | debug] ApplyEffect [After] ID=InstanceId(-9223371517818040048): agent props = {"hunger": 60.063781666666664, "entity": VariantGd { id: 410756582849, class: RigidBody2D }, "held_item": "potato"}
[GdPAI | debug]   Snapshotting prop: hunger = Float(60.063781666666664) (Variant type: FLOAT)
[GdPAI | debug]   Snapshotting prop: entity = ObjectRef(410756582849) (Variant type: OBJECT)
[GdPAI | debug]   Snapshotting prop: held_item = Str("potato") (Variant type: STRING)
[GdPAI | debug] Discovery: Simulation success for Go To. Agent props: {"entity": ObjectRef(410756582849), "held_item": Str("potato"), "hunger": Float(60.063781666666664)}
WARNING: [GdPAI] ObjectRef(124621163998): object was freed before callback; returning Nil.
   at: gdplanningai_rust::logger::process_logs (src\logger.rs:66)
   GDScript backtrace (most recent call first):
       [0] _start_plan_and_wait (res://test/integration/test_campfire_example_smoke.gd:57)
WARNING: [GdPAI] ObjectRef(124436614611): object was freed before callback; returning Nil.
   at: gdplanningai_rust::logger::process_logs (src\logger.rs:66)
   GDScript backtrace (most recent call first):
       [0] _start_plan_and_wait (res://test/integration/test_campfire_example_smoke.gd:57)
WARNING: [GdPAI] ObjectRef(124436614611): object was freed before callback; returning Nil.
   at: gdplanningai_rust::logger::process_logs (src\logger.rs:66)
   GDScript backtrace (most recent call first):
       [0] _start_plan_and_wait (res://test/integration/test_campfire_example_smoke.gd:57)
[GdPAI | debug] GetCost: callable returned non-numeric value: null; returning INFINITY
[GdPAI | debug] SimObjectProxy::is_in_group: object 411595443774 in group CampfireObject -> false
[GdPAI | debug] SimObjectProxy::is_in_group: object 410270043701 in group CampfireObject -> false
[GdPAI | debug] SimObjectProxy::is_in_group: object 411310231007 in group CampfireObject -> false
[GdPAI | debug] SimObjectProxy::is_in_group: object 410236489256 in group CampfireObject -> false
[GdPAI | debug] SimObjectProxy::is_in_group: object 411729661472 in group CampfireObject -> false
[GdPAI | debug] SimObjectProxy::is_in_group: object 411125681621 in group CampfireObject -> false
[GdPAI | debug] SimObjectProxy::is_in_group: object 411444448743 in group CampfireObject -> false
[GdPAI | debug] SimObjectProxy::is_in_group: object 411461226054 in group CampfireObject -> false
[GdPAI | debug] SimObjectProxy::is_in_group: object 411159236055 in group CampfireObject -> false
[GdPAI | debug] SimObjectProxy::is_in_group: object 411746438689 in group CampfireObject -> false
[GdPAI | debug] SimObjectProxy::is_in_group: object 411276676574 in group CampfireObject -> false
[GdPAI | debug] SimObjectProxy::is_in_group: object 411612220989 in group CampfireObject -> false
[GdPAI | debug] SimObjectProxy::is_in_group: object 411578666559 in group CampfireObject -> false
[GdPAI | debug] SimObjectProxy::is_in_group: object 410689473981 in group CampfireObject -> false
[GdPAI | debug] SimObjectProxy::is_in_group: object 410253266491 in group CampfireObject -> false
[GdPAI | debug] SimObjectProxy::is_in_group: object 410706251198 in group CampfireObject -> false
[GdPAI | debug] SimObjectProxy::is_in_group: object 410957909451 in group CampfireObject -> false
[GdPAI | debug] SimObjectProxy::is_in_group: object 410421038509 in group CampfireObject -> false
[GdPAI | debug] SimObjectProxy::is_in_group: object 411427671526 in group CampfireObject -> false
[GdPAI | debug] SimObjectProxy::is_in_group: object 410102271529 in group CampfireObject -> false
[GdPAI | debug] SimObjectProxy::is_in_group: object 410538479028 in group CampfireObject -> false
[GdPAI | debug] SimObjectProxy::is_in_group: object 410085494329 in group CampfireObject -> true
[GdPAI | debug] SimObjectProxy::is_in_group: object 410404261292 in group CampfireObject -> false
[GdPAI | debug] SimObjectProxy::is_in_group: object 411293453698 in group CampfireObject -> false
[GdPAI | debug] SimObjectProxy::is_in_group: object 411142458838 in group CampfireObject -> false
[GdPAI | debug] SimObjectProxy::is_in_group: object 411763215901 in group CampfireObject -> false
[GdPAI | debug] SimObjectProxy::is_in_group: object 410119048568 in group CampfireObject -> false
[GdPAI | debug] SimObjectProxy::is_in_group: object 410387484075 in group CampfireObject -> false
[GdPAI | debug] SimObjectProxy::is_in_group: object 410555256245 in group CampfireObject -> false
[GdPAI | debug] SimObjectProxy::is_in_group: object 410572033462 in group CampfireObject -> false
[GdPAI | debug] SimObjectProxy::is_in_group: object 410723028415 in group CampfireObject -> false
[GdPAI | debug] Discovery: Action Go To did NOT satisfy precond Custom { callable_id: 55, dependent_object_ids: [] }
[GdPAI | debug] Discovery: Starting simulation for action Drop Item
WARNING: [GdPAI] ObjectRef(124621163998): object was freed before callback; returning Nil.
   at: gdplanningai_rust::logger::process_logs (src\logger.rs:66)
   GDScript backtrace (most recent call first):
       [0] _process (res://addons/GdPlanningAI/gdpai_autoload.gd:21)
WARNING: [GdPAI] ObjectRef(124436614611): object was freed before callback; returning Nil.
   at: gdplanningai_rust::logger::process_logs (src\logger.rs:66)
   GDScript backtrace (most recent call first):
       [0] _process (res://addons/GdPlanningAI/gdpai_autoload.gd:21)
WARNING: [GdPAI] ObjectRef(124436614611): object was freed before callback; returning Nil.
   at: gdplanningai_rust::logger::process_logs (src\logger.rs:66)
   GDScript backtrace (most recent call first):
       [0] _process (res://addons/GdPlanningAI/gdpai_autoload.gd:21)
[GdPAI | debug] ApplyEffect [Before] ID=InstanceId(-9223371515737665281): agent props = {"held_item": "", "at_target": null, "hunger": 70.0627442063492, "entity": null}
[GdPAI | debug] ApplyEffect [After] ID=InstanceId(-9223371515737665281): agent props = {"held_item": "", "at_target": null, "hunger": 70.0627442063492, "entity": null}
[GdPAI | debug]   Snapshotting prop: held_item = Str("") (Variant type: STRING)
[GdPAI | debug]   Snapshotting prop: at_target = Nil (Variant type: NIL)
[GdPAI | debug]   Snapshotting prop: hunger = Float(70.0627442063492) (Variant type: FLOAT)
[GdPAI | debug]   Snapshotting prop: entity = Nil (Variant type: NIL)
WARNING: [GdPAI] ObjectRef(124621163998): object was freed before callback; returning Nil.
   at: gdplanningai_rust::logger::process_logs (src\logger.rs:66)
   GDScript backtrace (most recent call first):
       [0] _start_plan_and_wait (res://test/integration/test_campfire_example_smoke.gd:57)
[GdPAI | debug] GetCost: callable returned non-numeric value: null; returning INFINITY
[GdPAI | debug] ApplyEffect [Before] ID=InstanceId(-9223371513875394229): agent props = {"held_item": "potato", "hunger": 60.063781666666664, "entity": VariantGd { id: 410756582849, class: RigidBody2D }}
[GdPAI | debug] ApplyEffect [After] ID=InstanceId(-9223371513875394229): agent props = {"held_item": "", "entity": VariantGd { id: 410756582849, class: RigidBody2D }, "hunger": 60.063781666666664}
[GdPAI | debug]   Snapshotting prop: held_item = Str("") (Variant type: STRING)
[GdPAI | debug]   Snapshotting prop: entity = ObjectRef(410756582849) (Variant type: OBJECT)
[GdPAI | debug]   Snapshotting prop: hunger = Float(60.063781666666664) (Variant type: FLOAT)
[GdPAI | debug] Discovery: Simulation success for Drop Item. Agent props: {"held_item": Str(""), "entity": ObjectRef(410756582849), "hunger": Float(60.063781666666664)}
WARNING: [GdPAI] ObjectRef(124621163998): object was freed before callback; returning Nil.
   at: gdplanningai_rust::logger::process_logs (src\logger.rs:66)
   GDScript backtrace (most recent call first):
       [0] _process (res://addons/GdPlanningAI/gdpai_autoload.gd:21)
[GdPAI | debug] ApplyEffect [Before] ID=InstanceId(-9223371513237860067): agent props = {"hunger": 70.0627442063492, "entity": null, "at_target": null, "held_item": "wood"}
[GdPAI | debug] ApplyEffect [After] ID=InstanceId(-9223371513237860067): agent props = {"hunger": 70.0627442063492, "entity": null, "at_target": null, "held_item": "wood"}
[GdPAI | debug]   Snapshotting prop: hunger = Float(70.0627442063492) (Variant type: FLOAT)
[GdPAI | debug]   Snapshotting prop: entity = Nil (Variant type: NIL)
[GdPAI | debug]   Snapshotting prop: at_target = Nil (Variant type: NIL)
[GdPAI | debug]   Snapshotting prop: held_item = Str("wood") (Variant type: STRING)
[GdPAI | debug] SimObjectProxy::is_in_group: object 410236489256 in group CampfireObject -> false
[GdPAI | debug] SimObjectProxy::is_in_group: object 410421038509 in group CampfireObject -> false
[GdPAI | debug] SimObjectProxy::is_in_group: object 411763215901 in group CampfireObject -> false
[GdPAI | debug] SimObjectProxy::is_in_group: object 410119048568 in group CampfireObject -> false
[GdPAI | debug] SimObjectProxy::is_in_group: object 410253266491 in group CampfireObject -> false
[GdPAI | debug] SimObjectProxy::is_in_group: object 411612220989 in group CampfireObject -> false
[GdPAI | debug] SimObjectProxy::is_in_group: object 410723028415 in group CampfireObject -> false
[GdPAI | debug] SimObjectProxy::is_in_group: object 411461226054 in group CampfireObject -> false
[GdPAI | debug] SimObjectProxy::is_in_group: object 411595443774 in group CampfireObject -> false
[GdPAI | debug] SimObjectProxy::is_in_group: object 410085494329 in group CampfireObject -> true
[GdPAI | debug] SimObjectProxy::is_in_group: object 411729661472 in group CampfireObject -> false
[GdPAI | debug] SimObjectProxy::is_in_group: object 411444448743 in group CampfireObject -> false
[GdPAI | debug] SimObjectProxy::is_in_group: object 410706251198 in group CampfireObject -> false
[GdPAI | debug] SimObjectProxy::is_in_group: object 411310231007 in group CampfireObject -> false
[GdPAI | debug] SimObjectProxy::is_in_group: object 410270043701 in group CampfireObject -> false
[GdPAI | debug] SimObjectProxy::is_in_group: object 410538479028 in group CampfireObject -> false
[GdPAI | debug] SimObjectProxy::is_in_group: object 410555256245 in group CampfireObject -> false
[GdPAI | debug] SimObjectProxy::is_in_group: object 411159236055 in group CampfireObject -> false
[GdPAI | debug] SimObjectProxy::is_in_group: object 410957909451 in group CampfireObject -> false
[GdPAI | debug] SimObjectProxy::is_in_group: object 410387484075 in group CampfireObject -> false
[GdPAI | debug] SimObjectProxy::is_in_group: object 411746438689 in group CampfireObject -> false
[GdPAI | debug] SimObjectProxy::is_in_group: object 410572033462 in group CampfireObject -> false
[GdPAI | debug] SimObjectProxy::is_in_group: object 410404261292 in group CampfireObject -> false
[GdPAI | debug] SimObjectProxy::is_in_group: object 411578666559 in group CampfireObject -> false
[GdPAI | debug] SimObjectProxy::is_in_group: object 410102271529 in group CampfireObject -> false
[GdPAI | debug] SimObjectProxy::is_in_group: object 411427671526 in group CampfireObject -> false
[GdPAI | debug] SimObjectProxy::is_in_group: object 411293453698 in group CampfireObject -> false
[GdPAI | debug] SimObjectProxy::is_in_group: object 411142458838 in group CampfireObject -> false
[GdPAI | debug] SimObjectProxy::is_in_group: object 410689473981 in group CampfireObject -> false
[GdPAI | debug] SimObjectProxy::is_in_group: object 411125681621 in group CampfireObject -> false
[GdPAI | debug] SimObjectProxy::is_in_group: object 411276676574 in group CampfireObject -> false
[GdPAI | debug] Discovery: Action Drop Item did NOT satisfy precond Custom { callable_id: 55, dependent_object_ids: [] }
[GdPAI | debug] Discovery: Starting simulation for action Add Fuel
WARNING: [GdPAI] ObjectRef(124621163998): object was freed before callback; returning Nil.
   at: gdplanningai_rust::logger::process_logs (src\logger.rs:66)
   GDScript backtrace (most recent call first):
       [0] _start_plan_and_wait (res://test/integration/test_campfire_example_smoke.gd:57)
WARNING: [GdPAI] ObjectRef(124621163998): object was freed before callback; returning Nil.
   at: gdplanningai_rust::logger::process_logs (src\logger.rs:66)
   GDScript backtrace (most recent call first):
       [0] _start_plan_and_wait (res://test/integration/test_campfire_example_smoke.gd:57)
WARNING: [GdPAI] ObjectRef(124436614611): object was freed before callback; returning Nil.
   at: gdplanningai_rust::logger::process_logs (src\logger.rs:66)
   GDScript backtrace (most recent call first):
       [0] _start_plan_and_wait (res://test/integration/test_campfire_example_smoke.gd:57)
WARNING: [GdPAI] ObjectRef(124436614611): object was freed before callback; returning Nil.
   at: gdplanningai_rust::logger::process_logs (src\logger.rs:66)
   GDScript backtrace (most recent call first):
       [0] _start_plan_and_wait (res://test/integration/test_campfire_example_smoke.gd:57)
[GdPAI | debug] GetCost: callable returned non-numeric value: null; returning INFINITY
WARNING: [GdPAI] ObjectRef(124621163998): object was freed before callback; returning Nil.
   at: gdplanningai_rust::logger::process_logs (src\logger.rs:66)
   GDScript backtrace (most recent call first):
       [0] _process (res://addons/GdPlanningAI/gdpai_autoload.gd:21)
WARNING: [GdPAI] ObjectRef(124621163998): object was freed before callback; returning Nil.
   at: gdplanningai_rust::logger::process_logs (src\logger.rs:66)
   GDScript backtrace (most recent call first):
       [0] _process (res://addons/GdPlanningAI/gdpai_autoload.gd:21)
WARNING: [GdPAI] ObjectRef(124436614611): object was freed before callback; returning Nil.
   at: gdplanningai_rust::logger::process_logs (src\logger.rs:66)
   GDScript backtrace (most recent call first):
       [0] _process (res://addons/GdPlanningAI/gdpai_autoload.gd:21)
WARNING: [GdPAI] ObjectRef(124436614611): object was freed before callback; returning Nil.
   at: gdplanningai_rust::logger::process_logs (src\logger.rs:66)
   GDScript backtrace (most recent call first):
       [0] _process (res://addons/GdPlanningAI/gdpai_autoload.gd:21)
[GdPAI | debug] ApplyEffect [Before] ID=InstanceId(-9223371510687723236): agent props = {"hunger": 70.0627442063492, "entity": null, "held_item": "", "at_target": null}
[GdPAI | debug] ApplyEffect [After] ID=InstanceId(-9223371510687723236): agent props = {"hunger": 70.0627442063492, "entity": null, "held_item": "", "at_target": null}
[GdPAI | debug]   Snapshotting prop: hunger = Float(70.0627442063492) (Variant type: FLOAT)
[GdPAI | debug]   Snapshotting prop: entity = Nil (Variant type: NIL)
[GdPAI | debug]   Snapshotting prop: held_item = Str("") (Variant type: STRING)
[GdPAI | debug]   Snapshotting prop: at_target = Nil (Variant type: NIL)
[GdPAI | debug] ApplyEffect [Before] ID=InstanceId(-9223371510117297892): agent props = {"entity": VariantGd { id: 410756582849, class: RigidBody2D }, "held_item": "wood", "hunger": 60.063781666666664}
[GdPAI | debug] ApplyEffect [After] ID=InstanceId(-9223371510117297892): agent props = {"entity": VariantGd { id: 410756582849, class: RigidBody2D }, "held_item": "", "hunger": 60.063781666666664}
[GdPAI | debug]   Snapshotting prop: entity = ObjectRef(410756582849) (Variant type: OBJECT)
[GdPAI | debug]   Snapshotting prop: held_item = Str("") (Variant type: STRING)
[GdPAI | debug]   Snapshotting prop: hunger = Float(60.063781666666664) (Variant type: FLOAT)
[GdPAI | debug] Discovery: Simulation success for Add Fuel. Agent props: {"entity": ObjectRef(410756582849), "held_item": Str(""), "hunger": Float(60.063781666666664)}
WARNING: [GdPAI] ObjectRef(124621163998): object was freed before callback; returning Nil.
   at: gdplanningai_rust::logger::process_logs (src\logger.rs:66)
   GDScript backtrace (most recent call first):
       [0] _start_plan_and_wait (res://test/integration/test_campfire_example_smoke.gd:57)
WARNING: [GdPAI] ObjectRef(124436614611): object was freed before callback; returning Nil.
   at: gdplanningai_rust::logger::process_logs (src\logger.rs:66)
   GDScript backtrace (most recent call first):
       [0] _start_plan_and_wait (res://test/integration/test_campfire_example_smoke.gd:57)
WARNING: [GdPAI] ObjectRef(124436614611): object was freed before callback; returning Nil.
   at: gdplanningai_rust::logger::process_logs (src\logger.rs:66)
   GDScript backtrace (most recent call first):
       [0] _start_plan_and_wait (res://test/integration/test_campfire_example_smoke.gd:57)
[GdPAI | debug] GetCost: callable returned non-numeric value: null; returning INFINITY
[GdPAI | debug] SimObjectProxy::is_in_group: object 410957909451 in group CampfireObject -> false
[GdPAI | debug] SimObjectProxy::is_in_group: object 410555256245 in group CampfireObject -> false
[GdPAI | debug] SimObjectProxy::is_in_group: object 410404261292 in group CampfireObject -> false
[GdPAI | debug] SimObjectProxy::is_in_group: object 410387484075 in group CampfireObject -> false
[GdPAI | debug] SimObjectProxy::is_in_group: object 411763215901 in group CampfireObject -> false
[GdPAI | debug] SimObjectProxy::is_in_group: object 410270043701 in group CampfireObject -> false
[GdPAI | debug] SimObjectProxy::is_in_group: object 411293453698 in group CampfireObject -> false
[GdPAI | debug] SimObjectProxy::is_in_group: object 410538479028 in group CampfireObject -> false
[GdPAI | debug] SimObjectProxy::is_in_group: object 410689473981 in group CampfireObject -> false
[GdPAI | debug] SimObjectProxy::is_in_group: object 410723028415 in group CampfireObject -> false
[GdPAI | debug] SimObjectProxy::is_in_group: object 410085494329 in group CampfireObject -> true
[GdPAI | debug] SimObjectProxy::is_in_group: object 411746438689 in group CampfireObject -> false
[GdPAI | debug] SimObjectProxy::is_in_group: object 410572033462 in group CampfireObject -> false
[GdPAI | debug] SimObjectProxy::is_in_group: object 411729661472 in group CampfireObject -> false
[GdPAI | debug] SimObjectProxy::is_in_group: object 411142458838 in group CampfireObject -> false
[GdPAI | debug] SimObjectProxy::is_in_group: object 411444448743 in group CampfireObject -> false
[GdPAI | debug] SimObjectProxy::is_in_group: object 411578666559 in group CampfireObject -> false
[GdPAI | debug] SimObjectProxy::is_in_group: object 411310231007 in group CampfireObject -> false
[GdPAI | debug] SimObjectProxy::is_in_group: object 410102271529 in group CampfireObject -> false
[GdPAI | debug] SimObjectProxy::is_in_group: object 411461226054 in group CampfireObject -> false
[GdPAI | debug] SimObjectProxy::is_in_group: object 410421038509 in group CampfireObject -> false
[GdPAI | debug] SimObjectProxy::is_in_group: object 410236489256 in group CampfireObject -> false
[GdPAI | debug] SimObjectProxy::is_in_group: object 411595443774 in group CampfireObject -> false
[GdPAI | debug] SimObjectProxy::is_in_group: object 410706251198 in group CampfireObject -> false
[GdPAI | debug] SimObjectProxy::is_in_group: object 411427671526 in group CampfireObject -> false
[GdPAI | debug] SimObjectProxy::is_in_group: object 410253266491 in group CampfireObject -> false
[GdPAI | debug] SimObjectProxy::is_in_group: object 411159236055 in group CampfireObject -> false
[GdPAI | debug] SimObjectProxy::is_in_group: object 411612220989 in group CampfireObject -> false
[GdPAI | debug] SimObjectProxy::is_in_group: object 411125681621 in group CampfireObject -> false
[GdPAI | debug] SimObjectProxy::is_in_group: object 411276676574 in group CampfireObject -> false
[GdPAI | debug] SimObjectProxy::is_in_group: object 410119048568 in group CampfireObject -> false
[GdPAI | debug] Discovery: Action Add Fuel did NOT satisfy precond Custom { callable_id: 55, dependent_object_ids: [] }
WARNING: [GdPAI] ObjectRef(124621163998): object was freed before callback; returning Nil.
   at: gdplanningai_rust::logger::process_logs (src\logger.rs:66)
   GDScript backtrace (most recent call first):
       [0] _process (res://addons/GdPlanningAI/gdpai_autoload.gd:21)
WARNING: [GdPAI] ObjectRef(124436614611): object was freed before callback; returning Nil.
   at: gdplanningai_rust::logger::process_logs (src\logger.rs:66)
   GDScript backtrace (most recent call first):
       [0] _process (res://addons/GdPlanningAI/gdpai_autoload.gd:21)
WARNING: [GdPAI] ObjectRef(124436614611): object was freed before callback; returning Nil.
   at: gdplanningai_rust::logger::process_logs (src\logger.rs:66)
   GDScript backtrace (most recent call first):
       [0] _process (res://addons/GdPlanningAI/gdpai_autoload.gd:21)
[GdPAI | debug] ApplyEffect [Before] ID=InstanceId(-9223371508036923066): agent props = {"held_item": "", "hunger": 70.0627442063492, "entity": null, "at_target": null}
[GdPAI | debug] ApplyEffect [After] ID=InstanceId(-9223371508036923066): agent props = {"held_item": "", "hunger": 70.0627442063492, "entity": null, "at_target": null}
[GdPAI | debug]   Snapshotting prop: held_item = Str("") (Variant type: STRING)
[GdPAI | debug]   Snapshotting prop: hunger = Float(70.0627442063492) (Variant type: FLOAT)
[GdPAI | debug]   Snapshotting prop: entity = Nil (Variant type: NIL)
[GdPAI | debug]   Snapshotting prop: at_target = Nil (Variant type: NIL)
WARNING: [GdPAI] ObjectRef(124621163998): object was freed before callback; returning Nil.
   at: gdplanningai_rust::logger::process_logs (src\logger.rs:66)
   GDScript backtrace (most recent call first):
       [0] _start_plan_and_wait (res://test/integration/test_campfire_example_smoke.gd:57)
[GdPAI | debug] GetCost: callable returned non-numeric value: null; returning INFINITY
WARNING: [GdPAI] ObjectRef(124621163998): object was freed before callback; returning Nil.
   at: gdplanningai_rust::logger::process_logs (src\logger.rs:66)
   GDScript backtrace (most recent call first):
       [0] _process (res://addons/GdPlanningAI/gdpai_autoload.gd:21)
[GdPAI | debug] ApplyEffect [Before] ID=InstanceId(-9223371505537117862): agent props = {"held_item": "wood", "hunger": 70.0627442063492, "at_target": null, "entity": null}
[GdPAI | debug] ApplyEffect [After] ID=InstanceId(-9223371505537117862): agent props = {"held_item": "wood", "hunger": 70.0627442063492, "at_target": null, "entity": null}
[GdPAI | debug]   Snapshotting prop: held_item = Str("wood") (Variant type: STRING)
[GdPAI | debug]   Snapshotting prop: hunger = Float(70.0627442063492) (Variant type: FLOAT)
[GdPAI | debug]   Snapshotting prop: at_target = Nil (Variant type: NIL)
[GdPAI | debug]   Snapshotting prop: entity = Nil (Variant type: NIL)
[GdPAI] A* Iteration: pop node with chain length 3
[GdPAI | debug] Numeric comparison: 70.0627442063492 LessThan 55.062744206349194 -> false
[GdPAI | debug] find_candidates: Checking 15 actions against 0 preconds and 0 requirements
[GdPAI | debug] Discovery: Starting simulation for action Cook Potato
WARNING: [GdPAI] ObjectRef(124621163998): object was freed before callback; returning Nil.
   at: gdplanningai_rust::logger::process_logs (src\logger.rs:66)
   GDScript backtrace (most recent call first):
       [0] _start_plan_and_wait (res://test/integration/test_campfire_example_smoke.gd:57)
WARNING: [GdPAI] ObjectRef(124621163998): object was freed before callback; returning Nil.
   at: gdplanningai_rust::logger::process_logs (src\logger.rs:66)
   GDScript backtrace (most recent call first):
       [0] _start_plan_and_wait (res://test/integration/test_campfire_example_smoke.gd:57)
WARNING: [GdPAI] ObjectRef(124621163998): object was freed before callback; returning Nil.
   at: gdplanningai_rust::logger::process_logs (src\logger.rs:66)
   GDScript backtrace (most recent call first):
       [0] _process (res://addons/GdPlanningAI/gdpai_autoload.gd:21)
WARNING: [GdPAI] ObjectRef(124621163998): object was freed before callback; returning Nil.
   at: gdplanningai_rust::logger::process_logs (src\logger.rs:66)
   GDScript backtrace (most recent call first):
       [0] _process (res://addons/GdPlanningAI/gdpai_autoload.gd:21)
[GdPAI | debug] ApplyEffect [Before] ID=InstanceId(-9223371502517218938): agent props = {"held_item": "potato", "hunger": 60.063781666666664, "entity": VariantGd { id: 410756582849, class: RigidBody2D }}
[GdPAI | debug] ApplyEffect [After] ID=InstanceId(-9223371502517218938): agent props = {"held_item": "cooked_potato", "hunger": 60.063781666666664, "entity": VariantGd { id: 410756582849, class: RigidBody2D }}
[GdPAI | debug]   Snapshotting prop: held_item = Str("cooked_potato") (Variant type: STRING)
[GdPAI | debug]   Snapshotting prop: hunger = Float(60.063781666666664) (Variant type: FLOAT)
[GdPAI | debug]   Snapshotting prop: entity = ObjectRef(410756582849) (Variant type: OBJECT)
[GdPAI | debug] Discovery: Simulation success for Cook Potato. Agent props: {"hunger": Float(60.063781666666664), "held_item": Str("cooked_potato"), "entity": ObjectRef(410756582849)}
WARNING: [GdPAI] ObjectRef(124621163998): object was freed before callback; returning Nil.
   at: gdplanningai_rust::logger::process_logs (src\logger.rs:66)
   GDScript backtrace (most recent call first):
       [0] _start_plan_and_wait (res://test/integration/test_campfire_example_smoke.gd:57)
WARNING: [GdPAI] ObjectRef(124621163998): object was freed before callback; returning Nil.
   at: gdplanningai_rust::logger::process_logs (src\logger.rs:66)
   GDScript backtrace (most recent call first):
       [0] _start_plan_and_wait (res://test/integration/test_campfire_example_smoke.gd:57)
[GdPAI | debug] Discovery: Action Cook Potato failed validity check, skipping
[GdPAI | debug] SimObjectProxy::is_in_group: object 411763215901 in group CampfireObject -> false
[GdPAI | debug] SimObjectProxy::is_in_group: object 411310231007 in group CampfireObject -> false
[GdPAI | debug] SimObjectProxy::is_in_group: object 411595443774 in group CampfireObject -> false
[GdPAI | debug] SimObjectProxy::is_in_group: object 411612220989 in group CampfireObject -> false
[GdPAI | debug] SimObjectProxy::is_in_group: object 411125681621 in group CampfireObject -> false
[GdPAI | debug] SimObjectProxy::is_in_group: object 410689473981 in group CampfireObject -> false
[GdPAI | debug] SimObjectProxy::is_in_group: object 410723028415 in group CampfireObject -> false
[GdPAI | debug] SimObjectProxy::is_in_group: object 410404261292 in group CampfireObject -> false
[GdPAI | debug] SimObjectProxy::is_in_group: object 411427671526 in group CampfireObject -> false
[GdPAI | debug] SimObjectProxy::is_in_group: object 410085494329 in group CampfireObject -> true
[GdPAI | debug] SimObjectProxy::is_in_group: object 411746438689 in group CampfireObject -> false
[GdPAI | debug] SimObjectProxy::is_in_group: object 410102271529 in group CampfireObject -> false
[GdPAI | debug] SimObjectProxy::is_in_group: object 410387484075 in group CampfireObject -> false
[GdPAI | debug] SimObjectProxy::is_in_group: object 410706251198 in group CampfireObject -> false
[GdPAI | debug] SimObjectProxy::is_in_group: object 410236489256 in group CampfireObject -> false
[GdPAI | debug] SimObjectProxy::is_in_group: object 411276676574 in group CampfireObject -> false
[GdPAI | debug] SimObjectProxy::is_in_group: object 410957909451 in group CampfireObject -> false
[GdPAI | debug] SimObjectProxy::is_in_group: object 411729661472 in group CampfireObject -> false
[GdPAI | debug] SimObjectProxy::is_in_group: object 410538479028 in group CampfireObject -> false
[GdPAI | debug] SimObjectProxy::is_in_group: object 410421038509 in group CampfireObject -> false
[GdPAI | debug] SimObjectProxy::is_in_group: object 410119048568 in group CampfireObject -> false
[GdPAI | debug] SimObjectProxy::is_in_group: object 410253266491 in group CampfireObject -> false
[GdPAI | debug] SimObjectProxy::is_in_group: object 410270043701 in group CampfireObject -> false
[GdPAI | debug] SimObjectProxy::is_in_group: object 411142458838 in group CampfireObject -> false
[GdPAI | debug] SimObjectProxy::is_in_group: object 410572033462 in group CampfireObject -> false
[GdPAI | debug] SimObjectProxy::is_in_group: object 411461226054 in group CampfireObject -> false
[GdPAI | debug] SimObjectProxy::is_in_group: object 411444448743 in group CampfireObject -> false
[GdPAI | debug] SimObjectProxy::is_in_group: object 410555256245 in group CampfireObject -> false
[GdPAI | debug] SimObjectProxy::is_in_group: object 411293453698 in group CampfireObject -> false
[GdPAI | debug] SimObjectProxy::is_in_group: object 411159236055 in group CampfireObject -> false
[GdPAI | debug] SimObjectProxy::is_in_group: object 411578666559 in group CampfireObject -> false
[GdPAI | debug] Discovery: Action Cook Potato did NOT satisfy precond Custom { callable_id: 55, dependent_object_ids: [] }
[GdPAI | debug] Discovery: Starting simulation for action Pick Up Wood
WARNING: [GdPAI] ObjectRef(124621163998): object was freed before callback; returning Nil.
   at: gdplanningai_rust::logger::process_logs (src\logger.rs:66)
   GDScript backtrace (most recent call first):
       [0] _process (res://addons/GdPlanningAI/gdpai_autoload.gd:21)
WARNING: [GdPAI] ObjectRef(124621163998): object was freed before callback; returning Nil.
   at: gdplanningai_rust::logger::process_logs (src\logger.rs:66)
   GDScript backtrace (most recent call first):
       [0] _process (res://addons/GdPlanningAI/gdpai_autoload.gd:21)
[GdPAI | debug] Discovery: Action Dig Potato failed validity check, skipping
WARNING: [GdPAI] ObjectRef(124621163998): object was freed before callback; returning Nil.
   at: gdplanningai_rust::logger::process_logs (src\logger.rs:66)
   GDScript backtrace (most recent call first):
       [0] _start_plan_and_wait (res://test/integration/test_campfire_example_smoke.gd:57)
WARNING: [GdPAI] ObjectRef(124621163998): object was freed before callback; returning Nil.
   at: gdplanningai_rust::logger::process_logs (src\logger.rs:66)
   GDScript backtrace (most recent call first):
       [0] _start_plan_and_wait (res://test/integration/test_campfire_example_smoke.gd:57)
[GdPAI | debug] Discovery: Action Dig Potato failed validity check, skipping
[GdPAI | debug] ApplyEffect [Before] ID=InstanceId(-9223371498775899780): agent props = {"held_item": "potato", "hunger": 60.063781666666664, "entity": VariantGd { id: 410756582849, class: RigidBody2D }}
[GdPAI | debug] ApplyEffect [After] ID=InstanceId(-9223371498775899780): agent props = {"entity": VariantGd { id: 410756582849, class: RigidBody2D }, "hunger": 60.063781666666664, "held_item": "wood"}
[GdPAI | debug]   Snapshotting prop: entity = ObjectRef(410756582849) (Variant type: OBJECT)
[GdPAI | debug]   Snapshotting prop: hunger = Float(60.063781666666664) (Variant type: FLOAT)
[GdPAI | debug]   Snapshotting prop: held_item = Str("wood") (Variant type: STRING)
[GdPAI | debug] Discovery: Simulation success for Pick Up Wood. Agent props: {"hunger": Float(60.063781666666664), "held_item": Str("wood"), "entity": ObjectRef(410756582849)}
WARNING: [GdPAI] ObjectRef(124621163998): object was freed before callback; returning Nil.
   at: gdplanningai_rust::logger::process_logs (src\logger.rs:66)
   GDScript backtrace (most recent call first):
       [0] _process (res://addons/GdPlanningAI/gdpai_autoload.gd:21)
WARNING: [GdPAI] ObjectRef(124621163998): object was freed before callback; returning Nil.
   at: gdplanningai_rust::logger::process_logs (src\logger.rs:66)
   GDScript backtrace (most recent call first):
       [0] _process (res://addons/GdPlanningAI/gdpai_autoload.gd:21)
[GdPAI | debug] Discovery: Action Dig Potato failed validity check, skipping
[GdPAI | debug] SimObjectProxy::is_in_group: object 411746438689 in group CampfireObject -> false
[GdPAI | debug] SimObjectProxy::is_in_group: object 411612220989 in group CampfireObject -> false
[GdPAI | debug] SimObjectProxy::is_in_group: object 410957909451 in group CampfireObject -> false
[GdPAI | debug] SimObjectProxy::is_in_group: object 411461226054 in group CampfireObject -> false
[GdPAI | debug] SimObjectProxy::is_in_group: object 411310231007 in group CampfireObject -> false
[GdPAI | debug] SimObjectProxy::is_in_group: object 411578666559 in group CampfireObject -> false
[GdPAI | debug] SimObjectProxy::is_in_group: object 411276676574 in group CampfireObject -> false
[GdPAI | debug] SimObjectProxy::is_in_group: object 410689473981 in group CampfireObject -> false
[GdPAI | debug] SimObjectProxy::is_in_group: object 410253266491 in group CampfireObject -> false
[GdPAI | debug] SimObjectProxy::is_in_group: object 411427671526 in group CampfireObject -> false
[GdPAI | debug] SimObjectProxy::is_in_group: object 410085494329 in group CampfireObject -> true
[GdPAI | debug] SimObjectProxy::is_in_group: object 411293453698 in group CampfireObject -> false
[GdPAI | debug] SimObjectProxy::is_in_group: object 411595443774 in group CampfireObject -> false
[GdPAI | debug] SimObjectProxy::is_in_group: object 410538479028 in group CampfireObject -> false
[GdPAI | debug] SimObjectProxy::is_in_group: object 411729661472 in group CampfireObject -> false
[GdPAI | debug] SimObjectProxy::is_in_group: object 411444448743 in group CampfireObject -> false
[GdPAI | debug] SimObjectProxy::is_in_group: object 410723028415 in group CampfireObject -> false
[GdPAI | debug] SimObjectProxy::is_in_group: object 411142458838 in group CampfireObject -> false
[GdPAI | debug] SimObjectProxy::is_in_group: object 410706251198 in group CampfireObject -> false
[GdPAI | debug] SimObjectProxy::is_in_group: object 411125681621 in group CampfireObject -> false
[GdPAI | debug] SimObjectProxy::is_in_group: object 410421038509 in group CampfireObject -> false
[GdPAI | debug] SimObjectProxy::is_in_group: object 410270043701 in group CampfireObject -> false
[GdPAI | debug] SimObjectProxy::is_in_group: object 410387484075 in group CampfireObject -> false
[GdPAI | debug] SimObjectProxy::is_in_group: object 410102271529 in group CampfireObject -> false
[GdPAI | debug] SimObjectProxy::is_in_group: object 410572033462 in group CampfireObject -> false
[GdPAI | debug] SimObjectProxy::is_in_group: object 410119048568 in group CampfireObject -> false
[GdPAI | debug] SimObjectProxy::is_in_group: object 411159236055 in group CampfireObject -> false
[GdPAI | debug] SimObjectProxy::is_in_group: object 410404261292 in group CampfireObject -> false
[GdPAI | debug] SimObjectProxy::is_in_group: object 411763215901 in group CampfireObject -> false
[GdPAI | debug] SimObjectProxy::is_in_group: object 410236489256 in group CampfireObject -> false
[GdPAI | debug] SimObjectProxy::is_in_group: object 410555256245 in group CampfireObject -> false
[GdPAI | debug] Discovery: Action Pick Up Wood did NOT satisfy precond Custom { callable_id: 55, dependent_object_ids: [] }
[GdPAI | debug] Discovery: Starting simulation for action Pick Up Wood
WARNING: [GdPAI] ObjectRef(124621163998): object was freed before callback; returning Nil.
   at: gdplanningai_rust::logger::process_logs (src\logger.rs:66)
   GDScript backtrace (most recent call first):
       [0] _start_plan_and_wait (res://test/integration/test_campfire_example_smoke.gd:57)
WARNING: [GdPAI] ObjectRef(124621163998): object was freed before callback; returning Nil.
   at: gdplanningai_rust::logger::process_logs (src\logger.rs:66)
   GDScript backtrace (most recent call first):
       [0] _start_plan_and_wait (res://test/integration/test_campfire_example_smoke.gd:57)
[GdPAI | debug] Discovery: Action Dig Potato failed validity check, skipping
WARNING: [GdPAI] ObjectRef(124621163998): object was freed before callback; returning Nil.
   at: gdplanningai_rust::logger::process_logs (src\logger.rs:66)
   GDScript backtrace (most recent call first):
       [0] _process (res://addons/GdPlanningAI/gdpai_autoload.gd:21)
WARNING: [GdPAI] ObjectRef(124621163998): object was freed before callback; returning Nil.
   at: gdplanningai_rust::logger::process_logs (src\logger.rs:66)
   GDScript backtrace (most recent call first):
       [0] _process (res://addons/GdPlanningAI/gdpai_autoload.gd:21)
[GdPAI | debug] Discovery: Action Dig Potato failed validity check, skipping
[GdPAI | debug] No candidates found for branch with 0 preconds and 0 requirements
[GdPAI] A* Iteration: pop node with chain length 3
[GdPAI | debug] Numeric comparison: 70.0627442063492 LessThan 55.062744206349194 -> false
[GdPAI | debug] find_candidates: Checking 15 actions against 0 preconds and 0 requirements
[GdPAI | debug] ApplyEffect [Before] ID=InstanceId(-9223371495017803345): agent props = {"entity": VariantGd { id: 410756582849, class: RigidBody2D }, "hunger": 60.063781666666664, "held_item": "potato"}
[GdPAI | debug] ApplyEffect [After] ID=InstanceId(-9223371495017803345): agent props = {"hunger": 60.063781666666664, "held_item": "wood", "entity": VariantGd { id: 410756582849, class: RigidBody2D }}
[GdPAI | debug]   Snapshotting prop: hunger = Float(60.063781666666664) (Variant type: FLOAT)
[GdPAI | debug]   Snapshotting prop: held_item = Str("wood") (Variant type: STRING)
[GdPAI | debug]   Snapshotting prop: entity = ObjectRef(410756582849) (Variant type: OBJECT)
[GdPAI | debug] Discovery: Simulation success for Pick Up Wood. Agent props: {"held_item": Str("wood"), "entity": ObjectRef(410756582849), "hunger": Float(60.063781666666664)}
WARNING: [GdPAI] ObjectRef(124621163998): object was freed before callback; returning Nil.
   at: gdplanningai_rust::logger::process_logs (src\logger.rs:66)
   GDScript backtrace (most recent call first):
       [0] _start_plan_and_wait (res://test/integration/test_campfire_example_smoke.gd:57)
WARNING: [GdPAI] ObjectRef(124621163998): object was freed before callback; returning Nil.
   at: gdplanningai_rust::logger::process_logs (src\logger.rs:66)
   GDScript backtrace (most recent call first):
       [0] _start_plan_and_wait (res://test/integration/test_campfire_example_smoke.gd:57)
[GdPAI | debug] SimObjectProxy::is_in_group: object 411142458838 in group CampfireObject -> false
[GdPAI | debug] SimObjectProxy::is_in_group: object 410538479028 in group CampfireObject -> false
[GdPAI | debug] SimObjectProxy::is_in_group: object 410236489256 in group CampfireObject -> false
[GdPAI | debug] SimObjectProxy::is_in_group: object 410421038509 in group CampfireObject -> false
[GdPAI | debug] SimObjectProxy::is_in_group: object 411729661472 in group CampfireObject -> false
[GdPAI | debug] SimObjectProxy::is_in_group: object 410689473981 in group CampfireObject -> false
[GdPAI | debug] SimObjectProxy::is_in_group: object 411612220989 in group CampfireObject -> false
[GdPAI | debug] SimObjectProxy::is_in_group: object 410723028415 in group CampfireObject -> false
[GdPAI | debug] SimObjectProxy::is_in_group: object 410555256245 in group CampfireObject -> false
[GdPAI | debug] SimObjectProxy::is_in_group: object 410085494329 in group CampfireObject -> true
[GdPAI | debug] SimObjectProxy::is_in_group: object 410102271529 in group CampfireObject -> false
[GdPAI | debug] SimObjectProxy::is_in_group: object 410387484075 in group CampfireObject -> false
[GdPAI | debug] SimObjectProxy::is_in_group: object 411293453698 in group CampfireObject -> false
[GdPAI | debug] SimObjectProxy::is_in_group: object 411763215901 in group CampfireObject -> false
[GdPAI | debug] SimObjectProxy::is_in_group: object 410957909451 in group CampfireObject -> false
[GdPAI | debug] SimObjectProxy::is_in_group: object 410253266491 in group CampfireObject -> false
[GdPAI | debug] SimObjectProxy::is_in_group: object 411159236055 in group CampfireObject -> false
[GdPAI | debug] SimObjectProxy::is_in_group: object 411595443774 in group CampfireObject -> false
[GdPAI | debug] SimObjectProxy::is_in_group: object 411427671526 in group CampfireObject -> false
[GdPAI | debug] SimObjectProxy::is_in_group: object 411578666559 in group CampfireObject -> false
[GdPAI | debug] SimObjectProxy::is_in_group: object 411444448743 in group CampfireObject -> false
[GdPAI | debug] SimObjectProxy::is_in_group: object 410270043701 in group CampfireObject -> false
[GdPAI | debug] SimObjectProxy::is_in_group: object 411461226054 in group CampfireObject -> false
[GdPAI | debug] SimObjectProxy::is_in_group: object 410706251198 in group CampfireObject -> false
[GdPAI | debug] SimObjectProxy::is_in_group: object 410404261292 in group CampfireObject -> false
[GdPAI | debug] SimObjectProxy::is_in_group: object 410572033462 in group CampfireObject -> false
[GdPAI | debug] SimObjectProxy::is_in_group: object 411125681621 in group CampfireObject -> false
[GdPAI | debug] SimObjectProxy::is_in_group: object 410119048568 in group CampfireObject -> false
[GdPAI | debug] SimObjectProxy::is_in_group: object 411746438689 in group CampfireObject -> false
[GdPAI | debug] SimObjectProxy::is_in_group: object 411310231007 in group CampfireObject -> false
[GdPAI | debug] SimObjectProxy::is_in_group: object 411276676574 in group CampfireObject -> false
[GdPAI | debug] Discovery: Action Pick Up Wood did NOT satisfy precond Custom { callable_id: 55, dependent_object_ids: [] }
[GdPAI | debug] Discovery: Starting simulation for action Pick Up Wood
WARNING: [GdPAI] ObjectRef(124621163998): object was freed before callback; returning Nil.
   at: gdplanningai_rust::logger::process_logs (src\logger.rs:66)
   GDScript backtrace (most recent call first):
       [0] _process (res://addons/GdPlanningAI/gdpai_autoload.gd:21)
WARNING: [GdPAI] ObjectRef(124621163998): object was freed before callback; returning Nil.
   at: gdplanningai_rust::logger::process_logs (src\logger.rs:66)
   GDScript backtrace (most recent call first):
       [0] _process (res://addons/GdPlanningAI/gdpai_autoload.gd:21)
WARNING: [GdPAI] ObjectRef(124621163998): object was freed before callback; returning Nil.
   at: gdplanningai_rust::logger::process_logs (src\logger.rs:66)
   GDScript backtrace (most recent call first):
       [0] _start_plan_and_wait (res://test/integration/test_campfire_example_smoke.gd:57)
WARNING: [GdPAI] ObjectRef(124621163998): object was freed before callback; returning Nil.
   at: gdplanningai_rust::logger::process_logs (src\logger.rs:66)
   GDScript backtrace (most recent call first):
       [0] _start_plan_and_wait (res://test/integration/test_campfire_example_smoke.gd:57)
[GdPAI | debug] Discovery: Action Cook Potato failed validity check, skipping
[GdPAI | debug] ApplyEffect [Before] ID=InstanceId(-9223371491276484163): agent props = {"held_item": "potato", "entity": VariantGd { id: 410756582849, class: RigidBody2D }, "hunger": 60.063781666666664}
[GdPAI | debug] ApplyEffect [After] ID=InstanceId(-9223371491276484163): agent props = {"held_item": "wood", "hunger": 60.063781666666664, "entity": VariantGd { id: 410756582849, class: RigidBody2D }}
[GdPAI | debug]   Snapshotting prop: held_item = Str("wood") (Variant type: STRING)
[GdPAI | debug]   Snapshotting prop: hunger = Float(60.063781666666664) (Variant type: FLOAT)
[GdPAI | debug]   Snapshotting prop: entity = ObjectRef(410756582849) (Variant type: OBJECT)
[GdPAI | debug] Discovery: Simulation success for Pick Up Wood. Agent props: {"hunger": Float(60.063781666666664), "entity": ObjectRef(410756582849), "held_item": Str("wood")}
WARNING: [GdPAI] ObjectRef(124621163998): object was freed before callback; returning Nil.
   at: gdplanningai_rust::logger::process_logs (src\logger.rs:66)
   GDScript backtrace (most recent call first):
       [0] _process (res://addons/GdPlanningAI/gdpai_autoload.gd:21)
WARNING: [GdPAI] ObjectRef(124621163998): object was freed before callback; returning Nil.
   at: gdplanningai_rust::logger::process_logs (src\logger.rs:66)
   GDScript backtrace (most recent call first):
       [0] _process (res://addons/GdPlanningAI/gdpai_autoload.gd:21)
[GdPAI | debug] Discovery: Action Dig Potato failed validity check, skipping
[GdPAI | debug] SimObjectProxy::is_in_group: object 411444448743 in group CampfireObject -> false
[GdPAI | debug] SimObjectProxy::is_in_group: object 410572033462 in group CampfireObject -> false
[GdPAI | debug] SimObjectProxy::is_in_group: object 411276676574 in group CampfireObject -> false
[GdPAI | debug] SimObjectProxy::is_in_group: object 410236489256 in group CampfireObject -> false
[GdPAI | debug] SimObjectProxy::is_in_group: object 411293453698 in group CampfireObject -> false
[GdPAI | debug] SimObjectProxy::is_in_group: object 411595443774 in group CampfireObject -> false
[GdPAI | debug] SimObjectProxy::is_in_group: object 410253266491 in group CampfireObject -> false
[GdPAI | debug] SimObjectProxy::is_in_group: object 411578666559 in group CampfireObject -> false
[GdPAI | debug] SimObjectProxy::is_in_group: object 410102271529 in group CampfireObject -> false
[GdPAI | debug] SimObjectProxy::is_in_group: object 410555256245 in group CampfireObject -> false
[GdPAI | debug] SimObjectProxy::is_in_group: object 411746438689 in group CampfireObject -> false
[GdPAI | debug] SimObjectProxy::is_in_group: object 410689473981 in group CampfireObject -> false
[GdPAI | debug] SimObjectProxy::is_in_group: object 410270043701 in group CampfireObject -> false
[GdPAI | debug] SimObjectProxy::is_in_group: object 411125681621 in group CampfireObject -> false
[GdPAI | debug] SimObjectProxy::is_in_group: object 410404261292 in group CampfireObject -> false
[GdPAI | debug] SimObjectProxy::is_in_group: object 411729661472 in group CampfireObject -> false
[GdPAI | debug] SimObjectProxy::is_in_group: object 410957909451 in group CampfireObject -> false
[GdPAI | debug] SimObjectProxy::is_in_group: object 410387484075 in group CampfireObject -> false
[GdPAI | debug] SimObjectProxy::is_in_group: object 411159236055 in group CampfireObject -> false
[GdPAI | debug] SimObjectProxy::is_in_group: object 410421038509 in group CampfireObject -> false
[GdPAI | debug] SimObjectProxy::is_in_group: object 411427671526 in group CampfireObject -> false
[GdPAI | debug] SimObjectProxy::is_in_group: object 411461226054 in group CampfireObject -> false
[GdPAI | debug] SimObjectProxy::is_in_group: object 410085494329 in group CampfireObject -> true
[GdPAI | debug] SimObjectProxy::is_in_group: object 411763215901 in group CampfireObject -> false
[GdPAI | debug] SimObjectProxy::is_in_group: object 410706251198 in group CampfireObject -> false
[GdPAI | debug] SimObjectProxy::is_in_group: object 410538479028 in group CampfireObject -> false
[GdPAI | debug] SimObjectProxy::is_in_group: object 410119048568 in group CampfireObject -> false
[GdPAI | debug] SimObjectProxy::is_in_group: object 411612220989 in group CampfireObject -> false
[GdPAI | debug] SimObjectProxy::is_in_group: object 411142458838 in group CampfireObject -> false
[GdPAI | debug] SimObjectProxy::is_in_group: object 410723028415 in group CampfireObject -> false
[GdPAI | debug] SimObjectProxy::is_in_group: object 411310231007 in group CampfireObject -> false
[GdPAI | debug] Discovery: Action Pick Up Wood did NOT satisfy precond Custom { callable_id: 55, dependent_object_ids: [] }
[GdPAI | debug] Discovery: Starting simulation for action Pick Up Wood
WARNING: [GdPAI] ObjectRef(124621163998): object was freed before callback; returning Nil.
   at: gdplanningai_rust::logger::process_logs (src\logger.rs:66)
   GDScript backtrace (most recent call first):
       [0] _start_plan_and_wait (res://test/integration/test_campfire_example_smoke.gd:57)
WARNING: [GdPAI] ObjectRef(124621163998): object was freed before callback; returning Nil.
   at: gdplanningai_rust::logger::process_logs (src\logger.rs:66)
   GDScript backtrace (most recent call first):
       [0] _start_plan_and_wait (res://test/integration/test_campfire_example_smoke.gd:57)
[GdPAI | debug] Discovery: Action Dig Potato failed validity check, skipping
WARNING: [GdPAI] ObjectRef(124621163998): object was freed before callback; returning Nil.
   at: gdplanningai_rust::logger::process_logs (src\logger.rs:66)
   GDScript backtrace (most recent call first):
       [0] _process (res://addons/GdPlanningAI/gdpai_autoload.gd:21)
WARNING: [GdPAI] ObjectRef(124621163998): object was freed before callback; returning Nil.
   at: gdplanningai_rust::logger::process_logs (src\logger.rs:66)
   GDScript backtrace (most recent call first):
       [0] _process (res://addons/GdPlanningAI/gdpai_autoload.gd:21)
[GdPAI | debug] Discovery: Action Dig Potato failed validity check, skipping
[GdPAI | debug] ApplyEffect [Before] ID=InstanceId(-9223371487518387811): agent props = {"entity": VariantGd { id: 410756582849, class: RigidBody2D }, "held_item": "potato", "hunger": 60.063781666666664}
[GdPAI | debug] ApplyEffect [After] ID=InstanceId(-9223371487518387811): agent props = {"entity": VariantGd { id: 410756582849, class: RigidBody2D }, "held_item": "wood", "hunger": 60.063781666666664}
[GdPAI | debug]   Snapshotting prop: entity = ObjectRef(410756582849) (Variant type: OBJECT)
[GdPAI | debug]   Snapshotting prop: held_item = Str("wood") (Variant type: STRING)
[GdPAI | debug]   Snapshotting prop: hunger = Float(60.063781666666664) (Variant type: FLOAT)
[GdPAI | debug] Discovery: Simulation success for Pick Up Wood. Agent props: {"entity": ObjectRef(410756582849), "held_item": Str("wood"), "hunger": Float(60.063781666666664)}
WARNING: [GdPAI] ObjectRef(124621163998): object was freed before callback; returning Nil.
   at: gdplanningai_rust::logger::process_logs (src\logger.rs:66)
   GDScript backtrace (most recent call first):
       [0] _start_plan_and_wait (res://test/integration/test_campfire_example_smoke.gd:57)
WARNING: [GdPAI] ObjectRef(124621163998): object was freed before callback; returning Nil.
   at: gdplanningai_rust::logger::process_logs (src\logger.rs:66)
   GDScript backtrace (most recent call first):
       [0] _start_plan_and_wait (res://test/integration/test_campfire_example_smoke.gd:57)
[GdPAI | debug] Discovery: Action Dig Potato failed validity check, skipping
[GdPAI | debug] SimObjectProxy::is_in_group: object 411276676574 in group CampfireObject -> false
[GdPAI | debug] SimObjectProxy::is_in_group: object 410723028415 in group CampfireObject -> false
[GdPAI | debug] SimObjectProxy::is_in_group: object 410387484075 in group CampfireObject -> false
[GdPAI | debug] SimObjectProxy::is_in_group: object 411746438689 in group CampfireObject -> false
[GdPAI | debug] SimObjectProxy::is_in_group: object 411142458838 in group CampfireObject -> false
[GdPAI | debug] SimObjectProxy::is_in_group: object 410538479028 in group CampfireObject -> false
[GdPAI | debug] SimObjectProxy::is_in_group: object 411763215901 in group CampfireObject -> false
[GdPAI | debug] SimObjectProxy::is_in_group: object 411595443774 in group CampfireObject -> false
[GdPAI | debug] SimObjectProxy::is_in_group: object 411444448743 in group CampfireObject -> false
[GdPAI | debug] SimObjectProxy::is_in_group: object 410706251198 in group CampfireObject -> false
[GdPAI | debug] SimObjectProxy::is_in_group: object 410421038509 in group CampfireObject -> false
[GdPAI | debug] SimObjectProxy::is_in_group: object 410404261292 in group CampfireObject -> false
[GdPAI | debug] SimObjectProxy::is_in_group: object 410119048568 in group CampfireObject -> false
[GdPAI | debug] SimObjectProxy::is_in_group: object 411427671526 in group CampfireObject -> false
[GdPAI | debug] SimObjectProxy::is_in_group: object 411612220989 in group CampfireObject -> false
[GdPAI | debug] SimObjectProxy::is_in_group: object 410085494329 in group CampfireObject -> true
[GdPAI | debug] SimObjectProxy::is_in_group: object 411125681621 in group CampfireObject -> false
[GdPAI | debug] SimObjectProxy::is_in_group: object 411310231007 in group CampfireObject -> false
[GdPAI | debug] SimObjectProxy::is_in_group: object 410689473981 in group CampfireObject -> false
[GdPAI | debug] SimObjectProxy::is_in_group: object 410555256245 in group CampfireObject -> false
[GdPAI | debug] SimObjectProxy::is_in_group: object 411461226054 in group CampfireObject -> false
[GdPAI | debug] SimObjectProxy::is_in_group: object 410236489256 in group CampfireObject -> false
[GdPAI | debug] SimObjectProxy::is_in_group: object 411578666559 in group CampfireObject -> false
[GdPAI | debug] SimObjectProxy::is_in_group: object 411159236055 in group CampfireObject -> false
[GdPAI | debug] SimObjectProxy::is_in_group: object 411729661472 in group CampfireObject -> false
[GdPAI | debug] SimObjectProxy::is_in_group: object 410957909451 in group CampfireObject -> false
[GdPAI | debug] SimObjectProxy::is_in_group: object 410572033462 in group CampfireObject -> false
[GdPAI | debug] SimObjectProxy::is_in_group: object 410253266491 in group CampfireObject -> false
[GdPAI | debug] SimObjectProxy::is_in_group: object 410102271529 in group CampfireObject -> false
[GdPAI | debug] SimObjectProxy::is_in_group: object 411293453698 in group CampfireObject -> false
[GdPAI | debug] SimObjectProxy::is_in_group: object 410270043701 in group CampfireObject -> false
[GdPAI | debug] Discovery: Action Pick Up Wood did NOT satisfy precond Custom { callable_id: 55, dependent_object_ids: [] }
WARNING: [GdPAI] ObjectRef(124621163998): object was freed before callback; returning Nil.
   at: gdplanningai_rust::logger::process_logs (src\logger.rs:66)
   GDScript backtrace (most recent call first):
       [0] _process (res://addons/GdPlanningAI/gdpai_autoload.gd:21)
WARNING: [GdPAI] ObjectRef(124621163998): object was freed before callback; returning Nil.
   at: gdplanningai_rust::logger::process_logs (src\logger.rs:66)
   GDScript backtrace (most recent call first):
       [0] _process (res://addons/GdPlanningAI/gdpai_autoload.gd:21)
[GdPAI | debug] Discovery: Action Dig Potato failed validity check, skipping
[GdPAI | debug] No candidates found for branch with 0 preconds and 0 requirements
[GdPAI] A* Iteration: pop node with chain length 3
[GdPAI | debug] Numeric comparison: 70.0627442063492 LessThan 55.062744206349194 -> false
[GdPAI | debug] find_candidates: Checking 15 actions against 0 preconds and 0 requirements
WARNING: [GdPAI] ObjectRef(124621163998): object was freed before callback; returning Nil.
   at: gdplanningai_rust::logger::process_logs (src\logger.rs:66)
   GDScript backtrace (most recent call first):
       [0] _start_plan_and_wait (res://test/integration/test_campfire_example_smoke.gd:57)
WARNING: [GdPAI] ObjectRef(124621163998): object was freed before callback; returning Nil.
   at: gdplanningai_rust::logger::process_logs (src\logger.rs:66)
   GDScript backtrace (most recent call first):
       [0] _start_plan_and_wait (res://test/integration/test_campfire_example_smoke.gd:57)
WARNING: [GdPAI] ObjectRef(124621163998): object was freed before callback; returning Nil.
   at: gdplanningai_rust::logger::process_logs (src\logger.rs:66)
   GDScript backtrace (most recent call first):
       [0] _process (res://addons/GdPlanningAI/gdpai_autoload.gd:21)
WARNING: [GdPAI] ObjectRef(124621163998): object was freed before callback; returning Nil.
   at: gdplanningai_rust::logger::process_logs (src\logger.rs:66)
   GDScript backtrace (most recent call first):
       [0] _process (res://addons/GdPlanningAI/gdpai_autoload.gd:21)
WARNING: [GdPAI] ObjectRef(124621163998): object was freed before callback; returning Nil.
   at: gdplanningai_rust::logger::process_logs (src\logger.rs:66)
   GDScript backtrace (most recent call first):
       [0] _start_plan_and_wait (res://test/integration/test_campfire_example_smoke.gd:57)
WARNING: [GdPAI] ObjectRef(124621163998): object was freed before callback; returning Nil.
   at: gdplanningai_rust::logger::process_logs (src\logger.rs:66)
   GDScript backtrace (most recent call first):
       [0] _start_plan_and_wait (res://test/integration/test_campfire_example_smoke.gd:57)
[GdPAI | debug] Discovery: Action Cook Potato failed validity check, skipping
[GdPAI | debug] Discovery: Starting simulation for action Dig Potato
WARNING: [GdPAI] ObjectRef(124621163998): object was freed before callback; returning Nil.
   at: gdplanningai_rust::logger::process_logs (src\logger.rs:66)
   GDScript backtrace (most recent call first):
       [0] _process (res://addons/GdPlanningAI/gdpai_autoload.gd:21)
WARNING: [GdPAI] ObjectRef(124621163998): object was freed before callback; returning Nil.
   at: gdplanningai_rust::logger::process_logs (src\logger.rs:66)
   GDScript backtrace (most recent call first):
       [0] _process (res://addons/GdPlanningAI/gdpai_autoload.gd:21)
[GdPAI | debug] Discovery: Action Dig Potato failed validity check, skipping
WARNING: [GdPAI] ObjectRef(124621163998): object was freed before callback; returning Nil.
   at: gdplanningai_rust::logger::process_logs (src\logger.rs:66)
   GDScript backtrace (most recent call first):
       [0] _start_plan_and_wait (res://test/integration/test_campfire_example_smoke.gd:57)
WARNING: [GdPAI] ObjectRef(124621163998): object was freed before callback; returning Nil.
   at: gdplanningai_rust::logger::process_logs (src\logger.rs:66)
   GDScript backtrace (most recent call first):
       [0] _start_plan_and_wait (res://test/integration/test_campfire_example_smoke.gd:57)
[GdPAI | debug] Discovery: Action Dig Potato failed validity check, skipping
[GdPAI | debug] ApplyEffect [Before] ID=InstanceId(-9223371478777458197): agent props = {"held_item": "potato", "hunger": 60.063781666666664, "entity": VariantGd { id: 410756582849, class: RigidBody2D }}
[GdPAI | debug] ApplyEffect [After] ID=InstanceId(-9223371478777458197): agent props = {"held_item": "potato", "entity": VariantGd { id: 410756582849, class: RigidBody2D }, "hunger": 60.063781666666664}
[GdPAI | debug]   Snapshotting prop: held_item = Str("potato") (Variant type: STRING)
[GdPAI | debug]   Snapshotting prop: entity = ObjectRef(410756582849) (Variant type: OBJECT)
[GdPAI | debug]   Snapshotting prop: hunger = Float(60.063781666666664) (Variant type: FLOAT)
[GdPAI | debug] Discovery: Simulation success for Dig Potato. Agent props: {"hunger": Float(60.063781666666664), "entity": ObjectRef(410756582849), "held_item": Str("potato")}
WARNING: [GdPAI] ObjectRef(124621163998): object was freed before callback; returning Nil.
   at: gdplanningai_rust::logger::process_logs (src\logger.rs:66)
   GDScript backtrace (most recent call first):
       [0] _process (res://addons/GdPlanningAI/gdpai_autoload.gd:21)
WARNING: [GdPAI] ObjectRef(124621163998): object was freed before callback; returning Nil.
   at: gdplanningai_rust::logger::process_logs (src\logger.rs:66)
   GDScript backtrace (most recent call first):
       [0] _process (res://addons/GdPlanningAI/gdpai_autoload.gd:21)
[GdPAI | debug] Discovery: Action Dig Potato failed validity check, skipping
[GdPAI | debug] SimObjectProxy::is_in_group: object 411444448743 in group CampfireObject -> false
[GdPAI | debug] SimObjectProxy::is_in_group: object 411763215901 in group CampfireObject -> false
[GdPAI | debug] SimObjectProxy::is_in_group: object 411461226054 in group CampfireObject -> false
[GdPAI | debug] SimObjectProxy::is_in_group: object 411578666559 in group CampfireObject -> false
[GdPAI | debug] SimObjectProxy::is_in_group: object 410253266491 in group CampfireObject -> false
[GdPAI | debug] SimObjectProxy::is_in_group: object 411125681621 in group CampfireObject -> false
[GdPAI | debug] SimObjectProxy::is_in_group: object 411310231007 in group CampfireObject -> false
[GdPAI | debug] SimObjectProxy::is_in_group: object 411595443774 in group CampfireObject -> false
[GdPAI | debug] SimObjectProxy::is_in_group: object 410387484075 in group CampfireObject -> false
[GdPAI | debug] SimObjectProxy::is_in_group: object 411729661472 in group CampfireObject -> false
[GdPAI | debug] SimObjectProxy::is_in_group: object 410102271529 in group CampfireObject -> false
[GdPAI | debug] SimObjectProxy::is_in_group: object 410538479028 in group CampfireObject -> false
[GdPAI | debug] SimObjectProxy::is_in_group: object 410723028415 in group CampfireObject -> false
[GdPAI | debug] SimObjectProxy::is_in_group: object 410555256245 in group CampfireObject -> false
[GdPAI | debug] SimObjectProxy::is_in_group: object 410404261292 in group CampfireObject -> false
[GdPAI | debug] SimObjectProxy::is_in_group: object 410236489256 in group CampfireObject -> false
[GdPAI | debug] SimObjectProxy::is_in_group: object 410706251198 in group CampfireObject -> false
[GdPAI | debug] SimObjectProxy::is_in_group: object 410119048568 in group CampfireObject -> false
[GdPAI | debug] SimObjectProxy::is_in_group: object 411427671526 in group CampfireObject -> false
[GdPAI | debug] SimObjectProxy::is_in_group: object 411159236055 in group CampfireObject -> false
[GdPAI | debug] SimObjectProxy::is_in_group: object 410957909451 in group CampfireObject -> false
[GdPAI | debug] SimObjectProxy::is_in_group: object 411293453698 in group CampfireObject -> false
[GdPAI | debug] SimObjectProxy::is_in_group: object 411746438689 in group CampfireObject -> false
[GdPAI | debug] SimObjectProxy::is_in_group: object 410572033462 in group CampfireObject -> false
[GdPAI | debug] SimObjectProxy::is_in_group: object 410421038509 in group CampfireObject -> false
[GdPAI | debug] SimObjectProxy::is_in_group: object 410270043701 in group CampfireObject -> false
[GdPAI | debug] SimObjectProxy::is_in_group: object 410085494329 in group CampfireObject -> true
[GdPAI | debug] SimObjectProxy::is_in_group: object 411612220989 in group CampfireObject -> false
[GdPAI | debug] SimObjectProxy::is_in_group: object 411142458838 in group CampfireObject -> false
[GdPAI | debug] SimObjectProxy::is_in_group: object 410689473981 in group CampfireObject -> false
[GdPAI | debug] SimObjectProxy::is_in_group: object 411276676574 in group CampfireObject -> false
[GdPAI | debug] Discovery: Action Dig Potato did NOT satisfy precond Custom { callable_id: 55, dependent_object_ids: [] }
WARNING: [GdPAI] ObjectRef(124621163998): object was freed before callback; returning Nil.
   at: gdplanningai_rust::logger::process_logs (src\logger.rs:66)
   GDScript backtrace (most recent call first):
       [0] _start_plan_and_wait (res://test/integration/test_campfire_example_smoke.gd:57)
WARNING: [GdPAI] ObjectRef(124621163998): object was freed before callback; returning Nil.
   at: gdplanningai_rust::logger::process_logs (src\logger.rs:66)
   GDScript backtrace (most recent call first):
       [0] _start_plan_and_wait (res://test/integration/test_campfire_example_smoke.gd:57)
[GdPAI | debug] Discovery: Action Dig Potato failed validity check, skipping
WARNING: [GdPAI] ObjectRef(124621163998): object was freed before callback; returning Nil.
   at: gdplanningai_rust::logger::process_logs (src\logger.rs:66)
   GDScript backtrace (most recent call first):
       [0] _process (res://addons/GdPlanningAI/gdpai_autoload.gd:21)
WARNING: [GdPAI] ObjectRef(124621163998): object was freed before callback; returning Nil.
   at: gdplanningai_rust::logger::process_logs (src\logger.rs:66)
   GDScript backtrace (most recent call first):
       [0] _process (res://addons/GdPlanningAI/gdpai_autoload.gd:21)
[GdPAI | debug] Discovery: Action Dig Potato failed validity check, skipping
[GdPAI | debug] No candidates found for branch with 0 preconds and 0 requirements
[GdPAI] A* Iteration: pop node with chain length 3
[GdPAI | debug] Numeric comparison: 70.0627442063492 LessThan 55.062744206349194 -> false
[GdPAI | debug] find_candidates: Checking 15 actions against 0 preconds and 0 requirements
WARNING: [GdPAI] ObjectRef(124621163998): object was freed before callback; returning Nil.
   at: gdplanningai_rust::logger::process_logs (src\logger.rs:66)
   GDScript backtrace (most recent call first):
       [0] _start_plan_and_wait (res://test/integration/test_campfire_example_smoke.gd:57)
WARNING: [GdPAI] ObjectRef(124621163998): object was freed before callback; returning Nil.
   at: gdplanningai_rust::logger::process_logs (src\logger.rs:66)
   GDScript backtrace (most recent call first):
       [0] _start_plan_and_wait (res://test/integration/test_campfire_example_smoke.gd:57)
WARNING: [GdPAI] ObjectRef(124621163998): object was freed before callback; returning Nil.
   at: gdplanningai_rust::logger::process_logs (src\logger.rs:66)
   GDScript backtrace (most recent call first):
       [0] _process (res://addons/GdPlanningAI/gdpai_autoload.gd:21)
WARNING: [GdPAI] ObjectRef(124621163998): object was freed before callback; returning Nil.
   at: gdplanningai_rust::logger::process_logs (src\logger.rs:66)
   GDScript backtrace (most recent call first):
       [0] _process (res://addons/GdPlanningAI/gdpai_autoload.gd:21)
[GdPAI | debug] Discovery: Starting simulation for action Dig Potato
WARNING: [GdPAI] ObjectRef(124621163998): object was freed before callback; returning Nil.
   at: gdplanningai_rust::logger::process_logs (src\logger.rs:66)
   GDScript backtrace (most recent call first):
       [0] _start_plan_and_wait (res://test/integration/test_campfire_example_smoke.gd:57)
WARNING: [GdPAI] ObjectRef(124621163998): object was freed before callback; returning Nil.
   at: gdplanningai_rust::logger::process_logs (src\logger.rs:66)
   GDScript backtrace (most recent call first):
       [0] _start_plan_and_wait (res://test/integration/test_campfire_example_smoke.gd:57)
[GdPAI | debug] Discovery: Action Cook Potato failed validity check, skipping
WARNING: [GdPAI] ObjectRef(124621163998): object was freed before callback; returning Nil.
   at: gdplanningai_rust::logger::process_logs (src\logger.rs:66)
   GDScript backtrace (most recent call first):
       [0] _process (res://addons/GdPlanningAI/gdpai_autoload.gd:21)
WARNING: [GdPAI] ObjectRef(124621163998): object was freed before callback; returning Nil.
   at: gdplanningai_rust::logger::process_logs (src\logger.rs:66)
   GDScript backtrace (most recent call first):
       [0] _process (res://addons/GdPlanningAI/gdpai_autoload.gd:21)
[GdPAI | debug] Discovery: Action Dig Potato failed validity check, skipping
[GdPAI | debug] ApplyEffect [Before] ID=InstanceId(-9223371470019751394): agent props = {"hunger": 60.063781666666664, "held_item": "potato", "entity": VariantGd { id: 410756582849, class: RigidBody2D }}
[GdPAI | debug] ApplyEffect [After] ID=InstanceId(-9223371470019751394): agent props = {"entity": VariantGd { id: 410756582849, class: RigidBody2D }, "hunger": 60.063781666666664, "held_item": "potato"}
[GdPAI | debug]   Snapshotting prop: entity = ObjectRef(410756582849) (Variant type: OBJECT)
[GdPAI | debug]   Snapshotting prop: hunger = Float(60.063781666666664) (Variant type: FLOAT)
[GdPAI | debug]   Snapshotting prop: held_item = Str("potato") (Variant type: STRING)
[GdPAI | debug] Discovery: Simulation success for Dig Potato. Agent props: {"hunger": Float(60.063781666666664), "entity": ObjectRef(410756582849), "held_item": Str("potato")}
WARNING: [GdPAI] ObjectRef(124621163998): object was freed before callback; returning Nil.
   at: gdplanningai_rust::logger::process_logs (src\logger.rs:66)
   GDScript backtrace (most recent call first):
       [0] _start_plan_and_wait (res://test/integration/test_campfire_example_smoke.gd:57)
WARNING: [GdPAI] ObjectRef(124621163998): object was freed before callback; returning Nil.
   at: gdplanningai_rust::logger::process_logs (src\logger.rs:66)
   GDScript backtrace (most recent call first):
       [0] _start_plan_and_wait (res://test/integration/test_campfire_example_smoke.gd:57)
[GdPAI | debug] Discovery: Action Dig Potato failed validity check, skipping
[GdPAI | debug] SimObjectProxy::is_in_group: object 411763215901 in group CampfireObject -> false
[GdPAI | debug] SimObjectProxy::is_in_group: object 411729661472 in group CampfireObject -> false
[GdPAI | debug] SimObjectProxy::is_in_group: object 410253266491 in group CampfireObject -> false
[GdPAI | debug] SimObjectProxy::is_in_group: object 410270043701 in group CampfireObject -> false
[GdPAI | debug] SimObjectProxy::is_in_group: object 411293453698 in group CampfireObject -> false
[GdPAI | debug] SimObjectProxy::is_in_group: object 410538479028 in group CampfireObject -> false
[GdPAI | debug] SimObjectProxy::is_in_group: object 411159236055 in group CampfireObject -> false
[GdPAI | debug] SimObjectProxy::is_in_group: object 410387484075 in group CampfireObject -> false
[GdPAI | debug] SimObjectProxy::is_in_group: object 410421038509 in group CampfireObject -> false
[GdPAI | debug] SimObjectProxy::is_in_group: object 411578666559 in group CampfireObject -> false
[GdPAI | debug] SimObjectProxy::is_in_group: object 411125681621 in group CampfireObject -> false
[GdPAI | debug] SimObjectProxy::is_in_group: object 410723028415 in group CampfireObject -> false
[GdPAI | debug] SimObjectProxy::is_in_group: object 410572033462 in group CampfireObject -> false
[GdPAI | debug] SimObjectProxy::is_in_group: object 410236489256 in group CampfireObject -> false
[GdPAI | debug] SimObjectProxy::is_in_group: object 410119048568 in group CampfireObject -> false
[GdPAI | debug] SimObjectProxy::is_in_group: object 410404261292 in group CampfireObject -> false
[GdPAI | debug] SimObjectProxy::is_in_group: object 411595443774 in group CampfireObject -> false
[GdPAI | debug] SimObjectProxy::is_in_group: object 411142458838 in group CampfireObject -> false
[GdPAI | debug] SimObjectProxy::is_in_group: object 411612220989 in group CampfireObject -> false
[GdPAI | debug] SimObjectProxy::is_in_group: object 410689473981 in group CampfireObject -> false
[GdPAI | debug] SimObjectProxy::is_in_group: object 411276676574 in group CampfireObject -> false
[GdPAI | debug] SimObjectProxy::is_in_group: object 410102271529 in group CampfireObject -> false
[GdPAI | debug] SimObjectProxy::is_in_group: object 411746438689 in group CampfireObject -> false
[GdPAI | debug] SimObjectProxy::is_in_group: object 410706251198 in group CampfireObject -> false
[GdPAI | debug] SimObjectProxy::is_in_group: object 411427671526 in group CampfireObject -> false
[GdPAI | debug] SimObjectProxy::is_in_group: object 410085494329 in group CampfireObject -> true
[GdPAI | debug] SimObjectProxy::is_in_group: object 411444448743 in group CampfireObject -> false
[GdPAI | debug] SimObjectProxy::is_in_group: object 411310231007 in group CampfireObject -> false
[GdPAI | debug] SimObjectProxy::is_in_group: object 411461226054 in group CampfireObject -> false
[GdPAI | debug] SimObjectProxy::is_in_group: object 410957909451 in group CampfireObject -> false
[GdPAI | debug] SimObjectProxy::is_in_group: object 410555256245 in group CampfireObject -> false
[GdPAI | debug] Discovery: Action Dig Potato did NOT satisfy precond Custom { callable_id: 55, dependent_object_ids: [] }
WARNING: [GdPAI] ObjectRef(124621163998): object was freed before callback; returning Nil.
   at: gdplanningai_rust::logger::process_logs (src\logger.rs:66)
   GDScript backtrace (most recent call first):
       [0] _process (res://addons/GdPlanningAI/gdpai_autoload.gd:21)
WARNING: [GdPAI] ObjectRef(124621163998): object was freed before callback; returning Nil.
   at: gdplanningai_rust::logger::process_logs (src\logger.rs:66)
   GDScript backtrace (most recent call first):
       [0] _process (res://addons/GdPlanningAI/gdpai_autoload.gd:21)
[GdPAI | debug] Discovery: Action Dig Potato failed validity check, skipping
WARNING: [GdPAI] ObjectRef(124621163998): object was freed before callback; returning Nil.
   at: gdplanningai_rust::logger::process_logs (src\logger.rs:66)
   GDScript backtrace (most recent call first):
       [0] _start_plan_and_wait (res://test/integration/test_campfire_example_smoke.gd:57)
WARNING: [GdPAI] ObjectRef(124621163998): object was freed before callback; returning Nil.
   at: gdplanningai_rust::logger::process_logs (src\logger.rs:66)
   GDScript backtrace (most recent call first):
       [0] _start_plan_and_wait (res://test/integration/test_campfire_example_smoke.gd:57)
[GdPAI | debug] Discovery: Action Dig Potato failed validity check, skipping
WARNING: [GdPAI] ObjectRef(124621163998): object was freed before callback; returning Nil.
   at: gdplanningai_rust::logger::process_logs (src\logger.rs:66)
   GDScript backtrace (most recent call first):
       [0] _process (res://addons/GdPlanningAI/gdpai_autoload.gd:21)
WARNING: [GdPAI] ObjectRef(124621163998): object was freed before callback; returning Nil.
   at: gdplanningai_rust::logger::process_logs (src\logger.rs:66)
   GDScript backtrace (most recent call first):
       [0] _process (res://addons/GdPlanningAI/gdpai_autoload.gd:21)
[GdPAI | debug] Discovery: Action Dig Potato failed validity check, skipping
[GdPAI | debug] No candidates found for branch with 0 preconds and 0 requirements
[GdPAI] A* Iteration: pop node with chain length 3
[GdPAI | debug] Numeric comparison: 70.0627442063492 LessThan 55.062744206349194 -> false
[GdPAI | debug] find_candidates: Checking 15 actions against 0 preconds and 0 requirements
WARNING: [GdPAI] ObjectRef(124621163998): object was freed before callback; returning Nil.
   at: gdplanningai_rust::logger::process_logs (src\logger.rs:66)
   GDScript backtrace (most recent call first):
       [0] _start_plan_and_wait (res://test/integration/test_campfire_example_smoke.gd:57)
WARNING: [GdPAI] ObjectRef(124621163998): object was freed before callback; returning Nil.
   at: gdplanningai_rust::logger::process_logs (src\logger.rs:66)
   GDScript backtrace (most recent call first):
       [0] _start_plan_and_wait (res://test/integration/test_campfire_example_smoke.gd:57)
[GdPAI | debug] Discovery: Starting simulation for action Dig Potato
WARNING: [GdPAI] ObjectRef(124621163998): object was freed before callback; returning Nil.
   at: gdplanningai_rust::logger::process_logs (src\logger.rs:66)
   GDScript backtrace (most recent call first):
       [0] _process (res://addons/GdPlanningAI/gdpai_autoload.gd:21)
WARNING: [GdPAI] ObjectRef(124621163998): object was freed before callback; returning Nil.
   at: gdplanningai_rust::logger::process_logs (src\logger.rs:66)
   GDScript backtrace (most recent call first):
       [0] _process (res://addons/GdPlanningAI/gdpai_autoload.gd:21)
WARNING: [GdPAI] ObjectRef(124621163998): object was freed before callback; returning Nil.
   at: gdplanningai_rust::logger::process_logs (src\logger.rs:66)
   GDScript backtrace (most recent call first):
       [0] _start_plan_and_wait (res://test/integration/test_campfire_example_smoke.gd:57)
WARNING: [GdPAI] ObjectRef(124621163998): object was freed before callback; returning Nil.
   at: gdplanningai_rust::logger::process_logs (src\logger.rs:66)
   GDScript backtrace (most recent call first):
       [0] _start_plan_and_wait (res://test/integration/test_campfire_example_smoke.gd:57)
[GdPAI | debug] Discovery: Action Cook Potato failed validity check, skipping
[GdPAI | debug] ApplyEffect [Before] ID=InstanceId(-9223371461278821815): agent props = {"held_item": "potato", "entity": VariantGd { id: 410756582849, class: RigidBody2D }, "hunger": 60.063781666666664}
[GdPAI | debug] ApplyEffect [After] ID=InstanceId(-9223371461278821815): agent props = {"held_item": "potato", "hunger": 60.063781666666664, "entity": VariantGd { id: 410756582849, class: RigidBody2D }}
[GdPAI | debug]   Snapshotting prop: held_item = Str("potato") (Variant type: STRING)
[GdPAI | debug]   Snapshotting prop: hunger = Float(60.063781666666664) (Variant type: FLOAT)
[GdPAI | debug]   Snapshotting prop: entity = ObjectRef(410756582849) (Variant type: OBJECT)
[GdPAI | debug] Discovery: Simulation success for Dig Potato. Agent props: {"held_item": Str("potato"), "hunger": Float(60.063781666666664), "entity": ObjectRef(410756582849)}
WARNING: [GdPAI] ObjectRef(124621163998): object was freed before callback; returning Nil.
   at: gdplanningai_rust::logger::process_logs (src\logger.rs:66)
   GDScript backtrace (most recent call first):
       [0] _process (res://addons/GdPlanningAI/gdpai_autoload.gd:21)
WARNING: [GdPAI] ObjectRef(124621163998): object was freed before callback; returning Nil.
   at: gdplanningai_rust::logger::process_logs (src\logger.rs:66)
   GDScript backtrace (most recent call first):
       [0] _process (res://addons/GdPlanningAI/gdpai_autoload.gd:21)
[GdPAI | debug] Discovery: Action Dig Potato failed validity check, skipping
[GdPAI | debug] SimObjectProxy::is_in_group: object 410421038509 in group CampfireObject -> false
[GdPAI | debug] SimObjectProxy::is_in_group: object 410706251198 in group CampfireObject -> false
[GdPAI | debug] SimObjectProxy::is_in_group: object 410270043701 in group CampfireObject -> false
[GdPAI | debug] SimObjectProxy::is_in_group: object 410957909451 in group CampfireObject -> false
[GdPAI | debug] SimObjectProxy::is_in_group: object 411612220989 in group CampfireObject -> false
[GdPAI | debug] SimObjectProxy::is_in_group: object 411427671526 in group CampfireObject -> false
[GdPAI | debug] SimObjectProxy::is_in_group: object 410119048568 in group CampfireObject -> false
[GdPAI | debug] SimObjectProxy::is_in_group: object 410723028415 in group CampfireObject -> false
[GdPAI | debug] SimObjectProxy::is_in_group: object 410572033462 in group CampfireObject -> false
[GdPAI | debug] SimObjectProxy::is_in_group: object 411125681621 in group CampfireObject -> false
[GdPAI | debug] SimObjectProxy::is_in_group: object 410253266491 in group CampfireObject -> false
[GdPAI | debug] SimObjectProxy::is_in_group: object 410085494329 in group CampfireObject -> true
[GdPAI | debug] SimObjectProxy::is_in_group: object 410387484075 in group CampfireObject -> false
[GdPAI | debug] SimObjectProxy::is_in_group: object 410404261292 in group CampfireObject -> false
[GdPAI | debug] SimObjectProxy::is_in_group: object 410236489256 in group CampfireObject -> false
[GdPAI | debug] SimObjectProxy::is_in_group: object 411444448743 in group CampfireObject -> false
[GdPAI | debug] SimObjectProxy::is_in_group: object 411293453698 in group CampfireObject -> false
[GdPAI | debug] SimObjectProxy::is_in_group: object 411276676574 in group CampfireObject -> false
[GdPAI | debug] SimObjectProxy::is_in_group: object 411763215901 in group CampfireObject -> false
[GdPAI | debug] SimObjectProxy::is_in_group: object 411142458838 in group CampfireObject -> false
[GdPAI | debug] SimObjectProxy::is_in_group: object 411310231007 in group CampfireObject -> false
[GdPAI | debug] SimObjectProxy::is_in_group: object 411578666559 in group CampfireObject -> false
[GdPAI | debug] SimObjectProxy::is_in_group: object 410689473981 in group CampfireObject -> false
[GdPAI | debug] SimObjectProxy::is_in_group: object 410538479028 in group CampfireObject -> false
[GdPAI | debug] SimObjectProxy::is_in_group: object 411461226054 in group CampfireObject -> false
[GdPAI | debug] SimObjectProxy::is_in_group: object 411159236055 in group CampfireObject -> false
[GdPAI | debug] SimObjectProxy::is_in_group: object 411746438689 in group CampfireObject -> false
[GdPAI | debug] SimObjectProxy::is_in_group: object 410102271529 in group CampfireObject -> false
[GdPAI | debug] SimObjectProxy::is_in_group: object 410555256245 in group CampfireObject -> false
[GdPAI | debug] SimObjectProxy::is_in_group: object 411595443774 in group CampfireObject -> false
[GdPAI | debug] SimObjectProxy::is_in_group: object 411729661472 in group CampfireObject -> false
[GdPAI | debug] Discovery: Action Dig Potato did NOT satisfy precond Custom { callable_id: 55, dependent_object_ids: [] }
WARNING: [GdPAI] ObjectRef(124621163998): object was freed before callback; returning Nil.
   at: gdplanningai_rust::logger::process_logs (src\logger.rs:66)
   GDScript backtrace (most recent call first):
       [0] _start_plan_and_wait (res://test/integration/test_campfire_example_smoke.gd:57)
WARNING: [GdPAI] ObjectRef(124621163998): object was freed before callback; returning Nil.
   at: gdplanningai_rust::logger::process_logs (src\logger.rs:66)
   GDScript backtrace (most recent call first):
       [0] _start_plan_and_wait (res://test/integration/test_campfire_example_smoke.gd:57)
[GdPAI | debug] Discovery: Action Dig Potato failed validity check, skipping
WARNING: [GdPAI] ObjectRef(124621163998): object was freed before callback; returning Nil.
   at: gdplanningai_rust::logger::process_logs (src\logger.rs:66)
   GDScript backtrace (most recent call first):
       [0] _process (res://addons/GdPlanningAI/gdpai_autoload.gd:21)
WARNING: [GdPAI] ObjectRef(124621163998): object was freed before callback; returning Nil.
   at: gdplanningai_rust::logger::process_logs (src\logger.rs:66)
   GDScript backtrace (most recent call first):
       [0] _process (res://addons/GdPlanningAI/gdpai_autoload.gd:21)
[GdPAI | debug] Discovery: Action Dig Potato failed validity check, skipping
WARNING: [GdPAI] ObjectRef(124621163998): object was freed before callback; returning Nil.
   at: gdplanningai_rust::logger::process_logs (src\logger.rs:66)
   GDScript backtrace (most recent call first):
       [0] _start_plan_and_wait (res://test/integration/test_campfire_example_smoke.gd:57)
WARNING: [GdPAI] ObjectRef(124621163998): object was freed before callback; returning Nil.
   at: gdplanningai_rust::logger::process_logs (src\logger.rs:66)
   GDScript backtrace (most recent call first):
       [0] _start_plan_and_wait (res://test/integration/test_campfire_example_smoke.gd:57)
[GdPAI | debug] Discovery: Action Dig Potato failed validity check, skipping
WARNING: [GdPAI] ObjectRef(124621163998): object was freed before callback; returning Nil.
   at: gdplanningai_rust::logger::process_logs (src\logger.rs:66)
   GDScript backtrace (most recent call first):
       [0] _process (res://addons/GdPlanningAI/gdpai_autoload.gd:21)
WARNING: [GdPAI] ObjectRef(124621163998): object was freed before callback; returning Nil.
   at: gdplanningai_rust::logger::process_logs (src\logger.rs:66)
   GDScript backtrace (most recent call first):
       [0] _process (res://addons/GdPlanningAI/gdpai_autoload.gd:21)
[GdPAI | debug] Discovery: Action Dig Potato failed validity check, skipping
[GdPAI | debug] No candidates found for branch with 0 preconds and 0 requirements
[GdPAI] A* Iteration: pop node with chain length 3
[GdPAI | debug] Numeric comparison: 70.0627442063492 LessThan 55.062744206349194 -> false
[GdPAI | debug] find_candidates: Checking 15 actions against 0 preconds and 0 requirements
[GdPAI | debug] Discovery: Starting simulation for action Dig Potato
WARNING: [GdPAI] ObjectRef(124621163998): object was freed before callback; returning Nil.
   at: gdplanningai_rust::logger::process_logs (src\logger.rs:66)
   GDScript backtrace (most recent call first):
       [0] _start_plan_and_wait (res://test/integration/test_campfire_example_smoke.gd:57)
WARNING: [GdPAI] ObjectRef(124621163998): object was freed before callback; returning Nil.
   at: gdplanningai_rust::logger::process_logs (src\logger.rs:66)
   GDScript backtrace (most recent call first):
       [0] _start_plan_and_wait (res://test/integration/test_campfire_example_smoke.gd:57)
WARNING: [GdPAI] ObjectRef(124621163998): object was freed before callback; returning Nil.
   at: gdplanningai_rust::logger::process_logs (src\logger.rs:66)
   GDScript backtrace (most recent call first):
       [0] _process (res://addons/GdPlanningAI/gdpai_autoload.gd:21)
WARNING: [GdPAI] ObjectRef(124621163998): object was freed before callback; returning Nil.
   at: gdplanningai_rust::logger::process_logs (src\logger.rs:66)
   GDScript backtrace (most recent call first):
       [0] _process (res://addons/GdPlanningAI/gdpai_autoload.gd:21)
[GdPAI | debug] ApplyEffect [Before] ID=InstanceId(-9223371452521115014): agent props = {"entity": VariantGd { id: 410756582849, class: RigidBody2D }, "held_item": "potato", "hunger": 60.063781666666664}
[GdPAI | debug] ApplyEffect [After] ID=InstanceId(-9223371452521115014): agent props = {"hunger": 60.063781666666664, "entity": VariantGd { id: 410756582849, class: RigidBody2D }, "held_item": "potato"}
[GdPAI | debug]   Snapshotting prop: hunger = Float(60.063781666666664) (Variant type: FLOAT)
[GdPAI | debug]   Snapshotting prop: entity = ObjectRef(410756582849) (Variant type: OBJECT)
[GdPAI | debug]   Snapshotting prop: held_item = Str("potato") (Variant type: STRING)
[GdPAI | debug] Discovery: Simulation success for Dig Potato. Agent props: {"hunger": Float(60.063781666666664), "held_item": Str("potato"), "entity": ObjectRef(410756582849)}
WARNING: [GdPAI] ObjectRef(124621163998): object was freed before callback; returning Nil.
   at: gdplanningai_rust::logger::process_logs (src\logger.rs:66)
   GDScript backtrace (most recent call first):
       [0] _start_plan_and_wait (res://test/integration/test_campfire_example_smoke.gd:57)
WARNING: [GdPAI] ObjectRef(124621163998): object was freed before callback; returning Nil.
   at: gdplanningai_rust::logger::process_logs (src\logger.rs:66)
   GDScript backtrace (most recent call first):
       [0] _start_plan_and_wait (res://test/integration/test_campfire_example_smoke.gd:57)
[GdPAI | debug] Discovery: Action Cook Potato failed validity check, skipping
[GdPAI | debug] SimObjectProxy::is_in_group: object 410538479028 in group CampfireObject -> false
[GdPAI | debug] SimObjectProxy::is_in_group: object 410404261292 in group CampfireObject -> false
[GdPAI | debug] SimObjectProxy::is_in_group: object 411276676574 in group CampfireObject -> false
[GdPAI | debug] SimObjectProxy::is_in_group: object 410119048568 in group CampfireObject -> false
[GdPAI | debug] SimObjectProxy::is_in_group: object 411729661472 in group CampfireObject -> false
[GdPAI | debug] SimObjectProxy::is_in_group: object 411159236055 in group CampfireObject -> false
[GdPAI | debug] SimObjectProxy::is_in_group: object 411427671526 in group CampfireObject -> false
[GdPAI | debug] SimObjectProxy::is_in_group: object 410236489256 in group CampfireObject -> false
[GdPAI | debug] SimObjectProxy::is_in_group: object 410102271529 in group CampfireObject -> false
[GdPAI | debug] SimObjectProxy::is_in_group: object 410555256245 in group CampfireObject -> false
[GdPAI | debug] SimObjectProxy::is_in_group: object 410957909451 in group CampfireObject -> false
[GdPAI | debug] SimObjectProxy::is_in_group: object 411444448743 in group CampfireObject -> false
[GdPAI | debug] SimObjectProxy::is_in_group: object 410706251198 in group CampfireObject -> false
[GdPAI | debug] SimObjectProxy::is_in_group: object 410085494329 in group CampfireObject -> true
[GdPAI | debug] SimObjectProxy::is_in_group: object 410421038509 in group CampfireObject -> false
[GdPAI | debug] SimObjectProxy::is_in_group: object 411125681621 in group CampfireObject -> false
[GdPAI | debug] SimObjectProxy::is_in_group: object 411763215901 in group CampfireObject -> false
[GdPAI | debug] SimObjectProxy::is_in_group: object 410689473981 in group CampfireObject -> false
[GdPAI | debug] SimObjectProxy::is_in_group: object 411612220989 in group CampfireObject -> false
[GdPAI | debug] SimObjectProxy::is_in_group: object 410253266491 in group CampfireObject -> false
[GdPAI | debug] SimObjectProxy::is_in_group: object 411142458838 in group CampfireObject -> false
[GdPAI | debug] SimObjectProxy::is_in_group: object 411310231007 in group CampfireObject -> false
[GdPAI | debug] SimObjectProxy::is_in_group: object 411746438689 in group CampfireObject -> false
[GdPAI | debug] SimObjectProxy::is_in_group: object 410387484075 in group CampfireObject -> false
[GdPAI | debug] SimObjectProxy::is_in_group: object 411578666559 in group CampfireObject -> false
[GdPAI | debug] SimObjectProxy::is_in_group: object 411293453698 in group CampfireObject -> false
[GdPAI | debug] SimObjectProxy::is_in_group: object 411595443774 in group CampfireObject -> false
[GdPAI | debug] SimObjectProxy::is_in_group: object 410270043701 in group CampfireObject -> false
[GdPAI | debug] SimObjectProxy::is_in_group: object 410572033462 in group CampfireObject -> false
[GdPAI | debug] SimObjectProxy::is_in_group: object 411461226054 in group CampfireObject -> false
[GdPAI | debug] SimObjectProxy::is_in_group: object 410723028415 in group CampfireObject -> false
[GdPAI | debug] Discovery: Action Dig Potato did NOT satisfy precond Custom { callable_id: 55, dependent_object_ids: [] }
WARNING: [GdPAI] ObjectRef(124621163998): object was freed before callback; returning Nil.
   at: gdplanningai_rust::logger::process_logs (src\logger.rs:66)
   GDScript backtrace (most recent call first):
       [0] _process (res://addons/GdPlanningAI/gdpai_autoload.gd:21)
WARNING: [GdPAI] ObjectRef(124621163998): object was freed before callback; returning Nil.
   at: gdplanningai_rust::logger::process_logs (src\logger.rs:66)
   GDScript backtrace (most recent call first):
       [0] _process (res://addons/GdPlanningAI/gdpai_autoload.gd:21)
[GdPAI | debug] Discovery: Action Dig Potato failed validity check, skipping
WARNING: [GdPAI] ObjectRef(124621163998): object was freed before callback; returning Nil.
   at: gdplanningai_rust::logger::process_logs (src\logger.rs:66)
   GDScript backtrace (most recent call first):
       [0] _start_plan_and_wait (res://test/integration/test_campfire_example_smoke.gd:57)
WARNING: [GdPAI] ObjectRef(124621163998): object was freed before callback; returning Nil.
   at: gdplanningai_rust::logger::process_logs (src\logger.rs:66)
   GDScript backtrace (most recent call first):
       [0] _start_plan_and_wait (res://test/integration/test_campfire_example_smoke.gd:57)
[GdPAI | debug] Discovery: Action Dig Potato failed validity check, skipping
WARNING: [GdPAI] ObjectRef(124621163998): object was freed before callback; returning Nil.
   at: gdplanningai_rust::logger::process_logs (src\logger.rs:66)
   GDScript backtrace (most recent call first):
       [0] _process (res://addons/GdPlanningAI/gdpai_autoload.gd:21)
WARNING: [GdPAI] ObjectRef(124621163998): object was freed before callback; returning Nil.
   at: gdplanningai_rust::logger::process_logs (src\logger.rs:66)
   GDScript backtrace (most recent call first):
       [0] _process (res://addons/GdPlanningAI/gdpai_autoload.gd:21)
[GdPAI | debug] Discovery: Action Dig Potato failed validity check, skipping
WARNING: [GdPAI] ObjectRef(124621163998): object was freed before callback; returning Nil.
   at: gdplanningai_rust::logger::process_logs (src\logger.rs:66)
   GDScript backtrace (most recent call first):
       [0] _start_plan_and_wait (res://test/integration/test_campfire_example_smoke.gd:57)
WARNING: [GdPAI] ObjectRef(124621163998): object was freed before callback; returning Nil.
   at: gdplanningai_rust::logger::process_logs (src\logger.rs:66)
   GDScript backtrace (most recent call first):
       [0] _start_plan_and_wait (res://test/integration/test_campfire_example_smoke.gd:57)
[GdPAI | debug] Discovery: Action Dig Potato failed validity check, skipping
[GdPAI | debug] Discovery: Starting simulation for action Dig Potato
WARNING: [GdPAI] ObjectRef(124621163998): object was freed before callback; returning Nil.
   at: gdplanningai_rust::logger::process_logs (src\logger.rs:66)
   GDScript backtrace (most recent call first):
       [0] _process (res://addons/GdPlanningAI/gdpai_autoload.gd:21)
WARNING: [GdPAI] ObjectRef(124621163998): object was freed before callback; returning Nil.
   at: gdplanningai_rust::logger::process_logs (src\logger.rs:66)
   GDScript backtrace (most recent call first):
       [0] _process (res://addons/GdPlanningAI/gdpai_autoload.gd:21)
[GdPAI | debug] Discovery: Action Dig Potato failed validity check, skipping
[GdPAI | debug] No candidates found for branch with 0 preconds and 0 requirements
[GdPAI] A* Iteration: pop node with chain length 4
[GdPAI | debug] find_candidates: Checking 15 actions against 1 preconds and 1 requirements
WARNING: [GdPAI] ObjectRef(124621163998): object was freed before callback; returning Nil.
   at: gdplanningai_rust::logger::process_logs (src\logger.rs:66)
   GDScript backtrace (most recent call first):
       [0] _start_plan_and_wait (res://test/integration/test_campfire_example_smoke.gd:57)
WARNING: [GdPAI] ObjectRef(124621163998): object was freed before callback; returning Nil.
   at: gdplanningai_rust::logger::process_logs (src\logger.rs:66)
   GDScript backtrace (most recent call first):
       [0] _start_plan_and_wait (res://test/integration/test_campfire_example_smoke.gd:57)
[GdPAI | debug] Discovery: Starting simulation for action Go To
[GdPAI | debug] ApplyEffect [Before] ID=InstanceId(-9223371443780185465): agent props = {"held_item": "potato", "entity": VariantGd { id: 410756582849, class: RigidBody2D }, "hunger": 60.063781666666664}
[GdPAI | debug] ApplyEffect [After] ID=InstanceId(-9223371443780185465): agent props = {"entity": VariantGd { id: 410756582849, class: RigidBody2D }, "hunger": 60.063781666666664, "held_item": "potato"}
[GdPAI | debug]   Snapshotting prop: entity = ObjectRef(410756582849) (Variant type: OBJECT)
[GdPAI | debug]   Snapshotting prop: hunger = Float(60.063781666666664) (Variant type: FLOAT)
[GdPAI | debug]   Snapshotting prop: held_item = Str("potato") (Variant type: STRING)
[GdPAI | debug] Discovery: Simulation success for Dig Potato. Agent props: {"entity": ObjectRef(410756582849), "hunger": Float(60.063781666666664), "held_item": Str("potato")}
WARNING: [GdPAI] ObjectRef(124621163998): object was freed before callback; returning Nil.
   at: gdplanningai_rust::logger::process_logs (src\logger.rs:66)
   GDScript backtrace (most recent call first):
       [0] _process (res://addons/GdPlanningAI/gdpai_autoload.gd:21)
WARNING: [GdPAI] ObjectRef(124621163998): object was freed before callback; returning Nil.
   at: gdplanningai_rust::logger::process_logs (src\logger.rs:66)
   GDScript backtrace (most recent call first):
       [0] _process (res://addons/GdPlanningAI/gdpai_autoload.gd:21)
[GdPAI | debug] GetCost: callable returned non-numeric value: null; returning INFINITY
[GdPAI | debug] SimObjectProxy::is_in_group: object 411444448743 in group CampfireObject -> false
[GdPAI | debug] SimObjectProxy::is_in_group: object 411595443774 in group CampfireObject -> false
[GdPAI | debug] SimObjectProxy::is_in_group: object 411159236055 in group CampfireObject -> false
[GdPAI | debug] SimObjectProxy::is_in_group: object 410538479028 in group CampfireObject -> false
[GdPAI | debug] SimObjectProxy::is_in_group: object 410689473981 in group CampfireObject -> false
[GdPAI | debug] SimObjectProxy::is_in_group: object 411427671526 in group CampfireObject -> false
[GdPAI | debug] SimObjectProxy::is_in_group: object 410236489256 in group CampfireObject -> false
[GdPAI | debug] SimObjectProxy::is_in_group: object 410404261292 in group CampfireObject -> false
[GdPAI | debug] SimObjectProxy::is_in_group: object 410102271529 in group CampfireObject -> false
[GdPAI | debug] SimObjectProxy::is_in_group: object 411461226054 in group CampfireObject -> false
[GdPAI | debug] SimObjectProxy::is_in_group: object 410253266491 in group CampfireObject -> false
[GdPAI | debug] SimObjectProxy::is_in_group: object 410723028415 in group CampfireObject -> false
[GdPAI | debug] SimObjectProxy::is_in_group: object 411276676574 in group CampfireObject -> false
[GdPAI | debug] SimObjectProxy::is_in_group: object 410957909451 in group CampfireObject -> false
[GdPAI | debug] SimObjectProxy::is_in_group: object 410706251198 in group CampfireObject -> false
[GdPAI | debug] SimObjectProxy::is_in_group: object 411763215901 in group CampfireObject -> false
[GdPAI | debug] SimObjectProxy::is_in_group: object 410572033462 in group CampfireObject -> false
[GdPAI | debug] SimObjectProxy::is_in_group: object 410270043701 in group CampfireObject -> false
[GdPAI | debug] SimObjectProxy::is_in_group: object 411729661472 in group CampfireObject -> false
[GdPAI | debug] SimObjectProxy::is_in_group: object 410387484075 in group CampfireObject -> false
[GdPAI | debug] SimObjectProxy::is_in_group: object 411578666559 in group CampfireObject -> false
[GdPAI | debug] SimObjectProxy::is_in_group: object 411612220989 in group CampfireObject -> false
[GdPAI | debug] SimObjectProxy::is_in_group: object 410421038509 in group CampfireObject -> false
[GdPAI | debug] SimObjectProxy::is_in_group: object 411746438689 in group CampfireObject -> false
[GdPAI | debug] SimObjectProxy::is_in_group: object 411293453698 in group CampfireObject -> false
[GdPAI | debug] SimObjectProxy::is_in_group: object 410119048568 in group CampfireObject -> false
[GdPAI | debug] SimObjectProxy::is_in_group: object 410555256245 in group CampfireObject -> false
[GdPAI | debug] SimObjectProxy::is_in_group: object 411125681621 in group CampfireObject -> false
[GdPAI | debug] SimObjectProxy::is_in_group: object 411310231007 in group CampfireObject -> false
[GdPAI | debug] SimObjectProxy::is_in_group: object 410085494329 in group CampfireObject -> true
[GdPAI | debug] SimObjectProxy::is_in_group: object 411142458838 in group CampfireObject -> false
[GdPAI | debug] Discovery: Action Dig Potato did NOT satisfy precond Custom { callable_id: 55, dependent_object_ids: [] }
[GdPAI | debug] No candidates found for branch with 1 preconds and 0 requirements
WARNING: [GdPAI] ObjectRef(124621163998): object was freed before callback; returning Nil.
   at: gdplanningai_rust::logger::process_logs (src\logger.rs:66)
   GDScript backtrace (most recent call first):
       [0] _start_plan_and_wait (res://test/integration/test_campfire_example_smoke.gd:57)
WARNING: [GdPAI] ObjectRef(124621163998): object was freed before callback; returning Nil.
   at: gdplanningai_rust::logger::process_logs (src\logger.rs:66)
   GDScript backtrace (most recent call first):
       [0] _start_plan_and_wait (res://test/integration/test_campfire_example_smoke.gd:57)
[GdPAI | debug] ApplyEffect [Before] ID=InstanceId(-9223371441850805585): agent props = {"hunger": 70.0627442063492, "entity": null, "held_item": ""}
[GdPAI | debug] ApplyEffect [After] ID=InstanceId(-9223371441850805585): agent props = {"hunger": 70.0627442063492, "entity": null, "held_item": ""}
[GdPAI | debug]   Snapshotting prop: hunger = Float(70.0627442063492) (Variant type: FLOAT)
[GdPAI | debug]   Snapshotting prop: entity = Nil (Variant type: NIL)
[GdPAI | debug]   Snapshotting prop: held_item = Str("") (Variant type: STRING)
[GdPAI] Plan complete: success=false, actions=0, cost=0.0, action_chain=[]
[GdPAI | debug] Discovery: Simulation success for Go To. Agent props: {"hunger": Float(70.0627442063492), "entity": Nil, "held_item": Str("")}
[GdPAI | debug] Discovery: Action Go To satisfied precond Builtin { target: Agent, operation: Equal, property_name: "held_item", value: Some(Str("")) }
[GdPAI | debug] Found candidate: Go To (satisfied preconds: [0], requirements: [0])
[GdPAI | debug] Discovery: Starting simulation for action Eat Held Food
WARNING: [GdPAI] ObjectRef(124621163998): object was freed before callback; returning Nil.
   at: gdplanningai_rust::logger::process_logs (src\logger.rs:66)
   GDScript backtrace (most recent call first):
       [0] _process (res://addons/GdPlanningAI/gdpai_autoload.gd:21)
WARNING: [GdPAI] ObjectRef(124621163998): object was freed before callback; returning Nil.
   at: gdplanningai_rust::logger::process_logs (src\logger.rs:66)
   GDScript backtrace (most recent call first):
       [0] _process (res://addons/GdPlanningAI/gdpai_autoload.gd:21)
[GdPAI | debug] GetCost: callable returned non-numeric value: null; returning INFINITY
WARNING: [GdPAI] ObjectRef(124621163998): object was freed before callback; returning Nil.
   at: gdplanningai_rust::logger::process_logs (src\logger.rs:66)
   GDScript backtrace (most recent call first):
       [0] _start_plan_and_wait (res://test/integration/test_campfire_example_smoke.gd:57)
WARNING: [GdPAI] ObjectRef(124621163998): object was freed before callback; returning Nil.
   at: gdplanningai_rust::logger::process_logs (src\logger.rs:66)
   GDScript backtrace (most recent call first):
       [0] _start_plan_and_wait (res://test/integration/test_campfire_example_smoke.gd:57)
[GdPAI | debug] ApplyEffect [Before] ID=InstanceId(-9223371440491851957): agent props = {"held_item": "", "hunger": 70.0627442063492, "entity": null}
[GdPAI | debug] ApplyEffect [After] ID=InstanceId(-9223371440491851957): agent props = {"held_item": "", "hunger": 70.0627442063492, "entity": null}
[GdPAI | debug]   Snapshotting prop: held_item = Str("") (Variant type: STRING)
[GdPAI | debug]   Snapshotting prop: hunger = Float(70.0627442063492) (Variant type: FLOAT)
[GdPAI | debug]   Snapshotting prop: entity = Nil (Variant type: NIL)
[GdPAI | debug] Discovery: Simulation success for Eat Held Food. Agent props: {"hunger": Float(70.0627442063492), "entity": Nil, "held_item": Str("")}
[GdPAI | debug] Discovery: Action Eat Held Food satisfied precond Builtin { target: Agent, operation: Equal, property_name: "held_item", value: Some(Str("")) }
[GdPAI | debug] Found candidate: Eat Held Food (satisfied preconds: [0], requirements: [])
WARNING: [GdPAI] ObjectRef(124621163998): object was freed before callback; returning Nil.
   at: gdplanningai_rust::logger::process_logs (src\logger.rs:66)
   GDScript backtrace (most recent call first):
       [0] _process (res://addons/GdPlanningAI/gdpai_autoload.gd:21)
WARNING: [GdPAI] ObjectRef(124621163998): object was freed before callback; returning Nil.
   at: gdplanningai_rust::logger::process_logs (src\logger.rs:66)
   GDScript backtrace (most recent call first):
       [0] _process (res://addons/GdPlanningAI/gdpai_autoload.gd:21)
[GdPAI | debug] Discovery: Starting simulation for action Go To
WARNING: [GdPAI] ObjectRef(124621163998): object was freed before callback; returning Nil.
   at: gdplanningai_rust::logger::process_logs (src\logger.rs:66)
   GDScript backtrace (most recent call first):
       [0] _start_plan_and_wait (res://test/integration/test_campfire_example_smoke.gd:57)
WARNING: [GdPAI] ObjectRef(124621163998): object was freed before callback; returning Nil.
   at: gdplanningai_rust::logger::process_logs (src\logger.rs:66)
   GDScript backtrace (most recent call first):
       [0] _start_plan_and_wait (res://test/integration/test_campfire_example_smoke.gd:57)
[GdPAI | debug] GetCost: callable returned non-numeric value: null; returning INFINITY
WARNING: [GdPAI] ObjectRef(124621163998): object was freed before callback; returning Nil.
   at: gdplanningai_rust::logger::process_logs (src\logger.rs:66)
   GDScript backtrace (most recent call first):
       [0] _process (res://addons/GdPlanningAI/gdpai_autoload.gd:21)
WARNING: [GdPAI] ObjectRef(124621163998): object was freed before callback; returning Nil.
   at: gdplanningai_rust::logger::process_logs (src\logger.rs:66)
   GDScript backtrace (most recent call first):
       [0] _process (res://addons/GdPlanningAI/gdpai_autoload.gd:21)
[GdPAI | debug] ApplyEffect [Before] ID=InstanceId(-9223371438445031600): agent props = {"held_item": "", "hunger": 70.0627442063492, "entity": null}
[GdPAI | debug] ApplyEffect [After] ID=InstanceId(-9223371438445031600): agent props = {"held_item": "", "hunger": 70.0627442063492, "entity": null}
[GdPAI | debug]   Snapshotting prop: held_item = Str("") (Variant type: STRING)
[GdPAI | debug]   Snapshotting prop: hunger = Float(70.0627442063492) (Variant type: FLOAT)
[GdPAI | debug]   Snapshotting prop: entity = Nil (Variant type: NIL)
[GdPAI | debug] Discovery: Simulation success for Go To. Agent props: {"held_item": Str(""), "entity": Nil, "hunger": Float(70.0627442063492)}
[GdPAI | debug] Discovery: Action Go To satisfied precond Builtin { target: Agent, operation: Equal, property_name: "held_item", value: Some(Str("")) }
[GdPAI | debug] Found candidate: Go To (satisfied preconds: [0], requirements: [0])
[GdPAI | debug] Discovery: Starting simulation for action Drop Item
WARNING: [GdPAI] ObjectRef(124621163998): object was freed before callback; returning Nil.
   at: gdplanningai_rust::logger::process_logs (src\logger.rs:66)
   GDScript backtrace (most recent call first):
       [0] _start_plan_and_wait (res://test/integration/test_campfire_example_smoke.gd:57)
WARNING: [GdPAI] ObjectRef(124621163998): object was freed before callback; returning Nil.
   at: gdplanningai_rust::logger::process_logs (src\logger.rs:66)
   GDScript backtrace (most recent call first):
       [0] _start_plan_and_wait (res://test/integration/test_campfire_example_smoke.gd:57)
[GdPAI | debug] GetCost: callable returned non-numeric value: null; returning INFINITY
WARNING: [GdPAI] ObjectRef(124621163998): object was freed before callback; returning Nil.
   at: gdplanningai_rust::logger::process_logs (src\logger.rs:66)
   GDScript backtrace (most recent call first):
       [0] _process (res://addons/GdPlanningAI/gdpai_autoload.gd:21)
WARNING: [GdPAI] ObjectRef(124621163998): object was freed before callback; returning Nil.
   at: gdplanningai_rust::logger::process_logs (src\logger.rs:66)
   GDScript backtrace (most recent call first):
       [0] _process (res://addons/GdPlanningAI/gdpai_autoload.gd:21)
[GdPAI | debug] ApplyEffect [Before] ID=InstanceId(-9223371437086076225): agent props = {"entity": null, "hunger": 70.0627442063492, "held_item": ""}
[GdPAI | debug] ApplyEffect [After] ID=InstanceId(-9223371437086076225): agent props = {"entity": null, "hunger": 70.0627442063492, "held_item": ""}
[GdPAI | debug]   Snapshotting prop: entity = Nil (Variant type: NIL)
[GdPAI | debug]   Snapshotting prop: hunger = Float(70.0627442063492) (Variant type: FLOAT)
[GdPAI | debug]   Snapshotting prop: held_item = Str("") (Variant type: STRING)
[GdPAI | debug] Discovery: Simulation success for Drop Item. Agent props: {"hunger": Float(70.0627442063492), "entity": Nil, "held_item": Str("")}
[GdPAI | debug] Discovery: Action Drop Item satisfied precond Builtin { target: Agent, operation: Equal, property_name: "held_item", value: Some(Str("")) }
[GdPAI | debug] Found candidate: Drop Item (satisfied preconds: [0], requirements: [])
[GdPAI | debug] Discovery: Starting simulation for action Add Fuel
WARNING: [GdPAI] ObjectRef(124621163998): object was freed before callback; returning Nil.
   at: gdplanningai_rust::logger::process_logs (src\logger.rs:66)
   GDScript backtrace (most recent call first):
       [0] _start_plan_and_wait (res://test/integration/test_campfire_example_smoke.gd:57)
WARNING: [GdPAI] ObjectRef(124621163998): object was freed before callback; returning Nil.
   at: gdplanningai_rust::logger::process_logs (src\logger.rs:66)
   GDScript backtrace (most recent call first):
       [0] _start_plan_and_wait (res://test/integration/test_campfire_example_smoke.gd:57)
[GdPAI | debug] GetCost: callable returned non-numeric value: null; returning INFINITY
WARNING: [GdPAI] ObjectRef(124621163998): object was freed before callback; returning Nil.
   at: gdplanningai_rust::logger::process_logs (src\logger.rs:66)
   GDScript backtrace (most recent call first):
       [0] _process (res://addons/GdPlanningAI/gdpai_autoload.gd:21)
WARNING: [GdPAI] ObjectRef(124621163998): object was freed before callback; returning Nil.
   at: gdplanningai_rust::logger::process_logs (src\logger.rs:66)
   GDScript backtrace (most recent call first):
       [0] _process (res://addons/GdPlanningAI/gdpai_autoload.gd:21)
[GdPAI | debug] ApplyEffect [Before] ID=InstanceId(-9223371435727121742): agent props = {"hunger": 70.0627442063492, "entity": null, "held_item": "wood"}
[GdPAI | debug] ApplyEffect [After] ID=InstanceId(-9223371435727121742): agent props = {"hunger": 70.0627442063492, "entity": null, "held_item": "wood"}
[GdPAI | debug]   Snapshotting prop: hunger = Float(70.0627442063492) (Variant type: FLOAT)
[GdPAI | debug]   Snapshotting prop: entity = Nil (Variant type: NIL)
[GdPAI | debug]   Snapshotting prop: held_item = Str("wood") (Variant type: STRING)
[GdPAI | debug] Discovery: Simulation success for Add Fuel. Agent props: {"held_item": Str("wood"), "hunger": Float(70.0627442063492), "entity": Nil}
[GdPAI | debug] Discovery: Action Add Fuel did NOT satisfy precond Builtin { target: Agent, operation: Equal, property_name: "held_item", value: Some(Str("")) }
WARNING: [GdPAI] ObjectRef(124621163998): object was freed before callback; returning Nil.
   at: gdplanningai_rust::logger::process_logs (src\logger.rs:66)
   GDScript backtrace (most recent call first):
       [0] _start_plan_and_wait (res://test/integration/test_campfire_example_smoke.gd:57)
WARNING: [GdPAI] ObjectRef(124621163998): object was freed before callback; returning Nil.
   at: gdplanningai_rust::logger::process_logs (src\logger.rs:66)
   GDScript backtrace (most recent call first):
       [0] _start_plan_and_wait (res://test/integration/test_campfire_example_smoke.gd:57)
[GdPAI | debug] Discovery: Action Cook Potato failed validity check, skipping
[GdPAI | debug] Discovery: Starting simulation for action Pick Up Wood
WARNING: [GdPAI] ObjectRef(124621163998): object was freed before callback; returning Nil.
   at: gdplanningai_rust::logger::process_logs (src\logger.rs:66)
   GDScript backtrace (most recent call first):
       [0] _process (res://addons/GdPlanningAI/gdpai_autoload.gd:21)
WARNING: [GdPAI] ObjectRef(124621163998): object was freed before callback; returning Nil.
   at: gdplanningai_rust::logger::process_logs (src\logger.rs:66)
   GDScript backtrace (most recent call first):
       [0] _process (res://addons/GdPlanningAI/gdpai_autoload.gd:21)
[GdPAI | debug] GetCost: callable returned non-numeric value: null; returning INFINITY
WARNING: [GdPAI] ObjectRef(124621163998): object was freed before callback; returning Nil.
   at: gdplanningai_rust::logger::process_logs (src\logger.rs:66)
   GDScript backtrace (most recent call first):
       [0] _start_plan_and_wait (res://test/integration/test_campfire_example_smoke.gd:57)
WARNING: [GdPAI] ObjectRef(124621163998): object was freed before callback; returning Nil.
   at: gdplanningai_rust::logger::process_logs (src\logger.rs:66)
   GDScript backtrace (most recent call first):
       [0] _start_plan_and_wait (res://test/integration/test_campfire_example_smoke.gd:57)
[GdPAI | debug] ApplyEffect [Before] ID=InstanceId(-9223371433697078572): agent props = {"entity": null, "hunger": 70.0627442063492, "held_item": ""}
[GdPAI | debug] ApplyEffect [After] ID=InstanceId(-9223371433697078572): agent props = {"entity": null, "hunger": 70.0627442063492, "held_item": ""}
[GdPAI | debug]   Snapshotting prop: entity = Nil (Variant type: NIL)
[GdPAI | debug]   Snapshotting prop: hunger = Float(70.0627442063492) (Variant type: FLOAT)
[GdPAI | debug]   Snapshotting prop: held_item = Str("") (Variant type: STRING)
[GdPAI | debug] Discovery: Simulation success for Pick Up Wood. Agent props: {"entity": Nil, "hunger": Float(70.0627442063492), "held_item": Str("")}
[GdPAI | debug] Discovery: Action Pick Up Wood satisfied precond Builtin { target: Agent, operation: Equal, property_name: "held_item", value: Some(Str("")) }
[GdPAI | debug] Found candidate: Pick Up Wood (satisfied preconds: [0], requirements: [])
[GdPAI | debug] Discovery: Starting simulation for action Pick Up Wood
WARNING: [GdPAI] ObjectRef(124621163998): object was freed before callback; returning Nil.
   at: gdplanningai_rust::logger::process_logs (src\logger.rs:66)
   GDScript backtrace (most recent call first):
       [0] _process (res://addons/GdPlanningAI/gdpai_autoload.gd:21)
WARNING: [GdPAI] ObjectRef(124621163998): object was freed before callback; returning Nil.
   at: gdplanningai_rust::logger::process_logs (src\logger.rs:66)
   GDScript backtrace (most recent call first):
       [0] _process (res://addons/GdPlanningAI/gdpai_autoload.gd:21)
[GdPAI | debug] GetCost: callable returned non-numeric value: null; returning INFINITY
WARNING: [GdPAI] ObjectRef(124621163998): object was freed before callback; returning Nil.
   at: gdplanningai_rust::logger::process_logs (src\logger.rs:66)
   GDScript backtrace (most recent call first):
       [0] _start_plan_and_wait (res://test/integration/test_campfire_example_smoke.gd:57)
WARNING: [GdPAI] ObjectRef(124621163998): object was freed before callback; returning Nil.
   at: gdplanningai_rust::logger::process_logs (src\logger.rs:66)
   GDScript backtrace (most recent call first):
       [0] _start_plan_and_wait (res://test/integration/test_campfire_example_smoke.gd:57)
[GdPAI | debug] ApplyEffect [Before] ID=InstanceId(-9223371432338124048): agent props = {"held_item": "", "hunger": 70.0627442063492, "entity": null}
[GdPAI | debug] ApplyEffect [After] ID=InstanceId(-9223371432338124048): agent props = {"held_item": "", "hunger": 70.0627442063492, "entity": null}
[GdPAI | debug]   Snapshotting prop: held_item = Str("") (Variant type: STRING)
[GdPAI | debug]   Snapshotting prop: hunger = Float(70.0627442063492) (Variant type: FLOAT)
[GdPAI | debug]   Snapshotting prop: entity = Nil (Variant type: NIL)
[GdPAI | debug] Discovery: Simulation success for Pick Up Wood. Agent props: {"held_item": Str(""), "hunger": Float(70.0627442063492), "entity": Nil}
[GdPAI | debug] Discovery: Action Pick Up Wood satisfied precond Builtin { target: Agent, operation: Equal, property_name: "held_item", value: Some(Str("")) }
[GdPAI | debug] Found candidate: Pick Up Wood (satisfied preconds: [0], requirements: [])
[GdPAI | debug] Discovery: Starting simulation for action Pick Up Wood
WARNING: [GdPAI] ObjectRef(124621163998): object was freed before callback; returning Nil.
   at: gdplanningai_rust::logger::process_logs (src\logger.rs:66)
   GDScript backtrace (most recent call first):
       [0] _process (res://addons/GdPlanningAI/gdpai_autoload.gd:21)
WARNING: [GdPAI] ObjectRef(124621163998): object was freed before callback; returning Nil.
   at: gdplanningai_rust::logger::process_logs (src\logger.rs:66)
   GDScript backtrace (most recent call first):
       [0] _process (res://addons/GdPlanningAI/gdpai_autoload.gd:21)
[GdPAI | debug] GetCost: callable returned non-numeric value: null; returning INFINITY
WARNING: [GdPAI] ObjectRef(124621163998): object was freed before callback; returning Nil.
   at: gdplanningai_rust::logger::process_logs (src\logger.rs:66)
   GDScript backtrace (most recent call first):
       [0] _start_plan_and_wait (res://test/integration/test_campfire_example_smoke.gd:57)
WARNING: [GdPAI] ObjectRef(124621163998): object was freed before callback; returning Nil.
   at: gdplanningai_rust::logger::process_logs (src\logger.rs:66)
   GDScript backtrace (most recent call first):
       [0] _start_plan_and_wait (res://test/integration/test_campfire_example_smoke.gd:57)
[GdPAI | debug] ApplyEffect [Before] ID=InstanceId(-9223371430979169538): agent props = {"entity": null, "held_item": "", "hunger": 70.0627442063492}
[GdPAI | debug] ApplyEffect [After] ID=InstanceId(-9223371430979169538): agent props = {"entity": null, "held_item": "", "hunger": 70.0627442063492}
[GdPAI | debug]   Snapshotting prop: entity = Nil (Variant type: NIL)
[GdPAI | debug]   Snapshotting prop: held_item = Str("") (Variant type: STRING)
[GdPAI | debug]   Snapshotting prop: hunger = Float(70.0627442063492) (Variant type: FLOAT)
[GdPAI | debug] Discovery: Simulation success for Pick Up Wood. Agent props: {"entity": Nil, "held_item": Str(""), "hunger": Float(70.0627442063492)}
[GdPAI | debug] Discovery: Action Pick Up Wood satisfied precond Builtin { target: Agent, operation: Equal, property_name: "held_item", value: Some(Str("")) }
[GdPAI | debug] Found candidate: Pick Up Wood (satisfied preconds: [0], requirements: [])
[GdPAI | debug] Discovery: Starting simulation for action Pick Up Wood
WARNING: [GdPAI] ObjectRef(124621163998): object was freed before callback; returning Nil.
   at: gdplanningai_rust::logger::process_logs (src\logger.rs:66)
   GDScript backtrace (most recent call first):
       [0] _process (res://addons/GdPlanningAI/gdpai_autoload.gd:21)
WARNING: [GdPAI] ObjectRef(124621163998): object was freed before callback; returning Nil.
   at: gdplanningai_rust::logger::process_logs (src\logger.rs:66)
   GDScript backtrace (most recent call first):
       [0] _process (res://addons/GdPlanningAI/gdpai_autoload.gd:21)
[GdPAI | debug] GetCost: callable returned non-numeric value: null; returning INFINITY
WARNING: [GdPAI] ObjectRef(124621163998): object was freed before callback; returning Nil.
   at: gdplanningai_rust::logger::process_logs (src\logger.rs:66)
   GDScript backtrace (most recent call first):
       [0] _start_plan_and_wait (res://test/integration/test_campfire_example_smoke.gd:57)
WARNING: [GdPAI] ObjectRef(124621163998): object was freed before callback; returning Nil.
   at: gdplanningai_rust::logger::process_logs (src\logger.rs:66)
   GDScript backtrace (most recent call first):
       [0] _start_plan_and_wait (res://test/integration/test_campfire_example_smoke.gd:57)
[GdPAI | debug] ApplyEffect [Before] ID=InstanceId(-9223371429620215062): agent props = {"entity": null, "held_item": "", "hunger": 70.0627442063492}
[GdPAI | debug] ApplyEffect [After] ID=InstanceId(-9223371429620215062): agent props = {"entity": null, "held_item": "", "hunger": 70.0627442063492}
[GdPAI | debug]   Snapshotting prop: entity = Nil (Variant type: NIL)
[GdPAI | debug]   Snapshotting prop: held_item = Str("") (Variant type: STRING)
[GdPAI | debug]   Snapshotting prop: hunger = Float(70.0627442063492) (Variant type: FLOAT)
[GdPAI | debug] Discovery: Simulation success for Pick Up Wood. Agent props: {"held_item": Str(""), "entity": Nil, "hunger": Float(70.0627442063492)}
[GdPAI | debug] Discovery: Action Pick Up Wood satisfied precond Builtin { target: Agent, operation: Equal, property_name: "held_item", value: Some(Str("")) }
[GdPAI | debug] Found candidate: Pick Up Wood (satisfied preconds: [0], requirements: [])
WARNING: [GdPAI] ObjectRef(124621163998): object was freed before callback; returning Nil.
   at: gdplanningai_rust::logger::process_logs (src\logger.rs:66)
   GDScript backtrace (most recent call first):
       [0] _process (res://addons/GdPlanningAI/gdpai_autoload.gd:21)
WARNING: [GdPAI] ObjectRef(124621163998): object was freed before callback; returning Nil.
   at: gdplanningai_rust::logger::process_logs (src\logger.rs:66)
   GDScript backtrace (most recent call first):
       [0] _process (res://addons/GdPlanningAI/gdpai_autoload.gd:21)
[GdPAI | debug] Discovery: Action Dig Potato failed validity check, skipping
WARNING: [GdPAI] ObjectRef(124621163998): object was freed before callback; returning Nil.
   at: gdplanningai_rust::logger::process_logs (src\logger.rs:66)
   GDScript backtrace (most recent call first):
       [0] _start_plan_and_wait (res://test/integration/test_campfire_example_smoke.gd:57)
WARNING: [GdPAI] ObjectRef(124621163998): object was freed before callback; returning Nil.
   at: gdplanningai_rust::logger::process_logs (src\logger.rs:66)
   GDScript backtrace (most recent call first):
       [0] _start_plan_and_wait (res://test/integration/test_campfire_example_smoke.gd:57)
[GdPAI | debug] Discovery: Action Dig Potato failed validity check, skipping
WARNING: [GdPAI] ObjectRef(124621163998): object was freed before callback; returning Nil.
   at: gdplanningai_rust::logger::process_logs (src\logger.rs:66)
   GDScript backtrace (most recent call first):
       [0] _process (res://addons/GdPlanningAI/gdpai_autoload.gd:21)
WARNING: [GdPAI] ObjectRef(124621163998): object was freed before callback; returning Nil.
   at: gdplanningai_rust::logger::process_logs (src\logger.rs:66)
   GDScript backtrace (most recent call first):
       [0] _process (res://addons/GdPlanningAI/gdpai_autoload.gd:21)
[GdPAI | debug] Discovery: Action Dig Potato failed validity check, skipping
WARNING: [GdPAI] ObjectRef(124621163998): object was freed before callback; returning Nil.
   at: gdplanningai_rust::logger::process_logs (src\logger.rs:66)
   GDScript backtrace (most recent call first):
       [0] _start_plan_and_wait (res://test/integration/test_campfire_example_smoke.gd:57)
WARNING: [GdPAI] ObjectRef(124621163998): object was freed before callback; returning Nil.
   at: gdplanningai_rust::logger::process_logs (src\logger.rs:66)
   GDScript backtrace (most recent call first):
       [0] _start_plan_and_wait (res://test/integration/test_campfire_example_smoke.gd:57)
[GdPAI | debug] Discovery: Action Dig Potato failed validity check, skipping
WARNING: [GdPAI] ObjectRef(124621163998): object was freed before callback; returning Nil.
   at: gdplanningai_rust::logger::process_logs (src\logger.rs:66)
   GDScript backtrace (most recent call first):
       [0] _process (res://addons/GdPlanningAI/gdpai_autoload.gd:21)
WARNING: [GdPAI] ObjectRef(124621163998): object was freed before callback; returning Nil.
   at: gdplanningai_rust::logger::process_logs (src\logger.rs:66)
   GDScript backtrace (most recent call first):
       [0] _process (res://addons/GdPlanningAI/gdpai_autoload.gd:21)
[GdPAI | debug] Discovery: Action Dig Potato failed validity check, skipping
WARNING: [GdPAI] ObjectRef(124621163998): object was freed before callback; returning Nil.
   at: gdplanningai_rust::logger::process_logs (src\logger.rs:66)
   GDScript backtrace (most recent call first):
       [0] _start_plan_and_wait (res://test/integration/test_campfire_example_smoke.gd:57)
WARNING: [GdPAI] ObjectRef(124621163998): object was freed before callback; returning Nil.
   at: gdplanningai_rust::logger::process_logs (src\logger.rs:66)
   GDScript backtrace (most recent call first):
       [0] _start_plan_and_wait (res://test/integration/test_campfire_example_smoke.gd:57)
WARNING: [GdPAI] ObjectRef(125661351450): object was freed before callback; returning Nil.
   at: gdplanningai_rust::logger::process_logs (src\logger.rs:66)
   GDScript backtrace (most recent call first):
       [0] _start_plan_and_wait (res://test/integration/test_campfire_example_smoke.gd:57)
WARNING: [GdPAI] ObjectRef(125661351450): object was freed before callback; returning Nil.
   at: gdplanningai_rust::logger::process_logs (src\logger.rs:66)
   GDScript backtrace (most recent call first):
       [0] _start_plan_and_wait (res://test/integration/test_campfire_example_smoke.gd:57)
[GdPAI | debug] GetCost: callable returned non-numeric value: null; returning INFINITY
WARNING: [GdPAI] ObjectRef(124621163998): object was freed before callback; returning Nil.
   at: gdplanningai_rust::logger::process_logs (src\logger.rs:66)
   GDScript backtrace (most recent call first):
       [0] _process (res://addons/GdPlanningAI/gdpai_autoload.gd:21)
WARNING: [GdPAI] ObjectRef(124621163998): object was freed before callback; returning Nil.
   at: gdplanningai_rust::logger::process_logs (src\logger.rs:66)
   GDScript backtrace (most recent call first):
       [0] _process (res://addons/GdPlanningAI/gdpai_autoload.gd:21)
WARNING: [GdPAI] ObjectRef(125661351450): object was freed before callback; returning Nil.
   at: gdplanningai_rust::logger::process_logs (src\logger.rs:66)
   GDScript backtrace (most recent call first):
       [0] _process (res://addons/GdPlanningAI/gdpai_autoload.gd:21)
WARNING: [GdPAI] ObjectRef(125661351450): object was freed before callback; returning Nil.
   at: gdplanningai_rust::logger::process_logs (src\logger.rs:66)
   GDScript backtrace (most recent call first):
       [0] _process (res://addons/GdPlanningAI/gdpai_autoload.gd:21)
[GdPAI | debug] ApplyEffect [Before] ID=InstanceId(-9223371424754822358): agent props = {"held_item": "", "at_target": null, "hunger": 70.0627442063492, "entity": null}
[GdPAI | debug] ApplyEffect [After] ID=InstanceId(-9223371424754822358): agent props = {"held_item": "", "at_target": null, "hunger": 70.0627442063492, "entity": null}
[GdPAI | debug]   Snapshotting prop: held_item = Str("") (Variant type: STRING)
[GdPAI | debug]   Snapshotting prop: at_target = Nil (Variant type: NIL)
[GdPAI | debug]   Snapshotting prop: hunger = Float(70.0627442063492) (Variant type: FLOAT)
[GdPAI | debug]   Snapshotting prop: entity = Nil (Variant type: NIL)
WARNING: [GdPAI] ObjectRef(124621163998): object was freed before callback; returning Nil.
   at: gdplanningai_rust::logger::process_logs (src\logger.rs:66)
   GDScript backtrace (most recent call first):
       [0] _start_plan_and_wait (res://test/integration/test_campfire_example_smoke.gd:57)
WARNING: [GdPAI] ObjectRef(125661351450): object was freed before callback; returning Nil.
   at: gdplanningai_rust::logger::process_logs (src\logger.rs:66)
   GDScript backtrace (most recent call first):
       [0] _start_plan_and_wait (res://test/integration/test_campfire_example_smoke.gd:57)
WARNING: [GdPAI] ObjectRef(125661351450): object was freed before callback; returning Nil.
   at: gdplanningai_rust::logger::process_logs (src\logger.rs:66)
   GDScript backtrace (most recent call first):
       [0] _start_plan_and_wait (res://test/integration/test_campfire_example_smoke.gd:57)
[GdPAI | debug] GetCost: callable returned non-numeric value: null; returning INFINITY
WARNING: [GdPAI] ObjectRef(124621163998): object was freed before callback; returning Nil.
   at: gdplanningai_rust::logger::process_logs (src\logger.rs:66)
   GDScript backtrace (most recent call first):
       [0] _process (res://addons/GdPlanningAI/gdpai_autoload.gd:21)
WARNING: [GdPAI] ObjectRef(125661351450): object was freed before callback; returning Nil.
   at: gdplanningai_rust::logger::process_logs (src\logger.rs:66)
   GDScript backtrace (most recent call first):
       [0] _process (res://addons/GdPlanningAI/gdpai_autoload.gd:21)
WARNING: [GdPAI] ObjectRef(125661351450): object was freed before callback; returning Nil.
   at: gdplanningai_rust::logger::process_logs (src\logger.rs:66)
   GDScript backtrace (most recent call first):
       [0] _process (res://addons/GdPlanningAI/gdpai_autoload.gd:21)
[GdPAI | debug] ApplyEffect [Before] ID=InstanceId(-9223371423244872947): agent props = {"hunger": 70.0627442063492, "entity": null, "held_item": "", "at_target": null}
[GdPAI | debug] ApplyEffect [After] ID=InstanceId(-9223371423244872947): agent props = {"hunger": 70.0627442063492, "entity": null, "held_item": "", "at_target": null}
[GdPAI | debug]   Snapshotting prop: hunger = Float(70.0627442063492) (Variant type: FLOAT)
[GdPAI | debug]   Snapshotting prop: entity = Nil (Variant type: NIL)
[GdPAI | debug]   Snapshotting prop: held_item = Str("") (Variant type: STRING)
[GdPAI | debug]   Snapshotting prop: at_target = Nil (Variant type: NIL)
WARNING: [GdPAI] ObjectRef(124621163998): object was freed before callback; returning Nil.
   at: gdplanningai_rust::logger::process_logs (src\logger.rs:66)
   GDScript backtrace (most recent call first):
       [0] _start_plan_and_wait (res://test/integration/test_campfire_example_smoke.gd:57)
WARNING: [GdPAI] ObjectRef(124134624705): object was freed before callback; returning Nil.
   at: gdplanningai_rust::logger::process_logs (src\logger.rs:66)
   GDScript backtrace (most recent call first):
       [0] _start_plan_and_wait (res://test/integration/test_campfire_example_smoke.gd:57)
WARNING: [GdPAI] ObjectRef(124134624705): object was freed before callback; returning Nil.
   at: gdplanningai_rust::logger::process_logs (src\logger.rs:66)
   GDScript backtrace (most recent call first):
       [0] _start_plan_and_wait (res://test/integration/test_campfire_example_smoke.gd:57)
[GdPAI | debug] GetCost: callable returned non-numeric value: null; returning INFINITY
WARNING: [GdPAI] ObjectRef(124621163998): object was freed before callback; returning Nil.
   at: gdplanningai_rust::logger::process_logs (src\logger.rs:66)
   GDScript backtrace (most recent call first):
       [0] _process (res://addons/GdPlanningAI/gdpai_autoload.gd:21)
WARNING: [GdPAI] ObjectRef(124134624705): object was freed before callback; returning Nil.
   at: gdplanningai_rust::logger::process_logs (src\logger.rs:66)
   GDScript backtrace (most recent call first):
       [0] _process (res://addons/GdPlanningAI/gdpai_autoload.gd:21)
WARNING: [GdPAI] ObjectRef(124134624705): object was freed before callback; returning Nil.
   at: gdplanningai_rust::logger::process_logs (src\logger.rs:66)
   GDScript backtrace (most recent call first):
       [0] _process (res://addons/GdPlanningAI/gdpai_autoload.gd:21)
[GdPAI | debug] ApplyEffect [Before] ID=InstanceId(-9223371421785255118): agent props = {"at_target": null, "hunger": 70.0627442063492, "held_item": "", "entity": null}
[GdPAI | debug] ApplyEffect [After] ID=InstanceId(-9223371421785255118): agent props = {"at_target": null, "hunger": 70.0627442063492, "held_item": "", "entity": null}
[GdPAI | debug]   Snapshotting prop: at_target = Nil (Variant type: NIL)
[GdPAI | debug]   Snapshotting prop: hunger = Float(70.0627442063492) (Variant type: FLOAT)
[GdPAI | debug]   Snapshotting prop: held_item = Str("") (Variant type: STRING)
[GdPAI | debug]   Snapshotting prop: entity = Nil (Variant type: NIL)
WARNING: [GdPAI] ObjectRef(124621163998): object was freed before callback; returning Nil.
   at: gdplanningai_rust::logger::process_logs (src\logger.rs:66)
   GDScript backtrace (most recent call first):
       [0] _start_plan_and_wait (res://test/integration/test_campfire_example_smoke.gd:57)
WARNING: [GdPAI] ObjectRef(124134624705): object was freed before callback; returning Nil.
   at: gdplanningai_rust::logger::process_logs (src\logger.rs:66)
   GDScript backtrace (most recent call first):
       [0] _start_plan_and_wait (res://test/integration/test_campfire_example_smoke.gd:57)
WARNING: [GdPAI] ObjectRef(124134624705): object was freed before callback; returning Nil.
   at: gdplanningai_rust::logger::process_logs (src\logger.rs:66)
   GDScript backtrace (most recent call first):
       [0] _start_plan_and_wait (res://test/integration/test_campfire_example_smoke.gd:57)
[GdPAI | debug] GetCost: callable returned non-numeric value: null; returning INFINITY
WARNING: [GdPAI] ObjectRef(124621163998): object was freed before callback; returning Nil.
   at: gdplanningai_rust::logger::process_logs (src\logger.rs:66)
   GDScript backtrace (most recent call first):
       [0] _process (res://addons/GdPlanningAI/gdpai_autoload.gd:21)
WARNING: [GdPAI] ObjectRef(124134624705): object was freed before callback; returning Nil.
   at: gdplanningai_rust::logger::process_logs (src\logger.rs:66)
   GDScript backtrace (most recent call first):
       [0] _process (res://addons/GdPlanningAI/gdpai_autoload.gd:21)
WARNING: [GdPAI] ObjectRef(124134624705): object was freed before callback; returning Nil.
   at: gdplanningai_rust::logger::process_logs (src\logger.rs:66)
   GDScript backtrace (most recent call first):
       [0] _process (res://addons/GdPlanningAI/gdpai_autoload.gd:21)
[GdPAI | debug] ApplyEffect [Before] ID=InstanceId(-9223371420325637279): agent props = {"held_item": "", "hunger": 70.0627442063492, "at_target": null, "entity": null}
[GdPAI | debug] ApplyEffect [After] ID=InstanceId(-9223371420325637279): agent props = {"held_item": "", "hunger": 70.0627442063492, "at_target": null, "entity": null}
[GdPAI | debug]   Snapshotting prop: held_item = Str("") (Variant type: STRING)
[GdPAI | debug]   Snapshotting prop: hunger = Float(70.0627442063492) (Variant type: FLOAT)
[GdPAI | debug]   Snapshotting prop: at_target = Nil (Variant type: NIL)
[GdPAI | debug]   Snapshotting prop: entity = Nil (Variant type: NIL)
WARNING: [GdPAI] ObjectRef(124621163998): object was freed before callback; returning Nil.
   at: gdplanningai_rust::logger::process_logs (src\logger.rs:66)
   GDScript backtrace (most recent call first):
       [0] _start_plan_and_wait (res://test/integration/test_campfire_example_smoke.gd:57)
[GdPAI | debug] GetCost: callable returned non-numeric value: null; returning INFINITY
WARNING: [GdPAI] ObjectRef(124621163998): object was freed before callback; returning Nil.
   at: gdplanningai_rust::logger::process_logs (src\logger.rs:66)
   GDScript backtrace (most recent call first):
       [0] _process (res://addons/GdPlanningAI/gdpai_autoload.gd:21)
[GdPAI | debug] ApplyEffect [Before] ID=InstanceId(-9223371418966682770): agent props = {"hunger": 70.0627442063492, "held_item": "wood", "entity": null, "at_target": null}
[GdPAI | debug] ApplyEffect [After] ID=InstanceId(-9223371418966682770): agent props = {"hunger": 70.0627442063492, "held_item": "wood", "entity": null, "at_target": null}
[GdPAI | debug]   Snapshotting prop: hunger = Float(70.0627442063492) (Variant type: FLOAT)
[GdPAI | debug]   Snapshotting prop: held_item = Str("wood") (Variant type: STRING)
[GdPAI | debug]   Snapshotting prop: entity = Nil (Variant type: NIL)
[GdPAI | debug]   Snapshotting prop: at_target = Nil (Variant type: NIL)
WARNING: [GdPAI] ObjectRef(124621163998): object was freed before callback; returning Nil.
   at: gdplanningai_rust::logger::process_logs (src\logger.rs:66)
   GDScript backtrace (most recent call first):
       [0] _start_plan_and_wait (res://test/integration/test_campfire_example_smoke.gd:57)
WARNING: [GdPAI] ObjectRef(124621163998): object was freed before callback; returning Nil.
   at: gdplanningai_rust::logger::process_logs (src\logger.rs:66)
   GDScript backtrace (most recent call first):
       [0] _start_plan_and_wait (res://test/integration/test_campfire_example_smoke.gd:57)
[GdPAI | debug] GetCost: callable returned non-numeric value: null; returning INFINITY
WARNING: [GdPAI] ObjectRef(124621163998): object was freed before callback; returning Nil.
   at: gdplanningai_rust::logger::process_logs (src\logger.rs:66)
   GDScript backtrace (most recent call first):
       [0] _process (res://addons/GdPlanningAI/gdpai_autoload.gd:21)
WARNING: [GdPAI] ObjectRef(124621163998): object was freed before callback; returning Nil.
   at: gdplanningai_rust::logger::process_logs (src\logger.rs:66)
   GDScript backtrace (most recent call first):
       [0] _process (res://addons/GdPlanningAI/gdpai_autoload.gd:21)
[GdPAI | debug] ApplyEffect [Before] ID=InstanceId(-9223371417658059930): agent props = {"held_item": "", "entity": null, "hunger": 70.0627442063492}
[GdPAI | debug] ApplyEffect [After] ID=InstanceId(-9223371417658059930): agent props = {"held_item": "", "entity": null, "hunger": 70.0627442063492}
[GdPAI | debug]   Snapshotting prop: held_item = Str("") (Variant type: STRING)
[GdPAI | debug]   Snapshotting prop: entity = Nil (Variant type: NIL)
[GdPAI | debug]   Snapshotting prop: hunger = Float(70.0627442063492) (Variant type: FLOAT)
WARNING: [GdPAI] ObjectRef(124621163998): object was freed before callback; returning Nil.
   at: gdplanningai_rust::logger::process_logs (src\logger.rs:66)
   GDScript backtrace (most recent call first):
       [0] _start_plan_and_wait (res://test/integration/test_campfire_example_smoke.gd:57)
[GdPAI | debug] GetCost: callable returned non-numeric value: null; returning INFINITY
WARNING: [GdPAI] ObjectRef(124621163998): object was freed before callback; returning Nil.
   at: gdplanningai_rust::logger::process_logs (src\logger.rs:66)
   GDScript backtrace (most recent call first):
       [0] _process (res://addons/GdPlanningAI/gdpai_autoload.gd:21)
[GdPAI | debug] ApplyEffect [Before] ID=InstanceId(-9223371416349437050): agent props = {"hunger": 70.0627442063492, "entity": null, "held_item": ""}
[GdPAI | debug] ApplyEffect [After] ID=InstanceId(-9223371416349437050): agent props = {"hunger": 70.0627442063492, "entity": null, "held_item": ""}
[GdPAI | debug]   Snapshotting prop: hunger = Float(70.0627442063492) (Variant type: FLOAT)
[GdPAI | debug]   Snapshotting prop: entity = Nil (Variant type: NIL)
[GdPAI | debug]   Snapshotting prop: held_item = Str("") (Variant type: STRING)
WARNING: [GdPAI] ObjectRef(124621163998): object was freed before callback; returning Nil.
   at: gdplanningai_rust::logger::process_logs (src\logger.rs:66)
   GDScript backtrace (most recent call first):
       [0] _start_plan_and_wait (res://test/integration/test_campfire_example_smoke.gd:57)
WARNING: [GdPAI] ObjectRef(124134624705): object was freed before callback; returning Nil.
   at: gdplanningai_rust::logger::process_logs (src\logger.rs:66)
   GDScript backtrace (most recent call first):
       [0] _start_plan_and_wait (res://test/integration/test_campfire_example_smoke.gd:57)
WARNING: [GdPAI] ObjectRef(124134624705): object was freed before callback; returning Nil.
   at: gdplanningai_rust::logger::process_logs (src\logger.rs:66)
   GDScript backtrace (most recent call first):
       [0] _start_plan_and_wait (res://test/integration/test_campfire_example_smoke.gd:57)
[GdPAI | debug] GetCost: callable returned non-numeric value: null; returning INFINITY
WARNING: [GdPAI] ObjectRef(124621163998): object was freed before callback; returning Nil.
   at: gdplanningai_rust::logger::process_logs (src\logger.rs:66)
   GDScript backtrace (most recent call first):
       [0] _process (res://addons/GdPlanningAI/gdpai_autoload.gd:21)
WARNING: [GdPAI] ObjectRef(124134624705): object was freed before callback; returning Nil.
   at: gdplanningai_rust::logger::process_logs (src\logger.rs:66)
   GDScript backtrace (most recent call first):
       [0] _process (res://addons/GdPlanningAI/gdpai_autoload.gd:21)
WARNING: [GdPAI] ObjectRef(124134624705): object was freed before callback; returning Nil.
   at: gdplanningai_rust::logger::process_logs (src\logger.rs:66)
   GDScript backtrace (most recent call first):
       [0] _process (res://addons/GdPlanningAI/gdpai_autoload.gd:21)
[GdPAI | debug] ApplyEffect [Before] ID=InstanceId(-9223371414990482568): agent props = {"at_target": null, "hunger": 70.0627442063492, "held_item": "", "entity": null}
[GdPAI | debug] ApplyEffect [After] ID=InstanceId(-9223371414990482568): agent props = {"at_target": null, "hunger": 70.0627442063492, "held_item": "", "entity": null}
[GdPAI | debug]   Snapshotting prop: at_target = Nil (Variant type: NIL)
[GdPAI | debug]   Snapshotting prop: hunger = Float(70.0627442063492) (Variant type: FLOAT)
[GdPAI | debug]   Snapshotting prop: held_item = Str("") (Variant type: STRING)
[GdPAI | debug]   Snapshotting prop: entity = Nil (Variant type: NIL)
WARNING: [GdPAI] ObjectRef(124621163998): object was freed before callback; returning Nil.
   at: gdplanningai_rust::logger::process_logs (src\logger.rs:66)
   GDScript backtrace (most recent call first):
       [0] _start_plan_and_wait (res://test/integration/test_campfire_example_smoke.gd:57)
WARNING: [GdPAI] ObjectRef(124134624705): object was freed before callback; returning Nil.
   at: gdplanningai_rust::logger::process_logs (src\logger.rs:66)
   GDScript backtrace (most recent call first):
       [0] _start_plan_and_wait (res://test/integration/test_campfire_example_smoke.gd:57)
WARNING: [GdPAI] ObjectRef(124134624705): object was freed before callback; returning Nil.
   at: gdplanningai_rust::logger::process_logs (src\logger.rs:66)
   GDScript backtrace (most recent call first):
       [0] _start_plan_and_wait (res://test/integration/test_campfire_example_smoke.gd:57)
[GdPAI | debug] GetCost: callable returned non-numeric value: null; returning INFINITY
WARNING: [GdPAI] ObjectRef(124621163998): object was freed before callback; returning Nil.
   at: gdplanningai_rust::logger::process_logs (src\logger.rs:66)
   GDScript backtrace (most recent call first):
       [0] _process (res://addons/GdPlanningAI/gdpai_autoload.gd:21)
WARNING: [GdPAI] ObjectRef(124134624705): object was freed before callback; returning Nil.
   at: gdplanningai_rust::logger::process_logs (src\logger.rs:66)
   GDScript backtrace (most recent call first):
       [0] _process (res://addons/GdPlanningAI/gdpai_autoload.gd:21)
WARNING: [GdPAI] ObjectRef(124134624705): object was freed before callback; returning Nil.
   at: gdplanningai_rust::logger::process_logs (src\logger.rs:66)
   GDScript backtrace (most recent call first):
       [0] _process (res://addons/GdPlanningAI/gdpai_autoload.gd:21)
[GdPAI | debug] ApplyEffect [Before] ID=InstanceId(-9223371413530864769): agent props = {"entity": null, "hunger": 70.0627442063492, "held_item": "", "at_target": null}
[GdPAI | debug] ApplyEffect [After] ID=InstanceId(-9223371413530864769): agent props = {"entity": null, "hunger": 70.0627442063492, "held_item": "", "at_target": null}
[GdPAI | debug]   Snapshotting prop: entity = Nil (Variant type: NIL)
[GdPAI | debug]   Snapshotting prop: hunger = Float(70.0627442063492) (Variant type: FLOAT)
[GdPAI | debug]   Snapshotting prop: held_item = Str("") (Variant type: STRING)
[GdPAI | debug]   Snapshotting prop: at_target = Nil (Variant type: NIL)
WARNING: [GdPAI] ObjectRef(124621163998): object was freed before callback; returning Nil.
   at: gdplanningai_rust::logger::process_logs (src\logger.rs:66)
   GDScript backtrace (most recent call first):
       [0] _start_plan_and_wait (res://test/integration/test_campfire_example_smoke.gd:57)
[GdPAI | debug] GetCost: callable returned non-numeric value: null; returning INFINITY
WARNING: [GdPAI] ObjectRef(124621163998): object was freed before callback; returning Nil.
   at: gdplanningai_rust::logger::process_logs (src\logger.rs:66)
   GDScript backtrace (most recent call first):
       [0] _process (res://addons/GdPlanningAI/gdpai_autoload.gd:21)
[GdPAI | debug] ApplyEffect [Before] ID=InstanceId(-9223371412171910278): agent props = {"held_item": "wood", "hunger": 70.0627442063492, "entity": null, "at_target": null}
[GdPAI | debug] ApplyEffect [After] ID=InstanceId(-9223371412171910278): agent props = {"held_item": "wood", "hunger": 70.0627442063492, "entity": null, "at_target": null}
[GdPAI | debug]   Snapshotting prop: held_item = Str("wood") (Variant type: STRING)
[GdPAI | debug]   Snapshotting prop: hunger = Float(70.0627442063492) (Variant type: FLOAT)
[GdPAI | debug]   Snapshotting prop: entity = Nil (Variant type: NIL)
[GdPAI | debug]   Snapshotting prop: at_target = Nil (Variant type: NIL)
[GdPAI | debug] Numeric comparison: 70.0627442063492 GreaterThan 0 -> true
WARNING: [GdPAI] ObjectRef(124621163998): object was freed before callback; returning Nil.
   at: gdplanningai_rust::logger::process_logs (src\logger.rs:66)
   GDScript backtrace (most recent call first):
       [0] _start_plan_and_wait (res://test/integration/test_campfire_example_smoke.gd:57)
WARNING: [GdPAI] ObjectRef(124621163998): object was freed before callback; returning Nil.
   at: gdplanningai_rust::logger::process_logs (src\logger.rs:66)
   GDScript backtrace (most recent call first):
       [0] _start_plan_and_wait (res://test/integration/test_campfire_example_smoke.gd:57)
WARNING: [GdPAI] ObjectRef(125661351450): object was freed before callback; returning Nil.
   at: gdplanningai_rust::logger::process_logs (src\logger.rs:66)
   GDScript backtrace (most recent call first):
       [0] _start_plan_and_wait (res://test/integration/test_campfire_example_smoke.gd:57)
WARNING: [GdPAI] ObjectRef(125661351450): object was freed before callback; returning Nil.
   at: gdplanningai_rust::logger::process_logs (src\logger.rs:66)
   GDScript backtrace (most recent call first):
       [0] _start_plan_and_wait (res://test/integration/test_campfire_example_smoke.gd:57)
[GdPAI | debug] GetCost: callable returned non-numeric value: null; returning INFINITY
WARNING: [GdPAI] ObjectRef(124621163998): object was freed before callback; returning Nil.
   at: gdplanningai_rust::logger::process_logs (src\logger.rs:66)
   GDScript backtrace (most recent call first):
       [0] _process (res://addons/GdPlanningAI/gdpai_autoload.gd:21)
WARNING: [GdPAI] ObjectRef(124621163998): object was freed before callback; returning Nil.
   at: gdplanningai_rust::logger::process_logs (src\logger.rs:66)
   GDScript backtrace (most recent call first):
       [0] _process (res://addons/GdPlanningAI/gdpai_autoload.gd:21)
WARNING: [GdPAI] ObjectRef(125661351450): object was freed before callback; returning Nil.
   at: gdplanningai_rust::logger::process_logs (src\logger.rs:66)
   GDScript backtrace (most recent call first):
       [0] _process (res://addons/GdPlanningAI/gdpai_autoload.gd:21)
WARNING: [GdPAI] ObjectRef(125661351450): object was freed before callback; returning Nil.
   at: gdplanningai_rust::logger::process_logs (src\logger.rs:66)
   GDScript backtrace (most recent call first):
       [0] _process (res://addons/GdPlanningAI/gdpai_autoload.gd:21)
[GdPAI | debug] ApplyEffect [Before] ID=InstanceId(-9223371410762624068): agent props = {"entity": null, "hunger": 70.0627442063492, "held_item": "", "at_target": null}
[GdPAI | debug] ApplyEffect [After] ID=InstanceId(-9223371410762624068): agent props = {"entity": null, "hunger": 70.0627442063492, "held_item": "", "at_target": null}
[GdPAI | debug]   Snapshotting prop: entity = Nil (Variant type: NIL)
[GdPAI | debug]   Snapshotting prop: hunger = Float(70.0627442063492) (Variant type: FLOAT)
[GdPAI | debug]   Snapshotting prop: held_item = Str("") (Variant type: STRING)
[GdPAI | debug]   Snapshotting prop: at_target = Nil (Variant type: NIL)
WARNING: [GdPAI] ObjectRef(124621163998): object was freed before callback; returning Nil.
   at: gdplanningai_rust::logger::process_logs (src\logger.rs:66)
   GDScript backtrace (most recent call first):
       [0] _start_plan_and_wait (res://test/integration/test_campfire_example_smoke.gd:57)
WARNING: [GdPAI] ObjectRef(125661351450): object was freed before callback; returning Nil.
   at: gdplanningai_rust::logger::process_logs (src\logger.rs:66)
   GDScript backtrace (most recent call first):
       [0] _start_plan_and_wait (res://test/integration/test_campfire_example_smoke.gd:57)
WARNING: [GdPAI] ObjectRef(125661351450): object was freed before callback; returning Nil.
   at: gdplanningai_rust::logger::process_logs (src\logger.rs:66)
   GDScript backtrace (most recent call first):
       [0] _start_plan_and_wait (res://test/integration/test_campfire_example_smoke.gd:57)
[GdPAI | debug] GetCost: callable returned non-numeric value: null; returning INFINITY
WARNING: [GdPAI] ObjectRef(124621163998): object was freed before callback; returning Nil.
   at: gdplanningai_rust::logger::process_logs (src\logger.rs:66)
   GDScript backtrace (most recent call first):
       [0] _process (res://addons/GdPlanningAI/gdpai_autoload.gd:21)
WARNING: [GdPAI] ObjectRef(125661351450): object was freed before callback; returning Nil.
   at: gdplanningai_rust::logger::process_logs (src\logger.rs:66)
   GDScript backtrace (most recent call first):
       [0] _process (res://addons/GdPlanningAI/gdpai_autoload.gd:21)
WARNING: [GdPAI] ObjectRef(125661351450): object was freed before callback; returning Nil.
   at: gdplanningai_rust::logger::process_logs (src\logger.rs:66)
   GDScript backtrace (most recent call first):
       [0] _process (res://addons/GdPlanningAI/gdpai_autoload.gd:21)
[GdPAI | debug] ApplyEffect [Before] ID=InstanceId(-9223371409252674638): agent props = {"held_item": "", "hunger": 70.0627442063492, "entity": null, "at_target": null}
[GdPAI | debug] ApplyEffect [After] ID=InstanceId(-9223371409252674638): agent props = {"held_item": "", "hunger": 70.0627442063492, "entity": null, "at_target": null}
[GdPAI | debug]   Snapshotting prop: held_item = Str("") (Variant type: STRING)
[GdPAI | debug]   Snapshotting prop: hunger = Float(70.0627442063492) (Variant type: FLOAT)
[GdPAI | debug]   Snapshotting prop: entity = Nil (Variant type: NIL)
[GdPAI | debug]   Snapshotting prop: at_target = Nil (Variant type: NIL)
WARNING: [GdPAI] ObjectRef(124621163998): object was freed before callback; returning Nil.
   at: gdplanningai_rust::logger::process_logs (src\logger.rs:66)
   GDScript backtrace (most recent call first):
       [0] _start_plan_and_wait (res://test/integration/test_campfire_example_smoke.gd:57)
WARNING: [GdPAI] ObjectRef(124134624705): object was freed before callback; returning Nil.
   at: gdplanningai_rust::logger::process_logs (src\logger.rs:66)
   GDScript backtrace (most recent call first):
       [0] _start_plan_and_wait (res://test/integration/test_campfire_example_smoke.gd:57)
WARNING: [GdPAI] ObjectRef(124134624705): object was freed before callback; returning Nil.
   at: gdplanningai_rust::logger::process_logs (src\logger.rs:66)
   GDScript backtrace (most recent call first):
       [0] _start_plan_and_wait (res://test/integration/test_campfire_example_smoke.gd:57)
[GdPAI | debug] GetCost: callable returned non-numeric value: null; returning INFINITY
WARNING: [GdPAI] ObjectRef(124621163998): object was freed before callback; returning Nil.
   at: gdplanningai_rust::logger::process_logs (src\logger.rs:66)
   GDScript backtrace (most recent call first):
       [0] _process (res://addons/GdPlanningAI/gdpai_autoload.gd:21)
WARNING: [GdPAI] ObjectRef(124134624705): object was freed before callback; returning Nil.
   at: gdplanningai_rust::logger::process_logs (src\logger.rs:66)
   GDScript backtrace (most recent call first):
       [0] _process (res://addons/GdPlanningAI/gdpai_autoload.gd:21)
WARNING: [GdPAI] ObjectRef(124134624705): object was freed before callback; returning Nil.
   at: gdplanningai_rust::logger::process_logs (src\logger.rs:66)
   GDScript backtrace (most recent call first):
       [0] _process (res://addons/GdPlanningAI/gdpai_autoload.gd:21)
[GdPAI | debug] ApplyEffect [Before] ID=InstanceId(-9223371407793056814): agent props = {"hunger": 70.0627442063492, "entity": null, "held_item": "", "at_target": null}
[GdPAI | debug] ApplyEffect [After] ID=InstanceId(-9223371407793056814): agent props = {"hunger": 70.0627442063492, "entity": null, "held_item": "", "at_target": null}
[GdPAI | debug]   Snapshotting prop: hunger = Float(70.0627442063492) (Variant type: FLOAT)
[GdPAI | debug]   Snapshotting prop: entity = Nil (Variant type: NIL)
[GdPAI | debug]   Snapshotting prop: held_item = Str("") (Variant type: STRING)
[GdPAI | debug]   Snapshotting prop: at_target = Nil (Variant type: NIL)
WARNING: [GdPAI] ObjectRef(124621163998): object was freed before callback; returning Nil.
   at: gdplanningai_rust::logger::process_logs (src\logger.rs:66)
   GDScript backtrace (most recent call first):
       [0] _start_plan_and_wait (res://test/integration/test_campfire_example_smoke.gd:57)
WARNING: [GdPAI] ObjectRef(124134624705): object was freed before callback; returning Nil.
   at: gdplanningai_rust::logger::process_logs (src\logger.rs:66)
   GDScript backtrace (most recent call first):
       [0] _start_plan_and_wait (res://test/integration/test_campfire_example_smoke.gd:57)
WARNING: [GdPAI] ObjectRef(124134624705): object was freed before callback; returning Nil.
   at: gdplanningai_rust::logger::process_logs (src\logger.rs:66)
   GDScript backtrace (most recent call first):
       [0] _start_plan_and_wait (res://test/integration/test_campfire_example_smoke.gd:57)
[GdPAI | debug] GetCost: callable returned non-numeric value: null; returning INFINITY
WARNING: [GdPAI] ObjectRef(124621163998): object was freed before callback; returning Nil.
   at: gdplanningai_rust::logger::process_logs (src\logger.rs:66)
   GDScript backtrace (most recent call first):
       [0] _process (res://addons/GdPlanningAI/gdpai_autoload.gd:21)
WARNING: [GdPAI] ObjectRef(124134624705): object was freed before callback; returning Nil.
   at: gdplanningai_rust::logger::process_logs (src\logger.rs:66)
   GDScript backtrace (most recent call first):
       [0] _process (res://addons/GdPlanningAI/gdpai_autoload.gd:21)
WARNING: [GdPAI] ObjectRef(124134624705): object was freed before callback; returning Nil.
   at: gdplanningai_rust::logger::process_logs (src\logger.rs:66)
   GDScript backtrace (most recent call first):
       [0] _process (res://addons/GdPlanningAI/gdpai_autoload.gd:21)
[GdPAI | debug] ApplyEffect [Before] ID=InstanceId(-9223371406333439004): agent props = {"held_item": "", "at_target": null, "hunger": 70.0627442063492, "entity": null}
[GdPAI | debug] ApplyEffect [After] ID=InstanceId(-9223371406333439004): agent props = {"held_item": "", "at_target": null, "hunger": 70.0627442063492, "entity": null}
[GdPAI | debug]   Snapshotting prop: held_item = Str("") (Variant type: STRING)
[GdPAI | debug]   Snapshotting prop: at_target = Nil (Variant type: NIL)
[GdPAI | debug]   Snapshotting prop: hunger = Float(70.0627442063492) (Variant type: FLOAT)
[GdPAI | debug]   Snapshotting prop: entity = Nil (Variant type: NIL)
WARNING: [GdPAI] ObjectRef(124621163998): object was freed before callback; returning Nil.
   at: gdplanningai_rust::logger::process_logs (src\logger.rs:66)
   GDScript backtrace (most recent call first):
       [0] _start_plan_and_wait (res://test/integration/test_campfire_example_smoke.gd:57)
[GdPAI | debug] GetCost: callable returned non-numeric value: null; returning INFINITY
WARNING: [GdPAI] ObjectRef(124621163998): object was freed before callback; returning Nil.
   at: gdplanningai_rust::logger::process_logs (src\logger.rs:66)
   GDScript backtrace (most recent call first):
       [0] _process (res://addons/GdPlanningAI/gdpai_autoload.gd:21)
[GdPAI | debug] ApplyEffect [Before] ID=InstanceId(-9223371404974484549): agent props = {"held_item": "wood", "at_target": null, "entity": null, "hunger": 70.0627442063492}
[GdPAI | debug] ApplyEffect [After] ID=InstanceId(-9223371404974484549): agent props = {"held_item": "wood", "at_target": null, "entity": null, "hunger": 70.0627442063492}
[GdPAI | debug]   Snapshotting prop: held_item = Str("wood") (Variant type: STRING)
[GdPAI | debug]   Snapshotting prop: at_target = Nil (Variant type: NIL)
[GdPAI | debug]   Snapshotting prop: entity = Nil (Variant type: NIL)
[GdPAI | debug]   Snapshotting prop: hunger = Float(70.0627442063492) (Variant type: FLOAT)
WARNING: [GdPAI] ObjectRef(124621163998): object was freed before callback; returning Nil.
   at: gdplanningai_rust::logger::process_logs (src\logger.rs:66)
   GDScript backtrace (most recent call first):
       [0] _start_plan_and_wait (res://test/integration/test_campfire_example_smoke.gd:57)
WARNING: [GdPAI] ObjectRef(124621163998): object was freed before callback; returning Nil.
   at: gdplanningai_rust::logger::process_logs (src\logger.rs:66)
   GDScript backtrace (most recent call first):
       [0] _start_plan_and_wait (res://test/integration/test_campfire_example_smoke.gd:57)
[GdPAI | debug] GetCost: callable returned non-numeric value: null; returning INFINITY
WARNING: [GdPAI] ObjectRef(124621163998): object was freed before callback; returning Nil.
   at: gdplanningai_rust::logger::process_logs (src\logger.rs:66)
   GDScript backtrace (most recent call first):
       [0] _process (res://addons/GdPlanningAI/gdpai_autoload.gd:21)
WARNING: [GdPAI] ObjectRef(124621163998): object was freed before callback; returning Nil.
   at: gdplanningai_rust::logger::process_logs (src\logger.rs:66)
   GDScript backtrace (most recent call first):
       [0] _process (res://addons/GdPlanningAI/gdpai_autoload.gd:21)
[GdPAI | debug] ApplyEffect [Before] ID=InstanceId(-9223371403665861616): agent props = {"held_item": "", "hunger": 70.0627442063492, "entity": null}
[GdPAI | debug] ApplyEffect [After] ID=InstanceId(-9223371403665861616): agent props = {"held_item": "", "hunger": 70.0627442063492, "entity": null}
[GdPAI | debug]   Snapshotting prop: held_item = Str("") (Variant type: STRING)
[GdPAI | debug]   Snapshotting prop: hunger = Float(70.0627442063492) (Variant type: FLOAT)
[GdPAI | debug]   Snapshotting prop: entity = Nil (Variant type: NIL)
WARNING: [GdPAI] ObjectRef(124621163998): object was freed before callback; returning Nil.
   at: gdplanningai_rust::logger::process_logs (src\logger.rs:66)
   GDScript backtrace (most recent call first):
       [0] _start_plan_and_wait (res://test/integration/test_campfire_example_smoke.gd:57)
[GdPAI | debug] GetCost: callable returned non-numeric value: null; returning INFINITY
WARNING: [GdPAI] ObjectRef(124621163998): object was freed before callback; returning Nil.
   at: gdplanningai_rust::logger::process_logs (src\logger.rs:66)
   GDScript backtrace (most recent call first):
       [0] _process (res://addons/GdPlanningAI/gdpai_autoload.gd:21)
[GdPAI | debug] ApplyEffect [Before] ID=InstanceId(-9223371402357238802): agent props = {"hunger": 70.0627442063492, "entity": null, "held_item": ""}
[GdPAI | debug] ApplyEffect [After] ID=InstanceId(-9223371402357238802): agent props = {"hunger": 70.0627442063492, "entity": null, "held_item": ""}
[GdPAI | debug]   Snapshotting prop: hunger = Float(70.0627442063492) (Variant type: FLOAT)
[GdPAI | debug]   Snapshotting prop: entity = Nil (Variant type: NIL)
[GdPAI | debug]   Snapshotting prop: held_item = Str("") (Variant type: STRING)
WARNING: [GdPAI] ObjectRef(124621163998): object was freed before callback; returning Nil.
   at: gdplanningai_rust::logger::process_logs (src\logger.rs:66)
   GDScript backtrace (most recent call first):
       [0] _start_plan_and_wait (res://test/integration/test_campfire_example_smoke.gd:57)
WARNING: [GdPAI] ObjectRef(124134624705): object was freed before callback; returning Nil.
   at: gdplanningai_rust::logger::process_logs (src\logger.rs:66)
   GDScript backtrace (most recent call first):
       [0] _start_plan_and_wait (res://test/integration/test_campfire_example_smoke.gd:57)
WARNING: [GdPAI] ObjectRef(124134624705): object was freed before callback; returning Nil.
   at: gdplanningai_rust::logger::process_logs (src\logger.rs:66)
   GDScript backtrace (most recent call first):
       [0] _start_plan_and_wait (res://test/integration/test_campfire_example_smoke.gd:57)
[GdPAI | debug] GetCost: callable returned non-numeric value: null; returning INFINITY
WARNING: [GdPAI] ObjectRef(124621163998): object was freed before callback; returning Nil.
   at: gdplanningai_rust::logger::process_logs (src\logger.rs:66)
   GDScript backtrace (most recent call first):
       [0] _process (res://addons/GdPlanningAI/gdpai_autoload.gd:21)
WARNING: [GdPAI] ObjectRef(124134624705): object was freed before callback; returning Nil.
   at: gdplanningai_rust::logger::process_logs (src\logger.rs:66)
   GDScript backtrace (most recent call first):
       [0] _process (res://addons/GdPlanningAI/gdpai_autoload.gd:21)
WARNING: [GdPAI] ObjectRef(124134624705): object was freed before callback; returning Nil.
   at: gdplanningai_rust::logger::process_logs (src\logger.rs:66)
   GDScript backtrace (most recent call first):
       [0] _process (res://addons/GdPlanningAI/gdpai_autoload.gd:21)
[GdPAI | debug] ApplyEffect [Before] ID=InstanceId(-9223371400998284251): agent props = {"at_target": null, "hunger": 70.0627442063492, "held_item": "", "entity": null}
[GdPAI | debug] ApplyEffect [After] ID=InstanceId(-9223371400998284251): agent props = {"at_target": null, "hunger": 70.0627442063492, "held_item": "", "entity": null}
[GdPAI | debug]   Snapshotting prop: at_target = Nil (Variant type: NIL)
[GdPAI | debug]   Snapshotting prop: hunger = Float(70.0627442063492) (Variant type: FLOAT)
[GdPAI | debug]   Snapshotting prop: held_item = Str("") (Variant type: STRING)
[GdPAI | debug]   Snapshotting prop: entity = Nil (Variant type: NIL)
WARNING: [GdPAI] ObjectRef(124621163998): object was freed before callback; returning Nil.
   at: gdplanningai_rust::logger::process_logs (src\logger.rs:66)
   GDScript backtrace (most recent call first):
       [0] _start_plan_and_wait (res://test/integration/test_campfire_example_smoke.gd:57)
WARNING: [GdPAI] ObjectRef(124134624705): object was freed before callback; returning Nil.
   at: gdplanningai_rust::logger::process_logs (src\logger.rs:66)
   GDScript backtrace (most recent call first):
       [0] _start_plan_and_wait (res://test/integration/test_campfire_example_smoke.gd:57)
WARNING: [GdPAI] ObjectRef(124134624705): object was freed before callback; returning Nil.
   at: gdplanningai_rust::logger::process_logs (src\logger.rs:66)
   GDScript backtrace (most recent call first):
       [0] _start_plan_and_wait (res://test/integration/test_campfire_example_smoke.gd:57)
[GdPAI | debug] GetCost: callable returned non-numeric value: null; returning INFINITY
WARNING: [GdPAI] ObjectRef(124621163998): object was freed before callback; returning Nil.
   at: gdplanningai_rust::logger::process_logs (src\logger.rs:66)
   GDScript backtrace (most recent call first):
       [0] _process (res://addons/GdPlanningAI/gdpai_autoload.gd:21)
WARNING: [GdPAI] ObjectRef(124134624705): object was freed before callback; returning Nil.
   at: gdplanningai_rust::logger::process_logs (src\logger.rs:66)
   GDScript backtrace (most recent call first):
       [0] _process (res://addons/GdPlanningAI/gdpai_autoload.gd:21)
WARNING: [GdPAI] ObjectRef(124134624705): object was freed before callback; returning Nil.
   at: gdplanningai_rust::logger::process_logs (src\logger.rs:66)
   GDScript backtrace (most recent call first):
       [0] _process (res://addons/GdPlanningAI/gdpai_autoload.gd:21)
[GdPAI | debug] ApplyEffect [Before] ID=InstanceId(-9223371399538666479): agent props = {"hunger": 70.0627442063492, "held_item": "", "entity": null, "at_target": null}
[GdPAI | debug] ApplyEffect [After] ID=InstanceId(-9223371399538666479): agent props = {"hunger": 70.0627442063492, "held_item": "", "entity": null, "at_target": null}
[GdPAI | debug]   Snapshotting prop: hunger = Float(70.0627442063492) (Variant type: FLOAT)
[GdPAI | debug]   Snapshotting prop: held_item = Str("") (Variant type: STRING)
[GdPAI | debug]   Snapshotting prop: entity = Nil (Variant type: NIL)
[GdPAI | debug]   Snapshotting prop: at_target = Nil (Variant type: NIL)
WARNING: [GdPAI] ObjectRef(124621163998): object was freed before callback; returning Nil.
   at: gdplanningai_rust::logger::process_logs (src\logger.rs:66)
   GDScript backtrace (most recent call first):
       [0] _start_plan_and_wait (res://test/integration/test_campfire_example_smoke.gd:57)
[GdPAI | debug] GetCost: callable returned non-numeric value: null; returning INFINITY
WARNING: [GdPAI] ObjectRef(124621163998): object was freed before callback; returning Nil.
   at: gdplanningai_rust::logger::process_logs (src\logger.rs:66)
   GDScript backtrace (most recent call first):
       [0] _process (res://addons/GdPlanningAI/gdpai_autoload.gd:21)
[GdPAI | debug] ApplyEffect [Before] ID=InstanceId(-9223371398179712007): agent props = {"hunger": 70.0627442063492, "entity": null, "at_target": null, "held_item": "wood"}
[GdPAI | debug] ApplyEffect [After] ID=InstanceId(-9223371398179712007): agent props = {"hunger": 70.0627442063492, "entity": null, "at_target": null, "held_item": "wood"}
[GdPAI | debug]   Snapshotting prop: hunger = Float(70.0627442063492) (Variant type: FLOAT)
[GdPAI | debug]   Snapshotting prop: entity = Nil (Variant type: NIL)
[GdPAI | debug]   Snapshotting prop: at_target = Nil (Variant type: NIL)
[GdPAI | debug]   Snapshotting prop: held_item = Str("wood") (Variant type: STRING)
WARNING: [GdPAI] ObjectRef(124621163998): object was freed before callback; returning Nil.
   at: gdplanningai_rust::logger::process_logs (src\logger.rs:66)
   GDScript backtrace (most recent call first):
       [0] _start_plan_and_wait (res://test/integration/test_campfire_example_smoke.gd:57)
WARNING: [GdPAI] ObjectRef(124621163998): object was freed before callback; returning Nil.
   at: gdplanningai_rust::logger::process_logs (src\logger.rs:66)
   GDScript backtrace (most recent call first):
       [0] _start_plan_and_wait (res://test/integration/test_campfire_example_smoke.gd:57)
[GdPAI | debug] GetCost: callable returned non-numeric value: null; returning INFINITY
WARNING: [GdPAI] ObjectRef(124621163998): object was freed before callback; returning Nil.
   at: gdplanningai_rust::logger::process_logs (src\logger.rs:66)
   GDScript backtrace (most recent call first):
       [0] _process (res://addons/GdPlanningAI/gdpai_autoload.gd:21)
WARNING: [GdPAI] ObjectRef(124621163998): object was freed before callback; returning Nil.
   at: gdplanningai_rust::logger::process_logs (src\logger.rs:66)
   GDScript backtrace (most recent call first):
       [0] _process (res://addons/GdPlanningAI/gdpai_autoload.gd:21)
[GdPAI | debug] ApplyEffect [Before] ID=InstanceId(-9223371396871089078): agent props = {"hunger": 70.0627442063492, "held_item": "", "entity": null}
[GdPAI | debug] ApplyEffect [After] ID=InstanceId(-9223371396871089078): agent props = {"hunger": 70.0627442063492, "held_item": "", "entity": null}
[GdPAI | debug]   Snapshotting prop: hunger = Float(70.0627442063492) (Variant type: FLOAT)
[GdPAI | debug]   Snapshotting prop: held_item = Str("") (Variant type: STRING)
[GdPAI | debug]   Snapshotting prop: entity = Nil (Variant type: NIL)
WARNING: [GdPAI] ObjectRef(124621163998): object was freed before callback; returning Nil.
   at: gdplanningai_rust::logger::process_logs (src\logger.rs:66)
   GDScript backtrace (most recent call first):
       [0] _start_plan_and_wait (res://test/integration/test_campfire_example_smoke.gd:57)
[GdPAI | debug] GetCost: callable returned non-numeric value: null; returning INFINITY
WARNING: [GdPAI] ObjectRef(124621163998): object was freed before callback; returning Nil.
   at: gdplanningai_rust::logger::process_logs (src\logger.rs:66)
   GDScript backtrace (most recent call first):
       [0] _process (res://addons/GdPlanningAI/gdpai_autoload.gd:21)
[GdPAI | debug] ApplyEffect [Before] ID=InstanceId(-9223371395562466333): agent props = {"held_item": "", "hunger": 70.0627442063492, "entity": null}
[GdPAI | debug] ApplyEffect [After] ID=InstanceId(-9223371395562466333): agent props = {"held_item": "", "hunger": 70.0627442063492, "entity": null}
[GdPAI | debug]   Snapshotting prop: held_item = Str("") (Variant type: STRING)
[GdPAI | debug]   Snapshotting prop: hunger = Float(70.0627442063492) (Variant type: FLOAT)
[GdPAI | debug]   Snapshotting prop: entity = Nil (Variant type: NIL)
WARNING: [GdPAI] ObjectRef(124621163998): object was freed before callback; returning Nil.
   at: gdplanningai_rust::logger::process_logs (src\logger.rs:66)
   GDScript backtrace (most recent call first):
       [0] _start_plan_and_wait (res://test/integration/test_campfire_example_smoke.gd:57)
WARNING: [GdPAI] ObjectRef(124134624705): object was freed before callback; returning Nil.
   at: gdplanningai_rust::logger::process_logs (src\logger.rs:66)
   GDScript backtrace (most recent call first):
       [0] _start_plan_and_wait (res://test/integration/test_campfire_example_smoke.gd:57)
WARNING: [GdPAI] ObjectRef(124134624705): object was freed before callback; returning Nil.
   at: gdplanningai_rust::logger::process_logs (src\logger.rs:66)
   GDScript backtrace (most recent call first):
       [0] _start_plan_and_wait (res://test/integration/test_campfire_example_smoke.gd:57)
[GdPAI | debug] GetCost: callable returned non-numeric value: null; returning INFINITY
WARNING: [GdPAI] ObjectRef(124621163998): object was freed before callback; returning Nil.
   at: gdplanningai_rust::logger::process_logs (src\logger.rs:66)
   GDScript backtrace (most recent call first):
       [0] _process (res://addons/GdPlanningAI/gdpai_autoload.gd:21)
WARNING: [GdPAI] ObjectRef(124134624705): object was freed before callback; returning Nil.
   at: gdplanningai_rust::logger::process_logs (src\logger.rs:66)
   GDScript backtrace (most recent call first):
       [0] _process (res://addons/GdPlanningAI/gdpai_autoload.gd:21)
WARNING: [GdPAI] ObjectRef(124134624705): object was freed before callback; returning Nil.
   at: gdplanningai_rust::logger::process_logs (src\logger.rs:66)
   GDScript backtrace (most recent call first):
       [0] _process (res://addons/GdPlanningAI/gdpai_autoload.gd:21)
[GdPAI | debug] ApplyEffect [Before] ID=InstanceId(-9223371394203511710): agent props = {"hunger": 70.0627442063492, "entity": null, "held_item": "", "at_target": null}
[GdPAI | debug] ApplyEffect [After] ID=InstanceId(-9223371394203511710): agent props = {"hunger": 70.0627442063492, "entity": null, "held_item": "", "at_target": null}
[GdPAI | debug]   Snapshotting prop: hunger = Float(70.0627442063492) (Variant type: FLOAT)
[GdPAI | debug]   Snapshotting prop: entity = Nil (Variant type: NIL)
[GdPAI | debug]   Snapshotting prop: held_item = Str("") (Variant type: STRING)
[GdPAI | debug]   Snapshotting prop: at_target = Nil (Variant type: NIL)
WARNING: [GdPAI] ObjectRef(124621163998): object was freed before callback; returning Nil.
   at: gdplanningai_rust::logger::process_logs (src\logger.rs:66)
   GDScript backtrace (most recent call first):
       [0] _start_plan_and_wait (res://test/integration/test_campfire_example_smoke.gd:57)
WARNING: [GdPAI] ObjectRef(124134624705): object was freed before callback; returning Nil.
   at: gdplanningai_rust::logger::process_logs (src\logger.rs:66)
   GDScript backtrace (most recent call first):
       [0] _start_plan_and_wait (res://test/integration/test_campfire_example_smoke.gd:57)
WARNING: [GdPAI] ObjectRef(124134624705): object was freed before callback; returning Nil.
   at: gdplanningai_rust::logger::process_logs (src\logger.rs:66)
   GDScript backtrace (most recent call first):
       [0] _start_plan_and_wait (res://test/integration/test_campfire_example_smoke.gd:57)
[GdPAI | debug] GetCost: callable returned non-numeric value: null; returning INFINITY
WARNING: [GdPAI] ObjectRef(124621163998): object was freed before callback; returning Nil.
   at: gdplanningai_rust::logger::process_logs (src\logger.rs:66)
   GDScript backtrace (most recent call first):
       [0] _process (res://addons/GdPlanningAI/gdpai_autoload.gd:21)
WARNING: [GdPAI] ObjectRef(124134624705): object was freed before callback; returning Nil.
   at: gdplanningai_rust::logger::process_logs (src\logger.rs:66)
   GDScript backtrace (most recent call first):
       [0] _process (res://addons/GdPlanningAI/gdpai_autoload.gd:21)
WARNING: [GdPAI] ObjectRef(124134624705): object was freed before callback; returning Nil.
   at: gdplanningai_rust::logger::process_logs (src\logger.rs:66)
   GDScript backtrace (most recent call first):
       [0] _process (res://addons/GdPlanningAI/gdpai_autoload.gd:21)
[GdPAI | debug] ApplyEffect [Before] ID=InstanceId(-9223371392743893938): agent props = {"entity": null, "at_target": null, "held_item": "", "hunger": 70.0627442063492}
[GdPAI | debug] ApplyEffect [After] ID=InstanceId(-9223371392743893938): agent props = {"entity": null, "at_target": null, "held_item": "", "hunger": 70.0627442063492}
[GdPAI | debug]   Snapshotting prop: entity = Nil (Variant type: NIL)
[GdPAI | debug]   Snapshotting prop: at_target = Nil (Variant type: NIL)
[GdPAI | debug]   Snapshotting prop: held_item = Str("") (Variant type: STRING)
[GdPAI | debug]   Snapshotting prop: hunger = Float(70.0627442063492) (Variant type: FLOAT)
WARNING: [GdPAI] ObjectRef(124621163998): object was freed before callback; returning Nil.
   at: gdplanningai_rust::logger::process_logs (src\logger.rs:66)
   GDScript backtrace (most recent call first):
       [0] _start_plan_and_wait (res://test/integration/test_campfire_example_smoke.gd:57)
[GdPAI | debug] GetCost: callable returned non-numeric value: null; returning INFINITY
WARNING: [GdPAI] ObjectRef(124621163998): object was freed before callback; returning Nil.
   at: gdplanningai_rust::logger::process_logs (src\logger.rs:66)
   GDScript backtrace (most recent call first):
       [0] _process (res://addons/GdPlanningAI/gdpai_autoload.gd:21)
[GdPAI | debug] ApplyEffect [Before] ID=InstanceId(-9223371391384939416): agent props = {"at_target": null, "entity": null, "hunger": 70.0627442063492, "held_item": "wood"}
[GdPAI | debug] ApplyEffect [After] ID=InstanceId(-9223371391384939416): agent props = {"at_target": null, "entity": null, "hunger": 70.0627442063492, "held_item": "wood"}
[GdPAI | debug]   Snapshotting prop: at_target = Nil (Variant type: NIL)
[GdPAI | debug]   Snapshotting prop: entity = Nil (Variant type: NIL)
[GdPAI | debug]   Snapshotting prop: hunger = Float(70.0627442063492) (Variant type: FLOAT)
[GdPAI | debug]   Snapshotting prop: held_item = Str("wood") (Variant type: STRING)
WARNING: [GdPAI] ObjectRef(124621163998): object was freed before callback; returning Nil.
   at: gdplanningai_rust::logger::process_logs (src\logger.rs:66)
   GDScript backtrace (most recent call first):
       [0] _start_plan_and_wait (res://test/integration/test_campfire_example_smoke.gd:57)
WARNING: [GdPAI] ObjectRef(124621163998): object was freed before callback; returning Nil.
   at: gdplanningai_rust::logger::process_logs (src\logger.rs:66)
   GDScript backtrace (most recent call first):
       [0] _start_plan_and_wait (res://test/integration/test_campfire_example_smoke.gd:57)
[GdPAI | debug] GetCost: callable returned non-numeric value: null; returning INFINITY
WARNING: [GdPAI] ObjectRef(124621163998): object was freed before callback; returning Nil.
   at: gdplanningai_rust::logger::process_logs (src\logger.rs:66)
   GDScript backtrace (most recent call first):
       [0] _process (res://addons/GdPlanningAI/gdpai_autoload.gd:21)
WARNING: [GdPAI] ObjectRef(124621163998): object was freed before callback; returning Nil.
   at: gdplanningai_rust::logger::process_logs (src\logger.rs:66)
   GDScript backtrace (most recent call first):
       [0] _process (res://addons/GdPlanningAI/gdpai_autoload.gd:21)
[GdPAI | debug] ApplyEffect [Before] ID=InstanceId(-9223371390076316540): agent props = {"held_item": "", "hunger": 70.0627442063492, "entity": null}
[GdPAI | debug] ApplyEffect [After] ID=InstanceId(-9223371390076316540): agent props = {"held_item": "", "hunger": 70.0627442063492, "entity": null}
[GdPAI | debug]   Snapshotting prop: held_item = Str("") (Variant type: STRING)
[GdPAI | debug]   Snapshotting prop: hunger = Float(70.0627442063492) (Variant type: FLOAT)
[GdPAI | debug]   Snapshotting prop: entity = Nil (Variant type: NIL)
WARNING: [GdPAI] ObjectRef(124621163998): object was freed before callback; returning Nil.
   at: gdplanningai_rust::logger::process_logs (src\logger.rs:66)
   GDScript backtrace (most recent call first):
       [0] _start_plan_and_wait (res://test/integration/test_campfire_example_smoke.gd:57)
[GdPAI | debug] GetCost: callable returned non-numeric value: null; returning INFINITY
WARNING: [GdPAI] ObjectRef(124621163998): object was freed before callback; returning Nil.
   at: gdplanningai_rust::logger::process_logs (src\logger.rs:66)
   GDScript backtrace (most recent call first):
       [0] _process (res://addons/GdPlanningAI/gdpai_autoload.gd:21)
[GdPAI | debug] ApplyEffect [Before] ID=InstanceId(-9223371388767693684): agent props = {"hunger": 70.0627442063492, "entity": null, "held_item": ""}
[GdPAI | debug] ApplyEffect [After] ID=InstanceId(-9223371388767693684): agent props = {"hunger": 70.0627442063492, "entity": null, "held_item": ""}
[GdPAI | debug]   Snapshotting prop: hunger = Float(70.0627442063492) (Variant type: FLOAT)
[GdPAI | debug]   Snapshotting prop: entity = Nil (Variant type: NIL)
[GdPAI | debug]   Snapshotting prop: held_item = Str("") (Variant type: STRING)
WARNING: [GdPAI] ObjectRef(124621163998): object was freed before callback; returning Nil.
   at: gdplanningai_rust::logger::process_logs (src\logger.rs:66)
   GDScript backtrace (most recent call first):
       [0] _start_plan_and_wait (res://test/integration/test_campfire_example_smoke.gd:57)
WARNING: [GdPAI] ObjectRef(124134624705): object was freed before callback; returning Nil.
   at: gdplanningai_rust::logger::process_logs (src\logger.rs:66)
   GDScript backtrace (most recent call first):
       [0] _start_plan_and_wait (res://test/integration/test_campfire_example_smoke.gd:57)
WARNING: [GdPAI] ObjectRef(124134624705): object was freed before callback; returning Nil.
   at: gdplanningai_rust::logger::process_logs (src\logger.rs:66)
   GDScript backtrace (most recent call first):
       [0] _start_plan_and_wait (res://test/integration/test_campfire_example_smoke.gd:57)
[GdPAI | debug] GetCost: callable returned non-numeric value: null; returning INFINITY
WARNING: [GdPAI] ObjectRef(124621163998): object was freed before callback; returning Nil.
   at: gdplanningai_rust::logger::process_logs (src\logger.rs:66)
   GDScript backtrace (most recent call first):
       [0] _process (res://addons/GdPlanningAI/gdpai_autoload.gd:21)
WARNING: [GdPAI] ObjectRef(124134624705): object was freed before callback; returning Nil.
   at: gdplanningai_rust::logger::process_logs (src\logger.rs:66)
   GDScript backtrace (most recent call first):
       [0] _process (res://addons/GdPlanningAI/gdpai_autoload.gd:21)
WARNING: [GdPAI] ObjectRef(124134624705): object was freed before callback; returning Nil.
   at: gdplanningai_rust::logger::process_logs (src\logger.rs:66)
   GDScript backtrace (most recent call first):
       [0] _process (res://addons/GdPlanningAI/gdpai_autoload.gd:21)
[GdPAI | debug] ApplyEffect [Before] ID=InstanceId(-9223371387408739270): agent props = {"entity": null, "held_item": "", "hunger": 70.0627442063492, "at_target": null}
[GdPAI | debug] ApplyEffect [After] ID=InstanceId(-9223371387408739270): agent props = {"entity": null, "held_item": "", "hunger": 70.0627442063492, "at_target": null}
[GdPAI | debug]   Snapshotting prop: entity = Nil (Variant type: NIL)
[GdPAI | debug]   Snapshotting prop: held_item = Str("") (Variant type: STRING)
[GdPAI | debug]   Snapshotting prop: hunger = Float(70.0627442063492) (Variant type: FLOAT)
[GdPAI | debug]   Snapshotting prop: at_target = Nil (Variant type: NIL)
WARNING: [GdPAI] ObjectRef(124621163998): object was freed before callback; returning Nil.
   at: gdplanningai_rust::logger::process_logs (src\logger.rs:66)
   GDScript backtrace (most recent call first):
       [0] _start_plan_and_wait (res://test/integration/test_campfire_example_smoke.gd:57)
WARNING: [GdPAI] ObjectRef(124134624705): object was freed before callback; returning Nil.
   at: gdplanningai_rust::logger::process_logs (src\logger.rs:66)
   GDScript backtrace (most recent call first):
       [0] _start_plan_and_wait (res://test/integration/test_campfire_example_smoke.gd:57)
WARNING: [GdPAI] ObjectRef(124134624705): object was freed before callback; returning Nil.
   at: gdplanningai_rust::logger::process_logs (src\logger.rs:66)
   GDScript backtrace (most recent call first):
       [0] _start_plan_and_wait (res://test/integration/test_campfire_example_smoke.gd:57)
[GdPAI | debug] GetCost: callable returned non-numeric value: null; returning INFINITY
WARNING: [GdPAI] ObjectRef(124621163998): object was freed before callback; returning Nil.
   at: gdplanningai_rust::logger::process_logs (src\logger.rs:66)
   GDScript backtrace (most recent call first):
       [0] _process (res://addons/GdPlanningAI/gdpai_autoload.gd:21)
WARNING: [GdPAI] ObjectRef(124134624705): object was freed before callback; returning Nil.
   at: gdplanningai_rust::logger::process_logs (src\logger.rs:66)
   GDScript backtrace (most recent call first):
       [0] _process (res://addons/GdPlanningAI/gdpai_autoload.gd:21)
WARNING: [GdPAI] ObjectRef(124134624705): object was freed before callback; returning Nil.
   at: gdplanningai_rust::logger::process_logs (src\logger.rs:66)
   GDScript backtrace (most recent call first):
       [0] _process (res://addons/GdPlanningAI/gdpai_autoload.gd:21)
[GdPAI | debug] ApplyEffect [Before] ID=InstanceId(-9223371385949121413): agent props = {"entity": null, "hunger": 70.0627442063492, "held_item": "", "at_target": null}
[GdPAI | debug] ApplyEffect [After] ID=InstanceId(-9223371385949121413): agent props = {"entity": null, "hunger": 70.0627442063492, "held_item": "", "at_target": null}
[GdPAI | debug]   Snapshotting prop: entity = Nil (Variant type: NIL)
[GdPAI | debug]   Snapshotting prop: hunger = Float(70.0627442063492) (Variant type: FLOAT)
[GdPAI | debug]   Snapshotting prop: held_item = Str("") (Variant type: STRING)
[GdPAI | debug]   Snapshotting prop: at_target = Nil (Variant type: NIL)
WARNING: [GdPAI] ObjectRef(124621163998): object was freed before callback; returning Nil.
   at: gdplanningai_rust::logger::process_logs (src\logger.rs:66)
   GDScript backtrace (most recent call first):
       [0] _start_plan_and_wait (res://test/integration/test_campfire_example_smoke.gd:57)
[GdPAI | debug] GetCost: callable returned non-numeric value: null; returning INFINITY
WARNING: [GdPAI] ObjectRef(124621163998): object was freed before callback; returning Nil.
   at: gdplanningai_rust::logger::process_logs (src\logger.rs:66)
   GDScript backtrace (most recent call first):
       [0] _process (res://addons/GdPlanningAI/gdpai_autoload.gd:21)
[GdPAI | debug] ApplyEffect [Before] ID=InstanceId(-9223371384590166888): agent props = {"at_target": null, "entity": null, "held_item": "wood", "hunger": 70.0627442063492}
[GdPAI | debug] ApplyEffect [After] ID=InstanceId(-9223371384590166888): agent props = {"at_target": null, "entity": null, "held_item": "wood", "hunger": 70.0627442063492}
[GdPAI | debug]   Snapshotting prop: at_target = Nil (Variant type: NIL)
[GdPAI | debug]   Snapshotting prop: entity = Nil (Variant type: NIL)
[GdPAI | debug]   Snapshotting prop: held_item = Str("wood") (Variant type: STRING)
[GdPAI | debug]   Snapshotting prop: hunger = Float(70.0627442063492) (Variant type: FLOAT)
WARNING: [GdPAI] ObjectRef(124621163998): object was freed before callback; returning Nil.
   at: gdplanningai_rust::logger::process_logs (src\logger.rs:66)
   GDScript backtrace (most recent call first):
       [0] _start_plan_and_wait (res://test/integration/test_campfire_example_smoke.gd:57)
WARNING: [GdPAI] ObjectRef(124621163998): object was freed before callback; returning Nil.
   at: gdplanningai_rust::logger::process_logs (src\logger.rs:66)
   GDScript backtrace (most recent call first):
       [0] _start_plan_and_wait (res://test/integration/test_campfire_example_smoke.gd:57)
[GdPAI | debug] GetCost: callable returned non-numeric value: null; returning INFINITY
WARNING: [GdPAI] ObjectRef(124621163998): object was freed before callback; returning Nil.
   at: gdplanningai_rust::logger::process_logs (src\logger.rs:66)
   GDScript backtrace (most recent call first):
       [0] _process (res://addons/GdPlanningAI/gdpai_autoload.gd:21)
WARNING: [GdPAI] ObjectRef(124621163998): object was freed before callback; returning Nil.
   at: gdplanningai_rust::logger::process_logs (src\logger.rs:66)
   GDScript backtrace (most recent call first):
       [0] _process (res://addons/GdPlanningAI/gdpai_autoload.gd:21)
[GdPAI | debug] ApplyEffect [Before] ID=InstanceId(-9223371383281544010): agent props = {"held_item": "", "entity": null, "hunger": 70.0627442063492}
[GdPAI | debug] ApplyEffect [After] ID=InstanceId(-9223371383281544010): agent props = {"held_item": "", "entity": null, "hunger": 70.0627442063492}
[GdPAI | debug]   Snapshotting prop: held_item = Str("") (Variant type: STRING)
[GdPAI | debug]   Snapshotting prop: entity = Nil (Variant type: NIL)
[GdPAI | debug]   Snapshotting prop: hunger = Float(70.0627442063492) (Variant type: FLOAT)
WARNING: [GdPAI] ObjectRef(124621163998): object was freed before callback; returning Nil.
   at: gdplanningai_rust::logger::process_logs (src\logger.rs:66)
   GDScript backtrace (most recent call first):
       [0] _start_plan_and_wait (res://test/integration/test_campfire_example_smoke.gd:57)
[GdPAI | debug] GetCost: callable returned non-numeric value: null; returning INFINITY
WARNING: [GdPAI] ObjectRef(124621163998): object was freed before callback; returning Nil.
   at: gdplanningai_rust::logger::process_logs (src\logger.rs:66)
   GDScript backtrace (most recent call first):
       [0] _process (res://addons/GdPlanningAI/gdpai_autoload.gd:21)
[GdPAI | debug] ApplyEffect [Before] ID=InstanceId(-9223371381972921140): agent props = {"entity": null, "held_item": "", "hunger": 70.0627442063492}
[GdPAI | debug] ApplyEffect [After] ID=InstanceId(-9223371381972921140): agent props = {"entity": null, "held_item": "", "hunger": 70.0627442063492}
[GdPAI | debug]   Snapshotting prop: entity = Nil (Variant type: NIL)
[GdPAI | debug]   Snapshotting prop: held_item = Str("") (Variant type: STRING)
[GdPAI | debug]   Snapshotting prop: hunger = Float(70.0627442063492) (Variant type: FLOAT)
WARNING: [GdPAI] ObjectRef(124621163998): object was freed before callback; returning Nil.
   at: gdplanningai_rust::logger::process_logs (src\logger.rs:66)
   GDScript backtrace (most recent call first):
       [0] _start_plan_and_wait (res://test/integration/test_campfire_example_smoke.gd:57)
WARNING: [GdPAI] ObjectRef(124134624705): object was freed before callback; returning Nil.
   at: gdplanningai_rust::logger::process_logs (src\logger.rs:66)
   GDScript backtrace (most recent call first):
       [0] _start_plan_and_wait (res://test/integration/test_campfire_example_smoke.gd:57)
WARNING: [GdPAI] ObjectRef(124134624705): object was freed before callback; returning Nil.
   at: gdplanningai_rust::logger::process_logs (src\logger.rs:66)
   GDScript backtrace (most recent call first):
       [0] _start_plan_and_wait (res://test/integration/test_campfire_example_smoke.gd:57)
[GdPAI | debug] GetCost: callable returned non-numeric value: null; returning INFINITY
WARNING: [GdPAI] ObjectRef(124621163998): object was freed before callback; returning Nil.
   at: gdplanningai_rust::logger::process_logs (src\logger.rs:66)
   GDScript backtrace (most recent call first):
       [0] _process (res://addons/GdPlanningAI/gdpai_autoload.gd:21)
WARNING: [GdPAI] ObjectRef(124134624705): object was freed before callback; returning Nil.
   at: gdplanningai_rust::logger::process_logs (src\logger.rs:66)
   GDScript backtrace (most recent call first):
       [0] _process (res://addons/GdPlanningAI/gdpai_autoload.gd:21)
WARNING: [GdPAI] ObjectRef(124134624705): object was freed before callback; returning Nil.
   at: gdplanningai_rust::logger::process_logs (src\logger.rs:66)
   GDScript backtrace (most recent call first):
       [0] _process (res://addons/GdPlanningAI/gdpai_autoload.gd:21)
[GdPAI | debug] ApplyEffect [Before] ID=InstanceId(-9223371380613966640): agent props = {"at_target": null, "entity": null, "held_item": "", "hunger": 70.0627442063492}
[GdPAI | debug] ApplyEffect [After] ID=InstanceId(-9223371380613966640): agent props = {"at_target": null, "entity": null, "held_item": "", "hunger": 70.0627442063492}
[GdPAI | debug]   Snapshotting prop: at_target = Nil (Variant type: NIL)
[GdPAI | debug]   Snapshotting prop: entity = Nil (Variant type: NIL)
[GdPAI | debug]   Snapshotting prop: held_item = Str("") (Variant type: STRING)
[GdPAI | debug]   Snapshotting prop: hunger = Float(70.0627442063492) (Variant type: FLOAT)
WARNING: [GdPAI] ObjectRef(124621163998): object was freed before callback; returning Nil.
   at: gdplanningai_rust::logger::process_logs (src\logger.rs:66)
   GDScript backtrace (most recent call first):
       [0] _start_plan_and_wait (res://test/integration/test_campfire_example_smoke.gd:57)
WARNING: [GdPAI] ObjectRef(124134624705): object was freed before callback; returning Nil.
   at: gdplanningai_rust::logger::process_logs (src\logger.rs:66)
   GDScript backtrace (most recent call first):
       [0] _start_plan_and_wait (res://test/integration/test_campfire_example_smoke.gd:57)
WARNING: [GdPAI] ObjectRef(124134624705): object was freed before callback; returning Nil.
   at: gdplanningai_rust::logger::process_logs (src\logger.rs:66)
   GDScript backtrace (most recent call first):
       [0] _start_plan_and_wait (res://test/integration/test_campfire_example_smoke.gd:57)
[GdPAI | debug] GetCost: callable returned non-numeric value: null; returning INFINITY
WARNING: [GdPAI] ObjectRef(124621163998): object was freed before callback; returning Nil.
   at: gdplanningai_rust::logger::process_logs (src\logger.rs:66)
   GDScript backtrace (most recent call first):
       [0] _process (res://addons/GdPlanningAI/gdpai_autoload.gd:21)
WARNING: [GdPAI] ObjectRef(124134624705): object was freed before callback; returning Nil.
   at: gdplanningai_rust::logger::process_logs (src\logger.rs:66)
   GDScript backtrace (most recent call first):
       [0] _process (res://addons/GdPlanningAI/gdpai_autoload.gd:21)
WARNING: [GdPAI] ObjectRef(124134624705): object was freed before callback; returning Nil.
   at: gdplanningai_rust::logger::process_logs (src\logger.rs:66)
   GDScript backtrace (most recent call first):
       [0] _process (res://addons/GdPlanningAI/gdpai_autoload.gd:21)
[GdPAI | debug] ApplyEffect [Before] ID=InstanceId(-9223371379154348845): agent props = {"entity": null, "hunger": 70.0627442063492, "at_target": null, "held_item": ""}
[GdPAI | debug] ApplyEffect [After] ID=InstanceId(-9223371379154348845): agent props = {"entity": null, "hunger": 70.0627442063492, "at_target": null, "held_item": ""}
[GdPAI | debug]   Snapshotting prop: entity = Nil (Variant type: NIL)
[GdPAI | debug]   Snapshotting prop: hunger = Float(70.0627442063492) (Variant type: FLOAT)
[GdPAI | debug]   Snapshotting prop: at_target = Nil (Variant type: NIL)
[GdPAI | debug]   Snapshotting prop: held_item = Str("") (Variant type: STRING)
WARNING: [GdPAI] ObjectRef(124621163998): object was freed before callback; returning Nil.
   at: gdplanningai_rust::logger::process_logs (src\logger.rs:66)
   GDScript backtrace (most recent call first):
       [0] _start_plan_and_wait (res://test/integration/test_campfire_example_smoke.gd:57)
[GdPAI | debug] GetCost: callable returned non-numeric value: null; returning INFINITY
WARNING: [GdPAI] ObjectRef(124621163998): object was freed before callback; returning Nil.
   at: gdplanningai_rust::logger::process_logs (src\logger.rs:66)
   GDScript backtrace (most recent call first):
       [0] _process (res://addons/GdPlanningAI/gdpai_autoload.gd:21)
[GdPAI | debug] ApplyEffect [Before] ID=InstanceId(-9223371377795394386): agent props = {"at_target": null, "hunger": 70.0627442063492, "entity": null, "held_item": "wood"}
[GdPAI | debug] ApplyEffect [After] ID=InstanceId(-9223371377795394386): agent props = {"at_target": null, "hunger": 70.0627442063492, "entity": null, "held_item": "wood"}
[GdPAI | debug]   Snapshotting prop: at_target = Nil (Variant type: NIL)
[GdPAI | debug]   Snapshotting prop: hunger = Float(70.0627442063492) (Variant type: FLOAT)
[GdPAI | debug]   Snapshotting prop: entity = Nil (Variant type: NIL)
[GdPAI | debug]   Snapshotting prop: held_item = Str("wood") (Variant type: STRING)
WARNING: [GdPAI] ObjectRef(124621163998): object was freed before callback; returning Nil.
   at: gdplanningai_rust::logger::process_logs (src\logger.rs:66)
   GDScript backtrace (most recent call first):
       [0] _start_plan_and_wait (res://test/integration/test_campfire_example_smoke.gd:57)
WARNING: [GdPAI] ObjectRef(124621163998): object was freed before callback; returning Nil.
   at: gdplanningai_rust::logger::process_logs (src\logger.rs:66)
   GDScript backtrace (most recent call first):
       [0] _start_plan_and_wait (res://test/integration/test_campfire_example_smoke.gd:57)
[GdPAI | debug] GetCost: callable returned non-numeric value: null; returning INFINITY
WARNING: [GdPAI] ObjectRef(124621163998): object was freed before callback; returning Nil.
   at: gdplanningai_rust::logger::process_logs (src\logger.rs:66)
   GDScript backtrace (most recent call first):
       [0] _process (res://addons/GdPlanningAI/gdpai_autoload.gd:21)
WARNING: [GdPAI] ObjectRef(124621163998): object was freed before callback; returning Nil.
   at: gdplanningai_rust::logger::process_logs (src\logger.rs:66)
   GDScript backtrace (most recent call first):
       [0] _process (res://addons/GdPlanningAI/gdpai_autoload.gd:21)
[GdPAI | debug] ApplyEffect [Before] ID=InstanceId(-9223371376486771449): agent props = {"held_item": "", "entity": null, "hunger": 70.0627442063492}
[GdPAI | debug] ApplyEffect [After] ID=InstanceId(-9223371376486771449): agent props = {"held_item": "", "entity": null, "hunger": 70.0627442063492}
[GdPAI | debug]   Snapshotting prop: held_item = Str("") (Variant type: STRING)
[GdPAI | debug]   Snapshotting prop: entity = Nil (Variant type: NIL)
[GdPAI | debug]   Snapshotting prop: hunger = Float(70.0627442063492) (Variant type: FLOAT)
WARNING: [GdPAI] ObjectRef(124621163998): object was freed before callback; returning Nil.
   at: gdplanningai_rust::logger::process_logs (src\logger.rs:66)
   GDScript backtrace (most recent call first):
       [0] _start_plan_and_wait (res://test/integration/test_campfire_example_smoke.gd:57)
[GdPAI | debug] GetCost: callable returned non-numeric value: null; returning INFINITY
WARNING: [GdPAI] ObjectRef(124621163998): object was freed before callback; returning Nil.
   at: gdplanningai_rust::logger::process_logs (src\logger.rs:66)
   GDScript backtrace (most recent call first):
       [0] _process (res://addons/GdPlanningAI/gdpai_autoload.gd:21)
[GdPAI | debug] ApplyEffect [Before] ID=InstanceId(-9223371375178148641): agent props = {"held_item": "", "entity": null, "hunger": 70.0627442063492}
[GdPAI | debug] ApplyEffect [After] ID=InstanceId(-9223371375178148641): agent props = {"held_item": "", "entity": null, "hunger": 70.0627442063492}
[GdPAI | debug]   Snapshotting prop: held_item = Str("") (Variant type: STRING)
[GdPAI | debug]   Snapshotting prop: entity = Nil (Variant type: NIL)
[GdPAI | debug]   Snapshotting prop: hunger = Float(70.0627442063492) (Variant type: FLOAT)
WARNING: [GdPAI] ObjectRef(124621163998): object was freed before callback; returning Nil.
   at: gdplanningai_rust::logger::process_logs (src\logger.rs:66)
   GDScript backtrace (most recent call first):
       [0] _start_plan_and_wait (res://test/integration/test_campfire_example_smoke.gd:57)
WARNING: [GdPAI] ObjectRef(124134624705): object was freed before callback; returning Nil.
   at: gdplanningai_rust::logger::process_logs (src\logger.rs:66)
   GDScript backtrace (most recent call first):
       [0] _start_plan_and_wait (res://test/integration/test_campfire_example_smoke.gd:57)
WARNING: [GdPAI] ObjectRef(124134624705): object was freed before callback; returning Nil.
   at: gdplanningai_rust::logger::process_logs (src\logger.rs:66)
   GDScript backtrace (most recent call first):
       [0] _start_plan_and_wait (res://test/integration/test_campfire_example_smoke.gd:57)
[GdPAI | debug] GetCost: callable returned non-numeric value: null; returning INFINITY
WARNING: [GdPAI] ObjectRef(124621163998): object was freed before callback; returning Nil.
   at: gdplanningai_rust::logger::process_logs (src\logger.rs:66)
   GDScript backtrace (most recent call first):
       [0] _process (res://addons/GdPlanningAI/gdpai_autoload.gd:21)
WARNING: [GdPAI] ObjectRef(124134624705): object was freed before callback; returning Nil.
   at: gdplanningai_rust::logger::process_logs (src\logger.rs:66)
   GDScript backtrace (most recent call first):
       [0] _process (res://addons/GdPlanningAI/gdpai_autoload.gd:21)
WARNING: [GdPAI] ObjectRef(124134624705): object was freed before callback; returning Nil.
   at: gdplanningai_rust::logger::process_logs (src\logger.rs:66)
   GDScript backtrace (most recent call first):
       [0] _process (res://addons/GdPlanningAI/gdpai_autoload.gd:21)
[GdPAI | debug] ApplyEffect [Before] ID=InstanceId(-9223371373819194109): agent props = {"hunger": 70.0627442063492, "held_item": "", "entity": null, "at_target": null}
[GdPAI | debug] ApplyEffect [After] ID=InstanceId(-9223371373819194109): agent props = {"hunger": 70.0627442063492, "held_item": "", "entity": null, "at_target": null}
[GdPAI | debug]   Snapshotting prop: hunger = Float(70.0627442063492) (Variant type: FLOAT)
[GdPAI | debug]   Snapshotting prop: held_item = Str("") (Variant type: STRING)
[GdPAI | debug]   Snapshotting prop: entity = Nil (Variant type: NIL)
[GdPAI | debug]   Snapshotting prop: at_target = Nil (Variant type: NIL)
WARNING: [GdPAI] ObjectRef(124621163998): object was freed before callback; returning Nil.
   at: gdplanningai_rust::logger::process_logs (src\logger.rs:66)
   GDScript backtrace (most recent call first):
       [0] _start_plan_and_wait (res://test/integration/test_campfire_example_smoke.gd:57)
WARNING: [GdPAI] ObjectRef(124134624705): object was freed before callback; returning Nil.
   at: gdplanningai_rust::logger::process_logs (src\logger.rs:66)
   GDScript backtrace (most recent call first):
       [0] _start_plan_and_wait (res://test/integration/test_campfire_example_smoke.gd:57)
WARNING: [GdPAI] ObjectRef(124134624705): object was freed before callback; returning Nil.
   at: gdplanningai_rust::logger::process_logs (src\logger.rs:66)
   GDScript backtrace (most recent call first):
       [0] _start_plan_and_wait (res://test/integration/test_campfire_example_smoke.gd:57)
[GdPAI | debug] GetCost: callable returned non-numeric value: null; returning INFINITY
WARNING: [GdPAI] ObjectRef(124621163998): object was freed before callback; returning Nil.
   at: gdplanningai_rust::logger::process_logs (src\logger.rs:66)
   GDScript backtrace (most recent call first):
       [0] _process (res://addons/GdPlanningAI/gdpai_autoload.gd:21)
WARNING: [GdPAI] ObjectRef(124134624705): object was freed before callback; returning Nil.
   at: gdplanningai_rust::logger::process_logs (src\logger.rs:66)
   GDScript backtrace (most recent call first):
       [0] _process (res://addons/GdPlanningAI/gdpai_autoload.gd:21)
WARNING: [GdPAI] ObjectRef(124134624705): object was freed before callback; returning Nil.
   at: gdplanningai_rust::logger::process_logs (src\logger.rs:66)
   GDScript backtrace (most recent call first):
       [0] _process (res://addons/GdPlanningAI/gdpai_autoload.gd:21)
[GdPAI | debug] ApplyEffect [Before] ID=InstanceId(-9223371372359576330): agent props = {"held_item": "", "hunger": 70.0627442063492, "entity": null, "at_target": null}
[GdPAI | debug] ApplyEffect [After] ID=InstanceId(-9223371372359576330): agent props = {"held_item": "", "hunger": 70.0627442063492, "entity": null, "at_target": null}
[GdPAI | debug]   Snapshotting prop: held_item = Str("") (Variant type: STRING)
[GdPAI | debug]   Snapshotting prop: hunger = Float(70.0627442063492) (Variant type: FLOAT)
[GdPAI | debug]   Snapshotting prop: entity = Nil (Variant type: NIL)
[GdPAI | debug]   Snapshotting prop: at_target = Nil (Variant type: NIL)
WARNING: [GdPAI] ObjectRef(124621163998): object was freed before callback; returning Nil.
   at: gdplanningai_rust::logger::process_logs (src\logger.rs:66)
   GDScript backtrace (most recent call first):
       [0] _start_plan_and_wait (res://test/integration/test_campfire_example_smoke.gd:57)
[GdPAI | debug] GetCost: callable returned non-numeric value: null; returning INFINITY
WARNING: [GdPAI] ObjectRef(124621163998): object was freed before callback; returning Nil.
   at: gdplanningai_rust::logger::process_logs (src\logger.rs:66)
   GDScript backtrace (most recent call first):
       [0] _process (res://addons/GdPlanningAI/gdpai_autoload.gd:21)
[GdPAI | debug] ApplyEffect [Before] ID=InstanceId(-9223371371000621787): agent props = {"held_item": "wood", "entity": null, "at_target": null, "hunger": 70.0627442063492}
[GdPAI | debug] ApplyEffect [After] ID=InstanceId(-9223371371000621787): agent props = {"held_item": "wood", "entity": null, "at_target": null, "hunger": 70.0627442063492}
[GdPAI | debug]   Snapshotting prop: held_item = Str("wood") (Variant type: STRING)
[GdPAI | debug]   Snapshotting prop: entity = Nil (Variant type: NIL)
[GdPAI | debug]   Snapshotting prop: at_target = Nil (Variant type: NIL)
[GdPAI | debug]   Snapshotting prop: hunger = Float(70.0627442063492) (Variant type: FLOAT)
[GdPAI] A* Iteration: pop node with chain length 4
[GdPAI | debug] find_candidates: Checking 15 actions against 1 preconds and 1 requirements
WARNING: [GdPAI] ObjectRef(124621163998): object was freed before callback; returning Nil.
   at: gdplanningai_rust::logger::process_logs (src\logger.rs:66)
   GDScript backtrace (most recent call first):
       [0] _start_plan_and_wait (res://test/integration/test_campfire_example_smoke.gd:57)
WARNING: [GdPAI] ObjectRef(124621163998): object was freed before callback; returning Nil.
   at: gdplanningai_rust::logger::process_logs (src\logger.rs:66)
   GDScript backtrace (most recent call first):
       [0] _start_plan_and_wait (res://test/integration/test_campfire_example_smoke.gd:57)
[GdPAI | debug] Discovery: Starting simulation for action Go To
WARNING: [GdPAI] ObjectRef(124621163998): object was freed before callback; returning Nil.
   at: gdplanningai_rust::logger::process_logs (src\logger.rs:66)
   GDScript backtrace (most recent call first):
       [0] _process (res://addons/GdPlanningAI/gdpai_autoload.gd:21)
WARNING: [GdPAI] ObjectRef(124621163998): object was freed before callback; returning Nil.
   at: gdplanningai_rust::logger::process_logs (src\logger.rs:66)
   GDScript backtrace (most recent call first):
       [0] _process (res://addons/GdPlanningAI/gdpai_autoload.gd:21)
[GdPAI | debug] GetCost: callable returned non-numeric value: null; returning INFINITY
WARNING: [GdPAI] ObjectRef(124621163998): object was freed before callback; returning Nil.
   at: gdplanningai_rust::logger::process_logs (src\logger.rs:66)
   GDScript backtrace (most recent call first):
       [0] _start_plan_and_wait (res://test/integration/test_campfire_example_smoke.gd:57)
WARNING: [GdPAI] ObjectRef(124621163998): object was freed before callback; returning Nil.
   at: gdplanningai_rust::logger::process_logs (src\logger.rs:66)
   GDScript backtrace (most recent call first):
       [0] _start_plan_and_wait (res://test/integration/test_campfire_example_smoke.gd:57)
[GdPAI | debug] ApplyEffect [Before] ID=InstanceId(-9223371369020910265): agent props = {"hunger": 70.0627442063492, "entity": null, "held_item": ""}
[GdPAI | debug] ApplyEffect [After] ID=InstanceId(-9223371369020910265): agent props = {"hunger": 70.0627442063492, "entity": null, "held_item": ""}
[GdPAI | debug]   Snapshotting prop: hunger = Float(70.0627442063492) (Variant type: FLOAT)
[GdPAI | debug]   Snapshotting prop: entity = Nil (Variant type: NIL)
[GdPAI | debug]   Snapshotting prop: held_item = Str("") (Variant type: STRING)
[GdPAI | debug] Discovery: Simulation success for Go To. Agent props: {"held_item": Str(""), "hunger": Float(70.0627442063492), "entity": Nil}
[GdPAI | debug] Discovery: Action Go To satisfied precond Builtin { target: Agent, operation: Equal, property_name: "held_item", value: Some(Str("")) }
[GdPAI | debug] Found candidate: Go To (satisfied preconds: [0], requirements: [0])
[GdPAI | debug] Discovery: Starting simulation for action Eat Held Food
WARNING: [GdPAI] ObjectRef(124621163998): object was freed before callback; returning Nil.
   at: gdplanningai_rust::logger::process_logs (src\logger.rs:66)
   GDScript backtrace (most recent call first):
       [0] _process (res://addons/GdPlanningAI/gdpai_autoload.gd:21)
WARNING: [GdPAI] ObjectRef(124621163998): object was freed before callback; returning Nil.
   at: gdplanningai_rust::logger::process_logs (src\logger.rs:66)
   GDScript backtrace (most recent call first):
       [0] _process (res://addons/GdPlanningAI/gdpai_autoload.gd:21)
[GdPAI | debug] GetCost: callable returned non-numeric value: null; returning INFINITY
WARNING: [GdPAI] ObjectRef(124621163998): object was freed before callback; returning Nil.
   at: gdplanningai_rust::logger::process_logs (src\logger.rs:66)
   GDScript backtrace (most recent call first):
       [0] _start_plan_and_wait (res://test/integration/test_campfire_example_smoke.gd:57)
WARNING: [GdPAI] ObjectRef(124621163998): object was freed before callback; returning Nil.
   at: gdplanningai_rust::logger::process_logs (src\logger.rs:66)
   GDScript backtrace (most recent call first):
       [0] _start_plan_and_wait (res://test/integration/test_campfire_example_smoke.gd:57)
[GdPAI | debug] ApplyEffect [Before] ID=InstanceId(-9223371367661955772): agent props = {"held_item": "", "entity": null, "hunger": 70.0627442063492}
[GdPAI | debug] ApplyEffect [After] ID=InstanceId(-9223371367661955772): agent props = {"held_item": "", "entity": null, "hunger": 70.0627442063492}
[GdPAI | debug]   Snapshotting prop: held_item = Str("") (Variant type: STRING)
[GdPAI | debug]   Snapshotting prop: entity = Nil (Variant type: NIL)
[GdPAI | debug]   Snapshotting prop: hunger = Float(70.0627442063492) (Variant type: FLOAT)
[GdPAI | debug] Discovery: Simulation success for Eat Held Food. Agent props: {"hunger": Float(70.0627442063492), "held_item": Str(""), "entity": Nil}
[GdPAI | debug] Discovery: Action Eat Held Food satisfied precond Builtin { target: Agent, operation: Equal, property_name: "held_item", value: Some(Str("")) }
[GdPAI | debug] Found candidate: Eat Held Food (satisfied preconds: [0], requirements: [])
WARNING: [GdPAI] ObjectRef(124621163998): object was freed before callback; returning Nil.
   at: gdplanningai_rust::logger::process_logs (src\logger.rs:66)
   GDScript backtrace (most recent call first):
       [0] _process (res://addons/GdPlanningAI/gdpai_autoload.gd:21)
WARNING: [GdPAI] ObjectRef(124621163998): object was freed before callback; returning Nil.
   at: gdplanningai_rust::logger::process_logs (src\logger.rs:66)
   GDScript backtrace (most recent call first):
       [0] _process (res://addons/GdPlanningAI/gdpai_autoload.gd:21)
[GdPAI | debug] Discovery: Starting simulation for action Go To
WARNING: [GdPAI] ObjectRef(124621163998): object was freed before callback; returning Nil.
   at: gdplanningai_rust::logger::process_logs (src\logger.rs:66)
   GDScript backtrace (most recent call first):
       [0] _start_plan_and_wait (res://test/integration/test_campfire_example_smoke.gd:57)
WARNING: [GdPAI] ObjectRef(124621163998): object was freed before callback; returning Nil.
   at: gdplanningai_rust::logger::process_logs (src\logger.rs:66)
   GDScript backtrace (most recent call first):
       [0] _start_plan_and_wait (res://test/integration/test_campfire_example_smoke.gd:57)
[GdPAI | debug] GetCost: callable returned non-numeric value: null; returning INFINITY
WARNING: [GdPAI] ObjectRef(124621163998): object was freed before callback; returning Nil.
   at: gdplanningai_rust::logger::process_logs (src\logger.rs:66)
   GDScript backtrace (most recent call first):
       [0] _process (res://addons/GdPlanningAI/gdpai_autoload.gd:21)
WARNING: [GdPAI] ObjectRef(124621163998): object was freed before callback; returning Nil.
   at: gdplanningai_rust::logger::process_logs (src\logger.rs:66)
   GDScript backtrace (most recent call first):
       [0] _process (res://addons/GdPlanningAI/gdpai_autoload.gd:21)
[GdPAI | debug] ApplyEffect [Before] ID=InstanceId(-9223371365615135399): agent props = {"entity": null, "hunger": 70.0627442063492, "held_item": ""}
[GdPAI | debug] ApplyEffect [After] ID=InstanceId(-9223371365615135399): agent props = {"entity": null, "hunger": 70.0627442063492, "held_item": ""}
[GdPAI | debug]   Snapshotting prop: entity = Nil (Variant type: NIL)
[GdPAI | debug]   Snapshotting prop: hunger = Float(70.0627442063492) (Variant type: FLOAT)
[GdPAI | debug]   Snapshotting prop: held_item = Str("") (Variant type: STRING)
[GdPAI | debug] Discovery: Simulation success for Go To. Agent props: {"entity": Nil, "hunger": Float(70.0627442063492), "held_item": Str("")}
[GdPAI | debug] Discovery: Action Go To satisfied precond Builtin { target: Agent, operation: Equal, property_name: "held_item", value: Some(Str("")) }
[GdPAI | debug] Found candidate: Go To (satisfied preconds: [0], requirements: [0])
[GdPAI | debug] Discovery: Starting simulation for action Drop Item
WARNING: [GdPAI] ObjectRef(124621163998): object was freed before callback; returning Nil.
   at: gdplanningai_rust::logger::process_logs (src\logger.rs:66)
   GDScript backtrace (most recent call first):
       [0] _start_plan_and_wait (res://test/integration/test_campfire_example_smoke.gd:57)
WARNING: [GdPAI] ObjectRef(124621163998): object was freed before callback; returning Nil.
   at: gdplanningai_rust::logger::process_logs (src\logger.rs:66)
   GDScript backtrace (most recent call first):
       [0] _start_plan_and_wait (res://test/integration/test_campfire_example_smoke.gd:57)
[GdPAI | debug] GetCost: callable returned non-numeric value: null; returning INFINITY
WARNING: [GdPAI] ObjectRef(124621163998): object was freed before callback; returning Nil.
   at: gdplanningai_rust::logger::process_logs (src\logger.rs:66)
   GDScript backtrace (most recent call first):
       [0] _process (res://addons/GdPlanningAI/gdpai_autoload.gd:21)
WARNING: [GdPAI] ObjectRef(124621163998): object was freed before callback; returning Nil.
   at: gdplanningai_rust::logger::process_logs (src\logger.rs:66)
   GDScript backtrace (most recent call first):
       [0] _process (res://addons/GdPlanningAI/gdpai_autoload.gd:21)
[GdPAI | debug] ApplyEffect [Before] ID=InstanceId(-9223371364256180888): agent props = {"entity": null, "held_item": "", "hunger": 70.0627442063492}
[GdPAI | debug] ApplyEffect [After] ID=InstanceId(-9223371364256180888): agent props = {"entity": null, "held_item": "", "hunger": 70.0627442063492}
[GdPAI | debug]   Snapshotting prop: entity = Nil (Variant type: NIL)
[GdPAI | debug]   Snapshotting prop: held_item = Str("") (Variant type: STRING)
[GdPAI | debug]   Snapshotting prop: hunger = Float(70.0627442063492) (Variant type: FLOAT)
[GdPAI | debug] Discovery: Simulation success for Drop Item. Agent props: {"held_item": Str(""), "entity": Nil, "hunger": Float(70.0627442063492)}
[GdPAI | debug] Discovery: Action Drop Item satisfied precond Builtin { target: Agent, operation: Equal, property_name: "held_item", value: Some(Str("")) }
[GdPAI | debug] Found candidate: Drop Item (satisfied preconds: [0], requirements: [])
[GdPAI | debug] Discovery: Starting simulation for action Add Fuel
WARNING: [GdPAI] ObjectRef(124621163998): object was freed before callback; returning Nil.
   at: gdplanningai_rust::logger::process_logs (src\logger.rs:66)
   GDScript backtrace (most recent call first):
       [0] _start_plan_and_wait (res://test/integration/test_campfire_example_smoke.gd:57)
WARNING: [GdPAI] ObjectRef(124621163998): object was freed before callback; returning Nil.
   at: gdplanningai_rust::logger::process_logs (src\logger.rs:66)
   GDScript backtrace (most recent call first):
       [0] _start_plan_and_wait (res://test/integration/test_campfire_example_smoke.gd:57)
[GdPAI | debug] GetCost: callable returned non-numeric value: null; returning INFINITY
WARNING: [GdPAI] ObjectRef(124621163998): object was freed before callback; returning Nil.
   at: gdplanningai_rust::logger::process_logs (src\logger.rs:66)
   GDScript backtrace (most recent call first):
       [0] _process (res://addons/GdPlanningAI/gdpai_autoload.gd:21)
WARNING: [GdPAI] ObjectRef(124621163998): object was freed before callback; returning Nil.
   at: gdplanningai_rust::logger::process_logs (src\logger.rs:66)
   GDScript backtrace (most recent call first):
       [0] _process (res://addons/GdPlanningAI/gdpai_autoload.gd:21)
[GdPAI | debug] ApplyEffect [Before] ID=InstanceId(-9223371362897226378): agent props = {"hunger": 70.0627442063492, "held_item": "wood", "entity": null}
[GdPAI | debug] ApplyEffect [After] ID=InstanceId(-9223371362897226378): agent props = {"hunger": 70.0627442063492, "held_item": "wood", "entity": null}
[GdPAI | debug]   Snapshotting prop: hunger = Float(70.0627442063492) (Variant type: FLOAT)
[GdPAI | debug]   Snapshotting prop: held_item = Str("wood") (Variant type: STRING)
[GdPAI | debug]   Snapshotting prop: entity = Nil (Variant type: NIL)
[GdPAI | debug] Discovery: Simulation success for Add Fuel. Agent props: {"entity": Nil, "hunger": Float(70.0627442063492), "held_item": Str("wood")}
[GdPAI | debug] Discovery: Action Add Fuel did NOT satisfy precond Builtin { target: Agent, operation: Equal, property_name: "held_item", value: Some(Str("")) }
WARNING: [GdPAI] ObjectRef(124621163998): object was freed before callback; returning Nil.
   at: gdplanningai_rust::logger::process_logs (src\logger.rs:66)
   GDScript backtrace (most recent call first):
       [0] _start_plan_and_wait (res://test/integration/test_campfire_example_smoke.gd:57)
WARNING: [GdPAI] ObjectRef(124621163998): object was freed before callback; returning Nil.
   at: gdplanningai_rust::logger::process_logs (src\logger.rs:66)
   GDScript backtrace (most recent call first):
       [0] _start_plan_and_wait (res://test/integration/test_campfire_example_smoke.gd:57)
[GdPAI | debug] Discovery: Action Cook Potato failed validity check, skipping
[GdPAI | debug] Discovery: Starting simulation for action Pick Up Wood
WARNING: [GdPAI] ObjectRef(124621163998): object was freed before callback; returning Nil.
   at: gdplanningai_rust::logger::process_logs (src\logger.rs:66)
   GDScript backtrace (most recent call first):
       [0] _process (res://addons/GdPlanningAI/gdpai_autoload.gd:21)
WARNING: [GdPAI] ObjectRef(124621163998): object was freed before callback; returning Nil.
   at: gdplanningai_rust::logger::process_logs (src\logger.rs:66)
   GDScript backtrace (most recent call first):
       [0] _process (res://addons/GdPlanningAI/gdpai_autoload.gd:21)
[GdPAI | debug] GetCost: callable returned non-numeric value: null; returning INFINITY
WARNING: [GdPAI] ObjectRef(124621163998): object was freed before callback; returning Nil.
   at: gdplanningai_rust::logger::process_logs (src\logger.rs:66)
   GDScript backtrace (most recent call first):
       [0] _start_plan_and_wait (res://test/integration/test_campfire_example_smoke.gd:57)
WARNING: [GdPAI] ObjectRef(124621163998): object was freed before callback; returning Nil.
   at: gdplanningai_rust::logger::process_logs (src\logger.rs:66)
   GDScript backtrace (most recent call first):
       [0] _start_plan_and_wait (res://test/integration/test_campfire_example_smoke.gd:57)
[GdPAI | debug] ApplyEffect [Before] ID=InstanceId(-9223371360867183251): agent props = {"hunger": 70.0627442063492, "entity": null, "held_item": ""}
[GdPAI | debug] ApplyEffect [After] ID=InstanceId(-9223371360867183251): agent props = {"hunger": 70.0627442063492, "entity": null, "held_item": ""}
[GdPAI | debug]   Snapshotting prop: hunger = Float(70.0627442063492) (Variant type: FLOAT)
[GdPAI | debug]   Snapshotting prop: entity = Nil (Variant type: NIL)
[GdPAI | debug]   Snapshotting prop: held_item = Str("") (Variant type: STRING)
[GdPAI | debug] Discovery: Simulation success for Pick Up Wood. Agent props: {"entity": Nil, "held_item": Str(""), "hunger": Float(70.0627442063492)}
[GdPAI | debug] Discovery: Action Pick Up Wood satisfied precond Builtin { target: Agent, operation: Equal, property_name: "held_item", value: Some(Str("")) }
[GdPAI | debug] Found candidate: Pick Up Wood (satisfied preconds: [0], requirements: [])
[GdPAI | debug] Discovery: Starting simulation for action Pick Up Wood
WARNING: [GdPAI] ObjectRef(124621163998): object was freed before callback; returning Nil.
   at: gdplanningai_rust::logger::process_logs (src\logger.rs:66)
   GDScript backtrace (most recent call first):
       [0] _process (res://addons/GdPlanningAI/gdpai_autoload.gd:21)
WARNING: [GdPAI] ObjectRef(124621163998): object was freed before callback; returning Nil.
   at: gdplanningai_rust::logger::process_logs (src\logger.rs:66)
   GDScript backtrace (most recent call first):
       [0] _process (res://addons/GdPlanningAI/gdpai_autoload.gd:21)
[GdPAI | debug] GetCost: callable returned non-numeric value: null; returning INFINITY
WARNING: [GdPAI] ObjectRef(124621163998): object was freed before callback; returning Nil.
   at: gdplanningai_rust::logger::process_logs (src\logger.rs:66)
   GDScript backtrace (most recent call first):
       [0] _start_plan_and_wait (res://test/integration/test_campfire_example_smoke.gd:57)
WARNING: [GdPAI] ObjectRef(124621163998): object was freed before callback; returning Nil.
   at: gdplanningai_rust::logger::process_logs (src\logger.rs:66)
   GDScript backtrace (most recent call first):
       [0] _start_plan_and_wait (res://test/integration/test_campfire_example_smoke.gd:57)
[GdPAI | debug] ApplyEffect [Before] ID=InstanceId(-9223371359508228725): agent props = {"entity": null, "held_item": "", "hunger": 70.0627442063492}
[GdPAI | debug] ApplyEffect [After] ID=InstanceId(-9223371359508228725): agent props = {"entity": null, "held_item": "", "hunger": 70.0627442063492}
[GdPAI | debug]   Snapshotting prop: entity = Nil (Variant type: NIL)
[GdPAI | debug]   Snapshotting prop: held_item = Str("") (Variant type: STRING)
[GdPAI | debug]   Snapshotting prop: hunger = Float(70.0627442063492) (Variant type: FLOAT)
[GdPAI | debug] Discovery: Simulation success for Pick Up Wood. Agent props: {"hunger": Float(70.0627442063492), "held_item": Str(""), "entity": Nil}
[GdPAI | debug] Discovery: Action Pick Up Wood satisfied precond Builtin { target: Agent, operation: Equal, property_name: "held_item", value: Some(Str("")) }
[GdPAI | debug] Found candidate: Pick Up Wood (satisfied preconds: [0], requirements: [])
[GdPAI | debug] Discovery: Starting simulation for action Pick Up Wood
WARNING: [GdPAI] ObjectRef(124621163998): object was freed before callback; returning Nil.
   at: gdplanningai_rust::logger::process_logs (src\logger.rs:66)
   GDScript backtrace (most recent call first):
       [0] _process (res://addons/GdPlanningAI/gdpai_autoload.gd:21)
WARNING: [GdPAI] ObjectRef(124621163998): object was freed before callback; returning Nil.
   at: gdplanningai_rust::logger::process_logs (src\logger.rs:66)
   GDScript backtrace (most recent call first):
       [0] _process (res://addons/GdPlanningAI/gdpai_autoload.gd:21)
[GdPAI | debug] GetCost: callable returned non-numeric value: null; returning INFINITY
WARNING: [GdPAI] ObjectRef(124621163998): object was freed before callback; returning Nil.
   at: gdplanningai_rust::logger::process_logs (src\logger.rs:66)
   GDScript backtrace (most recent call first):
       [0] _start_plan_and_wait (res://test/integration/test_campfire_example_smoke.gd:57)
WARNING: [GdPAI] ObjectRef(124621163998): object was freed before callback; returning Nil.
   at: gdplanningai_rust::logger::process_logs (src\logger.rs:66)
   GDScript backtrace (most recent call first):
       [0] _start_plan_and_wait (res://test/integration/test_campfire_example_smoke.gd:57)
[GdPAI | debug] ApplyEffect [Before] ID=InstanceId(-9223371358149274241): agent props = {"held_item": "", "entity": null, "hunger": 70.0627442063492}
[GdPAI | debug] ApplyEffect [After] ID=InstanceId(-9223371358149274241): agent props = {"held_item": "", "entity": null, "hunger": 70.0627442063492}
[GdPAI | debug]   Snapshotting prop: held_item = Str("") (Variant type: STRING)
[GdPAI | debug]   Snapshotting prop: entity = Nil (Variant type: NIL)
[GdPAI | debug]   Snapshotting prop: hunger = Float(70.0627442063492) (Variant type: FLOAT)
[GdPAI | debug] Discovery: Simulation success for Pick Up Wood. Agent props: {"entity": Nil, "hunger": Float(70.0627442063492), "held_item": Str("")}
[GdPAI | debug] Discovery: Action Pick Up Wood satisfied precond Builtin { target: Agent, operation: Equal, property_name: "held_item", value: Some(Str("")) }
[GdPAI | debug] Found candidate: Pick Up Wood (satisfied preconds: [0], requirements: [])
[GdPAI | debug] Discovery: Starting simulation for action Pick Up Wood
WARNING: [GdPAI] ObjectRef(124621163998): object was freed before callback; returning Nil.
   at: gdplanningai_rust::logger::process_logs (src\logger.rs:66)
   GDScript backtrace (most recent call first):
       [0] _process (res://addons/GdPlanningAI/gdpai_autoload.gd:21)
WARNING: [GdPAI] ObjectRef(124621163998): object was freed before callback; returning Nil.
   at: gdplanningai_rust::logger::process_logs (src\logger.rs:66)
   GDScript backtrace (most recent call first):
       [0] _process (res://addons/GdPlanningAI/gdpai_autoload.gd:21)
[GdPAI | debug] GetCost: callable returned non-numeric value: null; returning INFINITY
WARNING: [GdPAI] ObjectRef(124621163998): object was freed before callback; returning Nil.
   at: gdplanningai_rust::logger::process_logs (src\logger.rs:66)
   GDScript backtrace (most recent call first):
       [0] _start_plan_and_wait (res://test/integration/test_campfire_example_smoke.gd:57)
WARNING: [GdPAI] ObjectRef(124621163998): object was freed before callback; returning Nil.
   at: gdplanningai_rust::logger::process_logs (src\logger.rs:66)
   GDScript backtrace (most recent call first):
       [0] _start_plan_and_wait (res://test/integration/test_campfire_example_smoke.gd:57)
[GdPAI | debug] ApplyEffect [Before] ID=InstanceId(-9223371356790319748): agent props = {"held_item": "", "hunger": 70.0627442063492, "entity": null}
[GdPAI | debug] ApplyEffect [After] ID=InstanceId(-9223371356790319748): agent props = {"held_item": "", "hunger": 70.0627442063492, "entity": null}
[GdPAI | debug]   Snapshotting prop: held_item = Str("") (Variant type: STRING)
[GdPAI | debug]   Snapshotting prop: hunger = Float(70.0627442063492) (Variant type: FLOAT)
[GdPAI | debug]   Snapshotting prop: entity = Nil (Variant type: NIL)
[GdPAI | debug] Discovery: Simulation success for Pick Up Wood. Agent props: {"entity": Nil, "held_item": Str(""), "hunger": Float(70.0627442063492)}
[GdPAI | debug] Discovery: Action Pick Up Wood satisfied precond Builtin { target: Agent, operation: Equal, property_name: "held_item", value: Some(Str("")) }
[GdPAI | debug] Found candidate: Pick Up Wood (satisfied preconds: [0], requirements: [])
WARNING: [GdPAI] ObjectRef(124621163998): object was freed before callback; returning Nil.
   at: gdplanningai_rust::logger::process_logs (src\logger.rs:66)
   GDScript backtrace (most recent call first):
       [0] _process (res://addons/GdPlanningAI/gdpai_autoload.gd:21)
WARNING: [GdPAI] ObjectRef(124621163998): object was freed before callback; returning Nil.
   at: gdplanningai_rust::logger::process_logs (src\logger.rs:66)
   GDScript backtrace (most recent call first):
       [0] _process (res://addons/GdPlanningAI/gdpai_autoload.gd:21)
[GdPAI | debug] Discovery: Action Dig Potato failed validity check, skipping
WARNING: [GdPAI] ObjectRef(124621163998): object was freed before callback; returning Nil.
   at: gdplanningai_rust::logger::process_logs (src\logger.rs:66)
   GDScript backtrace (most recent call first):
       [0] _start_plan_and_wait (res://test/integration/test_campfire_example_smoke.gd:57)
WARNING: [GdPAI] ObjectRef(124621163998): object was freed before callback; returning Nil.
   at: gdplanningai_rust::logger::process_logs (src\logger.rs:66)
   GDScript backtrace (most recent call first):
       [0] _start_plan_and_wait (res://test/integration/test_campfire_example_smoke.gd:57)
[GdPAI | debug] Discovery: Action Dig Potato failed validity check, skipping
WARNING: [GdPAI] ObjectRef(124621163998): object was freed before callback; returning Nil.
   at: gdplanningai_rust::logger::process_logs (src\logger.rs:66)
   GDScript backtrace (most recent call first):
       [0] _process (res://addons/GdPlanningAI/gdpai_autoload.gd:21)
WARNING: [GdPAI] ObjectRef(124621163998): object was freed before callback; returning Nil.
   at: gdplanningai_rust::logger::process_logs (src\logger.rs:66)
   GDScript backtrace (most recent call first):
       [0] _process (res://addons/GdPlanningAI/gdpai_autoload.gd:21)
[GdPAI | debug] Discovery: Action Dig Potato failed validity check, skipping
WARNING: [GdPAI] ObjectRef(124621163998): object was freed before callback; returning Nil.
   at: gdplanningai_rust::logger::process_logs (src\logger.rs:66)
   GDScript backtrace (most recent call first):
       [0] _start_plan_and_wait (res://test/integration/test_campfire_example_smoke.gd:57)
WARNING: [GdPAI] ObjectRef(124621163998): object was freed before callback; returning Nil.
   at: gdplanningai_rust::logger::process_logs (src\logger.rs:66)
   GDScript backtrace (most recent call first):
       [0] _start_plan_and_wait (res://test/integration/test_campfire_example_smoke.gd:57)
[GdPAI | debug] Discovery: Action Dig Potato failed validity check, skipping
WARNING: [GdPAI] ObjectRef(124621163998): object was freed before callback; returning Nil.
   at: gdplanningai_rust::logger::process_logs (src\logger.rs:66)
   GDScript backtrace (most recent call first):
       [0] _process (res://addons/GdPlanningAI/gdpai_autoload.gd:21)
WARNING: [GdPAI] ObjectRef(124621163998): object was freed before callback; returning Nil.
   at: gdplanningai_rust::logger::process_logs (src\logger.rs:66)
   GDScript backtrace (most recent call first):
       [0] _process (res://addons/GdPlanningAI/gdpai_autoload.gd:21)
[GdPAI | debug] Discovery: Action Dig Potato failed validity check, skipping
WARNING: [GdPAI] ObjectRef(124621163998): object was freed before callback; returning Nil.
   at: gdplanningai_rust::logger::process_logs (src\logger.rs:66)
   GDScript backtrace (most recent call first):
       [0] _start_plan_and_wait (res://test/integration/test_campfire_example_smoke.gd:57)
WARNING: [GdPAI] ObjectRef(124621163998): object was freed before callback; returning Nil.
   at: gdplanningai_rust::logger::process_logs (src\logger.rs:66)
   GDScript backtrace (most recent call first):
       [0] _start_plan_and_wait (res://test/integration/test_campfire_example_smoke.gd:57)
WARNING: [GdPAI] ObjectRef(125510356497): object was freed before callback; returning Nil.
   at: gdplanningai_rust::logger::process_logs (src\logger.rs:66)
   GDScript backtrace (most recent call first):
       [0] _start_plan_and_wait (res://test/integration/test_campfire_example_smoke.gd:57)
WARNING: [GdPAI] ObjectRef(125510356497): object was freed before callback; returning Nil.
   at: gdplanningai_rust::logger::process_logs (src\logger.rs:66)
   GDScript backtrace (most recent call first):
       [0] _start_plan_and_wait (res://test/integration/test_campfire_example_smoke.gd:57)
[GdPAI | debug] GetCost: callable returned non-numeric value: null; returning INFINITY
WARNING: [GdPAI] ObjectRef(124621163998): object was freed before callback; returning Nil.
   at: gdplanningai_rust::logger::process_logs (src\logger.rs:66)
   GDScript backtrace (most recent call first):
       [0] _process (res://addons/GdPlanningAI/gdpai_autoload.gd:21)
WARNING: [GdPAI] ObjectRef(124621163998): object was freed before callback; returning Nil.
   at: gdplanningai_rust::logger::process_logs (src\logger.rs:66)
   GDScript backtrace (most recent call first):
       [0] _process (res://addons/GdPlanningAI/gdpai_autoload.gd:21)
WARNING: [GdPAI] ObjectRef(125510356497): object was freed before callback; returning Nil.
   at: gdplanningai_rust::logger::process_logs (src\logger.rs:66)
   GDScript backtrace (most recent call first):
       [0] _process (res://addons/GdPlanningAI/gdpai_autoload.gd:21)
WARNING: [GdPAI] ObjectRef(125510356497): object was freed before callback; returning Nil.
   at: gdplanningai_rust::logger::process_logs (src\logger.rs:66)
   GDScript backtrace (most recent call first):
       [0] _process (res://addons/GdPlanningAI/gdpai_autoload.gd:21)
[GdPAI | debug] ApplyEffect [Before] ID=InstanceId(-9223371351924927057): agent props = {"hunger": 70.0627442063492, "at_target": null, "entity": null, "held_item": ""}
[GdPAI | debug] ApplyEffect [After] ID=InstanceId(-9223371351924927057): agent props = {"hunger": 70.0627442063492, "at_target": null, "entity": null, "held_item": ""}
[GdPAI | debug]   Snapshotting prop: hunger = Float(70.0627442063492) (Variant type: FLOAT)
[GdPAI | debug]   Snapshotting prop: at_target = Nil (Variant type: NIL)
[GdPAI | debug]   Snapshotting prop: entity = Nil (Variant type: NIL)
[GdPAI | debug]   Snapshotting prop: held_item = Str("") (Variant type: STRING)
WARNING: [GdPAI] ObjectRef(124621163998): object was freed before callback; returning Nil.
   at: gdplanningai_rust::logger::process_logs (src\logger.rs:66)
   GDScript backtrace (most recent call first):
       [0] _start_plan_and_wait (res://test/integration/test_campfire_example_smoke.gd:57)
WARNING: [GdPAI] ObjectRef(125510356497): object was freed before callback; returning Nil.
   at: gdplanningai_rust::logger::process_logs (src\logger.rs:66)
   GDScript backtrace (most recent call first):
       [0] _start_plan_and_wait (res://test/integration/test_campfire_example_smoke.gd:57)
WARNING: [GdPAI] ObjectRef(125510356497): object was freed before callback; returning Nil.
   at: gdplanningai_rust::logger::process_logs (src\logger.rs:66)
   GDScript backtrace (most recent call first):
       [0] _start_plan_and_wait (res://test/integration/test_campfire_example_smoke.gd:57)
[GdPAI | debug] GetCost: callable returned non-numeric value: null; returning INFINITY
WARNING: [GdPAI] ObjectRef(124621163998): object was freed before callback; returning Nil.
   at: gdplanningai_rust::logger::process_logs (src\logger.rs:66)
   GDScript backtrace (most recent call first):
       [0] _process (res://addons/GdPlanningAI/gdpai_autoload.gd:21)
WARNING: [GdPAI] ObjectRef(125510356497): object was freed before callback; returning Nil.
   at: gdplanningai_rust::logger::process_logs (src\logger.rs:66)
   GDScript backtrace (most recent call first):
       [0] _process (res://addons/GdPlanningAI/gdpai_autoload.gd:21)
WARNING: [GdPAI] ObjectRef(125510356497): object was freed before callback; returning Nil.
   at: gdplanningai_rust::logger::process_logs (src\logger.rs:66)
   GDScript backtrace (most recent call first):
       [0] _process (res://addons/GdPlanningAI/gdpai_autoload.gd:21)
[GdPAI | debug] ApplyEffect [Before] ID=InstanceId(-9223371350414977587): agent props = {"held_item": "", "hunger": 70.0627442063492, "at_target": null, "entity": null}
[GdPAI | debug] ApplyEffect [After] ID=InstanceId(-9223371350414977587): agent props = {"held_item": "", "hunger": 70.0627442063492, "at_target": null, "entity": null}
[GdPAI | debug]   Snapshotting prop: held_item = Str("") (Variant type: STRING)
[GdPAI | debug]   Snapshotting prop: hunger = Float(70.0627442063492) (Variant type: FLOAT)
[GdPAI | debug]   Snapshotting prop: at_target = Nil (Variant type: NIL)
[GdPAI | debug]   Snapshotting prop: entity = Nil (Variant type: NIL)
WARNING: [GdPAI] ObjectRef(124621163998): object was freed before callback; returning Nil.
   at: gdplanningai_rust::logger::process_logs (src\logger.rs:66)
   GDScript backtrace (most recent call first):
       [0] _start_plan_and_wait (res://test/integration/test_campfire_example_smoke.gd:57)
WARNING: [GdPAI] ObjectRef(124134624705): object was freed before callback; returning Nil.
   at: gdplanningai_rust::logger::process_logs (src\logger.rs:66)
   GDScript backtrace (most recent call first):
       [0] _start_plan_and_wait (res://test/integration/test_campfire_example_smoke.gd:57)
WARNING: [GdPAI] ObjectRef(124134624705): object was freed before callback; returning Nil.
   at: gdplanningai_rust::logger::process_logs (src\logger.rs:66)
   GDScript backtrace (most recent call first):
       [0] _start_plan_and_wait (res://test/integration/test_campfire_example_smoke.gd:57)
[GdPAI | debug] GetCost: callable returned non-numeric value: null; returning INFINITY
WARNING: [GdPAI] ObjectRef(124621163998): object was freed before callback; returning Nil.
   at: gdplanningai_rust::logger::process_logs (src\logger.rs:66)
   GDScript backtrace (most recent call first):
       [0] _process (res://addons/GdPlanningAI/gdpai_autoload.gd:21)
WARNING: [GdPAI] ObjectRef(124134624705): object was freed before callback; returning Nil.
   at: gdplanningai_rust::logger::process_logs (src\logger.rs:66)
   GDScript backtrace (most recent call first):
       [0] _process (res://addons/GdPlanningAI/gdpai_autoload.gd:21)
WARNING: [GdPAI] ObjectRef(124134624705): object was freed before callback; returning Nil.
   at: gdplanningai_rust::logger::process_logs (src\logger.rs:66)
   GDScript backtrace (most recent call first):
       [0] _process (res://addons/GdPlanningAI/gdpai_autoload.gd:21)
[GdPAI | debug] ApplyEffect [Before] ID=InstanceId(-9223371348955359770): agent props = {"at_target": null, "hunger": 70.0627442063492, "entity": null, "held_item": ""}
[GdPAI | debug] ApplyEffect [After] ID=InstanceId(-9223371348955359770): agent props = {"at_target": null, "hunger": 70.0627442063492, "entity": null, "held_item": ""}
[GdPAI | debug]   Snapshotting prop: at_target = Nil (Variant type: NIL)
[GdPAI | debug]   Snapshotting prop: hunger = Float(70.0627442063492) (Variant type: FLOAT)
[GdPAI | debug]   Snapshotting prop: entity = Nil (Variant type: NIL)
[GdPAI | debug]   Snapshotting prop: held_item = Str("") (Variant type: STRING)
WARNING: [GdPAI] ObjectRef(124621163998): object was freed before callback; returning Nil.
   at: gdplanningai_rust::logger::process_logs (src\logger.rs:66)
   GDScript backtrace (most recent call first):
       [0] _start_plan_and_wait (res://test/integration/test_campfire_example_smoke.gd:57)
WARNING: [GdPAI] ObjectRef(124134624705): object was freed before callback; returning Nil.
   at: gdplanningai_rust::logger::process_logs (src\logger.rs:66)
   GDScript backtrace (most recent call first):
       [0] _start_plan_and_wait (res://test/integration/test_campfire_example_smoke.gd:57)
WARNING: [GdPAI] ObjectRef(124134624705): object was freed before callback; returning Nil.
   at: gdplanningai_rust::logger::process_logs (src\logger.rs:66)
   GDScript backtrace (most recent call first):
       [0] _start_plan_and_wait (res://test/integration/test_campfire_example_smoke.gd:57)
[GdPAI | debug] GetCost: callable returned non-numeric value: null; returning INFINITY
WARNING: [GdPAI] ObjectRef(124621163998): object was freed before callback; returning Nil.
   at: gdplanningai_rust::logger::process_logs (src\logger.rs:66)
   GDScript backtrace (most recent call first):
       [0] _process (res://addons/GdPlanningAI/gdpai_autoload.gd:21)
WARNING: [GdPAI] ObjectRef(124134624705): object was freed before callback; returning Nil.
   at: gdplanningai_rust::logger::process_logs (src\logger.rs:66)
   GDScript backtrace (most recent call first):
       [0] _process (res://addons/GdPlanningAI/gdpai_autoload.gd:21)
WARNING: [GdPAI] ObjectRef(124134624705): object was freed before callback; returning Nil.
   at: gdplanningai_rust::logger::process_logs (src\logger.rs:66)
   GDScript backtrace (most recent call first):
       [0] _process (res://addons/GdPlanningAI/gdpai_autoload.gd:21)
[GdPAI | debug] ApplyEffect [Before] ID=InstanceId(-9223371347495741954): agent props = {"held_item": "", "entity": null, "hunger": 70.0627442063492, "at_target": null}
[GdPAI | debug] ApplyEffect [After] ID=InstanceId(-9223371347495741954): agent props = {"held_item": "", "entity": null, "hunger": 70.0627442063492, "at_target": null}
[GdPAI | debug]   Snapshotting prop: held_item = Str("") (Variant type: STRING)
[GdPAI | debug]   Snapshotting prop: entity = Nil (Variant type: NIL)
[GdPAI | debug]   Snapshotting prop: hunger = Float(70.0627442063492) (Variant type: FLOAT)
[GdPAI | debug]   Snapshotting prop: at_target = Nil (Variant type: NIL)
WARNING: [GdPAI] ObjectRef(124621163998): object was freed before callback; returning Nil.
   at: gdplanningai_rust::logger::process_logs (src\logger.rs:66)
   GDScript backtrace (most recent call first):
       [0] _start_plan_and_wait (res://test/integration/test_campfire_example_smoke.gd:57)
[GdPAI | debug] GetCost: callable returned non-numeric value: null; returning INFINITY
WARNING: [GdPAI] ObjectRef(124621163998): object was freed before callback; returning Nil.
   at: gdplanningai_rust::logger::process_logs (src\logger.rs:66)
   GDScript backtrace (most recent call first):
       [0] _process (res://addons/GdPlanningAI/gdpai_autoload.gd:21)
[GdPAI | debug] ApplyEffect [Before] ID=InstanceId(-9223371346136787510): agent props = {"at_target": null, "held_item": "wood", "hunger": 70.0627442063492, "entity": null}
[GdPAI | debug] ApplyEffect [After] ID=InstanceId(-9223371346136787510): agent props = {"at_target": null, "held_item": "wood", "hunger": 70.0627442063492, "entity": null}
[GdPAI | debug]   Snapshotting prop: at_target = Nil (Variant type: NIL)
[GdPAI | debug]   Snapshotting prop: held_item = Str("wood") (Variant type: STRING)
[GdPAI | debug]   Snapshotting prop: hunger = Float(70.0627442063492) (Variant type: FLOAT)
[GdPAI | debug]   Snapshotting prop: entity = Nil (Variant type: NIL)
WARNING: [GdPAI] ObjectRef(124621163998): object was freed before callback; returning Nil.
   at: gdplanningai_rust::logger::process_logs (src\logger.rs:66)
   GDScript backtrace (most recent call first):
       [0] _start_plan_and_wait (res://test/integration/test_campfire_example_smoke.gd:57)
WARNING: [GdPAI] ObjectRef(124621163998): object was freed before callback; returning Nil.
   at: gdplanningai_rust::logger::process_logs (src\logger.rs:66)
   GDScript backtrace (most recent call first):
       [0] _start_plan_and_wait (res://test/integration/test_campfire_example_smoke.gd:57)
[GdPAI | debug] GetCost: callable returned non-numeric value: null; returning INFINITY
WARNING: [GdPAI] ObjectRef(124621163998): object was freed before callback; returning Nil.
   at: gdplanningai_rust::logger::process_logs (src\logger.rs:66)
   GDScript backtrace (most recent call first):
       [0] _process (res://addons/GdPlanningAI/gdpai_autoload.gd:21)
WARNING: [GdPAI] ObjectRef(124621163998): object was freed before callback; returning Nil.
   at: gdplanningai_rust::logger::process_logs (src\logger.rs:66)
   GDScript backtrace (most recent call first):
       [0] _process (res://addons/GdPlanningAI/gdpai_autoload.gd:21)
[GdPAI | debug] ApplyEffect [Before] ID=InstanceId(-9223371344828164564): agent props = {"entity": null, "hunger": 70.0627442063492, "held_item": ""}
[GdPAI | debug] ApplyEffect [After] ID=InstanceId(-9223371344828164564): agent props = {"entity": null, "hunger": 70.0627442063492, "held_item": ""}
[GdPAI | debug]   Snapshotting prop: entity = Nil (Variant type: NIL)
[GdPAI | debug]   Snapshotting prop: hunger = Float(70.0627442063492) (Variant type: FLOAT)
[GdPAI | debug]   Snapshotting prop: held_item = Str("") (Variant type: STRING)
WARNING: [GdPAI] ObjectRef(124621163998): object was freed before callback; returning Nil.
   at: gdplanningai_rust::logger::process_logs (src\logger.rs:66)
   GDScript backtrace (most recent call first):
       [0] _start_plan_and_wait (res://test/integration/test_campfire_example_smoke.gd:57)
[GdPAI | debug] GetCost: callable returned non-numeric value: null; returning INFINITY
WARNING: [GdPAI] ObjectRef(124621163998): object was freed before callback; returning Nil.
   at: gdplanningai_rust::logger::process_logs (src\logger.rs:66)
   GDScript backtrace (most recent call first):
       [0] _process (res://addons/GdPlanningAI/gdpai_autoload.gd:21)
[GdPAI | debug] ApplyEffect [Before] ID=InstanceId(-9223371343519541785): agent props = {"held_item": "", "hunger": 70.0627442063492, "entity": null}
[GdPAI | debug] ApplyEffect [After] ID=InstanceId(-9223371343519541785): agent props = {"held_item": "", "hunger": 70.0627442063492, "entity": null}
[GdPAI | debug]   Snapshotting prop: held_item = Str("") (Variant type: STRING)
[GdPAI | debug]   Snapshotting prop: hunger = Float(70.0627442063492) (Variant type: FLOAT)
[GdPAI | debug]   Snapshotting prop: entity = Nil (Variant type: NIL)
WARNING: [GdPAI] ObjectRef(124621163998): object was freed before callback; returning Nil.
   at: gdplanningai_rust::logger::process_logs (src\logger.rs:66)
   GDScript backtrace (most recent call first):
       [0] _start_plan_and_wait (res://test/integration/test_campfire_example_smoke.gd:57)
WARNING: [GdPAI] ObjectRef(124134624705): object was freed before callback; returning Nil.
   at: gdplanningai_rust::logger::process_logs (src\logger.rs:66)
   GDScript backtrace (most recent call first):
       [0] _start_plan_and_wait (res://test/integration/test_campfire_example_smoke.gd:57)
WARNING: [GdPAI] ObjectRef(124134624705): object was freed before callback; returning Nil.
   at: gdplanningai_rust::logger::process_logs (src\logger.rs:66)
   GDScript backtrace (most recent call first):
       [0] _start_plan_and_wait (res://test/integration/test_campfire_example_smoke.gd:57)
[GdPAI | debug] GetCost: callable returned non-numeric value: null; returning INFINITY
WARNING: [GdPAI] ObjectRef(124621163998): object was freed before callback; returning Nil.
   at: gdplanningai_rust::logger::process_logs (src\logger.rs:66)
   GDScript backtrace (most recent call first):
       [0] _process (res://addons/GdPlanningAI/gdpai_autoload.gd:21)
WARNING: [GdPAI] ObjectRef(124134624705): object was freed before callback; returning Nil.
   at: gdplanningai_rust::logger::process_logs (src\logger.rs:66)
   GDScript backtrace (most recent call first):
       [0] _process (res://addons/GdPlanningAI/gdpai_autoload.gd:21)
WARNING: [GdPAI] ObjectRef(124134624705): object was freed before callback; returning Nil.
   at: gdplanningai_rust::logger::process_logs (src\logger.rs:66)
   GDScript backtrace (most recent call first):
       [0] _process (res://addons/GdPlanningAI/gdpai_autoload.gd:21)
[GdPAI | debug] ApplyEffect [Before] ID=InstanceId(-9223371342160587228): agent props = {"entity": null, "hunger": 70.0627442063492, "at_target": null, "held_item": ""}
[GdPAI | debug] ApplyEffect [After] ID=InstanceId(-9223371342160587228): agent props = {"entity": null, "hunger": 70.0627442063492, "at_target": null, "held_item": ""}
[GdPAI | debug]   Snapshotting prop: entity = Nil (Variant type: NIL)
[GdPAI | debug]   Snapshotting prop: hunger = Float(70.0627442063492) (Variant type: FLOAT)
[GdPAI | debug]   Snapshotting prop: at_target = Nil (Variant type: NIL)
[GdPAI | debug]   Snapshotting prop: held_item = Str("") (Variant type: STRING)
WARNING: [GdPAI] ObjectRef(124621163998): object was freed before callback; returning Nil.
   at: gdplanningai_rust::logger::process_logs (src\logger.rs:66)
   GDScript backtrace (most recent call first):
       [0] _start_plan_and_wait (res://test/integration/test_campfire_example_smoke.gd:57)
WARNING: [GdPAI] ObjectRef(124134624705): object was freed before callback; returning Nil.
   at: gdplanningai_rust::logger::process_logs (src\logger.rs:66)
   GDScript backtrace (most recent call first):
       [0] _start_plan_and_wait (res://test/integration/test_campfire_example_smoke.gd:57)
WARNING: [GdPAI] ObjectRef(124134624705): object was freed before callback; returning Nil.
   at: gdplanningai_rust::logger::process_logs (src\logger.rs:66)
   GDScript backtrace (most recent call first):
       [0] _start_plan_and_wait (res://test/integration/test_campfire_example_smoke.gd:57)
[GdPAI | debug] GetCost: callable returned non-numeric value: null; returning INFINITY
WARNING: [GdPAI] ObjectRef(124621163998): object was freed before callback; returning Nil.
   at: gdplanningai_rust::logger::process_logs (src\logger.rs:66)
   GDScript backtrace (most recent call first):
       [0] _process (res://addons/GdPlanningAI/gdpai_autoload.gd:21)
WARNING: [GdPAI] ObjectRef(124134624705): object was freed before callback; returning Nil.
   at: gdplanningai_rust::logger::process_logs (src\logger.rs:66)
   GDScript backtrace (most recent call first):
       [0] _process (res://addons/GdPlanningAI/gdpai_autoload.gd:21)
WARNING: [GdPAI] ObjectRef(124134624705): object was freed before callback; returning Nil.
   at: gdplanningai_rust::logger::process_logs (src\logger.rs:66)
   GDScript backtrace (most recent call first):
       [0] _process (res://addons/GdPlanningAI/gdpai_autoload.gd:21)
[GdPAI | debug] ApplyEffect [Before] ID=InstanceId(-9223371340700969400): agent props = {"hunger": 70.0627442063492, "at_target": null, "held_item": "", "entity": null}
[GdPAI | debug] ApplyEffect [After] ID=InstanceId(-9223371340700969400): agent props = {"hunger": 70.0627442063492, "at_target": null, "held_item": "", "entity": null}
[GdPAI | debug]   Snapshotting prop: hunger = Float(70.0627442063492) (Variant type: FLOAT)
[GdPAI | debug]   Snapshotting prop: at_target = Nil (Variant type: NIL)
[GdPAI | debug]   Snapshotting prop: held_item = Str("") (Variant type: STRING)
[GdPAI | debug]   Snapshotting prop: entity = Nil (Variant type: NIL)
WARNING: [GdPAI] ObjectRef(124621163998): object was freed before callback; returning Nil.
   at: gdplanningai_rust::logger::process_logs (src\logger.rs:66)
   GDScript backtrace (most recent call first):
       [0] _start_plan_and_wait (res://test/integration/test_campfire_example_smoke.gd:57)
[GdPAI | debug] GetCost: callable returned non-numeric value: null; returning INFINITY
WARNING: [GdPAI] ObjectRef(124621163998): object was freed before callback; returning Nil.
   at: gdplanningai_rust::logger::process_logs (src\logger.rs:66)
   GDScript backtrace (most recent call first):
       [0] _process (res://addons/GdPlanningAI/gdpai_autoload.gd:21)
[GdPAI | debug] ApplyEffect [Before] ID=InstanceId(-9223371339342014903): agent props = {"at_target": null, "entity": null, "held_item": "wood", "hunger": 70.0627442063492}
[GdPAI | debug] ApplyEffect [After] ID=InstanceId(-9223371339342014903): agent props = {"at_target": null, "entity": null, "held_item": "wood", "hunger": 70.0627442063492}
[GdPAI | debug]   Snapshotting prop: at_target = Nil (Variant type: NIL)
[GdPAI | debug]   Snapshotting prop: entity = Nil (Variant type: NIL)
[GdPAI | debug]   Snapshotting prop: held_item = Str("wood") (Variant type: STRING)
[GdPAI | debug]   Snapshotting prop: hunger = Float(70.0627442063492) (Variant type: FLOAT)
[GdPAI | debug] Numeric comparison: 70.0627442063492 GreaterThan 0 -> true
WARNING: [GdPAI] ObjectRef(124621163998): object was freed before callback; returning Nil.
   at: gdplanningai_rust::logger::process_logs (src\logger.rs:66)
   GDScript backtrace (most recent call first):
       [0] _start_plan_and_wait (res://test/integration/test_campfire_example_smoke.gd:57)
WARNING: [GdPAI] ObjectRef(124621163998): object was freed before callback; returning Nil.
   at: gdplanningai_rust::logger::process_logs (src\logger.rs:66)
   GDScript backtrace (most recent call first):
       [0] _start_plan_and_wait (res://test/integration/test_campfire_example_smoke.gd:57)
WARNING: [GdPAI] ObjectRef(125510356497): object was freed before callback; returning Nil.
   at: gdplanningai_rust::logger::process_logs (src\logger.rs:66)
   GDScript backtrace (most recent call first):
       [0] _start_plan_and_wait (res://test/integration/test_campfire_example_smoke.gd:57)
WARNING: [GdPAI] ObjectRef(125510356497): object was freed before callback; returning Nil.
   at: gdplanningai_rust::logger::process_logs (src\logger.rs:66)
   GDScript backtrace (most recent call first):
       [0] _start_plan_and_wait (res://test/integration/test_campfire_example_smoke.gd:57)
[GdPAI | debug] GetCost: callable returned non-numeric value: null; returning INFINITY
WARNING: [GdPAI] ObjectRef(124621163998): object was freed before callback; returning Nil.
   at: gdplanningai_rust::logger::process_logs (src\logger.rs:66)
   GDScript backtrace (most recent call first):
       [0] _process (res://addons/GdPlanningAI/gdpai_autoload.gd:21)
WARNING: [GdPAI] ObjectRef(124621163998): object was freed before callback; returning Nil.
   at: gdplanningai_rust::logger::process_logs (src\logger.rs:66)
   GDScript backtrace (most recent call first):
       [0] _process (res://addons/GdPlanningAI/gdpai_autoload.gd:21)
WARNING: [GdPAI] ObjectRef(125510356497): object was freed before callback; returning Nil.
   at: gdplanningai_rust::logger::process_logs (src\logger.rs:66)
   GDScript backtrace (most recent call first):
       [0] _process (res://addons/GdPlanningAI/gdpai_autoload.gd:21)
WARNING: [GdPAI] ObjectRef(125510356497): object was freed before callback; returning Nil.
   at: gdplanningai_rust::logger::process_logs (src\logger.rs:66)
   GDScript backtrace (most recent call first):
       [0] _process (res://addons/GdPlanningAI/gdpai_autoload.gd:21)
[GdPAI | debug] ApplyEffect [Before] ID=InstanceId(-9223371337932728818): agent props = {"entity": null, "held_item": "", "hunger": 70.0627442063492, "at_target": null}
[GdPAI | debug] ApplyEffect [After] ID=InstanceId(-9223371337932728818): agent props = {"entity": null, "held_item": "", "hunger": 70.0627442063492, "at_target": null}
[GdPAI | debug]   Snapshotting prop: entity = Nil (Variant type: NIL)
[GdPAI | debug]   Snapshotting prop: held_item = Str("") (Variant type: STRING)
[GdPAI | debug]   Snapshotting prop: hunger = Float(70.0627442063492) (Variant type: FLOAT)
[GdPAI | debug]   Snapshotting prop: at_target = Nil (Variant type: NIL)
WARNING: [GdPAI] ObjectRef(124621163998): object was freed before callback; returning Nil.
   at: gdplanningai_rust::logger::process_logs (src\logger.rs:66)
   GDScript backtrace (most recent call first):
       [0] _start_plan_and_wait (res://test/integration/test_campfire_example_smoke.gd:57)
WARNING: [GdPAI] ObjectRef(125510356497): object was freed before callback; returning Nil.
   at: gdplanningai_rust::logger::process_logs (src\logger.rs:66)
   GDScript backtrace (most recent call first):
       [0] _start_plan_and_wait (res://test/integration/test_campfire_example_smoke.gd:57)
WARNING: [GdPAI] ObjectRef(125510356497): object was freed before callback; returning Nil.
   at: gdplanningai_rust::logger::process_logs (src\logger.rs:66)
   GDScript backtrace (most recent call first):
       [0] _start_plan_and_wait (res://test/integration/test_campfire_example_smoke.gd:57)
[GdPAI | debug] GetCost: callable returned non-numeric value: null; returning INFINITY
WARNING: [GdPAI] ObjectRef(124621163998): object was freed before callback; returning Nil.
   at: gdplanningai_rust::logger::process_logs (src\logger.rs:66)
   GDScript backtrace (most recent call first):
       [0] _process (res://addons/GdPlanningAI/gdpai_autoload.gd:21)
WARNING: [GdPAI] ObjectRef(125510356497): object was freed before callback; returning Nil.
   at: gdplanningai_rust::logger::process_logs (src\logger.rs:66)
   GDScript backtrace (most recent call first):
       [0] _process (res://addons/GdPlanningAI/gdpai_autoload.gd:21)
WARNING: [GdPAI] ObjectRef(125510356497): object was freed before callback; returning Nil.
   at: gdplanningai_rust::logger::process_logs (src\logger.rs:66)
   GDScript backtrace (most recent call first):
       [0] _process (res://addons/GdPlanningAI/gdpai_autoload.gd:21)
[GdPAI | debug] ApplyEffect [Before] ID=InstanceId(-9223371336422779283): agent props = {"entity": null, "hunger": 70.0627442063492, "held_item": "", "at_target": null}
[GdPAI | debug] ApplyEffect [After] ID=InstanceId(-9223371336422779283): agent props = {"entity": null, "hunger": 70.0627442063492, "held_item": "", "at_target": null}
[GdPAI | debug]   Snapshotting prop: entity = Nil (Variant type: NIL)
[GdPAI | debug]   Snapshotting prop: hunger = Float(70.0627442063492) (Variant type: FLOAT)
[GdPAI | debug]   Snapshotting prop: held_item = Str("") (Variant type: STRING)
[GdPAI | debug]   Snapshotting prop: at_target = Nil (Variant type: NIL)
WARNING: [GdPAI] ObjectRef(124621163998): object was freed before callback; returning Nil.
   at: gdplanningai_rust::logger::process_logs (src\logger.rs:66)
   GDScript backtrace (most recent call first):
       [0] _start_plan_and_wait (res://test/integration/test_campfire_example_smoke.gd:57)
WARNING: [GdPAI] ObjectRef(124134624705): object was freed before callback; returning Nil.
   at: gdplanningai_rust::logger::process_logs (src\logger.rs:66)
   GDScript backtrace (most recent call first):
       [0] _start_plan_and_wait (res://test/integration/test_campfire_example_smoke.gd:57)
WARNING: [GdPAI] ObjectRef(124134624705): object was freed before callback; returning Nil.
   at: gdplanningai_rust::logger::process_logs (src\logger.rs:66)
   GDScript backtrace (most recent call first):
       [0] _start_plan_and_wait (res://test/integration/test_campfire_example_smoke.gd:57)
[GdPAI | debug] GetCost: callable returned non-numeric value: null; returning INFINITY
WARNING: [GdPAI] ObjectRef(124621163998): object was freed before callback; returning Nil.
   at: gdplanningai_rust::logger::process_logs (src\logger.rs:66)
   GDScript backtrace (most recent call first):
       [0] _process (res://addons/GdPlanningAI/gdpai_autoload.gd:21)
WARNING: [GdPAI] ObjectRef(124134624705): object was freed before callback; returning Nil.
   at: gdplanningai_rust::logger::process_logs (src\logger.rs:66)
   GDScript backtrace (most recent call first):
       [0] _process (res://addons/GdPlanningAI/gdpai_autoload.gd:21)
WARNING: [GdPAI] ObjectRef(124134624705): object was freed before callback; returning Nil.
   at: gdplanningai_rust::logger::process_logs (src\logger.rs:66)
   GDScript backtrace (most recent call first):
       [0] _process (res://addons/GdPlanningAI/gdpai_autoload.gd:21)
[GdPAI | debug] ApplyEffect [Before] ID=InstanceId(-9223371334963161480): agent props = {"held_item": "", "entity": null, "hunger": 70.0627442063492, "at_target": null}
[GdPAI | debug] ApplyEffect [After] ID=InstanceId(-9223371334963161480): agent props = {"held_item": "", "entity": null, "hunger": 70.0627442063492, "at_target": null}
[GdPAI | debug]   Snapshotting prop: held_item = Str("") (Variant type: STRING)
[GdPAI | debug]   Snapshotting prop: entity = Nil (Variant type: NIL)
[GdPAI | debug]   Snapshotting prop: hunger = Float(70.0627442063492) (Variant type: FLOAT)
[GdPAI | debug]   Snapshotting prop: at_target = Nil (Variant type: NIL)
WARNING: [GdPAI] ObjectRef(124621163998): object was freed before callback; returning Nil.
   at: gdplanningai_rust::logger::process_logs (src\logger.rs:66)
   GDScript backtrace (most recent call first):
       [0] _start_plan_and_wait (res://test/integration/test_campfire_example_smoke.gd:57)
WARNING: [GdPAI] ObjectRef(124134624705): object was freed before callback; returning Nil.
   at: gdplanningai_rust::logger::process_logs (src\logger.rs:66)
   GDScript backtrace (most recent call first):
       [0] _start_plan_and_wait (res://test/integration/test_campfire_example_smoke.gd:57)
WARNING: [GdPAI] ObjectRef(124134624705): object was freed before callback; returning Nil.
   at: gdplanningai_rust::logger::process_logs (src\logger.rs:66)
   GDScript backtrace (most recent call first):
       [0] _start_plan_and_wait (res://test/integration/test_campfire_example_smoke.gd:57)
[GdPAI | debug] GetCost: callable returned non-numeric value: null; returning INFINITY
WARNING: [GdPAI] ObjectRef(124621163998): object was freed before callback; returning Nil.
   at: gdplanningai_rust::logger::process_logs (src\logger.rs:66)
   GDScript backtrace (most recent call first):
       [0] _process (res://addons/GdPlanningAI/gdpai_autoload.gd:21)
WARNING: [GdPAI] ObjectRef(124134624705): object was freed before callback; returning Nil.
   at: gdplanningai_rust::logger::process_logs (src\logger.rs:66)
   GDScript backtrace (most recent call first):
       [0] _process (res://addons/GdPlanningAI/gdpai_autoload.gd:21)
WARNING: [GdPAI] ObjectRef(124134624705): object was freed before callback; returning Nil.
   at: gdplanningai_rust::logger::process_logs (src\logger.rs:66)
   GDScript backtrace (most recent call first):
       [0] _process (res://addons/GdPlanningAI/gdpai_autoload.gd:21)
[GdPAI | debug] ApplyEffect [Before] ID=InstanceId(-9223371333503543659): agent props = {"hunger": 70.0627442063492, "held_item": "", "at_target": null, "entity": null}
[GdPAI | debug] ApplyEffect [After] ID=InstanceId(-9223371333503543659): agent props = {"hunger": 70.0627442063492, "held_item": "", "at_target": null, "entity": null}
[GdPAI | debug]   Snapshotting prop: hunger = Float(70.0627442063492) (Variant type: FLOAT)
[GdPAI | debug]   Snapshotting prop: held_item = Str("") (Variant type: STRING)
[GdPAI | debug]   Snapshotting prop: at_target = Nil (Variant type: NIL)
[GdPAI | debug]   Snapshotting prop: entity = Nil (Variant type: NIL)
WARNING: [GdPAI] ObjectRef(124621163998): object was freed before callback; returning Nil.
   at: gdplanningai_rust::logger::process_logs (src\logger.rs:66)
   GDScript backtrace (most recent call first):
       [0] _start_plan_and_wait (res://test/integration/test_campfire_example_smoke.gd:57)
[GdPAI | debug] GetCost: callable returned non-numeric value: null; returning INFINITY
WARNING: [GdPAI] ObjectRef(124621163998): object was freed before callback; returning Nil.
   at: gdplanningai_rust::logger::process_logs (src\logger.rs:66)
   GDScript backtrace (most recent call first):
       [0] _process (res://addons/GdPlanningAI/gdpai_autoload.gd:21)
[GdPAI | debug] ApplyEffect [Before] ID=InstanceId(-9223371332144589211): agent props = {"entity": null, "at_target": null, "held_item": "wood", "hunger": 70.0627442063492}
[GdPAI | debug] ApplyEffect [After] ID=InstanceId(-9223371332144589211): agent props = {"entity": null, "at_target": null, "held_item": "wood", "hunger": 70.0627442063492}
[GdPAI | debug]   Snapshotting prop: entity = Nil (Variant type: NIL)
[GdPAI | debug]   Snapshotting prop: at_target = Nil (Variant type: NIL)
[GdPAI | debug]   Snapshotting prop: held_item = Str("wood") (Variant type: STRING)
[GdPAI | debug]   Snapshotting prop: hunger = Float(70.0627442063492) (Variant type: FLOAT)
WARNING: [GdPAI] ObjectRef(124621163998): object was freed before callback; returning Nil.
   at: gdplanningai_rust::logger::process_logs (src\logger.rs:66)
   GDScript backtrace (most recent call first):
       [0] _start_plan_and_wait (res://test/integration/test_campfire_example_smoke.gd:57)
WARNING: [GdPAI] ObjectRef(124621163998): object was freed before callback; returning Nil.
   at: gdplanningai_rust::logger::process_logs (src\logger.rs:66)
   GDScript backtrace (most recent call first):
       [0] _start_plan_and_wait (res://test/integration/test_campfire_example_smoke.gd:57)
[GdPAI | debug] GetCost: callable returned non-numeric value: null; returning INFINITY
WARNING: [GdPAI] ObjectRef(124621163998): object was freed before callback; returning Nil.
   at: gdplanningai_rust::logger::process_logs (src\logger.rs:66)
   GDScript backtrace (most recent call first):
       [0] _process (res://addons/GdPlanningAI/gdpai_autoload.gd:21)
WARNING: [GdPAI] ObjectRef(124621163998): object was freed before callback; returning Nil.
   at: gdplanningai_rust::logger::process_logs (src\logger.rs:66)
   GDScript backtrace (most recent call first):
       [0] _process (res://addons/GdPlanningAI/gdpai_autoload.gd:21)
[GdPAI | debug] ApplyEffect [Before] ID=InstanceId(-9223371330835966273): agent props = {"held_item": "", "hunger": 70.0627442063492, "entity": null}
[GdPAI | debug] ApplyEffect [After] ID=InstanceId(-9223371330835966273): agent props = {"held_item": "", "hunger": 70.0627442063492, "entity": null}
[GdPAI | debug]   Snapshotting prop: held_item = Str("") (Variant type: STRING)
[GdPAI | debug]   Snapshotting prop: hunger = Float(70.0627442063492) (Variant type: FLOAT)
[GdPAI | debug]   Snapshotting prop: entity = Nil (Variant type: NIL)
WARNING: [GdPAI] ObjectRef(124621163998): object was freed before callback; returning Nil.
   at: gdplanningai_rust::logger::process_logs (src\logger.rs:66)
   GDScript backtrace (most recent call first):
       [0] _start_plan_and_wait (res://test/integration/test_campfire_example_smoke.gd:57)
[GdPAI | debug] GetCost: callable returned non-numeric value: null; returning INFINITY
WARNING: [GdPAI] ObjectRef(124621163998): object was freed before callback; returning Nil.
   at: gdplanningai_rust::logger::process_logs (src\logger.rs:66)
   GDScript backtrace (most recent call first):
       [0] _process (res://addons/GdPlanningAI/gdpai_autoload.gd:21)
[GdPAI | debug] ApplyEffect [Before] ID=InstanceId(-9223371329527343439): agent props = {"held_item": "", "hunger": 70.0627442063492, "entity": null}
[GdPAI | debug] ApplyEffect [After] ID=InstanceId(-9223371329527343439): agent props = {"held_item": "", "hunger": 70.0627442063492, "entity": null}
[GdPAI | debug]   Snapshotting prop: held_item = Str("") (Variant type: STRING)
[GdPAI | debug]   Snapshotting prop: hunger = Float(70.0627442063492) (Variant type: FLOAT)
[GdPAI | debug]   Snapshotting prop: entity = Nil (Variant type: NIL)
WARNING: [GdPAI] ObjectRef(124621163998): object was freed before callback; returning Nil.
   at: gdplanningai_rust::logger::process_logs (src\logger.rs:66)
   GDScript backtrace (most recent call first):
       [0] _start_plan_and_wait (res://test/integration/test_campfire_example_smoke.gd:57)
WARNING: [GdPAI] ObjectRef(124134624705): object was freed before callback; returning Nil.
   at: gdplanningai_rust::logger::process_logs (src\logger.rs:66)
   GDScript backtrace (most recent call first):
       [0] _start_plan_and_wait (res://test/integration/test_campfire_example_smoke.gd:57)
WARNING: [GdPAI] ObjectRef(124134624705): object was freed before callback; returning Nil.
   at: gdplanningai_rust::logger::process_logs (src\logger.rs:66)
   GDScript backtrace (most recent call first):
       [0] _start_plan_and_wait (res://test/integration/test_campfire_example_smoke.gd:57)
[GdPAI | debug] GetCost: callable returned non-numeric value: null; returning INFINITY
WARNING: [GdPAI] ObjectRef(124621163998): object was freed before callback; returning Nil.
   at: gdplanningai_rust::logger::process_logs (src\logger.rs:66)
   GDScript backtrace (most recent call first):
       [0] _process (res://addons/GdPlanningAI/gdpai_autoload.gd:21)
WARNING: [GdPAI] ObjectRef(124134624705): object was freed before callback; returning Nil.
   at: gdplanningai_rust::logger::process_logs (src\logger.rs:66)
   GDScript backtrace (most recent call first):
       [0] _process (res://addons/GdPlanningAI/gdpai_autoload.gd:21)
WARNING: [GdPAI] ObjectRef(124134624705): object was freed before callback; returning Nil.
   at: gdplanningai_rust::logger::process_logs (src\logger.rs:66)
   GDScript backtrace (most recent call first):
       [0] _process (res://addons/GdPlanningAI/gdpai_autoload.gd:21)
[GdPAI | debug] ApplyEffect [Before] ID=InstanceId(-9223371328168388916): agent props = {"entity": null, "hunger": 70.0627442063492, "held_item": "", "at_target": null}
[GdPAI | debug] ApplyEffect [After] ID=InstanceId(-9223371328168388916): agent props = {"entity": null, "hunger": 70.0627442063492, "held_item": "", "at_target": null}
[GdPAI | debug]   Snapshotting prop: entity = Nil (Variant type: NIL)
[GdPAI | debug]   Snapshotting prop: hunger = Float(70.0627442063492) (Variant type: FLOAT)
[GdPAI | debug]   Snapshotting prop: held_item = Str("") (Variant type: STRING)
[GdPAI | debug]   Snapshotting prop: at_target = Nil (Variant type: NIL)
WARNING: [GdPAI] ObjectRef(124621163998): object was freed before callback; returning Nil.
   at: gdplanningai_rust::logger::process_logs (src\logger.rs:66)
   GDScript backtrace (most recent call first):
       [0] _start_plan_and_wait (res://test/integration/test_campfire_example_smoke.gd:57)
WARNING: [GdPAI] ObjectRef(124134624705): object was freed before callback; returning Nil.
   at: gdplanningai_rust::logger::process_logs (src\logger.rs:66)
   GDScript backtrace (most recent call first):
       [0] _start_plan_and_wait (res://test/integration/test_campfire_example_smoke.gd:57)
WARNING: [GdPAI] ObjectRef(124134624705): object was freed before callback; returning Nil.
   at: gdplanningai_rust::logger::process_logs (src\logger.rs:66)
   GDScript backtrace (most recent call first):
       [0] _start_plan_and_wait (res://test/integration/test_campfire_example_smoke.gd:57)
[GdPAI | debug] GetCost: callable returned non-numeric value: null; returning INFINITY
WARNING: [GdPAI] ObjectRef(124621163998): object was freed before callback; returning Nil.
   at: gdplanningai_rust::logger::process_logs (src\logger.rs:66)
   GDScript backtrace (most recent call first):
       [0] _process (res://addons/GdPlanningAI/gdpai_autoload.gd:21)
WARNING: [GdPAI] ObjectRef(124134624705): object was freed before callback; returning Nil.
   at: gdplanningai_rust::logger::process_logs (src\logger.rs:66)
   GDScript backtrace (most recent call first):
       [0] _process (res://addons/GdPlanningAI/gdpai_autoload.gd:21)
WARNING: [GdPAI] ObjectRef(124134624705): object was freed before callback; returning Nil.
   at: gdplanningai_rust::logger::process_logs (src\logger.rs:66)
   GDScript backtrace (most recent call first):
       [0] _process (res://addons/GdPlanningAI/gdpai_autoload.gd:21)
[GdPAI | debug] ApplyEffect [Before] ID=InstanceId(-9223371326708771109): agent props = {"at_target": null, "held_item": "", "hunger": 70.0627442063492, "entity": null}
[GdPAI | debug] ApplyEffect [After] ID=InstanceId(-9223371326708771109): agent props = {"at_target": null, "held_item": "", "hunger": 70.0627442063492, "entity": null}
[GdPAI | debug]   Snapshotting prop: at_target = Nil (Variant type: NIL)
[GdPAI | debug]   Snapshotting prop: held_item = Str("") (Variant type: STRING)
[GdPAI | debug]   Snapshotting prop: hunger = Float(70.0627442063492) (Variant type: FLOAT)
[GdPAI | debug]   Snapshotting prop: entity = Nil (Variant type: NIL)
WARNING: [GdPAI] ObjectRef(124621163998): object was freed before callback; returning Nil.
   at: gdplanningai_rust::logger::process_logs (src\logger.rs:66)
   GDScript backtrace (most recent call first):
       [0] _start_plan_and_wait (res://test/integration/test_campfire_example_smoke.gd:57)
[GdPAI | debug] GetCost: callable returned non-numeric value: null; returning INFINITY
WARNING: [GdPAI] ObjectRef(124621163998): object was freed before callback; returning Nil.
   at: gdplanningai_rust::logger::process_logs (src\logger.rs:66)
   GDScript backtrace (most recent call first):
       [0] _process (res://addons/GdPlanningAI/gdpai_autoload.gd:21)
[GdPAI | debug] ApplyEffect [Before] ID=InstanceId(-9223371325349816600): agent props = {"hunger": 70.0627442063492, "at_target": null, "entity": null, "held_item": "wood"}
[GdPAI | debug] ApplyEffect [After] ID=InstanceId(-9223371325349816600): agent props = {"hunger": 70.0627442063492, "at_target": null, "entity": null, "held_item": "wood"}
[GdPAI | debug]   Snapshotting prop: hunger = Float(70.0627442063492) (Variant type: FLOAT)
[GdPAI | debug]   Snapshotting prop: at_target = Nil (Variant type: NIL)
[GdPAI | debug]   Snapshotting prop: entity = Nil (Variant type: NIL)
[GdPAI | debug]   Snapshotting prop: held_item = Str("wood") (Variant type: STRING)
WARNING: [GdPAI] ObjectRef(124621163998): object was freed before callback; returning Nil.
   at: gdplanningai_rust::logger::process_logs (src\logger.rs:66)
   GDScript backtrace (most recent call first):
       [0] _start_plan_and_wait (res://test/integration/test_campfire_example_smoke.gd:57)
WARNING: [GdPAI] ObjectRef(124621163998): object was freed before callback; returning Nil.
   at: gdplanningai_rust::logger::process_logs (src\logger.rs:66)
   GDScript backtrace (most recent call first):
       [0] _start_plan_and_wait (res://test/integration/test_campfire_example_smoke.gd:57)
[GdPAI | debug] GetCost: callable returned non-numeric value: null; returning INFINITY
WARNING: [GdPAI] ObjectRef(124621163998): object was freed before callback; returning Nil.
   at: gdplanningai_rust::logger::process_logs (src\logger.rs:66)
   GDScript backtrace (most recent call first):
       [0] _process (res://addons/GdPlanningAI/gdpai_autoload.gd:21)
WARNING: [GdPAI] ObjectRef(124621163998): object was freed before callback; returning Nil.
   at: gdplanningai_rust::logger::process_logs (src\logger.rs:66)
   GDScript backtrace (most recent call first):
       [0] _process (res://addons/GdPlanningAI/gdpai_autoload.gd:21)
[GdPAI | debug] ApplyEffect [Before] ID=InstanceId(-9223371324041193730): agent props = {"hunger": 70.0627442063492, "entity": null, "held_item": ""}
[GdPAI | debug] ApplyEffect [After] ID=InstanceId(-9223371324041193730): agent props = {"hunger": 70.0627442063492, "entity": null, "held_item": ""}
[GdPAI | debug]   Snapshotting prop: hunger = Float(70.0627442063492) (Variant type: FLOAT)
[GdPAI | debug]   Snapshotting prop: entity = Nil (Variant type: NIL)
[GdPAI | debug]   Snapshotting prop: held_item = Str("") (Variant type: STRING)
WARNING: [GdPAI] ObjectRef(124621163998): object was freed before callback; returning Nil.
   at: gdplanningai_rust::logger::process_logs (src\logger.rs:66)
   GDScript backtrace (most recent call first):
       [0] _start_plan_and_wait (res://test/integration/test_campfire_example_smoke.gd:57)
[GdPAI | debug] GetCost: callable returned non-numeric value: null; returning INFINITY
WARNING: [GdPAI] ObjectRef(124621163998): object was freed before callback; returning Nil.
   at: gdplanningai_rust::logger::process_logs (src\logger.rs:66)
   GDScript backtrace (most recent call first):
       [0] _process (res://addons/GdPlanningAI/gdpai_autoload.gd:21)
[GdPAI | debug] ApplyEffect [Before] ID=InstanceId(-9223371322732570878): agent props = {"held_item": "", "hunger": 70.0627442063492, "entity": null}
[GdPAI | debug] ApplyEffect [After] ID=InstanceId(-9223371322732570878): agent props = {"held_item": "", "hunger": 70.0627442063492, "entity": null}
[GdPAI | debug]   Snapshotting prop: held_item = Str("") (Variant type: STRING)
[GdPAI | debug]   Snapshotting prop: hunger = Float(70.0627442063492) (Variant type: FLOAT)
[GdPAI | debug]   Snapshotting prop: entity = Nil (Variant type: NIL)
WARNING: [GdPAI] ObjectRef(124621163998): object was freed before callback; returning Nil.
   at: gdplanningai_rust::logger::process_logs (src\logger.rs:66)
   GDScript backtrace (most recent call first):
       [0] _start_plan_and_wait (res://test/integration/test_campfire_example_smoke.gd:57)
WARNING: [GdPAI] ObjectRef(124134624705): object was freed before callback; returning Nil.
   at: gdplanningai_rust::logger::process_logs (src\logger.rs:66)
   GDScript backtrace (most recent call first):
       [0] _start_plan_and_wait (res://test/integration/test_campfire_example_smoke.gd:57)
WARNING: [GdPAI] ObjectRef(124134624705): object was freed before callback; returning Nil.
   at: gdplanningai_rust::logger::process_logs (src\logger.rs:66)
   GDScript backtrace (most recent call first):
       [0] _start_plan_and_wait (res://test/integration/test_campfire_example_smoke.gd:57)
[GdPAI | debug] GetCost: callable returned non-numeric value: null; returning INFINITY
WARNING: [GdPAI] ObjectRef(124621163998): object was freed before callback; returning Nil.
   at: gdplanningai_rust::logger::process_logs (src\logger.rs:66)
   GDScript backtrace (most recent call first):
       [0] _process (res://addons/GdPlanningAI/gdpai_autoload.gd:21)
WARNING: [GdPAI] ObjectRef(124134624705): object was freed before callback; returning Nil.
   at: gdplanningai_rust::logger::process_logs (src\logger.rs:66)
   GDScript backtrace (most recent call first):
       [0] _process (res://addons/GdPlanningAI/gdpai_autoload.gd:21)
WARNING: [GdPAI] ObjectRef(124134624705): object was freed before callback; returning Nil.
   at: gdplanningai_rust::logger::process_logs (src\logger.rs:66)
   GDScript backtrace (most recent call first):
       [0] _process (res://addons/GdPlanningAI/gdpai_autoload.gd:21)
[GdPAI | debug] ApplyEffect [Before] ID=InstanceId(-9223371321373616461): agent props = {"hunger": 70.0627442063492, "held_item": "", "entity": null, "at_target": null}
[GdPAI | debug] ApplyEffect [After] ID=InstanceId(-9223371321373616461): agent props = {"hunger": 70.0627442063492, "held_item": "", "entity": null, "at_target": null}
[GdPAI | debug]   Snapshotting prop: hunger = Float(70.0627442063492) (Variant type: FLOAT)
[GdPAI | debug]   Snapshotting prop: held_item = Str("") (Variant type: STRING)
[GdPAI | debug]   Snapshotting prop: entity = Nil (Variant type: NIL)
[GdPAI | debug]   Snapshotting prop: at_target = Nil (Variant type: NIL)
WARNING: [GdPAI] ObjectRef(124621163998): object was freed before callback; returning Nil.
   at: gdplanningai_rust::logger::process_logs (src\logger.rs:66)
   GDScript backtrace (most recent call first):
       [0] _start_plan_and_wait (res://test/integration/test_campfire_example_smoke.gd:57)
WARNING: [GdPAI] ObjectRef(124134624705): object was freed before callback; returning Nil.
   at: gdplanningai_rust::logger::process_logs (src\logger.rs:66)
   GDScript backtrace (most recent call first):
       [0] _start_plan_and_wait (res://test/integration/test_campfire_example_smoke.gd:57)
WARNING: [GdPAI] ObjectRef(124134624705): object was freed before callback; returning Nil.
   at: gdplanningai_rust::logger::process_logs (src\logger.rs:66)
   GDScript backtrace (most recent call first):
       [0] _start_plan_and_wait (res://test/integration/test_campfire_example_smoke.gd:57)
[GdPAI | debug] GetCost: callable returned non-numeric value: null; returning INFINITY
WARNING: [GdPAI] ObjectRef(124621163998): object was freed before callback; returning Nil.
   at: gdplanningai_rust::logger::process_logs (src\logger.rs:66)
   GDScript backtrace (most recent call first):
       [0] _process (res://addons/GdPlanningAI/gdpai_autoload.gd:21)
WARNING: [GdPAI] ObjectRef(124134624705): object was freed before callback; returning Nil.
   at: gdplanningai_rust::logger::process_logs (src\logger.rs:66)
   GDScript backtrace (most recent call first):
       [0] _process (res://addons/GdPlanningAI/gdpai_autoload.gd:21)
WARNING: [GdPAI] ObjectRef(124134624705): object was freed before callback; returning Nil.
   at: gdplanningai_rust::logger::process_logs (src\logger.rs:66)
   GDScript backtrace (most recent call first):
       [0] _process (res://addons/GdPlanningAI/gdpai_autoload.gd:21)
[GdPAI | debug] ApplyEffect [Before] ID=InstanceId(-9223371319913998587): agent props = {"entity": null, "hunger": 70.0627442063492, "held_item": "", "at_target": null}
[GdPAI | debug] ApplyEffect [After] ID=InstanceId(-9223371319913998587): agent props = {"entity": null, "hunger": 70.0627442063492, "held_item": "", "at_target": null}
[GdPAI | debug]   Snapshotting prop: entity = Nil (Variant type: NIL)
[GdPAI | debug]   Snapshotting prop: hunger = Float(70.0627442063492) (Variant type: FLOAT)
[GdPAI | debug]   Snapshotting prop: held_item = Str("") (Variant type: STRING)
[GdPAI | debug]   Snapshotting prop: at_target = Nil (Variant type: NIL)
WARNING: [GdPAI] ObjectRef(124621163998): object was freed before callback; returning Nil.
   at: gdplanningai_rust::logger::process_logs (src\logger.rs:66)
   GDScript backtrace (most recent call first):
       [0] _start_plan_and_wait (res://test/integration/test_campfire_example_smoke.gd:57)
[GdPAI | debug] GetCost: callable returned non-numeric value: null; returning INFINITY
WARNING: [GdPAI] ObjectRef(124621163998): object was freed before callback; returning Nil.
   at: gdplanningai_rust::logger::process_logs (src\logger.rs:66)
   GDScript backtrace (most recent call first):
       [0] _process (res://addons/GdPlanningAI/gdpai_autoload.gd:21)
[GdPAI | debug] ApplyEffect [Before] ID=InstanceId(-9223371318555044092): agent props = {"at_target": null, "held_item": "wood", "hunger": 70.0627442063492, "entity": null}
[GdPAI | debug] ApplyEffect [After] ID=InstanceId(-9223371318555044092): agent props = {"at_target": null, "held_item": "wood", "hunger": 70.0627442063492, "entity": null}
[GdPAI | debug]   Snapshotting prop: at_target = Nil (Variant type: NIL)
[GdPAI | debug]   Snapshotting prop: held_item = Str("wood") (Variant type: STRING)
[GdPAI | debug]   Snapshotting prop: hunger = Float(70.0627442063492) (Variant type: FLOAT)
[GdPAI | debug]   Snapshotting prop: entity = Nil (Variant type: NIL)
WARNING: [GdPAI] ObjectRef(124621163998): object was freed before callback; returning Nil.
   at: gdplanningai_rust::logger::process_logs (src\logger.rs:66)
   GDScript backtrace (most recent call first):
       [0] _start_plan_and_wait (res://test/integration/test_campfire_example_smoke.gd:57)
WARNING: [GdPAI] ObjectRef(124621163998): object was freed before callback; returning Nil.
   at: gdplanningai_rust::logger::process_logs (src\logger.rs:66)
   GDScript backtrace (most recent call first):
       [0] _start_plan_and_wait (res://test/integration/test_campfire_example_smoke.gd:57)
[GdPAI | debug] GetCost: callable returned non-numeric value: null; returning INFINITY
WARNING: [GdPAI] ObjectRef(124621163998): object was freed before callback; returning Nil.
   at: gdplanningai_rust::logger::process_logs (src\logger.rs:66)
   GDScript backtrace (most recent call first):
       [0] _process (res://addons/GdPlanningAI/gdpai_autoload.gd:21)
WARNING: [GdPAI] ObjectRef(124621163998): object was freed before callback; returning Nil.
   at: gdplanningai_rust::logger::process_logs (src\logger.rs:66)
   GDScript backtrace (most recent call first):
       [0] _process (res://addons/GdPlanningAI/gdpai_autoload.gd:21)
[GdPAI | debug] ApplyEffect [Before] ID=InstanceId(-9223371317246421190): agent props = {"held_item": "", "entity": null, "hunger": 70.0627442063492}
[GdPAI | debug] ApplyEffect [After] ID=InstanceId(-9223371317246421190): agent props = {"held_item": "", "entity": null, "hunger": 70.0627442063492}
[GdPAI | debug]   Snapshotting prop: held_item = Str("") (Variant type: STRING)
[GdPAI | debug]   Snapshotting prop: entity = Nil (Variant type: NIL)
[GdPAI | debug]   Snapshotting prop: hunger = Float(70.0627442063492) (Variant type: FLOAT)
WARNING: [GdPAI] ObjectRef(124621163998): object was freed before callback; returning Nil.
   at: gdplanningai_rust::logger::process_logs (src\logger.rs:66)
   GDScript backtrace (most recent call first):
       [0] _start_plan_and_wait (res://test/integration/test_campfire_example_smoke.gd:57)
[GdPAI | debug] GetCost: callable returned non-numeric value: null; returning INFINITY
WARNING: [GdPAI] ObjectRef(124621163998): object was freed before callback; returning Nil.
   at: gdplanningai_rust::logger::process_logs (src\logger.rs:66)
   GDScript backtrace (most recent call first):
       [0] _process (res://addons/GdPlanningAI/gdpai_autoload.gd:21)
[GdPAI | debug] ApplyEffect [Before] ID=InstanceId(-9223371315937798376): agent props = {"entity": null, "hunger": 70.0627442063492, "held_item": ""}
[GdPAI | debug] ApplyEffect [After] ID=InstanceId(-9223371315937798376): agent props = {"entity": null, "hunger": 70.0627442063492, "held_item": ""}
[GdPAI | debug]   Snapshotting prop: entity = Nil (Variant type: NIL)
[GdPAI | debug]   Snapshotting prop: hunger = Float(70.0627442063492) (Variant type: FLOAT)
[GdPAI | debug]   Snapshotting prop: held_item = Str("") (Variant type: STRING)
WARNING: [GdPAI] ObjectRef(124621163998): object was freed before callback; returning Nil.
   at: gdplanningai_rust::logger::process_logs (src\logger.rs:66)
   GDScript backtrace (most recent call first):
       [0] _start_plan_and_wait (res://test/integration/test_campfire_example_smoke.gd:57)
WARNING: [GdPAI] ObjectRef(124134624705): object was freed before callback; returning Nil.
   at: gdplanningai_rust::logger::process_logs (src\logger.rs:66)
   GDScript backtrace (most recent call first):
       [0] _start_plan_and_wait (res://test/integration/test_campfire_example_smoke.gd:57)
WARNING: [GdPAI] ObjectRef(124134624705): object was freed before callback; returning Nil.
   at: gdplanningai_rust::logger::process_logs (src\logger.rs:66)
   GDScript backtrace (most recent call first):
       [0] _start_plan_and_wait (res://test/integration/test_campfire_example_smoke.gd:57)
[GdPAI | debug] GetCost: callable returned non-numeric value: null; returning INFINITY
WARNING: [GdPAI] ObjectRef(124621163998): object was freed before callback; returning Nil.
   at: gdplanningai_rust::logger::process_logs (src\logger.rs:66)
   GDScript backtrace (most recent call first):
       [0] _process (res://addons/GdPlanningAI/gdpai_autoload.gd:21)
WARNING: [GdPAI] ObjectRef(124134624705): object was freed before callback; returning Nil.
   at: gdplanningai_rust::logger::process_logs (src\logger.rs:66)
   GDScript backtrace (most recent call first):
       [0] _process (res://addons/GdPlanningAI/gdpai_autoload.gd:21)
WARNING: [GdPAI] ObjectRef(124134624705): object was freed before callback; returning Nil.
   at: gdplanningai_rust::logger::process_logs (src\logger.rs:66)
   GDScript backtrace (most recent call first):
       [0] _process (res://addons/GdPlanningAI/gdpai_autoload.gd:21)
[GdPAI | debug] ApplyEffect [Before] ID=InstanceId(-9223371314578843838): agent props = {"at_target": null, "hunger": 70.0627442063492, "held_item": "", "entity": null}
[GdPAI | debug] ApplyEffect [After] ID=InstanceId(-9223371314578843838): agent props = {"at_target": null, "hunger": 70.0627442063492, "held_item": "", "entity": null}
[GdPAI | debug]   Snapshotting prop: at_target = Nil (Variant type: NIL)
[GdPAI | debug]   Snapshotting prop: hunger = Float(70.0627442063492) (Variant type: FLOAT)
[GdPAI | debug]   Snapshotting prop: held_item = Str("") (Variant type: STRING)
[GdPAI | debug]   Snapshotting prop: entity = Nil (Variant type: NIL)
WARNING: [GdPAI] ObjectRef(124621163998): object was freed before callback; returning Nil.
   at: gdplanningai_rust::logger::process_logs (src\logger.rs:66)
   GDScript backtrace (most recent call first):
       [0] _start_plan_and_wait (res://test/integration/test_campfire_example_smoke.gd:57)
WARNING: [GdPAI] ObjectRef(124134624705): object was freed before callback; returning Nil.
   at: gdplanningai_rust::logger::process_logs (src\logger.rs:66)
   GDScript backtrace (most recent call first):
       [0] _start_plan_and_wait (res://test/integration/test_campfire_example_smoke.gd:57)
WARNING: [GdPAI] ObjectRef(124134624705): object was freed before callback; returning Nil.
   at: gdplanningai_rust::logger::process_logs (src\logger.rs:66)
   GDScript backtrace (most recent call first):
       [0] _start_plan_and_wait (res://test/integration/test_campfire_example_smoke.gd:57)
[GdPAI | debug] GetCost: callable returned non-numeric value: null; returning INFINITY
WARNING: [GdPAI] ObjectRef(124621163998): object was freed before callback; returning Nil.
   at: gdplanningai_rust::logger::process_logs (src\logger.rs:66)
   GDScript backtrace (most recent call first):
       [0] _process (res://addons/GdPlanningAI/gdpai_autoload.gd:21)
WARNING: [GdPAI] ObjectRef(124134624705): object was freed before callback; returning Nil.
   at: gdplanningai_rust::logger::process_logs (src\logger.rs:66)
   GDScript backtrace (most recent call first):
       [0] _process (res://addons/GdPlanningAI/gdpai_autoload.gd:21)
WARNING: [GdPAI] ObjectRef(124134624705): object was freed before callback; returning Nil.
   at: gdplanningai_rust::logger::process_logs (src\logger.rs:66)
   GDScript backtrace (most recent call first):
       [0] _process (res://addons/GdPlanningAI/gdpai_autoload.gd:21)
[GdPAI | debug] ApplyEffect [Before] ID=InstanceId(-9223371313119226058): agent props = {"entity": null, "held_item": "", "hunger": 70.0627442063492, "at_target": null}
[GdPAI | debug] ApplyEffect [After] ID=InstanceId(-9223371313119226058): agent props = {"entity": null, "held_item": "", "hunger": 70.0627442063492, "at_target": null}
[GdPAI | debug]   Snapshotting prop: entity = Nil (Variant type: NIL)
[GdPAI | debug]   Snapshotting prop: held_item = Str("") (Variant type: STRING)
[GdPAI | debug]   Snapshotting prop: hunger = Float(70.0627442063492) (Variant type: FLOAT)
[GdPAI | debug]   Snapshotting prop: at_target = Nil (Variant type: NIL)
WARNING: [GdPAI] ObjectRef(124621163998): object was freed before callback; returning Nil.
   at: gdplanningai_rust::logger::process_logs (src\logger.rs:66)
   GDScript backtrace (most recent call first):
       [0] _start_plan_and_wait (res://test/integration/test_campfire_example_smoke.gd:57)
[GdPAI | debug] GetCost: callable returned non-numeric value: null; returning INFINITY
WARNING: [GdPAI] ObjectRef(124621163998): object was freed before callback; returning Nil.
   at: gdplanningai_rust::logger::process_logs (src\logger.rs:66)
   GDScript backtrace (most recent call first):
       [0] _process (res://addons/GdPlanningAI/gdpai_autoload.gd:21)
[GdPAI | debug] ApplyEffect [Before] ID=InstanceId(-9223371311760271527): agent props = {"entity": null, "held_item": "wood", "at_target": null, "hunger": 70.0627442063492}
[GdPAI | debug] ApplyEffect [After] ID=InstanceId(-9223371311760271527): agent props = {"entity": null, "held_item": "wood", "at_target": null, "hunger": 70.0627442063492}
[GdPAI | debug]   Snapshotting prop: entity = Nil (Variant type: NIL)
[GdPAI | debug]   Snapshotting prop: held_item = Str("wood") (Variant type: STRING)
[GdPAI | debug]   Snapshotting prop: at_target = Nil (Variant type: NIL)
[GdPAI | debug]   Snapshotting prop: hunger = Float(70.0627442063492) (Variant type: FLOAT)
WARNING: [GdPAI] ObjectRef(124621163998): object was freed before callback; returning Nil.
   at: gdplanningai_rust::logger::process_logs (src\logger.rs:66)
   GDScript backtrace (most recent call first):
       [0] _start_plan_and_wait (res://test/integration/test_campfire_example_smoke.gd:57)
WARNING: [GdPAI] ObjectRef(124621163998): object was freed before callback; returning Nil.
   at: gdplanningai_rust::logger::process_logs (src\logger.rs:66)
   GDScript backtrace (most recent call first):
       [0] _start_plan_and_wait (res://test/integration/test_campfire_example_smoke.gd:57)
[GdPAI | debug] GetCost: callable returned non-numeric value: null; returning INFINITY
WARNING: [GdPAI] ObjectRef(124621163998): object was freed before callback; returning Nil.
   at: gdplanningai_rust::logger::process_logs (src\logger.rs:66)
   GDScript backtrace (most recent call first):
       [0] _process (res://addons/GdPlanningAI/gdpai_autoload.gd:21)
WARNING: [GdPAI] ObjectRef(124621163998): object was freed before callback; returning Nil.
   at: gdplanningai_rust::logger::process_logs (src\logger.rs:66)
   GDScript backtrace (most recent call first):
       [0] _process (res://addons/GdPlanningAI/gdpai_autoload.gd:21)
[GdPAI | debug] ApplyEffect [Before] ID=InstanceId(-9223371310451648705): agent props = {"held_item": "", "entity": null, "hunger": 70.0627442063492}
[GdPAI | debug] ApplyEffect [After] ID=InstanceId(-9223371310451648705): agent props = {"held_item": "", "entity": null, "hunger": 70.0627442063492}
[GdPAI | debug]   Snapshotting prop: held_item = Str("") (Variant type: STRING)
[GdPAI | debug]   Snapshotting prop: entity = Nil (Variant type: NIL)
[GdPAI | debug]   Snapshotting prop: hunger = Float(70.0627442063492) (Variant type: FLOAT)
WARNING: [GdPAI] ObjectRef(124621163998): object was freed before callback; returning Nil.
   at: gdplanningai_rust::logger::process_logs (src\logger.rs:66)
   GDScript backtrace (most recent call first):
       [0] _start_plan_and_wait (res://test/integration/test_campfire_example_smoke.gd:57)
[GdPAI | debug] GetCost: callable returned non-numeric value: null; returning INFINITY
WARNING: [GdPAI] ObjectRef(124621163998): object was freed before callback; returning Nil.
   at: gdplanningai_rust::logger::process_logs (src\logger.rs:66)
   GDScript backtrace (most recent call first):
       [0] _process (res://addons/GdPlanningAI/gdpai_autoload.gd:21)
[GdPAI | debug] ApplyEffect [Before] ID=InstanceId(-9223371309143025807): agent props = {"hunger": 70.0627442063492, "entity": null, "held_item": ""}
[GdPAI | debug] ApplyEffect [After] ID=InstanceId(-9223371309143025807): agent props = {"hunger": 70.0627442063492, "entity": null, "held_item": ""}
[GdPAI | debug]   Snapshotting prop: hunger = Float(70.0627442063492) (Variant type: FLOAT)
[GdPAI | debug]   Snapshotting prop: entity = Nil (Variant type: NIL)
[GdPAI | debug]   Snapshotting prop: held_item = Str("") (Variant type: STRING)
WARNING: [GdPAI] ObjectRef(124621163998): object was freed before callback; returning Nil.
   at: gdplanningai_rust::logger::process_logs (src\logger.rs:66)
   GDScript backtrace (most recent call first):
       [0] _start_plan_and_wait (res://test/integration/test_campfire_example_smoke.gd:57)
WARNING: [GdPAI] ObjectRef(124134624705): object was freed before callback; returning Nil.
   at: gdplanningai_rust::logger::process_logs (src\logger.rs:66)
   GDScript backtrace (most recent call first):
       [0] _start_plan_and_wait (res://test/integration/test_campfire_example_smoke.gd:57)
WARNING: [GdPAI] ObjectRef(124134624705): object was freed before callback; returning Nil.
   at: gdplanningai_rust::logger::process_logs (src\logger.rs:66)
   GDScript backtrace (most recent call first):
       [0] _start_plan_and_wait (res://test/integration/test_campfire_example_smoke.gd:57)
[GdPAI | debug] GetCost: callable returned non-numeric value: null; returning INFINITY
WARNING: [GdPAI] ObjectRef(124621163998): object was freed before callback; returning Nil.
   at: gdplanningai_rust::logger::process_logs (src\logger.rs:66)
   GDScript backtrace (most recent call first):
       [0] _process (res://addons/GdPlanningAI/gdpai_autoload.gd:21)
WARNING: [GdPAI] ObjectRef(124134624705): object was freed before callback; returning Nil.
   at: gdplanningai_rust::logger::process_logs (src\logger.rs:66)
   GDScript backtrace (most recent call first):
       [0] _process (res://addons/GdPlanningAI/gdpai_autoload.gd:21)
WARNING: [GdPAI] ObjectRef(124134624705): object was freed before callback; returning Nil.
   at: gdplanningai_rust::logger::process_logs (src\logger.rs:66)
   GDScript backtrace (most recent call first):
       [0] _process (res://addons/GdPlanningAI/gdpai_autoload.gd:21)
[GdPAI | debug] ApplyEffect [Before] ID=InstanceId(-9223371307784071287): agent props = {"held_item": "", "entity": null, "at_target": null, "hunger": 70.0627442063492}
[GdPAI | debug] ApplyEffect [After] ID=InstanceId(-9223371307784071287): agent props = {"held_item": "", "entity": null, "at_target": null, "hunger": 70.0627442063492}
[GdPAI | debug]   Snapshotting prop: held_item = Str("") (Variant type: STRING)
[GdPAI | debug]   Snapshotting prop: entity = Nil (Variant type: NIL)
[GdPAI | debug]   Snapshotting prop: at_target = Nil (Variant type: NIL)
[GdPAI | debug]   Snapshotting prop: hunger = Float(70.0627442063492) (Variant type: FLOAT)
WARNING: [GdPAI] ObjectRef(124621163998): object was freed before callback; returning Nil.
   at: gdplanningai_rust::logger::process_logs (src\logger.rs:66)
   GDScript backtrace (most recent call first):
       [0] _start_plan_and_wait (res://test/integration/test_campfire_example_smoke.gd:57)
WARNING: [GdPAI] ObjectRef(124134624705): object was freed before callback; returning Nil.
   at: gdplanningai_rust::logger::process_logs (src\logger.rs:66)
   GDScript backtrace (most recent call first):
       [0] _start_plan_and_wait (res://test/integration/test_campfire_example_smoke.gd:57)
WARNING: [GdPAI] ObjectRef(124134624705): object was freed before callback; returning Nil.
   at: gdplanningai_rust::logger::process_logs (src\logger.rs:66)
   GDScript backtrace (most recent call first):
       [0] _start_plan_and_wait (res://test/integration/test_campfire_example_smoke.gd:57)
[GdPAI | debug] GetCost: callable returned non-numeric value: null; returning INFINITY
WARNING: [GdPAI] ObjectRef(124621163998): object was freed before callback; returning Nil.
   at: gdplanningai_rust::logger::process_logs (src\logger.rs:66)
   GDScript backtrace (most recent call first):
       [0] _process (res://addons/GdPlanningAI/gdpai_autoload.gd:21)
WARNING: [GdPAI] ObjectRef(124134624705): object was freed before callback; returning Nil.
   at: gdplanningai_rust::logger::process_logs (src\logger.rs:66)
   GDScript backtrace (most recent call first):
       [0] _process (res://addons/GdPlanningAI/gdpai_autoload.gd:21)
WARNING: [GdPAI] ObjectRef(124134624705): object was freed before callback; returning Nil.
   at: gdplanningai_rust::logger::process_logs (src\logger.rs:66)
   GDScript backtrace (most recent call first):
       [0] _process (res://addons/GdPlanningAI/gdpai_autoload.gd:21)
[GdPAI | debug] ApplyEffect [Before] ID=InstanceId(-9223371306324453492): agent props = {"held_item": "", "hunger": 70.0627442063492, "at_target": null, "entity": null}
[GdPAI | debug] ApplyEffect [After] ID=InstanceId(-9223371306324453492): agent props = {"held_item": "", "hunger": 70.0627442063492, "at_target": null, "entity": null}
[GdPAI | debug]   Snapshotting prop: held_item = Str("") (Variant type: STRING)
[GdPAI | debug]   Snapshotting prop: hunger = Float(70.0627442063492) (Variant type: FLOAT)
[GdPAI | debug]   Snapshotting prop: at_target = Nil (Variant type: NIL)
[GdPAI | debug]   Snapshotting prop: entity = Nil (Variant type: NIL)
WARNING: [GdPAI] ObjectRef(124621163998): object was freed before callback; returning Nil.
   at: gdplanningai_rust::logger::process_logs (src\logger.rs:66)
   GDScript backtrace (most recent call first):
       [0] _start_plan_and_wait (res://test/integration/test_campfire_example_smoke.gd:57)
[GdPAI | debug] GetCost: callable returned non-numeric value: null; returning INFINITY
WARNING: [GdPAI] ObjectRef(124621163998): object was freed before callback; returning Nil.
   at: gdplanningai_rust::logger::process_logs (src\logger.rs:66)
   GDScript backtrace (most recent call first):
       [0] _process (res://addons/GdPlanningAI/gdpai_autoload.gd:21)
[GdPAI | debug] ApplyEffect [Before] ID=InstanceId(-9223371304965499000): agent props = {"at_target": null, "hunger": 70.0627442063492, "entity": null, "held_item": "wood"}
[GdPAI | debug] ApplyEffect [After] ID=InstanceId(-9223371304965499000): agent props = {"at_target": null, "hunger": 70.0627442063492, "entity": null, "held_item": "wood"}
[GdPAI | debug]   Snapshotting prop: at_target = Nil (Variant type: NIL)
[GdPAI | debug]   Snapshotting prop: hunger = Float(70.0627442063492) (Variant type: FLOAT)
[GdPAI | debug]   Snapshotting prop: entity = Nil (Variant type: NIL)
[GdPAI | debug]   Snapshotting prop: held_item = Str("wood") (Variant type: STRING)
WARNING: [GdPAI] ObjectRef(124621163998): object was freed before callback; returning Nil.
   at: gdplanningai_rust::logger::process_logs (src\logger.rs:66)
   GDScript backtrace (most recent call first):
       [0] _start_plan_and_wait (res://test/integration/test_campfire_example_smoke.gd:57)
WARNING: [GdPAI] ObjectRef(124621163998): object was freed before callback; returning Nil.
   at: gdplanningai_rust::logger::process_logs (src\logger.rs:66)
   GDScript backtrace (most recent call first):
       [0] _start_plan_and_wait (res://test/integration/test_campfire_example_smoke.gd:57)
[GdPAI | debug] GetCost: callable returned non-numeric value: null; returning INFINITY
WARNING: [GdPAI] ObjectRef(124621163998): object was freed before callback; returning Nil.
   at: gdplanningai_rust::logger::process_logs (src\logger.rs:66)
   GDScript backtrace (most recent call first):
       [0] _process (res://addons/GdPlanningAI/gdpai_autoload.gd:21)
WARNING: [GdPAI] ObjectRef(124621163998): object was freed before callback; returning Nil.
   at: gdplanningai_rust::logger::process_logs (src\logger.rs:66)
   GDScript backtrace (most recent call first):
       [0] _process (res://addons/GdPlanningAI/gdpai_autoload.gd:21)
[GdPAI | debug] ApplyEffect [Before] ID=InstanceId(-9223371303656876117): agent props = {"held_item": "", "hunger": 70.0627442063492, "entity": null}
[GdPAI | debug] ApplyEffect [After] ID=InstanceId(-9223371303656876117): agent props = {"held_item": "", "hunger": 70.0627442063492, "entity": null}
[GdPAI | debug]   Snapshotting prop: held_item = Str("") (Variant type: STRING)
[GdPAI | debug]   Snapshotting prop: hunger = Float(70.0627442063492) (Variant type: FLOAT)
[GdPAI | debug]   Snapshotting prop: entity = Nil (Variant type: NIL)
WARNING: [GdPAI] ObjectRef(124621163998): object was freed before callback; returning Nil.
   at: gdplanningai_rust::logger::process_logs (src\logger.rs:66)
   GDScript backtrace (most recent call first):
       [0] _start_plan_and_wait (res://test/integration/test_campfire_example_smoke.gd:57)
[GdPAI | debug] GetCost: callable returned non-numeric value: null; returning INFINITY
WARNING: [GdPAI] ObjectRef(124621163998): object was freed before callback; returning Nil.
   at: gdplanningai_rust::logger::process_logs (src\logger.rs:66)
   GDScript backtrace (most recent call first):
       [0] _process (res://addons/GdPlanningAI/gdpai_autoload.gd:21)
[GdPAI | debug] ApplyEffect [Before] ID=InstanceId(-9223371302348253278): agent props = {"entity": null, "held_item": "", "hunger": 70.0627442063492}
[GdPAI | debug] ApplyEffect [After] ID=InstanceId(-9223371302348253278): agent props = {"entity": null, "held_item": "", "hunger": 70.0627442063492}
[GdPAI | debug]   Snapshotting prop: entity = Nil (Variant type: NIL)
[GdPAI | debug]   Snapshotting prop: held_item = Str("") (Variant type: STRING)
[GdPAI | debug]   Snapshotting prop: hunger = Float(70.0627442063492) (Variant type: FLOAT)
WARNING: [GdPAI] ObjectRef(124621163998): object was freed before callback; returning Nil.
   at: gdplanningai_rust::logger::process_logs (src\logger.rs:66)
   GDScript backtrace (most recent call first):
       [0] _start_plan_and_wait (res://test/integration/test_campfire_example_smoke.gd:57)
WARNING: [GdPAI] ObjectRef(124134624705): object was freed before callback; returning Nil.
   at: gdplanningai_rust::logger::process_logs (src\logger.rs:66)
   GDScript backtrace (most recent call first):
       [0] _start_plan_and_wait (res://test/integration/test_campfire_example_smoke.gd:57)
WARNING: [GdPAI] ObjectRef(124134624705): object was freed before callback; returning Nil.
   at: gdplanningai_rust::logger::process_logs (src\logger.rs:66)
   GDScript backtrace (most recent call first):
       [0] _start_plan_and_wait (res://test/integration/test_campfire_example_smoke.gd:57)
[GdPAI | debug] GetCost: callable returned non-numeric value: null; returning INFINITY
WARNING: [GdPAI] ObjectRef(124621163998): object was freed before callback; returning Nil.
   at: gdplanningai_rust::logger::process_logs (src\logger.rs:66)
   GDScript backtrace (most recent call first):
       [0] _process (res://addons/GdPlanningAI/gdpai_autoload.gd:21)
WARNING: [GdPAI] ObjectRef(124134624705): object was freed before callback; returning Nil.
   at: gdplanningai_rust::logger::process_logs (src\logger.rs:66)
   GDScript backtrace (most recent call first):
       [0] _process (res://addons/GdPlanningAI/gdpai_autoload.gd:21)
WARNING: [GdPAI] ObjectRef(124134624705): object was freed before callback; returning Nil.
   at: gdplanningai_rust::logger::process_logs (src\logger.rs:66)
   GDScript backtrace (most recent call first):
       [0] _process (res://addons/GdPlanningAI/gdpai_autoload.gd:21)
[GdPAI | debug] ApplyEffect [Before] ID=InstanceId(-9223371300989298763): agent props = {"entity": null, "held_item": "", "at_target": null, "hunger": 70.0627442063492}
[GdPAI | debug] ApplyEffect [After] ID=InstanceId(-9223371300989298763): agent props = {"entity": null, "held_item": "", "at_target": null, "hunger": 70.0627442063492}
[GdPAI | debug]   Snapshotting prop: entity = Nil (Variant type: NIL)
[GdPAI | debug]   Snapshotting prop: held_item = Str("") (Variant type: STRING)
[GdPAI | debug]   Snapshotting prop: at_target = Nil (Variant type: NIL)
[GdPAI | debug]   Snapshotting prop: hunger = Float(70.0627442063492) (Variant type: FLOAT)
WARNING: [GdPAI] ObjectRef(124621163998): object was freed before callback; returning Nil.
   at: gdplanningai_rust::logger::process_logs (src\logger.rs:66)
   GDScript backtrace (most recent call first):
       [0] _start_plan_and_wait (res://test/integration/test_campfire_example_smoke.gd:57)
WARNING: [GdPAI] ObjectRef(124134624705): object was freed before callback; returning Nil.
   at: gdplanningai_rust::logger::process_logs (src\logger.rs:66)
   GDScript backtrace (most recent call first):
       [0] _start_plan_and_wait (res://test/integration/test_campfire_example_smoke.gd:57)
WARNING: [GdPAI] ObjectRef(124134624705): object was freed before callback; returning Nil.
   at: gdplanningai_rust::logger::process_logs (src\logger.rs:66)
   GDScript backtrace (most recent call first):
       [0] _start_plan_and_wait (res://test/integration/test_campfire_example_smoke.gd:57)
[GdPAI | debug] GetCost: callable returned non-numeric value: null; returning INFINITY
WARNING: [GdPAI] ObjectRef(124621163998): object was freed before callback; returning Nil.
   at: gdplanningai_rust::logger::process_logs (src\logger.rs:66)
   GDScript backtrace (most recent call first):
       [0] _process (res://addons/GdPlanningAI/gdpai_autoload.gd:21)
WARNING: [GdPAI] ObjectRef(124134624705): object was freed before callback; returning Nil.
   at: gdplanningai_rust::logger::process_logs (src\logger.rs:66)
   GDScript backtrace (most recent call first):
       [0] _process (res://addons/GdPlanningAI/gdpai_autoload.gd:21)
WARNING: [GdPAI] ObjectRef(124134624705): object was freed before callback; returning Nil.
   at: gdplanningai_rust::logger::process_logs (src\logger.rs:66)
   GDScript backtrace (most recent call first):
       [0] _process (res://addons/GdPlanningAI/gdpai_autoload.gd:21)
[GdPAI | debug] ApplyEffect [Before] ID=InstanceId(-9223371299529681073): agent props = {"held_item": "", "entity": null, "hunger": 70.0627442063492, "at_target": null}
[GdPAI | debug] ApplyEffect [After] ID=InstanceId(-9223371299529681073): agent props = {"held_item": "", "entity": null, "hunger": 70.0627442063492, "at_target": null}
[GdPAI | debug]   Snapshotting prop: held_item = Str("") (Variant type: STRING)
[GdPAI | debug]   Snapshotting prop: entity = Nil (Variant type: NIL)
[GdPAI | debug]   Snapshotting prop: hunger = Float(70.0627442063492) (Variant type: FLOAT)
[GdPAI | debug]   Snapshotting prop: at_target = Nil (Variant type: NIL)
WARNING: [GdPAI] ObjectRef(124621163998): object was freed before callback; returning Nil.
   at: gdplanningai_rust::logger::process_logs (src\logger.rs:66)
   GDScript backtrace (most recent call first):
       [0] _start_plan_and_wait (res://test/integration/test_campfire_example_smoke.gd:57)
[GdPAI | debug] GetCost: callable returned non-numeric value: null; returning INFINITY
WARNING: [GdPAI] ObjectRef(124621163998): object was freed before callback; returning Nil.
   at: gdplanningai_rust::logger::process_logs (src\logger.rs:66)
   GDScript backtrace (most recent call first):
       [0] _process (res://addons/GdPlanningAI/gdpai_autoload.gd:21)
[GdPAI | debug] ApplyEffect [Before] ID=InstanceId(-9223371298170726478): agent props = {"entity": null, "at_target": null, "hunger": 70.0627442063492, "held_item": "wood"}
[GdPAI | debug] ApplyEffect [After] ID=InstanceId(-9223371298170726478): agent props = {"entity": null, "at_target": null, "hunger": 70.0627442063492, "held_item": "wood"}
[GdPAI | debug]   Snapshotting prop: entity = Nil (Variant type: NIL)
[GdPAI | debug]   Snapshotting prop: at_target = Nil (Variant type: NIL)
[GdPAI | debug]   Snapshotting prop: hunger = Float(70.0627442063492) (Variant type: FLOAT)
[GdPAI | debug]   Snapshotting prop: held_item = Str("wood") (Variant type: STRING)
[GdPAI] A* Iteration: pop node with chain length 4
[GdPAI | debug] find_candidates: Checking 15 actions against 1 preconds and 1 requirements
WARNING: [GdPAI] ObjectRef(124621163998): object was freed before callback; returning Nil.
   at: gdplanningai_rust::logger::process_logs (src\logger.rs:66)
   GDScript backtrace (most recent call first):
       [0] _start_plan_and_wait (res://test/integration/test_campfire_example_smoke.gd:57)
WARNING: [GdPAI] ObjectRef(124621163998): object was freed before callback; returning Nil.
   at: gdplanningai_rust::logger::process_logs (src\logger.rs:66)
   GDScript backtrace (most recent call first):
       [0] _start_plan_and_wait (res://test/integration/test_campfire_example_smoke.gd:57)
[GdPAI | debug] Discovery: Starting simulation for action Go To
WARNING: [GdPAI] ObjectRef(124621163998): object was freed before callback; returning Nil.
   at: gdplanningai_rust::logger::process_logs (src\logger.rs:66)
   GDScript backtrace (most recent call first):
       [0] _process (res://addons/GdPlanningAI/gdpai_autoload.gd:21)
WARNING: [GdPAI] ObjectRef(124621163998): object was freed before callback; returning Nil.
   at: gdplanningai_rust::logger::process_logs (src\logger.rs:66)
   GDScript backtrace (most recent call first):
       [0] _process (res://addons/GdPlanningAI/gdpai_autoload.gd:21)
[GdPAI | debug] GetCost: callable returned non-numeric value: null; returning INFINITY
WARNING: [GdPAI] ObjectRef(124621163998): object was freed before callback; returning Nil.
   at: gdplanningai_rust::logger::process_logs (src\logger.rs:66)
   GDScript backtrace (most recent call first):
       [0] _start_plan_and_wait (res://test/integration/test_campfire_example_smoke.gd:57)
WARNING: [GdPAI] ObjectRef(124621163998): object was freed before callback; returning Nil.
   at: gdplanningai_rust::logger::process_logs (src\logger.rs:66)
   GDScript backtrace (most recent call first):
       [0] _start_plan_and_wait (res://test/integration/test_campfire_example_smoke.gd:57)
[GdPAI | debug] ApplyEffect [Before] ID=InstanceId(-9223371296191014939): agent props = {"hunger": 70.0627442063492, "held_item": "", "entity": null}
[GdPAI | debug] ApplyEffect [After] ID=InstanceId(-9223371296191014939): agent props = {"hunger": 70.0627442063492, "held_item": "", "entity": null}
[GdPAI | debug]   Snapshotting prop: hunger = Float(70.0627442063492) (Variant type: FLOAT)
[GdPAI | debug]   Snapshotting prop: held_item = Str("") (Variant type: STRING)
[GdPAI | debug]   Snapshotting prop: entity = Nil (Variant type: NIL)
[GdPAI | debug] Discovery: Simulation success for Go To. Agent props: {"entity": Nil, "hunger": Float(70.0627442063492), "held_item": Str("")}
[GdPAI | debug] Discovery: Action Go To satisfied precond Builtin { target: Agent, operation: Equal, property_name: "held_item", value: Some(Str("")) }
[GdPAI | debug] Found candidate: Go To (satisfied preconds: [0], requirements: [0])
[GdPAI | debug] Discovery: Starting simulation for action Eat Held Food
WARNING: [GdPAI] ObjectRef(124621163998): object was freed before callback; returning Nil.
   at: gdplanningai_rust::logger::process_logs (src\logger.rs:66)
   GDScript backtrace (most recent call first):
       [0] _process (res://addons/GdPlanningAI/gdpai_autoload.gd:21)
WARNING: [GdPAI] ObjectRef(124621163998): object was freed before callback; returning Nil.
   at: gdplanningai_rust::logger::process_logs (src\logger.rs:66)
   GDScript backtrace (most recent call first):
       [0] _process (res://addons/GdPlanningAI/gdpai_autoload.gd:21)
[GdPAI | debug] GetCost: callable returned non-numeric value: null; returning INFINITY
WARNING: [GdPAI] ObjectRef(124621163998): object was freed before callback; returning Nil.
   at: gdplanningai_rust::logger::process_logs (src\logger.rs:66)
   GDScript backtrace (most recent call first):
       [0] _start_plan_and_wait (res://test/integration/test_campfire_example_smoke.gd:57)
WARNING: [GdPAI] ObjectRef(124621163998): object was freed before callback; returning Nil.
   at: gdplanningai_rust::logger::process_logs (src\logger.rs:66)
   GDScript backtrace (most recent call first):
       [0] _start_plan_and_wait (res://test/integration/test_campfire_example_smoke.gd:57)
[GdPAI | debug] ApplyEffect [Before] ID=InstanceId(-9223371294832060414): agent props = {"hunger": 70.0627442063492, "entity": null, "held_item": ""}
[GdPAI | debug] ApplyEffect [After] ID=InstanceId(-9223371294832060414): agent props = {"hunger": 70.0627442063492, "entity": null, "held_item": ""}
[GdPAI | debug]   Snapshotting prop: hunger = Float(70.0627442063492) (Variant type: FLOAT)
[GdPAI | debug]   Snapshotting prop: entity = Nil (Variant type: NIL)
[GdPAI | debug]   Snapshotting prop: held_item = Str("") (Variant type: STRING)
[GdPAI | debug] Discovery: Simulation success for Eat Held Food. Agent props: {"entity": Nil, "hunger": Float(70.0627442063492), "held_item": Str("")}
[GdPAI | debug] Discovery: Action Eat Held Food satisfied precond Builtin { target: Agent, operation: Equal, property_name: "held_item", value: Some(Str("")) }
[GdPAI | debug] Found candidate: Eat Held Food (satisfied preconds: [0], requirements: [])
WARNING: [GdPAI] ObjectRef(124621163998): object was freed before callback; returning Nil.
   at: gdplanningai_rust::logger::process_logs (src\logger.rs:66)
   GDScript backtrace (most recent call first):
       [0] _process (res://addons/GdPlanningAI/gdpai_autoload.gd:21)
WARNING: [GdPAI] ObjectRef(124621163998): object was freed before callback; returning Nil.
   at: gdplanningai_rust::logger::process_logs (src\logger.rs:66)
   GDScript backtrace (most recent call first):
       [0] _process (res://addons/GdPlanningAI/gdpai_autoload.gd:21)
[GdPAI | debug] Discovery: Starting simulation for action Go To
WARNING: [GdPAI] ObjectRef(124621163998): object was freed before callback; returning Nil.
   at: gdplanningai_rust::logger::process_logs (src\logger.rs:66)
   GDScript backtrace (most recent call first):
       [0] _start_plan_and_wait (res://test/integration/test_campfire_example_smoke.gd:57)
WARNING: [GdPAI] ObjectRef(124621163998): object was freed before callback; returning Nil.
   at: gdplanningai_rust::logger::process_logs (src\logger.rs:66)
   GDScript backtrace (most recent call first):
       [0] _start_plan_and_wait (res://test/integration/test_campfire_example_smoke.gd:57)
[GdPAI | debug] GetCost: callable returned non-numeric value: null; returning INFINITY
WARNING: [GdPAI] ObjectRef(124621163998): object was freed before callback; returning Nil.
   at: gdplanningai_rust::logger::process_logs (src\logger.rs:66)
   GDScript backtrace (most recent call first):
       [0] _process (res://addons/GdPlanningAI/gdpai_autoload.gd:21)
WARNING: [GdPAI] ObjectRef(124621163998): object was freed before callback; returning Nil.
   at: gdplanningai_rust::logger::process_logs (src\logger.rs:66)
   GDScript backtrace (most recent call first):
       [0] _process (res://addons/GdPlanningAI/gdpai_autoload.gd:21)
[GdPAI | debug] ApplyEffect [Before] ID=InstanceId(-9223371292785240073): agent props = {"hunger": 70.0627442063492, "entity": null, "held_item": ""}
[GdPAI | debug] ApplyEffect [After] ID=InstanceId(-9223371292785240073): agent props = {"hunger": 70.0627442063492, "entity": null, "held_item": ""}
[GdPAI | debug]   Snapshotting prop: hunger = Float(70.0627442063492) (Variant type: FLOAT)
[GdPAI | debug]   Snapshotting prop: entity = Nil (Variant type: NIL)
[GdPAI | debug]   Snapshotting prop: held_item = Str("") (Variant type: STRING)
[GdPAI | debug] Discovery: Simulation success for Go To. Agent props: {"entity": Nil, "held_item": Str(""), "hunger": Float(70.0627442063492)}
[GdPAI | debug] Discovery: Action Go To satisfied precond Builtin { target: Agent, operation: Equal, property_name: "held_item", value: Some(Str("")) }
[GdPAI | debug] Found candidate: Go To (satisfied preconds: [0], requirements: [0])
[GdPAI | debug] Discovery: Starting simulation for action Drop Item
WARNING: [GdPAI] ObjectRef(124621163998): object was freed before callback; returning Nil.
   at: gdplanningai_rust::logger::process_logs (src\logger.rs:66)
   GDScript backtrace (most recent call first):
       [0] _start_plan_and_wait (res://test/integration/test_campfire_example_smoke.gd:57)
WARNING: [GdPAI] ObjectRef(124621163998): object was freed before callback; returning Nil.
   at: gdplanningai_rust::logger::process_logs (src\logger.rs:66)
   GDScript backtrace (most recent call first):
       [0] _start_plan_and_wait (res://test/integration/test_campfire_example_smoke.gd:57)
[GdPAI | debug] GetCost: callable returned non-numeric value: null; returning INFINITY
WARNING: [GdPAI] ObjectRef(124621163998): object was freed before callback; returning Nil.
   at: gdplanningai_rust::logger::process_logs (src\logger.rs:66)
   GDScript backtrace (most recent call first):
       [0] _process (res://addons/GdPlanningAI/gdpai_autoload.gd:21)
WARNING: [GdPAI] ObjectRef(124621163998): object was freed before callback; returning Nil.
   at: gdplanningai_rust::logger::process_logs (src\logger.rs:66)
   GDScript backtrace (most recent call first):
       [0] _process (res://addons/GdPlanningAI/gdpai_autoload.gd:21)
[GdPAI | debug] ApplyEffect [Before] ID=InstanceId(-9223371291426285575): agent props = {"hunger": 70.0627442063492, "entity": null, "held_item": ""}
[GdPAI | debug] ApplyEffect [After] ID=InstanceId(-9223371291426285575): agent props = {"hunger": 70.0627442063492, "entity": null, "held_item": ""}
[GdPAI | debug]   Snapshotting prop: hunger = Float(70.0627442063492) (Variant type: FLOAT)
[GdPAI | debug]   Snapshotting prop: entity = Nil (Variant type: NIL)
[GdPAI | debug]   Snapshotting prop: held_item = Str("") (Variant type: STRING)
[GdPAI | debug] Discovery: Simulation success for Drop Item. Agent props: {"hunger": Float(70.0627442063492), "entity": Nil, "held_item": Str("")}
[GdPAI | debug] Discovery: Action Drop Item satisfied precond Builtin { target: Agent, operation: Equal, property_name: "held_item", value: Some(Str("")) }
[GdPAI | debug] Found candidate: Drop Item (satisfied preconds: [0], requirements: [])
[GdPAI | debug] Discovery: Starting simulation for action Add Fuel
WARNING: [GdPAI] ObjectRef(124621163998): object was freed before callback; returning Nil.
   at: gdplanningai_rust::logger::process_logs (src\logger.rs:66)
   GDScript backtrace (most recent call first):
       [0] _start_plan_and_wait (res://test/integration/test_campfire_example_smoke.gd:57)
WARNING: [GdPAI] ObjectRef(124621163998): object was freed before callback; returning Nil.
   at: gdplanningai_rust::logger::process_logs (src\logger.rs:66)
   GDScript backtrace (most recent call first):
       [0] _start_plan_and_wait (res://test/integration/test_campfire_example_smoke.gd:57)
[GdPAI | debug] GetCost: callable returned non-numeric value: null; returning INFINITY
WARNING: [GdPAI] ObjectRef(124621163998): object was freed before callback; returning Nil.
   at: gdplanningai_rust::logger::process_logs (src\logger.rs:66)
   GDScript backtrace (most recent call first):
       [0] _process (res://addons/GdPlanningAI/gdpai_autoload.gd:21)
WARNING: [GdPAI] ObjectRef(124621163998): object was freed before callback; returning Nil.
   at: gdplanningai_rust::logger::process_logs (src\logger.rs:66)
   GDScript backtrace (most recent call first):
       [0] _process (res://addons/GdPlanningAI/gdpai_autoload.gd:21)
[GdPAI | debug] ApplyEffect [Before] ID=InstanceId(-9223371290067331103): agent props = {"hunger": 70.0627442063492, "entity": null, "held_item": "wood"}
[GdPAI | debug] ApplyEffect [After] ID=InstanceId(-9223371290067331103): agent props = {"hunger": 70.0627442063492, "entity": null, "held_item": "wood"}
[GdPAI | debug]   Snapshotting prop: hunger = Float(70.0627442063492) (Variant type: FLOAT)
[GdPAI | debug]   Snapshotting prop: entity = Nil (Variant type: NIL)
[GdPAI | debug]   Snapshotting prop: held_item = Str("wood") (Variant type: STRING)
[GdPAI | debug] Discovery: Simulation success for Add Fuel. Agent props: {"entity": Nil, "held_item": Str("wood"), "hunger": Float(70.0627442063492)}
[GdPAI | debug] Discovery: Action Add Fuel did NOT satisfy precond Builtin { target: Agent, operation: Equal, property_name: "held_item", value: Some(Str("")) }
WARNING: [GdPAI] ObjectRef(124621163998): object was freed before callback; returning Nil.
   at: gdplanningai_rust::logger::process_logs (src\logger.rs:66)
   GDScript backtrace (most recent call first):
       [0] _start_plan_and_wait (res://test/integration/test_campfire_example_smoke.gd:57)
WARNING: [GdPAI] ObjectRef(124621163998): object was freed before callback; returning Nil.
   at: gdplanningai_rust::logger::process_logs (src\logger.rs:66)
   GDScript backtrace (most recent call first):
       [0] _start_plan_and_wait (res://test/integration/test_campfire_example_smoke.gd:57)
[GdPAI | debug] Discovery: Action Cook Potato failed validity check, skipping
[GdPAI | debug] Discovery: Starting simulation for action Pick Up Wood
WARNING: [GdPAI] ObjectRef(124621163998): object was freed before callback; returning Nil.
   at: gdplanningai_rust::logger::process_logs (src\logger.rs:66)
   GDScript backtrace (most recent call first):
       [0] _process (res://addons/GdPlanningAI/gdpai_autoload.gd:21)
WARNING: [GdPAI] ObjectRef(124621163998): object was freed before callback; returning Nil.
   at: gdplanningai_rust::logger::process_logs (src\logger.rs:66)
   GDScript backtrace (most recent call first):
       [0] _process (res://addons/GdPlanningAI/gdpai_autoload.gd:21)
[GdPAI | debug] GetCost: callable returned non-numeric value: null; returning INFINITY
WARNING: [GdPAI] ObjectRef(124621163998): object was freed before callback; returning Nil.
   at: gdplanningai_rust::logger::process_logs (src\logger.rs:66)
   GDScript backtrace (most recent call first):
       [0] _start_plan_and_wait (res://test/integration/test_campfire_example_smoke.gd:57)
WARNING: [GdPAI] ObjectRef(124621163998): object was freed before callback; returning Nil.
   at: gdplanningai_rust::logger::process_logs (src\logger.rs:66)
   GDScript backtrace (most recent call first):
       [0] _start_plan_and_wait (res://test/integration/test_campfire_example_smoke.gd:57)
[GdPAI | debug] ApplyEffect [Before] ID=InstanceId(-9223371288037287898): agent props = {"held_item": "", "entity": null, "hunger": 70.0627442063492}
[GdPAI | debug] ApplyEffect [After] ID=InstanceId(-9223371288037287898): agent props = {"held_item": "", "entity": null, "hunger": 70.0627442063492}
[GdPAI | debug]   Snapshotting prop: held_item = Str("") (Variant type: STRING)
[GdPAI | debug]   Snapshotting prop: entity = Nil (Variant type: NIL)
[GdPAI | debug]   Snapshotting prop: hunger = Float(70.0627442063492) (Variant type: FLOAT)
[GdPAI | debug] Discovery: Simulation success for Pick Up Wood. Agent props: {"hunger": Float(70.0627442063492), "entity": Nil, "held_item": Str("")}
[GdPAI | debug] Discovery: Action Pick Up Wood satisfied precond Builtin { target: Agent, operation: Equal, property_name: "held_item", value: Some(Str("")) }
[GdPAI | debug] Found candidate: Pick Up Wood (satisfied preconds: [0], requirements: [])
[GdPAI | debug] Discovery: Starting simulation for action Pick Up Wood
WARNING: [GdPAI] ObjectRef(124621163998): object was freed before callback; returning Nil.
   at: gdplanningai_rust::logger::process_logs (src\logger.rs:66)
   GDScript backtrace (most recent call first):
       [0] _process (res://addons/GdPlanningAI/gdpai_autoload.gd:21)
WARNING: [GdPAI] ObjectRef(124621163998): object was freed before callback; returning Nil.
   at: gdplanningai_rust::logger::process_logs (src\logger.rs:66)
   GDScript backtrace (most recent call first):
       [0] _process (res://addons/GdPlanningAI/gdpai_autoload.gd:21)
[GdPAI | debug] GetCost: callable returned non-numeric value: null; returning INFINITY
WARNING: [GdPAI] ObjectRef(124621163998): object was freed before callback; returning Nil.
   at: gdplanningai_rust::logger::process_logs (src\logger.rs:66)
   GDScript backtrace (most recent call first):
       [0] _start_plan_and_wait (res://test/integration/test_campfire_example_smoke.gd:57)
WARNING: [GdPAI] ObjectRef(124621163998): object was freed before callback; returning Nil.
   at: gdplanningai_rust::logger::process_logs (src\logger.rs:66)
   GDScript backtrace (most recent call first):
       [0] _start_plan_and_wait (res://test/integration/test_campfire_example_smoke.gd:57)
[GdPAI | debug] ApplyEffect [Before] ID=InstanceId(-9223371286678333369): agent props = {"held_item": "", "entity": null, "hunger": 70.0627442063492}
[GdPAI | debug] ApplyEffect [After] ID=InstanceId(-9223371286678333369): agent props = {"held_item": "", "entity": null, "hunger": 70.0627442063492}
[GdPAI | debug]   Snapshotting prop: held_item = Str("") (Variant type: STRING)
[GdPAI | debug]   Snapshotting prop: entity = Nil (Variant type: NIL)
[GdPAI | debug]   Snapshotting prop: hunger = Float(70.0627442063492) (Variant type: FLOAT)
[GdPAI | debug] Discovery: Simulation success for Pick Up Wood. Agent props: {"hunger": Float(70.0627442063492), "held_item": Str(""), "entity": Nil}
[GdPAI | debug] Discovery: Action Pick Up Wood satisfied precond Builtin { target: Agent, operation: Equal, property_name: "held_item", value: Some(Str("")) }
[GdPAI | debug] Found candidate: Pick Up Wood (satisfied preconds: [0], requirements: [])
[GdPAI | debug] Discovery: Starting simulation for action Pick Up Wood
WARNING: [GdPAI] ObjectRef(124621163998): object was freed before callback; returning Nil.
   at: gdplanningai_rust::logger::process_logs (src\logger.rs:66)
   GDScript backtrace (most recent call first):
       [0] _process (res://addons/GdPlanningAI/gdpai_autoload.gd:21)
WARNING: [GdPAI] ObjectRef(124621163998): object was freed before callback; returning Nil.
   at: gdplanningai_rust::logger::process_logs (src\logger.rs:66)
   GDScript backtrace (most recent call first):
       [0] _process (res://addons/GdPlanningAI/gdpai_autoload.gd:21)
[GdPAI | debug] GetCost: callable returned non-numeric value: null; returning INFINITY
WARNING: [GdPAI] ObjectRef(124621163998): object was freed before callback; returning Nil.
   at: gdplanningai_rust::logger::process_logs (src\logger.rs:66)
   GDScript backtrace (most recent call first):
       [0] _start_plan_and_wait (res://test/integration/test_campfire_example_smoke.gd:57)
WARNING: [GdPAI] ObjectRef(124621163998): object was freed before callback; returning Nil.
   at: gdplanningai_rust::logger::process_logs (src\logger.rs:66)
   GDScript backtrace (most recent call first):
       [0] _start_plan_and_wait (res://test/integration/test_campfire_example_smoke.gd:57)
[GdPAI | debug] ApplyEffect [Before] ID=InstanceId(-9223371285319378857): agent props = {"hunger": 70.0627442063492, "entity": null, "held_item": ""}
[GdPAI | debug] ApplyEffect [After] ID=InstanceId(-9223371285319378857): agent props = {"hunger": 70.0627442063492, "entity": null, "held_item": ""}
[GdPAI | debug]   Snapshotting prop: hunger = Float(70.0627442063492) (Variant type: FLOAT)
[GdPAI | debug]   Snapshotting prop: entity = Nil (Variant type: NIL)
[GdPAI | debug]   Snapshotting prop: held_item = Str("") (Variant type: STRING)
[GdPAI | debug] Discovery: Simulation success for Pick Up Wood. Agent props: {"entity": Nil, "hunger": Float(70.0627442063492), "held_item": Str("")}
[GdPAI | debug] Discovery: Action Pick Up Wood satisfied precond Builtin { target: Agent, operation: Equal, property_name: "held_item", value: Some(Str("")) }
[GdPAI | debug] Found candidate: Pick Up Wood (satisfied preconds: [0], requirements: [])
[GdPAI | debug] Discovery: Starting simulation for action Pick Up Wood
WARNING: [GdPAI] ObjectRef(124621163998): object was freed before callback; returning Nil.
   at: gdplanningai_rust::logger::process_logs (src\logger.rs:66)
   GDScript backtrace (most recent call first):
       [0] _process (res://addons/GdPlanningAI/gdpai_autoload.gd:21)
WARNING: [GdPAI] ObjectRef(124621163998): object was freed before callback; returning Nil.
   at: gdplanningai_rust::logger::process_logs (src\logger.rs:66)
   GDScript backtrace (most recent call first):
       [0] _process (res://addons/GdPlanningAI/gdpai_autoload.gd:21)
[GdPAI | debug] GetCost: callable returned non-numeric value: null; returning INFINITY
WARNING: [GdPAI] ObjectRef(124621163998): object was freed before callback; returning Nil.
   at: gdplanningai_rust::logger::process_logs (src\logger.rs:66)
   GDScript backtrace (most recent call first):
       [0] _start_plan_and_wait (res://test/integration/test_campfire_example_smoke.gd:57)
WARNING: [GdPAI] ObjectRef(124621163998): object was freed before callback; returning Nil.
   at: gdplanningai_rust::logger::process_logs (src\logger.rs:66)
   GDScript backtrace (most recent call first):
       [0] _start_plan_and_wait (res://test/integration/test_campfire_example_smoke.gd:57)
[GdPAI | debug] ApplyEffect [Before] ID=InstanceId(-9223371283960424350): agent props = {"hunger": 70.0627442063492, "entity": null, "held_item": ""}
[GdPAI | debug] ApplyEffect [After] ID=InstanceId(-9223371283960424350): agent props = {"hunger": 70.0627442063492, "entity": null, "held_item": ""}
[GdPAI | debug]   Snapshotting prop: hunger = Float(70.0627442063492) (Variant type: FLOAT)
[GdPAI | debug]   Snapshotting prop: entity = Nil (Variant type: NIL)
[GdPAI | debug]   Snapshotting prop: held_item = Str("") (Variant type: STRING)
[GdPAI | debug] Discovery: Simulation success for Pick Up Wood. Agent props: {"entity": Nil, "hunger": Float(70.0627442063492), "held_item": Str("")}
[GdPAI | debug] Discovery: Action Pick Up Wood satisfied precond Builtin { target: Agent, operation: Equal, property_name: "held_item", value: Some(Str("")) }
[GdPAI | debug] Found candidate: Pick Up Wood (satisfied preconds: [0], requirements: [])
WARNING: [GdPAI] ObjectRef(124621163998): object was freed before callback; returning Nil.
   at: gdplanningai_rust::logger::process_logs (src\logger.rs:66)
   GDScript backtrace (most recent call first):
       [0] _process (res://addons/GdPlanningAI/gdpai_autoload.gd:21)
WARNING: [GdPAI] ObjectRef(124621163998): object was freed before callback; returning Nil.
   at: gdplanningai_rust::logger::process_logs (src\logger.rs:66)
   GDScript backtrace (most recent call first):
       [0] _process (res://addons/GdPlanningAI/gdpai_autoload.gd:21)
[GdPAI | debug] Discovery: Action Dig Potato failed validity check, skipping
WARNING: [GdPAI] ObjectRef(124621163998): object was freed before callback; returning Nil.
   at: gdplanningai_rust::logger::process_logs (src\logger.rs:66)
   GDScript backtrace (most recent call first):
       [0] _start_plan_and_wait (res://test/integration/test_campfire_example_smoke.gd:57)
WARNING: [GdPAI] ObjectRef(124621163998): object was freed before callback; returning Nil.
   at: gdplanningai_rust::logger::process_logs (src\logger.rs:66)
   GDScript backtrace (most recent call first):
       [0] _start_plan_and_wait (res://test/integration/test_campfire_example_smoke.gd:57)
[GdPAI | debug] Discovery: Action Dig Potato failed validity check, skipping
WARNING: [GdPAI] ObjectRef(124621163998): object was freed before callback; returning Nil.
   at: gdplanningai_rust::logger::process_logs (src\logger.rs:66)
   GDScript backtrace (most recent call first):
       [0] _process (res://addons/GdPlanningAI/gdpai_autoload.gd:21)
WARNING: [GdPAI] ObjectRef(124621163998): object was freed before callback; returning Nil.
   at: gdplanningai_rust::logger::process_logs (src\logger.rs:66)
   GDScript backtrace (most recent call first):
       [0] _process (res://addons/GdPlanningAI/gdpai_autoload.gd:21)
[GdPAI | debug] Discovery: Action Dig Potato failed validity check, skipping
WARNING: [GdPAI] ObjectRef(124621163998): object was freed before callback; returning Nil.
   at: gdplanningai_rust::logger::process_logs (src\logger.rs:66)
   GDScript backtrace (most recent call first):
       [0] _start_plan_and_wait (res://test/integration/test_campfire_example_smoke.gd:57)
WARNING: [GdPAI] ObjectRef(124621163998): object was freed before callback; returning Nil.
   at: gdplanningai_rust::logger::process_logs (src\logger.rs:66)
   GDScript backtrace (most recent call first):
       [0] _start_plan_and_wait (res://test/integration/test_campfire_example_smoke.gd:57)
[GdPAI | debug] Discovery: Action Dig Potato failed validity check, skipping
WARNING: [GdPAI] ObjectRef(124621163998): object was freed before callback; returning Nil.
   at: gdplanningai_rust::logger::process_logs (src\logger.rs:66)
   GDScript backtrace (most recent call first):
       [0] _process (res://addons/GdPlanningAI/gdpai_autoload.gd:21)
WARNING: [GdPAI] ObjectRef(124621163998): object was freed before callback; returning Nil.
   at: gdplanningai_rust::logger::process_logs (src\logger.rs:66)
   GDScript backtrace (most recent call first):
       [0] _process (res://addons/GdPlanningAI/gdpai_autoload.gd:21)
[GdPAI | debug] Discovery: Action Dig Potato failed validity check, skipping
WARNING: [GdPAI] ObjectRef(124621163998): object was freed before callback; returning Nil.
   at: gdplanningai_rust::logger::process_logs (src\logger.rs:66)
   GDScript backtrace (most recent call first):
       [0] _start_plan_and_wait (res://test/integration/test_campfire_example_smoke.gd:57)
WARNING: [GdPAI] ObjectRef(124621163998): object was freed before callback; returning Nil.
   at: gdplanningai_rust::logger::process_logs (src\logger.rs:66)
   GDScript backtrace (most recent call first):
       [0] _start_plan_and_wait (res://test/integration/test_campfire_example_smoke.gd:57)
WARNING: [GdPAI] ObjectRef(125208366591): object was freed before callback; returning Nil.
   at: gdplanningai_rust::logger::process_logs (src\logger.rs:66)
   GDScript backtrace (most recent call first):
       [0] _start_plan_and_wait (res://test/integration/test_campfire_example_smoke.gd:57)
WARNING: [GdPAI] ObjectRef(125208366591): object was freed before callback; returning Nil.
   at: gdplanningai_rust::logger::process_logs (src\logger.rs:66)
   GDScript backtrace (most recent call first):
       [0] _start_plan_and_wait (res://test/integration/test_campfire_example_smoke.gd:57)
[GdPAI | debug] GetCost: callable returned non-numeric value: null; returning INFINITY
WARNING: [GdPAI] ObjectRef(124621163998): object was freed before callback; returning Nil.
   at: gdplanningai_rust::logger::process_logs (src\logger.rs:66)
   GDScript backtrace (most recent call first):
       [0] _process (res://addons/GdPlanningAI/gdpai_autoload.gd:21)
WARNING: [GdPAI] ObjectRef(124621163998): object was freed before callback; returning Nil.
   at: gdplanningai_rust::logger::process_logs (src\logger.rs:66)
   GDScript backtrace (most recent call first):
       [0] _process (res://addons/GdPlanningAI/gdpai_autoload.gd:21)
WARNING: [GdPAI] ObjectRef(125208366591): object was freed before callback; returning Nil.
   at: gdplanningai_rust::logger::process_logs (src\logger.rs:66)
   GDScript backtrace (most recent call first):
       [0] _process (res://addons/GdPlanningAI/gdpai_autoload.gd:21)
WARNING: [GdPAI] ObjectRef(125208366591): object was freed before callback; returning Nil.
   at: gdplanningai_rust::logger::process_logs (src\logger.rs:66)
   GDScript backtrace (most recent call first):
       [0] _process (res://addons/GdPlanningAI/gdpai_autoload.gd:21)
[GdPAI | debug] ApplyEffect [Before] ID=InstanceId(-9223371279095031809): agent props = {"at_target": null, "held_item": "", "hunger": 70.0627442063492, "entity": null}
[GdPAI | debug] ApplyEffect [After] ID=InstanceId(-9223371279095031809): agent props = {"at_target": null, "held_item": "", "hunger": 70.0627442063492, "entity": null}
[GdPAI | debug]   Snapshotting prop: at_target = Nil (Variant type: NIL)
[GdPAI | debug]   Snapshotting prop: held_item = Str("") (Variant type: STRING)
[GdPAI | debug]   Snapshotting prop: hunger = Float(70.0627442063492) (Variant type: FLOAT)
[GdPAI | debug]   Snapshotting prop: entity = Nil (Variant type: NIL)
WARNING: [GdPAI] ObjectRef(124621163998): object was freed before callback; returning Nil.
   at: gdplanningai_rust::logger::process_logs (src\logger.rs:66)
   GDScript backtrace (most recent call first):
       [0] _start_plan_and_wait (res://test/integration/test_campfire_example_smoke.gd:57)
WARNING: [GdPAI] ObjectRef(125208366591): object was freed before callback; returning Nil.
   at: gdplanningai_rust::logger::process_logs (src\logger.rs:66)
   GDScript backtrace (most recent call first):
       [0] _start_plan_and_wait (res://test/integration/test_campfire_example_smoke.gd:57)
WARNING: [GdPAI] ObjectRef(125208366591): object was freed before callback; returning Nil.
   at: gdplanningai_rust::logger::process_logs (src\logger.rs:66)
   GDScript backtrace (most recent call first):
       [0] _start_plan_and_wait (res://test/integration/test_campfire_example_smoke.gd:57)
[GdPAI | debug] GetCost: callable returned non-numeric value: null; returning INFINITY
WARNING: [GdPAI] ObjectRef(124621163998): object was freed before callback; returning Nil.
   at: gdplanningai_rust::logger::process_logs (src\logger.rs:66)
   GDScript backtrace (most recent call first):
       [0] _process (res://addons/GdPlanningAI/gdpai_autoload.gd:21)
WARNING: [GdPAI] ObjectRef(125208366591): object was freed before callback; returning Nil.
   at: gdplanningai_rust::logger::process_logs (src\logger.rs:66)
   GDScript backtrace (most recent call first):
       [0] _process (res://addons/GdPlanningAI/gdpai_autoload.gd:21)
WARNING: [GdPAI] ObjectRef(125208366591): object was freed before callback; returning Nil.
   at: gdplanningai_rust::logger::process_logs (src\logger.rs:66)
   GDScript backtrace (most recent call first):
       [0] _process (res://addons/GdPlanningAI/gdpai_autoload.gd:21)
[GdPAI | debug] ApplyEffect [Before] ID=InstanceId(-9223371277585082230): agent props = {"held_item": "", "hunger": 70.0627442063492, "at_target": null, "entity": null}
[GdPAI | debug] ApplyEffect [After] ID=InstanceId(-9223371277585082230): agent props = {"held_item": "", "hunger": 70.0627442063492, "at_target": null, "entity": null}
[GdPAI | debug]   Snapshotting prop: held_item = Str("") (Variant type: STRING)
[GdPAI | debug]   Snapshotting prop: hunger = Float(70.0627442063492) (Variant type: FLOAT)
[GdPAI | debug]   Snapshotting prop: at_target = Nil (Variant type: NIL)
[GdPAI | debug]   Snapshotting prop: entity = Nil (Variant type: NIL)
WARNING: [GdPAI] ObjectRef(124621163998): object was freed before callback; returning Nil.
   at: gdplanningai_rust::logger::process_logs (src\logger.rs:66)
   GDScript backtrace (most recent call first):
       [0] _start_plan_and_wait (res://test/integration/test_campfire_example_smoke.gd:57)
WARNING: [GdPAI] ObjectRef(124134624705): object was freed before callback; returning Nil.
   at: gdplanningai_rust::logger::process_logs (src\logger.rs:66)
   GDScript backtrace (most recent call first):
       [0] _start_plan_and_wait (res://test/integration/test_campfire_example_smoke.gd:57)
WARNING: [GdPAI] ObjectRef(124134624705): object was freed before callback; returning Nil.
   at: gdplanningai_rust::logger::process_logs (src\logger.rs:66)
   GDScript backtrace (most recent call first):
       [0] _start_plan_and_wait (res://test/integration/test_campfire_example_smoke.gd:57)
[GdPAI | debug] GetCost: callable returned non-numeric value: null; returning INFINITY
WARNING: [GdPAI] ObjectRef(124621163998): object was freed before callback; returning Nil.
   at: gdplanningai_rust::logger::process_logs (src\logger.rs:66)
   GDScript backtrace (most recent call first):
       [0] _process (res://addons/GdPlanningAI/gdpai_autoload.gd:21)
WARNING: [GdPAI] ObjectRef(124134624705): object was freed before callback; returning Nil.
   at: gdplanningai_rust::logger::process_logs (src\logger.rs:66)
   GDScript backtrace (most recent call first):
       [0] _process (res://addons/GdPlanningAI/gdpai_autoload.gd:21)
WARNING: [GdPAI] ObjectRef(124134624705): object was freed before callback; returning Nil.
   at: gdplanningai_rust::logger::process_logs (src\logger.rs:66)
   GDScript backtrace (most recent call first):
       [0] _process (res://addons/GdPlanningAI/gdpai_autoload.gd:21)
[GdPAI | debug] ApplyEffect [Before] ID=InstanceId(-9223371276125464416): agent props = {"at_target": null, "entity": null, "held_item": "", "hunger": 70.0627442063492}
[GdPAI | debug] ApplyEffect [After] ID=InstanceId(-9223371276125464416): agent props = {"at_target": null, "entity": null, "held_item": "", "hunger": 70.0627442063492}
[GdPAI | debug]   Snapshotting prop: at_target = Nil (Variant type: NIL)
[GdPAI | debug]   Snapshotting prop: entity = Nil (Variant type: NIL)
[GdPAI | debug]   Snapshotting prop: held_item = Str("") (Variant type: STRING)
[GdPAI | debug]   Snapshotting prop: hunger = Float(70.0627442063492) (Variant type: FLOAT)
WARNING: [GdPAI] ObjectRef(124621163998): object was freed before callback; returning Nil.
   at: gdplanningai_rust::logger::process_logs (src\logger.rs:66)
   GDScript backtrace (most recent call first):
       [0] _start_plan_and_wait (res://test/integration/test_campfire_example_smoke.gd:57)
WARNING: [GdPAI] ObjectRef(124134624705): object was freed before callback; returning Nil.
   at: gdplanningai_rust::logger::process_logs (src\logger.rs:66)
   GDScript backtrace (most recent call first):
       [0] _start_plan_and_wait (res://test/integration/test_campfire_example_smoke.gd:57)
WARNING: [GdPAI] ObjectRef(124134624705): object was freed before callback; returning Nil.
   at: gdplanningai_rust::logger::process_logs (src\logger.rs:66)
   GDScript backtrace (most recent call first):
       [0] _start_plan_and_wait (res://test/integration/test_campfire_example_smoke.gd:57)
[GdPAI | debug] GetCost: callable returned non-numeric value: null; returning INFINITY
WARNING: [GdPAI] ObjectRef(124621163998): object was freed before callback; returning Nil.
   at: gdplanningai_rust::logger::process_logs (src\logger.rs:66)
   GDScript backtrace (most recent call first):
       [0] _process (res://addons/GdPlanningAI/gdpai_autoload.gd:21)
WARNING: [GdPAI] ObjectRef(124134624705): object was freed before callback; returning Nil.
   at: gdplanningai_rust::logger::process_logs (src\logger.rs:66)
   GDScript backtrace (most recent call first):
       [0] _process (res://addons/GdPlanningAI/gdpai_autoload.gd:21)
WARNING: [GdPAI] ObjectRef(124134624705): object was freed before callback; returning Nil.
   at: gdplanningai_rust::logger::process_logs (src\logger.rs:66)
   GDScript backtrace (most recent call first):
       [0] _process (res://addons/GdPlanningAI/gdpai_autoload.gd:21)
[GdPAI | debug] ApplyEffect [Before] ID=InstanceId(-9223371274665846626): agent props = {"held_item": "", "entity": null, "at_target": null, "hunger": 70.0627442063492}
[GdPAI | debug] ApplyEffect [After] ID=InstanceId(-9223371274665846626): agent props = {"held_item": "", "entity": null, "at_target": null, "hunger": 70.0627442063492}
[GdPAI | debug]   Snapshotting prop: held_item = Str("") (Variant type: STRING)
[GdPAI | debug]   Snapshotting prop: entity = Nil (Variant type: NIL)
[GdPAI | debug]   Snapshotting prop: at_target = Nil (Variant type: NIL)
[GdPAI | debug]   Snapshotting prop: hunger = Float(70.0627442063492) (Variant type: FLOAT)
WARNING: [GdPAI] ObjectRef(124621163998): object was freed before callback; returning Nil.
   at: gdplanningai_rust::logger::process_logs (src\logger.rs:66)
   GDScript backtrace (most recent call first):
       [0] _start_plan_and_wait (res://test/integration/test_campfire_example_smoke.gd:57)
[GdPAI | debug] GetCost: callable returned non-numeric value: null; returning INFINITY
WARNING: [GdPAI] ObjectRef(124621163998): object was freed before callback; returning Nil.
   at: gdplanningai_rust::logger::process_logs (src\logger.rs:66)
   GDScript backtrace (most recent call first):
       [0] _process (res://addons/GdPlanningAI/gdpai_autoload.gd:21)
[GdPAI | debug] ApplyEffect [Before] ID=InstanceId(-9223371273306892107): agent props = {"held_item": "wood", "entity": null, "hunger": 70.0627442063492, "at_target": null}
[GdPAI | debug] ApplyEffect [After] ID=InstanceId(-9223371273306892107): agent props = {"held_item": "wood", "entity": null, "hunger": 70.0627442063492, "at_target": null}
[GdPAI | debug]   Snapshotting prop: held_item = Str("wood") (Variant type: STRING)
[GdPAI | debug]   Snapshotting prop: entity = Nil (Variant type: NIL)
[GdPAI | debug]   Snapshotting prop: hunger = Float(70.0627442063492) (Variant type: FLOAT)
[GdPAI | debug]   Snapshotting prop: at_target = Nil (Variant type: NIL)
WARNING: [GdPAI] ObjectRef(124621163998): object was freed before callback; returning Nil.
   at: gdplanningai_rust::logger::process_logs (src\logger.rs:66)
   GDScript backtrace (most recent call first):
       [0] _start_plan_and_wait (res://test/integration/test_campfire_example_smoke.gd:57)
WARNING: [GdPAI] ObjectRef(124621163998): object was freed before callback; returning Nil.
   at: gdplanningai_rust::logger::process_logs (src\logger.rs:66)
   GDScript backtrace (most recent call first):
       [0] _start_plan_and_wait (res://test/integration/test_campfire_example_smoke.gd:57)
[GdPAI | debug] GetCost: callable returned non-numeric value: null; returning INFINITY
WARNING: [GdPAI] ObjectRef(124621163998): object was freed before callback; returning Nil.
   at: gdplanningai_rust::logger::process_logs (src\logger.rs:66)
   GDScript backtrace (most recent call first):
       [0] _process (res://addons/GdPlanningAI/gdpai_autoload.gd:21)
WARNING: [GdPAI] ObjectRef(124621163998): object was freed before callback; returning Nil.
   at: gdplanningai_rust::logger::process_logs (src\logger.rs:66)
   GDScript backtrace (most recent call first):
       [0] _process (res://addons/GdPlanningAI/gdpai_autoload.gd:21)
[GdPAI | debug] ApplyEffect [Before] ID=InstanceId(-9223371271998269248): agent props = {"entity": null, "held_item": "", "hunger": 70.0627442063492}
[GdPAI | debug] ApplyEffect [After] ID=InstanceId(-9223371271998269248): agent props = {"entity": null, "held_item": "", "hunger": 70.0627442063492}
[GdPAI | debug]   Snapshotting prop: entity = Nil (Variant type: NIL)
[GdPAI | debug]   Snapshotting prop: held_item = Str("") (Variant type: STRING)
[GdPAI | debug]   Snapshotting prop: hunger = Float(70.0627442063492) (Variant type: FLOAT)
WARNING: [GdPAI] ObjectRef(124621163998): object was freed before callback; returning Nil.
   at: gdplanningai_rust::logger::process_logs (src\logger.rs:66)
   GDScript backtrace (most recent call first):
       [0] _start_plan_and_wait (res://test/integration/test_campfire_example_smoke.gd:57)
[GdPAI | debug] GetCost: callable returned non-numeric value: null; returning INFINITY
WARNING: [GdPAI] ObjectRef(124621163998): object was freed before callback; returning Nil.
   at: gdplanningai_rust::logger::process_logs (src\logger.rs:66)
   GDScript backtrace (most recent call first):
       [0] _process (res://addons/GdPlanningAI/gdpai_autoload.gd:21)
[GdPAI | debug] ApplyEffect [Before] ID=InstanceId(-9223371270689646458): agent props = {"entity": null, "held_item": "", "hunger": 70.0627442063492}
[GdPAI | debug] ApplyEffect [After] ID=InstanceId(-9223371270689646458): agent props = {"entity": null, "held_item": "", "hunger": 70.0627442063492}
[GdPAI | debug]   Snapshotting prop: entity = Nil (Variant type: NIL)
[GdPAI | debug]   Snapshotting prop: held_item = Str("") (Variant type: STRING)
[GdPAI | debug]   Snapshotting prop: hunger = Float(70.0627442063492) (Variant type: FLOAT)
WARNING: [GdPAI] ObjectRef(124621163998): object was freed before callback; returning Nil.
   at: gdplanningai_rust::logger::process_logs (src\logger.rs:66)
   GDScript backtrace (most recent call first):
       [0] _start_plan_and_wait (res://test/integration/test_campfire_example_smoke.gd:57)
WARNING: [GdPAI] ObjectRef(124134624705): object was freed before callback; returning Nil.
   at: gdplanningai_rust::logger::process_logs (src\logger.rs:66)
   GDScript backtrace (most recent call first):
       [0] _start_plan_and_wait (res://test/integration/test_campfire_example_smoke.gd:57)
WARNING: [GdPAI] ObjectRef(124134624705): object was freed before callback; returning Nil.
   at: gdplanningai_rust::logger::process_logs (src\logger.rs:66)
   GDScript backtrace (most recent call first):
       [0] _start_plan_and_wait (res://test/integration/test_campfire_example_smoke.gd:57)
[GdPAI | debug] GetCost: callable returned non-numeric value: null; returning INFINITY
WARNING: [GdPAI] ObjectRef(124621163998): object was freed before callback; returning Nil.
   at: gdplanningai_rust::logger::process_logs (src\logger.rs:66)
   GDScript backtrace (most recent call first):
       [0] _process (res://addons/GdPlanningAI/gdpai_autoload.gd:21)
WARNING: [GdPAI] ObjectRef(124134624705): object was freed before callback; returning Nil.
   at: gdplanningai_rust::logger::process_logs (src\logger.rs:66)
   GDScript backtrace (most recent call first):
       [0] _process (res://addons/GdPlanningAI/gdpai_autoload.gd:21)
WARNING: [GdPAI] ObjectRef(124134624705): object was freed before callback; returning Nil.
   at: gdplanningai_rust::logger::process_logs (src\logger.rs:66)
   GDScript backtrace (most recent call first):
       [0] _process (res://addons/GdPlanningAI/gdpai_autoload.gd:21)
[GdPAI | debug] ApplyEffect [Before] ID=InstanceId(-9223371269330691884): agent props = {"at_target": null, "entity": null, "hunger": 70.0627442063492, "held_item": ""}
[GdPAI | debug] ApplyEffect [After] ID=InstanceId(-9223371269330691884): agent props = {"at_target": null, "entity": null, "hunger": 70.0627442063492, "held_item": ""}
[GdPAI | debug]   Snapshotting prop: at_target = Nil (Variant type: NIL)
[GdPAI | debug]   Snapshotting prop: entity = Nil (Variant type: NIL)
[GdPAI | debug]   Snapshotting prop: hunger = Float(70.0627442063492) (Variant type: FLOAT)
[GdPAI | debug]   Snapshotting prop: held_item = Str("") (Variant type: STRING)
WARNING: [GdPAI] ObjectRef(124621163998): object was freed before callback; returning Nil.
   at: gdplanningai_rust::logger::process_logs (src\logger.rs:66)
   GDScript backtrace (most recent call first):
       [0] _start_plan_and_wait (res://test/integration/test_campfire_example_smoke.gd:57)
WARNING: [GdPAI] ObjectRef(124134624705): object was freed before callback; returning Nil.
   at: gdplanningai_rust::logger::process_logs (src\logger.rs:66)
   GDScript backtrace (most recent call first):
       [0] _start_plan_and_wait (res://test/integration/test_campfire_example_smoke.gd:57)
WARNING: [GdPAI] ObjectRef(124134624705): object was freed before callback; returning Nil.
   at: gdplanningai_rust::logger::process_logs (src\logger.rs:66)
   GDScript backtrace (most recent call first):
       [0] _start_plan_and_wait (res://test/integration/test_campfire_example_smoke.gd:57)
[GdPAI | debug] GetCost: callable returned non-numeric value: null; returning INFINITY
WARNING: [GdPAI] ObjectRef(124621163998): object was freed before callback; returning Nil.
   at: gdplanningai_rust::logger::process_logs (src\logger.rs:66)
   GDScript backtrace (most recent call first):
       [0] _process (res://addons/GdPlanningAI/gdpai_autoload.gd:21)
WARNING: [GdPAI] ObjectRef(124134624705): object was freed before callback; returning Nil.
   at: gdplanningai_rust::logger::process_logs (src\logger.rs:66)
   GDScript backtrace (most recent call first):
       [0] _process (res://addons/GdPlanningAI/gdpai_autoload.gd:21)
WARNING: [GdPAI] ObjectRef(124134624705): object was freed before callback; returning Nil.
   at: gdplanningai_rust::logger::process_logs (src\logger.rs:66)
   GDScript backtrace (most recent call first):
       [0] _process (res://addons/GdPlanningAI/gdpai_autoload.gd:21)
[GdPAI | debug] ApplyEffect [Before] ID=InstanceId(-9223371267871074116): agent props = {"at_target": null, "hunger": 70.0627442063492, "held_item": "", "entity": null}
[GdPAI | debug] ApplyEffect [After] ID=InstanceId(-9223371267871074116): agent props = {"at_target": null, "hunger": 70.0627442063492, "held_item": "", "entity": null}
[GdPAI | debug]   Snapshotting prop: at_target = Nil (Variant type: NIL)
[GdPAI | debug]   Snapshotting prop: hunger = Float(70.0627442063492) (Variant type: FLOAT)
[GdPAI | debug]   Snapshotting prop: held_item = Str("") (Variant type: STRING)
[GdPAI | debug]   Snapshotting prop: entity = Nil (Variant type: NIL)
WARNING: [GdPAI] ObjectRef(124621163998): object was freed before callback; returning Nil.
   at: gdplanningai_rust::logger::process_logs (src\logger.rs:66)
   GDScript backtrace (most recent call first):
       [0] _start_plan_and_wait (res://test/integration/test_campfire_example_smoke.gd:57)
[GdPAI | debug] GetCost: callable returned non-numeric value: null; returning INFINITY
WARNING: [GdPAI] ObjectRef(124621163998): object was freed before callback; returning Nil.
   at: gdplanningai_rust::logger::process_logs (src\logger.rs:66)
   GDScript backtrace (most recent call first):
       [0] _process (res://addons/GdPlanningAI/gdpai_autoload.gd:21)
[GdPAI | debug] ApplyEffect [Before] ID=InstanceId(-9223371266512119546): agent props = {"hunger": 70.0627442063492, "held_item": "wood", "entity": null, "at_target": null}
[GdPAI | debug] ApplyEffect [After] ID=InstanceId(-9223371266512119546): agent props = {"hunger": 70.0627442063492, "held_item": "wood", "entity": null, "at_target": null}
[GdPAI | debug]   Snapshotting prop: hunger = Float(70.0627442063492) (Variant type: FLOAT)
[GdPAI | debug]   Snapshotting prop: held_item = Str("wood") (Variant type: STRING)
[GdPAI | debug]   Snapshotting prop: entity = Nil (Variant type: NIL)
[GdPAI | debug]   Snapshotting prop: at_target = Nil (Variant type: NIL)
[GdPAI | debug] Numeric comparison: 70.0627442063492 GreaterThan 0 -> true
WARNING: [GdPAI] ObjectRef(124621163998): object was freed before callback; returning Nil.
   at: gdplanningai_rust::logger::process_logs (src\logger.rs:66)
   GDScript backtrace (most recent call first):
       [0] _start_plan_and_wait (res://test/integration/test_campfire_example_smoke.gd:57)
WARNING: [GdPAI] ObjectRef(124621163998): object was freed before callback; returning Nil.
   at: gdplanningai_rust::logger::process_logs (src\logger.rs:66)
   GDScript backtrace (most recent call first):
       [0] _start_plan_and_wait (res://test/integration/test_campfire_example_smoke.gd:57)
WARNING: [GdPAI] ObjectRef(125208366591): object was freed before callback; returning Nil.
   at: gdplanningai_rust::logger::process_logs (src\logger.rs:66)
   GDScript backtrace (most recent call first):
       [0] _start_plan_and_wait (res://test/integration/test_campfire_example_smoke.gd:57)
WARNING: [GdPAI] ObjectRef(125208366591): object was freed before callback; returning Nil.
   at: gdplanningai_rust::logger::process_logs (src\logger.rs:66)
   GDScript backtrace (most recent call first):
       [0] _start_plan_and_wait (res://test/integration/test_campfire_example_smoke.gd:57)
[GdPAI | debug] GetCost: callable returned non-numeric value: null; returning INFINITY
WARNING: [GdPAI] ObjectRef(124621163998): object was freed before callback; returning Nil.
   at: gdplanningai_rust::logger::process_logs (src\logger.rs:66)
   GDScript backtrace (most recent call first):
       [0] _process (res://addons/GdPlanningAI/gdpai_autoload.gd:21)
WARNING: [GdPAI] ObjectRef(124621163998): object was freed before callback; returning Nil.
   at: gdplanningai_rust::logger::process_logs (src\logger.rs:66)
   GDScript backtrace (most recent call first):
       [0] _process (res://addons/GdPlanningAI/gdpai_autoload.gd:21)
WARNING: [GdPAI] ObjectRef(125208366591): object was freed before callback; returning Nil.
   at: gdplanningai_rust::logger::process_logs (src\logger.rs:66)
   GDScript backtrace (most recent call first):
       [0] _process (res://addons/GdPlanningAI/gdpai_autoload.gd:21)
WARNING: [GdPAI] ObjectRef(125208366591): object was freed before callback; returning Nil.
   at: gdplanningai_rust::logger::process_logs (src\logger.rs:66)
   GDScript backtrace (most recent call first):
       [0] _process (res://addons/GdPlanningAI/gdpai_autoload.gd:21)
[GdPAI | debug] ApplyEffect [Before] ID=InstanceId(-9223371265102833392): agent props = {"at_target": null, "entity": null, "hunger": 70.0627442063492, "held_item": ""}
[GdPAI | debug] ApplyEffect [After] ID=InstanceId(-9223371265102833392): agent props = {"at_target": null, "entity": null, "hunger": 70.0627442063492, "held_item": ""}
[GdPAI | debug]   Snapshotting prop: at_target = Nil (Variant type: NIL)
[GdPAI | debug]   Snapshotting prop: entity = Nil (Variant type: NIL)
[GdPAI | debug]   Snapshotting prop: hunger = Float(70.0627442063492) (Variant type: FLOAT)
[GdPAI | debug]   Snapshotting prop: held_item = Str("") (Variant type: STRING)
WARNING: [GdPAI] ObjectRef(124621163998): object was freed before callback; returning Nil.
   at: gdplanningai_rust::logger::process_logs (src\logger.rs:66)
   GDScript backtrace (most recent call first):
       [0] _start_plan_and_wait (res://test/integration/test_campfire_example_smoke.gd:57)
WARNING: [GdPAI] ObjectRef(125208366591): object was freed before callback; returning Nil.
   at: gdplanningai_rust::logger::process_logs (src\logger.rs:66)
   GDScript backtrace (most recent call first):
       [0] _start_plan_and_wait (res://test/integration/test_campfire_example_smoke.gd:57)
WARNING: [GdPAI] ObjectRef(125208366591): object was freed before callback; returning Nil.
   at: gdplanningai_rust::logger::process_logs (src\logger.rs:66)
   GDScript backtrace (most recent call first):
       [0] _start_plan_and_wait (res://test/integration/test_campfire_example_smoke.gd:57)
[GdPAI | debug] GetCost: callable returned non-numeric value: null; returning INFINITY
WARNING: [GdPAI] ObjectRef(124621163998): object was freed before callback; returning Nil.
   at: gdplanningai_rust::logger::process_logs (src\logger.rs:66)
   GDScript backtrace (most recent call first):
       [0] _process (res://addons/GdPlanningAI/gdpai_autoload.gd:21)
WARNING: [GdPAI] ObjectRef(125208366591): object was freed before callback; returning Nil.
   at: gdplanningai_rust::logger::process_logs (src\logger.rs:66)
   GDScript backtrace (most recent call first):
       [0] _process (res://addons/GdPlanningAI/gdpai_autoload.gd:21)
WARNING: [GdPAI] ObjectRef(125208366591): object was freed before callback; returning Nil.
   at: gdplanningai_rust::logger::process_logs (src\logger.rs:66)
   GDScript backtrace (most recent call first):
       [0] _process (res://addons/GdPlanningAI/gdpai_autoload.gd:21)
[GdPAI | debug] ApplyEffect [Before] ID=InstanceId(-9223371263592884018): agent props = {"entity": null, "at_target": null, "hunger": 70.0627442063492, "held_item": ""}
[GdPAI | debug] ApplyEffect [After] ID=InstanceId(-9223371263592884018): agent props = {"entity": null, "at_target": null, "hunger": 70.0627442063492, "held_item": ""}
[GdPAI | debug]   Snapshotting prop: entity = Nil (Variant type: NIL)
[GdPAI | debug]   Snapshotting prop: at_target = Nil (Variant type: NIL)
[GdPAI | debug]   Snapshotting prop: hunger = Float(70.0627442063492) (Variant type: FLOAT)
[GdPAI | debug]   Snapshotting prop: held_item = Str("") (Variant type: STRING)
WARNING: [GdPAI] ObjectRef(124621163998): object was freed before callback; returning Nil.
   at: gdplanningai_rust::logger::process_logs (src\logger.rs:66)
   GDScript backtrace (most recent call first):
       [0] _start_plan_and_wait (res://test/integration/test_campfire_example_smoke.gd:57)
WARNING: [GdPAI] ObjectRef(124134624705): object was freed before callback; returning Nil.
   at: gdplanningai_rust::logger::process_logs (src\logger.rs:66)
   GDScript backtrace (most recent call first):
       [0] _start_plan_and_wait (res://test/integration/test_campfire_example_smoke.gd:57)
WARNING: [GdPAI] ObjectRef(124134624705): object was freed before callback; returning Nil.
   at: gdplanningai_rust::logger::process_logs (src\logger.rs:66)
   GDScript backtrace (most recent call first):
       [0] _start_plan_and_wait (res://test/integration/test_campfire_example_smoke.gd:57)
[GdPAI | debug] GetCost: callable returned non-numeric value: null; returning INFINITY
WARNING: [GdPAI] ObjectRef(124621163998): object was freed before callback; returning Nil.
   at: gdplanningai_rust::logger::process_logs (src\logger.rs:66)
   GDScript backtrace (most recent call first):
       [0] _process (res://addons/GdPlanningAI/gdpai_autoload.gd:21)
WARNING: [GdPAI] ObjectRef(124134624705): object was freed before callback; returning Nil.
   at: gdplanningai_rust::logger::process_logs (src\logger.rs:66)
   GDScript backtrace (most recent call first):
       [0] _process (res://addons/GdPlanningAI/gdpai_autoload.gd:21)
WARNING: [GdPAI] ObjectRef(124134624705): object was freed before callback; returning Nil.
   at: gdplanningai_rust::logger::process_logs (src\logger.rs:66)
   GDScript backtrace (most recent call first):
       [0] _process (res://addons/GdPlanningAI/gdpai_autoload.gd:21)
[GdPAI | debug] ApplyEffect [Before] ID=InstanceId(-9223371262133266133): agent props = {"held_item": "", "entity": null, "hunger": 70.0627442063492, "at_target": null}
[GdPAI | debug] ApplyEffect [After] ID=InstanceId(-9223371262133266133): agent props = {"held_item": "", "entity": null, "hunger": 70.0627442063492, "at_target": null}
[GdPAI | debug]   Snapshotting prop: held_item = Str("") (Variant type: STRING)
[GdPAI | debug]   Snapshotting prop: entity = Nil (Variant type: NIL)
[GdPAI | debug]   Snapshotting prop: hunger = Float(70.0627442063492) (Variant type: FLOAT)
[GdPAI | debug]   Snapshotting prop: at_target = Nil (Variant type: NIL)
WARNING: [GdPAI] ObjectRef(124621163998): object was freed before callback; returning Nil.
   at: gdplanningai_rust::logger::process_logs (src\logger.rs:66)
   GDScript backtrace (most recent call first):
       [0] _start_plan_and_wait (res://test/integration/test_campfire_example_smoke.gd:57)
WARNING: [GdPAI] ObjectRef(124134624705): object was freed before callback; returning Nil.
   at: gdplanningai_rust::logger::process_logs (src\logger.rs:66)
   GDScript backtrace (most recent call first):
       [0] _start_plan_and_wait (res://test/integration/test_campfire_example_smoke.gd:57)
WARNING: [GdPAI] ObjectRef(124134624705): object was freed before callback; returning Nil.
   at: gdplanningai_rust::logger::process_logs (src\logger.rs:66)
   GDScript backtrace (most recent call first):
       [0] _start_plan_and_wait (res://test/integration/test_campfire_example_smoke.gd:57)
[GdPAI | debug] GetCost: callable returned non-numeric value: null; returning INFINITY
WARNING: [GdPAI] ObjectRef(124621163998): object was freed before callback; returning Nil.
   at: gdplanningai_rust::logger::process_logs (src\logger.rs:66)
   GDScript backtrace (most recent call first):
       [0] _process (res://addons/GdPlanningAI/gdpai_autoload.gd:21)
WARNING: [GdPAI] ObjectRef(124134624705): object was freed before callback; returning Nil.
   at: gdplanningai_rust::logger::process_logs (src\logger.rs:66)
   GDScript backtrace (most recent call first):
       [0] _process (res://addons/GdPlanningAI/gdpai_autoload.gd:21)
WARNING: [GdPAI] ObjectRef(124134624705): object was freed before callback; returning Nil.
   at: gdplanningai_rust::logger::process_logs (src\logger.rs:66)
   GDScript backtrace (most recent call first):
       [0] _process (res://addons/GdPlanningAI/gdpai_autoload.gd:21)
[GdPAI | debug] ApplyEffect [Before] ID=InstanceId(-9223371260673648324): agent props = {"hunger": 70.0627442063492, "entity": null, "held_item": "", "at_target": null}
[GdPAI | debug] ApplyEffect [After] ID=InstanceId(-9223371260673648324): agent props = {"hunger": 70.0627442063492, "entity": null, "held_item": "", "at_target": null}
[GdPAI | debug]   Snapshotting prop: hunger = Float(70.0627442063492) (Variant type: FLOAT)
[GdPAI | debug]   Snapshotting prop: entity = Nil (Variant type: NIL)
[GdPAI | debug]   Snapshotting prop: held_item = Str("") (Variant type: STRING)
[GdPAI | debug]   Snapshotting prop: at_target = Nil (Variant type: NIL)
WARNING: [GdPAI] ObjectRef(124621163998): object was freed before callback; returning Nil.
   at: gdplanningai_rust::logger::process_logs (src\logger.rs:66)
   GDScript backtrace (most recent call first):
       [0] _start_plan_and_wait (res://test/integration/test_campfire_example_smoke.gd:57)
[GdPAI | debug] GetCost: callable returned non-numeric value: null; returning INFINITY
WARNING: [GdPAI] ObjectRef(124621163998): object was freed before callback; returning Nil.
   at: gdplanningai_rust::logger::process_logs (src\logger.rs:66)
   GDScript backtrace (most recent call first):
       [0] _process (res://addons/GdPlanningAI/gdpai_autoload.gd:21)
[GdPAI | debug] ApplyEffect [Before] ID=InstanceId(-9223371259314693877): agent props = {"entity": null, "at_target": null, "held_item": "wood", "hunger": 70.0627442063492}
[GdPAI | debug] ApplyEffect [After] ID=InstanceId(-9223371259314693877): agent props = {"entity": null, "at_target": null, "held_item": "wood", "hunger": 70.0627442063492}
[GdPAI | debug]   Snapshotting prop: entity = Nil (Variant type: NIL)
[GdPAI | debug]   Snapshotting prop: at_target = Nil (Variant type: NIL)
[GdPAI | debug]   Snapshotting prop: held_item = Str("wood") (Variant type: STRING)
[GdPAI | debug]   Snapshotting prop: hunger = Float(70.0627442063492) (Variant type: FLOAT)
WARNING: [GdPAI] ObjectRef(124621163998): object was freed before callback; returning Nil.
   at: gdplanningai_rust::logger::process_logs (src\logger.rs:66)
   GDScript backtrace (most recent call first):
       [0] _start_plan_and_wait (res://test/integration/test_campfire_example_smoke.gd:57)
WARNING: [GdPAI] ObjectRef(124621163998): object was freed before callback; returning Nil.
   at: gdplanningai_rust::logger::process_logs (src\logger.rs:66)
   GDScript backtrace (most recent call first):
       [0] _start_plan_and_wait (res://test/integration/test_campfire_example_smoke.gd:57)
[GdPAI | debug] GetCost: callable returned non-numeric value: null; returning INFINITY
WARNING: [GdPAI] ObjectRef(124621163998): object was freed before callback; returning Nil.
   at: gdplanningai_rust::logger::process_logs (src\logger.rs:66)
   GDScript backtrace (most recent call first):
       [0] _process (res://addons/GdPlanningAI/gdpai_autoload.gd:21)
WARNING: [GdPAI] ObjectRef(124621163998): object was freed before callback; returning Nil.
   at: gdplanningai_rust::logger::process_logs (src\logger.rs:66)
   GDScript backtrace (most recent call first):
       [0] _process (res://addons/GdPlanningAI/gdpai_autoload.gd:21)
[GdPAI | debug] ApplyEffect [Before] ID=InstanceId(-9223371258006070960): agent props = {"held_item": "", "hunger": 70.0627442063492, "entity": null}
[GdPAI | debug] ApplyEffect [After] ID=InstanceId(-9223371258006070960): agent props = {"held_item": "", "hunger": 70.0627442063492, "entity": null}
[GdPAI | debug]   Snapshotting prop: held_item = Str("") (Variant type: STRING)
[GdPAI | debug]   Snapshotting prop: hunger = Float(70.0627442063492) (Variant type: FLOAT)
[GdPAI | debug]   Snapshotting prop: entity = Nil (Variant type: NIL)
WARNING: [GdPAI] ObjectRef(124621163998): object was freed before callback; returning Nil.
   at: gdplanningai_rust::logger::process_logs (src\logger.rs:66)
   GDScript backtrace (most recent call first):
       [0] _start_plan_and_wait (res://test/integration/test_campfire_example_smoke.gd:57)
[GdPAI | debug] GetCost: callable returned non-numeric value: null; returning INFINITY
WARNING: [GdPAI] ObjectRef(124621163998): object was freed before callback; returning Nil.
   at: gdplanningai_rust::logger::process_logs (src\logger.rs:66)
   GDScript backtrace (most recent call first):
       [0] _process (res://addons/GdPlanningAI/gdpai_autoload.gd:21)
[GdPAI | debug] ApplyEffect [Before] ID=InstanceId(-9223371256697448091): agent props = {"entity": null, "held_item": "", "hunger": 70.0627442063492}
[GdPAI | debug] ApplyEffect [After] ID=InstanceId(-9223371256697448091): agent props = {"entity": null, "held_item": "", "hunger": 70.0627442063492}
[GdPAI | debug]   Snapshotting prop: entity = Nil (Variant type: NIL)
[GdPAI | debug]   Snapshotting prop: held_item = Str("") (Variant type: STRING)
[GdPAI | debug]   Snapshotting prop: hunger = Float(70.0627442063492) (Variant type: FLOAT)
WARNING: [GdPAI] ObjectRef(124621163998): object was freed before callback; returning Nil.
   at: gdplanningai_rust::logger::process_logs (src\logger.rs:66)
   GDScript backtrace (most recent call first):
       [0] _start_plan_and_wait (res://test/integration/test_campfire_example_smoke.gd:57)
WARNING: [GdPAI] ObjectRef(124134624705): object was freed before callback; returning Nil.
   at: gdplanningai_rust::logger::process_logs (src\logger.rs:66)
   GDScript backtrace (most recent call first):
       [0] _start_plan_and_wait (res://test/integration/test_campfire_example_smoke.gd:57)
WARNING: [GdPAI] ObjectRef(124134624705): object was freed before callback; returning Nil.
   at: gdplanningai_rust::logger::process_logs (src\logger.rs:66)
   GDScript backtrace (most recent call first):
       [0] _start_plan_and_wait (res://test/integration/test_campfire_example_smoke.gd:57)
[GdPAI | debug] GetCost: callable returned non-numeric value: null; returning INFINITY
WARNING: [GdPAI] ObjectRef(124621163998): object was freed before callback; returning Nil.
   at: gdplanningai_rust::logger::process_logs (src\logger.rs:66)
   GDScript backtrace (most recent call first):
       [0] _process (res://addons/GdPlanningAI/gdpai_autoload.gd:21)
WARNING: [GdPAI] ObjectRef(124134624705): object was freed before callback; returning Nil.
   at: gdplanningai_rust::logger::process_logs (src\logger.rs:66)
   GDScript backtrace (most recent call first):
       [0] _process (res://addons/GdPlanningAI/gdpai_autoload.gd:21)
WARNING: [GdPAI] ObjectRef(124134624705): object was freed before callback; returning Nil.
   at: gdplanningai_rust::logger::process_logs (src\logger.rs:66)
   GDScript backtrace (most recent call first):
       [0] _process (res://addons/GdPlanningAI/gdpai_autoload.gd:21)
[GdPAI | debug] ApplyEffect [Before] ID=InstanceId(-9223371255338493589): agent props = {"at_target": null, "hunger": 70.0627442063492, "held_item": "", "entity": null}
[GdPAI | debug] ApplyEffect [After] ID=InstanceId(-9223371255338493589): agent props = {"at_target": null, "hunger": 70.0627442063492, "held_item": "", "entity": null}
[GdPAI | debug]   Snapshotting prop: at_target = Nil (Variant type: NIL)
[GdPAI | debug]   Snapshotting prop: hunger = Float(70.0627442063492) (Variant type: FLOAT)
[GdPAI | debug]   Snapshotting prop: held_item = Str("") (Variant type: STRING)
[GdPAI | debug]   Snapshotting prop: entity = Nil (Variant type: NIL)
WARNING: [GdPAI] ObjectRef(124621163998): object was freed before callback; returning Nil.
   at: gdplanningai_rust::logger::process_logs (src\logger.rs:66)
   GDScript backtrace (most recent call first):
       [0] _start_plan_and_wait (res://test/integration/test_campfire_example_smoke.gd:57)
WARNING: [GdPAI] ObjectRef(124134624705): object was freed before callback; returning Nil.
   at: gdplanningai_rust::logger::process_logs (src\logger.rs:66)
   GDScript backtrace (most recent call first):
       [0] _start_plan_and_wait (res://test/integration/test_campfire_example_smoke.gd:57)
WARNING: [GdPAI] ObjectRef(124134624705): object was freed before callback; returning Nil.
   at: gdplanningai_rust::logger::process_logs (src\logger.rs:66)
   GDScript backtrace (most recent call first):
       [0] _start_plan_and_wait (res://test/integration/test_campfire_example_smoke.gd:57)
[GdPAI | debug] GetCost: callable returned non-numeric value: null; returning INFINITY
WARNING: [GdPAI] ObjectRef(124621163998): object was freed before callback; returning Nil.
   at: gdplanningai_rust::logger::process_logs (src\logger.rs:66)
   GDScript backtrace (most recent call first):
       [0] _process (res://addons/GdPlanningAI/gdpai_autoload.gd:21)
WARNING: [GdPAI] ObjectRef(124134624705): object was freed before callback; returning Nil.
   at: gdplanningai_rust::logger::process_logs (src\logger.rs:66)
   GDScript backtrace (most recent call first):
       [0] _process (res://addons/GdPlanningAI/gdpai_autoload.gd:21)
WARNING: [GdPAI] ObjectRef(124134624705): object was freed before callback; returning Nil.
   at: gdplanningai_rust::logger::process_logs (src\logger.rs:66)
   GDScript backtrace (most recent call first):
       [0] _process (res://addons/GdPlanningAI/gdpai_autoload.gd:21)
[GdPAI | debug] ApplyEffect [Before] ID=InstanceId(-9223371253878875775): agent props = {"at_target": null, "entity": null, "hunger": 70.0627442063492, "held_item": ""}
[GdPAI | debug] ApplyEffect [After] ID=InstanceId(-9223371253878875775): agent props = {"at_target": null, "entity": null, "hunger": 70.0627442063492, "held_item": ""}
[GdPAI | debug]   Snapshotting prop: at_target = Nil (Variant type: NIL)
[GdPAI | debug]   Snapshotting prop: entity = Nil (Variant type: NIL)
[GdPAI | debug]   Snapshotting prop: hunger = Float(70.0627442063492) (Variant type: FLOAT)
[GdPAI | debug]   Snapshotting prop: held_item = Str("") (Variant type: STRING)
WARNING: [GdPAI] ObjectRef(124621163998): object was freed before callback; returning Nil.
   at: gdplanningai_rust::logger::process_logs (src\logger.rs:66)
   GDScript backtrace (most recent call first):
       [0] _start_plan_and_wait (res://test/integration/test_campfire_example_smoke.gd:57)
[GdPAI | debug] GetCost: callable returned non-numeric value: null; returning INFINITY
WARNING: [GdPAI] ObjectRef(124621163998): object was freed before callback; returning Nil.
   at: gdplanningai_rust::logger::process_logs (src\logger.rs:66)
   GDScript backtrace (most recent call first):
       [0] _process (res://addons/GdPlanningAI/gdpai_autoload.gd:21)
[GdPAI | debug] ApplyEffect [Before] ID=InstanceId(-9223371252519921286): agent props = {"hunger": 70.0627442063492, "held_item": "wood", "at_target": null, "entity": null}
[GdPAI | debug] ApplyEffect [After] ID=InstanceId(-9223371252519921286): agent props = {"hunger": 70.0627442063492, "held_item": "wood", "at_target": null, "entity": null}
[GdPAI | debug]   Snapshotting prop: hunger = Float(70.0627442063492) (Variant type: FLOAT)
[GdPAI | debug]   Snapshotting prop: held_item = Str("wood") (Variant type: STRING)
[GdPAI | debug]   Snapshotting prop: at_target = Nil (Variant type: NIL)
[GdPAI | debug]   Snapshotting prop: entity = Nil (Variant type: NIL)
WARNING: [GdPAI] ObjectRef(124621163998): object was freed before callback; returning Nil.
   at: gdplanningai_rust::logger::process_logs (src\logger.rs:66)
   GDScript backtrace (most recent call first):
       [0] _start_plan_and_wait (res://test/integration/test_campfire_example_smoke.gd:57)
WARNING: [GdPAI] ObjectRef(124621163998): object was freed before callback; returning Nil.
   at: gdplanningai_rust::logger::process_logs (src\logger.rs:66)
   GDScript backtrace (most recent call first):
       [0] _start_plan_and_wait (res://test/integration/test_campfire_example_smoke.gd:57)
[GdPAI | debug] GetCost: callable returned non-numeric value: null; returning INFINITY
WARNING: [GdPAI] ObjectRef(124621163998): object was freed before callback; returning Nil.
   at: gdplanningai_rust::logger::process_logs (src\logger.rs:66)
   GDScript backtrace (most recent call first):
       [0] _process (res://addons/GdPlanningAI/gdpai_autoload.gd:21)
WARNING: [GdPAI] ObjectRef(124621163998): object was freed before callback; returning Nil.
   at: gdplanningai_rust::logger::process_logs (src\logger.rs:66)
   GDScript backtrace (most recent call first):
       [0] _process (res://addons/GdPlanningAI/gdpai_autoload.gd:21)
[GdPAI | debug] ApplyEffect [Before] ID=InstanceId(-9223371251211298398): agent props = {"held_item": "", "hunger": 70.0627442063492, "entity": null}
[GdPAI | debug] ApplyEffect [After] ID=InstanceId(-9223371251211298398): agent props = {"held_item": "", "hunger": 70.0627442063492, "entity": null}
[GdPAI | debug]   Snapshotting prop: held_item = Str("") (Variant type: STRING)
[GdPAI | debug]   Snapshotting prop: hunger = Float(70.0627442063492) (Variant type: FLOAT)
[GdPAI | debug]   Snapshotting prop: entity = Nil (Variant type: NIL)
WARNING: [GdPAI] ObjectRef(124621163998): object was freed before callback; returning Nil.
   at: gdplanningai_rust::logger::process_logs (src\logger.rs:66)
   GDScript backtrace (most recent call first):
       [0] _start_plan_and_wait (res://test/integration/test_campfire_example_smoke.gd:57)
[GdPAI | debug] GetCost: callable returned non-numeric value: null; returning INFINITY
WARNING: [GdPAI] ObjectRef(124621163998): object was freed before callback; returning Nil.
   at: gdplanningai_rust::logger::process_logs (src\logger.rs:66)
   GDScript backtrace (most recent call first):
       [0] _process (res://addons/GdPlanningAI/gdpai_autoload.gd:21)
[GdPAI | debug] ApplyEffect [Before] ID=InstanceId(-9223371249902675563): agent props = {"entity": null, "held_item": "", "hunger": 70.0627442063492}
[GdPAI | debug] ApplyEffect [After] ID=InstanceId(-9223371249902675563): agent props = {"entity": null, "held_item": "", "hunger": 70.0627442063492}
[GdPAI | debug]   Snapshotting prop: entity = Nil (Variant type: NIL)
[GdPAI | debug]   Snapshotting prop: held_item = Str("") (Variant type: STRING)
[GdPAI | debug]   Snapshotting prop: hunger = Float(70.0627442063492) (Variant type: FLOAT)
WARNING: [GdPAI] ObjectRef(124621163998): object was freed before callback; returning Nil.
   at: gdplanningai_rust::logger::process_logs (src\logger.rs:66)
   GDScript backtrace (most recent call first):
       [0] _start_plan_and_wait (res://test/integration/test_campfire_example_smoke.gd:57)
WARNING: [GdPAI] ObjectRef(124134624705): object was freed before callback; returning Nil.
   at: gdplanningai_rust::logger::process_logs (src\logger.rs:66)
   GDScript backtrace (most recent call first):
       [0] _start_plan_and_wait (res://test/integration/test_campfire_example_smoke.gd:57)
WARNING: [GdPAI] ObjectRef(124134624705): object was freed before callback; returning Nil.
   at: gdplanningai_rust::logger::process_logs (src\logger.rs:66)
   GDScript backtrace (most recent call first):
       [0] _start_plan_and_wait (res://test/integration/test_campfire_example_smoke.gd:57)
[GdPAI | debug] GetCost: callable returned non-numeric value: null; returning INFINITY
WARNING: [GdPAI] ObjectRef(124621163998): object was freed before callback; returning Nil.
   at: gdplanningai_rust::logger::process_logs (src\logger.rs:66)
   GDScript backtrace (most recent call first):
       [0] _process (res://addons/GdPlanningAI/gdpai_autoload.gd:21)
WARNING: [GdPAI] ObjectRef(124134624705): object was freed before callback; returning Nil.
   at: gdplanningai_rust::logger::process_logs (src\logger.rs:66)
   GDScript backtrace (most recent call first):
       [0] _process (res://addons/GdPlanningAI/gdpai_autoload.gd:21)
WARNING: [GdPAI] ObjectRef(124134624705): object was freed before callback; returning Nil.
   at: gdplanningai_rust::logger::process_logs (src\logger.rs:66)
   GDScript backtrace (most recent call first):
       [0] _process (res://addons/GdPlanningAI/gdpai_autoload.gd:21)
[GdPAI | debug] ApplyEffect [Before] ID=InstanceId(-9223371248543721039): agent props = {"at_target": null, "hunger": 70.0627442063492, "entity": null, "held_item": ""}
[GdPAI | debug] ApplyEffect [After] ID=InstanceId(-9223371248543721039): agent props = {"at_target": null, "hunger": 70.0627442063492, "entity": null, "held_item": ""}
[GdPAI | debug]   Snapshotting prop: at_target = Nil (Variant type: NIL)
[GdPAI | debug]   Snapshotting prop: hunger = Float(70.0627442063492) (Variant type: FLOAT)
[GdPAI | debug]   Snapshotting prop: entity = Nil (Variant type: NIL)
[GdPAI | debug]   Snapshotting prop: held_item = Str("") (Variant type: STRING)
WARNING: [GdPAI] ObjectRef(124621163998): object was freed before callback; returning Nil.
   at: gdplanningai_rust::logger::process_logs (src\logger.rs:66)
   GDScript backtrace (most recent call first):
       [0] _start_plan_and_wait (res://test/integration/test_campfire_example_smoke.gd:57)
WARNING: [GdPAI] ObjectRef(124134624705): object was freed before callback; returning Nil.
   at: gdplanningai_rust::logger::process_logs (src\logger.rs:66)
   GDScript backtrace (most recent call first):
       [0] _start_plan_and_wait (res://test/integration/test_campfire_example_smoke.gd:57)
WARNING: [GdPAI] ObjectRef(124134624705): object was freed before callback; returning Nil.
   at: gdplanningai_rust::logger::process_logs (src\logger.rs:66)
   GDScript backtrace (most recent call first):
       [0] _start_plan_and_wait (res://test/integration/test_campfire_example_smoke.gd:57)
[GdPAI | debug] GetCost: callable returned non-numeric value: null; returning INFINITY
WARNING: [GdPAI] ObjectRef(124621163998): object was freed before callback; returning Nil.
   at: gdplanningai_rust::logger::process_logs (src\logger.rs:66)
   GDScript backtrace (most recent call first):
       [0] _process (res://addons/GdPlanningAI/gdpai_autoload.gd:21)
WARNING: [GdPAI] ObjectRef(124134624705): object was freed before callback; returning Nil.
   at: gdplanningai_rust::logger::process_logs (src\logger.rs:66)
   GDScript backtrace (most recent call first):
       [0] _process (res://addons/GdPlanningAI/gdpai_autoload.gd:21)
WARNING: [GdPAI] ObjectRef(124134624705): object was freed before callback; returning Nil.
   at: gdplanningai_rust::logger::process_logs (src\logger.rs:66)
   GDScript backtrace (most recent call first):
       [0] _process (res://addons/GdPlanningAI/gdpai_autoload.gd:21)
[GdPAI | debug] ApplyEffect [Before] ID=InstanceId(-9223371247084103235): agent props = {"held_item": "", "entity": null, "at_target": null, "hunger": 70.0627442063492}
[GdPAI | debug] ApplyEffect [After] ID=InstanceId(-9223371247084103235): agent props = {"held_item": "", "entity": null, "at_target": null, "hunger": 70.0627442063492}
[GdPAI | debug]   Snapshotting prop: held_item = Str("") (Variant type: STRING)
[GdPAI | debug]   Snapshotting prop: entity = Nil (Variant type: NIL)
[GdPAI | debug]   Snapshotting prop: at_target = Nil (Variant type: NIL)
[GdPAI | debug]   Snapshotting prop: hunger = Float(70.0627442063492) (Variant type: FLOAT)
WARNING: [GdPAI] ObjectRef(124621163998): object was freed before callback; returning Nil.
   at: gdplanningai_rust::logger::process_logs (src\logger.rs:66)
   GDScript backtrace (most recent call first):
       [0] _start_plan_and_wait (res://test/integration/test_campfire_example_smoke.gd:57)
[GdPAI | debug] GetCost: callable returned non-numeric value: null; returning INFINITY
WARNING: [GdPAI] ObjectRef(124621163998): object was freed before callback; returning Nil.
   at: gdplanningai_rust::logger::process_logs (src\logger.rs:66)
   GDScript backtrace (most recent call first):
       [0] _process (res://addons/GdPlanningAI/gdpai_autoload.gd:21)
[GdPAI | debug] ApplyEffect [Before] ID=InstanceId(-9223371245725148722): agent props = {"at_target": null, "entity": null, "held_item": "wood", "hunger": 70.0627442063492}
[GdPAI | debug] ApplyEffect [After] ID=InstanceId(-9223371245725148722): agent props = {"at_target": null, "entity": null, "held_item": "wood", "hunger": 70.0627442063492}
[GdPAI | debug]   Snapshotting prop: at_target = Nil (Variant type: NIL)
[GdPAI | debug]   Snapshotting prop: entity = Nil (Variant type: NIL)
[GdPAI | debug]   Snapshotting prop: held_item = Str("wood") (Variant type: STRING)
[GdPAI | debug]   Snapshotting prop: hunger = Float(70.0627442063492) (Variant type: FLOAT)
WARNING: [GdPAI] ObjectRef(124621163998): object was freed before callback; returning Nil.
   at: gdplanningai_rust::logger::process_logs (src\logger.rs:66)
   GDScript backtrace (most recent call first):
       [0] _start_plan_and_wait (res://test/integration/test_campfire_example_smoke.gd:57)
WARNING: [GdPAI] ObjectRef(124621163998): object was freed before callback; returning Nil.
   at: gdplanningai_rust::logger::process_logs (src\logger.rs:66)
   GDScript backtrace (most recent call first):
       [0] _start_plan_and_wait (res://test/integration/test_campfire_example_smoke.gd:57)
[GdPAI | debug] GetCost: callable returned non-numeric value: null; returning INFINITY
WARNING: [GdPAI] ObjectRef(124621163998): object was freed before callback; returning Nil.
   at: gdplanningai_rust::logger::process_logs (src\logger.rs:66)
   GDScript backtrace (most recent call first):
       [0] _process (res://addons/GdPlanningAI/gdpai_autoload.gd:21)
WARNING: [GdPAI] ObjectRef(124621163998): object was freed before callback; returning Nil.
   at: gdplanningai_rust::logger::process_logs (src\logger.rs:66)
   GDScript backtrace (most recent call first):
       [0] _process (res://addons/GdPlanningAI/gdpai_autoload.gd:21)
[GdPAI | debug] ApplyEffect [Before] ID=InstanceId(-9223371244416525883): agent props = {"hunger": 70.0627442063492, "entity": null, "held_item": ""}
[GdPAI | debug] ApplyEffect [After] ID=InstanceId(-9223371244416525883): agent props = {"hunger": 70.0627442063492, "entity": null, "held_item": ""}
[GdPAI | debug]   Snapshotting prop: hunger = Float(70.0627442063492) (Variant type: FLOAT)
[GdPAI | debug]   Snapshotting prop: entity = Nil (Variant type: NIL)
[GdPAI | debug]   Snapshotting prop: held_item = Str("") (Variant type: STRING)
WARNING: [GdPAI] ObjectRef(124621163998): object was freed before callback; returning Nil.
   at: gdplanningai_rust::logger::process_logs (src\logger.rs:66)
   GDScript backtrace (most recent call first):
       [0] _start_plan_and_wait (res://test/integration/test_campfire_example_smoke.gd:57)
[GdPAI | debug] GetCost: callable returned non-numeric value: null; returning INFINITY
WARNING: [GdPAI] ObjectRef(124621163998): object was freed before callback; returning Nil.
   at: gdplanningai_rust::logger::process_logs (src\logger.rs:66)
   GDScript backtrace (most recent call first):
       [0] _process (res://addons/GdPlanningAI/gdpai_autoload.gd:21)
[GdPAI | debug] ApplyEffect [Before] ID=InstanceId(-9223371243107903052): agent props = {"held_item": "", "hunger": 70.0627442063492, "entity": null}
[GdPAI | debug] ApplyEffect [After] ID=InstanceId(-9223371243107903052): agent props = {"held_item": "", "hunger": 70.0627442063492, "entity": null}
[GdPAI | debug]   Snapshotting prop: held_item = Str("") (Variant type: STRING)
[GdPAI | debug]   Snapshotting prop: hunger = Float(70.0627442063492) (Variant type: FLOAT)
[GdPAI | debug]   Snapshotting prop: entity = Nil (Variant type: NIL)
WARNING: [GdPAI] ObjectRef(124621163998): object was freed before callback; returning Nil.
   at: gdplanningai_rust::logger::process_logs (src\logger.rs:66)
   GDScript backtrace (most recent call first):
       [0] _start_plan_and_wait (res://test/integration/test_campfire_example_smoke.gd:57)
WARNING: [GdPAI] ObjectRef(124134624705): object was freed before callback; returning Nil.
   at: gdplanningai_rust::logger::process_logs (src\logger.rs:66)
   GDScript backtrace (most recent call first):
       [0] _start_plan_and_wait (res://test/integration/test_campfire_example_smoke.gd:57)
WARNING: [GdPAI] ObjectRef(124134624705): object was freed before callback; returning Nil.
   at: gdplanningai_rust::logger::process_logs (src\logger.rs:66)
   GDScript backtrace (most recent call first):
       [0] _start_plan_and_wait (res://test/integration/test_campfire_example_smoke.gd:57)
[GdPAI | debug] GetCost: callable returned non-numeric value: null; returning INFINITY
WARNING: [GdPAI] ObjectRef(124621163998): object was freed before callback; returning Nil.
   at: gdplanningai_rust::logger::process_logs (src\logger.rs:66)
   GDScript backtrace (most recent call first):
       [0] _process (res://addons/GdPlanningAI/gdpai_autoload.gd:21)
WARNING: [GdPAI] ObjectRef(124134624705): object was freed before callback; returning Nil.
   at: gdplanningai_rust::logger::process_logs (src\logger.rs:66)
   GDScript backtrace (most recent call first):
       [0] _process (res://addons/GdPlanningAI/gdpai_autoload.gd:21)
WARNING: [GdPAI] ObjectRef(124134624705): object was freed before callback; returning Nil.
   at: gdplanningai_rust::logger::process_logs (src\logger.rs:66)
   GDScript backtrace (most recent call first):
       [0] _process (res://addons/GdPlanningAI/gdpai_autoload.gd:21)
[GdPAI | debug] ApplyEffect [Before] ID=InstanceId(-9223371241748948489): agent props = {"held_item": "", "hunger": 70.0627442063492, "entity": null, "at_target": null}
[GdPAI | debug] ApplyEffect [After] ID=InstanceId(-9223371241748948489): agent props = {"held_item": "", "hunger": 70.0627442063492, "entity": null, "at_target": null}
[GdPAI | debug]   Snapshotting prop: held_item = Str("") (Variant type: STRING)
[GdPAI | debug]   Snapshotting prop: hunger = Float(70.0627442063492) (Variant type: FLOAT)
[GdPAI | debug]   Snapshotting prop: entity = Nil (Variant type: NIL)
[GdPAI | debug]   Snapshotting prop: at_target = Nil (Variant type: NIL)
WARNING: [GdPAI] ObjectRef(124621163998): object was freed before callback; returning Nil.
   at: gdplanningai_rust::logger::process_logs (src\logger.rs:66)
   GDScript backtrace (most recent call first):
       [0] _start_plan_and_wait (res://test/integration/test_campfire_example_smoke.gd:57)
WARNING: [GdPAI] ObjectRef(124134624705): object was freed before callback; returning Nil.
   at: gdplanningai_rust::logger::process_logs (src\logger.rs:66)
   GDScript backtrace (most recent call first):
       [0] _start_plan_and_wait (res://test/integration/test_campfire_example_smoke.gd:57)
WARNING: [GdPAI] ObjectRef(124134624705): object was freed before callback; returning Nil.
   at: gdplanningai_rust::logger::process_logs (src\logger.rs:66)
   GDScript backtrace (most recent call first):
       [0] _start_plan_and_wait (res://test/integration/test_campfire_example_smoke.gd:57)
[GdPAI | debug] GetCost: callable returned non-numeric value: null; returning INFINITY
WARNING: [GdPAI] ObjectRef(124621163998): object was freed before callback; returning Nil.
   at: gdplanningai_rust::logger::process_logs (src\logger.rs:66)
   GDScript backtrace (most recent call first):
       [0] _process (res://addons/GdPlanningAI/gdpai_autoload.gd:21)
WARNING: [GdPAI] ObjectRef(124134624705): object was freed before callback; returning Nil.
   at: gdplanningai_rust::logger::process_logs (src\logger.rs:66)
   GDScript backtrace (most recent call first):
       [0] _process (res://addons/GdPlanningAI/gdpai_autoload.gd:21)
WARNING: [GdPAI] ObjectRef(124134624705): object was freed before callback; returning Nil.
   at: gdplanningai_rust::logger::process_logs (src\logger.rs:66)
   GDScript backtrace (most recent call first):
       [0] _process (res://addons/GdPlanningAI/gdpai_autoload.gd:21)
[GdPAI | debug] ApplyEffect [Before] ID=InstanceId(-9223371240289330695): agent props = {"held_item": "", "hunger": 70.0627442063492, "at_target": null, "entity": null}
[GdPAI | debug] ApplyEffect [After] ID=InstanceId(-9223371240289330695): agent props = {"held_item": "", "hunger": 70.0627442063492, "at_target": null, "entity": null}
[GdPAI | debug]   Snapshotting prop: held_item = Str("") (Variant type: STRING)
[GdPAI | debug]   Snapshotting prop: hunger = Float(70.0627442063492) (Variant type: FLOAT)
[GdPAI | debug]   Snapshotting prop: at_target = Nil (Variant type: NIL)
[GdPAI | debug]   Snapshotting prop: entity = Nil (Variant type: NIL)
WARNING: [GdPAI] ObjectRef(124621163998): object was freed before callback; returning Nil.
   at: gdplanningai_rust::logger::process_logs (src\logger.rs:66)
   GDScript backtrace (most recent call first):
       [0] _start_plan_and_wait (res://test/integration/test_campfire_example_smoke.gd:57)
[GdPAI | debug] GetCost: callable returned non-numeric value: null; returning INFINITY
WARNING: [GdPAI] ObjectRef(124621163998): object was freed before callback; returning Nil.
   at: gdplanningai_rust::logger::process_logs (src\logger.rs:66)
   GDScript backtrace (most recent call first):
       [0] _process (res://addons/GdPlanningAI/gdpai_autoload.gd:21)
[GdPAI | debug] ApplyEffect [Before] ID=InstanceId(-9223371238930376184): agent props = {"at_target": null, "held_item": "wood", "hunger": 70.0627442063492, "entity": null}
[GdPAI | debug] ApplyEffect [After] ID=InstanceId(-9223371238930376184): agent props = {"at_target": null, "held_item": "wood", "hunger": 70.0627442063492, "entity": null}
[GdPAI | debug]   Snapshotting prop: at_target = Nil (Variant type: NIL)
[GdPAI | debug]   Snapshotting prop: held_item = Str("wood") (Variant type: STRING)
[GdPAI | debug]   Snapshotting prop: hunger = Float(70.0627442063492) (Variant type: FLOAT)
[GdPAI | debug]   Snapshotting prop: entity = Nil (Variant type: NIL)
WARNING: [GdPAI] ObjectRef(124621163998): object was freed before callback; returning Nil.
   at: gdplanningai_rust::logger::process_logs (src\logger.rs:66)
   GDScript backtrace (most recent call first):
       [0] _start_plan_and_wait (res://test/integration/test_campfire_example_smoke.gd:57)
WARNING: [GdPAI] ObjectRef(124621163998): object was freed before callback; returning Nil.
   at: gdplanningai_rust::logger::process_logs (src\logger.rs:66)
   GDScript backtrace (most recent call first):
       [0] _start_plan_and_wait (res://test/integration/test_campfire_example_smoke.gd:57)
[GdPAI | debug] GetCost: callable returned non-numeric value: null; returning INFINITY
WARNING: [GdPAI] ObjectRef(124621163998): object was freed before callback; returning Nil.
   at: gdplanningai_rust::logger::process_logs (src\logger.rs:66)
   GDScript backtrace (most recent call first):
       [0] _process (res://addons/GdPlanningAI/gdpai_autoload.gd:21)
WARNING: [GdPAI] ObjectRef(124621163998): object was freed before callback; returning Nil.
   at: gdplanningai_rust::logger::process_logs (src\logger.rs:66)
   GDScript backtrace (most recent call first):
       [0] _process (res://addons/GdPlanningAI/gdpai_autoload.gd:21)
[GdPAI | debug] ApplyEffect [Before] ID=InstanceId(-9223371237621753318): agent props = {"entity": null, "hunger": 70.0627442063492, "held_item": ""}
[GdPAI | debug] ApplyEffect [After] ID=InstanceId(-9223371237621753318): agent props = {"entity": null, "hunger": 70.0627442063492, "held_item": ""}
[GdPAI | debug]   Snapshotting prop: entity = Nil (Variant type: NIL)
[GdPAI | debug]   Snapshotting prop: hunger = Float(70.0627442063492) (Variant type: FLOAT)
[GdPAI | debug]   Snapshotting prop: held_item = Str("") (Variant type: STRING)
WARNING: [GdPAI] ObjectRef(124621163998): object was freed before callback; returning Nil.
   at: gdplanningai_rust::logger::process_logs (src\logger.rs:66)
   GDScript backtrace (most recent call first):
       [0] _start_plan_and_wait (res://test/integration/test_campfire_example_smoke.gd:57)
[GdPAI | debug] GetCost: callable returned non-numeric value: null; returning INFINITY
WARNING: [GdPAI] ObjectRef(124621163998): object was freed before callback; returning Nil.
   at: gdplanningai_rust::logger::process_logs (src\logger.rs:66)
   GDScript backtrace (most recent call first):
       [0] _process (res://addons/GdPlanningAI/gdpai_autoload.gd:21)
[GdPAI | debug] ApplyEffect [Before] ID=InstanceId(-9223371236313130461): agent props = {"entity": null, "held_item": "", "hunger": 70.0627442063492}
[GdPAI | debug] ApplyEffect [After] ID=InstanceId(-9223371236313130461): agent props = {"entity": null, "held_item": "", "hunger": 70.0627442063492}
[GdPAI | debug]   Snapshotting prop: entity = Nil (Variant type: NIL)
[GdPAI | debug]   Snapshotting prop: held_item = Str("") (Variant type: STRING)
[GdPAI | debug]   Snapshotting prop: hunger = Float(70.0627442063492) (Variant type: FLOAT)
WARNING: [GdPAI] ObjectRef(124621163998): object was freed before callback; returning Nil.
   at: gdplanningai_rust::logger::process_logs (src\logger.rs:66)
   GDScript backtrace (most recent call first):
       [0] _start_plan_and_wait (res://test/integration/test_campfire_example_smoke.gd:57)
WARNING: [GdPAI] ObjectRef(124134624705): object was freed before callback; returning Nil.
   at: gdplanningai_rust::logger::process_logs (src\logger.rs:66)
   GDScript backtrace (most recent call first):
       [0] _start_plan_and_wait (res://test/integration/test_campfire_example_smoke.gd:57)
WARNING: [GdPAI] ObjectRef(124134624705): object was freed before callback; returning Nil.
   at: gdplanningai_rust::logger::process_logs (src\logger.rs:66)
   GDScript backtrace (most recent call first):
       [0] _start_plan_and_wait (res://test/integration/test_campfire_example_smoke.gd:57)
[GdPAI | debug] GetCost: callable returned non-numeric value: null; returning INFINITY
WARNING: [GdPAI] ObjectRef(124621163998): object was freed before callback; returning Nil.
   at: gdplanningai_rust::logger::process_logs (src\logger.rs:66)
   GDScript backtrace (most recent call first):
       [0] _process (res://addons/GdPlanningAI/gdpai_autoload.gd:21)
WARNING: [GdPAI] ObjectRef(124134624705): object was freed before callback; returning Nil.
   at: gdplanningai_rust::logger::process_logs (src\logger.rs:66)
   GDScript backtrace (most recent call first):
       [0] _process (res://addons/GdPlanningAI/gdpai_autoload.gd:21)
WARNING: [GdPAI] ObjectRef(124134624705): object was freed before callback; returning Nil.
   at: gdplanningai_rust::logger::process_logs (src\logger.rs:66)
   GDScript backtrace (most recent call first):
       [0] _process (res://addons/GdPlanningAI/gdpai_autoload.gd:21)
[GdPAI | debug] ApplyEffect [Before] ID=InstanceId(-9223371234954176008): agent props = {"held_item": "", "at_target": null, "hunger": 70.0627442063492, "entity": null}
[GdPAI | debug] ApplyEffect [After] ID=InstanceId(-9223371234954176008): agent props = {"held_item": "", "at_target": null, "hunger": 70.0627442063492, "entity": null}
[GdPAI | debug]   Snapshotting prop: held_item = Str("") (Variant type: STRING)
[GdPAI | debug]   Snapshotting prop: at_target = Nil (Variant type: NIL)
[GdPAI | debug]   Snapshotting prop: hunger = Float(70.0627442063492) (Variant type: FLOAT)
[GdPAI | debug]   Snapshotting prop: entity = Nil (Variant type: NIL)
WARNING: [GdPAI] ObjectRef(124621163998): object was freed before callback; returning Nil.
   at: gdplanningai_rust::logger::process_logs (src\logger.rs:66)
   GDScript backtrace (most recent call first):
       [0] _start_plan_and_wait (res://test/integration/test_campfire_example_smoke.gd:57)
WARNING: [GdPAI] ObjectRef(124134624705): object was freed before callback; returning Nil.
   at: gdplanningai_rust::logger::process_logs (src\logger.rs:66)
   GDScript backtrace (most recent call first):
       [0] _start_plan_and_wait (res://test/integration/test_campfire_example_smoke.gd:57)
WARNING: [GdPAI] ObjectRef(124134624705): object was freed before callback; returning Nil.
   at: gdplanningai_rust::logger::process_logs (src\logger.rs:66)
   GDScript backtrace (most recent call first):
       [0] _start_plan_and_wait (res://test/integration/test_campfire_example_smoke.gd:57)
[GdPAI | debug] GetCost: callable returned non-numeric value: null; returning INFINITY
WARNING: [GdPAI] ObjectRef(124621163998): object was freed before callback; returning Nil.
   at: gdplanningai_rust::logger::process_logs (src\logger.rs:66)
   GDScript backtrace (most recent call first):
       [0] _process (res://addons/GdPlanningAI/gdpai_autoload.gd:21)
WARNING: [GdPAI] ObjectRef(124134624705): object was freed before callback; returning Nil.
   at: gdplanningai_rust::logger::process_logs (src\logger.rs:66)
   GDScript backtrace (most recent call first):
       [0] _process (res://addons/GdPlanningAI/gdpai_autoload.gd:21)
WARNING: [GdPAI] ObjectRef(124134624705): object was freed before callback; returning Nil.
   at: gdplanningai_rust::logger::process_logs (src\logger.rs:66)
   GDScript backtrace (most recent call first):
       [0] _process (res://addons/GdPlanningAI/gdpai_autoload.gd:21)
[GdPAI | debug] ApplyEffect [Before] ID=InstanceId(-9223371233494558160): agent props = {"entity": null, "hunger": 70.0627442063492, "held_item": "", "at_target": null}
[GdPAI | debug] ApplyEffect [After] ID=InstanceId(-9223371233494558160): agent props = {"entity": null, "hunger": 70.0627442063492, "held_item": "", "at_target": null}
[GdPAI | debug]   Snapshotting prop: entity = Nil (Variant type: NIL)
[GdPAI | debug]   Snapshotting prop: hunger = Float(70.0627442063492) (Variant type: FLOAT)
[GdPAI | debug]   Snapshotting prop: held_item = Str("") (Variant type: STRING)
[GdPAI | debug]   Snapshotting prop: at_target = Nil (Variant type: NIL)
WARNING: [GdPAI] ObjectRef(124621163998): object was freed before callback; returning Nil.
   at: gdplanningai_rust::logger::process_logs (src\logger.rs:66)
   GDScript backtrace (most recent call first):
       [0] _start_plan_and_wait (res://test/integration/test_campfire_example_smoke.gd:57)
[GdPAI | debug] GetCost: callable returned non-numeric value: null; returning INFINITY
WARNING: [GdPAI] ObjectRef(124621163998): object was freed before callback; returning Nil.
   at: gdplanningai_rust::logger::process_logs (src\logger.rs:66)
   GDScript backtrace (most recent call first):
       [0] _process (res://addons/GdPlanningAI/gdpai_autoload.gd:21)
[GdPAI | debug] ApplyEffect [Before] ID=InstanceId(-9223371232135603696): agent props = {"hunger": 70.0627442063492, "at_target": null, "held_item": "wood", "entity": null}
[GdPAI | debug] ApplyEffect [After] ID=InstanceId(-9223371232135603696): agent props = {"hunger": 70.0627442063492, "at_target": null, "held_item": "wood", "entity": null}
[GdPAI | debug]   Snapshotting prop: hunger = Float(70.0627442063492) (Variant type: FLOAT)
[GdPAI | debug]   Snapshotting prop: at_target = Nil (Variant type: NIL)
[GdPAI | debug]   Snapshotting prop: held_item = Str("wood") (Variant type: STRING)
[GdPAI | debug]   Snapshotting prop: entity = Nil (Variant type: NIL)
WARNING: [GdPAI] ObjectRef(124621163998): object was freed before callback; returning Nil.
   at: gdplanningai_rust::logger::process_logs (src\logger.rs:66)
   GDScript backtrace (most recent call first):
       [0] _start_plan_and_wait (res://test/integration/test_campfire_example_smoke.gd:57)
WARNING: [GdPAI] ObjectRef(124621163998): object was freed before callback; returning Nil.
   at: gdplanningai_rust::logger::process_logs (src\logger.rs:66)
   GDScript backtrace (most recent call first):
       [0] _start_plan_and_wait (res://test/integration/test_campfire_example_smoke.gd:57)
[GdPAI | debug] GetCost: callable returned non-numeric value: null; returning INFINITY
WARNING: [GdPAI] ObjectRef(124621163998): object was freed before callback; returning Nil.
   at: gdplanningai_rust::logger::process_logs (src\logger.rs:66)
   GDScript backtrace (most recent call first):
       [0] _process (res://addons/GdPlanningAI/gdpai_autoload.gd:21)
WARNING: [GdPAI] ObjectRef(124621163998): object was freed before callback; returning Nil.
   at: gdplanningai_rust::logger::process_logs (src\logger.rs:66)
   GDScript backtrace (most recent call first):
       [0] _process (res://addons/GdPlanningAI/gdpai_autoload.gd:21)
[GdPAI | debug] ApplyEffect [Before] ID=InstanceId(-9223371230826980804): agent props = {"entity": null, "held_item": "", "hunger": 70.0627442063492}
[GdPAI | debug] ApplyEffect [After] ID=InstanceId(-9223371230826980804): agent props = {"entity": null, "held_item": "", "hunger": 70.0627442063492}
[GdPAI | debug]   Snapshotting prop: entity = Nil (Variant type: NIL)
[GdPAI | debug]   Snapshotting prop: held_item = Str("") (Variant type: STRING)
[GdPAI | debug]   Snapshotting prop: hunger = Float(70.0627442063492) (Variant type: FLOAT)
WARNING: [GdPAI] ObjectRef(124621163998): object was freed before callback; returning Nil.
   at: gdplanningai_rust::logger::process_logs (src\logger.rs:66)
   GDScript backtrace (most recent call first):
       [0] _start_plan_and_wait (res://test/integration/test_campfire_example_smoke.gd:57)
[GdPAI | debug] GetCost: callable returned non-numeric value: null; returning INFINITY
WARNING: [GdPAI] ObjectRef(124621163998): object was freed before callback; returning Nil.
   at: gdplanningai_rust::logger::process_logs (src\logger.rs:66)
   GDScript backtrace (most recent call first):
       [0] _process (res://addons/GdPlanningAI/gdpai_autoload.gd:21)
[GdPAI | debug] ApplyEffect [Before] ID=InstanceId(-9223371229518357925): agent props = {"entity": null, "hunger": 70.0627442063492, "held_item": ""}
[GdPAI | debug] ApplyEffect [After] ID=InstanceId(-9223371229518357925): agent props = {"entity": null, "hunger": 70.0627442063492, "held_item": ""}
[GdPAI | debug]   Snapshotting prop: entity = Nil (Variant type: NIL)
[GdPAI | debug]   Snapshotting prop: hunger = Float(70.0627442063492) (Variant type: FLOAT)
[GdPAI | debug]   Snapshotting prop: held_item = Str("") (Variant type: STRING)
WARNING: [GdPAI] ObjectRef(124621163998): object was freed before callback; returning Nil.
   at: gdplanningai_rust::logger::process_logs (src\logger.rs:66)
   GDScript backtrace (most recent call first):
       [0] _start_plan_and_wait (res://test/integration/test_campfire_example_smoke.gd:57)
WARNING: [GdPAI] ObjectRef(124134624705): object was freed before callback; returning Nil.
   at: gdplanningai_rust::logger::process_logs (src\logger.rs:66)
   GDScript backtrace (most recent call first):
       [0] _start_plan_and_wait (res://test/integration/test_campfire_example_smoke.gd:57)
WARNING: [GdPAI] ObjectRef(124134624705): object was freed before callback; returning Nil.
   at: gdplanningai_rust::logger::process_logs (src\logger.rs:66)
   GDScript backtrace (most recent call first):
       [0] _start_plan_and_wait (res://test/integration/test_campfire_example_smoke.gd:57)
[GdPAI | debug] GetCost: callable returned non-numeric value: null; returning INFINITY
WARNING: [GdPAI] ObjectRef(124621163998): object was freed before callback; returning Nil.
   at: gdplanningai_rust::logger::process_logs (src\logger.rs:66)
   GDScript backtrace (most recent call first):
       [0] _process (res://addons/GdPlanningAI/gdpai_autoload.gd:21)
WARNING: [GdPAI] ObjectRef(124134624705): object was freed before callback; returning Nil.
   at: gdplanningai_rust::logger::process_logs (src\logger.rs:66)
   GDScript backtrace (most recent call first):
       [0] _process (res://addons/GdPlanningAI/gdpai_autoload.gd:21)
WARNING: [GdPAI] ObjectRef(124134624705): object was freed before callback; returning Nil.
   at: gdplanningai_rust::logger::process_logs (src\logger.rs:66)
   GDScript backtrace (most recent call first):
       [0] _process (res://addons/GdPlanningAI/gdpai_autoload.gd:21)
[GdPAI | debug] ApplyEffect [Before] ID=InstanceId(-9223371228159403416): agent props = {"entity": null, "at_target": null, "held_item": "", "hunger": 70.0627442063492}
[GdPAI | debug] ApplyEffect [After] ID=InstanceId(-9223371228159403416): agent props = {"entity": null, "at_target": null, "held_item": "", "hunger": 70.0627442063492}
[GdPAI | debug]   Snapshotting prop: entity = Nil (Variant type: NIL)
[GdPAI | debug]   Snapshotting prop: at_target = Nil (Variant type: NIL)
[GdPAI | debug]   Snapshotting prop: held_item = Str("") (Variant type: STRING)
[GdPAI | debug]   Snapshotting prop: hunger = Float(70.0627442063492) (Variant type: FLOAT)
WARNING: [GdPAI] ObjectRef(124621163998): object was freed before callback; returning Nil.
   at: gdplanningai_rust::logger::process_logs (src\logger.rs:66)
   GDScript backtrace (most recent call first):
       [0] _start_plan_and_wait (res://test/integration/test_campfire_example_smoke.gd:57)
WARNING: [GdPAI] ObjectRef(124134624705): object was freed before callback; returning Nil.
   at: gdplanningai_rust::logger::process_logs (src\logger.rs:66)
   GDScript backtrace (most recent call first):
       [0] _start_plan_and_wait (res://test/integration/test_campfire_example_smoke.gd:57)
WARNING: [GdPAI] ObjectRef(124134624705): object was freed before callback; returning Nil.
   at: gdplanningai_rust::logger::process_logs (src\logger.rs:66)
   GDScript backtrace (most recent call first):
       [0] _start_plan_and_wait (res://test/integration/test_campfire_example_smoke.gd:57)
[GdPAI | debug] GetCost: callable returned non-numeric value: null; returning INFINITY
WARNING: [GdPAI] ObjectRef(124621163998): object was freed before callback; returning Nil.
   at: gdplanningai_rust::logger::process_logs (src\logger.rs:66)
   GDScript backtrace (most recent call first):
       [0] _process (res://addons/GdPlanningAI/gdpai_autoload.gd:21)
WARNING: [GdPAI] ObjectRef(124134624705): object was freed before callback; returning Nil.
   at: gdplanningai_rust::logger::process_logs (src\logger.rs:66)
   GDScript backtrace (most recent call first):
       [0] _process (res://addons/GdPlanningAI/gdpai_autoload.gd:21)
WARNING: [GdPAI] ObjectRef(124134624705): object was freed before callback; returning Nil.
   at: gdplanningai_rust::logger::process_logs (src\logger.rs:66)
   GDScript backtrace (most recent call first):
       [0] _process (res://addons/GdPlanningAI/gdpai_autoload.gd:21)
[GdPAI | debug] ApplyEffect [Before] ID=InstanceId(-9223371226699785654): agent props = {"entity": null, "hunger": 70.0627442063492, "held_item": "", "at_target": null}
[GdPAI | debug] ApplyEffect [After] ID=InstanceId(-9223371226699785654): agent props = {"entity": null, "hunger": 70.0627442063492, "held_item": "", "at_target": null}
[GdPAI | debug]   Snapshotting prop: entity = Nil (Variant type: NIL)
[GdPAI | debug]   Snapshotting prop: hunger = Float(70.0627442063492) (Variant type: FLOAT)
[GdPAI | debug]   Snapshotting prop: held_item = Str("") (Variant type: STRING)
[GdPAI | debug]   Snapshotting prop: at_target = Nil (Variant type: NIL)
WARNING: [GdPAI] ObjectRef(124621163998): object was freed before callback; returning Nil.
   at: gdplanningai_rust::logger::process_logs (src\logger.rs:66)
   GDScript backtrace (most recent call first):
       [0] _start_plan_and_wait (res://test/integration/test_campfire_example_smoke.gd:57)
[GdPAI | debug] GetCost: callable returned non-numeric value: null; returning INFINITY
WARNING: [GdPAI] ObjectRef(124621163998): object was freed before callback; returning Nil.
   at: gdplanningai_rust::logger::process_logs (src\logger.rs:66)
   GDScript backtrace (most recent call first):
       [0] _process (res://addons/GdPlanningAI/gdpai_autoload.gd:21)
[GdPAI | debug] ApplyEffect [Before] ID=InstanceId(-9223371225340831186): agent props = {"entity": null, "held_item": "wood", "hunger": 70.0627442063492, "at_target": null}
[GdPAI | debug] ApplyEffect [After] ID=InstanceId(-9223371225340831186): agent props = {"entity": null, "held_item": "wood", "hunger": 70.0627442063492, "at_target": null}
[GdPAI | debug]   Snapshotting prop: entity = Nil (Variant type: NIL)
[GdPAI | debug]   Snapshotting prop: held_item = Str("wood") (Variant type: STRING)
[GdPAI | debug]   Snapshotting prop: hunger = Float(70.0627442063492) (Variant type: FLOAT)
[GdPAI | debug]   Snapshotting prop: at_target = Nil (Variant type: NIL)
[GdPAI] A* Iteration: pop node with chain length 4
[GdPAI | debug] find_candidates: Checking 15 actions against 1 preconds and 1 requirements
WARNING: [GdPAI] ObjectRef(124621163998): object was freed before callback; returning Nil.
   at: gdplanningai_rust::logger::process_logs (src\logger.rs:66)
   GDScript backtrace (most recent call first):
       [0] _start_plan_and_wait (res://test/integration/test_campfire_example_smoke.gd:57)
WARNING: [GdPAI] ObjectRef(124621163998): object was freed before callback; returning Nil.
   at: gdplanningai_rust::logger::process_logs (src\logger.rs:66)
   GDScript backtrace (most recent call first):
       [0] _start_plan_and_wait (res://test/integration/test_campfire_example_smoke.gd:57)
[GdPAI | debug] Discovery: Starting simulation for action Go To
WARNING: [GdPAI] ObjectRef(124621163998): object was freed before callback; returning Nil.
   at: gdplanningai_rust::logger::process_logs (src\logger.rs:66)
   GDScript backtrace (most recent call first):
       [0] _process (res://addons/GdPlanningAI/gdpai_autoload.gd:21)
WARNING: [GdPAI] ObjectRef(124621163998): object was freed before callback; returning Nil.
   at: gdplanningai_rust::logger::process_logs (src\logger.rs:66)
   GDScript backtrace (most recent call first):
       [0] _process (res://addons/GdPlanningAI/gdpai_autoload.gd:21)
[GdPAI | debug] GetCost: callable returned non-numeric value: null; returning INFINITY
WARNING: [GdPAI] ObjectRef(124621163998): object was freed before callback; returning Nil.
   at: gdplanningai_rust::logger::process_logs (src\logger.rs:66)
   GDScript backtrace (most recent call first):
       [0] _start_plan_and_wait (res://test/integration/test_campfire_example_smoke.gd:57)
WARNING: [GdPAI] ObjectRef(124621163998): object was freed before callback; returning Nil.
   at: gdplanningai_rust::logger::process_logs (src\logger.rs:66)
   GDScript backtrace (most recent call first):
       [0] _start_plan_and_wait (res://test/integration/test_campfire_example_smoke.gd:57)
[GdPAI | debug] ApplyEffect [Before] ID=InstanceId(-9223371223361119654): agent props = {"hunger": 70.0627442063492, "entity": null, "held_item": ""}
[GdPAI | debug] ApplyEffect [After] ID=InstanceId(-9223371223361119654): agent props = {"hunger": 70.0627442063492, "entity": null, "held_item": ""}
[GdPAI | debug]   Snapshotting prop: hunger = Float(70.0627442063492) (Variant type: FLOAT)
[GdPAI | debug]   Snapshotting prop: entity = Nil (Variant type: NIL)
[GdPAI | debug]   Snapshotting prop: held_item = Str("") (Variant type: STRING)
[GdPAI | debug] Discovery: Simulation success for Go To. Agent props: {"entity": Nil, "held_item": Str(""), "hunger": Float(70.0627442063492)}
[GdPAI | debug] Discovery: Action Go To satisfied precond Builtin { target: Agent, operation: Equal, property_name: "held_item", value: Some(Str("")) }
[GdPAI | debug] Found candidate: Go To (satisfied preconds: [0], requirements: [0])
[GdPAI | debug] Discovery: Starting simulation for action Eat Held Food
WARNING: [GdPAI] ObjectRef(124621163998): object was freed before callback; returning Nil.
   at: gdplanningai_rust::logger::process_logs (src\logger.rs:66)
   GDScript backtrace (most recent call first):
       [0] _process (res://addons/GdPlanningAI/gdpai_autoload.gd:21)
WARNING: [GdPAI] ObjectRef(124621163998): object was freed before callback; returning Nil.
   at: gdplanningai_rust::logger::process_logs (src\logger.rs:66)
   GDScript backtrace (most recent call first):
       [0] _process (res://addons/GdPlanningAI/gdpai_autoload.gd:21)
[GdPAI | debug] GetCost: callable returned non-numeric value: null; returning INFINITY
WARNING: [GdPAI] ObjectRef(124621163998): object was freed before callback; returning Nil.
   at: gdplanningai_rust::logger::process_logs (src\logger.rs:66)
   GDScript backtrace (most recent call first):
       [0] _start_plan_and_wait (res://test/integration/test_campfire_example_smoke.gd:57)
WARNING: [GdPAI] ObjectRef(124621163998): object was freed before callback; returning Nil.
   at: gdplanningai_rust::logger::process_logs (src\logger.rs:66)
   GDScript backtrace (most recent call first):
       [0] _start_plan_and_wait (res://test/integration/test_campfire_example_smoke.gd:57)
[GdPAI | debug] ApplyEffect [Before] ID=InstanceId(-9223371222002165071): agent props = {"hunger": 70.0627442063492, "held_item": "", "entity": null}
[GdPAI | debug] ApplyEffect [After] ID=InstanceId(-9223371222002165071): agent props = {"hunger": 70.0627442063492, "held_item": "", "entity": null}
[GdPAI | debug]   Snapshotting prop: hunger = Float(70.0627442063492) (Variant type: FLOAT)
[GdPAI | debug]   Snapshotting prop: held_item = Str("") (Variant type: STRING)
[GdPAI | debug]   Snapshotting prop: entity = Nil (Variant type: NIL)
[GdPAI | debug] Discovery: Simulation success for Eat Held Food. Agent props: {"hunger": Float(70.0627442063492), "entity": Nil, "held_item": Str("")}
[GdPAI | debug] Discovery: Action Eat Held Food satisfied precond Builtin { target: Agent, operation: Equal, property_name: "held_item", value: Some(Str("")) }
[GdPAI | debug] Found candidate: Eat Held Food (satisfied preconds: [0], requirements: [])
WARNING: [GdPAI] ObjectRef(124621163998): object was freed before callback; returning Nil.
   at: gdplanningai_rust::logger::process_logs (src\logger.rs:66)
   GDScript backtrace (most recent call first):
       [0] _process (res://addons/GdPlanningAI/gdpai_autoload.gd:21)
WARNING: [GdPAI] ObjectRef(124621163998): object was freed before callback; returning Nil.
   at: gdplanningai_rust::logger::process_logs (src\logger.rs:66)
   GDScript backtrace (most recent call first):
       [0] _process (res://addons/GdPlanningAI/gdpai_autoload.gd:21)
[GdPAI | debug] Discovery: Starting simulation for action Go To
WARNING: [GdPAI] ObjectRef(124621163998): object was freed before callback; returning Nil.
   at: gdplanningai_rust::logger::process_logs (src\logger.rs:66)
   GDScript backtrace (most recent call first):
       [0] _start_plan_and_wait (res://test/integration/test_campfire_example_smoke.gd:57)
WARNING: [GdPAI] ObjectRef(124621163998): object was freed before callback; returning Nil.
   at: gdplanningai_rust::logger::process_logs (src\logger.rs:66)
   GDScript backtrace (most recent call first):
       [0] _start_plan_and_wait (res://test/integration/test_campfire_example_smoke.gd:57)
[GdPAI | debug] GetCost: callable returned non-numeric value: null; returning INFINITY
WARNING: [GdPAI] ObjectRef(124621163998): object was freed before callback; returning Nil.
   at: gdplanningai_rust::logger::process_logs (src\logger.rs:66)
   GDScript backtrace (most recent call first):
       [0] _process (res://addons/GdPlanningAI/gdpai_autoload.gd:21)
WARNING: [GdPAI] ObjectRef(124621163998): object was freed before callback; returning Nil.
   at: gdplanningai_rust::logger::process_logs (src\logger.rs:66)
   GDScript backtrace (most recent call first):
       [0] _process (res://addons/GdPlanningAI/gdpai_autoload.gd:21)
[GdPAI | debug] ApplyEffect [Before] ID=InstanceId(-9223371219955344741): agent props = {"hunger": 70.0627442063492, "entity": null, "held_item": ""}
[GdPAI | debug] ApplyEffect [After] ID=InstanceId(-9223371219955344741): agent props = {"hunger": 70.0627442063492, "entity": null, "held_item": ""}
[GdPAI | debug]   Snapshotting prop: hunger = Float(70.0627442063492) (Variant type: FLOAT)
[GdPAI | debug]   Snapshotting prop: entity = Nil (Variant type: NIL)
[GdPAI | debug]   Snapshotting prop: held_item = Str("") (Variant type: STRING)
[GdPAI | debug] Discovery: Simulation success for Go To. Agent props: {"held_item": Str(""), "hunger": Float(70.0627442063492), "entity": Nil}
[GdPAI | debug] Discovery: Action Go To satisfied precond Builtin { target: Agent, operation: Equal, property_name: "held_item", value: Some(Str("")) }
[GdPAI | debug] Found candidate: Go To (satisfied preconds: [0], requirements: [0])
[GdPAI | debug] Discovery: Starting simulation for action Drop Item
WARNING: [GdPAI] ObjectRef(124621163998): object was freed before callback; returning Nil.
   at: gdplanningai_rust::logger::process_logs (src\logger.rs:66)
   GDScript backtrace (most recent call first):
       [0] _start_plan_and_wait (res://test/integration/test_campfire_example_smoke.gd:57)
WARNING: [GdPAI] ObjectRef(124621163998): object was freed before callback; returning Nil.
   at: gdplanningai_rust::logger::process_logs (src\logger.rs:66)
   GDScript backtrace (most recent call first):
       [0] _start_plan_and_wait (res://test/integration/test_campfire_example_smoke.gd:57)
[GdPAI | debug] GetCost: callable returned non-numeric value: null; returning INFINITY
WARNING: [GdPAI] ObjectRef(124621163998): object was freed before callback; returning Nil.
   at: gdplanningai_rust::logger::process_logs (src\logger.rs:66)
   GDScript backtrace (most recent call first):
       [0] _process (res://addons/GdPlanningAI/gdpai_autoload.gd:21)
WARNING: [GdPAI] ObjectRef(124621163998): object was freed before callback; returning Nil.
   at: gdplanningai_rust::logger::process_logs (src\logger.rs:66)
   GDScript backtrace (most recent call first):
       [0] _process (res://addons/GdPlanningAI/gdpai_autoload.gd:21)
[GdPAI | debug] ApplyEffect [Before] ID=InstanceId(-9223371218596390209): agent props = {"hunger": 70.0627442063492, "held_item": "", "entity": null}
[GdPAI | debug] ApplyEffect [After] ID=InstanceId(-9223371218596390209): agent props = {"hunger": 70.0627442063492, "held_item": "", "entity": null}
[GdPAI | debug]   Snapshotting prop: hunger = Float(70.0627442063492) (Variant type: FLOAT)
[GdPAI | debug]   Snapshotting prop: held_item = Str("") (Variant type: STRING)
[GdPAI | debug]   Snapshotting prop: entity = Nil (Variant type: NIL)
[GdPAI | debug] Discovery: Simulation success for Drop Item. Agent props: {"hunger": Float(70.0627442063492), "held_item": Str(""), "entity": Nil}
[GdPAI | debug] Discovery: Action Drop Item satisfied precond Builtin { target: Agent, operation: Equal, property_name: "held_item", value: Some(Str("")) }
[GdPAI | debug] Found candidate: Drop Item (satisfied preconds: [0], requirements: [])
[GdPAI | debug] Discovery: Starting simulation for action Add Fuel
WARNING: [GdPAI] ObjectRef(124621163998): object was freed before callback; returning Nil.
   at: gdplanningai_rust::logger::process_logs (src\logger.rs:66)
   GDScript backtrace (most recent call first):
       [0] _start_plan_and_wait (res://test/integration/test_campfire_example_smoke.gd:57)
WARNING: [GdPAI] ObjectRef(124621163998): object was freed before callback; returning Nil.
   at: gdplanningai_rust::logger::process_logs (src\logger.rs:66)
   GDScript backtrace (most recent call first):
       [0] _start_plan_and_wait (res://test/integration/test_campfire_example_smoke.gd:57)
[GdPAI | debug] GetCost: callable returned non-numeric value: null; returning INFINITY
WARNING: [GdPAI] ObjectRef(124621163998): object was freed before callback; returning Nil.
   at: gdplanningai_rust::logger::process_logs (src\logger.rs:66)
   GDScript backtrace (most recent call first):
       [0] _process (res://addons/GdPlanningAI/gdpai_autoload.gd:21)
WARNING: [GdPAI] ObjectRef(124621163998): object was freed before callback; returning Nil.
   at: gdplanningai_rust::logger::process_logs (src\logger.rs:66)
   GDScript backtrace (most recent call first):
       [0] _process (res://addons/GdPlanningAI/gdpai_autoload.gd:21)
[GdPAI | debug] ApplyEffect [Before] ID=InstanceId(-9223371217237435709): agent props = {"entity": null, "held_item": "wood", "hunger": 70.0627442063492}
[GdPAI | debug] ApplyEffect [After] ID=InstanceId(-9223371217237435709): agent props = {"entity": null, "held_item": "wood", "hunger": 70.0627442063492}
[GdPAI | debug]   Snapshotting prop: entity = Nil (Variant type: NIL)
[GdPAI | debug]   Snapshotting prop: held_item = Str("wood") (Variant type: STRING)
[GdPAI | debug]   Snapshotting prop: hunger = Float(70.0627442063492) (Variant type: FLOAT)
[GdPAI | debug] Discovery: Simulation success for Add Fuel. Agent props: {"entity": Nil, "hunger": Float(70.0627442063492), "held_item": Str("wood")}
[GdPAI | debug] Discovery: Action Add Fuel did NOT satisfy precond Builtin { target: Agent, operation: Equal, property_name: "held_item", value: Some(Str("")) }
WARNING: [GdPAI] ObjectRef(124621163998): object was freed before callback; returning Nil.
   at: gdplanningai_rust::logger::process_logs (src\logger.rs:66)
   GDScript backtrace (most recent call first):
       [0] _start_plan_and_wait (res://test/integration/test_campfire_example_smoke.gd:57)
WARNING: [GdPAI] ObjectRef(124621163998): object was freed before callback; returning Nil.
   at: gdplanningai_rust::logger::process_logs (src\logger.rs:66)
   GDScript backtrace (most recent call first):
       [0] _start_plan_and_wait (res://test/integration/test_campfire_example_smoke.gd:57)
[GdPAI | debug] Discovery: Action Cook Potato failed validity check, skipping
[GdPAI | debug] Discovery: Starting simulation for action Pick Up Wood
WARNING: [GdPAI] ObjectRef(124621163998): object was freed before callback; returning Nil.
   at: gdplanningai_rust::logger::process_logs (src\logger.rs:66)
   GDScript backtrace (most recent call first):
       [0] _process (res://addons/GdPlanningAI/gdpai_autoload.gd:21)
WARNING: [GdPAI] ObjectRef(124621163998): object was freed before callback; returning Nil.
   at: gdplanningai_rust::logger::process_logs (src\logger.rs:66)
   GDScript backtrace (most recent call first):
       [0] _process (res://addons/GdPlanningAI/gdpai_autoload.gd:21)
[GdPAI | debug] GetCost: callable returned non-numeric value: null; returning INFINITY
WARNING: [GdPAI] ObjectRef(124621163998): object was freed before callback; returning Nil.
   at: gdplanningai_rust::logger::process_logs (src\logger.rs:66)
   GDScript backtrace (most recent call first):
       [0] _start_plan_and_wait (res://test/integration/test_campfire_example_smoke.gd:57)
WARNING: [GdPAI] ObjectRef(124621163998): object was freed before callback; returning Nil.
   at: gdplanningai_rust::logger::process_logs (src\logger.rs:66)
   GDScript backtrace (most recent call first):
       [0] _start_plan_and_wait (res://test/integration/test_campfire_example_smoke.gd:57)
[GdPAI | debug] ApplyEffect [Before] ID=InstanceId(-9223371215207392545): agent props = {"entity": null, "hunger": 70.0627442063492, "held_item": ""}
[GdPAI | debug] ApplyEffect [After] ID=InstanceId(-9223371215207392545): agent props = {"entity": null, "hunger": 70.0627442063492, "held_item": ""}
[GdPAI | debug]   Snapshotting prop: entity = Nil (Variant type: NIL)
[GdPAI | debug]   Snapshotting prop: hunger = Float(70.0627442063492) (Variant type: FLOAT)
[GdPAI | debug]   Snapshotting prop: held_item = Str("") (Variant type: STRING)
[GdPAI | debug] Discovery: Simulation success for Pick Up Wood. Agent props: {"entity": Nil, "hunger": Float(70.0627442063492), "held_item": Str("")}
[GdPAI | debug] Discovery: Action Pick Up Wood satisfied precond Builtin { target: Agent, operation: Equal, property_name: "held_item", value: Some(Str("")) }
[GdPAI | debug] Found candidate: Pick Up Wood (satisfied preconds: [0], requirements: [])
[GdPAI | debug] Discovery: Starting simulation for action Pick Up Wood
WARNING: [GdPAI] ObjectRef(124621163998): object was freed before callback; returning Nil.
   at: gdplanningai_rust::logger::process_logs (src\logger.rs:66)
   GDScript backtrace (most recent call first):
       [0] _process (res://addons/GdPlanningAI/gdpai_autoload.gd:21)
WARNING: [GdPAI] ObjectRef(124621163998): object was freed before callback; returning Nil.
   at: gdplanningai_rust::logger::process_logs (src\logger.rs:66)
   GDScript backtrace (most recent call first):
       [0] _process (res://addons/GdPlanningAI/gdpai_autoload.gd:21)
[GdPAI | debug] GetCost: callable returned non-numeric value: null; returning INFINITY
WARNING: [GdPAI] ObjectRef(124621163998): object was freed before callback; returning Nil.
   at: gdplanningai_rust::logger::process_logs (src\logger.rs:66)
   GDScript backtrace (most recent call first):
       [0] _start_plan_and_wait (res://test/integration/test_campfire_example_smoke.gd:57)
WARNING: [GdPAI] ObjectRef(124621163998): object was freed before callback; returning Nil.
   at: gdplanningai_rust::logger::process_logs (src\logger.rs:66)
   GDScript backtrace (most recent call first):
       [0] _start_plan_and_wait (res://test/integration/test_campfire_example_smoke.gd:57)
[GdPAI | debug] ApplyEffect [Before] ID=InstanceId(-9223371213848438025): agent props = {"hunger": 70.0627442063492, "entity": null, "held_item": ""}
[GdPAI | debug] ApplyEffect [After] ID=InstanceId(-9223371213848438025): agent props = {"hunger": 70.0627442063492, "entity": null, "held_item": ""}
[GdPAI | debug]   Snapshotting prop: hunger = Float(70.0627442063492) (Variant type: FLOAT)
[GdPAI | debug]   Snapshotting prop: entity = Nil (Variant type: NIL)
[GdPAI | debug]   Snapshotting prop: held_item = Str("") (Variant type: STRING)
[GdPAI | debug] Discovery: Simulation success for Pick Up Wood. Agent props: {"entity": Nil, "hunger": Float(70.0627442063492), "held_item": Str("")}
[GdPAI | debug] Discovery: Action Pick Up Wood satisfied precond Builtin { target: Agent, operation: Equal, property_name: "held_item", value: Some(Str("")) }
[GdPAI | debug] Found candidate: Pick Up Wood (satisfied preconds: [0], requirements: [])
[GdPAI | debug] Discovery: Starting simulation for action Pick Up Wood
WARNING: [GdPAI] ObjectRef(124621163998): object was freed before callback; returning Nil.
   at: gdplanningai_rust::logger::process_logs (src\logger.rs:66)
   GDScript backtrace (most recent call first):
       [0] _process (res://addons/GdPlanningAI/gdpai_autoload.gd:21)
WARNING: [GdPAI] ObjectRef(124621163998): object was freed before callback; returning Nil.
   at: gdplanningai_rust::logger::process_logs (src\logger.rs:66)
   GDScript backtrace (most recent call first):
       [0] _process (res://addons/GdPlanningAI/gdpai_autoload.gd:21)
[GdPAI | debug] GetCost: callable returned non-numeric value: null; returning INFINITY
WARNING: [GdPAI] ObjectRef(124621163998): object was freed before callback; returning Nil.
   at: gdplanningai_rust::logger::process_logs (src\logger.rs:66)
   GDScript backtrace (most recent call first):
       [0] _start_plan_and_wait (res://test/integration/test_campfire_example_smoke.gd:57)
WARNING: [GdPAI] ObjectRef(124621163998): object was freed before callback; returning Nil.
   at: gdplanningai_rust::logger::process_logs (src\logger.rs:66)
   GDScript backtrace (most recent call first):
       [0] _start_plan_and_wait (res://test/integration/test_campfire_example_smoke.gd:57)
[GdPAI | debug] ApplyEffect [Before] ID=InstanceId(-9223371212489483539): agent props = {"entity": null, "held_item": "", "hunger": 70.0627442063492}
[GdPAI | debug] ApplyEffect [After] ID=InstanceId(-9223371212489483539): agent props = {"entity": null, "held_item": "", "hunger": 70.0627442063492}
[GdPAI | debug]   Snapshotting prop: entity = Nil (Variant type: NIL)
[GdPAI | debug]   Snapshotting prop: held_item = Str("") (Variant type: STRING)
[GdPAI | debug]   Snapshotting prop: hunger = Float(70.0627442063492) (Variant type: FLOAT)
[GdPAI | debug] Discovery: Simulation success for Pick Up Wood. Agent props: {"held_item": Str(""), "hunger": Float(70.0627442063492), "entity": Nil}
[GdPAI | debug] Discovery: Action Pick Up Wood satisfied precond Builtin { target: Agent, operation: Equal, property_name: "held_item", value: Some(Str("")) }
[GdPAI | debug] Found candidate: Pick Up Wood (satisfied preconds: [0], requirements: [])
[GdPAI | debug] Discovery: Starting simulation for action Pick Up Wood
WARNING: [GdPAI] ObjectRef(124621163998): object was freed before callback; returning Nil.
   at: gdplanningai_rust::logger::process_logs (src\logger.rs:66)
   GDScript backtrace (most recent call first):
       [0] _process (res://addons/GdPlanningAI/gdpai_autoload.gd:21)
WARNING: [GdPAI] ObjectRef(124621163998): object was freed before callback; returning Nil.
   at: gdplanningai_rust::logger::process_logs (src\logger.rs:66)
   GDScript backtrace (most recent call first):
       [0] _process (res://addons/GdPlanningAI/gdpai_autoload.gd:21)
[GdPAI | debug] GetCost: callable returned non-numeric value: null; returning INFINITY
WARNING: [GdPAI] ObjectRef(124621163998): object was freed before callback; returning Nil.
   at: gdplanningai_rust::logger::process_logs (src\logger.rs:66)
   GDScript backtrace (most recent call first):
       [0] _start_plan_and_wait (res://test/integration/test_campfire_example_smoke.gd:57)
WARNING: [GdPAI] ObjectRef(124621163998): object was freed before callback; returning Nil.
   at: gdplanningai_rust::logger::process_logs (src\logger.rs:66)
   GDScript backtrace (most recent call first):
       [0] _start_plan_and_wait (res://test/integration/test_campfire_example_smoke.gd:57)
[GdPAI | debug] ApplyEffect [Before] ID=InstanceId(-9223371211130529053): agent props = {"hunger": 70.0627442063492, "held_item": "", "entity": null}
[GdPAI | debug] ApplyEffect [After] ID=InstanceId(-9223371211130529053): agent props = {"hunger": 70.0627442063492, "held_item": "", "entity": null}
[GdPAI | debug]   Snapshotting prop: hunger = Float(70.0627442063492) (Variant type: FLOAT)
[GdPAI | debug]   Snapshotting prop: held_item = Str("") (Variant type: STRING)
[GdPAI | debug]   Snapshotting prop: entity = Nil (Variant type: NIL)
[GdPAI | debug] Discovery: Simulation success for Pick Up Wood. Agent props: {"entity": Nil, "hunger": Float(70.0627442063492), "held_item": Str("")}
[GdPAI | debug] Discovery: Action Pick Up Wood satisfied precond Builtin { target: Agent, operation: Equal, property_name: "held_item", value: Some(Str("")) }
[GdPAI | debug] Found candidate: Pick Up Wood (satisfied preconds: [0], requirements: [])
WARNING: [GdPAI] ObjectRef(124621163998): object was freed before callback; returning Nil.
   at: gdplanningai_rust::logger::process_logs (src\logger.rs:66)
   GDScript backtrace (most recent call first):
       [0] _process (res://addons/GdPlanningAI/gdpai_autoload.gd:21)
WARNING: [GdPAI] ObjectRef(124621163998): object was freed before callback; returning Nil.
   at: gdplanningai_rust::logger::process_logs (src\logger.rs:66)
   GDScript backtrace (most recent call first):
       [0] _process (res://addons/GdPlanningAI/gdpai_autoload.gd:21)
[GdPAI | debug] Discovery: Action Dig Potato failed validity check, skipping
WARNING: [GdPAI] ObjectRef(124621163998): object was freed before callback; returning Nil.
   at: gdplanningai_rust::logger::process_logs (src\logger.rs:66)
   GDScript backtrace (most recent call first):
       [0] _start_plan_and_wait (res://test/integration/test_campfire_example_smoke.gd:57)
WARNING: [GdPAI] ObjectRef(124621163998): object was freed before callback; returning Nil.
   at: gdplanningai_rust::logger::process_logs (src\logger.rs:66)
   GDScript backtrace (most recent call first):
       [0] _start_plan_and_wait (res://test/integration/test_campfire_example_smoke.gd:57)
[GdPAI | debug] Discovery: Action Dig Potato failed validity check, skipping
WARNING: [GdPAI] ObjectRef(124621163998): object was freed before callback; returning Nil.
   at: gdplanningai_rust::logger::process_logs (src\logger.rs:66)
   GDScript backtrace (most recent call first):
       [0] _process (res://addons/GdPlanningAI/gdpai_autoload.gd:21)
WARNING: [GdPAI] ObjectRef(124621163998): object was freed before callback; returning Nil.
   at: gdplanningai_rust::logger::process_logs (src\logger.rs:66)
   GDScript backtrace (most recent call first):
       [0] _process (res://addons/GdPlanningAI/gdpai_autoload.gd:21)
[GdPAI | debug] Discovery: Action Dig Potato failed validity check, skipping
WARNING: [GdPAI] ObjectRef(124621163998): object was freed before callback; returning Nil.
   at: gdplanningai_rust::logger::process_logs (src\logger.rs:66)
   GDScript backtrace (most recent call first):
       [0] _start_plan_and_wait (res://test/integration/test_campfire_example_smoke.gd:57)
WARNING: [GdPAI] ObjectRef(124621163998): object was freed before callback; returning Nil.
   at: gdplanningai_rust::logger::process_logs (src\logger.rs:66)
   GDScript backtrace (most recent call first):
       [0] _start_plan_and_wait (res://test/integration/test_campfire_example_smoke.gd:57)
[GdPAI | debug] Discovery: Action Dig Potato failed validity check, skipping
WARNING: [GdPAI] ObjectRef(124621163998): object was freed before callback; returning Nil.
   at: gdplanningai_rust::logger::process_logs (src\logger.rs:66)
   GDScript backtrace (most recent call first):
       [0] _process (res://addons/GdPlanningAI/gdpai_autoload.gd:21)
WARNING: [GdPAI] ObjectRef(124621163998): object was freed before callback; returning Nil.
   at: gdplanningai_rust::logger::process_logs (src\logger.rs:66)
   GDScript backtrace (most recent call first):
       [0] _process (res://addons/GdPlanningAI/gdpai_autoload.gd:21)
[GdPAI | debug] Discovery: Action Dig Potato failed validity check, skipping
WARNING: [GdPAI] ObjectRef(124621163998): object was freed before callback; returning Nil.
   at: gdplanningai_rust::logger::process_logs (src\logger.rs:66)
   GDScript backtrace (most recent call first):
       [0] _start_plan_and_wait (res://test/integration/test_campfire_example_smoke.gd:57)
WARNING: [GdPAI] ObjectRef(124621163998): object was freed before callback; returning Nil.
   at: gdplanningai_rust::logger::process_logs (src\logger.rs:66)
   GDScript backtrace (most recent call first):
       [0] _start_plan_and_wait (res://test/integration/test_campfire_example_smoke.gd:57)
WARNING: [GdPAI] ObjectRef(125359361544): object was freed before callback; returning Nil.
   at: gdplanningai_rust::logger::process_logs (src\logger.rs:66)
   GDScript backtrace (most recent call first):
       [0] _start_plan_and_wait (res://test/integration/test_campfire_example_smoke.gd:57)
WARNING: [GdPAI] ObjectRef(125359361544): object was freed before callback; returning Nil.
   at: gdplanningai_rust::logger::process_logs (src\logger.rs:66)
   GDScript backtrace (most recent call first):
       [0] _start_plan_and_wait (res://test/integration/test_campfire_example_smoke.gd:57)
[GdPAI | debug] GetCost: callable returned non-numeric value: null; returning INFINITY
WARNING: [GdPAI] ObjectRef(124621163998): object was freed before callback; returning Nil.
   at: gdplanningai_rust::logger::process_logs (src\logger.rs:66)
   GDScript backtrace (most recent call first):
       [0] _process (res://addons/GdPlanningAI/gdpai_autoload.gd:21)
WARNING: [GdPAI] ObjectRef(124621163998): object was freed before callback; returning Nil.
   at: gdplanningai_rust::logger::process_logs (src\logger.rs:66)
   GDScript backtrace (most recent call first):
       [0] _process (res://addons/GdPlanningAI/gdpai_autoload.gd:21)
WARNING: [GdPAI] ObjectRef(125359361544): object was freed before callback; returning Nil.
   at: gdplanningai_rust::logger::process_logs (src\logger.rs:66)
   GDScript backtrace (most recent call first):
       [0] _process (res://addons/GdPlanningAI/gdpai_autoload.gd:21)
WARNING: [GdPAI] ObjectRef(125359361544): object was freed before callback; returning Nil.
   at: gdplanningai_rust::logger::process_logs (src\logger.rs:66)
   GDScript backtrace (most recent call first):
       [0] _process (res://addons/GdPlanningAI/gdpai_autoload.gd:21)
[GdPAI | debug] ApplyEffect [Before] ID=InstanceId(-9223371206265136340): agent props = {"held_item": "", "at_target": null, "entity": null, "hunger": 70.0627442063492}
[GdPAI | debug] ApplyEffect [After] ID=InstanceId(-9223371206265136340): agent props = {"held_item": "", "at_target": null, "entity": null, "hunger": 70.0627442063492}
[GdPAI | debug]   Snapshotting prop: held_item = Str("") (Variant type: STRING)
[GdPAI | debug]   Snapshotting prop: at_target = Nil (Variant type: NIL)
[GdPAI | debug]   Snapshotting prop: entity = Nil (Variant type: NIL)
[GdPAI | debug]   Snapshotting prop: hunger = Float(70.0627442063492) (Variant type: FLOAT)
WARNING: [GdPAI] ObjectRef(124621163998): object was freed before callback; returning Nil.
   at: gdplanningai_rust::logger::process_logs (src\logger.rs:66)
   GDScript backtrace (most recent call first):
       [0] _start_plan_and_wait (res://test/integration/test_campfire_example_smoke.gd:57)
WARNING: [GdPAI] ObjectRef(125359361544): object was freed before callback; returning Nil.
   at: gdplanningai_rust::logger::process_logs (src\logger.rs:66)
   GDScript backtrace (most recent call first):
       [0] _start_plan_and_wait (res://test/integration/test_campfire_example_smoke.gd:57)
WARNING: [GdPAI] ObjectRef(125359361544): object was freed before callback; returning Nil.
   at: gdplanningai_rust::logger::process_logs (src\logger.rs:66)
   GDScript backtrace (most recent call first):
       [0] _start_plan_and_wait (res://test/integration/test_campfire_example_smoke.gd:57)
[GdPAI | debug] GetCost: callable returned non-numeric value: null; returning INFINITY
WARNING: [GdPAI] ObjectRef(124621163998): object was freed before callback; returning Nil.
   at: gdplanningai_rust::logger::process_logs (src\logger.rs:66)
   GDScript backtrace (most recent call first):
       [0] _process (res://addons/GdPlanningAI/gdpai_autoload.gd:21)
WARNING: [GdPAI] ObjectRef(125359361544): object was freed before callback; returning Nil.
   at: gdplanningai_rust::logger::process_logs (src\logger.rs:66)
   GDScript backtrace (most recent call first):
       [0] _process (res://addons/GdPlanningAI/gdpai_autoload.gd:21)
WARNING: [GdPAI] ObjectRef(125359361544): object was freed before callback; returning Nil.
   at: gdplanningai_rust::logger::process_logs (src\logger.rs:66)
   GDScript backtrace (most recent call first):
       [0] _process (res://addons/GdPlanningAI/gdpai_autoload.gd:21)
[GdPAI | debug] ApplyEffect [Before] ID=InstanceId(-9223371204755186894): agent props = {"at_target": null, "hunger": 70.0627442063492, "entity": null, "held_item": ""}
[GdPAI | debug] ApplyEffect [After] ID=InstanceId(-9223371204755186894): agent props = {"at_target": null, "hunger": 70.0627442063492, "entity": null, "held_item": ""}
[GdPAI | debug]   Snapshotting prop: at_target = Nil (Variant type: NIL)
[GdPAI | debug]   Snapshotting prop: hunger = Float(70.0627442063492) (Variant type: FLOAT)
[GdPAI | debug]   Snapshotting prop: entity = Nil (Variant type: NIL)
[GdPAI | debug]   Snapshotting prop: held_item = Str("") (Variant type: STRING)
WARNING: [GdPAI] ObjectRef(124621163998): object was freed before callback; returning Nil.
   at: gdplanningai_rust::logger::process_logs (src\logger.rs:66)
   GDScript backtrace (most recent call first):
       [0] _start_plan_and_wait (res://test/integration/test_campfire_example_smoke.gd:57)
WARNING: [GdPAI] ObjectRef(124134624705): object was freed before callback; returning Nil.
   at: gdplanningai_rust::logger::process_logs (src\logger.rs:66)
   GDScript backtrace (most recent call first):
       [0] _start_plan_and_wait (res://test/integration/test_campfire_example_smoke.gd:57)
WARNING: [GdPAI] ObjectRef(124134624705): object was freed before callback; returning Nil.
   at: gdplanningai_rust::logger::process_logs (src\logger.rs:66)
   GDScript backtrace (most recent call first):
       [0] _start_plan_and_wait (res://test/integration/test_campfire_example_smoke.gd:57)
[GdPAI | debug] GetCost: callable returned non-numeric value: null; returning INFINITY
WARNING: [GdPAI] ObjectRef(124621163998): object was freed before callback; returning Nil.
   at: gdplanningai_rust::logger::process_logs (src\logger.rs:66)
   GDScript backtrace (most recent call first):
       [0] _process (res://addons/GdPlanningAI/gdpai_autoload.gd:21)
WARNING: [GdPAI] ObjectRef(124134624705): object was freed before callback; returning Nil.
   at: gdplanningai_rust::logger::process_logs (src\logger.rs:66)
   GDScript backtrace (most recent call first):
       [0] _process (res://addons/GdPlanningAI/gdpai_autoload.gd:21)
WARNING: [GdPAI] ObjectRef(124134624705): object was freed before callback; returning Nil.
   at: gdplanningai_rust::logger::process_logs (src\logger.rs:66)
   GDScript backtrace (most recent call first):
       [0] _process (res://addons/GdPlanningAI/gdpai_autoload.gd:21)
[GdPAI | debug] ApplyEffect [Before] ID=InstanceId(-9223371203295569068): agent props = {"entity": null, "hunger": 70.0627442063492, "at_target": null, "held_item": ""}
[GdPAI | debug] ApplyEffect [After] ID=InstanceId(-9223371203295569068): agent props = {"entity": null, "hunger": 70.0627442063492, "at_target": null, "held_item": ""}
[GdPAI | debug]   Snapshotting prop: entity = Nil (Variant type: NIL)
[GdPAI | debug]   Snapshotting prop: hunger = Float(70.0627442063492) (Variant type: FLOAT)
[GdPAI | debug]   Snapshotting prop: at_target = Nil (Variant type: NIL)
[GdPAI | debug]   Snapshotting prop: held_item = Str("") (Variant type: STRING)
WARNING: [GdPAI] ObjectRef(124621163998): object was freed before callback; returning Nil.
   at: gdplanningai_rust::logger::process_logs (src\logger.rs:66)
   GDScript backtrace (most recent call first):
       [0] _start_plan_and_wait (res://test/integration/test_campfire_example_smoke.gd:57)
WARNING: [GdPAI] ObjectRef(124134624705): object was freed before callback; returning Nil.
   at: gdplanningai_rust::logger::process_logs (src\logger.rs:66)
   GDScript backtrace (most recent call first):
       [0] _start_plan_and_wait (res://test/integration/test_campfire_example_smoke.gd:57)
WARNING: [GdPAI] ObjectRef(124134624705): object was freed before callback; returning Nil.
   at: gdplanningai_rust::logger::process_logs (src\logger.rs:66)
   GDScript backtrace (most recent call first):
       [0] _start_plan_and_wait (res://test/integration/test_campfire_example_smoke.gd:57)
[GdPAI | debug] GetCost: callable returned non-numeric value: null; returning INFINITY
WARNING: [GdPAI] ObjectRef(124621163998): object was freed before callback; returning Nil.
   at: gdplanningai_rust::logger::process_logs (src\logger.rs:66)
   GDScript backtrace (most recent call first):
       [0] _process (res://addons/GdPlanningAI/gdpai_autoload.gd:21)
WARNING: [GdPAI] ObjectRef(124134624705): object was freed before callback; returning Nil.
   at: gdplanningai_rust::logger::process_logs (src\logger.rs:66)
   GDScript backtrace (most recent call first):
       [0] _process (res://addons/GdPlanningAI/gdpai_autoload.gd:21)
WARNING: [GdPAI] ObjectRef(124134624705): object was freed before callback; returning Nil.
   at: gdplanningai_rust::logger::process_logs (src\logger.rs:66)
   GDScript backtrace (most recent call first):
       [0] _process (res://addons/GdPlanningAI/gdpai_autoload.gd:21)
[GdPAI | debug] ApplyEffect [Before] ID=InstanceId(-9223371201835951282): agent props = {"at_target": null, "held_item": "", "hunger": 70.0627442063492, "entity": null}
[GdPAI | debug] ApplyEffect [After] ID=InstanceId(-9223371201835951282): agent props = {"at_target": null, "held_item": "", "hunger": 70.0627442063492, "entity": null}
[GdPAI | debug]   Snapshotting prop: at_target = Nil (Variant type: NIL)
[GdPAI | debug]   Snapshotting prop: held_item = Str("") (Variant type: STRING)
[GdPAI | debug]   Snapshotting prop: hunger = Float(70.0627442063492) (Variant type: FLOAT)
[GdPAI | debug]   Snapshotting prop: entity = Nil (Variant type: NIL)
WARNING: [GdPAI] ObjectRef(124621163998): object was freed before callback; returning Nil.
   at: gdplanningai_rust::logger::process_logs (src\logger.rs:66)
   GDScript backtrace (most recent call first):
       [0] _start_plan_and_wait (res://test/integration/test_campfire_example_smoke.gd:57)
[GdPAI | debug] GetCost: callable returned non-numeric value: null; returning INFINITY
WARNING: [GdPAI] ObjectRef(124621163998): object was freed before callback; returning Nil.
   at: gdplanningai_rust::logger::process_logs (src\logger.rs:66)
   GDScript backtrace (most recent call first):
       [0] _process (res://addons/GdPlanningAI/gdpai_autoload.gd:21)
[GdPAI | debug] ApplyEffect [Before] ID=InstanceId(-9223371200476996766): agent props = {"at_target": null, "held_item": "wood", "entity": null, "hunger": 70.0627442063492}
[GdPAI | debug] ApplyEffect [After] ID=InstanceId(-9223371200476996766): agent props = {"at_target": null, "held_item": "wood", "entity": null, "hunger": 70.0627442063492}
[GdPAI | debug]   Snapshotting prop: at_target = Nil (Variant type: NIL)
[GdPAI | debug]   Snapshotting prop: held_item = Str("wood") (Variant type: STRING)
[GdPAI | debug]   Snapshotting prop: entity = Nil (Variant type: NIL)
[GdPAI | debug]   Snapshotting prop: hunger = Float(70.0627442063492) (Variant type: FLOAT)
WARNING: [GdPAI] ObjectRef(124621163998): object was freed before callback; returning Nil.
   at: gdplanningai_rust::logger::process_logs (src\logger.rs:66)
   GDScript backtrace (most recent call first):
       [0] _start_plan_and_wait (res://test/integration/test_campfire_example_smoke.gd:57)
WARNING: [GdPAI] ObjectRef(124621163998): object was freed before callback; returning Nil.
   at: gdplanningai_rust::logger::process_logs (src\logger.rs:66)
   GDScript backtrace (most recent call first):
       [0] _start_plan_and_wait (res://test/integration/test_campfire_example_smoke.gd:57)
[GdPAI | debug] GetCost: callable returned non-numeric value: null; returning INFINITY
WARNING: [GdPAI] ObjectRef(124621163998): object was freed before callback; returning Nil.
   at: gdplanningai_rust::logger::process_logs (src\logger.rs:66)
   GDScript backtrace (most recent call first):
       [0] _process (res://addons/GdPlanningAI/gdpai_autoload.gd:21)
WARNING: [GdPAI] ObjectRef(124621163998): object was freed before callback; returning Nil.
   at: gdplanningai_rust::logger::process_logs (src\logger.rs:66)
   GDScript backtrace (most recent call first):
       [0] _process (res://addons/GdPlanningAI/gdpai_autoload.gd:21)
[GdPAI | debug] ApplyEffect [Before] ID=InstanceId(-9223371199168373919): agent props = {"entity": null, "held_item": "", "hunger": 70.0627442063492}
[GdPAI | debug] ApplyEffect [After] ID=InstanceId(-9223371199168373919): agent props = {"entity": null, "held_item": "", "hunger": 70.0627442063492}
[GdPAI | debug]   Snapshotting prop: entity = Nil (Variant type: NIL)
[GdPAI | debug]   Snapshotting prop: held_item = Str("") (Variant type: STRING)
[GdPAI | debug]   Snapshotting prop: hunger = Float(70.0627442063492) (Variant type: FLOAT)
WARNING: [GdPAI] ObjectRef(124621163998): object was freed before callback; returning Nil.
   at: gdplanningai_rust::logger::process_logs (src\logger.rs:66)
   GDScript backtrace (most recent call first):
       [0] _start_plan_and_wait (res://test/integration/test_campfire_example_smoke.gd:57)
[GdPAI | debug] GetCost: callable returned non-numeric value: null; returning INFINITY
WARNING: [GdPAI] ObjectRef(124621163998): object was freed before callback; returning Nil.
   at: gdplanningai_rust::logger::process_logs (src\logger.rs:66)
   GDScript backtrace (most recent call first):
       [0] _process (res://addons/GdPlanningAI/gdpai_autoload.gd:21)
[GdPAI | debug] ApplyEffect [Before] ID=InstanceId(-9223371197859751025): agent props = {"entity": null, "hunger": 70.0627442063492, "held_item": ""}
[GdPAI | debug] ApplyEffect [After] ID=InstanceId(-9223371197859751025): agent props = {"entity": null, "hunger": 70.0627442063492, "held_item": ""}
[GdPAI | debug]   Snapshotting prop: entity = Nil (Variant type: NIL)
[GdPAI | debug]   Snapshotting prop: hunger = Float(70.0627442063492) (Variant type: FLOAT)
[GdPAI | debug]   Snapshotting prop: held_item = Str("") (Variant type: STRING)
WARNING: [GdPAI] ObjectRef(124621163998): object was freed before callback; returning Nil.
   at: gdplanningai_rust::logger::process_logs (src\logger.rs:66)
   GDScript backtrace (most recent call first):
       [0] _start_plan_and_wait (res://test/integration/test_campfire_example_smoke.gd:57)
WARNING: [GdPAI] ObjectRef(124134624705): object was freed before callback; returning Nil.
   at: gdplanningai_rust::logger::process_logs (src\logger.rs:66)
   GDScript backtrace (most recent call first):
       [0] _start_plan_and_wait (res://test/integration/test_campfire_example_smoke.gd:57)
WARNING: [GdPAI] ObjectRef(124134624705): object was freed before callback; returning Nil.
   at: gdplanningai_rust::logger::process_logs (src\logger.rs:66)
   GDScript backtrace (most recent call first):
       [0] _start_plan_and_wait (res://test/integration/test_campfire_example_smoke.gd:57)
[GdPAI | debug] GetCost: callable returned non-numeric value: null; returning INFINITY
WARNING: [GdPAI] ObjectRef(124621163998): object was freed before callback; returning Nil.
   at: gdplanningai_rust::logger::process_logs (src\logger.rs:66)
   GDScript backtrace (most recent call first):
       [0] _process (res://addons/GdPlanningAI/gdpai_autoload.gd:21)
WARNING: [GdPAI] ObjectRef(124134624705): object was freed before callback; returning Nil.
   at: gdplanningai_rust::logger::process_logs (src\logger.rs:66)
   GDScript backtrace (most recent call first):
       [0] _process (res://addons/GdPlanningAI/gdpai_autoload.gd:21)
WARNING: [GdPAI] ObjectRef(124134624705): object was freed before callback; returning Nil.
   at: gdplanningai_rust::logger::process_logs (src\logger.rs:66)
   GDScript backtrace (most recent call first):
       [0] _process (res://addons/GdPlanningAI/gdpai_autoload.gd:21)
[GdPAI | debug] ApplyEffect [Before] ID=InstanceId(-9223371196500796547): agent props = {"at_target": null, "entity": null, "held_item": "", "hunger": 70.0627442063492}
[GdPAI | debug] ApplyEffect [After] ID=InstanceId(-9223371196500796547): agent props = {"at_target": null, "entity": null, "held_item": "", "hunger": 70.0627442063492}
[GdPAI | debug]   Snapshotting prop: at_target = Nil (Variant type: NIL)
[GdPAI | debug]   Snapshotting prop: entity = Nil (Variant type: NIL)
[GdPAI | debug]   Snapshotting prop: held_item = Str("") (Variant type: STRING)
[GdPAI | debug]   Snapshotting prop: hunger = Float(70.0627442063492) (Variant type: FLOAT)
WARNING: [GdPAI] ObjectRef(124621163998): object was freed before callback; returning Nil.
   at: gdplanningai_rust::logger::process_logs (src\logger.rs:66)
   GDScript backtrace (most recent call first):
       [0] _start_plan_and_wait (res://test/integration/test_campfire_example_smoke.gd:57)
WARNING: [GdPAI] ObjectRef(124134624705): object was freed before callback; returning Nil.
   at: gdplanningai_rust::logger::process_logs (src\logger.rs:66)
   GDScript backtrace (most recent call first):
       [0] _start_plan_and_wait (res://test/integration/test_campfire_example_smoke.gd:57)
WARNING: [GdPAI] ObjectRef(124134624705): object was freed before callback; returning Nil.
   at: gdplanningai_rust::logger::process_logs (src\logger.rs:66)
   GDScript backtrace (most recent call first):
       [0] _start_plan_and_wait (res://test/integration/test_campfire_example_smoke.gd:57)
[GdPAI | debug] GetCost: callable returned non-numeric value: null; returning INFINITY
WARNING: [GdPAI] ObjectRef(124621163998): object was freed before callback; returning Nil.
   at: gdplanningai_rust::logger::process_logs (src\logger.rs:66)
   GDScript backtrace (most recent call first):
       [0] _process (res://addons/GdPlanningAI/gdpai_autoload.gd:21)
WARNING: [GdPAI] ObjectRef(124134624705): object was freed before callback; returning Nil.
   at: gdplanningai_rust::logger::process_logs (src\logger.rs:66)
   GDScript backtrace (most recent call first):
       [0] _process (res://addons/GdPlanningAI/gdpai_autoload.gd:21)
WARNING: [GdPAI] ObjectRef(124134624705): object was freed before callback; returning Nil.
   at: gdplanningai_rust::logger::process_logs (src\logger.rs:66)
   GDScript backtrace (most recent call first):
       [0] _process (res://addons/GdPlanningAI/gdpai_autoload.gd:21)
[GdPAI | debug] ApplyEffect [Before] ID=InstanceId(-9223371195041178892): agent props = {"at_target": null, "entity": null, "held_item": "", "hunger": 70.0627442063492}
[GdPAI | debug] ApplyEffect [After] ID=InstanceId(-9223371195041178892): agent props = {"at_target": null, "entity": null, "held_item": "", "hunger": 70.0627442063492}
[GdPAI | debug]   Snapshotting prop: at_target = Nil (Variant type: NIL)
[GdPAI | debug]   Snapshotting prop: entity = Nil (Variant type: NIL)
[GdPAI | debug]   Snapshotting prop: held_item = Str("") (Variant type: STRING)
[GdPAI | debug]   Snapshotting prop: hunger = Float(70.0627442063492) (Variant type: FLOAT)
WARNING: [GdPAI] ObjectRef(124621163998): object was freed before callback; returning Nil.
   at: gdplanningai_rust::logger::process_logs (src\logger.rs:66)
   GDScript backtrace (most recent call first):
       [0] _start_plan_and_wait (res://test/integration/test_campfire_example_smoke.gd:57)
[GdPAI | debug] GetCost: callable returned non-numeric value: null; returning INFINITY
WARNING: [GdPAI] ObjectRef(124621163998): object was freed before callback; returning Nil.
   at: gdplanningai_rust::logger::process_logs (src\logger.rs:66)
   GDScript backtrace (most recent call first):
       [0] _process (res://addons/GdPlanningAI/gdpai_autoload.gd:21)
[GdPAI | debug] ApplyEffect [Before] ID=InstanceId(-9223371193682224242): agent props = {"at_target": null, "hunger": 70.0627442063492, "entity": null, "held_item": "wood"}
[GdPAI | debug] ApplyEffect [After] ID=InstanceId(-9223371193682224242): agent props = {"at_target": null, "hunger": 70.0627442063492, "entity": null, "held_item": "wood"}
[GdPAI | debug]   Snapshotting prop: at_target = Nil (Variant type: NIL)
[GdPAI | debug]   Snapshotting prop: hunger = Float(70.0627442063492) (Variant type: FLOAT)
[GdPAI | debug]   Snapshotting prop: entity = Nil (Variant type: NIL)
[GdPAI | debug]   Snapshotting prop: held_item = Str("wood") (Variant type: STRING)
[GdPAI | debug] Numeric comparison: 70.0627442063492 GreaterThan 0 -> true
WARNING: [GdPAI] ObjectRef(124621163998): object was freed before callback; returning Nil.
   at: gdplanningai_rust::logger::process_logs (src\logger.rs:66)
   GDScript backtrace (most recent call first):
       [0] _start_plan_and_wait (res://test/integration/test_campfire_example_smoke.gd:57)
WARNING: [GdPAI] ObjectRef(124621163998): object was freed before callback; returning Nil.
   at: gdplanningai_rust::logger::process_logs (src\logger.rs:66)
   GDScript backtrace (most recent call first):
       [0] _start_plan_and_wait (res://test/integration/test_campfire_example_smoke.gd:57)
WARNING: [GdPAI] ObjectRef(125359361544): object was freed before callback; returning Nil.
   at: gdplanningai_rust::logger::process_logs (src\logger.rs:66)
   GDScript backtrace (most recent call first):
       [0] _start_plan_and_wait (res://test/integration/test_campfire_example_smoke.gd:57)
WARNING: [GdPAI] ObjectRef(125359361544): object was freed before callback; returning Nil.
   at: gdplanningai_rust::logger::process_logs (src\logger.rs:66)
   GDScript backtrace (most recent call first):
       [0] _start_plan_and_wait (res://test/integration/test_campfire_example_smoke.gd:57)
[GdPAI | debug] GetCost: callable returned non-numeric value: null; returning INFINITY
WARNING: [GdPAI] ObjectRef(124621163998): object was freed before callback; returning Nil.
   at: gdplanningai_rust::logger::process_logs (src\logger.rs:66)
   GDScript backtrace (most recent call first):
       [0] _process (res://addons/GdPlanningAI/gdpai_autoload.gd:21)
WARNING: [GdPAI] ObjectRef(124621163998): object was freed before callback; returning Nil.
   at: gdplanningai_rust::logger::process_logs (src\logger.rs:66)
   GDScript backtrace (most recent call first):
       [0] _process (res://addons/GdPlanningAI/gdpai_autoload.gd:21)
WARNING: [GdPAI] ObjectRef(125359361544): object was freed before callback; returning Nil.
   at: gdplanningai_rust::logger::process_logs (src\logger.rs:66)
   GDScript backtrace (most recent call first):
       [0] _process (res://addons/GdPlanningAI/gdpai_autoload.gd:21)
WARNING: [GdPAI] ObjectRef(125359361544): object was freed before callback; returning Nil.
   at: gdplanningai_rust::logger::process_logs (src\logger.rs:66)
   GDScript backtrace (most recent call first):
       [0] _process (res://addons/GdPlanningAI/gdpai_autoload.gd:21)
[GdPAI | debug] ApplyEffect [Before] ID=InstanceId(-9223371192272938081): agent props = {"at_target": null, "entity": null, "hunger": 70.0627442063492, "held_item": ""}
[GdPAI | debug] ApplyEffect [After] ID=InstanceId(-9223371192272938081): agent props = {"at_target": null, "entity": null, "hunger": 70.0627442063492, "held_item": ""}
[GdPAI | debug]   Snapshotting prop: at_target = Nil (Variant type: NIL)
[GdPAI | debug]   Snapshotting prop: entity = Nil (Variant type: NIL)
[GdPAI | debug]   Snapshotting prop: hunger = Float(70.0627442063492) (Variant type: FLOAT)
[GdPAI | debug]   Snapshotting prop: held_item = Str("") (Variant type: STRING)
WARNING: [GdPAI] ObjectRef(124621163998): object was freed before callback; returning Nil.
   at: gdplanningai_rust::logger::process_logs (src\logger.rs:66)
   GDScript backtrace (most recent call first):
       [0] _start_plan_and_wait (res://test/integration/test_campfire_example_smoke.gd:57)
WARNING: [GdPAI] ObjectRef(125359361544): object was freed before callback; returning Nil.
   at: gdplanningai_rust::logger::process_logs (src\logger.rs:66)
   GDScript backtrace (most recent call first):
       [0] _start_plan_and_wait (res://test/integration/test_campfire_example_smoke.gd:57)
WARNING: [GdPAI] ObjectRef(125359361544): object was freed before callback; returning Nil.
   at: gdplanningai_rust::logger::process_logs (src\logger.rs:66)
   GDScript backtrace (most recent call first):
       [0] _start_plan_and_wait (res://test/integration/test_campfire_example_smoke.gd:57)
[GdPAI | debug] GetCost: callable returned non-numeric value: null; returning INFINITY
WARNING: [GdPAI] ObjectRef(124621163998): object was freed before callback; returning Nil.
   at: gdplanningai_rust::logger::process_logs (src\logger.rs:66)
   GDScript backtrace (most recent call first):
       [0] _process (res://addons/GdPlanningAI/gdpai_autoload.gd:21)
WARNING: [GdPAI] ObjectRef(125359361544): object was freed before callback; returning Nil.
   at: gdplanningai_rust::logger::process_logs (src\logger.rs:66)
   GDScript backtrace (most recent call first):
       [0] _process (res://addons/GdPlanningAI/gdpai_autoload.gd:21)
WARNING: [GdPAI] ObjectRef(125359361544): object was freed before callback; returning Nil.
   at: gdplanningai_rust::logger::process_logs (src\logger.rs:66)
   GDScript backtrace (most recent call first):
       [0] _process (res://addons/GdPlanningAI/gdpai_autoload.gd:21)
[GdPAI | debug] ApplyEffect [Before] ID=InstanceId(-9223371190762988597): agent props = {"held_item": "", "hunger": 70.0627442063492, "at_target": null, "entity": null}
[GdPAI | debug] ApplyEffect [After] ID=InstanceId(-9223371190762988597): agent props = {"held_item": "", "hunger": 70.0627442063492, "at_target": null, "entity": null}
[GdPAI | debug]   Snapshotting prop: held_item = Str("") (Variant type: STRING)
[GdPAI | debug]   Snapshotting prop: hunger = Float(70.0627442063492) (Variant type: FLOAT)
[GdPAI | debug]   Snapshotting prop: at_target = Nil (Variant type: NIL)
[GdPAI | debug]   Snapshotting prop: entity = Nil (Variant type: NIL)
WARNING: [GdPAI] ObjectRef(124621163998): object was freed before callback; returning Nil.
   at: gdplanningai_rust::logger::process_logs (src\logger.rs:66)
   GDScript backtrace (most recent call first):
       [0] _start_plan_and_wait (res://test/integration/test_campfire_example_smoke.gd:57)
WARNING: [GdPAI] ObjectRef(124134624705): object was freed before callback; returning Nil.
   at: gdplanningai_rust::logger::process_logs (src\logger.rs:66)
   GDScript backtrace (most recent call first):
       [0] _start_plan_and_wait (res://test/integration/test_campfire_example_smoke.gd:57)
WARNING: [GdPAI] ObjectRef(124134624705): object was freed before callback; returning Nil.
   at: gdplanningai_rust::logger::process_logs (src\logger.rs:66)
   GDScript backtrace (most recent call first):
       [0] _start_plan_and_wait (res://test/integration/test_campfire_example_smoke.gd:57)
[GdPAI | debug] GetCost: callable returned non-numeric value: null; returning INFINITY
WARNING: [GdPAI] ObjectRef(124621163998): object was freed before callback; returning Nil.
   at: gdplanningai_rust::logger::process_logs (src\logger.rs:66)
   GDScript backtrace (most recent call first):
       [0] _process (res://addons/GdPlanningAI/gdpai_autoload.gd:21)
WARNING: [GdPAI] ObjectRef(124134624705): object was freed before callback; returning Nil.
   at: gdplanningai_rust::logger::process_logs (src\logger.rs:66)
   GDScript backtrace (most recent call first):
       [0] _process (res://addons/GdPlanningAI/gdpai_autoload.gd:21)
WARNING: [GdPAI] ObjectRef(124134624705): object was freed before callback; returning Nil.
   at: gdplanningai_rust::logger::process_logs (src\logger.rs:66)
   GDScript backtrace (most recent call first):
       [0] _process (res://addons/GdPlanningAI/gdpai_autoload.gd:21)
[GdPAI | debug] ApplyEffect [Before] ID=InstanceId(-9223371189303370810): agent props = {"hunger": 70.0627442063492, "at_target": null, "held_item": "", "entity": null}
[GdPAI | debug] ApplyEffect [After] ID=InstanceId(-9223371189303370810): agent props = {"hunger": 70.0627442063492, "at_target": null, "held_item": "", "entity": null}
[GdPAI | debug]   Snapshotting prop: hunger = Float(70.0627442063492) (Variant type: FLOAT)
[GdPAI | debug]   Snapshotting prop: at_target = Nil (Variant type: NIL)
[GdPAI | debug]   Snapshotting prop: held_item = Str("") (Variant type: STRING)
[GdPAI | debug]   Snapshotting prop: entity = Nil (Variant type: NIL)
WARNING: [GdPAI] ObjectRef(124621163998): object was freed before callback; returning Nil.
   at: gdplanningai_rust::logger::process_logs (src\logger.rs:66)
   GDScript backtrace (most recent call first):
       [0] _start_plan_and_wait (res://test/integration/test_campfire_example_smoke.gd:57)
WARNING: [GdPAI] ObjectRef(124134624705): object was freed before callback; returning Nil.
   at: gdplanningai_rust::logger::process_logs (src\logger.rs:66)
   GDScript backtrace (most recent call first):
       [0] _start_plan_and_wait (res://test/integration/test_campfire_example_smoke.gd:57)
WARNING: [GdPAI] ObjectRef(124134624705): object was freed before callback; returning Nil.
   at: gdplanningai_rust::logger::process_logs (src\logger.rs:66)
   GDScript backtrace (most recent call first):
       [0] _start_plan_and_wait (res://test/integration/test_campfire_example_smoke.gd:57)
[GdPAI | debug] GetCost: callable returned non-numeric value: null; returning INFINITY
WARNING: [GdPAI] ObjectRef(124621163998): object was freed before callback; returning Nil.
   at: gdplanningai_rust::logger::process_logs (src\logger.rs:66)
   GDScript backtrace (most recent call first):
       [0] _process (res://addons/GdPlanningAI/gdpai_autoload.gd:21)
WARNING: [GdPAI] ObjectRef(124134624705): object was freed before callback; returning Nil.
   at: gdplanningai_rust::logger::process_logs (src\logger.rs:66)
   GDScript backtrace (most recent call first):
       [0] _process (res://addons/GdPlanningAI/gdpai_autoload.gd:21)
WARNING: [GdPAI] ObjectRef(124134624705): object was freed before callback; returning Nil.
   at: gdplanningai_rust::logger::process_logs (src\logger.rs:66)
   GDScript backtrace (most recent call first):
       [0] _process (res://addons/GdPlanningAI/gdpai_autoload.gd:21)
[GdPAI | debug] ApplyEffect [Before] ID=InstanceId(-9223371187843752972): agent props = {"at_target": null, "held_item": "", "entity": null, "hunger": 70.0627442063492}
[GdPAI | debug] ApplyEffect [After] ID=InstanceId(-9223371187843752972): agent props = {"at_target": null, "held_item": "", "entity": null, "hunger": 70.0627442063492}
[GdPAI | debug]   Snapshotting prop: at_target = Nil (Variant type: NIL)
[GdPAI | debug]   Snapshotting prop: held_item = Str("") (Variant type: STRING)
[GdPAI | debug]   Snapshotting prop: entity = Nil (Variant type: NIL)
[GdPAI | debug]   Snapshotting prop: hunger = Float(70.0627442063492) (Variant type: FLOAT)
WARNING: [GdPAI] ObjectRef(124621163998): object was freed before callback; returning Nil.
   at: gdplanningai_rust::logger::process_logs (src\logger.rs:66)
   GDScript backtrace (most recent call first):
       [0] _start_plan_and_wait (res://test/integration/test_campfire_example_smoke.gd:57)
[GdPAI | debug] GetCost: callable returned non-numeric value: null; returning INFINITY
WARNING: [GdPAI] ObjectRef(124621163998): object was freed before callback; returning Nil.
   at: gdplanningai_rust::logger::process_logs (src\logger.rs:66)
   GDScript backtrace (most recent call first):
       [0] _process (res://addons/GdPlanningAI/gdpai_autoload.gd:21)
[GdPAI | debug] ApplyEffect [Before] ID=InstanceId(-9223371186484798459): agent props = {"entity": null, "at_target": null, "held_item": "wood", "hunger": 70.0627442063492}
[GdPAI | debug] ApplyEffect [After] ID=InstanceId(-9223371186484798459): agent props = {"entity": null, "at_target": null, "held_item": "wood", "hunger": 70.0627442063492}
[GdPAI | debug]   Snapshotting prop: entity = Nil (Variant type: NIL)
[GdPAI | debug]   Snapshotting prop: at_target = Nil (Variant type: NIL)
[GdPAI | debug]   Snapshotting prop: held_item = Str("wood") (Variant type: STRING)
[GdPAI | debug]   Snapshotting prop: hunger = Float(70.0627442063492) (Variant type: FLOAT)
WARNING: [GdPAI] ObjectRef(124621163998): object was freed before callback; returning Nil.
   at: gdplanningai_rust::logger::process_logs (src\logger.rs:66)
   GDScript backtrace (most recent call first):
       [0] _start_plan_and_wait (res://test/integration/test_campfire_example_smoke.gd:57)
WARNING: [GdPAI] ObjectRef(124621163998): object was freed before callback; returning Nil.
   at: gdplanningai_rust::logger::process_logs (src\logger.rs:66)
   GDScript backtrace (most recent call first):
       [0] _start_plan_and_wait (res://test/integration/test_campfire_example_smoke.gd:57)
[GdPAI | debug] GetCost: callable returned non-numeric value: null; returning INFINITY
WARNING: [GdPAI] ObjectRef(124621163998): object was freed before callback; returning Nil.
   at: gdplanningai_rust::logger::process_logs (src\logger.rs:66)
   GDScript backtrace (most recent call first):
       [0] _process (res://addons/GdPlanningAI/gdpai_autoload.gd:21)
WARNING: [GdPAI] ObjectRef(124621163998): object was freed before callback; returning Nil.
   at: gdplanningai_rust::logger::process_logs (src\logger.rs:66)
   GDScript backtrace (most recent call first):
       [0] _process (res://addons/GdPlanningAI/gdpai_autoload.gd:21)
[GdPAI | debug] ApplyEffect [Before] ID=InstanceId(-9223371185176175590): agent props = {"hunger": 70.0627442063492, "entity": null, "held_item": ""}
[GdPAI | debug] ApplyEffect [After] ID=InstanceId(-9223371185176175590): agent props = {"hunger": 70.0627442063492, "entity": null, "held_item": ""}
[GdPAI | debug]   Snapshotting prop: hunger = Float(70.0627442063492) (Variant type: FLOAT)
[GdPAI | debug]   Snapshotting prop: entity = Nil (Variant type: NIL)
[GdPAI | debug]   Snapshotting prop: held_item = Str("") (Variant type: STRING)
WARNING: [GdPAI] ObjectRef(124621163998): object was freed before callback; returning Nil.
   at: gdplanningai_rust::logger::process_logs (src\logger.rs:66)
   GDScript backtrace (most recent call first):
       [0] _start_plan_and_wait (res://test/integration/test_campfire_example_smoke.gd:57)
[GdPAI | debug] GetCost: callable returned non-numeric value: null; returning INFINITY
WARNING: [GdPAI] ObjectRef(124621163998): object was freed before callback; returning Nil.
   at: gdplanningai_rust::logger::process_logs (src\logger.rs:66)
   GDScript backtrace (most recent call first):
       [0] _process (res://addons/GdPlanningAI/gdpai_autoload.gd:21)
[GdPAI | debug] ApplyEffect [Before] ID=InstanceId(-9223371183867552745): agent props = {"hunger": 70.0627442063492, "held_item": "", "entity": null}
[GdPAI | debug] ApplyEffect [After] ID=InstanceId(-9223371183867552745): agent props = {"hunger": 70.0627442063492, "held_item": "", "entity": null}
[GdPAI | debug]   Snapshotting prop: hunger = Float(70.0627442063492) (Variant type: FLOAT)
[GdPAI | debug]   Snapshotting prop: held_item = Str("") (Variant type: STRING)
[GdPAI | debug]   Snapshotting prop: entity = Nil (Variant type: NIL)
WARNING: [GdPAI] ObjectRef(124621163998): object was freed before callback; returning Nil.
   at: gdplanningai_rust::logger::process_logs (src\logger.rs:66)
   GDScript backtrace (most recent call first):
       [0] _start_plan_and_wait (res://test/integration/test_campfire_example_smoke.gd:57)
WARNING: [GdPAI] ObjectRef(124134624705): object was freed before callback; returning Nil.
   at: gdplanningai_rust::logger::process_logs (src\logger.rs:66)
   GDScript backtrace (most recent call first):
       [0] _start_plan_and_wait (res://test/integration/test_campfire_example_smoke.gd:57)
WARNING: [GdPAI] ObjectRef(124134624705): object was freed before callback; returning Nil.
   at: gdplanningai_rust::logger::process_logs (src\logger.rs:66)
   GDScript backtrace (most recent call first):
       [0] _start_plan_and_wait (res://test/integration/test_campfire_example_smoke.gd:57)
[GdPAI | debug] GetCost: callable returned non-numeric value: null; returning INFINITY
WARNING: [GdPAI] ObjectRef(124621163998): object was freed before callback; returning Nil.
   at: gdplanningai_rust::logger::process_logs (src\logger.rs:66)
   GDScript backtrace (most recent call first):
       [0] _process (res://addons/GdPlanningAI/gdpai_autoload.gd:21)
WARNING: [GdPAI] ObjectRef(124134624705): object was freed before callback; returning Nil.
   at: gdplanningai_rust::logger::process_logs (src\logger.rs:66)
   GDScript backtrace (most recent call first):
       [0] _process (res://addons/GdPlanningAI/gdpai_autoload.gd:21)
WARNING: [GdPAI] ObjectRef(124134624705): object was freed before callback; returning Nil.
   at: gdplanningai_rust::logger::process_logs (src\logger.rs:66)
   GDScript backtrace (most recent call first):
       [0] _process (res://addons/GdPlanningAI/gdpai_autoload.gd:21)
[GdPAI | debug] ApplyEffect [Before] ID=InstanceId(-9223371182508598236): agent props = {"at_target": null, "entity": null, "hunger": 70.0627442063492, "held_item": ""}
[GdPAI | debug] ApplyEffect [After] ID=InstanceId(-9223371182508598236): agent props = {"at_target": null, "entity": null, "hunger": 70.0627442063492, "held_item": ""}
[GdPAI | debug]   Snapshotting prop: at_target = Nil (Variant type: NIL)
[GdPAI | debug]   Snapshotting prop: entity = Nil (Variant type: NIL)
[GdPAI | debug]   Snapshotting prop: hunger = Float(70.0627442063492) (Variant type: FLOAT)
[GdPAI | debug]   Snapshotting prop: held_item = Str("") (Variant type: STRING)
WARNING: [GdPAI] ObjectRef(124621163998): object was freed before callback; returning Nil.
   at: gdplanningai_rust::logger::process_logs (src\logger.rs:66)
   GDScript backtrace (most recent call first):
       [0] _start_plan_and_wait (res://test/integration/test_campfire_example_smoke.gd:57)
WARNING: [GdPAI] ObjectRef(124134624705): object was freed before callback; returning Nil.
   at: gdplanningai_rust::logger::process_logs (src\logger.rs:66)
   GDScript backtrace (most recent call first):
       [0] _start_plan_and_wait (res://test/integration/test_campfire_example_smoke.gd:57)
WARNING: [GdPAI] ObjectRef(124134624705): object was freed before callback; returning Nil.
   at: gdplanningai_rust::logger::process_logs (src\logger.rs:66)
   GDScript backtrace (most recent call first):
       [0] _start_plan_and_wait (res://test/integration/test_campfire_example_smoke.gd:57)
[GdPAI | debug] GetCost: callable returned non-numeric value: null; returning INFINITY
WARNING: [GdPAI] ObjectRef(124621163998): object was freed before callback; returning Nil.
   at: gdplanningai_rust::logger::process_logs (src\logger.rs:66)
   GDScript backtrace (most recent call first):
       [0] _process (res://addons/GdPlanningAI/gdpai_autoload.gd:21)
WARNING: [GdPAI] ObjectRef(124134624705): object was freed before callback; returning Nil.
   at: gdplanningai_rust::logger::process_logs (src\logger.rs:66)
   GDScript backtrace (most recent call first):
       [0] _process (res://addons/GdPlanningAI/gdpai_autoload.gd:21)
WARNING: [GdPAI] ObjectRef(124134624705): object was freed before callback; returning Nil.
   at: gdplanningai_rust::logger::process_logs (src\logger.rs:66)
   GDScript backtrace (most recent call first):
       [0] _process (res://addons/GdPlanningAI/gdpai_autoload.gd:21)
[GdPAI | debug] ApplyEffect [Before] ID=InstanceId(-9223371181048980432): agent props = {"hunger": 70.0627442063492, "entity": null, "held_item": "", "at_target": null}
[GdPAI | debug] ApplyEffect [After] ID=InstanceId(-9223371181048980432): agent props = {"hunger": 70.0627442063492, "entity": null, "held_item": "", "at_target": null}
[GdPAI | debug]   Snapshotting prop: hunger = Float(70.0627442063492) (Variant type: FLOAT)
[GdPAI | debug]   Snapshotting prop: entity = Nil (Variant type: NIL)
[GdPAI | debug]   Snapshotting prop: held_item = Str("") (Variant type: STRING)
[GdPAI | debug]   Snapshotting prop: at_target = Nil (Variant type: NIL)
WARNING: [GdPAI] ObjectRef(124621163998): object was freed before callback; returning Nil.
   at: gdplanningai_rust::logger::process_logs (src\logger.rs:66)
   GDScript backtrace (most recent call first):
       [0] _start_plan_and_wait (res://test/integration/test_campfire_example_smoke.gd:57)
[GdPAI | debug] GetCost: callable returned non-numeric value: null; returning INFINITY
WARNING: [GdPAI] ObjectRef(124621163998): object was freed before callback; returning Nil.
   at: gdplanningai_rust::logger::process_logs (src\logger.rs:66)
   GDScript backtrace (most recent call first):
       [0] _process (res://addons/GdPlanningAI/gdpai_autoload.gd:21)
[GdPAI | debug] ApplyEffect [Before] ID=InstanceId(-9223371179690025964): agent props = {"hunger": 70.0627442063492, "at_target": null, "held_item": "wood", "entity": null}
[GdPAI | debug] ApplyEffect [After] ID=InstanceId(-9223371179690025964): agent props = {"hunger": 70.0627442063492, "at_target": null, "held_item": "wood", "entity": null}
[GdPAI | debug]   Snapshotting prop: hunger = Float(70.0627442063492) (Variant type: FLOAT)
[GdPAI | debug]   Snapshotting prop: at_target = Nil (Variant type: NIL)
[GdPAI | debug]   Snapshotting prop: held_item = Str("wood") (Variant type: STRING)
[GdPAI | debug]   Snapshotting prop: entity = Nil (Variant type: NIL)
WARNING: [GdPAI] ObjectRef(124621163998): object was freed before callback; returning Nil.
   at: gdplanningai_rust::logger::process_logs (src\logger.rs:66)
   GDScript backtrace (most recent call first):
       [0] _start_plan_and_wait (res://test/integration/test_campfire_example_smoke.gd:57)
WARNING: [GdPAI] ObjectRef(124621163998): object was freed before callback; returning Nil.
   at: gdplanningai_rust::logger::process_logs (src\logger.rs:66)
   GDScript backtrace (most recent call first):
       [0] _start_plan_and_wait (res://test/integration/test_campfire_example_smoke.gd:57)
[GdPAI | debug] GetCost: callable returned non-numeric value: null; returning INFINITY
WARNING: [GdPAI] ObjectRef(124621163998): object was freed before callback; returning Nil.
   at: gdplanningai_rust::logger::process_logs (src\logger.rs:66)
   GDScript backtrace (most recent call first):
       [0] _process (res://addons/GdPlanningAI/gdpai_autoload.gd:21)
WARNING: [GdPAI] ObjectRef(124621163998): object was freed before callback; returning Nil.
   at: gdplanningai_rust::logger::process_logs (src\logger.rs:66)
   GDScript backtrace (most recent call first):
       [0] _process (res://addons/GdPlanningAI/gdpai_autoload.gd:21)
[GdPAI | debug] ApplyEffect [Before] ID=InstanceId(-9223371178381403058): agent props = {"entity": null, "held_item": "", "hunger": 70.0627442063492}
[GdPAI | debug] ApplyEffect [After] ID=InstanceId(-9223371178381403058): agent props = {"entity": null, "held_item": "", "hunger": 70.0627442063492}
[GdPAI | debug]   Snapshotting prop: entity = Nil (Variant type: NIL)
[GdPAI | debug]   Snapshotting prop: held_item = Str("") (Variant type: STRING)
[GdPAI | debug]   Snapshotting prop: hunger = Float(70.0627442063492) (Variant type: FLOAT)
WARNING: [GdPAI] ObjectRef(124621163998): object was freed before callback; returning Nil.
   at: gdplanningai_rust::logger::process_logs (src\logger.rs:66)
   GDScript backtrace (most recent call first):
       [0] _start_plan_and_wait (res://test/integration/test_campfire_example_smoke.gd:57)
[GdPAI | debug] GetCost: callable returned non-numeric value: null; returning INFINITY
WARNING: [GdPAI] ObjectRef(124621163998): object was freed before callback; returning Nil.
   at: gdplanningai_rust::logger::process_logs (src\logger.rs:66)
   GDScript backtrace (most recent call first):
       [0] _process (res://addons/GdPlanningAI/gdpai_autoload.gd:21)
[GdPAI | debug] ApplyEffect [Before] ID=InstanceId(-9223371177072780228): agent props = {"entity": null, "hunger": 70.0627442063492, "held_item": ""}
[GdPAI | debug] ApplyEffect [After] ID=InstanceId(-9223371177072780228): agent props = {"entity": null, "hunger": 70.0627442063492, "held_item": ""}
[GdPAI | debug]   Snapshotting prop: entity = Nil (Variant type: NIL)
[GdPAI | debug]   Snapshotting prop: hunger = Float(70.0627442063492) (Variant type: FLOAT)
[GdPAI | debug]   Snapshotting prop: held_item = Str("") (Variant type: STRING)
WARNING: [GdPAI] ObjectRef(124621163998): object was freed before callback; returning Nil.
   at: gdplanningai_rust::logger::process_logs (src\logger.rs:66)
   GDScript backtrace (most recent call first):
       [0] _start_plan_and_wait (res://test/integration/test_campfire_example_smoke.gd:57)
WARNING: [GdPAI] ObjectRef(124134624705): object was freed before callback; returning Nil.
   at: gdplanningai_rust::logger::process_logs (src\logger.rs:66)
   GDScript backtrace (most recent call first):
       [0] _start_plan_and_wait (res://test/integration/test_campfire_example_smoke.gd:57)
WARNING: [GdPAI] ObjectRef(124134624705): object was freed before callback; returning Nil.
   at: gdplanningai_rust::logger::process_logs (src\logger.rs:66)
   GDScript backtrace (most recent call first):
       [0] _start_plan_and_wait (res://test/integration/test_campfire_example_smoke.gd:57)
[GdPAI | debug] GetCost: callable returned non-numeric value: null; returning INFINITY
WARNING: [GdPAI] ObjectRef(124621163998): object was freed before callback; returning Nil.
   at: gdplanningai_rust::logger::process_logs (src\logger.rs:66)
   GDScript backtrace (most recent call first):
       [0] _process (res://addons/GdPlanningAI/gdpai_autoload.gd:21)
WARNING: [GdPAI] ObjectRef(124134624705): object was freed before callback; returning Nil.
   at: gdplanningai_rust::logger::process_logs (src\logger.rs:66)
   GDScript backtrace (most recent call first):
       [0] _process (res://addons/GdPlanningAI/gdpai_autoload.gd:21)
WARNING: [GdPAI] ObjectRef(124134624705): object was freed before callback; returning Nil.
   at: gdplanningai_rust::logger::process_logs (src\logger.rs:66)
   GDScript backtrace (most recent call first):
       [0] _process (res://addons/GdPlanningAI/gdpai_autoload.gd:21)
[GdPAI | debug] ApplyEffect [Before] ID=InstanceId(-9223371175713825690): agent props = {"hunger": 70.0627442063492, "entity": null, "held_item": "", "at_target": null}
[GdPAI | debug] ApplyEffect [After] ID=InstanceId(-9223371175713825690): agent props = {"hunger": 70.0627442063492, "entity": null, "held_item": "", "at_target": null}
[GdPAI | debug]   Snapshotting prop: hunger = Float(70.0627442063492) (Variant type: FLOAT)
[GdPAI | debug]   Snapshotting prop: entity = Nil (Variant type: NIL)
[GdPAI | debug]   Snapshotting prop: held_item = Str("") (Variant type: STRING)
[GdPAI | debug]   Snapshotting prop: at_target = Nil (Variant type: NIL)
WARNING: [GdPAI] ObjectRef(124621163998): object was freed before callback; returning Nil.
   at: gdplanningai_rust::logger::process_logs (src\logger.rs:66)
   GDScript backtrace (most recent call first):
       [0] _start_plan_and_wait (res://test/integration/test_campfire_example_smoke.gd:57)
WARNING: [GdPAI] ObjectRef(124134624705): object was freed before callback; returning Nil.
   at: gdplanningai_rust::logger::process_logs (src\logger.rs:66)
   GDScript backtrace (most recent call first):
       [0] _start_plan_and_wait (res://test/integration/test_campfire_example_smoke.gd:57)
WARNING: [GdPAI] ObjectRef(124134624705): object was freed before callback; returning Nil.
   at: gdplanningai_rust::logger::process_logs (src\logger.rs:66)
   GDScript backtrace (most recent call first):
       [0] _start_plan_and_wait (res://test/integration/test_campfire_example_smoke.gd:57)
[GdPAI | debug] GetCost: callable returned non-numeric value: null; returning INFINITY
WARNING: [GdPAI] ObjectRef(124621163998): object was freed before callback; returning Nil.
   at: gdplanningai_rust::logger::process_logs (src\logger.rs:66)
   GDScript backtrace (most recent call first):
       [0] _process (res://addons/GdPlanningAI/gdpai_autoload.gd:21)
WARNING: [GdPAI] ObjectRef(124134624705): object was freed before callback; returning Nil.
   at: gdplanningai_rust::logger::process_logs (src\logger.rs:66)
   GDScript backtrace (most recent call first):
       [0] _process (res://addons/GdPlanningAI/gdpai_autoload.gd:21)
WARNING: [GdPAI] ObjectRef(124134624705): object was freed before callback; returning Nil.
   at: gdplanningai_rust::logger::process_logs (src\logger.rs:66)
   GDScript backtrace (most recent call first):
       [0] _process (res://addons/GdPlanningAI/gdpai_autoload.gd:21)
[GdPAI | debug] ApplyEffect [Before] ID=InstanceId(-9223371174254207920): agent props = {"held_item": "", "hunger": 70.0627442063492, "entity": null, "at_target": null}
[GdPAI | debug] ApplyEffect [After] ID=InstanceId(-9223371174254207920): agent props = {"held_item": "", "hunger": 70.0627442063492, "entity": null, "at_target": null}
[GdPAI | debug]   Snapshotting prop: held_item = Str("") (Variant type: STRING)
[GdPAI | debug]   Snapshotting prop: hunger = Float(70.0627442063492) (Variant type: FLOAT)
[GdPAI | debug]   Snapshotting prop: entity = Nil (Variant type: NIL)
[GdPAI | debug]   Snapshotting prop: at_target = Nil (Variant type: NIL)
WARNING: [GdPAI] ObjectRef(124621163998): object was freed before callback; returning Nil.
   at: gdplanningai_rust::logger::process_logs (src\logger.rs:66)
   GDScript backtrace (most recent call first):
       [0] _start_plan_and_wait (res://test/integration/test_campfire_example_smoke.gd:57)
[GdPAI | debug] GetCost: callable returned non-numeric value: null; returning INFINITY
WARNING: [GdPAI] ObjectRef(124621163998): object was freed before callback; returning Nil.
   at: gdplanningai_rust::logger::process_logs (src\logger.rs:66)
   GDScript backtrace (most recent call first):
       [0] _process (res://addons/GdPlanningAI/gdpai_autoload.gd:21)
[GdPAI | debug] ApplyEffect [Before] ID=InstanceId(-9223371172895253441): agent props = {"entity": null, "held_item": "wood", "hunger": 70.0627442063492, "at_target": null}
[GdPAI | debug] ApplyEffect [After] ID=InstanceId(-9223371172895253441): agent props = {"entity": null, "held_item": "wood", "hunger": 70.0627442063492, "at_target": null}
[GdPAI | debug]   Snapshotting prop: entity = Nil (Variant type: NIL)
[GdPAI | debug]   Snapshotting prop: held_item = Str("wood") (Variant type: STRING)
[GdPAI | debug]   Snapshotting prop: hunger = Float(70.0627442063492) (Variant type: FLOAT)
[GdPAI | debug]   Snapshotting prop: at_target = Nil (Variant type: NIL)
WARNING: [GdPAI] ObjectRef(124621163998): object was freed before callback; returning Nil.
   at: gdplanningai_rust::logger::process_logs (src\logger.rs:66)
   GDScript backtrace (most recent call first):
       [0] _start_plan_and_wait (res://test/integration/test_campfire_example_smoke.gd:57)
WARNING: [GdPAI] ObjectRef(124621163998): object was freed before callback; returning Nil.
   at: gdplanningai_rust::logger::process_logs (src\logger.rs:66)
   GDScript backtrace (most recent call first):
       [0] _start_plan_and_wait (res://test/integration/test_campfire_example_smoke.gd:57)
[GdPAI | debug] GetCost: callable returned non-numeric value: null; returning INFINITY
WARNING: [GdPAI] ObjectRef(124621163998): object was freed before callback; returning Nil.
   at: gdplanningai_rust::logger::process_logs (src\logger.rs:66)
   GDScript backtrace (most recent call first):
       [0] _process (res://addons/GdPlanningAI/gdpai_autoload.gd:21)
WARNING: [GdPAI] ObjectRef(124621163998): object was freed before callback; returning Nil.
   at: gdplanningai_rust::logger::process_logs (src\logger.rs:66)
   GDScript backtrace (most recent call first):
       [0] _process (res://addons/GdPlanningAI/gdpai_autoload.gd:21)
[GdPAI | debug] ApplyEffect [Before] ID=InstanceId(-9223371171586630509): agent props = {"entity": null, "hunger": 70.0627442063492, "held_item": ""}
[GdPAI | debug] ApplyEffect [After] ID=InstanceId(-9223371171586630509): agent props = {"entity": null, "hunger": 70.0627442063492, "held_item": ""}
[GdPAI | debug]   Snapshotting prop: entity = Nil (Variant type: NIL)
[GdPAI | debug]   Snapshotting prop: hunger = Float(70.0627442063492) (Variant type: FLOAT)
[GdPAI | debug]   Snapshotting prop: held_item = Str("") (Variant type: STRING)
WARNING: [GdPAI] ObjectRef(124621163998): object was freed before callback; returning Nil.
   at: gdplanningai_rust::logger::process_logs (src\logger.rs:66)
   GDScript backtrace (most recent call first):
       [0] _start_plan_and_wait (res://test/integration/test_campfire_example_smoke.gd:57)
[GdPAI | debug] GetCost: callable returned non-numeric value: null; returning INFINITY
WARNING: [GdPAI] ObjectRef(124621163998): object was freed before callback; returning Nil.
   at: gdplanningai_rust::logger::process_logs (src\logger.rs:66)
   GDScript backtrace (most recent call first):
       [0] _process (res://addons/GdPlanningAI/gdpai_autoload.gd:21)
[GdPAI | debug] ApplyEffect [Before] ID=InstanceId(-9223371170278007656): agent props = {"held_item": "", "entity": null, "hunger": 70.0627442063492}
[GdPAI | debug] ApplyEffect [After] ID=InstanceId(-9223371170278007656): agent props = {"held_item": "", "entity": null, "hunger": 70.0627442063492}
[GdPAI | debug]   Snapshotting prop: held_item = Str("") (Variant type: STRING)
[GdPAI | debug]   Snapshotting prop: entity = Nil (Variant type: NIL)
[GdPAI | debug]   Snapshotting prop: hunger = Float(70.0627442063492) (Variant type: FLOAT)
WARNING: [GdPAI] ObjectRef(124621163998): object was freed before callback; returning Nil.
   at: gdplanningai_rust::logger::process_logs (src\logger.rs:66)
   GDScript backtrace (most recent call first):
       [0] _start_plan_and_wait (res://test/integration/test_campfire_example_smoke.gd:57)
WARNING: [GdPAI] ObjectRef(124134624705): object was freed before callback; returning Nil.
   at: gdplanningai_rust::logger::process_logs (src\logger.rs:66)
   GDScript backtrace (most recent call first):
       [0] _start_plan_and_wait (res://test/integration/test_campfire_example_smoke.gd:57)
WARNING: [GdPAI] ObjectRef(124134624705): object was freed before callback; returning Nil.
   at: gdplanningai_rust::logger::process_logs (src\logger.rs:66)
   GDScript backtrace (most recent call first):
       [0] _start_plan_and_wait (res://test/integration/test_campfire_example_smoke.gd:57)
[GdPAI | debug] GetCost: callable returned non-numeric value: null; returning INFINITY
WARNING: [GdPAI] ObjectRef(124621163998): object was freed before callback; returning Nil.
   at: gdplanningai_rust::logger::process_logs (src\logger.rs:66)
   GDScript backtrace (most recent call first):
       [0] _process (res://addons/GdPlanningAI/gdpai_autoload.gd:21)
WARNING: [GdPAI] ObjectRef(124134624705): object was freed before callback; returning Nil.
   at: gdplanningai_rust::logger::process_logs (src\logger.rs:66)
   GDScript backtrace (most recent call first):
       [0] _process (res://addons/GdPlanningAI/gdpai_autoload.gd:21)
WARNING: [GdPAI] ObjectRef(124134624705): object was freed before callback; returning Nil.
   at: gdplanningai_rust::logger::process_logs (src\logger.rs:66)
   GDScript backtrace (most recent call first):
       [0] _process (res://addons/GdPlanningAI/gdpai_autoload.gd:21)
[GdPAI | debug] ApplyEffect [Before] ID=InstanceId(-9223371168919053187): agent props = {"at_target": null, "hunger": 70.0627442063492, "held_item": "", "entity": null}
[GdPAI | debug] ApplyEffect [After] ID=InstanceId(-9223371168919053187): agent props = {"at_target": null, "hunger": 70.0627442063492, "held_item": "", "entity": null}
[GdPAI | debug]   Snapshotting prop: at_target = Nil (Variant type: NIL)
[GdPAI | debug]   Snapshotting prop: hunger = Float(70.0627442063492) (Variant type: FLOAT)
[GdPAI | debug]   Snapshotting prop: held_item = Str("") (Variant type: STRING)
[GdPAI | debug]   Snapshotting prop: entity = Nil (Variant type: NIL)
WARNING: [GdPAI] ObjectRef(124621163998): object was freed before callback; returning Nil.
   at: gdplanningai_rust::logger::process_logs (src\logger.rs:66)
   GDScript backtrace (most recent call first):
       [0] _start_plan_and_wait (res://test/integration/test_campfire_example_smoke.gd:57)
WARNING: [GdPAI] ObjectRef(124134624705): object was freed before callback; returning Nil.
   at: gdplanningai_rust::logger::process_logs (src\logger.rs:66)
   GDScript backtrace (most recent call first):
       [0] _start_plan_and_wait (res://test/integration/test_campfire_example_smoke.gd:57)
WARNING: [GdPAI] ObjectRef(124134624705): object was freed before callback; returning Nil.
   at: gdplanningai_rust::logger::process_logs (src\logger.rs:66)
   GDScript backtrace (most recent call first):
       [0] _start_plan_and_wait (res://test/integration/test_campfire_example_smoke.gd:57)
[GdPAI | debug] GetCost: callable returned non-numeric value: null; returning INFINITY
WARNING: [GdPAI] ObjectRef(124621163998): object was freed before callback; returning Nil.
   at: gdplanningai_rust::logger::process_logs (src\logger.rs:66)
   GDScript backtrace (most recent call first):
       [0] _process (res://addons/GdPlanningAI/gdpai_autoload.gd:21)
WARNING: [GdPAI] ObjectRef(124134624705): object was freed before callback; returning Nil.
   at: gdplanningai_rust::logger::process_logs (src\logger.rs:66)
   GDScript backtrace (most recent call first):
       [0] _process (res://addons/GdPlanningAI/gdpai_autoload.gd:21)
WARNING: [GdPAI] ObjectRef(124134624705): object was freed before callback; returning Nil.
   at: gdplanningai_rust::logger::process_logs (src\logger.rs:66)
   GDScript backtrace (most recent call first):
       [0] _process (res://addons/GdPlanningAI/gdpai_autoload.gd:21)
[GdPAI | debug] ApplyEffect [Before] ID=InstanceId(-9223371167459435481): agent props = {"entity": null, "hunger": 70.0627442063492, "held_item": "", "at_target": null}
[GdPAI | debug] ApplyEffect [After] ID=InstanceId(-9223371167459435481): agent props = {"entity": null, "hunger": 70.0627442063492, "held_item": "", "at_target": null}
[GdPAI | debug]   Snapshotting prop: entity = Nil (Variant type: NIL)
[GdPAI | debug]   Snapshotting prop: hunger = Float(70.0627442063492) (Variant type: FLOAT)
[GdPAI | debug]   Snapshotting prop: held_item = Str("") (Variant type: STRING)
[GdPAI | debug]   Snapshotting prop: at_target = Nil (Variant type: NIL)
WARNING: [GdPAI] ObjectRef(124621163998): object was freed before callback; returning Nil.
   at: gdplanningai_rust::logger::process_logs (src\logger.rs:66)
   GDScript backtrace (most recent call first):
       [0] _start_plan_and_wait (res://test/integration/test_campfire_example_smoke.gd:57)
[GdPAI | debug] GetCost: callable returned non-numeric value: null; returning INFINITY
WARNING: [GdPAI] ObjectRef(124621163998): object was freed before callback; returning Nil.
   at: gdplanningai_rust::logger::process_logs (src\logger.rs:66)
   GDScript backtrace (most recent call first):
       [0] _process (res://addons/GdPlanningAI/gdpai_autoload.gd:21)
[GdPAI | debug] ApplyEffect [Before] ID=InstanceId(-9223371166100480874): agent props = {"held_item": "wood", "at_target": null, "hunger": 70.0627442063492, "entity": null}
[GdPAI | debug] ApplyEffect [After] ID=InstanceId(-9223371166100480874): agent props = {"held_item": "wood", "at_target": null, "hunger": 70.0627442063492, "entity": null}
[GdPAI | debug]   Snapshotting prop: held_item = Str("wood") (Variant type: STRING)
[GdPAI | debug]   Snapshotting prop: at_target = Nil (Variant type: NIL)
[GdPAI | debug]   Snapshotting prop: hunger = Float(70.0627442063492) (Variant type: FLOAT)
[GdPAI | debug]   Snapshotting prop: entity = Nil (Variant type: NIL)
WARNING: [GdPAI] ObjectRef(124621163998): object was freed before callback; returning Nil.
   at: gdplanningai_rust::logger::process_logs (src\logger.rs:66)
   GDScript backtrace (most recent call first):
       [0] _start_plan_and_wait (res://test/integration/test_campfire_example_smoke.gd:57)
WARNING: [GdPAI] ObjectRef(124621163998): object was freed before callback; returning Nil.
   at: gdplanningai_rust::logger::process_logs (src\logger.rs:66)
   GDScript backtrace (most recent call first):
       [0] _start_plan_and_wait (res://test/integration/test_campfire_example_smoke.gd:57)
[GdPAI | debug] GetCost: callable returned non-numeric value: null; returning INFINITY
WARNING: [GdPAI] ObjectRef(124621163998): object was freed before callback; returning Nil.
   at: gdplanningai_rust::logger::process_logs (src\logger.rs:66)
   GDScript backtrace (most recent call first):
       [0] _process (res://addons/GdPlanningAI/gdpai_autoload.gd:21)
WARNING: [GdPAI] ObjectRef(124621163998): object was freed before callback; returning Nil.
   at: gdplanningai_rust::logger::process_logs (src\logger.rs:66)
   GDScript backtrace (most recent call first):
       [0] _process (res://addons/GdPlanningAI/gdpai_autoload.gd:21)
[GdPAI | debug] ApplyEffect [Before] ID=InstanceId(-9223371164791858004): agent props = {"entity": null, "held_item": "", "hunger": 70.0627442063492}
[GdPAI | debug] ApplyEffect [After] ID=InstanceId(-9223371164791858004): agent props = {"entity": null, "held_item": "", "hunger": 70.0627442063492}
[GdPAI | debug]   Snapshotting prop: entity = Nil (Variant type: NIL)
[GdPAI | debug]   Snapshotting prop: held_item = Str("") (Variant type: STRING)
[GdPAI | debug]   Snapshotting prop: hunger = Float(70.0627442063492) (Variant type: FLOAT)
WARNING: [GdPAI] ObjectRef(124621163998): object was freed before callback; returning Nil.
   at: gdplanningai_rust::logger::process_logs (src\logger.rs:66)
   GDScript backtrace (most recent call first):
       [0] _start_plan_and_wait (res://test/integration/test_campfire_example_smoke.gd:57)
[GdPAI | debug] GetCost: callable returned non-numeric value: null; returning INFINITY
WARNING: [GdPAI] ObjectRef(124621163998): object was freed before callback; returning Nil.
   at: gdplanningai_rust::logger::process_logs (src\logger.rs:66)
   GDScript backtrace (most recent call first):
       [0] _process (res://addons/GdPlanningAI/gdpai_autoload.gd:21)
[GdPAI | debug] ApplyEffect [Before] ID=InstanceId(-9223371163483235163): agent props = {"held_item": "", "entity": null, "hunger": 70.0627442063492}
[GdPAI | debug] ApplyEffect [After] ID=InstanceId(-9223371163483235163): agent props = {"held_item": "", "entity": null, "hunger": 70.0627442063492}
[GdPAI | debug]   Snapshotting prop: held_item = Str("") (Variant type: STRING)
[GdPAI | debug]   Snapshotting prop: entity = Nil (Variant type: NIL)
[GdPAI | debug]   Snapshotting prop: hunger = Float(70.0627442063492) (Variant type: FLOAT)
WARNING: [GdPAI] ObjectRef(124621163998): object was freed before callback; returning Nil.
   at: gdplanningai_rust::logger::process_logs (src\logger.rs:66)
   GDScript backtrace (most recent call first):
       [0] _start_plan_and_wait (res://test/integration/test_campfire_example_smoke.gd:57)
WARNING: [GdPAI] ObjectRef(124134624705): object was freed before callback; returning Nil.
   at: gdplanningai_rust::logger::process_logs (src\logger.rs:66)
   GDScript backtrace (most recent call first):
       [0] _start_plan_and_wait (res://test/integration/test_campfire_example_smoke.gd:57)
WARNING: [GdPAI] ObjectRef(124134624705): object was freed before callback; returning Nil.
   at: gdplanningai_rust::logger::process_logs (src\logger.rs:66)
   GDScript backtrace (most recent call first):
       [0] _start_plan_and_wait (res://test/integration/test_campfire_example_smoke.gd:57)
[GdPAI | debug] GetCost: callable returned non-numeric value: null; returning INFINITY
WARNING: [GdPAI] ObjectRef(124621163998): object was freed before callback; returning Nil.
   at: gdplanningai_rust::logger::process_logs (src\logger.rs:66)
   GDScript backtrace (most recent call first):
       [0] _process (res://addons/GdPlanningAI/gdpai_autoload.gd:21)
WARNING: [GdPAI] ObjectRef(124134624705): object was freed before callback; returning Nil.
   at: gdplanningai_rust::logger::process_logs (src\logger.rs:66)
   GDScript backtrace (most recent call first):
       [0] _process (res://addons/GdPlanningAI/gdpai_autoload.gd:21)
WARNING: [GdPAI] ObjectRef(124134624705): object was freed before callback; returning Nil.
   at: gdplanningai_rust::logger::process_logs (src\logger.rs:66)
   GDScript backtrace (most recent call first):
       [0] _process (res://addons/GdPlanningAI/gdpai_autoload.gd:21)
[GdPAI | debug] ApplyEffect [Before] ID=InstanceId(-9223371162124280624): agent props = {"held_item": "", "hunger": 70.0627442063492, "entity": null, "at_target": null}
[GdPAI | debug] ApplyEffect [After] ID=InstanceId(-9223371162124280624): agent props = {"held_item": "", "hunger": 70.0627442063492, "entity": null, "at_target": null}
[GdPAI | debug]   Snapshotting prop: held_item = Str("") (Variant type: STRING)
[GdPAI | debug]   Snapshotting prop: hunger = Float(70.0627442063492) (Variant type: FLOAT)
[GdPAI | debug]   Snapshotting prop: entity = Nil (Variant type: NIL)
[GdPAI | debug]   Snapshotting prop: at_target = Nil (Variant type: NIL)
WARNING: [GdPAI] ObjectRef(124621163998): object was freed before callback; returning Nil.
   at: gdplanningai_rust::logger::process_logs (src\logger.rs:66)
   GDScript backtrace (most recent call first):
       [0] _start_plan_and_wait (res://test/integration/test_campfire_example_smoke.gd:57)
WARNING: [GdPAI] ObjectRef(124134624705): object was freed before callback; returning Nil.
   at: gdplanningai_rust::logger::process_logs (src\logger.rs:66)
   GDScript backtrace (most recent call first):
       [0] _start_plan_and_wait (res://test/integration/test_campfire_example_smoke.gd:57)
WARNING: [GdPAI] ObjectRef(124134624705): object was freed before callback; returning Nil.
   at: gdplanningai_rust::logger::process_logs (src\logger.rs:66)
   GDScript backtrace (most recent call first):
       [0] _start_plan_and_wait (res://test/integration/test_campfire_example_smoke.gd:57)
[GdPAI | debug] GetCost: callable returned non-numeric value: null; returning INFINITY
WARNING: [GdPAI] ObjectRef(124621163998): object was freed before callback; returning Nil.
   at: gdplanningai_rust::logger::process_logs (src\logger.rs:66)
   GDScript backtrace (most recent call first):
       [0] _process (res://addons/GdPlanningAI/gdpai_autoload.gd:21)
WARNING: [GdPAI] ObjectRef(124134624705): object was freed before callback; returning Nil.
   at: gdplanningai_rust::logger::process_logs (src\logger.rs:66)
   GDScript backtrace (most recent call first):
       [0] _process (res://addons/GdPlanningAI/gdpai_autoload.gd:21)
WARNING: [GdPAI] ObjectRef(124134624705): object was freed before callback; returning Nil.
   at: gdplanningai_rust::logger::process_logs (src\logger.rs:66)
   GDScript backtrace (most recent call first):
       [0] _process (res://addons/GdPlanningAI/gdpai_autoload.gd:21)
[GdPAI | debug] ApplyEffect [Before] ID=InstanceId(-9223371160664662819): agent props = {"hunger": 70.0627442063492, "entity": null, "at_target": null, "held_item": ""}
[GdPAI | debug] ApplyEffect [After] ID=InstanceId(-9223371160664662819): agent props = {"hunger": 70.0627442063492, "entity": null, "at_target": null, "held_item": ""}
[GdPAI | debug]   Snapshotting prop: hunger = Float(70.0627442063492) (Variant type: FLOAT)
[GdPAI | debug]   Snapshotting prop: entity = Nil (Variant type: NIL)
[GdPAI | debug]   Snapshotting prop: at_target = Nil (Variant type: NIL)
[GdPAI | debug]   Snapshotting prop: held_item = Str("") (Variant type: STRING)
WARNING: [GdPAI] ObjectRef(124621163998): object was freed before callback; returning Nil.
   at: gdplanningai_rust::logger::process_logs (src\logger.rs:66)
   GDScript backtrace (most recent call first):
       [0] _start_plan_and_wait (res://test/integration/test_campfire_example_smoke.gd:57)
[GdPAI | debug] GetCost: callable returned non-numeric value: null; returning INFINITY
WARNING: [GdPAI] ObjectRef(124621163998): object was freed before callback; returning Nil.
   at: gdplanningai_rust::logger::process_logs (src\logger.rs:66)
   GDScript backtrace (most recent call first):
       [0] _process (res://addons/GdPlanningAI/gdpai_autoload.gd:21)
[GdPAI | debug] ApplyEffect [Before] ID=InstanceId(-9223371159305708321): agent props = {"entity": null, "hunger": 70.0627442063492, "held_item": "wood", "at_target": null}
[GdPAI | debug] ApplyEffect [After] ID=InstanceId(-9223371159305708321): agent props = {"entity": null, "hunger": 70.0627442063492, "held_item": "wood", "at_target": null}
[GdPAI | debug]   Snapshotting prop: entity = Nil (Variant type: NIL)
[GdPAI | debug]   Snapshotting prop: hunger = Float(70.0627442063492) (Variant type: FLOAT)
[GdPAI | debug]   Snapshotting prop: held_item = Str("wood") (Variant type: STRING)
[GdPAI | debug]   Snapshotting prop: at_target = Nil (Variant type: NIL)
WARNING: [GdPAI] ObjectRef(124621163998): object was freed before callback; returning Nil.
   at: gdplanningai_rust::logger::process_logs (src\logger.rs:66)
   GDScript backtrace (most recent call first):
       [0] _start_plan_and_wait (res://test/integration/test_campfire_example_smoke.gd:57)
WARNING: [GdPAI] ObjectRef(124621163998): object was freed before callback; returning Nil.
   at: gdplanningai_rust::logger::process_logs (src\logger.rs:66)
   GDScript backtrace (most recent call first):
       [0] _start_plan_and_wait (res://test/integration/test_campfire_example_smoke.gd:57)
[GdPAI | debug] GetCost: callable returned non-numeric value: null; returning INFINITY
WARNING: [GdPAI] ObjectRef(124621163998): object was freed before callback; returning Nil.
   at: gdplanningai_rust::logger::process_logs (src\logger.rs:66)
   GDScript backtrace (most recent call first):
       [0] _process (res://addons/GdPlanningAI/gdpai_autoload.gd:21)
WARNING: [GdPAI] ObjectRef(124621163998): object was freed before callback; returning Nil.
   at: gdplanningai_rust::logger::process_logs (src\logger.rs:66)
   GDScript backtrace (most recent call first):
       [0] _process (res://addons/GdPlanningAI/gdpai_autoload.gd:21)
[GdPAI | debug] ApplyEffect [Before] ID=InstanceId(-9223371157997085433): agent props = {"held_item": "", "hunger": 70.0627442063492, "entity": null}
[GdPAI | debug] ApplyEffect [After] ID=InstanceId(-9223371157997085433): agent props = {"held_item": "", "hunger": 70.0627442063492, "entity": null}
[GdPAI | debug]   Snapshotting prop: held_item = Str("") (Variant type: STRING)
[GdPAI | debug]   Snapshotting prop: hunger = Float(70.0627442063492) (Variant type: FLOAT)
[GdPAI | debug]   Snapshotting prop: entity = Nil (Variant type: NIL)
WARNING: [GdPAI] ObjectRef(124621163998): object was freed before callback; returning Nil.
   at: gdplanningai_rust::logger::process_logs (src\logger.rs:66)
   GDScript backtrace (most recent call first):
       [0] _start_plan_and_wait (res://test/integration/test_campfire_example_smoke.gd:57)
[GdPAI | debug] GetCost: callable returned non-numeric value: null; returning INFINITY
WARNING: [GdPAI] ObjectRef(124621163998): object was freed before callback; returning Nil.
   at: gdplanningai_rust::logger::process_logs (src\logger.rs:66)
   GDScript backtrace (most recent call first):
       [0] _process (res://addons/GdPlanningAI/gdpai_autoload.gd:21)
[GdPAI | debug] ApplyEffect [Before] ID=InstanceId(-9223371156688462587): agent props = {"entity": null, "held_item": "", "hunger": 70.0627442063492}
[GdPAI | debug] ApplyEffect [After] ID=InstanceId(-9223371156688462587): agent props = {"entity": null, "held_item": "", "hunger": 70.0627442063492}
[GdPAI | debug]   Snapshotting prop: entity = Nil (Variant type: NIL)
[GdPAI | debug]   Snapshotting prop: held_item = Str("") (Variant type: STRING)
[GdPAI | debug]   Snapshotting prop: hunger = Float(70.0627442063492) (Variant type: FLOAT)
WARNING: [GdPAI] ObjectRef(124621163998): object was freed before callback; returning Nil.
   at: gdplanningai_rust::logger::process_logs (src\logger.rs:66)
   GDScript backtrace (most recent call first):
       [0] _start_plan_and_wait (res://test/integration/test_campfire_example_smoke.gd:57)
WARNING: [GdPAI] ObjectRef(124134624705): object was freed before callback; returning Nil.
   at: gdplanningai_rust::logger::process_logs (src\logger.rs:66)
   GDScript backtrace (most recent call first):
       [0] _start_plan_and_wait (res://test/integration/test_campfire_example_smoke.gd:57)
WARNING: [GdPAI] ObjectRef(124134624705): object was freed before callback; returning Nil.
   at: gdplanningai_rust::logger::process_logs (src\logger.rs:66)
   GDScript backtrace (most recent call first):
       [0] _start_plan_and_wait (res://test/integration/test_campfire_example_smoke.gd:57)
[GdPAI | debug] GetCost: callable returned non-numeric value: null; returning INFINITY
WARNING: [GdPAI] ObjectRef(124621163998): object was freed before callback; returning Nil.
   at: gdplanningai_rust::logger::process_logs (src\logger.rs:66)
   GDScript backtrace (most recent call first):
       [0] _process (res://addons/GdPlanningAI/gdpai_autoload.gd:21)
WARNING: [GdPAI] ObjectRef(124134624705): object was freed before callback; returning Nil.
   at: gdplanningai_rust::logger::process_logs (src\logger.rs:66)
   GDScript backtrace (most recent call first):
       [0] _process (res://addons/GdPlanningAI/gdpai_autoload.gd:21)
WARNING: [GdPAI] ObjectRef(124134624705): object was freed before callback; returning Nil.
   at: gdplanningai_rust::logger::process_logs (src\logger.rs:66)
   GDScript backtrace (most recent call first):
       [0] _process (res://addons/GdPlanningAI/gdpai_autoload.gd:21)
[GdPAI | debug] ApplyEffect [Before] ID=InstanceId(-9223371155329508085): agent props = {"entity": null, "hunger": 70.0627442063492, "at_target": null, "held_item": ""}
[GdPAI | debug] ApplyEffect [After] ID=InstanceId(-9223371155329508085): agent props = {"entity": null, "hunger": 70.0627442063492, "at_target": null, "held_item": ""}
[GdPAI | debug]   Snapshotting prop: entity = Nil (Variant type: NIL)
[GdPAI | debug]   Snapshotting prop: hunger = Float(70.0627442063492) (Variant type: FLOAT)
[GdPAI | debug]   Snapshotting prop: at_target = Nil (Variant type: NIL)
[GdPAI | debug]   Snapshotting prop: held_item = Str("") (Variant type: STRING)
WARNING: [GdPAI] ObjectRef(124621163998): object was freed before callback; returning Nil.
   at: gdplanningai_rust::logger::process_logs (src\logger.rs:66)
   GDScript backtrace (most recent call first):
       [0] _start_plan_and_wait (res://test/integration/test_campfire_example_smoke.gd:57)
WARNING: [GdPAI] ObjectRef(124134624705): object was freed before callback; returning Nil.
   at: gdplanningai_rust::logger::process_logs (src\logger.rs:66)
   GDScript backtrace (most recent call first):
       [0] _start_plan_and_wait (res://test/integration/test_campfire_example_smoke.gd:57)
WARNING: [GdPAI] ObjectRef(124134624705): object was freed before callback; returning Nil.
   at: gdplanningai_rust::logger::process_logs (src\logger.rs:66)
   GDScript backtrace (most recent call first):
       [0] _start_plan_and_wait (res://test/integration/test_campfire_example_smoke.gd:57)
[GdPAI | debug] GetCost: callable returned non-numeric value: null; returning INFINITY
WARNING: [GdPAI] ObjectRef(124621163998): object was freed before callback; returning Nil.
   at: gdplanningai_rust::logger::process_logs (src\logger.rs:66)
   GDScript backtrace (most recent call first):
       [0] _process (res://addons/GdPlanningAI/gdpai_autoload.gd:21)
WARNING: [GdPAI] ObjectRef(124134624705): object was freed before callback; returning Nil.
   at: gdplanningai_rust::logger::process_logs (src\logger.rs:66)
   GDScript backtrace (most recent call first):
       [0] _process (res://addons/GdPlanningAI/gdpai_autoload.gd:21)
WARNING: [GdPAI] ObjectRef(124134624705): object was freed before callback; returning Nil.
   at: gdplanningai_rust::logger::process_logs (src\logger.rs:66)
   GDScript backtrace (most recent call first):
       [0] _process (res://addons/GdPlanningAI/gdpai_autoload.gd:21)
[GdPAI | debug] ApplyEffect [Before] ID=InstanceId(-9223371153869890270): agent props = {"held_item": "", "at_target": null, "hunger": 70.0627442063492, "entity": null}
[GdPAI | debug] ApplyEffect [After] ID=InstanceId(-9223371153869890270): agent props = {"held_item": "", "at_target": null, "hunger": 70.0627442063492, "entity": null}
[GdPAI | debug]   Snapshotting prop: held_item = Str("") (Variant type: STRING)
[GdPAI | debug]   Snapshotting prop: at_target = Nil (Variant type: NIL)
[GdPAI | debug]   Snapshotting prop: hunger = Float(70.0627442063492) (Variant type: FLOAT)
[GdPAI | debug]   Snapshotting prop: entity = Nil (Variant type: NIL)
WARNING: [GdPAI] ObjectRef(124621163998): object was freed before callback; returning Nil.
   at: gdplanningai_rust::logger::process_logs (src\logger.rs:66)
   GDScript backtrace (most recent call first):
       [0] _start_plan_and_wait (res://test/integration/test_campfire_example_smoke.gd:57)
[GdPAI | debug] GetCost: callable returned non-numeric value: null; returning INFINITY
WARNING: [GdPAI] ObjectRef(124621163998): object was freed before callback; returning Nil.
   at: gdplanningai_rust::logger::process_logs (src\logger.rs:66)
   GDScript backtrace (most recent call first):
       [0] _process (res://addons/GdPlanningAI/gdpai_autoload.gd:21)
[GdPAI | debug] ApplyEffect [Before] ID=InstanceId(-9223371152510935761): agent props = {"held_item": "wood", "at_target": null, "hunger": 70.0627442063492, "entity": null}
[GdPAI | debug] ApplyEffect [After] ID=InstanceId(-9223371152510935761): agent props = {"held_item": "wood", "at_target": null, "hunger": 70.0627442063492, "entity": null}
[GdPAI | debug]   Snapshotting prop: held_item = Str("wood") (Variant type: STRING)
[GdPAI | debug]   Snapshotting prop: at_target = Nil (Variant type: NIL)
[GdPAI | debug]   Snapshotting prop: hunger = Float(70.0627442063492) (Variant type: FLOAT)
[GdPAI | debug]   Snapshotting prop: entity = Nil (Variant type: NIL)
[GdPAI] A* Iteration: pop node with chain length 4
[GdPAI | debug] find_candidates: Checking 15 actions against 1 preconds and 1 requirements
WARNING: [GdPAI] ObjectRef(124621163998): object was freed before callback; returning Nil.
   at: gdplanningai_rust::logger::process_logs (src\logger.rs:66)
   GDScript backtrace (most recent call first):
       [0] _start_plan_and_wait (res://test/integration/test_campfire_example_smoke.gd:57)
WARNING: [GdPAI] ObjectRef(124621163998): object was freed before callback; returning Nil.
   at: gdplanningai_rust::logger::process_logs (src\logger.rs:66)
   GDScript backtrace (most recent call first):
       [0] _start_plan_and_wait (res://test/integration/test_campfire_example_smoke.gd:57)
[GdPAI | debug] Discovery: Starting simulation for action Go To
WARNING: [GdPAI] ObjectRef(124621163998): object was freed before callback; returning Nil.
   at: gdplanningai_rust::logger::process_logs (src\logger.rs:66)
   GDScript backtrace (most recent call first):
       [0] _process (res://addons/GdPlanningAI/gdpai_autoload.gd:21)
WARNING: [GdPAI] ObjectRef(124621163998): object was freed before callback; returning Nil.
   at: gdplanningai_rust::logger::process_logs (src\logger.rs:66)
   GDScript backtrace (most recent call first):
       [0] _process (res://addons/GdPlanningAI/gdpai_autoload.gd:21)
[GdPAI | debug] GetCost: callable returned non-numeric value: null; returning INFINITY
WARNING: [GdPAI] ObjectRef(124621163998): object was freed before callback; returning Nil.
   at: gdplanningai_rust::logger::process_logs (src\logger.rs:66)
   GDScript backtrace (most recent call first):
       [0] _start_plan_and_wait (res://test/integration/test_campfire_example_smoke.gd:57)
WARNING: [GdPAI] ObjectRef(124621163998): object was freed before callback; returning Nil.
   at: gdplanningai_rust::logger::process_logs (src\logger.rs:66)
   GDScript backtrace (most recent call first):
       [0] _start_plan_and_wait (res://test/integration/test_campfire_example_smoke.gd:57)
[GdPAI | debug] ApplyEffect [Before] ID=InstanceId(-9223371150531224243): agent props = {"held_item": "", "hunger": 70.0627442063492, "entity": null}
[GdPAI | debug] ApplyEffect [After] ID=InstanceId(-9223371150531224243): agent props = {"held_item": "", "hunger": 70.0627442063492, "entity": null}
[GdPAI | debug]   Snapshotting prop: held_item = Str("") (Variant type: STRING)
[GdPAI | debug]   Snapshotting prop: hunger = Float(70.0627442063492) (Variant type: FLOAT)
[GdPAI | debug]   Snapshotting prop: entity = Nil (Variant type: NIL)
[GdPAI | debug] Discovery: Simulation success for Go To. Agent props: {"entity": Nil, "hunger": Float(70.0627442063492), "held_item": Str("")}
[GdPAI | debug] Discovery: Action Go To satisfied precond Builtin { target: Agent, operation: Equal, property_name: "held_item", value: Some(Str("")) }
[GdPAI | debug] Found candidate: Go To (satisfied preconds: [0], requirements: [0])
[GdPAI | debug] Discovery: Starting simulation for action Eat Held Food
WARNING: [GdPAI] ObjectRef(124621163998): object was freed before callback; returning Nil.
   at: gdplanningai_rust::logger::process_logs (src\logger.rs:66)
   GDScript backtrace (most recent call first):
       [0] _process (res://addons/GdPlanningAI/gdpai_autoload.gd:21)
WARNING: [GdPAI] ObjectRef(124621163998): object was freed before callback; returning Nil.
   at: gdplanningai_rust::logger::process_logs (src\logger.rs:66)
   GDScript backtrace (most recent call first):
       [0] _process (res://addons/GdPlanningAI/gdpai_autoload.gd:21)
[GdPAI | debug] GetCost: callable returned non-numeric value: null; returning INFINITY
WARNING: [GdPAI] ObjectRef(124621163998): object was freed before callback; returning Nil.
   at: gdplanningai_rust::logger::process_logs (src\logger.rs:66)
   GDScript backtrace (most recent call first):
       [0] _start_plan_and_wait (res://test/integration/test_campfire_example_smoke.gd:57)
WARNING: [GdPAI] ObjectRef(124621163998): object was freed before callback; returning Nil.
   at: gdplanningai_rust::logger::process_logs (src\logger.rs:66)
   GDScript backtrace (most recent call first):
       [0] _start_plan_and_wait (res://test/integration/test_campfire_example_smoke.gd:57)
[GdPAI | debug] ApplyEffect [Before] ID=InstanceId(-9223371149172269755): agent props = {"hunger": 70.0627442063492, "held_item": "", "entity": null}
[GdPAI | debug] ApplyEffect [After] ID=InstanceId(-9223371149172269755): agent props = {"hunger": 70.0627442063492, "held_item": "", "entity": null}
[GdPAI | debug]   Snapshotting prop: hunger = Float(70.0627442063492) (Variant type: FLOAT)
[GdPAI | debug]   Snapshotting prop: held_item = Str("") (Variant type: STRING)
[GdPAI | debug]   Snapshotting prop: entity = Nil (Variant type: NIL)
[GdPAI | debug] Discovery: Simulation success for Eat Held Food. Agent props: {"hunger": Float(70.0627442063492), "held_item": Str(""), "entity": Nil}
[GdPAI | debug] Discovery: Action Eat Held Food satisfied precond Builtin { target: Agent, operation: Equal, property_name: "held_item", value: Some(Str("")) }
[GdPAI | debug] Found candidate: Eat Held Food (satisfied preconds: [0], requirements: [])
WARNING: [GdPAI] ObjectRef(124621163998): object was freed before callback; returning Nil.
   at: gdplanningai_rust::logger::process_logs (src\logger.rs:66)
   GDScript backtrace (most recent call first):
       [0] _process (res://addons/GdPlanningAI/gdpai_autoload.gd:21)
WARNING: [GdPAI] ObjectRef(124621163998): object was freed before callback; returning Nil.
   at: gdplanningai_rust::logger::process_logs (src\logger.rs:66)
   GDScript backtrace (most recent call first):
       [0] _process (res://addons/GdPlanningAI/gdpai_autoload.gd:21)
[GdPAI | debug] Discovery: Starting simulation for action Go To
WARNING: [GdPAI] ObjectRef(124621163998): object was freed before callback; returning Nil.
   at: gdplanningai_rust::logger::process_logs (src\logger.rs:66)
   GDScript backtrace (most recent call first):
       [0] _start_plan_and_wait (res://test/integration/test_campfire_example_smoke.gd:57)
WARNING: [GdPAI] ObjectRef(124621163998): object was freed before callback; returning Nil.
   at: gdplanningai_rust::logger::process_logs (src\logger.rs:66)
   GDScript backtrace (most recent call first):
       [0] _start_plan_and_wait (res://test/integration/test_campfire_example_smoke.gd:57)
[GdPAI | debug] GetCost: callable returned non-numeric value: null; returning INFINITY
WARNING: [GdPAI] ObjectRef(124621163998): object was freed before callback; returning Nil.
   at: gdplanningai_rust::logger::process_logs (src\logger.rs:66)
   GDScript backtrace (most recent call first):
       [0] _process (res://addons/GdPlanningAI/gdpai_autoload.gd:21)
WARNING: [GdPAI] ObjectRef(124621163998): object was freed before callback; returning Nil.
   at: gdplanningai_rust::logger::process_logs (src\logger.rs:66)
   GDScript backtrace (most recent call first):
       [0] _process (res://addons/GdPlanningAI/gdpai_autoload.gd:21)
[GdPAI | debug] ApplyEffect [Before] ID=InstanceId(-9223371147125449381): agent props = {"held_item": "", "hunger": 70.0627442063492, "entity": null}
[GdPAI | debug] ApplyEffect [After] ID=InstanceId(-9223371147125449381): agent props = {"held_item": "", "hunger": 70.0627442063492, "entity": null}
[GdPAI | debug]   Snapshotting prop: held_item = Str("") (Variant type: STRING)
[GdPAI | debug]   Snapshotting prop: hunger = Float(70.0627442063492) (Variant type: FLOAT)
[GdPAI | debug]   Snapshotting prop: entity = Nil (Variant type: NIL)
[GdPAI | debug] Discovery: Simulation success for Go To. Agent props: {"entity": Nil, "held_item": Str(""), "hunger": Float(70.0627442063492)}
[GdPAI | debug] Discovery: Action Go To satisfied precond Builtin { target: Agent, operation: Equal, property_name: "held_item", value: Some(Str("")) }
[GdPAI | debug] Found candidate: Go To (satisfied preconds: [0], requirements: [0])
[GdPAI | debug] Discovery: Starting simulation for action Drop Item
WARNING: [GdPAI] ObjectRef(124621163998): object was freed before callback; returning Nil.
   at: gdplanningai_rust::logger::process_logs (src\logger.rs:66)
   GDScript backtrace (most recent call first):
       [0] _start_plan_and_wait (res://test/integration/test_campfire_example_smoke.gd:57)
WARNING: [GdPAI] ObjectRef(124621163998): object was freed before callback; returning Nil.
   at: gdplanningai_rust::logger::process_logs (src\logger.rs:66)
   GDScript backtrace (most recent call first):
       [0] _start_plan_and_wait (res://test/integration/test_campfire_example_smoke.gd:57)
[GdPAI | debug] GetCost: callable returned non-numeric value: null; returning INFINITY
WARNING: [GdPAI] ObjectRef(124621163998): object was freed before callback; returning Nil.
   at: gdplanningai_rust::logger::process_logs (src\logger.rs:66)
   GDScript backtrace (most recent call first):
       [0] _process (res://addons/GdPlanningAI/gdpai_autoload.gd:21)
WARNING: [GdPAI] ObjectRef(124621163998): object was freed before callback; returning Nil.
   at: gdplanningai_rust::logger::process_logs (src\logger.rs:66)
   GDScript backtrace (most recent call first):
       [0] _process (res://addons/GdPlanningAI/gdpai_autoload.gd:21)
[GdPAI | debug] ApplyEffect [Before] ID=InstanceId(-9223371145766494915): agent props = {"hunger": 70.0627442063492, "held_item": "", "entity": null}
[GdPAI | debug] ApplyEffect [After] ID=InstanceId(-9223371145766494915): agent props = {"hunger": 70.0627442063492, "held_item": "", "entity": null}
[GdPAI | debug]   Snapshotting prop: hunger = Float(70.0627442063492) (Variant type: FLOAT)
[GdPAI | debug]   Snapshotting prop: held_item = Str("") (Variant type: STRING)
[GdPAI | debug]   Snapshotting prop: entity = Nil (Variant type: NIL)
[GdPAI | debug] Discovery: Simulation success for Drop Item. Agent props: {"held_item": Str(""), "entity": Nil, "hunger": Float(70.0627442063492)}
[GdPAI | debug] Discovery: Action Drop Item satisfied precond Builtin { target: Agent, operation: Equal, property_name: "held_item", value: Some(Str("")) }
[GdPAI | debug] Found candidate: Drop Item (satisfied preconds: [0], requirements: [])
[GdPAI | debug] Discovery: Starting simulation for action Add Fuel
WARNING: [GdPAI] ObjectRef(124621163998): object was freed before callback; returning Nil.
   at: gdplanningai_rust::logger::process_logs (src\logger.rs:66)
   GDScript backtrace (most recent call first):
       [0] _start_plan_and_wait (res://test/integration/test_campfire_example_smoke.gd:57)
WARNING: [GdPAI] ObjectRef(124621163998): object was freed before callback; returning Nil.
   at: gdplanningai_rust::logger::process_logs (src\logger.rs:66)
   GDScript backtrace (most recent call first):
       [0] _start_plan_and_wait (res://test/integration/test_campfire_example_smoke.gd:57)
[GdPAI | debug] GetCost: callable returned non-numeric value: null; returning INFINITY
WARNING: [GdPAI] ObjectRef(124621163998): object was freed before callback; returning Nil.
   at: gdplanningai_rust::logger::process_logs (src\logger.rs:66)
   GDScript backtrace (most recent call first):
       [0] _process (res://addons/GdPlanningAI/gdpai_autoload.gd:21)
WARNING: [GdPAI] ObjectRef(124621163998): object was freed before callback; returning Nil.
   at: gdplanningai_rust::logger::process_logs (src\logger.rs:66)
   GDScript backtrace (most recent call first):
       [0] _process (res://addons/GdPlanningAI/gdpai_autoload.gd:21)
[GdPAI | debug] ApplyEffect [Before] ID=InstanceId(-9223371144407540422): agent props = {"held_item": "wood", "entity": null, "hunger": 70.0627442063492}
[GdPAI | debug] ApplyEffect [After] ID=InstanceId(-9223371144407540422): agent props = {"held_item": "wood", "entity": null, "hunger": 70.0627442063492}
[GdPAI | debug]   Snapshotting prop: held_item = Str("wood") (Variant type: STRING)
[GdPAI | debug]   Snapshotting prop: entity = Nil (Variant type: NIL)
[GdPAI | debug]   Snapshotting prop: hunger = Float(70.0627442063492) (Variant type: FLOAT)
[GdPAI | debug] Discovery: Simulation success for Add Fuel. Agent props: {"held_item": Str("wood"), "entity": Nil, "hunger": Float(70.0627442063492)}
[GdPAI | debug] Discovery: Action Add Fuel did NOT satisfy precond Builtin { target: Agent, operation: Equal, property_name: "held_item", value: Some(Str("")) }
WARNING: [GdPAI] ObjectRef(124621163998): object was freed before callback; returning Nil.
   at: gdplanningai_rust::logger::process_logs (src\logger.rs:66)
   GDScript backtrace (most recent call first):
       [0] _start_plan_and_wait (res://test/integration/test_campfire_example_smoke.gd:57)
WARNING: [GdPAI] ObjectRef(124621163998): object was freed before callback; returning Nil.
   at: gdplanningai_rust::logger::process_logs (src\logger.rs:66)
   GDScript backtrace (most recent call first):
       [0] _start_plan_and_wait (res://test/integration/test_campfire_example_smoke.gd:57)
[GdPAI | debug] Discovery: Action Cook Potato failed validity check, skipping
[GdPAI | debug] Discovery: Starting simulation for action Pick Up Wood
WARNING: [GdPAI] ObjectRef(124621163998): object was freed before callback; returning Nil.
   at: gdplanningai_rust::logger::process_logs (src\logger.rs:66)
   GDScript backtrace (most recent call first):
       [0] _process (res://addons/GdPlanningAI/gdpai_autoload.gd:21)
WARNING: [GdPAI] ObjectRef(124621163998): object was freed before callback; returning Nil.
   at: gdplanningai_rust::logger::process_logs (src\logger.rs:66)
   GDScript backtrace (most recent call first):
       [0] _process (res://addons/GdPlanningAI/gdpai_autoload.gd:21)
[GdPAI | debug] GetCost: callable returned non-numeric value: null; returning INFINITY
WARNING: [GdPAI] ObjectRef(124621163998): object was freed before callback; returning Nil.
   at: gdplanningai_rust::logger::process_logs (src\logger.rs:66)
   GDScript backtrace (most recent call first):
       [0] _start_plan_and_wait (res://test/integration/test_campfire_example_smoke.gd:57)
WARNING: [GdPAI] ObjectRef(124621163998): object was freed before callback; returning Nil.
   at: gdplanningai_rust::logger::process_logs (src\logger.rs:66)
   GDScript backtrace (most recent call first):
       [0] _start_plan_and_wait (res://test/integration/test_campfire_example_smoke.gd:57)
[GdPAI | debug] ApplyEffect [Before] ID=InstanceId(-9223371142377497196): agent props = {"hunger": 70.0627442063492, "held_item": "", "entity": null}
[GdPAI | debug] ApplyEffect [After] ID=InstanceId(-9223371142377497196): agent props = {"hunger": 70.0627442063492, "held_item": "", "entity": null}
[GdPAI | debug]   Snapshotting prop: hunger = Float(70.0627442063492) (Variant type: FLOAT)
[GdPAI | debug]   Snapshotting prop: held_item = Str("") (Variant type: STRING)
[GdPAI | debug]   Snapshotting prop: entity = Nil (Variant type: NIL)
[GdPAI | debug] Discovery: Simulation success for Pick Up Wood. Agent props: {"hunger": Float(70.0627442063492), "entity": Nil, "held_item": Str("")}
[GdPAI | debug] Discovery: Action Pick Up Wood satisfied precond Builtin { target: Agent, operation: Equal, property_name: "held_item", value: Some(Str("")) }
[GdPAI | debug] Found candidate: Pick Up Wood (satisfied preconds: [0], requirements: [])
[GdPAI | debug] Discovery: Starting simulation for action Pick Up Wood
WARNING: [GdPAI] ObjectRef(124621163998): object was freed before callback; returning Nil.
   at: gdplanningai_rust::logger::process_logs (src\logger.rs:66)
   GDScript backtrace (most recent call first):
       [0] _process (res://addons/GdPlanningAI/gdpai_autoload.gd:21)
WARNING: [GdPAI] ObjectRef(124621163998): object was freed before callback; returning Nil.
   at: gdplanningai_rust::logger::process_logs (src\logger.rs:66)
   GDScript backtrace (most recent call first):
       [0] _process (res://addons/GdPlanningAI/gdpai_autoload.gd:21)
[GdPAI | debug] GetCost: callable returned non-numeric value: null; returning INFINITY
WARNING: [GdPAI] ObjectRef(124621163998): object was freed before callback; returning Nil.
   at: gdplanningai_rust::logger::process_logs (src\logger.rs:66)
   GDScript backtrace (most recent call first):
       [0] _start_plan_and_wait (res://test/integration/test_campfire_example_smoke.gd:57)
WARNING: [GdPAI] ObjectRef(124621163998): object was freed before callback; returning Nil.
   at: gdplanningai_rust::logger::process_logs (src\logger.rs:66)
   GDScript backtrace (most recent call first):
       [0] _start_plan_and_wait (res://test/integration/test_campfire_example_smoke.gd:57)
[GdPAI | debug] ApplyEffect [Before] ID=InstanceId(-9223371141018542744): agent props = {"entity": null, "held_item": "", "hunger": 70.0627442063492}
[GdPAI | debug] ApplyEffect [After] ID=InstanceId(-9223371141018542744): agent props = {"entity": null, "held_item": "", "hunger": 70.0627442063492}
[GdPAI | debug]   Snapshotting prop: entity = Nil (Variant type: NIL)
[GdPAI | debug]   Snapshotting prop: held_item = Str("") (Variant type: STRING)
[GdPAI | debug]   Snapshotting prop: hunger = Float(70.0627442063492) (Variant type: FLOAT)
[GdPAI | debug] Discovery: Simulation success for Pick Up Wood. Agent props: {"held_item": Str(""), "entity": Nil, "hunger": Float(70.0627442063492)}
[GdPAI | debug] Discovery: Action Pick Up Wood satisfied precond Builtin { target: Agent, operation: Equal, property_name: "held_item", value: Some(Str("")) }
[GdPAI | debug] Found candidate: Pick Up Wood (satisfied preconds: [0], requirements: [])
[GdPAI | debug] Discovery: Starting simulation for action Pick Up Wood
WARNING: [GdPAI] ObjectRef(124621163998): object was freed before callback; returning Nil.
   at: gdplanningai_rust::logger::process_logs (src\logger.rs:66)
   GDScript backtrace (most recent call first):
       [0] _process (res://addons/GdPlanningAI/gdpai_autoload.gd:21)
WARNING: [GdPAI] ObjectRef(124621163998): object was freed before callback; returning Nil.
   at: gdplanningai_rust::logger::process_logs (src\logger.rs:66)
   GDScript backtrace (most recent call first):
       [0] _process (res://addons/GdPlanningAI/gdpai_autoload.gd:21)
[GdPAI | debug] GetCost: callable returned non-numeric value: null; returning INFINITY
WARNING: [GdPAI] ObjectRef(124621163998): object was freed before callback; returning Nil.
   at: gdplanningai_rust::logger::process_logs (src\logger.rs:66)
   GDScript backtrace (most recent call first):
       [0] _start_plan_and_wait (res://test/integration/test_campfire_example_smoke.gd:57)
WARNING: [GdPAI] ObjectRef(124621163998): object was freed before callback; returning Nil.
   at: gdplanningai_rust::logger::process_logs (src\logger.rs:66)
   GDScript backtrace (most recent call first):
       [0] _start_plan_and_wait (res://test/integration/test_campfire_example_smoke.gd:57)
[GdPAI | debug] ApplyEffect [Before] ID=InstanceId(-9223371139659588174): agent props = {"held_item": "", "entity": null, "hunger": 70.0627442063492}
[GdPAI | debug] ApplyEffect [After] ID=InstanceId(-9223371139659588174): agent props = {"held_item": "", "entity": null, "hunger": 70.0627442063492}
[GdPAI | debug]   Snapshotting prop: held_item = Str("") (Variant type: STRING)
[GdPAI | debug]   Snapshotting prop: entity = Nil (Variant type: NIL)
[GdPAI | debug]   Snapshotting prop: hunger = Float(70.0627442063492) (Variant type: FLOAT)
[GdPAI | debug] Discovery: Simulation success for Pick Up Wood. Agent props: {"entity": Nil, "held_item": Str(""), "hunger": Float(70.0627442063492)}
[GdPAI | debug] Discovery: Action Pick Up Wood satisfied precond Builtin { target: Agent, operation: Equal, property_name: "held_item", value: Some(Str("")) }
[GdPAI | debug] Found candidate: Pick Up Wood (satisfied preconds: [0], requirements: [])
[GdPAI | debug] Discovery: Starting simulation for action Pick Up Wood
WARNING: [GdPAI] ObjectRef(124621163998): object was freed before callback; returning Nil.
   at: gdplanningai_rust::logger::process_logs (src\logger.rs:66)
   GDScript backtrace (most recent call first):
       [0] _process (res://addons/GdPlanningAI/gdpai_autoload.gd:21)
WARNING: [GdPAI] ObjectRef(124621163998): object was freed before callback; returning Nil.
   at: gdplanningai_rust::logger::process_logs (src\logger.rs:66)
   GDScript backtrace (most recent call first):
       [0] _process (res://addons/GdPlanningAI/gdpai_autoload.gd:21)
[GdPAI | debug] GetCost: callable returned non-numeric value: null; returning INFINITY
WARNING: [GdPAI] ObjectRef(124621163998): object was freed before callback; returning Nil.
   at: gdplanningai_rust::logger::process_logs (src\logger.rs:66)
   GDScript backtrace (most recent call first):
       [0] _start_plan_and_wait (res://test/integration/test_campfire_example_smoke.gd:57)
WARNING: [GdPAI] ObjectRef(124621163998): object was freed before callback; returning Nil.
   at: gdplanningai_rust::logger::process_logs (src\logger.rs:66)
   GDScript backtrace (most recent call first):
       [0] _start_plan_and_wait (res://test/integration/test_campfire_example_smoke.gd:57)
[GdPAI | debug] ApplyEffect [Before] ID=InstanceId(-9223371138300633668): agent props = {"held_item": "", "hunger": 70.0627442063492, "entity": null}
[GdPAI | debug] ApplyEffect [After] ID=InstanceId(-9223371138300633668): agent props = {"held_item": "", "hunger": 70.0627442063492, "entity": null}
[GdPAI | debug]   Snapshotting prop: held_item = Str("") (Variant type: STRING)
[GdPAI | debug]   Snapshotting prop: hunger = Float(70.0627442063492) (Variant type: FLOAT)
[GdPAI | debug]   Snapshotting prop: entity = Nil (Variant type: NIL)
[GdPAI | debug] Discovery: Simulation success for Pick Up Wood. Agent props: {"entity": Nil, "hunger": Float(70.0627442063492), "held_item": Str("")}
[GdPAI | debug] Discovery: Action Pick Up Wood satisfied precond Builtin { target: Agent, operation: Equal, property_name: "held_item", value: Some(Str("")) }
[GdPAI | debug] Found candidate: Pick Up Wood (satisfied preconds: [0], requirements: [])
WARNING: [GdPAI] ObjectRef(124621163998): object was freed before callback; returning Nil.
   at: gdplanningai_rust::logger::process_logs (src\logger.rs:66)
   GDScript backtrace (most recent call first):
       [0] _process (res://addons/GdPlanningAI/gdpai_autoload.gd:21)
WARNING: [GdPAI] ObjectRef(124621163998): object was freed before callback; returning Nil.
   at: gdplanningai_rust::logger::process_logs (src\logger.rs:66)
   GDScript backtrace (most recent call first):
       [0] _process (res://addons/GdPlanningAI/gdpai_autoload.gd:21)
[GdPAI | debug] Discovery: Action Dig Potato failed validity check, skipping
WARNING: [GdPAI] ObjectRef(124621163998): object was freed before callback; returning Nil.
   at: gdplanningai_rust::logger::process_logs (src\logger.rs:66)
   GDScript backtrace (most recent call first):
       [0] _start_plan_and_wait (res://test/integration/test_campfire_example_smoke.gd:57)
WARNING: [GdPAI] ObjectRef(124621163998): object was freed before callback; returning Nil.
   at: gdplanningai_rust::logger::process_logs (src\logger.rs:66)
   GDScript backtrace (most recent call first):
       [0] _start_plan_and_wait (res://test/integration/test_campfire_example_smoke.gd:57)
[GdPAI | debug] Discovery: Action Dig Potato failed validity check, skipping
WARNING: [GdPAI] ObjectRef(124621163998): object was freed before callback; returning Nil.
   at: gdplanningai_rust::logger::process_logs (src\logger.rs:66)
   GDScript backtrace (most recent call first):
       [0] _process (res://addons/GdPlanningAI/gdpai_autoload.gd:21)
WARNING: [GdPAI] ObjectRef(124621163998): object was freed before callback; returning Nil.
   at: gdplanningai_rust::logger::process_logs (src\logger.rs:66)
   GDScript backtrace (most recent call first):
       [0] _process (res://addons/GdPlanningAI/gdpai_autoload.gd:21)
[GdPAI | debug] Discovery: Action Dig Potato failed validity check, skipping
WARNING: [GdPAI] ObjectRef(124621163998): object was freed before callback; returning Nil.
   at: gdplanningai_rust::logger::process_logs (src\logger.rs:66)
   GDScript backtrace (most recent call first):
       [0] _start_plan_and_wait (res://test/integration/test_campfire_example_smoke.gd:57)
WARNING: [GdPAI] ObjectRef(124621163998): object was freed before callback; returning Nil.
   at: gdplanningai_rust::logger::process_logs (src\logger.rs:66)
   GDScript backtrace (most recent call first):
       [0] _start_plan_and_wait (res://test/integration/test_campfire_example_smoke.gd:57)
[GdPAI | debug] Discovery: Action Dig Potato failed validity check, skipping
WARNING: [GdPAI] ObjectRef(124621163998): object was freed before callback; returning Nil.
   at: gdplanningai_rust::logger::process_logs (src\logger.rs:66)
   GDScript backtrace (most recent call first):
       [0] _process (res://addons/GdPlanningAI/gdpai_autoload.gd:21)
WARNING: [GdPAI] ObjectRef(124621163998): object was freed before callback; returning Nil.
   at: gdplanningai_rust::logger::process_logs (src\logger.rs:66)
   GDScript backtrace (most recent call first):
       [0] _process (res://addons/GdPlanningAI/gdpai_autoload.gd:21)
[GdPAI | debug] Discovery: Action Dig Potato failed validity check, skipping
WARNING: [GdPAI] ObjectRef(124621163998): object was freed before callback; returning Nil.
   at: gdplanningai_rust::logger::process_logs (src\logger.rs:66)
   GDScript backtrace (most recent call first):
       [0] _start_plan_and_wait (res://test/integration/test_campfire_example_smoke.gd:57)
WARNING: [GdPAI] ObjectRef(124621163998): object was freed before callback; returning Nil.
   at: gdplanningai_rust::logger::process_logs (src\logger.rs:66)
   GDScript backtrace (most recent call first):
       [0] _start_plan_and_wait (res://test/integration/test_campfire_example_smoke.gd:57)
WARNING: [GdPAI] ObjectRef(125057371638): object was freed before callback; returning Nil.
   at: gdplanningai_rust::logger::process_logs (src\logger.rs:66)
   GDScript backtrace (most recent call first):
       [0] _start_plan_and_wait (res://test/integration/test_campfire_example_smoke.gd:57)
WARNING: [GdPAI] ObjectRef(125057371638): object was freed before callback; returning Nil.
   at: gdplanningai_rust::logger::process_logs (src\logger.rs:66)
   GDScript backtrace (most recent call first):
       [0] _start_plan_and_wait (res://test/integration/test_campfire_example_smoke.gd:57)
[GdPAI | debug] GetCost: callable returned non-numeric value: null; returning INFINITY
WARNING: [GdPAI] ObjectRef(124621163998): object was freed before callback; returning Nil.
   at: gdplanningai_rust::logger::process_logs (src\logger.rs:66)
   GDScript backtrace (most recent call first):
       [0] _process (res://addons/GdPlanningAI/gdpai_autoload.gd:21)
WARNING: [GdPAI] ObjectRef(124621163998): object was freed before callback; returning Nil.
   at: gdplanningai_rust::logger::process_logs (src\logger.rs:66)
   GDScript backtrace (most recent call first):
       [0] _process (res://addons/GdPlanningAI/gdpai_autoload.gd:21)
WARNING: [GdPAI] ObjectRef(125057371638): object was freed before callback; returning Nil.
   at: gdplanningai_rust::logger::process_logs (src\logger.rs:66)
   GDScript backtrace (most recent call first):
       [0] _process (res://addons/GdPlanningAI/gdpai_autoload.gd:21)
WARNING: [GdPAI] ObjectRef(125057371638): object was freed before callback; returning Nil.
   at: gdplanningai_rust::logger::process_logs (src\logger.rs:66)
   GDScript backtrace (most recent call first):
       [0] _process (res://addons/GdPlanningAI/gdpai_autoload.gd:21)
[GdPAI | debug] ApplyEffect [Before] ID=InstanceId(-9223371133435241019): agent props = {"at_target": null, "entity": null, "hunger": 70.0627442063492, "held_item": ""}
[GdPAI | debug] ApplyEffect [After] ID=InstanceId(-9223371133435241019): agent props = {"at_target": null, "entity": null, "hunger": 70.0627442063492, "held_item": ""}
[GdPAI | debug]   Snapshotting prop: at_target = Nil (Variant type: NIL)
[GdPAI | debug]   Snapshotting prop: entity = Nil (Variant type: NIL)
[GdPAI | debug]   Snapshotting prop: hunger = Float(70.0627442063492) (Variant type: FLOAT)
[GdPAI | debug]   Snapshotting prop: held_item = Str("") (Variant type: STRING)
WARNING: [GdPAI] ObjectRef(124621163998): object was freed before callback; returning Nil.
   at: gdplanningai_rust::logger::process_logs (src\logger.rs:66)
   GDScript backtrace (most recent call first):
       [0] _start_plan_and_wait (res://test/integration/test_campfire_example_smoke.gd:57)
WARNING: [GdPAI] ObjectRef(125057371638): object was freed before callback; returning Nil.
   at: gdplanningai_rust::logger::process_logs (src\logger.rs:66)
   GDScript backtrace (most recent call first):
       [0] _start_plan_and_wait (res://test/integration/test_campfire_example_smoke.gd:57)
WARNING: [GdPAI] ObjectRef(125057371638): object was freed before callback; returning Nil.
   at: gdplanningai_rust::logger::process_logs (src\logger.rs:66)
   GDScript backtrace (most recent call first):
       [0] _start_plan_and_wait (res://test/integration/test_campfire_example_smoke.gd:57)
[GdPAI | debug] GetCost: callable returned non-numeric value: null; returning INFINITY
WARNING: [GdPAI] ObjectRef(124621163998): object was freed before callback; returning Nil.
   at: gdplanningai_rust::logger::process_logs (src\logger.rs:66)
   GDScript backtrace (most recent call first):
       [0] _process (res://addons/GdPlanningAI/gdpai_autoload.gd:21)
WARNING: [GdPAI] ObjectRef(125057371638): object was freed before callback; returning Nil.
   at: gdplanningai_rust::logger::process_logs (src\logger.rs:66)
   GDScript backtrace (most recent call first):
       [0] _process (res://addons/GdPlanningAI/gdpai_autoload.gd:21)
WARNING: [GdPAI] ObjectRef(125057371638): object was freed before callback; returning Nil.
   at: gdplanningai_rust::logger::process_logs (src\logger.rs:66)
   GDScript backtrace (most recent call first):
       [0] _process (res://addons/GdPlanningAI/gdpai_autoload.gd:21)
[GdPAI | debug] ApplyEffect [Before] ID=InstanceId(-9223371131925291594): agent props = {"hunger": 70.0627442063492, "at_target": null, "entity": null, "held_item": ""}
[GdPAI | debug] ApplyEffect [After] ID=InstanceId(-9223371131925291594): agent props = {"hunger": 70.0627442063492, "at_target": null, "entity": null, "held_item": ""}
[GdPAI | debug]   Snapshotting prop: hunger = Float(70.0627442063492) (Variant type: FLOAT)
[GdPAI | debug]   Snapshotting prop: at_target = Nil (Variant type: NIL)
[GdPAI | debug]   Snapshotting prop: entity = Nil (Variant type: NIL)
[GdPAI | debug]   Snapshotting prop: held_item = Str("") (Variant type: STRING)
WARNING: [GdPAI] ObjectRef(124621163998): object was freed before callback; returning Nil.
   at: gdplanningai_rust::logger::process_logs (src\logger.rs:66)
   GDScript backtrace (most recent call first):
       [0] _start_plan_and_wait (res://test/integration/test_campfire_example_smoke.gd:57)
WARNING: [GdPAI] ObjectRef(124134624705): object was freed before callback; returning Nil.
   at: gdplanningai_rust::logger::process_logs (src\logger.rs:66)
   GDScript backtrace (most recent call first):
       [0] _start_plan_and_wait (res://test/integration/test_campfire_example_smoke.gd:57)
WARNING: [GdPAI] ObjectRef(124134624705): object was freed before callback; returning Nil.
   at: gdplanningai_rust::logger::process_logs (src\logger.rs:66)
   GDScript backtrace (most recent call first):
       [0] _start_plan_and_wait (res://test/integration/test_campfire_example_smoke.gd:57)
[GdPAI | debug] GetCost: callable returned non-numeric value: null; returning INFINITY
WARNING: [GdPAI] ObjectRef(124621163998): object was freed before callback; returning Nil.
   at: gdplanningai_rust::logger::process_logs (src\logger.rs:66)
   GDScript backtrace (most recent call first):
       [0] _process (res://addons/GdPlanningAI/gdpai_autoload.gd:21)
WARNING: [GdPAI] ObjectRef(124134624705): object was freed before callback; returning Nil.
   at: gdplanningai_rust::logger::process_logs (src\logger.rs:66)
   GDScript backtrace (most recent call first):
       [0] _process (res://addons/GdPlanningAI/gdpai_autoload.gd:21)
WARNING: [GdPAI] ObjectRef(124134624705): object was freed before callback; returning Nil.
   at: gdplanningai_rust::logger::process_logs (src\logger.rs:66)
   GDScript backtrace (most recent call first):
       [0] _process (res://addons/GdPlanningAI/gdpai_autoload.gd:21)
[GdPAI | debug] ApplyEffect [Before] ID=InstanceId(-9223371130465673751): agent props = {"held_item": "", "at_target": null, "hunger": 70.0627442063492, "entity": null}
[GdPAI | debug] ApplyEffect [After] ID=InstanceId(-9223371130465673751): agent props = {"held_item": "", "at_target": null, "hunger": 70.0627442063492, "entity": null}
[GdPAI | debug]   Snapshotting prop: held_item = Str("") (Variant type: STRING)
[GdPAI | debug]   Snapshotting prop: at_target = Nil (Variant type: NIL)
[GdPAI | debug]   Snapshotting prop: hunger = Float(70.0627442063492) (Variant type: FLOAT)
[GdPAI | debug]   Snapshotting prop: entity = Nil (Variant type: NIL)
WARNING: [GdPAI] ObjectRef(124621163998): object was freed before callback; returning Nil.
   at: gdplanningai_rust::logger::process_logs (src\logger.rs:66)
   GDScript backtrace (most recent call first):
       [0] _start_plan_and_wait (res://test/integration/test_campfire_example_smoke.gd:57)
WARNING: [GdPAI] ObjectRef(124134624705): object was freed before callback; returning Nil.
   at: gdplanningai_rust::logger::process_logs (src\logger.rs:66)
   GDScript backtrace (most recent call first):
       [0] _start_plan_and_wait (res://test/integration/test_campfire_example_smoke.gd:57)
WARNING: [GdPAI] ObjectRef(124134624705): object was freed before callback; returning Nil.
   at: gdplanningai_rust::logger::process_logs (src\logger.rs:66)
   GDScript backtrace (most recent call first):
       [0] _start_plan_and_wait (res://test/integration/test_campfire_example_smoke.gd:57)
[GdPAI | debug] GetCost: callable returned non-numeric value: null; returning INFINITY
WARNING: [GdPAI] ObjectRef(124621163998): object was freed before callback; returning Nil.
   at: gdplanningai_rust::logger::process_logs (src\logger.rs:66)
   GDScript backtrace (most recent call first):
       [0] _process (res://addons/GdPlanningAI/gdpai_autoload.gd:21)
WARNING: [GdPAI] ObjectRef(124134624705): object was freed before callback; returning Nil.
   at: gdplanningai_rust::logger::process_logs (src\logger.rs:66)
   GDScript backtrace (most recent call first):
       [0] _process (res://addons/GdPlanningAI/gdpai_autoload.gd:21)
WARNING: [GdPAI] ObjectRef(124134624705): object was freed before callback; returning Nil.
   at: gdplanningai_rust::logger::process_logs (src\logger.rs:66)
   GDScript backtrace (most recent call first):
       [0] _process (res://addons/GdPlanningAI/gdpai_autoload.gd:21)
[GdPAI | debug] ApplyEffect [Before] ID=InstanceId(-9223371129006055923): agent props = {"held_item": "", "entity": null, "at_target": null, "hunger": 70.0627442063492}
[GdPAI | debug] ApplyEffect [After] ID=InstanceId(-9223371129006055923): agent props = {"held_item": "", "entity": null, "at_target": null, "hunger": 70.0627442063492}
[GdPAI | debug]   Snapshotting prop: held_item = Str("") (Variant type: STRING)
[GdPAI | debug]   Snapshotting prop: entity = Nil (Variant type: NIL)
[GdPAI | debug]   Snapshotting prop: at_target = Nil (Variant type: NIL)
[GdPAI | debug]   Snapshotting prop: hunger = Float(70.0627442063492) (Variant type: FLOAT)
WARNING: [GdPAI] ObjectRef(124621163998): object was freed before callback; returning Nil.
   at: gdplanningai_rust::logger::process_logs (src\logger.rs:66)
   GDScript backtrace (most recent call first):
       [0] _start_plan_and_wait (res://test/integration/test_campfire_example_smoke.gd:57)
[GdPAI | debug] GetCost: callable returned non-numeric value: null; returning INFINITY
WARNING: [GdPAI] ObjectRef(124621163998): object was freed before callback; returning Nil.
   at: gdplanningai_rust::logger::process_logs (src\logger.rs:66)
   GDScript backtrace (most recent call first):
       [0] _process (res://addons/GdPlanningAI/gdpai_autoload.gd:21)
[GdPAI | debug] ApplyEffect [Before] ID=InstanceId(-9223371127647101417): agent props = {"held_item": "wood", "hunger": 70.0627442063492, "at_target": null, "entity": null}
[GdPAI | debug] ApplyEffect [After] ID=InstanceId(-9223371127647101417): agent props = {"held_item": "wood", "hunger": 70.0627442063492, "at_target": null, "entity": null}
[GdPAI | debug]   Snapshotting prop: held_item = Str("wood") (Variant type: STRING)
[GdPAI | debug]   Snapshotting prop: hunger = Float(70.0627442063492) (Variant type: FLOAT)
[GdPAI | debug]   Snapshotting prop: at_target = Nil (Variant type: NIL)
[GdPAI | debug]   Snapshotting prop: entity = Nil (Variant type: NIL)
WARNING: [GdPAI] ObjectRef(124621163998): object was freed before callback; returning Nil.
   at: gdplanningai_rust::logger::process_logs (src\logger.rs:66)
   GDScript backtrace (most recent call first):
       [0] _start_plan_and_wait (res://test/integration/test_campfire_example_smoke.gd:57)
WARNING: [GdPAI] ObjectRef(124621163998): object was freed before callback; returning Nil.
   at: gdplanningai_rust::logger::process_logs (src\logger.rs:66)
   GDScript backtrace (most recent call first):
       [0] _start_plan_and_wait (res://test/integration/test_campfire_example_smoke.gd:57)
[GdPAI | debug] GetCost: callable returned non-numeric value: null; returning INFINITY
WARNING: [GdPAI] ObjectRef(124621163998): object was freed before callback; returning Nil.
   at: gdplanningai_rust::logger::process_logs (src\logger.rs:66)
   GDScript backtrace (most recent call first):
       [0] _process (res://addons/GdPlanningAI/gdpai_autoload.gd:21)
WARNING: [GdPAI] ObjectRef(124621163998): object was freed before callback; returning Nil.
   at: gdplanningai_rust::logger::process_logs (src\logger.rs:66)
   GDScript backtrace (most recent call first):
       [0] _process (res://addons/GdPlanningAI/gdpai_autoload.gd:21)
[GdPAI | debug] ApplyEffect [Before] ID=InstanceId(-9223371126338478549): agent props = {"held_item": "", "entity": null, "hunger": 70.0627442063492}
[GdPAI | debug] ApplyEffect [After] ID=InstanceId(-9223371126338478549): agent props = {"held_item": "", "entity": null, "hunger": 70.0627442063492}
[GdPAI | debug]   Snapshotting prop: held_item = Str("") (Variant type: STRING)
[GdPAI | debug]   Snapshotting prop: entity = Nil (Variant type: NIL)
[GdPAI | debug]   Snapshotting prop: hunger = Float(70.0627442063492) (Variant type: FLOAT)
WARNING: [GdPAI] ObjectRef(124621163998): object was freed before callback; returning Nil.
   at: gdplanningai_rust::logger::process_logs (src\logger.rs:66)
   GDScript backtrace (most recent call first):
       [0] _start_plan_and_wait (res://test/integration/test_campfire_example_smoke.gd:57)
[GdPAI | debug] GetCost: callable returned non-numeric value: null; returning INFINITY
WARNING: [GdPAI] ObjectRef(124621163998): object was freed before callback; returning Nil.
   at: gdplanningai_rust::logger::process_logs (src\logger.rs:66)
   GDScript backtrace (most recent call first):
       [0] _process (res://addons/GdPlanningAI/gdpai_autoload.gd:21)
[GdPAI | debug] ApplyEffect [Before] ID=InstanceId(-9223371125029855690): agent props = {"entity": null, "held_item": "", "hunger": 70.0627442063492}
[GdPAI | debug] ApplyEffect [After] ID=InstanceId(-9223371125029855690): agent props = {"entity": null, "held_item": "", "hunger": 70.0627442063492}
[GdPAI | debug]   Snapshotting prop: entity = Nil (Variant type: NIL)
[GdPAI | debug]   Snapshotting prop: held_item = Str("") (Variant type: STRING)
[GdPAI | debug]   Snapshotting prop: hunger = Float(70.0627442063492) (Variant type: FLOAT)
WARNING: [GdPAI] ObjectRef(124621163998): object was freed before callback; returning Nil.
   at: gdplanningai_rust::logger::process_logs (src\logger.rs:66)
   GDScript backtrace (most recent call first):
       [0] _start_plan_and_wait (res://test/integration/test_campfire_example_smoke.gd:57)
WARNING: [GdPAI] ObjectRef(124134624705): object was freed before callback; returning Nil.
   at: gdplanningai_rust::logger::process_logs (src\logger.rs:66)
   GDScript backtrace (most recent call first):
       [0] _start_plan_and_wait (res://test/integration/test_campfire_example_smoke.gd:57)
WARNING: [GdPAI] ObjectRef(124134624705): object was freed before callback; returning Nil.
   at: gdplanningai_rust::logger::process_logs (src\logger.rs:66)
   GDScript backtrace (most recent call first):
       [0] _start_plan_and_wait (res://test/integration/test_campfire_example_smoke.gd:57)
[GdPAI | debug] GetCost: callable returned non-numeric value: null; returning INFINITY
WARNING: [GdPAI] ObjectRef(124621163998): object was freed before callback; returning Nil.
   at: gdplanningai_rust::logger::process_logs (src\logger.rs:66)
   GDScript backtrace (most recent call first):
       [0] _process (res://addons/GdPlanningAI/gdpai_autoload.gd:21)
WARNING: [GdPAI] ObjectRef(124134624705): object was freed before callback; returning Nil.
   at: gdplanningai_rust::logger::process_logs (src\logger.rs:66)
   GDScript backtrace (most recent call first):
       [0] _process (res://addons/GdPlanningAI/gdpai_autoload.gd:21)
WARNING: [GdPAI] ObjectRef(124134624705): object was freed before callback; returning Nil.
   at: gdplanningai_rust::logger::process_logs (src\logger.rs:66)
   GDScript backtrace (most recent call first):
       [0] _process (res://addons/GdPlanningAI/gdpai_autoload.gd:21)
[GdPAI | debug] ApplyEffect [Before] ID=InstanceId(-9223371123670901201): agent props = {"entity": null, "hunger": 70.0627442063492, "at_target": null, "held_item": ""}
[GdPAI | debug] ApplyEffect [After] ID=InstanceId(-9223371123670901201): agent props = {"entity": null, "hunger": 70.0627442063492, "at_target": null, "held_item": ""}
[GdPAI | debug]   Snapshotting prop: entity = Nil (Variant type: NIL)
[GdPAI | debug]   Snapshotting prop: hunger = Float(70.0627442063492) (Variant type: FLOAT)
[GdPAI | debug]   Snapshotting prop: at_target = Nil (Variant type: NIL)
[GdPAI | debug]   Snapshotting prop: held_item = Str("") (Variant type: STRING)
WARNING: [GdPAI] ObjectRef(124621163998): object was freed before callback; returning Nil.
   at: gdplanningai_rust::logger::process_logs (src\logger.rs:66)
   GDScript backtrace (most recent call first):
       [0] _start_plan_and_wait (res://test/integration/test_campfire_example_smoke.gd:57)
WARNING: [GdPAI] ObjectRef(124134624705): object was freed before callback; returning Nil.
   at: gdplanningai_rust::logger::process_logs (src\logger.rs:66)
   GDScript backtrace (most recent call first):
       [0] _start_plan_and_wait (res://test/integration/test_campfire_example_smoke.gd:57)
WARNING: [GdPAI] ObjectRef(124134624705): object was freed before callback; returning Nil.
   at: gdplanningai_rust::logger::process_logs (src\logger.rs:66)
   GDScript backtrace (most recent call first):
       [0] _start_plan_and_wait (res://test/integration/test_campfire_example_smoke.gd:57)
[GdPAI | debug] GetCost: callable returned non-numeric value: null; returning INFINITY
WARNING: [GdPAI] ObjectRef(124621163998): object was freed before callback; returning Nil.
   at: gdplanningai_rust::logger::process_logs (src\logger.rs:66)
   GDScript backtrace (most recent call first):
       [0] _process (res://addons/GdPlanningAI/gdpai_autoload.gd:21)
WARNING: [GdPAI] ObjectRef(124134624705): object was freed before callback; returning Nil.
   at: gdplanningai_rust::logger::process_logs (src\logger.rs:66)
   GDScript backtrace (most recent call first):
       [0] _process (res://addons/GdPlanningAI/gdpai_autoload.gd:21)
WARNING: [GdPAI] ObjectRef(124134624705): object was freed before callback; returning Nil.
   at: gdplanningai_rust::logger::process_logs (src\logger.rs:66)
   GDScript backtrace (most recent call first):
       [0] _process (res://addons/GdPlanningAI/gdpai_autoload.gd:21)
[GdPAI | debug] ApplyEffect [Before] ID=InstanceId(-9223371122211283384): agent props = {"entity": null, "hunger": 70.0627442063492, "held_item": "", "at_target": null}
[GdPAI | debug] ApplyEffect [After] ID=InstanceId(-9223371122211283384): agent props = {"entity": null, "hunger": 70.0627442063492, "held_item": "", "at_target": null}
[GdPAI | debug]   Snapshotting prop: entity = Nil (Variant type: NIL)
[GdPAI | debug]   Snapshotting prop: hunger = Float(70.0627442063492) (Variant type: FLOAT)
[GdPAI | debug]   Snapshotting prop: held_item = Str("") (Variant type: STRING)
[GdPAI | debug]   Snapshotting prop: at_target = Nil (Variant type: NIL)
WARNING: [GdPAI] ObjectRef(124621163998): object was freed before callback; returning Nil.
   at: gdplanningai_rust::logger::process_logs (src\logger.rs:66)
   GDScript backtrace (most recent call first):
       [0] _start_plan_and_wait (res://test/integration/test_campfire_example_smoke.gd:57)
[GdPAI | debug] GetCost: callable returned non-numeric value: null; returning INFINITY
WARNING: [GdPAI] ObjectRef(124621163998): object was freed before callback; returning Nil.
   at: gdplanningai_rust::logger::process_logs (src\logger.rs:66)
   GDScript backtrace (most recent call first):
       [0] _process (res://addons/GdPlanningAI/gdpai_autoload.gd:21)
[GdPAI | debug] ApplyEffect [Before] ID=InstanceId(-9223371120852328915): agent props = {"at_target": null, "hunger": 70.0627442063492, "held_item": "wood", "entity": null}
[GdPAI | debug] ApplyEffect [After] ID=InstanceId(-9223371120852328915): agent props = {"at_target": null, "hunger": 70.0627442063492, "held_item": "wood", "entity": null}
[GdPAI | debug]   Snapshotting prop: at_target = Nil (Variant type: NIL)
[GdPAI | debug]   Snapshotting prop: hunger = Float(70.0627442063492) (Variant type: FLOAT)
[GdPAI | debug]   Snapshotting prop: held_item = Str("wood") (Variant type: STRING)
[GdPAI | debug]   Snapshotting prop: entity = Nil (Variant type: NIL)
[GdPAI | debug] Numeric comparison: 70.0627442063492 GreaterThan 0 -> true
WARNING: [GdPAI] ObjectRef(124621163998): object was freed before callback; returning Nil.
   at: gdplanningai_rust::logger::process_logs (src\logger.rs:66)
   GDScript backtrace (most recent call first):
       [0] _start_plan_and_wait (res://test/integration/test_campfire_example_smoke.gd:57)
WARNING: [GdPAI] ObjectRef(124621163998): object was freed before callback; returning Nil.
   at: gdplanningai_rust::logger::process_logs (src\logger.rs:66)
   GDScript backtrace (most recent call first):
       [0] _start_plan_and_wait (res://test/integration/test_campfire_example_smoke.gd:57)
WARNING: [GdPAI] ObjectRef(125057371638): object was freed before callback; returning Nil.
   at: gdplanningai_rust::logger::process_logs (src\logger.rs:66)
   GDScript backtrace (most recent call first):
       [0] _start_plan_and_wait (res://test/integration/test_campfire_example_smoke.gd:57)
WARNING: [GdPAI] ObjectRef(125057371638): object was freed before callback; returning Nil.
   at: gdplanningai_rust::logger::process_logs (src\logger.rs:66)
   GDScript backtrace (most recent call first):
       [0] _start_plan_and_wait (res://test/integration/test_campfire_example_smoke.gd:57)
[GdPAI | debug] GetCost: callable returned non-numeric value: null; returning INFINITY
WARNING: [GdPAI] ObjectRef(124621163998): object was freed before callback; returning Nil.
   at: gdplanningai_rust::logger::process_logs (src\logger.rs:66)
   GDScript backtrace (most recent call first):
       [0] _process (res://addons/GdPlanningAI/gdpai_autoload.gd:21)
WARNING: [GdPAI] ObjectRef(124621163998): object was freed before callback; returning Nil.
   at: gdplanningai_rust::logger::process_logs (src\logger.rs:66)
   GDScript backtrace (most recent call first):
       [0] _process (res://addons/GdPlanningAI/gdpai_autoload.gd:21)
WARNING: [GdPAI] ObjectRef(125057371638): object was freed before callback; returning Nil.
   at: gdplanningai_rust::logger::process_logs (src\logger.rs:66)
   GDScript backtrace (most recent call first):
       [0] _process (res://addons/GdPlanningAI/gdpai_autoload.gd:21)
WARNING: [GdPAI] ObjectRef(125057371638): object was freed before callback; returning Nil.
   at: gdplanningai_rust::logger::process_logs (src\logger.rs:66)
   GDScript backtrace (most recent call first):
       [0] _process (res://addons/GdPlanningAI/gdpai_autoload.gd:21)
[GdPAI | debug] ApplyEffect [Before] ID=InstanceId(-9223371119443042703): agent props = {"hunger": 70.0627442063492, "held_item": "", "entity": null, "at_target": null}
[GdPAI | debug] ApplyEffect [After] ID=InstanceId(-9223371119443042703): agent props = {"hunger": 70.0627442063492, "held_item": "", "entity": null, "at_target": null}
[GdPAI | debug]   Snapshotting prop: hunger = Float(70.0627442063492) (Variant type: FLOAT)
[GdPAI | debug]   Snapshotting prop: held_item = Str("") (Variant type: STRING)
[GdPAI | debug]   Snapshotting prop: entity = Nil (Variant type: NIL)
[GdPAI | debug]   Snapshotting prop: at_target = Nil (Variant type: NIL)
WARNING: [GdPAI] ObjectRef(124621163998): object was freed before callback; returning Nil.
   at: gdplanningai_rust::logger::process_logs (src\logger.rs:66)
   GDScript backtrace (most recent call first):
       [0] _start_plan_and_wait (res://test/integration/test_campfire_example_smoke.gd:57)
WARNING: [GdPAI] ObjectRef(125057371638): object was freed before callback; returning Nil.
   at: gdplanningai_rust::logger::process_logs (src\logger.rs:66)
   GDScript backtrace (most recent call first):
       [0] _start_plan_and_wait (res://test/integration/test_campfire_example_smoke.gd:57)
WARNING: [GdPAI] ObjectRef(125057371638): object was freed before callback; returning Nil.
   at: gdplanningai_rust::logger::process_logs (src\logger.rs:66)
   GDScript backtrace (most recent call first):
       [0] _start_plan_and_wait (res://test/integration/test_campfire_example_smoke.gd:57)
[GdPAI | debug] GetCost: callable returned non-numeric value: null; returning INFINITY
WARNING: [GdPAI] ObjectRef(124621163998): object was freed before callback; returning Nil.
   at: gdplanningai_rust::logger::process_logs (src\logger.rs:66)
   GDScript backtrace (most recent call first):
       [0] _process (res://addons/GdPlanningAI/gdpai_autoload.gd:21)
WARNING: [GdPAI] ObjectRef(125057371638): object was freed before callback; returning Nil.
   at: gdplanningai_rust::logger::process_logs (src\logger.rs:66)
   GDScript backtrace (most recent call first):
       [0] _process (res://addons/GdPlanningAI/gdpai_autoload.gd:21)
WARNING: [GdPAI] ObjectRef(125057371638): object was freed before callback; returning Nil.
   at: gdplanningai_rust::logger::process_logs (src\logger.rs:66)
   GDScript backtrace (most recent call first):
       [0] _process (res://addons/GdPlanningAI/gdpai_autoload.gd:21)
[GdPAI | debug] ApplyEffect [Before] ID=InstanceId(-9223371117933093256): agent props = {"at_target": null, "entity": null, "held_item": "", "hunger": 70.0627442063492}
[GdPAI | debug] ApplyEffect [After] ID=InstanceId(-9223371117933093256): agent props = {"at_target": null, "entity": null, "held_item": "", "hunger": 70.0627442063492}
[GdPAI | debug]   Snapshotting prop: at_target = Nil (Variant type: NIL)
[GdPAI | debug]   Snapshotting prop: entity = Nil (Variant type: NIL)
[GdPAI | debug]   Snapshotting prop: held_item = Str("") (Variant type: STRING)
[GdPAI | debug]   Snapshotting prop: hunger = Float(70.0627442063492) (Variant type: FLOAT)
WARNING: [GdPAI] ObjectRef(124621163998): object was freed before callback; returning Nil.
   at: gdplanningai_rust::logger::process_logs (src\logger.rs:66)
   GDScript backtrace (most recent call first):
       [0] _start_plan_and_wait (res://test/integration/test_campfire_example_smoke.gd:57)
WARNING: [GdPAI] ObjectRef(124134624705): object was freed before callback; returning Nil.
   at: gdplanningai_rust::logger::process_logs (src\logger.rs:66)
   GDScript backtrace (most recent call first):
       [0] _start_plan_and_wait (res://test/integration/test_campfire_example_smoke.gd:57)
WARNING: [GdPAI] ObjectRef(124134624705): object was freed before callback; returning Nil.
   at: gdplanningai_rust::logger::process_logs (src\logger.rs:66)
   GDScript backtrace (most recent call first):
       [0] _start_plan_and_wait (res://test/integration/test_campfire_example_smoke.gd:57)
[GdPAI | debug] GetCost: callable returned non-numeric value: null; returning INFINITY
WARNING: [GdPAI] ObjectRef(124621163998): object was freed before callback; returning Nil.
   at: gdplanningai_rust::logger::process_logs (src\logger.rs:66)
   GDScript backtrace (most recent call first):
       [0] _process (res://addons/GdPlanningAI/gdpai_autoload.gd:21)
WARNING: [GdPAI] ObjectRef(124134624705): object was freed before callback; returning Nil.
   at: gdplanningai_rust::logger::process_logs (src\logger.rs:66)
   GDScript backtrace (most recent call first):
       [0] _process (res://addons/GdPlanningAI/gdpai_autoload.gd:21)
WARNING: [GdPAI] ObjectRef(124134624705): object was freed before callback; returning Nil.
   at: gdplanningai_rust::logger::process_logs (src\logger.rs:66)
   GDScript backtrace (most recent call first):
       [0] _process (res://addons/GdPlanningAI/gdpai_autoload.gd:21)
[GdPAI | debug] ApplyEffect [Before] ID=InstanceId(-9223371116473475441): agent props = {"held_item": "", "at_target": null, "hunger": 70.0627442063492, "entity": null}
[GdPAI | debug] ApplyEffect [After] ID=InstanceId(-9223371116473475441): agent props = {"held_item": "", "at_target": null, "hunger": 70.0627442063492, "entity": null}
[GdPAI | debug]   Snapshotting prop: held_item = Str("") (Variant type: STRING)
[GdPAI | debug]   Snapshotting prop: at_target = Nil (Variant type: NIL)
[GdPAI | debug]   Snapshotting prop: hunger = Float(70.0627442063492) (Variant type: FLOAT)
[GdPAI | debug]   Snapshotting prop: entity = Nil (Variant type: NIL)
[31m    [Failed]:  [0mTimed out waiting for submitted agent plan
      at line -1
[32m    [Passed]:  [0mAgent should not plan an over-depth low-fire recovery
[31m    [Failed]:  [0mUnexpected Errors:
    [1] <engine-1>[GdPAI] ObjectRef(124621163998): object was freed before callback; returning Nil.
    [2] <engine-1>[GdPAI] ObjectRef(124134624705): object was freed before callback; returning Nil.
    [3] <engine-1>[GdPAI] ObjectRef(124134624705): object was freed before callback; returning Nil.
    [4] <engine-1>[GdPAI] ObjectRef(124621163998): object was freed before callback; returning Nil.
    [5] <engine-1>[GdPAI] ObjectRef(124134624705): object was freed before callback; returning Nil.
    [6] <engine-1>[GdPAI] ObjectRef(124134624705): object was freed before callback; returning Nil.
    [7] <engine-1>[GdPAI] ObjectRef(124621163998): object was freed before callback; returning Nil.
    [8] <engine-1>[GdPAI] ObjectRef(124134624705): object was freed before callback; returning Nil.
    [9] <engine-1>[GdPAI] ObjectRef(124134624705): object was freed before callback; returning Nil.
    [10] <engine-1>[GdPAI] ObjectRef(124621163998): object was freed before callback; returning Nil.
    [11] <engine-1>[GdPAI] ObjectRef(124134624705): object was freed before callback; returning Nil.
    [12] <engine-1>[GdPAI] ObjectRef(124134624705): object was freed before callback; returning Nil.
    [13] <engine-1>[GdPAI] ObjectRef(124621163998): object was freed before callback; returning Nil.
    [14] <engine-1>[GdPAI] ObjectRef(124621163998): object was freed before callback; returning Nil.
    [15] <engine-1>[GdPAI] ObjectRef(124621163998): object was freed before callback; returning Nil.
    [16] <engine-1>[GdPAI] ObjectRef(124621163998): object was freed before callback; returning Nil.
    [17] <engine-1>[GdPAI] ObjectRef(124621163998): object was freed before callback; returning Nil.
    [18] <engine-1>[GdPAI] ObjectRef(124621163998): object was freed before callback; returning Nil.
    [19] <engine-1>[GdPAI] ObjectRef(124621163998): object was freed before callback; returning Nil.
    [20] <engine-1>[GdPAI] ObjectRef(124134624705): object was freed before callback; returning Nil.
    [21] <engine-1>[GdPAI] ObjectRef(124134624705): object was freed before callback; returning Nil.
    [22] <engine-1>[GdPAI] ObjectRef(124621163998): object was freed before callback; returning Nil.
    [23] <engine-1>[GdPAI] ObjectRef(124134624705): object was freed before callback; returning Nil.
    [24] <engine-1>[GdPAI] ObjectRef(124134624705): object was freed before callback; returning Nil.
    [25] <engine-1>[GdPAI] ObjectRef(124621163998): object was freed before callback; returning Nil.
    [26] <engine-1>[GdPAI] ObjectRef(124134624705): object was freed before callback; returning Nil.
    [27] <engine-1>[GdPAI] ObjectRef(124134624705): object was freed before callback; returning Nil.
    [28] <engine-1>[GdPAI] ObjectRef(124621163998): object was freed before callback; returning Nil.
    [29] <engine-1>[GdPAI] ObjectRef(124134624705): object was freed before callback; returning Nil.
    [30] <engine-1>[GdPAI] ObjectRef(124134624705): object was freed before callback; returning Nil.
    [31] <engine-1>[GdPAI] ObjectRef(124621163998): object was freed before callback; returning Nil.
    [32] <engine-1>[GdPAI] ObjectRef(124621163998): object was freed before callback; returning Nil.
    [33] <engine-1>[GdPAI] ObjectRef(124621163998): object was freed before callback; returning Nil.
    [34] <engine-1>[GdPAI] ObjectRef(124621163998): object was freed before callback; returning Nil.
    [35] <engine-1>[GdPAI] ObjectRef(124621163998): object was freed before callback; returning Nil.
    [36] <engine-1>[GdPAI] ObjectRef(124621163998): object was freed before callback; returning Nil.
    [37] <engine-1>[GdPAI] ObjectRef(124621163998): object was freed before callback; returning Nil.
    [38] <engine-1>[GdPAI] ObjectRef(124134624705): object was freed before callback; returning Nil.
    [39] <engine-1>[GdPAI] ObjectRef(124134624705): object was freed before callback; returning Nil.
    [40] <engine-1>[GdPAI] ObjectRef(124621163998): object was freed before callback; returning Nil.
    [41] <engine-1>[GdPAI] ObjectRef(124134624705): object was freed before callback; returning Nil.
    [42] <engine-1>[GdPAI] ObjectRef(124134624705): object was freed before callback; returning Nil.
    [43] <engine-1>[GdPAI] ObjectRef(124621163998): object was freed before callback; returning Nil.
    [44] <engine-1>[GdPAI] ObjectRef(124134624705): object was freed before callback; returning Nil.
    [45] <engine-1>[GdPAI] ObjectRef(124134624705): object was freed before callback; returning Nil.
    [46] <engine-1>[GdPAI] ObjectRef(124621163998): object was freed before callback; returning Nil.
    [47] <engine-1>[GdPAI] ObjectRef(124134624705): object was freed before callback; returning Nil.
    [48] <engine-1>[GdPAI] ObjectRef(124134624705): object was freed before callback; returning Nil.
    [49] <engine-1>[GdPAI] ObjectRef(124621163998): object was freed before callback; returning Nil.
    [50] <engine-1>[GdPAI] ObjectRef(124621163998): object was freed before callback; returning Nil.
    [51] <engine-1>[GdPAI] ObjectRef(124621163998): object was freed before callback; returning Nil.
    [52] <engine-1>[GdPAI] ObjectRef(124621163998): object was freed before callback; returning Nil.
    [53] <engine-1>[GdPAI] ObjectRef(124621163998): object was freed before callback; returning Nil.
    [54] <engine-1>[GdPAI] ObjectRef(124621163998): object was freed before callback; returning Nil.
    [55] <engine-1>[GdPAI] ObjectRef(124621163998): object was freed before callback; returning Nil.
    [56] <engine-1>[GdPAI] ObjectRef(124134624705): object was freed before callback; returning Nil.
    [57] <engine-1>[GdPAI] ObjectRef(124134624705): object was freed before callback; returning Nil.
    [58] <engine-1>[GdPAI] ObjectRef(124621163998): object was freed before callback; returning Nil.
    [59] <engine-1>[GdPAI] ObjectRef(124134624705): object was freed before callback; returning Nil.
    [60] <engine-1>[GdPAI] ObjectRef(124134624705): object was freed before callback; returning Nil.
    [61] <engine-1>[GdPAI] ObjectRef(124621163998): object was freed before callback; returning Nil.
    [62] <engine-1>[GdPAI] ObjectRef(124134624705): object was freed before callback; returning Nil.
    [63] <engine-1>[GdPAI] ObjectRef(124134624705): object was freed before callback; returning Nil.
    [64] <engine-1>[GdPAI] ObjectRef(124621163998): object was freed before callback; returning Nil.
    [65] <engine-1>[GdPAI] ObjectRef(124134624705): object was freed before callback; returning Nil.
    [66] <engine-1>[GdPAI] ObjectRef(124134624705): object was freed before callback; returning Nil.
    [67] <engine-1>[GdPAI] ObjectRef(124621163998): object was freed before callback; returning Nil.
    [68] <engine-1>[GdPAI] ObjectRef(124621163998): object was freed before callback; returning Nil.
    [69] <engine-1>[GdPAI] ObjectRef(124621163998): object was freed before callback; returning Nil.
    [70] <engine-1>[GdPAI] ObjectRef(124621163998): object was freed before callback; returning Nil.
    [71] <engine-1>[GdPAI] ObjectRef(124621163998): object was freed before callback; returning Nil.
    [72] <engine-1>[GdPAI] ObjectRef(124621163998): object was freed before callback; returning Nil.
    [73] <engine-1>[GdPAI] ObjectRef(124621163998): object was freed before callback; returning Nil.
    [74] <engine-1>[GdPAI] ObjectRef(124134624705): object was freed before callback; returning Nil.
    [75] <engine-1>[GdPAI] ObjectRef(124134624705): object was freed before callback; returning Nil.
    [76] <engine-1>[GdPAI] ObjectRef(124621163998): object was freed before callback; returning Nil.
    [77] <engine-1>[GdPAI] ObjectRef(124134624705): object was freed before callback; returning Nil.
    [78] <engine-1>[GdPAI] ObjectRef(124134624705): object was freed before callback; returning Nil.
    [79] <engine-1>[GdPAI] ObjectRef(124621163998): object was freed before callback; returning Nil.
    [80] <engine-1>[GdPAI] ObjectRef(124134624705): object was freed before callback; returning Nil.
    [81] <engine-1>[GdPAI] ObjectRef(124134624705): object was freed before callback; returning Nil.
    [82] <engine-1>[GdPAI] ObjectRef(124621163998): object was freed before callback; returning Nil.
    [83] <engine-1>[GdPAI] ObjectRef(124134624705): object was freed before callback; returning Nil.
    [84] <engine-1>[GdPAI] ObjectRef(124134624705): object was freed before callback; returning Nil.
    [85] <engine-1>[GdPAI] ObjectRef(124621163998): object was freed before callback; returning Nil.
    [86] <engine-1>[GdPAI] ObjectRef(124621163998): object was freed before callback; returning Nil.
    [87] <engine-1>[GdPAI] ObjectRef(124621163998): object was freed before callback; returning Nil.
    [88] <engine-1>[GdPAI] ObjectRef(124621163998): object was freed before callback; returning Nil.
    [89] <engine-1>[GdPAI] ObjectRef(124621163998): object was freed before callback; returning Nil.
    [90] <engine-1>[GdPAI] ObjectRef(124621163998): object was freed before callback; returning Nil.
    [91] <engine-1>[GdPAI] ObjectRef(124621163998): object was freed before callback; returning Nil.
    [92] <engine-1>[GdPAI] ObjectRef(124134624705): object was freed before callback; returning Nil.
    [93] <engine-1>[GdPAI] ObjectRef(124134624705): object was freed before callback; returning Nil.
    [94] <engine-1>[GdPAI] ObjectRef(124621163998): object was freed before callback; returning Nil.
    [95] <engine-1>[GdPAI] ObjectRef(124134624705): object was freed before callback; returning Nil.
    [96] <engine-1>[GdPAI] ObjectRef(124134624705): object was freed before callback; returning Nil.
    [97] <engine-1>[GdPAI] ObjectRef(124621163998): object was freed before callback; returning Nil.
    [98] <engine-1>[GdPAI] ObjectRef(124134624705): object was freed before callback; returning Nil.
    [99] <engine-1>[GdPAI] ObjectRef(124134624705): object was freed before callback; returning Nil.
    [100] <engine-1>[GdPAI] ObjectRef(124621163998): object was freed before callback; returning Nil.
    [101] <engine-1>[GdPAI] ObjectRef(124134624705): object was freed before callback; returning Nil.
    [102] <engine-1>[GdPAI] ObjectRef(124134624705): object was freed before callback; returning Nil.
    [103] <engine-1>[GdPAI] ObjectRef(124621163998): object was freed before callback; returning Nil.
    [104] <engine-1>[GdPAI] ObjectRef(124621163998): object was freed before callback; returning Nil.
    [105] <engine-1>[GdPAI] ObjectRef(124621163998): object was freed before callback; returning Nil.
    [106] <engine-1>[GdPAI] ObjectRef(124621163998): object was freed before callback; returning Nil.
    [107] <engine-1>[GdPAI] ObjectRef(124621163998): object was freed before callback; returning Nil.
    [108] <engine-1>[GdPAI] ObjectRef(124621163998): object was freed before callback; returning Nil.
    [109] <engine-1>[GdPAI] ObjectRef(124621163998): object was freed before callback; returning Nil.
    [110] <engine-1>[GdPAI] ObjectRef(124621163998): object was freed before callback; returning Nil.
    [111] <engine-1>[GdPAI] ObjectRef(124621163998): object was freed before callback; returning Nil.
    [112] <engine-1>[GdPAI] ObjectRef(124621163998): object was freed before callback; returning Nil.
    [113] <engine-1>[GdPAI] ObjectRef(124621163998): object was freed before callback; returning Nil.
    [114] <engine-1>[GdPAI] ObjectRef(124621163998): object was freed before callback; returning Nil.
    [115] <engine-1>[GdPAI] ObjectRef(124621163998): object was freed before callback; returning Nil.
    [116] <engine-1>[GdPAI] ObjectRef(124621163998): object was freed before callback; returning Nil.
    [117] <engine-1>[GdPAI] ObjectRef(124621163998): object was freed before callback; returning Nil.
    [118] <engine-1>[GdPAI] ObjectRef(124621163998): object was freed before callback; returning Nil.
    [119] <engine-1>[GdPAI] ObjectRef(124621163998): object was freed before callback; returning Nil.
    [120] <engine-1>[GdPAI] ObjectRef(124621163998): object was freed before callback; returning Nil.
    [121] <engine-1>[GdPAI] ObjectRef(124621163998): object was freed before callback; returning Nil.
    [122] <engine-1>[GdPAI] ObjectRef(124621163998): object was freed before callback; returning Nil.
    [123] <engine-1>[GdPAI] ObjectRef(124587609564): object was freed before callback; returning Nil.
    [124] <engine-1>[GdPAI] ObjectRef(124587609564): object was freed before callback; returning Nil.
    [125] <engine-1>[GdPAI] ObjectRef(124621163998): object was freed before callback; returning Nil.
    [126] <engine-1>[GdPAI] ObjectRef(124621163998): object was freed before callback; returning Nil.
    [127] <engine-1>[GdPAI] ObjectRef(124587609564): object was freed before callback; returning Nil.
    [128] <engine-1>[GdPAI] ObjectRef(124587609564): object was freed before callback; returning Nil.
    [129] <engine-1>[GdPAI] ObjectRef(124621163998): object was freed before callback; returning Nil.
    [130] <engine-1>[GdPAI] ObjectRef(124587609564): object was freed before callback; returning Nil.
    [131] <engine-1>[GdPAI] ObjectRef(124587609564): object was freed before callback; returning Nil.
    [132] <engine-1>[GdPAI] ObjectRef(124621163998): object was freed before callback; returning Nil.
    [133] <engine-1>[GdPAI] ObjectRef(124587609564): object was freed before callback; returning Nil.
    [134] <engine-1>[GdPAI] ObjectRef(124587609564): object was freed before callback; returning Nil.
    [135] <engine-1>[GdPAI] ObjectRef(124621163998): object was freed before callback; returning Nil.
    [136] <engine-1>[GdPAI] ObjectRef(124621163998): object was freed before callback; returning Nil.
    [137] <engine-1>[GdPAI] ObjectRef(124621163998): object was freed before callback; returning Nil.
    [138] <engine-1>[GdPAI] ObjectRef(124621163998): object was freed before callback; returning Nil.
    [139] <engine-1>[GdPAI] ObjectRef(124587609564): object was freed before callback; returning Nil.
    [140] <engine-1>[GdPAI] ObjectRef(124587609564): object was freed before callback; returning Nil.
    [141] <engine-1>[GdPAI] ObjectRef(124621163998): object was freed before callback; returning Nil.
    [142] <engine-1>[GdPAI] ObjectRef(124621163998): object was freed before callback; returning Nil.
    [143] <engine-1>[GdPAI] ObjectRef(124587609564): object was freed before callback; returning Nil.
    [144] <engine-1>[GdPAI] ObjectRef(124587609564): object was freed before callback; returning Nil.
    [145] <engine-1>[GdPAI] ObjectRef(124621163998): object was freed before callback; returning Nil.
    [146] <engine-1>[GdPAI] ObjectRef(124587609564): object was freed before callback; returning Nil.
    [147] <engine-1>[GdPAI] ObjectRef(124587609564): object was freed before callback; returning Nil.
    [148] <engine-1>[GdPAI] ObjectRef(124621163998): object was freed before callback; returning Nil.
    [149] <engine-1>[GdPAI] ObjectRef(124587609564): object was freed before callback; returning Nil.
    [150] <engine-1>[GdPAI] ObjectRef(124587609564): object was freed before callback; returning Nil.
    [151] <engine-1>[GdPAI] ObjectRef(124621163998): object was freed before callback; returning Nil.
    [152] <engine-1>[GdPAI] ObjectRef(124621163998): object was freed before callback; returning Nil.
    [153] <engine-1>[GdPAI] ObjectRef(124621163998): object was freed before callback; returning Nil.
    [154] <engine-1>[GdPAI] ObjectRef(124621163998): object was freed before callback; returning Nil.
    [155] <engine-1>[GdPAI] ObjectRef(124621163998): object was freed before callback; returning Nil.
    [156] <engine-1>[GdPAI] ObjectRef(124621163998): object was freed before callback; returning Nil.
    [157] <engine-1>[GdPAI] ObjectRef(124621163998): object was freed before callback; returning Nil.
    [158] <engine-1>[GdPAI] ObjectRef(124621163998): object was freed before callback; returning Nil.
    [159] <engine-1>[GdPAI] ObjectRef(124621163998): object was freed before callback; returning Nil.
    [160] <engine-1>[GdPAI] ObjectRef(124621163998): object was freed before callback; returning Nil.
    [161] <engine-1>[GdPAI] ObjectRef(124621163998): object was freed before callback; returning Nil.
    [162] <engine-1>[GdPAI] ObjectRef(124621163998): object was freed before callback; returning Nil.
    [163] <engine-1>[GdPAI] ObjectRef(124621163998): object was freed before callback; returning Nil.
    [164] <engine-1>[GdPAI] ObjectRef(124621163998): object was freed before callback; returning Nil.
    [165] <engine-1>[GdPAI] ObjectRef(124621163998): object was freed before callback; returning Nil.
    [166] <engine-1>[GdPAI] ObjectRef(124621163998): object was freed before callback; returning Nil.
    [167] <engine-1>[GdPAI] ObjectRef(124621163998): object was freed before callback; returning Nil.
    [168] <engine-1>[GdPAI] ObjectRef(124621163998): object was freed before callback; returning Nil.
    [169] <engine-1>[GdPAI] ObjectRef(124621163998): object was freed before callback; returning Nil.
    [170] <engine-1>[GdPAI] ObjectRef(124621163998): object was freed before callback; returning Nil.
    [171] <engine-1>[GdPAI] ObjectRef(124285619658): object was freed before callback; returning Nil.
    [172] <engine-1>[GdPAI] ObjectRef(124285619658): object was freed before callback; returning Nil.
    [173] <engine-1>[GdPAI] ObjectRef(124621163998): object was freed before callback; returning Nil.
    [174] <engine-1>[GdPAI] ObjectRef(124621163998): object was freed before callback; returning Nil.
    [175] <engine-1>[GdPAI] ObjectRef(124285619658): object was freed before callback; returning Nil.
    [176] <engine-1>[GdPAI] ObjectRef(124285619658): object was freed before callback; returning Nil.
    [177] <engine-1>[GdPAI] ObjectRef(124621163998): object was freed before callback; returning Nil.
    [178] <engine-1>[GdPAI] ObjectRef(124285619658): object was freed before callback; returning Nil.
    [179] <engine-1>[GdPAI] ObjectRef(124285619658): object was freed before callback; returning Nil.
    [180] <engine-1>[GdPAI] ObjectRef(124621163998): object was freed before callback; returning Nil.
    [181] <engine-1>[GdPAI] ObjectRef(124285619658): object was freed before callback; returning Nil.
    [182] <engine-1>[GdPAI] ObjectRef(124285619658): object was freed before callback; returning Nil.
    [183] <engine-1>[GdPAI] ObjectRef(124621163998): object was freed before callback; returning Nil.
    [184] <engine-1>[GdPAI] ObjectRef(124621163998): object was freed before callback; returning Nil.
    [185] <engine-1>[GdPAI] ObjectRef(124621163998): object was freed before callback; returning Nil.
    [186] <engine-1>[GdPAI] ObjectRef(124621163998): object was freed before callback; returning Nil.
    [187] <engine-1>[GdPAI] ObjectRef(124285619658): object was freed before callback; returning Nil.
    [188] <engine-1>[GdPAI] ObjectRef(124285619658): object was freed before callback; returning Nil.
    [189] <engine-1>[GdPAI] ObjectRef(124621163998): object was freed before callback; returning Nil.
    [190] <engine-1>[GdPAI] ObjectRef(124621163998): object was freed before callback; returning Nil.
    [191] <engine-1>[GdPAI] ObjectRef(124285619658): object was freed before callback; returning Nil.
    [192] <engine-1>[GdPAI] ObjectRef(124285619658): object was freed before callback; returning Nil.
    [193] <engine-1>[GdPAI] ObjectRef(124621163998): object was freed before callback; returning Nil.
    [194] <engine-1>[GdPAI] ObjectRef(124285619658): object was freed before callback; returning Nil.
    [195] <engine-1>[GdPAI] ObjectRef(124285619658): object was freed before callback; returning Nil.
    [196] <engine-1>[GdPAI] ObjectRef(124621163998): object was freed before callback; returning Nil.
    [197] <engine-1>[GdPAI] ObjectRef(124285619658): object was freed before callback; returning Nil.
    [198] <engine-1>[GdPAI] ObjectRef(124285619658): object was freed before callback; returning Nil.
    [199] <engine-1>[GdPAI] ObjectRef(124621163998): object was freed before callback; returning Nil.
    [200] <engine-1>[GdPAI] ObjectRef(124621163998): object was freed before callback; returning Nil.
    [201] <engine-1>[GdPAI] ObjectRef(124621163998): object was freed before callback; returning Nil.
    [202] <engine-1>[GdPAI] ObjectRef(124621163998): object was freed before callback; returning Nil.
    [203] <engine-1>[GdPAI] ObjectRef(124621163998): object was freed before callback; returning Nil.
    [204] <engine-1>[GdPAI] ObjectRef(124621163998): object was freed before callback; returning Nil.
    [205] <engine-1>[GdPAI] ObjectRef(124621163998): object was freed before callback; returning Nil.
    [206] <engine-1>[GdPAI] ObjectRef(124621163998): object was freed before callback; returning Nil.
    [207] <engine-1>[GdPAI] ObjectRef(124621163998): object was freed before callback; returning Nil.
    [208] <engine-1>[GdPAI] ObjectRef(124621163998): object was freed before callback; returning Nil.
    [209] <engine-1>[GdPAI] ObjectRef(124621163998): object was freed before callback; returning Nil.
    [210] <engine-1>[GdPAI] ObjectRef(124621163998): object was freed before callback; returning Nil.
    [211] <engine-1>[GdPAI] ObjectRef(124621163998): object was freed before callback; returning Nil.
    [212] <engine-1>[GdPAI] ObjectRef(124621163998): object was freed before callback; returning Nil.
    [213] <engine-1>[GdPAI] ObjectRef(124621163998): object was freed before callback; returning Nil.
    [214] <engine-1>[GdPAI] ObjectRef(124621163998): object was freed before callback; returning Nil.
    [215] <engine-1>[GdPAI] ObjectRef(124621163998): object was freed before callback; returning Nil.
    [216] <engine-1>[GdPAI] ObjectRef(124621163998): object was freed before callback; returning Nil.
    [217] <engine-1>[GdPAI] ObjectRef(124621163998): object was freed before callback; returning Nil.
    [218] <engine-1>[GdPAI] ObjectRef(124621163998): object was freed before callback; returning Nil.
    [219] <engine-1>[GdPAI] ObjectRef(124436614611): object was freed before callback; returning Nil.
    [220] <engine-1>[GdPAI] ObjectRef(124436614611): object was freed before callback; returning Nil.
    [221] <engine-1>[GdPAI] ObjectRef(124621163998): object was freed before callback; returning Nil.
    [222] <engine-1>[GdPAI] ObjectRef(124621163998): object was freed before callback; returning Nil.
    [223] <engine-1>[GdPAI] ObjectRef(124436614611): object was freed before callback; returning Nil.
    [224] <engine-1>[GdPAI] ObjectRef(124436614611): object was freed before callback; returning Nil.
    [225] <engine-1>[GdPAI] ObjectRef(124621163998): object was freed before callback; returning Nil.
    [226] <engine-1>[GdPAI] ObjectRef(124436614611): object was freed before callback; returning Nil.
    [227] <engine-1>[GdPAI] ObjectRef(124436614611): object was freed before callback; returning Nil.
    [228] <engine-1>[GdPAI] ObjectRef(124621163998): object was freed before callback; returning Nil.
    [229] <engine-1>[GdPAI] ObjectRef(124436614611): object was freed before callback; returning Nil.
    [230] <engine-1>[GdPAI] ObjectRef(124436614611): object was freed before callback; returning Nil.
    [231] <engine-1>[GdPAI] ObjectRef(124621163998): object was freed before callback; returning Nil.
    [232] <engine-1>[GdPAI] ObjectRef(124621163998): object was freed before callback; returning Nil.
    [233] <engine-1>[GdPAI] ObjectRef(124621163998): object was freed before callback; returning Nil.
    [234] <engine-1>[GdPAI] ObjectRef(124621163998): object was freed before callback; returning Nil.
    [235] <engine-1>[GdPAI] ObjectRef(124436614611): object was freed before callback; returning Nil.
    [236] <engine-1>[GdPAI] ObjectRef(124436614611): object was freed before callback; returning Nil.
    [237] <engine-1>[GdPAI] ObjectRef(124621163998): object was freed before callback; returning Nil.
    [238] <engine-1>[GdPAI] ObjectRef(124621163998): object was freed before callback; returning Nil.
    [239] <engine-1>[GdPAI] ObjectRef(124436614611): object was freed before callback; returning Nil.
    [240] <engine-1>[GdPAI] ObjectRef(124436614611): object was freed before callback; returning Nil.
    [241] <engine-1>[GdPAI] ObjectRef(124621163998): object was freed before callback; returning Nil.
    [242] <engine-1>[GdPAI] ObjectRef(124436614611): object was freed before callback; returning Nil.
    [243] <engine-1>[GdPAI] ObjectRef(124436614611): object was freed before callback; returning Nil.
    [244] <engine-1>[GdPAI] ObjectRef(124621163998): object was freed before callback; returning Nil.
    [245] <engine-1>[GdPAI] ObjectRef(124436614611): object was freed before callback; returning Nil.
    [246] <engine-1>[GdPAI] ObjectRef(124436614611): object was freed before callback; returning Nil.
    [247] <engine-1>[GdPAI] ObjectRef(124621163998): object was freed before callback; returning Nil.
    [248] <engine-1>[GdPAI] ObjectRef(124621163998): object was freed before callback; returning Nil.
    [249] <engine-1>[GdPAI] ObjectRef(124621163998): object was freed before callback; returning Nil.
    [250] <engine-1>[GdPAI] ObjectRef(124621163998): object was freed before callback; returning Nil.
    [251] <engine-1>[GdPAI] ObjectRef(124621163998): object was freed before callback; returning Nil.
    [252] <engine-1>[GdPAI] ObjectRef(124621163998): object was freed before callback; returning Nil.
    [253] <engine-1>[GdPAI] ObjectRef(124621163998): object was freed before callback; returning Nil.
    [254] <engine-1>[GdPAI] ObjectRef(124621163998): object was freed before callback; returning Nil.
    [255] <engine-1>[GdPAI] ObjectRef(124621163998): object was freed before callback; returning Nil.
    [256] <engine-1>[GdPAI] ObjectRef(124621163998): object was freed before callback; returning Nil.
    [257] <engine-1>[GdPAI] ObjectRef(124621163998): object was freed before callback; returning Nil.
    [258] <engine-1>[GdPAI] ObjectRef(124621163998): object was freed before callback; returning Nil.
    [259] <engine-1>[GdPAI] ObjectRef(124621163998): object was freed before callback; returning Nil.
    [260] <engine-1>[GdPAI] ObjectRef(124621163998): object was freed before callback; returning Nil.
    [261] <engine-1>[GdPAI] ObjectRef(124621163998): object was freed before callback; returning Nil.
    [262] <engine-1>[GdPAI] ObjectRef(124621163998): object was freed before callback; returning Nil.
    [263] <engine-1>[GdPAI] ObjectRef(124621163998): object was freed before callback; returning Nil.
    [264] <engine-1>[GdPAI] ObjectRef(124621163998): object was freed before callback; returning Nil.
    [265] <engine-1>[GdPAI] ObjectRef(124621163998): object was freed before callback; returning Nil.
    [266] <engine-1>[GdPAI] ObjectRef(124621163998): object was freed before callback; returning Nil.
    [267] <engine-1>[GdPAI] ObjectRef(124621163998): object was freed before callback; returning Nil.
    [268] <engine-1>[GdPAI] ObjectRef(124621163998): object was freed before callback; returning Nil.
    [269] <engine-1>[GdPAI] ObjectRef(124621163998): object was freed before callback; returning Nil.
    [270] <engine-1>[GdPAI] ObjectRef(124621163998): object was freed before callback; returning Nil.
    [271] <engine-1>[GdPAI] ObjectRef(124621163998): object was freed before callback; returning Nil.
    [272] <engine-1>[GdPAI] ObjectRef(124621163998): object was freed before callback; returning Nil.
    [273] <engine-1>[GdPAI] ObjectRef(124621163998): object was freed before callback; returning Nil.
    [274] <engine-1>[GdPAI] ObjectRef(124621163998): object was freed before callback; returning Nil.
    [275] <engine-1>[GdPAI] ObjectRef(124621163998): object was freed before callback; returning Nil.
    [276] <engine-1>[GdPAI] ObjectRef(124621163998): object was freed before callback; returning Nil.
    [277] <engine-1>[GdPAI] ObjectRef(124621163998): object was freed before callback; returning Nil.
    [278] <engine-1>[GdPAI] ObjectRef(124621163998): object was freed before callback; returning Nil.
    [279] <engine-1>[GdPAI] ObjectRef(124621163998): object was freed before callback; returning Nil.
    [280] <engine-1>[GdPAI] ObjectRef(124621163998): object was freed before callback; returning Nil.
    [281] <engine-1>[GdPAI] ObjectRef(124621163998): object was freed before callback; returning Nil.
    [282] <engine-1>[GdPAI] ObjectRef(124621163998): object was freed before callback; returning Nil.
    [283] <engine-1>[GdPAI] ObjectRef(124621163998): object was freed before callback; returning Nil.
    [284] <engine-1>[GdPAI] ObjectRef(124621163998): object was freed before callback; returning Nil.
    [285] <engine-1>[GdPAI] ObjectRef(124621163998): object was freed before callback; returning Nil.
    [286] <engine-1>[GdPAI] ObjectRef(124621163998): object was freed before callback; returning Nil.
    [287] <engine-1>[GdPAI] ObjectRef(124621163998): object was freed before callback; returning Nil.
    [288] <engine-1>[GdPAI] ObjectRef(124621163998): object was freed before callback; returning Nil.
    [289] <engine-1>[GdPAI] ObjectRef(124621163998): object was freed before callback; returning Nil.
    [290] <engine-1>[GdPAI] ObjectRef(124621163998): object was freed before callback; returning Nil.
    [291] <engine-1>[GdPAI] ObjectRef(124621163998): object was freed before callback; returning Nil.
    [292] <engine-1>[GdPAI] ObjectRef(124621163998): object was freed before callback; returning Nil.
    [293] <engine-1>[GdPAI] ObjectRef(124621163998): object was freed before callback; returning Nil.
    [294] <engine-1>[GdPAI] ObjectRef(124621163998): object was freed before callback; returning Nil.
    [295] <engine-1>[GdPAI] ObjectRef(124621163998): object was freed before callback; returning Nil.
    [296] <engine-1>[GdPAI] ObjectRef(124621163998): object was freed before callback; returning Nil.
    [297] <engine-1>[GdPAI] ObjectRef(124621163998): object was freed before callback; returning Nil.
    [298] <engine-1>[GdPAI] ObjectRef(124621163998): object was freed before callback; returning Nil.
    [299] <engine-1>[GdPAI] ObjectRef(124621163998): object was freed before callback; returning Nil.
    [300] <engine-1>[GdPAI] ObjectRef(124621163998): object was freed before callback; returning Nil.
    [301] <engine-1>[GdPAI] ObjectRef(124621163998): object was freed before callback; returning Nil.
    [302] <engine-1>[GdPAI] ObjectRef(124621163998): object was freed before callback; returning Nil.
    [303] <engine-1>[GdPAI] ObjectRef(124621163998): object was freed before callback; returning Nil.
    [304] <engine-1>[GdPAI] ObjectRef(124621163998): object was freed before callback; returning Nil.
    [305] <engine-1>[GdPAI] ObjectRef(124621163998): object was freed before callback; returning Nil.
    [306] <engine-1>[GdPAI] ObjectRef(124621163998): object was freed before callback; returning Nil.
    [307] <engine-1>[GdPAI] ObjectRef(124621163998): object was freed before callback; returning Nil.
    [308] <engine-1>[GdPAI] ObjectRef(124621163998): object was freed before callback; returning Nil.
    [309] <engine-1>[GdPAI] ObjectRef(124621163998): object was freed before callback; returning Nil.
    [310] <engine-1>[GdPAI] ObjectRef(124621163998): object was freed before callback; returning Nil.
    [311] <engine-1>[GdPAI] ObjectRef(124621163998): object was freed before callback; returning Nil.
    [312] <engine-1>[GdPAI] ObjectRef(124621163998): object was freed before callback; returning Nil.
    [313] <engine-1>[GdPAI] ObjectRef(124621163998): object was freed before callback; returning Nil.
    [314] <engine-1>[GdPAI] ObjectRef(124621163998): object was freed before callback; returning Nil.
    [315] <engine-1>[GdPAI] ObjectRef(124621163998): object was freed before callback; returning Nil.
    [316] <engine-1>[GdPAI] ObjectRef(124621163998): object was freed before callback; returning Nil.
    [317] <engine-1>[GdPAI] ObjectRef(124621163998): object was freed before callback; returning Nil.
    [318] <engine-1>[GdPAI] ObjectRef(124621163998): object was freed before callback; returning Nil.
    [319] <engine-1>[GdPAI] ObjectRef(124621163998): object was freed before callback; returning Nil.
    [320] <engine-1>[GdPAI] ObjectRef(124621163998): object was freed before callback; returning Nil.
    [321] <engine-1>[GdPAI] ObjectRef(124621163998): object was freed before callback; returning Nil.
    [322] <engine-1>[GdPAI] ObjectRef(124621163998): object was freed before callback; returning Nil.
    [323] <engine-1>[GdPAI] ObjectRef(124621163998): object was freed before callback; returning Nil.
    [324] <engine-1>[GdPAI] ObjectRef(124621163998): object was freed before callback; returning Nil.
    [325] <engine-1>[GdPAI] ObjectRef(124621163998): object was freed before callback; returning Nil.
    [326] <engine-1>[GdPAI] ObjectRef(124621163998): object was freed before callback; returning Nil.
    [327] <engine-1>[GdPAI] ObjectRef(124621163998): object was freed before callback; returning Nil.
    [328] <engine-1>[GdPAI] ObjectRef(124621163998): object was freed before callback; returning Nil.
    [329] <engine-1>[GdPAI] ObjectRef(124621163998): object was freed before callback; returning Nil.
    [330] <engine-1>[GdPAI] ObjectRef(124621163998): object was freed before callback; returning Nil.
    [331] <engine-1>[GdPAI] ObjectRef(124621163998): object was freed before callback; returning Nil.
    [332] <engine-1>[GdPAI] ObjectRef(124621163998): object was freed before callback; returning Nil.
    [333] <engine-1>[GdPAI] ObjectRef(124621163998): object was freed before callback; returning Nil.
    [334] <engine-1>[GdPAI] ObjectRef(124621163998): object was freed before callback; returning Nil.
    [335] <engine-1>[GdPAI] ObjectRef(124621163998): object was freed before callback; returning Nil.
    [336] <engine-1>[GdPAI] ObjectRef(124621163998): object was freed before callback; returning Nil.
    [337] <engine-1>[GdPAI] ObjectRef(124621163998): object was freed before callback; returning Nil.
    [338] <engine-1>[GdPAI] ObjectRef(124621163998): object was freed before callback; returning Nil.
    [339] <engine-1>[GdPAI] ObjectRef(124621163998): object was freed before callback; returning Nil.
    [340] <engine-1>[GdPAI] ObjectRef(124621163998): object was freed before callback; returning Nil.
    [341] <engine-1>[GdPAI] ObjectRef(124621163998): object was freed before callback; returning Nil.
    [342] <engine-1>[GdPAI] ObjectRef(124621163998): object was freed before callback; returning Nil.
    [343] <engine-1>[GdPAI] ObjectRef(124621163998): object was freed before callback; returning Nil.
    [344] <engine-1>[GdPAI] ObjectRef(124621163998): object was freed before callback; returning Nil.
    [345] <engine-1>[GdPAI] ObjectRef(124621163998): object was freed before callback; returning Nil.
    [346] <engine-1>[GdPAI] ObjectRef(124621163998): object was freed before callback; returning Nil.
    [347] <engine-1>[GdPAI] ObjectRef(124621163998): object was freed before callback; returning Nil.
    [348] <engine-1>[GdPAI] ObjectRef(124621163998): object was freed before callback; returning Nil.
    [349] <engine-1>[GdPAI] ObjectRef(124621163998): object was freed before callback; returning Nil.
    [350] <engine-1>[GdPAI] ObjectRef(124621163998): object was freed before callback; returning Nil.
    [351] <engine-1>[GdPAI] ObjectRef(124621163998): object was freed before callback; returning Nil.
    [352] <engine-1>[GdPAI] ObjectRef(124621163998): object was freed before callback; returning Nil.
    [353] <engine-1>[GdPAI] ObjectRef(124621163998): object was freed before callback; returning Nil.
    [354] <engine-1>[GdPAI] ObjectRef(124621163998): object was freed before callback; returning Nil.
    [355] <engine-1>[GdPAI] ObjectRef(124621163998): object was freed before callback; returning Nil.
    [356] <engine-1>[GdPAI] ObjectRef(124621163998): object was freed before callback; returning Nil.
    [357] <engine-1>[GdPAI] ObjectRef(124621163998): object was freed before callback; returning Nil.
    [358] <engine-1>[GdPAI] ObjectRef(124621163998): object was freed before callback; returning Nil.
    [359] <engine-1>[GdPAI] ObjectRef(124621163998): object was freed before callback; returning Nil.
    [360] <engine-1>[GdPAI] ObjectRef(124621163998): object was freed before callback; returning Nil.
    [361] <engine-1>[GdPAI] ObjectRef(124621163998): object was freed before callback; returning Nil.
    [362] <engine-1>[GdPAI] ObjectRef(124621163998): object was freed before callback; returning Nil.
    [363] <engine-1>[GdPAI] ObjectRef(124621163998): object was freed before callback; returning Nil.
    [364] <engine-1>[GdPAI] ObjectRef(124621163998): object was freed before callback; returning Nil.
    [365] <engine-1>[GdPAI] ObjectRef(124621163998): object was freed before callback; returning Nil.
    [366] <engine-1>[GdPAI] ObjectRef(124621163998): object was freed before callback; returning Nil.
    [367] <engine-1>[GdPAI] ObjectRef(124621163998): object was freed before callback; returning Nil.
    [368] <engine-1>[GdPAI] ObjectRef(124621163998): object was freed before callback; returning Nil.
    [369] <engine-1>[GdPAI] ObjectRef(124621163998): object was freed before callback; returning Nil.
    [370] <engine-1>[GdPAI] ObjectRef(124621163998): object was freed before callback; returning Nil.
    [371] <engine-1>[GdPAI] ObjectRef(124621163998): object was freed before callback; returning Nil.
    [372] <engine-1>[GdPAI] ObjectRef(124621163998): object was freed before callback; returning Nil.
    [373] <engine-1>[GdPAI] ObjectRef(124621163998): object was freed before callback; returning Nil.
    [374] <engine-1>[GdPAI] ObjectRef(124621163998): object was freed before callback; returning Nil.
    [375] <engine-1>[GdPAI] ObjectRef(124621163998): object was freed before callback; returning Nil.
    [376] <engine-1>[GdPAI] ObjectRef(124621163998): object was freed before callback; returning Nil.
    [377] <engine-1>[GdPAI] ObjectRef(124621163998): object was freed before callback; returning Nil.
    [378] <engine-1>[GdPAI] ObjectRef(124621163998): object was freed before callback; returning Nil.
    [379] <engine-1>[GdPAI] ObjectRef(124621163998): object was freed before callback; returning Nil.
    [380] <engine-1>[GdPAI] ObjectRef(124621163998): object was freed before callback; returning Nil.
    [381] <engine-1>[GdPAI] ObjectRef(124621163998): object was freed before callback; returning Nil.
    [382] <engine-1>[GdPAI] ObjectRef(124621163998): object was freed before callback; returning Nil.
    [383] <engine-1>[GdPAI] ObjectRef(124621163998): object was freed before callback; returning Nil.
    [384] <engine-1>[GdPAI] ObjectRef(124621163998): object was freed before callback; returning Nil.
    [385] <engine-1>[GdPAI] ObjectRef(124621163998): object was freed before callback; returning Nil.
    [386] <engine-1>[GdPAI] ObjectRef(124621163998): object was freed before callback; returning Nil.
    [387] <engine-1>[GdPAI] ObjectRef(124621163998): object was freed before callback; returning Nil.
    [388] <engine-1>[GdPAI] ObjectRef(124621163998): object was freed before callback; returning Nil.
    [389] <engine-1>[GdPAI] ObjectRef(124621163998): object was freed before callback; returning Nil.
    [390] <engine-1>[GdPAI] ObjectRef(124621163998): object was freed before callback; returning Nil.
    [391] <engine-1>[GdPAI] ObjectRef(124621163998): object was freed before callback; returning Nil.
    [392] <engine-1>[GdPAI] ObjectRef(124621163998): object was freed before callback; returning Nil.
    [393] <engine-1>[GdPAI] ObjectRef(124621163998): object was freed before callback; returning Nil.
    [394] <engine-1>[GdPAI] ObjectRef(124621163998): object was freed before callback; returning Nil.
    [395] <engine-1>[GdPAI] ObjectRef(124621163998): object was freed before callback; returning Nil.
    [396] <engine-1>[GdPAI] ObjectRef(124621163998): object was freed before callback; returning Nil.
    [397] <engine-1>[GdPAI] ObjectRef(124621163998): object was freed before callback; returning Nil.
    [398] <engine-1>[GdPAI] ObjectRef(124621163998): object was freed before callback; returning Nil.
    [399] <engine-1>[GdPAI] ObjectRef(125661351450): object was freed before callback; returning Nil.
    [400] <engine-1>[GdPAI] ObjectRef(125661351450): object was freed before callback; returning Nil.
    [401] <engine-1>[GdPAI] ObjectRef(124621163998): object was freed before callback; returning Nil.
    [402] <engine-1>[GdPAI] ObjectRef(124621163998): object was freed before callback; returning Nil.
    [403] <engine-1>[GdPAI] ObjectRef(125661351450): object was freed before callback; returning Nil.
    [404] <engine-1>[GdPAI] ObjectRef(125661351450): object was freed before callback; returning Nil.
    [405] <engine-1>[GdPAI] ObjectRef(124621163998): object was freed before callback; returning Nil.
    [406] <engine-1>[GdPAI] ObjectRef(125661351450): object was freed before callback; returning Nil.
    [407] <engine-1>[GdPAI] ObjectRef(125661351450): object was freed before callback; returning Nil.
    [408] <engine-1>[GdPAI] ObjectRef(124621163998): object was freed before callback; returning Nil.
    [409] <engine-1>[GdPAI] ObjectRef(125661351450): object was freed before callback; returning Nil.
    [410] <engine-1>[GdPAI] ObjectRef(125661351450): object was freed before callback; returning Nil.
    [411] <engine-1>[GdPAI] ObjectRef(124621163998): object was freed before callback; returning Nil.
    [412] <engine-1>[GdPAI] ObjectRef(124134624705): object was freed before callback; returning Nil.
    [413] <engine-1>[GdPAI] ObjectRef(124134624705): object was freed before callback; returning Nil.
    [414] <engine-1>[GdPAI] ObjectRef(124621163998): object was freed before callback; returning Nil.
    [415] <engine-1>[GdPAI] ObjectRef(124134624705): object was freed before callback; returning Nil.
    [416] <engine-1>[GdPAI] ObjectRef(124134624705): object was freed before callback; returning Nil.
    [417] <engine-1>[GdPAI] ObjectRef(124621163998): object was freed before callback; returning Nil.
    [418] <engine-1>[GdPAI] ObjectRef(124134624705): object was freed before callback; returning Nil.
    [419] <engine-1>[GdPAI] ObjectRef(124134624705): object was freed before callback; returning Nil.
    [420] <engine-1>[GdPAI] ObjectRef(124621163998): object was freed before callback; returning Nil.
    [421] <engine-1>[GdPAI] ObjectRef(124134624705): object was freed before callback; returning Nil.
    [422] <engine-1>[GdPAI] ObjectRef(124134624705): object was freed before callback; returning Nil.
    [423] <engine-1>[GdPAI] ObjectRef(124621163998): object was freed before callback; returning Nil.
    [424] <engine-1>[GdPAI] ObjectRef(124621163998): object was freed before callback; returning Nil.
    [425] <engine-1>[GdPAI] ObjectRef(124621163998): object was freed before callback; returning Nil.
    [426] <engine-1>[GdPAI] ObjectRef(124621163998): object was freed before callback; returning Nil.
    [427] <engine-1>[GdPAI] ObjectRef(124621163998): object was freed before callback; returning Nil.
    [428] <engine-1>[GdPAI] ObjectRef(124621163998): object was freed before callback; returning Nil.
    [429] <engine-1>[GdPAI] ObjectRef(124621163998): object was freed before callback; returning Nil.
    [430] <engine-1>[GdPAI] ObjectRef(124621163998): object was freed before callback; returning Nil.
    [431] <engine-1>[GdPAI] ObjectRef(124621163998): object was freed before callback; returning Nil.
    [432] <engine-1>[GdPAI] ObjectRef(124134624705): object was freed before callback; returning Nil.
    [433] <engine-1>[GdPAI] ObjectRef(124134624705): object was freed before callback; returning Nil.
    [434] <engine-1>[GdPAI] ObjectRef(124621163998): object was freed before callback; returning Nil.
    [435] <engine-1>[GdPAI] ObjectRef(124134624705): object was freed before callback; returning Nil.
    [436] <engine-1>[GdPAI] ObjectRef(124134624705): object was freed before callback; returning Nil.
    [437] <engine-1>[GdPAI] ObjectRef(124621163998): object was freed before callback; returning Nil.
    [438] <engine-1>[GdPAI] ObjectRef(124134624705): object was freed before callback; returning Nil.
    [439] <engine-1>[GdPAI] ObjectRef(124134624705): object was freed before callback; returning Nil.
    [440] <engine-1>[GdPAI] ObjectRef(124621163998): object was freed before callback; returning Nil.
    [441] <engine-1>[GdPAI] ObjectRef(124134624705): object was freed before callback; returning Nil.
    [442] <engine-1>[GdPAI] ObjectRef(124134624705): object was freed before callback; returning Nil.
    [443] <engine-1>[GdPAI] ObjectRef(124621163998): object was freed before callback; returning Nil.
    [444] <engine-1>[GdPAI] ObjectRef(124621163998): object was freed before callback; returning Nil.
    [445] <engine-1>[GdPAI] ObjectRef(124621163998): object was freed before callback; returning Nil.
    [446] <engine-1>[GdPAI] ObjectRef(124621163998): object was freed before callback; returning Nil.
    [447] <engine-1>[GdPAI] ObjectRef(125661351450): object was freed before callback; returning Nil.
    [448] <engine-1>[GdPAI] ObjectRef(125661351450): object was freed before callback; returning Nil.
    [449] <engine-1>[GdPAI] ObjectRef(124621163998): object was freed before callback; returning Nil.
    [450] <engine-1>[GdPAI] ObjectRef(124621163998): object was freed before callback; returning Nil.
    [451] <engine-1>[GdPAI] ObjectRef(125661351450): object was freed before callback; returning Nil.
    [452] <engine-1>[GdPAI] ObjectRef(125661351450): object was freed before callback; returning Nil.
    [453] <engine-1>[GdPAI] ObjectRef(124621163998): object was freed before callback; returning Nil.
    [454] <engine-1>[GdPAI] ObjectRef(125661351450): object was freed before callback; returning Nil.
    [455] <engine-1>[GdPAI] ObjectRef(125661351450): object was freed before callback; returning Nil.
    [456] <engine-1>[GdPAI] ObjectRef(124621163998): object was freed before callback; returning Nil.
    [457] <engine-1>[GdPAI] ObjectRef(125661351450): object was freed before callback; returning Nil.
    [458] <engine-1>[GdPAI] ObjectRef(125661351450): object was freed before callback; returning Nil.
    [459] <engine-1>[GdPAI] ObjectRef(124621163998): object was freed before callback; returning Nil.
    [460] <engine-1>[GdPAI] ObjectRef(124134624705): object was freed before callback; returning Nil.
    [461] <engine-1>[GdPAI] ObjectRef(124134624705): object was freed before callback; returning Nil.
    [462] <engine-1>[GdPAI] ObjectRef(124621163998): object was freed before callback; returning Nil.
    [463] <engine-1>[GdPAI] ObjectRef(124134624705): object was freed before callback; returning Nil.
    [464] <engine-1>[GdPAI] ObjectRef(124134624705): object was freed before callback; returning Nil.
    [465] <engine-1>[GdPAI] ObjectRef(124621163998): object was freed before callback; returning Nil.
    [466] <engine-1>[GdPAI] ObjectRef(124134624705): object was freed before callback; returning Nil.
    [467] <engine-1>[GdPAI] ObjectRef(124134624705): object was freed before callback; returning Nil.
    [468] <engine-1>[GdPAI] ObjectRef(124621163998): object was freed before callback; returning Nil.
    [469] <engine-1>[GdPAI] ObjectRef(124134624705): object was freed before callback; returning Nil.
    [470] <engine-1>[GdPAI] ObjectRef(124134624705): object was freed before callback; returning Nil.
    [471] <engine-1>[GdPAI] ObjectRef(124621163998): object was freed before callback; returning Nil.
    [472] <engine-1>[GdPAI] ObjectRef(124621163998): object was freed before callback; returning Nil.
    [473] <engine-1>[GdPAI] ObjectRef(124621163998): object was freed before callback; returning Nil.
    [474] <engine-1>[GdPAI] ObjectRef(124621163998): object was freed before callback; returning Nil.
    [475] <engine-1>[GdPAI] ObjectRef(124621163998): object was freed before callback; returning Nil.
    [476] <engine-1>[GdPAI] ObjectRef(124621163998): object was freed before callback; returning Nil.
    [477] <engine-1>[GdPAI] ObjectRef(124621163998): object was freed before callback; returning Nil.
    [478] <engine-1>[GdPAI] ObjectRef(124621163998): object was freed before callback; returning Nil.
    [479] <engine-1>[GdPAI] ObjectRef(124621163998): object was freed before callback; returning Nil.
    [480] <engine-1>[GdPAI] ObjectRef(124134624705): object was freed before callback; returning Nil.
    [481] <engine-1>[GdPAI] ObjectRef(124134624705): object was freed before callback; returning Nil.
    [482] <engine-1>[GdPAI] ObjectRef(124621163998): object was freed before callback; returning Nil.
    [483] <engine-1>[GdPAI] ObjectRef(124134624705): object was freed before callback; returning Nil.
    [484] <engine-1>[GdPAI] ObjectRef(124134624705): object was freed before callback; returning Nil.
    [485] <engine-1>[GdPAI] ObjectRef(124621163998): object was freed before callback; returning Nil.
    [486] <engine-1>[GdPAI] ObjectRef(124134624705): object was freed before callback; returning Nil.
    [487] <engine-1>[GdPAI] ObjectRef(124134624705): object was freed before callback; returning Nil.
    [488] <engine-1>[GdPAI] ObjectRef(124621163998): object was freed before callback; returning Nil.
    [489] <engine-1>[GdPAI] ObjectRef(124134624705): object was freed before callback; returning Nil.
    [490] <engine-1>[GdPAI] ObjectRef(124134624705): object was freed before callback; returning Nil.
    [491] <engine-1>[GdPAI] ObjectRef(124621163998): object was freed before callback; returning Nil.
    [492] <engine-1>[GdPAI] ObjectRef(124621163998): object was freed before callback; returning Nil.
    [493] <engine-1>[GdPAI] ObjectRef(124621163998): object was freed before callback; returning Nil.
    [494] <engine-1>[GdPAI] ObjectRef(124621163998): object was freed before callback; returning Nil.
    [495] <engine-1>[GdPAI] ObjectRef(124621163998): object was freed before callback; returning Nil.
    [496] <engine-1>[GdPAI] ObjectRef(124621163998): object was freed before callback; returning Nil.
    [497] <engine-1>[GdPAI] ObjectRef(124621163998): object was freed before callback; returning Nil.
    [498] <engine-1>[GdPAI] ObjectRef(124621163998): object was freed before callback; returning Nil.
    [499] <engine-1>[GdPAI] ObjectRef(124621163998): object was freed before callback; returning Nil.
    [500] <engine-1>[GdPAI] ObjectRef(124134624705): object was freed before callback; returning Nil.
    [501] <engine-1>[GdPAI] ObjectRef(124134624705): object was freed before callback; returning Nil.
    [502] <engine-1>[GdPAI] ObjectRef(124621163998): object was freed before callback; returning Nil.
    [503] <engine-1>[GdPAI] ObjectRef(124134624705): object was freed before callback; returning Nil.
    [504] <engine-1>[GdPAI] ObjectRef(124134624705): object was freed before callback; returning Nil.
    [505] <engine-1>[GdPAI] ObjectRef(124621163998): object was freed before callback; returning Nil.
    [506] <engine-1>[GdPAI] ObjectRef(124134624705): object was freed before callback; returning Nil.
    [507] <engine-1>[GdPAI] ObjectRef(124134624705): object was freed before callback; returning Nil.
    [508] <engine-1>[GdPAI] ObjectRef(124621163998): object was freed before callback; returning Nil.
    [509] <engine-1>[GdPAI] ObjectRef(124134624705): object was freed before callback; returning Nil.
    [510] <engine-1>[GdPAI] ObjectRef(124134624705): object was freed before callback; returning Nil.
    [511] <engine-1>[GdPAI] ObjectRef(124621163998): object was freed before callback; returning Nil.
    [512] <engine-1>[GdPAI] ObjectRef(124621163998): object was freed before callback; returning Nil.
    [513] <engine-1>[GdPAI] ObjectRef(124621163998): object was freed before callback; returning Nil.
    [514] <engine-1>[GdPAI] ObjectRef(124621163998): object was freed before callback; returning Nil.
    [515] <engine-1>[GdPAI] ObjectRef(124621163998): object was freed before callback; returning Nil.
    [516] <engine-1>[GdPAI] ObjectRef(124621163998): object was freed before callback; returning Nil.
    [517] <engine-1>[GdPAI] ObjectRef(124621163998): object was freed before callback; returning Nil.
    [518] <engine-1>[GdPAI] ObjectRef(124621163998): object was freed before callback; returning Nil.
    [519] <engine-1>[GdPAI] ObjectRef(124621163998): object was freed before callback; returning Nil.
    [520] <engine-1>[GdPAI] ObjectRef(124134624705): object was freed before callback; returning Nil.
    [521] <engine-1>[GdPAI] ObjectRef(124134624705): object was freed before callback; returning Nil.
    [522] <engine-1>[GdPAI] ObjectRef(124621163998): object was freed before callback; returning Nil.
    [523] <engine-1>[GdPAI] ObjectRef(124134624705): object was freed before callback; returning Nil.
    [524] <engine-1>[GdPAI] ObjectRef(124134624705): object was freed before callback; returning Nil.
    [525] <engine-1>[GdPAI] ObjectRef(124621163998): object was freed before callback; returning Nil.
    [526] <engine-1>[GdPAI] ObjectRef(124134624705): object was freed before callback; returning Nil.
    [527] <engine-1>[GdPAI] ObjectRef(124134624705): object was freed before callback; returning Nil.
    [528] <engine-1>[GdPAI] ObjectRef(124621163998): object was freed before callback; returning Nil.
    [529] <engine-1>[GdPAI] ObjectRef(124134624705): object was freed before callback; returning Nil.
    [530] <engine-1>[GdPAI] ObjectRef(124134624705): object was freed before callback; returning Nil.
    [531] <engine-1>[GdPAI] ObjectRef(124621163998): object was freed before callback; returning Nil.
    [532] <engine-1>[GdPAI] ObjectRef(124621163998): object was freed before callback; returning Nil.
    [533] <engine-1>[GdPAI] ObjectRef(124621163998): object was freed before callback; returning Nil.
    [534] <engine-1>[GdPAI] ObjectRef(124621163998): object was freed before callback; returning Nil.
    [535] <engine-1>[GdPAI] ObjectRef(124621163998): object was freed before callback; returning Nil.
    [536] <engine-1>[GdPAI] ObjectRef(124621163998): object was freed before callback; returning Nil.
    [537] <engine-1>[GdPAI] ObjectRef(124621163998): object was freed before callback; returning Nil.
    [538] <engine-1>[GdPAI] ObjectRef(124621163998): object was freed before callback; returning Nil.
    [539] <engine-1>[GdPAI] ObjectRef(124621163998): object was freed before callback; returning Nil.
    [540] <engine-1>[GdPAI] ObjectRef(124134624705): object was freed before callback; returning Nil.
    [541] <engine-1>[GdPAI] ObjectRef(124134624705): object was freed before callback; returning Nil.
    [542] <engine-1>[GdPAI] ObjectRef(124621163998): object was freed before callback; returning Nil.
    [543] <engine-1>[GdPAI] ObjectRef(124134624705): object was freed before callback; returning Nil.
    [544] <engine-1>[GdPAI] ObjectRef(124134624705): object was freed before callback; returning Nil.
    [545] <engine-1>[GdPAI] ObjectRef(124621163998): object was freed before callback; returning Nil.
    [546] <engine-1>[GdPAI] ObjectRef(124134624705): object was freed before callback; returning Nil.
    [547] <engine-1>[GdPAI] ObjectRef(124134624705): object was freed before callback; returning Nil.
    [548] <engine-1>[GdPAI] ObjectRef(124621163998): object was freed before callback; returning Nil.
    [549] <engine-1>[GdPAI] ObjectRef(124134624705): object was freed before callback; returning Nil.
    [550] <engine-1>[GdPAI] ObjectRef(124134624705): object was freed before callback; returning Nil.
    [551] <engine-1>[GdPAI] ObjectRef(124621163998): object was freed before callback; returning Nil.
    [552] <engine-1>[GdPAI] ObjectRef(124621163998): object was freed before callback; returning Nil.
    [553] <engine-1>[GdPAI] ObjectRef(124621163998): object was freed before callback; returning Nil.
    [554] <engine-1>[GdPAI] ObjectRef(124621163998): object was freed before callback; returning Nil.
    [555] <engine-1>[GdPAI] ObjectRef(124621163998): object was freed before callback; returning Nil.
    [556] <engine-1>[GdPAI] ObjectRef(124621163998): object was freed before callback; returning Nil.
    [557] <engine-1>[GdPAI] ObjectRef(124621163998): object was freed before callback; returning Nil.
    [558] <engine-1>[GdPAI] ObjectRef(124621163998): object was freed before callback; returning Nil.
    [559] <engine-1>[GdPAI] ObjectRef(124621163998): object was freed before callback; returning Nil.
    [560] <engine-1>[GdPAI] ObjectRef(124134624705): object was freed before callback; returning Nil.
    [561] <engine-1>[GdPAI] ObjectRef(124134624705): object was freed before callback; returning Nil.
    [562] <engine-1>[GdPAI] ObjectRef(124621163998): object was freed before callback; returning Nil.
    [563] <engine-1>[GdPAI] ObjectRef(124134624705): object was freed before callback; returning Nil.
    [564] <engine-1>[GdPAI] ObjectRef(124134624705): object was freed before callback; returning Nil.
    [565] <engine-1>[GdPAI] ObjectRef(124621163998): object was freed before callback; returning Nil.
    [566] <engine-1>[GdPAI] ObjectRef(124134624705): object was freed before callback; returning Nil.
    [567] <engine-1>[GdPAI] ObjectRef(124134624705): object was freed before callback; returning Nil.
    [568] <engine-1>[GdPAI] ObjectRef(124621163998): object was freed before callback; returning Nil.
    [569] <engine-1>[GdPAI] ObjectRef(124134624705): object was freed before callback; returning Nil.
    [570] <engine-1>[GdPAI] ObjectRef(124134624705): object was freed before callback; returning Nil.
    [571] <engine-1>[GdPAI] ObjectRef(124621163998): object was freed before callback; returning Nil.
    [572] <engine-1>[GdPAI] ObjectRef(124621163998): object was freed before callback; returning Nil.
    [573] <engine-1>[GdPAI] ObjectRef(124621163998): object was freed before callback; returning Nil.
    [574] <engine-1>[GdPAI] ObjectRef(124621163998): object was freed before callback; returning Nil.
    [575] <engine-1>[GdPAI] ObjectRef(124621163998): object was freed before callback; returning Nil.
    [576] <engine-1>[GdPAI] ObjectRef(124621163998): object was freed before callback; returning Nil.
    [577] <engine-1>[GdPAI] ObjectRef(124621163998): object was freed before callback; returning Nil.
    [578] <engine-1>[GdPAI] ObjectRef(124621163998): object was freed before callback; returning Nil.
    [579] <engine-1>[GdPAI] ObjectRef(124621163998): object was freed before callback; returning Nil.
    [580] <engine-1>[GdPAI] ObjectRef(124621163998): object was freed before callback; returning Nil.
    [581] <engine-1>[GdPAI] ObjectRef(124621163998): object was freed before callback; returning Nil.
    [582] <engine-1>[GdPAI] ObjectRef(124621163998): object was freed before callback; returning Nil.
    [583] <engine-1>[GdPAI] ObjectRef(124621163998): object was freed before callback; returning Nil.
    [584] <engine-1>[GdPAI] ObjectRef(124621163998): object was freed before callback; returning Nil.
    [585] <engine-1>[GdPAI] ObjectRef(124621163998): object was freed before callback; returning Nil.
    [586] <engine-1>[GdPAI] ObjectRef(124621163998): object was freed before callback; returning Nil.
    [587] <engine-1>[GdPAI] ObjectRef(124621163998): object was freed before callback; returning Nil.
    [588] <engine-1>[GdPAI] ObjectRef(124621163998): object was freed before callback; returning Nil.
    [589] <engine-1>[GdPAI] ObjectRef(124621163998): object was freed before callback; returning Nil.
    [590] <engine-1>[GdPAI] ObjectRef(124621163998): object was freed before callback; returning Nil.
    [591] <engine-1>[GdPAI] ObjectRef(124621163998): object was freed before callback; returning Nil.
    [592] <engine-1>[GdPAI] ObjectRef(124621163998): object was freed before callback; returning Nil.
    [593] <engine-1>[GdPAI] ObjectRef(124621163998): object was freed before callback; returning Nil.
    [594] <engine-1>[GdPAI] ObjectRef(124621163998): object was freed before callback; returning Nil.
    [595] <engine-1>[GdPAI] ObjectRef(124621163998): object was freed before callback; returning Nil.
    [596] <engine-1>[GdPAI] ObjectRef(124621163998): object was freed before callback; returning Nil.
    [597] <engine-1>[GdPAI] ObjectRef(124621163998): object was freed before callback; returning Nil.
    [598] <engine-1>[GdPAI] ObjectRef(124621163998): object was freed before callback; returning Nil.
    [599] <engine-1>[GdPAI] ObjectRef(124621163998): object was freed before callback; returning Nil.
    [600] <engine-1>[GdPAI] ObjectRef(124621163998): object was freed before callback; returning Nil.
    [601] <engine-1>[GdPAI] ObjectRef(124621163998): object was freed before callback; returning Nil.
    [602] <engine-1>[GdPAI] ObjectRef(124621163998): object was freed before callback; returning Nil.
    [603] <engine-1>[GdPAI] ObjectRef(124621163998): object was freed before callback; returning Nil.
    [604] <engine-1>[GdPAI] ObjectRef(124621163998): object was freed before callback; returning Nil.
    [605] <engine-1>[GdPAI] ObjectRef(124621163998): object was freed before callback; returning Nil.
    [606] <engine-1>[GdPAI] ObjectRef(124621163998): object was freed before callback; returning Nil.
    [607] <engine-1>[GdPAI] ObjectRef(124621163998): object was freed before callback; returning Nil.
    [608] <engine-1>[GdPAI] ObjectRef(124621163998): object was freed before callback; returning Nil.
    [609] <engine-1>[GdPAI] ObjectRef(124621163998): object was freed before callback; returning Nil.
    [610] <engine-1>[GdPAI] ObjectRef(124621163998): object was freed before callback; returning Nil.
    [611] <engine-1>[GdPAI] ObjectRef(124621163998): object was freed before callback; returning Nil.
    [612] <engine-1>[GdPAI] ObjectRef(124621163998): object was freed before callback; returning Nil.
    [613] <engine-1>[GdPAI] ObjectRef(124621163998): object was freed before callback; returning Nil.
    [614] <engine-1>[GdPAI] ObjectRef(124621163998): object was freed before callback; returning Nil.
    [615] <engine-1>[GdPAI] ObjectRef(124621163998): object was freed before callback; returning Nil.
    [616] <engine-1>[GdPAI] ObjectRef(124621163998): object was freed before callback; returning Nil.
    [617] <engine-1>[GdPAI] ObjectRef(124621163998): object was freed before callback; returning Nil.
    [618] <engine-1>[GdPAI] ObjectRef(124621163998): object was freed before callback; returning Nil.
    [619] <engine-1>[GdPAI] ObjectRef(124621163998): object was freed before callback; returning Nil.
    [620] <engine-1>[GdPAI] ObjectRef(124621163998): object was freed before callback; returning Nil.
    [621] <engine-1>[GdPAI] ObjectRef(124621163998): object was freed before callback; returning Nil.
    [622] <engine-1>[GdPAI] ObjectRef(124621163998): object was freed before callback; returning Nil.
    [623] <engine-1>[GdPAI] ObjectRef(124621163998): object was freed before callback; returning Nil.
    [624] <engine-1>[GdPAI] ObjectRef(124621163998): object was freed before callback; returning Nil.
    [625] <engine-1>[GdPAI] ObjectRef(124621163998): object was freed before callback; returning Nil.
    [626] <engine-1>[GdPAI] ObjectRef(124621163998): object was freed before callback; returning Nil.
    [627] <engine-1>[GdPAI] ObjectRef(125510356497): object was freed before callback; returning Nil.
    [628] <engine-1>[GdPAI] ObjectRef(125510356497): object was freed before callback; returning Nil.
    [629] <engine-1>[GdPAI] ObjectRef(124621163998): object was freed before callback; returning Nil.
    [630] <engine-1>[GdPAI] ObjectRef(124621163998): object was freed before callback; returning Nil.
    [631] <engine-1>[GdPAI] ObjectRef(125510356497): object was freed before callback; returning Nil.
    [632] <engine-1>[GdPAI] ObjectRef(125510356497): object was freed before callback; returning Nil.
    [633] <engine-1>[GdPAI] ObjectRef(124621163998): object was freed before callback; returning Nil.
    [634] <engine-1>[GdPAI] ObjectRef(125510356497): object was freed before callback; returning Nil.
    [635] <engine-1>[GdPAI] ObjectRef(125510356497): object was freed before callback; returning Nil.
    [636] <engine-1>[GdPAI] ObjectRef(124621163998): object was freed before callback; returning Nil.
    [637] <engine-1>[GdPAI] ObjectRef(125510356497): object was freed before callback; returning Nil.
    [638] <engine-1>[GdPAI] ObjectRef(125510356497): object was freed before callback; returning Nil.
    [639] <engine-1>[GdPAI] ObjectRef(124621163998): object was freed before callback; returning Nil.
    [640] <engine-1>[GdPAI] ObjectRef(124134624705): object was freed before callback; returning Nil.
    [641] <engine-1>[GdPAI] ObjectRef(124134624705): object was freed before callback; returning Nil.
    [642] <engine-1>[GdPAI] ObjectRef(124621163998): object was freed before callback; returning Nil.
    [643] <engine-1>[GdPAI] ObjectRef(124134624705): object was freed before callback; returning Nil.
    [644] <engine-1>[GdPAI] ObjectRef(124134624705): object was freed before callback; returning Nil.
    [645] <engine-1>[GdPAI] ObjectRef(124621163998): object was freed before callback; returning Nil.
    [646] <engine-1>[GdPAI] ObjectRef(124134624705): object was freed before callback; returning Nil.
    [647] <engine-1>[GdPAI] ObjectRef(124134624705): object was freed before callback; returning Nil.
    [648] <engine-1>[GdPAI] ObjectRef(124621163998): object was freed before callback; returning Nil.
    [649] <engine-1>[GdPAI] ObjectRef(124134624705): object was freed before callback; returning Nil.
    [650] <engine-1>[GdPAI] ObjectRef(124134624705): object was freed before callback; returning Nil.
    [651] <engine-1>[GdPAI] ObjectRef(124621163998): object was freed before callback; returning Nil.
    [652] <engine-1>[GdPAI] ObjectRef(124621163998): object was freed before callback; returning Nil.
    [653] <engine-1>[GdPAI] ObjectRef(124621163998): object was freed before callback; returning Nil.
    [654] <engine-1>[GdPAI] ObjectRef(124621163998): object was freed before callback; returning Nil.
    [655] <engine-1>[GdPAI] ObjectRef(124621163998): object was freed before callback; returning Nil.
    [656] <engine-1>[GdPAI] ObjectRef(124621163998): object was freed before callback; returning Nil.
    [657] <engine-1>[GdPAI] ObjectRef(124621163998): object was freed before callback; returning Nil.
    [658] <engine-1>[GdPAI] ObjectRef(124621163998): object was freed before callback; returning Nil.
    [659] <engine-1>[GdPAI] ObjectRef(124621163998): object was freed before callback; returning Nil.
    [660] <engine-1>[GdPAI] ObjectRef(124134624705): object was freed before callback; returning Nil.
    [661] <engine-1>[GdPAI] ObjectRef(124134624705): object was freed before callback; returning Nil.
    [662] <engine-1>[GdPAI] ObjectRef(124621163998): object was freed before callback; returning Nil.
    [663] <engine-1>[GdPAI] ObjectRef(124134624705): object was freed before callback; returning Nil.
    [664] <engine-1>[GdPAI] ObjectRef(124134624705): object was freed before callback; returning Nil.
    [665] <engine-1>[GdPAI] ObjectRef(124621163998): object was freed before callback; returning Nil.
    [666] <engine-1>[GdPAI] ObjectRef(124134624705): object was freed before callback; returning Nil.
    [667] <engine-1>[GdPAI] ObjectRef(124134624705): object was freed before callback; returning Nil.
    [668] <engine-1>[GdPAI] ObjectRef(124621163998): object was freed before callback; returning Nil.
    [669] <engine-1>[GdPAI] ObjectRef(124134624705): object was freed before callback; returning Nil.
    [670] <engine-1>[GdPAI] ObjectRef(124134624705): object was freed before callback; returning Nil.
    [671] <engine-1>[GdPAI] ObjectRef(124621163998): object was freed before callback; returning Nil.
    [672] <engine-1>[GdPAI] ObjectRef(124621163998): object was freed before callback; returning Nil.
    [673] <engine-1>[GdPAI] ObjectRef(124621163998): object was freed before callback; returning Nil.
    [674] <engine-1>[GdPAI] ObjectRef(124621163998): object was freed before callback; returning Nil.
    [675] <engine-1>[GdPAI] ObjectRef(125510356497): object was freed before callback; returning Nil.
    [676] <engine-1>[GdPAI] ObjectRef(125510356497): object was freed before callback; returning Nil.
    [677] <engine-1>[GdPAI] ObjectRef(124621163998): object was freed before callback; returning Nil.
    [678] <engine-1>[GdPAI] ObjectRef(124621163998): object was freed before callback; returning Nil.
    [679] <engine-1>[GdPAI] ObjectRef(125510356497): object was freed before callback; returning Nil.
    [680] <engine-1>[GdPAI] ObjectRef(125510356497): object was freed before callback; returning Nil.
    [681] <engine-1>[GdPAI] ObjectRef(124621163998): object was freed before callback; returning Nil.
    [682] <engine-1>[GdPAI] ObjectRef(125510356497): object was freed before callback; returning Nil.
    [683] <engine-1>[GdPAI] ObjectRef(125510356497): object was freed before callback; returning Nil.
    [684] <engine-1>[GdPAI] ObjectRef(124621163998): object was freed before callback; returning Nil.
    [685] <engine-1>[GdPAI] ObjectRef(125510356497): object was freed before callback; returning Nil.
    [686] <engine-1>[GdPAI] ObjectRef(125510356497): object was freed before callback; returning Nil.
    [687] <engine-1>[GdPAI] ObjectRef(124621163998): object was freed before callback; returning Nil.
    [688] <engine-1>[GdPAI] ObjectRef(124134624705): object was freed before callback; returning Nil.
    [689] <engine-1>[GdPAI] ObjectRef(124134624705): object was freed before callback; returning Nil.
    [690] <engine-1>[GdPAI] ObjectRef(124621163998): object was freed before callback; returning Nil.
    [691] <engine-1>[GdPAI] ObjectRef(124134624705): object was freed before callback; returning Nil.
    [692] <engine-1>[GdPAI] ObjectRef(124134624705): object was freed before callback; returning Nil.
    [693] <engine-1>[GdPAI] ObjectRef(124621163998): object was freed before callback; returning Nil.
    [694] <engine-1>[GdPAI] ObjectRef(124134624705): object was freed before callback; returning Nil.
    [695] <engine-1>[GdPAI] ObjectRef(124134624705): object was freed before callback; returning Nil.
    [696] <engine-1>[GdPAI] ObjectRef(124621163998): object was freed before callback; returning Nil.
    [697] <engine-1>[GdPAI] ObjectRef(124134624705): object was freed before callback; returning Nil.
    [698] <engine-1>[GdPAI] ObjectRef(124134624705): object was freed before callback; returning Nil.
    [699] <engine-1>[GdPAI] ObjectRef(124621163998): object was freed before callback; returning Nil.
    [700] <engine-1>[GdPAI] ObjectRef(124621163998): object was freed before callback; returning Nil.
    [701] <engine-1>[GdPAI] ObjectRef(124621163998): object was freed before callback; returning Nil.
    [702] <engine-1>[GdPAI] ObjectRef(124621163998): object was freed before callback; returning Nil.
    [703] <engine-1>[GdPAI] ObjectRef(124621163998): object was freed before callback; returning Nil.
    [704] <engine-1>[GdPAI] ObjectRef(124621163998): object was freed before callback; returning Nil.
    [705] <engine-1>[GdPAI] ObjectRef(124621163998): object was freed before callback; returning Nil.
    [706] <engine-1>[GdPAI] ObjectRef(124621163998): object was freed before callback; returning Nil.
    [707] <engine-1>[GdPAI] ObjectRef(124621163998): object was freed before callback; returning Nil.
    [708] <engine-1>[GdPAI] ObjectRef(124134624705): object was freed before callback; returning Nil.
    [709] <engine-1>[GdPAI] ObjectRef(124134624705): object was freed before callback; returning Nil.
    [710] <engine-1>[GdPAI] ObjectRef(124621163998): object was freed before callback; returning Nil.
    [711] <engine-1>[GdPAI] ObjectRef(124134624705): object was freed before callback; returning Nil.
    [712] <engine-1>[GdPAI] ObjectRef(124134624705): object was freed before callback; returning Nil.
    [713] <engine-1>[GdPAI] ObjectRef(124621163998): object was freed before callback; returning Nil.
    [714] <engine-1>[GdPAI] ObjectRef(124134624705): object was freed before callback; returning Nil.
    [715] <engine-1>[GdPAI] ObjectRef(124134624705): object was freed before callback; returning Nil.
    [716] <engine-1>[GdPAI] ObjectRef(124621163998): object was freed before callback; returning Nil.
    [717] <engine-1>[GdPAI] ObjectRef(124134624705): object was freed before callback; returning Nil.
    [718] <engine-1>[GdPAI] ObjectRef(124134624705): object was freed before callback; returning Nil.
    [719] <engine-1>[GdPAI] ObjectRef(124621163998): object was freed before callback; returning Nil.
    [720] <engine-1>[GdPAI] ObjectRef(124621163998): object was freed before callback; returning Nil.
    [721] <engine-1>[GdPAI] ObjectRef(124621163998): object was freed before callback; returning Nil.
    [722] <engine-1>[GdPAI] ObjectRef(124621163998): object was freed before callback; returning Nil.
    [723] <engine-1>[GdPAI] ObjectRef(124621163998): object was freed before callback; returning Nil.
    [724] <engine-1>[GdPAI] ObjectRef(124621163998): object was freed before callback; returning Nil.
    [725] <engine-1>[GdPAI] ObjectRef(124621163998): object was freed before callback; returning Nil.
    [726] <engine-1>[GdPAI] ObjectRef(124621163998): object was freed before callback; returning Nil.
    [727] <engine-1>[GdPAI] ObjectRef(124621163998): object was freed before callback; returning Nil.
    [728] <engine-1>[GdPAI] ObjectRef(124134624705): object was freed before callback; returning Nil.
    [729] <engine-1>[GdPAI] ObjectRef(124134624705): object was freed before callback; returning Nil.
    [730] <engine-1>[GdPAI] ObjectRef(124621163998): object was freed before callback; returning Nil.
    [731] <engine-1>[GdPAI] ObjectRef(124134624705): object was freed before callback; returning Nil.
    [732] <engine-1>[GdPAI] ObjectRef(124134624705): object was freed before callback; returning Nil.
    [733] <engine-1>[GdPAI] ObjectRef(124621163998): object was freed before callback; returning Nil.
    [734] <engine-1>[GdPAI] ObjectRef(124134624705): object was freed before callback; returning Nil.
    [735] <engine-1>[GdPAI] ObjectRef(124134624705): object was freed before callback; returning Nil.
    [736] <engine-1>[GdPAI] ObjectRef(124621163998): object was freed before callback; returning Nil.
    [737] <engine-1>[GdPAI] ObjectRef(124134624705): object was freed before callback; returning Nil.
    [738] <engine-1>[GdPAI] ObjectRef(124134624705): object was freed before callback; returning Nil.
    [739] <engine-1>[GdPAI] ObjectRef(124621163998): object was freed before callback; returning Nil.
    [740] <engine-1>[GdPAI] ObjectRef(124621163998): object was freed before callback; returning Nil.
    [741] <engine-1>[GdPAI] ObjectRef(124621163998): object was freed before callback; returning Nil.
    [742] <engine-1>[GdPAI] ObjectRef(124621163998): object was freed before callback; returning Nil.
    [743] <engine-1>[GdPAI] ObjectRef(124621163998): object was freed before callback; returning Nil.
    [744] <engine-1>[GdPAI] ObjectRef(124621163998): object was freed before callback; returning Nil.
    [745] <engine-1>[GdPAI] ObjectRef(124621163998): object was freed before callback; returning Nil.
    [746] <engine-1>[GdPAI] ObjectRef(124621163998): object was freed before callback; returning Nil.
    [747] <engine-1>[GdPAI] ObjectRef(124621163998): object was freed before callback; returning Nil.
    [748] <engine-1>[GdPAI] ObjectRef(124134624705): object was freed before callback; returning Nil.
    [749] <engine-1>[GdPAI] ObjectRef(124134624705): object was freed before callback; returning Nil.
    [750] <engine-1>[GdPAI] ObjectRef(124621163998): object was freed before callback; returning Nil.
    [751] <engine-1>[GdPAI] ObjectRef(124134624705): object was freed before callback; returning Nil.
    [752] <engine-1>[GdPAI] ObjectRef(124134624705): object was freed before callback; returning Nil.
    [753] <engine-1>[GdPAI] ObjectRef(124621163998): object was freed before callback; returning Nil.
    [754] <engine-1>[GdPAI] ObjectRef(124134624705): object was freed before callback; returning Nil.
    [755] <engine-1>[GdPAI] ObjectRef(124134624705): object was freed before callback; returning Nil.
    [756] <engine-1>[GdPAI] ObjectRef(124621163998): object was freed before callback; returning Nil.
    [757] <engine-1>[GdPAI] ObjectRef(124134624705): object was freed before callback; returning Nil.
    [758] <engine-1>[GdPAI] ObjectRef(124134624705): object was freed before callback; returning Nil.
    [759] <engine-1>[GdPAI] ObjectRef(124621163998): object was freed before callback; returning Nil.
    [760] <engine-1>[GdPAI] ObjectRef(124621163998): object was freed before callback; returning Nil.
    [761] <engine-1>[GdPAI] ObjectRef(124621163998): object was freed before callback; returning Nil.
    [762] <engine-1>[GdPAI] ObjectRef(124621163998): object was freed before callback; returning Nil.
    [763] <engine-1>[GdPAI] ObjectRef(124621163998): object was freed before callback; returning Nil.
    [764] <engine-1>[GdPAI] ObjectRef(124621163998): object was freed before callback; returning Nil.
    [765] <engine-1>[GdPAI] ObjectRef(124621163998): object was freed before callback; returning Nil.
    [766] <engine-1>[GdPAI] ObjectRef(124621163998): object was freed before callback; returning Nil.
    [767] <engine-1>[GdPAI] ObjectRef(124621163998): object was freed before callback; returning Nil.
    [768] <engine-1>[GdPAI] ObjectRef(124134624705): object was freed before callback; returning Nil.
    [769] <engine-1>[GdPAI] ObjectRef(124134624705): object was freed before callback; returning Nil.
    [770] <engine-1>[GdPAI] ObjectRef(124621163998): object was freed before callback; returning Nil.
    [771] <engine-1>[GdPAI] ObjectRef(124134624705): object was freed before callback; returning Nil.
    [772] <engine-1>[GdPAI] ObjectRef(124134624705): object was freed before callback; returning Nil.
    [773] <engine-1>[GdPAI] ObjectRef(124621163998): object was freed before callback; returning Nil.
    [774] <engine-1>[GdPAI] ObjectRef(124134624705): object was freed before callback; returning Nil.
    [775] <engine-1>[GdPAI] ObjectRef(124134624705): object was freed before callback; returning Nil.
    [776] <engine-1>[GdPAI] ObjectRef(124621163998): object was freed before callback; returning Nil.
    [777] <engine-1>[GdPAI] ObjectRef(124134624705): object was freed before callback; returning Nil.
    [778] <engine-1>[GdPAI] ObjectRef(124134624705): object was freed before callback; returning Nil.
    [779] <engine-1>[GdPAI] ObjectRef(124621163998): object was freed before callback; returning Nil.
    [780] <engine-1>[GdPAI] ObjectRef(124621163998): object was freed before callback; returning Nil.
    [781] <engine-1>[GdPAI] ObjectRef(124621163998): object was freed before callback; returning Nil.
    [782] <engine-1>[GdPAI] ObjectRef(124621163998): object was freed before callback; returning Nil.
    [783] <engine-1>[GdPAI] ObjectRef(124621163998): object was freed before callback; returning Nil.
    [784] <engine-1>[GdPAI] ObjectRef(124621163998): object was freed before callback; returning Nil.
    [785] <engine-1>[GdPAI] ObjectRef(124621163998): object was freed before callback; returning Nil.
    [786] <engine-1>[GdPAI] ObjectRef(124621163998): object was freed before callback; returning Nil.
    [787] <engine-1>[GdPAI] ObjectRef(124621163998): object was freed before callback; returning Nil.
    [788] <engine-1>[GdPAI] ObjectRef(124134624705): object was freed before callback; returning Nil.
    [789] <engine-1>[GdPAI] ObjectRef(124134624705): object was freed before callback; returning Nil.
    [790] <engine-1>[GdPAI] ObjectRef(124621163998): object was freed before callback; returning Nil.
    [791] <engine-1>[GdPAI] ObjectRef(124134624705): object was freed before callback; returning Nil.
    [792] <engine-1>[GdPAI] ObjectRef(124134624705): object was freed before callback; returning Nil.
    [793] <engine-1>[GdPAI] ObjectRef(124621163998): object was freed before callback; returning Nil.
    [794] <engine-1>[GdPAI] ObjectRef(124134624705): object was freed before callback; returning Nil.
    [795] <engine-1>[GdPAI] ObjectRef(124134624705): object was freed before callback; returning Nil.
    [796] <engine-1>[GdPAI] ObjectRef(124621163998): object was freed before callback; returning Nil.
    [797] <engine-1>[GdPAI] ObjectRef(124134624705): object was freed before callback; returning Nil.
    [798] <engine-1>[GdPAI] ObjectRef(124134624705): object was freed before callback; returning Nil.
    [799] <engine-1>[GdPAI] ObjectRef(124621163998): object was freed before callback; returning Nil.
    [800] <engine-1>[GdPAI] ObjectRef(124621163998): object was freed before callback; returning Nil.
    [801] <engine-1>[GdPAI] ObjectRef(124621163998): object was freed before callback; returning Nil.
    [802] <engine-1>[GdPAI] ObjectRef(124621163998): object was freed before callback; returning Nil.
    [803] <engine-1>[GdPAI] ObjectRef(124621163998): object was freed before callback; returning Nil.
    [804] <engine-1>[GdPAI] ObjectRef(124621163998): object was freed before callback; returning Nil.
    [805] <engine-1>[GdPAI] ObjectRef(124621163998): object was freed before callback; returning Nil.
    [806] <engine-1>[GdPAI] ObjectRef(124621163998): object was freed before callback; returning Nil.
    [807] <engine-1>[GdPAI] ObjectRef(124621163998): object was freed before callback; returning Nil.
    [808] <engine-1>[GdPAI] ObjectRef(124621163998): object was freed before callback; returning Nil.
    [809] <engine-1>[GdPAI] ObjectRef(124621163998): object was freed before callback; returning Nil.
    [810] <engine-1>[GdPAI] ObjectRef(124621163998): object was freed before callback; returning Nil.
    [811] <engine-1>[GdPAI] ObjectRef(124621163998): object was freed before callback; returning Nil.
    [812] <engine-1>[GdPAI] ObjectRef(124621163998): object was freed before callback; returning Nil.
    [813] <engine-1>[GdPAI] ObjectRef(124621163998): object was freed before callback; returning Nil.
    [814] <engine-1>[GdPAI] ObjectRef(124621163998): object was freed before callback; returning Nil.
    [815] <engine-1>[GdPAI] ObjectRef(124621163998): object was freed before callback; returning Nil.
    [816] <engine-1>[GdPAI] ObjectRef(124621163998): object was freed before callback; returning Nil.
    [817] <engine-1>[GdPAI] ObjectRef(124621163998): object was freed before callback; returning Nil.
    [818] <engine-1>[GdPAI] ObjectRef(124621163998): object was freed before callback; returning Nil.
    [819] <engine-1>[GdPAI] ObjectRef(124621163998): object was freed before callback; returning Nil.
    [820] <engine-1>[GdPAI] ObjectRef(124621163998): object was freed before callback; returning Nil.
    [821] <engine-1>[GdPAI] ObjectRef(124621163998): object was freed before callback; returning Nil.
    [822] <engine-1>[GdPAI] ObjectRef(124621163998): object was freed before callback; returning Nil.
    [823] <engine-1>[GdPAI] ObjectRef(124621163998): object was freed before callback; returning Nil.
    [824] <engine-1>[GdPAI] ObjectRef(124621163998): object was freed before callback; returning Nil.
    [825] <engine-1>[GdPAI] ObjectRef(124621163998): object was freed before callback; returning Nil.
    [826] <engine-1>[GdPAI] ObjectRef(124621163998): object was freed before callback; returning Nil.
    [827] <engine-1>[GdPAI] ObjectRef(124621163998): object was freed before callback; returning Nil.
    [828] <engine-1>[GdPAI] ObjectRef(124621163998): object was freed before callback; returning Nil.
    [829] <engine-1>[GdPAI] ObjectRef(124621163998): object was freed before callback; returning Nil.
    [830] <engine-1>[GdPAI] ObjectRef(124621163998): object was freed before callback; returning Nil.
    [831] <engine-1>[GdPAI] ObjectRef(124621163998): object was freed before callback; returning Nil.
    [832] <engine-1>[GdPAI] ObjectRef(124621163998): object was freed before callback; returning Nil.
    [833] <engine-1>[GdPAI] ObjectRef(124621163998): object was freed before callback; returning Nil.
    [834] <engine-1>[GdPAI] ObjectRef(124621163998): object was freed before callback; returning Nil.
    [835] <engine-1>[GdPAI] ObjectRef(124621163998): object was freed before callback; returning Nil.
    [836] <engine-1>[GdPAI] ObjectRef(124621163998): object was freed before callback; returning Nil.
    [837] <engine-1>[GdPAI] ObjectRef(124621163998): object was freed before callback; returning Nil.
    [838] <engine-1>[GdPAI] ObjectRef(124621163998): object was freed before callback; returning Nil.
    [839] <engine-1>[GdPAI] ObjectRef(124621163998): object was freed before callback; returning Nil.
    [840] <engine-1>[GdPAI] ObjectRef(124621163998): object was freed before callback; returning Nil.
    [841] <engine-1>[GdPAI] ObjectRef(124621163998): object was freed before callback; returning Nil.
    [842] <engine-1>[GdPAI] ObjectRef(124621163998): object was freed before callback; returning Nil.
    [843] <engine-1>[GdPAI] ObjectRef(124621163998): object was freed before callback; returning Nil.
    [844] <engine-1>[GdPAI] ObjectRef(124621163998): object was freed before callback; returning Nil.
    [845] <engine-1>[GdPAI] ObjectRef(124621163998): object was freed before callback; returning Nil.
    [846] <engine-1>[GdPAI] ObjectRef(124621163998): object was freed before callback; returning Nil.
    [847] <engine-1>[GdPAI] ObjectRef(124621163998): object was freed before callback; returning Nil.
    [848] <engine-1>[GdPAI] ObjectRef(124621163998): object was freed before callback; returning Nil.
    [849] <engine-1>[GdPAI] ObjectRef(124621163998): object was freed before callback; returning Nil.
    [850] <engine-1>[GdPAI] ObjectRef(124621163998): object was freed before callback; returning Nil.
    [851] <engine-1>[GdPAI] ObjectRef(124621163998): object was freed before callback; returning Nil.
    [852] <engine-1>[GdPAI] ObjectRef(124621163998): object was freed before callback; returning Nil.
    [853] <engine-1>[GdPAI] ObjectRef(124621163998): object was freed before callback; returning Nil.
    [854] <engine-1>[GdPAI] ObjectRef(124621163998): object was freed before callback; returning Nil.
    [855] <engine-1>[GdPAI] ObjectRef(125208366591): object was freed before callback; returning Nil.
    [856] <engine-1>[GdPAI] ObjectRef(125208366591): object was freed before callback; returning Nil.
    [857] <engine-1>[GdPAI] ObjectRef(124621163998): object was freed before callback; returning Nil.
    [858] <engine-1>[GdPAI] ObjectRef(124621163998): object was freed before callback; returning Nil.
    [859] <engine-1>[GdPAI] ObjectRef(125208366591): object was freed before callback; returning Nil.
    [860] <engine-1>[GdPAI] ObjectRef(125208366591): object was freed before callback; returning Nil.
    [861] <engine-1>[GdPAI] ObjectRef(124621163998): object was freed before callback; returning Nil.
    [862] <engine-1>[GdPAI] ObjectRef(125208366591): object was freed before callback; returning Nil.
    [863] <engine-1>[GdPAI] ObjectRef(125208366591): object was freed before callback; returning Nil.
    [864] <engine-1>[GdPAI] ObjectRef(124621163998): object was freed before callback; returning Nil.
    [865] <engine-1>[GdPAI] ObjectRef(125208366591): object was freed before callback; returning Nil.
    [866] <engine-1>[GdPAI] ObjectRef(125208366591): object was freed before callback; returning Nil.
    [867] <engine-1>[GdPAI] ObjectRef(124621163998): object was freed before callback; returning Nil.
    [868] <engine-1>[GdPAI] ObjectRef(124134624705): object was freed before callback; returning Nil.
    [869] <engine-1>[GdPAI] ObjectRef(124134624705): object was freed before callback; returning Nil.
    [870] <engine-1>[GdPAI] ObjectRef(124621163998): object was freed before callback; returning Nil.
    [871] <engine-1>[GdPAI] ObjectRef(124134624705): object was freed before callback; returning Nil.
    [872] <engine-1>[GdPAI] ObjectRef(124134624705): object was freed before callback; returning Nil.
    [873] <engine-1>[GdPAI] ObjectRef(124621163998): object was freed before callback; returning Nil.
    [874] <engine-1>[GdPAI] ObjectRef(124134624705): object was freed before callback; returning Nil.
    [875] <engine-1>[GdPAI] ObjectRef(124134624705): object was freed before callback; returning Nil.
    [876] <engine-1>[GdPAI] ObjectRef(124621163998): object was freed before callback; returning Nil.
    [877] <engine-1>[GdPAI] ObjectRef(124134624705): object was freed before callback; returning Nil.
    [878] <engine-1>[GdPAI] ObjectRef(124134624705): object was freed before callback; returning Nil.
    [879] <engine-1>[GdPAI] ObjectRef(124621163998): object was freed before callback; returning Nil.
    [880] <engine-1>[GdPAI] ObjectRef(124621163998): object was freed before callback; returning Nil.
    [881] <engine-1>[GdPAI] ObjectRef(124621163998): object was freed before callback; returning Nil.
    [882] <engine-1>[GdPAI] ObjectRef(124621163998): object was freed before callback; returning Nil.
    [883] <engine-1>[GdPAI] ObjectRef(124621163998): object was freed before callback; returning Nil.
    [884] <engine-1>[GdPAI] ObjectRef(124621163998): object was freed before callback; returning Nil.
    [885] <engine-1>[GdPAI] ObjectRef(124621163998): object was freed before callback; returning Nil.
    [886] <engine-1>[GdPAI] ObjectRef(124621163998): object was freed before callback; returning Nil.
    [887] <engine-1>[GdPAI] ObjectRef(124621163998): object was freed before callback; returning Nil.
    [888] <engine-1>[GdPAI] ObjectRef(124134624705): object was freed before callback; returning Nil.
    [889] <engine-1>[GdPAI] ObjectRef(124134624705): object was freed before callback; returning Nil.
    [890] <engine-1>[GdPAI] ObjectRef(124621163998): object was freed before callback; returning Nil.
    [891] <engine-1>[GdPAI] ObjectRef(124134624705): object was freed before callback; returning Nil.
    [892] <engine-1>[GdPAI] ObjectRef(124134624705): object was freed before callback; returning Nil.
    [893] <engine-1>[GdPAI] ObjectRef(124621163998): object was freed before callback; returning Nil.
    [894] <engine-1>[GdPAI] ObjectRef(124134624705): object was freed before callback; returning Nil.
    [895] <engine-1>[GdPAI] ObjectRef(124134624705): object was freed before callback; returning Nil.
    [896] <engine-1>[GdPAI] ObjectRef(124621163998): object was freed before callback; returning Nil.
    [897] <engine-1>[GdPAI] ObjectRef(124134624705): object was freed before callback; returning Nil.
    [898] <engine-1>[GdPAI] ObjectRef(124134624705): object was freed before callback; returning Nil.
    [899] <engine-1>[GdPAI] ObjectRef(124621163998): object was freed before callback; returning Nil.
    [900] <engine-1>[GdPAI] ObjectRef(124621163998): object was freed before callback; returning Nil.
    [901] <engine-1>[GdPAI] ObjectRef(124621163998): object was freed before callback; returning Nil.
    [902] <engine-1>[GdPAI] ObjectRef(124621163998): object was freed before callback; returning Nil.
    [903] <engine-1>[GdPAI] ObjectRef(125208366591): object was freed before callback; returning Nil.
    [904] <engine-1>[GdPAI] ObjectRef(125208366591): object was freed before callback; returning Nil.
    [905] <engine-1>[GdPAI] ObjectRef(124621163998): object was freed before callback; returning Nil.
    [906] <engine-1>[GdPAI] ObjectRef(124621163998): object was freed before callback; returning Nil.
    [907] <engine-1>[GdPAI] ObjectRef(125208366591): object was freed before callback; returning Nil.
    [908] <engine-1>[GdPAI] ObjectRef(125208366591): object was freed before callback; returning Nil.
    [909] <engine-1>[GdPAI] ObjectRef(124621163998): object was freed before callback; returning Nil.
    [910] <engine-1>[GdPAI] ObjectRef(125208366591): object was freed before callback; returning Nil.
    [911] <engine-1>[GdPAI] ObjectRef(125208366591): object was freed before callback; returning Nil.
    [912] <engine-1>[GdPAI] ObjectRef(124621163998): object was freed before callback; returning Nil.
    [913] <engine-1>[GdPAI] ObjectRef(125208366591): object was freed before callback; returning Nil.
    [914] <engine-1>[GdPAI] ObjectRef(125208366591): object was freed before callback; returning Nil.
    [915] <engine-1>[GdPAI] ObjectRef(124621163998): object was freed before callback; returning Nil.
    [916] <engine-1>[GdPAI] ObjectRef(124134624705): object was freed before callback; returning Nil.
    [917] <engine-1>[GdPAI] ObjectRef(124134624705): object was freed before callback; returning Nil.
    [918] <engine-1>[GdPAI] ObjectRef(124621163998): object was freed before callback; returning Nil.
    [919] <engine-1>[GdPAI] ObjectRef(124134624705): object was freed before callback; returning Nil.
    [920] <engine-1>[GdPAI] ObjectRef(124134624705): object was freed before callback; returning Nil.
    [921] <engine-1>[GdPAI] ObjectRef(124621163998): object was freed before callback; returning Nil.
    [922] <engine-1>[GdPAI] ObjectRef(124134624705): object was freed before callback; returning Nil.
    [923] <engine-1>[GdPAI] ObjectRef(124134624705): object was freed before callback; returning Nil.
    [924] <engine-1>[GdPAI] ObjectRef(124621163998): object was freed before callback; returning Nil.
    [925] <engine-1>[GdPAI] ObjectRef(124134624705): object was freed before callback; returning Nil.
    [926] <engine-1>[GdPAI] ObjectRef(124134624705): object was freed before callback; returning Nil.
    [927] <engine-1>[GdPAI] ObjectRef(124621163998): object was freed before callback; returning Nil.
    [928] <engine-1>[GdPAI] ObjectRef(124621163998): object was freed before callback; returning Nil.
    [929] <engine-1>[GdPAI] ObjectRef(124621163998): object was freed before callback; returning Nil.
    [930] <engine-1>[GdPAI] ObjectRef(124621163998): object was freed before callback; returning Nil.
    [931] <engine-1>[GdPAI] ObjectRef(124621163998): object was freed before callback; returning Nil.
    [932] <engine-1>[GdPAI] ObjectRef(124621163998): object was freed before callback; returning Nil.
    [933] <engine-1>[GdPAI] ObjectRef(124621163998): object was freed before callback; returning Nil.
    [934] <engine-1>[GdPAI] ObjectRef(124621163998): object was freed before callback; returning Nil.
    [935] <engine-1>[GdPAI] ObjectRef(124621163998): object was freed before callback; returning Nil.
    [936] <engine-1>[GdPAI] ObjectRef(124134624705): object was freed before callback; returning Nil.
    [937] <engine-1>[GdPAI] ObjectRef(124134624705): object was freed before callback; returning Nil.
    [938] <engine-1>[GdPAI] ObjectRef(124621163998): object was freed before callback; returning Nil.
    [939] <engine-1>[GdPAI] ObjectRef(124134624705): object was freed before callback; returning Nil.
    [940] <engine-1>[GdPAI] ObjectRef(124134624705): object was freed before callback; returning Nil.
    [941] <engine-1>[GdPAI] ObjectRef(124621163998): object was freed before callback; returning Nil.
    [942] <engine-1>[GdPAI] ObjectRef(124134624705): object was freed before callback; returning Nil.
    [943] <engine-1>[GdPAI] ObjectRef(124134624705): object was freed before callback; returning Nil.
    [944] <engine-1>[GdPAI] ObjectRef(124621163998): object was freed before callback; returning Nil.
    [945] <engine-1>[GdPAI] ObjectRef(124134624705): object was freed before callback; returning Nil.
    [946] <engine-1>[GdPAI] ObjectRef(124134624705): object was freed before callback; returning Nil.
    [947] <engine-1>[GdPAI] ObjectRef(124621163998): object was freed before callback; returning Nil.
    [948] <engine-1>[GdPAI] ObjectRef(124621163998): object was freed before callback; returning Nil.
    [949] <engine-1>[GdPAI] ObjectRef(124621163998): object was freed before callback; returning Nil.
    [950] <engine-1>[GdPAI] ObjectRef(124621163998): object was freed before callback; returning Nil.
    [951] <engine-1>[GdPAI] ObjectRef(124621163998): object was freed before callback; returning Nil.
    [952] <engine-1>[GdPAI] ObjectRef(124621163998): object was freed before callback; returning Nil.
    [953] <engine-1>[GdPAI] ObjectRef(124621163998): object was freed before callback; returning Nil.
    [954] <engine-1>[GdPAI] ObjectRef(124621163998): object was freed before callback; returning Nil.
    [955] <engine-1>[GdPAI] ObjectRef(124621163998): object was freed before callback; returning Nil.
    [956] <engine-1>[GdPAI] ObjectRef(124134624705): object was freed before callback; returning Nil.
    [957] <engine-1>[GdPAI] ObjectRef(124134624705): object was freed before callback; returning Nil.
    [958] <engine-1>[GdPAI] ObjectRef(124621163998): object was freed before callback; returning Nil.
    [959] <engine-1>[GdPAI] ObjectRef(124134624705): object was freed before callback; returning Nil.
    [960] <engine-1>[GdPAI] ObjectRef(124134624705): object was freed before callback; returning Nil.
    [961] <engine-1>[GdPAI] ObjectRef(124621163998): object was freed before callback; returning Nil.
    [962] <engine-1>[GdPAI] ObjectRef(124134624705): object was freed before callback; returning Nil.
    [963] <engine-1>[GdPAI] ObjectRef(124134624705): object was freed before callback; returning Nil.
    [964] <engine-1>[GdPAI] ObjectRef(124621163998): object was freed before callback; returning Nil.
    [965] <engine-1>[GdPAI] ObjectRef(124134624705): object was freed before callback; returning Nil.
    [966] <engine-1>[GdPAI] ObjectRef(124134624705): object was freed before callback; returning Nil.
    [967] <engine-1>[GdPAI] ObjectRef(124621163998): object was freed before callback; returning Nil.
    [968] <engine-1>[GdPAI] ObjectRef(124621163998): object was freed before callback; returning Nil.
    [969] <engine-1>[GdPAI] ObjectRef(124621163998): object was freed before callback; returning Nil.
    [970] <engine-1>[GdPAI] ObjectRef(124621163998): object was freed before callback; returning Nil.
    [971] <engine-1>[GdPAI] ObjectRef(124621163998): object was freed before callback; returning Nil.
    [972] <engine-1>[GdPAI] ObjectRef(124621163998): object was freed before callback; returning Nil.
    [973] <engine-1>[GdPAI] ObjectRef(124621163998): object was freed before callback; returning Nil.
    [974] <engine-1>[GdPAI] ObjectRef(124621163998): object was freed before callback; returning Nil.
    [975] <engine-1>[GdPAI] ObjectRef(124621163998): object was freed before callback; returning Nil.
    [976] <engine-1>[GdPAI] ObjectRef(124134624705): object was freed before callback; returning Nil.
    [977] <engine-1>[GdPAI] ObjectRef(124134624705): object was freed before callback; returning Nil.
    [978] <engine-1>[GdPAI] ObjectRef(124621163998): object was freed before callback; returning Nil.
    [979] <engine-1>[GdPAI] ObjectRef(124134624705): object was freed before callback; returning Nil.
    [980] <engine-1>[GdPAI] ObjectRef(124134624705): object was freed before callback; returning Nil.
    [981] <engine-1>[GdPAI] ObjectRef(124621163998): object was freed before callback; returning Nil.
    [982] <engine-1>[GdPAI] ObjectRef(124134624705): object was freed before callback; returning Nil.
    [983] <engine-1>[GdPAI] ObjectRef(124134624705): object was freed before callback; returning Nil.
    [984] <engine-1>[GdPAI] ObjectRef(124621163998): object was freed before callback; returning Nil.
    [985] <engine-1>[GdPAI] ObjectRef(124134624705): object was freed before callback; returning Nil.
    [986] <engine-1>[GdPAI] ObjectRef(124134624705): object was freed before callback; returning Nil.
    [987] <engine-1>[GdPAI] ObjectRef(124621163998): object was freed before callback; returning Nil.
    [988] <engine-1>[GdPAI] ObjectRef(124621163998): object was freed before callback; returning Nil.
    [989] <engine-1>[GdPAI] ObjectRef(124621163998): object was freed before callback; returning Nil.
    [990] <engine-1>[GdPAI] ObjectRef(124621163998): object was freed before callback; returning Nil.
    [991] <engine-1>[GdPAI] ObjectRef(124621163998): object was freed before callback; returning Nil.
    [992] <engine-1>[GdPAI] ObjectRef(124621163998): object was freed before callback; returning Nil.
    [993] <engine-1>[GdPAI] ObjectRef(124621163998): object was freed before callback; returning Nil.
    [994] <engine-1>[GdPAI] ObjectRef(124621163998): object was freed before callback; returning Nil.
    [995] <engine-1>[GdPAI] ObjectRef(124621163998): object was freed before callback; returning Nil.
    [996] <engine-1>[GdPAI] ObjectRef(124134624705): object was freed before callback; returning Nil.
    [997] <engine-1>[GdPAI] ObjectRef(124134624705): object was freed before callback; returning Nil.
    [998] <engine-1>[GdPAI] ObjectRef(124621163998): object was freed before callback; returning Nil.
    [999] <engine-1>[GdPAI] ObjectRef(124134624705): object was freed before callback; returning Nil.
    [1000] <engine-1>[GdPAI] ObjectRef(124134624705): object was freed before callback; returning Nil.
    [1001] <engine-1>[GdPAI] ObjectRef(124621163998): object was freed before callback; returning Nil.
    [1002] <engine-1>[GdPAI] ObjectRef(124134624705): object was freed before callback; returning Nil.
    [1003] <engine-1>[GdPAI] ObjectRef(124134624705): object was freed before callback; returning Nil.
    [1004] <engine-1>[GdPAI] ObjectRef(124621163998): object was freed before callback; returning Nil.
    [1005] <engine-1>[GdPAI] ObjectRef(124134624705): object was freed before callback; returning Nil.
    [1006] <engine-1>[GdPAI] ObjectRef(124134624705): object was freed before callback; returning Nil.
    [1007] <engine-1>[GdPAI] ObjectRef(124621163998): object was freed before callback; returning Nil.
    [1008] <engine-1>[GdPAI] ObjectRef(124621163998): object was freed before callback; returning Nil.
    [1009] <engine-1>[GdPAI] ObjectRef(124621163998): object was freed before callback; returning Nil.
    [1010] <engine-1>[GdPAI] ObjectRef(124621163998): object was freed before callback; returning Nil.
    [1011] <engine-1>[GdPAI] ObjectRef(124621163998): object was freed before callback; returning Nil.
    [1012] <engine-1>[GdPAI] ObjectRef(124621163998): object was freed before callback; returning Nil.
    [1013] <engine-1>[GdPAI] ObjectRef(124621163998): object was freed before callback; returning Nil.
    [1014] <engine-1>[GdPAI] ObjectRef(124621163998): object was freed before callback; returning Nil.
    [1015] <engine-1>[GdPAI] ObjectRef(124621163998): object was freed before callback; returning Nil.
    [1016] <engine-1>[GdPAI] ObjectRef(124134624705): object was freed before callback; returning Nil.
    [1017] <engine-1>[GdPAI] ObjectRef(124134624705): object was freed before callback; returning Nil.
    [1018] <engine-1>[GdPAI] ObjectRef(124621163998): object was freed before callback; returning Nil.
    [1019] <engine-1>[GdPAI] ObjectRef(124134624705): object was freed before callback; returning Nil.
    [1020] <engine-1>[GdPAI] ObjectRef(124134624705): object was freed before callback; returning Nil.
    [1021] <engine-1>[GdPAI] ObjectRef(124621163998): object was freed before callback; returning Nil.
    [1022] <engine-1>[GdPAI] ObjectRef(124134624705): object was freed before callback; returning Nil.
    [1023] <engine-1>[GdPAI] ObjectRef(124134624705): object was freed before callback; returning Nil.
    [1024] <engine-1>[GdPAI] ObjectRef(124621163998): object was freed before callback; returning Nil.
    [1025] <engine-1>[GdPAI] ObjectRef(124134624705): object was freed before callback; returning Nil.
    [1026] <engine-1>[GdPAI] ObjectRef(124134624705): object was freed before callback; returning Nil.
    [1027] <engine-1>[GdPAI] ObjectRef(124621163998): object was freed before callback; returning Nil.
    [1028] <engine-1>[GdPAI] ObjectRef(124621163998): object was freed before callback; returning Nil.
    [1029] <engine-1>[GdPAI] ObjectRef(124621163998): object was freed before callback; returning Nil.
    [1030] <engine-1>[GdPAI] ObjectRef(124621163998): object was freed before callback; returning Nil.
    [1031] <engine-1>[GdPAI] ObjectRef(124621163998): object was freed before callback; returning Nil.
    [1032] <engine-1>[GdPAI] ObjectRef(124621163998): object was freed before callback; returning Nil.
    [1033] <engine-1>[GdPAI] ObjectRef(124621163998): object was freed before callback; returning Nil.
    [1034] <engine-1>[GdPAI] ObjectRef(124621163998): object was freed before callback; returning Nil.
    [1035] <engine-1>[GdPAI] ObjectRef(124621163998): object was freed before callback; returning Nil.
    [1036] <engine-1>[GdPAI] ObjectRef(124621163998): object was freed before callback; returning Nil.
    [1037] <engine-1>[GdPAI] ObjectRef(124621163998): object was freed before callback; returning Nil.
    [1038] <engine-1>[GdPAI] ObjectRef(124621163998): object was freed before callback; returning Nil.
    [1039] <engine-1>[GdPAI] ObjectRef(124621163998): object was freed before callback; returning Nil.
    [1040] <engine-1>[GdPAI] ObjectRef(124621163998): object was freed before callback; returning Nil.
    [1041] <engine-1>[GdPAI] ObjectRef(124621163998): object was freed before callback; returning Nil.
    [1042] <engine-1>[GdPAI] ObjectRef(124621163998): object was freed before callback; returning Nil.
    [1043] <engine-1>[GdPAI] ObjectRef(124621163998): object was freed before callback; returning Nil.
    [1044] <engine-1>[GdPAI] ObjectRef(124621163998): object was freed before callback; returning Nil.
    [1045] <engine-1>[GdPAI] ObjectRef(124621163998): object was freed before callback; returning Nil.
    [1046] <engine-1>[GdPAI] ObjectRef(124621163998): object was freed before callback; returning Nil.
    [1047] <engine-1>[GdPAI] ObjectRef(124621163998): object was freed before callback; returning Nil.
    [1048] <engine-1>[GdPAI] ObjectRef(124621163998): object was freed before callback; returning Nil.
    [1049] <engine-1>[GdPAI] ObjectRef(124621163998): object was freed before callback; returning Nil.
    [1050] <engine-1>[GdPAI] ObjectRef(124621163998): object was freed before callback; returning Nil.
    [1051] <engine-1>[GdPAI] ObjectRef(124621163998): object was freed before callback; returning Nil.
    [1052] <engine-1>[GdPAI] ObjectRef(124621163998): object was freed before callback; returning Nil.
    [1053] <engine-1>[GdPAI] ObjectRef(124621163998): object was freed before callback; returning Nil.
    [1054] <engine-1>[GdPAI] ObjectRef(124621163998): object was freed before callback; returning Nil.
    [1055] <engine-1>[GdPAI] ObjectRef(124621163998): object was freed before callback; returning Nil.
    [1056] <engine-1>[GdPAI] ObjectRef(124621163998): object was freed before callback; returning Nil.
    [1057] <engine-1>[GdPAI] ObjectRef(124621163998): object was freed before callback; returning Nil.
    [1058] <engine-1>[GdPAI] ObjectRef(124621163998): object was freed before callback; returning Nil.
    [1059] <engine-1>[GdPAI] ObjectRef(124621163998): object was freed before callback; returning Nil.
    [1060] <engine-1>[GdPAI] ObjectRef(124621163998): object was freed before callback; returning Nil.
    [1061] <engine-1>[GdPAI] ObjectRef(124621163998): object was freed before callback; returning Nil.
    [1062] <engine-1>[GdPAI] ObjectRef(124621163998): object was freed before callback; returning Nil.
    [1063] <engine-1>[GdPAI] ObjectRef(124621163998): object was freed before callback; returning Nil.
    [1064] <engine-1>[GdPAI] ObjectRef(124621163998): object was freed before callback; returning Nil.
    [1065] <engine-1>[GdPAI] ObjectRef(124621163998): object was freed before callback; returning Nil.
    [1066] <engine-1>[GdPAI] ObjectRef(124621163998): object was freed before callback; returning Nil.
    [1067] <engine-1>[GdPAI] ObjectRef(124621163998): object was freed before callback; returning Nil.
    [1068] <engine-1>[GdPAI] ObjectRef(124621163998): object was freed before callback; returning Nil.
    [1069] <engine-1>[GdPAI] ObjectRef(124621163998): object was freed before callback; returning Nil.
    [1070] <engine-1>[GdPAI] ObjectRef(124621163998): object was freed before callback; returning Nil.
    [1071] <engine-1>[GdPAI] ObjectRef(124621163998): object was freed before callback; returning Nil.
    [1072] <engine-1>[GdPAI] ObjectRef(124621163998): object was freed before callback; returning Nil.
    [1073] <engine-1>[GdPAI] ObjectRef(124621163998): object was freed before callback; returning Nil.
    [1074] <engine-1>[GdPAI] ObjectRef(124621163998): object was freed before callback; returning Nil.
    [1075] <engine-1>[GdPAI] ObjectRef(124621163998): object was freed before callback; returning Nil.
    [1076] <engine-1>[GdPAI] ObjectRef(124621163998): object was freed before callback; returning Nil.
    [1077] <engine-1>[GdPAI] ObjectRef(124621163998): object was freed before callback; returning Nil.
    [1078] <engine-1>[GdPAI] ObjectRef(124621163998): object was freed before callback; returning Nil.
    [1079] <engine-1>[GdPAI] ObjectRef(124621163998): object was freed before callback; returning Nil.
    [1080] <engine-1>[GdPAI] ObjectRef(124621163998): object was freed before callback; returning Nil.
    [1081] <engine-1>[GdPAI] ObjectRef(124621163998): object was freed before callback; returning Nil.
    [1082] <engine-1>[GdPAI] ObjectRef(124621163998): object was freed before callback; returning Nil.
    [1083] <engine-1>[GdPAI] ObjectRef(125359361544): object was freed before callback; returning Nil.
    [1084] <engine-1>[GdPAI] ObjectRef(125359361544): object was freed before callback; returning Nil.
    [1085] <engine-1>[GdPAI] ObjectRef(124621163998): object was freed before callback; returning Nil.
    [1086] <engine-1>[GdPAI] ObjectRef(124621163998): object was freed before callback; returning Nil.
    [1087] <engine-1>[GdPAI] ObjectRef(125359361544): object was freed before callback; returning Nil.
    [1088] <engine-1>[GdPAI] ObjectRef(125359361544): object was freed before callback; returning Nil.
    [1089] <engine-1>[GdPAI] ObjectRef(124621163998): object was freed before callback; returning Nil.
    [1090] <engine-1>[GdPAI] ObjectRef(125359361544): object was freed before callback; returning Nil.
    [1091] <engine-1>[GdPAI] ObjectRef(125359361544): object was freed before callback; returning Nil.
    [1092] <engine-1>[GdPAI] ObjectRef(124621163998): object was freed before callback; returning Nil.
    [1093] <engine-1>[GdPAI] ObjectRef(125359361544): object was freed before callback; returning Nil.
    [1094] <engine-1>[GdPAI] ObjectRef(125359361544): object was freed before callback; returning Nil.
    [1095] <engine-1>[GdPAI] ObjectRef(124621163998): object was freed before callback; returning Nil.
    [1096] <engine-1>[GdPAI] ObjectRef(124134624705): object was freed before callback; returning Nil.
    [1097] <engine-1>[GdPAI] ObjectRef(124134624705): object was freed before callback; returning Nil.
    [1098] <engine-1>[GdPAI] ObjectRef(124621163998): object was freed before callback; returning Nil.
    [1099] <engine-1>[GdPAI] ObjectRef(124134624705): object was freed before callback; returning Nil.
    [1100] <engine-1>[GdPAI] ObjectRef(124134624705): object was freed before callback; returning Nil.
    [1101] <engine-1>[GdPAI] ObjectRef(124621163998): object was freed before callback; returning Nil.
    [1102] <engine-1>[GdPAI] ObjectRef(124134624705): object was freed before callback; returning Nil.
    [1103] <engine-1>[GdPAI] ObjectRef(124134624705): object was freed before callback; returning Nil.
    [1104] <engine-1>[GdPAI] ObjectRef(124621163998): object was freed before callback; returning Nil.
    [1105] <engine-1>[GdPAI] ObjectRef(124134624705): object was freed before callback; returning Nil.
    [1106] <engine-1>[GdPAI] ObjectRef(124134624705): object was freed before callback; returning Nil.
    [1107] <engine-1>[GdPAI] ObjectRef(124621163998): object was freed before callback; returning Nil.
    [1108] <engine-1>[GdPAI] ObjectRef(124621163998): object was freed before callback; returning Nil.
    [1109] <engine-1>[GdPAI] ObjectRef(124621163998): object was freed before callback; returning Nil.
    [1110] <engine-1>[GdPAI] ObjectRef(124621163998): object was freed before callback; returning Nil.
    [1111] <engine-1>[GdPAI] ObjectRef(124621163998): object was freed before callback; returning Nil.
    [1112] <engine-1>[GdPAI] ObjectRef(124621163998): object was freed before callback; returning Nil.
    [1113] <engine-1>[GdPAI] ObjectRef(124621163998): object was freed before callback; returning Nil.
    [1114] <engine-1>[GdPAI] ObjectRef(124621163998): object was freed before callback; returning Nil.
    [1115] <engine-1>[GdPAI] ObjectRef(124621163998): object was freed before callback; returning Nil.
    [1116] <engine-1>[GdPAI] ObjectRef(124134624705): object was freed before callback; returning Nil.
    [1117] <engine-1>[GdPAI] ObjectRef(124134624705): object was freed before callback; returning Nil.
    [1118] <engine-1>[GdPAI] ObjectRef(124621163998): object was freed before callback; returning Nil.
    [1119] <engine-1>[GdPAI] ObjectRef(124134624705): object was freed before callback; returning Nil.
    [1120] <engine-1>[GdPAI] ObjectRef(124134624705): object was freed before callback; returning Nil.
    [1121] <engine-1>[GdPAI] ObjectRef(124621163998): object was freed before callback; returning Nil.
    [1122] <engine-1>[GdPAI] ObjectRef(124134624705): object was freed before callback; returning Nil.
    [1123] <engine-1>[GdPAI] ObjectRef(124134624705): object was freed before callback; returning Nil.
    [1124] <engine-1>[GdPAI] ObjectRef(124621163998): object was freed before callback; returning Nil.
    [1125] <engine-1>[GdPAI] ObjectRef(124134624705): object was freed before callback; returning Nil.
    [1126] <engine-1>[GdPAI] ObjectRef(124134624705): object was freed before callback; returning Nil.
    [1127] <engine-1>[GdPAI] ObjectRef(124621163998): object was freed before callback; returning Nil.
    [1128] <engine-1>[GdPAI] ObjectRef(124621163998): object was freed before callback; returning Nil.
    [1129] <engine-1>[GdPAI] ObjectRef(124621163998): object was freed before callback; returning Nil.
    [1130] <engine-1>[GdPAI] ObjectRef(124621163998): object was freed before callback; returning Nil.
    [1131] <engine-1>[GdPAI] ObjectRef(125359361544): object was freed before callback; returning Nil.
    [1132] <engine-1>[GdPAI] ObjectRef(125359361544): object was freed before callback; returning Nil.
    [1133] <engine-1>[GdPAI] ObjectRef(124621163998): object was freed before callback; returning Nil.
    [1134] <engine-1>[GdPAI] ObjectRef(124621163998): object was freed before callback; returning Nil.
    [1135] <engine-1>[GdPAI] ObjectRef(125359361544): object was freed before callback; returning Nil.
    [1136] <engine-1>[GdPAI] ObjectRef(125359361544): object was freed before callback; returning Nil.
    [1137] <engine-1>[GdPAI] ObjectRef(124621163998): object was freed before callback; returning Nil.
    [1138] <engine-1>[GdPAI] ObjectRef(125359361544): object was freed before callback; returning Nil.
    [1139] <engine-1>[GdPAI] ObjectRef(125359361544): object was freed before callback; returning Nil.
    [1140] <engine-1>[GdPAI] ObjectRef(124621163998): object was freed before callback; returning Nil.
    [1141] <engine-1>[GdPAI] ObjectRef(125359361544): object was freed before callback; returning Nil.
    [1142] <engine-1>[GdPAI] ObjectRef(125359361544): object was freed before callback; returning Nil.
    [1143] <engine-1>[GdPAI] ObjectRef(124621163998): object was freed before callback; returning Nil.
    [1144] <engine-1>[GdPAI] ObjectRef(124134624705): object was freed before callback; returning Nil.
    [1145] <engine-1>[GdPAI] ObjectRef(124134624705): object was freed before callback; returning Nil.
    [1146] <engine-1>[GdPAI] ObjectRef(124621163998): object was freed before callback; returning Nil.
    [1147] <engine-1>[GdPAI] ObjectRef(124134624705): object was freed before callback; returning Nil.
    [1148] <engine-1>[GdPAI] ObjectRef(124134624705): object was freed before callback; returning Nil.
    [1149] <engine-1>[GdPAI] ObjectRef(124621163998): object was freed before callback; returning Nil.
    [1150] <engine-1>[GdPAI] ObjectRef(124134624705): object was freed before callback; returning Nil.
    [1151] <engine-1>[GdPAI] ObjectRef(124134624705): object was freed before callback; returning Nil.
    [1152] <engine-1>[GdPAI] ObjectRef(124621163998): object was freed before callback; returning Nil.
    [1153] <engine-1>[GdPAI] ObjectRef(124134624705): object was freed before callback; returning Nil.
    [1154] <engine-1>[GdPAI] ObjectRef(124134624705): object was freed before callback; returning Nil.
    [1155] <engine-1>[GdPAI] ObjectRef(124621163998): object was freed before callback; returning Nil.
    [1156] <engine-1>[GdPAI] ObjectRef(124621163998): object was freed before callback; returning Nil.
    [1157] <engine-1>[GdPAI] ObjectRef(124621163998): object was freed before callback; returning Nil.
    [1158] <engine-1>[GdPAI] ObjectRef(124621163998): object was freed before callback; returning Nil.
    [1159] <engine-1>[GdPAI] ObjectRef(124621163998): object was freed before callback; returning Nil.
    [1160] <engine-1>[GdPAI] ObjectRef(124621163998): object was freed before callback; returning Nil.
    [1161] <engine-1>[GdPAI] ObjectRef(124621163998): object was freed before callback; returning Nil.
    [1162] <engine-1>[GdPAI] ObjectRef(124621163998): object was freed before callback; returning Nil.
    [1163] <engine-1>[GdPAI] ObjectRef(124621163998): object was freed before callback; returning Nil.
    [1164] <engine-1>[GdPAI] ObjectRef(124134624705): object was freed before callback; returning Nil.
    [1165] <engine-1>[GdPAI] ObjectRef(124134624705): object was freed before callback; returning Nil.
    [1166] <engine-1>[GdPAI] ObjectRef(124621163998): object was freed before callback; returning Nil.
    [1167] <engine-1>[GdPAI] ObjectRef(124134624705): object was freed before callback; returning Nil.
    [1168] <engine-1>[GdPAI] ObjectRef(124134624705): object was freed before callback; returning Nil.
    [1169] <engine-1>[GdPAI] ObjectRef(124621163998): object was freed before callback; returning Nil.
    [1170] <engine-1>[GdPAI] ObjectRef(124134624705): object was freed before callback; returning Nil.
    [1171] <engine-1>[GdPAI] ObjectRef(124134624705): object was freed before callback; returning Nil.
    [1172] <engine-1>[GdPAI] ObjectRef(124621163998): object was freed before callback; returning Nil.
    [1173] <engine-1>[GdPAI] ObjectRef(124134624705): object was freed before callback; returning Nil.
    [1174] <engine-1>[GdPAI] ObjectRef(124134624705): object was freed before callback; returning Nil.
    [1175] <engine-1>[GdPAI] ObjectRef(124621163998): object was freed before callback; returning Nil.
    [1176] <engine-1>[GdPAI] ObjectRef(124621163998): object was freed before callback; returning Nil.
    [1177] <engine-1>[GdPAI] ObjectRef(124621163998): object was freed before callback; returning Nil.
    [1178] <engine-1>[GdPAI] ObjectRef(124621163998): object was freed before callback; returning Nil.
    [1179] <engine-1>[GdPAI] ObjectRef(124621163998): object was freed before callback; returning Nil.
    [1180] <engine-1>[GdPAI] ObjectRef(124621163998): object was freed before callback; returning Nil.
    [1181] <engine-1>[GdPAI] ObjectRef(124621163998): object was freed before callback; returning Nil.
    [1182] <engine-1>[GdPAI] ObjectRef(124621163998): object was freed before callback; returning Nil.
    [1183] <engine-1>[GdPAI] ObjectRef(124621163998): object was freed before callback; returning Nil.
    [1184] <engine-1>[GdPAI] ObjectRef(124134624705): object was freed before callback; returning Nil.
    [1185] <engine-1>[GdPAI] ObjectRef(124134624705): object was freed before callback; returning Nil.
    [1186] <engine-1>[GdPAI] ObjectRef(124621163998): object was freed before callback; returning Nil.
    [1187] <engine-1>[GdPAI] ObjectRef(124134624705): object was freed before callback; returning Nil.
    [1188] <engine-1>[GdPAI] ObjectRef(124134624705): object was freed before callback; returning Nil.
    [1189] <engine-1>[GdPAI] ObjectRef(124621163998): object was freed before callback; returning Nil.
    [1190] <engine-1>[GdPAI] ObjectRef(124134624705): object was freed before callback; returning Nil.
    [1191] <engine-1>[GdPAI] ObjectRef(124134624705): object was freed before callback; returning Nil.
    [1192] <engine-1>[GdPAI] ObjectRef(124621163998): object was freed before callback; returning Nil.
    [1193] <engine-1>[GdPAI] ObjectRef(124134624705): object was freed before callback; returning Nil.
    [1194] <engine-1>[GdPAI] ObjectRef(124134624705): object was freed before callback; returning Nil.
    [1195] <engine-1>[GdPAI] ObjectRef(124621163998): object was freed before callback; returning Nil.
    [1196] <engine-1>[GdPAI] ObjectRef(124621163998): object was freed before callback; returning Nil.
    [1197] <engine-1>[GdPAI] ObjectRef(124621163998): object was freed before callback; returning Nil.
    [1198] <engine-1>[GdPAI] ObjectRef(124621163998): object was freed before callback; returning Nil.
    [1199] <engine-1>[GdPAI] ObjectRef(124621163998): object was freed before callback; returning Nil.
    [1200] <engine-1>[GdPAI] ObjectRef(124621163998): object was freed before callback; returning Nil.
    [1201] <engine-1>[GdPAI] ObjectRef(124621163998): object was freed before callback; returning Nil.
    [1202] <engine-1>[GdPAI] ObjectRef(124621163998): object was freed before callback; returning Nil.
    [1203] <engine-1>[GdPAI] ObjectRef(124621163998): object was freed before callback; returning Nil.
    [1204] <engine-1>[GdPAI] ObjectRef(124134624705): object was freed before callback; returning Nil.
    [1205] <engine-1>[GdPAI] ObjectRef(124134624705): object was freed before callback; returning Nil.
    [1206] <engine-1>[GdPAI] ObjectRef(124621163998): object was freed before callback; returning Nil.
    [1207] <engine-1>[GdPAI] ObjectRef(124134624705): object was freed before callback; returning Nil.
    [1208] <engine-1>[GdPAI] ObjectRef(124134624705): object was freed before callback; returning Nil.
    [1209] <engine-1>[GdPAI] ObjectRef(124621163998): object was freed before callback; returning Nil.
    [1210] <engine-1>[GdPAI] ObjectRef(124134624705): object was freed before callback; returning Nil.
    [1211] <engine-1>[GdPAI] ObjectRef(124134624705): object was freed before callback; returning Nil.
    [1212] <engine-1>[GdPAI] ObjectRef(124621163998): object was freed before callback; returning Nil.
    [1213] <engine-1>[GdPAI] ObjectRef(124134624705): object was freed before callback; returning Nil.
    [1214] <engine-1>[GdPAI] ObjectRef(124134624705): object was freed before callback; returning Nil.
    [1215] <engine-1>[GdPAI] ObjectRef(124621163998): object was freed before callback; returning Nil.
    [1216] <engine-1>[GdPAI] ObjectRef(124621163998): object was freed before callback; returning Nil.
    [1217] <engine-1>[GdPAI] ObjectRef(124621163998): object was freed before callback; returning Nil.
    [1218] <engine-1>[GdPAI] ObjectRef(124621163998): object was freed before callback; returning Nil.
    [1219] <engine-1>[GdPAI] ObjectRef(124621163998): object was freed before callback; returning Nil.
    [1220] <engine-1>[GdPAI] ObjectRef(124621163998): object was freed before callback; returning Nil.
    [1221] <engine-1>[GdPAI] ObjectRef(124621163998): object was freed before callback; returning Nil.
    [1222] <engine-1>[GdPAI] ObjectRef(124621163998): object was freed before callback; returning Nil.
    [1223] <engine-1>[GdPAI] ObjectRef(124621163998): object was freed before callback; returning Nil.
    [1224] <engine-1>[GdPAI] ObjectRef(124134624705): object was freed before callback; returning Nil.
    [1225] <engine-1>[GdPAI] ObjectRef(124134624705): object was freed before callback; returning Nil.
    [1226] <engine-1>[GdPAI] ObjectRef(124621163998): object was freed before callback; returning Nil.
    [1227] <engine-1>[GdPAI] ObjectRef(124134624705): object was freed before callback; returning Nil.
    [1228] <engine-1>[GdPAI] ObjectRef(124134624705): object was freed before callback; returning Nil.
    [1229] <engine-1>[GdPAI] ObjectRef(124621163998): object was freed before callback; returning Nil.
    [1230] <engine-1>[GdPAI] ObjectRef(124134624705): object was freed before callback; returning Nil.
    [1231] <engine-1>[GdPAI] ObjectRef(124134624705): object was freed before callback; returning Nil.
    [1232] <engine-1>[GdPAI] ObjectRef(124621163998): object was freed before callback; returning Nil.
    [1233] <engine-1>[GdPAI] ObjectRef(124134624705): object was freed before callback; returning Nil.
    [1234] <engine-1>[GdPAI] ObjectRef(124134624705): object was freed before callback; returning Nil.
    [1235] <engine-1>[GdPAI] ObjectRef(124621163998): object was freed before callback; returning Nil.
    [1236] <engine-1>[GdPAI] ObjectRef(124621163998): object was freed before callback; returning Nil.
    [1237] <engine-1>[GdPAI] ObjectRef(124621163998): object was freed before callback; returning Nil.
    [1238] <engine-1>[GdPAI] ObjectRef(124621163998): object was freed before callback; returning Nil.
    [1239] <engine-1>[GdPAI] ObjectRef(124621163998): object was freed before callback; returning Nil.
    [1240] <engine-1>[GdPAI] ObjectRef(124621163998): object was freed before callback; returning Nil.
    [1241] <engine-1>[GdPAI] ObjectRef(124621163998): object was freed before callback; returning Nil.
    [1242] <engine-1>[GdPAI] ObjectRef(124621163998): object was freed before callback; returning Nil.
    [1243] <engine-1>[GdPAI] ObjectRef(124621163998): object was freed before callback; returning Nil.
    [1244] <engine-1>[GdPAI] ObjectRef(124134624705): object was freed before callback; returning Nil.
    [1245] <engine-1>[GdPAI] ObjectRef(124134624705): object was freed before callback; returning Nil.
    [1246] <engine-1>[GdPAI] ObjectRef(124621163998): object was freed before callback; returning Nil.
    [1247] <engine-1>[GdPAI] ObjectRef(124134624705): object was freed before callback; returning Nil.
    [1248] <engine-1>[GdPAI] ObjectRef(124134624705): object was freed before callback; returning Nil.
    [1249] <engine-1>[GdPAI] ObjectRef(124621163998): object was freed before callback; returning Nil.
    [1250] <engine-1>[GdPAI] ObjectRef(124134624705): object was freed before callback; returning Nil.
    [1251] <engine-1>[GdPAI] ObjectRef(124134624705): object was freed before callback; returning Nil.
    [1252] <engine-1>[GdPAI] ObjectRef(124621163998): object was freed before callback; returning Nil.
    [1253] <engine-1>[GdPAI] ObjectRef(124134624705): object was freed before callback; returning Nil.
    [1254] <engine-1>[GdPAI] ObjectRef(124134624705): object was freed before callback; returning Nil.
    [1255] <engine-1>[GdPAI] ObjectRef(124621163998): object was freed before callback; returning Nil.
    [1256] <engine-1>[GdPAI] ObjectRef(124621163998): object was freed before callback; returning Nil.
    [1257] <engine-1>[GdPAI] ObjectRef(124621163998): object was freed before callback; returning Nil.
    [1258] <engine-1>[GdPAI] ObjectRef(124621163998): object was freed before callback; returning Nil.
    [1259] <engine-1>[GdPAI] ObjectRef(124621163998): object was freed before callback; returning Nil.
    [1260] <engine-1>[GdPAI] ObjectRef(124621163998): object was freed before callback; returning Nil.
    [1261] <engine-1>[GdPAI] ObjectRef(124621163998): object was freed before callback; returning Nil.
    [1262] <engine-1>[GdPAI] ObjectRef(124621163998): object was freed before callback; returning Nil.
    [1263] <engine-1>[GdPAI] ObjectRef(124621163998): object was freed before callback; returning Nil.
    [1264] <engine-1>[GdPAI] ObjectRef(124621163998): object was freed before callback; returning Nil.
    [1265] <engine-1>[GdPAI] ObjectRef(124621163998): object was freed before callback; returning Nil.
    [1266] <engine-1>[GdPAI] ObjectRef(124621163998): object was freed before callback; returning Nil.
    [1267] <engine-1>[GdPAI] ObjectRef(124621163998): object was freed before callback; returning Nil.
    [1268] <engine-1>[GdPAI] ObjectRef(124621163998): object was freed before callback; returning Nil.
    [1269] <engine-1>[GdPAI] ObjectRef(124621163998): object was freed before callback; returning Nil.
    [1270] <engine-1>[GdPAI] ObjectRef(124621163998): object was freed before callback; returning Nil.
    [1271] <engine-1>[GdPAI] ObjectRef(124621163998): object was freed before callback; returning Nil.
    [1272] <engine-1>[GdPAI] ObjectRef(124621163998): object was freed before callback; returning Nil.
    [1273] <engine-1>[GdPAI] ObjectRef(124621163998): object was freed before callback; returning Nil.
    [1274] <engine-1>[GdPAI] ObjectRef(124621163998): object was freed before callback; returning Nil.
    [1275] <engine-1>[GdPAI] ObjectRef(124621163998): object was freed before callback; returning Nil.
    [1276] <engine-1>[GdPAI] ObjectRef(124621163998): object was freed before callback; returning Nil.
    [1277] <engine-1>[GdPAI] ObjectRef(124621163998): object was freed before callback; returning Nil.
    [1278] <engine-1>[GdPAI] ObjectRef(124621163998): object was freed before callback; returning Nil.
    [1279] <engine-1>[GdPAI] ObjectRef(124621163998): object was freed before callback; returning Nil.
    [1280] <engine-1>[GdPAI] ObjectRef(124621163998): object was freed before callback; returning Nil.
    [1281] <engine-1>[GdPAI] ObjectRef(124621163998): object was freed before callback; returning Nil.
    [1282] <engine-1>[GdPAI] ObjectRef(124621163998): object was freed before callback; returning Nil.
    [1283] <engine-1>[GdPAI] ObjectRef(124621163998): object was freed before callback; returning Nil.
    [1284] <engine-1>[GdPAI] ObjectRef(124621163998): object was freed before callback; returning Nil.
    [1285] <engine-1>[GdPAI] ObjectRef(124621163998): object was freed before callback; returning Nil.
    [1286] <engine-1>[GdPAI] ObjectRef(124621163998): object was freed before callback; returning Nil.
    [1287] <engine-1>[GdPAI] ObjectRef(124621163998): object was freed before callback; returning Nil.
    [1288] <engine-1>[GdPAI] ObjectRef(124621163998): object was freed before callback; returning Nil.
    [1289] <engine-1>[GdPAI] ObjectRef(124621163998): object was freed before callback; returning Nil.
    [1290] <engine-1>[GdPAI] ObjectRef(124621163998): object was freed before callback; returning Nil.
    [1291] <engine-1>[GdPAI] ObjectRef(124621163998): object was freed before callback; returning Nil.
    [1292] <engine-1>[GdPAI] ObjectRef(124621163998): object was freed before callback; returning Nil.
    [1293] <engine-1>[GdPAI] ObjectRef(124621163998): object was freed before callback; returning Nil.
    [1294] <engine-1>[GdPAI] ObjectRef(124621163998): object was freed before callback; returning Nil.
    [1295] <engine-1>[GdPAI] ObjectRef(124621163998): object was freed before callback; returning Nil.
    [1296] <engine-1>[GdPAI] ObjectRef(124621163998): object was freed before callback; returning Nil.
    [1297] <engine-1>[GdPAI] ObjectRef(124621163998): object was freed before callback; returning Nil.
    [1298] <engine-1>[GdPAI] ObjectRef(124621163998): object was freed before callback; returning Nil.
    [1299] <engine-1>[GdPAI] ObjectRef(124621163998): object was freed before callback; returning Nil.
    [1300] <engine-1>[GdPAI] ObjectRef(124621163998): object was freed before callback; returning Nil.
    [1301] <engine-1>[GdPAI] ObjectRef(124621163998): object was freed before callback; returning Nil.
    [1302] <engine-1>[GdPAI] ObjectRef(124621163998): object was freed before callback; returning Nil.
    [1303] <engine-1>[GdPAI] ObjectRef(124621163998): object was freed before callback; returning Nil.
    [1304] <engine-1>[GdPAI] ObjectRef(124621163998): object was freed before callback; returning Nil.
    [1305] <engine-1>[GdPAI] ObjectRef(124621163998): object was freed before callback; returning Nil.
    [1306] <engine-1>[GdPAI] ObjectRef(124621163998): object was freed before callback; returning Nil.
    [1307] <engine-1>[GdPAI] ObjectRef(124621163998): object was freed before callback; returning Nil.
    [1308] <engine-1>[GdPAI] ObjectRef(124621163998): object was freed before callback; returning Nil.
    [1309] <engine-1>[GdPAI] ObjectRef(124621163998): object was freed before callback; returning Nil.
    [1310] <engine-1>[GdPAI] ObjectRef(124621163998): object was freed before callback; returning Nil.
    [1311] <engine-1>[GdPAI] ObjectRef(125057371638): object was freed before callback; returning Nil.
    [1312] <engine-1>[GdPAI] ObjectRef(125057371638): object was freed before callback; returning Nil.
    [1313] <engine-1>[GdPAI] ObjectRef(124621163998): object was freed before callback; returning Nil.
    [1314] <engine-1>[GdPAI] ObjectRef(124621163998): object was freed before callback; returning Nil.
    [1315] <engine-1>[GdPAI] ObjectRef(125057371638): object was freed before callback; returning Nil.
    [1316] <engine-1>[GdPAI] ObjectRef(125057371638): object was freed before callback; returning Nil.
    [1317] <engine-1>[GdPAI] ObjectRef(124621163998): object was freed before callback; returning Nil.
    [1318] <engine-1>[GdPAI] ObjectRef(125057371638): object was freed before callback; returning Nil.
    [1319] <engine-1>[GdPAI] ObjectRef(125057371638): object was freed before callback; returning Nil.
    [1320] <engine-1>[GdPAI] ObjectRef(124621163998): object was freed before callback; returning Nil.
    [1321] <engine-1>[GdPAI] ObjectRef(125057371638): object was freed before callback; returning Nil.
    [1322] <engine-1>[GdPAI] ObjectRef(125057371638): object was freed before callback; returning Nil.
    [1323] <engine-1>[GdPAI] ObjectRef(124621163998): object was freed before callback; returning Nil.
    [1324] <engine-1>[GdPAI] ObjectRef(124134624705): object was freed before callback; returning Nil.
    [1325] <engine-1>[GdPAI] ObjectRef(124134624705): object was freed before callback; returning Nil.
    [1326] <engine-1>[GdPAI] ObjectRef(124621163998): object was freed before callback; returning Nil.
    [1327] <engine-1>[GdPAI] ObjectRef(124134624705): object was freed before callback; returning Nil.
    [1328] <engine-1>[GdPAI] ObjectRef(124134624705): object was freed before callback; returning Nil.
    [1329] <engine-1>[GdPAI] ObjectRef(124621163998): object was freed before callback; returning Nil.
    [1330] <engine-1>[GdPAI] ObjectRef(124134624705): object was freed before callback; returning Nil.
    [1331] <engine-1>[GdPAI] ObjectRef(124134624705): object was freed before callback; returning Nil.
    [1332] <engine-1>[GdPAI] ObjectRef(124621163998): object was freed before callback; returning Nil.
    [1333] <engine-1>[GdPAI] ObjectRef(124134624705): object was freed before callback; returning Nil.
    [1334] <engine-1>[GdPAI] ObjectRef(124134624705): object was freed before callback; returning Nil.
    [1335] <engine-1>[GdPAI] ObjectRef(124621163998): object was freed before callback; returning Nil.
    [1336] <engine-1>[GdPAI] ObjectRef(124621163998): object was freed before callback; returning Nil.
    [1337] <engine-1>[GdPAI] ObjectRef(124621163998): object was freed before callback; returning Nil.
    [1338] <engine-1>[GdPAI] ObjectRef(124621163998): object was freed before callback; returning Nil.
    [1339] <engine-1>[GdPAI] ObjectRef(124621163998): object was freed before callback; returning Nil.
    [1340] <engine-1>[GdPAI] ObjectRef(124621163998): object was freed before callback; returning Nil.
    [1341] <engine-1>[GdPAI] ObjectRef(124621163998): object was freed before callback; returning Nil.
    [1342] <engine-1>[GdPAI] ObjectRef(124621163998): object was freed before callback; returning Nil.
    [1343] <engine-1>[GdPAI] ObjectRef(124621163998): object was freed before callback; returning Nil.
    [1344] <engine-1>[GdPAI] ObjectRef(124134624705): object was freed before callback; returning Nil.
    [1345] <engine-1>[GdPAI] ObjectRef(124134624705): object was freed before callback; returning Nil.
    [1346] <engine-1>[GdPAI] ObjectRef(124621163998): object was freed before callback; returning Nil.
    [1347] <engine-1>[GdPAI] ObjectRef(124134624705): object was freed before callback; returning Nil.
    [1348] <engine-1>[GdPAI] ObjectRef(124134624705): object was freed before callback; returning Nil.
    [1349] <engine-1>[GdPAI] ObjectRef(124621163998): object was freed before callback; returning Nil.
    [1350] <engine-1>[GdPAI] ObjectRef(124134624705): object was freed before callback; returning Nil.
    [1351] <engine-1>[GdPAI] ObjectRef(124134624705): object was freed before callback; returning Nil.
    [1352] <engine-1>[GdPAI] ObjectRef(124621163998): object was freed before callback; returning Nil.
    [1353] <engine-1>[GdPAI] ObjectRef(124134624705): object was freed before callback; returning Nil.
    [1354] <engine-1>[GdPAI] ObjectRef(124134624705): object was freed before callback; returning Nil.
    [1355] <engine-1>[GdPAI] ObjectRef(124621163998): object was freed before callback; returning Nil.
    [1356] <engine-1>[GdPAI] ObjectRef(124621163998): object was freed before callback; returning Nil.
    [1357] <engine-1>[GdPAI] ObjectRef(124621163998): object was freed before callback; returning Nil.
    [1358] <engine-1>[GdPAI] ObjectRef(124621163998): object was freed before callback; returning Nil.
    [1359] <engine-1>[GdPAI] ObjectRef(125057371638): object was freed before callback; returning Nil.
    [1360] <engine-1>[GdPAI] ObjectRef(125057371638): object was freed before callback; returning Nil.
    [1361] <engine-1>[GdPAI] ObjectRef(124621163998): object was freed before callback; returning Nil.
    [1362] <engine-1>[GdPAI] ObjectRef(124621163998): object was freed before callback; returning Nil.
    [1363] <engine-1>[GdPAI] ObjectRef(125057371638): object was freed before callback; returning Nil.
    [1364] <engine-1>[GdPAI] ObjectRef(125057371638): object was freed before callback; returning Nil.
    [1365] <engine-1>[GdPAI] ObjectRef(124621163998): object was freed before callback; returning Nil.
    [1366] <engine-1>[GdPAI] ObjectRef(125057371638): object was freed before callback; returning Nil.
    [1367] <engine-1>[GdPAI] ObjectRef(125057371638): object was freed before callback; returning Nil.
    [1368] <engine-1>[GdPAI] ObjectRef(124621163998): object was freed before callback; returning Nil.
    [1369] <engine-1>[GdPAI] ObjectRef(125057371638): object was freed before callback; returning Nil.
    [1370] <engine-1>[GdPAI] ObjectRef(125057371638): object was freed before callback; returning Nil.
    [1371] <engine-1>[GdPAI] ObjectRef(124621163998): object was freed before callback; returning Nil.
    [1372] <engine-1>[GdPAI] ObjectRef(124134624705): object was freed before callback; returning Nil.
    [1373] <engine-1>[GdPAI] ObjectRef(124134624705): object was freed before callback; returning Nil.
    [1374] <engine-1>[GdPAI] ObjectRef(124621163998): object was freed before callback; returning Nil.
    [1375] <engine-1>[GdPAI] ObjectRef(124134624705): object was freed before callback; returning Nil.
    [1376] <engine-1>[GdPAI] ObjectRef(124134624705): object was freed before callback; returning Nil.
      at line 130
WARNING: [GdPAI] ObjectRef(124621163998): object was freed before callback; returning Nil.
   at: gdplanningai_rust::logger::process_logs (src\logger.rs:66)
   GDScript backtrace (most recent call first):
       [0] _drain_scheduler (res://test/integration/test_campfire_example_smoke.gd:27)
       [1] after_each (res://test/integration/test_campfire_example_smoke.gd:19)
       [2] _run_test (res://addons/gut/gut.gd:700)
       [3] test_fire_too_low_to_cook (res://test/integration/test_campfire_example_smoke.gd:130)
       [4] _start_plan_and_wait (res://test/integration/test_campfire_example_smoke.gd:65)
WARNING: [GdPAI] ObjectRef(124134624705): object was freed before callback; returning Nil.
   at: gdplanningai_rust::logger::process_logs (src\logger.rs:66)
   GDScript backtrace (most recent call first):
       [0] _drain_scheduler (res://test/integration/test_campfire_example_smoke.gd:27)
       [1] after_each (res://test/integration/test_campfire_example_smoke.gd:19)
       [2] _run_test (res://addons/gut/gut.gd:700)
       [3] test_fire_too_low_to_cook (res://test/integration/test_campfire_example_smoke.gd:130)
       [4] _start_plan_and_wait (res://test/integration/test_campfire_example_smoke.gd:65)
WARNING: [GdPAI] ObjectRef(124134624705): object was freed before callback; returning Nil.
   at: gdplanningai_rust::logger::process_logs (src\logger.rs:66)
   GDScript backtrace (most recent call first):
       [0] _drain_scheduler (res://test/integration/test_campfire_example_smoke.gd:27)
       [1] after_each (res://test/integration/test_campfire_example_smoke.gd:19)
       [2] _run_test (res://addons/gut/gut.gd:700)
       [3] test_fire_too_low_to_cook (res://test/integration/test_campfire_example_smoke.gd:130)
       [4] _start_plan_and_wait (res://test/integration/test_campfire_example_smoke.gd:65)
[GdPAI | debug] GetCost: callable returned non-numeric value: null; returning INFINITY
WARNING: [GdPAI] ObjectRef(124621163998): object was freed before callback; returning Nil.
   at: gdplanningai_rust::logger::process_logs (src\logger.rs:66)
   GDScript backtrace (most recent call first):
       [0] _process (res://addons/GdPlanningAI/gdpai_autoload.gd:21)
WARNING: [GdPAI] ObjectRef(124134624705): object was freed before callback; returning Nil.
   at: gdplanningai_rust::logger::process_logs (src\logger.rs:66)
   GDScript backtrace (most recent call first):
       [0] _process (res://addons/GdPlanningAI/gdpai_autoload.gd:21)
WARNING: [GdPAI] ObjectRef(124134624705): object was freed before callback; returning Nil.
   at: gdplanningai_rust::logger::process_logs (src\logger.rs:66)
   GDScript backtrace (most recent call first):
       [0] _process (res://addons/GdPlanningAI/gdpai_autoload.gd:21)
[GdPAI | debug] ApplyEffect [Before] ID=InstanceId(-9223371091810967914): agent props = {"held_item": "", "entity": null, "hunger": 70.0627442063492, "at_target": null}
[GdPAI | debug] ApplyEffect [After] ID=InstanceId(-9223371091810967914): agent props = {"held_item": "", "entity": null, "hunger": 70.0627442063492, "at_target": null}
[GdPAI | debug]   Snapshotting prop: held_item = Str("") (Variant type: STRING)
[GdPAI | debug]   Snapshotting prop: entity = Nil (Variant type: NIL)
[GdPAI | debug]   Snapshotting prop: hunger = Float(70.0627442063492) (Variant type: FLOAT)
[GdPAI | debug]   Snapshotting prop: at_target = Nil (Variant type: NIL)
WARNING: [GdPAI] ObjectRef(124621163998): object was freed before callback; returning Nil.
   at: gdplanningai_rust::logger::process_logs (src\logger.rs:66)
   GDScript backtrace (most recent call first):
       [0] _drain_scheduler (res://test/integration/test_campfire_example_smoke.gd:27)
[GdPAI | debug] GetCost: callable returned non-numeric value: null; returning INFINITY
WARNING: [GdPAI] ObjectRef(124621163998): object was freed before callback; returning Nil.
   at: gdplanningai_rust::logger::process_logs (src\logger.rs:66)
   GDScript backtrace (most recent call first):
       [0] _process (res://addons/GdPlanningAI/gdpai_autoload.gd:21)
[GdPAI | debug] ApplyEffect [Before] ID=InstanceId(-9223371090452012032): agent props = {"entity": null, "at_target": null, "hunger": 70.0627442063492, "held_item": "wood"}
[GdPAI | debug] ApplyEffect [After] ID=InstanceId(-9223371090452012032): agent props = {"entity": null, "at_target": null, "hunger": 70.0627442063492, "held_item": "wood"}
[GdPAI | debug]   Snapshotting prop: entity = Nil (Variant type: NIL)
[GdPAI | debug]   Snapshotting prop: at_target = Nil (Variant type: NIL)
[GdPAI | debug]   Snapshotting prop: hunger = Float(70.0627442063492) (Variant type: FLOAT)
[GdPAI | debug]   Snapshotting prop: held_item = Str("wood") (Variant type: STRING)
WARNING: [GdPAI] ObjectRef(124621163998): object was freed before callback; returning Nil.
   at: gdplanningai_rust::logger::process_logs (src\logger.rs:66)
   GDScript backtrace (most recent call first):
       [0] _drain_scheduler (res://test/integration/test_campfire_example_smoke.gd:27)
WARNING: [GdPAI] ObjectRef(124621163998): object was freed before callback; returning Nil.
   at: gdplanningai_rust::logger::process_logs (src\logger.rs:66)
   GDScript backtrace (most recent call first):
       [0] _drain_scheduler (res://test/integration/test_campfire_example_smoke.gd:27)
[GdPAI | debug] GetCost: callable returned non-numeric value: null; returning INFINITY
WARNING: [GdPAI] ObjectRef(124621163998): object was freed before callback; returning Nil.
   at: gdplanningai_rust::logger::process_logs (src\logger.rs:66)
   GDScript backtrace (most recent call first):
       [0] _process (res://addons/GdPlanningAI/gdpai_autoload.gd:21)
WARNING: [GdPAI] ObjectRef(124621163998): object was freed before callback; returning Nil.
   at: gdplanningai_rust::logger::process_logs (src\logger.rs:66)
   GDScript backtrace (most recent call first):
       [0] _process (res://addons/GdPlanningAI/gdpai_autoload.gd:21)
[GdPAI | debug] ApplyEffect [Before] ID=InstanceId(-9223371089143389141): agent props = {"hunger": 70.0627442063492, "entity": null, "held_item": ""}
[GdPAI | debug] ApplyEffect [After] ID=InstanceId(-9223371089143389141): agent props = {"hunger": 70.0627442063492, "entity": null, "held_item": ""}
[GdPAI | debug]   Snapshotting prop: hunger = Float(70.0627442063492) (Variant type: FLOAT)
[GdPAI | debug]   Snapshotting prop: entity = Nil (Variant type: NIL)
[GdPAI | debug]   Snapshotting prop: held_item = Str("") (Variant type: STRING)
WARNING: [GdPAI] ObjectRef(124621163998): object was freed before callback; returning Nil.
   at: gdplanningai_rust::logger::process_logs (src\logger.rs:66)
   GDScript backtrace (most recent call first):
       [0] _drain_scheduler (res://test/integration/test_campfire_example_smoke.gd:27)
[GdPAI | debug] GetCost: callable returned non-numeric value: null; returning INFINITY
WARNING: [GdPAI] ObjectRef(124621163998): object was freed before callback; returning Nil.
   at: gdplanningai_rust::logger::process_logs (src\logger.rs:66)
   GDScript backtrace (most recent call first):
       [0] _process (res://addons/GdPlanningAI/gdpai_autoload.gd:21)
[GdPAI | debug] ApplyEffect [Before] ID=InstanceId(-9223371087834766299): agent props = {"hunger": 70.0627442063492, "held_item": "", "entity": null}
[GdPAI | debug] ApplyEffect [After] ID=InstanceId(-9223371087834766299): agent props = {"hunger": 70.0627442063492, "held_item": "", "entity": null}
[GdPAI | debug]   Snapshotting prop: hunger = Float(70.0627442063492) (Variant type: FLOAT)
[GdPAI | debug]   Snapshotting prop: held_item = Str("") (Variant type: STRING)
[GdPAI | debug]   Snapshotting prop: entity = Nil (Variant type: NIL)
WARNING: [GdPAI] ObjectRef(124621163998): object was freed before callback; returning Nil.
   at: gdplanningai_rust::logger::process_logs (src\logger.rs:66)
   GDScript backtrace (most recent call first):
       [0] _drain_scheduler (res://test/integration/test_campfire_example_smoke.gd:27)
WARNING: [GdPAI] ObjectRef(124134624705): object was freed before callback; returning Nil.
   at: gdplanningai_rust::logger::process_logs (src\logger.rs:66)
   GDScript backtrace (most recent call first):
       [0] _drain_scheduler (res://test/integration/test_campfire_example_smoke.gd:27)
WARNING: [GdPAI] ObjectRef(124134624705): object was freed before callback; returning Nil.
   at: gdplanningai_rust::logger::process_logs (src\logger.rs:66)
   GDScript backtrace (most recent call first):
       [0] _drain_scheduler (res://test/integration/test_campfire_example_smoke.gd:27)
[GdPAI | debug] GetCost: callable returned non-numeric value: null; returning INFINITY
WARNING: [GdPAI] ObjectRef(124621163998): object was freed before callback; returning Nil.
   at: gdplanningai_rust::logger::process_logs (src\logger.rs:66)
   GDScript backtrace (most recent call first):
       [0] _process (res://addons/GdPlanningAI/gdpai_autoload.gd:21)
WARNING: [GdPAI] ObjectRef(124134624705): object was freed before callback; returning Nil.
   at: gdplanningai_rust::logger::process_logs (src\logger.rs:66)
   GDScript backtrace (most recent call first):
       [0] _process (res://addons/GdPlanningAI/gdpai_autoload.gd:21)
WARNING: [GdPAI] ObjectRef(124134624705): object was freed before callback; returning Nil.
   at: gdplanningai_rust::logger::process_logs (src\logger.rs:66)
   GDScript backtrace (most recent call first):
       [0] _process (res://addons/GdPlanningAI/gdpai_autoload.gd:21)
[GdPAI | debug] ApplyEffect [Before] ID=InstanceId(-9223371086475811783): agent props = {"entity": null, "hunger": 70.0627442063492, "held_item": "", "at_target": null}
[GdPAI | debug] ApplyEffect [After] ID=InstanceId(-9223371086475811783): agent props = {"entity": null, "hunger": 70.0627442063492, "held_item": "", "at_target": null}
[GdPAI | debug]   Snapshotting prop: entity = Nil (Variant type: NIL)
[GdPAI | debug]   Snapshotting prop: hunger = Float(70.0627442063492) (Variant type: FLOAT)
[GdPAI | debug]   Snapshotting prop: held_item = Str("") (Variant type: STRING)
[GdPAI | debug]   Snapshotting prop: at_target = Nil (Variant type: NIL)
WARNING: [GdPAI] ObjectRef(124621163998): object was freed before callback; returning Nil.
   at: gdplanningai_rust::logger::process_logs (src\logger.rs:66)
   GDScript backtrace (most recent call first):
       [0] _drain_scheduler (res://test/integration/test_campfire_example_smoke.gd:27)
WARNING: [GdPAI] ObjectRef(124134624705): object was freed before callback; returning Nil.
   at: gdplanningai_rust::logger::process_logs (src\logger.rs:66)
   GDScript backtrace (most recent call first):
       [0] _drain_scheduler (res://test/integration/test_campfire_example_smoke.gd:27)
WARNING: [GdPAI] ObjectRef(124134624705): object was freed before callback; returning Nil.
   at: gdplanningai_rust::logger::process_logs (src\logger.rs:66)
   GDScript backtrace (most recent call first):
       [0] _drain_scheduler (res://test/integration/test_campfire_example_smoke.gd:27)
[GdPAI | debug] GetCost: callable returned non-numeric value: null; returning INFINITY
WARNING: [GdPAI] ObjectRef(124621163998): object was freed before callback; returning Nil.
   at: gdplanningai_rust::logger::process_logs (src\logger.rs:66)
   GDScript backtrace (most recent call first):
       [0] _process (res://addons/GdPlanningAI/gdpai_autoload.gd:21)
WARNING: [GdPAI] ObjectRef(124134624705): object was freed before callback; returning Nil.
   at: gdplanningai_rust::logger::process_logs (src\logger.rs:66)
   GDScript backtrace (most recent call first):
       [0] _process (res://addons/GdPlanningAI/gdpai_autoload.gd:21)
WARNING: [GdPAI] ObjectRef(124134624705): object was freed before callback; returning Nil.
   at: gdplanningai_rust::logger::process_logs (src\logger.rs:66)
   GDScript backtrace (most recent call first):
       [0] _process (res://addons/GdPlanningAI/gdpai_autoload.gd:21)
[GdPAI | debug] ApplyEffect [Before] ID=InstanceId(-9223371085016194008): agent props = {"entity": null, "held_item": "", "hunger": 70.0627442063492, "at_target": null}
[GdPAI | debug] ApplyEffect [After] ID=InstanceId(-9223371085016194008): agent props = {"entity": null, "held_item": "", "hunger": 70.0627442063492, "at_target": null}
[GdPAI | debug]   Snapshotting prop: entity = Nil (Variant type: NIL)
[GdPAI | debug]   Snapshotting prop: held_item = Str("") (Variant type: STRING)
[GdPAI | debug]   Snapshotting prop: hunger = Float(70.0627442063492) (Variant type: FLOAT)
[GdPAI | debug]   Snapshotting prop: at_target = Nil (Variant type: NIL)
WARNING: [GdPAI] ObjectRef(124621163998): object was freed before callback; returning Nil.
   at: gdplanningai_rust::logger::process_logs (src\logger.rs:66)
   GDScript backtrace (most recent call first):
       [0] _drain_scheduler (res://test/integration/test_campfire_example_smoke.gd:27)
[GdPAI | debug] GetCost: callable returned non-numeric value: null; returning INFINITY
WARNING: [GdPAI] ObjectRef(124621163998): object was freed before callback; returning Nil.
   at: gdplanningai_rust::logger::process_logs (src\logger.rs:66)
   GDScript backtrace (most recent call first):
       [0] _process (res://addons/GdPlanningAI/gdpai_autoload.gd:21)
[GdPAI | debug] ApplyEffect [Before] ID=InstanceId(-9223371083657239497): agent props = {"entity": null, "at_target": null, "hunger": 70.0627442063492, "held_item": "wood"}
[GdPAI | debug] ApplyEffect [After] ID=InstanceId(-9223371083657239497): agent props = {"entity": null, "at_target": null, "hunger": 70.0627442063492, "held_item": "wood"}
[GdPAI | debug]   Snapshotting prop: entity = Nil (Variant type: NIL)
[GdPAI | debug]   Snapshotting prop: at_target = Nil (Variant type: NIL)
[GdPAI | debug]   Snapshotting prop: hunger = Float(70.0627442063492) (Variant type: FLOAT)
[GdPAI | debug]   Snapshotting prop: held_item = Str("wood") (Variant type: STRING)
WARNING: [GdPAI] ObjectRef(124621163998): object was freed before callback; returning Nil.
   at: gdplanningai_rust::logger::process_logs (src\logger.rs:66)
   GDScript backtrace (most recent call first):
       [0] _drain_scheduler (res://test/integration/test_campfire_example_smoke.gd:27)
WARNING: [GdPAI] ObjectRef(124621163998): object was freed before callback; returning Nil.
   at: gdplanningai_rust::logger::process_logs (src\logger.rs:66)
   GDScript backtrace (most recent call first):
       [0] _drain_scheduler (res://test/integration/test_campfire_example_smoke.gd:27)
[GdPAI | debug] GetCost: callable returned non-numeric value: null; returning INFINITY
WARNING: [GdPAI] ObjectRef(124621163998): object was freed before callback; returning Nil.
   at: gdplanningai_rust::logger::process_logs (src\logger.rs:66)
   GDScript backtrace (most recent call first):
       [0] _process (res://addons/GdPlanningAI/gdpai_autoload.gd:21)
WARNING: [GdPAI] ObjectRef(124621163998): object was freed before callback; returning Nil.
   at: gdplanningai_rust::logger::process_logs (src\logger.rs:66)
   GDScript backtrace (most recent call first):
       [0] _process (res://addons/GdPlanningAI/gdpai_autoload.gd:21)
[GdPAI | debug] ApplyEffect [Before] ID=InstanceId(-9223371082348616606): agent props = {"held_item": "", "entity": null, "hunger": 70.0627442063492}
[GdPAI | debug] ApplyEffect [After] ID=InstanceId(-9223371082348616606): agent props = {"held_item": "", "entity": null, "hunger": 70.0627442063492}
[GdPAI | debug]   Snapshotting prop: held_item = Str("") (Variant type: STRING)
[GdPAI | debug]   Snapshotting prop: entity = Nil (Variant type: NIL)
[GdPAI | debug]   Snapshotting prop: hunger = Float(70.0627442063492) (Variant type: FLOAT)
WARNING: [GdPAI] ObjectRef(124621163998): object was freed before callback; returning Nil.
   at: gdplanningai_rust::logger::process_logs (src\logger.rs:66)
   GDScript backtrace (most recent call first):
       [0] _drain_scheduler (res://test/integration/test_campfire_example_smoke.gd:27)
[GdPAI | debug] GetCost: callable returned non-numeric value: null; returning INFINITY
WARNING: [GdPAI] ObjectRef(124621163998): object was freed before callback; returning Nil.
   at: gdplanningai_rust::logger::process_logs (src\logger.rs:66)
   GDScript backtrace (most recent call first):
       [0] _process (res://addons/GdPlanningAI/gdpai_autoload.gd:21)
[GdPAI | debug] ApplyEffect [Before] ID=InstanceId(-9223371081039993815): agent props = {"hunger": 70.0627442063492, "held_item": "", "entity": null}
[GdPAI | debug] ApplyEffect [After] ID=InstanceId(-9223371081039993815): agent props = {"hunger": 70.0627442063492, "held_item": "", "entity": null}
[GdPAI | debug]   Snapshotting prop: hunger = Float(70.0627442063492) (Variant type: FLOAT)
[GdPAI | debug]   Snapshotting prop: held_item = Str("") (Variant type: STRING)
[GdPAI | debug]   Snapshotting prop: entity = Nil (Variant type: NIL)
WARNING: [GdPAI] ObjectRef(124621163998): object was freed before callback; returning Nil.
   at: gdplanningai_rust::logger::process_logs (src\logger.rs:66)
   GDScript backtrace (most recent call first):
       [0] _drain_scheduler (res://test/integration/test_campfire_example_smoke.gd:27)
WARNING: [GdPAI] ObjectRef(124134624705): object was freed before callback; returning Nil.
   at: gdplanningai_rust::logger::process_logs (src\logger.rs:66)
   GDScript backtrace (most recent call first):
       [0] _drain_scheduler (res://test/integration/test_campfire_example_smoke.gd:27)
WARNING: [GdPAI] ObjectRef(124134624705): object was freed before callback; returning Nil.
   at: gdplanningai_rust::logger::process_logs (src\logger.rs:66)
   GDScript backtrace (most recent call first):
       [0] _drain_scheduler (res://test/integration/test_campfire_example_smoke.gd:27)
[GdPAI | debug] GetCost: callable returned non-numeric value: null; returning INFINITY
WARNING: [GdPAI] ObjectRef(124621163998): object was freed before callback; returning Nil.
   at: gdplanningai_rust::logger::process_logs (src\logger.rs:66)
   GDScript backtrace (most recent call first):
       [0] _process (res://addons/GdPlanningAI/gdpai_autoload.gd:21)
WARNING: [GdPAI] ObjectRef(124134624705): object was freed before callback; returning Nil.
   at: gdplanningai_rust::logger::process_logs (src\logger.rs:66)
   GDScript backtrace (most recent call first):
       [0] _process (res://addons/GdPlanningAI/gdpai_autoload.gd:21)
WARNING: [GdPAI] ObjectRef(124134624705): object was freed before callback; returning Nil.
   at: gdplanningai_rust::logger::process_logs (src\logger.rs:66)
   GDScript backtrace (most recent call first):
       [0] _process (res://addons/GdPlanningAI/gdpai_autoload.gd:21)
[GdPAI | debug] ApplyEffect [Before] ID=InstanceId(-9223371079681039266): agent props = {"hunger": 70.0627442063492, "entity": null, "held_item": "", "at_target": null}
[GdPAI | debug] ApplyEffect [After] ID=InstanceId(-9223371079681039266): agent props = {"hunger": 70.0627442063492, "entity": null, "held_item": "", "at_target": null}
[GdPAI | debug]   Snapshotting prop: hunger = Float(70.0627442063492) (Variant type: FLOAT)
[GdPAI | debug]   Snapshotting prop: entity = Nil (Variant type: NIL)
[GdPAI | debug]   Snapshotting prop: held_item = Str("") (Variant type: STRING)
[GdPAI | debug]   Snapshotting prop: at_target = Nil (Variant type: NIL)
WARNING: [GdPAI] ObjectRef(124621163998): object was freed before callback; returning Nil.
   at: gdplanningai_rust::logger::process_logs (src\logger.rs:66)
   GDScript backtrace (most recent call first):
       [0] _drain_scheduler (res://test/integration/test_campfire_example_smoke.gd:27)
WARNING: [GdPAI] ObjectRef(124134624705): object was freed before callback; returning Nil.
   at: gdplanningai_rust::logger::process_logs (src\logger.rs:66)
   GDScript backtrace (most recent call first):
       [0] _drain_scheduler (res://test/integration/test_campfire_example_smoke.gd:27)
WARNING: [GdPAI] ObjectRef(124134624705): object was freed before callback; returning Nil.
   at: gdplanningai_rust::logger::process_logs (src\logger.rs:66)
   GDScript backtrace (most recent call first):
       [0] _drain_scheduler (res://test/integration/test_campfire_example_smoke.gd:27)
[GdPAI | debug] GetCost: callable returned non-numeric value: null; returning INFINITY
WARNING: [GdPAI] ObjectRef(124621163998): object was freed before callback; returning Nil.
   at: gdplanningai_rust::logger::process_logs (src\logger.rs:66)
   GDScript backtrace (most recent call first):
       [0] _process (res://addons/GdPlanningAI/gdpai_autoload.gd:21)
WARNING: [GdPAI] ObjectRef(124134624705): object was freed before callback; returning Nil.
   at: gdplanningai_rust::logger::process_logs (src\logger.rs:66)
   GDScript backtrace (most recent call first):
       [0] _process (res://addons/GdPlanningAI/gdpai_autoload.gd:21)
WARNING: [GdPAI] ObjectRef(124134624705): object was freed before callback; returning Nil.
   at: gdplanningai_rust::logger::process_logs (src\logger.rs:66)
   GDScript backtrace (most recent call first):
       [0] _process (res://addons/GdPlanningAI/gdpai_autoload.gd:21)
[GdPAI | debug] ApplyEffect [Before] ID=InstanceId(-9223371078221421446): agent props = {"entity": null, "held_item": "", "at_target": null, "hunger": 70.0627442063492}
[GdPAI | debug] ApplyEffect [After] ID=InstanceId(-9223371078221421446): agent props = {"entity": null, "held_item": "", "at_target": null, "hunger": 70.0627442063492}
[GdPAI | debug]   Snapshotting prop: entity = Nil (Variant type: NIL)
[GdPAI | debug]   Snapshotting prop: held_item = Str("") (Variant type: STRING)
[GdPAI | debug]   Snapshotting prop: at_target = Nil (Variant type: NIL)
[GdPAI | debug]   Snapshotting prop: hunger = Float(70.0627442063492) (Variant type: FLOAT)
WARNING: [GdPAI] ObjectRef(124621163998): object was freed before callback; returning Nil.
   at: gdplanningai_rust::logger::process_logs (src\logger.rs:66)
   GDScript backtrace (most recent call first):
       [0] _drain_scheduler (res://test/integration/test_campfire_example_smoke.gd:27)
[GdPAI | debug] GetCost: callable returned non-numeric value: null; returning INFINITY
WARNING: [GdPAI] ObjectRef(124621163998): object was freed before callback; returning Nil.
   at: gdplanningai_rust::logger::process_logs (src\logger.rs:66)
   GDScript backtrace (most recent call first):
       [0] _process (res://addons/GdPlanningAI/gdpai_autoload.gd:21)
[GdPAI | debug] ApplyEffect [Before] ID=InstanceId(-9223371076862466936): agent props = {"at_target": null, "entity": null, "hunger": 70.0627442063492, "held_item": "wood"}
[GdPAI | debug] ApplyEffect [After] ID=InstanceId(-9223371076862466936): agent props = {"at_target": null, "entity": null, "hunger": 70.0627442063492, "held_item": "wood"}
[GdPAI | debug]   Snapshotting prop: at_target = Nil (Variant type: NIL)
[GdPAI | debug]   Snapshotting prop: entity = Nil (Variant type: NIL)
[GdPAI | debug]   Snapshotting prop: hunger = Float(70.0627442063492) (Variant type: FLOAT)
[GdPAI | debug]   Snapshotting prop: held_item = Str("wood") (Variant type: STRING)
WARNING: [GdPAI] ObjectRef(124621163998): object was freed before callback; returning Nil.
   at: gdplanningai_rust::logger::process_logs (src\logger.rs:66)
   GDScript backtrace (most recent call first):
       [0] _drain_scheduler (res://test/integration/test_campfire_example_smoke.gd:27)
WARNING: [GdPAI] ObjectRef(124621163998): object was freed before callback; returning Nil.
   at: gdplanningai_rust::logger::process_logs (src\logger.rs:66)
   GDScript backtrace (most recent call first):
       [0] _drain_scheduler (res://test/integration/test_campfire_example_smoke.gd:27)
[GdPAI | debug] GetCost: callable returned non-numeric value: null; returning INFINITY
WARNING: [GdPAI] ObjectRef(124621163998): object was freed before callback; returning Nil.
   at: gdplanningai_rust::logger::process_logs (src\logger.rs:66)
   GDScript backtrace (most recent call first):
       [0] _process (res://addons/GdPlanningAI/gdpai_autoload.gd:21)
WARNING: [GdPAI] ObjectRef(124621163998): object was freed before callback; returning Nil.
   at: gdplanningai_rust::logger::process_logs (src\logger.rs:66)
   GDScript backtrace (most recent call first):
       [0] _process (res://addons/GdPlanningAI/gdpai_autoload.gd:21)
[GdPAI | debug] ApplyEffect [Before] ID=InstanceId(-9223371075553844075): agent props = {"hunger": 70.0627442063492, "entity": null, "held_item": ""}
[GdPAI | debug] ApplyEffect [After] ID=InstanceId(-9223371075553844075): agent props = {"hunger": 70.0627442063492, "entity": null, "held_item": ""}
[GdPAI | debug]   Snapshotting prop: hunger = Float(70.0627442063492) (Variant type: FLOAT)
[GdPAI | debug]   Snapshotting prop: entity = Nil (Variant type: NIL)
[GdPAI | debug]   Snapshotting prop: held_item = Str("") (Variant type: STRING)
WARNING: [GdPAI] ObjectRef(124621163998): object was freed before callback; returning Nil.
   at: gdplanningai_rust::logger::process_logs (src\logger.rs:66)
   GDScript backtrace (most recent call first):
       [0] _drain_scheduler (res://test/integration/test_campfire_example_smoke.gd:27)
[GdPAI | debug] GetCost: callable returned non-numeric value: null; returning INFINITY
WARNING: [GdPAI] ObjectRef(124621163998): object was freed before callback; returning Nil.
   at: gdplanningai_rust::logger::process_logs (src\logger.rs:66)
   GDScript backtrace (most recent call first):
       [0] _process (res://addons/GdPlanningAI/gdpai_autoload.gd:21)
[GdPAI | debug] ApplyEffect [Before] ID=InstanceId(-9223371074245221218): agent props = {"held_item": "", "entity": null, "hunger": 70.0627442063492}
[GdPAI | debug] ApplyEffect [After] ID=InstanceId(-9223371074245221218): agent props = {"held_item": "", "entity": null, "hunger": 70.0627442063492}
[GdPAI | debug]   Snapshotting prop: held_item = Str("") (Variant type: STRING)
[GdPAI | debug]   Snapshotting prop: entity = Nil (Variant type: NIL)
[GdPAI | debug]   Snapshotting prop: hunger = Float(70.0627442063492) (Variant type: FLOAT)
WARNING: [GdPAI] ObjectRef(124621163998): object was freed before callback; returning Nil.
   at: gdplanningai_rust::logger::process_logs (src\logger.rs:66)
   GDScript backtrace (most recent call first):
       [0] _drain_scheduler (res://test/integration/test_campfire_example_smoke.gd:27)
WARNING: [GdPAI] ObjectRef(124134624705): object was freed before callback; returning Nil.
   at: gdplanningai_rust::logger::process_logs (src\logger.rs:66)
   GDScript backtrace (most recent call first):
       [0] _drain_scheduler (res://test/integration/test_campfire_example_smoke.gd:27)
WARNING: [GdPAI] ObjectRef(124134624705): object was freed before callback; returning Nil.
   at: gdplanningai_rust::logger::process_logs (src\logger.rs:66)
   GDScript backtrace (most recent call first):
       [0] _drain_scheduler (res://test/integration/test_campfire_example_smoke.gd:27)
[GdPAI | debug] GetCost: callable returned non-numeric value: null; returning INFINITY
WARNING: [GdPAI] ObjectRef(124621163998): object was freed before callback; returning Nil.
   at: gdplanningai_rust::logger::process_logs (src\logger.rs:66)
   GDScript backtrace (most recent call first):
       [0] _process (res://addons/GdPlanningAI/gdpai_autoload.gd:21)
WARNING: [GdPAI] ObjectRef(124134624705): object was freed before callback; returning Nil.
   at: gdplanningai_rust::logger::process_logs (src\logger.rs:66)
   GDScript backtrace (most recent call first):
       [0] _process (res://addons/GdPlanningAI/gdpai_autoload.gd:21)
WARNING: [GdPAI] ObjectRef(124134624705): object was freed before callback; returning Nil.
   at: gdplanningai_rust::logger::process_logs (src\logger.rs:66)
   GDScript backtrace (most recent call first):
       [0] _process (res://addons/GdPlanningAI/gdpai_autoload.gd:21)
[GdPAI | debug] ApplyEffect [Before] ID=InstanceId(-9223371072886266729): agent props = {"hunger": 70.0627442063492, "entity": null, "at_target": null, "held_item": ""}
[GdPAI | debug] ApplyEffect [After] ID=InstanceId(-9223371072886266729): agent props = {"hunger": 70.0627442063492, "entity": null, "at_target": null, "held_item": ""}
[GdPAI | debug]   Snapshotting prop: hunger = Float(70.0627442063492) (Variant type: FLOAT)
[GdPAI | debug]   Snapshotting prop: entity = Nil (Variant type: NIL)
[GdPAI | debug]   Snapshotting prop: at_target = Nil (Variant type: NIL)
[GdPAI | debug]   Snapshotting prop: held_item = Str("") (Variant type: STRING)
WARNING: [GdPAI] ObjectRef(124621163998): object was freed before callback; returning Nil.
   at: gdplanningai_rust::logger::process_logs (src\logger.rs:66)
   GDScript backtrace (most recent call first):
       [0] _drain_scheduler (res://test/integration/test_campfire_example_smoke.gd:27)
WARNING: [GdPAI] ObjectRef(124134624705): object was freed before callback; returning Nil.
   at: gdplanningai_rust::logger::process_logs (src\logger.rs:66)
   GDScript backtrace (most recent call first):
       [0] _drain_scheduler (res://test/integration/test_campfire_example_smoke.gd:27)
WARNING: [GdPAI] ObjectRef(124134624705): object was freed before callback; returning Nil.
   at: gdplanningai_rust::logger::process_logs (src\logger.rs:66)
   GDScript backtrace (most recent call first):
       [0] _drain_scheduler (res://test/integration/test_campfire_example_smoke.gd:27)
[GdPAI | debug] GetCost: callable returned non-numeric value: null; returning INFINITY
WARNING: [GdPAI] ObjectRef(124621163998): object was freed before callback; returning Nil.
   at: gdplanningai_rust::logger::process_logs (src\logger.rs:66)
   GDScript backtrace (most recent call first):
       [0] _process (res://addons/GdPlanningAI/gdpai_autoload.gd:21)
WARNING: [GdPAI] ObjectRef(124134624705): object was freed before callback; returning Nil.
   at: gdplanningai_rust::logger::process_logs (src\logger.rs:66)
   GDScript backtrace (most recent call first):
       [0] _process (res://addons/GdPlanningAI/gdpai_autoload.gd:21)
WARNING: [GdPAI] ObjectRef(124134624705): object was freed before callback; returning Nil.
   at: gdplanningai_rust::logger::process_logs (src\logger.rs:66)
   GDScript backtrace (most recent call first):
       [0] _process (res://addons/GdPlanningAI/gdpai_autoload.gd:21)
[GdPAI | debug] ApplyEffect [Before] ID=InstanceId(-9223371071426648923): agent props = {"at_target": null, "entity": null, "held_item": "", "hunger": 70.0627442063492}
[GdPAI | debug] ApplyEffect [After] ID=InstanceId(-9223371071426648923): agent props = {"at_target": null, "entity": null, "held_item": "", "hunger": 70.0627442063492}
[GdPAI | debug]   Snapshotting prop: at_target = Nil (Variant type: NIL)
[GdPAI | debug]   Snapshotting prop: entity = Nil (Variant type: NIL)
[GdPAI | debug]   Snapshotting prop: held_item = Str("") (Variant type: STRING)
[GdPAI | debug]   Snapshotting prop: hunger = Float(70.0627442063492) (Variant type: FLOAT)
WARNING: [GdPAI] ObjectRef(124621163998): object was freed before callback; returning Nil.
   at: gdplanningai_rust::logger::process_logs (src\logger.rs:66)
   GDScript backtrace (most recent call first):
       [0] _drain_scheduler (res://test/integration/test_campfire_example_smoke.gd:27)
[GdPAI | debug] GetCost: callable returned non-numeric value: null; returning INFINITY
WARNING: [GdPAI] ObjectRef(124621163998): object was freed before callback; returning Nil.
   at: gdplanningai_rust::logger::process_logs (src\logger.rs:66)
   GDScript backtrace (most recent call first):
       [0] _process (res://addons/GdPlanningAI/gdpai_autoload.gd:21)
[GdPAI | debug] ApplyEffect [Before] ID=InstanceId(-9223371070067694404): agent props = {"entity": null, "hunger": 70.0627442063492, "at_target": null, "held_item": "wood"}
[GdPAI | debug] ApplyEffect [After] ID=InstanceId(-9223371070067694404): agent props = {"entity": null, "hunger": 70.0627442063492, "at_target": null, "held_item": "wood"}
[GdPAI | debug]   Snapshotting prop: entity = Nil (Variant type: NIL)
[GdPAI | debug]   Snapshotting prop: hunger = Float(70.0627442063492) (Variant type: FLOAT)
[GdPAI | debug]   Snapshotting prop: at_target = Nil (Variant type: NIL)
[GdPAI | debug]   Snapshotting prop: held_item = Str("wood") (Variant type: STRING)
WARNING: [GdPAI] ObjectRef(124621163998): object was freed before callback; returning Nil.
   at: gdplanningai_rust::logger::process_logs (src\logger.rs:66)
   GDScript backtrace (most recent call first):
       [0] _drain_scheduler (res://test/integration/test_campfire_example_smoke.gd:27)
WARNING: [GdPAI] ObjectRef(124621163998): object was freed before callback; returning Nil.
   at: gdplanningai_rust::logger::process_logs (src\logger.rs:66)
   GDScript backtrace (most recent call first):
       [0] _drain_scheduler (res://test/integration/test_campfire_example_smoke.gd:27)
[GdPAI | debug] GetCost: callable returned non-numeric value: null; returning INFINITY
WARNING: [GdPAI] ObjectRef(124621163998): object was freed before callback; returning Nil.
   at: gdplanningai_rust::logger::process_logs (src\logger.rs:66)
   GDScript backtrace (most recent call first):
       [0] _process (res://addons/GdPlanningAI/gdpai_autoload.gd:21)
WARNING: [GdPAI] ObjectRef(124621163998): object was freed before callback; returning Nil.
   at: gdplanningai_rust::logger::process_logs (src\logger.rs:66)
   GDScript backtrace (most recent call first):
       [0] _process (res://addons/GdPlanningAI/gdpai_autoload.gd:21)
[GdPAI | debug] ApplyEffect [Before] ID=InstanceId(-9223371068759071557): agent props = {"hunger": 70.0627442063492, "held_item": "", "entity": null}
[GdPAI | debug] ApplyEffect [After] ID=InstanceId(-9223371068759071557): agent props = {"hunger": 70.0627442063492, "held_item": "", "entity": null}
[GdPAI | debug]   Snapshotting prop: hunger = Float(70.0627442063492) (Variant type: FLOAT)
[GdPAI | debug]   Snapshotting prop: held_item = Str("") (Variant type: STRING)
[GdPAI | debug]   Snapshotting prop: entity = Nil (Variant type: NIL)
WARNING: [GdPAI] ObjectRef(124621163998): object was freed before callback; returning Nil.
   at: gdplanningai_rust::logger::process_logs (src\logger.rs:66)
   GDScript backtrace (most recent call first):
       [0] _drain_scheduler (res://test/integration/test_campfire_example_smoke.gd:27)
[GdPAI | debug] GetCost: callable returned non-numeric value: null; returning INFINITY
WARNING: [GdPAI] ObjectRef(124621163998): object was freed before callback; returning Nil.
   at: gdplanningai_rust::logger::process_logs (src\logger.rs:66)
   GDScript backtrace (most recent call first):
       [0] _process (res://addons/GdPlanningAI/gdpai_autoload.gd:21)
[GdPAI | debug] ApplyEffect [Before] ID=InstanceId(-9223371067450448682): agent props = {"entity": null, "held_item": "", "hunger": 70.0627442063492}
[GdPAI | debug] ApplyEffect [After] ID=InstanceId(-9223371067450448682): agent props = {"entity": null, "held_item": "", "hunger": 70.0627442063492}
[GdPAI | debug]   Snapshotting prop: entity = Nil (Variant type: NIL)
[GdPAI | debug]   Snapshotting prop: held_item = Str("") (Variant type: STRING)
[GdPAI | debug]   Snapshotting prop: hunger = Float(70.0627442063492) (Variant type: FLOAT)
WARNING: [GdPAI] ObjectRef(124621163998): object was freed before callback; returning Nil.
   at: gdplanningai_rust::logger::process_logs (src\logger.rs:66)
   GDScript backtrace (most recent call first):
       [0] _drain_scheduler (res://test/integration/test_campfire_example_smoke.gd:27)
WARNING: [GdPAI] ObjectRef(124134624705): object was freed before callback; returning Nil.
   at: gdplanningai_rust::logger::process_logs (src\logger.rs:66)
   GDScript backtrace (most recent call first):
       [0] _drain_scheduler (res://test/integration/test_campfire_example_smoke.gd:27)
WARNING: [GdPAI] ObjectRef(124134624705): object was freed before callback; returning Nil.
   at: gdplanningai_rust::logger::process_logs (src\logger.rs:66)
   GDScript backtrace (most recent call first):
       [0] _drain_scheduler (res://test/integration/test_campfire_example_smoke.gd:27)
[GdPAI | debug] GetCost: callable returned non-numeric value: null; returning INFINITY
WARNING: [GdPAI] ObjectRef(124621163998): object was freed before callback; returning Nil.
   at: gdplanningai_rust::logger::process_logs (src\logger.rs:66)
   GDScript backtrace (most recent call first):
       [0] _process (res://addons/GdPlanningAI/gdpai_autoload.gd:21)
WARNING: [GdPAI] ObjectRef(124134624705): object was freed before callback; returning Nil.
   at: gdplanningai_rust::logger::process_logs (src\logger.rs:66)
   GDScript backtrace (most recent call first):
       [0] _process (res://addons/GdPlanningAI/gdpai_autoload.gd:21)
WARNING: [GdPAI] ObjectRef(124134624705): object was freed before callback; returning Nil.
   at: gdplanningai_rust::logger::process_logs (src\logger.rs:66)
   GDScript backtrace (most recent call first):
       [0] _process (res://addons/GdPlanningAI/gdpai_autoload.gd:21)
[GdPAI | debug] ApplyEffect [Before] ID=InstanceId(-9223371066091494172): agent props = {"held_item": "", "entity": null, "at_target": null, "hunger": 70.0627442063492}
[GdPAI | debug] ApplyEffect [After] ID=InstanceId(-9223371066091494172): agent props = {"held_item": "", "entity": null, "at_target": null, "hunger": 70.0627442063492}
[GdPAI | debug]   Snapshotting prop: held_item = Str("") (Variant type: STRING)
[GdPAI | debug]   Snapshotting prop: entity = Nil (Variant type: NIL)
[GdPAI | debug]   Snapshotting prop: at_target = Nil (Variant type: NIL)
[GdPAI | debug]   Snapshotting prop: hunger = Float(70.0627442063492) (Variant type: FLOAT)
WARNING: [GdPAI] ObjectRef(124621163998): object was freed before callback; returning Nil.
   at: gdplanningai_rust::logger::process_logs (src\logger.rs:66)
   GDScript backtrace (most recent call first):
       [0] _drain_scheduler (res://test/integration/test_campfire_example_smoke.gd:27)
WARNING: [GdPAI] ObjectRef(124134624705): object was freed before callback; returning Nil.
   at: gdplanningai_rust::logger::process_logs (src\logger.rs:66)
   GDScript backtrace (most recent call first):
       [0] _drain_scheduler (res://test/integration/test_campfire_example_smoke.gd:27)
WARNING: [GdPAI] ObjectRef(124134624705): object was freed before callback; returning Nil.
   at: gdplanningai_rust::logger::process_logs (src\logger.rs:66)
   GDScript backtrace (most recent call first):
       [0] _drain_scheduler (res://test/integration/test_campfire_example_smoke.gd:27)
[GdPAI | debug] GetCost: callable returned non-numeric value: null; returning INFINITY
WARNING: [GdPAI] ObjectRef(124621163998): object was freed before callback; returning Nil.
   at: gdplanningai_rust::logger::process_logs (src\logger.rs:66)
   GDScript backtrace (most recent call first):
       [0] _process (res://addons/GdPlanningAI/gdpai_autoload.gd:21)
WARNING: [GdPAI] ObjectRef(124134624705): object was freed before callback; returning Nil.
   at: gdplanningai_rust::logger::process_logs (src\logger.rs:66)
   GDScript backtrace (most recent call first):
       [0] _process (res://addons/GdPlanningAI/gdpai_autoload.gd:21)
WARNING: [GdPAI] ObjectRef(124134624705): object was freed before callback; returning Nil.
   at: gdplanningai_rust::logger::process_logs (src\logger.rs:66)
   GDScript backtrace (most recent call first):
       [0] _process (res://addons/GdPlanningAI/gdpai_autoload.gd:21)
[GdPAI | debug] ApplyEffect [Before] ID=InstanceId(-9223371064631876372): agent props = {"held_item": "", "at_target": null, "hunger": 70.0627442063492, "entity": null}
[GdPAI | debug] ApplyEffect [After] ID=InstanceId(-9223371064631876372): agent props = {"held_item": "", "at_target": null, "hunger": 70.0627442063492, "entity": null}
[GdPAI | debug]   Snapshotting prop: held_item = Str("") (Variant type: STRING)
[GdPAI | debug]   Snapshotting prop: at_target = Nil (Variant type: NIL)
[GdPAI | debug]   Snapshotting prop: hunger = Float(70.0627442063492) (Variant type: FLOAT)
[GdPAI | debug]   Snapshotting prop: entity = Nil (Variant type: NIL)
WARNING: [GdPAI] ObjectRef(124621163998): object was freed before callback; returning Nil.
   at: gdplanningai_rust::logger::process_logs (src\logger.rs:66)
   GDScript backtrace (most recent call first):
       [0] _drain_scheduler (res://test/integration/test_campfire_example_smoke.gd:27)
[GdPAI | debug] GetCost: callable returned non-numeric value: null; returning INFINITY
WARNING: [GdPAI] ObjectRef(124621163998): object was freed before callback; returning Nil.
   at: gdplanningai_rust::logger::process_logs (src\logger.rs:66)
   GDScript backtrace (most recent call first):
       [0] _process (res://addons/GdPlanningAI/gdpai_autoload.gd:21)
[GdPAI | debug] ApplyEffect [Before] ID=InstanceId(-9223371063272921850): agent props = {"entity": null, "at_target": null, "held_item": "wood", "hunger": 70.0627442063492}
[GdPAI | debug] ApplyEffect [After] ID=InstanceId(-9223371063272921850): agent props = {"entity": null, "at_target": null, "held_item": "wood", "hunger": 70.0627442063492}
[GdPAI | debug]   Snapshotting prop: entity = Nil (Variant type: NIL)
[GdPAI | debug]   Snapshotting prop: at_target = Nil (Variant type: NIL)
[GdPAI | debug]   Snapshotting prop: held_item = Str("wood") (Variant type: STRING)
[GdPAI | debug]   Snapshotting prop: hunger = Float(70.0627442063492) (Variant type: FLOAT)
WARNING: [GdPAI] ObjectRef(124621163998): object was freed before callback; returning Nil.
   at: gdplanningai_rust::logger::process_logs (src\logger.rs:66)
   GDScript backtrace (most recent call first):
       [0] _drain_scheduler (res://test/integration/test_campfire_example_smoke.gd:27)
WARNING: [GdPAI] ObjectRef(124621163998): object was freed before callback; returning Nil.
   at: gdplanningai_rust::logger::process_logs (src\logger.rs:66)
   GDScript backtrace (most recent call first):
       [0] _drain_scheduler (res://test/integration/test_campfire_example_smoke.gd:27)
[GdPAI | debug] GetCost: callable returned non-numeric value: null; returning INFINITY
WARNING: [GdPAI] ObjectRef(124621163998): object was freed before callback; returning Nil.
   at: gdplanningai_rust::logger::process_logs (src\logger.rs:66)
   GDScript backtrace (most recent call first):
       [0] _process (res://addons/GdPlanningAI/gdpai_autoload.gd:21)
WARNING: [GdPAI] ObjectRef(124621163998): object was freed before callback; returning Nil.
   at: gdplanningai_rust::logger::process_logs (src\logger.rs:66)
   GDScript backtrace (most recent call first):
       [0] _process (res://addons/GdPlanningAI/gdpai_autoload.gd:21)
[GdPAI | debug] ApplyEffect [Before] ID=InstanceId(-9223371061964298989): agent props = {"held_item": "", "hunger": 70.0627442063492, "entity": null}
[GdPAI | debug] ApplyEffect [After] ID=InstanceId(-9223371061964298989): agent props = {"held_item": "", "hunger": 70.0627442063492, "entity": null}
[GdPAI | debug]   Snapshotting prop: held_item = Str("") (Variant type: STRING)
[GdPAI | debug]   Snapshotting prop: hunger = Float(70.0627442063492) (Variant type: FLOAT)
[GdPAI | debug]   Snapshotting prop: entity = Nil (Variant type: NIL)
WARNING: [GdPAI] ObjectRef(124621163998): object was freed before callback; returning Nil.
   at: gdplanningai_rust::logger::process_logs (src\logger.rs:66)
   GDScript backtrace (most recent call first):
       [0] _drain_scheduler (res://test/integration/test_campfire_example_smoke.gd:27)
[GdPAI | debug] GetCost: callable returned non-numeric value: null; returning INFINITY
WARNING: [GdPAI] ObjectRef(124621163998): object was freed before callback; returning Nil.
   at: gdplanningai_rust::logger::process_logs (src\logger.rs:66)
   GDScript backtrace (most recent call first):
       [0] _process (res://addons/GdPlanningAI/gdpai_autoload.gd:21)
[GdPAI | debug] ApplyEffect [Before] ID=InstanceId(-9223371060655676187): agent props = {"held_item": "", "entity": null, "hunger": 70.0627442063492}
[GdPAI | debug] ApplyEffect [After] ID=InstanceId(-9223371060655676187): agent props = {"held_item": "", "entity": null, "hunger": 70.0627442063492}
[GdPAI | debug]   Snapshotting prop: held_item = Str("") (Variant type: STRING)
[GdPAI | debug]   Snapshotting prop: entity = Nil (Variant type: NIL)
[GdPAI | debug]   Snapshotting prop: hunger = Float(70.0627442063492) (Variant type: FLOAT)
WARNING: [GdPAI] ObjectRef(124621163998): object was freed before callback; returning Nil.
   at: gdplanningai_rust::logger::process_logs (src\logger.rs:66)
   GDScript backtrace (most recent call first):
       [0] _drain_scheduler (res://test/integration/test_campfire_example_smoke.gd:27)
WARNING: [GdPAI] ObjectRef(124134624705): object was freed before callback; returning Nil.
   at: gdplanningai_rust::logger::process_logs (src\logger.rs:66)
   GDScript backtrace (most recent call first):
       [0] _drain_scheduler (res://test/integration/test_campfire_example_smoke.gd:27)
WARNING: [GdPAI] ObjectRef(124134624705): object was freed before callback; returning Nil.
   at: gdplanningai_rust::logger::process_logs (src\logger.rs:66)
   GDScript backtrace (most recent call first):
       [0] _drain_scheduler (res://test/integration/test_campfire_example_smoke.gd:27)
[GdPAI | debug] GetCost: callable returned non-numeric value: null; returning INFINITY
WARNING: [GdPAI] ObjectRef(124621163998): object was freed before callback; returning Nil.
   at: gdplanningai_rust::logger::process_logs (src\logger.rs:66)
   GDScript backtrace (most recent call first):
       [0] _process (res://addons/GdPlanningAI/gdpai_autoload.gd:21)
WARNING: [GdPAI] ObjectRef(124134624705): object was freed before callback; returning Nil.
   at: gdplanningai_rust::logger::process_logs (src\logger.rs:66)
   GDScript backtrace (most recent call first):
       [0] _process (res://addons/GdPlanningAI/gdpai_autoload.gd:21)
WARNING: [GdPAI] ObjectRef(124134624705): object was freed before callback; returning Nil.
   at: gdplanningai_rust::logger::process_logs (src\logger.rs:66)
   GDScript backtrace (most recent call first):
       [0] _process (res://addons/GdPlanningAI/gdpai_autoload.gd:21)
[GdPAI | debug] ApplyEffect [Before] ID=InstanceId(-9223371059296721625): agent props = {"entity": null, "held_item": "", "at_target": null, "hunger": 70.0627442063492}
[GdPAI | debug] ApplyEffect [After] ID=InstanceId(-9223371059296721625): agent props = {"entity": null, "held_item": "", "at_target": null, "hunger": 70.0627442063492}
[GdPAI | debug]   Snapshotting prop: entity = Nil (Variant type: NIL)
[GdPAI | debug]   Snapshotting prop: held_item = Str("") (Variant type: STRING)
[GdPAI | debug]   Snapshotting prop: at_target = Nil (Variant type: NIL)
[GdPAI | debug]   Snapshotting prop: hunger = Float(70.0627442063492) (Variant type: FLOAT)
WARNING: [GdPAI] ObjectRef(124621163998): object was freed before callback; returning Nil.
   at: gdplanningai_rust::logger::process_logs (src\logger.rs:66)
   GDScript backtrace (most recent call first):
       [0] _drain_scheduler (res://test/integration/test_campfire_example_smoke.gd:27)
WARNING: [GdPAI] ObjectRef(124134624705): object was freed before callback; returning Nil.
   at: gdplanningai_rust::logger::process_logs (src\logger.rs:66)
   GDScript backtrace (most recent call first):
       [0] _drain_scheduler (res://test/integration/test_campfire_example_smoke.gd:27)
WARNING: [GdPAI] ObjectRef(124134624705): object was freed before callback; returning Nil.
   at: gdplanningai_rust::logger::process_logs (src\logger.rs:66)
   GDScript backtrace (most recent call first):
       [0] _drain_scheduler (res://test/integration/test_campfire_example_smoke.gd:27)
[GdPAI | debug] GetCost: callable returned non-numeric value: null; returning INFINITY
WARNING: [GdPAI] ObjectRef(124621163998): object was freed before callback; returning Nil.
   at: gdplanningai_rust::logger::process_logs (src\logger.rs:66)
   GDScript backtrace (most recent call first):
       [0] _process (res://addons/GdPlanningAI/gdpai_autoload.gd:21)
WARNING: [GdPAI] ObjectRef(124134624705): object was freed before callback; returning Nil.
   at: gdplanningai_rust::logger::process_logs (src\logger.rs:66)
   GDScript backtrace (most recent call first):
       [0] _process (res://addons/GdPlanningAI/gdpai_autoload.gd:21)
WARNING: [GdPAI] ObjectRef(124134624705): object was freed before callback; returning Nil.
   at: gdplanningai_rust::logger::process_logs (src\logger.rs:66)
   GDScript backtrace (most recent call first):
       [0] _process (res://addons/GdPlanningAI/gdpai_autoload.gd:21)
[GdPAI | debug] ApplyEffect [Before] ID=InstanceId(-9223371057837103871): agent props = {"hunger": 70.0627442063492, "entity": null, "at_target": null, "held_item": ""}
[GdPAI | debug] ApplyEffect [After] ID=InstanceId(-9223371057837103871): agent props = {"hunger": 70.0627442063492, "entity": null, "at_target": null, "held_item": ""}
[GdPAI | debug]   Snapshotting prop: hunger = Float(70.0627442063492) (Variant type: FLOAT)
[GdPAI | debug]   Snapshotting prop: entity = Nil (Variant type: NIL)
[GdPAI | debug]   Snapshotting prop: at_target = Nil (Variant type: NIL)
[GdPAI | debug]   Snapshotting prop: held_item = Str("") (Variant type: STRING)
WARNING: [GdPAI] ObjectRef(124621163998): object was freed before callback; returning Nil.
   at: gdplanningai_rust::logger::process_logs (src\logger.rs:66)
   GDScript backtrace (most recent call first):
       [0] _drain_scheduler (res://test/integration/test_campfire_example_smoke.gd:27)
[GdPAI | debug] GetCost: callable returned non-numeric value: null; returning INFINITY
WARNING: [GdPAI] ObjectRef(124621163998): object was freed before callback; returning Nil.
   at: gdplanningai_rust::logger::process_logs (src\logger.rs:66)
   GDScript backtrace (most recent call first):
       [0] _process (res://addons/GdPlanningAI/gdpai_autoload.gd:21)
[GdPAI | debug] ApplyEffect [Before] ID=InstanceId(-9223371056478149354): agent props = {"hunger": 70.0627442063492, "at_target": null, "entity": null, "held_item": "wood"}
[GdPAI | debug] ApplyEffect [After] ID=InstanceId(-9223371056478149354): agent props = {"hunger": 70.0627442063492, "at_target": null, "entity": null, "held_item": "wood"}
[GdPAI | debug]   Snapshotting prop: hunger = Float(70.0627442063492) (Variant type: FLOAT)
[GdPAI | debug]   Snapshotting prop: at_target = Nil (Variant type: NIL)
[GdPAI | debug]   Snapshotting prop: entity = Nil (Variant type: NIL)
[GdPAI | debug]   Snapshotting prop: held_item = Str("wood") (Variant type: STRING)
[GdPAI] A* Iteration: pop node with chain length 3
[GdPAI | debug] Numeric comparison: 70.0627442063492 LessThan 55.062744206349194 -> false
[GdPAI | debug] find_candidates: Checking 15 actions against 0 preconds and 0 requirements
WARNING: [GdPAI] ObjectRef(124621163998): object was freed before callback; returning Nil.
   at: gdplanningai_rust::logger::process_logs (src\logger.rs:66)
   GDScript backtrace (most recent call first):
       [0] _drain_scheduler (res://test/integration/test_campfire_example_smoke.gd:27)
WARNING: [GdPAI] ObjectRef(124621163998): object was freed before callback; returning Nil.
   at: gdplanningai_rust::logger::process_logs (src\logger.rs:66)
   GDScript backtrace (most recent call first):
       [0] _drain_scheduler (res://test/integration/test_campfire_example_smoke.gd:27)
WARNING: [GdPAI] ObjectRef(124621163998): object was freed before callback; returning Nil.
   at: gdplanningai_rust::logger::process_logs (src\logger.rs:66)
   GDScript backtrace (most recent call first):
       [0] _process (res://addons/GdPlanningAI/gdpai_autoload.gd:21)
WARNING: [GdPAI] ObjectRef(124621163998): object was freed before callback; returning Nil.
   at: gdplanningai_rust::logger::process_logs (src\logger.rs:66)
   GDScript backtrace (most recent call first):
       [0] _process (res://addons/GdPlanningAI/gdpai_autoload.gd:21)
WARNING: [GdPAI] ObjectRef(124621163998): object was freed before callback; returning Nil.
   at: gdplanningai_rust::logger::process_logs (src\logger.rs:66)
   GDScript backtrace (most recent call first):
       [0] _drain_scheduler (res://test/integration/test_campfire_example_smoke.gd:27)
WARNING: [GdPAI] ObjectRef(124621163998): object was freed before callback; returning Nil.
   at: gdplanningai_rust::logger::process_logs (src\logger.rs:66)
   GDScript backtrace (most recent call first):
       [0] _drain_scheduler (res://test/integration/test_campfire_example_smoke.gd:27)
[GdPAI | debug] Discovery: Action Cook Potato failed validity check, skipping
WARNING: [GdPAI] ObjectRef(124621163998): object was freed before callback; returning Nil.
   at: gdplanningai_rust::logger::process_logs (src\logger.rs:66)
   GDScript backtrace (most recent call first):
       [0] _process (res://addons/GdPlanningAI/gdpai_autoload.gd:21)
WARNING: [GdPAI] ObjectRef(124621163998): object was freed before callback; returning Nil.
   at: gdplanningai_rust::logger::process_logs (src\logger.rs:66)
   GDScript backtrace (most recent call first):
       [0] _process (res://addons/GdPlanningAI/gdpai_autoload.gd:21)
[GdPAI | debug] Discovery: Action Dig Potato failed validity check, skipping
WARNING: [GdPAI] ObjectRef(124621163998): object was freed before callback; returning Nil.
   at: gdplanningai_rust::logger::process_logs (src\logger.rs:66)
   GDScript backtrace (most recent call first):
       [0] _drain_scheduler (res://test/integration/test_campfire_example_smoke.gd:27)
WARNING: [GdPAI] ObjectRef(124621163998): object was freed before callback; returning Nil.
   at: gdplanningai_rust::logger::process_logs (src\logger.rs:66)
   GDScript backtrace (most recent call first):
       [0] _drain_scheduler (res://test/integration/test_campfire_example_smoke.gd:27)
[GdPAI | debug] Discovery: Action Dig Potato failed validity check, skipping
WARNING: [GdPAI] ObjectRef(124621163998): object was freed before callback; returning Nil.
   at: gdplanningai_rust::logger::process_logs (src\logger.rs:66)
   GDScript backtrace (most recent call first):
       [0] _process (res://addons/GdPlanningAI/gdpai_autoload.gd:21)
WARNING: [GdPAI] ObjectRef(124621163998): object was freed before callback; returning Nil.
   at: gdplanningai_rust::logger::process_logs (src\logger.rs:66)
   GDScript backtrace (most recent call first):
       [0] _process (res://addons/GdPlanningAI/gdpai_autoload.gd:21)
[GdPAI | debug] Discovery: Action Dig Potato failed validity check, skipping
WARNING: [GdPAI] ObjectRef(124621163998): object was freed before callback; returning Nil.
   at: gdplanningai_rust::logger::process_logs (src\logger.rs:66)
   GDScript backtrace (most recent call first):
       [0] _drain_scheduler (res://test/integration/test_campfire_example_smoke.gd:27)
WARNING: [GdPAI] ObjectRef(124621163998): object was freed before callback; returning Nil.
   at: gdplanningai_rust::logger::process_logs (src\logger.rs:66)
   GDScript backtrace (most recent call first):
       [0] _drain_scheduler (res://test/integration/test_campfire_example_smoke.gd:27)
[GdPAI | debug] Discovery: Action Dig Potato failed validity check, skipping
WARNING: [GdPAI] ObjectRef(124621163998): object was freed before callback; returning Nil.
   at: gdplanningai_rust::logger::process_logs (src\logger.rs:66)
   GDScript backtrace (most recent call first):
       [0] _process (res://addons/GdPlanningAI/gdpai_autoload.gd:21)
WARNING: [GdPAI] ObjectRef(124621163998): object was freed before callback; returning Nil.
   at: gdplanningai_rust::logger::process_logs (src\logger.rs:66)
   GDScript backtrace (most recent call first):
       [0] _process (res://addons/GdPlanningAI/gdpai_autoload.gd:21)
[GdPAI | debug] Discovery: Action Dig Potato failed validity check, skipping
[GdPAI | debug] No candidates found for branch with 0 preconds and 0 requirements
[GdPAI] A* Iteration: pop node with chain length 3
[GdPAI | debug] Numeric comparison: 70.0627442063492 LessThan 55.062744206349194 -> false
[GdPAI | debug] find_candidates: Checking 15 actions against 0 preconds and 0 requirements
WARNING: [GdPAI] ObjectRef(124621163998): object was freed before callback; returning Nil.
   at: gdplanningai_rust::logger::process_logs (src\logger.rs:66)
   GDScript backtrace (most recent call first):
       [0] _drain_scheduler (res://test/integration/test_campfire_example_smoke.gd:27)
WARNING: [GdPAI] ObjectRef(124621163998): object was freed before callback; returning Nil.
   at: gdplanningai_rust::logger::process_logs (src\logger.rs:66)
   GDScript backtrace (most recent call first):
       [0] _drain_scheduler (res://test/integration/test_campfire_example_smoke.gd:27)
WARNING: [GdPAI] ObjectRef(124621163998): object was freed before callback; returning Nil.
   at: gdplanningai_rust::logger::process_logs (src\logger.rs:66)
   GDScript backtrace (most recent call first):
       [0] _process (res://addons/GdPlanningAI/gdpai_autoload.gd:21)
WARNING: [GdPAI] ObjectRef(124621163998): object was freed before callback; returning Nil.
   at: gdplanningai_rust::logger::process_logs (src\logger.rs:66)
   GDScript backtrace (most recent call first):
       [0] _process (res://addons/GdPlanningAI/gdpai_autoload.gd:21)
WARNING: [GdPAI] ObjectRef(124621163998): object was freed before callback; returning Nil.
   at: gdplanningai_rust::logger::process_logs (src\logger.rs:66)
   GDScript backtrace (most recent call first):
       [0] _drain_scheduler (res://test/integration/test_campfire_example_smoke.gd:27)
WARNING: [GdPAI] ObjectRef(124621163998): object was freed before callback; returning Nil.
   at: gdplanningai_rust::logger::process_logs (src\logger.rs:66)
   GDScript backtrace (most recent call first):
       [0] _drain_scheduler (res://test/integration/test_campfire_example_smoke.gd:27)
[GdPAI | debug] Discovery: Action Cook Potato failed validity check, skipping
WARNING: [GdPAI] ObjectRef(124621163998): object was freed before callback; returning Nil.
   at: gdplanningai_rust::logger::process_logs (src\logger.rs:66)
   GDScript backtrace (most recent call first):
       [0] _process (res://addons/GdPlanningAI/gdpai_autoload.gd:21)
WARNING: [GdPAI] ObjectRef(124621163998): object was freed before callback; returning Nil.
   at: gdplanningai_rust::logger::process_logs (src\logger.rs:66)
   GDScript backtrace (most recent call first):
       [0] _process (res://addons/GdPlanningAI/gdpai_autoload.gd:21)
[GdPAI | debug] Discovery: Action Dig Potato failed validity check, skipping
WARNING: [GdPAI] ObjectRef(124621163998): object was freed before callback; returning Nil.
   at: gdplanningai_rust::logger::process_logs (src\logger.rs:66)
   GDScript backtrace (most recent call first):
       [0] _drain_scheduler (res://test/integration/test_campfire_example_smoke.gd:27)
WARNING: [GdPAI] ObjectRef(124621163998): object was freed before callback; returning Nil.
   at: gdplanningai_rust::logger::process_logs (src\logger.rs:66)
   GDScript backtrace (most recent call first):
       [0] _drain_scheduler (res://test/integration/test_campfire_example_smoke.gd:27)
[GdPAI | debug] Discovery: Action Dig Potato failed validity check, skipping
WARNING: [GdPAI] ObjectRef(124621163998): object was freed before callback; returning Nil.
   at: gdplanningai_rust::logger::process_logs (src\logger.rs:66)
   GDScript backtrace (most recent call first):
       [0] _process (res://addons/GdPlanningAI/gdpai_autoload.gd:21)
WARNING: [GdPAI] ObjectRef(124621163998): object was freed before callback; returning Nil.
   at: gdplanningai_rust::logger::process_logs (src\logger.rs:66)
   GDScript backtrace (most recent call first):
       [0] _process (res://addons/GdPlanningAI/gdpai_autoload.gd:21)
[GdPAI | debug] Discovery: Action Dig Potato failed validity check, skipping
WARNING: [GdPAI] ObjectRef(124621163998): object was freed before callback; returning Nil.
   at: gdplanningai_rust::logger::process_logs (src\logger.rs:66)
   GDScript backtrace (most recent call first):
       [0] _drain_scheduler (res://test/integration/test_campfire_example_smoke.gd:27)
WARNING: [GdPAI] ObjectRef(124621163998): object was freed before callback; returning Nil.
   at: gdplanningai_rust::logger::process_logs (src\logger.rs:66)
   GDScript backtrace (most recent call first):
       [0] _drain_scheduler (res://test/integration/test_campfire_example_smoke.gd:27)
[GdPAI | debug] Discovery: Action Dig Potato failed validity check, skipping
WARNING: [GdPAI] ObjectRef(124621163998): object was freed before callback; returning Nil.
   at: gdplanningai_rust::logger::process_logs (src\logger.rs:66)
   GDScript backtrace (most recent call first):
       [0] _process (res://addons/GdPlanningAI/gdpai_autoload.gd:21)
WARNING: [GdPAI] ObjectRef(124621163998): object was freed before callback; returning Nil.
   at: gdplanningai_rust::logger::process_logs (src\logger.rs:66)
   GDScript backtrace (most recent call first):
       [0] _process (res://addons/GdPlanningAI/gdpai_autoload.gd:21)
[GdPAI | debug] Discovery: Action Dig Potato failed validity check, skipping
[GdPAI | debug] No candidates found for branch with 0 preconds and 0 requirements
[GdPAI] A* Iteration: pop node with chain length 3
[GdPAI | debug] find_candidates: Checking 15 actions against 1 preconds and 2 requirements
WARNING: [GdPAI] ObjectRef(124621163998): object was freed before callback; returning Nil.
   at: gdplanningai_rust::logger::process_logs (src\logger.rs:66)
   GDScript backtrace (most recent call first):
       [0] _drain_scheduler (res://test/integration/test_campfire_example_smoke.gd:27)
WARNING: [GdPAI] ObjectRef(124621163998): object was freed before callback; returning Nil.
   at: gdplanningai_rust::logger::process_logs (src\logger.rs:66)
   GDScript backtrace (most recent call first):
       [0] _drain_scheduler (res://test/integration/test_campfire_example_smoke.gd:27)
[GdPAI | debug] Discovery: Starting simulation for action Go To
WARNING: [GdPAI] ObjectRef(124621163998): object was freed before callback; returning Nil.
   at: gdplanningai_rust::logger::process_logs (src\logger.rs:66)
   GDScript backtrace (most recent call first):
       [0] _process (res://addons/GdPlanningAI/gdpai_autoload.gd:21)
WARNING: [GdPAI] ObjectRef(124621163998): object was freed before callback; returning Nil.
   at: gdplanningai_rust::logger::process_logs (src\logger.rs:66)
   GDScript backtrace (most recent call first):
       [0] _process (res://addons/GdPlanningAI/gdpai_autoload.gd:21)
[GdPAI | debug] GetCost: callable returned non-numeric value: null; returning INFINITY
WARNING: [GdPAI] ObjectRef(124621163998): object was freed before callback; returning Nil.
   at: gdplanningai_rust::logger::process_logs (src\logger.rs:66)
   GDScript backtrace (most recent call first):
       [0] _drain_scheduler (res://test/integration/test_campfire_example_smoke.gd:27)
WARNING: [GdPAI] ObjectRef(124621163998): object was freed before callback; returning Nil.
   at: gdplanningai_rust::logger::process_logs (src\logger.rs:66)
   GDScript backtrace (most recent call first):
       [0] _drain_scheduler (res://test/integration/test_campfire_example_smoke.gd:27)
[GdPAI | debug] ApplyEffect [Before] ID=InstanceId(-9223371043626801740): agent props = {"entity": null, "held_item": "", "hunger": 70.0627442063492}
[GdPAI | debug] ApplyEffect [After] ID=InstanceId(-9223371043626801740): agent props = {"entity": null, "held_item": "", "hunger": 70.0627442063492}
[GdPAI | debug]   Snapshotting prop: entity = Nil (Variant type: NIL)
[GdPAI | debug]   Snapshotting prop: held_item = Str("") (Variant type: STRING)
[GdPAI | debug]   Snapshotting prop: hunger = Float(70.0627442063492) (Variant type: FLOAT)
[GdPAI | debug] Discovery: Simulation success for Go To. Agent props: {"entity": Nil, "held_item": Str(""), "hunger": Float(70.0627442063492)}
[GdPAI | debug] Discovery: Action Go To satisfied precond Builtin { target: Agent, operation: Equal, property_name: "held_item", value: Some(Str("")) }
[GdPAI | debug] Found candidate: Go To (satisfied preconds: [0], requirements: [0, 1])
[GdPAI | debug] Discovery: Starting simulation for action Eat Held Food
WARNING: [GdPAI] ObjectRef(124621163998): object was freed before callback; returning Nil.
   at: gdplanningai_rust::logger::process_logs (src\logger.rs:66)
   GDScript backtrace (most recent call first):
       [0] _process (res://addons/GdPlanningAI/gdpai_autoload.gd:21)
WARNING: [GdPAI] ObjectRef(124621163998): object was freed before callback; returning Nil.
   at: gdplanningai_rust::logger::process_logs (src\logger.rs:66)
   GDScript backtrace (most recent call first):
       [0] _process (res://addons/GdPlanningAI/gdpai_autoload.gd:21)
[GdPAI | debug] GetCost: callable returned non-numeric value: null; returning INFINITY
WARNING: [GdPAI] ObjectRef(124621163998): object was freed before callback; returning Nil.
   at: gdplanningai_rust::logger::process_logs (src\logger.rs:66)
   GDScript backtrace (most recent call first):
       [0] _drain_scheduler (res://test/integration/test_campfire_example_smoke.gd:27)
WARNING: [GdPAI] ObjectRef(124621163998): object was freed before callback; returning Nil.
   at: gdplanningai_rust::logger::process_logs (src\logger.rs:66)
   GDScript backtrace (most recent call first):
       [0] _drain_scheduler (res://test/integration/test_campfire_example_smoke.gd:27)
[GdPAI | debug] ApplyEffect [Before] ID=InstanceId(-9223371042267847236): agent props = {"hunger": 70.0627442063492, "held_item": "", "entity": null}
[GdPAI | debug] ApplyEffect [After] ID=InstanceId(-9223371042267847236): agent props = {"hunger": 70.0627442063492, "held_item": "", "entity": null}
[GdPAI | debug]   Snapshotting prop: hunger = Float(70.0627442063492) (Variant type: FLOAT)
[GdPAI | debug]   Snapshotting prop: held_item = Str("") (Variant type: STRING)
[GdPAI | debug]   Snapshotting prop: entity = Nil (Variant type: NIL)
[GdPAI | debug] Discovery: Simulation success for Eat Held Food. Agent props: {"hunger": Float(70.0627442063492), "held_item": Str(""), "entity": Nil}
[GdPAI | debug] Discovery: Action Eat Held Food satisfied precond Builtin { target: Agent, operation: Equal, property_name: "held_item", value: Some(Str("")) }
[GdPAI | debug] Found candidate: Eat Held Food (satisfied preconds: [0], requirements: [])
WARNING: [GdPAI] ObjectRef(124621163998): object was freed before callback; returning Nil.
   at: gdplanningai_rust::logger::process_logs (src\logger.rs:66)
   GDScript backtrace (most recent call first):
       [0] _process (res://addons/GdPlanningAI/gdpai_autoload.gd:21)
WARNING: [GdPAI] ObjectRef(124621163998): object was freed before callback; returning Nil.
   at: gdplanningai_rust::logger::process_logs (src\logger.rs:66)
   GDScript backtrace (most recent call first):
       [0] _process (res://addons/GdPlanningAI/gdpai_autoload.gd:21)
[GdPAI | debug] Discovery: Starting simulation for action Go To
WARNING: [GdPAI] ObjectRef(124621163998): object was freed before callback; returning Nil.
   at: gdplanningai_rust::logger::process_logs (src\logger.rs:66)
   GDScript backtrace (most recent call first):
       [0] _drain_scheduler (res://test/integration/test_campfire_example_smoke.gd:27)
WARNING: [GdPAI] ObjectRef(124621163998): object was freed before callback; returning Nil.
   at: gdplanningai_rust::logger::process_logs (src\logger.rs:66)
   GDScript backtrace (most recent call first):
       [0] _drain_scheduler (res://test/integration/test_campfire_example_smoke.gd:27)
[GdPAI | debug] GetCost: callable returned non-numeric value: null; returning INFINITY
WARNING: [GdPAI] ObjectRef(124621163998): object was freed before callback; returning Nil.
   at: gdplanningai_rust::logger::process_logs (src\logger.rs:66)
   GDScript backtrace (most recent call first):
       [0] _process (res://addons/GdPlanningAI/gdpai_autoload.gd:21)
WARNING: [GdPAI] ObjectRef(124621163998): object was freed before callback; returning Nil.
   at: gdplanningai_rust::logger::process_logs (src\logger.rs:66)
   GDScript backtrace (most recent call first):
       [0] _process (res://addons/GdPlanningAI/gdpai_autoload.gd:21)
[GdPAI | debug] ApplyEffect [Before] ID=InstanceId(-9223371040221026911): agent props = {"hunger": 70.0627442063492, "held_item": "", "entity": null}
[GdPAI | debug] ApplyEffect [After] ID=InstanceId(-9223371040221026911): agent props = {"hunger": 70.0627442063492, "held_item": "", "entity": null}
[GdPAI | debug]   Snapshotting prop: hunger = Float(70.0627442063492) (Variant type: FLOAT)
[GdPAI | debug]   Snapshotting prop: held_item = Str("") (Variant type: STRING)
[GdPAI | debug]   Snapshotting prop: entity = Nil (Variant type: NIL)
[GdPAI | debug] Discovery: Simulation success for Go To. Agent props: {"held_item": Str(""), "hunger": Float(70.0627442063492), "entity": Nil}
[GdPAI | debug] Discovery: Action Go To satisfied precond Builtin { target: Agent, operation: Equal, property_name: "held_item", value: Some(Str("")) }
[GdPAI | debug] Found candidate: Go To (satisfied preconds: [0], requirements: [0, 1])
[GdPAI | debug] Discovery: Starting simulation for action Drop Item
WARNING: [GdPAI] ObjectRef(124621163998): object was freed before callback; returning Nil.
   at: gdplanningai_rust::logger::process_logs (src\logger.rs:66)
   GDScript backtrace (most recent call first):
       [0] _drain_scheduler (res://test/integration/test_campfire_example_smoke.gd:27)
WARNING: [GdPAI] ObjectRef(124621163998): object was freed before callback; returning Nil.
   at: gdplanningai_rust::logger::process_logs (src\logger.rs:66)
   GDScript backtrace (most recent call first):
       [0] _drain_scheduler (res://test/integration/test_campfire_example_smoke.gd:27)
[GdPAI | debug] GetCost: callable returned non-numeric value: null; returning INFINITY
WARNING: [GdPAI] ObjectRef(124621163998): object was freed before callback; returning Nil.
   at: gdplanningai_rust::logger::process_logs (src\logger.rs:66)
   GDScript backtrace (most recent call first):
       [0] _process (res://addons/GdPlanningAI/gdpai_autoload.gd:21)
WARNING: [GdPAI] ObjectRef(124621163998): object was freed before callback; returning Nil.
   at: gdplanningai_rust::logger::process_logs (src\logger.rs:66)
   GDScript backtrace (most recent call first):
       [0] _process (res://addons/GdPlanningAI/gdpai_autoload.gd:21)
[GdPAI | debug] ApplyEffect [Before] ID=InstanceId(-9223371038862072368): agent props = {"hunger": 70.0627442063492, "held_item": "", "entity": null}
[GdPAI | debug] ApplyEffect [After] ID=InstanceId(-9223371038862072368): agent props = {"hunger": 70.0627442063492, "held_item": "", "entity": null}
[GdPAI | debug]   Snapshotting prop: hunger = Float(70.0627442063492) (Variant type: FLOAT)
[GdPAI | debug]   Snapshotting prop: held_item = Str("") (Variant type: STRING)
[GdPAI | debug]   Snapshotting prop: entity = Nil (Variant type: NIL)
[GdPAI | debug] Discovery: Simulation success for Drop Item. Agent props: {"entity": Nil, "held_item": Str(""), "hunger": Float(70.0627442063492)}
[GdPAI | debug] Discovery: Action Drop Item satisfied precond Builtin { target: Agent, operation: Equal, property_name: "held_item", value: Some(Str("")) }
[GdPAI | debug] Found candidate: Drop Item (satisfied preconds: [0], requirements: [])
[GdPAI | debug] Discovery: Starting simulation for action Add Fuel
WARNING: [GdPAI] ObjectRef(124621163998): object was freed before callback; returning Nil.
   at: gdplanningai_rust::logger::process_logs (src\logger.rs:66)
   GDScript backtrace (most recent call first):
       [0] _drain_scheduler (res://test/integration/test_campfire_example_smoke.gd:27)
WARNING: [GdPAI] ObjectRef(124621163998): object was freed before callback; returning Nil.
   at: gdplanningai_rust::logger::process_logs (src\logger.rs:66)
   GDScript backtrace (most recent call first):
       [0] _drain_scheduler (res://test/integration/test_campfire_example_smoke.gd:27)
[GdPAI | debug] GetCost: callable returned non-numeric value: null; returning INFINITY
WARNING: [GdPAI] ObjectRef(124621163998): object was freed before callback; returning Nil.
   at: gdplanningai_rust::logger::process_logs (src\logger.rs:66)
   GDScript backtrace (most recent call first):
       [0] _process (res://addons/GdPlanningAI/gdpai_autoload.gd:21)
WARNING: [GdPAI] ObjectRef(124621163998): object was freed before callback; returning Nil.
   at: gdplanningai_rust::logger::process_logs (src\logger.rs:66)
   GDScript backtrace (most recent call first):
       [0] _process (res://addons/GdPlanningAI/gdpai_autoload.gd:21)
[GdPAI | debug] ApplyEffect [Before] ID=InstanceId(-9223371037503117904): agent props = {"hunger": 70.0627442063492, "entity": null, "held_item": "wood"}
[GdPAI | debug] ApplyEffect [After] ID=InstanceId(-9223371037503117904): agent props = {"hunger": 70.0627442063492, "entity": null, "held_item": "wood"}
[GdPAI | debug]   Snapshotting prop: hunger = Float(70.0627442063492) (Variant type: FLOAT)
[GdPAI | debug]   Snapshotting prop: entity = Nil (Variant type: NIL)
[GdPAI | debug]   Snapshotting prop: held_item = Str("wood") (Variant type: STRING)
[GdPAI | debug] Discovery: Simulation success for Add Fuel. Agent props: {"held_item": Str("wood"), "entity": Nil, "hunger": Float(70.0627442063492)}
[GdPAI | debug] Discovery: Action Add Fuel did NOT satisfy precond Builtin { target: Agent, operation: Equal, property_name: "held_item", value: Some(Str("")) }
WARNING: [GdPAI] ObjectRef(124621163998): object was freed before callback; returning Nil.
   at: gdplanningai_rust::logger::process_logs (src\logger.rs:66)
   GDScript backtrace (most recent call first):
       [0] _drain_scheduler (res://test/integration/test_campfire_example_smoke.gd:27)
WARNING: [GdPAI] ObjectRef(124621163998): object was freed before callback; returning Nil.
   at: gdplanningai_rust::logger::process_logs (src\logger.rs:66)
   GDScript backtrace (most recent call first):
       [0] _drain_scheduler (res://test/integration/test_campfire_example_smoke.gd:27)
[GdPAI | debug] Discovery: Action Cook Potato failed validity check, skipping
[GdPAI | debug] Discovery: Starting simulation for action Pick Up Wood
WARNING: [GdPAI] ObjectRef(124621163998): object was freed before callback; returning Nil.
   at: gdplanningai_rust::logger::process_logs (src\logger.rs:66)
   GDScript backtrace (most recent call first):
       [0] _process (res://addons/GdPlanningAI/gdpai_autoload.gd:21)
WARNING: [GdPAI] ObjectRef(124621163998): object was freed before callback; returning Nil.
   at: gdplanningai_rust::logger::process_logs (src\logger.rs:66)
   GDScript backtrace (most recent call first):
       [0] _process (res://addons/GdPlanningAI/gdpai_autoload.gd:21)
[GdPAI | debug] GetCost: callable returned non-numeric value: null; returning INFINITY
WARNING: [GdPAI] ObjectRef(124621163998): object was freed before callback; returning Nil.
   at: gdplanningai_rust::logger::process_logs (src\logger.rs:66)
   GDScript backtrace (most recent call first):
       [0] _drain_scheduler (res://test/integration/test_campfire_example_smoke.gd:27)
WARNING: [GdPAI] ObjectRef(124621163998): object was freed before callback; returning Nil.
   at: gdplanningai_rust::logger::process_logs (src\logger.rs:66)
   GDScript backtrace (most recent call first):
       [0] _drain_scheduler (res://test/integration/test_campfire_example_smoke.gd:27)
[GdPAI | debug] ApplyEffect [Before] ID=InstanceId(-9223371035473074698): agent props = {"hunger": 70.0627442063492, "entity": null, "held_item": ""}
[GdPAI | debug] ApplyEffect [After] ID=InstanceId(-9223371035473074698): agent props = {"hunger": 70.0627442063492, "entity": null, "held_item": ""}
[GdPAI | debug]   Snapshotting prop: hunger = Float(70.0627442063492) (Variant type: FLOAT)
[GdPAI | debug]   Snapshotting prop: entity = Nil (Variant type: NIL)
[GdPAI | debug]   Snapshotting prop: held_item = Str("") (Variant type: STRING)
[GdPAI | debug] Discovery: Simulation success for Pick Up Wood. Agent props: {"hunger": Float(70.0627442063492), "entity": Nil, "held_item": Str("")}
[GdPAI | debug] Discovery: Action Pick Up Wood satisfied precond Builtin { target: Agent, operation: Equal, property_name: "held_item", value: Some(Str("")) }
[GdPAI | debug] Found candidate: Pick Up Wood (satisfied preconds: [0], requirements: [])
[GdPAI | debug] Discovery: Starting simulation for action Pick Up Wood
WARNING: [GdPAI] ObjectRef(124621163998): object was freed before callback; returning Nil.
   at: gdplanningai_rust::logger::process_logs (src\logger.rs:66)
   GDScript backtrace (most recent call first):
       [0] _process (res://addons/GdPlanningAI/gdpai_autoload.gd:21)
WARNING: [GdPAI] ObjectRef(124621163998): object was freed before callback; returning Nil.
   at: gdplanningai_rust::logger::process_logs (src\logger.rs:66)
   GDScript backtrace (most recent call first):
       [0] _process (res://addons/GdPlanningAI/gdpai_autoload.gd:21)
[GdPAI | debug] GetCost: callable returned non-numeric value: null; returning INFINITY
WARNING: [GdPAI] ObjectRef(124621163998): object was freed before callback; returning Nil.
   at: gdplanningai_rust::logger::process_logs (src\logger.rs:66)
   GDScript backtrace (most recent call first):
       [0] _drain_scheduler (res://test/integration/test_campfire_example_smoke.gd:27)
WARNING: [GdPAI] ObjectRef(124621163998): object was freed before callback; returning Nil.
   at: gdplanningai_rust::logger::process_logs (src\logger.rs:66)
   GDScript backtrace (most recent call first):
       [0] _drain_scheduler (res://test/integration/test_campfire_example_smoke.gd:27)
[GdPAI | debug] ApplyEffect [Before] ID=InstanceId(-9223371034114120179): agent props = {"hunger": 70.0627442063492, "held_item": "", "entity": null}
[GdPAI | debug] ApplyEffect [After] ID=InstanceId(-9223371034114120179): agent props = {"hunger": 70.0627442063492, "held_item": "", "entity": null}
[GdPAI | debug]   Snapshotting prop: hunger = Float(70.0627442063492) (Variant type: FLOAT)
[GdPAI | debug]   Snapshotting prop: held_item = Str("") (Variant type: STRING)
[GdPAI | debug]   Snapshotting prop: entity = Nil (Variant type: NIL)
[GdPAI | debug] Discovery: Simulation success for Pick Up Wood. Agent props: {"held_item": Str(""), "hunger": Float(70.0627442063492), "entity": Nil}
[GdPAI | debug] Discovery: Action Pick Up Wood satisfied precond Builtin { target: Agent, operation: Equal, property_name: "held_item", value: Some(Str("")) }
[GdPAI | debug] Found candidate: Pick Up Wood (satisfied preconds: [0], requirements: [])
[GdPAI | debug] Discovery: Starting simulation for action Pick Up Wood
WARNING: [GdPAI] ObjectRef(124621163998): object was freed before callback; returning Nil.
   at: gdplanningai_rust::logger::process_logs (src\logger.rs:66)
   GDScript backtrace (most recent call first):
       [0] _process (res://addons/GdPlanningAI/gdpai_autoload.gd:21)
WARNING: [GdPAI] ObjectRef(124621163998): object was freed before callback; returning Nil.
   at: gdplanningai_rust::logger::process_logs (src\logger.rs:66)
   GDScript backtrace (most recent call first):
       [0] _process (res://addons/GdPlanningAI/gdpai_autoload.gd:21)
[GdPAI | debug] GetCost: callable returned non-numeric value: null; returning INFINITY
WARNING: [GdPAI] ObjectRef(124621163998): object was freed before callback; returning Nil.
   at: gdplanningai_rust::logger::process_logs (src\logger.rs:66)
   GDScript backtrace (most recent call first):
       [0] _drain_scheduler (res://test/integration/test_campfire_example_smoke.gd:27)
WARNING: [GdPAI] ObjectRef(124621163998): object was freed before callback; returning Nil.
   at: gdplanningai_rust::logger::process_logs (src\logger.rs:66)
   GDScript backtrace (most recent call first):
       [0] _drain_scheduler (res://test/integration/test_campfire_example_smoke.gd:27)
[GdPAI | debug] ApplyEffect [Before] ID=InstanceId(-9223371032755165668): agent props = {"entity": null, "hunger": 70.0627442063492, "held_item": ""}
[GdPAI | debug] ApplyEffect [After] ID=InstanceId(-9223371032755165668): agent props = {"entity": null, "hunger": 70.0627442063492, "held_item": ""}
[GdPAI | debug]   Snapshotting prop: entity = Nil (Variant type: NIL)
[GdPAI | debug]   Snapshotting prop: hunger = Float(70.0627442063492) (Variant type: FLOAT)
[GdPAI | debug]   Snapshotting prop: held_item = Str("") (Variant type: STRING)
[GdPAI | debug] Discovery: Simulation success for Pick Up Wood. Agent props: {"hunger": Float(70.0627442063492), "held_item": Str(""), "entity": Nil}
[GdPAI | debug] Discovery: Action Pick Up Wood satisfied precond Builtin { target: Agent, operation: Equal, property_name: "held_item", value: Some(Str("")) }
[GdPAI | debug] Found candidate: Pick Up Wood (satisfied preconds: [0], requirements: [])
[GdPAI | debug] Discovery: Starting simulation for action Pick Up Wood
WARNING: [GdPAI] ObjectRef(124621163998): object was freed before callback; returning Nil.
   at: gdplanningai_rust::logger::process_logs (src\logger.rs:66)
   GDScript backtrace (most recent call first):
       [0] _process (res://addons/GdPlanningAI/gdpai_autoload.gd:21)
WARNING: [GdPAI] ObjectRef(124621163998): object was freed before callback; returning Nil.
   at: gdplanningai_rust::logger::process_logs (src\logger.rs:66)
   GDScript backtrace (most recent call first):
       [0] _process (res://addons/GdPlanningAI/gdpai_autoload.gd:21)
[GdPAI | debug] GetCost: callable returned non-numeric value: null; returning INFINITY
WARNING: [GdPAI] ObjectRef(124621163998): object was freed before callback; returning Nil.
   at: gdplanningai_rust::logger::process_logs (src\logger.rs:66)
   GDScript backtrace (most recent call first):
       [0] _drain_scheduler (res://test/integration/test_campfire_example_smoke.gd:27)
WARNING: [GdPAI] ObjectRef(124621163998): object was freed before callback; returning Nil.
   at: gdplanningai_rust::logger::process_logs (src\logger.rs:66)
   GDScript backtrace (most recent call first):
       [0] _drain_scheduler (res://test/integration/test_campfire_example_smoke.gd:27)
[GdPAI | debug] ApplyEffect [Before] ID=InstanceId(-9223371031396211180): agent props = {"held_item": "", "hunger": 70.0627442063492, "entity": null}
[GdPAI | debug] ApplyEffect [After] ID=InstanceId(-9223371031396211180): agent props = {"held_item": "", "hunger": 70.0627442063492, "entity": null}
[GdPAI | debug]   Snapshotting prop: held_item = Str("") (Variant type: STRING)
[GdPAI | debug]   Snapshotting prop: hunger = Float(70.0627442063492) (Variant type: FLOAT)
[GdPAI | debug]   Snapshotting prop: entity = Nil (Variant type: NIL)
[GdPAI | debug] Discovery: Simulation success for Pick Up Wood. Agent props: {"hunger": Float(70.0627442063492), "entity": Nil, "held_item": Str("")}
[GdPAI | debug] Discovery: Action Pick Up Wood satisfied precond Builtin { target: Agent, operation: Equal, property_name: "held_item", value: Some(Str("")) }
[GdPAI | debug] Found candidate: Pick Up Wood (satisfied preconds: [0], requirements: [])
WARNING: [GdPAI] ObjectRef(124621163998): object was freed before callback; returning Nil.
   at: gdplanningai_rust::logger::process_logs (src\logger.rs:66)
   GDScript backtrace (most recent call first):
       [0] _process (res://addons/GdPlanningAI/gdpai_autoload.gd:21)
WARNING: [GdPAI] ObjectRef(124621163998): object was freed before callback; returning Nil.
   at: gdplanningai_rust::logger::process_logs (src\logger.rs:66)
   GDScript backtrace (most recent call first):
       [0] _process (res://addons/GdPlanningAI/gdpai_autoload.gd:21)
[GdPAI | debug] Discovery: Action Dig Potato failed validity check, skipping
WARNING: [GdPAI] ObjectRef(124621163998): object was freed before callback; returning Nil.
   at: gdplanningai_rust::logger::process_logs (src\logger.rs:66)
   GDScript backtrace (most recent call first):
       [0] _drain_scheduler (res://test/integration/test_campfire_example_smoke.gd:27)
WARNING: [GdPAI] ObjectRef(124621163998): object was freed before callback; returning Nil.
   at: gdplanningai_rust::logger::process_logs (src\logger.rs:66)
   GDScript backtrace (most recent call first):
       [0] _drain_scheduler (res://test/integration/test_campfire_example_smoke.gd:27)
[GdPAI | debug] Discovery: Action Dig Potato failed validity check, skipping
WARNING: [GdPAI] ObjectRef(124621163998): object was freed before callback; returning Nil.
   at: gdplanningai_rust::logger::process_logs (src\logger.rs:66)
   GDScript backtrace (most recent call first):
       [0] _process (res://addons/GdPlanningAI/gdpai_autoload.gd:21)
WARNING: [GdPAI] ObjectRef(124621163998): object was freed before callback; returning Nil.
   at: gdplanningai_rust::logger::process_logs (src\logger.rs:66)
   GDScript backtrace (most recent call first):
       [0] _process (res://addons/GdPlanningAI/gdpai_autoload.gd:21)
[GdPAI | debug] Discovery: Action Dig Potato failed validity check, skipping
WARNING: [GdPAI] ObjectRef(124621163998): object was freed before callback; returning Nil.
   at: gdplanningai_rust::logger::process_logs (src\logger.rs:66)
   GDScript backtrace (most recent call first):
       [0] _drain_scheduler (res://test/integration/test_campfire_example_smoke.gd:27)
WARNING: [GdPAI] ObjectRef(124621163998): object was freed before callback; returning Nil.
   at: gdplanningai_rust::logger::process_logs (src\logger.rs:66)
   GDScript backtrace (most recent call first):
       [0] _drain_scheduler (res://test/integration/test_campfire_example_smoke.gd:27)
[GdPAI | debug] Discovery: Action Dig Potato failed validity check, skipping
WARNING: [GdPAI] ObjectRef(124621163998): object was freed before callback; returning Nil.
   at: gdplanningai_rust::logger::process_logs (src\logger.rs:66)
   GDScript backtrace (most recent call first):
       [0] _process (res://addons/GdPlanningAI/gdpai_autoload.gd:21)
WARNING: [GdPAI] ObjectRef(124621163998): object was freed before callback; returning Nil.
   at: gdplanningai_rust::logger::process_logs (src\logger.rs:66)
   GDScript backtrace (most recent call first):
       [0] _process (res://addons/GdPlanningAI/gdpai_autoload.gd:21)
[GdPAI | debug] Discovery: Action Dig Potato failed validity check, skipping
WARNING: [GdPAI] ObjectRef(124621163998): object was freed before callback; returning Nil.
   at: gdplanningai_rust::logger::process_logs (src\logger.rs:66)
   GDScript backtrace (most recent call first):
       [0] _drain_scheduler (res://test/integration/test_campfire_example_smoke.gd:27)
WARNING: [GdPAI] ObjectRef(124621163998): object was freed before callback; returning Nil.
   at: gdplanningai_rust::logger::process_logs (src\logger.rs:66)
   GDScript backtrace (most recent call first):
       [0] _drain_scheduler (res://test/integration/test_campfire_example_smoke.gd:27)
WARNING: [GdPAI] ObjectRef(124134624705): object was freed before callback; returning Nil.
   at: gdplanningai_rust::logger::process_logs (src\logger.rs:66)
   GDScript backtrace (most recent call first):
       [0] _drain_scheduler (res://test/integration/test_campfire_example_smoke.gd:27)
WARNING: [GdPAI] ObjectRef(125510356497): object was freed before callback; returning Nil.
   at: gdplanningai_rust::logger::process_logs (src\logger.rs:66)
   GDScript backtrace (most recent call first):
       [0] _drain_scheduler (res://test/integration/test_campfire_example_smoke.gd:27)
WARNING: [GdPAI] ObjectRef(124134624705): object was freed before callback; returning Nil.
   at: gdplanningai_rust::logger::process_logs (src\logger.rs:66)
   GDScript backtrace (most recent call first):
       [0] _drain_scheduler (res://test/integration/test_campfire_example_smoke.gd:27)
WARNING: [GdPAI] ObjectRef(125510356497): object was freed before callback; returning Nil.
   at: gdplanningai_rust::logger::process_logs (src\logger.rs:66)
   GDScript backtrace (most recent call first):
       [0] _drain_scheduler (res://test/integration/test_campfire_example_smoke.gd:27)
[GdPAI | debug] GetCost: callable returned non-numeric value: null; returning INFINITY
WARNING: [GdPAI] ObjectRef(124621163998): object was freed before callback; returning Nil.
   at: gdplanningai_rust::logger::process_logs (src\logger.rs:66)
   GDScript backtrace (most recent call first):
       [0] _process (res://addons/GdPlanningAI/gdpai_autoload.gd:21)
WARNING: [GdPAI] ObjectRef(124621163998): object was freed before callback; returning Nil.
   at: gdplanningai_rust::logger::process_logs (src\logger.rs:66)
   GDScript backtrace (most recent call first):
       [0] _process (res://addons/GdPlanningAI/gdpai_autoload.gd:21)
WARNING: [GdPAI] ObjectRef(124134624705): object was freed before callback; returning Nil.
   at: gdplanningai_rust::logger::process_logs (src\logger.rs:66)
   GDScript backtrace (most recent call first):
       [0] _process (res://addons/GdPlanningAI/gdpai_autoload.gd:21)
WARNING: [GdPAI] ObjectRef(125510356497): object was freed before callback; returning Nil.
   at: gdplanningai_rust::logger::process_logs (src\logger.rs:66)
   GDScript backtrace (most recent call first):
       [0] _process (res://addons/GdPlanningAI/gdpai_autoload.gd:21)
WARNING: [GdPAI] ObjectRef(124134624705): object was freed before callback; returning Nil.
   at: gdplanningai_rust::logger::process_logs (src\logger.rs:66)
   GDScript backtrace (most recent call first):
       [0] _process (res://addons/GdPlanningAI/gdpai_autoload.gd:21)
WARNING: [GdPAI] ObjectRef(125510356497): object was freed before callback; returning Nil.
   at: gdplanningai_rust::logger::process_logs (src\logger.rs:66)
   GDScript backtrace (most recent call first):
       [0] _process (res://addons/GdPlanningAI/gdpai_autoload.gd:21)
[GdPAI | debug] ApplyEffect [Before] ID=InstanceId(-9223371026430155203): agent props = {"held_item": "", "entity": null, "at_target": null, "hunger": 70.0627442063492}
[GdPAI | debug] ApplyEffect [After] ID=InstanceId(-9223371026430155203): agent props = {"held_item": "", "entity": null, "at_target": null, "hunger": 70.0627442063492}
[GdPAI | debug]   Snapshotting prop: held_item = Str("") (Variant type: STRING)
[GdPAI | debug]   Snapshotting prop: entity = Nil (Variant type: NIL)
[GdPAI | debug]   Snapshotting prop: at_target = Nil (Variant type: NIL)
[GdPAI | debug]   Snapshotting prop: hunger = Float(70.0627442063492) (Variant type: FLOAT)
WARNING: [GdPAI] ObjectRef(124621163998): object was freed before callback; returning Nil.
   at: gdplanningai_rust::logger::process_logs (src\logger.rs:66)
   GDScript backtrace (most recent call first):
       [0] _drain_scheduler (res://test/integration/test_campfire_example_smoke.gd:27)
WARNING: [GdPAI] ObjectRef(125510356497): object was freed before callback; returning Nil.
   at: gdplanningai_rust::logger::process_logs (src\logger.rs:66)
   GDScript backtrace (most recent call first):
       [0] _drain_scheduler (res://test/integration/test_campfire_example_smoke.gd:27)
WARNING: [GdPAI] ObjectRef(125510356497): object was freed before callback; returning Nil.
   at: gdplanningai_rust::logger::process_logs (src\logger.rs:66)
   GDScript backtrace (most recent call first):
       [0] _drain_scheduler (res://test/integration/test_campfire_example_smoke.gd:27)
[GdPAI | debug] GetCost: callable returned non-numeric value: null; returning INFINITY
WARNING: [GdPAI] ObjectRef(124621163998): object was freed before callback; returning Nil.
   at: gdplanningai_rust::logger::process_logs (src\logger.rs:66)
   GDScript backtrace (most recent call first):
       [0] _process (res://addons/GdPlanningAI/gdpai_autoload.gd:21)
WARNING: [GdPAI] ObjectRef(125510356497): object was freed before callback; returning Nil.
   at: gdplanningai_rust::logger::process_logs (src\logger.rs:66)
   GDScript backtrace (most recent call first):
       [0] _process (res://addons/GdPlanningAI/gdpai_autoload.gd:21)
WARNING: [GdPAI] ObjectRef(125510356497): object was freed before callback; returning Nil.
   at: gdplanningai_rust::logger::process_logs (src\logger.rs:66)
   GDScript backtrace (most recent call first):
       [0] _process (res://addons/GdPlanningAI/gdpai_autoload.gd:21)
[GdPAI | debug] ApplyEffect [Before] ID=InstanceId(-9223371024819542464): agent props = {"entity": null, "at_target": null, "hunger": 70.0627442063492, "held_item": ""}
[GdPAI | debug] ApplyEffect [After] ID=InstanceId(-9223371024819542464): agent props = {"entity": null, "at_target": null, "hunger": 70.0627442063492, "held_item": ""}
[GdPAI | debug]   Snapshotting prop: entity = Nil (Variant type: NIL)
[GdPAI | debug]   Snapshotting prop: at_target = Nil (Variant type: NIL)
[GdPAI | debug]   Snapshotting prop: hunger = Float(70.0627442063492) (Variant type: FLOAT)
[GdPAI | debug]   Snapshotting prop: held_item = Str("") (Variant type: STRING)
WARNING: [GdPAI] ObjectRef(124621163998): object was freed before callback; returning Nil.
   at: gdplanningai_rust::logger::process_logs (src\logger.rs:66)
   GDScript backtrace (most recent call first):
       [0] _drain_scheduler (res://test/integration/test_campfire_example_smoke.gd:27)
WARNING: [GdPAI] ObjectRef(124134624705): object was freed before callback; returning Nil.
   at: gdplanningai_rust::logger::process_logs (src\logger.rs:66)
   GDScript backtrace (most recent call first):
       [0] _drain_scheduler (res://test/integration/test_campfire_example_smoke.gd:27)
WARNING: [GdPAI] ObjectRef(124134624705): object was freed before callback; returning Nil.
   at: gdplanningai_rust::logger::process_logs (src\logger.rs:66)
   GDScript backtrace (most recent call first):
       [0] _drain_scheduler (res://test/integration/test_campfire_example_smoke.gd:27)
[GdPAI | debug] GetCost: callable returned non-numeric value: null; returning INFINITY
WARNING: [GdPAI] ObjectRef(124621163998): object was freed before callback; returning Nil.
   at: gdplanningai_rust::logger::process_logs (src\logger.rs:66)
   GDScript backtrace (most recent call first):
       [0] _process (res://addons/GdPlanningAI/gdpai_autoload.gd:21)
WARNING: [GdPAI] ObjectRef(124134624705): object was freed before callback; returning Nil.
   at: gdplanningai_rust::logger::process_logs (src\logger.rs:66)
   GDScript backtrace (most recent call first):
       [0] _process (res://addons/GdPlanningAI/gdpai_autoload.gd:21)
WARNING: [GdPAI] ObjectRef(124134624705): object was freed before callback; returning Nil.
   at: gdplanningai_rust::logger::process_logs (src\logger.rs:66)
   GDScript backtrace (most recent call first):
       [0] _process (res://addons/GdPlanningAI/gdpai_autoload.gd:21)
[GdPAI | debug] ApplyEffect [Before] ID=InstanceId(-9223371023359924610): agent props = {"hunger": 70.0627442063492, "entity": null, "held_item": "", "at_target": null}
[GdPAI | debug] ApplyEffect [After] ID=InstanceId(-9223371023359924610): agent props = {"hunger": 70.0627442063492, "entity": null, "held_item": "", "at_target": null}
[GdPAI | debug]   Snapshotting prop: hunger = Float(70.0627442063492) (Variant type: FLOAT)
[GdPAI | debug]   Snapshotting prop: entity = Nil (Variant type: NIL)
[GdPAI | debug]   Snapshotting prop: held_item = Str("") (Variant type: STRING)
[GdPAI | debug]   Snapshotting prop: at_target = Nil (Variant type: NIL)
WARNING: [GdPAI] ObjectRef(124621163998): object was freed before callback; returning Nil.
   at: gdplanningai_rust::logger::process_logs (src\logger.rs:66)
   GDScript backtrace (most recent call first):
       [0] _drain_scheduler (res://test/integration/test_campfire_example_smoke.gd:27)
[GdPAI | debug] GetCost: callable returned non-numeric value: null; returning INFINITY
WARNING: [GdPAI] ObjectRef(124621163998): object was freed before callback; returning Nil.
   at: gdplanningai_rust::logger::process_logs (src\logger.rs:66)
   GDScript backtrace (most recent call first):
       [0] _process (res://addons/GdPlanningAI/gdpai_autoload.gd:21)
[GdPAI | debug] ApplyEffect [Before] ID=InstanceId(-9223371022000970149): agent props = {"hunger": 70.0627442063492, "entity": null, "held_item": "wood", "at_target": null}
[GdPAI | debug] ApplyEffect [After] ID=InstanceId(-9223371022000970149): agent props = {"hunger": 70.0627442063492, "entity": null, "held_item": "wood", "at_target": null}
[GdPAI | debug]   Snapshotting prop: hunger = Float(70.0627442063492) (Variant type: FLOAT)
[GdPAI | debug]   Snapshotting prop: entity = Nil (Variant type: NIL)
[GdPAI | debug]   Snapshotting prop: held_item = Str("wood") (Variant type: STRING)
[GdPAI | debug]   Snapshotting prop: at_target = Nil (Variant type: NIL)
WARNING: [GdPAI] ObjectRef(124621163998): object was freed before callback; returning Nil.
   at: gdplanningai_rust::logger::process_logs (src\logger.rs:66)
   GDScript backtrace (most recent call first):
       [0] _drain_scheduler (res://test/integration/test_campfire_example_smoke.gd:27)
WARNING: [GdPAI] ObjectRef(124621163998): object was freed before callback; returning Nil.
   at: gdplanningai_rust::logger::process_logs (src\logger.rs:66)
   GDScript backtrace (most recent call first):
       [0] _drain_scheduler (res://test/integration/test_campfire_example_smoke.gd:27)
[GdPAI | debug] GetCost: callable returned non-numeric value: null; returning INFINITY
WARNING: [GdPAI] ObjectRef(124621163998): object was freed before callback; returning Nil.
   at: gdplanningai_rust::logger::process_logs (src\logger.rs:66)
   GDScript backtrace (most recent call first):
       [0] _process (res://addons/GdPlanningAI/gdpai_autoload.gd:21)
WARNING: [GdPAI] ObjectRef(124621163998): object was freed before callback; returning Nil.
   at: gdplanningai_rust::logger::process_logs (src\logger.rs:66)
   GDScript backtrace (most recent call first):
       [0] _process (res://addons/GdPlanningAI/gdpai_autoload.gd:21)
[GdPAI | debug] ApplyEffect [Before] ID=InstanceId(-9223371020692347236): agent props = {"entity": null, "held_item": "", "hunger": 70.0627442063492}
[GdPAI | debug] ApplyEffect [After] ID=InstanceId(-9223371020692347236): agent props = {"entity": null, "held_item": "", "hunger": 70.0627442063492}
[GdPAI | debug]   Snapshotting prop: entity = Nil (Variant type: NIL)
[GdPAI | debug]   Snapshotting prop: held_item = Str("") (Variant type: STRING)
[GdPAI | debug]   Snapshotting prop: hunger = Float(70.0627442063492) (Variant type: FLOAT)
WARNING: [GdPAI] ObjectRef(124621163998): object was freed before callback; returning Nil.
   at: gdplanningai_rust::logger::process_logs (src\logger.rs:66)
   GDScript backtrace (most recent call first):
       [0] _drain_scheduler (res://test/integration/test_campfire_example_smoke.gd:27)
[GdPAI | debug] GetCost: callable returned non-numeric value: null; returning INFINITY
WARNING: [GdPAI] ObjectRef(124621163998): object was freed before callback; returning Nil.
   at: gdplanningai_rust::logger::process_logs (src\logger.rs:66)
   GDScript backtrace (most recent call first):
       [0] _process (res://addons/GdPlanningAI/gdpai_autoload.gd:21)
[GdPAI | debug] ApplyEffect [Before] ID=InstanceId(-9223371019383724404): agent props = {"entity": null, "hunger": 70.0627442063492, "held_item": ""}
[GdPAI | debug] ApplyEffect [After] ID=InstanceId(-9223371019383724404): agent props = {"entity": null, "hunger": 70.0627442063492, "held_item": ""}
[GdPAI | debug]   Snapshotting prop: entity = Nil (Variant type: NIL)
[GdPAI | debug]   Snapshotting prop: hunger = Float(70.0627442063492) (Variant type: FLOAT)
[GdPAI | debug]   Snapshotting prop: held_item = Str("") (Variant type: STRING)
WARNING: [GdPAI] ObjectRef(124621163998): object was freed before callback; returning Nil.
   at: gdplanningai_rust::logger::process_logs (src\logger.rs:66)
   GDScript backtrace (most recent call first):
       [0] _drain_scheduler (res://test/integration/test_campfire_example_smoke.gd:27)
[GdPAI | debug] GetCost: callable returned non-numeric value: null; returning INFINITY
WARNING: [GdPAI] ObjectRef(124621163998): object was freed before callback; returning Nil.
   at: gdplanningai_rust::logger::process_logs (src\logger.rs:66)
   GDScript backtrace (most recent call first):
       [0] _process (res://addons/GdPlanningAI/gdpai_autoload.gd:21)
[GdPAI | debug] ApplyEffect [Before] ID=InstanceId(-9223371018125433195): agent props = {"entity": null, "held_item": "", "hunger": 70.0627442063492}
[GdPAI | debug] ApplyEffect [After] ID=InstanceId(-9223371018125433195): agent props = {"entity": null, "held_item": "", "hunger": 70.0627442063492}
[GdPAI | debug]   Snapshotting prop: entity = Nil (Variant type: NIL)
[GdPAI | debug]   Snapshotting prop: held_item = Str("") (Variant type: STRING)
[GdPAI | debug]   Snapshotting prop: hunger = Float(70.0627442063492) (Variant type: FLOAT)
WARNING: [GdPAI] ObjectRef(124621163998): object was freed before callback; returning Nil.
   at: gdplanningai_rust::logger::process_logs (src\logger.rs:66)
   GDScript backtrace (most recent call first):
       [0] _drain_scheduler (res://test/integration/test_campfire_example_smoke.gd:27)
[GdPAI | debug] GetCost: callable returned non-numeric value: null; returning INFINITY
WARNING: [GdPAI] ObjectRef(124621163998): object was freed before callback; returning Nil.
   at: gdplanningai_rust::logger::process_logs (src\logger.rs:66)
   GDScript backtrace (most recent call first):
       [0] _process (res://addons/GdPlanningAI/gdpai_autoload.gd:21)
[GdPAI | debug] ApplyEffect [Before] ID=InstanceId(-9223371016867141984): agent props = {"hunger": 70.0627442063492, "entity": null, "held_item": "wood"}
[GdPAI | debug] ApplyEffect [After] ID=InstanceId(-9223371016867141984): agent props = {"hunger": 70.0627442063492, "entity": null, "held_item": "wood"}
[GdPAI | debug]   Snapshotting prop: hunger = Float(70.0627442063492) (Variant type: FLOAT)
[GdPAI | debug]   Snapshotting prop: entity = Nil (Variant type: NIL)
[GdPAI | debug]   Snapshotting prop: held_item = Str("wood") (Variant type: STRING)
[GdPAI | debug] Numeric comparison: 70.0627442063492 GreaterThan 0 -> true
WARNING: [GdPAI] ObjectRef(124621163998): object was freed before callback; returning Nil.
   at: gdplanningai_rust::logger::process_logs (src\logger.rs:66)
   GDScript backtrace (most recent call first):
       [0] _drain_scheduler (res://test/integration/test_campfire_example_smoke.gd:27)
WARNING: [GdPAI] ObjectRef(124621163998): object was freed before callback; returning Nil.
   at: gdplanningai_rust::logger::process_logs (src\logger.rs:66)
   GDScript backtrace (most recent call first):
       [0] _drain_scheduler (res://test/integration/test_campfire_example_smoke.gd:27)
WARNING: [GdPAI] ObjectRef(124134624705): object was freed before callback; returning Nil.
   at: gdplanningai_rust::logger::process_logs (src\logger.rs:66)
   GDScript backtrace (most recent call first):
       [0] _drain_scheduler (res://test/integration/test_campfire_example_smoke.gd:27)
WARNING: [GdPAI] ObjectRef(125510356497): object was freed before callback; returning Nil.
   at: gdplanningai_rust::logger::process_logs (src\logger.rs:66)
   GDScript backtrace (most recent call first):
       [0] _drain_scheduler (res://test/integration/test_campfire_example_smoke.gd:27)
WARNING: [GdPAI] ObjectRef(124134624705): object was freed before callback; returning Nil.
   at: gdplanningai_rust::logger::process_logs (src\logger.rs:66)
   GDScript backtrace (most recent call first):
       [0] _drain_scheduler (res://test/integration/test_campfire_example_smoke.gd:27)
WARNING: [GdPAI] ObjectRef(125510356497): object was freed before callback; returning Nil.
   at: gdplanningai_rust::logger::process_logs (src\logger.rs:66)
   GDScript backtrace (most recent call first):
       [0] _drain_scheduler (res://test/integration/test_campfire_example_smoke.gd:27)
[GdPAI | debug] GetCost: callable returned non-numeric value: null; returning INFINITY
WARNING: [GdPAI] ObjectRef(124621163998): object was freed before callback; returning Nil.
   at: gdplanningai_rust::logger::process_logs (src\logger.rs:66)
   GDScript backtrace (most recent call first):
       [0] _process (res://addons/GdPlanningAI/gdpai_autoload.gd:21)
WARNING: [GdPAI] ObjectRef(124621163998): object was freed before callback; returning Nil.
   at: gdplanningai_rust::logger::process_logs (src\logger.rs:66)
   GDScript backtrace (most recent call first):
       [0] _process (res://addons/GdPlanningAI/gdpai_autoload.gd:21)
WARNING: [GdPAI] ObjectRef(124134624705): object was freed before callback; returning Nil.
   at: gdplanningai_rust::logger::process_logs (src\logger.rs:66)
   GDScript backtrace (most recent call first):
       [0] _process (res://addons/GdPlanningAI/gdpai_autoload.gd:21)
WARNING: [GdPAI] ObjectRef(125510356497): object was freed before callback; returning Nil.
   at: gdplanningai_rust::logger::process_logs (src\logger.rs:66)
   GDScript backtrace (most recent call first):
       [0] _process (res://addons/GdPlanningAI/gdpai_autoload.gd:21)
WARNING: [GdPAI] ObjectRef(124134624705): object was freed before callback; returning Nil.
   at: gdplanningai_rust::logger::process_logs (src\logger.rs:66)
   GDScript backtrace (most recent call first):
       [0] _process (res://addons/GdPlanningAI/gdpai_autoload.gd:21)
WARNING: [GdPAI] ObjectRef(125510356497): object was freed before callback; returning Nil.
   at: gdplanningai_rust::logger::process_logs (src\logger.rs:66)
   GDScript backtrace (most recent call first):
       [0] _process (res://addons/GdPlanningAI/gdpai_autoload.gd:21)
[GdPAI | debug] ApplyEffect [Before] ID=InstanceId(-9223371015357192512): agent props = {"hunger": 70.0627442063492, "entity": null, "at_target": null, "held_item": ""}
[GdPAI | debug] ApplyEffect [After] ID=InstanceId(-9223371015357192512): agent props = {"hunger": 70.0627442063492, "entity": null, "at_target": null, "held_item": ""}
[GdPAI | debug]   Snapshotting prop: hunger = Float(70.0627442063492) (Variant type: FLOAT)
[GdPAI | debug]   Snapshotting prop: entity = Nil (Variant type: NIL)
[GdPAI | debug]   Snapshotting prop: at_target = Nil (Variant type: NIL)
[GdPAI | debug]   Snapshotting prop: held_item = Str("") (Variant type: STRING)
WARNING: [GdPAI] ObjectRef(124621163998): object was freed before callback; returning Nil.
   at: gdplanningai_rust::logger::process_logs (src\logger.rs:66)
   GDScript backtrace (most recent call first):
       [0] _drain_scheduler (res://test/integration/test_campfire_example_smoke.gd:27)
WARNING: [GdPAI] ObjectRef(125510356497): object was freed before callback; returning Nil.
   at: gdplanningai_rust::logger::process_logs (src\logger.rs:66)
   GDScript backtrace (most recent call first):
       [0] _drain_scheduler (res://test/integration/test_campfire_example_smoke.gd:27)
WARNING: [GdPAI] ObjectRef(125510356497): object was freed before callback; returning Nil.
   at: gdplanningai_rust::logger::process_logs (src\logger.rs:66)
   GDScript backtrace (most recent call first):
       [0] _drain_scheduler (res://test/integration/test_campfire_example_smoke.gd:27)
[GdPAI | debug] GetCost: callable returned non-numeric value: null; returning INFINITY
WARNING: [GdPAI] ObjectRef(124621163998): object was freed before callback; returning Nil.
   at: gdplanningai_rust::logger::process_logs (src\logger.rs:66)
   GDScript backtrace (most recent call first):
       [0] _process (res://addons/GdPlanningAI/gdpai_autoload.gd:21)
WARNING: [GdPAI] ObjectRef(125510356497): object was freed before callback; returning Nil.
   at: gdplanningai_rust::logger::process_logs (src\logger.rs:66)
   GDScript backtrace (most recent call first):
       [0] _process (res://addons/GdPlanningAI/gdpai_autoload.gd:21)
WARNING: [GdPAI] ObjectRef(125510356497): object was freed before callback; returning Nil.
   at: gdplanningai_rust::logger::process_logs (src\logger.rs:66)
   GDScript backtrace (most recent call first):
       [0] _process (res://addons/GdPlanningAI/gdpai_autoload.gd:21)
[GdPAI | debug] ApplyEffect [Before] ID=InstanceId(-9223371013746579794): agent props = {"hunger": 70.0627442063492, "at_target": null, "held_item": "", "entity": null}
[GdPAI | debug] ApplyEffect [After] ID=InstanceId(-9223371013746579794): agent props = {"hunger": 70.0627442063492, "at_target": null, "held_item": "", "entity": null}
[GdPAI | debug]   Snapshotting prop: hunger = Float(70.0627442063492) (Variant type: FLOAT)
[GdPAI | debug]   Snapshotting prop: at_target = Nil (Variant type: NIL)
[GdPAI | debug]   Snapshotting prop: held_item = Str("") (Variant type: STRING)
[GdPAI | debug]   Snapshotting prop: entity = Nil (Variant type: NIL)
WARNING: [GdPAI] ObjectRef(124621163998): object was freed before callback; returning Nil.
   at: gdplanningai_rust::logger::process_logs (src\logger.rs:66)
   GDScript backtrace (most recent call first):
       [0] _drain_scheduler (res://test/integration/test_campfire_example_smoke.gd:27)
WARNING: [GdPAI] ObjectRef(124134624705): object was freed before callback; returning Nil.
   at: gdplanningai_rust::logger::process_logs (src\logger.rs:66)
   GDScript backtrace (most recent call first):
       [0] _drain_scheduler (res://test/integration/test_campfire_example_smoke.gd:27)
WARNING: [GdPAI] ObjectRef(124134624705): object was freed before callback; returning Nil.
   at: gdplanningai_rust::logger::process_logs (src\logger.rs:66)
   GDScript backtrace (most recent call first):
       [0] _drain_scheduler (res://test/integration/test_campfire_example_smoke.gd:27)
[GdPAI | debug] GetCost: callable returned non-numeric value: null; returning INFINITY
WARNING: [GdPAI] ObjectRef(124621163998): object was freed before callback; returning Nil.
   at: gdplanningai_rust::logger::process_logs (src\logger.rs:66)
   GDScript backtrace (most recent call first):
       [0] _process (res://addons/GdPlanningAI/gdpai_autoload.gd:21)
WARNING: [GdPAI] ObjectRef(124134624705): object was freed before callback; returning Nil.
   at: gdplanningai_rust::logger::process_logs (src\logger.rs:66)
   GDScript backtrace (most recent call first):
       [0] _process (res://addons/GdPlanningAI/gdpai_autoload.gd:21)
WARNING: [GdPAI] ObjectRef(124134624705): object was freed before callback; returning Nil.
   at: gdplanningai_rust::logger::process_logs (src\logger.rs:66)
   GDScript backtrace (most recent call first):
       [0] _process (res://addons/GdPlanningAI/gdpai_autoload.gd:21)
[GdPAI | debug] ApplyEffect [Before] ID=InstanceId(-9223371012286962033): agent props = {"held_item": "", "at_target": null, "hunger": 70.0627442063492, "entity": null}
[GdPAI | debug] ApplyEffect [After] ID=InstanceId(-9223371012286962033): agent props = {"held_item": "", "at_target": null, "hunger": 70.0627442063492, "entity": null}
[GdPAI | debug]   Snapshotting prop: held_item = Str("") (Variant type: STRING)
[GdPAI | debug]   Snapshotting prop: at_target = Nil (Variant type: NIL)
[GdPAI | debug]   Snapshotting prop: hunger = Float(70.0627442063492) (Variant type: FLOAT)
[GdPAI | debug]   Snapshotting prop: entity = Nil (Variant type: NIL)
WARNING: [GdPAI] ObjectRef(124621163998): object was freed before callback; returning Nil.
   at: gdplanningai_rust::logger::process_logs (src\logger.rs:66)
   GDScript backtrace (most recent call first):
       [0] _drain_scheduler (res://test/integration/test_campfire_example_smoke.gd:27)
[GdPAI | debug] GetCost: callable returned non-numeric value: null; returning INFINITY
WARNING: [GdPAI] ObjectRef(124621163998): object was freed before callback; returning Nil.
   at: gdplanningai_rust::logger::process_logs (src\logger.rs:66)
   GDScript backtrace (most recent call first):
       [0] _process (res://addons/GdPlanningAI/gdpai_autoload.gd:21)
[GdPAI | debug] ApplyEffect [Before] ID=InstanceId(-9223371010928007431): agent props = {"entity": null, "held_item": "wood", "at_target": null, "hunger": 70.0627442063492}
[GdPAI | debug] ApplyEffect [After] ID=InstanceId(-9223371010928007431): agent props = {"entity": null, "held_item": "wood", "at_target": null, "hunger": 70.0627442063492}
[GdPAI | debug]   Snapshotting prop: entity = Nil (Variant type: NIL)
[GdPAI | debug]   Snapshotting prop: held_item = Str("wood") (Variant type: STRING)
[GdPAI | debug]   Snapshotting prop: at_target = Nil (Variant type: NIL)
[GdPAI | debug]   Snapshotting prop: hunger = Float(70.0627442063492) (Variant type: FLOAT)
WARNING: [GdPAI] ObjectRef(124621163998): object was freed before callback; returning Nil.
   at: gdplanningai_rust::logger::process_logs (src\logger.rs:66)
   GDScript backtrace (most recent call first):
       [0] _process (res://addons/GdPlanningAI/gdpai_autoload.gd:21)
WARNING: [GdPAI] ObjectRef(124621163998): object was freed before callback; returning Nil.
   at: gdplanningai_rust::logger::process_logs (src\logger.rs:66)
   GDScript backtrace (most recent call first):
       [0] _process (res://addons/GdPlanningAI/gdpai_autoload.gd:21)
[GdPAI | debug] GetCost: callable returned non-numeric value: null; returning INFINITY
* test_preemptive_fire_maintenance
WARNING: [GdPAI] ObjectRef(124621163998): object was freed before callback; returning Nil.
   at: gdplanningai_rust::logger::process_logs (src\logger.rs:66)
   GDScript backtrace (most recent call first):
       [0] _process (res://addons/GdPlanningAI/gdpai_autoload.gd:21)
WARNING: [GdPAI] ObjectRef(124621163998): object was freed before callback; returning Nil.
   at: gdplanningai_rust::logger::process_logs (src\logger.rs:66)
   GDScript backtrace (most recent call first):
       [0] _process (res://addons/GdPlanningAI/gdpai_autoload.gd:21)
[GdPAI | debug] ApplyEffect [Before] ID=InstanceId(-9223371007371243976): agent props = {"entity": null, "held_item": "", "hunger": 70.0627442063492}
[GdPAI | debug] ApplyEffect [After] ID=InstanceId(-9223371007371243976): agent props = {"entity": null, "held_item": "", "hunger": 70.0627442063492}
[GdPAI | debug]   Snapshotting prop: entity = Nil (Variant type: NIL)
[GdPAI | debug]   Snapshotting prop: held_item = Str("") (Variant type: STRING)
[GdPAI | debug]   Snapshotting prop: hunger = Float(70.0627442063492) (Variant type: FLOAT)
WARNING: [GdPAI] ObjectRef(124621163998): object was freed before callback; returning Nil.
   at: gdplanningai_rust::logger::process_logs (src\logger.rs:66)
   GDScript backtrace (most recent call first):
       [0] _process (res://addons/GdPlanningAI/gdpai_autoload.gd:21)
[GdPAI | debug] GetCost: callable returned non-numeric value: null; returning INFINITY
WARNING: [GdPAI] ObjectRef(124621163998): object was freed before callback; returning Nil.
   at: gdplanningai_rust::logger::process_logs (src\logger.rs:66)
   GDScript backtrace (most recent call first):
       [0] _process (res://addons/GdPlanningAI/gdpai_autoload.gd:21)
[GdPAI | debug] ApplyEffect [Before] ID=InstanceId(-9223371006029066723): agent props = {"entity": null, "held_item": "", "hunger": 70.0627442063492}
[GdPAI | debug] ApplyEffect [After] ID=InstanceId(-9223371006029066723): agent props = {"entity": null, "held_item": "", "hunger": 70.0627442063492}
[GdPAI | debug]   Snapshotting prop: entity = Nil (Variant type: NIL)
[GdPAI | debug]   Snapshotting prop: held_item = Str("") (Variant type: STRING)
[GdPAI | debug]   Snapshotting prop: hunger = Float(70.0627442063492) (Variant type: FLOAT)
WARNING: [GdPAI] ObjectRef(124621163998): object was freed before callback; returning Nil.
   at: gdplanningai_rust::logger::process_logs (src\logger.rs:66)
   GDScript backtrace (most recent call first):
       [0] _process (res://addons/GdPlanningAI/gdpai_autoload.gd:21)
[GdPAI | debug] GetCost: callable returned non-numeric value: null; returning INFINITY
WARNING: [GdPAI] ObjectRef(124621163998): object was freed before callback; returning Nil.
   at: gdplanningai_rust::logger::process_logs (src\logger.rs:66)
   GDScript backtrace (most recent call first):
       [0] _process (res://addons/GdPlanningAI/gdpai_autoload.gd:21)
[GdPAI | debug] ApplyEffect [Before] ID=InstanceId(-9223371004737214754): agent props = {"hunger": 70.0627442063492, "held_item": "", "entity": null}
[GdPAI | debug] ApplyEffect [After] ID=InstanceId(-9223371004737214754): agent props = {"hunger": 70.0627442063492, "held_item": "", "entity": null}
[GdPAI | debug]   Snapshotting prop: hunger = Float(70.0627442063492) (Variant type: FLOAT)
[GdPAI | debug]   Snapshotting prop: held_item = Str("") (Variant type: STRING)
[GdPAI | debug]   Snapshotting prop: entity = Nil (Variant type: NIL)
WARNING: [GdPAI] ObjectRef(124621163998): object was freed before callback; returning Nil.
   at: gdplanningai_rust::logger::process_logs (src\logger.rs:66)
   GDScript backtrace (most recent call first):
       [0] _process (res://addons/GdPlanningAI/gdpai_autoload.gd:21)
[GdPAI | debug] GetCost: callable returned non-numeric value: null; returning INFINITY
WARNING: [GdPAI] ObjectRef(124621163998): object was freed before callback; returning Nil.
   at: gdplanningai_rust::logger::process_logs (src\logger.rs:66)
   GDScript backtrace (most recent call first):
       [0] _process (res://addons/GdPlanningAI/gdpai_autoload.gd:21)
[GdPAI | debug] ApplyEffect [Before] ID=InstanceId(-9223371003462146330): agent props = {"held_item": "wood", "entity": null, "hunger": 70.0627442063492}
[GdPAI | debug] ApplyEffect [After] ID=InstanceId(-9223371003462146330): agent props = {"held_item": "wood", "entity": null, "hunger": 70.0627442063492}
[GdPAI | debug]   Snapshotting prop: held_item = Str("wood") (Variant type: STRING)
[GdPAI | debug]   Snapshotting prop: entity = Nil (Variant type: NIL)
[GdPAI | debug]   Snapshotting prop: hunger = Float(70.0627442063492) (Variant type: FLOAT)
WARNING: [GdPAI] ObjectRef(124621163998): object was freed before callback; returning Nil.
   at: gdplanningai_rust::logger::process_logs (src\logger.rs:66)
   GDScript backtrace (most recent call first):
       [0] _process (res://addons/GdPlanningAI/gdpai_autoload.gd:21)
WARNING: [GdPAI] ObjectRef(124621163998): object was freed before callback; returning Nil.
   at: gdplanningai_rust::logger::process_logs (src\logger.rs:66)
   GDScript backtrace (most recent call first):
       [0] _process (res://addons/GdPlanningAI/gdpai_autoload.gd:21)
[GdPAI | debug] GetCost: callable returned non-numeric value: null; returning INFINITY
WARNING: [GdPAI] ObjectRef(124621163998): object was freed before callback; returning Nil.
   at: gdplanningai_rust::logger::process_logs (src\logger.rs:66)
   GDScript backtrace (most recent call first):
       [0] _process (res://addons/GdPlanningAI/gdpai_autoload.gd:21)
WARNING: [GdPAI] ObjectRef(124621163998): object was freed before callback; returning Nil.
   at: gdplanningai_rust::logger::process_logs (src\logger.rs:66)
   GDScript backtrace (most recent call first):
       [0] _process (res://addons/GdPlanningAI/gdpai_autoload.gd:21)
[GdPAI | debug] ApplyEffect [Before] ID=InstanceId(-9223371002136752766): agent props = {"entity": null, "held_item": "", "hunger": 70.0627442063492}
[GdPAI | debug] ApplyEffect [After] ID=InstanceId(-9223371002136752766): agent props = {"entity": null, "held_item": "", "hunger": 70.0627442063492}
[GdPAI | debug]   Snapshotting prop: entity = Nil (Variant type: NIL)
[GdPAI | debug]   Snapshotting prop: held_item = Str("") (Variant type: STRING)
[GdPAI | debug]   Snapshotting prop: hunger = Float(70.0627442063492) (Variant type: FLOAT)
WARNING: [GdPAI] ObjectRef(124621163998): object was freed before callback; returning Nil.
   at: gdplanningai_rust::logger::process_logs (src\logger.rs:66)
   GDScript backtrace (most recent call first):
       [0] _process (res://addons/GdPlanningAI/gdpai_autoload.gd:21)
[GdPAI | debug] GetCost: callable returned non-numeric value: null; returning INFINITY
WARNING: [GdPAI] ObjectRef(124621163998): object was freed before callback; returning Nil.
   at: gdplanningai_rust::logger::process_logs (src\logger.rs:66)
   GDScript backtrace (most recent call first):
       [0] _process (res://addons/GdPlanningAI/gdpai_autoload.gd:21)
[GdPAI | debug] ApplyEffect [Before] ID=InstanceId(-9223371000811346246): agent props = {"held_item": "", "entity": null, "hunger": 70.0627442063492}
[GdPAI | debug] ApplyEffect [After] ID=InstanceId(-9223371000811346246): agent props = {"held_item": "", "entity": null, "hunger": 70.0627442063492}
[GdPAI | debug]   Snapshotting prop: held_item = Str("") (Variant type: STRING)
[GdPAI | debug]   Snapshotting prop: entity = Nil (Variant type: NIL)
[GdPAI | debug]   Snapshotting prop: hunger = Float(70.0627442063492) (Variant type: FLOAT)
WARNING: [GdPAI] ObjectRef(124621163998): object was freed before callback; returning Nil.
   at: gdplanningai_rust::logger::process_logs (src\logger.rs:66)
   GDScript backtrace (most recent call first):
       [0] _process (res://addons/GdPlanningAI/gdpai_autoload.gd:21)
[GdPAI | debug] GetCost: callable returned non-numeric value: null; returning INFINITY
WARNING: [GdPAI] ObjectRef(124621163998): object was freed before callback; returning Nil.
   at: gdplanningai_rust::logger::process_logs (src\logger.rs:66)
   GDScript backtrace (most recent call first):
       [0] _process (res://addons/GdPlanningAI/gdpai_autoload.gd:21)
[GdPAI | debug] ApplyEffect [Before] ID=InstanceId(-9223370999536277740): agent props = {"entity": null, "hunger": 70.0627442063492, "held_item": ""}
[GdPAI | debug] ApplyEffect [After] ID=InstanceId(-9223370999536277740): agent props = {"entity": null, "hunger": 70.0627442063492, "held_item": ""}
[GdPAI | debug]   Snapshotting prop: entity = Nil (Variant type: NIL)
[GdPAI | debug]   Snapshotting prop: hunger = Float(70.0627442063492) (Variant type: FLOAT)
[GdPAI | debug]   Snapshotting prop: held_item = Str("") (Variant type: STRING)
WARNING: [GdPAI] ObjectRef(124621163998): object was freed before callback; returning Nil.
   at: gdplanningai_rust::logger::process_logs (src\logger.rs:66)
   GDScript backtrace (most recent call first):
       [0] _process (res://addons/GdPlanningAI/gdpai_autoload.gd:21)
[GdPAI | debug] GetCost: callable returned non-numeric value: null; returning INFINITY
WARNING: [GdPAI] ObjectRef(124621163998): object was freed before callback; returning Nil.
   at: gdplanningai_rust::logger::process_logs (src\logger.rs:66)
   GDScript backtrace (most recent call first):
       [0] _process (res://addons/GdPlanningAI/gdpai_autoload.gd:21)
[GdPAI | debug] ApplyEffect [Before] ID=InstanceId(-9223370998294763778): agent props = {"hunger": 70.0627442063492, "held_item": "wood", "entity": null}
[GdPAI | debug] ApplyEffect [After] ID=InstanceId(-9223370998294763778): agent props = {"hunger": 70.0627442063492, "held_item": "wood", "entity": null}
[GdPAI | debug]   Snapshotting prop: hunger = Float(70.0627442063492) (Variant type: FLOAT)
[GdPAI | debug]   Snapshotting prop: held_item = Str("wood") (Variant type: STRING)
[GdPAI | debug]   Snapshotting prop: entity = Nil (Variant type: NIL)
WARNING: [GdPAI] ObjectRef(124621163998): object was freed before callback; returning Nil.
   at: gdplanningai_rust::logger::process_logs (src\logger.rs:66)
   GDScript backtrace (most recent call first):
       [0] _process (res://addons/GdPlanningAI/gdpai_autoload.gd:21)
WARNING: [GdPAI] ObjectRef(124621163998): object was freed before callback; returning Nil.
   at: gdplanningai_rust::logger::process_logs (src\logger.rs:66)
   GDScript backtrace (most recent call first):
       [0] _process (res://addons/GdPlanningAI/gdpai_autoload.gd:21)
[GdPAI | debug] GetCost: callable returned non-numeric value: null; returning INFINITY
WARNING: [GdPAI] ObjectRef(124621163998): object was freed before callback; returning Nil.
   at: gdplanningai_rust::logger::process_logs (src\logger.rs:66)
   GDScript backtrace (most recent call first):
       [0] _process (res://addons/GdPlanningAI/gdpai_autoload.gd:21)
WARNING: [GdPAI] ObjectRef(124621163998): object was freed before callback; returning Nil.
   at: gdplanningai_rust::logger::process_logs (src\logger.rs:66)
   GDScript backtrace (most recent call first):
       [0] _process (res://addons/GdPlanningAI/gdpai_autoload.gd:21)
[GdPAI | debug] ApplyEffect [Before] ID=InstanceId(-9223370996969363681): agent props = {"hunger": 70.0627442063492, "entity": null, "held_item": ""}
[GdPAI | debug] ApplyEffect [After] ID=InstanceId(-9223370996969363681): agent props = {"hunger": 70.0627442063492, "entity": null, "held_item": ""}
[GdPAI | debug]   Snapshotting prop: hunger = Float(70.0627442063492) (Variant type: FLOAT)
[GdPAI | debug]   Snapshotting prop: entity = Nil (Variant type: NIL)
[GdPAI | debug]   Snapshotting prop: held_item = Str("") (Variant type: STRING)
WARNING: [GdPAI] ObjectRef(124621163998): object was freed before callback; returning Nil.
   at: gdplanningai_rust::logger::process_logs (src\logger.rs:66)
   GDScript backtrace (most recent call first):
       [0] _process (res://addons/GdPlanningAI/gdpai_autoload.gd:21)
[GdPAI | debug] GetCost: callable returned non-numeric value: null; returning INFINITY
WARNING: [GdPAI] ObjectRef(124621163998): object was freed before callback; returning Nil.
   at: gdplanningai_rust::logger::process_logs (src\logger.rs:66)
   GDScript backtrace (most recent call first):
       [0] _process (res://addons/GdPlanningAI/gdpai_autoload.gd:21)
[GdPAI | debug] ApplyEffect [Before] ID=InstanceId(-9223370995643963615): agent props = {"entity": null, "hunger": 70.0627442063492, "held_item": ""}
[GdPAI | debug] ApplyEffect [After] ID=InstanceId(-9223370995643963615): agent props = {"entity": null, "hunger": 70.0627442063492, "held_item": ""}
[GdPAI | debug]   Snapshotting prop: entity = Nil (Variant type: NIL)
[GdPAI | debug]   Snapshotting prop: hunger = Float(70.0627442063492) (Variant type: FLOAT)
[GdPAI | debug]   Snapshotting prop: held_item = Str("") (Variant type: STRING)
WARNING: [GdPAI] ObjectRef(124621163998): object was freed before callback; returning Nil.
   at: gdplanningai_rust::logger::process_logs (src\logger.rs:66)
   GDScript backtrace (most recent call first):
       [0] _process (res://addons/GdPlanningAI/gdpai_autoload.gd:21)
[GdPAI | debug] GetCost: callable returned non-numeric value: null; returning INFINITY
WARNING: [GdPAI] ObjectRef(124621163998): object was freed before callback; returning Nil.
   at: gdplanningai_rust::logger::process_logs (src\logger.rs:66)
   GDScript backtrace (most recent call first):
       [0] _process (res://addons/GdPlanningAI/gdpai_autoload.gd:21)
[GdPAI | debug] ApplyEffect [Before] ID=InstanceId(-9223370994368895181): agent props = {"held_item": "", "entity": null, "hunger": 70.0627442063492}
[GdPAI | debug] ApplyEffect [After] ID=InstanceId(-9223370994368895181): agent props = {"held_item": "", "entity": null, "hunger": 70.0627442063492}
[GdPAI | debug]   Snapshotting prop: held_item = Str("") (Variant type: STRING)
[GdPAI | debug]   Snapshotting prop: entity = Nil (Variant type: NIL)
[GdPAI | debug]   Snapshotting prop: hunger = Float(70.0627442063492) (Variant type: FLOAT)
WARNING: [GdPAI] ObjectRef(124621163998): object was freed before callback; returning Nil.
   at: gdplanningai_rust::logger::process_logs (src\logger.rs:66)
   GDScript backtrace (most recent call first):
       [0] _process (res://addons/GdPlanningAI/gdpai_autoload.gd:21)
[GdPAI | debug] GetCost: callable returned non-numeric value: null; returning INFINITY
WARNING: [GdPAI] ObjectRef(124621163998): object was freed before callback; returning Nil.
   at: gdplanningai_rust::logger::process_logs (src\logger.rs:66)
   GDScript backtrace (most recent call first):
       [0] _process (res://addons/GdPlanningAI/gdpai_autoload.gd:21)
[GdPAI | debug] ApplyEffect [Before] ID=InstanceId(-9223370993077049565): agent props = {"entity": null, "held_item": "wood", "hunger": 70.0627442063492}
[GdPAI | debug] ApplyEffect [After] ID=InstanceId(-9223370993077049565): agent props = {"entity": null, "held_item": "wood", "hunger": 70.0627442063492}
[GdPAI | debug]   Snapshotting prop: entity = Nil (Variant type: NIL)
[GdPAI | debug]   Snapshotting prop: held_item = Str("wood") (Variant type: STRING)
[GdPAI | debug]   Snapshotting prop: hunger = Float(70.0627442063492) (Variant type: FLOAT)
WARNING: [GdPAI] ObjectRef(124621163998): object was freed before callback; returning Nil.
   at: gdplanningai_rust::logger::process_logs (src\logger.rs:66)
   GDScript backtrace (most recent call first):
       [0] _process (res://addons/GdPlanningAI/gdpai_autoload.gd:21)
WARNING: [GdPAI] ObjectRef(124621163998): object was freed before callback; returning Nil.
   at: gdplanningai_rust::logger::process_logs (src\logger.rs:66)
   GDScript backtrace (most recent call first):
       [0] _process (res://addons/GdPlanningAI/gdpai_autoload.gd:21)
[GdPAI | debug] GetCost: callable returned non-numeric value: null; returning INFINITY
WARNING: [GdPAI] ObjectRef(124621163998): object was freed before callback; returning Nil.
   at: gdplanningai_rust::logger::process_logs (src\logger.rs:66)
   GDScript backtrace (most recent call first):
       [0] _process (res://addons/GdPlanningAI/gdpai_autoload.gd:21)
WARNING: [GdPAI] ObjectRef(124621163998): object was freed before callback; returning Nil.
   at: gdplanningai_rust::logger::process_logs (src\logger.rs:66)
   GDScript backtrace (most recent call first):
       [0] _process (res://addons/GdPlanningAI/gdpai_autoload.gd:21)
[GdPAI | debug] ApplyEffect [Before] ID=InstanceId(-9223370991785203922): agent props = {"hunger": 70.0627442063492, "held_item": "", "entity": null}
[GdPAI | debug] ApplyEffect [After] ID=InstanceId(-9223370991785203922): agent props = {"hunger": 70.0627442063492, "held_item": "", "entity": null}
[GdPAI | debug]   Snapshotting prop: hunger = Float(70.0627442063492) (Variant type: FLOAT)
[GdPAI | debug]   Snapshotting prop: held_item = Str("") (Variant type: STRING)
[GdPAI | debug]   Snapshotting prop: entity = Nil (Variant type: NIL)
WARNING: [GdPAI] ObjectRef(124621163998): object was freed before callback; returning Nil.
   at: gdplanningai_rust::logger::process_logs (src\logger.rs:66)
   GDScript backtrace (most recent call first):
       [0] _process (res://addons/GdPlanningAI/gdpai_autoload.gd:21)
[GdPAI | debug] GetCost: callable returned non-numeric value: null; returning INFINITY
WARNING: [GdPAI] ObjectRef(124621163998): object was freed before callback; returning Nil.
   at: gdplanningai_rust::logger::process_logs (src\logger.rs:66)
   GDScript backtrace (most recent call first):
       [0] _process (res://addons/GdPlanningAI/gdpai_autoload.gd:21)
[GdPAI | debug] ApplyEffect [Before] ID=InstanceId(-9223370990459803854): agent props = {"hunger": 70.0627442063492, "held_item": "", "entity": null}
[GdPAI | debug] ApplyEffect [After] ID=InstanceId(-9223370990459803854): agent props = {"hunger": 70.0627442063492, "held_item": "", "entity": null}
[GdPAI | debug]   Snapshotting prop: hunger = Float(70.0627442063492) (Variant type: FLOAT)
[GdPAI | debug]   Snapshotting prop: held_item = Str("") (Variant type: STRING)
[GdPAI | debug]   Snapshotting prop: entity = Nil (Variant type: NIL)
WARNING: [GdPAI] ObjectRef(124621163998): object was freed before callback; returning Nil.
   at: gdplanningai_rust::logger::process_logs (src\logger.rs:66)
   GDScript backtrace (most recent call first):
       [0] _process (res://addons/GdPlanningAI/gdpai_autoload.gd:21)
[GdPAI | debug] GetCost: callable returned non-numeric value: null; returning INFINITY
WARNING: [GdPAI] ObjectRef(124621163998): object was freed before callback; returning Nil.
   at: gdplanningai_rust::logger::process_logs (src\logger.rs:66)
   GDScript backtrace (most recent call first):
       [0] _process (res://addons/GdPlanningAI/gdpai_autoload.gd:21)
[GdPAI | debug] ApplyEffect [Before] ID=InstanceId(-9223370989184735430): agent props = {"hunger": 70.0627442063492, "held_item": "", "entity": null}
[GdPAI | debug] ApplyEffect [After] ID=InstanceId(-9223370989184735430): agent props = {"hunger": 70.0627442063492, "held_item": "", "entity": null}
[GdPAI | debug]   Snapshotting prop: hunger = Float(70.0627442063492) (Variant type: FLOAT)
[GdPAI | debug]   Snapshotting prop: held_item = Str("") (Variant type: STRING)
[GdPAI | debug]   Snapshotting prop: entity = Nil (Variant type: NIL)
WARNING: [GdPAI] ObjectRef(124621163998): object was freed before callback; returning Nil.
   at: gdplanningai_rust::logger::process_logs (src\logger.rs:66)
   GDScript backtrace (most recent call first):
       [0] _process (res://addons/GdPlanningAI/gdpai_autoload.gd:21)
[GdPAI | debug] GetCost: callable returned non-numeric value: null; returning INFINITY
[GdPAI | debug] SimObjectProxy::is_in_group: object 1027705147152 in group CampfireObject -> false
[GdPAI | debug] SimObjectProxy::is_in_group: object 1029013770040 in group CampfireObject -> false
[GdPAI | debug] SimObjectProxy::is_in_group: object 1029164764654 in group CampfireObject -> false
[GdPAI | debug] SimObjectProxy::is_in_group: object 1028007136825 in group CampfireObject -> false
[GdPAI | debug] SimObjectProxy::is_in_group: object 1028594339258 in group CampfireObject -> false
[GdPAI | debug] SimObjectProxy::is_in_group: object 1028158131752 in group CampfireObject -> false
[GdPAI | debug] SimObjectProxy::is_in_group: object 1027688369903 in group CampfireObject -> false
[GdPAI | debug] SimObjectProxy::is_in_group: object 1027990359598 in group CampfireObject -> false
[GdPAI | debug] SimObjectProxy::is_in_group: object 1029030547255 in group CampfireObject -> false
[GdPAI | debug] SimObjectProxy::is_in_group: object 1029181541871 in group CampfireObject -> false
[GdPAI | debug] SimObjectProxy::is_in_group: object 1027671592751 in group CampfireObject -> false
[GdPAI | debug] SimObjectProxy::is_in_group: object 1027839364658 in group CampfireObject -> false
[GdPAI | debug] SimObjectProxy::is_in_group: object 1028577562041 in group CampfireObject -> false
[GdPAI | debug] SimObjectProxy::is_in_group: object 1028879551946 in group CampfireObject -> false
[GdPAI | debug] SimObjectProxy::is_in_group: object 1028141354543 in group CampfireObject -> false
[GdPAI | debug] SimObjectProxy::is_in_group: object 1027973582384 in group CampfireObject -> false
[GdPAI | debug] SimObjectProxy::is_in_group: object 1029198319080 in group CampfireObject -> false
[GdPAI | debug] SimObjectProxy::is_in_group: object 1029047324470 in group CampfireObject -> false
[GdPAI | debug] SimObjectProxy::is_in_group: object 1028745334210 in group CampfireObject -> false
[GdPAI | debug] SimObjectProxy::is_in_group: object 1028896329535 in group CampfireObject -> false
[GdPAI | debug] SimObjectProxy::is_in_group: object 1028393012654 in group CampfireObject -> false
[GdPAI | debug] SimObjectProxy::is_in_group: object 1027537375027 in group CampfireObject -> false
[GdPAI | debug] SimObjectProxy::is_in_group: object 1028124577335 in group CampfireObject -> false
[GdPAI | debug] SimObjectProxy::is_in_group: object 1028711779777 in group CampfireObject -> false
[GdPAI | debug] SimObjectProxy::is_in_group: object 1027554152212 in group CampfireObject -> false
[GdPAI | debug] SimObjectProxy::is_in_group: object 1028728557165 in group CampfireObject -> false
[GdPAI | debug] SimObjectProxy::is_in_group: object 1027856141876 in group CampfireObject -> false
[GdPAI | debug] SimObjectProxy::is_in_group: object 1027822587437 in group CampfireObject -> false
[GdPAI | debug] SimObjectProxy::is_in_group: object 1027520597783 in group CampfireObject -> true
[GdPAI | debug] SimObjectProxy::is_in_group: object 1028560784824 in group CampfireObject -> false
[GdPAI | debug] SimObjectProxy::is_in_group: object 1028862774729 in group CampfireObject -> false
[GdPAI | debug]   Snapshotting prop: entity = ObjectRef(1028191686197) (Variant type: OBJECT)
[GdPAI | debug]   Snapshotting prop: held_item = Str("") (Variant type: STRING)
[GdPAI | debug]   Snapshotting prop: hunger = Float(20.067251249999998) (Variant type: FLOAT)
[GdPAI] Submitting plan: 15 actions, 2 goals, 56 callables
[GdPAI | debug] PlannerEngine: Searching for goal 'Maintain Fire' (reward: 40)
[GdPAI] PlannerEngine: Searching for goal 'Maintain Fire'
WARNING: [GdPAI] ObjectRef(124621163998): object was freed before callback; returning Nil.
   at: gdplanningai_rust::logger::process_logs (src\logger.rs:66)
   GDScript backtrace (most recent call first):
       [0] _start_plan_and_wait (res://test/integration/test_campfire_example_smoke.gd:57)
       [1] test_preemptive_fire_maintenance (res://test/integration/test_campfire_example_smoke.gd:143)
       [2] _pump_frames (res://test/integration/test_campfire_example_smoke.gd:44)
[GdPAI | debug] ApplyEffect [Before] ID=InstanceId(-9223370984889768061): agent props = {"hunger": 70.0627442063492, "held_item": "wood", "entity": null}
[GdPAI | debug] ApplyEffect [After] ID=InstanceId(-9223370984889768061): agent props = {"hunger": 70.0627442063492, "held_item": "wood", "entity": null}
[GdPAI | debug]   Snapshotting prop: hunger = Float(70.0627442063492) (Variant type: FLOAT)
[GdPAI | debug]   Snapshotting prop: held_item = Str("wood") (Variant type: STRING)
[GdPAI | debug]   Snapshotting prop: entity = Nil (Variant type: NIL)
[GdPAI | debug] SimObjectProxy::is_in_group: object 1028560784824 in group CampfireObject -> false
[GdPAI | debug] SimObjectProxy::is_in_group: object 1028896329535 in group CampfireObject -> false
[GdPAI | debug] SimObjectProxy::is_in_group: object 1027554152212 in group CampfireObject -> false
[GdPAI | debug] SimObjectProxy::is_in_group: object 1027973582384 in group CampfireObject -> false
[GdPAI | debug] SimObjectProxy::is_in_group: object 1028728557165 in group CampfireObject -> false
[GdPAI | debug] SimObjectProxy::is_in_group: object 1027671592751 in group CampfireObject -> false
[GdPAI | debug] SimObjectProxy::is_in_group: object 1027705147152 in group CampfireObject -> false
[GdPAI | debug] SimObjectProxy::is_in_group: object 1029181541871 in group CampfireObject -> false
[GdPAI | debug] SimObjectProxy::is_in_group: object 1028158131752 in group CampfireObject -> false
[GdPAI | debug] SimObjectProxy::is_in_group: object 1028141354543 in group CampfireObject -> false
[GdPAI | debug] SimObjectProxy::is_in_group: object 1029013770040 in group CampfireObject -> false
[GdPAI | debug] SimObjectProxy::is_in_group: object 1028393012654 in group CampfireObject -> false
[GdPAI | debug] SimObjectProxy::is_in_group: object 1029164764654 in group CampfireObject -> false
[GdPAI | debug] SimObjectProxy::is_in_group: object 1028879551946 in group CampfireObject -> false
[GdPAI | debug] SimObjectProxy::is_in_group: object 1028594339258 in group CampfireObject -> false
[GdPAI | debug] SimObjectProxy::is_in_group: object 1028745334210 in group CampfireObject -> false
[GdPAI | debug] SimObjectProxy::is_in_group: object 1027822587437 in group CampfireObject -> false
[GdPAI | debug] SimObjectProxy::is_in_group: object 1027856141876 in group CampfireObject -> false
[GdPAI | debug] SimObjectProxy::is_in_group: object 1027990359598 in group CampfireObject -> false
[GdPAI | debug] SimObjectProxy::is_in_group: object 1027520597783 in group CampfireObject -> true
[GdPAI | debug] SimObjectProxy::is_in_group: object 1027839364658 in group CampfireObject -> false
[GdPAI | debug] SimObjectProxy::is_in_group: object 1027688369903 in group CampfireObject -> false
[GdPAI | debug] SimObjectProxy::is_in_group: object 1029198319080 in group CampfireObject -> false
[GdPAI | debug] SimObjectProxy::is_in_group: object 1028711779777 in group CampfireObject -> false
[GdPAI | debug] SimObjectProxy::is_in_group: object 1028577562041 in group CampfireObject -> false
[GdPAI | debug] SimObjectProxy::is_in_group: object 1027537375027 in group CampfireObject -> false
[GdPAI | debug] SimObjectProxy::is_in_group: object 1029047324470 in group CampfireObject -> false
[GdPAI | debug] SimObjectProxy::is_in_group: object 1028007136825 in group CampfireObject -> false
[GdPAI | debug] SimObjectProxy::is_in_group: object 1028124577335 in group CampfireObject -> false
[GdPAI | debug] SimObjectProxy::is_in_group: object 1028862774729 in group CampfireObject -> false
[GdPAI | debug] SimObjectProxy::is_in_group: object 1029030547255 in group CampfireObject -> false
[GdPAI]   Root branch: 1 open preconds, 0 open requirements
[GdPAI]     Precond 0: Custom { callable_id: 55, dependent_object_ids: [] }
[GdPAI] A* Iteration: pop node with chain length 0
[GdPAI | debug] find_candidates: Checking 15 actions against 1 preconds and 0 requirements
WARNING: [GdPAI] ObjectRef(124621163998): object was freed before callback; returning Nil.
   at: gdplanningai_rust::logger::process_logs (src\logger.rs:66)
   GDScript backtrace (most recent call first):
       [0] _process (res://addons/GdPlanningAI/gdpai_autoload.gd:21)
WARNING: [GdPAI] ObjectRef(124621163998): object was freed before callback; returning Nil.
   at: gdplanningai_rust::logger::process_logs (src\logger.rs:66)
   GDScript backtrace (most recent call first):
       [0] _process (res://addons/GdPlanningAI/gdpai_autoload.gd:21)
[GdPAI | debug] GetCost: callable returned non-numeric value: null; returning INFINITY
[GdPAI | debug] Discovery: Starting simulation for action Go To
WARNING: [GdPAI] ObjectRef(124621163998): object was freed before callback; returning Nil.
   at: gdplanningai_rust::logger::process_logs (src\logger.rs:66)
   GDScript backtrace (most recent call first):
       [0] _start_plan_and_wait (res://test/integration/test_campfire_example_smoke.gd:57)
WARNING: [GdPAI] ObjectRef(124621163998): object was freed before callback; returning Nil.
   at: gdplanningai_rust::logger::process_logs (src\logger.rs:66)
   GDScript backtrace (most recent call first):
       [0] _start_plan_and_wait (res://test/integration/test_campfire_example_smoke.gd:57)
[GdPAI | debug] ApplyEffect [Before] ID=InstanceId(-9223370982423517304): agent props = {"hunger": 70.0627442063492, "held_item": "", "entity": null}
[GdPAI | debug] ApplyEffect [After] ID=InstanceId(-9223370982423517304): agent props = {"hunger": 70.0627442063492, "held_item": "", "entity": null}
[GdPAI | debug]   Snapshotting prop: hunger = Float(70.0627442063492) (Variant type: FLOAT)
[GdPAI | debug]   Snapshotting prop: held_item = Str("") (Variant type: STRING)
[GdPAI | debug]   Snapshotting prop: entity = Nil (Variant type: NIL)
WARNING: [GdPAI] ObjectRef(124621163998): object was freed before callback; returning Nil.
   at: gdplanningai_rust::logger::process_logs (src\logger.rs:66)
   GDScript backtrace (most recent call first):
       [0] _process (res://addons/GdPlanningAI/gdpai_autoload.gd:21)
[GdPAI | debug] GetCost: callable returned non-numeric value: null; returning INFINITY
[GdPAI | debug] ApplyEffect [Before] ID=InstanceId(-9223370980594800726): agent props = {"entity": VariantGd { id: 1028191686197, class: RigidBody2D }, "hunger": 20.067251249999998, "held_item": ""}
[GdPAI | debug] ApplyEffect [After] ID=InstanceId(-9223370980594800726): agent props = {"entity": VariantGd { id: 1028191686197, class: RigidBody2D }, "hunger": 20.067251249999998, "held_item": ""}
[GdPAI | debug]   Snapshotting prop: entity = ObjectRef(1028191686197) (Variant type: OBJECT)
[GdPAI | debug]   Snapshotting prop: hunger = Float(20.067251249999998) (Variant type: FLOAT)
[GdPAI | debug]   Snapshotting prop: held_item = Str("") (Variant type: STRING)
[GdPAI | debug] Discovery: Simulation success for Go To. Agent props: {"held_item": Str(""), "entity": ObjectRef(1028191686197), "hunger": Float(20.067251249999998)}
WARNING: [GdPAI] ObjectRef(124621163998): object was freed before callback; returning Nil.
   at: gdplanningai_rust::logger::process_logs (src\logger.rs:66)
   GDScript backtrace (most recent call first):
       [0] _start_plan_and_wait (res://test/integration/test_campfire_example_smoke.gd:57)
[GdPAI | debug] ApplyEffect [Before] ID=InstanceId(-9223370979974043761): agent props = {"held_item": "", "entity": null, "hunger": 70.0627442063492}
[GdPAI | debug] ApplyEffect [After] ID=InstanceId(-9223370979974043761): agent props = {"held_item": "", "entity": null, "hunger": 70.0627442063492}
[GdPAI | debug]   Snapshotting prop: held_item = Str("") (Variant type: STRING)
[GdPAI | debug]   Snapshotting prop: entity = Nil (Variant type: NIL)
[GdPAI | debug]   Snapshotting prop: hunger = Float(70.0627442063492) (Variant type: FLOAT)
[GdPAI | debug] SimObjectProxy::is_in_group: object 1028879551946 in group CampfireObject -> false
[GdPAI | debug] SimObjectProxy::is_in_group: object 1027520597783 in group CampfireObject -> true
[GdPAI | debug] SimObjectProxy::is_in_group: object 1027537375027 in group CampfireObject -> false
[GdPAI | debug] SimObjectProxy::is_in_group: object 1028711779777 in group CampfireObject -> false
[GdPAI | debug] SimObjectProxy::is_in_group: object 1027973582384 in group CampfireObject -> false
[GdPAI | debug] SimObjectProxy::is_in_group: object 1028158131752 in group CampfireObject -> false
[GdPAI | debug] SimObjectProxy::is_in_group: object 1027688369903 in group CampfireObject -> false
[GdPAI | debug] SimObjectProxy::is_in_group: object 1027671592751 in group CampfireObject -> false
[GdPAI | debug] SimObjectProxy::is_in_group: object 1027839364658 in group CampfireObject -> false
[GdPAI | debug] SimObjectProxy::is_in_group: object 1028728557165 in group CampfireObject -> false
[GdPAI | debug] SimObjectProxy::is_in_group: object 1028393012654 in group CampfireObject -> false
[GdPAI | debug] SimObjectProxy::is_in_group: object 1027705147152 in group CampfireObject -> false
[GdPAI | debug] SimObjectProxy::is_in_group: object 1029181541871 in group CampfireObject -> false
[GdPAI | debug] SimObjectProxy::is_in_group: object 1027822587437 in group CampfireObject -> false
[GdPAI | debug] SimObjectProxy::is_in_group: object 1027990359598 in group CampfireObject -> false
[GdPAI | debug] SimObjectProxy::is_in_group: object 1028862774729 in group CampfireObject -> false
[GdPAI | debug] SimObjectProxy::is_in_group: object 1028594339258 in group CampfireObject -> false
[GdPAI | debug] SimObjectProxy::is_in_group: object 1028141354543 in group CampfireObject -> false
[GdPAI | debug] SimObjectProxy::is_in_group: object 1028577562041 in group CampfireObject -> false
[GdPAI | debug] SimObjectProxy::is_in_group: object 1028124577335 in group CampfireObject -> false
[GdPAI | debug] SimObjectProxy::is_in_group: object 1029030547255 in group CampfireObject -> false
[GdPAI | debug] SimObjectProxy::is_in_group: object 1029198319080 in group CampfireObject -> false
[GdPAI | debug] SimObjectProxy::is_in_group: object 1027856141876 in group CampfireObject -> false
[GdPAI | debug] SimObjectProxy::is_in_group: object 1029164764654 in group CampfireObject -> false
[GdPAI | debug] SimObjectProxy::is_in_group: object 1028896329535 in group CampfireObject -> false
[GdPAI | debug] SimObjectProxy::is_in_group: object 1029047324470 in group CampfireObject -> false
[GdPAI | debug] SimObjectProxy::is_in_group: object 1028745334210 in group CampfireObject -> false
[GdPAI | debug] SimObjectProxy::is_in_group: object 1028560784824 in group CampfireObject -> false
[GdPAI | debug] SimObjectProxy::is_in_group: object 1027554152212 in group CampfireObject -> false
[GdPAI | debug] SimObjectProxy::is_in_group: object 1028007136825 in group CampfireObject -> false
[GdPAI | debug] SimObjectProxy::is_in_group: object 1029013770040 in group CampfireObject -> false
[GdPAI | debug] Discovery: Action Go To did NOT satisfy precond Custom { callable_id: 55, dependent_object_ids: [] }
[GdPAI | debug] Discovery: Starting simulation for action Eat Held Food
WARNING: [GdPAI] ObjectRef(124621163998): object was freed before callback; returning Nil.
   at: gdplanningai_rust::logger::process_logs (src\logger.rs:66)
   GDScript backtrace (most recent call first):
       [0] _process (res://addons/GdPlanningAI/gdpai_autoload.gd:21)
[GdPAI | debug] GetCost: callable returned non-numeric value: null; returning INFINITY
WARNING: [GdPAI] ObjectRef(124621163998): object was freed before callback; returning Nil.
   at: gdplanningai_rust::logger::process_logs (src\logger.rs:66)
   GDScript backtrace (most recent call first):
       [0] _start_plan_and_wait (res://test/integration/test_campfire_example_smoke.gd:57)
[GdPAI | debug] ApplyEffect [Before] ID=InstanceId(-9223370977574901840): agent props = {"entity": null, "hunger": 70.0627442063492, "held_item": ""}
[GdPAI | debug] ApplyEffect [After] ID=InstanceId(-9223370977574901840): agent props = {"entity": null, "hunger": 70.0627442063492, "held_item": ""}
[GdPAI | debug]   Snapshotting prop: entity = Nil (Variant type: NIL)
[GdPAI | debug]   Snapshotting prop: hunger = Float(70.0627442063492) (Variant type: FLOAT)
[GdPAI | debug]   Snapshotting prop: held_item = Str("") (Variant type: STRING)
[GdPAI | debug] ApplyEffect [Before] ID=InstanceId(-9223370977004476496): agent props = {"entity": VariantGd { id: 1028191686197, class: RigidBody2D }, "hunger": 20.067251249999998, "held_item": ""}
[GdPAI | debug] ApplyEffect [After] ID=InstanceId(-9223370977004476496): agent props = {"entity": VariantGd { id: 1028191686197, class: RigidBody2D }, "hunger": 0.06725124999999821, "held_item": ""}
[GdPAI | debug]   Snapshotting prop: entity = ObjectRef(1028191686197) (Variant type: OBJECT)
[GdPAI | debug]   Snapshotting prop: hunger = Float(0.06725124999999821) (Variant type: FLOAT)
[GdPAI | debug]   Snapshotting prop: held_item = Str("") (Variant type: STRING)
[GdPAI | debug] Discovery: Simulation success for Eat Held Food. Agent props: {"held_item": Str(""), "entity": ObjectRef(1028191686197), "hunger": Float(0.06725124999999821)}
WARNING: [GdPAI] ObjectRef(124621163998): object was freed before callback; returning Nil.
   at: gdplanningai_rust::logger::process_logs (src\logger.rs:66)
   GDScript backtrace (most recent call first):
       [0] _process (res://addons/GdPlanningAI/gdpai_autoload.gd:21)
[GdPAI | debug] GetCost: callable returned non-numeric value: null; returning INFINITY
[GdPAI | debug] SimObjectProxy::is_in_group: object 1028393012654 in group CampfireObject -> false
[GdPAI | debug] SimObjectProxy::is_in_group: object 1028594339258 in group CampfireObject -> false
[GdPAI | debug] SimObjectProxy::is_in_group: object 1027520597783 in group CampfireObject -> true
[GdPAI | debug] SimObjectProxy::is_in_group: object 1028560784824 in group CampfireObject -> false
[GdPAI | debug] SimObjectProxy::is_in_group: object 1028896329535 in group CampfireObject -> false
[GdPAI | debug] SimObjectProxy::is_in_group: object 1029047324470 in group CampfireObject -> false
[GdPAI | debug] SimObjectProxy::is_in_group: object 1028158131752 in group CampfireObject -> false
[GdPAI | debug] SimObjectProxy::is_in_group: object 1027705147152 in group CampfireObject -> false
[GdPAI | debug] SimObjectProxy::is_in_group: object 1028879551946 in group CampfireObject -> false
[GdPAI | debug] SimObjectProxy::is_in_group: object 1029030547255 in group CampfireObject -> false
[GdPAI | debug] SimObjectProxy::is_in_group: object 1028711779777 in group CampfireObject -> false
[GdPAI | debug] SimObjectProxy::is_in_group: object 1027973582384 in group CampfireObject -> false
[GdPAI | debug] SimObjectProxy::is_in_group: object 1027856141876 in group CampfireObject -> false
[GdPAI | debug] SimObjectProxy::is_in_group: object 1028124577335 in group CampfireObject -> false
[GdPAI | debug] SimObjectProxy::is_in_group: object 1029198319080 in group CampfireObject -> false
[GdPAI | debug] SimObjectProxy::is_in_group: object 1029013770040 in group CampfireObject -> false
[GdPAI | debug] SimObjectProxy::is_in_group: object 1027537375027 in group CampfireObject -> false
[GdPAI | debug] SimObjectProxy::is_in_group: object 1027822587437 in group CampfireObject -> false
[GdPAI | debug] SimObjectProxy::is_in_group: object 1027554152212 in group CampfireObject -> false
[GdPAI | debug] SimObjectProxy::is_in_group: object 1028007136825 in group CampfireObject -> false
[GdPAI | debug] SimObjectProxy::is_in_group: object 1027839364658 in group CampfireObject -> false
[GdPAI | debug] SimObjectProxy::is_in_group: object 1028862774729 in group CampfireObject -> false
[GdPAI | debug] SimObjectProxy::is_in_group: object 1028728557165 in group CampfireObject -> false
[GdPAI | debug] SimObjectProxy::is_in_group: object 1028141354543 in group CampfireObject -> false
[GdPAI | debug] SimObjectProxy::is_in_group: object 1027671592751 in group CampfireObject -> false
[GdPAI | debug] SimObjectProxy::is_in_group: object 1027688369903 in group CampfireObject -> false
[GdPAI | debug] SimObjectProxy::is_in_group: object 1027990359598 in group CampfireObject -> false
[GdPAI | debug] SimObjectProxy::is_in_group: object 1028577562041 in group CampfireObject -> false
[GdPAI | debug] SimObjectProxy::is_in_group: object 1029181541871 in group CampfireObject -> false
[GdPAI | debug] SimObjectProxy::is_in_group: object 1028745334210 in group CampfireObject -> false
[GdPAI | debug] SimObjectProxy::is_in_group: object 1029164764654 in group CampfireObject -> false
[GdPAI | debug] Discovery: Action Eat Held Food did NOT satisfy precond Custom { callable_id: 55, dependent_object_ids: [] }
WARNING: [GdPAI] ObjectRef(124621163998): object was freed before callback; returning Nil.
   at: gdplanningai_rust::logger::process_logs (src\logger.rs:66)
   GDScript backtrace (most recent call first):
       [0] _start_plan_and_wait (res://test/integration/test_campfire_example_smoke.gd:57)
[GdPAI | debug] ApplyEffect [Before] ID=InstanceId(-9223370975175759989): agent props = {"held_item": "wood", "entity": null, "hunger": 70.0627442063492}
[GdPAI | debug] ApplyEffect [After] ID=InstanceId(-9223370975175759989): agent props = {"held_item": "wood", "entity": null, "hunger": 70.0627442063492}
[GdPAI | debug]   Snapshotting prop: held_item = Str("wood") (Variant type: STRING)
[GdPAI | debug]   Snapshotting prop: entity = Nil (Variant type: NIL)
[GdPAI | debug]   Snapshotting prop: hunger = Float(70.0627442063492) (Variant type: FLOAT)
[GdPAI | debug] Discovery: Starting simulation for action Go To
[GdPAI] A* Iteration: pop node with chain length 3
[GdPAI | debug] find_candidates: Checking 15 actions against 1 preconds and 2 requirements
WARNING: [GdPAI] ObjectRef(124621163998): object was freed before callback; returning Nil.
   at: gdplanningai_rust::logger::process_logs (src\logger.rs:66)
   GDScript backtrace (most recent call first):
       [0] _process (res://addons/GdPlanningAI/gdpai_autoload.gd:21)
WARNING: [GdPAI] ObjectRef(124621163998): object was freed before callback; returning Nil.
   at: gdplanningai_rust::logger::process_logs (src\logger.rs:66)
   GDScript backtrace (most recent call first):
       [0] _process (res://addons/GdPlanningAI/gdpai_autoload.gd:21)
[GdPAI | debug] Discovery: Starting simulation for action Go To
WARNING: [GdPAI] ObjectRef(124621163998): object was freed before callback; returning Nil.
   at: gdplanningai_rust::logger::process_logs (src\logger.rs:66)
   GDScript backtrace (most recent call first):
       [0] _start_plan_and_wait (res://test/integration/test_campfire_example_smoke.gd:57)
WARNING: [GdPAI] ObjectRef(124621163998): object was freed before callback; returning Nil.
   at: gdplanningai_rust::logger::process_logs (src\logger.rs:66)
   GDScript backtrace (most recent call first):
       [0] _start_plan_and_wait (res://test/integration/test_campfire_example_smoke.gd:57)
[GdPAI | debug] GetCost: callable returned non-numeric value: null; returning INFINITY
[GdPAI | debug] ApplyEffect [Before] ID=InstanceId(-9223370972155861052): agent props = {"held_item": "", "entity": VariantGd { id: 1028191686197, class: RigidBody2D }, "hunger": 20.067251249999998}
[GdPAI | debug] ApplyEffect [After] ID=InstanceId(-9223370972155861052): agent props = {"held_item": "", "entity": VariantGd { id: 1028191686197, class: RigidBody2D }, "hunger": 20.067251249999998}
[GdPAI | debug]   Snapshotting prop: held_item = Str("") (Variant type: STRING)
[GdPAI | debug]   Snapshotting prop: entity = ObjectRef(1028191686197) (Variant type: OBJECT)
[GdPAI | debug]   Snapshotting prop: hunger = Float(20.067251249999998) (Variant type: FLOAT)
[GdPAI | debug] Discovery: Simulation success for Go To. Agent props: {"entity": ObjectRef(1028191686197), "hunger": Float(20.067251249999998), "held_item": Str("")}
WARNING: [GdPAI] ObjectRef(124621163998): object was freed before callback; returning Nil.
   at: gdplanningai_rust::logger::process_logs (src\logger.rs:66)
   GDScript backtrace (most recent call first):
       [0] _process (res://addons/GdPlanningAI/gdpai_autoload.gd:21)
WARNING: [GdPAI] ObjectRef(124621163998): object was freed before callback; returning Nil.
   at: gdplanningai_rust::logger::process_logs (src\logger.rs:66)
   GDScript backtrace (most recent call first):
       [0] _process (res://addons/GdPlanningAI/gdpai_autoload.gd:21)
[GdPAI | debug] ApplyEffect [Before] ID=InstanceId(-9223370971467995200): agent props = {"hunger": 70.0627442063492, "entity": null, "held_item": ""}
[GdPAI | debug] ApplyEffect [After] ID=InstanceId(-9223370971467995200): agent props = {"hunger": 70.0627442063492, "entity": null, "held_item": ""}
[GdPAI | debug]   Snapshotting prop: hunger = Float(70.0627442063492) (Variant type: FLOAT)
[GdPAI | debug]   Snapshotting prop: entity = Nil (Variant type: NIL)
[GdPAI | debug]   Snapshotting prop: held_item = Str("") (Variant type: STRING)
[GdPAI | debug] Discovery: Simulation success for Go To. Agent props: {"held_item": Str(""), "entity": Nil, "hunger": Float(70.0627442063492)}
[GdPAI | debug] Discovery: Action Go To satisfied precond Builtin { target: Agent, operation: Equal, property_name: "held_item", value: Some(Str("")) }
[GdPAI | debug] Found candidate: Go To (satisfied preconds: [0], requirements: [0, 1])
[GdPAI | debug] SimObjectProxy::is_in_group: object 1028560784824 in group CampfireObject -> false
[GdPAI | debug] SimObjectProxy::is_in_group: object 1028393012654 in group CampfireObject -> false
[GdPAI | debug] SimObjectProxy::is_in_group: object 1027705147152 in group CampfireObject -> false
[GdPAI | debug] SimObjectProxy::is_in_group: object 1028577562041 in group CampfireObject -> false
[GdPAI | debug] SimObjectProxy::is_in_group: object 1027856141876 in group CampfireObject -> false
[GdPAI | debug] SimObjectProxy::is_in_group: object 1029013770040 in group CampfireObject -> false
[GdPAI | debug] SimObjectProxy::is_in_group: object 1029181541871 in group CampfireObject -> false
[GdPAI | debug] SimObjectProxy::is_in_group: object 1027990359598 in group CampfireObject -> false
[GdPAI | debug] SimObjectProxy::is_in_group: object 1027554152212 in group CampfireObject -> false
[GdPAI | debug] SimObjectProxy::is_in_group: object 1027537375027 in group CampfireObject -> false
[GdPAI | debug] SimObjectProxy::is_in_group: object 1028158131752 in group CampfireObject -> false
[GdPAI | debug] SimObjectProxy::is_in_group: object 1028879551946 in group CampfireObject -> false
[GdPAI | debug] SimObjectProxy::is_in_group: object 1028124577335 in group CampfireObject -> false
[GdPAI | debug] SimObjectProxy::is_in_group: object 1028745334210 in group CampfireObject -> false
[GdPAI | debug] SimObjectProxy::is_in_group: object 1028728557165 in group CampfireObject -> false
[GdPAI | debug] SimObjectProxy::is_in_group: object 1027973582384 in group CampfireObject -> false
[GdPAI | debug] SimObjectProxy::is_in_group: object 1027822587437 in group CampfireObject -> false
[GdPAI | debug] SimObjectProxy::is_in_group: object 1027839364658 in group CampfireObject -> false
[GdPAI | debug] SimObjectProxy::is_in_group: object 1027520597783 in group CampfireObject -> true
[GdPAI | debug] Discovery: Starting simulation for action Eat Held Food
[GdPAI | debug] SimObjectProxy::is_in_group: object 1028862774729 in group CampfireObject -> false
[GdPAI | debug] SimObjectProxy::is_in_group: object 1027671592751 in group CampfireObject -> false
[GdPAI | debug] SimObjectProxy::is_in_group: object 1028141354543 in group CampfireObject -> false
[GdPAI | debug] SimObjectProxy::is_in_group: object 1029164764654 in group CampfireObject -> false
[GdPAI | debug] SimObjectProxy::is_in_group: object 1028711779777 in group CampfireObject -> false
[GdPAI | debug] SimObjectProxy::is_in_group: object 1027688369903 in group CampfireObject -> false
[GdPAI | debug] SimObjectProxy::is_in_group: object 1029047324470 in group CampfireObject -> false
[GdPAI | debug] SimObjectProxy::is_in_group: object 1029030547255 in group CampfireObject -> false
[GdPAI | debug] SimObjectProxy::is_in_group: object 1028896329535 in group CampfireObject -> false
[GdPAI | debug] SimObjectProxy::is_in_group: object 1029198319080 in group CampfireObject -> false
[GdPAI | debug] SimObjectProxy::is_in_group: object 1028594339258 in group CampfireObject -> false
[GdPAI | debug] SimObjectProxy::is_in_group: object 1028007136825 in group CampfireObject -> false
[GdPAI | debug] Discovery: Action Go To did NOT satisfy precond Custom { callable_id: 55, dependent_object_ids: [] }
[GdPAI | debug] Discovery: Starting simulation for action Drop Item
WARNING: [GdPAI] ObjectRef(124621163998): object was freed before callback; returning Nil.
   at: gdplanningai_rust::logger::process_logs (src\logger.rs:66)
   GDScript backtrace (most recent call first):
       [0] _start_plan_and_wait (res://test/integration/test_campfire_example_smoke.gd:57)
WARNING: [GdPAI] ObjectRef(124621163998): object was freed before callback; returning Nil.
   at: gdplanningai_rust::logger::process_logs (src\logger.rs:66)
   GDScript backtrace (most recent call first):
       [0] _start_plan_and_wait (res://test/integration/test_campfire_example_smoke.gd:57)
[GdPAI | debug] GetCost: callable returned non-numeric value: null; returning INFINITY
WARNING: [GdPAI] ObjectRef(124621163998): object was freed before callback; returning Nil.
   at: gdplanningai_rust::logger::process_logs (src\logger.rs:66)
   GDScript backtrace (most recent call first):
       [0] _process (res://addons/GdPlanningAI/gdpai_autoload.gd:21)
WARNING: [GdPAI] ObjectRef(124621163998): object was freed before callback; returning Nil.
   at: gdplanningai_rust::logger::process_logs (src\logger.rs:66)
   GDScript backtrace (most recent call first):
       [0] _process (res://addons/GdPlanningAI/gdpai_autoload.gd:21)
[GdPAI | debug] ApplyEffect [Before] ID=InstanceId(-9223370968968190068): agent props = {"held_item": "", "entity": null, "hunger": 70.0627442063492}
[GdPAI | debug] ApplyEffect [After] ID=InstanceId(-9223370968968190068): agent props = {"held_item": "", "entity": null, "hunger": 70.0627442063492}
[GdPAI | debug]   Snapshotting prop: held_item = Str("") (Variant type: STRING)
[GdPAI | debug]   Snapshotting prop: entity = Nil (Variant type: NIL)
[GdPAI | debug]   Snapshotting prop: hunger = Float(70.0627442063492) (Variant type: FLOAT)
[GdPAI | debug] Discovery: Simulation success for Eat Held Food. Agent props: {"hunger": Float(70.0627442063492), "held_item": Str(""), "entity": Nil}
[GdPAI | debug] Discovery: Action Eat Held Food satisfied precond Builtin { target: Agent, operation: Equal, property_name: "held_item", value: Some(Str("")) }
[GdPAI | debug] Found candidate: Eat Held Food (satisfied preconds: [0], requirements: [])
[GdPAI | debug] ApplyEffect [Before] ID=InstanceId(-9223370968397764724): agent props = {"entity": VariantGd { id: 1028191686197, class: RigidBody2D }, "held_item": "", "hunger": 20.067251249999998}
[GdPAI | debug] ApplyEffect [After] ID=InstanceId(-9223370968397764724): agent props = {"entity": VariantGd { id: 1028191686197, class: RigidBody2D }, "hunger": 20.067251249999998, "held_item": ""}
[GdPAI | debug]   Snapshotting prop: entity = ObjectRef(1028191686197) (Variant type: OBJECT)
[GdPAI | debug]   Snapshotting prop: hunger = Float(20.067251249999998) (Variant type: FLOAT)
[GdPAI | debug]   Snapshotting prop: held_item = Str("") (Variant type: STRING)
[GdPAI | debug] Discovery: Simulation success for Drop Item. Agent props: {"entity": ObjectRef(1028191686197), "hunger": Float(20.067251249999998), "held_item": Str("")}
WARNING: [GdPAI] ObjectRef(124621163998): object was freed before callback; returning Nil.
   at: gdplanningai_rust::logger::process_logs (src\logger.rs:66)
   GDScript backtrace (most recent call first):
       [0] _start_plan_and_wait (res://test/integration/test_campfire_example_smoke.gd:57)
WARNING: [GdPAI] ObjectRef(124621163998): object was freed before callback; returning Nil.
   at: gdplanningai_rust::logger::process_logs (src\logger.rs:66)
   GDScript backtrace (most recent call first):
       [0] _start_plan_and_wait (res://test/integration/test_campfire_example_smoke.gd:57)
[GdPAI | debug] Discovery: Starting simulation for action Go To
[GdPAI | debug] SimObjectProxy::is_in_group: object 1027671592751 in group CampfireObject -> false
[GdPAI | debug] SimObjectProxy::is_in_group: object 1027554152212 in group CampfireObject -> false
[GdPAI | debug] SimObjectProxy::is_in_group: object 1029047324470 in group CampfireObject -> false
[GdPAI | debug] SimObjectProxy::is_in_group: object 1029181541871 in group CampfireObject -> false
[GdPAI | debug] SimObjectProxy::is_in_group: object 1028007136825 in group CampfireObject -> false
[GdPAI | debug] SimObjectProxy::is_in_group: object 1027688369903 in group CampfireObject -> false
[GdPAI | debug] SimObjectProxy::is_in_group: object 1028577562041 in group CampfireObject -> false
[GdPAI | debug] SimObjectProxy::is_in_group: object 1027822587437 in group CampfireObject -> false
[GdPAI | debug] SimObjectProxy::is_in_group: object 1027990359598 in group CampfireObject -> false
[GdPAI | debug] SimObjectProxy::is_in_group: object 1028896329535 in group CampfireObject -> false
[GdPAI | debug] SimObjectProxy::is_in_group: object 1028728557165 in group CampfireObject -> false
[GdPAI | debug] SimObjectProxy::is_in_group: object 1029030547255 in group CampfireObject -> false
[GdPAI | debug] SimObjectProxy::is_in_group: object 1028594339258 in group CampfireObject -> false
[GdPAI | debug] SimObjectProxy::is_in_group: object 1028560784824 in group CampfireObject -> false
[GdPAI | debug] SimObjectProxy::is_in_group: object 1029013770040 in group CampfireObject -> false
[GdPAI | debug] SimObjectProxy::is_in_group: object 1028124577335 in group CampfireObject -> false
[GdPAI | debug] SimObjectProxy::is_in_group: object 1028745334210 in group CampfireObject -> false
[GdPAI | debug] SimObjectProxy::is_in_group: object 1027839364658 in group CampfireObject -> false
[GdPAI | debug] SimObjectProxy::is_in_group: object 1029198319080 in group CampfireObject -> false
[GdPAI | debug] SimObjectProxy::is_in_group: object 1027705147152 in group CampfireObject -> false
[GdPAI | debug] SimObjectProxy::is_in_group: object 1027537375027 in group CampfireObject -> false
[GdPAI | debug] SimObjectProxy::is_in_group: object 1027520597783 in group CampfireObject -> true
[GdPAI | debug] SimObjectProxy::is_in_group: object 1028158131752 in group CampfireObject -> false
[GdPAI | debug] SimObjectProxy::is_in_group: object 1028141354543 in group CampfireObject -> false
[GdPAI | debug] SimObjectProxy::is_in_group: object 1027973582384 in group CampfireObject -> false
[GdPAI | debug] SimObjectProxy::is_in_group: object 1028393012654 in group CampfireObject -> false
[GdPAI | debug] SimObjectProxy::is_in_group: object 1029164764654 in group CampfireObject -> false
[GdPAI | debug] SimObjectProxy::is_in_group: object 1028879551946 in group CampfireObject -> false
[GdPAI | debug] SimObjectProxy::is_in_group: object 1028711779777 in group CampfireObject -> false
[GdPAI | debug] SimObjectProxy::is_in_group: object 1027856141876 in group CampfireObject -> false
[GdPAI | debug] SimObjectProxy::is_in_group: object 1028862774729 in group CampfireObject -> false
[GdPAI | debug] Discovery: Action Drop Item did NOT satisfy precond Custom { callable_id: 55, dependent_object_ids: [] }
[GdPAI | debug] Discovery: Starting simulation for action Add Fuel
WARNING: [GdPAI] ObjectRef(124621163998): object was freed before callback; returning Nil.
   at: gdplanningai_rust::logger::process_logs (src\logger.rs:66)
   GDScript backtrace (most recent call first):
       [0] _process (res://addons/GdPlanningAI/gdpai_autoload.gd:21)
WARNING: [GdPAI] ObjectRef(124621163998): object was freed before callback; returning Nil.
   at: gdplanningai_rust::logger::process_logs (src\logger.rs:66)
   GDScript backtrace (most recent call first):
       [0] _process (res://addons/GdPlanningAI/gdpai_autoload.gd:21)
[GdPAI | debug] GetCost: callable returned non-numeric value: null; returning INFINITY
WARNING: [GdPAI] ObjectRef(124621163998): object was freed before callback; returning Nil.
   at: gdplanningai_rust::logger::process_logs (src\logger.rs:66)
   GDScript backtrace (most recent call first):
       [0] _start_plan_and_wait (res://test/integration/test_campfire_example_smoke.gd:57)
WARNING: [GdPAI] ObjectRef(124621163998): object was freed before callback; returning Nil.
   at: gdplanningai_rust::logger::process_logs (src\logger.rs:66)
   GDScript backtrace (most recent call first):
       [0] _start_plan_and_wait (res://test/integration/test_campfire_example_smoke.gd:57)
[GdPAI | debug] ApplyEffect [Before] ID=InstanceId(-9223370965226870823): agent props = {"held_item": "", "hunger": 70.0627442063492, "entity": null}
[GdPAI | debug] ApplyEffect [After] ID=InstanceId(-9223370965226870823): agent props = {"held_item": "", "hunger": 70.0627442063492, "entity": null}
[GdPAI | debug]   Snapshotting prop: held_item = Str("") (Variant type: STRING)
[GdPAI | debug]   Snapshotting prop: hunger = Float(70.0627442063492) (Variant type: FLOAT)
[GdPAI | debug]   Snapshotting prop: entity = Nil (Variant type: NIL)
[GdPAI | debug] Discovery: Simulation success for Go To. Agent props: {"held_item": Str(""), "hunger": Float(70.0627442063492), "entity": Nil}
[GdPAI | debug] Discovery: Action Go To satisfied precond Builtin { target: Agent, operation: Equal, property_name: "held_item", value: Some(Str("")) }
[GdPAI | debug] Found candidate: Go To (satisfied preconds: [0], requirements: [0, 1])
[GdPAI | debug] ApplyEffect [Before] ID=InstanceId(-9223370964656445479): agent props = {"held_item": "wood", "hunger": 20.067251249999998, "entity": VariantGd { id: 1028191686197, class: RigidBody2D }}
[GdPAI | debug] ApplyEffect [After] ID=InstanceId(-9223370964656445479): agent props = {"held_item": "", "entity": VariantGd { id: 1028191686197, class: RigidBody2D }, "hunger": 20.067251249999998}
[GdPAI | debug]   Snapshotting prop: held_item = Str("") (Variant type: STRING)
[GdPAI | debug]   Snapshotting prop: entity = ObjectRef(1028191686197) (Variant type: OBJECT)
[GdPAI | debug]   Snapshotting prop: hunger = Float(20.067251249999998) (Variant type: FLOAT)
[GdPAI | debug] Discovery: Starting simulation for action Drop Item
[GdPAI | debug] Discovery: Simulation success for Add Fuel. Agent props: {"entity": ObjectRef(1028191686197), "hunger": Float(20.067251249999998), "held_item": Str("")}
WARNING: [GdPAI] ObjectRef(124621163998): object was freed before callback; returning Nil.
   at: gdplanningai_rust::logger::process_logs (src\logger.rs:66)
   GDScript backtrace (most recent call first):
       [0] _process (res://addons/GdPlanningAI/gdpai_autoload.gd:21)
WARNING: [GdPAI] ObjectRef(124621163998): object was freed before callback; returning Nil.
   at: gdplanningai_rust::logger::process_logs (src\logger.rs:66)
   GDScript backtrace (most recent call first):
       [0] _process (res://addons/GdPlanningAI/gdpai_autoload.gd:21)
[GdPAI | debug] GetCost: callable returned non-numeric value: null; returning INFINITY
[GdPAI | debug] SimObjectProxy::is_in_group: object 1028158131752 in group CampfireObject -> false
[GdPAI | debug] SimObjectProxy::is_in_group: object 1029164764654 in group CampfireObject -> false
[GdPAI | debug] SimObjectProxy::is_in_group: object 1028560784824 in group CampfireObject -> false
[GdPAI | debug] SimObjectProxy::is_in_group: object 1029047324470 in group CampfireObject -> false
[GdPAI | debug] SimObjectProxy::is_in_group: object 1027688369903 in group CampfireObject -> false
[GdPAI | debug] SimObjectProxy::is_in_group: object 1028745334210 in group CampfireObject -> false
[GdPAI | debug] SimObjectProxy::is_in_group: object 1029030547255 in group CampfireObject -> false
[GdPAI | debug] SimObjectProxy::is_in_group: object 1028862774729 in group CampfireObject -> false
[GdPAI | debug] SimObjectProxy::is_in_group: object 1028728557165 in group CampfireObject -> false
[GdPAI | debug] SimObjectProxy::is_in_group: object 1027839364658 in group CampfireObject -> false
[GdPAI | debug] SimObjectProxy::is_in_group: object 1029181541871 in group CampfireObject -> false
[GdPAI | debug] SimObjectProxy::is_in_group: object 1027671592751 in group CampfireObject -> false
[GdPAI | debug] SimObjectProxy::is_in_group: object 1029198319080 in group CampfireObject -> false
[GdPAI | debug] SimObjectProxy::is_in_group: object 1028577562041 in group CampfireObject -> false
[GdPAI | debug] SimObjectProxy::is_in_group: object 1029013770040 in group CampfireObject -> false
[GdPAI | debug] SimObjectProxy::is_in_group: object 1028896329535 in group CampfireObject -> false
[GdPAI | debug] SimObjectProxy::is_in_group: object 1028124577335 in group CampfireObject -> false
[GdPAI | debug] SimObjectProxy::is_in_group: object 1027520597783 in group CampfireObject -> true
[GdPAI | debug] SimObjectProxy::is_in_group: object 1028711779777 in group CampfireObject -> false
[GdPAI | debug] SimObjectProxy::is_in_group: object 1027554152212 in group CampfireObject -> false
[GdPAI | debug] SimObjectProxy::is_in_group: object 1028393012654 in group CampfireObject -> false
[GdPAI | debug] SimObjectProxy::is_in_group: object 1027822587437 in group CampfireObject -> false
[GdPAI | debug] SimObjectProxy::is_in_group: object 1027705147152 in group CampfireObject -> false
[GdPAI | debug] SimObjectProxy::is_in_group: object 1028007136825 in group CampfireObject -> false
[GdPAI | debug] SimObjectProxy::is_in_group: object 1028594339258 in group CampfireObject -> false
[GdPAI | debug] SimObjectProxy::is_in_group: object 1027537375027 in group CampfireObject -> false
[GdPAI | debug] SimObjectProxy::is_in_group: object 1028879551946 in group CampfireObject -> false
[GdPAI | debug] SimObjectProxy::is_in_group: object 1027990359598 in group CampfireObject -> false
[GdPAI | debug] SimObjectProxy::is_in_group: object 1027973582384 in group CampfireObject -> false
[GdPAI | debug] SimObjectProxy::is_in_group: object 1028141354543 in group CampfireObject -> false
[GdPAI | debug] SimObjectProxy::is_in_group: object 1027856141876 in group CampfireObject -> false
[GdPAI | debug] Discovery: Action Add Fuel satisfied precond Custom { callable_id: 55, dependent_object_ids: [] }
[GdPAI | debug] Found candidate: Add Fuel (satisfied preconds: [0], requirements: [])
WARNING: [GdPAI] ObjectRef(124621163998): object was freed before callback; returning Nil.
   at: gdplanningai_rust::logger::process_logs (src\logger.rs:66)
   GDScript backtrace (most recent call first):
       [0] _start_plan_and_wait (res://test/integration/test_campfire_example_smoke.gd:57)
WARNING: [GdPAI] ObjectRef(124621163998): object was freed before callback; returning Nil.
   at: gdplanningai_rust::logger::process_logs (src\logger.rs:66)
   GDScript backtrace (most recent call first):
       [0] _start_plan_and_wait (res://test/integration/test_campfire_example_smoke.gd:57)
[GdPAI | debug] ApplyEffect [Before] ID=InstanceId(-9223370962727065646): agent props = {"held_item": "", "hunger": 70.0627442063492, "entity": null}
[GdPAI | debug] ApplyEffect [After] ID=InstanceId(-9223370962727065646): agent props = {"held_item": "", "hunger": 70.0627442063492, "entity": null}
[GdPAI | debug]   Snapshotting prop: held_item = Str("") (Variant type: STRING)
[GdPAI | debug]   Snapshotting prop: hunger = Float(70.0627442063492) (Variant type: FLOAT)
[GdPAI | debug]   Snapshotting prop: entity = Nil (Variant type: NIL)
[GdPAI | debug] Discovery: Simulation success for Drop Item. Agent props: {"entity": Nil, "hunger": Float(70.0627442063492), "held_item": Str("")}
[GdPAI | debug] Discovery: Action Drop Item satisfied precond Builtin { target: Agent, operation: Equal, property_name: "held_item", value: Some(Str("")) }
[GdPAI | debug] Found candidate: Drop Item (satisfied preconds: [0], requirements: [])
[GdPAI | debug] Discovery: Starting simulation for action Add Fuel
WARNING: [GdPAI] ObjectRef(124621163998): object was freed before callback; returning Nil.
   at: gdplanningai_rust::logger::process_logs (src\logger.rs:66)
   GDScript backtrace (most recent call first):
       [0] _process (res://addons/GdPlanningAI/gdpai_autoload.gd:21)
WARNING: [GdPAI] ObjectRef(124621163998): object was freed before callback; returning Nil.
   at: gdplanningai_rust::logger::process_logs (src\logger.rs:66)
   GDScript backtrace (most recent call first):
       [0] _process (res://addons/GdPlanningAI/gdpai_autoload.gd:21)
[GdPAI | debug] GetCost: callable returned non-numeric value: null; returning INFINITY
WARNING: [GdPAI] ObjectRef(124621163998): object was freed before callback; returning Nil.
   at: gdplanningai_rust::logger::process_logs (src\logger.rs:66)
   GDScript backtrace (most recent call first):
       [0] _start_plan_and_wait (res://test/integration/test_campfire_example_smoke.gd:57)
WARNING: [GdPAI] ObjectRef(124621163998): object was freed before callback; returning Nil.
   at: gdplanningai_rust::logger::process_logs (src\logger.rs:66)
   GDScript backtrace (most recent call first):
       [0] _start_plan_and_wait (res://test/integration/test_campfire_example_smoke.gd:57)
[GdPAI | debug] ApplyEffect [Before] ID=InstanceId(-9223370960227260450): agent props = {"entity": null, "held_item": "wood", "hunger": 70.0627442063492}
[GdPAI | debug] ApplyEffect [After] ID=InstanceId(-9223370960227260450): agent props = {"entity": null, "held_item": "wood", "hunger": 70.0627442063492}
[GdPAI | debug]   Snapshotting prop: entity = Nil (Variant type: NIL)
[GdPAI | debug]   Snapshotting prop: held_item = Str("wood") (Variant type: STRING)
[GdPAI | debug]   Snapshotting prop: hunger = Float(70.0627442063492) (Variant type: FLOAT)
[GdPAI | debug] Discovery: Simulation success for Add Fuel. Agent props: {"hunger": Float(70.0627442063492), "entity": Nil, "held_item": Str("wood")}
[GdPAI | debug] Discovery: Action Add Fuel did NOT satisfy precond Builtin { target: Agent, operation: Equal, property_name: "held_item", value: Some(Str("")) }
[GdPAI | debug] Discovery: Starting simulation for action Cook Potato
WARNING: [GdPAI] ObjectRef(124621163998): object was freed before callback; returning Nil.
   at: gdplanningai_rust::logger::process_logs (src\logger.rs:66)
   GDScript backtrace (most recent call first):
       [0] _process (res://addons/GdPlanningAI/gdpai_autoload.gd:21)
WARNING: [GdPAI] ObjectRef(124621163998): object was freed before callback; returning Nil.
   at: gdplanningai_rust::logger::process_logs (src\logger.rs:66)
   GDScript backtrace (most recent call first):
       [0] _process (res://addons/GdPlanningAI/gdpai_autoload.gd:21)
[GdPAI | debug] Discovery: Action Cook Potato failed validity check, skipping
[GdPAI | debug] Discovery: Starting simulation for action Pick Up Wood
WARNING: [GdPAI] ObjectRef(124621163998): object was freed before callback; returning Nil.
   at: gdplanningai_rust::logger::process_logs (src\logger.rs:66)
   GDScript backtrace (most recent call first):
       [0] _start_plan_and_wait (res://test/integration/test_campfire_example_smoke.gd:57)
WARNING: [GdPAI] ObjectRef(124621163998): object was freed before callback; returning Nil.
   at: gdplanningai_rust::logger::process_logs (src\logger.rs:66)
   GDScript backtrace (most recent call first):
       [0] _start_plan_and_wait (res://test/integration/test_campfire_example_smoke.gd:57)
[GdPAI | debug] GetCost: callable returned non-numeric value: null; returning INFINITY
[GdPAI | debug] ApplyEffect [Before] ID=InstanceId(-9223370957157029884): agent props = {"hunger": 20.067251249999998, "held_item": "potato", "entity": VariantGd { id: 1028191686197, class: RigidBody2D }}
[GdPAI | debug] ApplyEffect [After] ID=InstanceId(-9223370957157029884): agent props = {"hunger": 20.067251249999998, "held_item": "cooked_potato", "entity": VariantGd { id: 1028191686197, class: RigidBody2D }}
[GdPAI | debug]   Snapshotting prop: hunger = Float(20.067251249999998) (Variant type: FLOAT)
[GdPAI | debug]   Snapshotting prop: held_item = Str("cooked_potato") (Variant type: STRING)
[GdPAI | debug]   Snapshotting prop: entity = ObjectRef(1028191686197) (Variant type: OBJECT)
[GdPAI | debug] Discovery: Simulation success for Cook Potato. Agent props: {"hunger": Float(20.067251249999998), "entity": ObjectRef(1028191686197), "held_item": Str("cooked_potato")}
WARNING: [GdPAI] ObjectRef(124621163998): object was freed before callback; returning Nil.
   at: gdplanningai_rust::logger::process_logs (src\logger.rs:66)
   GDScript backtrace (most recent call first):
       [0] _process (res://addons/GdPlanningAI/gdpai_autoload.gd:21)
WARNING: [GdPAI] ObjectRef(124621163998): object was freed before callback; returning Nil.
   at: gdplanningai_rust::logger::process_logs (src\logger.rs:66)
   GDScript backtrace (most recent call first):
       [0] _process (res://addons/GdPlanningAI/gdpai_autoload.gd:21)
[GdPAI | debug] ApplyEffect [Before] ID=InstanceId(-9223370956469164049): agent props = {"entity": null, "hunger": 70.0627442063492, "held_item": ""}
[GdPAI | debug] ApplyEffect [After] ID=InstanceId(-9223370956469164049): agent props = {"entity": null, "hunger": 70.0627442063492, "held_item": ""}
[GdPAI | debug]   Snapshotting prop: entity = Nil (Variant type: NIL)
[GdPAI | debug]   Snapshotting prop: hunger = Float(70.0627442063492) (Variant type: FLOAT)
[GdPAI | debug]   Snapshotting prop: held_item = Str("") (Variant type: STRING)
[GdPAI | debug] Discovery: Simulation success for Pick Up Wood. Agent props: {"held_item": Str(""), "entity": Nil, "hunger": Float(70.0627442063492)}
[GdPAI | debug] Discovery: Action Pick Up Wood satisfied precond Builtin { target: Agent, operation: Equal, property_name: "held_item", value: Some(Str("")) }
[GdPAI | debug] Found candidate: Pick Up Wood (satisfied preconds: [0], requirements: [])
[GdPAI | debug] SimObjectProxy::is_in_group: object 1028124577335 in group CampfireObject -> false
[GdPAI | debug] SimObjectProxy::is_in_group: object 1029013770040 in group CampfireObject -> false
[GdPAI | debug] SimObjectProxy::is_in_group: object 1028711779777 in group CampfireObject -> false
[GdPAI | debug] SimObjectProxy::is_in_group: object 1027839364658 in group CampfireObject -> false
[GdPAI | debug] SimObjectProxy::is_in_group: object 1028896329535 in group CampfireObject -> false
[GdPAI | debug] SimObjectProxy::is_in_group: object 1027705147152 in group CampfireObject -> false
[GdPAI | debug] SimObjectProxy::is_in_group: object 1028577562041 in group CampfireObject -> false
[GdPAI | debug] SimObjectProxy::is_in_group: object 1027856141876 in group CampfireObject -> false
[GdPAI | debug] SimObjectProxy::is_in_group: object 1028594339258 in group CampfireObject -> false
[GdPAI | debug] SimObjectProxy::is_in_group: object 1029030547255 in group CampfireObject -> false
[GdPAI | debug] SimObjectProxy::is_in_group: object 1029047324470 in group CampfireObject -> false
[GdPAI | debug] SimObjectProxy::is_in_group: object 1028393012654 in group CampfireObject -> false
[GdPAI | debug] SimObjectProxy::is_in_group: object 1028879551946 in group CampfireObject -> false
[GdPAI | debug] SimObjectProxy::is_in_group: object 1027520597783 in group CampfireObject -> true
[GdPAI | debug] SimObjectProxy::is_in_group: object 1027671592751 in group CampfireObject -> false
[GdPAI | debug] SimObjectProxy::is_in_group: object 1027990359598 in group CampfireObject -> false
[GdPAI | debug] SimObjectProxy::is_in_group: object 1027554152212 in group CampfireObject -> false
[GdPAI | debug] SimObjectProxy::is_in_group: object 1029198319080 in group CampfireObject -> false
[GdPAI | debug] SimObjectProxy::is_in_group: object 1029181541871 in group CampfireObject -> false
[GdPAI | debug] SimObjectProxy::is_in_group: object 1028862774729 in group CampfireObject -> false
[GdPAI | debug] SimObjectProxy::is_in_group: object 1027822587437 in group CampfireObject -> false
[GdPAI | debug] SimObjectProxy::is_in_group: object 1028007136825 in group CampfireObject -> false
[GdPAI | debug] SimObjectProxy::is_in_group: object 1028745334210 in group CampfireObject -> false
[GdPAI | debug] SimObjectProxy::is_in_group: object 1027688369903 in group CampfireObject -> false
[GdPAI | debug] SimObjectProxy::is_in_group: object 1029164764654 in group CampfireObject -> false
[GdPAI | debug] SimObjectProxy::is_in_group: object 1028728557165 in group CampfireObject -> false
[GdPAI | debug] SimObjectProxy::is_in_group: object 1027973582384 in group CampfireObject -> false
[GdPAI | debug] SimObjectProxy::is_in_group: object 1028141354543 in group CampfireObject -> false
[GdPAI | debug] SimObjectProxy::is_in_group: object 1027537375027 in group CampfireObject -> false
[GdPAI | debug] SimObjectProxy::is_in_group: object 1028560784824 in group CampfireObject -> false
[GdPAI | debug] Discovery: Starting simulation for action Pick Up Wood
[GdPAI | debug] SimObjectProxy::is_in_group: object 1028158131752 in group CampfireObject -> false
[GdPAI | debug] Discovery: Action Cook Potato did NOT satisfy precond Custom { callable_id: 55, dependent_object_ids: [] }
[GdPAI | debug] Discovery: Starting simulation for action Pick Up Wood
WARNING: [GdPAI] ObjectRef(124621163998): object was freed before callback; returning Nil.
   at: gdplanningai_rust::logger::process_logs (src\logger.rs:66)
   GDScript backtrace (most recent call first):
       [0] _start_plan_and_wait (res://test/integration/test_campfire_example_smoke.gd:57)
WARNING: [GdPAI] ObjectRef(124621163998): object was freed before callback; returning Nil.
   at: gdplanningai_rust::logger::process_logs (src\logger.rs:66)
   GDScript backtrace (most recent call first):
       [0] _start_plan_and_wait (res://test/integration/test_campfire_example_smoke.gd:57)
[GdPAI | debug] GetCost: callable returned non-numeric value: null; returning INFINITY
WARNING: [GdPAI] ObjectRef(124621163998): object was freed before callback; returning Nil.
   at: gdplanningai_rust::logger::process_logs (src\logger.rs:66)
   GDScript backtrace (most recent call first):
       [0] _process (res://addons/GdPlanningAI/gdpai_autoload.gd:21)
WARNING: [GdPAI] ObjectRef(124621163998): object was freed before callback; returning Nil.
   at: gdplanningai_rust::logger::process_logs (src\logger.rs:66)
   GDScript backtrace (most recent call first):
       [0] _process (res://addons/GdPlanningAI/gdpai_autoload.gd:21)
[GdPAI | debug] ApplyEffect [Before] ID=InstanceId(-9223370953969358833): agent props = {"hunger": 70.0627442063492, "held_item": "", "entity": null}
[GdPAI | debug] ApplyEffect [After] ID=InstanceId(-9223370953969358833): agent props = {"hunger": 70.0627442063492, "held_item": "", "entity": null}
[GdPAI | debug]   Snapshotting prop: hunger = Float(70.0627442063492) (Variant type: FLOAT)
[GdPAI | debug]   Snapshotting prop: held_item = Str("") (Variant type: STRING)
[GdPAI | debug]   Snapshotting prop: entity = Nil (Variant type: NIL)
[GdPAI | debug] Discovery: Simulation success for Pick Up Wood. Agent props: {"entity": Nil, "hunger": Float(70.0627442063492), "held_item": Str("")}
[GdPAI | debug] Discovery: Action Pick Up Wood satisfied precond Builtin { target: Agent, operation: Equal, property_name: "held_item", value: Some(Str("")) }
[GdPAI | debug] Found candidate: Pick Up Wood (satisfied preconds: [0], requirements: [])
[GdPAI | debug] Discovery: Starting simulation for action Pick Up Wood
[GdPAI | debug] ApplyEffect [Before] ID=InstanceId(-9223370953398933489): agent props = {"hunger": 20.067251249999998, "held_item": "", "entity": VariantGd { id: 1028191686197, class: RigidBody2D }}
[GdPAI | debug] ApplyEffect [After] ID=InstanceId(-9223370953398933489): agent props = {"hunger": 20.067251249999998, "held_item": "wood", "entity": VariantGd { id: 1028191686197, class: RigidBody2D }}
[GdPAI | debug]   Snapshotting prop: hunger = Float(20.067251249999998) (Variant type: FLOAT)
[GdPAI | debug]   Snapshotting prop: held_item = Str("wood") (Variant type: STRING)
[GdPAI | debug]   Snapshotting prop: entity = ObjectRef(1028191686197) (Variant type: OBJECT)
[GdPAI | debug] Discovery: Simulation success for Pick Up Wood. Agent props: {"held_item": Str("wood"), "entity": ObjectRef(1028191686197), "hunger": Float(20.067251249999998)}
WARNING: [GdPAI] ObjectRef(124621163998): object was freed before callback; returning Nil.
   at: gdplanningai_rust::logger::process_logs (src\logger.rs:66)
   GDScript backtrace (most recent call first):
       [0] _start_plan_and_wait (res://test/integration/test_campfire_example_smoke.gd:57)
WARNING: [GdPAI] ObjectRef(124621163998): object was freed before callback; returning Nil.
   at: gdplanningai_rust::logger::process_logs (src\logger.rs:66)
   GDScript backtrace (most recent call first):
       [0] _start_plan_and_wait (res://test/integration/test_campfire_example_smoke.gd:57)
[GdPAI | debug] GetCost: callable returned non-numeric value: null; returning INFINITY
[GdPAI | debug] SimObjectProxy::is_in_group: object 1027990359598 in group CampfireObject -> false
[GdPAI | debug] SimObjectProxy::is_in_group: object 1028896329535 in group CampfireObject -> false
[GdPAI | debug] SimObjectProxy::is_in_group: object 1029047324470 in group CampfireObject -> false
[GdPAI | debug] SimObjectProxy::is_in_group: object 1027537375027 in group CampfireObject -> false
[GdPAI | debug] SimObjectProxy::is_in_group: object 1029164764654 in group CampfireObject -> false
[GdPAI | debug] SimObjectProxy::is_in_group: object 1028158131752 in group CampfireObject -> false
[GdPAI | debug] SimObjectProxy::is_in_group: object 1027705147152 in group CampfireObject -> false
[GdPAI | debug] SimObjectProxy::is_in_group: object 1028141354543 in group CampfireObject -> false
[GdPAI | debug] SimObjectProxy::is_in_group: object 1028728557165 in group CampfireObject -> false
[GdPAI | debug] SimObjectProxy::is_in_group: object 1028711779777 in group CampfireObject -> false
[GdPAI | debug] SimObjectProxy::is_in_group: object 1028007136825 in group CampfireObject -> false
[GdPAI | debug] SimObjectProxy::is_in_group: object 1028879551946 in group CampfireObject -> false
[GdPAI | debug] SimObjectProxy::is_in_group: object 1027856141876 in group CampfireObject -> false
[GdPAI | debug] SimObjectProxy::is_in_group: object 1027520597783 in group CampfireObject -> true
[GdPAI | debug] SimObjectProxy::is_in_group: object 1028577562041 in group CampfireObject -> false
[GdPAI | debug] SimObjectProxy::is_in_group: object 1029181541871 in group CampfireObject -> false
[GdPAI | debug] SimObjectProxy::is_in_group: object 1029030547255 in group CampfireObject -> false
[GdPAI | debug] SimObjectProxy::is_in_group: object 1027839364658 in group CampfireObject -> false
[GdPAI | debug] SimObjectProxy::is_in_group: object 1027671592751 in group CampfireObject -> false
[GdPAI | debug] SimObjectProxy::is_in_group: object 1028393012654 in group CampfireObject -> false
[GdPAI | debug] SimObjectProxy::is_in_group: object 1029013770040 in group CampfireObject -> false
[GdPAI | debug] SimObjectProxy::is_in_group: object 1029198319080 in group CampfireObject -> false
[GdPAI | debug] SimObjectProxy::is_in_group: object 1028862774729 in group CampfireObject -> false
[GdPAI | debug] SimObjectProxy::is_in_group: object 1028560784824 in group CampfireObject -> false
[GdPAI | debug] SimObjectProxy::is_in_group: object 1028124577335 in group CampfireObject -> false
[GdPAI | debug] SimObjectProxy::is_in_group: object 1027822587437 in group CampfireObject -> false
[GdPAI | debug] SimObjectProxy::is_in_group: object 1028594339258 in group CampfireObject -> false
[GdPAI | debug] SimObjectProxy::is_in_group: object 1027554152212 in group CampfireObject -> false
[GdPAI | debug] SimObjectProxy::is_in_group: object 1027688369903 in group CampfireObject -> false
[GdPAI | debug] SimObjectProxy::is_in_group: object 1028745334210 in group CampfireObject -> false
[GdPAI | debug] SimObjectProxy::is_in_group: object 1027973582384 in group CampfireObject -> false
[GdPAI | debug] Discovery: Action Pick Up Wood did NOT satisfy precond Custom { callable_id: 55, dependent_object_ids: [] }
[GdPAI | debug] Discovery: Starting simulation for action Pick Up Wood
WARNING: [GdPAI] ObjectRef(124621163998): object was freed before callback; returning Nil.
   at: gdplanningai_rust::logger::process_logs (src\logger.rs:66)
   GDScript backtrace (most recent call first):
       [0] _process (res://addons/GdPlanningAI/gdpai_autoload.gd:21)
WARNING: [GdPAI] ObjectRef(124621163998): object was freed before callback; returning Nil.
   at: gdplanningai_rust::logger::process_logs (src\logger.rs:66)
   GDScript backtrace (most recent call first):
       [0] _process (res://addons/GdPlanningAI/gdpai_autoload.gd:21)
[GdPAI | debug] ApplyEffect [Before] ID=InstanceId(-9223370951469553641): agent props = {"entity": null, "hunger": 70.0627442063492, "held_item": ""}
[GdPAI | debug] ApplyEffect [After] ID=InstanceId(-9223370951469553641): agent props = {"entity": null, "hunger": 70.0627442063492, "held_item": ""}
[GdPAI | debug]   Snapshotting prop: entity = Nil (Variant type: NIL)
[GdPAI | debug]   Snapshotting prop: hunger = Float(70.0627442063492) (Variant type: FLOAT)
[GdPAI | debug]   Snapshotting prop: held_item = Str("") (Variant type: STRING)
[GdPAI | debug] Discovery: Simulation success for Pick Up Wood. Agent props: {"held_item": Str(""), "hunger": Float(70.0627442063492), "entity": Nil}
[GdPAI | debug] Discovery: Action Pick Up Wood satisfied precond Builtin { target: Agent, operation: Equal, property_name: "held_item", value: Some(Str("")) }
[GdPAI | debug] Found candidate: Pick Up Wood (satisfied preconds: [0], requirements: [])
[GdPAI | debug] Discovery: Starting simulation for action Pick Up Wood
WARNING: [GdPAI] ObjectRef(124621163998): object was freed before callback; returning Nil.
   at: gdplanningai_rust::logger::process_logs (src\logger.rs:66)
   GDScript backtrace (most recent call first):
       [0] _start_plan_and_wait (res://test/integration/test_campfire_example_smoke.gd:57)
WARNING: [GdPAI] ObjectRef(124621163998): object was freed before callback; returning Nil.
   at: gdplanningai_rust::logger::process_logs (src\logger.rs:66)
   GDScript backtrace (most recent call first):
       [0] _start_plan_and_wait (res://test/integration/test_campfire_example_smoke.gd:57)
[GdPAI | debug] GetCost: callable returned non-numeric value: null; returning INFINITY
[GdPAI | debug] ApplyEffect [Before] ID=InstanceId(-9223370949657614295): agent props = {"held_item": "", "hunger": 20.067251249999998, "entity": VariantGd { id: 1028191686197, class: RigidBody2D }}
[GdPAI | debug] ApplyEffect [After] ID=InstanceId(-9223370949657614295): agent props = {"hunger": 20.067251249999998, "held_item": "wood", "entity": VariantGd { id: 1028191686197, class: RigidBody2D }}
[GdPAI | debug]   Snapshotting prop: hunger = Float(20.067251249999998) (Variant type: FLOAT)
[GdPAI | debug]   Snapshotting prop: held_item = Str("wood") (Variant type: STRING)
[GdPAI | debug]   Snapshotting prop: entity = ObjectRef(1028191686197) (Variant type: OBJECT)
[GdPAI | debug] Discovery: Simulation success for Pick Up Wood. Agent props: {"held_item": Str("wood"), "hunger": Float(20.067251249999998), "entity": ObjectRef(1028191686197)}
WARNING: [GdPAI] ObjectRef(124621163998): object was freed before callback; returning Nil.
   at: gdplanningai_rust::logger::process_logs (src\logger.rs:66)
   GDScript backtrace (most recent call first):
       [0] _process (res://addons/GdPlanningAI/gdpai_autoload.gd:21)
WARNING: [GdPAI] ObjectRef(124621163998): object was freed before callback; returning Nil.
   at: gdplanningai_rust::logger::process_logs (src\logger.rs:66)
   GDScript backtrace (most recent call first):
       [0] _process (res://addons/GdPlanningAI/gdpai_autoload.gd:21)
[GdPAI | debug] ApplyEffect [Before] ID=InstanceId(-9223370948969748444): agent props = {"hunger": 70.0627442063492, "held_item": "", "entity": null}
[GdPAI | debug] ApplyEffect [After] ID=InstanceId(-9223370948969748444): agent props = {"hunger": 70.0627442063492, "held_item": "", "entity": null}
[GdPAI | debug]   Snapshotting prop: hunger = Float(70.0627442063492) (Variant type: FLOAT)
[GdPAI | debug]   Snapshotting prop: held_item = Str("") (Variant type: STRING)
[GdPAI | debug]   Snapshotting prop: entity = Nil (Variant type: NIL)
[GdPAI | debug] Discovery: Simulation success for Pick Up Wood. Agent props: {"held_item": Str(""), "entity": Nil, "hunger": Float(70.0627442063492)}
[GdPAI | debug] Discovery: Action Pick Up Wood satisfied precond Builtin { target: Agent, operation: Equal, property_name: "held_item", value: Some(Str("")) }
[GdPAI | debug] Found candidate: Pick Up Wood (satisfied preconds: [0], requirements: [])
[GdPAI | debug] SimObjectProxy::is_in_group: object 1027839364658 in group CampfireObject -> false
[GdPAI | debug] SimObjectProxy::is_in_group: object 1027554152212 in group CampfireObject -> false
[GdPAI | debug] SimObjectProxy::is_in_group: object 1028896329535 in group CampfireObject -> false
[GdPAI | debug] SimObjectProxy::is_in_group: object 1028124577335 in group CampfireObject -> false
[GdPAI | debug] SimObjectProxy::is_in_group: object 1029181541871 in group CampfireObject -> false
[GdPAI | debug] SimObjectProxy::is_in_group: object 1028728557165 in group CampfireObject -> false
[GdPAI | debug] SimObjectProxy::is_in_group: object 1028862774729 in group CampfireObject -> false
[GdPAI | debug] SimObjectProxy::is_in_group: object 1028594339258 in group CampfireObject -> false
[GdPAI | debug] SimObjectProxy::is_in_group: object 1027856141876 in group CampfireObject -> false
[GdPAI | debug] SimObjectProxy::is_in_group: object 1027973582384 in group CampfireObject -> false
[GdPAI | debug] SimObjectProxy::is_in_group: object 1028879551946 in group CampfireObject -> false
[GdPAI | debug] SimObjectProxy::is_in_group: object 1028007136825 in group CampfireObject -> false
[GdPAI | debug] SimObjectProxy::is_in_group: object 1029198319080 in group CampfireObject -> false
[GdPAI | debug] SimObjectProxy::is_in_group: object 1027705147152 in group CampfireObject -> false
[GdPAI | debug] SimObjectProxy::is_in_group: object 1028577562041 in group CampfireObject -> false
[GdPAI | debug] SimObjectProxy::is_in_group: object 1028560784824 in group CampfireObject -> false
[GdPAI | debug] SimObjectProxy::is_in_group: object 1029047324470 in group CampfireObject -> false
[GdPAI | debug] SimObjectProxy::is_in_group: object 1028141354543 in group CampfireObject -> false
[GdPAI | debug] SimObjectProxy::is_in_group: object 1027688369903 in group CampfireObject -> false
[GdPAI | debug] SimObjectProxy::is_in_group: object 1029013770040 in group CampfireObject -> false
[GdPAI | debug] SimObjectProxy::is_in_group: object 1027822587437 in group CampfireObject -> false
[GdPAI | debug] SimObjectProxy::is_in_group: object 1027990359598 in group CampfireObject -> false
[GdPAI | debug] SimObjectProxy::is_in_group: object 1028711779777 in group CampfireObject -> false
[GdPAI | debug] SimObjectProxy::is_in_group: object 1028745334210 in group CampfireObject -> false
[GdPAI | debug] SimObjectProxy::is_in_group: object 1029164764654 in group CampfireObject -> false
[GdPAI | debug] SimObjectProxy::is_in_group: object 1028158131752 in group CampfireObject -> false
[GdPAI | debug] SimObjectProxy::is_in_group: object 1027537375027 in group CampfireObject -> false
[GdPAI | debug] SimObjectProxy::is_in_group: object 1027671592751 in group CampfireObject -> false
[GdPAI | debug] SimObjectProxy::is_in_group: object 1027520597783 in group CampfireObject -> true
[GdPAI | debug] SimObjectProxy::is_in_group: object 1029030547255 in group CampfireObject -> false
[GdPAI | debug] SimObjectProxy::is_in_group: object 1028393012654 in group CampfireObject -> false
[GdPAI | debug] Discovery: Action Pick Up Wood did NOT satisfy precond Custom { callable_id: 55, dependent_object_ids: [] }
[GdPAI | debug] Discovery: Starting simulation for action Pick Up Wood
WARNING: [GdPAI] ObjectRef(124621163998): object was freed before callback; returning Nil.
   at: gdplanningai_rust::logger::process_logs (src\logger.rs:66)
   GDScript backtrace (most recent call first):
       [0] _start_plan_and_wait (res://test/integration/test_campfire_example_smoke.gd:57)
WARNING: [GdPAI] ObjectRef(124621163998): object was freed before callback; returning Nil.
   at: gdplanningai_rust::logger::process_logs (src\logger.rs:66)
   GDScript backtrace (most recent call first):
       [0] _start_plan_and_wait (res://test/integration/test_campfire_example_smoke.gd:57)
[GdPAI | debug] Discovery: Action Dig Potato failed validity check, skipping
WARNING: [GdPAI] ObjectRef(124621163998): object was freed before callback; returning Nil.
   at: gdplanningai_rust::logger::process_logs (src\logger.rs:66)
   GDScript backtrace (most recent call first):
       [0] _process (res://addons/GdPlanningAI/gdpai_autoload.gd:21)
WARNING: [GdPAI] ObjectRef(124621163998): object was freed before callback; returning Nil.
   at: gdplanningai_rust::logger::process_logs (src\logger.rs:66)
   GDScript backtrace (most recent call first):
       [0] _process (res://addons/GdPlanningAI/gdpai_autoload.gd:21)
[GdPAI | debug] Discovery: Action Dig Potato failed validity check, skipping
[GdPAI | debug] ApplyEffect [Before] ID=InstanceId(-9223370945899517912): agent props = {"entity": VariantGd { id: 1028191686197, class: RigidBody2D }, "hunger": 20.067251249999998, "held_item": ""}
[GdPAI | debug] ApplyEffect [After] ID=InstanceId(-9223370945899517912): agent props = {"entity": VariantGd { id: 1028191686197, class: RigidBody2D }, "hunger": 20.067251249999998, "held_item": "wood"}
[GdPAI | debug]   Snapshotting prop: entity = ObjectRef(1028191686197) (Variant type: OBJECT)
[GdPAI | debug]   Snapshotting prop: hunger = Float(20.067251249999998) (Variant type: FLOAT)
[GdPAI | debug]   Snapshotting prop: held_item = Str("wood") (Variant type: STRING)
[GdPAI | debug] Discovery: Simulation success for Pick Up Wood. Agent props: {"entity": ObjectRef(1028191686197), "hunger": Float(20.067251249999998), "held_item": Str("wood")}
WARNING: [GdPAI] ObjectRef(124621163998): object was freed before callback; returning Nil.
   at: gdplanningai_rust::logger::process_logs (src\logger.rs:66)
   GDScript backtrace (most recent call first):
       [0] _start_plan_and_wait (res://test/integration/test_campfire_example_smoke.gd:57)
WARNING: [GdPAI] ObjectRef(124621163998): object was freed before callback; returning Nil.
   at: gdplanningai_rust::logger::process_logs (src\logger.rs:66)
   GDScript backtrace (most recent call first):
       [0] _start_plan_and_wait (res://test/integration/test_campfire_example_smoke.gd:57)
[GdPAI | debug] Discovery: Action Dig Potato failed validity check, skipping
[GdPAI | debug] SimObjectProxy::is_in_group: object 1029164764654 in group CampfireObject -> false
[GdPAI | debug] SimObjectProxy::is_in_group: object 1029030547255 in group CampfireObject -> false
[GdPAI | debug] SimObjectProxy::is_in_group: object 1027705147152 in group CampfireObject -> false
[GdPAI | debug] SimObjectProxy::is_in_group: object 1028560784824 in group CampfireObject -> false
[GdPAI | debug] SimObjectProxy::is_in_group: object 1027688369903 in group CampfireObject -> false
[GdPAI | debug] SimObjectProxy::is_in_group: object 1027554152212 in group CampfireObject -> false
[GdPAI | debug] SimObjectProxy::is_in_group: object 1027856141876 in group CampfireObject -> false
[GdPAI | debug] SimObjectProxy::is_in_group: object 1028577562041 in group CampfireObject -> false
[GdPAI | debug] SimObjectProxy::is_in_group: object 1028728557165 in group CampfireObject -> false
[GdPAI | debug] SimObjectProxy::is_in_group: object 1028594339258 in group CampfireObject -> false
[GdPAI | debug] SimObjectProxy::is_in_group: object 1027520597783 in group CampfireObject -> true
[GdPAI | debug] SimObjectProxy::is_in_group: object 1027537375027 in group CampfireObject -> false
[GdPAI | debug] SimObjectProxy::is_in_group: object 1027671592751 in group CampfireObject -> false
[GdPAI | debug] SimObjectProxy::is_in_group: object 1028158131752 in group CampfireObject -> false
[GdPAI | debug] SimObjectProxy::is_in_group: object 1028879551946 in group CampfireObject -> false
[GdPAI | debug] SimObjectProxy::is_in_group: object 1027822587437 in group CampfireObject -> false
[GdPAI | debug] SimObjectProxy::is_in_group: object 1028896329535 in group CampfireObject -> false
[GdPAI | debug] SimObjectProxy::is_in_group: object 1028393012654 in group CampfireObject -> false
[GdPAI | debug] SimObjectProxy::is_in_group: object 1028862774729 in group CampfireObject -> false
[GdPAI | debug] SimObjectProxy::is_in_group: object 1027990359598 in group CampfireObject -> false
[GdPAI | debug] SimObjectProxy::is_in_group: object 1028745334210 in group CampfireObject -> false
[GdPAI | debug] SimObjectProxy::is_in_group: object 1028141354543 in group CampfireObject -> false
[GdPAI | debug] SimObjectProxy::is_in_group: object 1027973582384 in group CampfireObject -> false
[GdPAI | debug] SimObjectProxy::is_in_group: object 1029198319080 in group CampfireObject -> false
[GdPAI | debug] SimObjectProxy::is_in_group: object 1029181541871 in group CampfireObject -> false
[GdPAI | debug] SimObjectProxy::is_in_group: object 1028124577335 in group CampfireObject -> false
[GdPAI | debug] SimObjectProxy::is_in_group: object 1029047324470 in group CampfireObject -> false
[GdPAI | debug] SimObjectProxy::is_in_group: object 1029013770040 in group CampfireObject -> false
[GdPAI | debug] SimObjectProxy::is_in_group: object 1028711779777 in group CampfireObject -> false
[GdPAI | debug] SimObjectProxy::is_in_group: object 1027839364658 in group CampfireObject -> false
[GdPAI | debug] SimObjectProxy::is_in_group: object 1028007136825 in group CampfireObject -> false
[GdPAI | debug] Discovery: Action Pick Up Wood did NOT satisfy precond Custom { callable_id: 55, dependent_object_ids: [] }
[GdPAI | debug] Discovery: Starting simulation for action Pick Up Wood
WARNING: [GdPAI] ObjectRef(124621163998): object was freed before callback; returning Nil.
   at: gdplanningai_rust::logger::process_logs (src\logger.rs:66)
   GDScript backtrace (most recent call first):
       [0] _process (res://addons/GdPlanningAI/gdpai_autoload.gd:21)
WARNING: [GdPAI] ObjectRef(124621163998): object was freed before callback; returning Nil.
   at: gdplanningai_rust::logger::process_logs (src\logger.rs:66)
   GDScript backtrace (most recent call first):
       [0] _process (res://addons/GdPlanningAI/gdpai_autoload.gd:21)
[GdPAI | debug] Discovery: Action Dig Potato failed validity check, skipping
WARNING: [GdPAI] ObjectRef(124621163998): object was freed before callback; returning Nil.
   at: gdplanningai_rust::logger::process_logs (src\logger.rs:66)
   GDScript backtrace (most recent call first):
       [0] _start_plan_and_wait (res://test/integration/test_campfire_example_smoke.gd:57)
WARNING: [GdPAI] ObjectRef(124621163998): object was freed before callback; returning Nil.
   at: gdplanningai_rust::logger::process_logs (src\logger.rs:66)
   GDScript backtrace (most recent call first):
       [0] _start_plan_and_wait (res://test/integration/test_campfire_example_smoke.gd:57)
[GdPAI | debug] Discovery: Action Dig Potato failed validity check, skipping
[GdPAI | debug] ApplyEffect [Before] ID=InstanceId(-9223370942158198707): agent props = {"entity": VariantGd { id: 1028191686197, class: RigidBody2D }, "hunger": 20.067251249999998, "held_item": ""}
[GdPAI | debug] ApplyEffect [After] ID=InstanceId(-9223370942158198707): agent props = {"entity": VariantGd { id: 1028191686197, class: RigidBody2D }, "hunger": 20.067251249999998, "held_item": "wood"}
[GdPAI | debug]   Snapshotting prop: entity = ObjectRef(1028191686197) (Variant type: OBJECT)
[GdPAI | debug]   Snapshotting prop: hunger = Float(20.067251249999998) (Variant type: FLOAT)
[GdPAI | debug]   Snapshotting prop: held_item = Str("wood") (Variant type: STRING)
[GdPAI | debug] Discovery: Simulation success for Pick Up Wood. Agent props: {"entity": ObjectRef(1028191686197), "hunger": Float(20.067251249999998), "held_item": Str("wood")}
WARNING: [GdPAI] ObjectRef(124621163998): object was freed before callback; returning Nil.
   at: gdplanningai_rust::logger::process_logs (src\logger.rs:66)
   GDScript backtrace (most recent call first):
       [0] _process (res://addons/GdPlanningAI/gdpai_autoload.gd:21)
WARNING: [GdPAI] ObjectRef(124621163998): object was freed before callback; returning Nil.
   at: gdplanningai_rust::logger::process_logs (src\logger.rs:66)
   GDScript backtrace (most recent call first):
       [0] _process (res://addons/GdPlanningAI/gdpai_autoload.gd:21)
WARNING: [GdPAI] ObjectRef(124134624705): object was freed before callback; returning Nil.
   at: gdplanningai_rust::logger::process_logs (src\logger.rs:66)
   GDScript backtrace (most recent call first):
       [0] _process (res://addons/GdPlanningAI/gdpai_autoload.gd:21)
WARNING: [GdPAI] ObjectRef(125359361544): object was freed before callback; returning Nil.
   at: gdplanningai_rust::logger::process_logs (src\logger.rs:66)
   GDScript backtrace (most recent call first):
       [0] _process (res://addons/GdPlanningAI/gdpai_autoload.gd:21)
WARNING: [GdPAI] ObjectRef(124134624705): object was freed before callback; returning Nil.
   at: gdplanningai_rust::logger::process_logs (src\logger.rs:66)
   GDScript backtrace (most recent call first):
       [0] _process (res://addons/GdPlanningAI/gdpai_autoload.gd:21)
WARNING: [GdPAI] ObjectRef(125359361544): object was freed before callback; returning Nil.
   at: gdplanningai_rust::logger::process_logs (src\logger.rs:66)
   GDScript backtrace (most recent call first):
       [0] _process (res://addons/GdPlanningAI/gdpai_autoload.gd:21)
[GdPAI | debug] GetCost: callable returned non-numeric value: null; returning INFINITY
[GdPAI | debug] SimObjectProxy::is_in_group: object 1027973582384 in group CampfireObject -> false
[GdPAI | debug] SimObjectProxy::is_in_group: object 1028879551946 in group CampfireObject -> false
[GdPAI | debug] SimObjectProxy::is_in_group: object 1029013770040 in group CampfireObject -> false
[GdPAI | debug] SimObjectProxy::is_in_group: object 1027537375027 in group CampfireObject -> false
[GdPAI | debug] SimObjectProxy::is_in_group: object 1028007136825 in group CampfireObject -> false
[GdPAI | debug] SimObjectProxy::is_in_group: object 1028896329535 in group CampfireObject -> false
[GdPAI | debug] SimObjectProxy::is_in_group: object 1027554152212 in group CampfireObject -> false
[GdPAI | debug] SimObjectProxy::is_in_group: object 1027856141876 in group CampfireObject -> false
[GdPAI | debug] SimObjectProxy::is_in_group: object 1028141354543 in group CampfireObject -> false
[GdPAI | debug] SimObjectProxy::is_in_group: object 1027520597783 in group CampfireObject -> true
[GdPAI | debug] SimObjectProxy::is_in_group: object 1027839364658 in group CampfireObject -> false
[GdPAI | debug] SimObjectProxy::is_in_group: object 1027705147152 in group CampfireObject -> false
[GdPAI | debug] SimObjectProxy::is_in_group: object 1027990359598 in group CampfireObject -> false
[GdPAI | debug] SimObjectProxy::is_in_group: object 1028577562041 in group CampfireObject -> false
[GdPAI | debug] SimObjectProxy::is_in_group: object 1028711779777 in group CampfireObject -> false
[GdPAI | debug] SimObjectProxy::is_in_group: object 1029164764654 in group CampfireObject -> false
[GdPAI | debug] SimObjectProxy::is_in_group: object 1028728557165 in group CampfireObject -> false
[GdPAI | debug] SimObjectProxy::is_in_group: object 1028862774729 in group CampfireObject -> false
[GdPAI | debug] SimObjectProxy::is_in_group: object 1029198319080 in group CampfireObject -> false
[GdPAI | debug] SimObjectProxy::is_in_group: object 1028560784824 in group CampfireObject -> false
[GdPAI | debug] SimObjectProxy::is_in_group: object 1028745334210 in group CampfireObject -> false
[GdPAI | debug] SimObjectProxy::is_in_group: object 1028158131752 in group CampfireObject -> false
[GdPAI | debug] SimObjectProxy::is_in_group: object 1028124577335 in group CampfireObject -> false
[GdPAI | debug] SimObjectProxy::is_in_group: object 1029181541871 in group CampfireObject -> false
[GdPAI | debug] SimObjectProxy::is_in_group: object 1029047324470 in group CampfireObject -> false
[GdPAI | debug] SimObjectProxy::is_in_group: object 1029030547255 in group CampfireObject -> false
[GdPAI | debug] SimObjectProxy::is_in_group: object 1028393012654 in group CampfireObject -> false
[GdPAI | debug] SimObjectProxy::is_in_group: object 1027671592751 in group CampfireObject -> false
[GdPAI | debug] SimObjectProxy::is_in_group: object 1027822587437 in group CampfireObject -> false
[GdPAI | debug] SimObjectProxy::is_in_group: object 1027688369903 in group CampfireObject -> false
[GdPAI | debug] SimObjectProxy::is_in_group: object 1028594339258 in group CampfireObject -> false
[GdPAI | debug] Discovery: Action Pick Up Wood did NOT satisfy precond Custom { callable_id: 55, dependent_object_ids: [] }
WARNING: [GdPAI] ObjectRef(124621163998): object was freed before callback; returning Nil.
   at: gdplanningai_rust::logger::process_logs (src\logger.rs:66)
   GDScript backtrace (most recent call first):
       [0] _start_plan_and_wait (res://test/integration/test_campfire_example_smoke.gd:57)
WARNING: [GdPAI] ObjectRef(124621163998): object was freed before callback; returning Nil.
   at: gdplanningai_rust::logger::process_logs (src\logger.rs:66)
   GDScript backtrace (most recent call first):
       [0] _start_plan_and_wait (res://test/integration/test_campfire_example_smoke.gd:57)
WARNING: [GdPAI] ObjectRef(124134624705): object was freed before callback; returning Nil.
   at: gdplanningai_rust::logger::process_logs (src\logger.rs:66)
   GDScript backtrace (most recent call first):
       [0] _start_plan_and_wait (res://test/integration/test_campfire_example_smoke.gd:57)
WARNING: [GdPAI] ObjectRef(125359361544): object was freed before callback; returning Nil.
   at: gdplanningai_rust::logger::process_logs (src\logger.rs:66)
   GDScript backtrace (most recent call first):
       [0] _start_plan_and_wait (res://test/integration/test_campfire_example_smoke.gd:57)
WARNING: [GdPAI] ObjectRef(124134624705): object was freed before callback; returning Nil.
   at: gdplanningai_rust::logger::process_logs (src\logger.rs:66)
   GDScript backtrace (most recent call first):
       [0] _start_plan_and_wait (res://test/integration/test_campfire_example_smoke.gd:57)
WARNING: [GdPAI] ObjectRef(125359361544): object was freed before callback; returning Nil.
   at: gdplanningai_rust::logger::process_logs (src\logger.rs:66)
   GDScript backtrace (most recent call first):
       [0] _start_plan_and_wait (res://test/integration/test_campfire_example_smoke.gd:57)
[GdPAI | debug] ApplyEffect [Before] ID=InstanceId(-9223370940027492258): agent props = {"entity": null, "at_target": null, "hunger": 70.0627442063492, "held_item": ""}
[GdPAI | debug] ApplyEffect [After] ID=InstanceId(-9223370940027492258): agent props = {"entity": null, "at_target": null, "hunger": 70.0627442063492, "held_item": ""}
[GdPAI | debug]   Snapshotting prop: entity = Nil (Variant type: NIL)
[GdPAI | debug]   Snapshotting prop: at_target = Nil (Variant type: NIL)
[GdPAI | debug]   Snapshotting prop: hunger = Float(70.0627442063492) (Variant type: FLOAT)
[GdPAI | debug]   Snapshotting prop: held_item = Str("") (Variant type: STRING)
WARNING: [GdPAI] ObjectRef(124621163998): object was freed before callback; returning Nil.
   at: gdplanningai_rust::logger::process_logs (src\logger.rs:66)
   GDScript backtrace (most recent call first):
       [0] _process (res://addons/GdPlanningAI/gdpai_autoload.gd:21)
WARNING: [GdPAI] ObjectRef(125359361544): object was freed before callback; returning Nil.
   at: gdplanningai_rust::logger::process_logs (src\logger.rs:66)
   GDScript backtrace (most recent call first):
       [0] _process (res://addons/GdPlanningAI/gdpai_autoload.gd:21)
WARNING: [GdPAI] ObjectRef(125359361544): object was freed before callback; returning Nil.
   at: gdplanningai_rust::logger::process_logs (src\logger.rs:66)
   GDScript backtrace (most recent call first):
       [0] _process (res://addons/GdPlanningAI/gdpai_autoload.gd:21)
[GdPAI | debug] GetCost: callable returned non-numeric value: null; returning INFINITY
WARNING: [GdPAI] ObjectRef(124621163998): object was freed before callback; returning Nil.
   at: gdplanningai_rust::logger::process_logs (src\logger.rs:66)
   GDScript backtrace (most recent call first):
       [0] _start_plan_and_wait (res://test/integration/test_campfire_example_smoke.gd:57)
WARNING: [GdPAI] ObjectRef(125359361544): object was freed before callback; returning Nil.
   at: gdplanningai_rust::logger::process_logs (src\logger.rs:66)
   GDScript backtrace (most recent call first):
       [0] _start_plan_and_wait (res://test/integration/test_campfire_example_smoke.gd:57)
WARNING: [GdPAI] ObjectRef(125359361544): object was freed before callback; returning Nil.
   at: gdplanningai_rust::logger::process_logs (src\logger.rs:66)
   GDScript backtrace (most recent call first):
       [0] _start_plan_and_wait (res://test/integration/test_campfire_example_smoke.gd:57)
[GdPAI | debug] ApplyEffect [Before] ID=InstanceId(-9223370937276028797): agent props = {"hunger": 70.0627442063492, "entity": null, "held_item": "", "at_target": null}
[GdPAI | debug] ApplyEffect [After] ID=InstanceId(-9223370937276028797): agent props = {"hunger": 70.0627442063492, "entity": null, "held_item": "", "at_target": null}
[GdPAI | debug]   Snapshotting prop: hunger = Float(70.0627442063492) (Variant type: FLOAT)
[GdPAI | debug]   Snapshotting prop: entity = Nil (Variant type: NIL)
[GdPAI | debug]   Snapshotting prop: held_item = Str("") (Variant type: STRING)
[GdPAI | debug]   Snapshotting prop: at_target = Nil (Variant type: NIL)
WARNING: [GdPAI] ObjectRef(124621163998): object was freed before callback; returning Nil.
   at: gdplanningai_rust::logger::process_logs (src\logger.rs:66)
   GDScript backtrace (most recent call first):
       [0] _process (res://addons/GdPlanningAI/gdpai_autoload.gd:21)
WARNING: [GdPAI] ObjectRef(124134624705): object was freed before callback; returning Nil.
   at: gdplanningai_rust::logger::process_logs (src\logger.rs:66)
   GDScript backtrace (most recent call first):
       [0] _process (res://addons/GdPlanningAI/gdpai_autoload.gd:21)
WARNING: [GdPAI] ObjectRef(124134624705): object was freed before callback; returning Nil.
   at: gdplanningai_rust::logger::process_logs (src\logger.rs:66)
   GDScript backtrace (most recent call first):
       [0] _process (res://addons/GdPlanningAI/gdpai_autoload.gd:21)
[GdPAI | debug] GetCost: callable returned non-numeric value: null; returning INFINITY
[GdPAI | debug] Discovery: Starting simulation for action Dig Potato
WARNING: [GdPAI] ObjectRef(124621163998): object was freed before callback; returning Nil.
   at: gdplanningai_rust::logger::process_logs (src\logger.rs:66)
   GDScript backtrace (most recent call first):
       [0] _start_plan_and_wait (res://test/integration/test_campfire_example_smoke.gd:57)
WARNING: [GdPAI] ObjectRef(124134624705): object was freed before callback; returning Nil.
   at: gdplanningai_rust::logger::process_logs (src\logger.rs:66)
   GDScript backtrace (most recent call first):
       [0] _start_plan_and_wait (res://test/integration/test_campfire_example_smoke.gd:57)
WARNING: [GdPAI] ObjectRef(124134624705): object was freed before callback; returning Nil.
   at: gdplanningai_rust::logger::process_logs (src\logger.rs:66)
   GDScript backtrace (most recent call first):
       [0] _start_plan_and_wait (res://test/integration/test_campfire_example_smoke.gd:57)
[GdPAI | debug] ApplyEffect [Before] ID=InstanceId(-9223370934675560310): agent props = {"held_item": "", "at_target": null, "hunger": 70.0627442063492, "entity": null}
[GdPAI | debug] ApplyEffect [After] ID=InstanceId(-9223370934675560310): agent props = {"held_item": "", "at_target": null, "hunger": 70.0627442063492, "entity": null}
[GdPAI | debug]   Snapshotting prop: held_item = Str("") (Variant type: STRING)
[GdPAI | debug]   Snapshotting prop: at_target = Nil (Variant type: NIL)
[GdPAI | debug]   Snapshotting prop: hunger = Float(70.0627442063492) (Variant type: FLOAT)
[GdPAI | debug]   Snapshotting prop: entity = Nil (Variant type: NIL)
WARNING: [GdPAI] ObjectRef(124621163998): object was freed before callback; returning Nil.
   at: gdplanningai_rust::logger::process_logs (src\logger.rs:66)
   GDScript backtrace (most recent call first):
       [0] _process (res://addons/GdPlanningAI/gdpai_autoload.gd:21)
[GdPAI | debug] GetCost: callable returned non-numeric value: null; returning INFINITY
[GdPAI | debug] ApplyEffect [Before] ID=InstanceId(-9223370932796512164): agent props = {"hunger": 20.067251249999998, "held_item": "", "entity": VariantGd { id: 1028191686197, class: RigidBody2D }}
[GdPAI | debug] ApplyEffect [After] ID=InstanceId(-9223370932796512164): agent props = {"entity": VariantGd { id: 1028191686197, class: RigidBody2D }, "hunger": 20.067251249999998, "held_item": "potato"}
[GdPAI | debug]   Snapshotting prop: entity = ObjectRef(1028191686197) (Variant type: OBJECT)
[GdPAI | debug]   Snapshotting prop: hunger = Float(20.067251249999998) (Variant type: FLOAT)
[GdPAI | debug]   Snapshotting prop: held_item = Str("potato") (Variant type: STRING)
[GdPAI | debug] Discovery: Simulation success for Dig Potato. Agent props: {"hunger": Float(20.067251249999998), "entity": ObjectRef(1028191686197), "held_item": Str("potato")}
WARNING: [GdPAI] ObjectRef(124621163998): object was freed before callback; returning Nil.
   at: gdplanningai_rust::logger::process_logs (src\logger.rs:66)
   GDScript backtrace (most recent call first):
       [0] _start_plan_and_wait (res://test/integration/test_campfire_example_smoke.gd:57)
[GdPAI | debug] ApplyEffect [Before] ID=InstanceId(-9223370932175755098): agent props = {"entity": null, "hunger": 70.0627442063492, "held_item": "wood", "at_target": null}
[GdPAI | debug] ApplyEffect [After] ID=InstanceId(-9223370932175755098): agent props = {"entity": null, "hunger": 70.0627442063492, "held_item": "wood", "at_target": null}
[GdPAI | debug]   Snapshotting prop: entity = Nil (Variant type: NIL)
[GdPAI | debug]   Snapshotting prop: hunger = Float(70.0627442063492) (Variant type: FLOAT)
[GdPAI | debug]   Snapshotting prop: held_item = Str("wood") (Variant type: STRING)
[GdPAI | debug]   Snapshotting prop: at_target = Nil (Variant type: NIL)
[GdPAI | debug] SimObjectProxy::is_in_group: object 1027671592751 in group CampfireObject -> false
[GdPAI | debug] SimObjectProxy::is_in_group: object 1029164764654 in group CampfireObject -> false
[GdPAI | debug] SimObjectProxy::is_in_group: object 1027990359598 in group CampfireObject -> false
[GdPAI | debug] SimObjectProxy::is_in_group: object 1028560784824 in group CampfireObject -> false
[GdPAI | debug] SimObjectProxy::is_in_group: object 1028393012654 in group CampfireObject -> false
[GdPAI | debug] SimObjectProxy::is_in_group: object 1029030547255 in group CampfireObject -> false
[GdPAI | debug] SimObjectProxy::is_in_group: object 1027705147152 in group CampfireObject -> false
[GdPAI | debug] SimObjectProxy::is_in_group: object 1027688369903 in group CampfireObject -> false
[GdPAI | debug] SimObjectProxy::is_in_group: object 1029181541871 in group CampfireObject -> false
[GdPAI | debug] SimObjectProxy::is_in_group: object 1028896329535 in group CampfireObject -> false
[GdPAI | debug] SimObjectProxy::is_in_group: object 1028141354543 in group CampfireObject -> false
[GdPAI | debug] SimObjectProxy::is_in_group: object 1027520597783 in group CampfireObject -> true
[GdPAI | debug] SimObjectProxy::is_in_group: object 1029013770040 in group CampfireObject -> false
[GdPAI | debug] SimObjectProxy::is_in_group: object 1028007136825 in group CampfireObject -> false
[GdPAI | debug] SimObjectProxy::is_in_group: object 1027839364658 in group CampfireObject -> false
[GdPAI | debug] SimObjectProxy::is_in_group: object 1028862774729 in group CampfireObject -> false
[GdPAI | debug] SimObjectProxy::is_in_group: object 1027856141876 in group CampfireObject -> false
[GdPAI | debug] SimObjectProxy::is_in_group: object 1029198319080 in group CampfireObject -> false
[GdPAI | debug] SimObjectProxy::is_in_group: object 1027822587437 in group CampfireObject -> false
[GdPAI | debug] SimObjectProxy::is_in_group: object 1029047324470 in group CampfireObject -> false
[GdPAI | debug] SimObjectProxy::is_in_group: object 1028711779777 in group CampfireObject -> false
[GdPAI | debug] SimObjectProxy::is_in_group: object 1028594339258 in group CampfireObject -> false
[GdPAI | debug] SimObjectProxy::is_in_group: object 1028124577335 in group CampfireObject -> false
[GdPAI | debug] SimObjectProxy::is_in_group: object 1028879551946 in group CampfireObject -> false
[GdPAI | debug] SimObjectProxy::is_in_group: object 1028745334210 in group CampfireObject -> false
[GdPAI | debug] SimObjectProxy::is_in_group: object 1027973582384 in group CampfireObject -> false
[GdPAI | debug] SimObjectProxy::is_in_group: object 1028577562041 in group CampfireObject -> false
[GdPAI | debug] SimObjectProxy::is_in_group: object 1027554152212 in group CampfireObject -> false
[GdPAI | debug] SimObjectProxy::is_in_group: object 1028158131752 in group CampfireObject -> false
[GdPAI | debug] SimObjectProxy::is_in_group: object 1028728557165 in group CampfireObject -> false
[GdPAI | debug] SimObjectProxy::is_in_group: object 1027537375027 in group CampfireObject -> false
[GdPAI | debug] Discovery: Action Dig Potato did NOT satisfy precond Custom { callable_id: 55, dependent_object_ids: [] }
WARNING: [GdPAI] ObjectRef(124621163998): object was freed before callback; returning Nil.
   at: gdplanningai_rust::logger::process_logs (src\logger.rs:66)
   GDScript backtrace (most recent call first):
       [0] _process (res://addons/GdPlanningAI/gdpai_autoload.gd:21)
WARNING: [GdPAI] ObjectRef(124621163998): object was freed before callback; returning Nil.
   at: gdplanningai_rust::logger::process_logs (src\logger.rs:66)
   GDScript backtrace (most recent call first):
       [0] _process (res://addons/GdPlanningAI/gdpai_autoload.gd:21)
[GdPAI | debug] GetCost: callable returned non-numeric value: null; returning INFINITY
WARNING: [GdPAI] ObjectRef(124621163998): object was freed before callback; returning Nil.
   at: gdplanningai_rust::logger::process_logs (src\logger.rs:66)
   GDScript backtrace (most recent call first):
       [0] _start_plan_and_wait (res://test/integration/test_campfire_example_smoke.gd:57)
WARNING: [GdPAI] ObjectRef(124621163998): object was freed before callback; returning Nil.
   at: gdplanningai_rust::logger::process_logs (src\logger.rs:66)
   GDScript backtrace (most recent call first):
       [0] _start_plan_and_wait (res://test/integration/test_campfire_example_smoke.gd:57)
[GdPAI | debug] ApplyEffect [Before] ID=InstanceId(-9223370929726281553): agent props = {"held_item": "", "entity": null, "hunger": 70.0627442063492}
[GdPAI | debug] ApplyEffect [After] ID=InstanceId(-9223370929726281553): agent props = {"held_item": "", "entity": null, "hunger": 70.0627442063492}
[GdPAI | debug]   Snapshotting prop: held_item = Str("") (Variant type: STRING)
[GdPAI | debug]   Snapshotting prop: entity = Nil (Variant type: NIL)
[GdPAI | debug]   Snapshotting prop: hunger = Float(70.0627442063492) (Variant type: FLOAT)
WARNING: [GdPAI] ObjectRef(124621163998): object was freed before callback; returning Nil.
   at: gdplanningai_rust::logger::process_logs (src\logger.rs:66)
   GDScript backtrace (most recent call first):
       [0] _process (res://addons/GdPlanningAI/gdpai_autoload.gd:21)
[GdPAI | debug] GetCost: callable returned non-numeric value: null; returning INFINITY
WARNING: [GdPAI] ObjectRef(124621163998): object was freed before callback; returning Nil.
   at: gdplanningai_rust::logger::process_logs (src\logger.rs:66)
   GDScript backtrace (most recent call first):
       [0] _start_plan_and_wait (res://test/integration/test_campfire_example_smoke.gd:57)
[GdPAI | debug] ApplyEffect [Before] ID=InstanceId(-9223370927276808050): agent props = {"entity": null, "hunger": 70.0627442063492, "held_item": ""}
[GdPAI | debug] ApplyEffect [After] ID=InstanceId(-9223370927276808050): agent props = {"entity": null, "hunger": 70.0627442063492, "held_item": ""}
[GdPAI | debug]   Snapshotting prop: entity = Nil (Variant type: NIL)
[GdPAI | debug]   Snapshotting prop: hunger = Float(70.0627442063492) (Variant type: FLOAT)
[GdPAI | debug]   Snapshotting prop: held_item = Str("") (Variant type: STRING)
[GdPAI | debug] Discovery: Starting simulation for action Dig Potato
WARNING: [GdPAI] ObjectRef(124621163998): object was freed before callback; returning Nil.
   at: gdplanningai_rust::logger::process_logs (src\logger.rs:66)
   GDScript backtrace (most recent call first):
       [0] _process (res://addons/GdPlanningAI/gdpai_autoload.gd:21)
[GdPAI | debug] GetCost: callable returned non-numeric value: null; returning INFINITY
WARNING: [GdPAI] ObjectRef(124621163998): object was freed before callback; returning Nil.
   at: gdplanningai_rust::logger::process_logs (src\logger.rs:66)
   GDScript backtrace (most recent call first):
       [0] _start_plan_and_wait (res://test/integration/test_campfire_example_smoke.gd:57)
[GdPAI | debug] ApplyEffect [Before] ID=InstanceId(-9223370924877666139): agent props = {"held_item": "", "entity": null, "hunger": 70.0627442063492}
[GdPAI | debug] ApplyEffect [After] ID=InstanceId(-9223370924877666139): agent props = {"held_item": "", "entity": null, "hunger": 70.0627442063492}
[GdPAI | debug]   Snapshotting prop: held_item = Str("") (Variant type: STRING)
[GdPAI | debug]   Snapshotting prop: entity = Nil (Variant type: NIL)
[GdPAI | debug]   Snapshotting prop: hunger = Float(70.0627442063492) (Variant type: FLOAT)
[GdPAI | debug] ApplyEffect [Before] ID=InstanceId(-9223370924307240795): agent props = {"held_item": "", "hunger": 20.067251249999998, "entity": VariantGd { id: 1028191686197, class: RigidBody2D }}
[GdPAI | debug] ApplyEffect [After] ID=InstanceId(-9223370924307240795): agent props = {"held_item": "potato", "hunger": 20.067251249999998, "entity": VariantGd { id: 1028191686197, class: RigidBody2D }}
[GdPAI | debug]   Snapshotting prop: held_item = Str("potato") (Variant type: STRING)
[GdPAI | debug]   Snapshotting prop: hunger = Float(20.067251249999998) (Variant type: FLOAT)
[GdPAI | debug]   Snapshotting prop: entity = ObjectRef(1028191686197) (Variant type: OBJECT)
[GdPAI | debug] Discovery: Simulation success for Dig Potato. Agent props: {"held_item": Str("potato"), "entity": ObjectRef(1028191686197), "hunger": Float(20.067251249999998)}
WARNING: [GdPAI] ObjectRef(124621163998): object was freed before callback; returning Nil.
   at: gdplanningai_rust::logger::process_logs (src\logger.rs:66)
   GDScript backtrace (most recent call first):
       [0] _process (res://addons/GdPlanningAI/gdpai_autoload.gd:21)
[GdPAI | debug] GetCost: callable returned non-numeric value: null; returning INFINITY
[GdPAI | debug] SimObjectProxy::is_in_group: object 1028745334210 in group CampfireObject -> false
[GdPAI | debug] SimObjectProxy::is_in_group: object 1028393012654 in group CampfireObject -> false
[GdPAI | debug] SimObjectProxy::is_in_group: object 1028594339258 in group CampfireObject -> false
[GdPAI | debug] SimObjectProxy::is_in_group: object 1027990359598 in group CampfireObject -> false
[GdPAI | debug] SimObjectProxy::is_in_group: object 1028728557165 in group CampfireObject -> false
[GdPAI | debug] SimObjectProxy::is_in_group: object 1028141354543 in group CampfireObject -> false
[GdPAI | debug] SimObjectProxy::is_in_group: object 1028124577335 in group CampfireObject -> false
[GdPAI | debug] SimObjectProxy::is_in_group: object 1027839364658 in group CampfireObject -> false
[GdPAI | debug] SimObjectProxy::is_in_group: object 1029198319080 in group CampfireObject -> false
[GdPAI | debug] SimObjectProxy::is_in_group: object 1027671592751 in group CampfireObject -> false
[GdPAI | debug] SimObjectProxy::is_in_group: object 1028711779777 in group CampfireObject -> false
[GdPAI | debug] SimObjectProxy::is_in_group: object 1027554152212 in group CampfireObject -> false
[GdPAI | debug] SimObjectProxy::is_in_group: object 1028862774729 in group CampfireObject -> false
[GdPAI | debug] SimObjectProxy::is_in_group: object 1029030547255 in group CampfireObject -> false
[GdPAI | debug] SimObjectProxy::is_in_group: object 1028896329535 in group CampfireObject -> false
[GdPAI | debug] SimObjectProxy::is_in_group: object 1028560784824 in group CampfireObject -> false
[GdPAI | debug] SimObjectProxy::is_in_group: object 1027705147152 in group CampfireObject -> false
[GdPAI | debug] SimObjectProxy::is_in_group: object 1029164764654 in group CampfireObject -> false
[GdPAI | debug] SimObjectProxy::is_in_group: object 1029013770040 in group CampfireObject -> false
[GdPAI | debug] SimObjectProxy::is_in_group: object 1027973582384 in group CampfireObject -> false
[GdPAI | debug] SimObjectProxy::is_in_group: object 1027520597783 in group CampfireObject -> true
[GdPAI | debug] SimObjectProxy::is_in_group: object 1027822587437 in group CampfireObject -> false
[GdPAI | debug] SimObjectProxy::is_in_group: object 1027688369903 in group CampfireObject -> false
[GdPAI | debug] SimObjectProxy::is_in_group: object 1028158131752 in group CampfireObject -> false
[GdPAI | debug] SimObjectProxy::is_in_group: object 1028879551946 in group CampfireObject -> false
[GdPAI | debug] SimObjectProxy::is_in_group: object 1029047324470 in group CampfireObject -> false
[GdPAI | debug] SimObjectProxy::is_in_group: object 1027537375027 in group CampfireObject -> false
[GdPAI | debug] SimObjectProxy::is_in_group: object 1028577562041 in group CampfireObject -> false
[GdPAI | debug] SimObjectProxy::is_in_group: object 1027856141876 in group CampfireObject -> false
[GdPAI | debug] SimObjectProxy::is_in_group: object 1029181541871 in group CampfireObject -> false
[GdPAI | debug] SimObjectProxy::is_in_group: object 1028007136825 in group CampfireObject -> false
[GdPAI | debug] Discovery: Action Dig Potato did NOT satisfy precond Custom { callable_id: 55, dependent_object_ids: [] }
WARNING: [GdPAI] ObjectRef(124621163998): object was freed before callback; returning Nil.
   at: gdplanningai_rust::logger::process_logs (src\logger.rs:66)
   GDScript backtrace (most recent call first):
       [0] _start_plan_and_wait (res://test/integration/test_campfire_example_smoke.gd:57)
[GdPAI | debug] ApplyEffect [Before] ID=InstanceId(-9223370922478524235): agent props = {"entity": null, "held_item": "wood", "hunger": 70.0627442063492}
[GdPAI | debug] ApplyEffect [After] ID=InstanceId(-9223370922478524235): agent props = {"entity": null, "held_item": "wood", "hunger": 70.0627442063492}
[GdPAI | debug]   Snapshotting prop: entity = Nil (Variant type: NIL)
[GdPAI | debug]   Snapshotting prop: held_item = Str("wood") (Variant type: STRING)
[GdPAI | debug]   Snapshotting prop: hunger = Float(70.0627442063492) (Variant type: FLOAT)
[GdPAI | debug] Numeric comparison: 70.0627442063492 GreaterThan 0 -> true
WARNING: [GdPAI] ObjectRef(124621163998): object was freed before callback; returning Nil.
   at: gdplanningai_rust::logger::process_logs (src\logger.rs:66)
   GDScript backtrace (most recent call first):
       [0] _process (res://addons/GdPlanningAI/gdpai_autoload.gd:21)
WARNING: [GdPAI] ObjectRef(124621163998): object was freed before callback; returning Nil.
   at: gdplanningai_rust::logger::process_logs (src\logger.rs:66)
   GDScript backtrace (most recent call first):
       [0] _process (res://addons/GdPlanningAI/gdpai_autoload.gd:21)
WARNING: [GdPAI] ObjectRef(124134624705): object was freed before callback; returning Nil.
   at: gdplanningai_rust::logger::process_logs (src\logger.rs:66)
   GDScript backtrace (most recent call first):
       [0] _process (res://addons/GdPlanningAI/gdpai_autoload.gd:21)
WARNING: [GdPAI] ObjectRef(125359361544): object was freed before callback; returning Nil.
   at: gdplanningai_rust::logger::process_logs (src\logger.rs:66)
   GDScript backtrace (most recent call first):
       [0] _process (res://addons/GdPlanningAI/gdpai_autoload.gd:21)
WARNING: [GdPAI] ObjectRef(124134624705): object was freed before callback; returning Nil.
   at: gdplanningai_rust::logger::process_logs (src\logger.rs:66)
   GDScript backtrace (most recent call first):
       [0] _process (res://addons/GdPlanningAI/gdpai_autoload.gd:21)
WARNING: [GdPAI] ObjectRef(125359361544): object was freed before callback; returning Nil.
   at: gdplanningai_rust::logger::process_logs (src\logger.rs:66)
   GDScript backtrace (most recent call first):
       [0] _process (res://addons/GdPlanningAI/gdpai_autoload.gd:21)
[GdPAI | debug] GetCost: callable returned non-numeric value: null; returning INFINITY
WARNING: [GdPAI] ObjectRef(124621163998): object was freed before callback; returning Nil.
   at: gdplanningai_rust::logger::process_logs (src\logger.rs:66)
   GDScript backtrace (most recent call first):
       [0] _start_plan_and_wait (res://test/integration/test_campfire_example_smoke.gd:57)
WARNING: [GdPAI] ObjectRef(124621163998): object was freed before callback; returning Nil.
   at: gdplanningai_rust::logger::process_logs (src\logger.rs:66)
   GDScript backtrace (most recent call first):
       [0] _start_plan_and_wait (res://test/integration/test_campfire_example_smoke.gd:57)
WARNING: [GdPAI] ObjectRef(124134624705): object was freed before callback; returning Nil.
   at: gdplanningai_rust::logger::process_logs (src\logger.rs:66)
   GDScript backtrace (most recent call first):
       [0] _start_plan_and_wait (res://test/integration/test_campfire_example_smoke.gd:57)
WARNING: [GdPAI] ObjectRef(125359361544): object was freed before callback; returning Nil.
   at: gdplanningai_rust::logger::process_logs (src\logger.rs:66)
   GDScript backtrace (most recent call first):
       [0] _start_plan_and_wait (res://test/integration/test_campfire_example_smoke.gd:57)
WARNING: [GdPAI] ObjectRef(124134624705): object was freed before callback; returning Nil.
   at: gdplanningai_rust::logger::process_logs (src\logger.rs:66)
   GDScript backtrace (most recent call first):
       [0] _start_plan_and_wait (res://test/integration/test_campfire_example_smoke.gd:57)
WARNING: [GdPAI] ObjectRef(125359361544): object was freed before callback; returning Nil.
   at: gdplanningai_rust::logger::process_logs (src\logger.rs:66)
   GDScript backtrace (most recent call first):
       [0] _start_plan_and_wait (res://test/integration/test_campfire_example_smoke.gd:57)
[GdPAI | debug] ApplyEffect [Before] ID=InstanceId(-9223370919827724096): agent props = {"held_item": "", "at_target": null, "hunger": 70.0627442063492, "entity": null}
[GdPAI | debug] ApplyEffect [After] ID=InstanceId(-9223370919827724096): agent props = {"held_item": "", "at_target": null, "hunger": 70.0627442063492, "entity": null}
[GdPAI | debug]   Snapshotting prop: held_item = Str("") (Variant type: STRING)
[GdPAI | debug]   Snapshotting prop: at_target = Nil (Variant type: NIL)
[GdPAI | debug]   Snapshotting prop: hunger = Float(70.0627442063492) (Variant type: FLOAT)
[GdPAI | debug]   Snapshotting prop: entity = Nil (Variant type: NIL)
WARNING: [GdPAI] ObjectRef(124621163998): object was freed before callback; returning Nil.
   at: gdplanningai_rust::logger::process_logs (src\logger.rs:66)
   GDScript backtrace (most recent call first):
       [0] _process (res://addons/GdPlanningAI/gdpai_autoload.gd:21)
WARNING: [GdPAI] ObjectRef(125359361544): object was freed before callback; returning Nil.
   at: gdplanningai_rust::logger::process_logs (src\logger.rs:66)
   GDScript backtrace (most recent call first):
       [0] _process (res://addons/GdPlanningAI/gdpai_autoload.gd:21)
WARNING: [GdPAI] ObjectRef(125359361544): object was freed before callback; returning Nil.
   at: gdplanningai_rust::logger::process_logs (src\logger.rs:66)
   GDScript backtrace (most recent call first):
       [0] _process (res://addons/GdPlanningAI/gdpai_autoload.gd:21)
[GdPAI | debug] GetCost: callable returned non-numeric value: null; returning INFINITY
[GdPAI | debug] Discovery: Starting simulation for action Dig Potato
WARNING: [GdPAI] ObjectRef(124621163998): object was freed before callback; returning Nil.
   at: gdplanningai_rust::logger::process_logs (src\logger.rs:66)
   GDScript backtrace (most recent call first):
       [0] _start_plan_and_wait (res://test/integration/test_campfire_example_smoke.gd:57)
WARNING: [GdPAI] ObjectRef(125359361544): object was freed before callback; returning Nil.
   at: gdplanningai_rust::logger::process_logs (src\logger.rs:66)
   GDScript backtrace (most recent call first):
       [0] _start_plan_and_wait (res://test/integration/test_campfire_example_smoke.gd:57)
WARNING: [GdPAI] ObjectRef(125359361544): object was freed before callback; returning Nil.
   at: gdplanningai_rust::logger::process_logs (src\logger.rs:66)
   GDScript backtrace (most recent call first):
       [0] _start_plan_and_wait (res://test/integration/test_campfire_example_smoke.gd:57)
[GdPAI | debug] ApplyEffect [Before] ID=InstanceId(-9223370917076260680): agent props = {"at_target": null, "entity": null, "held_item": "", "hunger": 70.0627442063492}
[GdPAI | debug] ApplyEffect [After] ID=InstanceId(-9223370917076260680): agent props = {"at_target": null, "entity": null, "held_item": "", "hunger": 70.0627442063492}
[GdPAI | debug]   Snapshotting prop: at_target = Nil (Variant type: NIL)
[GdPAI | debug]   Snapshotting prop: entity = Nil (Variant type: NIL)
[GdPAI | debug]   Snapshotting prop: held_item = Str("") (Variant type: STRING)
[GdPAI | debug]   Snapshotting prop: hunger = Float(70.0627442063492) (Variant type: FLOAT)
WARNING: [GdPAI] ObjectRef(124621163998): object was freed before callback; returning Nil.
   at: gdplanningai_rust::logger::process_logs (src\logger.rs:66)
   GDScript backtrace (most recent call first):
       [0] _process (res://addons/GdPlanningAI/gdpai_autoload.gd:21)
WARNING: [GdPAI] ObjectRef(124134624705): object was freed before callback; returning Nil.
   at: gdplanningai_rust::logger::process_logs (src\logger.rs:66)
   GDScript backtrace (most recent call first):
       [0] _process (res://addons/GdPlanningAI/gdpai_autoload.gd:21)
WARNING: [GdPAI] ObjectRef(124134624705): object was freed before callback; returning Nil.
   at: gdplanningai_rust::logger::process_logs (src\logger.rs:66)
   GDScript backtrace (most recent call first):
       [0] _process (res://addons/GdPlanningAI/gdpai_autoload.gd:21)
[GdPAI | debug] GetCost: callable returned non-numeric value: null; returning INFINITY
[GdPAI | debug] ApplyEffect [Before] ID=InstanceId(-9223370915197212454): agent props = {"hunger": 20.067251249999998, "held_item": "", "entity": VariantGd { id: 1028191686197, class: RigidBody2D }}
[GdPAI | debug] ApplyEffect [After] ID=InstanceId(-9223370915197212454): agent props = {"held_item": "potato", "entity": VariantGd { id: 1028191686197, class: RigidBody2D }, "hunger": 20.067251249999998}
[GdPAI | debug]   Snapshotting prop: held_item = Str("potato") (Variant type: STRING)
[GdPAI | debug]   Snapshotting prop: entity = ObjectRef(1028191686197) (Variant type: OBJECT)
[GdPAI | debug]   Snapshotting prop: hunger = Float(20.067251249999998) (Variant type: FLOAT)
[GdPAI | debug] Discovery: Simulation success for Dig Potato. Agent props: {"hunger": Float(20.067251249999998), "entity": ObjectRef(1028191686197), "held_item": Str("potato")}
WARNING: [GdPAI] ObjectRef(124621163998): object was freed before callback; returning Nil.
   at: gdplanningai_rust::logger::process_logs (src\logger.rs:66)
   GDScript backtrace (most recent call first):
       [0] _start_plan_and_wait (res://test/integration/test_campfire_example_smoke.gd:57)
WARNING: [GdPAI] ObjectRef(124134624705): object was freed before callback; returning Nil.
   at: gdplanningai_rust::logger::process_logs (src\logger.rs:66)
   GDScript backtrace (most recent call first):
       [0] _start_plan_and_wait (res://test/integration/test_campfire_example_smoke.gd:57)
WARNING: [GdPAI] ObjectRef(124134624705): object was freed before callback; returning Nil.
   at: gdplanningai_rust::logger::process_logs (src\logger.rs:66)
   GDScript backtrace (most recent call first):
       [0] _start_plan_and_wait (res://test/integration/test_campfire_example_smoke.gd:57)
[GdPAI | debug] ApplyEffect [Before] ID=InstanceId(-9223370914475792147): agent props = {"entity": null, "hunger": 70.0627442063492, "at_target": null, "held_item": ""}
[GdPAI | debug] ApplyEffect [After] ID=InstanceId(-9223370914475792147): agent props = {"entity": null, "hunger": 70.0627442063492, "at_target": null, "held_item": ""}
[GdPAI | debug]   Snapshotting prop: entity = Nil (Variant type: NIL)
[GdPAI | debug]   Snapshotting prop: hunger = Float(70.0627442063492) (Variant type: FLOAT)
[GdPAI | debug]   Snapshotting prop: at_target = Nil (Variant type: NIL)
[GdPAI | debug]   Snapshotting prop: held_item = Str("") (Variant type: STRING)
[GdPAI | debug] SimObjectProxy::is_in_group: object 1027822587437 in group CampfireObject -> false
[GdPAI | debug] SimObjectProxy::is_in_group: object 1029164764654 in group CampfireObject -> false
[GdPAI | debug] SimObjectProxy::is_in_group: object 1029198319080 in group CampfireObject -> false
[GdPAI | debug] SimObjectProxy::is_in_group: object 1028007136825 in group CampfireObject -> false
[GdPAI | debug] SimObjectProxy::is_in_group: object 1029047324470 in group CampfireObject -> false
[GdPAI | debug] SimObjectProxy::is_in_group: object 1028862774729 in group CampfireObject -> false
[GdPAI | debug] SimObjectProxy::is_in_group: object 1028594339258 in group CampfireObject -> false
[GdPAI | debug] SimObjectProxy::is_in_group: object 1028711779777 in group CampfireObject -> false
[GdPAI | debug] SimObjectProxy::is_in_group: object 1027554152212 in group CampfireObject -> false
[GdPAI | debug] SimObjectProxy::is_in_group: object 1029181541871 in group CampfireObject -> false
[GdPAI | debug] SimObjectProxy::is_in_group: object 1027839364658 in group CampfireObject -> false
[GdPAI | debug] SimObjectProxy::is_in_group: object 1027520597783 in group CampfireObject -> true
[GdPAI | debug] SimObjectProxy::is_in_group: object 1028393012654 in group CampfireObject -> false
[GdPAI | debug] SimObjectProxy::is_in_group: object 1027537375027 in group CampfireObject -> false
[GdPAI | debug] SimObjectProxy::is_in_group: object 1028124577335 in group CampfireObject -> false
[GdPAI | debug] SimObjectProxy::is_in_group: object 1027856141876 in group CampfireObject -> false
[GdPAI | debug] SimObjectProxy::is_in_group: object 1027705147152 in group CampfireObject -> false
[GdPAI | debug] SimObjectProxy::is_in_group: object 1027973582384 in group CampfireObject -> false
[GdPAI | debug] SimObjectProxy::is_in_group: object 1028879551946 in group CampfireObject -> false
[GdPAI | debug] SimObjectProxy::is_in_group: object 1028745334210 in group CampfireObject -> false
[GdPAI | debug] SimObjectProxy::is_in_group: object 1029030547255 in group CampfireObject -> false
[GdPAI | debug] SimObjectProxy::is_in_group: object 1028577562041 in group CampfireObject -> false
[GdPAI | debug] SimObjectProxy::is_in_group: object 1027990359598 in group CampfireObject -> false
[GdPAI | debug] SimObjectProxy::is_in_group: object 1028141354543 in group CampfireObject -> false
[GdPAI | debug] SimObjectProxy::is_in_group: object 1027671592751 in group CampfireObject -> false
[GdPAI | debug] SimObjectProxy::is_in_group: object 1028158131752 in group CampfireObject -> false
[GdPAI | debug] SimObjectProxy::is_in_group: object 1028560784824 in group CampfireObject -> false
[GdPAI | debug] SimObjectProxy::is_in_group: object 1028896329535 in group CampfireObject -> false
[GdPAI | debug] SimObjectProxy::is_in_group: object 1028728557165 in group CampfireObject -> false
[GdPAI | debug] SimObjectProxy::is_in_group: object 1029013770040 in group CampfireObject -> false
[GdPAI | debug] SimObjectProxy::is_in_group: object 1027688369903 in group CampfireObject -> false
[GdPAI | debug] Discovery: Action Dig Potato did NOT satisfy precond Custom { callable_id: 55, dependent_object_ids: [] }
WARNING: [GdPAI] ObjectRef(124621163998): object was freed before callback; returning Nil.
   at: gdplanningai_rust::logger::process_logs (src\logger.rs:66)
   GDScript backtrace (most recent call first):
       [0] _process (res://addons/GdPlanningAI/gdpai_autoload.gd:21)
[GdPAI | debug] GetCost: callable returned non-numeric value: null; returning INFINITY
WARNING: [GdPAI] ObjectRef(124621163998): object was freed before callback; returning Nil.
   at: gdplanningai_rust::logger::process_logs (src\logger.rs:66)
   GDScript backtrace (most recent call first):
       [0] _start_plan_and_wait (res://test/integration/test_campfire_example_smoke.gd:57)
[GdPAI | debug] ApplyEffect [Before] ID=InstanceId(-9223370911975986969): agent props = {"entity": null, "at_target": null, "hunger": 70.0627442063492, "held_item": "wood"}
[GdPAI | debug] ApplyEffect [After] ID=InstanceId(-9223370911975986969): agent props = {"entity": null, "at_target": null, "hunger": 70.0627442063492, "held_item": "wood"}
[GdPAI | debug]   Snapshotting prop: entity = Nil (Variant type: NIL)
[GdPAI | debug]   Snapshotting prop: at_target = Nil (Variant type: NIL)
[GdPAI | debug]   Snapshotting prop: hunger = Float(70.0627442063492) (Variant type: FLOAT)
[GdPAI | debug]   Snapshotting prop: held_item = Str("wood") (Variant type: STRING)
WARNING: [GdPAI] ObjectRef(124621163998): object was freed before callback; returning Nil.
   at: gdplanningai_rust::logger::process_logs (src\logger.rs:66)
   GDScript backtrace (most recent call first):
       [0] _process (res://addons/GdPlanningAI/gdpai_autoload.gd:21)
WARNING: [GdPAI] ObjectRef(124621163998): object was freed before callback; returning Nil.
   at: gdplanningai_rust::logger::process_logs (src\logger.rs:66)
   GDScript backtrace (most recent call first):
       [0] _process (res://addons/GdPlanningAI/gdpai_autoload.gd:21)
[GdPAI | debug] GetCost: callable returned non-numeric value: null; returning INFINITY
WARNING: [GdPAI] ObjectRef(124621163998): object was freed before callback; returning Nil.
   at: gdplanningai_rust::logger::process_logs (src\logger.rs:66)
   GDScript backtrace (most recent call first):
       [0] _start_plan_and_wait (res://test/integration/test_campfire_example_smoke.gd:57)
WARNING: [GdPAI] ObjectRef(124621163998): object was freed before callback; returning Nil.
   at: gdplanningai_rust::logger::process_logs (src\logger.rs:66)
   GDScript backtrace (most recent call first):
       [0] _start_plan_and_wait (res://test/integration/test_campfire_example_smoke.gd:57)
[GdPAI | debug] ApplyEffect [Before] ID=InstanceId(-9223370909526513384): agent props = {"hunger": 70.0627442063492, "entity": null, "held_item": ""}
[GdPAI | debug] ApplyEffect [After] ID=InstanceId(-9223370909526513384): agent props = {"hunger": 70.0627442063492, "entity": null, "held_item": ""}
[GdPAI | debug]   Snapshotting prop: hunger = Float(70.0627442063492) (Variant type: FLOAT)
[GdPAI | debug]   Snapshotting prop: entity = Nil (Variant type: NIL)
[GdPAI | debug]   Snapshotting prop: held_item = Str("") (Variant type: STRING)
[GdPAI | debug] Discovery: Starting simulation for action Dig Potato
WARNING: [GdPAI] ObjectRef(124621163998): object was freed before callback; returning Nil.
   at: gdplanningai_rust::logger::process_logs (src\logger.rs:66)
   GDScript backtrace (most recent call first):
       [0] _process (res://addons/GdPlanningAI/gdpai_autoload.gd:21)
[GdPAI | debug] GetCost: callable returned non-numeric value: null; returning INFINITY
WARNING: [GdPAI] ObjectRef(124621163998): object was freed before callback; returning Nil.
   at: gdplanningai_rust::logger::process_logs (src\logger.rs:66)
   GDScript backtrace (most recent call first):
       [0] _start_plan_and_wait (res://test/integration/test_campfire_example_smoke.gd:57)
[GdPAI | debug] ApplyEffect [Before] ID=InstanceId(-9223370907077039836): agent props = {"held_item": "", "hunger": 70.0627442063492, "entity": null}
[GdPAI | debug] ApplyEffect [After] ID=InstanceId(-9223370907077039836): agent props = {"held_item": "", "hunger": 70.0627442063492, "entity": null}
[GdPAI | debug]   Snapshotting prop: held_item = Str("") (Variant type: STRING)
[GdPAI | debug]   Snapshotting prop: hunger = Float(70.0627442063492) (Variant type: FLOAT)
[GdPAI | debug]   Snapshotting prop: entity = Nil (Variant type: NIL)
[GdPAI | debug] ApplyEffect [Before] ID=InstanceId(-9223370906506614492): agent props = {"entity": VariantGd { id: 1028191686197, class: RigidBody2D }, "held_item": "", "hunger": 20.067251249999998}
[GdPAI | debug] ApplyEffect [After] ID=InstanceId(-9223370906506614492): agent props = {"entity": VariantGd { id: 1028191686197, class: RigidBody2D }, "held_item": "potato", "hunger": 20.067251249999998}
[GdPAI | debug]   Snapshotting prop: entity = ObjectRef(1028191686197) (Variant type: OBJECT)
[GdPAI | debug]   Snapshotting prop: held_item = Str("potato") (Variant type: STRING)
[GdPAI | debug]   Snapshotting prop: hunger = Float(20.067251249999998) (Variant type: FLOAT)
[GdPAI | debug] Discovery: Simulation success for Dig Potato. Agent props: {"entity": ObjectRef(1028191686197), "held_item": Str("potato"), "hunger": Float(20.067251249999998)}
WARNING: [GdPAI] ObjectRef(124621163998): object was freed before callback; returning Nil.
   at: gdplanningai_rust::logger::process_logs (src\logger.rs:66)
   GDScript backtrace (most recent call first):
       [0] _process (res://addons/GdPlanningAI/gdpai_autoload.gd:21)
[GdPAI | debug] GetCost: callable returned non-numeric value: null; returning INFINITY
[GdPAI | debug] SimObjectProxy::is_in_group: object 1028879551946 in group CampfireObject -> false
[GdPAI | debug] SimObjectProxy::is_in_group: object 1028158131752 in group CampfireObject -> false
[GdPAI | debug] SimObjectProxy::is_in_group: object 1028862774729 in group CampfireObject -> false
[GdPAI | debug] SimObjectProxy::is_in_group: object 1029198319080 in group CampfireObject -> false
[GdPAI | debug] SimObjectProxy::is_in_group: object 1029013770040 in group CampfireObject -> false
[GdPAI | debug] SimObjectProxy::is_in_group: object 1028393012654 in group CampfireObject -> false
[GdPAI | debug] SimObjectProxy::is_in_group: object 1027537375027 in group CampfireObject -> false
[GdPAI | debug] SimObjectProxy::is_in_group: object 1028711779777 in group CampfireObject -> false
[GdPAI | debug] SimObjectProxy::is_in_group: object 1029030547255 in group CampfireObject -> false
[GdPAI | debug] SimObjectProxy::is_in_group: object 1028560784824 in group CampfireObject -> false
[GdPAI | debug] SimObjectProxy::is_in_group: object 1028141354543 in group CampfireObject -> false
[GdPAI | debug] SimObjectProxy::is_in_group: object 1027554152212 in group CampfireObject -> false
[GdPAI | debug] SimObjectProxy::is_in_group: object 1027839364658 in group CampfireObject -> false
[GdPAI | debug] SimObjectProxy::is_in_group: object 1028594339258 in group CampfireObject -> false
[GdPAI | debug] SimObjectProxy::is_in_group: object 1027705147152 in group CampfireObject -> false
[GdPAI | debug] SimObjectProxy::is_in_group: object 1029164764654 in group CampfireObject -> false
[GdPAI | debug] SimObjectProxy::is_in_group: object 1028577562041 in group CampfireObject -> false
[GdPAI | debug] SimObjectProxy::is_in_group: object 1028007136825 in group CampfireObject -> false
[GdPAI | debug] SimObjectProxy::is_in_group: object 1027688369903 in group CampfireObject -> false
[GdPAI | debug] SimObjectProxy::is_in_group: object 1027520597783 in group CampfireObject -> true
[GdPAI | debug] SimObjectProxy::is_in_group: object 1027990359598 in group CampfireObject -> false
[GdPAI | debug] SimObjectProxy::is_in_group: object 1027856141876 in group CampfireObject -> false
[GdPAI | debug] SimObjectProxy::is_in_group: object 1027822587437 in group CampfireObject -> false
[GdPAI | debug] SimObjectProxy::is_in_group: object 1028745334210 in group CampfireObject -> false
[GdPAI | debug] SimObjectProxy::is_in_group: object 1029181541871 in group CampfireObject -> false
[GdPAI | debug] SimObjectProxy::is_in_group: object 1027973582384 in group CampfireObject -> false
[GdPAI | debug] SimObjectProxy::is_in_group: object 1029047324470 in group CampfireObject -> false
[GdPAI | debug] SimObjectProxy::is_in_group: object 1027671592751 in group CampfireObject -> false
[GdPAI | debug] SimObjectProxy::is_in_group: object 1028124577335 in group CampfireObject -> false
[GdPAI | debug] SimObjectProxy::is_in_group: object 1028896329535 in group CampfireObject -> false
[GdPAI | debug] SimObjectProxy::is_in_group: object 1028728557165 in group CampfireObject -> false
[GdPAI | debug] Discovery: Action Dig Potato did NOT satisfy precond Custom { callable_id: 55, dependent_object_ids: [] }
WARNING: [GdPAI] ObjectRef(124621163998): object was freed before callback; returning Nil.
   at: gdplanningai_rust::logger::process_logs (src\logger.rs:66)
   GDScript backtrace (most recent call first):
       [0] _start_plan_and_wait (res://test/integration/test_campfire_example_smoke.gd:57)
[GdPAI | debug] ApplyEffect [Before] ID=InstanceId(-9223370904677897997): agent props = {"hunger": 70.0627442063492, "entity": null, "held_item": ""}
[GdPAI | debug] ApplyEffect [After] ID=InstanceId(-9223370904677897997): agent props = {"hunger": 70.0627442063492, "entity": null, "held_item": ""}
[GdPAI | debug]   Snapshotting prop: hunger = Float(70.0627442063492) (Variant type: FLOAT)
[GdPAI | debug]   Snapshotting prop: entity = Nil (Variant type: NIL)
[GdPAI | debug]   Snapshotting prop: held_item = Str("") (Variant type: STRING)
WARNING: [GdPAI] ObjectRef(124621163998): object was freed before callback; returning Nil.
   at: gdplanningai_rust::logger::process_logs (src\logger.rs:66)
   GDScript backtrace (most recent call first):
       [0] _process (res://addons/GdPlanningAI/gdpai_autoload.gd:21)
[GdPAI | debug] GetCost: callable returned non-numeric value: null; returning INFINITY
WARNING: [GdPAI] ObjectRef(124621163998): object was freed before callback; returning Nil.
   at: gdplanningai_rust::logger::process_logs (src\logger.rs:66)
   GDScript backtrace (most recent call first):
       [0] _start_plan_and_wait (res://test/integration/test_campfire_example_smoke.gd:57)
[GdPAI | debug] ApplyEffect [Before] ID=InstanceId(-9223370902278756053): agent props = {"held_item": "wood", "hunger": 70.0627442063492, "entity": null}
[GdPAI | debug] ApplyEffect [After] ID=InstanceId(-9223370902278756053): agent props = {"held_item": "wood", "hunger": 70.0627442063492, "entity": null}
[GdPAI | debug]   Snapshotting prop: held_item = Str("wood") (Variant type: STRING)
[GdPAI | debug]   Snapshotting prop: hunger = Float(70.0627442063492) (Variant type: FLOAT)
[GdPAI | debug]   Snapshotting prop: entity = Nil (Variant type: NIL)
WARNING: [GdPAI] ObjectRef(124621163998): object was freed before callback; returning Nil.
   at: gdplanningai_rust::logger::process_logs (src\logger.rs:66)
   GDScript backtrace (most recent call first):
       [0] _process (res://addons/GdPlanningAI/gdpai_autoload.gd:21)
WARNING: [GdPAI] ObjectRef(124621163998): object was freed before callback; returning Nil.
   at: gdplanningai_rust::logger::process_logs (src\logger.rs:66)
   GDScript backtrace (most recent call first):
       [0] _process (res://addons/GdPlanningAI/gdpai_autoload.gd:21)
[GdPAI | debug] GetCost: callable returned non-numeric value: null; returning INFINITY
[GdPAI | debug] Discovery: Starting simulation for action Dig Potato
WARNING: [GdPAI] ObjectRef(124621163998): object was freed before callback; returning Nil.
   at: gdplanningai_rust::logger::process_logs (src\logger.rs:66)
   GDScript backtrace (most recent call first):
       [0] _start_plan_and_wait (res://test/integration/test_campfire_example_smoke.gd:57)
WARNING: [GdPAI] ObjectRef(124621163998): object was freed before callback; returning Nil.
   at: gdplanningai_rust::logger::process_logs (src\logger.rs:66)
   GDScript backtrace (most recent call first):
       [0] _start_plan_and_wait (res://test/integration/test_campfire_example_smoke.gd:57)
[GdPAI | debug] ApplyEffect [Before] ID=InstanceId(-9223370899829282546): agent props = {"hunger": 70.0627442063492, "held_item": "", "entity": null}
[GdPAI | debug] ApplyEffect [After] ID=InstanceId(-9223370899829282546): agent props = {"hunger": 70.0627442063492, "held_item": "", "entity": null}
[GdPAI | debug]   Snapshotting prop: hunger = Float(70.0627442063492) (Variant type: FLOAT)
[GdPAI | debug]   Snapshotting prop: held_item = Str("") (Variant type: STRING)
[GdPAI | debug]   Snapshotting prop: entity = Nil (Variant type: NIL)
WARNING: [GdPAI] ObjectRef(124621163998): object was freed before callback; returning Nil.
   at: gdplanningai_rust::logger::process_logs (src\logger.rs:66)
   GDScript backtrace (most recent call first):
       [0] _process (res://addons/GdPlanningAI/gdpai_autoload.gd:21)
[GdPAI | debug] GetCost: callable returned non-numeric value: null; returning INFINITY
[GdPAI | debug] ApplyEffect [Before] ID=InstanceId(-9223370898000565966): agent props = {"hunger": 20.067251249999998, "entity": VariantGd { id: 1028191686197, class: RigidBody2D }, "held_item": ""}
[GdPAI | debug] ApplyEffect [After] ID=InstanceId(-9223370898000565966): agent props = {"hunger": 20.067251249999998, "held_item": "potato", "entity": VariantGd { id: 1028191686197, class: RigidBody2D }}
[GdPAI | debug]   Snapshotting prop: hunger = Float(20.067251249999998) (Variant type: FLOAT)
[GdPAI | debug]   Snapshotting prop: held_item = Str("potato") (Variant type: STRING)
[GdPAI | debug]   Snapshotting prop: entity = ObjectRef(1028191686197) (Variant type: OBJECT)
[GdPAI | debug] Discovery: Simulation success for Dig Potato. Agent props: {"entity": ObjectRef(1028191686197), "held_item": Str("potato"), "hunger": Float(20.067251249999998)}
WARNING: [GdPAI] ObjectRef(124621163998): object was freed before callback; returning Nil.
   at: gdplanningai_rust::logger::process_logs (src\logger.rs:66)
   GDScript backtrace (most recent call first):
       [0] _start_plan_and_wait (res://test/integration/test_campfire_example_smoke.gd:57)
[GdPAI | debug] ApplyEffect [Before] ID=InstanceId(-9223370897379808961): agent props = {"entity": null, "held_item": "", "hunger": 70.0627442063492}
[GdPAI | debug] ApplyEffect [After] ID=InstanceId(-9223370897379808961): agent props = {"entity": null, "held_item": "", "hunger": 70.0627442063492}
[GdPAI | debug]   Snapshotting prop: entity = Nil (Variant type: NIL)
[GdPAI | debug]   Snapshotting prop: held_item = Str("") (Variant type: STRING)
[GdPAI | debug]   Snapshotting prop: hunger = Float(70.0627442063492) (Variant type: FLOAT)
[GdPAI | debug] SimObjectProxy::is_in_group: object 1028007136825 in group CampfireObject -> false
[GdPAI | debug] SimObjectProxy::is_in_group: object 1027520597783 in group CampfireObject -> true
[GdPAI | debug] SimObjectProxy::is_in_group: object 1028896329535 in group CampfireObject -> false
[GdPAI | debug] SimObjectProxy::is_in_group: object 1027856141876 in group CampfireObject -> false
[GdPAI | debug] SimObjectProxy::is_in_group: object 1028560784824 in group CampfireObject -> false
[GdPAI | debug] SimObjectProxy::is_in_group: object 1029047324470 in group CampfireObject -> false
[GdPAI | debug] SimObjectProxy::is_in_group: object 1029013770040 in group CampfireObject -> false
[GdPAI | debug] SimObjectProxy::is_in_group: object 1027671592751 in group CampfireObject -> false
[GdPAI | debug] SimObjectProxy::is_in_group: object 1027705147152 in group CampfireObject -> false
[GdPAI | debug] SimObjectProxy::is_in_group: object 1028728557165 in group CampfireObject -> false
[GdPAI | debug] SimObjectProxy::is_in_group: object 1028577562041 in group CampfireObject -> false
[GdPAI | debug] SimObjectProxy::is_in_group: object 1028141354543 in group CampfireObject -> false
[GdPAI | debug] SimObjectProxy::is_in_group: object 1028158131752 in group CampfireObject -> false
[GdPAI | debug] SimObjectProxy::is_in_group: object 1027537375027 in group CampfireObject -> false
[GdPAI | debug] SimObjectProxy::is_in_group: object 1027990359598 in group CampfireObject -> false
[GdPAI | debug] SimObjectProxy::is_in_group: object 1029181541871 in group CampfireObject -> false
[GdPAI | debug] SimObjectProxy::is_in_group: object 1029198319080 in group CampfireObject -> false
[GdPAI | debug] SimObjectProxy::is_in_group: object 1028879551946 in group CampfireObject -> false
[GdPAI | debug] SimObjectProxy::is_in_group: object 1028124577335 in group CampfireObject -> false
[GdPAI | debug] SimObjectProxy::is_in_group: object 1027973582384 in group CampfireObject -> false
[GdPAI | debug] SimObjectProxy::is_in_group: object 1027688369903 in group CampfireObject -> false
[GdPAI | debug] SimObjectProxy::is_in_group: object 1028393012654 in group CampfireObject -> false
[GdPAI | debug] SimObjectProxy::is_in_group: object 1028745334210 in group CampfireObject -> false
[GdPAI | debug] SimObjectProxy::is_in_group: object 1029164764654 in group CampfireObject -> false
[GdPAI | debug] SimObjectProxy::is_in_group: object 1028862774729 in group CampfireObject -> false
[GdPAI | debug] SimObjectProxy::is_in_group: object 1027822587437 in group CampfireObject -> false
[GdPAI | debug] SimObjectProxy::is_in_group: object 1027554152212 in group CampfireObject -> false
[GdPAI | debug] SimObjectProxy::is_in_group: object 1028711779777 in group CampfireObject -> false
[GdPAI | debug] SimObjectProxy::is_in_group: object 1028594339258 in group CampfireObject -> false
[GdPAI | debug] SimObjectProxy::is_in_group: object 1027839364658 in group CampfireObject -> false
[GdPAI | debug] SimObjectProxy::is_in_group: object 1029030547255 in group CampfireObject -> false
[GdPAI | debug] Discovery: Action Dig Potato did NOT satisfy precond Custom { callable_id: 55, dependent_object_ids: [] }
WARNING: [GdPAI] ObjectRef(124621163998): object was freed before callback; returning Nil.
   at: gdplanningai_rust::logger::process_logs (src\logger.rs:66)
   GDScript backtrace (most recent call first):
       [0] _process (res://addons/GdPlanningAI/gdpai_autoload.gd:21)
[GdPAI | debug] GetCost: callable returned non-numeric value: null; returning INFINITY
WARNING: [GdPAI] ObjectRef(124621163998): object was freed before callback; returning Nil.
   at: gdplanningai_rust::logger::process_logs (src\logger.rs:66)
   GDScript backtrace (most recent call first):
       [0] _start_plan_and_wait (res://test/integration/test_campfire_example_smoke.gd:57)
[GdPAI | debug] ApplyEffect [Before] ID=InstanceId(-9223370894980667110): agent props = {"held_item": "", "hunger": 70.0627442063492, "entity": null}
[GdPAI | debug] ApplyEffect [After] ID=InstanceId(-9223370894980667110): agent props = {"held_item": "", "hunger": 70.0627442063492, "entity": null}
[GdPAI | debug]   Snapshotting prop: held_item = Str("") (Variant type: STRING)
[GdPAI | debug]   Snapshotting prop: hunger = Float(70.0627442063492) (Variant type: FLOAT)
[GdPAI | debug]   Snapshotting prop: entity = Nil (Variant type: NIL)
[GdPAI | debug] ApplyEffect [Before] ID=InstanceId(-9223370894410241766): agent props = {"held_item": "wood", "hunger": 20.067251249999998, "entity": VariantGd { id: 1028191686197, class: RigidBody2D }}
[GdPAI | debug] ApplyEffect [After] ID=InstanceId(-9223370894410241766): agent props = {"entity": VariantGd { id: 1028191686197, class: RigidBody2D }, "held_item": "", "hunger": 20.067251249999998}
[GdPAI | debug]   Snapshotting prop: entity = ObjectRef(1028191686197) (Variant type: OBJECT)
[GdPAI | debug]   Snapshotting prop: held_item = Str("") (Variant type: STRING)
[GdPAI | debug]   Snapshotting prop: hunger = Float(20.067251249999998) (Variant type: FLOAT)
[GdPAI] A* Iteration: pop node with chain length 1
[GdPAI | debug] find_candidates: Checking 15 actions against 1 preconds and 2 requirements
WARNING: [GdPAI] ObjectRef(124621163998): object was freed before callback; returning Nil.
   at: gdplanningai_rust::logger::process_logs (src\logger.rs:66)
   GDScript backtrace (most recent call first):
       [0] _process (res://addons/GdPlanningAI/gdpai_autoload.gd:21)
[GdPAI | debug] GetCost: callable returned non-numeric value: null; returning INFINITY
[GdPAI | debug] Discovery: Starting simulation for action Go To
WARNING: [GdPAI] ObjectRef(124621163998): object was freed before callback; returning Nil.
   at: gdplanningai_rust::logger::process_logs (src\logger.rs:66)
   GDScript backtrace (most recent call first):
       [0] _start_plan_and_wait (res://test/integration/test_campfire_example_smoke.gd:57)
[GdPAI | debug] ApplyEffect [Before] ID=InstanceId(-9223370892581525170): agent props = {"hunger": 70.0627442063492, "held_item": "wood", "entity": null}
[GdPAI | debug] ApplyEffect [After] ID=InstanceId(-9223370892581525170): agent props = {"hunger": 70.0627442063492, "held_item": "wood", "entity": null}
[GdPAI | debug]   Snapshotting prop: hunger = Float(70.0627442063492) (Variant type: FLOAT)
[GdPAI | debug]   Snapshotting prop: held_item = Str("wood") (Variant type: STRING)
[GdPAI | debug]   Snapshotting prop: entity = Nil (Variant type: NIL)
WARNING: [GdPAI] ObjectRef(124621163998): object was freed before callback; returning Nil.
   at: gdplanningai_rust::logger::process_logs (src\logger.rs:66)
   GDScript backtrace (most recent call first):
       [0] _process (res://addons/GdPlanningAI/gdpai_autoload.gd:21)
WARNING: [GdPAI] ObjectRef(124621163998): object was freed before callback; returning Nil.
   at: gdplanningai_rust::logger::process_logs (src\logger.rs:66)
   GDScript backtrace (most recent call first):
       [0] _process (res://addons/GdPlanningAI/gdpai_autoload.gd:21)
[GdPAI | debug] GetCost: callable returned non-numeric value: null; returning INFINITY
[GdPAI | debug] ApplyEffect [Before] ID=InstanceId(-9223370890803140294): agent props = {"hunger": 20.067251249999998, "held_item": "wood", "entity": VariantGd { id: 1028191686197, class: RigidBody2D }}
[GdPAI | debug] ApplyEffect [After] ID=InstanceId(-9223370890803140294): agent props = {"hunger": 20.067251249999998, "held_item": "wood", "entity": VariantGd { id: 1028191686197, class: RigidBody2D }}
[GdPAI | debug]   Snapshotting prop: hunger = Float(20.067251249999998) (Variant type: FLOAT)
[GdPAI | debug]   Snapshotting prop: held_item = Str("wood") (Variant type: STRING)
[GdPAI | debug]   Snapshotting prop: entity = ObjectRef(1028191686197) (Variant type: OBJECT)
[GdPAI | debug] Discovery: Simulation success for Go To. Agent props: {"held_item": Str("wood"), "hunger": Float(20.067251249999998), "entity": ObjectRef(1028191686197)}
[GdPAI | debug] Discovery: Action Go To satisfied precond Builtin { target: Agent, operation: Equal, property_name: "held_item", value: Some(Str("wood")) }
[GdPAI | debug] Found candidate: Go To (satisfied preconds: [0], requirements: [1])
[GdPAI | debug] Discovery: Starting simulation for action Eat Held Food
WARNING: [GdPAI] ObjectRef(124621163998): object was freed before callback; returning Nil.
   at: gdplanningai_rust::logger::process_logs (src\logger.rs:66)
   GDScript backtrace (most recent call first):
       [0] _start_plan_and_wait (res://test/integration/test_campfire_example_smoke.gd:57)
WARNING: [GdPAI] ObjectRef(124621163998): object was freed before callback; returning Nil.
   at: gdplanningai_rust::logger::process_logs (src\logger.rs:66)
   GDScript backtrace (most recent call first):
       [0] _start_plan_and_wait (res://test/integration/test_campfire_example_smoke.gd:57)
[GdPAI | debug] ApplyEffect [Before] ID=InstanceId(-9223370890132051628): agent props = {"entity": null, "held_item": "", "hunger": 70.0627442063492}
[GdPAI | debug] ApplyEffect [After] ID=InstanceId(-9223370890132051628): agent props = {"entity": null, "held_item": "", "hunger": 70.0627442063492}
[GdPAI | debug]   Snapshotting prop: entity = Nil (Variant type: NIL)
[GdPAI | debug]   Snapshotting prop: held_item = Str("") (Variant type: STRING)
[GdPAI | debug]   Snapshotting prop: hunger = Float(70.0627442063492) (Variant type: FLOAT)
WARNING: [GdPAI] ObjectRef(124621163998): object was freed before callback; returning Nil.
   at: gdplanningai_rust::logger::process_logs (src\logger.rs:66)
   GDScript backtrace (most recent call first):
       [0] _process (res://addons/GdPlanningAI/gdpai_autoload.gd:21)
[GdPAI | debug] GetCost: callable returned non-numeric value: null; returning INFINITY
[GdPAI | debug] ApplyEffect [Before] ID=InstanceId(-9223370888303335119): agent props = {"hunger": 20.067251249999998, "entity": VariantGd { id: 1028191686197, class: RigidBody2D }, "held_item": "wood"}
[GdPAI | debug] ApplyEffect [After] ID=InstanceId(-9223370888303335119): agent props = {"hunger": 20.067251249999998, "entity": VariantGd { id: 1028191686197, class: RigidBody2D }, "held_item": "wood"}
[GdPAI | debug]   Snapshotting prop: hunger = Float(20.067251249999998) (Variant type: FLOAT)
[GdPAI | debug]   Snapshotting prop: entity = ObjectRef(1028191686197) (Variant type: OBJECT)
[GdPAI | debug]   Snapshotting prop: held_item = Str("wood") (Variant type: STRING)
[GdPAI | debug] Discovery: Simulation success for Eat Held Food. Agent props: {"entity": ObjectRef(1028191686197), "held_item": Str("wood"), "hunger": Float(20.067251249999998)}
[GdPAI | debug] Discovery: Action Eat Held Food satisfied precond Builtin { target: Agent, operation: Equal, property_name: "held_item", value: Some(Str("wood")) }
[GdPAI | debug] Found candidate: Eat Held Food (satisfied preconds: [0], requirements: [])
WARNING: [GdPAI] ObjectRef(124621163998): object was freed before callback; returning Nil.
   at: gdplanningai_rust::logger::process_logs (src\logger.rs:66)
   GDScript backtrace (most recent call first):
       [0] _start_plan_and_wait (res://test/integration/test_campfire_example_smoke.gd:57)
[GdPAI | debug] ApplyEffect [Before] ID=InstanceId(-9223370887682578090): agent props = {"entity": null, "hunger": 70.0627442063492, "held_item": ""}
[GdPAI | debug] ApplyEffect [After] ID=InstanceId(-9223370887682578090): agent props = {"entity": null, "hunger": 70.0627442063492, "held_item": ""}
[GdPAI | debug]   Snapshotting prop: entity = Nil (Variant type: NIL)
[GdPAI | debug]   Snapshotting prop: hunger = Float(70.0627442063492) (Variant type: FLOAT)
[GdPAI | debug]   Snapshotting prop: held_item = Str("") (Variant type: STRING)
[GdPAI | debug] Discovery: Starting simulation for action Go To
WARNING: [GdPAI] ObjectRef(124621163998): object was freed before callback; returning Nil.
   at: gdplanningai_rust::logger::process_logs (src\logger.rs:66)
   GDScript backtrace (most recent call first):
       [0] _process (res://addons/GdPlanningAI/gdpai_autoload.gd:21)
[GdPAI | debug] GetCost: callable returned non-numeric value: null; returning INFINITY
WARNING: [GdPAI] ObjectRef(124621163998): object was freed before callback; returning Nil.
   at: gdplanningai_rust::logger::process_logs (src\logger.rs:66)
   GDScript backtrace (most recent call first):
       [0] _start_plan_and_wait (res://test/integration/test_campfire_example_smoke.gd:57)
[GdPAI | debug] ApplyEffect [Before] ID=InstanceId(-9223370885283436185): agent props = {"entity": null, "hunger": 70.0627442063492, "held_item": ""}
[GdPAI | debug] ApplyEffect [After] ID=InstanceId(-9223370885283436185): agent props = {"entity": null, "hunger": 70.0627442063492, "held_item": ""}
[GdPAI | debug]   Snapshotting prop: entity = Nil (Variant type: NIL)
[GdPAI | debug]   Snapshotting prop: hunger = Float(70.0627442063492) (Variant type: FLOAT)
[GdPAI | debug]   Snapshotting prop: held_item = Str("") (Variant type: STRING)
[GdPAI | debug] ApplyEffect [Before] ID=InstanceId(-9223370884713010841): agent props = {"hunger": 20.067251249999998, "entity": VariantGd { id: 1028191686197, class: RigidBody2D }, "held_item": "wood"}
[GdPAI | debug] ApplyEffect [After] ID=InstanceId(-9223370884713010841): agent props = {"hunger": 20.067251249999998, "entity": VariantGd { id: 1028191686197, class: RigidBody2D }, "held_item": "wood"}
[GdPAI | debug]   Snapshotting prop: hunger = Float(20.067251249999998) (Variant type: FLOAT)
[GdPAI | debug]   Snapshotting prop: entity = ObjectRef(1028191686197) (Variant type: OBJECT)
[GdPAI | debug]   Snapshotting prop: held_item = Str("wood") (Variant type: STRING)
[GdPAI | debug] Discovery: Simulation success for Go To. Agent props: {"entity": ObjectRef(1028191686197), "hunger": Float(20.067251249999998), "held_item": Str("wood")}
[GdPAI | debug] Discovery: Action Go To satisfied precond Builtin { target: Agent, operation: Equal, property_name: "held_item", value: Some(Str("wood")) }
[GdPAI | debug] Found candidate: Go To (satisfied preconds: [0], requirements: [1])
[GdPAI | debug] Discovery: Starting simulation for action Drop Item
WARNING: [GdPAI] ObjectRef(124621163998): object was freed before callback; returning Nil.
   at: gdplanningai_rust::logger::process_logs (src\logger.rs:66)
   GDScript backtrace (most recent call first):
       [0] _process (res://addons/GdPlanningAI/gdpai_autoload.gd:21)
[GdPAI | debug] GetCost: callable returned non-numeric value: null; returning INFINITY
WARNING: [GdPAI] ObjectRef(124621163998): object was freed before callback; returning Nil.
   at: gdplanningai_rust::logger::process_logs (src\logger.rs:66)
   GDScript backtrace (most recent call first):
       [0] _start_plan_and_wait (res://test/integration/test_campfire_example_smoke.gd:57)
[GdPAI | debug] ApplyEffect [Before] ID=InstanceId(-9223370882884294296): agent props = {"entity": null, "held_item": "wood", "hunger": 70.0627442063492}
[GdPAI | debug] ApplyEffect [After] ID=InstanceId(-9223370882884294296): agent props = {"entity": null, "held_item": "wood", "hunger": 70.0627442063492}
[GdPAI | debug]   Snapshotting prop: entity = Nil (Variant type: NIL)
[GdPAI | debug]   Snapshotting prop: held_item = Str("wood") (Variant type: STRING)
[GdPAI | debug]   Snapshotting prop: hunger = Float(70.0627442063492) (Variant type: FLOAT)
[GdPAI | debug] ApplyEffect [Before] ID=InstanceId(-9223370882313868952): agent props = {"entity": VariantGd { id: 1028191686197, class: RigidBody2D }, "held_item": "wood", "hunger": 20.067251249999998}
[GdPAI | debug] ApplyEffect [After] ID=InstanceId(-9223370882313868952): agent props = {"entity": VariantGd { id: 1028191686197, class: RigidBody2D }, "hunger": 20.067251249999998, "held_item": ""}
[GdPAI | debug]   Snapshotting prop: entity = ObjectRef(1028191686197) (Variant type: OBJECT)
[GdPAI | debug]   Snapshotting prop: hunger = Float(20.067251249999998) (Variant type: FLOAT)
[GdPAI | debug]   Snapshotting prop: held_item = Str("") (Variant type: STRING)
[GdPAI | debug] Discovery: Simulation success for Drop Item. Agent props: {"hunger": Float(20.067251249999998), "held_item": Str(""), "entity": ObjectRef(1028191686197)}
[GdPAI | debug] Discovery: Action Drop Item did NOT satisfy precond Builtin { target: Agent, operation: Equal, property_name: "held_item", value: Some(Str("wood")) }
[GdPAI | debug] Discovery: Starting simulation for action Add Fuel
WARNING: [GdPAI] ObjectRef(124621163998): object was freed before callback; returning Nil.
   at: gdplanningai_rust::logger::process_logs (src\logger.rs:66)
   GDScript backtrace (most recent call first):
       [0] _process (res://addons/GdPlanningAI/gdpai_autoload.gd:21)
WARNING: [GdPAI] ObjectRef(124621163998): object was freed before callback; returning Nil.
   at: gdplanningai_rust::logger::process_logs (src\logger.rs:66)
   GDScript backtrace (most recent call first):
       [0] _process (res://addons/GdPlanningAI/gdpai_autoload.gd:21)
[GdPAI | debug] GetCost: callable returned non-numeric value: null; returning INFINITY
WARNING: [GdPAI] ObjectRef(124621163998): object was freed before callback; returning Nil.
   at: gdplanningai_rust::logger::process_logs (src\logger.rs:66)
   GDScript backtrace (most recent call first):
       [0] _start_plan_and_wait (res://test/integration/test_campfire_example_smoke.gd:57)
WARNING: [GdPAI] ObjectRef(124621163998): object was freed before callback; returning Nil.
   at: gdplanningai_rust::logger::process_logs (src\logger.rs:66)
   GDScript backtrace (most recent call first):
       [0] _start_plan_and_wait (res://test/integration/test_campfire_example_smoke.gd:57)
[GdPAI | debug] ApplyEffect [Before] ID=InstanceId(-9223370880434820793): agent props = {"hunger": 70.0627442063492, "entity": null, "held_item": ""}
[GdPAI | debug] ApplyEffect [After] ID=InstanceId(-9223370880434820793): agent props = {"hunger": 70.0627442063492, "entity": null, "held_item": ""}
[GdPAI | debug]   Snapshotting prop: hunger = Float(70.0627442063492) (Variant type: FLOAT)
[GdPAI | debug]   Snapshotting prop: entity = Nil (Variant type: NIL)
[GdPAI | debug]   Snapshotting prop: held_item = Str("") (Variant type: STRING)
[GdPAI | debug] ApplyEffect [Before] ID=InstanceId(-9223370879864395449): agent props = {"entity": VariantGd { id: 1028191686197, class: RigidBody2D }, "held_item": "wood", "hunger": 20.067251249999998}
[GdPAI | debug] ApplyEffect [After] ID=InstanceId(-9223370879864395449): agent props = {"entity": VariantGd { id: 1028191686197, class: RigidBody2D }, "held_item": "", "hunger": 20.067251249999998}
[GdPAI | debug]   Snapshotting prop: entity = ObjectRef(1028191686197) (Variant type: OBJECT)
[GdPAI | debug]   Snapshotting prop: held_item = Str("") (Variant type: STRING)
[GdPAI | debug]   Snapshotting prop: hunger = Float(20.067251249999998) (Variant type: FLOAT)
[GdPAI | debug] Discovery: Simulation success for Add Fuel. Agent props: {"hunger": Float(20.067251249999998), "held_item": Str(""), "entity": ObjectRef(1028191686197)}
[GdPAI | debug] Discovery: Action Add Fuel did NOT satisfy precond Builtin { target: Agent, operation: Equal, property_name: "held_item", value: Some(Str("wood")) }
WARNING: [GdPAI] ObjectRef(124621163998): object was freed before callback; returning Nil.
   at: gdplanningai_rust::logger::process_logs (src\logger.rs:66)
   GDScript backtrace (most recent call first):
       [0] _process (res://addons/GdPlanningAI/gdpai_autoload.gd:21)
[GdPAI | debug] GetCost: callable returned non-numeric value: null; returning INFINITY
WARNING: [GdPAI] ObjectRef(124621163998): object was freed before callback; returning Nil.
   at: gdplanningai_rust::logger::process_logs (src\logger.rs:66)
   GDScript backtrace (most recent call first):
       [0] _start_plan_and_wait (res://test/integration/test_campfire_example_smoke.gd:57)
[GdPAI | debug] ApplyEffect [Before] ID=InstanceId(-9223370877985347206): agent props = {"hunger": 70.0627442063492, "held_item": "", "entity": null}
[GdPAI | debug] ApplyEffect [After] ID=InstanceId(-9223370877985347206): agent props = {"hunger": 70.0627442063492, "held_item": "", "entity": null}
[GdPAI | debug]   Snapshotting prop: hunger = Float(70.0627442063492) (Variant type: FLOAT)
[GdPAI | debug]   Snapshotting prop: held_item = Str("") (Variant type: STRING)
[GdPAI | debug]   Snapshotting prop: entity = Nil (Variant type: NIL)
WARNING: [GdPAI] ObjectRef(124621163998): object was freed before callback; returning Nil.
   at: gdplanningai_rust::logger::process_logs (src\logger.rs:66)
   GDScript backtrace (most recent call first):
       [0] _process (res://addons/GdPlanningAI/gdpai_autoload.gd:21)
[GdPAI | debug] GetCost: callable returned non-numeric value: null; returning INFINITY
[GdPAI | debug] Discovery: Starting simulation for action Cook Potato
WARNING: [GdPAI] ObjectRef(124621163998): object was freed before callback; returning Nil.
   at: gdplanningai_rust::logger::process_logs (src\logger.rs:66)
   GDScript backtrace (most recent call first):
       [0] _start_plan_and_wait (res://test/integration/test_campfire_example_smoke.gd:57)
[GdPAI | debug] ApplyEffect [Before] ID=InstanceId(-9223370875586205306): agent props = {"entity": null, "hunger": 70.0627442063492, "held_item": ""}
[GdPAI | debug] ApplyEffect [After] ID=InstanceId(-9223370875586205306): agent props = {"entity": null, "hunger": 70.0627442063492, "held_item": ""}
[GdPAI | debug]   Snapshotting prop: entity = Nil (Variant type: NIL)
[GdPAI | debug]   Snapshotting prop: hunger = Float(70.0627442063492) (Variant type: FLOAT)
[GdPAI | debug]   Snapshotting prop: held_item = Str("") (Variant type: STRING)
WARNING: [GdPAI] ObjectRef(124621163998): object was freed before callback; returning Nil.
   at: gdplanningai_rust::logger::process_logs (src\logger.rs:66)
   GDScript backtrace (most recent call first):
       [0] _process (res://addons/GdPlanningAI/gdpai_autoload.gd:21)
[GdPAI | debug] GetCost: callable returned non-numeric value: null; returning INFINITY
[GdPAI | debug] ApplyEffect [Before] ID=InstanceId(-9223370873807820490): agent props = {"hunger": 20.067251249999998, "held_item": "potato", "entity": VariantGd { id: 1028191686197, class: RigidBody2D }}
[GdPAI | debug] ApplyEffect [After] ID=InstanceId(-9223370873807820490): agent props = {"held_item": "cooked_potato", "entity": VariantGd { id: 1028191686197, class: RigidBody2D }, "hunger": 20.067251249999998}
[GdPAI | debug]   Snapshotting prop: held_item = Str("cooked_potato") (Variant type: STRING)
[GdPAI | debug]   Snapshotting prop: entity = ObjectRef(1028191686197) (Variant type: OBJECT)
[GdPAI | debug]   Snapshotting prop: hunger = Float(20.067251249999998) (Variant type: FLOAT)
[GdPAI | debug] Discovery: Simulation success for Cook Potato. Agent props: {"entity": ObjectRef(1028191686197), "held_item": Str("cooked_potato"), "hunger": Float(20.067251249999998)}
[GdPAI | debug] Discovery: Action Cook Potato did NOT satisfy precond Builtin { target: Agent, operation: Equal, property_name: "held_item", value: Some(Str("wood")) }
[GdPAI | debug] Discovery: Starting simulation for action Pick Up Wood
WARNING: [GdPAI] ObjectRef(124621163998): object was freed before callback; returning Nil.
   at: gdplanningai_rust::logger::process_logs (src\logger.rs:66)
   GDScript backtrace (most recent call first):
       [0] _start_plan_and_wait (res://test/integration/test_campfire_example_smoke.gd:57)
[GdPAI | debug] ApplyEffect [Before] ID=InstanceId(-9223370873187063432): agent props = {"held_item": "wood", "hunger": 70.0627442063492, "entity": null}
[GdPAI | debug] ApplyEffect [After] ID=InstanceId(-9223370873187063432): agent props = {"held_item": "wood", "hunger": 70.0627442063492, "entity": null}
[GdPAI | debug]   Snapshotting prop: held_item = Str("wood") (Variant type: STRING)
[GdPAI | debug]   Snapshotting prop: hunger = Float(70.0627442063492) (Variant type: FLOAT)
[GdPAI | debug]   Snapshotting prop: entity = Nil (Variant type: NIL)
WARNING: [GdPAI] ObjectRef(124621163998): object was freed before callback; returning Nil.
   at: gdplanningai_rust::logger::process_logs (src\logger.rs:66)
   GDScript backtrace (most recent call first):
       [0] _process (res://addons/GdPlanningAI/gdpai_autoload.gd:21)
WARNING: [GdPAI] ObjectRef(124621163998): object was freed before callback; returning Nil.
   at: gdplanningai_rust::logger::process_logs (src\logger.rs:66)
   GDScript backtrace (most recent call first):
       [0] _process (res://addons/GdPlanningAI/gdpai_autoload.gd:21)
[GdPAI | debug] GetCost: callable returned non-numeric value: null; returning INFINITY
[GdPAI | debug] ApplyEffect [Before] ID=InstanceId(-9223370871408678547): agent props = {"hunger": 20.067251249999998, "entity": VariantGd { id: 1028191686197, class: RigidBody2D }, "held_item": "wood"}
[GdPAI | debug] ApplyEffect [After] ID=InstanceId(-9223370871408678547): agent props = {"held_item": "wood", "hunger": 20.067251249999998, "entity": VariantGd { id: 1028191686197, class: RigidBody2D }}
[GdPAI | debug]   Snapshotting prop: held_item = Str("wood") (Variant type: STRING)
[GdPAI | debug]   Snapshotting prop: hunger = Float(20.067251249999998) (Variant type: FLOAT)
[GdPAI | debug]   Snapshotting prop: entity = ObjectRef(1028191686197) (Variant type: OBJECT)
[GdPAI | debug] Discovery: Simulation success for Pick Up Wood. Agent props: {"entity": ObjectRef(1028191686197), "held_item": Str("wood"), "hunger": Float(20.067251249999998)}
[GdPAI | debug] Discovery: Action Pick Up Wood satisfied precond Builtin { target: Agent, operation: Equal, property_name: "held_item", value: Some(Str("wood")) }
[GdPAI | debug] Found candidate: Pick Up Wood (satisfied preconds: [0], requirements: [0])
[GdPAI | debug] Discovery: Starting simulation for action Pick Up Wood
WARNING: [GdPAI] ObjectRef(124621163998): object was freed before callback; returning Nil.
   at: gdplanningai_rust::logger::process_logs (src\logger.rs:66)
   GDScript backtrace (most recent call first):
       [0] _start_plan_and_wait (res://test/integration/test_campfire_example_smoke.gd:57)
WARNING: [GdPAI] ObjectRef(124621163998): object was freed before callback; returning Nil.
   at: gdplanningai_rust::logger::process_logs (src\logger.rs:66)
   GDScript backtrace (most recent call first):
       [0] _start_plan_and_wait (res://test/integration/test_campfire_example_smoke.gd:57)
[GdPAI | debug] ApplyEffect [Before] ID=InstanceId(-9223370870737589949): agent props = {"entity": null, "hunger": 70.0627442063492, "held_item": ""}
[GdPAI | debug] ApplyEffect [After] ID=InstanceId(-9223370870737589949): agent props = {"entity": null, "hunger": 70.0627442063492, "held_item": ""}
[GdPAI | debug]   Snapshotting prop: entity = Nil (Variant type: NIL)
[GdPAI | debug]   Snapshotting prop: hunger = Float(70.0627442063492) (Variant type: FLOAT)
[GdPAI | debug]   Snapshotting prop: held_item = Str("") (Variant type: STRING)
WARNING: [GdPAI] ObjectRef(124621163998): object was freed before callback; returning Nil.
   at: gdplanningai_rust::logger::process_logs (src\logger.rs:66)
   GDScript backtrace (most recent call first):
       [0] _process (res://addons/GdPlanningAI/gdpai_autoload.gd:21)
[GdPAI | debug] GetCost: callable returned non-numeric value: null; returning INFINITY
[GdPAI | debug] ApplyEffect [Before] ID=InstanceId(-9223370868908873399): agent props = {"hunger": 20.067251249999998, "entity": VariantGd { id: 1028191686197, class: RigidBody2D }, "held_item": "wood"}
[GdPAI | debug] ApplyEffect [After] ID=InstanceId(-9223370868908873399): agent props = {"hunger": 20.067251249999998, "entity": VariantGd { id: 1028191686197, class: RigidBody2D }, "held_item": "wood"}
[GdPAI | debug]   Snapshotting prop: hunger = Float(20.067251249999998) (Variant type: FLOAT)
[GdPAI | debug]   Snapshotting prop: entity = ObjectRef(1028191686197) (Variant type: OBJECT)
[GdPAI | debug]   Snapshotting prop: held_item = Str("wood") (Variant type: STRING)
[GdPAI | debug] Discovery: Simulation success for Pick Up Wood. Agent props: {"hunger": Float(20.067251249999998), "held_item": Str("wood"), "entity": ObjectRef(1028191686197)}
[GdPAI | debug] Discovery: Action Pick Up Wood satisfied precond Builtin { target: Agent, operation: Equal, property_name: "held_item", value: Some(Str("wood")) }
[GdPAI | debug] Found candidate: Pick Up Wood (satisfied preconds: [0], requirements: [0])
[GdPAI | debug] Discovery: Starting simulation for action Pick Up Wood
WARNING: [GdPAI] ObjectRef(124621163998): object was freed before callback; returning Nil.
   at: gdplanningai_rust::logger::process_logs (src\logger.rs:66)
   GDScript backtrace (most recent call first):
       [0] _start_plan_and_wait (res://test/integration/test_campfire_example_smoke.gd:57)
[GdPAI | debug] ApplyEffect [Before] ID=InstanceId(-9223370868288116343): agent props = {"held_item": "", "entity": null, "hunger": 70.0627442063492}
[GdPAI | debug] ApplyEffect [After] ID=InstanceId(-9223370868288116343): agent props = {"held_item": "", "entity": null, "hunger": 70.0627442063492}
[GdPAI | debug]   Snapshotting prop: held_item = Str("") (Variant type: STRING)
[GdPAI | debug]   Snapshotting prop: entity = Nil (Variant type: NIL)
[GdPAI | debug]   Snapshotting prop: hunger = Float(70.0627442063492) (Variant type: FLOAT)
WARNING: [GdPAI] ObjectRef(124621163998): object was freed before callback; returning Nil.
   at: gdplanningai_rust::logger::process_logs (src\logger.rs:66)
   GDScript backtrace (most recent call first):
       [0] _process (res://addons/GdPlanningAI/gdpai_autoload.gd:21)
[GdPAI | debug] GetCost: callable returned non-numeric value: null; returning INFINITY
[GdPAI | debug] ApplyEffect [Before] ID=InstanceId(-9223370866509731437): agent props = {"hunger": 20.067251249999998, "entity": VariantGd { id: 1028191686197, class: RigidBody2D }, "held_item": "wood"}
[GdPAI | debug] ApplyEffect [After] ID=InstanceId(-9223370866509731437): agent props = {"hunger": 20.067251249999998, "entity": VariantGd { id: 1028191686197, class: RigidBody2D }, "held_item": "wood"}
[GdPAI | debug]   Snapshotting prop: hunger = Float(20.067251249999998) (Variant type: FLOAT)
[GdPAI | debug]   Snapshotting prop: entity = ObjectRef(1028191686197) (Variant type: OBJECT)
[GdPAI | debug]   Snapshotting prop: held_item = Str("wood") (Variant type: STRING)
[GdPAI | debug] Discovery: Simulation success for Pick Up Wood. Agent props: {"hunger": Float(20.067251249999998), "entity": ObjectRef(1028191686197), "held_item": Str("wood")}
[GdPAI | debug] Discovery: Action Pick Up Wood satisfied precond Builtin { target: Agent, operation: Equal, property_name: "held_item", value: Some(Str("wood")) }
[GdPAI | debug] Found candidate: Pick Up Wood (satisfied preconds: [0], requirements: [0])
[GdPAI | debug] Discovery: Starting simulation for action Pick Up Wood
WARNING: [GdPAI] ObjectRef(124621163998): object was freed before callback; returning Nil.
   at: gdplanningai_rust::logger::process_logs (src\logger.rs:66)
   GDScript backtrace (most recent call first):
       [0] _start_plan_and_wait (res://test/integration/test_campfire_example_smoke.gd:57)
[GdPAI | debug] ApplyEffect [Before] ID=InstanceId(-9223370865888974462): agent props = {"hunger": 70.0627442063492, "held_item": "", "entity": null}
[GdPAI | debug] ApplyEffect [After] ID=InstanceId(-9223370865888974462): agent props = {"hunger": 70.0627442063492, "held_item": "", "entity": null}
[GdPAI | debug]   Snapshotting prop: hunger = Float(70.0627442063492) (Variant type: FLOAT)
[GdPAI | debug]   Snapshotting prop: held_item = Str("") (Variant type: STRING)
[GdPAI | debug]   Snapshotting prop: entity = Nil (Variant type: NIL)
WARNING: [GdPAI] ObjectRef(124621163998): object was freed before callback; returning Nil.
   at: gdplanningai_rust::logger::process_logs (src\logger.rs:66)
   GDScript backtrace (most recent call first):
       [0] _process (res://addons/GdPlanningAI/gdpai_autoload.gd:21)
[GdPAI | debug] GetCost: callable returned non-numeric value: null; returning INFINITY
[GdPAI | debug] ApplyEffect [Before] ID=InstanceId(-9223370864110589542): agent props = {"held_item": "wood", "hunger": 20.067251249999998, "entity": VariantGd { id: 1028191686197, class: RigidBody2D }}
[GdPAI | debug] ApplyEffect [After] ID=InstanceId(-9223370864110589542): agent props = {"held_item": "wood", "hunger": 20.067251249999998, "entity": VariantGd { id: 1028191686197, class: RigidBody2D }}
[GdPAI | debug]   Snapshotting prop: held_item = Str("wood") (Variant type: STRING)
[GdPAI | debug]   Snapshotting prop: hunger = Float(20.067251249999998) (Variant type: FLOAT)
[GdPAI | debug]   Snapshotting prop: entity = ObjectRef(1028191686197) (Variant type: OBJECT)
[GdPAI | debug] Discovery: Simulation success for Pick Up Wood. Agent props: {"hunger": Float(20.067251249999998), "held_item": Str("wood"), "entity": ObjectRef(1028191686197)}
[GdPAI | debug] Discovery: Action Pick Up Wood satisfied precond Builtin { target: Agent, operation: Equal, property_name: "held_item", value: Some(Str("wood")) }
[GdPAI | debug] Found candidate: Pick Up Wood (satisfied preconds: [0], requirements: [0])
WARNING: [GdPAI] ObjectRef(124621163998): object was freed before callback; returning Nil.
   at: gdplanningai_rust::logger::process_logs (src\logger.rs:66)
   GDScript backtrace (most recent call first):
       [0] _start_plan_and_wait (res://test/integration/test_campfire_example_smoke.gd:57)
[GdPAI | debug] ApplyEffect [Before] ID=InstanceId(-9223370863489832577): agent props = {"entity": null, "held_item": "wood", "hunger": 70.0627442063492}
[GdPAI | debug] ApplyEffect [After] ID=InstanceId(-9223370863489832577): agent props = {"entity": null, "held_item": "wood", "hunger": 70.0627442063492}
[GdPAI | debug]   Snapshotting prop: entity = Nil (Variant type: NIL)
[GdPAI | debug]   Snapshotting prop: held_item = Str("wood") (Variant type: STRING)
[GdPAI | debug]   Snapshotting prop: hunger = Float(70.0627442063492) (Variant type: FLOAT)
[GdPAI] A* Iteration: pop node with chain length 3
[GdPAI | debug] find_candidates: Checking 15 actions against 1 preconds and 2 requirements
WARNING: [GdPAI] ObjectRef(124621163998): object was freed before callback; returning Nil.
   at: gdplanningai_rust::logger::process_logs (src\logger.rs:66)
   GDScript backtrace (most recent call first):
       [0] _process (res://addons/GdPlanningAI/gdpai_autoload.gd:21)
WARNING: [GdPAI] ObjectRef(124621163998): object was freed before callback; returning Nil.
   at: gdplanningai_rust::logger::process_logs (src\logger.rs:66)
   GDScript backtrace (most recent call first):
       [0] _process (res://addons/GdPlanningAI/gdpai_autoload.gd:21)
[GdPAI | debug] Discovery: Starting simulation for action Go To
WARNING: [GdPAI] ObjectRef(124621163998): object was freed before callback; returning Nil.
   at: gdplanningai_rust::logger::process_logs (src\logger.rs:66)
   GDScript backtrace (most recent call first):
       [0] _start_plan_and_wait (res://test/integration/test_campfire_example_smoke.gd:57)
WARNING: [GdPAI] ObjectRef(124621163998): object was freed before callback; returning Nil.
   at: gdplanningai_rust::logger::process_logs (src\logger.rs:66)
   GDScript backtrace (most recent call first):
       [0] _start_plan_and_wait (res://test/integration/test_campfire_example_smoke.gd:57)
[GdPAI | debug] GetCost: callable returned non-numeric value: null; returning INFINITY
WARNING: [GdPAI] ObjectRef(124621163998): object was freed before callback; returning Nil.
   at: gdplanningai_rust::logger::process_logs (src\logger.rs:66)
   GDScript backtrace (most recent call first):
       [0] _process (res://addons/GdPlanningAI/gdpai_autoload.gd:21)
WARNING: [GdPAI] ObjectRef(124621163998): object was freed before callback; returning Nil.
   at: gdplanningai_rust::logger::process_logs (src\logger.rs:66)
   GDScript backtrace (most recent call first):
       [0] _process (res://addons/GdPlanningAI/gdpai_autoload.gd:21)
[GdPAI | debug] ApplyEffect [Before] ID=InstanceId(-9223370859782067828): agent props = {"entity": null, "held_item": "", "hunger": 70.0627442063492}
[GdPAI | debug] ApplyEffect [After] ID=InstanceId(-9223370859782067828): agent props = {"entity": null, "held_item": "", "hunger": 70.0627442063492}
[GdPAI | debug]   Snapshotting prop: entity = Nil (Variant type: NIL)
[GdPAI | debug]   Snapshotting prop: held_item = Str("") (Variant type: STRING)
[GdPAI | debug]   Snapshotting prop: hunger = Float(70.0627442063492) (Variant type: FLOAT)
[GdPAI | debug] Discovery: Simulation success for Go To. Agent props: {"held_item": Str(""), "entity": Nil, "hunger": Float(70.0627442063492)}
[GdPAI | debug] Discovery: Action Go To satisfied precond Builtin { target: Agent, operation: Equal, property_name: "held_item", value: Some(Str("")) }
[GdPAI | debug] Found candidate: Go To (satisfied preconds: [0], requirements: [0, 1])
[GdPAI | debug] Discovery: Starting simulation for action Eat Held Food
[GdPAI | debug] Discovery: Starting simulation for action Dig Potato
WARNING: [GdPAI] ObjectRef(124621163998): object was freed before callback; returning Nil.
   at: gdplanningai_rust::logger::process_logs (src\logger.rs:66)
   GDScript backtrace (most recent call first):
       [0] _start_plan_and_wait (res://test/integration/test_campfire_example_smoke.gd:57)
WARNING: [GdPAI] ObjectRef(124621163998): object was freed before callback; returning Nil.
   at: gdplanningai_rust::logger::process_logs (src\logger.rs:66)
   GDScript backtrace (most recent call first):
       [0] _start_plan_and_wait (res://test/integration/test_campfire_example_smoke.gd:57)
[GdPAI | debug] GetCost: callable returned non-numeric value: null; returning INFINITY
WARNING: [GdPAI] ObjectRef(124621163998): object was freed before callback; returning Nil.
   at: gdplanningai_rust::logger::process_logs (src\logger.rs:66)
   GDScript backtrace (most recent call first):
       [0] _process (res://addons/GdPlanningAI/gdpai_autoload.gd:21)
WARNING: [GdPAI] ObjectRef(124621163998): object was freed before callback; returning Nil.
   at: gdplanningai_rust::logger::process_logs (src\logger.rs:66)
   GDScript backtrace (most recent call first):
       [0] _process (res://addons/GdPlanningAI/gdpai_autoload.gd:21)
[GdPAI | debug] ApplyEffect [Before] ID=InstanceId(-9223370857282262631): agent props = {"hunger": 70.0627442063492, "entity": null, "held_item": ""}
[GdPAI | debug] ApplyEffect [After] ID=InstanceId(-9223370857282262631): agent props = {"hunger": 70.0627442063492, "entity": null, "held_item": ""}
[GdPAI | debug]   Snapshotting prop: hunger = Float(70.0627442063492) (Variant type: FLOAT)
[GdPAI | debug]   Snapshotting prop: entity = Nil (Variant type: NIL)
[GdPAI | debug]   Snapshotting prop: held_item = Str("") (Variant type: STRING)
[GdPAI | debug] Discovery: Simulation success for Eat Held Food. Agent props: {"hunger": Float(70.0627442063492), "held_item": Str(""), "entity": Nil}
[GdPAI | debug] Discovery: Action Eat Held Food satisfied precond Builtin { target: Agent, operation: Equal, property_name: "held_item", value: Some(Str("")) }
[GdPAI | debug] Found candidate: Eat Held Food (satisfied preconds: [0], requirements: [])
[GdPAI | debug] ApplyEffect [Before] ID=InstanceId(-9223370856711837287): agent props = {"held_item": "wood", "entity": VariantGd { id: 1028191686197, class: RigidBody2D }, "hunger": 20.067251249999998}
[GdPAI | debug] ApplyEffect [After] ID=InstanceId(-9223370856711837287): agent props = {"held_item": "potato", "entity": VariantGd { id: 1028191686197, class: RigidBody2D }, "hunger": 20.067251249999998}
[GdPAI | debug]   Snapshotting prop: held_item = Str("potato") (Variant type: STRING)
[GdPAI | debug]   Snapshotting prop: entity = ObjectRef(1028191686197) (Variant type: OBJECT)
[GdPAI | debug]   Snapshotting prop: hunger = Float(20.067251249999998) (Variant type: FLOAT)
[GdPAI | debug] Discovery: Simulation success for Dig Potato. Agent props: {"hunger": Float(20.067251249999998), "held_item": Str("potato"), "entity": ObjectRef(1028191686197)}
[GdPAI | debug] Discovery: Action Dig Potato did NOT satisfy precond Builtin { target: Agent, operation: Equal, property_name: "held_item", value: Some(Str("wood")) }
WARNING: [GdPAI] ObjectRef(124621163998): object was freed before callback; returning Nil.
   at: gdplanningai_rust::logger::process_logs (src\logger.rs:66)
   GDScript backtrace (most recent call first):
       [0] _start_plan_and_wait (res://test/integration/test_campfire_example_smoke.gd:57)
WARNING: [GdPAI] ObjectRef(124621163998): object was freed before callback; returning Nil.
   at: gdplanningai_rust::logger::process_logs (src\logger.rs:66)
   GDScript backtrace (most recent call first):
       [0] _start_plan_and_wait (res://test/integration/test_campfire_example_smoke.gd:57)
[GdPAI | debug] Discovery: Starting simulation for action Go To
WARNING: [GdPAI] ObjectRef(124621163998): object was freed before callback; returning Nil.
   at: gdplanningai_rust::logger::process_logs (src\logger.rs:66)
   GDScript backtrace (most recent call first):
       [0] _process (res://addons/GdPlanningAI/gdpai_autoload.gd:21)
WARNING: [GdPAI] ObjectRef(124621163998): object was freed before callback; returning Nil.
   at: gdplanningai_rust::logger::process_logs (src\logger.rs:66)
   GDScript backtrace (most recent call first):
       [0] _process (res://addons/GdPlanningAI/gdpai_autoload.gd:21)
[GdPAI | debug] GetCost: callable returned non-numeric value: null; returning INFINITY
WARNING: [GdPAI] ObjectRef(124621163998): object was freed before callback; returning Nil.
   at: gdplanningai_rust::logger::process_logs (src\logger.rs:66)
   GDScript backtrace (most recent call first):
       [0] _start_plan_and_wait (res://test/integration/test_campfire_example_smoke.gd:57)
WARNING: [GdPAI] ObjectRef(124621163998): object was freed before callback; returning Nil.
   at: gdplanningai_rust::logger::process_logs (src\logger.rs:66)
   GDScript backtrace (most recent call first):
       [0] _start_plan_and_wait (res://test/integration/test_campfire_example_smoke.gd:57)
[GdPAI | debug] ApplyEffect [Before] ID=InstanceId(-9223370853540943501): agent props = {"hunger": 70.0627442063492, "entity": null, "held_item": ""}
[GdPAI | debug] ApplyEffect [After] ID=InstanceId(-9223370853540943501): agent props = {"hunger": 70.0627442063492, "entity": null, "held_item": ""}
[GdPAI | debug]   Snapshotting prop: hunger = Float(70.0627442063492) (Variant type: FLOAT)
[GdPAI | debug]   Snapshotting prop: entity = Nil (Variant type: NIL)
[GdPAI | debug]   Snapshotting prop: held_item = Str("") (Variant type: STRING)
[GdPAI | debug] Discovery: Simulation success for Go To. Agent props: {"held_item": Str(""), "hunger": Float(70.0627442063492), "entity": Nil}
[GdPAI | debug] Discovery: Action Go To satisfied precond Builtin { target: Agent, operation: Equal, property_name: "held_item", value: Some(Str("")) }
[GdPAI | debug] Found candidate: Go To (satisfied preconds: [0], requirements: [0, 1])
[GdPAI | debug] Discovery: Starting simulation for action Drop Item
WARNING: [GdPAI] ObjectRef(124621163998): object was freed before callback; returning Nil.
   at: gdplanningai_rust::logger::process_logs (src\logger.rs:66)
   GDScript backtrace (most recent call first):
       [0] _process (res://addons/GdPlanningAI/gdpai_autoload.gd:21)
WARNING: [GdPAI] ObjectRef(124621163998): object was freed before callback; returning Nil.
   at: gdplanningai_rust::logger::process_logs (src\logger.rs:66)
   GDScript backtrace (most recent call first):
       [0] _process (res://addons/GdPlanningAI/gdpai_autoload.gd:21)
[GdPAI | debug] GetCost: callable returned non-numeric value: null; returning INFINITY
[GdPAI | debug] Discovery: Starting simulation for action Dig Potato
WARNING: [GdPAI] ObjectRef(124621163998): object was freed before callback; returning Nil.
   at: gdplanningai_rust::logger::process_logs (src\logger.rs:66)
   GDScript backtrace (most recent call first):
       [0] _start_plan_and_wait (res://test/integration/test_campfire_example_smoke.gd:57)
WARNING: [GdPAI] ObjectRef(124621163998): object was freed before callback; returning Nil.
   at: gdplanningai_rust::logger::process_logs (src\logger.rs:66)
   GDScript backtrace (most recent call first):
       [0] _start_plan_and_wait (res://test/integration/test_campfire_example_smoke.gd:57)
[GdPAI | debug] ApplyEffect [Before] ID=InstanceId(-9223370851041138213): agent props = {"entity": null, "hunger": 70.0627442063492, "held_item": ""}
[GdPAI | debug] ApplyEffect [After] ID=InstanceId(-9223370851041138213): agent props = {"entity": null, "hunger": 70.0627442063492, "held_item": ""}
[GdPAI | debug]   Snapshotting prop: entity = Nil (Variant type: NIL)
[GdPAI | debug]   Snapshotting prop: hunger = Float(70.0627442063492) (Variant type: FLOAT)
[GdPAI | debug]   Snapshotting prop: held_item = Str("") (Variant type: STRING)
[GdPAI | debug] Discovery: Simulation success for Drop Item. Agent props: {"hunger": Float(70.0627442063492), "held_item": Str(""), "entity": Nil}
[GdPAI | debug] Discovery: Action Drop Item satisfied precond Builtin { target: Agent, operation: Equal, property_name: "held_item", value: Some(Str("")) }
[GdPAI | debug] Found candidate: Drop Item (satisfied preconds: [0], requirements: [])
[GdPAI | debug] Discovery: Starting simulation for action Add Fuel
WARNING: [GdPAI] ObjectRef(124621163998): object was freed before callback; returning Nil.
   at: gdplanningai_rust::logger::process_logs (src\logger.rs:66)
   GDScript backtrace (most recent call first):
       [0] _process (res://addons/GdPlanningAI/gdpai_autoload.gd:21)
WARNING: [GdPAI] ObjectRef(124621163998): object was freed before callback; returning Nil.
   at: gdplanningai_rust::logger::process_logs (src\logger.rs:66)
   GDScript backtrace (most recent call first):
       [0] _process (res://addons/GdPlanningAI/gdpai_autoload.gd:21)
[GdPAI | debug] GetCost: callable returned non-numeric value: null; returning INFINITY
[GdPAI | debug] ApplyEffect [Before] ID=InstanceId(-9223370849212421675): agent props = {"entity": VariantGd { id: 1028191686197, class: RigidBody2D }, "held_item": "wood", "hunger": 20.067251249999998}
[GdPAI | debug] ApplyEffect [After] ID=InstanceId(-9223370849212421675): agent props = {"held_item": "potato", "entity": VariantGd { id: 1028191686197, class: RigidBody2D }, "hunger": 20.067251249999998}
[GdPAI | debug]   Snapshotting prop: held_item = Str("potato") (Variant type: STRING)
[GdPAI | debug]   Snapshotting prop: entity = ObjectRef(1028191686197) (Variant type: OBJECT)
[GdPAI | debug]   Snapshotting prop: hunger = Float(20.067251249999998) (Variant type: FLOAT)
[GdPAI | debug] Discovery: Simulation success for Dig Potato. Agent props: {"hunger": Float(20.067251249999998), "held_item": Str("potato"), "entity": ObjectRef(1028191686197)}
[GdPAI | debug] Discovery: Action Dig Potato did NOT satisfy precond Builtin { target: Agent, operation: Equal, property_name: "held_item", value: Some(Str("wood")) }
WARNING: [GdPAI] ObjectRef(124621163998): object was freed before callback; returning Nil.
   at: gdplanningai_rust::logger::process_logs (src\logger.rs:66)
   GDScript backtrace (most recent call first):
       [0] _start_plan_and_wait (res://test/integration/test_campfire_example_smoke.gd:57)
WARNING: [GdPAI] ObjectRef(124621163998): object was freed before callback; returning Nil.
   at: gdplanningai_rust::logger::process_logs (src\logger.rs:66)
   GDScript backtrace (most recent call first):
       [0] _start_plan_and_wait (res://test/integration/test_campfire_example_smoke.gd:57)
[GdPAI | debug] ApplyEffect [Before] ID=InstanceId(-9223370848541333022): agent props = {"entity": null, "hunger": 70.0627442063492, "held_item": "wood"}
[GdPAI | debug] ApplyEffect [After] ID=InstanceId(-9223370848541333022): agent props = {"entity": null, "hunger": 70.0627442063492, "held_item": "wood"}
[GdPAI | debug]   Snapshotting prop: entity = Nil (Variant type: NIL)
[GdPAI | debug]   Snapshotting prop: hunger = Float(70.0627442063492) (Variant type: FLOAT)
[GdPAI | debug]   Snapshotting prop: held_item = Str("wood") (Variant type: STRING)
[GdPAI | debug] Discovery: Simulation success for Add Fuel. Agent props: {"entity": Nil, "hunger": Float(70.0627442063492), "held_item": Str("wood")}
[GdPAI | debug] Discovery: Action Add Fuel did NOT satisfy precond Builtin { target: Agent, operation: Equal, property_name: "held_item", value: Some(Str("")) }
WARNING: [GdPAI] ObjectRef(124621163998): object was freed before callback; returning Nil.
   at: gdplanningai_rust::logger::process_logs (src\logger.rs:66)
   GDScript backtrace (most recent call first):
       [0] _process (res://addons/GdPlanningAI/gdpai_autoload.gd:21)
WARNING: [GdPAI] ObjectRef(124621163998): object was freed before callback; returning Nil.
   at: gdplanningai_rust::logger::process_logs (src\logger.rs:66)
   GDScript backtrace (most recent call first):
       [0] _process (res://addons/GdPlanningAI/gdpai_autoload.gd:21)
[GdPAI | debug] Discovery: Action Cook Potato failed validity check, skipping
[GdPAI | debug] Discovery: Starting simulation for action Pick Up Wood
WARNING: [GdPAI] ObjectRef(124621163998): object was freed before callback; returning Nil.
   at: gdplanningai_rust::logger::process_logs (src\logger.rs:66)
   GDScript backtrace (most recent call first):
       [0] _start_plan_and_wait (res://test/integration/test_campfire_example_smoke.gd:57)
WARNING: [GdPAI] ObjectRef(124621163998): object was freed before callback; returning Nil.
   at: gdplanningai_rust::logger::process_logs (src\logger.rs:66)
   GDScript backtrace (most recent call first):
       [0] _start_plan_and_wait (res://test/integration/test_campfire_example_smoke.gd:57)
[GdPAI | debug] GetCost: callable returned non-numeric value: null; returning INFINITY
WARNING: [GdPAI] ObjectRef(124621163998): object was freed before callback; returning Nil.
   at: gdplanningai_rust::logger::process_logs (src\logger.rs:66)
   GDScript backtrace (most recent call first):
       [0] _process (res://addons/GdPlanningAI/gdpai_autoload.gd:21)
WARNING: [GdPAI] ObjectRef(124621163998): object was freed before callback; returning Nil.
   at: gdplanningai_rust::logger::process_logs (src\logger.rs:66)
   GDScript backtrace (most recent call first):
       [0] _process (res://addons/GdPlanningAI/gdpai_autoload.gd:21)
[GdPAI | debug] ApplyEffect [Before] ID=InstanceId(-9223370844783236623): agent props = {"entity": null, "held_item": "", "hunger": 70.0627442063492}
[GdPAI | debug] ApplyEffect [After] ID=InstanceId(-9223370844783236623): agent props = {"entity": null, "held_item": "", "hunger": 70.0627442063492}
[GdPAI | debug]   Snapshotting prop: entity = Nil (Variant type: NIL)
[GdPAI | debug]   Snapshotting prop: held_item = Str("") (Variant type: STRING)
[GdPAI | debug]   Snapshotting prop: hunger = Float(70.0627442063492) (Variant type: FLOAT)
[GdPAI | debug] Discovery: Simulation success for Pick Up Wood. Agent props: {"hunger": Float(70.0627442063492), "held_item": Str(""), "entity": Nil}
[GdPAI | debug] Discovery: Action Pick Up Wood satisfied precond Builtin { target: Agent, operation: Equal, property_name: "held_item", value: Some(Str("")) }
[GdPAI | debug] Found candidate: Pick Up Wood (satisfied preconds: [0], requirements: [])
[GdPAI | debug] Discovery: Starting simulation for action Pick Up Wood
[GdPAI | debug] Discovery: Starting simulation for action Dig Potato
WARNING: [GdPAI] ObjectRef(124621163998): object was freed before callback; returning Nil.
   at: gdplanningai_rust::logger::process_logs (src\logger.rs:66)
   GDScript backtrace (most recent call first):
       [0] _start_plan_and_wait (res://test/integration/test_campfire_example_smoke.gd:57)
WARNING: [GdPAI] ObjectRef(124621163998): object was freed before callback; returning Nil.
   at: gdplanningai_rust::logger::process_logs (src\logger.rs:66)
   GDScript backtrace (most recent call first):
       [0] _start_plan_and_wait (res://test/integration/test_campfire_example_smoke.gd:57)
[GdPAI | debug] GetCost: callable returned non-numeric value: null; returning INFINITY
WARNING: [GdPAI] ObjectRef(124621163998): object was freed before callback; returning Nil.
   at: gdplanningai_rust::logger::process_logs (src\logger.rs:66)
   GDScript backtrace (most recent call first):
       [0] _process (res://addons/GdPlanningAI/gdpai_autoload.gd:21)
WARNING: [GdPAI] ObjectRef(124621163998): object was freed before callback; returning Nil.
   at: gdplanningai_rust::logger::process_logs (src\logger.rs:66)
   GDScript backtrace (most recent call first):
       [0] _process (res://addons/GdPlanningAI/gdpai_autoload.gd:21)
[GdPAI | debug] ApplyEffect [Before] ID=InstanceId(-9223370842283431463): agent props = {"hunger": 70.0627442063492, "entity": null, "held_item": ""}
[GdPAI | debug] ApplyEffect [After] ID=InstanceId(-9223370842283431463): agent props = {"hunger": 70.0627442063492, "entity": null, "held_item": ""}
[GdPAI | debug]   Snapshotting prop: hunger = Float(70.0627442063492) (Variant type: FLOAT)
[GdPAI | debug]   Snapshotting prop: entity = Nil (Variant type: NIL)
[GdPAI | debug]   Snapshotting prop: held_item = Str("") (Variant type: STRING)
[GdPAI | debug] Discovery: Simulation success for Pick Up Wood. Agent props: {"hunger": Float(70.0627442063492), "entity": Nil, "held_item": Str("")}
[GdPAI | debug] Discovery: Action Pick Up Wood satisfied precond Builtin { target: Agent, operation: Equal, property_name: "held_item", value: Some(Str("")) }
[GdPAI | debug] Found candidate: Pick Up Wood (satisfied preconds: [0], requirements: [])
[GdPAI | debug] ApplyEffect [Before] ID=InstanceId(-9223370841713006119): agent props = {"entity": VariantGd { id: 1028191686197, class: RigidBody2D }, "held_item": "wood", "hunger": 20.067251249999998}
[GdPAI | debug] ApplyEffect [After] ID=InstanceId(-9223370841713006119): agent props = {"entity": VariantGd { id: 1028191686197, class: RigidBody2D }, "hunger": 20.067251249999998, "held_item": "potato"}
[GdPAI | debug]   Snapshotting prop: entity = ObjectRef(1028191686197) (Variant type: OBJECT)
[GdPAI | debug]   Snapshotting prop: hunger = Float(20.067251249999998) (Variant type: FLOAT)
[GdPAI | debug]   Snapshotting prop: held_item = Str("potato") (Variant type: STRING)
[GdPAI | debug] Discovery: Starting simulation for action Pick Up Wood
[GdPAI | debug] Discovery: Simulation success for Dig Potato. Agent props: {"hunger": Float(20.067251249999998), "entity": ObjectRef(1028191686197), "held_item": Str("potato")}
[GdPAI | debug] Discovery: Action Dig Potato did NOT satisfy precond Builtin { target: Agent, operation: Equal, property_name: "held_item", value: Some(Str("wood")) }
WARNING: [GdPAI] ObjectRef(124621163998): object was freed before callback; returning Nil.
   at: gdplanningai_rust::logger::process_logs (src\logger.rs:66)
   GDScript backtrace (most recent call first):
       [0] _start_plan_and_wait (res://test/integration/test_campfire_example_smoke.gd:57)
WARNING: [GdPAI] ObjectRef(124621163998): object was freed before callback; returning Nil.
   at: gdplanningai_rust::logger::process_logs (src\logger.rs:66)
   GDScript backtrace (most recent call first):
       [0] _start_plan_and_wait (res://test/integration/test_campfire_example_smoke.gd:57)
[GdPAI | debug] GetCost: callable returned non-numeric value: null; returning INFINITY
WARNING: [GdPAI] ObjectRef(124621163998): object was freed before callback; returning Nil.
   at: gdplanningai_rust::logger::process_logs (src\logger.rs:66)
   GDScript backtrace (most recent call first):
       [0] _process (res://addons/GdPlanningAI/gdpai_autoload.gd:21)
WARNING: [GdPAI] ObjectRef(124621163998): object was freed before callback; returning Nil.
   at: gdplanningai_rust::logger::process_logs (src\logger.rs:66)
   GDScript backtrace (most recent call first):
       [0] _process (res://addons/GdPlanningAI/gdpai_autoload.gd:21)
[GdPAI | debug] ApplyEffect [Before] ID=InstanceId(-9223370839783626233): agent props = {"hunger": 70.0627442063492, "entity": null, "held_item": ""}
[GdPAI | debug] ApplyEffect [After] ID=InstanceId(-9223370839783626233): agent props = {"hunger": 70.0627442063492, "entity": null, "held_item": ""}
[GdPAI | debug]   Snapshotting prop: hunger = Float(70.0627442063492) (Variant type: FLOAT)
[GdPAI | debug]   Snapshotting prop: entity = Nil (Variant type: NIL)
[GdPAI | debug]   Snapshotting prop: held_item = Str("") (Variant type: STRING)
[GdPAI | debug] Discovery: Simulation success for Pick Up Wood. Agent props: {"held_item": Str(""), "hunger": Float(70.0627442063492), "entity": Nil}
[GdPAI | debug] Discovery: Action Pick Up Wood satisfied precond Builtin { target: Agent, operation: Equal, property_name: "held_item", value: Some(Str("")) }
[GdPAI | debug] Found candidate: Pick Up Wood (satisfied preconds: [0], requirements: [])
[GdPAI | debug] Discovery: Starting simulation for action Pick Up Wood
WARNING: [GdPAI] ObjectRef(124621163998): object was freed before callback; returning Nil.
   at: gdplanningai_rust::logger::process_logs (src\logger.rs:66)
   GDScript backtrace (most recent call first):
       [0] _start_plan_and_wait (res://test/integration/test_campfire_example_smoke.gd:57)
WARNING: [GdPAI] ObjectRef(124621163998): object was freed before callback; returning Nil.
   at: gdplanningai_rust::logger::process_logs (src\logger.rs:66)
   GDScript backtrace (most recent call first):
       [0] _start_plan_and_wait (res://test/integration/test_campfire_example_smoke.gd:57)
[GdPAI | debug] GetCost: callable returned non-numeric value: null; returning INFINITY
WARNING: [GdPAI] ObjectRef(124621163998): object was freed before callback; returning Nil.
   at: gdplanningai_rust::logger::process_logs (src\logger.rs:66)
   GDScript backtrace (most recent call first):
       [0] _process (res://addons/GdPlanningAI/gdpai_autoload.gd:21)
WARNING: [GdPAI] ObjectRef(124621163998): object was freed before callback; returning Nil.
   at: gdplanningai_rust::logger::process_logs (src\logger.rs:66)
   GDScript backtrace (most recent call first):
       [0] _process (res://addons/GdPlanningAI/gdpai_autoload.gd:21)
[GdPAI | debug] ApplyEffect [Before] ID=InstanceId(-9223370837283821052): agent props = {"held_item": "", "entity": null, "hunger": 70.0627442063492}
[GdPAI | debug] ApplyEffect [After] ID=InstanceId(-9223370837283821052): agent props = {"held_item": "", "entity": null, "hunger": 70.0627442063492}
[GdPAI | debug]   Snapshotting prop: held_item = Str("") (Variant type: STRING)
[GdPAI | debug]   Snapshotting prop: entity = Nil (Variant type: NIL)
[GdPAI | debug]   Snapshotting prop: hunger = Float(70.0627442063492) (Variant type: FLOAT)
[GdPAI | debug] Discovery: Simulation success for Pick Up Wood. Agent props: {"held_item": Str(""), "entity": Nil, "hunger": Float(70.0627442063492)}
[GdPAI | debug] Discovery: Action Pick Up Wood satisfied precond Builtin { target: Agent, operation: Equal, property_name: "held_item", value: Some(Str("")) }
[GdPAI | debug] Found candidate: Pick Up Wood (satisfied preconds: [0], requirements: [])
[GdPAI | debug] Discovery: Starting simulation for action Dig Potato
WARNING: [GdPAI] ObjectRef(124621163998): object was freed before callback; returning Nil.
   at: gdplanningai_rust::logger::process_logs (src\logger.rs:66)
   GDScript backtrace (most recent call first):
       [0] _start_plan_and_wait (res://test/integration/test_campfire_example_smoke.gd:57)
WARNING: [GdPAI] ObjectRef(124621163998): object was freed before callback; returning Nil.
   at: gdplanningai_rust::logger::process_logs (src\logger.rs:66)
   GDScript backtrace (most recent call first):
       [0] _start_plan_and_wait (res://test/integration/test_campfire_example_smoke.gd:57)
[GdPAI | debug] Discovery: Action Dig Potato failed validity check, skipping
WARNING: [GdPAI] ObjectRef(124621163998): object was freed before callback; returning Nil.
   at: gdplanningai_rust::logger::process_logs (src\logger.rs:66)
   GDScript backtrace (most recent call first):
       [0] _process (res://addons/GdPlanningAI/gdpai_autoload.gd:21)
WARNING: [GdPAI] ObjectRef(124621163998): object was freed before callback; returning Nil.
   at: gdplanningai_rust::logger::process_logs (src\logger.rs:66)
   GDScript backtrace (most recent call first):
       [0] _process (res://addons/GdPlanningAI/gdpai_autoload.gd:21)
[GdPAI | debug] Discovery: Action Dig Potato failed validity check, skipping
[GdPAI | debug] ApplyEffect [Before] ID=InstanceId(-9223370834213590493): agent props = {"hunger": 20.067251249999998, "held_item": "wood", "entity": VariantGd { id: 1028191686197, class: RigidBody2D }}
[GdPAI | debug] ApplyEffect [After] ID=InstanceId(-9223370834213590493): agent props = {"hunger": 20.067251249999998, "held_item": "potato", "entity": VariantGd { id: 1028191686197, class: RigidBody2D }}
[GdPAI | debug]   Snapshotting prop: hunger = Float(20.067251249999998) (Variant type: FLOAT)
[GdPAI | debug]   Snapshotting prop: held_item = Str("potato") (Variant type: STRING)
[GdPAI | debug]   Snapshotting prop: entity = ObjectRef(1028191686197) (Variant type: OBJECT)
[GdPAI | debug] Discovery: Simulation success for Dig Potato. Agent props: {"hunger": Float(20.067251249999998), "held_item": Str("potato"), "entity": ObjectRef(1028191686197)}
[GdPAI | debug] Discovery: Action Dig Potato did NOT satisfy precond Builtin { target: Agent, operation: Equal, property_name: "held_item", value: Some(Str("wood")) }
WARNING: [GdPAI] ObjectRef(124621163998): object was freed before callback; returning Nil.
   at: gdplanningai_rust::logger::process_logs (src\logger.rs:66)
   GDScript backtrace (most recent call first):
       [0] _start_plan_and_wait (res://test/integration/test_campfire_example_smoke.gd:57)
WARNING: [GdPAI] ObjectRef(124621163998): object was freed before callback; returning Nil.
   at: gdplanningai_rust::logger::process_logs (src\logger.rs:66)
   GDScript backtrace (most recent call first):
       [0] _start_plan_and_wait (res://test/integration/test_campfire_example_smoke.gd:57)
[GdPAI | debug] Discovery: Action Dig Potato failed validity check, skipping
WARNING: [GdPAI] ObjectRef(124621163998): object was freed before callback; returning Nil.
   at: gdplanningai_rust::logger::process_logs (src\logger.rs:66)
   GDScript backtrace (most recent call first):
       [0] _process (res://addons/GdPlanningAI/gdpai_autoload.gd:21)
WARNING: [GdPAI] ObjectRef(124621163998): object was freed before callback; returning Nil.
   at: gdplanningai_rust::logger::process_logs (src\logger.rs:66)
   GDScript backtrace (most recent call first):
       [0] _process (res://addons/GdPlanningAI/gdpai_autoload.gd:21)
[GdPAI | debug] Discovery: Action Dig Potato failed validity check, skipping
WARNING: [GdPAI] ObjectRef(124621163998): object was freed before callback; returning Nil.
   at: gdplanningai_rust::logger::process_logs (src\logger.rs:66)
   GDScript backtrace (most recent call first):
       [0] _start_plan_and_wait (res://test/integration/test_campfire_example_smoke.gd:57)
WARNING: [GdPAI] ObjectRef(124621163998): object was freed before callback; returning Nil.
   at: gdplanningai_rust::logger::process_logs (src\logger.rs:66)
   GDScript backtrace (most recent call first):
       [0] _start_plan_and_wait (res://test/integration/test_campfire_example_smoke.gd:57)
[GdPAI | debug] Discovery: Action Dig Potato failed validity check, skipping
WARNING: [GdPAI] ObjectRef(124621163998): object was freed before callback; returning Nil.
   at: gdplanningai_rust::logger::process_logs (src\logger.rs:66)
   GDScript backtrace (most recent call first):
       [0] _process (res://addons/GdPlanningAI/gdpai_autoload.gd:21)
WARNING: [GdPAI] ObjectRef(124621163998): object was freed before callback; returning Nil.
   at: gdplanningai_rust::logger::process_logs (src\logger.rs:66)
   GDScript backtrace (most recent call first):
       [0] _process (res://addons/GdPlanningAI/gdpai_autoload.gd:21)
WARNING: [GdPAI] ObjectRef(124134624705): object was freed before callback; returning Nil.
   at: gdplanningai_rust::logger::process_logs (src\logger.rs:66)
   GDScript backtrace (most recent call first):
       [0] _process (res://addons/GdPlanningAI/gdpai_autoload.gd:21)
WARNING: [GdPAI] ObjectRef(125057371638): object was freed before callback; returning Nil.
   at: gdplanningai_rust::logger::process_logs (src\logger.rs:66)
   GDScript backtrace (most recent call first):
       [0] _process (res://addons/GdPlanningAI/gdpai_autoload.gd:21)
WARNING: [GdPAI] ObjectRef(124134624705): object was freed before callback; returning Nil.
   at: gdplanningai_rust::logger::process_logs (src\logger.rs:66)
   GDScript backtrace (most recent call first):
       [0] _process (res://addons/GdPlanningAI/gdpai_autoload.gd:21)
WARNING: [GdPAI] ObjectRef(125057371638): object was freed before callback; returning Nil.
   at: gdplanningai_rust::logger::process_logs (src\logger.rs:66)
   GDScript backtrace (most recent call first):
       [0] _process (res://addons/GdPlanningAI/gdpai_autoload.gd:21)
[GdPAI | debug] GetCost: callable returned non-numeric value: null; returning INFINITY
[GdPAI | debug] Discovery: Starting simulation for action Dig Potato
WARNING: [GdPAI] ObjectRef(124621163998): object was freed before callback; returning Nil.
   at: gdplanningai_rust::logger::process_logs (src\logger.rs:66)
   GDScript backtrace (most recent call first):
       [0] _start_plan_and_wait (res://test/integration/test_campfire_example_smoke.gd:57)
WARNING: [GdPAI] ObjectRef(124621163998): object was freed before callback; returning Nil.
   at: gdplanningai_rust::logger::process_logs (src\logger.rs:66)
   GDScript backtrace (most recent call first):
       [0] _start_plan_and_wait (res://test/integration/test_campfire_example_smoke.gd:57)
WARNING: [GdPAI] ObjectRef(124134624705): object was freed before callback; returning Nil.
   at: gdplanningai_rust::logger::process_logs (src\logger.rs:66)
   GDScript backtrace (most recent call first):
       [0] _start_plan_and_wait (res://test/integration/test_campfire_example_smoke.gd:57)
WARNING: [GdPAI] ObjectRef(125057371638): object was freed before callback; returning Nil.
   at: gdplanningai_rust::logger::process_logs (src\logger.rs:66)
   GDScript backtrace (most recent call first):
       [0] _start_plan_and_wait (res://test/integration/test_campfire_example_smoke.gd:57)
WARNING: [GdPAI] ObjectRef(124134624705): object was freed before callback; returning Nil.
   at: gdplanningai_rust::logger::process_logs (src\logger.rs:66)
   GDScript backtrace (most recent call first):
       [0] _start_plan_and_wait (res://test/integration/test_campfire_example_smoke.gd:57)
WARNING: [GdPAI] ObjectRef(125057371638): object was freed before callback; returning Nil.
   at: gdplanningai_rust::logger::process_logs (src\logger.rs:66)
   GDScript backtrace (most recent call first):
       [0] _start_plan_and_wait (res://test/integration/test_campfire_example_smoke.gd:57)
[GdPAI | debug] ApplyEffect [Before] ID=InstanceId(-9223370828341564884): agent props = {"held_item": "", "at_target": null, "hunger": 70.0627442063492, "entity": null}
[GdPAI | debug] ApplyEffect [After] ID=InstanceId(-9223370828341564884): agent props = {"held_item": "", "at_target": null, "hunger": 70.0627442063492, "entity": null}
[GdPAI | debug]   Snapshotting prop: held_item = Str("") (Variant type: STRING)
[GdPAI | debug]   Snapshotting prop: at_target = Nil (Variant type: NIL)
[GdPAI | debug]   Snapshotting prop: hunger = Float(70.0627442063492) (Variant type: FLOAT)
[GdPAI | debug]   Snapshotting prop: entity = Nil (Variant type: NIL)
WARNING: [GdPAI] ObjectRef(124621163998): object was freed before callback; returning Nil.
   at: gdplanningai_rust::logger::process_logs (src\logger.rs:66)
   GDScript backtrace (most recent call first):
       [0] _process (res://addons/GdPlanningAI/gdpai_autoload.gd:21)
WARNING: [GdPAI] ObjectRef(125057371638): object was freed before callback; returning Nil.
   at: gdplanningai_rust::logger::process_logs (src\logger.rs:66)
   GDScript backtrace (most recent call first):
       [0] _process (res://addons/GdPlanningAI/gdpai_autoload.gd:21)
WARNING: [GdPAI] ObjectRef(125057371638): object was freed before callback; returning Nil.
   at: gdplanningai_rust::logger::process_logs (src\logger.rs:66)
   GDScript backtrace (most recent call first):
       [0] _process (res://addons/GdPlanningAI/gdpai_autoload.gd:21)
[GdPAI | debug] GetCost: callable returned non-numeric value: null; returning INFINITY
[GdPAI | debug] ApplyEffect [Before] ID=InstanceId(-9223370826311521761): agent props = {"entity": VariantGd { id: 1028191686197, class: RigidBody2D }, "hunger": 20.067251249999998, "held_item": "wood"}
[GdPAI | debug] ApplyEffect [After] ID=InstanceId(-9223370826311521761): agent props = {"entity": VariantGd { id: 1028191686197, class: RigidBody2D }, "held_item": "potato", "hunger": 20.067251249999998}
[GdPAI | debug]   Snapshotting prop: entity = ObjectRef(1028191686197) (Variant type: OBJECT)
[GdPAI | debug]   Snapshotting prop: held_item = Str("potato") (Variant type: STRING)
[GdPAI | debug]   Snapshotting prop: hunger = Float(20.067251249999998) (Variant type: FLOAT)
[GdPAI | debug] Discovery: Simulation success for Dig Potato. Agent props: {"held_item": Str("potato"), "hunger": Float(20.067251249999998), "entity": ObjectRef(1028191686197)}
[GdPAI | debug] Discovery: Action Dig Potato did NOT satisfy precond Builtin { target: Agent, operation: Equal, property_name: "held_item", value: Some(Str("wood")) }
WARNING: [GdPAI] ObjectRef(124621163998): object was freed before callback; returning Nil.
   at: gdplanningai_rust::logger::process_logs (src\logger.rs:66)
   GDScript backtrace (most recent call first):
       [0] _start_plan_and_wait (res://test/integration/test_campfire_example_smoke.gd:57)
WARNING: [GdPAI] ObjectRef(125057371638): object was freed before callback; returning Nil.
   at: gdplanningai_rust::logger::process_logs (src\logger.rs:66)
   GDScript backtrace (most recent call first):
       [0] _start_plan_and_wait (res://test/integration/test_campfire_example_smoke.gd:57)
WARNING: [GdPAI] ObjectRef(125057371638): object was freed before callback; returning Nil.
   at: gdplanningai_rust::logger::process_logs (src\logger.rs:66)
   GDScript backtrace (most recent call first):
       [0] _start_plan_and_wait (res://test/integration/test_campfire_example_smoke.gd:57)
[GdPAI | debug] ApplyEffect [Before] ID=InstanceId(-9223370825590101391): agent props = {"held_item": "", "at_target": null, "hunger": 70.0627442063492, "entity": null}
[GdPAI | debug] ApplyEffect [After] ID=InstanceId(-9223370825590101391): agent props = {"held_item": "", "at_target": null, "hunger": 70.0627442063492, "entity": null}
[GdPAI | debug]   Snapshotting prop: held_item = Str("") (Variant type: STRING)
[GdPAI | debug]   Snapshotting prop: at_target = Nil (Variant type: NIL)
[GdPAI | debug]   Snapshotting prop: hunger = Float(70.0627442063492) (Variant type: FLOAT)
[GdPAI | debug]   Snapshotting prop: entity = Nil (Variant type: NIL)
WARNING: [GdPAI] ObjectRef(124621163998): object was freed before callback; returning Nil.
   at: gdplanningai_rust::logger::process_logs (src\logger.rs:66)
   GDScript backtrace (most recent call first):
       [0] _process (res://addons/GdPlanningAI/gdpai_autoload.gd:21)
WARNING: [GdPAI] ObjectRef(124134624705): object was freed before callback; returning Nil.
   at: gdplanningai_rust::logger::process_logs (src\logger.rs:66)
   GDScript backtrace (most recent call first):
       [0] _process (res://addons/GdPlanningAI/gdpai_autoload.gd:21)
WARNING: [GdPAI] ObjectRef(124134624705): object was freed before callback; returning Nil.
   at: gdplanningai_rust::logger::process_logs (src\logger.rs:66)
   GDScript backtrace (most recent call first):
       [0] _process (res://addons/GdPlanningAI/gdpai_autoload.gd:21)
[GdPAI | debug] GetCost: callable returned non-numeric value: null; returning INFINITY
[GdPAI | debug] ApplyEffect [Before] ID=InstanceId(-9223370823711053221): agent props = {"at_target": VariantGd { id: 1027554152212, class: Node }, "held_item": "", "entity": VariantGd { id: 1028191686197, class: RigidBody2D }, "hunger": 20.067251249999998}
[GdPAI | debug] ApplyEffect [After] ID=InstanceId(-9223370823711053221): agent props = {"at_target": VariantGd { id: 1027554152212, class: Node }, "held_item": "", "entity": VariantGd { id: 1028191686197, class: RigidBody2D }, "hunger": 20.067251249999998}
[GdPAI | debug]   Snapshotting prop: at_target = ObjectRef(1027554152212) (Variant type: OBJECT)
[GdPAI | debug]   Snapshotting prop: held_item = Str("") (Variant type: STRING)
[GdPAI | debug]   Snapshotting prop: entity = ObjectRef(1028191686197) (Variant type: OBJECT)
[GdPAI | debug]   Snapshotting prop: hunger = Float(20.067251249999998) (Variant type: FLOAT)
WARNING: [GdPAI] ObjectRef(124621163998): object was freed before callback; returning Nil.
   at: gdplanningai_rust::logger::process_logs (src\logger.rs:66)
   GDScript backtrace (most recent call first):
       [0] _start_plan_and_wait (res://test/integration/test_campfire_example_smoke.gd:57)
WARNING: [GdPAI] ObjectRef(124134624705): object was freed before callback; returning Nil.
   at: gdplanningai_rust::logger::process_logs (src\logger.rs:66)
   GDScript backtrace (most recent call first):
       [0] _start_plan_and_wait (res://test/integration/test_campfire_example_smoke.gd:57)
WARNING: [GdPAI] ObjectRef(124134624705): object was freed before callback; returning Nil.
   at: gdplanningai_rust::logger::process_logs (src\logger.rs:66)
   GDScript backtrace (most recent call first):
       [0] _start_plan_and_wait (res://test/integration/test_campfire_example_smoke.gd:57)
[GdPAI | debug] ApplyEffect [Before] ID=InstanceId(-9223370822989632926): agent props = {"entity": null, "at_target": null, "hunger": 70.0627442063492, "held_item": ""}
[GdPAI | debug] ApplyEffect [After] ID=InstanceId(-9223370822989632926): agent props = {"entity": null, "at_target": null, "hunger": 70.0627442063492, "held_item": ""}
[GdPAI | debug]   Snapshotting prop: entity = Nil (Variant type: NIL)
[GdPAI | debug]   Snapshotting prop: at_target = Nil (Variant type: NIL)
[GdPAI | debug]   Snapshotting prop: hunger = Float(70.0627442063492) (Variant type: FLOAT)
[GdPAI | debug]   Snapshotting prop: held_item = Str("") (Variant type: STRING)
WARNING: [GdPAI] ObjectRef(124621163998): object was freed before callback; returning Nil.
   at: gdplanningai_rust::logger::process_logs (src\logger.rs:66)
   GDScript backtrace (most recent call first):
       [0] _process (res://addons/GdPlanningAI/gdpai_autoload.gd:21)
[GdPAI | debug] GetCost: callable returned non-numeric value: null; returning INFINITY
[GdPAI | debug] ApplyEffect [Before] ID=InstanceId(-9223370821110584716): agent props = {"entity": VariantGd { id: 1028191686197, class: RigidBody2D }, "at_target": VariantGd { id: 1027554152212, class: Node }, "hunger": 20.067251249999998, "held_item": ""}
[GdPAI | debug] ApplyEffect [After] ID=InstanceId(-9223370821110584716): agent props = {"entity": VariantGd { id: 1028191686197, class: RigidBody2D }, "at_target": VariantGd { id: 1027554152212, class: Node }, "hunger": 20.067251249999998, "held_item": ""}
[GdPAI | debug]   Snapshotting prop: entity = ObjectRef(1028191686197) (Variant type: OBJECT)
[GdPAI | debug]   Snapshotting prop: at_target = ObjectRef(1027554152212) (Variant type: OBJECT)
[GdPAI | debug]   Snapshotting prop: hunger = Float(20.067251249999998) (Variant type: FLOAT)
[GdPAI | debug]   Snapshotting prop: held_item = Str("") (Variant type: STRING)
WARNING: [GdPAI] ObjectRef(124621163998): object was freed before callback; returning Nil.
   at: gdplanningai_rust::logger::process_logs (src\logger.rs:66)
   GDScript backtrace (most recent call first):
       [0] _start_plan_and_wait (res://test/integration/test_campfire_example_smoke.gd:57)
[GdPAI | debug] ApplyEffect [Before] ID=InstanceId(-9223370820489827705): agent props = {"held_item": "wood", "at_target": null, "hunger": 70.0627442063492, "entity": null}
[GdPAI | debug] ApplyEffect [After] ID=InstanceId(-9223370820489827705): agent props = {"held_item": "wood", "at_target": null, "hunger": 70.0627442063492, "entity": null}
[GdPAI | debug]   Snapshotting prop: held_item = Str("wood") (Variant type: STRING)
[GdPAI | debug]   Snapshotting prop: at_target = Nil (Variant type: NIL)
[GdPAI | debug]   Snapshotting prop: hunger = Float(70.0627442063492) (Variant type: FLOAT)
[GdPAI | debug]   Snapshotting prop: entity = Nil (Variant type: NIL)
WARNING: [GdPAI] ObjectRef(124621163998): object was freed before callback; returning Nil.
   at: gdplanningai_rust::logger::process_logs (src\logger.rs:66)
   GDScript backtrace (most recent call first):
       [0] _process (res://addons/GdPlanningAI/gdpai_autoload.gd:21)
WARNING: [GdPAI] ObjectRef(124621163998): object was freed before callback; returning Nil.
   at: gdplanningai_rust::logger::process_logs (src\logger.rs:66)
   GDScript backtrace (most recent call first):
       [0] _process (res://addons/GdPlanningAI/gdpai_autoload.gd:21)
[GdPAI | debug] GetCost: callable returned non-numeric value: null; returning INFINITY
[GdPAI | debug] ApplyEffect [Before] ID=InstanceId(-9223370818711442826): agent props = {"hunger": 20.067251249999998, "held_item": "", "entity": VariantGd { id: 1028191686197, class: RigidBody2D }}
[GdPAI | debug] ApplyEffect [After] ID=InstanceId(-9223370818711442826): agent props = {"hunger": 0.06725124999999821, "entity": VariantGd { id: 1028191686197, class: RigidBody2D }, "held_item": ""}
[GdPAI | debug]   Snapshotting prop: hunger = Float(0.06725124999999821) (Variant type: FLOAT)
[GdPAI | debug]   Snapshotting prop: entity = ObjectRef(1028191686197) (Variant type: OBJECT)
[GdPAI | debug]   Snapshotting prop: held_item = Str("") (Variant type: STRING)
WARNING: [GdPAI] ObjectRef(124621163998): object was freed before callback; returning Nil.
   at: gdplanningai_rust::logger::process_logs (src\logger.rs:66)
   GDScript backtrace (most recent call first):
       [0] _start_plan_and_wait (res://test/integration/test_campfire_example_smoke.gd:57)
WARNING: [GdPAI] ObjectRef(124621163998): object was freed before callback; returning Nil.
   at: gdplanningai_rust::logger::process_logs (src\logger.rs:66)
   GDScript backtrace (most recent call first):
       [0] _start_plan_and_wait (res://test/integration/test_campfire_example_smoke.gd:57)
[GdPAI | debug] ApplyEffect [Before] ID=InstanceId(-9223370818040354218): agent props = {"held_item": "", "hunger": 70.0627442063492, "entity": null}
[GdPAI | debug] ApplyEffect [After] ID=InstanceId(-9223370818040354218): agent props = {"held_item": "", "hunger": 70.0627442063492, "entity": null}
[GdPAI | debug]   Snapshotting prop: held_item = Str("") (Variant type: STRING)
[GdPAI | debug]   Snapshotting prop: hunger = Float(70.0627442063492) (Variant type: FLOAT)
[GdPAI | debug]   Snapshotting prop: entity = Nil (Variant type: NIL)
WARNING: [GdPAI] ObjectRef(124621163998): object was freed before callback; returning Nil.
   at: gdplanningai_rust::logger::process_logs (src\logger.rs:66)
   GDScript backtrace (most recent call first):
       [0] _process (res://addons/GdPlanningAI/gdpai_autoload.gd:21)
[GdPAI | debug] GetCost: callable returned non-numeric value: null; returning INFINITY
[GdPAI | debug] ApplyEffect [Before] ID=InstanceId(-9223370816211637608): agent props = {"entity": VariantGd { id: 1028191686197, class: RigidBody2D }, "held_item": "", "hunger": 0.06725124999999821}
[GdPAI | debug] ApplyEffect [After] ID=InstanceId(-9223370816211637608): agent props = {"entity": VariantGd { id: 1028191686197, class: RigidBody2D }, "held_item": "", "hunger": 0.06725124999999821}
[GdPAI | debug]   Snapshotting prop: entity = ObjectRef(1028191686197) (Variant type: OBJECT)
[GdPAI | debug]   Snapshotting prop: held_item = Str("") (Variant type: STRING)
[GdPAI | debug]   Snapshotting prop: hunger = Float(0.06725124999999821) (Variant type: FLOAT)
[GdPAI | debug] Numeric comparison: 20.067251249999998 GreaterThan 0 -> true
WARNING: [GdPAI] ObjectRef(124621163998): object was freed before callback; returning Nil.
   at: gdplanningai_rust::logger::process_logs (src\logger.rs:66)
   GDScript backtrace (most recent call first):
       [0] _start_plan_and_wait (res://test/integration/test_campfire_example_smoke.gd:57)
[GdPAI | debug] ApplyEffect [Before] ID=InstanceId(-9223370815590880685): agent props = {"held_item": "", "hunger": 70.0627442063492, "entity": null}
[GdPAI | debug] ApplyEffect [After] ID=InstanceId(-9223370815590880685): agent props = {"held_item": "", "hunger": 70.0627442063492, "entity": null}
[GdPAI | debug]   Snapshotting prop: held_item = Str("") (Variant type: STRING)
[GdPAI | debug]   Snapshotting prop: hunger = Float(70.0627442063492) (Variant type: FLOAT)
[GdPAI | debug]   Snapshotting prop: entity = Nil (Variant type: NIL)
WARNING: [GdPAI] ObjectRef(124621163998): object was freed before callback; returning Nil.
   at: gdplanningai_rust::logger::process_logs (src\logger.rs:66)
   GDScript backtrace (most recent call first):
       [0] _process (res://addons/GdPlanningAI/gdpai_autoload.gd:21)
[GdPAI | debug] GetCost: callable returned non-numeric value: null; returning INFINITY
[GdPAI | debug] ApplyEffect [Before] ID=InstanceId(-9223370813812495732): agent props = {"entity": VariantGd { id: 1028191686197, class: RigidBody2D }, "at_target": VariantGd { id: 1027554152212, class: Node }, "hunger": 20.067251249999998, "held_item": ""}
[GdPAI | debug] ApplyEffect [After] ID=InstanceId(-9223370813812495732): agent props = {"entity": VariantGd { id: 1028191686197, class: RigidBody2D }, "at_target": VariantGd { id: 1027554152212, class: Node }, "hunger": 20.067251249999998, "held_item": ""}
[GdPAI | debug]   Snapshotting prop: entity = ObjectRef(1028191686197) (Variant type: OBJECT)
[GdPAI | debug]   Snapshotting prop: at_target = ObjectRef(1027554152212) (Variant type: OBJECT)
[GdPAI | debug]   Snapshotting prop: hunger = Float(20.067251249999998) (Variant type: FLOAT)
[GdPAI | debug]   Snapshotting prop: held_item = Str("") (Variant type: STRING)
WARNING: [GdPAI] ObjectRef(124621163998): object was freed before callback; returning Nil.
   at: gdplanningai_rust::logger::process_logs (src\logger.rs:66)
   GDScript backtrace (most recent call first):
       [0] _start_plan_and_wait (res://test/integration/test_campfire_example_smoke.gd:57)
[GdPAI | debug] ApplyEffect [Before] ID=InstanceId(-9223370813191738708): agent props = {"hunger": 70.0627442063492, "entity": null, "held_item": ""}
[GdPAI | debug] ApplyEffect [After] ID=InstanceId(-9223370813191738708): agent props = {"hunger": 70.0627442063492, "entity": null, "held_item": ""}
[GdPAI | debug]   Snapshotting prop: hunger = Float(70.0627442063492) (Variant type: FLOAT)
[GdPAI | debug]   Snapshotting prop: entity = Nil (Variant type: NIL)
[GdPAI | debug]   Snapshotting prop: held_item = Str("") (Variant type: STRING)
WARNING: [GdPAI] ObjectRef(124621163998): object was freed before callback; returning Nil.
   at: gdplanningai_rust::logger::process_logs (src\logger.rs:66)
   GDScript backtrace (most recent call first):
       [0] _process (res://addons/GdPlanningAI/gdpai_autoload.gd:21)
[GdPAI | debug] GetCost: callable returned non-numeric value: null; returning INFINITY
[GdPAI | debug] ApplyEffect [Before] ID=InstanceId(-9223370811413353856): agent props = {"entity": VariantGd { id: 1028191686197, class: RigidBody2D }, "held_item": "", "hunger": 20.067251249999998, "at_target": VariantGd { id: 1027554152212, class: Node }}
[GdPAI | debug] ApplyEffect [After] ID=InstanceId(-9223370811413353856): agent props = {"entity": VariantGd { id: 1028191686197, class: RigidBody2D }, "held_item": "", "hunger": 20.067251249999998, "at_target": VariantGd { id: 1027554152212, class: Node }}
[GdPAI | debug]   Snapshotting prop: entity = ObjectRef(1028191686197) (Variant type: OBJECT)
[GdPAI | debug]   Snapshotting prop: held_item = Str("") (Variant type: STRING)
[GdPAI | debug]   Snapshotting prop: hunger = Float(20.067251249999998) (Variant type: FLOAT)
[GdPAI | debug]   Snapshotting prop: at_target = ObjectRef(1027554152212) (Variant type: OBJECT)
WARNING: [GdPAI] ObjectRef(124621163998): object was freed before callback; returning Nil.
   at: gdplanningai_rust::logger::process_logs (src\logger.rs:66)
   GDScript backtrace (most recent call first):
       [0] _start_plan_and_wait (res://test/integration/test_campfire_example_smoke.gd:57)
[GdPAI | debug] ApplyEffect [Before] ID=InstanceId(-9223370810792596831): agent props = {"held_item": "wood", "entity": null, "hunger": 70.0627442063492}
[GdPAI | debug] ApplyEffect [After] ID=InstanceId(-9223370810792596831): agent props = {"held_item": "wood", "entity": null, "hunger": 70.0627442063492}
[GdPAI | debug]   Snapshotting prop: held_item = Str("wood") (Variant type: STRING)
[GdPAI | debug]   Snapshotting prop: entity = Nil (Variant type: NIL)
[GdPAI | debug]   Snapshotting prop: hunger = Float(70.0627442063492) (Variant type: FLOAT)
[GdPAI | debug] Numeric comparison: 70.0627442063492 GreaterThan 0 -> true
WARNING: [GdPAI] ObjectRef(124621163998): object was freed before callback; returning Nil.
   at: gdplanningai_rust::logger::process_logs (src\logger.rs:66)
   GDScript backtrace (most recent call first):
       [0] _process (res://addons/GdPlanningAI/gdpai_autoload.gd:21)
WARNING: [GdPAI] ObjectRef(124621163998): object was freed before callback; returning Nil.
   at: gdplanningai_rust::logger::process_logs (src\logger.rs:66)
   GDScript backtrace (most recent call first):
       [0] _process (res://addons/GdPlanningAI/gdpai_autoload.gd:21)
WARNING: [GdPAI] ObjectRef(124134624705): object was freed before callback; returning Nil.
   at: gdplanningai_rust::logger::process_logs (src\logger.rs:66)
   GDScript backtrace (most recent call first):
       [0] _process (res://addons/GdPlanningAI/gdpai_autoload.gd:21)
WARNING: [GdPAI] ObjectRef(125057371638): object was freed before callback; returning Nil.
   at: gdplanningai_rust::logger::process_logs (src\logger.rs:66)
   GDScript backtrace (most recent call first):
       [0] _process (res://addons/GdPlanningAI/gdpai_autoload.gd:21)
WARNING: [GdPAI] ObjectRef(124134624705): object was freed before callback; returning Nil.
   at: gdplanningai_rust::logger::process_logs (src\logger.rs:66)
   GDScript backtrace (most recent call first):
       [0] _process (res://addons/GdPlanningAI/gdpai_autoload.gd:21)
WARNING: [GdPAI] ObjectRef(125057371638): object was freed before callback; returning Nil.
   at: gdplanningai_rust::logger::process_logs (src\logger.rs:66)
   GDScript backtrace (most recent call first):
       [0] _process (res://addons/GdPlanningAI/gdpai_autoload.gd:21)
[GdPAI | debug] GetCost: callable returned non-numeric value: null; returning INFINITY
[GdPAI | debug] ApplyEffect [Before] ID=InstanceId(-9223370809014211925): agent props = {"entity": VariantGd { id: 1028191686197, class: RigidBody2D }, "held_item": "", "hunger": 20.067251249999998}
[GdPAI | debug] ApplyEffect [After] ID=InstanceId(-9223370809014211925): agent props = {"entity": VariantGd { id: 1028191686197, class: RigidBody2D }, "held_item": "wood", "hunger": 20.067251249999998}
[GdPAI | debug]   Snapshotting prop: entity = ObjectRef(1028191686197) (Variant type: OBJECT)
[GdPAI | debug]   Snapshotting prop: held_item = Str("wood") (Variant type: STRING)
[GdPAI | debug]   Snapshotting prop: hunger = Float(20.067251249999998) (Variant type: FLOAT)
WARNING: [GdPAI] ObjectRef(124621163998): object was freed before callback; returning Nil.
   at: gdplanningai_rust::logger::process_logs (src\logger.rs:66)
   GDScript backtrace (most recent call first):
       [0] _start_plan_and_wait (res://test/integration/test_campfire_example_smoke.gd:57)
WARNING: [GdPAI] ObjectRef(124621163998): object was freed before callback; returning Nil.
   at: gdplanningai_rust::logger::process_logs (src\logger.rs:66)
   GDScript backtrace (most recent call first):
       [0] _start_plan_and_wait (res://test/integration/test_campfire_example_smoke.gd:57)
WARNING: [GdPAI] ObjectRef(124134624705): object was freed before callback; returning Nil.
   at: gdplanningai_rust::logger::process_logs (src\logger.rs:66)
   GDScript backtrace (most recent call first):
       [0] _start_plan_and_wait (res://test/integration/test_campfire_example_smoke.gd:57)
WARNING: [GdPAI] ObjectRef(125057371638): object was freed before callback; returning Nil.
   at: gdplanningai_rust::logger::process_logs (src\logger.rs:66)
   GDScript backtrace (most recent call first):
       [0] _start_plan_and_wait (res://test/integration/test_campfire_example_smoke.gd:57)
WARNING: [GdPAI] ObjectRef(124134624705): object was freed before callback; returning Nil.
   at: gdplanningai_rust::logger::process_logs (src\logger.rs:66)
   GDScript backtrace (most recent call first):
       [0] _start_plan_and_wait (res://test/integration/test_campfire_example_smoke.gd:57)
WARNING: [GdPAI] ObjectRef(125057371638): object was freed before callback; returning Nil.
   at: gdplanningai_rust::logger::process_logs (src\logger.rs:66)
   GDScript backtrace (most recent call first):
       [0] _start_plan_and_wait (res://test/integration/test_campfire_example_smoke.gd:57)
[GdPAI | debug] ApplyEffect [Before] ID=InstanceId(-9223370808141796700): agent props = {"hunger": 70.0627442063492, "held_item": "", "at_target": null, "entity": null}
[GdPAI | debug] ApplyEffect [After] ID=InstanceId(-9223370808141796700): agent props = {"hunger": 70.0627442063492, "held_item": "", "at_target": null, "entity": null}
[GdPAI | debug]   Snapshotting prop: hunger = Float(70.0627442063492) (Variant type: FLOAT)
[GdPAI | debug]   Snapshotting prop: held_item = Str("") (Variant type: STRING)
[GdPAI | debug]   Snapshotting prop: at_target = Nil (Variant type: NIL)
[GdPAI | debug]   Snapshotting prop: entity = Nil (Variant type: NIL)
WARNING: [GdPAI] ObjectRef(124621163998): object was freed before callback; returning Nil.
   at: gdplanningai_rust::logger::process_logs (src\logger.rs:66)
   GDScript backtrace (most recent call first):
       [0] _process (res://addons/GdPlanningAI/gdpai_autoload.gd:21)
WARNING: [GdPAI] ObjectRef(125057371638): object was freed before callback; returning Nil.
   at: gdplanningai_rust::logger::process_logs (src\logger.rs:66)
   GDScript backtrace (most recent call first):
       [0] _process (res://addons/GdPlanningAI/gdpai_autoload.gd:21)
WARNING: [GdPAI] ObjectRef(125057371638): object was freed before callback; returning Nil.
   at: gdplanningai_rust::logger::process_logs (src\logger.rs:66)
   GDScript backtrace (most recent call first):
       [0] _process (res://addons/GdPlanningAI/gdpai_autoload.gd:21)
[GdPAI | debug] GetCost: callable returned non-numeric value: null; returning INFINITY
[GdPAI | debug] ApplyEffect [Before] ID=InstanceId(-9223370806111753549): agent props = {"entity": VariantGd { id: 1028191686197, class: RigidBody2D }, "hunger": 20.067251249999998, "held_item": "wood"}
[GdPAI | debug] ApplyEffect [After] ID=InstanceId(-9223370806111753549): agent props = {"entity": VariantGd { id: 1028191686197, class: RigidBody2D }, "hunger": 20.067251249999998, "held_item": ""}
[GdPAI | debug]   Snapshotting prop: entity = ObjectRef(1028191686197) (Variant type: OBJECT)
[GdPAI | debug]   Snapshotting prop: hunger = Float(20.067251249999998) (Variant type: FLOAT)
[GdPAI | debug]   Snapshotting prop: held_item = Str("") (Variant type: STRING)
WARNING: [GdPAI] ObjectRef(124621163998): object was freed before callback; returning Nil.
   at: gdplanningai_rust::logger::process_logs (src\logger.rs:66)
   GDScript backtrace (most recent call first):
       [0] _start_plan_and_wait (res://test/integration/test_campfire_example_smoke.gd:57)
WARNING: [GdPAI] ObjectRef(125057371638): object was freed before callback; returning Nil.
   at: gdplanningai_rust::logger::process_logs (src\logger.rs:66)
   GDScript backtrace (most recent call first):
       [0] _start_plan_and_wait (res://test/integration/test_campfire_example_smoke.gd:57)
WARNING: [GdPAI] ObjectRef(125057371638): object was freed before callback; returning Nil.
   at: gdplanningai_rust::logger::process_logs (src\logger.rs:66)
   GDScript backtrace (most recent call first):
       [0] _start_plan_and_wait (res://test/integration/test_campfire_example_smoke.gd:57)
[GdPAI | debug] ApplyEffect [Before] ID=InstanceId(-9223370805390333222): agent props = {"entity": null, "hunger": 70.0627442063492, "held_item": "", "at_target": null}
[GdPAI | debug] ApplyEffect [After] ID=InstanceId(-9223370805390333222): agent props = {"entity": null, "hunger": 70.0627442063492, "held_item": "", "at_target": null}
[GdPAI | debug]   Snapshotting prop: entity = Nil (Variant type: NIL)
[GdPAI | debug]   Snapshotting prop: hunger = Float(70.0627442063492) (Variant type: FLOAT)
[GdPAI | debug]   Snapshotting prop: held_item = Str("") (Variant type: STRING)
[GdPAI | debug]   Snapshotting prop: at_target = Nil (Variant type: NIL)
WARNING: [GdPAI] ObjectRef(124621163998): object was freed before callback; returning Nil.
   at: gdplanningai_rust::logger::process_logs (src\logger.rs:66)
   GDScript backtrace (most recent call first):
       [0] _process (res://addons/GdPlanningAI/gdpai_autoload.gd:21)
WARNING: [GdPAI] ObjectRef(124134624705): object was freed before callback; returning Nil.
   at: gdplanningai_rust::logger::process_logs (src\logger.rs:66)
   GDScript backtrace (most recent call first):
       [0] _process (res://addons/GdPlanningAI/gdpai_autoload.gd:21)
WARNING: [GdPAI] ObjectRef(124134624705): object was freed before callback; returning Nil.
   at: gdplanningai_rust::logger::process_logs (src\logger.rs:66)
   GDScript backtrace (most recent call first):
       [0] _process (res://addons/GdPlanningAI/gdpai_autoload.gd:21)
[GdPAI | debug] GetCost: callable returned non-numeric value: null; returning INFINITY
[GdPAI | debug] ApplyEffect [Before] ID=InstanceId(-9223370803511285061): agent props = {"entity": VariantGd { id: 1028191686197, class: RigidBody2D }, "hunger": 20.067251249999998, "held_item": ""}
[GdPAI | debug] ApplyEffect [After] ID=InstanceId(-9223370803511285061): agent props = {"entity": VariantGd { id: 1028191686197, class: RigidBody2D }, "hunger": 20.067251249999998, "held_item": "wood"}
[GdPAI | debug]   Snapshotting prop: entity = ObjectRef(1028191686197) (Variant type: OBJECT)
[GdPAI | debug]   Snapshotting prop: hunger = Float(20.067251249999998) (Variant type: FLOAT)
[GdPAI | debug]   Snapshotting prop: held_item = Str("wood") (Variant type: STRING)
WARNING: [GdPAI] ObjectRef(124621163998): object was freed before callback; returning Nil.
   at: gdplanningai_rust::logger::process_logs (src\logger.rs:66)
   GDScript backtrace (most recent call first):
       [0] _start_plan_and_wait (res://test/integration/test_campfire_example_smoke.gd:57)
WARNING: [GdPAI] ObjectRef(124134624705): object was freed before callback; returning Nil.
   at: gdplanningai_rust::logger::process_logs (src\logger.rs:66)
   GDScript backtrace (most recent call first):
       [0] _start_plan_and_wait (res://test/integration/test_campfire_example_smoke.gd:57)
WARNING: [GdPAI] ObjectRef(124134624705): object was freed before callback; returning Nil.
   at: gdplanningai_rust::logger::process_logs (src\logger.rs:66)
   GDScript backtrace (most recent call first):
       [0] _start_plan_and_wait (res://test/integration/test_campfire_example_smoke.gd:57)
[GdPAI | debug] ApplyEffect [Before] ID=InstanceId(-9223370802789864807): agent props = {"held_item": "", "at_target": null, "hunger": 70.0627442063492, "entity": null}
[GdPAI | debug] ApplyEffect [After] ID=InstanceId(-9223370802789864807): agent props = {"held_item": "", "at_target": null, "hunger": 70.0627442063492, "entity": null}
[GdPAI | debug]   Snapshotting prop: held_item = Str("") (Variant type: STRING)
[GdPAI | debug]   Snapshotting prop: at_target = Nil (Variant type: NIL)
[GdPAI | debug]   Snapshotting prop: hunger = Float(70.0627442063492) (Variant type: FLOAT)
[GdPAI | debug]   Snapshotting prop: entity = Nil (Variant type: NIL)
WARNING: [GdPAI] ObjectRef(124621163998): object was freed before callback; returning Nil.
   at: gdplanningai_rust::logger::process_logs (src\logger.rs:66)
   GDScript backtrace (most recent call first):
       [0] _process (res://addons/GdPlanningAI/gdpai_autoload.gd:21)
[GdPAI | debug] GetCost: callable returned non-numeric value: null; returning INFINITY
[GdPAI | debug] ApplyEffect [Before] ID=InstanceId(-9223370800910816558): agent props = {"held_item": "wood", "hunger": 20.067251249999998, "entity": VariantGd { id: 1028191686197, class: RigidBody2D }}
[GdPAI | debug] ApplyEffect [After] ID=InstanceId(-9223370800910816558): agent props = {"held_item": "", "hunger": 20.067251249999998, "entity": VariantGd { id: 1028191686197, class: RigidBody2D }}
[GdPAI | debug]   Snapshotting prop: held_item = Str("") (Variant type: STRING)
[GdPAI | debug]   Snapshotting prop: hunger = Float(20.067251249999998) (Variant type: FLOAT)
[GdPAI | debug]   Snapshotting prop: entity = ObjectRef(1028191686197) (Variant type: OBJECT)
WARNING: [GdPAI] ObjectRef(124621163998): object was freed before callback; returning Nil.
   at: gdplanningai_rust::logger::process_logs (src\logger.rs:66)
   GDScript backtrace (most recent call first):
       [0] _start_plan_and_wait (res://test/integration/test_campfire_example_smoke.gd:57)
[GdPAI | debug] ApplyEffect [Before] ID=InstanceId(-9223370800290059519): agent props = {"at_target": null, "hunger": 70.0627442063492, "held_item": "wood", "entity": null}
[GdPAI | debug] ApplyEffect [After] ID=InstanceId(-9223370800290059519): agent props = {"at_target": null, "hunger": 70.0627442063492, "held_item": "wood", "entity": null}
[GdPAI | debug]   Snapshotting prop: at_target = Nil (Variant type: NIL)
[GdPAI | debug]   Snapshotting prop: hunger = Float(70.0627442063492) (Variant type: FLOAT)
[GdPAI | debug]   Snapshotting prop: held_item = Str("wood") (Variant type: STRING)
[GdPAI | debug]   Snapshotting prop: entity = Nil (Variant type: NIL)
WARNING: [GdPAI] ObjectRef(124621163998): object was freed before callback; returning Nil.
   at: gdplanningai_rust::logger::process_logs (src\logger.rs:66)
   GDScript backtrace (most recent call first):
       [0] _process (res://addons/GdPlanningAI/gdpai_autoload.gd:21)
WARNING: [GdPAI] ObjectRef(124621163998): object was freed before callback; returning Nil.
   at: gdplanningai_rust::logger::process_logs (src\logger.rs:66)
   GDScript backtrace (most recent call first):
       [0] _process (res://addons/GdPlanningAI/gdpai_autoload.gd:21)
[GdPAI | debug] GetCost: callable returned non-numeric value: null; returning INFINITY
[GdPAI | debug] ApplyEffect [Before] ID=InstanceId(-9223370798511674642): agent props = {"held_item": "", "entity": VariantGd { id: 1028191686197, class: RigidBody2D }, "hunger": 20.067251249999998}
[GdPAI | debug] ApplyEffect [After] ID=InstanceId(-9223370798511674642): agent props = {"hunger": 20.067251249999998, "entity": VariantGd { id: 1028191686197, class: RigidBody2D }, "held_item": "wood"}
[GdPAI | debug]   Snapshotting prop: hunger = Float(20.067251249999998) (Variant type: FLOAT)
[GdPAI | debug]   Snapshotting prop: entity = ObjectRef(1028191686197) (Variant type: OBJECT)
[GdPAI | debug]   Snapshotting prop: held_item = Str("wood") (Variant type: STRING)
WARNING: [GdPAI] ObjectRef(124621163998): object was freed before callback; returning Nil.
   at: gdplanningai_rust::logger::process_logs (src\logger.rs:66)
   GDScript backtrace (most recent call first):
       [0] _start_plan_and_wait (res://test/integration/test_campfire_example_smoke.gd:57)
WARNING: [GdPAI] ObjectRef(124621163998): object was freed before callback; returning Nil.
   at: gdplanningai_rust::logger::process_logs (src\logger.rs:66)
   GDScript backtrace (most recent call first):
       [0] _start_plan_and_wait (res://test/integration/test_campfire_example_smoke.gd:57)
[GdPAI | debug] ApplyEffect [Before] ID=InstanceId(-9223370797840585987): agent props = {"held_item": "", "entity": null, "hunger": 70.0627442063492}
[GdPAI | debug] ApplyEffect [After] ID=InstanceId(-9223370797840585987): agent props = {"held_item": "", "entity": null, "hunger": 70.0627442063492}
[GdPAI | debug]   Snapshotting prop: held_item = Str("") (Variant type: STRING)
[GdPAI | debug]   Snapshotting prop: entity = Nil (Variant type: NIL)
[GdPAI | debug]   Snapshotting prop: hunger = Float(70.0627442063492) (Variant type: FLOAT)
WARNING: [GdPAI] ObjectRef(124621163998): object was freed before callback; returning Nil.
   at: gdplanningai_rust::logger::process_logs (src\logger.rs:66)
   GDScript backtrace (most recent call first):
       [0] _process (res://addons/GdPlanningAI/gdpai_autoload.gd:21)
[GdPAI | debug] GetCost: callable returned non-numeric value: null; returning INFINITY
[GdPAI | debug] ApplyEffect [Before] ID=InstanceId(-9223370796011869474): agent props = {"held_item": "wood", "entity": VariantGd { id: 1028191686197, class: RigidBody2D }, "hunger": 20.067251249999998}
[GdPAI | debug] ApplyEffect [After] ID=InstanceId(-9223370796011869474): agent props = {"held_item": "", "entity": VariantGd { id: 1028191686197, class: RigidBody2D }, "hunger": 20.067251249999998}
[GdPAI | debug]   Snapshotting prop: held_item = Str("") (Variant type: STRING)
[GdPAI | debug]   Snapshotting prop: entity = ObjectRef(1028191686197) (Variant type: OBJECT)
[GdPAI | debug]   Snapshotting prop: hunger = Float(20.067251249999998) (Variant type: FLOAT)
WARNING: [GdPAI] ObjectRef(124621163998): object was freed before callback; returning Nil.
   at: gdplanningai_rust::logger::process_logs (src\logger.rs:66)
   GDScript backtrace (most recent call first):
       [0] _start_plan_and_wait (res://test/integration/test_campfire_example_smoke.gd:57)
[GdPAI | debug] ApplyEffect [Before] ID=InstanceId(-9223370795391112441): agent props = {"hunger": 70.0627442063492, "held_item": "", "entity": null}
[GdPAI | debug] ApplyEffect [After] ID=InstanceId(-9223370795391112441): agent props = {"hunger": 70.0627442063492, "held_item": "", "entity": null}
[GdPAI | debug]   Snapshotting prop: hunger = Float(70.0627442063492) (Variant type: FLOAT)
[GdPAI | debug]   Snapshotting prop: held_item = Str("") (Variant type: STRING)
[GdPAI | debug]   Snapshotting prop: entity = Nil (Variant type: NIL)
WARNING: [GdPAI] ObjectRef(124621163998): object was freed before callback; returning Nil.
   at: gdplanningai_rust::logger::process_logs (src\logger.rs:66)
   GDScript backtrace (most recent call first):
       [0] _process (res://addons/GdPlanningAI/gdpai_autoload.gd:21)
[GdPAI | debug] GetCost: callable returned non-numeric value: null; returning INFINITY
[GdPAI | debug] ApplyEffect [Before] ID=InstanceId(-9223370793612727581): agent props = {"entity": VariantGd { id: 1028191686197, class: RigidBody2D }, "hunger": 20.067251249999998, "held_item": ""}
[GdPAI | debug] ApplyEffect [After] ID=InstanceId(-9223370793612727581): agent props = {"held_item": "wood", "entity": VariantGd { id: 1028191686197, class: RigidBody2D }, "hunger": 20.067251249999998}
[GdPAI | debug]   Snapshotting prop: held_item = Str("wood") (Variant type: STRING)
[GdPAI | debug]   Snapshotting prop: entity = ObjectRef(1028191686197) (Variant type: OBJECT)
[GdPAI | debug]   Snapshotting prop: hunger = Float(20.067251249999998) (Variant type: FLOAT)
WARNING: [GdPAI] ObjectRef(124621163998): object was freed before callback; returning Nil.
   at: gdplanningai_rust::logger::process_logs (src\logger.rs:66)
   GDScript backtrace (most recent call first):
       [0] _start_plan_and_wait (res://test/integration/test_campfire_example_smoke.gd:57)
[GdPAI | debug] ApplyEffect [Before] ID=InstanceId(-9223370792991970535): agent props = {"hunger": 70.0627442063492, "entity": null, "held_item": ""}
[GdPAI | debug] ApplyEffect [After] ID=InstanceId(-9223370792991970535): agent props = {"hunger": 70.0627442063492, "entity": null, "held_item": ""}
[GdPAI | debug]   Snapshotting prop: hunger = Float(70.0627442063492) (Variant type: FLOAT)
[GdPAI | debug]   Snapshotting prop: entity = Nil (Variant type: NIL)
[GdPAI | debug]   Snapshotting prop: held_item = Str("") (Variant type: STRING)
WARNING: [GdPAI] ObjectRef(124621163998): object was freed before callback; returning Nil.
   at: gdplanningai_rust::logger::process_logs (src\logger.rs:66)
   GDScript backtrace (most recent call first):
       [0] _process (res://addons/GdPlanningAI/gdpai_autoload.gd:21)
[GdPAI | debug] GetCost: callable returned non-numeric value: null; returning INFINITY
[GdPAI | debug] ApplyEffect [Before] ID=InstanceId(-9223370791213585662): agent props = {"held_item": "wood", "hunger": 20.067251249999998, "entity": VariantGd { id: 1028191686197, class: RigidBody2D }}
[GdPAI | debug] ApplyEffect [After] ID=InstanceId(-9223370791213585662): agent props = {"held_item": "", "hunger": 20.067251249999998, "entity": VariantGd { id: 1028191686197, class: RigidBody2D }}
[GdPAI | debug]   Snapshotting prop: held_item = Str("") (Variant type: STRING)
[GdPAI | debug]   Snapshotting prop: hunger = Float(20.067251249999998) (Variant type: FLOAT)
[GdPAI | debug]   Snapshotting prop: entity = ObjectRef(1028191686197) (Variant type: OBJECT)
[GdPAI] A* Iteration: pop node with chain length 2
[GdPAI | debug] find_candidates: Checking 15 actions against 0 preconds and 2 requirements
WARNING: [GdPAI] ObjectRef(124621163998): object was freed before callback; returning Nil.
   at: gdplanningai_rust::logger::process_logs (src\logger.rs:66)
   GDScript backtrace (most recent call first):
       [0] _start_plan_and_wait (res://test/integration/test_campfire_example_smoke.gd:57)
[GdPAI | debug] ApplyEffect [Before] ID=InstanceId(-9223370790592828657): agent props = {"hunger": 70.0627442063492, "held_item": "wood", "entity": null}
[GdPAI | debug] ApplyEffect [After] ID=InstanceId(-9223370790592828657): agent props = {"hunger": 70.0627442063492, "held_item": "wood", "entity": null}
[GdPAI | debug]   Snapshotting prop: hunger = Float(70.0627442063492) (Variant type: FLOAT)
[GdPAI | debug]   Snapshotting prop: held_item = Str("wood") (Variant type: STRING)
[GdPAI | debug]   Snapshotting prop: entity = Nil (Variant type: NIL)
[GdPAI | debug] Found candidate: Go To (satisfied preconds: [], requirements: [0, 1])
WARNING: [GdPAI] ObjectRef(124621163998): object was freed before callback; returning Nil.
   at: gdplanningai_rust::logger::process_logs (src\logger.rs:66)
   GDScript backtrace (most recent call first):
       [0] _process (res://addons/GdPlanningAI/gdpai_autoload.gd:21)
WARNING: [GdPAI] ObjectRef(124621163998): object was freed before callback; returning Nil.
   at: gdplanningai_rust::logger::process_logs (src\logger.rs:66)
   GDScript backtrace (most recent call first):
       [0] _process (res://addons/GdPlanningAI/gdpai_autoload.gd:21)
[GdPAI | debug] GetCost: callable returned non-numeric value: null; returning INFINITY
[GdPAI | debug] Found candidate: Go To (satisfied preconds: [], requirements: [0, 1])
WARNING: [GdPAI] ObjectRef(124621163998): object was freed before callback; returning Nil.
   at: gdplanningai_rust::logger::process_logs (src\logger.rs:66)
   GDScript backtrace (most recent call first):
       [0] _start_plan_and_wait (res://test/integration/test_campfire_example_smoke.gd:57)
WARNING: [GdPAI] ObjectRef(124621163998): object was freed before callback; returning Nil.
   at: gdplanningai_rust::logger::process_logs (src\logger.rs:66)
   GDScript backtrace (most recent call first):
       [0] _start_plan_and_wait (res://test/integration/test_campfire_example_smoke.gd:57)
[GdPAI | debug] ApplyEffect [Before] ID=InstanceId(-9223370788143355133): agent props = {"held_item": "", "hunger": 70.0627442063492, "entity": null}
[GdPAI | debug] ApplyEffect [After] ID=InstanceId(-9223370788143355133): agent props = {"held_item": "", "hunger": 70.0627442063492, "entity": null}
[GdPAI | debug]   Snapshotting prop: held_item = Str("") (Variant type: STRING)
[GdPAI | debug]   Snapshotting prop: hunger = Float(70.0627442063492) (Variant type: FLOAT)
[GdPAI | debug]   Snapshotting prop: entity = Nil (Variant type: NIL)
WARNING: [GdPAI] ObjectRef(124621163998): object was freed before callback; returning Nil.
   at: gdplanningai_rust::logger::process_logs (src\logger.rs:66)
   GDScript backtrace (most recent call first):
       [0] _process (res://addons/GdPlanningAI/gdpai_autoload.gd:21)
[GdPAI | debug] GetCost: callable returned non-numeric value: null; returning INFINITY
WARNING: [GdPAI] ObjectRef(124621163998): object was freed before callback; returning Nil.
   at: gdplanningai_rust::logger::process_logs (src\logger.rs:66)
   GDScript backtrace (most recent call first):
       [0] _start_plan_and_wait (res://test/integration/test_campfire_example_smoke.gd:57)
[GdPAI | debug] ApplyEffect [Before] ID=InstanceId(-9223370785693881561): agent props = {"hunger": 70.0627442063492, "held_item": "", "entity": null}
[GdPAI | debug] ApplyEffect [After] ID=InstanceId(-9223370785693881561): agent props = {"hunger": 70.0627442063492, "held_item": "", "entity": null}
[GdPAI | debug]   Snapshotting prop: hunger = Float(70.0627442063492) (Variant type: FLOAT)
[GdPAI | debug]   Snapshotting prop: held_item = Str("") (Variant type: STRING)
[GdPAI | debug]   Snapshotting prop: entity = Nil (Variant type: NIL)
WARNING: [GdPAI] ObjectRef(124621163998): object was freed before callback; returning Nil.
   at: gdplanningai_rust::logger::process_logs (src\logger.rs:66)
   GDScript backtrace (most recent call first):
       [0] _process (res://addons/GdPlanningAI/gdpai_autoload.gd:21)
[GdPAI | debug] GetCost: callable returned non-numeric value: null; returning INFINITY
WARNING: [GdPAI] ObjectRef(124621163998): object was freed before callback; returning Nil.
   at: gdplanningai_rust::logger::process_logs (src\logger.rs:66)
   GDScript backtrace (most recent call first):
       [0] _start_plan_and_wait (res://test/integration/test_campfire_example_smoke.gd:57)
[GdPAI | debug] ApplyEffect [Before] ID=InstanceId(-9223370783294739677): agent props = {"entity": null, "hunger": 70.0627442063492, "held_item": ""}
[GdPAI | debug] ApplyEffect [After] ID=InstanceId(-9223370783294739677): agent props = {"entity": null, "hunger": 70.0627442063492, "held_item": ""}
[GdPAI | debug]   Snapshotting prop: entity = Nil (Variant type: NIL)
[GdPAI | debug]   Snapshotting prop: hunger = Float(70.0627442063492) (Variant type: FLOAT)
[GdPAI | debug]   Snapshotting prop: held_item = Str("") (Variant type: STRING)
WARNING: [GdPAI] ObjectRef(124621163998): object was freed before callback; returning Nil.
   at: gdplanningai_rust::logger::process_logs (src\logger.rs:66)
   GDScript backtrace (most recent call first):
       [0] _process (res://addons/GdPlanningAI/gdpai_autoload.gd:21)
[GdPAI | debug] GetCost: callable returned non-numeric value: null; returning INFINITY
WARNING: [GdPAI] ObjectRef(124621163998): object was freed before callback; returning Nil.
   at: gdplanningai_rust::logger::process_logs (src\logger.rs:66)
   GDScript backtrace (most recent call first):
       [0] _start_plan_and_wait (res://test/integration/test_campfire_example_smoke.gd:57)
[GdPAI | debug] ApplyEffect [Before] ID=InstanceId(-9223370780895597816): agent props = {"entity": null, "hunger": 70.0627442063492, "held_item": "wood"}
[GdPAI | debug] ApplyEffect [After] ID=InstanceId(-9223370780895597816): agent props = {"entity": null, "hunger": 70.0627442063492, "held_item": "wood"}
[GdPAI | debug]   Snapshotting prop: entity = Nil (Variant type: NIL)
[GdPAI | debug]   Snapshotting prop: hunger = Float(70.0627442063492) (Variant type: FLOAT)
[GdPAI | debug]   Snapshotting prop: held_item = Str("wood") (Variant type: STRING)
WARNING: [GdPAI] ObjectRef(124621163998): object was freed before callback; returning Nil.
   at: gdplanningai_rust::logger::process_logs (src\logger.rs:66)
   GDScript backtrace (most recent call first):
       [0] _process (res://addons/GdPlanningAI/gdpai_autoload.gd:21)
WARNING: [GdPAI] ObjectRef(124621163998): object was freed before callback; returning Nil.
   at: gdplanningai_rust::logger::process_logs (src\logger.rs:66)
   GDScript backtrace (most recent call first):
       [0] _process (res://addons/GdPlanningAI/gdpai_autoload.gd:21)
[GdPAI | debug] GetCost: callable returned non-numeric value: null; returning INFINITY
WARNING: [GdPAI] ObjectRef(124621163998): object was freed before callback; returning Nil.
   at: gdplanningai_rust::logger::process_logs (src\logger.rs:66)
   GDScript backtrace (most recent call first):
       [0] _start_plan_and_wait (res://test/integration/test_campfire_example_smoke.gd:57)
WARNING: [GdPAI] ObjectRef(124621163998): object was freed before callback; returning Nil.
   at: gdplanningai_rust::logger::process_logs (src\logger.rs:66)
   GDScript backtrace (most recent call first):
       [0] _start_plan_and_wait (res://test/integration/test_campfire_example_smoke.gd:57)
[GdPAI | debug] ApplyEffect [Before] ID=InstanceId(-9223370778446124229): agent props = {"hunger": 70.0627442063492, "entity": null, "held_item": ""}
[GdPAI | debug] ApplyEffect [After] ID=InstanceId(-9223370778446124229): agent props = {"hunger": 70.0627442063492, "entity": null, "held_item": ""}
[GdPAI | debug]   Snapshotting prop: hunger = Float(70.0627442063492) (Variant type: FLOAT)
[GdPAI | debug]   Snapshotting prop: entity = Nil (Variant type: NIL)
[GdPAI | debug]   Snapshotting prop: held_item = Str("") (Variant type: STRING)
WARNING: [GdPAI] ObjectRef(124621163998): object was freed before callback; returning Nil.
   at: gdplanningai_rust::logger::process_logs (src\logger.rs:66)
   GDScript backtrace (most recent call first):
       [0] _process (res://addons/GdPlanningAI/gdpai_autoload.gd:21)
[GdPAI | debug] GetCost: callable returned non-numeric value: null; returning INFINITY
WARNING: [GdPAI] ObjectRef(124621163998): object was freed before callback; returning Nil.
   at: gdplanningai_rust::logger::process_logs (src\logger.rs:66)
   GDScript backtrace (most recent call first):
       [0] _start_plan_and_wait (res://test/integration/test_campfire_example_smoke.gd:57)
[GdPAI | debug] ApplyEffect [Before] ID=InstanceId(-9223370775996650701): agent props = {"entity": null, "hunger": 70.0627442063492, "held_item": ""}
[GdPAI | debug] ApplyEffect [After] ID=InstanceId(-9223370775996650701): agent props = {"entity": null, "hunger": 70.0627442063492, "held_item": ""}
[GdPAI | debug]   Snapshotting prop: entity = Nil (Variant type: NIL)
[GdPAI | debug]   Snapshotting prop: hunger = Float(70.0627442063492) (Variant type: FLOAT)
[GdPAI | debug]   Snapshotting prop: held_item = Str("") (Variant type: STRING)
WARNING: [GdPAI] ObjectRef(124621163998): object was freed before callback; returning Nil.
   at: gdplanningai_rust::logger::process_logs (src\logger.rs:66)
   GDScript backtrace (most recent call first):
       [0] _process (res://addons/GdPlanningAI/gdpai_autoload.gd:21)
[GdPAI | debug] GetCost: callable returned non-numeric value: null; returning INFINITY
WARNING: [GdPAI] ObjectRef(124621163998): object was freed before callback; returning Nil.
   at: gdplanningai_rust::logger::process_logs (src\logger.rs:66)
   GDScript backtrace (most recent call first):
       [0] _start_plan_and_wait (res://test/integration/test_campfire_example_smoke.gd:57)
[GdPAI | debug] ApplyEffect [Before] ID=InstanceId(-9223370773597508790): agent props = {"entity": null, "hunger": 70.0627442063492, "held_item": ""}
[GdPAI | debug] ApplyEffect [After] ID=InstanceId(-9223370773597508790): agent props = {"entity": null, "hunger": 70.0627442063492, "held_item": ""}
[GdPAI | debug]   Snapshotting prop: entity = Nil (Variant type: NIL)
[GdPAI | debug]   Snapshotting prop: hunger = Float(70.0627442063492) (Variant type: FLOAT)
[GdPAI | debug]   Snapshotting prop: held_item = Str("") (Variant type: STRING)
WARNING: [GdPAI] ObjectRef(124621163998): object was freed before callback; returning Nil.
   at: gdplanningai_rust::logger::process_logs (src\logger.rs:66)
   GDScript backtrace (most recent call first):
       [0] _process (res://addons/GdPlanningAI/gdpai_autoload.gd:21)
[GdPAI | debug] GetCost: callable returned non-numeric value: null; returning INFINITY
WARNING: [GdPAI] ObjectRef(124621163998): object was freed before callback; returning Nil.
   at: gdplanningai_rust::logger::process_logs (src\logger.rs:66)
   GDScript backtrace (most recent call first):
       [0] _start_plan_and_wait (res://test/integration/test_campfire_example_smoke.gd:57)
[GdPAI | debug] ApplyEffect [Before] ID=InstanceId(-9223370771198366948): agent props = {"held_item": "wood", "entity": null, "hunger": 70.0627442063492}
[GdPAI | debug] ApplyEffect [After] ID=InstanceId(-9223370771198366948): agent props = {"held_item": "wood", "entity": null, "hunger": 70.0627442063492}
[GdPAI | debug]   Snapshotting prop: held_item = Str("wood") (Variant type: STRING)
[GdPAI | debug]   Snapshotting prop: entity = Nil (Variant type: NIL)
[GdPAI | debug]   Snapshotting prop: hunger = Float(70.0627442063492) (Variant type: FLOAT)
WARNING: [GdPAI] ObjectRef(124621163998): object was freed before callback; returning Nil.
   at: gdplanningai_rust::logger::process_logs (src\logger.rs:66)
   GDScript backtrace (most recent call first):
       [0] _process (res://addons/GdPlanningAI/gdpai_autoload.gd:21)
WARNING: [GdPAI] ObjectRef(124621163998): object was freed before callback; returning Nil.
   at: gdplanningai_rust::logger::process_logs (src\logger.rs:66)
   GDScript backtrace (most recent call first):
       [0] _process (res://addons/GdPlanningAI/gdpai_autoload.gd:21)
[GdPAI | debug] GetCost: callable returned non-numeric value: null; returning INFINITY
WARNING: [GdPAI] ObjectRef(124621163998): object was freed before callback; returning Nil.
   at: gdplanningai_rust::logger::process_logs (src\logger.rs:66)
   GDScript backtrace (most recent call first):
       [0] _start_plan_and_wait (res://test/integration/test_campfire_example_smoke.gd:57)
WARNING: [GdPAI] ObjectRef(124621163998): object was freed before callback; returning Nil.
   at: gdplanningai_rust::logger::process_logs (src\logger.rs:66)
   GDScript backtrace (most recent call first):
       [0] _start_plan_and_wait (res://test/integration/test_campfire_example_smoke.gd:57)
[GdPAI | debug] ApplyEffect [Before] ID=InstanceId(-9223370768748893382): agent props = {"hunger": 70.0627442063492, "entity": null, "held_item": ""}
[GdPAI | debug] ApplyEffect [After] ID=InstanceId(-9223370768748893382): agent props = {"hunger": 70.0627442063492, "entity": null, "held_item": ""}
[GdPAI | debug]   Snapshotting prop: hunger = Float(70.0627442063492) (Variant type: FLOAT)
[GdPAI | debug]   Snapshotting prop: entity = Nil (Variant type: NIL)
[GdPAI | debug]   Snapshotting prop: held_item = Str("") (Variant type: STRING)
WARNING: [GdPAI] ObjectRef(124621163998): object was freed before callback; returning Nil.
   at: gdplanningai_rust::logger::process_logs (src\logger.rs:66)
   GDScript backtrace (most recent call first):
       [0] _process (res://addons/GdPlanningAI/gdpai_autoload.gd:21)
[GdPAI | debug] GetCost: callable returned non-numeric value: null; returning INFINITY
WARNING: [GdPAI] ObjectRef(124621163998): object was freed before callback; returning Nil.
   at: gdplanningai_rust::logger::process_logs (src\logger.rs:66)
   GDScript backtrace (most recent call first):
       [0] _start_plan_and_wait (res://test/integration/test_campfire_example_smoke.gd:57)
[GdPAI | debug] ApplyEffect [Before] ID=InstanceId(-9223370766299419833): agent props = {"hunger": 70.0627442063492, "held_item": "", "entity": null}
[GdPAI | debug] ApplyEffect [After] ID=InstanceId(-9223370766299419833): agent props = {"hunger": 70.0627442063492, "held_item": "", "entity": null}
[GdPAI | debug]   Snapshotting prop: hunger = Float(70.0627442063492) (Variant type: FLOAT)
[GdPAI | debug]   Snapshotting prop: held_item = Str("") (Variant type: STRING)
[GdPAI | debug]   Snapshotting prop: entity = Nil (Variant type: NIL)
WARNING: [GdPAI] ObjectRef(124621163998): object was freed before callback; returning Nil.
   at: gdplanningai_rust::logger::process_logs (src\logger.rs:66)
   GDScript backtrace (most recent call first):
       [0] _process (res://addons/GdPlanningAI/gdpai_autoload.gd:21)
[GdPAI | debug] GetCost: callable returned non-numeric value: null; returning INFINITY
WARNING: [GdPAI] ObjectRef(124621163998): object was freed before callback; returning Nil.
   at: gdplanningai_rust::logger::process_logs (src\logger.rs:66)
   GDScript backtrace (most recent call first):
       [0] _start_plan_and_wait (res://test/integration/test_campfire_example_smoke.gd:57)
[GdPAI | debug] ApplyEffect [Before] ID=InstanceId(-9223370763900277909): agent props = {"held_item": "", "hunger": 70.0627442063492, "entity": null}
[GdPAI | debug] ApplyEffect [After] ID=InstanceId(-9223370763900277909): agent props = {"held_item": "", "hunger": 70.0627442063492, "entity": null}
[GdPAI | debug]   Snapshotting prop: held_item = Str("") (Variant type: STRING)
[GdPAI | debug]   Snapshotting prop: hunger = Float(70.0627442063492) (Variant type: FLOAT)
[GdPAI | debug]   Snapshotting prop: entity = Nil (Variant type: NIL)
WARNING: [GdPAI] ObjectRef(124621163998): object was freed before callback; returning Nil.
   at: gdplanningai_rust::logger::process_logs (src\logger.rs:66)
   GDScript backtrace (most recent call first):
       [0] _process (res://addons/GdPlanningAI/gdpai_autoload.gd:21)
[GdPAI | debug] GetCost: callable returned non-numeric value: null; returning INFINITY
WARNING: [GdPAI] ObjectRef(124621163998): object was freed before callback; returning Nil.
   at: gdplanningai_rust::logger::process_logs (src\logger.rs:66)
   GDScript backtrace (most recent call first):
       [0] _start_plan_and_wait (res://test/integration/test_campfire_example_smoke.gd:57)
[GdPAI | debug] ApplyEffect [Before] ID=InstanceId(-9223370761501136016): agent props = {"held_item": "wood", "hunger": 70.0627442063492, "entity": null}
[GdPAI | debug] ApplyEffect [After] ID=InstanceId(-9223370761501136016): agent props = {"held_item": "wood", "hunger": 70.0627442063492, "entity": null}
[GdPAI | debug]   Snapshotting prop: held_item = Str("wood") (Variant type: STRING)
[GdPAI | debug]   Snapshotting prop: hunger = Float(70.0627442063492) (Variant type: FLOAT)
[GdPAI | debug]   Snapshotting prop: entity = Nil (Variant type: NIL)
WARNING: [GdPAI] ObjectRef(124621163998): object was freed before callback; returning Nil.
   at: gdplanningai_rust::logger::process_logs (src\logger.rs:66)
   GDScript backtrace (most recent call first):
       [0] _process (res://addons/GdPlanningAI/gdpai_autoload.gd:21)
WARNING: [GdPAI] ObjectRef(124621163998): object was freed before callback; returning Nil.
   at: gdplanningai_rust::logger::process_logs (src\logger.rs:66)
   GDScript backtrace (most recent call first):
       [0] _process (res://addons/GdPlanningAI/gdpai_autoload.gd:21)
[GdPAI | debug] GetCost: callable returned non-numeric value: null; returning INFINITY
WARNING: [GdPAI] ObjectRef(124621163998): object was freed before callback; returning Nil.
   at: gdplanningai_rust::logger::process_logs (src\logger.rs:66)
   GDScript backtrace (most recent call first):
       [0] _start_plan_and_wait (res://test/integration/test_campfire_example_smoke.gd:57)
WARNING: [GdPAI] ObjectRef(124621163998): object was freed before callback; returning Nil.
   at: gdplanningai_rust::logger::process_logs (src\logger.rs:66)
   GDScript backtrace (most recent call first):
       [0] _start_plan_and_wait (res://test/integration/test_campfire_example_smoke.gd:57)
[GdPAI | debug] ApplyEffect [Before] ID=InstanceId(-9223370759051662473): agent props = {"held_item": "", "entity": null, "hunger": 70.0627442063492}
[GdPAI | debug] ApplyEffect [After] ID=InstanceId(-9223370759051662473): agent props = {"held_item": "", "entity": null, "hunger": 70.0627442063492}
[GdPAI | debug]   Snapshotting prop: held_item = Str("") (Variant type: STRING)
[GdPAI | debug]   Snapshotting prop: entity = Nil (Variant type: NIL)
[GdPAI | debug]   Snapshotting prop: hunger = Float(70.0627442063492) (Variant type: FLOAT)
[GdPAI | debug] ApplyEffect [Before] ID=InstanceId(-9223370758481237129): agent props = {"entity": VariantGd { id: 1028191686197, class: RigidBody2D }, "hunger": 20.067251249999998, "held_item": "", "at_target": VariantGd { id: 1027705147152, class: Node }}
[GdPAI | debug] ApplyEffect [After] ID=InstanceId(-9223370758481237129): agent props = {"entity": VariantGd { id: 1028191686197, class: RigidBody2D }, "hunger": 20.067251249999998, "held_item": "", "at_target": VariantGd { id: 1027705147152, class: Node }}
[GdPAI | debug]   Snapshotting prop: entity = ObjectRef(1028191686197) (Variant type: OBJECT)
[GdPAI | debug]   Snapshotting prop: hunger = Float(20.067251249999998) (Variant type: FLOAT)
[GdPAI | debug]   Snapshotting prop: held_item = Str("") (Variant type: STRING)
[GdPAI | debug]   Snapshotting prop: at_target = ObjectRef(1027705147152) (Variant type: OBJECT)
WARNING: [GdPAI] ObjectRef(124621163998): object was freed before callback; returning Nil.
   at: gdplanningai_rust::logger::process_logs (src\logger.rs:66)
   GDScript backtrace (most recent call first):
       [0] _process (res://addons/GdPlanningAI/gdpai_autoload.gd:21)
[GdPAI | debug] GetCost: callable returned non-numeric value: null; returning INFINITY
WARNING: [GdPAI] ObjectRef(124621163998): object was freed before callback; returning Nil.
   at: gdplanningai_rust::logger::process_logs (src\logger.rs:66)
   GDScript backtrace (most recent call first):
       [0] _start_plan_and_wait (res://test/integration/test_campfire_example_smoke.gd:57)
[GdPAI | debug] ApplyEffect [Before] ID=InstanceId(-9223370756602188973): agent props = {"hunger": 70.0627442063492, "entity": null, "held_item": ""}
[GdPAI | debug] ApplyEffect [After] ID=InstanceId(-9223370756602188973): agent props = {"hunger": 70.0627442063492, "entity": null, "held_item": ""}
[GdPAI | debug]   Snapshotting prop: hunger = Float(70.0627442063492) (Variant type: FLOAT)
[GdPAI | debug]   Snapshotting prop: entity = Nil (Variant type: NIL)
[GdPAI | debug]   Snapshotting prop: held_item = Str("") (Variant type: STRING)
[GdPAI | debug] ApplyEffect [Before] ID=InstanceId(-9223370756031763629): agent props = {"at_target": VariantGd { id: 1027705147152, class: Node }, "held_item": "", "entity": VariantGd { id: 1028191686197, class: RigidBody2D }, "hunger": 20.067251249999998}
[GdPAI | debug] ApplyEffect [After] ID=InstanceId(-9223370756031763629): agent props = {"at_target": VariantGd { id: 1027705147152, class: Node }, "held_item": "wood", "entity": VariantGd { id: 1028191686197, class: RigidBody2D }, "hunger": 20.067251249999998}
[GdPAI | debug]   Snapshotting prop: at_target = ObjectRef(1027705147152) (Variant type: OBJECT)
[GdPAI | debug]   Snapshotting prop: held_item = Str("wood") (Variant type: STRING)
[GdPAI | debug]   Snapshotting prop: entity = ObjectRef(1028191686197) (Variant type: OBJECT)
[GdPAI | debug]   Snapshotting prop: hunger = Float(20.067251249999998) (Variant type: FLOAT)
WARNING: [GdPAI] ObjectRef(124621163998): object was freed before callback; returning Nil.
   at: gdplanningai_rust::logger::process_logs (src\logger.rs:66)
   GDScript backtrace (most recent call first):
       [0] _process (res://addons/GdPlanningAI/gdpai_autoload.gd:21)
[GdPAI | debug] GetCost: callable returned non-numeric value: null; returning INFINITY
WARNING: [GdPAI] ObjectRef(124621163998): object was freed before callback; returning Nil.
   at: gdplanningai_rust::logger::process_logs (src\logger.rs:66)
   GDScript backtrace (most recent call first):
       [0] _start_plan_and_wait (res://test/integration/test_campfire_example_smoke.gd:57)
[GdPAI | debug] ApplyEffect [Before] ID=InstanceId(-9223370754203047051): agent props = {"held_item": "", "hunger": 70.0627442063492, "entity": null}
[GdPAI | debug] ApplyEffect [After] ID=InstanceId(-9223370754203047051): agent props = {"held_item": "", "hunger": 70.0627442063492, "entity": null}
[GdPAI | debug]   Snapshotting prop: held_item = Str("") (Variant type: STRING)
[GdPAI | debug]   Snapshotting prop: hunger = Float(70.0627442063492) (Variant type: FLOAT)
[GdPAI | debug]   Snapshotting prop: entity = Nil (Variant type: NIL)
[GdPAI | debug] ApplyEffect [Before] ID=InstanceId(-9223370753632621707): agent props = {"at_target": VariantGd { id: 1027554152212, class: Node }, "hunger": 20.067251249999998, "held_item": "wood", "entity": VariantGd { id: 1028191686197, class: RigidBody2D }}
[GdPAI | debug] ApplyEffect [After] ID=InstanceId(-9223370753632621707): agent props = {"at_target": VariantGd { id: 1027554152212, class: Node }, "hunger": 20.067251249999998, "held_item": "", "entity": VariantGd { id: 1028191686197, class: RigidBody2D }}
[GdPAI | debug]   Snapshotting prop: at_target = ObjectRef(1027554152212) (Variant type: OBJECT)
[GdPAI | debug]   Snapshotting prop: hunger = Float(20.067251249999998) (Variant type: FLOAT)
[GdPAI | debug]   Snapshotting prop: held_item = Str("") (Variant type: STRING)
[GdPAI | debug]   Snapshotting prop: entity = ObjectRef(1028191686197) (Variant type: OBJECT)
WARNING: [GdPAI] ObjectRef(124621163998): object was freed before callback; returning Nil.
   at: gdplanningai_rust::logger::process_logs (src\logger.rs:66)
   GDScript backtrace (most recent call first):
       [0] _process (res://addons/GdPlanningAI/gdpai_autoload.gd:21)
[GdPAI | debug] GetCost: callable returned non-numeric value: null; returning INFINITY
WARNING: [GdPAI] ObjectRef(124621163998): object was freed before callback; returning Nil.
   at: gdplanningai_rust::logger::process_logs (src\logger.rs:66)
   GDScript backtrace (most recent call first):
       [0] _start_plan_and_wait (res://test/integration/test_campfire_example_smoke.gd:57)
[GdPAI | debug] ApplyEffect [Before] ID=InstanceId(-9223370751803905142): agent props = {"hunger": 70.0627442063492, "held_item": "wood", "entity": null}
[GdPAI | debug] ApplyEffect [After] ID=InstanceId(-9223370751803905142): agent props = {"hunger": 70.0627442063492, "held_item": "wood", "entity": null}
[GdPAI | debug]   Snapshotting prop: hunger = Float(70.0627442063492) (Variant type: FLOAT)
[GdPAI | debug]   Snapshotting prop: held_item = Str("wood") (Variant type: STRING)
[GdPAI | debug]   Snapshotting prop: entity = Nil (Variant type: NIL)
[GdPAI | debug] ApplyEffect [Before] ID=InstanceId(-9223370751233479798): agent props = {"entity": VariantGd { id: 1028191686197, class: RigidBody2D }, "held_item": "", "hunger": 20.067251249999998, "at_target": VariantGd { id: 1027705147152, class: Node }}
[GdPAI | debug] ApplyEffect [After] ID=InstanceId(-9223370751233479798): agent props = {"entity": VariantGd { id: 1028191686197, class: RigidBody2D }, "held_item": "", "hunger": 20.067251249999998, "at_target": VariantGd { id: 1027705147152, class: Node }}
[GdPAI | debug]   Snapshotting prop: entity = ObjectRef(1028191686197) (Variant type: OBJECT)
[GdPAI | debug]   Snapshotting prop: held_item = Str("") (Variant type: STRING)
[GdPAI | debug]   Snapshotting prop: hunger = Float(20.067251249999998) (Variant type: FLOAT)
[GdPAI | debug]   Snapshotting prop: at_target = ObjectRef(1027705147152) (Variant type: OBJECT)
[GdPAI] A* Iteration: pop node with chain length 3
[GdPAI | debug] find_candidates: Checking 15 actions against 1 preconds and 2 requirements
WARNING: [GdPAI] ObjectRef(124621163998): object was freed before callback; returning Nil.
   at: gdplanningai_rust::logger::process_logs (src\logger.rs:66)
   GDScript backtrace (most recent call first):
       [0] _process (res://addons/GdPlanningAI/gdpai_autoload.gd:21)
WARNING: [GdPAI] ObjectRef(124621163998): object was freed before callback; returning Nil.
   at: gdplanningai_rust::logger::process_logs (src\logger.rs:66)
   GDScript backtrace (most recent call first):
       [0] _process (res://addons/GdPlanningAI/gdpai_autoload.gd:21)
[GdPAI | debug] Discovery: Starting simulation for action Go To
WARNING: [GdPAI] ObjectRef(124621163998): object was freed before callback; returning Nil.
   at: gdplanningai_rust::logger::process_logs (src\logger.rs:66)
   GDScript backtrace (most recent call first):
       [0] _start_plan_and_wait (res://test/integration/test_campfire_example_smoke.gd:57)
WARNING: [GdPAI] ObjectRef(124621163998): object was freed before callback; returning Nil.
   at: gdplanningai_rust::logger::process_logs (src\logger.rs:66)
   GDScript backtrace (most recent call first):
       [0] _start_plan_and_wait (res://test/integration/test_campfire_example_smoke.gd:57)
[GdPAI | debug] GetCost: callable returned non-numeric value: null; returning INFINITY
[GdPAI | debug] ApplyEffect [Before] ID=InstanceId(-9223370748784006255): agent props = {"at_target": VariantGd { id: 1027705147152, class: Node }, "entity": VariantGd { id: 1028191686197, class: RigidBody2D }, "held_item": "", "hunger": 20.067251249999998}
[GdPAI | debug] ApplyEffect [After] ID=InstanceId(-9223370748784006255): agent props = {"at_target": VariantGd { id: 1027705147152, class: Node }, "entity": VariantGd { id: 1028191686197, class: RigidBody2D }, "held_item": "wood", "hunger": 20.067251249999998}
[GdPAI | debug]   Snapshotting prop: at_target = ObjectRef(1027705147152) (Variant type: OBJECT)
[GdPAI | debug]   Snapshotting prop: entity = ObjectRef(1028191686197) (Variant type: OBJECT)
[GdPAI | debug]   Snapshotting prop: held_item = Str("wood") (Variant type: STRING)
[GdPAI | debug]   Snapshotting prop: hunger = Float(20.067251249999998) (Variant type: FLOAT)
WARNING: [GdPAI] ObjectRef(124621163998): object was freed before callback; returning Nil.
   at: gdplanningai_rust::logger::process_logs (src\logger.rs:66)
   GDScript backtrace (most recent call first):
       [0] _process (res://addons/GdPlanningAI/gdpai_autoload.gd:21)
WARNING: [GdPAI] ObjectRef(124621163998): object was freed before callback; returning Nil.
   at: gdplanningai_rust::logger::process_logs (src\logger.rs:66)
   GDScript backtrace (most recent call first):
       [0] _process (res://addons/GdPlanningAI/gdpai_autoload.gd:21)
[GdPAI | debug] ApplyEffect [Before] ID=InstanceId(-9223370748096140411): agent props = {"held_item": "", "hunger": 70.0627442063492, "entity": null}
[GdPAI | debug] ApplyEffect [After] ID=InstanceId(-9223370748096140411): agent props = {"held_item": "", "hunger": 70.0627442063492, "entity": null}
[GdPAI | debug]   Snapshotting prop: held_item = Str("") (Variant type: STRING)
[GdPAI | debug]   Snapshotting prop: hunger = Float(70.0627442063492) (Variant type: FLOAT)
[GdPAI | debug]   Snapshotting prop: entity = Nil (Variant type: NIL)
[GdPAI | debug] Discovery: Simulation success for Go To. Agent props: {"entity": Nil, "held_item": Str(""), "hunger": Float(70.0627442063492)}
[GdPAI | debug] Discovery: Action Go To satisfied precond Builtin { target: Agent, operation: Equal, property_name: "held_item", value: Some(Str("")) }
[GdPAI | debug] Found candidate: Go To (satisfied preconds: [0], requirements: [0, 1])
[GdPAI | debug] Discovery: Starting simulation for action Eat Held Food
WARNING: [GdPAI] ObjectRef(124621163998): object was freed before callback; returning Nil.
   at: gdplanningai_rust::logger::process_logs (src\logger.rs:66)
   GDScript backtrace (most recent call first):
       [0] _start_plan_and_wait (res://test/integration/test_campfire_example_smoke.gd:57)
WARNING: [GdPAI] ObjectRef(124621163998): object was freed before callback; returning Nil.
   at: gdplanningai_rust::logger::process_logs (src\logger.rs:66)
   GDScript backtrace (most recent call first):
       [0] _start_plan_and_wait (res://test/integration/test_campfire_example_smoke.gd:57)
[GdPAI | debug] GetCost: callable returned non-numeric value: null; returning INFINITY
[GdPAI | debug] ApplyEffect [Before] ID=InstanceId(-9223370746284201047): agent props = {"at_target": VariantGd { id: 1027554152212, class: Node }, "held_item": "wood", "entity": VariantGd { id: 1028191686197, class: RigidBody2D }, "hunger": 20.067251249999998}
[GdPAI | debug] ApplyEffect [After] ID=InstanceId(-9223370746284201047): agent props = {"at_target": VariantGd { id: 1027554152212, class: Node }, "held_item": "", "entity": VariantGd { id: 1028191686197, class: RigidBody2D }, "hunger": 20.067251249999998}
[GdPAI | debug]   Snapshotting prop: at_target = ObjectRef(1027554152212) (Variant type: OBJECT)
[GdPAI | debug]   Snapshotting prop: held_item = Str("") (Variant type: STRING)
[GdPAI | debug]   Snapshotting prop: entity = ObjectRef(1028191686197) (Variant type: OBJECT)
[GdPAI | debug]   Snapshotting prop: hunger = Float(20.067251249999998) (Variant type: FLOAT)
[GdPAI] A* Iteration: pop node with chain length 3
WARNING: [GdPAI] ObjectRef(124621163998): object was freed before callback; returning Nil.
   at: gdplanningai_rust::logger::process_logs (src\logger.rs:66)
   GDScript backtrace (most recent call first):
       [0] _process (res://addons/GdPlanningAI/gdpai_autoload.gd:21)
WARNING: [GdPAI] ObjectRef(124621163998): object was freed before callback; returning Nil.
   at: gdplanningai_rust::logger::process_logs (src\logger.rs:66)
   GDScript backtrace (most recent call first):
       [0] _process (res://addons/GdPlanningAI/gdpai_autoload.gd:21)
[GdPAI | debug] ApplyEffect [Before] ID=InstanceId(-9223370745596335200): agent props = {"held_item": "", "hunger": 70.0627442063492, "entity": null}
[GdPAI | debug] ApplyEffect [After] ID=InstanceId(-9223370745596335200): agent props = {"held_item": "", "hunger": 70.0627442063492, "entity": null}
[GdPAI | debug]   Snapshotting prop: held_item = Str("") (Variant type: STRING)
[GdPAI | debug]   Snapshotting prop: hunger = Float(70.0627442063492) (Variant type: FLOAT)
[GdPAI | debug]   Snapshotting prop: entity = Nil (Variant type: NIL)
[GdPAI | debug] Discovery: Simulation success for Eat Held Food. Agent props: {"entity": Nil, "hunger": Float(70.0627442063492), "held_item": Str("")}
[GdPAI | debug] Discovery: Action Eat Held Food satisfied precond Builtin { target: Agent, operation: Equal, property_name: "held_item", value: Some(Str("")) }
[GdPAI | debug] Found candidate: Eat Held Food (satisfied preconds: [0], requirements: [])
[GdPAI | debug] SimObjectProxy::is_in_group: object 1028711779777 in group CampfireObject -> false
[GdPAI | debug] SimObjectProxy::is_in_group: object 1027537375027 in group CampfireObject -> false
[GdPAI | debug] SimObjectProxy::is_in_group: object 1028879551946 in group CampfireObject -> false
[GdPAI | debug] SimObjectProxy::is_in_group: object 1028158131752 in group CampfireObject -> false
[GdPAI | debug] SimObjectProxy::is_in_group: object 1027973582384 in group CampfireObject -> false
[GdPAI | debug] SimObjectProxy::is_in_group: object 1028141354543 in group CampfireObject -> false
[GdPAI | debug] SimObjectProxy::is_in_group: object 1027839364658 in group CampfireObject -> false
[GdPAI | debug] SimObjectProxy::is_in_group: object 1028577562041 in group CampfireObject -> false
[GdPAI | debug] SimObjectProxy::is_in_group: object 1027520597783 in group CampfireObject -> true
[GdPAI | debug] SimObjectProxy::is_in_group: object 1029164764654 in group CampfireObject -> false
[GdPAI | debug] SimObjectProxy::is_in_group: object 1028560784824 in group CampfireObject -> false
[GdPAI | debug] SimObjectProxy::is_in_group: object 1027671592751 in group CampfireObject -> false
[GdPAI | debug] SimObjectProxy::is_in_group: object 1028896329535 in group CampfireObject -> false
[GdPAI | debug] SimObjectProxy::is_in_group: object 1027990359598 in group CampfireObject -> false
[GdPAI | debug] SimObjectProxy::is_in_group: object 1027688369903 in group CampfireObject -> false
[GdPAI | debug] SimObjectProxy::is_in_group: object 1028007136825 in group CampfireObject -> false
[GdPAI | debug] SimObjectProxy::is_in_group: object 1029198319080 in group CampfireObject -> false
[GdPAI | debug] SimObjectProxy::is_in_group: object 1029030547255 in group CampfireObject -> false
[GdPAI | debug] SimObjectProxy::is_in_group: object 1028745334210 in group CampfireObject -> false
[GdPAI | debug] SimObjectProxy::is_in_group: object 1027705147152 in group CampfireObject -> false
[GdPAI | debug] SimObjectProxy::is_in_group: object 1028124577335 in group CampfireObject -> false
[GdPAI | debug] SimObjectProxy::is_in_group: object 1028594339258 in group CampfireObject -> false
[GdPAI | debug] SimObjectProxy::is_in_group: object 1029047324470 in group CampfireObject -> false
[GdPAI | debug] SimObjectProxy::is_in_group: object 1029013770040 in group CampfireObject -> false
[GdPAI | debug] SimObjectProxy::is_in_group: object 1028393012654 in group CampfireObject -> false
[GdPAI | debug] SimObjectProxy::is_in_group: object 1027822587437 in group CampfireObject -> false
[GdPAI | debug] SimObjectProxy::is_in_group: object 1028862774729 in group CampfireObject -> false
[GdPAI | debug] SimObjectProxy::is_in_group: object 1028728557165 in group CampfireObject -> false
[GdPAI | debug] SimObjectProxy::is_in_group: object 1029181541871 in group CampfireObject -> false
[GdPAI | debug] SimObjectProxy::is_in_group: object 1027856141876 in group CampfireObject -> false
[GdPAI | debug] SimObjectProxy::is_in_group: object 1027554152212 in group CampfireObject -> false
[GdPAI] A* SUCCESS! Returning plan for goal 'Maintain Fire'
[GdPAI] PlannerEngine: Found valid plan for goal 'Maintain Fire' (cost: 2.2071067810058596)
WARNING: [GdPAI] ObjectRef(124621163998): object was freed before callback; returning Nil.
   at: gdplanningai_rust::logger::process_logs (src\logger.rs:66)
   GDScript backtrace (most recent call first):
       [0] _start_plan_and_wait (res://test/integration/test_campfire_example_smoke.gd:57)
WARNING: [GdPAI] ObjectRef(124621163998): object was freed before callback; returning Nil.
   at: gdplanningai_rust::logger::process_logs (src\logger.rs:66)
   GDScript backtrace (most recent call first):
       [0] _start_plan_and_wait (res://test/integration/test_campfire_example_smoke.gd:57)
[GdPAI] Plan complete: success=true, actions=3, cost=2.2, action_chain=[0, 6, 4]
[GdPAI | debug] Discovery: Starting simulation for action Go To
[32m    [Passed]:  [0mAgent should plan when fire is moderate and hunger is low
[32m    [Passed]:  [0mPlan should include Pick Up Wood
[32m    [Passed]:  [0mPlan should include Add Fuel
[32m    [Passed]:  [0mMaintain Fire should not chain Hunger in one plan
[31m    [Failed]:  [0mUnexpected Errors:
    [1] <engine-1>[GdPAI] ObjectRef(124621163998): object was freed before callback; returning Nil.
    [2] <engine-1>[GdPAI] ObjectRef(124621163998): object was freed before callback; returning Nil.
    [3] <engine-1>[GdPAI] ObjectRef(124621163998): object was freed before callback; returning Nil.
    [4] <engine-1>[GdPAI] ObjectRef(124621163998): object was freed before callback; returning Nil.
    [5] <engine-1>[GdPAI] ObjectRef(124621163998): object was freed before callback; returning Nil.
    [6] <engine-1>[GdPAI] ObjectRef(124621163998): object was freed before callback; returning Nil.
    [7] <engine-1>[GdPAI] ObjectRef(124621163998): object was freed before callback; returning Nil.
    [8] <engine-1>[GdPAI] ObjectRef(124621163998): object was freed before callback; returning Nil.
    [9] <engine-1>[GdPAI] ObjectRef(124621163998): object was freed before callback; returning Nil.
    [10] <engine-1>[GdPAI] ObjectRef(124621163998): object was freed before callback; returning Nil.
    [11] <engine-1>[GdPAI] ObjectRef(124621163998): object was freed before callback; returning Nil.
    [12] <engine-1>[GdPAI] ObjectRef(124621163998): object was freed before callback; returning Nil.
    [13] <engine-1>[GdPAI] ObjectRef(124621163998): object was freed before callback; returning Nil.
    [14] <engine-1>[GdPAI] ObjectRef(124621163998): object was freed before callback; returning Nil.
    [15] <engine-1>[GdPAI] ObjectRef(124621163998): object was freed before callback; returning Nil.
    [16] <engine-1>[GdPAI] ObjectRef(124621163998): object was freed before callback; returning Nil.
    [17] <engine-1>[GdPAI] ObjectRef(124621163998): object was freed before callback; returning Nil.
    [18] <engine-1>[GdPAI] ObjectRef(124621163998): object was freed before callback; returning Nil.
    [19] <engine-1>[GdPAI] ObjectRef(124621163998): object was freed before callback; returning Nil.
    [20] <engine-1>[GdPAI] ObjectRef(124621163998): object was freed before callback; returning Nil.
    [21] <engine-1>[GdPAI] ObjectRef(124621163998): object was freed before callback; returning Nil.
    [22] <engine-1>[GdPAI] ObjectRef(124621163998): object was freed before callback; returning Nil.
    [23] <engine-1>[GdPAI] ObjectRef(124621163998): object was freed before callback; returning Nil.
    [24] <engine-1>[GdPAI] ObjectRef(124621163998): object was freed before callback; returning Nil.
    [25] <engine-1>[GdPAI] ObjectRef(124621163998): object was freed before callback; returning Nil.
    [26] <engine-1>[GdPAI] ObjectRef(124621163998): object was freed before callback; returning Nil.
    [27] <engine-1>[GdPAI] ObjectRef(124621163998): object was freed before callback; returning Nil.
    [28] <engine-1>[GdPAI] ObjectRef(124621163998): object was freed before callback; returning Nil.
    [29] <engine-1>[GdPAI] ObjectRef(124621163998): object was freed before callback; returning Nil.
    [30] <engine-1>[GdPAI] ObjectRef(124621163998): object was freed before callback; returning Nil.
    [31] <engine-1>[GdPAI] ObjectRef(124621163998): object was freed before callback; returning Nil.
    [32] <engine-1>[GdPAI] ObjectRef(124621163998): object was freed before callback; returning Nil.
    [33] <engine-1>[GdPAI] ObjectRef(124621163998): object was freed before callback; returning Nil.
    [34] <engine-1>[GdPAI] ObjectRef(124621163998): object was freed before callback; returning Nil.
    [35] <engine-1>[GdPAI] ObjectRef(124621163998): object was freed before callback; returning Nil.
    [36] <engine-1>[GdPAI] ObjectRef(124621163998): object was freed before callback; returning Nil.
    [37] <engine-1>[GdPAI] ObjectRef(124621163998): object was freed before callback; returning Nil.
    [38] <engine-1>[GdPAI] ObjectRef(124621163998): object was freed before callback; returning Nil.
    [39] <engine-1>[GdPAI] ObjectRef(124621163998): object was freed before callback; returning Nil.
    [40] <engine-1>[GdPAI] ObjectRef(124621163998): object was freed before callback; returning Nil.
    [41] <engine-1>[GdPAI] ObjectRef(124621163998): object was freed before callback; returning Nil.
    [42] <engine-1>[GdPAI] ObjectRef(124621163998): object was freed before callback; returning Nil.
    [43] <engine-1>[GdPAI] ObjectRef(124621163998): object was freed before callback; returning Nil.
    [44] <engine-1>[GdPAI] ObjectRef(124621163998): object was freed before callback; returning Nil.
    [45] <engine-1>[GdPAI] ObjectRef(124621163998): object was freed before callback; returning Nil.
    [46] <engine-1>[GdPAI] ObjectRef(124621163998): object was freed before callback; returning Nil.
    [47] <engine-1>[GdPAI] ObjectRef(124621163998): object was freed before callback; returning Nil.
    [48] <engine-1>[GdPAI] ObjectRef(124621163998): object was freed before callback; returning Nil.
    [49] <engine-1>[GdPAI] ObjectRef(124621163998): object was freed before callback; returning Nil.
    [50] <engine-1>[GdPAI] ObjectRef(124621163998): object was freed before callback; returning Nil.
    [51] <engine-1>[GdPAI] ObjectRef(124621163998): object was freed before callback; returning Nil.
    [52] <engine-1>[GdPAI] ObjectRef(124621163998): object was freed before callback; returning Nil.
    [53] <engine-1>[GdPAI] ObjectRef(124621163998): object was freed before callback; returning Nil.
    [54] <engine-1>[GdPAI] ObjectRef(124621163998): object was freed before callback; returning Nil.
    [55] <engine-1>[GdPAI] ObjectRef(124621163998): object was freed before callback; returning Nil.
    [56] <engine-1>[GdPAI] ObjectRef(124621163998): object was freed before callback; returning Nil.
    [57] <engine-1>[GdPAI] ObjectRef(124621163998): object was freed before callback; returning Nil.
    [58] <engine-1>[GdPAI] ObjectRef(124621163998): object was freed before callback; returning Nil.
    [59] <engine-1>[GdPAI] ObjectRef(124621163998): object was freed before callback; returning Nil.
    [60] <engine-1>[GdPAI] ObjectRef(124621163998): object was freed before callback; returning Nil.
    [61] <engine-1>[GdPAI] ObjectRef(124621163998): object was freed before callback; returning Nil.
    [62] <engine-1>[GdPAI] ObjectRef(124621163998): object was freed before callback; returning Nil.
    [63] <engine-1>[GdPAI] ObjectRef(124621163998): object was freed before callback; returning Nil.
    [64] <engine-1>[GdPAI] ObjectRef(124621163998): object was freed before callback; returning Nil.
    [65] <engine-1>[GdPAI] ObjectRef(124621163998): object was freed before callback; returning Nil.
    [66] <engine-1>[GdPAI] ObjectRef(124621163998): object was freed before callback; returning Nil.
    [67] <engine-1>[GdPAI] ObjectRef(124621163998): object was freed before callback; returning Nil.
    [68] <engine-1>[GdPAI] ObjectRef(124621163998): object was freed before callback; returning Nil.
    [69] <engine-1>[GdPAI] ObjectRef(124621163998): object was freed before callback; returning Nil.
    [70] <engine-1>[GdPAI] ObjectRef(124621163998): object was freed before callback; returning Nil.
    [71] <engine-1>[GdPAI] ObjectRef(124621163998): object was freed before callback; returning Nil.
    [72] <engine-1>[GdPAI] ObjectRef(124621163998): object was freed before callback; returning Nil.
    [73] <engine-1>[GdPAI] ObjectRef(124621163998): object was freed before callback; returning Nil.
    [74] <engine-1>[GdPAI] ObjectRef(124621163998): object was freed before callback; returning Nil.
    [75] <engine-1>[GdPAI] ObjectRef(124621163998): object was freed before callback; returning Nil.
    [76] <engine-1>[GdPAI] ObjectRef(124621163998): object was freed before callback; returning Nil.
    [77] <engine-1>[GdPAI] ObjectRef(124621163998): object was freed before callback; returning Nil.
    [78] <engine-1>[GdPAI] ObjectRef(124621163998): object was freed before callback; returning Nil.
    [79] <engine-1>[GdPAI] ObjectRef(124621163998): object was freed before callback; returning Nil.
    [80] <engine-1>[GdPAI] ObjectRef(124621163998): object was freed before callback; returning Nil.
    [81] <engine-1>[GdPAI] ObjectRef(124621163998): object was freed before callback; returning Nil.
    [82] <engine-1>[GdPAI] ObjectRef(124621163998): object was freed before callback; returning Nil.
    [83] <engine-1>[GdPAI] ObjectRef(124621163998): object was freed before callback; returning Nil.
    [84] <engine-1>[GdPAI] ObjectRef(124621163998): object was freed before callback; returning Nil.
    [85] <engine-1>[GdPAI] ObjectRef(124621163998): object was freed before callback; returning Nil.
    [86] <engine-1>[GdPAI] ObjectRef(124621163998): object was freed before callback; returning Nil.
    [87] <engine-1>[GdPAI] ObjectRef(124621163998): object was freed before callback; returning Nil.
    [88] <engine-1>[GdPAI] ObjectRef(124621163998): object was freed before callback; returning Nil.
    [89] <engine-1>[GdPAI] ObjectRef(124621163998): object was freed before callback; returning Nil.
    [90] <engine-1>[GdPAI] ObjectRef(124621163998): object was freed before callback; returning Nil.
    [91] <engine-1>[GdPAI] ObjectRef(124621163998): object was freed before callback; returning Nil.
    [92] <engine-1>[GdPAI] ObjectRef(124621163998): object was freed before callback; returning Nil.
    [93] <engine-1>[GdPAI] ObjectRef(124621163998): object was freed before callback; returning Nil.
    [94] <engine-1>[GdPAI] ObjectRef(124621163998): object was freed before callback; returning Nil.
    [95] <engine-1>[GdPAI] ObjectRef(124621163998): object was freed before callback; returning Nil.
    [96] <engine-1>[GdPAI] ObjectRef(124621163998): object was freed before callback; returning Nil.
    [97] <engine-1>[GdPAI] ObjectRef(124621163998): object was freed before callback; returning Nil.
    [98] <engine-1>[GdPAI] ObjectRef(124621163998): object was freed before callback; returning Nil.
    [99] <engine-1>[GdPAI] ObjectRef(124621163998): object was freed before callback; returning Nil.
    [100] <engine-1>[GdPAI] ObjectRef(124621163998): object was freed before callback; returning Nil.
    [101] <engine-1>[GdPAI] ObjectRef(124621163998): object was freed before callback; returning Nil.
    [102] <engine-1>[GdPAI] ObjectRef(124621163998): object was freed before callback; returning Nil.
    [103] <engine-1>[GdPAI] ObjectRef(124134624705): object was freed before callback; returning Nil.
    [104] <engine-1>[GdPAI] ObjectRef(125359361544): object was freed before callback; returning Nil.
    [105] <engine-1>[GdPAI] ObjectRef(124134624705): object was freed before callback; returning Nil.
    [106] <engine-1>[GdPAI] ObjectRef(125359361544): object was freed before callback; returning Nil.
    [107] <engine-1>[GdPAI] ObjectRef(124621163998): object was freed before callback; returning Nil.
    [108] <engine-1>[GdPAI] ObjectRef(124621163998): object was freed before callback; returning Nil.
    [109] <engine-1>[GdPAI] ObjectRef(124134624705): object was freed before callback; returning Nil.
    [110] <engine-1>[GdPAI] ObjectRef(125359361544): object was freed before callback; returning Nil.
    [111] <engine-1>[GdPAI] ObjectRef(124134624705): object was freed before callback; returning Nil.
    [112] <engine-1>[GdPAI] ObjectRef(125359361544): object was freed before callback; returning Nil.
    [113] <engine-1>[GdPAI] ObjectRef(124621163998): object was freed before callback; returning Nil.
    [114] <engine-1>[GdPAI] ObjectRef(125359361544): object was freed before callback; returning Nil.
    [115] <engine-1>[GdPAI] ObjectRef(125359361544): object was freed before callback; returning Nil.
    [116] <engine-1>[GdPAI] ObjectRef(124621163998): object was freed before callback; returning Nil.
    [117] <engine-1>[GdPAI] ObjectRef(125359361544): object was freed before callback; returning Nil.
    [118] <engine-1>[GdPAI] ObjectRef(125359361544): object was freed before callback; returning Nil.
    [119] <engine-1>[GdPAI] ObjectRef(124621163998): object was freed before callback; returning Nil.
    [120] <engine-1>[GdPAI] ObjectRef(124134624705): object was freed before callback; returning Nil.
    [121] <engine-1>[GdPAI] ObjectRef(124134624705): object was freed before callback; returning Nil.
    [122] <engine-1>[GdPAI] ObjectRef(124621163998): object was freed before callback; returning Nil.
    [123] <engine-1>[GdPAI] ObjectRef(124134624705): object was freed before callback; returning Nil.
    [124] <engine-1>[GdPAI] ObjectRef(124134624705): object was freed before callback; returning Nil.
    [125] <engine-1>[GdPAI] ObjectRef(124621163998): object was freed before callback; returning Nil.
    [126] <engine-1>[GdPAI] ObjectRef(124621163998): object was freed before callback; returning Nil.
    [127] <engine-1>[GdPAI] ObjectRef(124621163998): object was freed before callback; returning Nil.
    [128] <engine-1>[GdPAI] ObjectRef(124621163998): object was freed before callback; returning Nil.
    [129] <engine-1>[GdPAI] ObjectRef(124621163998): object was freed before callback; returning Nil.
    [130] <engine-1>[GdPAI] ObjectRef(124621163998): object was freed before callback; returning Nil.
    [131] <engine-1>[GdPAI] ObjectRef(124621163998): object was freed before callback; returning Nil.
    [132] <engine-1>[GdPAI] ObjectRef(124621163998): object was freed before callback; returning Nil.
    [133] <engine-1>[GdPAI] ObjectRef(124621163998): object was freed before callback; returning Nil.
    [134] <engine-1>[GdPAI] ObjectRef(124621163998): object was freed before callback; returning Nil.
    [135] <engine-1>[GdPAI] ObjectRef(124621163998): object was freed before callback; returning Nil.
    [136] <engine-1>[GdPAI] ObjectRef(124621163998): object was freed before callback; returning Nil.
    [137] <engine-1>[GdPAI] ObjectRef(124621163998): object was freed before callback; returning Nil.
    [138] <engine-1>[GdPAI] ObjectRef(124621163998): object was freed before callback; returning Nil.
    [139] <engine-1>[GdPAI] ObjectRef(124134624705): object was freed before callback; returning Nil.
    [140] <engine-1>[GdPAI] ObjectRef(125359361544): object was freed before callback; returning Nil.
    [141] <engine-1>[GdPAI] ObjectRef(124134624705): object was freed before callback; returning Nil.
    [142] <engine-1>[GdPAI] ObjectRef(125359361544): object was freed before callback; returning Nil.
    [143] <engine-1>[GdPAI] ObjectRef(124621163998): object was freed before callback; returning Nil.
    [144] <engine-1>[GdPAI] ObjectRef(124621163998): object was freed before callback; returning Nil.
    [145] <engine-1>[GdPAI] ObjectRef(124134624705): object was freed before callback; returning Nil.
    [146] <engine-1>[GdPAI] ObjectRef(125359361544): object was freed before callback; returning Nil.
    [147] <engine-1>[GdPAI] ObjectRef(124134624705): object was freed before callback; returning Nil.
    [148] <engine-1>[GdPAI] ObjectRef(125359361544): object was freed before callback; returning Nil.
    [149] <engine-1>[GdPAI] ObjectRef(124621163998): object was freed before callback; returning Nil.
    [150] <engine-1>[GdPAI] ObjectRef(125359361544): object was freed before callback; returning Nil.
    [151] <engine-1>[GdPAI] ObjectRef(125359361544): object was freed before callback; returning Nil.
    [152] <engine-1>[GdPAI] ObjectRef(124621163998): object was freed before callback; returning Nil.
    [153] <engine-1>[GdPAI] ObjectRef(125359361544): object was freed before callback; returning Nil.
    [154] <engine-1>[GdPAI] ObjectRef(125359361544): object was freed before callback; returning Nil.
    [155] <engine-1>[GdPAI] ObjectRef(124621163998): object was freed before callback; returning Nil.
    [156] <engine-1>[GdPAI] ObjectRef(124134624705): object was freed before callback; returning Nil.
    [157] <engine-1>[GdPAI] ObjectRef(124134624705): object was freed before callback; returning Nil.
    [158] <engine-1>[GdPAI] ObjectRef(124621163998): object was freed before callback; returning Nil.
    [159] <engine-1>[GdPAI] ObjectRef(124134624705): object was freed before callback; returning Nil.
    [160] <engine-1>[GdPAI] ObjectRef(124134624705): object was freed before callback; returning Nil.
    [161] <engine-1>[GdPAI] ObjectRef(124621163998): object was freed before callback; returning Nil.
    [162] <engine-1>[GdPAI] ObjectRef(124621163998): object was freed before callback; returning Nil.
    [163] <engine-1>[GdPAI] ObjectRef(124621163998): object was freed before callback; returning Nil.
    [164] <engine-1>[GdPAI] ObjectRef(124621163998): object was freed before callback; returning Nil.
    [165] <engine-1>[GdPAI] ObjectRef(124621163998): object was freed before callback; returning Nil.
    [166] <engine-1>[GdPAI] ObjectRef(124621163998): object was freed before callback; returning Nil.
    [167] <engine-1>[GdPAI] ObjectRef(124621163998): object was freed before callback; returning Nil.
    [168] <engine-1>[GdPAI] ObjectRef(124621163998): object was freed before callback; returning Nil.
    [169] <engine-1>[GdPAI] ObjectRef(124621163998): object was freed before callback; returning Nil.
    [170] <engine-1>[GdPAI] ObjectRef(124621163998): object was freed before callback; returning Nil.
    [171] <engine-1>[GdPAI] ObjectRef(124621163998): object was freed before callback; returning Nil.
    [172] <engine-1>[GdPAI] ObjectRef(124621163998): object was freed before callback; returning Nil.
    [173] <engine-1>[GdPAI] ObjectRef(124621163998): object was freed before callback; returning Nil.
    [174] <engine-1>[GdPAI] ObjectRef(124621163998): object was freed before callback; returning Nil.
    [175] <engine-1>[GdPAI] ObjectRef(124621163998): object was freed before callback; returning Nil.
    [176] <engine-1>[GdPAI] ObjectRef(124621163998): object was freed before callback; returning Nil.
    [177] <engine-1>[GdPAI] ObjectRef(124621163998): object was freed before callback; returning Nil.
    [178] <engine-1>[GdPAI] ObjectRef(124621163998): object was freed before callback; returning Nil.
    [179] <engine-1>[GdPAI] ObjectRef(124621163998): object was freed before callback; returning Nil.
    [180] <engine-1>[GdPAI] ObjectRef(124621163998): object was freed before callback; returning Nil.
    [181] <engine-1>[GdPAI] ObjectRef(124621163998): object was freed before callback; returning Nil.
    [182] <engine-1>[GdPAI] ObjectRef(124621163998): object was freed before callback; returning Nil.
    [183] <engine-1>[GdPAI] ObjectRef(124621163998): object was freed before callback; returning Nil.
    [184] <engine-1>[GdPAI] ObjectRef(124621163998): object was freed before callback; returning Nil.
    [185] <engine-1>[GdPAI] ObjectRef(124621163998): object was freed before callback; returning Nil.
    [186] <engine-1>[GdPAI] ObjectRef(124621163998): object was freed before callback; returning Nil.
    [187] <engine-1>[GdPAI] ObjectRef(124621163998): object was freed before callback; returning Nil.
    [188] <engine-1>[GdPAI] ObjectRef(124621163998): object was freed before callback; returning Nil.
    [189] <engine-1>[GdPAI] ObjectRef(124621163998): object was freed before callback; returning Nil.
    [190] <engine-1>[GdPAI] ObjectRef(124621163998): object was freed before callback; returning Nil.
    [191] <engine-1>[GdPAI] ObjectRef(124621163998): object was freed before callback; returning Nil.
    [192] <engine-1>[GdPAI] ObjectRef(124621163998): object was freed before callback; returning Nil.
    [193] <engine-1>[GdPAI] ObjectRef(124621163998): object was freed before callback; returning Nil.
    [194] <engine-1>[GdPAI] ObjectRef(124621163998): object was freed before callback; returning Nil.
    [195] <engine-1>[GdPAI] ObjectRef(124621163998): object was freed before callback; returning Nil.
    [196] <engine-1>[GdPAI] ObjectRef(124621163998): object was freed before callback; returning Nil.
    [197] <engine-1>[GdPAI] ObjectRef(124621163998): object was freed before callback; returning Nil.
    [198] <engine-1>[GdPAI] ObjectRef(124621163998): object was freed before callback; returning Nil.
    [199] <engine-1>[GdPAI] ObjectRef(124621163998): object was freed before callback; returning Nil.
    [200] <engine-1>[GdPAI] ObjectRef(124621163998): object was freed before callback; returning Nil.
    [201] <engine-1>[GdPAI] ObjectRef(124621163998): object was freed before callback; returning Nil.
    [202] <engine-1>[GdPAI] ObjectRef(124621163998): object was freed before callback; returning Nil.
    [203] <engine-1>[GdPAI] ObjectRef(124621163998): object was freed before callback; returning Nil.
    [204] <engine-1>[GdPAI] ObjectRef(124621163998): object was freed before callback; returning Nil.
    [205] <engine-1>[GdPAI] ObjectRef(124621163998): object was freed before callback; returning Nil.
    [206] <engine-1>[GdPAI] ObjectRef(124621163998): object was freed before callback; returning Nil.
    [207] <engine-1>[GdPAI] ObjectRef(124621163998): object was freed before callback; returning Nil.
    [208] <engine-1>[GdPAI] ObjectRef(124621163998): object was freed before callback; returning Nil.
    [209] <engine-1>[GdPAI] ObjectRef(124621163998): object was freed before callback; returning Nil.
    [210] <engine-1>[GdPAI] ObjectRef(124621163998): object was freed before callback; returning Nil.
    [211] <engine-1>[GdPAI] ObjectRef(124621163998): object was freed before callback; returning Nil.
    [212] <engine-1>[GdPAI] ObjectRef(124621163998): object was freed before callback; returning Nil.
    [213] <engine-1>[GdPAI] ObjectRef(124621163998): object was freed before callback; returning Nil.
    [214] <engine-1>[GdPAI] ObjectRef(124621163998): object was freed before callback; returning Nil.
    [215] <engine-1>[GdPAI] ObjectRef(124621163998): object was freed before callback; returning Nil.
    [216] <engine-1>[GdPAI] ObjectRef(124621163998): object was freed before callback; returning Nil.
    [217] <engine-1>[GdPAI] ObjectRef(124621163998): object was freed before callback; returning Nil.
    [218] <engine-1>[GdPAI] ObjectRef(124621163998): object was freed before callback; returning Nil.
    [219] <engine-1>[GdPAI] ObjectRef(124621163998): object was freed before callback; returning Nil.
    [220] <engine-1>[GdPAI] ObjectRef(124621163998): object was freed before callback; returning Nil.
    [221] <engine-1>[GdPAI] ObjectRef(124621163998): object was freed before callback; returning Nil.
    [222] <engine-1>[GdPAI] ObjectRef(124621163998): object was freed before callback; returning Nil.
    [223] <engine-1>[GdPAI] ObjectRef(124621163998): object was freed before callback; returning Nil.
    [224] <engine-1>[GdPAI] ObjectRef(124621163998): object was freed before callback; returning Nil.
    [225] <engine-1>[GdPAI] ObjectRef(124621163998): object was freed before callback; returning Nil.
    [226] <engine-1>[GdPAI] ObjectRef(124621163998): object was freed before callback; returning Nil.
    [227] <engine-1>[GdPAI] ObjectRef(124621163998): object was freed before callback; returning Nil.
    [228] <engine-1>[GdPAI] ObjectRef(124621163998): object was freed before callback; returning Nil.
    [229] <engine-1>[GdPAI] ObjectRef(124621163998): object was freed before callback; returning Nil.
    [230] <engine-1>[GdPAI] ObjectRef(124621163998): object was freed before callback; returning Nil.
    [231] <engine-1>[GdPAI] ObjectRef(124621163998): object was freed before callback; returning Nil.
    [232] <engine-1>[GdPAI] ObjectRef(124621163998): object was freed before callback; returning Nil.
    [233] <engine-1>[GdPAI] ObjectRef(124621163998): object was freed before callback; returning Nil.
    [234] <engine-1>[GdPAI] ObjectRef(124621163998): object was freed before callback; returning Nil.
    [235] <engine-1>[GdPAI] ObjectRef(124621163998): object was freed before callback; returning Nil.
    [236] <engine-1>[GdPAI] ObjectRef(124621163998): object was freed before callback; returning Nil.
    [237] <engine-1>[GdPAI] ObjectRef(124621163998): object was freed before callback; returning Nil.
    [238] <engine-1>[GdPAI] ObjectRef(124621163998): object was freed before callback; returning Nil.
    [239] <engine-1>[GdPAI] ObjectRef(124621163998): object was freed before callback; returning Nil.
    [240] <engine-1>[GdPAI] ObjectRef(124621163998): object was freed before callback; returning Nil.
    [241] <engine-1>[GdPAI] ObjectRef(124621163998): object was freed before callback; returning Nil.
    [242] <engine-1>[GdPAI] ObjectRef(124621163998): object was freed before callback; returning Nil.
    [243] <engine-1>[GdPAI] ObjectRef(124621163998): object was freed before callback; returning Nil.
    [244] <engine-1>[GdPAI] ObjectRef(124621163998): object was freed before callback; returning Nil.
    [245] <engine-1>[GdPAI] ObjectRef(124621163998): object was freed before callback; returning Nil.
    [246] <engine-1>[GdPAI] ObjectRef(124621163998): object was freed before callback; returning Nil.
    [247] <engine-1>[GdPAI] ObjectRef(124621163998): object was freed before callback; returning Nil.
    [248] <engine-1>[GdPAI] ObjectRef(124621163998): object was freed before callback; returning Nil.
    [249] <engine-1>[GdPAI] ObjectRef(124621163998): object was freed before callback; returning Nil.
    [250] <engine-1>[GdPAI] ObjectRef(124621163998): object was freed before callback; returning Nil.
    [251] <engine-1>[GdPAI] ObjectRef(124621163998): object was freed before callback; returning Nil.
    [252] <engine-1>[GdPAI] ObjectRef(124621163998): object was freed before callback; returning Nil.
    [253] <engine-1>[GdPAI] ObjectRef(124621163998): object was freed before callback; returning Nil.
    [254] <engine-1>[GdPAI] ObjectRef(124621163998): object was freed before callback; returning Nil.
    [255] <engine-1>[GdPAI] ObjectRef(124621163998): object was freed before callback; returning Nil.
    [256] <engine-1>[GdPAI] ObjectRef(124621163998): object was freed before callback; returning Nil.
    [257] <engine-1>[GdPAI] ObjectRef(124621163998): object was freed before callback; returning Nil.
    [258] <engine-1>[GdPAI] ObjectRef(124621163998): object was freed before callback; returning Nil.
    [259] <engine-1>[GdPAI] ObjectRef(124621163998): object was freed before callback; returning Nil.
    [260] <engine-1>[GdPAI] ObjectRef(124621163998): object was freed before callback; returning Nil.
    [261] <engine-1>[GdPAI] ObjectRef(124621163998): object was freed before callback; returning Nil.
    [262] <engine-1>[GdPAI] ObjectRef(124621163998): object was freed before callback; returning Nil.
    [263] <engine-1>[GdPAI] ObjectRef(124621163998): object was freed before callback; returning Nil.
    [264] <engine-1>[GdPAI] ObjectRef(124621163998): object was freed before callback; returning Nil.
    [265] <engine-1>[GdPAI] ObjectRef(124621163998): object was freed before callback; returning Nil.
    [266] <engine-1>[GdPAI] ObjectRef(124621163998): object was freed before callback; returning Nil.
    [267] <engine-1>[GdPAI] ObjectRef(124134624705): object was freed before callback; returning Nil.
    [268] <engine-1>[GdPAI] ObjectRef(125057371638): object was freed before callback; returning Nil.
    [269] <engine-1>[GdPAI] ObjectRef(124134624705): object was freed before callback; returning Nil.
    [270] <engine-1>[GdPAI] ObjectRef(125057371638): object was freed before callback; returning Nil.
    [271] <engine-1>[GdPAI] ObjectRef(124621163998): object was freed before callback; returning Nil.
    [272] <engine-1>[GdPAI] ObjectRef(124621163998): object was freed before callback; returning Nil.
    [273] <engine-1>[GdPAI] ObjectRef(124134624705): object was freed before callback; returning Nil.
    [274] <engine-1>[GdPAI] ObjectRef(125057371638): object was freed before callback; returning Nil.
    [275] <engine-1>[GdPAI] ObjectRef(124134624705): object was freed before callback; returning Nil.
    [276] <engine-1>[GdPAI] ObjectRef(125057371638): object was freed before callback; returning Nil.
    [277] <engine-1>[GdPAI] ObjectRef(124621163998): object was freed before callback; returning Nil.
    [278] <engine-1>[GdPAI] ObjectRef(125057371638): object was freed before callback; returning Nil.
    [279] <engine-1>[GdPAI] ObjectRef(125057371638): object was freed before callback; returning Nil.
    [280] <engine-1>[GdPAI] ObjectRef(124621163998): object was freed before callback; returning Nil.
    [281] <engine-1>[GdPAI] ObjectRef(125057371638): object was freed before callback; returning Nil.
    [282] <engine-1>[GdPAI] ObjectRef(125057371638): object was freed before callback; returning Nil.
    [283] <engine-1>[GdPAI] ObjectRef(124621163998): object was freed before callback; returning Nil.
    [284] <engine-1>[GdPAI] ObjectRef(124134624705): object was freed before callback; returning Nil.
    [285] <engine-1>[GdPAI] ObjectRef(124134624705): object was freed before callback; returning Nil.
    [286] <engine-1>[GdPAI] ObjectRef(124621163998): object was freed before callback; returning Nil.
    [287] <engine-1>[GdPAI] ObjectRef(124134624705): object was freed before callback; returning Nil.
    [288] <engine-1>[GdPAI] ObjectRef(124134624705): object was freed before callback; returning Nil.
    [289] <engine-1>[GdPAI] ObjectRef(124621163998): object was freed before callback; returning Nil.
    [290] <engine-1>[GdPAI] ObjectRef(124621163998): object was freed before callback; returning Nil.
    [291] <engine-1>[GdPAI] ObjectRef(124621163998): object was freed before callback; returning Nil.
    [292] <engine-1>[GdPAI] ObjectRef(124621163998): object was freed before callback; returning Nil.
    [293] <engine-1>[GdPAI] ObjectRef(124621163998): object was freed before callback; returning Nil.
    [294] <engine-1>[GdPAI] ObjectRef(124621163998): object was freed before callback; returning Nil.
    [295] <engine-1>[GdPAI] ObjectRef(124621163998): object was freed before callback; returning Nil.
    [296] <engine-1>[GdPAI] ObjectRef(124621163998): object was freed before callback; returning Nil.
    [297] <engine-1>[GdPAI] ObjectRef(124621163998): object was freed before callback; returning Nil.
    [298] <engine-1>[GdPAI] ObjectRef(124621163998): object was freed before callback; returning Nil.
    [299] <engine-1>[GdPAI] ObjectRef(124621163998): object was freed before callback; returning Nil.
    [300] <engine-1>[GdPAI] ObjectRef(124621163998): object was freed before callback; returning Nil.
    [301] <engine-1>[GdPAI] ObjectRef(124621163998): object was freed before callback; returning Nil.
    [302] <engine-1>[GdPAI] ObjectRef(124621163998): object was freed before callback; returning Nil.
    [303] <engine-1>[GdPAI] ObjectRef(124134624705): object was freed before callback; returning Nil.
    [304] <engine-1>[GdPAI] ObjectRef(125057371638): object was freed before callback; returning Nil.
    [305] <engine-1>[GdPAI] ObjectRef(124134624705): object was freed before callback; returning Nil.
    [306] <engine-1>[GdPAI] ObjectRef(125057371638): object was freed before callback; returning Nil.
    [307] <engine-1>[GdPAI] ObjectRef(124621163998): object was freed before callback; returning Nil.
    [308] <engine-1>[GdPAI] ObjectRef(124621163998): object was freed before callback; returning Nil.
    [309] <engine-1>[GdPAI] ObjectRef(124134624705): object was freed before callback; returning Nil.
    [310] <engine-1>[GdPAI] ObjectRef(125057371638): object was freed before callback; returning Nil.
    [311] <engine-1>[GdPAI] ObjectRef(124134624705): object was freed before callback; returning Nil.
    [312] <engine-1>[GdPAI] ObjectRef(125057371638): object was freed before callback; returning Nil.
    [313] <engine-1>[GdPAI] ObjectRef(124621163998): object was freed before callback; returning Nil.
    [314] <engine-1>[GdPAI] ObjectRef(125057371638): object was freed before callback; returning Nil.
    [315] <engine-1>[GdPAI] ObjectRef(125057371638): object was freed before callback; returning Nil.
    [316] <engine-1>[GdPAI] ObjectRef(124621163998): object was freed before callback; returning Nil.
    [317] <engine-1>[GdPAI] ObjectRef(125057371638): object was freed before callback; returning Nil.
    [318] <engine-1>[GdPAI] ObjectRef(125057371638): object was freed before callback; returning Nil.
    [319] <engine-1>[GdPAI] ObjectRef(124621163998): object was freed before callback; returning Nil.
    [320] <engine-1>[GdPAI] ObjectRef(124134624705): object was freed before callback; returning Nil.
    [321] <engine-1>[GdPAI] ObjectRef(124134624705): object was freed before callback; returning Nil.
    [322] <engine-1>[GdPAI] ObjectRef(124621163998): object was freed before callback; returning Nil.
    [323] <engine-1>[GdPAI] ObjectRef(124134624705): object was freed before callback; returning Nil.
    [324] <engine-1>[GdPAI] ObjectRef(124134624705): object was freed before callback; returning Nil.
    [325] <engine-1>[GdPAI] ObjectRef(124621163998): object was freed before callback; returning Nil.
    [326] <engine-1>[GdPAI] ObjectRef(124621163998): object was freed before callback; returning Nil.
    [327] <engine-1>[GdPAI] ObjectRef(124621163998): object was freed before callback; returning Nil.
    [328] <engine-1>[GdPAI] ObjectRef(124621163998): object was freed before callback; returning Nil.
    [329] <engine-1>[GdPAI] ObjectRef(124621163998): object was freed before callback; returning Nil.
    [330] <engine-1>[GdPAI] ObjectRef(124621163998): object was freed before callback; returning Nil.
    [331] <engine-1>[GdPAI] ObjectRef(124621163998): object was freed before callback; returning Nil.
    [332] <engine-1>[GdPAI] ObjectRef(124621163998): object was freed before callback; returning Nil.
    [333] <engine-1>[GdPAI] ObjectRef(124621163998): object was freed before callback; returning Nil.
    [334] <engine-1>[GdPAI] ObjectRef(124621163998): object was freed before callback; returning Nil.
    [335] <engine-1>[GdPAI] ObjectRef(124621163998): object was freed before callback; returning Nil.
    [336] <engine-1>[GdPAI] ObjectRef(124621163998): object was freed before callback; returning Nil.
    [337] <engine-1>[GdPAI] ObjectRef(124621163998): object was freed before callback; returning Nil.
    [338] <engine-1>[GdPAI] ObjectRef(124621163998): object was freed before callback; returning Nil.
    [339] <engine-1>[GdPAI] ObjectRef(124621163998): object was freed before callback; returning Nil.
    [340] <engine-1>[GdPAI] ObjectRef(124621163998): object was freed before callback; returning Nil.
    [341] <engine-1>[GdPAI] ObjectRef(124621163998): object was freed before callback; returning Nil.
    [342] <engine-1>[GdPAI] ObjectRef(124621163998): object was freed before callback; returning Nil.
    [343] <engine-1>[GdPAI] ObjectRef(124621163998): object was freed before callback; returning Nil.
    [344] <engine-1>[GdPAI] ObjectRef(124621163998): object was freed before callback; returning Nil.
    [345] <engine-1>[GdPAI] ObjectRef(124621163998): object was freed before callback; returning Nil.
    [346] <engine-1>[GdPAI] ObjectRef(124621163998): object was freed before callback; returning Nil.
    [347] <engine-1>[GdPAI] ObjectRef(124621163998): object was freed before callback; returning Nil.
    [348] <engine-1>[GdPAI] ObjectRef(124621163998): object was freed before callback; returning Nil.
    [349] <engine-1>[GdPAI] ObjectRef(124621163998): object was freed before callback; returning Nil.
    [350] <engine-1>[GdPAI] ObjectRef(124621163998): object was freed before callback; returning Nil.
    [351] <engine-1>[GdPAI] ObjectRef(124621163998): object was freed before callback; returning Nil.
    [352] <engine-1>[GdPAI] ObjectRef(124621163998): object was freed before callback; returning Nil.
    [353] <engine-1>[GdPAI] ObjectRef(124621163998): object was freed before callback; returning Nil.
    [354] <engine-1>[GdPAI] ObjectRef(124621163998): object was freed before callback; returning Nil.
    [355] <engine-1>[GdPAI] ObjectRef(124621163998): object was freed before callback; returning Nil.
    [356] <engine-1>[GdPAI] ObjectRef(124621163998): object was freed before callback; returning Nil.
    [357] <engine-1>[GdPAI] ObjectRef(124621163998): object was freed before callback; returning Nil.
    [358] <engine-1>[GdPAI] ObjectRef(124621163998): object was freed before callback; returning Nil.
    [359] <engine-1>[GdPAI] ObjectRef(124621163998): object was freed before callback; returning Nil.
    [360] <engine-1>[GdPAI] ObjectRef(124621163998): object was freed before callback; returning Nil.
    [361] <engine-1>[GdPAI] ObjectRef(124621163998): object was freed before callback; returning Nil.
    [362] <engine-1>[GdPAI] ObjectRef(124621163998): object was freed before callback; returning Nil.
    [363] <engine-1>[GdPAI] ObjectRef(124621163998): object was freed before callback; returning Nil.
    [364] <engine-1>[GdPAI] ObjectRef(124621163998): object was freed before callback; returning Nil.
    [365] <engine-1>[GdPAI] ObjectRef(124621163998): object was freed before callback; returning Nil.
    [366] <engine-1>[GdPAI] ObjectRef(124621163998): object was freed before callback; returning Nil.
    [367] <engine-1>[GdPAI] ObjectRef(124621163998): object was freed before callback; returning Nil.
    [368] <engine-1>[GdPAI] ObjectRef(124621163998): object was freed before callback; returning Nil.
    [369] <engine-1>[GdPAI] ObjectRef(124621163998): object was freed before callback; returning Nil.
    [370] <engine-1>[GdPAI] ObjectRef(124621163998): object was freed before callback; returning Nil.
    [371] <engine-1>[GdPAI] ObjectRef(124621163998): object was freed before callback; returning Nil.
    [372] <engine-1>[GdPAI] ObjectRef(124621163998): object was freed before callback; returning Nil.
    [373] <engine-1>[GdPAI] ObjectRef(124621163998): object was freed before callback; returning Nil.
    [374] <engine-1>[GdPAI] ObjectRef(124621163998): object was freed before callback; returning Nil.
    [375] <engine-1>[GdPAI] ObjectRef(124621163998): object was freed before callback; returning Nil.
    [376] <engine-1>[GdPAI] ObjectRef(124621163998): object was freed before callback; returning Nil.
    [377] <engine-1>[GdPAI] ObjectRef(124621163998): object was freed before callback; returning Nil.
    [378] <engine-1>[GdPAI] ObjectRef(124621163998): object was freed before callback; returning Nil.
    [379] <engine-1>[GdPAI] ObjectRef(124621163998): object was freed before callback; returning Nil.
    [380] <engine-1>[GdPAI] ObjectRef(124621163998): object was freed before callback; returning Nil.
    [381] <engine-1>[GdPAI] ObjectRef(124621163998): object was freed before callback; returning Nil.
    [382] <engine-1>[GdPAI] ObjectRef(124621163998): object was freed before callback; returning Nil.
    [383] <engine-1>[GdPAI] ObjectRef(124621163998): object was freed before callback; returning Nil.
    [384] <engine-1>[GdPAI] ObjectRef(124621163998): object was freed before callback; returning Nil.
    [385] <engine-1>[GdPAI] ObjectRef(124621163998): object was freed before callback; returning Nil.
    [386] <engine-1>[GdPAI] ObjectRef(124621163998): object was freed before callback; returning Nil.
    [387] <engine-1>[GdPAI] ObjectRef(124621163998): object was freed before callback; returning Nil.
    [388] <engine-1>[GdPAI] ObjectRef(124621163998): object was freed before callback; returning Nil.
      at line 155
WARNING: [GdPAI] ObjectRef(124621163998): object was freed before callback; returning Nil.
   at: gdplanningai_rust::logger::process_logs (src\logger.rs:66)
   GDScript backtrace (most recent call first):
       [0] _drain_scheduler (res://test/integration/test_campfire_example_smoke.gd:27)
       [1] after_each (res://test/integration/test_campfire_example_smoke.gd:19)
       [2] _run_test (res://addons/gut/gut.gd:700)
       [3] test_preemptive_fire_maintenance (res://test/integration/test_campfire_example_smoke.gd:155)
       [4] _start_plan_and_wait (res://test/integration/test_campfire_example_smoke.gd:60)
WARNING: [GdPAI] ObjectRef(124621163998): object was freed before callback; returning Nil.
   at: gdplanningai_rust::logger::process_logs (src\logger.rs:66)
   GDScript backtrace (most recent call first):
       [0] _drain_scheduler (res://test/integration/test_campfire_example_smoke.gd:27)
       [1] after_each (res://test/integration/test_campfire_example_smoke.gd:19)
       [2] _run_test (res://addons/gut/gut.gd:700)
       [3] test_preemptive_fire_maintenance (res://test/integration/test_campfire_example_smoke.gd:155)
       [4] _start_plan_and_wait (res://test/integration/test_campfire_example_smoke.gd:60)
[GdPAI | debug] GetCost: callable returned non-numeric value: null; returning INFINITY
WARNING: [GdPAI] ObjectRef(124621163998): object was freed before callback; returning Nil.
   at: gdplanningai_rust::logger::process_logs (src\logger.rs:66)
   GDScript backtrace (most recent call first):
       [0] _process (res://addons/GdPlanningAI/gdpai_autoload.gd:21)
WARNING: [GdPAI] ObjectRef(124621163998): object was freed before callback; returning Nil.
   at: gdplanningai_rust::logger::process_logs (src\logger.rs:66)
   GDScript backtrace (most recent call first):
       [0] _process (res://addons/GdPlanningAI/gdpai_autoload.gd:21)
[GdPAI | debug] ApplyEffect [Before] ID=InstanceId(-9223370736352089177): agent props = {"held_item": "", "entity": null, "hunger": 70.0627442063492}
[GdPAI | debug] ApplyEffect [After] ID=InstanceId(-9223370736352089177): agent props = {"held_item": "", "entity": null, "hunger": 70.0627442063492}
[GdPAI | debug]   Snapshotting prop: held_item = Str("") (Variant type: STRING)
[GdPAI | debug]   Snapshotting prop: entity = Nil (Variant type: NIL)
[GdPAI | debug]   Snapshotting prop: hunger = Float(70.0627442063492) (Variant type: FLOAT)
[GdPAI | debug] Discovery: Simulation success for Go To. Agent props: {"held_item": Str(""), "entity": Nil, "hunger": Float(70.0627442063492)}
[GdPAI | debug] Discovery: Action Go To satisfied precond Builtin { target: Agent, operation: Equal, property_name: "held_item", value: Some(Str("")) }
[GdPAI | debug] Found candidate: Go To (satisfied preconds: [0], requirements: [0, 1])
[GdPAI | debug] Discovery: Starting simulation for action Drop Item
WARNING: [GdPAI] ObjectRef(124621163998): object was freed before callback; returning Nil.
   at: gdplanningai_rust::logger::process_logs (src\logger.rs:66)
   GDScript backtrace (most recent call first):
       [0] _drain_scheduler (res://test/integration/test_campfire_example_smoke.gd:27)
WARNING: [GdPAI] ObjectRef(124621163998): object was freed before callback; returning Nil.
   at: gdplanningai_rust::logger::process_logs (src\logger.rs:66)
   GDScript backtrace (most recent call first):
       [0] _drain_scheduler (res://test/integration/test_campfire_example_smoke.gd:27)
[GdPAI | debug] GetCost: callable returned non-numeric value: null; returning INFINITY
WARNING: [GdPAI] ObjectRef(124621163998): object was freed before callback; returning Nil.
   at: gdplanningai_rust::logger::process_logs (src\logger.rs:66)
   GDScript backtrace (most recent call first):
       [0] _process (res://addons/GdPlanningAI/gdpai_autoload.gd:21)
WARNING: [GdPAI] ObjectRef(124621163998): object was freed before callback; returning Nil.
   at: gdplanningai_rust::logger::process_logs (src\logger.rs:66)
   GDScript backtrace (most recent call first):
       [0] _process (res://addons/GdPlanningAI/gdpai_autoload.gd:21)
[GdPAI | debug] ApplyEffect [Before] ID=InstanceId(-9223370734993134315): agent props = {"entity": null, "held_item": "", "hunger": 70.0627442063492}
[GdPAI | debug] ApplyEffect [After] ID=InstanceId(-9223370734993134315): agent props = {"entity": null, "held_item": "", "hunger": 70.0627442063492}
[GdPAI | debug]   Snapshotting prop: entity = Nil (Variant type: NIL)
[GdPAI | debug]   Snapshotting prop: held_item = Str("") (Variant type: STRING)
[GdPAI | debug]   Snapshotting prop: hunger = Float(70.0627442063492) (Variant type: FLOAT)
[GdPAI | debug] Discovery: Simulation success for Drop Item. Agent props: {"entity": Nil, "hunger": Float(70.0627442063492), "held_item": Str("")}
[GdPAI | debug] Discovery: Action Drop Item satisfied precond Builtin { target: Agent, operation: Equal, property_name: "held_item", value: Some(Str("")) }
[GdPAI | debug] Found candidate: Drop Item (satisfied preconds: [0], requirements: [])
[GdPAI | debug] Discovery: Starting simulation for action Add Fuel
WARNING: [GdPAI] ObjectRef(124621163998): object was freed before callback; returning Nil.
   at: gdplanningai_rust::logger::process_logs (src\logger.rs:66)
   GDScript backtrace (most recent call first):
       [0] _drain_scheduler (res://test/integration/test_campfire_example_smoke.gd:27)
WARNING: [GdPAI] ObjectRef(124621163998): object was freed before callback; returning Nil.
   at: gdplanningai_rust::logger::process_logs (src\logger.rs:66)
   GDScript backtrace (most recent call first):
       [0] _drain_scheduler (res://test/integration/test_campfire_example_smoke.gd:27)
[GdPAI | debug] GetCost: callable returned non-numeric value: null; returning INFINITY
WARNING: [GdPAI] ObjectRef(124621163998): object was freed before callback; returning Nil.
   at: gdplanningai_rust::logger::process_logs (src\logger.rs:66)
   GDScript backtrace (most recent call first):
       [0] _process (res://addons/GdPlanningAI/gdpai_autoload.gd:21)
WARNING: [GdPAI] ObjectRef(124621163998): object was freed before callback; returning Nil.
   at: gdplanningai_rust::logger::process_logs (src\logger.rs:66)
   GDScript backtrace (most recent call first):
       [0] _process (res://addons/GdPlanningAI/gdpai_autoload.gd:21)
[GdPAI | debug] ApplyEffect [Before] ID=InstanceId(-9223370733634179799): agent props = {"entity": null, "held_item": "wood", "hunger": 70.0627442063492}
[GdPAI | debug] ApplyEffect [After] ID=InstanceId(-9223370733634179799): agent props = {"entity": null, "held_item": "wood", "hunger": 70.0627442063492}
[GdPAI | debug]   Snapshotting prop: entity = Nil (Variant type: NIL)
[GdPAI | debug]   Snapshotting prop: held_item = Str("wood") (Variant type: STRING)
[GdPAI | debug]   Snapshotting prop: hunger = Float(70.0627442063492) (Variant type: FLOAT)
[GdPAI | debug] Discovery: Simulation success for Add Fuel. Agent props: {"held_item": Str("wood"), "hunger": Float(70.0627442063492), "entity": Nil}
[GdPAI | debug] Discovery: Action Add Fuel did NOT satisfy precond Builtin { target: Agent, operation: Equal, property_name: "held_item", value: Some(Str("")) }
WARNING: [GdPAI] ObjectRef(124621163998): object was freed before callback; returning Nil.
   at: gdplanningai_rust::logger::process_logs (src\logger.rs:66)
   GDScript backtrace (most recent call first):
       [0] _drain_scheduler (res://test/integration/test_campfire_example_smoke.gd:27)
WARNING: [GdPAI] ObjectRef(124621163998): object was freed before callback; returning Nil.
   at: gdplanningai_rust::logger::process_logs (src\logger.rs:66)
   GDScript backtrace (most recent call first):
       [0] _drain_scheduler (res://test/integration/test_campfire_example_smoke.gd:27)
[GdPAI | debug] Discovery: Action Cook Potato failed validity check, skipping
[GdPAI | debug] Discovery: Starting simulation for action Pick Up Wood
WARNING: [GdPAI] ObjectRef(124621163998): object was freed before callback; returning Nil.
   at: gdplanningai_rust::logger::process_logs (src\logger.rs:66)
   GDScript backtrace (most recent call first):
       [0] _process (res://addons/GdPlanningAI/gdpai_autoload.gd:21)
WARNING: [GdPAI] ObjectRef(124621163998): object was freed before callback; returning Nil.
   at: gdplanningai_rust::logger::process_logs (src\logger.rs:66)
   GDScript backtrace (most recent call first):
       [0] _process (res://addons/GdPlanningAI/gdpai_autoload.gd:21)
[GdPAI | debug] GetCost: callable returned non-numeric value: null; returning INFINITY
WARNING: [GdPAI] ObjectRef(124621163998): object was freed before callback; returning Nil.
   at: gdplanningai_rust::logger::process_logs (src\logger.rs:66)
   GDScript backtrace (most recent call first):
       [0] _drain_scheduler (res://test/integration/test_campfire_example_smoke.gd:27)
WARNING: [GdPAI] ObjectRef(124621163998): object was freed before callback; returning Nil.
   at: gdplanningai_rust::logger::process_logs (src\logger.rs:66)
   GDScript backtrace (most recent call first):
       [0] _drain_scheduler (res://test/integration/test_campfire_example_smoke.gd:27)
[GdPAI | debug] ApplyEffect [Before] ID=InstanceId(-9223370731604136618): agent props = {"hunger": 70.0627442063492, "held_item": "", "entity": null}
[GdPAI | debug] ApplyEffect [After] ID=InstanceId(-9223370731604136618): agent props = {"hunger": 70.0627442063492, "held_item": "", "entity": null}
[GdPAI | debug]   Snapshotting prop: hunger = Float(70.0627442063492) (Variant type: FLOAT)
[GdPAI | debug]   Snapshotting prop: held_item = Str("") (Variant type: STRING)
[GdPAI | debug]   Snapshotting prop: entity = Nil (Variant type: NIL)
[GdPAI | debug] Discovery: Simulation success for Pick Up Wood. Agent props: {"hunger": Float(70.0627442063492), "held_item": Str(""), "entity": Nil}
[GdPAI | debug] Discovery: Action Pick Up Wood satisfied precond Builtin { target: Agent, operation: Equal, property_name: "held_item", value: Some(Str("")) }
[GdPAI | debug] Found candidate: Pick Up Wood (satisfied preconds: [0], requirements: [])
[GdPAI | debug] Discovery: Starting simulation for action Pick Up Wood
WARNING: [GdPAI] ObjectRef(124621163998): object was freed before callback; returning Nil.
   at: gdplanningai_rust::logger::process_logs (src\logger.rs:66)
   GDScript backtrace (most recent call first):
       [0] _process (res://addons/GdPlanningAI/gdpai_autoload.gd:21)
WARNING: [GdPAI] ObjectRef(124621163998): object was freed before callback; returning Nil.
   at: gdplanningai_rust::logger::process_logs (src\logger.rs:66)
   GDScript backtrace (most recent call first):
       [0] _process (res://addons/GdPlanningAI/gdpai_autoload.gd:21)
[GdPAI | debug] GetCost: callable returned non-numeric value: null; returning INFINITY
WARNING: [GdPAI] ObjectRef(124621163998): object was freed before callback; returning Nil.
   at: gdplanningai_rust::logger::process_logs (src\logger.rs:66)
   GDScript backtrace (most recent call first):
       [0] _drain_scheduler (res://test/integration/test_campfire_example_smoke.gd:27)
WARNING: [GdPAI] ObjectRef(124621163998): object was freed before callback; returning Nil.
   at: gdplanningai_rust::logger::process_logs (src\logger.rs:66)
   GDScript backtrace (most recent call first):
       [0] _drain_scheduler (res://test/integration/test_campfire_example_smoke.gd:27)
[GdPAI | debug] ApplyEffect [Before] ID=InstanceId(-9223370730245182108): agent props = {"hunger": 70.0627442063492, "entity": null, "held_item": ""}
[GdPAI | debug] ApplyEffect [After] ID=InstanceId(-9223370730245182108): agent props = {"hunger": 70.0627442063492, "entity": null, "held_item": ""}
[GdPAI | debug]   Snapshotting prop: hunger = Float(70.0627442063492) (Variant type: FLOAT)
[GdPAI | debug]   Snapshotting prop: entity = Nil (Variant type: NIL)
[GdPAI | debug]   Snapshotting prop: held_item = Str("") (Variant type: STRING)
[GdPAI | debug] Discovery: Simulation success for Pick Up Wood. Agent props: {"entity": Nil, "held_item": Str(""), "hunger": Float(70.0627442063492)}
[GdPAI | debug] Discovery: Action Pick Up Wood satisfied precond Builtin { target: Agent, operation: Equal, property_name: "held_item", value: Some(Str("")) }
[GdPAI | debug] Found candidate: Pick Up Wood (satisfied preconds: [0], requirements: [])
[GdPAI | debug] Discovery: Starting simulation for action Pick Up Wood
WARNING: [GdPAI] ObjectRef(124621163998): object was freed before callback; returning Nil.
   at: gdplanningai_rust::logger::process_logs (src\logger.rs:66)
   GDScript backtrace (most recent call first):
       [0] _process (res://addons/GdPlanningAI/gdpai_autoload.gd:21)
WARNING: [GdPAI] ObjectRef(124621163998): object was freed before callback; returning Nil.
   at: gdplanningai_rust::logger::process_logs (src\logger.rs:66)
   GDScript backtrace (most recent call first):
       [0] _process (res://addons/GdPlanningAI/gdpai_autoload.gd:21)
[GdPAI | debug] GetCost: callable returned non-numeric value: null; returning INFINITY
WARNING: [GdPAI] ObjectRef(124621163998): object was freed before callback; returning Nil.
   at: gdplanningai_rust::logger::process_logs (src\logger.rs:66)
   GDScript backtrace (most recent call first):
       [0] _drain_scheduler (res://test/integration/test_campfire_example_smoke.gd:27)
WARNING: [GdPAI] ObjectRef(124621163998): object was freed before callback; returning Nil.
   at: gdplanningai_rust::logger::process_logs (src\logger.rs:66)
   GDScript backtrace (most recent call first):
       [0] _drain_scheduler (res://test/integration/test_campfire_example_smoke.gd:27)
[GdPAI | debug] ApplyEffect [Before] ID=InstanceId(-9223370728886227624): agent props = {"hunger": 70.0627442063492, "held_item": "", "entity": null}
[GdPAI | debug] ApplyEffect [After] ID=InstanceId(-9223370728886227624): agent props = {"hunger": 70.0627442063492, "held_item": "", "entity": null}
[GdPAI | debug]   Snapshotting prop: hunger = Float(70.0627442063492) (Variant type: FLOAT)
[GdPAI | debug]   Snapshotting prop: held_item = Str("") (Variant type: STRING)
[GdPAI | debug]   Snapshotting prop: entity = Nil (Variant type: NIL)
[GdPAI | debug] Discovery: Simulation success for Pick Up Wood. Agent props: {"hunger": Float(70.0627442063492), "held_item": Str(""), "entity": Nil}
[GdPAI | debug] Discovery: Action Pick Up Wood satisfied precond Builtin { target: Agent, operation: Equal, property_name: "held_item", value: Some(Str("")) }
[GdPAI | debug] Found candidate: Pick Up Wood (satisfied preconds: [0], requirements: [])
[GdPAI | debug] Discovery: Starting simulation for action Pick Up Wood
WARNING: [GdPAI] ObjectRef(124621163998): object was freed before callback; returning Nil.
   at: gdplanningai_rust::logger::process_logs (src\logger.rs:66)
   GDScript backtrace (most recent call first):
       [0] _process (res://addons/GdPlanningAI/gdpai_autoload.gd:21)
WARNING: [GdPAI] ObjectRef(124621163998): object was freed before callback; returning Nil.
   at: gdplanningai_rust::logger::process_logs (src\logger.rs:66)
   GDScript backtrace (most recent call first):
       [0] _process (res://addons/GdPlanningAI/gdpai_autoload.gd:21)
[GdPAI | debug] GetCost: callable returned non-numeric value: null; returning INFINITY
WARNING: [GdPAI] ObjectRef(124621163998): object was freed before callback; returning Nil.
   at: gdplanningai_rust::logger::process_logs (src\logger.rs:66)
   GDScript backtrace (most recent call first):
       [0] _drain_scheduler (res://test/integration/test_campfire_example_smoke.gd:27)
WARNING: [GdPAI] ObjectRef(124621163998): object was freed before callback; returning Nil.
   at: gdplanningai_rust::logger::process_logs (src\logger.rs:66)
   GDScript backtrace (most recent call first):
       [0] _drain_scheduler (res://test/integration/test_campfire_example_smoke.gd:27)
[GdPAI | debug] ApplyEffect [Before] ID=InstanceId(-9223370727527273189): agent props = {"held_item": "", "hunger": 70.0627442063492, "entity": null}
[GdPAI | debug] ApplyEffect [After] ID=InstanceId(-9223370727527273189): agent props = {"held_item": "", "hunger": 70.0627442063492, "entity": null}
[GdPAI | debug]   Snapshotting prop: held_item = Str("") (Variant type: STRING)
[GdPAI | debug]   Snapshotting prop: hunger = Float(70.0627442063492) (Variant type: FLOAT)
[GdPAI | debug]   Snapshotting prop: entity = Nil (Variant type: NIL)
[GdPAI | debug] Discovery: Simulation success for Pick Up Wood. Agent props: {"hunger": Float(70.0627442063492), "held_item": Str(""), "entity": Nil}
[GdPAI | debug] Discovery: Action Pick Up Wood satisfied precond Builtin { target: Agent, operation: Equal, property_name: "held_item", value: Some(Str("")) }
[GdPAI | debug] Found candidate: Pick Up Wood (satisfied preconds: [0], requirements: [])
WARNING: [GdPAI] ObjectRef(124621163998): object was freed before callback; returning Nil.
   at: gdplanningai_rust::logger::process_logs (src\logger.rs:66)
   GDScript backtrace (most recent call first):
       [0] _process (res://addons/GdPlanningAI/gdpai_autoload.gd:21)
WARNING: [GdPAI] ObjectRef(124621163998): object was freed before callback; returning Nil.
   at: gdplanningai_rust::logger::process_logs (src\logger.rs:66)
   GDScript backtrace (most recent call first):
       [0] _process (res://addons/GdPlanningAI/gdpai_autoload.gd:21)
[GdPAI | debug] Discovery: Action Dig Potato failed validity check, skipping
WARNING: [GdPAI] ObjectRef(124621163998): object was freed before callback; returning Nil.
   at: gdplanningai_rust::logger::process_logs (src\logger.rs:66)
   GDScript backtrace (most recent call first):
       [0] _drain_scheduler (res://test/integration/test_campfire_example_smoke.gd:27)
WARNING: [GdPAI] ObjectRef(124621163998): object was freed before callback; returning Nil.
   at: gdplanningai_rust::logger::process_logs (src\logger.rs:66)
   GDScript backtrace (most recent call first):
       [0] _drain_scheduler (res://test/integration/test_campfire_example_smoke.gd:27)
[GdPAI | debug] Discovery: Action Dig Potato failed validity check, skipping
WARNING: [GdPAI] ObjectRef(124621163998): object was freed before callback; returning Nil.
   at: gdplanningai_rust::logger::process_logs (src\logger.rs:66)
   GDScript backtrace (most recent call first):
       [0] _process (res://addons/GdPlanningAI/gdpai_autoload.gd:21)
WARNING: [GdPAI] ObjectRef(124621163998): object was freed before callback; returning Nil.
   at: gdplanningai_rust::logger::process_logs (src\logger.rs:66)
   GDScript backtrace (most recent call first):
       [0] _process (res://addons/GdPlanningAI/gdpai_autoload.gd:21)
[GdPAI | debug] Discovery: Action Dig Potato failed validity check, skipping
WARNING: [GdPAI] ObjectRef(124621163998): object was freed before callback; returning Nil.
   at: gdplanningai_rust::logger::process_logs (src\logger.rs:66)
   GDScript backtrace (most recent call first):
       [0] _drain_scheduler (res://test/integration/test_campfire_example_smoke.gd:27)
WARNING: [GdPAI] ObjectRef(124621163998): object was freed before callback; returning Nil.
   at: gdplanningai_rust::logger::process_logs (src\logger.rs:66)
   GDScript backtrace (most recent call first):
       [0] _drain_scheduler (res://test/integration/test_campfire_example_smoke.gd:27)
[GdPAI | debug] Discovery: Action Dig Potato failed validity check, skipping
WARNING: [GdPAI] ObjectRef(124621163998): object was freed before callback; returning Nil.
   at: gdplanningai_rust::logger::process_logs (src\logger.rs:66)
   GDScript backtrace (most recent call first):
       [0] _process (res://addons/GdPlanningAI/gdpai_autoload.gd:21)
WARNING: [GdPAI] ObjectRef(124621163998): object was freed before callback; returning Nil.
   at: gdplanningai_rust::logger::process_logs (src\logger.rs:66)
   GDScript backtrace (most recent call first):
       [0] _process (res://addons/GdPlanningAI/gdpai_autoload.gd:21)
[GdPAI | debug] Discovery: Action Dig Potato failed validity check, skipping
WARNING: [GdPAI] ObjectRef(124621163998): object was freed before callback; returning Nil.
   at: gdplanningai_rust::logger::process_logs (src\logger.rs:66)
   GDScript backtrace (most recent call first):
       [0] _drain_scheduler (res://test/integration/test_campfire_example_smoke.gd:27)
WARNING: [GdPAI] ObjectRef(124621163998): object was freed before callback; returning Nil.
   at: gdplanningai_rust::logger::process_logs (src\logger.rs:66)
   GDScript backtrace (most recent call first):
       [0] _drain_scheduler (res://test/integration/test_campfire_example_smoke.gd:27)
WARNING: [GdPAI] ObjectRef(124134624705): object was freed before callback; returning Nil.
   at: gdplanningai_rust::logger::process_logs (src\logger.rs:66)
   GDScript backtrace (most recent call first):
       [0] _drain_scheduler (res://test/integration/test_campfire_example_smoke.gd:27)
WARNING: [GdPAI] ObjectRef(125208366591): object was freed before callback; returning Nil.
   at: gdplanningai_rust::logger::process_logs (src\logger.rs:66)
   GDScript backtrace (most recent call first):
       [0] _drain_scheduler (res://test/integration/test_campfire_example_smoke.gd:27)
WARNING: [GdPAI] ObjectRef(124134624705): object was freed before callback; returning Nil.
   at: gdplanningai_rust::logger::process_logs (src\logger.rs:66)
   GDScript backtrace (most recent call first):
       [0] _drain_scheduler (res://test/integration/test_campfire_example_smoke.gd:27)
WARNING: [GdPAI] ObjectRef(125208366591): object was freed before callback; returning Nil.
   at: gdplanningai_rust::logger::process_logs (src\logger.rs:66)
   GDScript backtrace (most recent call first):
       [0] _drain_scheduler (res://test/integration/test_campfire_example_smoke.gd:27)
[GdPAI | debug] GetCost: callable returned non-numeric value: null; returning INFINITY
WARNING: [GdPAI] ObjectRef(124621163998): object was freed before callback; returning Nil.
   at: gdplanningai_rust::logger::process_logs (src\logger.rs:66)
   GDScript backtrace (most recent call first):
       [0] _process (res://addons/GdPlanningAI/gdpai_autoload.gd:21)
WARNING: [GdPAI] ObjectRef(124621163998): object was freed before callback; returning Nil.
   at: gdplanningai_rust::logger::process_logs (src\logger.rs:66)
   GDScript backtrace (most recent call first):
       [0] _process (res://addons/GdPlanningAI/gdpai_autoload.gd:21)
WARNING: [GdPAI] ObjectRef(124134624705): object was freed before callback; returning Nil.
   at: gdplanningai_rust::logger::process_logs (src\logger.rs:66)
   GDScript backtrace (most recent call first):
       [0] _process (res://addons/GdPlanningAI/gdpai_autoload.gd:21)
WARNING: [GdPAI] ObjectRef(125208366591): object was freed before callback; returning Nil.
   at: gdplanningai_rust::logger::process_logs (src\logger.rs:66)
   GDScript backtrace (most recent call first):
       [0] _process (res://addons/GdPlanningAI/gdpai_autoload.gd:21)
WARNING: [GdPAI] ObjectRef(124134624705): object was freed before callback; returning Nil.
   at: gdplanningai_rust::logger::process_logs (src\logger.rs:66)
   GDScript backtrace (most recent call first):
       [0] _process (res://addons/GdPlanningAI/gdpai_autoload.gd:21)
WARNING: [GdPAI] ObjectRef(125208366591): object was freed before callback; returning Nil.
   at: gdplanningai_rust::logger::process_logs (src\logger.rs:66)
   GDScript backtrace (most recent call first):
       [0] _process (res://addons/GdPlanningAI/gdpai_autoload.gd:21)
[GdPAI | debug] ApplyEffect [Before] ID=InstanceId(-9223370722561217159): agent props = {"held_item": "", "hunger": 70.0627442063492, "entity": null, "at_target": null}
[GdPAI | debug] ApplyEffect [After] ID=InstanceId(-9223370722561217159): agent props = {"held_item": "", "hunger": 70.0627442063492, "entity": null, "at_target": null}
[GdPAI | debug]   Snapshotting prop: held_item = Str("") (Variant type: STRING)
[GdPAI | debug]   Snapshotting prop: hunger = Float(70.0627442063492) (Variant type: FLOAT)
[GdPAI | debug]   Snapshotting prop: entity = Nil (Variant type: NIL)
[GdPAI | debug]   Snapshotting prop: at_target = Nil (Variant type: NIL)
WARNING: [GdPAI] ObjectRef(124621163998): object was freed before callback; returning Nil.
   at: gdplanningai_rust::logger::process_logs (src\logger.rs:66)
   GDScript backtrace (most recent call first):
       [0] _drain_scheduler (res://test/integration/test_campfire_example_smoke.gd:27)
WARNING: [GdPAI] ObjectRef(125208366591): object was freed before callback; returning Nil.
   at: gdplanningai_rust::logger::process_logs (src\logger.rs:66)
   GDScript backtrace (most recent call first):
       [0] _drain_scheduler (res://test/integration/test_campfire_example_smoke.gd:27)
WARNING: [GdPAI] ObjectRef(125208366591): object was freed before callback; returning Nil.
   at: gdplanningai_rust::logger::process_logs (src\logger.rs:66)
   GDScript backtrace (most recent call first):
       [0] _drain_scheduler (res://test/integration/test_campfire_example_smoke.gd:27)
[GdPAI | debug] GetCost: callable returned non-numeric value: null; returning INFINITY
WARNING: [GdPAI] ObjectRef(124621163998): object was freed before callback; returning Nil.
   at: gdplanningai_rust::logger::process_logs (src\logger.rs:66)
   GDScript backtrace (most recent call first):
       [0] _process (res://addons/GdPlanningAI/gdpai_autoload.gd:21)
WARNING: [GdPAI] ObjectRef(125208366591): object was freed before callback; returning Nil.
   at: gdplanningai_rust::logger::process_logs (src\logger.rs:66)
   GDScript backtrace (most recent call first):
       [0] _process (res://addons/GdPlanningAI/gdpai_autoload.gd:21)
WARNING: [GdPAI] ObjectRef(125208366591): object was freed before callback; returning Nil.
   at: gdplanningai_rust::logger::process_logs (src\logger.rs:66)
   GDScript backtrace (most recent call first):
       [0] _process (res://addons/GdPlanningAI/gdpai_autoload.gd:21)
[GdPAI | debug] ApplyEffect [Before] ID=InstanceId(-9223370720950604419): agent props = {"hunger": 70.0627442063492, "at_target": null, "held_item": "", "entity": null}
[GdPAI | debug] ApplyEffect [After] ID=InstanceId(-9223370720950604419): agent props = {"hunger": 70.0627442063492, "at_target": null, "held_item": "", "entity": null}
[GdPAI | debug]   Snapshotting prop: hunger = Float(70.0627442063492) (Variant type: FLOAT)
[GdPAI | debug]   Snapshotting prop: at_target = Nil (Variant type: NIL)
[GdPAI | debug]   Snapshotting prop: held_item = Str("") (Variant type: STRING)
[GdPAI | debug]   Snapshotting prop: entity = Nil (Variant type: NIL)
WARNING: [GdPAI] ObjectRef(124621163998): object was freed before callback; returning Nil.
   at: gdplanningai_rust::logger::process_logs (src\logger.rs:66)
   GDScript backtrace (most recent call first):
       [0] _drain_scheduler (res://test/integration/test_campfire_example_smoke.gd:27)
WARNING: [GdPAI] ObjectRef(124134624705): object was freed before callback; returning Nil.
   at: gdplanningai_rust::logger::process_logs (src\logger.rs:66)
   GDScript backtrace (most recent call first):
       [0] _drain_scheduler (res://test/integration/test_campfire_example_smoke.gd:27)
WARNING: [GdPAI] ObjectRef(124134624705): object was freed before callback; returning Nil.
   at: gdplanningai_rust::logger::process_logs (src\logger.rs:66)
   GDScript backtrace (most recent call first):
       [0] _drain_scheduler (res://test/integration/test_campfire_example_smoke.gd:27)
[GdPAI | debug] GetCost: callable returned non-numeric value: null; returning INFINITY
WARNING: [GdPAI] ObjectRef(124621163998): object was freed before callback; returning Nil.
   at: gdplanningai_rust::logger::process_logs (src\logger.rs:66)
   GDScript backtrace (most recent call first):
       [0] _process (res://addons/GdPlanningAI/gdpai_autoload.gd:21)
WARNING: [GdPAI] ObjectRef(124134624705): object was freed before callback; returning Nil.
   at: gdplanningai_rust::logger::process_logs (src\logger.rs:66)
   GDScript backtrace (most recent call first):
       [0] _process (res://addons/GdPlanningAI/gdpai_autoload.gd:21)
WARNING: [GdPAI] ObjectRef(124134624705): object was freed before callback; returning Nil.
   at: gdplanningai_rust::logger::process_logs (src\logger.rs:66)
   GDScript backtrace (most recent call first):
       [0] _process (res://addons/GdPlanningAI/gdpai_autoload.gd:21)
[GdPAI | debug] ApplyEffect [Before] ID=InstanceId(-9223370719490986551): agent props = {"hunger": 70.0627442063492, "entity": null, "at_target": null, "held_item": ""}
[GdPAI | debug] ApplyEffect [After] ID=InstanceId(-9223370719490986551): agent props = {"hunger": 70.0627442063492, "entity": null, "at_target": null, "held_item": ""}
[GdPAI | debug]   Snapshotting prop: hunger = Float(70.0627442063492) (Variant type: FLOAT)
[GdPAI | debug]   Snapshotting prop: entity = Nil (Variant type: NIL)
[GdPAI | debug]   Snapshotting prop: at_target = Nil (Variant type: NIL)
[GdPAI | debug]   Snapshotting prop: held_item = Str("") (Variant type: STRING)
WARNING: [GdPAI] ObjectRef(124621163998): object was freed before callback; returning Nil.
   at: gdplanningai_rust::logger::process_logs (src\logger.rs:66)
   GDScript backtrace (most recent call first):
       [0] _drain_scheduler (res://test/integration/test_campfire_example_smoke.gd:27)
[GdPAI | debug] GetCost: callable returned non-numeric value: null; returning INFINITY
WARNING: [GdPAI] ObjectRef(124621163998): object was freed before callback; returning Nil.
   at: gdplanningai_rust::logger::process_logs (src\logger.rs:66)
   GDScript backtrace (most recent call first):
       [0] _process (res://addons/GdPlanningAI/gdpai_autoload.gd:21)
[GdPAI | debug] ApplyEffect [Before] ID=InstanceId(-9223370718132032067): agent props = {"entity": null, "hunger": 70.0627442063492, "at_target": null, "held_item": "wood"}
[GdPAI | debug] ApplyEffect [After] ID=InstanceId(-9223370718132032067): agent props = {"entity": null, "hunger": 70.0627442063492, "at_target": null, "held_item": "wood"}
[GdPAI | debug]   Snapshotting prop: entity = Nil (Variant type: NIL)
[GdPAI | debug]   Snapshotting prop: hunger = Float(70.0627442063492) (Variant type: FLOAT)
[GdPAI | debug]   Snapshotting prop: at_target = Nil (Variant type: NIL)
[GdPAI | debug]   Snapshotting prop: held_item = Str("wood") (Variant type: STRING)
WARNING: [GdPAI] ObjectRef(124621163998): object was freed before callback; returning Nil.
   at: gdplanningai_rust::logger::process_logs (src\logger.rs:66)
   GDScript backtrace (most recent call first):
       [0] _drain_scheduler (res://test/integration/test_campfire_example_smoke.gd:27)
WARNING: [GdPAI] ObjectRef(124621163998): object was freed before callback; returning Nil.
   at: gdplanningai_rust::logger::process_logs (src\logger.rs:66)
   GDScript backtrace (most recent call first):
       [0] _drain_scheduler (res://test/integration/test_campfire_example_smoke.gd:27)
[GdPAI | debug] GetCost: callable returned non-numeric value: null; returning INFINITY
WARNING: [GdPAI] ObjectRef(124621163998): object was freed before callback; returning Nil.
   at: gdplanningai_rust::logger::process_logs (src\logger.rs:66)
   GDScript backtrace (most recent call first):
       [0] _process (res://addons/GdPlanningAI/gdpai_autoload.gd:21)
WARNING: [GdPAI] ObjectRef(124621163998): object was freed before callback; returning Nil.
   at: gdplanningai_rust::logger::process_logs (src\logger.rs:66)
   GDScript backtrace (most recent call first):
       [0] _process (res://addons/GdPlanningAI/gdpai_autoload.gd:21)
[GdPAI | debug] ApplyEffect [Before] ID=InstanceId(-9223370716823409188): agent props = {"entity": null, "held_item": "", "hunger": 70.0627442063492}
[GdPAI | debug] ApplyEffect [After] ID=InstanceId(-9223370716823409188): agent props = {"entity": null, "held_item": "", "hunger": 70.0627442063492}
[GdPAI | debug]   Snapshotting prop: entity = Nil (Variant type: NIL)
[GdPAI | debug]   Snapshotting prop: held_item = Str("") (Variant type: STRING)
[GdPAI | debug]   Snapshotting prop: hunger = Float(70.0627442063492) (Variant type: FLOAT)
WARNING: [GdPAI] ObjectRef(124621163998): object was freed before callback; returning Nil.
   at: gdplanningai_rust::logger::process_logs (src\logger.rs:66)
   GDScript backtrace (most recent call first):
       [0] _drain_scheduler (res://test/integration/test_campfire_example_smoke.gd:27)
[GdPAI | debug] GetCost: callable returned non-numeric value: null; returning INFINITY
WARNING: [GdPAI] ObjectRef(124621163998): object was freed before callback; returning Nil.
   at: gdplanningai_rust::logger::process_logs (src\logger.rs:66)
   GDScript backtrace (most recent call first):
       [0] _process (res://addons/GdPlanningAI/gdpai_autoload.gd:21)
[GdPAI | debug] ApplyEffect [Before] ID=InstanceId(-9223370715514786386): agent props = {"entity": null, "hunger": 70.0627442063492, "held_item": ""}
[GdPAI | debug] ApplyEffect [After] ID=InstanceId(-9223370715514786386): agent props = {"entity": null, "hunger": 70.0627442063492, "held_item": ""}
[GdPAI | debug]   Snapshotting prop: entity = Nil (Variant type: NIL)
[GdPAI | debug]   Snapshotting prop: hunger = Float(70.0627442063492) (Variant type: FLOAT)
[GdPAI | debug]   Snapshotting prop: held_item = Str("") (Variant type: STRING)
WARNING: [GdPAI] ObjectRef(124621163998): object was freed before callback; returning Nil.
   at: gdplanningai_rust::logger::process_logs (src\logger.rs:66)
   GDScript backtrace (most recent call first):
       [0] _drain_scheduler (res://test/integration/test_campfire_example_smoke.gd:27)
[GdPAI | debug] GetCost: callable returned non-numeric value: null; returning INFINITY
WARNING: [GdPAI] ObjectRef(124621163998): object was freed before callback; returning Nil.
   at: gdplanningai_rust::logger::process_logs (src\logger.rs:66)
   GDScript backtrace (most recent call first):
       [0] _process (res://addons/GdPlanningAI/gdpai_autoload.gd:21)
[GdPAI | debug] ApplyEffect [Before] ID=InstanceId(-9223370714256495115): agent props = {"entity": null, "held_item": "", "hunger": 70.0627442063492}
[GdPAI | debug] ApplyEffect [After] ID=InstanceId(-9223370714256495115): agent props = {"entity": null, "held_item": "", "hunger": 70.0627442063492}
[GdPAI | debug]   Snapshotting prop: entity = Nil (Variant type: NIL)
[GdPAI | debug]   Snapshotting prop: held_item = Str("") (Variant type: STRING)
[GdPAI | debug]   Snapshotting prop: hunger = Float(70.0627442063492) (Variant type: FLOAT)
WARNING: [GdPAI] ObjectRef(124621163998): object was freed before callback; returning Nil.
   at: gdplanningai_rust::logger::process_logs (src\logger.rs:66)
   GDScript backtrace (most recent call first):
       [0] _drain_scheduler (res://test/integration/test_campfire_example_smoke.gd:27)
[GdPAI | debug] GetCost: callable returned non-numeric value: null; returning INFINITY
WARNING: [GdPAI] ObjectRef(124621163998): object was freed before callback; returning Nil.
   at: gdplanningai_rust::logger::process_logs (src\logger.rs:66)
   GDScript backtrace (most recent call first):
       [0] _process (res://addons/GdPlanningAI/gdpai_autoload.gd:21)
[GdPAI | debug] ApplyEffect [Before] ID=InstanceId(-9223370712998203966): agent props = {"hunger": 70.0627442063492, "entity": null, "held_item": "wood"}
[GdPAI | debug] ApplyEffect [After] ID=InstanceId(-9223370712998203966): agent props = {"hunger": 70.0627442063492, "entity": null, "held_item": "wood"}
[GdPAI | debug]   Snapshotting prop: hunger = Float(70.0627442063492) (Variant type: FLOAT)
[GdPAI | debug]   Snapshotting prop: entity = Nil (Variant type: NIL)
[GdPAI | debug]   Snapshotting prop: held_item = Str("wood") (Variant type: STRING)
[GdPAI | debug] Numeric comparison: 70.0627442063492 GreaterThan 0 -> true
WARNING: [GdPAI] ObjectRef(124621163998): object was freed before callback; returning Nil.
   at: gdplanningai_rust::logger::process_logs (src\logger.rs:66)
   GDScript backtrace (most recent call first):
       [0] _drain_scheduler (res://test/integration/test_campfire_example_smoke.gd:27)
WARNING: [GdPAI] ObjectRef(124621163998): object was freed before callback; returning Nil.
   at: gdplanningai_rust::logger::process_logs (src\logger.rs:66)
   GDScript backtrace (most recent call first):
       [0] _drain_scheduler (res://test/integration/test_campfire_example_smoke.gd:27)
WARNING: [GdPAI] ObjectRef(124134624705): object was freed before callback; returning Nil.
   at: gdplanningai_rust::logger::process_logs (src\logger.rs:66)
   GDScript backtrace (most recent call first):
       [0] _drain_scheduler (res://test/integration/test_campfire_example_smoke.gd:27)
WARNING: [GdPAI] ObjectRef(125208366591): object was freed before callback; returning Nil.
   at: gdplanningai_rust::logger::process_logs (src\logger.rs:66)
   GDScript backtrace (most recent call first):
       [0] _drain_scheduler (res://test/integration/test_campfire_example_smoke.gd:27)
WARNING: [GdPAI] ObjectRef(124134624705): object was freed before callback; returning Nil.
   at: gdplanningai_rust::logger::process_logs (src\logger.rs:66)
   GDScript backtrace (most recent call first):
       [0] _drain_scheduler (res://test/integration/test_campfire_example_smoke.gd:27)
WARNING: [GdPAI] ObjectRef(125208366591): object was freed before callback; returning Nil.
   at: gdplanningai_rust::logger::process_logs (src\logger.rs:66)
   GDScript backtrace (most recent call first):
       [0] _drain_scheduler (res://test/integration/test_campfire_example_smoke.gd:27)
[GdPAI | debug] GetCost: callable returned non-numeric value: null; returning INFINITY
WARNING: [GdPAI] ObjectRef(124621163998): object was freed before callback; returning Nil.
   at: gdplanningai_rust::logger::process_logs (src\logger.rs:66)
   GDScript backtrace (most recent call first):
       [0] _process (res://addons/GdPlanningAI/gdpai_autoload.gd:21)
WARNING: [GdPAI] ObjectRef(124621163998): object was freed before callback; returning Nil.
   at: gdplanningai_rust::logger::process_logs (src\logger.rs:66)
   GDScript backtrace (most recent call first):
       [0] _process (res://addons/GdPlanningAI/gdpai_autoload.gd:21)
WARNING: [GdPAI] ObjectRef(124134624705): object was freed before callback; returning Nil.
   at: gdplanningai_rust::logger::process_logs (src\logger.rs:66)
   GDScript backtrace (most recent call first):
       [0] _process (res://addons/GdPlanningAI/gdpai_autoload.gd:21)
WARNING: [GdPAI] ObjectRef(125208366591): object was freed before callback; returning Nil.
   at: gdplanningai_rust::logger::process_logs (src\logger.rs:66)
   GDScript backtrace (most recent call first):
       [0] _process (res://addons/GdPlanningAI/gdpai_autoload.gd:21)
WARNING: [GdPAI] ObjectRef(124134624705): object was freed before callback; returning Nil.
   at: gdplanningai_rust::logger::process_logs (src\logger.rs:66)
   GDScript backtrace (most recent call first):
       [0] _process (res://addons/GdPlanningAI/gdpai_autoload.gd:21)
WARNING: [GdPAI] ObjectRef(125208366591): object was freed before callback; returning Nil.
   at: gdplanningai_rust::logger::process_logs (src\logger.rs:66)
   GDScript backtrace (most recent call first):
       [0] _process (res://addons/GdPlanningAI/gdpai_autoload.gd:21)
[GdPAI | debug] ApplyEffect [Before] ID=InstanceId(-9223370711488254458): agent props = {"entity": null, "held_item": "", "at_target": null, "hunger": 70.0627442063492}
[GdPAI | debug] ApplyEffect [After] ID=InstanceId(-9223370711488254458): agent props = {"entity": null, "held_item": "", "at_target": null, "hunger": 70.0627442063492}
[GdPAI | debug]   Snapshotting prop: entity = Nil (Variant type: NIL)
[GdPAI | debug]   Snapshotting prop: held_item = Str("") (Variant type: STRING)
[GdPAI | debug]   Snapshotting prop: at_target = Nil (Variant type: NIL)
[GdPAI | debug]   Snapshotting prop: hunger = Float(70.0627442063492) (Variant type: FLOAT)
WARNING: [GdPAI] ObjectRef(124621163998): object was freed before callback; returning Nil.
   at: gdplanningai_rust::logger::process_logs (src\logger.rs:66)
   GDScript backtrace (most recent call first):
       [0] _drain_scheduler (res://test/integration/test_campfire_example_smoke.gd:27)
WARNING: [GdPAI] ObjectRef(125208366591): object was freed before callback; returning Nil.
   at: gdplanningai_rust::logger::process_logs (src\logger.rs:66)
   GDScript backtrace (most recent call first):
       [0] _drain_scheduler (res://test/integration/test_campfire_example_smoke.gd:27)
WARNING: [GdPAI] ObjectRef(125208366591): object was freed before callback; returning Nil.
   at: gdplanningai_rust::logger::process_logs (src\logger.rs:66)
   GDScript backtrace (most recent call first):
       [0] _drain_scheduler (res://test/integration/test_campfire_example_smoke.gd:27)
[GdPAI | debug] GetCost: callable returned non-numeric value: null; returning INFINITY
WARNING: [GdPAI] ObjectRef(124621163998): object was freed before callback; returning Nil.
   at: gdplanningai_rust::logger::process_logs (src\logger.rs:66)
   GDScript backtrace (most recent call first):
       [0] _process (res://addons/GdPlanningAI/gdpai_autoload.gd:21)
WARNING: [GdPAI] ObjectRef(125208366591): object was freed before callback; returning Nil.
   at: gdplanningai_rust::logger::process_logs (src\logger.rs:66)
   GDScript backtrace (most recent call first):
       [0] _process (res://addons/GdPlanningAI/gdpai_autoload.gd:21)
WARNING: [GdPAI] ObjectRef(125208366591): object was freed before callback; returning Nil.
   at: gdplanningai_rust::logger::process_logs (src\logger.rs:66)
   GDScript backtrace (most recent call first):
       [0] _process (res://addons/GdPlanningAI/gdpai_autoload.gd:21)
[GdPAI | debug] ApplyEffect [Before] ID=InstanceId(-9223370709877641741): agent props = {"held_item": "", "at_target": null, "entity": null, "hunger": 70.0627442063492}
[GdPAI | debug] ApplyEffect [After] ID=InstanceId(-9223370709877641741): agent props = {"held_item": "", "at_target": null, "entity": null, "hunger": 70.0627442063492}
[GdPAI | debug]   Snapshotting prop: held_item = Str("") (Variant type: STRING)
[GdPAI | debug]   Snapshotting prop: at_target = Nil (Variant type: NIL)
[GdPAI | debug]   Snapshotting prop: entity = Nil (Variant type: NIL)
[GdPAI | debug]   Snapshotting prop: hunger = Float(70.0627442063492) (Variant type: FLOAT)
WARNING: [GdPAI] ObjectRef(124621163998): object was freed before callback; returning Nil.
   at: gdplanningai_rust::logger::process_logs (src\logger.rs:66)
   GDScript backtrace (most recent call first):
       [0] _drain_scheduler (res://test/integration/test_campfire_example_smoke.gd:27)
WARNING: [GdPAI] ObjectRef(124134624705): object was freed before callback; returning Nil.
   at: gdplanningai_rust::logger::process_logs (src\logger.rs:66)
   GDScript backtrace (most recent call first):
       [0] _drain_scheduler (res://test/integration/test_campfire_example_smoke.gd:27)
WARNING: [GdPAI] ObjectRef(124134624705): object was freed before callback; returning Nil.
   at: gdplanningai_rust::logger::process_logs (src\logger.rs:66)
   GDScript backtrace (most recent call first):
       [0] _drain_scheduler (res://test/integration/test_campfire_example_smoke.gd:27)
[GdPAI | debug] GetCost: callable returned non-numeric value: null; returning INFINITY
WARNING: [GdPAI] ObjectRef(124621163998): object was freed before callback; returning Nil.
   at: gdplanningai_rust::logger::process_logs (src\logger.rs:66)
   GDScript backtrace (most recent call first):
       [0] _process (res://addons/GdPlanningAI/gdpai_autoload.gd:21)
WARNING: [GdPAI] ObjectRef(124134624705): object was freed before callback; returning Nil.
   at: gdplanningai_rust::logger::process_logs (src\logger.rs:66)
   GDScript backtrace (most recent call first):
       [0] _process (res://addons/GdPlanningAI/gdpai_autoload.gd:21)
WARNING: [GdPAI] ObjectRef(124134624705): object was freed before callback; returning Nil.
   at: gdplanningai_rust::logger::process_logs (src\logger.rs:66)
   GDScript backtrace (most recent call first):
       [0] _process (res://addons/GdPlanningAI/gdpai_autoload.gd:21)
[GdPAI | debug] ApplyEffect [Before] ID=InstanceId(-9223370708418023893): agent props = {"entity": null, "held_item": "", "hunger": 70.0627442063492, "at_target": null}
[GdPAI | debug] ApplyEffect [After] ID=InstanceId(-9223370708418023893): agent props = {"entity": null, "held_item": "", "hunger": 70.0627442063492, "at_target": null}
[GdPAI | debug]   Snapshotting prop: entity = Nil (Variant type: NIL)
[GdPAI | debug]   Snapshotting prop: held_item = Str("") (Variant type: STRING)
[GdPAI | debug]   Snapshotting prop: hunger = Float(70.0627442063492) (Variant type: FLOAT)
[GdPAI | debug]   Snapshotting prop: at_target = Nil (Variant type: NIL)
WARNING: [GdPAI] ObjectRef(124621163998): object was freed before callback; returning Nil.
   at: gdplanningai_rust::logger::process_logs (src\logger.rs:66)
   GDScript backtrace (most recent call first):
       [0] _drain_scheduler (res://test/integration/test_campfire_example_smoke.gd:27)
[GdPAI | debug] GetCost: callable returned non-numeric value: null; returning INFINITY
WARNING: [GdPAI] ObjectRef(124621163998): object was freed before callback; returning Nil.
   at: gdplanningai_rust::logger::process_logs (src\logger.rs:66)
   GDScript backtrace (most recent call first):
       [0] _process (res://addons/GdPlanningAI/gdpai_autoload.gd:21)
[GdPAI | debug] ApplyEffect [Before] ID=InstanceId(-9223370707059069367): agent props = {"at_target": null, "held_item": "wood", "entity": null, "hunger": 70.0627442063492}
[GdPAI | debug] ApplyEffect [After] ID=InstanceId(-9223370707059069367): agent props = {"at_target": null, "held_item": "wood", "entity": null, "hunger": 70.0627442063492}
[GdPAI | debug]   Snapshotting prop: at_target = Nil (Variant type: NIL)
[GdPAI | debug]   Snapshotting prop: held_item = Str("wood") (Variant type: STRING)
[GdPAI | debug]   Snapshotting prop: entity = Nil (Variant type: NIL)
[GdPAI | debug]   Snapshotting prop: hunger = Float(70.0627442063492) (Variant type: FLOAT)
WARNING: [GdPAI] ObjectRef(124621163998): object was freed before callback; returning Nil.
   at: gdplanningai_rust::logger::process_logs (src\logger.rs:66)
   GDScript backtrace (most recent call first):
       [0] _drain_scheduler (res://test/integration/test_campfire_example_smoke.gd:27)
WARNING: [GdPAI] ObjectRef(124621163998): object was freed before callback; returning Nil.
   at: gdplanningai_rust::logger::process_logs (src\logger.rs:66)
   GDScript backtrace (most recent call first):
       [0] _drain_scheduler (res://test/integration/test_campfire_example_smoke.gd:27)
[GdPAI | debug] GetCost: callable returned non-numeric value: null; returning INFINITY
WARNING: [GdPAI] ObjectRef(124621163998): object was freed before callback; returning Nil.
   at: gdplanningai_rust::logger::process_logs (src\logger.rs:66)
   GDScript backtrace (most recent call first):
       [0] _process (res://addons/GdPlanningAI/gdpai_autoload.gd:21)
WARNING: [GdPAI] ObjectRef(124621163998): object was freed before callback; returning Nil.
   at: gdplanningai_rust::logger::process_logs (src\logger.rs:66)
   GDScript backtrace (most recent call first):
       [0] _process (res://addons/GdPlanningAI/gdpai_autoload.gd:21)
[GdPAI | debug] ApplyEffect [Before] ID=InstanceId(-9223370705750446500): agent props = {"held_item": "", "hunger": 70.0627442063492, "entity": null}
[GdPAI | debug] ApplyEffect [After] ID=InstanceId(-9223370705750446500): agent props = {"held_item": "", "hunger": 70.0627442063492, "entity": null}
[GdPAI | debug]   Snapshotting prop: held_item = Str("") (Variant type: STRING)
[GdPAI | debug]   Snapshotting prop: hunger = Float(70.0627442063492) (Variant type: FLOAT)
[GdPAI | debug]   Snapshotting prop: entity = Nil (Variant type: NIL)
WARNING: [GdPAI] ObjectRef(124621163998): object was freed before callback; returning Nil.
   at: gdplanningai_rust::logger::process_logs (src\logger.rs:66)
   GDScript backtrace (most recent call first):
       [0] _drain_scheduler (res://test/integration/test_campfire_example_smoke.gd:27)
[GdPAI | debug] GetCost: callable returned non-numeric value: null; returning INFINITY
WARNING: [GdPAI] ObjectRef(124621163998): object was freed before callback; returning Nil.
   at: gdplanningai_rust::logger::process_logs (src\logger.rs:66)
   GDScript backtrace (most recent call first):
       [0] _process (res://addons/GdPlanningAI/gdpai_autoload.gd:21)
[GdPAI | debug] ApplyEffect [Before] ID=InstanceId(-9223370704441823659): agent props = {"entity": null, "held_item": "", "hunger": 70.0627442063492}
[GdPAI | debug] ApplyEffect [After] ID=InstanceId(-9223370704441823659): agent props = {"entity": null, "held_item": "", "hunger": 70.0627442063492}
[GdPAI | debug]   Snapshotting prop: entity = Nil (Variant type: NIL)
[GdPAI | debug]   Snapshotting prop: held_item = Str("") (Variant type: STRING)
[GdPAI | debug]   Snapshotting prop: hunger = Float(70.0627442063492) (Variant type: FLOAT)
WARNING: [GdPAI] ObjectRef(124621163998): object was freed before callback; returning Nil.
   at: gdplanningai_rust::logger::process_logs (src\logger.rs:66)
   GDScript backtrace (most recent call first):
       [0] _drain_scheduler (res://test/integration/test_campfire_example_smoke.gd:27)
[GdPAI | debug] GetCost: callable returned non-numeric value: null; returning INFINITY
WARNING: [GdPAI] ObjectRef(124621163998): object was freed before callback; returning Nil.
   at: gdplanningai_rust::logger::process_logs (src\logger.rs:66)
   GDScript backtrace (most recent call first):
       [0] _process (res://addons/GdPlanningAI/gdpai_autoload.gd:21)
[GdPAI | debug] ApplyEffect [Before] ID=InstanceId(-9223370703183532466): agent props = {"hunger": 70.0627442063492, "entity": null, "held_item": ""}
[GdPAI | debug] ApplyEffect [After] ID=InstanceId(-9223370703183532466): agent props = {"hunger": 70.0627442063492, "entity": null, "held_item": ""}
[GdPAI | debug]   Snapshotting prop: hunger = Float(70.0627442063492) (Variant type: FLOAT)
[GdPAI | debug]   Snapshotting prop: entity = Nil (Variant type: NIL)
[GdPAI | debug]   Snapshotting prop: held_item = Str("") (Variant type: STRING)
WARNING: [GdPAI] ObjectRef(124621163998): object was freed before callback; returning Nil.
   at: gdplanningai_rust::logger::process_logs (src\logger.rs:66)
   GDScript backtrace (most recent call first):
       [0] _drain_scheduler (res://test/integration/test_campfire_example_smoke.gd:27)
[GdPAI | debug] GetCost: callable returned non-numeric value: null; returning INFINITY
WARNING: [GdPAI] ObjectRef(124621163998): object was freed before callback; returning Nil.
   at: gdplanningai_rust::logger::process_logs (src\logger.rs:66)
   GDScript backtrace (most recent call first):
       [0] _process (res://addons/GdPlanningAI/gdpai_autoload.gd:21)
[GdPAI | debug] ApplyEffect [Before] ID=InstanceId(-9223370701925241231): agent props = {"held_item": "wood", "hunger": 70.0627442063492, "entity": null}
[GdPAI | debug] ApplyEffect [After] ID=InstanceId(-9223370701925241231): agent props = {"held_item": "wood", "hunger": 70.0627442063492, "entity": null}
[GdPAI | debug]   Snapshotting prop: held_item = Str("wood") (Variant type: STRING)
[GdPAI | debug]   Snapshotting prop: hunger = Float(70.0627442063492) (Variant type: FLOAT)
[GdPAI | debug]   Snapshotting prop: entity = Nil (Variant type: NIL)
WARNING: [GdPAI] ObjectRef(124621163998): object was freed before callback; returning Nil.
   at: gdplanningai_rust::logger::process_logs (src\logger.rs:66)
   GDScript backtrace (most recent call first):
       [0] _drain_scheduler (res://test/integration/test_campfire_example_smoke.gd:27)
WARNING: [GdPAI] ObjectRef(124621163998): object was freed before callback; returning Nil.
   at: gdplanningai_rust::logger::process_logs (src\logger.rs:66)
   GDScript backtrace (most recent call first):
       [0] _drain_scheduler (res://test/integration/test_campfire_example_smoke.gd:27)
[GdPAI | debug] GetCost: callable returned non-numeric value: null; returning INFINITY
WARNING: [GdPAI] ObjectRef(124621163998): object was freed before callback; returning Nil.
   at: gdplanningai_rust::logger::process_logs (src\logger.rs:66)
   GDScript backtrace (most recent call first):
       [0] _process (res://addons/GdPlanningAI/gdpai_autoload.gd:21)
WARNING: [GdPAI] ObjectRef(124621163998): object was freed before callback; returning Nil.
   at: gdplanningai_rust::logger::process_logs (src\logger.rs:66)
   GDScript backtrace (most recent call first):
       [0] _process (res://addons/GdPlanningAI/gdpai_autoload.gd:21)
[GdPAI | debug] ApplyEffect [Before] ID=InstanceId(-9223370700616618381): agent props = {"entity": null, "hunger": 70.0627442063492, "held_item": ""}
[GdPAI | debug] ApplyEffect [After] ID=InstanceId(-9223370700616618381): agent props = {"entity": null, "hunger": 70.0627442063492, "held_item": ""}
[GdPAI | debug]   Snapshotting prop: entity = Nil (Variant type: NIL)
[GdPAI | debug]   Snapshotting prop: hunger = Float(70.0627442063492) (Variant type: FLOAT)
[GdPAI | debug]   Snapshotting prop: held_item = Str("") (Variant type: STRING)
WARNING: [GdPAI] ObjectRef(124621163998): object was freed before callback; returning Nil.
   at: gdplanningai_rust::logger::process_logs (src\logger.rs:66)
   GDScript backtrace (most recent call first):
       [0] _drain_scheduler (res://test/integration/test_campfire_example_smoke.gd:27)
[GdPAI | debug] GetCost: callable returned non-numeric value: null; returning INFINITY
WARNING: [GdPAI] ObjectRef(124621163998): object was freed before callback; returning Nil.
   at: gdplanningai_rust::logger::process_logs (src\logger.rs:66)
   GDScript backtrace (most recent call first):
       [0] _process (res://addons/GdPlanningAI/gdpai_autoload.gd:21)
[GdPAI | debug] ApplyEffect [Before] ID=InstanceId(-9223370699307995531): agent props = {"entity": null, "hunger": 70.0627442063492, "held_item": ""}
[GdPAI | debug] ApplyEffect [After] ID=InstanceId(-9223370699307995531): agent props = {"entity": null, "hunger": 70.0627442063492, "held_item": ""}
[GdPAI | debug]   Snapshotting prop: entity = Nil (Variant type: NIL)
[GdPAI | debug]   Snapshotting prop: hunger = Float(70.0627442063492) (Variant type: FLOAT)
[GdPAI | debug]   Snapshotting prop: held_item = Str("") (Variant type: STRING)
WARNING: [GdPAI] ObjectRef(124621163998): object was freed before callback; returning Nil.
   at: gdplanningai_rust::logger::process_logs (src\logger.rs:66)
   GDScript backtrace (most recent call first):
       [0] _drain_scheduler (res://test/integration/test_campfire_example_smoke.gd:27)
[GdPAI | debug] GetCost: callable returned non-numeric value: null; returning INFINITY
WARNING: [GdPAI] ObjectRef(124621163998): object was freed before callback; returning Nil.
   at: gdplanningai_rust::logger::process_logs (src\logger.rs:66)
   GDScript backtrace (most recent call first):
       [0] _process (res://addons/GdPlanningAI/gdpai_autoload.gd:21)
[GdPAI | debug] ApplyEffect [Before] ID=InstanceId(-9223370698049704323): agent props = {"held_item": "", "entity": null, "hunger": 70.0627442063492}
[GdPAI | debug] ApplyEffect [After] ID=InstanceId(-9223370698049704323): agent props = {"held_item": "", "entity": null, "hunger": 70.0627442063492}
[GdPAI | debug]   Snapshotting prop: held_item = Str("") (Variant type: STRING)
[GdPAI | debug]   Snapshotting prop: entity = Nil (Variant type: NIL)
[GdPAI | debug]   Snapshotting prop: hunger = Float(70.0627442063492) (Variant type: FLOAT)
WARNING: [GdPAI] ObjectRef(124621163998): object was freed before callback; returning Nil.
   at: gdplanningai_rust::logger::process_logs (src\logger.rs:66)
   GDScript backtrace (most recent call first):
       [0] _drain_scheduler (res://test/integration/test_campfire_example_smoke.gd:27)
[GdPAI | debug] GetCost: callable returned non-numeric value: null; returning INFINITY
WARNING: [GdPAI] ObjectRef(124621163998): object was freed before callback; returning Nil.
   at: gdplanningai_rust::logger::process_logs (src\logger.rs:66)
   GDScript backtrace (most recent call first):
       [0] _process (res://addons/GdPlanningAI/gdpai_autoload.gd:21)
[GdPAI | debug] ApplyEffect [Before] ID=InstanceId(-9223370696791413159): agent props = {"entity": null, "held_item": "wood", "hunger": 70.0627442063492}
[GdPAI | debug] ApplyEffect [After] ID=InstanceId(-9223370696791413159): agent props = {"entity": null, "held_item": "wood", "hunger": 70.0627442063492}
[GdPAI | debug]   Snapshotting prop: entity = Nil (Variant type: NIL)
[GdPAI | debug]   Snapshotting prop: held_item = Str("wood") (Variant type: STRING)
[GdPAI | debug]   Snapshotting prop: hunger = Float(70.0627442063492) (Variant type: FLOAT)
WARNING: [GdPAI] ObjectRef(124621163998): object was freed before callback; returning Nil.
   at: gdplanningai_rust::logger::process_logs (src\logger.rs:66)
   GDScript backtrace (most recent call first):
       [0] _drain_scheduler (res://test/integration/test_campfire_example_smoke.gd:27)
WARNING: [GdPAI] ObjectRef(124621163998): object was freed before callback; returning Nil.
   at: gdplanningai_rust::logger::process_logs (src\logger.rs:66)
   GDScript backtrace (most recent call first):
       [0] _drain_scheduler (res://test/integration/test_campfire_example_smoke.gd:27)
[GdPAI | debug] GetCost: callable returned non-numeric value: null; returning INFINITY
WARNING: [GdPAI] ObjectRef(124621163998): object was freed before callback; returning Nil.
   at: gdplanningai_rust::logger::process_logs (src\logger.rs:66)
   GDScript backtrace (most recent call first):
       [0] _process (res://addons/GdPlanningAI/gdpai_autoload.gd:21)
WARNING: [GdPAI] ObjectRef(124621163998): object was freed before callback; returning Nil.
   at: gdplanningai_rust::logger::process_logs (src\logger.rs:66)
   GDScript backtrace (most recent call first):
       [0] _process (res://addons/GdPlanningAI/gdpai_autoload.gd:21)
[GdPAI | debug] ApplyEffect [Before] ID=InstanceId(-9223370695482790264): agent props = {"entity": null, "held_item": "", "hunger": 70.0627442063492}
[GdPAI | debug] ApplyEffect [After] ID=InstanceId(-9223370695482790264): agent props = {"entity": null, "held_item": "", "hunger": 70.0627442063492}
[GdPAI | debug]   Snapshotting prop: entity = Nil (Variant type: NIL)
[GdPAI | debug]   Snapshotting prop: held_item = Str("") (Variant type: STRING)
[GdPAI | debug]   Snapshotting prop: hunger = Float(70.0627442063492) (Variant type: FLOAT)
WARNING: [GdPAI] ObjectRef(124621163998): object was freed before callback; returning Nil.
   at: gdplanningai_rust::logger::process_logs (src\logger.rs:66)
   GDScript backtrace (most recent call first):
       [0] _drain_scheduler (res://test/integration/test_campfire_example_smoke.gd:27)
[GdPAI | debug] GetCost: callable returned non-numeric value: null; returning INFINITY
WARNING: [GdPAI] ObjectRef(124621163998): object was freed before callback; returning Nil.
   at: gdplanningai_rust::logger::process_logs (src\logger.rs:66)
   GDScript backtrace (most recent call first):
       [0] _process (res://addons/GdPlanningAI/gdpai_autoload.gd:21)
[GdPAI | debug] ApplyEffect [Before] ID=InstanceId(-9223370694174167426): agent props = {"hunger": 70.0627442063492, "held_item": "", "entity": null}
[GdPAI | debug] ApplyEffect [After] ID=InstanceId(-9223370694174167426): agent props = {"hunger": 70.0627442063492, "held_item": "", "entity": null}
[GdPAI | debug]   Snapshotting prop: hunger = Float(70.0627442063492) (Variant type: FLOAT)
[GdPAI | debug]   Snapshotting prop: held_item = Str("") (Variant type: STRING)
[GdPAI | debug]   Snapshotting prop: entity = Nil (Variant type: NIL)
WARNING: [GdPAI] ObjectRef(124621163998): object was freed before callback; returning Nil.
   at: gdplanningai_rust::logger::process_logs (src\logger.rs:66)
   GDScript backtrace (most recent call first):
       [0] _drain_scheduler (res://test/integration/test_campfire_example_smoke.gd:27)
[GdPAI | debug] GetCost: callable returned non-numeric value: null; returning INFINITY
WARNING: [GdPAI] ObjectRef(124621163998): object was freed before callback; returning Nil.
   at: gdplanningai_rust::logger::process_logs (src\logger.rs:66)
   GDScript backtrace (most recent call first):
       [0] _process (res://addons/GdPlanningAI/gdpai_autoload.gd:21)
[GdPAI | debug] ApplyEffect [Before] ID=InstanceId(-9223370692915876230): agent props = {"entity": null, "hunger": 70.0627442063492, "held_item": ""}
[GdPAI | debug] ApplyEffect [After] ID=InstanceId(-9223370692915876230): agent props = {"entity": null, "hunger": 70.0627442063492, "held_item": ""}
[GdPAI | debug]   Snapshotting prop: entity = Nil (Variant type: NIL)
[GdPAI | debug]   Snapshotting prop: hunger = Float(70.0627442063492) (Variant type: FLOAT)
[GdPAI | debug]   Snapshotting prop: held_item = Str("") (Variant type: STRING)
WARNING: [GdPAI] ObjectRef(124621163998): object was freed before callback; returning Nil.
   at: gdplanningai_rust::logger::process_logs (src\logger.rs:66)
   GDScript backtrace (most recent call first):
       [0] _drain_scheduler (res://test/integration/test_campfire_example_smoke.gd:27)
[GdPAI | debug] GetCost: callable returned non-numeric value: null; returning INFINITY
WARNING: [GdPAI] ObjectRef(124621163998): object was freed before callback; returning Nil.
   at: gdplanningai_rust::logger::process_logs (src\logger.rs:66)
   GDScript backtrace (most recent call first):
       [0] _process (res://addons/GdPlanningAI/gdpai_autoload.gd:21)
[GdPAI | debug] ApplyEffect [Before] ID=InstanceId(-9223370691657585005): agent props = {"entity": null, "hunger": 70.0627442063492, "held_item": "wood"}
[GdPAI | debug] ApplyEffect [After] ID=InstanceId(-9223370691657585005): agent props = {"entity": null, "hunger": 70.0627442063492, "held_item": "wood"}
[GdPAI | debug]   Snapshotting prop: entity = Nil (Variant type: NIL)
[GdPAI | debug]   Snapshotting prop: hunger = Float(70.0627442063492) (Variant type: FLOAT)
[GdPAI | debug]   Snapshotting prop: held_item = Str("wood") (Variant type: STRING)
WARNING: [GdPAI] ObjectRef(124621163998): object was freed before callback; returning Nil.
   at: gdplanningai_rust::logger::process_logs (src\logger.rs:66)
   GDScript backtrace (most recent call first):
       [0] _drain_scheduler (res://test/integration/test_campfire_example_smoke.gd:27)
WARNING: [GdPAI] ObjectRef(124621163998): object was freed before callback; returning Nil.
   at: gdplanningai_rust::logger::process_logs (src\logger.rs:66)
   GDScript backtrace (most recent call first):
       [0] _drain_scheduler (res://test/integration/test_campfire_example_smoke.gd:27)
[GdPAI | debug] GetCost: callable returned non-numeric value: null; returning INFINITY
WARNING: [GdPAI] ObjectRef(124621163998): object was freed before callback; returning Nil.
   at: gdplanningai_rust::logger::process_logs (src\logger.rs:66)
   GDScript backtrace (most recent call first):
       [0] _process (res://addons/GdPlanningAI/gdpai_autoload.gd:21)
WARNING: [GdPAI] ObjectRef(124621163998): object was freed before callback; returning Nil.
   at: gdplanningai_rust::logger::process_logs (src\logger.rs:66)
   GDScript backtrace (most recent call first):
       [0] _process (res://addons/GdPlanningAI/gdpai_autoload.gd:21)
[GdPAI | debug] ApplyEffect [Before] ID=InstanceId(-9223370690348962131): agent props = {"hunger": 70.0627442063492, "entity": null, "held_item": ""}
[GdPAI | debug] ApplyEffect [After] ID=InstanceId(-9223370690348962131): agent props = {"hunger": 70.0627442063492, "entity": null, "held_item": ""}
[GdPAI | debug]   Snapshotting prop: hunger = Float(70.0627442063492) (Variant type: FLOAT)
[GdPAI | debug]   Snapshotting prop: entity = Nil (Variant type: NIL)
[GdPAI | debug]   Snapshotting prop: held_item = Str("") (Variant type: STRING)
WARNING: [GdPAI] ObjectRef(124621163998): object was freed before callback; returning Nil.
   at: gdplanningai_rust::logger::process_logs (src\logger.rs:66)
   GDScript backtrace (most recent call first):
       [0] _drain_scheduler (res://test/integration/test_campfire_example_smoke.gd:27)
[GdPAI | debug] GetCost: callable returned non-numeric value: null; returning INFINITY
WARNING: [GdPAI] ObjectRef(124621163998): object was freed before callback; returning Nil.
   at: gdplanningai_rust::logger::process_logs (src\logger.rs:66)
   GDScript backtrace (most recent call first):
       [0] _process (res://addons/GdPlanningAI/gdpai_autoload.gd:21)
[GdPAI | debug] ApplyEffect [Before] ID=InstanceId(-9223370689040339278): agent props = {"hunger": 70.0627442063492, "entity": null, "held_item": ""}
[GdPAI | debug] ApplyEffect [After] ID=InstanceId(-9223370689040339278): agent props = {"hunger": 70.0627442063492, "entity": null, "held_item": ""}
[GdPAI | debug]   Snapshotting prop: hunger = Float(70.0627442063492) (Variant type: FLOAT)
[GdPAI | debug]   Snapshotting prop: entity = Nil (Variant type: NIL)
[GdPAI | debug]   Snapshotting prop: held_item = Str("") (Variant type: STRING)
WARNING: [GdPAI] ObjectRef(124621163998): object was freed before callback; returning Nil.
   at: gdplanningai_rust::logger::process_logs (src\logger.rs:66)
   GDScript backtrace (most recent call first):
       [0] _drain_scheduler (res://test/integration/test_campfire_example_smoke.gd:27)
[GdPAI | debug] GetCost: callable returned non-numeric value: null; returning INFINITY
WARNING: [GdPAI] ObjectRef(124621163998): object was freed before callback; returning Nil.
   at: gdplanningai_rust::logger::process_logs (src\logger.rs:66)
   GDScript backtrace (most recent call first):
       [0] _process (res://addons/GdPlanningAI/gdpai_autoload.gd:21)
[GdPAI | debug] ApplyEffect [Before] ID=InstanceId(-9223370687782048082): agent props = {"hunger": 70.0627442063492, "held_item": "", "entity": null}
[GdPAI | debug] ApplyEffect [After] ID=InstanceId(-9223370687782048082): agent props = {"hunger": 70.0627442063492, "held_item": "", "entity": null}
[GdPAI | debug]   Snapshotting prop: hunger = Float(70.0627442063492) (Variant type: FLOAT)
[GdPAI | debug]   Snapshotting prop: held_item = Str("") (Variant type: STRING)
[GdPAI | debug]   Snapshotting prop: entity = Nil (Variant type: NIL)
WARNING: [GdPAI] ObjectRef(124621163998): object was freed before callback; returning Nil.
   at: gdplanningai_rust::logger::process_logs (src\logger.rs:66)
   GDScript backtrace (most recent call first):
       [0] _drain_scheduler (res://test/integration/test_campfire_example_smoke.gd:27)
[GdPAI | debug] GetCost: callable returned non-numeric value: null; returning INFINITY
WARNING: [GdPAI] ObjectRef(124621163998): object was freed before callback; returning Nil.
   at: gdplanningai_rust::logger::process_logs (src\logger.rs:66)
   GDScript backtrace (most recent call first):
       [0] _process (res://addons/GdPlanningAI/gdpai_autoload.gd:21)
[GdPAI | debug] ApplyEffect [Before] ID=InstanceId(-9223370686523756872): agent props = {"entity": null, "hunger": 70.0627442063492, "held_item": "wood"}
[GdPAI | debug] ApplyEffect [After] ID=InstanceId(-9223370686523756872): agent props = {"entity": null, "hunger": 70.0627442063492, "held_item": "wood"}
[GdPAI | debug]   Snapshotting prop: entity = Nil (Variant type: NIL)
[GdPAI | debug]   Snapshotting prop: hunger = Float(70.0627442063492) (Variant type: FLOAT)
[GdPAI | debug]   Snapshotting prop: held_item = Str("wood") (Variant type: STRING)
WARNING: [GdPAI] ObjectRef(124621163998): object was freed before callback; returning Nil.
   at: gdplanningai_rust::logger::process_logs (src\logger.rs:66)
   GDScript backtrace (most recent call first):
       [0] _drain_scheduler (res://test/integration/test_campfire_example_smoke.gd:27)
WARNING: [GdPAI] ObjectRef(124621163998): object was freed before callback; returning Nil.
   at: gdplanningai_rust::logger::process_logs (src\logger.rs:66)
   GDScript backtrace (most recent call first):
       [0] _drain_scheduler (res://test/integration/test_campfire_example_smoke.gd:27)
[GdPAI | debug] GetCost: callable returned non-numeric value: null; returning INFINITY
WARNING: [GdPAI] ObjectRef(124621163998): object was freed before callback; returning Nil.
   at: gdplanningai_rust::logger::process_logs (src\logger.rs:66)
   GDScript backtrace (most recent call first):
       [0] _process (res://addons/GdPlanningAI/gdpai_autoload.gd:21)
WARNING: [GdPAI] ObjectRef(124621163998): object was freed before callback; returning Nil.
   at: gdplanningai_rust::logger::process_logs (src\logger.rs:66)
   GDScript backtrace (most recent call first):
       [0] _process (res://addons/GdPlanningAI/gdpai_autoload.gd:21)
[GdPAI | debug] ApplyEffect [Before] ID=InstanceId(-9223370685215134020): agent props = {"held_item": "", "hunger": 70.0627442063492, "entity": null}
[GdPAI | debug] ApplyEffect [After] ID=InstanceId(-9223370685215134020): agent props = {"held_item": "", "hunger": 70.0627442063492, "entity": null}
[GdPAI | debug]   Snapshotting prop: held_item = Str("") (Variant type: STRING)
[GdPAI | debug]   Snapshotting prop: hunger = Float(70.0627442063492) (Variant type: FLOAT)
[GdPAI | debug]   Snapshotting prop: entity = Nil (Variant type: NIL)
WARNING: [GdPAI] ObjectRef(124621163998): object was freed before callback; returning Nil.
   at: gdplanningai_rust::logger::process_logs (src\logger.rs:66)
   GDScript backtrace (most recent call first):
       [0] _drain_scheduler (res://test/integration/test_campfire_example_smoke.gd:27)
[GdPAI | debug] GetCost: callable returned non-numeric value: null; returning INFINITY
WARNING: [GdPAI] ObjectRef(124621163998): object was freed before callback; returning Nil.
   at: gdplanningai_rust::logger::process_logs (src\logger.rs:66)
   GDScript backtrace (most recent call first):
       [0] _process (res://addons/GdPlanningAI/gdpai_autoload.gd:21)
[GdPAI | debug] ApplyEffect [Before] ID=InstanceId(-9223370683906511175): agent props = {"hunger": 70.0627442063492, "entity": null, "held_item": ""}
[GdPAI | debug] ApplyEffect [After] ID=InstanceId(-9223370683906511175): agent props = {"hunger": 70.0627442063492, "entity": null, "held_item": ""}
[GdPAI | debug]   Snapshotting prop: hunger = Float(70.0627442063492) (Variant type: FLOAT)
[GdPAI | debug]   Snapshotting prop: entity = Nil (Variant type: NIL)
[GdPAI | debug]   Snapshotting prop: held_item = Str("") (Variant type: STRING)
WARNING: [GdPAI] ObjectRef(124621163998): object was freed before callback; returning Nil.
   at: gdplanningai_rust::logger::process_logs (src\logger.rs:66)
   GDScript backtrace (most recent call first):
       [0] _drain_scheduler (res://test/integration/test_campfire_example_smoke.gd:27)
[GdPAI | debug] GetCost: callable returned non-numeric value: null; returning INFINITY
WARNING: [GdPAI] ObjectRef(124621163998): object was freed before callback; returning Nil.
   at: gdplanningai_rust::logger::process_logs (src\logger.rs:66)
   GDScript backtrace (most recent call first):
       [0] _process (res://addons/GdPlanningAI/gdpai_autoload.gd:21)
[GdPAI | debug] ApplyEffect [Before] ID=InstanceId(-9223370682648219949): agent props = {"entity": null, "held_item": "", "hunger": 70.0627442063492}
[GdPAI | debug] ApplyEffect [After] ID=InstanceId(-9223370682648219949): agent props = {"entity": null, "held_item": "", "hunger": 70.0627442063492}
[GdPAI | debug]   Snapshotting prop: entity = Nil (Variant type: NIL)
[GdPAI | debug]   Snapshotting prop: held_item = Str("") (Variant type: STRING)
[GdPAI | debug]   Snapshotting prop: hunger = Float(70.0627442063492) (Variant type: FLOAT)
WARNING: [GdPAI] ObjectRef(124621163998): object was freed before callback; returning Nil.
   at: gdplanningai_rust::logger::process_logs (src\logger.rs:66)
   GDScript backtrace (most recent call first):
       [0] _drain_scheduler (res://test/integration/test_campfire_example_smoke.gd:27)
[GdPAI | debug] GetCost: callable returned non-numeric value: null; returning INFINITY
WARNING: [GdPAI] ObjectRef(124621163998): object was freed before callback; returning Nil.
   at: gdplanningai_rust::logger::process_logs (src\logger.rs:66)
   GDScript backtrace (most recent call first):
       [0] _process (res://addons/GdPlanningAI/gdpai_autoload.gd:21)
[GdPAI | debug] ApplyEffect [Before] ID=InstanceId(-9223370681389928734): agent props = {"hunger": 70.0627442063492, "held_item": "wood", "entity": null}
[GdPAI | debug] ApplyEffect [After] ID=InstanceId(-9223370681389928734): agent props = {"hunger": 70.0627442063492, "held_item": "wood", "entity": null}
[GdPAI | debug]   Snapshotting prop: hunger = Float(70.0627442063492) (Variant type: FLOAT)
[GdPAI | debug]   Snapshotting prop: held_item = Str("wood") (Variant type: STRING)
[GdPAI | debug]   Snapshotting prop: entity = Nil (Variant type: NIL)
[GdPAI] A* Iteration: pop node with chain length 3
[GdPAI | debug] find_candidates: Checking 15 actions against 1 preconds and 2 requirements
WARNING: [GdPAI] ObjectRef(124621163998): object was freed before callback; returning Nil.
   at: gdplanningai_rust::logger::process_logs (src\logger.rs:66)
   GDScript backtrace (most recent call first):
       [0] _drain_scheduler (res://test/integration/test_campfire_example_smoke.gd:27)
WARNING: [GdPAI] ObjectRef(124621163998): object was freed before callback; returning Nil.
   at: gdplanningai_rust::logger::process_logs (src\logger.rs:66)
   GDScript backtrace (most recent call first):
       [0] _drain_scheduler (res://test/integration/test_campfire_example_smoke.gd:27)
[GdPAI | debug] Discovery: Starting simulation for action Go To
WARNING: [GdPAI] ObjectRef(124621163998): object was freed before callback; returning Nil.
   at: gdplanningai_rust::logger::process_logs (src\logger.rs:66)
   GDScript backtrace (most recent call first):
       [0] _process (res://addons/GdPlanningAI/gdpai_autoload.gd:21)
WARNING: [GdPAI] ObjectRef(124621163998): object was freed before callback; returning Nil.
   at: gdplanningai_rust::logger::process_logs (src\logger.rs:66)
   GDScript backtrace (most recent call first):
       [0] _process (res://addons/GdPlanningAI/gdpai_autoload.gd:21)
[GdPAI | debug] GetCost: callable returned non-numeric value: null; returning INFINITY
WARNING: [GdPAI] ObjectRef(124621163998): object was freed before callback; returning Nil.
   at: gdplanningai_rust::logger::process_logs (src\logger.rs:66)
   GDScript backtrace (most recent call first):
       [0] _drain_scheduler (res://test/integration/test_campfire_example_smoke.gd:27)
WARNING: [GdPAI] ObjectRef(124621163998): object was freed before callback; returning Nil.
   at: gdplanningai_rust::logger::process_logs (src\logger.rs:66)
   GDScript backtrace (most recent call first):
       [0] _drain_scheduler (res://test/integration/test_campfire_example_smoke.gd:27)
[GdPAI | debug] ApplyEffect [Before] ID=InstanceId(-9223370679410217221): agent props = {"hunger": 70.0627442063492, "held_item": "", "entity": null}
[GdPAI | debug] ApplyEffect [After] ID=InstanceId(-9223370679410217221): agent props = {"hunger": 70.0627442063492, "held_item": "", "entity": null}
[GdPAI | debug]   Snapshotting prop: hunger = Float(70.0627442063492) (Variant type: FLOAT)
[GdPAI | debug]   Snapshotting prop: held_item = Str("") (Variant type: STRING)
[GdPAI | debug]   Snapshotting prop: entity = Nil (Variant type: NIL)
[GdPAI | debug] Discovery: Simulation success for Go To. Agent props: {"hunger": Float(70.0627442063492), "entity": Nil, "held_item": Str("")}
[GdPAI | debug] Discovery: Action Go To satisfied precond Builtin { target: Agent, operation: Equal, property_name: "held_item", value: Some(Str("")) }
[GdPAI | debug] Found candidate: Go To (satisfied preconds: [0], requirements: [0, 1])
[GdPAI | debug] Discovery: Starting simulation for action Eat Held Food
WARNING: [GdPAI] ObjectRef(124621163998): object was freed before callback; returning Nil.
   at: gdplanningai_rust::logger::process_logs (src\logger.rs:66)
   GDScript backtrace (most recent call first):
       [0] _process (res://addons/GdPlanningAI/gdpai_autoload.gd:21)
WARNING: [GdPAI] ObjectRef(124621163998): object was freed before callback; returning Nil.
   at: gdplanningai_rust::logger::process_logs (src\logger.rs:66)
   GDScript backtrace (most recent call first):
       [0] _process (res://addons/GdPlanningAI/gdpai_autoload.gd:21)
[GdPAI | debug] GetCost: callable returned non-numeric value: null; returning INFINITY
WARNING: [GdPAI] ObjectRef(124621163998): object was freed before callback; returning Nil.
   at: gdplanningai_rust::logger::process_logs (src\logger.rs:66)
   GDScript backtrace (most recent call first):
       [0] _drain_scheduler (res://test/integration/test_campfire_example_smoke.gd:27)
WARNING: [GdPAI] ObjectRef(124621163998): object was freed before callback; returning Nil.
   at: gdplanningai_rust::logger::process_logs (src\logger.rs:66)
   GDScript backtrace (most recent call first):
       [0] _drain_scheduler (res://test/integration/test_campfire_example_smoke.gd:27)
[GdPAI | debug] ApplyEffect [Before] ID=InstanceId(-9223370678051262739): agent props = {"held_item": "", "entity": null, "hunger": 70.0627442063492}
[GdPAI | debug] ApplyEffect [After] ID=InstanceId(-9223370678051262739): agent props = {"held_item": "", "entity": null, "hunger": 70.0627442063492}
[GdPAI | debug]   Snapshotting prop: held_item = Str("") (Variant type: STRING)
[GdPAI | debug]   Snapshotting prop: entity = Nil (Variant type: NIL)
[GdPAI | debug]   Snapshotting prop: hunger = Float(70.0627442063492) (Variant type: FLOAT)
[GdPAI | debug] Discovery: Simulation success for Eat Held Food. Agent props: {"hunger": Float(70.0627442063492), "held_item": Str(""), "entity": Nil}
[GdPAI | debug] Discovery: Action Eat Held Food satisfied precond Builtin { target: Agent, operation: Equal, property_name: "held_item", value: Some(Str("")) }
[GdPAI | debug] Found candidate: Eat Held Food (satisfied preconds: [0], requirements: [])
WARNING: [GdPAI] ObjectRef(124621163998): object was freed before callback; returning Nil.
   at: gdplanningai_rust::logger::process_logs (src\logger.rs:66)
   GDScript backtrace (most recent call first):
       [0] _process (res://addons/GdPlanningAI/gdpai_autoload.gd:21)
WARNING: [GdPAI] ObjectRef(124621163998): object was freed before callback; returning Nil.
   at: gdplanningai_rust::logger::process_logs (src\logger.rs:66)
   GDScript backtrace (most recent call first):
       [0] _process (res://addons/GdPlanningAI/gdpai_autoload.gd:21)
[GdPAI | debug] Discovery: Starting simulation for action Go To
WARNING: [GdPAI] ObjectRef(124621163998): object was freed before callback; returning Nil.
   at: gdplanningai_rust::logger::process_logs (src\logger.rs:66)
   GDScript backtrace (most recent call first):
       [0] _drain_scheduler (res://test/integration/test_campfire_example_smoke.gd:27)
WARNING: [GdPAI] ObjectRef(124621163998): object was freed before callback; returning Nil.
   at: gdplanningai_rust::logger::process_logs (src\logger.rs:66)
   GDScript backtrace (most recent call first):
       [0] _drain_scheduler (res://test/integration/test_campfire_example_smoke.gd:27)
[GdPAI | debug] GetCost: callable returned non-numeric value: null; returning INFINITY
WARNING: [GdPAI] ObjectRef(124621163998): object was freed before callback; returning Nil.
   at: gdplanningai_rust::logger::process_logs (src\logger.rs:66)
   GDScript backtrace (most recent call first):
       [0] _process (res://addons/GdPlanningAI/gdpai_autoload.gd:21)
WARNING: [GdPAI] ObjectRef(124621163998): object was freed before callback; returning Nil.
   at: gdplanningai_rust::logger::process_logs (src\logger.rs:66)
   GDScript backtrace (most recent call first):
       [0] _process (res://addons/GdPlanningAI/gdpai_autoload.gd:21)
[GdPAI | debug] ApplyEffect [Before] ID=InstanceId(-9223370676004442417): agent props = {"held_item": "", "entity": null, "hunger": 70.0627442063492}
[GdPAI | debug] ApplyEffect [After] ID=InstanceId(-9223370676004442417): agent props = {"held_item": "", "entity": null, "hunger": 70.0627442063492}
[GdPAI | debug]   Snapshotting prop: held_item = Str("") (Variant type: STRING)
[GdPAI | debug]   Snapshotting prop: entity = Nil (Variant type: NIL)
[GdPAI | debug]   Snapshotting prop: hunger = Float(70.0627442063492) (Variant type: FLOAT)
[GdPAI | debug] Discovery: Simulation success for Go To. Agent props: {"held_item": Str(""), "entity": Nil, "hunger": Float(70.0627442063492)}
[GdPAI | debug] Discovery: Action Go To satisfied precond Builtin { target: Agent, operation: Equal, property_name: "held_item", value: Some(Str("")) }
[GdPAI | debug] Found candidate: Go To (satisfied preconds: [0], requirements: [0, 1])
[GdPAI | debug] Discovery: Starting simulation for action Drop Item
WARNING: [GdPAI] ObjectRef(124621163998): object was freed before callback; returning Nil.
   at: gdplanningai_rust::logger::process_logs (src\logger.rs:66)
   GDScript backtrace (most recent call first):
       [0] _drain_scheduler (res://test/integration/test_campfire_example_smoke.gd:27)
WARNING: [GdPAI] ObjectRef(124621163998): object was freed before callback; returning Nil.
   at: gdplanningai_rust::logger::process_logs (src\logger.rs:66)
   GDScript backtrace (most recent call first):
       [0] _drain_scheduler (res://test/integration/test_campfire_example_smoke.gd:27)
[GdPAI | debug] GetCost: callable returned non-numeric value: null; returning INFINITY
WARNING: [GdPAI] ObjectRef(124621163998): object was freed before callback; returning Nil.
   at: gdplanningai_rust::logger::process_logs (src\logger.rs:66)
   GDScript backtrace (most recent call first):
       [0] _process (res://addons/GdPlanningAI/gdpai_autoload.gd:21)
WARNING: [GdPAI] ObjectRef(124621163998): object was freed before callback; returning Nil.
   at: gdplanningai_rust::logger::process_logs (src\logger.rs:66)
   GDScript backtrace (most recent call first):
       [0] _process (res://addons/GdPlanningAI/gdpai_autoload.gd:21)
[GdPAI | debug] ApplyEffect [Before] ID=InstanceId(-9223370674645487880): agent props = {"held_item": "", "hunger": 70.0627442063492, "entity": null}
[GdPAI | debug] ApplyEffect [After] ID=InstanceId(-9223370674645487880): agent props = {"held_item": "", "hunger": 70.0627442063492, "entity": null}
[GdPAI | debug]   Snapshotting prop: held_item = Str("") (Variant type: STRING)
[GdPAI | debug]   Snapshotting prop: hunger = Float(70.0627442063492) (Variant type: FLOAT)
[GdPAI | debug]   Snapshotting prop: entity = Nil (Variant type: NIL)
[GdPAI | debug] Discovery: Simulation success for Drop Item. Agent props: {"held_item": Str(""), "entity": Nil, "hunger": Float(70.0627442063492)}
[GdPAI | debug] Discovery: Action Drop Item satisfied precond Builtin { target: Agent, operation: Equal, property_name: "held_item", value: Some(Str("")) }
[GdPAI | debug] Found candidate: Drop Item (satisfied preconds: [0], requirements: [])
[GdPAI | debug] Discovery: Starting simulation for action Add Fuel
WARNING: [GdPAI] ObjectRef(124621163998): object was freed before callback; returning Nil.
   at: gdplanningai_rust::logger::process_logs (src\logger.rs:66)
   GDScript backtrace (most recent call first):
       [0] _drain_scheduler (res://test/integration/test_campfire_example_smoke.gd:27)
WARNING: [GdPAI] ObjectRef(124621163998): object was freed before callback; returning Nil.
   at: gdplanningai_rust::logger::process_logs (src\logger.rs:66)
   GDScript backtrace (most recent call first):
       [0] _drain_scheduler (res://test/integration/test_campfire_example_smoke.gd:27)
[GdPAI | debug] GetCost: callable returned non-numeric value: null; returning INFINITY
WARNING: [GdPAI] ObjectRef(124621163998): object was freed before callback; returning Nil.
   at: gdplanningai_rust::logger::process_logs (src\logger.rs:66)
   GDScript backtrace (most recent call first):
       [0] _process (res://addons/GdPlanningAI/gdpai_autoload.gd:21)
WARNING: [GdPAI] ObjectRef(124621163998): object was freed before callback; returning Nil.
   at: gdplanningai_rust::logger::process_logs (src\logger.rs:66)
   GDScript backtrace (most recent call first):
       [0] _process (res://addons/GdPlanningAI/gdpai_autoload.gd:21)
[GdPAI | debug] ApplyEffect [Before] ID=InstanceId(-9223370673286533355): agent props = {"hunger": 70.0627442063492, "entity": null, "held_item": "wood"}
[GdPAI | debug] ApplyEffect [After] ID=InstanceId(-9223370673286533355): agent props = {"hunger": 70.0627442063492, "entity": null, "held_item": "wood"}
[GdPAI | debug]   Snapshotting prop: hunger = Float(70.0627442063492) (Variant type: FLOAT)
[GdPAI | debug]   Snapshotting prop: entity = Nil (Variant type: NIL)
[GdPAI | debug]   Snapshotting prop: held_item = Str("wood") (Variant type: STRING)
[GdPAI | debug] Discovery: Simulation success for Add Fuel. Agent props: {"hunger": Float(70.0627442063492), "held_item": Str("wood"), "entity": Nil}
[GdPAI | debug] Discovery: Action Add Fuel did NOT satisfy precond Builtin { target: Agent, operation: Equal, property_name: "held_item", value: Some(Str("")) }
WARNING: [GdPAI] ObjectRef(124621163998): object was freed before callback; returning Nil.
   at: gdplanningai_rust::logger::process_logs (src\logger.rs:66)
   GDScript backtrace (most recent call first):
       [0] _drain_scheduler (res://test/integration/test_campfire_example_smoke.gd:27)
WARNING: [GdPAI] ObjectRef(124621163998): object was freed before callback; returning Nil.
   at: gdplanningai_rust::logger::process_logs (src\logger.rs:66)
   GDScript backtrace (most recent call first):
       [0] _drain_scheduler (res://test/integration/test_campfire_example_smoke.gd:27)
[GdPAI | debug] Discovery: Action Cook Potato failed validity check, skipping
[GdPAI | debug] Discovery: Starting simulation for action Pick Up Wood
WARNING: [GdPAI] ObjectRef(124621163998): object was freed before callback; returning Nil.
   at: gdplanningai_rust::logger::process_logs (src\logger.rs:66)
   GDScript backtrace (most recent call first):
       [0] _process (res://addons/GdPlanningAI/gdpai_autoload.gd:21)
WARNING: [GdPAI] ObjectRef(124621163998): object was freed before callback; returning Nil.
   at: gdplanningai_rust::logger::process_logs (src\logger.rs:66)
   GDScript backtrace (most recent call first):
       [0] _process (res://addons/GdPlanningAI/gdpai_autoload.gd:21)
[GdPAI | debug] GetCost: callable returned non-numeric value: null; returning INFINITY
WARNING: [GdPAI] ObjectRef(124621163998): object was freed before callback; returning Nil.
   at: gdplanningai_rust::logger::process_logs (src\logger.rs:66)
   GDScript backtrace (most recent call first):
       [0] _drain_scheduler (res://test/integration/test_campfire_example_smoke.gd:27)
WARNING: [GdPAI] ObjectRef(124621163998): object was freed before callback; returning Nil.
   at: gdplanningai_rust::logger::process_logs (src\logger.rs:66)
   GDScript backtrace (most recent call first):
       [0] _drain_scheduler (res://test/integration/test_campfire_example_smoke.gd:27)
[GdPAI | debug] ApplyEffect [Before] ID=InstanceId(-9223370671256490182): agent props = {"hunger": 70.0627442063492, "held_item": "", "entity": null}
[GdPAI | debug] ApplyEffect [After] ID=InstanceId(-9223370671256490182): agent props = {"hunger": 70.0627442063492, "held_item": "", "entity": null}
[GdPAI | debug]   Snapshotting prop: hunger = Float(70.0627442063492) (Variant type: FLOAT)
[GdPAI | debug]   Snapshotting prop: held_item = Str("") (Variant type: STRING)
[GdPAI | debug]   Snapshotting prop: entity = Nil (Variant type: NIL)
[GdPAI | debug] Discovery: Simulation success for Pick Up Wood. Agent props: {"hunger": Float(70.0627442063492), "entity": Nil, "held_item": Str("")}
[GdPAI | debug] Discovery: Action Pick Up Wood satisfied precond Builtin { target: Agent, operation: Equal, property_name: "held_item", value: Some(Str("")) }
[GdPAI | debug] Found candidate: Pick Up Wood (satisfied preconds: [0], requirements: [])
[GdPAI | debug] Discovery: Starting simulation for action Pick Up Wood
WARNING: [GdPAI] ObjectRef(124621163998): object was freed before callback; returning Nil.
   at: gdplanningai_rust::logger::process_logs (src\logger.rs:66)
   GDScript backtrace (most recent call first):
       [0] _process (res://addons/GdPlanningAI/gdpai_autoload.gd:21)
WARNING: [GdPAI] ObjectRef(124621163998): object was freed before callback; returning Nil.
   at: gdplanningai_rust::logger::process_logs (src\logger.rs:66)
   GDScript backtrace (most recent call first):
       [0] _process (res://addons/GdPlanningAI/gdpai_autoload.gd:21)
[GdPAI | debug] GetCost: callable returned non-numeric value: null; returning INFINITY
WARNING: [GdPAI] ObjectRef(124621163998): object was freed before callback; returning Nil.
   at: gdplanningai_rust::logger::process_logs (src\logger.rs:66)
   GDScript backtrace (most recent call first):
       [0] _drain_scheduler (res://test/integration/test_campfire_example_smoke.gd:27)
WARNING: [GdPAI] ObjectRef(124621163998): object was freed before callback; returning Nil.
   at: gdplanningai_rust::logger::process_logs (src\logger.rs:66)
   GDScript backtrace (most recent call first):
       [0] _drain_scheduler (res://test/integration/test_campfire_example_smoke.gd:27)
[GdPAI | debug] ApplyEffect [Before] ID=InstanceId(-9223370669897535664): agent props = {"entity": null, "held_item": "", "hunger": 70.0627442063492}
[GdPAI | debug] ApplyEffect [After] ID=InstanceId(-9223370669897535664): agent props = {"entity": null, "held_item": "", "hunger": 70.0627442063492}
[GdPAI | debug]   Snapshotting prop: entity = Nil (Variant type: NIL)
[GdPAI | debug]   Snapshotting prop: held_item = Str("") (Variant type: STRING)
[GdPAI | debug]   Snapshotting prop: hunger = Float(70.0627442063492) (Variant type: FLOAT)
[GdPAI | debug] Discovery: Simulation success for Pick Up Wood. Agent props: {"held_item": Str(""), "entity": Nil, "hunger": Float(70.0627442063492)}
[GdPAI | debug] Discovery: Action Pick Up Wood satisfied precond Builtin { target: Agent, operation: Equal, property_name: "held_item", value: Some(Str("")) }
[GdPAI | debug] Found candidate: Pick Up Wood (satisfied preconds: [0], requirements: [])
[GdPAI | debug] Discovery: Starting simulation for action Pick Up Wood
WARNING: [GdPAI] ObjectRef(124621163998): object was freed before callback; returning Nil.
   at: gdplanningai_rust::logger::process_logs (src\logger.rs:66)
   GDScript backtrace (most recent call first):
       [0] _process (res://addons/GdPlanningAI/gdpai_autoload.gd:21)
WARNING: [GdPAI] ObjectRef(124621163998): object was freed before callback; returning Nil.
   at: gdplanningai_rust::logger::process_logs (src\logger.rs:66)
   GDScript backtrace (most recent call first):
       [0] _process (res://addons/GdPlanningAI/gdpai_autoload.gd:21)
[GdPAI | debug] GetCost: callable returned non-numeric value: null; returning INFINITY
WARNING: [GdPAI] ObjectRef(124621163998): object was freed before callback; returning Nil.
   at: gdplanningai_rust::logger::process_logs (src\logger.rs:66)
   GDScript backtrace (most recent call first):
       [0] _drain_scheduler (res://test/integration/test_campfire_example_smoke.gd:27)
WARNING: [GdPAI] ObjectRef(124621163998): object was freed before callback; returning Nil.
   at: gdplanningai_rust::logger::process_logs (src\logger.rs:66)
   GDScript backtrace (most recent call first):
       [0] _drain_scheduler (res://test/integration/test_campfire_example_smoke.gd:27)
[GdPAI | debug] ApplyEffect [Before] ID=InstanceId(-9223370668538581215): agent props = {"entity": null, "held_item": "", "hunger": 70.0627442063492}
[GdPAI | debug] ApplyEffect [After] ID=InstanceId(-9223370668538581215): agent props = {"entity": null, "held_item": "", "hunger": 70.0627442063492}
[GdPAI | debug]   Snapshotting prop: entity = Nil (Variant type: NIL)
[GdPAI | debug]   Snapshotting prop: held_item = Str("") (Variant type: STRING)
[GdPAI | debug]   Snapshotting prop: hunger = Float(70.0627442063492) (Variant type: FLOAT)
[GdPAI | debug] Discovery: Simulation success for Pick Up Wood. Agent props: {"entity": Nil, "hunger": Float(70.0627442063492), "held_item": Str("")}
[GdPAI | debug] Discovery: Action Pick Up Wood satisfied precond Builtin { target: Agent, operation: Equal, property_name: "held_item", value: Some(Str("")) }
[GdPAI | debug] Found candidate: Pick Up Wood (satisfied preconds: [0], requirements: [])
[GdPAI | debug] Discovery: Starting simulation for action Pick Up Wood
WARNING: [GdPAI] ObjectRef(124621163998): object was freed before callback; returning Nil.
   at: gdplanningai_rust::logger::process_logs (src\logger.rs:66)
   GDScript backtrace (most recent call first):
       [0] _process (res://addons/GdPlanningAI/gdpai_autoload.gd:21)
WARNING: [GdPAI] ObjectRef(124621163998): object was freed before callback; returning Nil.
   at: gdplanningai_rust::logger::process_logs (src\logger.rs:66)
   GDScript backtrace (most recent call first):
       [0] _process (res://addons/GdPlanningAI/gdpai_autoload.gd:21)
[GdPAI | debug] GetCost: callable returned non-numeric value: null; returning INFINITY
WARNING: [GdPAI] ObjectRef(124621163998): object was freed before callback; returning Nil.
   at: gdplanningai_rust::logger::process_logs (src\logger.rs:66)
   GDScript backtrace (most recent call first):
       [0] _drain_scheduler (res://test/integration/test_campfire_example_smoke.gd:27)
WARNING: [GdPAI] ObjectRef(124621163998): object was freed before callback; returning Nil.
   at: gdplanningai_rust::logger::process_logs (src\logger.rs:66)
   GDScript backtrace (most recent call first):
       [0] _drain_scheduler (res://test/integration/test_campfire_example_smoke.gd:27)
[GdPAI | debug] ApplyEffect [Before] ID=InstanceId(-9223370667179626730): agent props = {"held_item": "", "hunger": 70.0627442063492, "entity": null}
[GdPAI | debug] ApplyEffect [After] ID=InstanceId(-9223370667179626730): agent props = {"held_item": "", "hunger": 70.0627442063492, "entity": null}
[GdPAI | debug]   Snapshotting prop: held_item = Str("") (Variant type: STRING)
[GdPAI | debug]   Snapshotting prop: hunger = Float(70.0627442063492) (Variant type: FLOAT)
[GdPAI | debug]   Snapshotting prop: entity = Nil (Variant type: NIL)
[GdPAI | debug] Discovery: Simulation success for Pick Up Wood. Agent props: {"entity": Nil, "held_item": Str(""), "hunger": Float(70.0627442063492)}
[GdPAI | debug] Discovery: Action Pick Up Wood satisfied precond Builtin { target: Agent, operation: Equal, property_name: "held_item", value: Some(Str("")) }
[GdPAI | debug] Found candidate: Pick Up Wood (satisfied preconds: [0], requirements: [])
WARNING: [GdPAI] ObjectRef(124621163998): object was freed before callback; returning Nil.
   at: gdplanningai_rust::logger::process_logs (src\logger.rs:66)
   GDScript backtrace (most recent call first):
       [0] _process (res://addons/GdPlanningAI/gdpai_autoload.gd:21)
WARNING: [GdPAI] ObjectRef(124621163998): object was freed before callback; returning Nil.
   at: gdplanningai_rust::logger::process_logs (src\logger.rs:66)
   GDScript backtrace (most recent call first):
       [0] _process (res://addons/GdPlanningAI/gdpai_autoload.gd:21)
[GdPAI | debug] Discovery: Action Dig Potato failed validity check, skipping
WARNING: [GdPAI] ObjectRef(124621163998): object was freed before callback; returning Nil.
   at: gdplanningai_rust::logger::process_logs (src\logger.rs:66)
   GDScript backtrace (most recent call first):
       [0] _drain_scheduler (res://test/integration/test_campfire_example_smoke.gd:27)
WARNING: [GdPAI] ObjectRef(124621163998): object was freed before callback; returning Nil.
   at: gdplanningai_rust::logger::process_logs (src\logger.rs:66)
   GDScript backtrace (most recent call first):
       [0] _drain_scheduler (res://test/integration/test_campfire_example_smoke.gd:27)
[GdPAI | debug] Discovery: Action Dig Potato failed validity check, skipping
WARNING: [GdPAI] ObjectRef(124621163998): object was freed before callback; returning Nil.
   at: gdplanningai_rust::logger::process_logs (src\logger.rs:66)
   GDScript backtrace (most recent call first):
       [0] _process (res://addons/GdPlanningAI/gdpai_autoload.gd:21)
WARNING: [GdPAI] ObjectRef(124621163998): object was freed before callback; returning Nil.
   at: gdplanningai_rust::logger::process_logs (src\logger.rs:66)
   GDScript backtrace (most recent call first):
       [0] _process (res://addons/GdPlanningAI/gdpai_autoload.gd:21)
[GdPAI | debug] Discovery: Action Dig Potato failed validity check, skipping
WARNING: [GdPAI] ObjectRef(124621163998): object was freed before callback; returning Nil.
   at: gdplanningai_rust::logger::process_logs (src\logger.rs:66)
   GDScript backtrace (most recent call first):
       [0] _drain_scheduler (res://test/integration/test_campfire_example_smoke.gd:27)
WARNING: [GdPAI] ObjectRef(124621163998): object was freed before callback; returning Nil.
   at: gdplanningai_rust::logger::process_logs (src\logger.rs:66)
   GDScript backtrace (most recent call first):
       [0] _drain_scheduler (res://test/integration/test_campfire_example_smoke.gd:27)
[GdPAI | debug] Discovery: Action Dig Potato failed validity check, skipping
WARNING: [GdPAI] ObjectRef(124621163998): object was freed before callback; returning Nil.
   at: gdplanningai_rust::logger::process_logs (src\logger.rs:66)
   GDScript backtrace (most recent call first):
       [0] _process (res://addons/GdPlanningAI/gdpai_autoload.gd:21)
WARNING: [GdPAI] ObjectRef(124621163998): object was freed before callback; returning Nil.
   at: gdplanningai_rust::logger::process_logs (src\logger.rs:66)
   GDScript backtrace (most recent call first):
       [0] _process (res://addons/GdPlanningAI/gdpai_autoload.gd:21)
[GdPAI | debug] Discovery: Action Dig Potato failed validity check, skipping
WARNING: [GdPAI] ObjectRef(124621163998): object was freed before callback; returning Nil.
   at: gdplanningai_rust::logger::process_logs (src\logger.rs:66)
   GDScript backtrace (most recent call first):
       [0] _drain_scheduler (res://test/integration/test_campfire_example_smoke.gd:27)
WARNING: [GdPAI] ObjectRef(124621163998): object was freed before callback; returning Nil.
   at: gdplanningai_rust::logger::process_logs (src\logger.rs:66)
   GDScript backtrace (most recent call first):
       [0] _drain_scheduler (res://test/integration/test_campfire_example_smoke.gd:27)
WARNING: [GdPAI] ObjectRef(124134624705): object was freed before callback; returning Nil.
   at: gdplanningai_rust::logger::process_logs (src\logger.rs:66)
   GDScript backtrace (most recent call first):
       [0] _drain_scheduler (res://test/integration/test_campfire_example_smoke.gd:27)
WARNING: [GdPAI] ObjectRef(125661351450): object was freed before callback; returning Nil.
   at: gdplanningai_rust::logger::process_logs (src\logger.rs:66)
   GDScript backtrace (most recent call first):
       [0] _drain_scheduler (res://test/integration/test_campfire_example_smoke.gd:27)
WARNING: [GdPAI] ObjectRef(124134624705): object was freed before callback; returning Nil.
   at: gdplanningai_rust::logger::process_logs (src\logger.rs:66)
   GDScript backtrace (most recent call first):
       [0] _drain_scheduler (res://test/integration/test_campfire_example_smoke.gd:27)
WARNING: [GdPAI] ObjectRef(125661351450): object was freed before callback; returning Nil.
   at: gdplanningai_rust::logger::process_logs (src\logger.rs:66)
   GDScript backtrace (most recent call first):
       [0] _drain_scheduler (res://test/integration/test_campfire_example_smoke.gd:27)
[GdPAI | debug] GetCost: callable returned non-numeric value: null; returning INFINITY
WARNING: [GdPAI] ObjectRef(124621163998): object was freed before callback; returning Nil.
   at: gdplanningai_rust::logger::process_logs (src\logger.rs:66)
   GDScript backtrace (most recent call first):
       [0] _process (res://addons/GdPlanningAI/gdpai_autoload.gd:21)
WARNING: [GdPAI] ObjectRef(124621163998): object was freed before callback; returning Nil.
   at: gdplanningai_rust::logger::process_logs (src\logger.rs:66)
   GDScript backtrace (most recent call first):
       [0] _process (res://addons/GdPlanningAI/gdpai_autoload.gd:21)
WARNING: [GdPAI] ObjectRef(124134624705): object was freed before callback; returning Nil.
   at: gdplanningai_rust::logger::process_logs (src\logger.rs:66)
   GDScript backtrace (most recent call first):
       [0] _process (res://addons/GdPlanningAI/gdpai_autoload.gd:21)
WARNING: [GdPAI] ObjectRef(125661351450): object was freed before callback; returning Nil.
   at: gdplanningai_rust::logger::process_logs (src\logger.rs:66)
   GDScript backtrace (most recent call first):
       [0] _process (res://addons/GdPlanningAI/gdpai_autoload.gd:21)
WARNING: [GdPAI] ObjectRef(124134624705): object was freed before callback; returning Nil.
   at: gdplanningai_rust::logger::process_logs (src\logger.rs:66)
   GDScript backtrace (most recent call first):
       [0] _process (res://addons/GdPlanningAI/gdpai_autoload.gd:21)
WARNING: [GdPAI] ObjectRef(125661351450): object was freed before callback; returning Nil.
   at: gdplanningai_rust::logger::process_logs (src\logger.rs:66)
   GDScript backtrace (most recent call first):
       [0] _process (res://addons/GdPlanningAI/gdpai_autoload.gd:21)
[GdPAI | debug] ApplyEffect [Before] ID=InstanceId(-9223370662213570679): agent props = {"hunger": 70.0627442063492, "entity": null, "held_item": "", "at_target": null}
[GdPAI | debug] ApplyEffect [After] ID=InstanceId(-9223370662213570679): agent props = {"hunger": 70.0627442063492, "entity": null, "held_item": "", "at_target": null}
[GdPAI | debug]   Snapshotting prop: hunger = Float(70.0627442063492) (Variant type: FLOAT)
[GdPAI | debug]   Snapshotting prop: entity = Nil (Variant type: NIL)
[GdPAI | debug]   Snapshotting prop: held_item = Str("") (Variant type: STRING)
[GdPAI | debug]   Snapshotting prop: at_target = Nil (Variant type: NIL)
WARNING: [GdPAI] ObjectRef(124621163998): object was freed before callback; returning Nil.
   at: gdplanningai_rust::logger::process_logs (src\logger.rs:66)
   GDScript backtrace (most recent call first):
       [0] _drain_scheduler (res://test/integration/test_campfire_example_smoke.gd:27)
WARNING: [GdPAI] ObjectRef(125661351450): object was freed before callback; returning Nil.
   at: gdplanningai_rust::logger::process_logs (src\logger.rs:66)
   GDScript backtrace (most recent call first):
       [0] _drain_scheduler (res://test/integration/test_campfire_example_smoke.gd:27)
WARNING: [GdPAI] ObjectRef(125661351450): object was freed before callback; returning Nil.
   at: gdplanningai_rust::logger::process_logs (src\logger.rs:66)
   GDScript backtrace (most recent call first):
       [0] _drain_scheduler (res://test/integration/test_campfire_example_smoke.gd:27)
[GdPAI | debug] GetCost: callable returned non-numeric value: null; returning INFINITY
WARNING: [GdPAI] ObjectRef(124621163998): object was freed before callback; returning Nil.
   at: gdplanningai_rust::logger::process_logs (src\logger.rs:66)
   GDScript backtrace (most recent call first):
       [0] _process (res://addons/GdPlanningAI/gdpai_autoload.gd:21)
WARNING: [GdPAI] ObjectRef(125661351450): object was freed before callback; returning Nil.
   at: gdplanningai_rust::logger::process_logs (src\logger.rs:66)
   GDScript backtrace (most recent call first):
       [0] _process (res://addons/GdPlanningAI/gdpai_autoload.gd:21)
WARNING: [GdPAI] ObjectRef(125661351450): object was freed before callback; returning Nil.
   at: gdplanningai_rust::logger::process_logs (src\logger.rs:66)
   GDScript backtrace (most recent call first):
       [0] _process (res://addons/GdPlanningAI/gdpai_autoload.gd:21)
[GdPAI | debug] ApplyEffect [Before] ID=InstanceId(-9223370660602957932): agent props = {"held_item": "", "entity": null, "at_target": null, "hunger": 70.0627442063492}
[GdPAI | debug] ApplyEffect [After] ID=InstanceId(-9223370660602957932): agent props = {"held_item": "", "entity": null, "at_target": null, "hunger": 70.0627442063492}
[GdPAI | debug]   Snapshotting prop: held_item = Str("") (Variant type: STRING)
[GdPAI | debug]   Snapshotting prop: entity = Nil (Variant type: NIL)
[GdPAI | debug]   Snapshotting prop: at_target = Nil (Variant type: NIL)
[GdPAI | debug]   Snapshotting prop: hunger = Float(70.0627442063492) (Variant type: FLOAT)
WARNING: [GdPAI] ObjectRef(124621163998): object was freed before callback; returning Nil.
   at: gdplanningai_rust::logger::process_logs (src\logger.rs:66)
   GDScript backtrace (most recent call first):
       [0] _drain_scheduler (res://test/integration/test_campfire_example_smoke.gd:27)
WARNING: [GdPAI] ObjectRef(124134624705): object was freed before callback; returning Nil.
   at: gdplanningai_rust::logger::process_logs (src\logger.rs:66)
   GDScript backtrace (most recent call first):
       [0] _drain_scheduler (res://test/integration/test_campfire_example_smoke.gd:27)
WARNING: [GdPAI] ObjectRef(124134624705): object was freed before callback; returning Nil.
   at: gdplanningai_rust::logger::process_logs (src\logger.rs:66)
   GDScript backtrace (most recent call first):
       [0] _drain_scheduler (res://test/integration/test_campfire_example_smoke.gd:27)
[GdPAI | debug] GetCost: callable returned non-numeric value: null; returning INFINITY
WARNING: [GdPAI] ObjectRef(124621163998): object was freed before callback; returning Nil.
   at: gdplanningai_rust::logger::process_logs (src\logger.rs:66)
   GDScript backtrace (most recent call first):
       [0] _process (res://addons/GdPlanningAI/gdpai_autoload.gd:21)
WARNING: [GdPAI] ObjectRef(124134624705): object was freed before callback; returning Nil.
   at: gdplanningai_rust::logger::process_logs (src\logger.rs:66)
   GDScript backtrace (most recent call first):
       [0] _process (res://addons/GdPlanningAI/gdpai_autoload.gd:21)
WARNING: [GdPAI] ObjectRef(124134624705): object was freed before callback; returning Nil.
   at: gdplanningai_rust::logger::process_logs (src\logger.rs:66)
   GDScript backtrace (most recent call first):
       [0] _process (res://addons/GdPlanningAI/gdpai_autoload.gd:21)
[GdPAI | debug] ApplyEffect [Before] ID=InstanceId(-9223370659143340114): agent props = {"hunger": 70.0627442063492, "entity": null, "held_item": "", "at_target": null}
[GdPAI | debug] ApplyEffect [After] ID=InstanceId(-9223370659143340114): agent props = {"hunger": 70.0627442063492, "entity": null, "held_item": "", "at_target": null}
[GdPAI | debug]   Snapshotting prop: hunger = Float(70.0627442063492) (Variant type: FLOAT)
[GdPAI | debug]   Snapshotting prop: entity = Nil (Variant type: NIL)
[GdPAI | debug]   Snapshotting prop: held_item = Str("") (Variant type: STRING)
[GdPAI | debug]   Snapshotting prop: at_target = Nil (Variant type: NIL)
WARNING: [GdPAI] ObjectRef(124621163998): object was freed before callback; returning Nil.
   at: gdplanningai_rust::logger::process_logs (src\logger.rs:66)
   GDScript backtrace (most recent call first):
       [0] _drain_scheduler (res://test/integration/test_campfire_example_smoke.gd:27)
[GdPAI | debug] GetCost: callable returned non-numeric value: null; returning INFINITY
WARNING: [GdPAI] ObjectRef(124621163998): object was freed before callback; returning Nil.
   at: gdplanningai_rust::logger::process_logs (src\logger.rs:66)
   GDScript backtrace (most recent call first):
       [0] _process (res://addons/GdPlanningAI/gdpai_autoload.gd:21)
[GdPAI | debug] ApplyEffect [Before] ID=InstanceId(-9223370657784385620): agent props = {"at_target": null, "hunger": 70.0627442063492, "entity": null, "held_item": "wood"}
[GdPAI | debug] ApplyEffect [After] ID=InstanceId(-9223370657784385620): agent props = {"at_target": null, "hunger": 70.0627442063492, "entity": null, "held_item": "wood"}
[GdPAI | debug]   Snapshotting prop: at_target = Nil (Variant type: NIL)
[GdPAI | debug]   Snapshotting prop: hunger = Float(70.0627442063492) (Variant type: FLOAT)
[GdPAI | debug]   Snapshotting prop: entity = Nil (Variant type: NIL)
[GdPAI | debug]   Snapshotting prop: held_item = Str("wood") (Variant type: STRING)
WARNING: [GdPAI] ObjectRef(124621163998): object was freed before callback; returning Nil.
   at: gdplanningai_rust::logger::process_logs (src\logger.rs:66)
   GDScript backtrace (most recent call first):
       [0] _drain_scheduler (res://test/integration/test_campfire_example_smoke.gd:27)
WARNING: [GdPAI] ObjectRef(124621163998): object was freed before callback; returning Nil.
   at: gdplanningai_rust::logger::process_logs (src\logger.rs:66)
   GDScript backtrace (most recent call first):
       [0] _drain_scheduler (res://test/integration/test_campfire_example_smoke.gd:27)
[GdPAI | debug] GetCost: callable returned non-numeric value: null; returning INFINITY
WARNING: [GdPAI] ObjectRef(124621163998): object was freed before callback; returning Nil.
   at: gdplanningai_rust::logger::process_logs (src\logger.rs:66)
   GDScript backtrace (most recent call first):
       [0] _process (res://addons/GdPlanningAI/gdpai_autoload.gd:21)
WARNING: [GdPAI] ObjectRef(124621163998): object was freed before callback; returning Nil.
   at: gdplanningai_rust::logger::process_logs (src\logger.rs:66)
   GDScript backtrace (most recent call first):
       [0] _process (res://addons/GdPlanningAI/gdpai_autoload.gd:21)
[GdPAI | debug] ApplyEffect [Before] ID=InstanceId(-9223370656475762764): agent props = {"hunger": 70.0627442063492, "entity": null, "held_item": ""}
[GdPAI | debug] ApplyEffect [After] ID=InstanceId(-9223370656475762764): agent props = {"hunger": 70.0627442063492, "entity": null, "held_item": ""}
[GdPAI | debug]   Snapshotting prop: hunger = Float(70.0627442063492) (Variant type: FLOAT)
[GdPAI | debug]   Snapshotting prop: entity = Nil (Variant type: NIL)
[GdPAI | debug]   Snapshotting prop: held_item = Str("") (Variant type: STRING)
WARNING: [GdPAI] ObjectRef(124621163998): object was freed before callback; returning Nil.
   at: gdplanningai_rust::logger::process_logs (src\logger.rs:66)
   GDScript backtrace (most recent call first):
       [0] _process (res://addons/GdPlanningAI/gdpai_autoload.gd:21)
[GdPAI | debug] GetCost: callable returned non-numeric value: null; returning INFINITY
* test_competing_priorities_hunger_wins
WARNING: [GdPAI] ObjectRef(124621163998): object was freed before callback; returning Nil.
   at: gdplanningai_rust::logger::process_logs (src\logger.rs:66)
   GDScript backtrace (most recent call first):
       [0] _process (res://addons/GdPlanningAI/gdpai_autoload.gd:21)
[GdPAI | debug] ApplyEffect [Before] ID=InstanceId(-9223370652919001326): agent props = {"hunger": 70.0627442063492, "held_item": "", "entity": null}
[GdPAI | debug] ApplyEffect [After] ID=InstanceId(-9223370652919001326): agent props = {"hunger": 70.0627442063492, "held_item": "", "entity": null}
[GdPAI | debug]   Snapshotting prop: hunger = Float(70.0627442063492) (Variant type: FLOAT)
[GdPAI | debug]   Snapshotting prop: held_item = Str("") (Variant type: STRING)
[GdPAI | debug]   Snapshotting prop: entity = Nil (Variant type: NIL)
WARNING: [GdPAI] ObjectRef(124621163998): object was freed before callback; returning Nil.
   at: gdplanningai_rust::logger::process_logs (src\logger.rs:66)
   GDScript backtrace (most recent call first):
       [0] _process (res://addons/GdPlanningAI/gdpai_autoload.gd:21)
[GdPAI | debug] GetCost: callable returned non-numeric value: null; returning INFINITY
WARNING: [GdPAI] ObjectRef(124621163998): object was freed before callback; returning Nil.
   at: gdplanningai_rust::logger::process_logs (src\logger.rs:66)
   GDScript backtrace (most recent call first):
       [0] _process (res://addons/GdPlanningAI/gdpai_autoload.gd:21)
[GdPAI | debug] ApplyEffect [Before] ID=InstanceId(-9223370651627155983): agent props = {"hunger": 70.0627442063492, "entity": null, "held_item": ""}
[GdPAI | debug] ApplyEffect [After] ID=InstanceId(-9223370651627155983): agent props = {"hunger": 70.0627442063492, "entity": null, "held_item": ""}
[GdPAI | debug]   Snapshotting prop: hunger = Float(70.0627442063492) (Variant type: FLOAT)
[GdPAI | debug]   Snapshotting prop: entity = Nil (Variant type: NIL)
[GdPAI | debug]   Snapshotting prop: held_item = Str("") (Variant type: STRING)
WARNING: [GdPAI] ObjectRef(124621163998): object was freed before callback; returning Nil.
   at: gdplanningai_rust::logger::process_logs (src\logger.rs:66)
   GDScript backtrace (most recent call first):
       [0] _process (res://addons/GdPlanningAI/gdpai_autoload.gd:21)
[GdPAI | debug] GetCost: callable returned non-numeric value: null; returning INFINITY
WARNING: [GdPAI] ObjectRef(124621163998): object was freed before callback; returning Nil.
   at: gdplanningai_rust::logger::process_logs (src\logger.rs:66)
   GDScript backtrace (most recent call first):
       [0] _process (res://addons/GdPlanningAI/gdpai_autoload.gd:21)
[GdPAI | debug] ApplyEffect [Before] ID=InstanceId(-9223370650335310390): agent props = {"hunger": 70.0627442063492, "held_item": "wood", "entity": null}
[GdPAI | debug] ApplyEffect [After] ID=InstanceId(-9223370650335310390): agent props = {"hunger": 70.0627442063492, "held_item": "wood", "entity": null}
[GdPAI | debug]   Snapshotting prop: hunger = Float(70.0627442063492) (Variant type: FLOAT)
[GdPAI | debug]   Snapshotting prop: held_item = Str("wood") (Variant type: STRING)
[GdPAI | debug]   Snapshotting prop: entity = Nil (Variant type: NIL)
[GdPAI | debug] Numeric comparison: 70.0627442063492 GreaterThan 0 -> true
WARNING: [GdPAI] ObjectRef(124621163998): object was freed before callback; returning Nil.
   at: gdplanningai_rust::logger::process_logs (src\logger.rs:66)
   GDScript backtrace (most recent call first):
       [0] _process (res://addons/GdPlanningAI/gdpai_autoload.gd:21)
WARNING: [GdPAI] ObjectRef(124621163998): object was freed before callback; returning Nil.
   at: gdplanningai_rust::logger::process_logs (src\logger.rs:66)
   GDScript backtrace (most recent call first):
       [0] _process (res://addons/GdPlanningAI/gdpai_autoload.gd:21)
WARNING: [GdPAI] ObjectRef(124134624705): object was freed before callback; returning Nil.
   at: gdplanningai_rust::logger::process_logs (src\logger.rs:66)
   GDScript backtrace (most recent call first):
       [0] _process (res://addons/GdPlanningAI/gdpai_autoload.gd:21)
WARNING: [GdPAI] ObjectRef(125661351450): object was freed before callback; returning Nil.
   at: gdplanningai_rust::logger::process_logs (src\logger.rs:66)
   GDScript backtrace (most recent call first):
       [0] _process (res://addons/GdPlanningAI/gdpai_autoload.gd:21)
WARNING: [GdPAI] ObjectRef(124134624705): object was freed before callback; returning Nil.
   at: gdplanningai_rust::logger::process_logs (src\logger.rs:66)
   GDScript backtrace (most recent call first):
       [0] _process (res://addons/GdPlanningAI/gdpai_autoload.gd:21)
WARNING: [GdPAI] ObjectRef(125661351450): object was freed before callback; returning Nil.
   at: gdplanningai_rust::logger::process_logs (src\logger.rs:66)
   GDScript backtrace (most recent call first):
       [0] _process (res://addons/GdPlanningAI/gdpai_autoload.gd:21)
[GdPAI | debug] GetCost: callable returned non-numeric value: null; returning INFINITY
WARNING: [GdPAI] ObjectRef(124621163998): object was freed before callback; returning Nil.
   at: gdplanningai_rust::logger::process_logs (src\logger.rs:66)
   GDScript backtrace (most recent call first):
       [0] _process (res://addons/GdPlanningAI/gdpai_autoload.gd:21)
WARNING: [GdPAI] ObjectRef(124621163998): object was freed before callback; returning Nil.
   at: gdplanningai_rust::logger::process_logs (src\logger.rs:66)
   GDScript backtrace (most recent call first):
       [0] _process (res://addons/GdPlanningAI/gdpai_autoload.gd:21)
WARNING: [GdPAI] ObjectRef(124134624705): object was freed before callback; returning Nil.
   at: gdplanningai_rust::logger::process_logs (src\logger.rs:66)
   GDScript backtrace (most recent call first):
       [0] _process (res://addons/GdPlanningAI/gdpai_autoload.gd:21)
WARNING: [GdPAI] ObjectRef(125661351450): object was freed before callback; returning Nil.
   at: gdplanningai_rust::logger::process_logs (src\logger.rs:66)
   GDScript backtrace (most recent call first):
       [0] _process (res://addons/GdPlanningAI/gdpai_autoload.gd:21)
WARNING: [GdPAI] ObjectRef(124134624705): object was freed before callback; returning Nil.
   at: gdplanningai_rust::logger::process_logs (src\logger.rs:66)
   GDScript backtrace (most recent call first):
       [0] _process (res://addons/GdPlanningAI/gdpai_autoload.gd:21)
WARNING: [GdPAI] ObjectRef(125661351450): object was freed before callback; returning Nil.
   at: gdplanningai_rust::logger::process_logs (src\logger.rs:66)
   GDScript backtrace (most recent call first):
       [0] _process (res://addons/GdPlanningAI/gdpai_autoload.gd:21)
[GdPAI | debug] ApplyEffect [Before] ID=InstanceId(-9223370648808583698): agent props = {"entity": null, "held_item": "", "hunger": 70.0627442063492, "at_target": null}
[GdPAI | debug] ApplyEffect [After] ID=InstanceId(-9223370648808583698): agent props = {"entity": null, "held_item": "", "hunger": 70.0627442063492, "at_target": null}
[GdPAI | debug]   Snapshotting prop: entity = Nil (Variant type: NIL)
[GdPAI | debug]   Snapshotting prop: held_item = Str("") (Variant type: STRING)
[GdPAI | debug]   Snapshotting prop: hunger = Float(70.0627442063492) (Variant type: FLOAT)
[GdPAI | debug]   Snapshotting prop: at_target = Nil (Variant type: NIL)
WARNING: [GdPAI] ObjectRef(124621163998): object was freed before callback; returning Nil.
   at: gdplanningai_rust::logger::process_logs (src\logger.rs:66)
   GDScript backtrace (most recent call first):
       [0] _process (res://addons/GdPlanningAI/gdpai_autoload.gd:21)
WARNING: [GdPAI] ObjectRef(125661351450): object was freed before callback; returning Nil.
   at: gdplanningai_rust::logger::process_logs (src\logger.rs:66)
   GDScript backtrace (most recent call first):
       [0] _process (res://addons/GdPlanningAI/gdpai_autoload.gd:21)
WARNING: [GdPAI] ObjectRef(125661351450): object was freed before callback; returning Nil.
   at: gdplanningai_rust::logger::process_logs (src\logger.rs:66)
   GDScript backtrace (most recent call first):
       [0] _process (res://addons/GdPlanningAI/gdpai_autoload.gd:21)
[GdPAI | debug] GetCost: callable returned non-numeric value: null; returning INFINITY
WARNING: [GdPAI] ObjectRef(124621163998): object was freed before callback; returning Nil.
   at: gdplanningai_rust::logger::process_logs (src\logger.rs:66)
   GDScript backtrace (most recent call first):
       [0] _process (res://addons/GdPlanningAI/gdpai_autoload.gd:21)
WARNING: [GdPAI] ObjectRef(125661351450): object was freed before callback; returning Nil.
   at: gdplanningai_rust::logger::process_logs (src\logger.rs:66)
   GDScript backtrace (most recent call first):
       [0] _process (res://addons/GdPlanningAI/gdpai_autoload.gd:21)
WARNING: [GdPAI] ObjectRef(125661351450): object was freed before callback; returning Nil.
   at: gdplanningai_rust::logger::process_logs (src\logger.rs:66)
   GDScript backtrace (most recent call first):
       [0] _process (res://addons/GdPlanningAI/gdpai_autoload.gd:21)
[GdPAI | debug] ApplyEffect [Before] ID=InstanceId(-9223370647181185067): agent props = {"entity": null, "held_item": "", "at_target": null, "hunger": 70.0627442063492}
[GdPAI | debug] ApplyEffect [After] ID=InstanceId(-9223370647181185067): agent props = {"entity": null, "held_item": "", "at_target": null, "hunger": 70.0627442063492}
[GdPAI | debug]   Snapshotting prop: entity = Nil (Variant type: NIL)
[GdPAI | debug]   Snapshotting prop: held_item = Str("") (Variant type: STRING)
[GdPAI | debug]   Snapshotting prop: at_target = Nil (Variant type: NIL)
[GdPAI | debug]   Snapshotting prop: hunger = Float(70.0627442063492) (Variant type: FLOAT)
WARNING: [GdPAI] ObjectRef(124621163998): object was freed before callback; returning Nil.
   at: gdplanningai_rust::logger::process_logs (src\logger.rs:66)
   GDScript backtrace (most recent call first):
       [0] _process (res://addons/GdPlanningAI/gdpai_autoload.gd:21)
WARNING: [GdPAI] ObjectRef(124134624705): object was freed before callback; returning Nil.
   at: gdplanningai_rust::logger::process_logs (src\logger.rs:66)
   GDScript backtrace (most recent call first):
       [0] _process (res://addons/GdPlanningAI/gdpai_autoload.gd:21)
WARNING: [GdPAI] ObjectRef(124134624705): object was freed before callback; returning Nil.
   at: gdplanningai_rust::logger::process_logs (src\logger.rs:66)
   GDScript backtrace (most recent call first):
       [0] _process (res://addons/GdPlanningAI/gdpai_autoload.gd:21)
[GdPAI | debug] GetCost: callable returned non-numeric value: null; returning INFINITY
WARNING: [GdPAI] ObjectRef(124621163998): object was freed before callback; returning Nil.
   at: gdplanningai_rust::logger::process_logs (src\logger.rs:66)
   GDScript backtrace (most recent call first):
       [0] _process (res://addons/GdPlanningAI/gdpai_autoload.gd:21)
WARNING: [GdPAI] ObjectRef(124134624705): object was freed before callback; returning Nil.
   at: gdplanningai_rust::logger::process_logs (src\logger.rs:66)
   GDScript backtrace (most recent call first):
       [0] _process (res://addons/GdPlanningAI/gdpai_autoload.gd:21)
WARNING: [GdPAI] ObjectRef(124134624705): object was freed before callback; returning Nil.
   at: gdplanningai_rust::logger::process_logs (src\logger.rs:66)
   GDScript backtrace (most recent call first):
       [0] _process (res://addons/GdPlanningAI/gdpai_autoload.gd:21)
[GdPAI | debug] ApplyEffect [Before] ID=InstanceId(-9223370645738344474): agent props = {"at_target": null, "held_item": "", "hunger": 70.0627442063492, "entity": null}
[GdPAI | debug] ApplyEffect [After] ID=InstanceId(-9223370645738344474): agent props = {"at_target": null, "held_item": "", "hunger": 70.0627442063492, "entity": null}
[GdPAI | debug]   Snapshotting prop: at_target = Nil (Variant type: NIL)
[GdPAI | debug]   Snapshotting prop: held_item = Str("") (Variant type: STRING)
[GdPAI | debug]   Snapshotting prop: hunger = Float(70.0627442063492) (Variant type: FLOAT)
[GdPAI | debug]   Snapshotting prop: entity = Nil (Variant type: NIL)
WARNING: [GdPAI] ObjectRef(124621163998): object was freed before callback; returning Nil.
   at: gdplanningai_rust::logger::process_logs (src\logger.rs:66)
   GDScript backtrace (most recent call first):
       [0] _process (res://addons/GdPlanningAI/gdpai_autoload.gd:21)
[GdPAI | debug] GetCost: callable returned non-numeric value: null; returning INFINITY
WARNING: [GdPAI] ObjectRef(124621163998): object was freed before callback; returning Nil.
   at: gdplanningai_rust::logger::process_logs (src\logger.rs:66)
   GDScript backtrace (most recent call first):
       [0] _process (res://addons/GdPlanningAI/gdpai_autoload.gd:21)
[GdPAI | debug] ApplyEffect [Before] ID=InstanceId(-9223370644362612712): agent props = {"hunger": 70.0627442063492, "at_target": null, "entity": null, "held_item": "wood"}
[GdPAI | debug] ApplyEffect [After] ID=InstanceId(-9223370644362612712): agent props = {"hunger": 70.0627442063492, "at_target": null, "entity": null, "held_item": "wood"}
[GdPAI | debug]   Snapshotting prop: hunger = Float(70.0627442063492) (Variant type: FLOAT)
[GdPAI | debug]   Snapshotting prop: at_target = Nil (Variant type: NIL)
[GdPAI | debug]   Snapshotting prop: entity = Nil (Variant type: NIL)
[GdPAI | debug]   Snapshotting prop: held_item = Str("wood") (Variant type: STRING)
WARNING: [GdPAI] ObjectRef(124621163998): object was freed before callback; returning Nil.
   at: gdplanningai_rust::logger::process_logs (src\logger.rs:66)
   GDScript backtrace (most recent call first):
       [0] _process (res://addons/GdPlanningAI/gdpai_autoload.gd:21)
WARNING: [GdPAI] ObjectRef(124621163998): object was freed before callback; returning Nil.
   at: gdplanningai_rust::logger::process_logs (src\logger.rs:66)
   GDScript backtrace (most recent call first):
       [0] _process (res://addons/GdPlanningAI/gdpai_autoload.gd:21)
[GdPAI | debug] GetCost: callable returned non-numeric value: null; returning INFINITY
WARNING: [GdPAI] ObjectRef(124621163998): object was freed before callback; returning Nil.
   at: gdplanningai_rust::logger::process_logs (src\logger.rs:66)
   GDScript backtrace (most recent call first):
       [0] _process (res://addons/GdPlanningAI/gdpai_autoload.gd:21)
WARNING: [GdPAI] ObjectRef(124621163998): object was freed before callback; returning Nil.
   at: gdplanningai_rust::logger::process_logs (src\logger.rs:66)
   GDScript backtrace (most recent call first):
       [0] _process (res://addons/GdPlanningAI/gdpai_autoload.gd:21)
[GdPAI | debug] ApplyEffect [Before] ID=InstanceId(-9223370643037212650): agent props = {"entity": null, "held_item": "", "hunger": 70.0627442063492}
[GdPAI | debug] ApplyEffect [After] ID=InstanceId(-9223370643037212650): agent props = {"entity": null, "held_item": "", "hunger": 70.0627442063492}
[GdPAI | debug]   Snapshotting prop: entity = Nil (Variant type: NIL)
[GdPAI | debug]   Snapshotting prop: held_item = Str("") (Variant type: STRING)
[GdPAI | debug]   Snapshotting prop: hunger = Float(70.0627442063492) (Variant type: FLOAT)
WARNING: [GdPAI] ObjectRef(124621163998): object was freed before callback; returning Nil.
   at: gdplanningai_rust::logger::process_logs (src\logger.rs:66)
   GDScript backtrace (most recent call first):
       [0] _process (res://addons/GdPlanningAI/gdpai_autoload.gd:21)
[GdPAI | debug] GetCost: callable returned non-numeric value: null; returning INFINITY
WARNING: [GdPAI] ObjectRef(124621163998): object was freed before callback; returning Nil.
   at: gdplanningai_rust::logger::process_logs (src\logger.rs:66)
   GDScript backtrace (most recent call first):
       [0] _process (res://addons/GdPlanningAI/gdpai_autoload.gd:21)
[GdPAI | debug] ApplyEffect [Before] ID=InstanceId(-9223370641711812627): agent props = {"hunger": 70.0627442063492, "held_item": "", "entity": null}
[GdPAI | debug] ApplyEffect [After] ID=InstanceId(-9223370641711812627): agent props = {"hunger": 70.0627442063492, "held_item": "", "entity": null}
[GdPAI | debug]   Snapshotting prop: hunger = Float(70.0627442063492) (Variant type: FLOAT)
[GdPAI | debug]   Snapshotting prop: held_item = Str("") (Variant type: STRING)
[GdPAI | debug]   Snapshotting prop: entity = Nil (Variant type: NIL)
WARNING: [GdPAI] ObjectRef(124621163998): object was freed before callback; returning Nil.
   at: gdplanningai_rust::logger::process_logs (src\logger.rs:66)
   GDScript backtrace (most recent call first):
       [0] _process (res://addons/GdPlanningAI/gdpai_autoload.gd:21)
[GdPAI | debug] GetCost: callable returned non-numeric value: null; returning INFINITY
WARNING: [GdPAI] ObjectRef(124621163998): object was freed before callback; returning Nil.
   at: gdplanningai_rust::logger::process_logs (src\logger.rs:66)
   GDScript backtrace (most recent call first):
       [0] _process (res://addons/GdPlanningAI/gdpai_autoload.gd:21)
[GdPAI | debug] ApplyEffect [Before] ID=InstanceId(-9223370640436744139): agent props = {"entity": null, "held_item": "", "hunger": 70.0627442063492}
[GdPAI | debug] ApplyEffect [After] ID=InstanceId(-9223370640436744139): agent props = {"entity": null, "held_item": "", "hunger": 70.0627442063492}
[GdPAI | debug]   Snapshotting prop: entity = Nil (Variant type: NIL)
[GdPAI | debug]   Snapshotting prop: held_item = Str("") (Variant type: STRING)
[GdPAI | debug]   Snapshotting prop: hunger = Float(70.0627442063492) (Variant type: FLOAT)
WARNING: [GdPAI] ObjectRef(124621163998): object was freed before callback; returning Nil.
   at: gdplanningai_rust::logger::process_logs (src\logger.rs:66)
   GDScript backtrace (most recent call first):
       [0] _process (res://addons/GdPlanningAI/gdpai_autoload.gd:21)
[GdPAI | debug] GetCost: callable returned non-numeric value: null; returning INFINITY
WARNING: [GdPAI] ObjectRef(124621163998): object was freed before callback; returning Nil.
   at: gdplanningai_rust::logger::process_logs (src\logger.rs:66)
   GDScript backtrace (most recent call first):
       [0] _process (res://addons/GdPlanningAI/gdpai_autoload.gd:21)
[GdPAI | debug] ApplyEffect [Before] ID=InstanceId(-9223370639161675726): agent props = {"hunger": 70.0627442063492, "entity": null, "held_item": "wood"}
[GdPAI | debug] ApplyEffect [After] ID=InstanceId(-9223370639161675726): agent props = {"hunger": 70.0627442063492, "entity": null, "held_item": "wood"}
[GdPAI | debug]   Snapshotting prop: hunger = Float(70.0627442063492) (Variant type: FLOAT)
[GdPAI | debug]   Snapshotting prop: entity = Nil (Variant type: NIL)
[GdPAI | debug]   Snapshotting prop: held_item = Str("wood") (Variant type: STRING)
WARNING: [GdPAI] ObjectRef(124621163998): object was freed before callback; returning Nil.
   at: gdplanningai_rust::logger::process_logs (src\logger.rs:66)
   GDScript backtrace (most recent call first):
       [0] _process (res://addons/GdPlanningAI/gdpai_autoload.gd:21)
WARNING: [GdPAI] ObjectRef(124621163998): object was freed before callback; returning Nil.
   at: gdplanningai_rust::logger::process_logs (src\logger.rs:66)
   GDScript backtrace (most recent call first):
       [0] _process (res://addons/GdPlanningAI/gdpai_autoload.gd:21)
[GdPAI | debug] GetCost: callable returned non-numeric value: null; returning INFINITY
WARNING: [GdPAI] ObjectRef(124621163998): object was freed before callback; returning Nil.
   at: gdplanningai_rust::logger::process_logs (src\logger.rs:66)
   GDScript backtrace (most recent call first):
       [0] _process (res://addons/GdPlanningAI/gdpai_autoload.gd:21)
WARNING: [GdPAI] ObjectRef(124621163998): object was freed before callback; returning Nil.
   at: gdplanningai_rust::logger::process_logs (src\logger.rs:66)
   GDScript backtrace (most recent call first):
       [0] _process (res://addons/GdPlanningAI/gdpai_autoload.gd:21)
[GdPAI | debug] ApplyEffect [Before] ID=InstanceId(-9223370637869830119): agent props = {"held_item": "", "hunger": 70.0627442063492, "entity": null}
[GdPAI | debug] ApplyEffect [After] ID=InstanceId(-9223370637869830119): agent props = {"held_item": "", "hunger": 70.0627442063492, "entity": null}
[GdPAI | debug]   Snapshotting prop: held_item = Str("") (Variant type: STRING)
[GdPAI | debug]   Snapshotting prop: hunger = Float(70.0627442063492) (Variant type: FLOAT)
[GdPAI | debug]   Snapshotting prop: entity = Nil (Variant type: NIL)
WARNING: [GdPAI] ObjectRef(124621163998): object was freed before callback; returning Nil.
   at: gdplanningai_rust::logger::process_logs (src\logger.rs:66)
   GDScript backtrace (most recent call first):
       [0] _process (res://addons/GdPlanningAI/gdpai_autoload.gd:21)
[GdPAI | debug] GetCost: callable returned non-numeric value: null; returning INFINITY
WARNING: [GdPAI] ObjectRef(124621163998): object was freed before callback; returning Nil.
   at: gdplanningai_rust::logger::process_logs (src\logger.rs:66)
   GDScript backtrace (most recent call first):
       [0] _process (res://addons/GdPlanningAI/gdpai_autoload.gd:21)
[GdPAI | debug] ApplyEffect [Before] ID=InstanceId(-9223370636527652794): agent props = {"entity": null, "held_item": "", "hunger": 70.0627442063492}
[GdPAI | debug] ApplyEffect [After] ID=InstanceId(-9223370636527652794): agent props = {"entity": null, "held_item": "", "hunger": 70.0627442063492}
[GdPAI | debug]   Snapshotting prop: entity = Nil (Variant type: NIL)
[GdPAI | debug]   Snapshotting prop: held_item = Str("") (Variant type: STRING)
[GdPAI | debug]   Snapshotting prop: hunger = Float(70.0627442063492) (Variant type: FLOAT)
WARNING: [GdPAI] ObjectRef(124621163998): object was freed before callback; returning Nil.
   at: gdplanningai_rust::logger::process_logs (src\logger.rs:66)
   GDScript backtrace (most recent call first):
       [0] _process (res://addons/GdPlanningAI/gdpai_autoload.gd:21)
[GdPAI | debug] GetCost: callable returned non-numeric value: null; returning INFINITY
WARNING: [GdPAI] ObjectRef(124621163998): object was freed before callback; returning Nil.
   at: gdplanningai_rust::logger::process_logs (src\logger.rs:66)
   GDScript backtrace (most recent call first):
       [0] _process (res://addons/GdPlanningAI/gdpai_autoload.gd:21)
[GdPAI | debug] ApplyEffect [Before] ID=InstanceId(-9223370635252584427): agent props = {"entity": null, "hunger": 70.0627442063492, "held_item": ""}
[GdPAI | debug] ApplyEffect [After] ID=InstanceId(-9223370635252584427): agent props = {"entity": null, "hunger": 70.0627442063492, "held_item": ""}
[GdPAI | debug]   Snapshotting prop: entity = Nil (Variant type: NIL)
[GdPAI | debug]   Snapshotting prop: hunger = Float(70.0627442063492) (Variant type: FLOAT)
[GdPAI | debug]   Snapshotting prop: held_item = Str("") (Variant type: STRING)
WARNING: [GdPAI] ObjectRef(124621163998): object was freed before callback; returning Nil.
   at: gdplanningai_rust::logger::process_logs (src\logger.rs:66)
   GDScript backtrace (most recent call first):
       [0] _process (res://addons/GdPlanningAI/gdpai_autoload.gd:21)
[GdPAI | debug] GetCost: callable returned non-numeric value: null; returning INFINITY
WARNING: [GdPAI] ObjectRef(124621163998): object was freed before callback; returning Nil.
   at: gdplanningai_rust::logger::process_logs (src\logger.rs:66)
   GDScript backtrace (most recent call first):
       [0] _process (res://addons/GdPlanningAI/gdpai_autoload.gd:21)
[GdPAI | debug] ApplyEffect [Before] ID=InstanceId(-9223370633977515999): agent props = {"held_item": "wood", "entity": null, "hunger": 70.0627442063492}
[GdPAI | debug] ApplyEffect [After] ID=InstanceId(-9223370633977515999): agent props = {"held_item": "wood", "entity": null, "hunger": 70.0627442063492}
[GdPAI | debug]   Snapshotting prop: held_item = Str("wood") (Variant type: STRING)
[GdPAI | debug]   Snapshotting prop: entity = Nil (Variant type: NIL)
[GdPAI | debug]   Snapshotting prop: hunger = Float(70.0627442063492) (Variant type: FLOAT)
WARNING: [GdPAI] ObjectRef(124621163998): object was freed before callback; returning Nil.
   at: gdplanningai_rust::logger::process_logs (src\logger.rs:66)
   GDScript backtrace (most recent call first):
       [0] _process (res://addons/GdPlanningAI/gdpai_autoload.gd:21)
WARNING: [GdPAI] ObjectRef(124621163998): object was freed before callback; returning Nil.
   at: gdplanningai_rust::logger::process_logs (src\logger.rs:66)
   GDScript backtrace (most recent call first):
       [0] _process (res://addons/GdPlanningAI/gdpai_autoload.gd:21)
[GdPAI | debug] GetCost: callable returned non-numeric value: null; returning INFINITY
[GdPAI | debug] SimObjectProxy::is_in_group: object 1383482795876 in group CampfireObject -> false
[GdPAI | debug] SimObjectProxy::is_in_group: object 1382123841340 in group CampfireObject -> false
[GdPAI | debug] SimObjectProxy::is_in_group: object 1383466018661 in group CampfireObject -> false
[GdPAI | debug] SimObjectProxy::is_in_group: object 1383348571562 in group CampfireObject -> false
[GdPAI | debug] SimObjectProxy::is_in_group: object 1383029804590 in group CampfireObject -> false
[GdPAI | debug] SimObjectProxy::is_in_group: object 1383617007057 in group CampfireObject -> false
[GdPAI | debug] SimObjectProxy::is_in_group: object 1383499573091 in group CampfireObject -> false
[GdPAI | debug] SimObjectProxy::is_in_group: object 1383013027376 in group CampfireObject -> false
[GdPAI | debug] SimObjectProxy::is_in_group: object 1382006400846 in group CampfireObject -> false
[GdPAI | debug] SimObjectProxy::is_in_group: object 1382140612056 in group CampfireObject -> false
[GdPAI | debug] SimObjectProxy::is_in_group: object 1382274836300 in group CampfireObject -> false
[GdPAI | debug] SimObjectProxy::is_in_group: object 1382308384561 in group CampfireObject -> false
[GdPAI | debug] SimObjectProxy::is_in_group: object 1382576819938 in group CampfireObject -> false
[GdPAI | debug] SimObjectProxy::is_in_group: object 1383315017068 in group CampfireObject -> false
[GdPAI | debug] SimObjectProxy::is_in_group: object 1381989623605 in group CampfireObject -> false
[GdPAI | debug] SimObjectProxy::is_in_group: object 1382459379475 in group CampfireObject -> false
[GdPAI | debug] SimObjectProxy::is_in_group: object 1382593597190 in group CampfireObject -> false
[GdPAI | debug] SimObjectProxy::is_in_group: object 1383164022327 in group CampfireObject -> false
[GdPAI | debug] SimObjectProxy::is_in_group: object 1382442601934 in group CampfireObject -> false
[GdPAI | debug] SimObjectProxy::is_in_group: object 1383180799535 in group CampfireObject -> false
[GdPAI | debug] SimObjectProxy::is_in_group: object 1382610374135 in group CampfireObject -> false
[GdPAI | debug] SimObjectProxy::is_in_group: object 1382425825074 in group CampfireObject -> false
[GdPAI | debug] SimObjectProxy::is_in_group: object 1383197576744 in group CampfireObject -> false
[GdPAI | debug] SimObjectProxy::is_in_group: object 1382845255217 in group CampfireObject -> false
[GdPAI | debug] SimObjectProxy::is_in_group: object 1382157389614 in group CampfireObject -> false
[GdPAI | debug] SimObjectProxy::is_in_group: object 1383650561484 in group CampfireObject -> false
[GdPAI | debug] SimObjectProxy::is_in_group: object 1383046581817 in group CampfireObject -> false
[GdPAI | debug] SimObjectProxy::is_in_group: object 1383633784269 in group CampfireObject -> false
[GdPAI | debug] SimObjectProxy::is_in_group: object 1382291613528 in group CampfireObject -> false
[GdPAI | debug] SimObjectProxy::is_in_group: object 1381972846411 in group CampfireObject -> true
[GdPAI | debug] SimObjectProxy::is_in_group: object 1383331794344 in group CampfireObject -> false
[GdPAI | debug]   Snapshotting prop: held_item = Str("") (Variant type: STRING)
[GdPAI | debug]   Snapshotting prop: entity = ObjectRef(1382643928884) (Variant type: OBJECT)
[GdPAI | debug]   Snapshotting prop: hunger = Float(95.0603725) (Variant type: FLOAT)
[GdPAI] Submitting plan: 15 actions, 2 goals, 56 callables
[GdPAI | debug] PlannerEngine: Searching for goal 'Hunger' (reward: 95.0603725)
[GdPAI] PlannerEngine: Searching for goal 'Hunger'
[GdPAI | debug] Numeric comparison: 95.0603725 LessThan 80.0603725 -> false
[GdPAI]   Root branch: 1 open preconds, 0 open requirements
[GdPAI]     Precond 0: Builtin { target: Agent, operation: LessThan, property_name: "hunger", value: Some(Float(80.0603725)) }
[GdPAI] A* Iteration: pop node with chain length 0
[GdPAI | debug] find_candidates: Checking 15 actions against 1 preconds and 0 requirements
WARNING: [GdPAI] ObjectRef(124621163998): object was freed before callback; returning Nil.
   at: gdplanningai_rust::logger::process_logs (src\logger.rs:66)
   GDScript backtrace (most recent call first):
       [0] _start_plan_and_wait (res://test/integration/test_campfire_example_smoke.gd:57)
       [1] test_competing_priorities_hunger_wins (res://test/integration/test_campfire_example_smoke.gd:168)
       [2] _pump_frames (res://test/integration/test_campfire_example_smoke.gd:44)
WARNING: [GdPAI] ObjectRef(124621163998): object was freed before callback; returning Nil.
   at: gdplanningai_rust::logger::process_logs (src\logger.rs:66)
   GDScript backtrace (most recent call first):
       [0] _start_plan_and_wait (res://test/integration/test_campfire_example_smoke.gd:57)
       [1] test_competing_priorities_hunger_wins (res://test/integration/test_campfire_example_smoke.gd:168)
       [2] _pump_frames (res://test/integration/test_campfire_example_smoke.gd:44)
[GdPAI | debug] ApplyEffect [Before] ID=InstanceId(-9223370629632216950): agent props = {"held_item": "", "hunger": 70.0627442063492, "entity": null}
[GdPAI | debug] ApplyEffect [After] ID=InstanceId(-9223370629632216950): agent props = {"held_item": "", "hunger": 70.0627442063492, "entity": null}
[GdPAI | debug]   Snapshotting prop: held_item = Str("") (Variant type: STRING)
[GdPAI | debug]   Snapshotting prop: hunger = Float(70.0627442063492) (Variant type: FLOAT)
[GdPAI | debug]   Snapshotting prop: entity = Nil (Variant type: NIL)
[GdPAI | debug] Discovery: Starting simulation for action Go To
WARNING: [GdPAI] ObjectRef(124621163998): object was freed before callback; returning Nil.
   at: gdplanningai_rust::logger::process_logs (src\logger.rs:66)
   GDScript backtrace (most recent call first):
       [0] _process (res://addons/GdPlanningAI/gdpai_autoload.gd:21)
[GdPAI | debug] GetCost: callable returned non-numeric value: null; returning INFINITY
WARNING: [GdPAI] ObjectRef(124621163998): object was freed before callback; returning Nil.
   at: gdplanningai_rust::logger::process_logs (src\logger.rs:66)
   GDScript backtrace (most recent call first):
       [0] _start_plan_and_wait (res://test/integration/test_campfire_example_smoke.gd:57)
[GdPAI | debug] ApplyEffect [Before] ID=InstanceId(-9223370627165966173): agent props = {"held_item": "", "hunger": 70.0627442063492, "entity": null}
[GdPAI | debug] ApplyEffect [After] ID=InstanceId(-9223370627165966173): agent props = {"held_item": "", "hunger": 70.0627442063492, "entity": null}
[GdPAI | debug]   Snapshotting prop: held_item = Str("") (Variant type: STRING)
[GdPAI | debug]   Snapshotting prop: hunger = Float(70.0627442063492) (Variant type: FLOAT)
[GdPAI | debug]   Snapshotting prop: entity = Nil (Variant type: NIL)
[GdPAI | debug] ApplyEffect [Before] ID=InstanceId(-9223370626595540829): agent props = {"entity": VariantGd { id: 1382643928884, class: RigidBody2D }, "held_item": "", "hunger": 95.0603725}
[GdPAI | debug] ApplyEffect [After] ID=InstanceId(-9223370626595540829): agent props = {"entity": VariantGd { id: 1382643928884, class: RigidBody2D }, "held_item": "", "hunger": 95.0603725}
[GdPAI | debug]   Snapshotting prop: entity = ObjectRef(1382643928884) (Variant type: OBJECT)
[GdPAI | debug]   Snapshotting prop: held_item = Str("") (Variant type: STRING)
[GdPAI | debug]   Snapshotting prop: hunger = Float(95.0603725) (Variant type: FLOAT)
[GdPAI | debug] Discovery: Simulation success for Go To. Agent props: {"held_item": Str(""), "hunger": Float(95.0603725), "entity": ObjectRef(1382643928884)}
[GdPAI | debug] Numeric comparison: 95.0603725 LessThan 80.0603725 -> false
[GdPAI | debug] Discovery: Action Go To did NOT satisfy precond Builtin { target: Agent, operation: LessThan, property_name: "hunger", value: Some(Float(80.0603725)) }
[GdPAI | debug] Discovery: Starting simulation for action Eat Held Food
WARNING: [GdPAI] ObjectRef(124621163998): object was freed before callback; returning Nil.
   at: gdplanningai_rust::logger::process_logs (src\logger.rs:66)
   GDScript backtrace (most recent call first):
       [0] _process (res://addons/GdPlanningAI/gdpai_autoload.gd:21)
[GdPAI | debug] GetCost: callable returned non-numeric value: null; returning INFINITY
WARNING: [GdPAI] ObjectRef(124621163998): object was freed before callback; returning Nil.
   at: gdplanningai_rust::logger::process_logs (src\logger.rs:66)
   GDScript backtrace (most recent call first):
       [0] _start_plan_and_wait (res://test/integration/test_campfire_example_smoke.gd:57)
[GdPAI | debug] ApplyEffect [Before] ID=InstanceId(-9223370624766824274): agent props = {"hunger": 70.0627442063492, "held_item": "", "entity": null}
[GdPAI | debug] ApplyEffect [After] ID=InstanceId(-9223370624766824274): agent props = {"hunger": 70.0627442063492, "held_item": "", "entity": null}
[GdPAI | debug]   Snapshotting prop: hunger = Float(70.0627442063492) (Variant type: FLOAT)
[GdPAI | debug]   Snapshotting prop: held_item = Str("") (Variant type: STRING)
[GdPAI | debug]   Snapshotting prop: entity = Nil (Variant type: NIL)
[GdPAI | debug] ApplyEffect [Before] ID=InstanceId(-9223370624196398930): agent props = {"held_item": "", "hunger": 95.0603725, "entity": VariantGd { id: 1382643928884, class: RigidBody2D }}
[GdPAI | debug] ApplyEffect [After] ID=InstanceId(-9223370624196398930): agent props = {"held_item": "", "hunger": 75.0603725, "entity": VariantGd { id: 1382643928884, class: RigidBody2D }}
[GdPAI | debug]   Snapshotting prop: held_item = Str("") (Variant type: STRING)
[GdPAI | debug]   Snapshotting prop: hunger = Float(75.0603725) (Variant type: FLOAT)
[GdPAI | debug]   Snapshotting prop: entity = ObjectRef(1382643928884) (Variant type: OBJECT)
[GdPAI | debug] Discovery: Simulation success for Eat Held Food. Agent props: {"hunger": Float(75.0603725), "held_item": Str(""), "entity": ObjectRef(1382643928884)}
[GdPAI | debug] Numeric comparison: 75.0603725 LessThan 80.0603725 -> true
[GdPAI | debug] Discovery: Action Eat Held Food satisfied precond Builtin { target: Agent, operation: LessThan, property_name: "hunger", value: Some(Float(80.0603725)) }
[GdPAI | debug] Found candidate: Eat Held Food (satisfied preconds: [0], requirements: [])
WARNING: [GdPAI] ObjectRef(124621163998): object was freed before callback; returning Nil.
   at: gdplanningai_rust::logger::process_logs (src\logger.rs:66)
   GDScript backtrace (most recent call first):
       [0] _process (res://addons/GdPlanningAI/gdpai_autoload.gd:21)
[GdPAI | debug] GetCost: callable returned non-numeric value: null; returning INFINITY
[GdPAI | debug] Discovery: Starting simulation for action Go To
WARNING: [GdPAI] ObjectRef(124621163998): object was freed before callback; returning Nil.
   at: gdplanningai_rust::logger::process_logs (src\logger.rs:66)
   GDScript backtrace (most recent call first):
       [0] _start_plan_and_wait (res://test/integration/test_campfire_example_smoke.gd:57)
[GdPAI | debug] ApplyEffect [Before] ID=InstanceId(-9223370622367682415): agent props = {"hunger": 70.0627442063492, "entity": null, "held_item": "wood"}
[GdPAI | debug] ApplyEffect [After] ID=InstanceId(-9223370622367682415): agent props = {"hunger": 70.0627442063492, "entity": null, "held_item": "wood"}
[GdPAI | debug]   Snapshotting prop: hunger = Float(70.0627442063492) (Variant type: FLOAT)
[GdPAI | debug]   Snapshotting prop: entity = Nil (Variant type: NIL)
[GdPAI | debug]   Snapshotting prop: held_item = Str("wood") (Variant type: STRING)
WARNING: [GdPAI] ObjectRef(124621163998): object was freed before callback; returning Nil.
   at: gdplanningai_rust::logger::process_logs (src\logger.rs:66)
   GDScript backtrace (most recent call first):
       [0] _process (res://addons/GdPlanningAI/gdpai_autoload.gd:21)
WARNING: [GdPAI] ObjectRef(124621163998): object was freed before callback; returning Nil.
   at: gdplanningai_rust::logger::process_logs (src\logger.rs:66)
   GDScript backtrace (most recent call first):
       [0] _process (res://addons/GdPlanningAI/gdpai_autoload.gd:21)
[GdPAI | debug] GetCost: callable returned non-numeric value: null; returning INFINITY
[GdPAI | debug] ApplyEffect [Before] ID=InstanceId(-9223370620589297487): agent props = {"hunger": 95.0603725, "held_item": "", "entity": VariantGd { id: 1382643928884, class: RigidBody2D }}
[GdPAI | debug] ApplyEffect [After] ID=InstanceId(-9223370620589297487): agent props = {"hunger": 95.0603725, "held_item": "", "entity": VariantGd { id: 1382643928884, class: RigidBody2D }}
[GdPAI | debug]   Snapshotting prop: hunger = Float(95.0603725) (Variant type: FLOAT)
[GdPAI | debug]   Snapshotting prop: held_item = Str("") (Variant type: STRING)
[GdPAI | debug]   Snapshotting prop: entity = ObjectRef(1382643928884) (Variant type: OBJECT)
[GdPAI | debug] Discovery: Simulation success for Go To. Agent props: {"entity": ObjectRef(1382643928884), "hunger": Float(95.0603725), "held_item": Str("")}
[GdPAI | debug] Numeric comparison: 95.0603725 LessThan 80.0603725 -> false
[GdPAI | debug] Discovery: Action Go To did NOT satisfy precond Builtin { target: Agent, operation: LessThan, property_name: "hunger", value: Some(Float(80.0603725)) }
[GdPAI | debug] Discovery: Starting simulation for action Drop Item
WARNING: [GdPAI] ObjectRef(124621163998): object was freed before callback; returning Nil.
   at: gdplanningai_rust::logger::process_logs (src\logger.rs:66)
   GDScript backtrace (most recent call first):
       [0] _start_plan_and_wait (res://test/integration/test_campfire_example_smoke.gd:57)
WARNING: [GdPAI] ObjectRef(124621163998): object was freed before callback; returning Nil.
   at: gdplanningai_rust::logger::process_logs (src\logger.rs:66)
   GDScript backtrace (most recent call first):
       [0] _start_plan_and_wait (res://test/integration/test_campfire_example_smoke.gd:57)
[GdPAI | debug] ApplyEffect [Before] ID=InstanceId(-9223370619918208845): agent props = {"held_item": "", "hunger": 70.0627442063492, "entity": null}
[GdPAI | debug] ApplyEffect [After] ID=InstanceId(-9223370619918208845): agent props = {"held_item": "", "hunger": 70.0627442063492, "entity": null}
[GdPAI | debug]   Snapshotting prop: held_item = Str("") (Variant type: STRING)
[GdPAI | debug]   Snapshotting prop: hunger = Float(70.0627442063492) (Variant type: FLOAT)
[GdPAI | debug]   Snapshotting prop: entity = Nil (Variant type: NIL)
WARNING: [GdPAI] ObjectRef(124621163998): object was freed before callback; returning Nil.
   at: gdplanningai_rust::logger::process_logs (src\logger.rs:66)
   GDScript backtrace (most recent call first):
       [0] _process (res://addons/GdPlanningAI/gdpai_autoload.gd:21)
[GdPAI | debug] GetCost: callable returned non-numeric value: null; returning INFINITY
[GdPAI | debug] ApplyEffect [Before] ID=InstanceId(-9223370618089492310): agent props = {"hunger": 95.0603725, "entity": VariantGd { id: 1382643928884, class: RigidBody2D }, "held_item": ""}
[GdPAI | debug] ApplyEffect [After] ID=InstanceId(-9223370618089492310): agent props = {"entity": VariantGd { id: 1382643928884, class: RigidBody2D }, "hunger": 95.0603725, "held_item": ""}
[GdPAI | debug]   Snapshotting prop: entity = ObjectRef(1382643928884) (Variant type: OBJECT)
[GdPAI | debug]   Snapshotting prop: hunger = Float(95.0603725) (Variant type: FLOAT)
[GdPAI | debug]   Snapshotting prop: held_item = Str("") (Variant type: STRING)
[GdPAI | debug] Discovery: Simulation success for Drop Item. Agent props: {"held_item": Str(""), "entity": ObjectRef(1382643928884), "hunger": Float(95.0603725)}
[GdPAI | debug] Numeric comparison: 95.0603725 LessThan 80.0603725 -> false
[GdPAI | debug] Discovery: Action Drop Item did NOT satisfy precond Builtin { target: Agent, operation: LessThan, property_name: "hunger", value: Some(Float(80.0603725)) }
[GdPAI | debug] Discovery: Starting simulation for action Add Fuel
WARNING: [GdPAI] ObjectRef(124621163998): object was freed before callback; returning Nil.
   at: gdplanningai_rust::logger::process_logs (src\logger.rs:66)
   GDScript backtrace (most recent call first):
       [0] _start_plan_and_wait (res://test/integration/test_campfire_example_smoke.gd:57)
[GdPAI | debug] ApplyEffect [Before] ID=InstanceId(-9223370617468735298): agent props = {"hunger": 70.0627442063492, "entity": null, "held_item": ""}
[GdPAI | debug] ApplyEffect [After] ID=InstanceId(-9223370617468735298): agent props = {"hunger": 70.0627442063492, "entity": null, "held_item": ""}
[GdPAI | debug]   Snapshotting prop: hunger = Float(70.0627442063492) (Variant type: FLOAT)
[GdPAI | debug]   Snapshotting prop: entity = Nil (Variant type: NIL)
[GdPAI | debug]   Snapshotting prop: held_item = Str("") (Variant type: STRING)
WARNING: [GdPAI] ObjectRef(124621163998): object was freed before callback; returning Nil.
   at: gdplanningai_rust::logger::process_logs (src\logger.rs:66)
   GDScript backtrace (most recent call first):
       [0] _process (res://addons/GdPlanningAI/gdpai_autoload.gd:21)
[GdPAI | debug] GetCost: callable returned non-numeric value: null; returning INFINITY
[GdPAI | debug] ApplyEffect [Before] ID=InstanceId(-9223370615690350406): agent props = {"entity": VariantGd { id: 1382643928884, class: RigidBody2D }, "held_item": "wood", "hunger": 95.0603725}
[GdPAI | debug] ApplyEffect [After] ID=InstanceId(-9223370615690350406): agent props = {"entity": VariantGd { id: 1382643928884, class: RigidBody2D }, "held_item": "", "hunger": 95.0603725}
[GdPAI | debug]   Snapshotting prop: entity = ObjectRef(1382643928884) (Variant type: OBJECT)
[GdPAI | debug]   Snapshotting prop: held_item = Str("") (Variant type: STRING)
[GdPAI | debug]   Snapshotting prop: hunger = Float(95.0603725) (Variant type: FLOAT)
[GdPAI | debug] Discovery: Simulation success for Add Fuel. Agent props: {"entity": ObjectRef(1382643928884), "held_item": Str(""), "hunger": Float(95.0603725)}
[GdPAI | debug] Numeric comparison: 95.0603725 LessThan 80.0603725 -> false
[GdPAI | debug] Discovery: Action Add Fuel did NOT satisfy precond Builtin { target: Agent, operation: LessThan, property_name: "hunger", value: Some(Float(80.0603725)) }
WARNING: [GdPAI] ObjectRef(124621163998): object was freed before callback; returning Nil.
   at: gdplanningai_rust::logger::process_logs (src\logger.rs:66)
   GDScript backtrace (most recent call first):
       [0] _start_plan_and_wait (res://test/integration/test_campfire_example_smoke.gd:57)
[GdPAI | debug] ApplyEffect [Before] ID=InstanceId(-9223370615069593404): agent props = {"held_item": "", "entity": null, "hunger": 70.0627442063492}
[GdPAI | debug] ApplyEffect [After] ID=InstanceId(-9223370615069593404): agent props = {"held_item": "", "entity": null, "hunger": 70.0627442063492}
[GdPAI | debug]   Snapshotting prop: held_item = Str("") (Variant type: STRING)
[GdPAI | debug]   Snapshotting prop: entity = Nil (Variant type: NIL)
[GdPAI | debug]   Snapshotting prop: hunger = Float(70.0627442063492) (Variant type: FLOAT)
WARNING: [GdPAI] ObjectRef(124621163998): object was freed before callback; returning Nil.
   at: gdplanningai_rust::logger::process_logs (src\logger.rs:66)
   GDScript backtrace (most recent call first):
       [0] _process (res://addons/GdPlanningAI/gdpai_autoload.gd:21)
[GdPAI | debug] GetCost: callable returned non-numeric value: null; returning INFINITY
WARNING: [GdPAI] ObjectRef(124621163998): object was freed before callback; returning Nil.
   at: gdplanningai_rust::logger::process_logs (src\logger.rs:66)
   GDScript backtrace (most recent call first):
       [0] _start_plan_and_wait (res://test/integration/test_campfire_example_smoke.gd:57)
[GdPAI | debug] ApplyEffect [Before] ID=InstanceId(-9223370612670451515): agent props = {"hunger": 70.0627442063492, "entity": null, "held_item": "wood"}
[GdPAI | debug] ApplyEffect [After] ID=InstanceId(-9223370612670451515): agent props = {"hunger": 70.0627442063492, "entity": null, "held_item": "wood"}
[GdPAI | debug]   Snapshotting prop: hunger = Float(70.0627442063492) (Variant type: FLOAT)
[GdPAI | debug]   Snapshotting prop: entity = Nil (Variant type: NIL)
[GdPAI | debug]   Snapshotting prop: held_item = Str("wood") (Variant type: STRING)
[GdPAI | debug] Discovery: Starting simulation for action Cook Potato
WARNING: [GdPAI] ObjectRef(124621163998): object was freed before callback; returning Nil.
   at: gdplanningai_rust::logger::process_logs (src\logger.rs:66)
   GDScript backtrace (most recent call first):
       [0] _process (res://addons/GdPlanningAI/gdpai_autoload.gd:21)
WARNING: [GdPAI] ObjectRef(124621163998): object was freed before callback; returning Nil.
   at: gdplanningai_rust::logger::process_logs (src\logger.rs:66)
   GDScript backtrace (most recent call first):
       [0] _process (res://addons/GdPlanningAI/gdpai_autoload.gd:21)
[GdPAI | debug] GetCost: callable returned non-numeric value: null; returning INFINITY
WARNING: [GdPAI] ObjectRef(124621163998): object was freed before callback; returning Nil.
   at: gdplanningai_rust::logger::process_logs (src\logger.rs:66)
   GDScript backtrace (most recent call first):
       [0] _start_plan_and_wait (res://test/integration/test_campfire_example_smoke.gd:57)
WARNING: [GdPAI] ObjectRef(124621163998): object was freed before callback; returning Nil.
   at: gdplanningai_rust::logger::process_logs (src\logger.rs:66)
   GDScript backtrace (most recent call first):
       [0] _start_plan_and_wait (res://test/integration/test_campfire_example_smoke.gd:57)
[GdPAI | debug] ApplyEffect [Before] ID=InstanceId(-9223370610220977960): agent props = {"held_item": "", "hunger": 70.0627442063492, "entity": null}
[GdPAI | debug] ApplyEffect [After] ID=InstanceId(-9223370610220977960): agent props = {"held_item": "", "hunger": 70.0627442063492, "entity": null}
[GdPAI | debug]   Snapshotting prop: held_item = Str("") (Variant type: STRING)
[GdPAI | debug]   Snapshotting prop: hunger = Float(70.0627442063492) (Variant type: FLOAT)
[GdPAI | debug]   Snapshotting prop: entity = Nil (Variant type: NIL)
[GdPAI | debug] ApplyEffect [Before] ID=InstanceId(-9223370609650552616): agent props = {"held_item": "potato", "entity": VariantGd { id: 1382643928884, class: RigidBody2D }, "hunger": 95.0603725}
[GdPAI | debug] ApplyEffect [After] ID=InstanceId(-9223370609650552616): agent props = {"held_item": "cooked_potato", "entity": VariantGd { id: 1382643928884, class: RigidBody2D }, "hunger": 95.0603725}
[GdPAI | debug]   Snapshotting prop: held_item = Str("cooked_potato") (Variant type: STRING)
[GdPAI | debug]   Snapshotting prop: entity = ObjectRef(1382643928884) (Variant type: OBJECT)
[GdPAI | debug]   Snapshotting prop: hunger = Float(95.0603725) (Variant type: FLOAT)
[GdPAI | debug] Discovery: Simulation success for Cook Potato. Agent props: {"hunger": Float(95.0603725), "held_item": Str("cooked_potato"), "entity": ObjectRef(1382643928884)}
[GdPAI | debug] Numeric comparison: 95.0603725 LessThan 80.0603725 -> false
[GdPAI | debug] Discovery: Action Cook Potato did NOT satisfy precond Builtin { target: Agent, operation: LessThan, property_name: "hunger", value: Some(Float(80.0603725)) }
[GdPAI | debug] Discovery: Starting simulation for action Pick Up Wood
WARNING: [GdPAI] ObjectRef(124621163998): object was freed before callback; returning Nil.
   at: gdplanningai_rust::logger::process_logs (src\logger.rs:66)
   GDScript backtrace (most recent call first):
       [0] _process (res://addons/GdPlanningAI/gdpai_autoload.gd:21)
[GdPAI | debug] GetCost: callable returned non-numeric value: null; returning INFINITY
WARNING: [GdPAI] ObjectRef(124621163998): object was freed before callback; returning Nil.
   at: gdplanningai_rust::logger::process_logs (src\logger.rs:66)
   GDScript backtrace (most recent call first):
       [0] _start_plan_and_wait (res://test/integration/test_campfire_example_smoke.gd:57)
[GdPAI | debug] ApplyEffect [Before] ID=InstanceId(-9223370607771504414): agent props = {"entity": null, "held_item": "", "hunger": 70.0627442063492}
[GdPAI | debug] ApplyEffect [After] ID=InstanceId(-9223370607771504414): agent props = {"entity": null, "held_item": "", "hunger": 70.0627442063492}
[GdPAI | debug]   Snapshotting prop: entity = Nil (Variant type: NIL)
[GdPAI | debug]   Snapshotting prop: held_item = Str("") (Variant type: STRING)
[GdPAI | debug]   Snapshotting prop: hunger = Float(70.0627442063492) (Variant type: FLOAT)
[GdPAI | debug] ApplyEffect [Before] ID=InstanceId(-9223370607201079070): agent props = {"held_item": "", "hunger": 95.0603725, "entity": VariantGd { id: 1382643928884, class: RigidBody2D }}
[GdPAI | debug] ApplyEffect [After] ID=InstanceId(-9223370607201079070): agent props = {"held_item": "wood", "entity": VariantGd { id: 1382643928884, class: RigidBody2D }, "hunger": 95.0603725}
[GdPAI | debug]   Snapshotting prop: held_item = Str("wood") (Variant type: STRING)
[GdPAI | debug]   Snapshotting prop: entity = ObjectRef(1382643928884) (Variant type: OBJECT)
[GdPAI | debug]   Snapshotting prop: hunger = Float(95.0603725) (Variant type: FLOAT)
[GdPAI | debug] Discovery: Simulation success for Pick Up Wood. Agent props: {"hunger": Float(95.0603725), "held_item": Str("wood"), "entity": ObjectRef(1382643928884)}
[GdPAI | debug] Numeric comparison: 95.0603725 LessThan 80.0603725 -> false
[GdPAI | debug] Discovery: Action Pick Up Wood did NOT satisfy precond Builtin { target: Agent, operation: LessThan, property_name: "hunger", value: Some(Float(80.0603725)) }
[GdPAI | debug] Discovery: Starting simulation for action Pick Up Wood
WARNING: [GdPAI] ObjectRef(124621163998): object was freed before callback; returning Nil.
   at: gdplanningai_rust::logger::process_logs (src\logger.rs:66)
   GDScript backtrace (most recent call first):
       [0] _process (res://addons/GdPlanningAI/gdpai_autoload.gd:21)
[GdPAI | debug] GetCost: callable returned non-numeric value: null; returning INFINITY
WARNING: [GdPAI] ObjectRef(124621163998): object was freed before callback; returning Nil.
   at: gdplanningai_rust::logger::process_logs (src\logger.rs:66)
   GDScript backtrace (most recent call first):
       [0] _start_plan_and_wait (res://test/integration/test_campfire_example_smoke.gd:57)
[GdPAI | debug] ApplyEffect [Before] ID=InstanceId(-9223370605372362534): agent props = {"entity": null, "hunger": 70.0627442063492, "held_item": ""}
[GdPAI | debug] ApplyEffect [After] ID=InstanceId(-9223370605372362534): agent props = {"entity": null, "hunger": 70.0627442063492, "held_item": ""}
[GdPAI | debug]   Snapshotting prop: entity = Nil (Variant type: NIL)
[GdPAI | debug]   Snapshotting prop: hunger = Float(70.0627442063492) (Variant type: FLOAT)
[GdPAI | debug]   Snapshotting prop: held_item = Str("") (Variant type: STRING)
[GdPAI | debug] ApplyEffect [Before] ID=InstanceId(-9223370604801937190): agent props = {"hunger": 95.0603725, "held_item": "", "entity": VariantGd { id: 1382643928884, class: RigidBody2D }}
[GdPAI | debug] ApplyEffect [After] ID=InstanceId(-9223370604801937190): agent props = {"hunger": 95.0603725, "entity": VariantGd { id: 1382643928884, class: RigidBody2D }, "held_item": "wood"}
[GdPAI | debug]   Snapshotting prop: hunger = Float(95.0603725) (Variant type: FLOAT)
[GdPAI | debug]   Snapshotting prop: entity = ObjectRef(1382643928884) (Variant type: OBJECT)
[GdPAI | debug]   Snapshotting prop: held_item = Str("wood") (Variant type: STRING)
[GdPAI | debug] Discovery: Simulation success for Pick Up Wood. Agent props: {"held_item": Str("wood"), "hunger": Float(95.0603725), "entity": ObjectRef(1382643928884)}
[GdPAI | debug] Numeric comparison: 95.0603725 LessThan 80.0603725 -> false
[GdPAI | debug] Discovery: Action Pick Up Wood did NOT satisfy precond Builtin { target: Agent, operation: LessThan, property_name: "hunger", value: Some(Float(80.0603725)) }
[GdPAI | debug] Discovery: Starting simulation for action Pick Up Wood
WARNING: [GdPAI] ObjectRef(124621163998): object was freed before callback; returning Nil.
   at: gdplanningai_rust::logger::process_logs (src\logger.rs:66)
   GDScript backtrace (most recent call first):
       [0] _process (res://addons/GdPlanningAI/gdpai_autoload.gd:21)
[GdPAI | debug] GetCost: callable returned non-numeric value: null; returning INFINITY
WARNING: [GdPAI] ObjectRef(124621163998): object was freed before callback; returning Nil.
   at: gdplanningai_rust::logger::process_logs (src\logger.rs:66)
   GDScript backtrace (most recent call first):
       [0] _start_plan_and_wait (res://test/integration/test_campfire_example_smoke.gd:57)
[GdPAI | debug] ApplyEffect [Before] ID=InstanceId(-9223370602973220652): agent props = {"held_item": "wood", "entity": null, "hunger": 70.0627442063492}
[GdPAI | debug] ApplyEffect [After] ID=InstanceId(-9223370602973220652): agent props = {"held_item": "wood", "entity": null, "hunger": 70.0627442063492}
[GdPAI | debug]   Snapshotting prop: held_item = Str("wood") (Variant type: STRING)
[GdPAI | debug]   Snapshotting prop: entity = Nil (Variant type: NIL)
[GdPAI | debug]   Snapshotting prop: hunger = Float(70.0627442063492) (Variant type: FLOAT)
[GdPAI | debug] ApplyEffect [Before] ID=InstanceId(-9223370602402795308): agent props = {"entity": VariantGd { id: 1382643928884, class: RigidBody2D }, "held_item": "", "hunger": 95.0603725}
[GdPAI | debug] ApplyEffect [After] ID=InstanceId(-9223370602402795308): agent props = {"hunger": 95.0603725, "entity": VariantGd { id: 1382643928884, class: RigidBody2D }, "held_item": "wood"}
[GdPAI | debug]   Snapshotting prop: hunger = Float(95.0603725) (Variant type: FLOAT)
[GdPAI | debug]   Snapshotting prop: entity = ObjectRef(1382643928884) (Variant type: OBJECT)
[GdPAI | debug]   Snapshotting prop: held_item = Str("wood") (Variant type: STRING)
[GdPAI] A* Iteration: pop node with chain length 2
[GdPAI | debug] find_candidates: Checking 15 actions against 1 preconds and 2 requirements
[GdPAI | debug] Discovery: Simulation success for Pick Up Wood. Agent props: {"entity": ObjectRef(1382643928884), "held_item": Str("wood"), "hunger": Float(95.0603725)}
[GdPAI | debug] Numeric comparison: 95.0603725 LessThan 80.0603725 -> false
[GdPAI | debug] Discovery: Action Pick Up Wood did NOT satisfy precond Builtin { target: Agent, operation: LessThan, property_name: "hunger", value: Some(Float(80.0603725)) }
[GdPAI | debug] Discovery: Starting simulation for action Pick Up Wood
WARNING: [GdPAI] ObjectRef(124621163998): object was freed before callback; returning Nil.
   at: gdplanningai_rust::logger::process_logs (src\logger.rs:66)
   GDScript backtrace (most recent call first):
       [0] _process (res://addons/GdPlanningAI/gdpai_autoload.gd:21)
WARNING: [GdPAI] ObjectRef(124621163998): object was freed before callback; returning Nil.
   at: gdplanningai_rust::logger::process_logs (src\logger.rs:66)
   GDScript backtrace (most recent call first):
       [0] _process (res://addons/GdPlanningAI/gdpai_autoload.gd:21)
[GdPAI | debug] Discovery: Starting simulation for action Go To
WARNING: [GdPAI] ObjectRef(124621163998): object was freed before callback; returning Nil.
   at: gdplanningai_rust::logger::process_logs (src\logger.rs:66)
   GDScript backtrace (most recent call first):
       [0] _start_plan_and_wait (res://test/integration/test_campfire_example_smoke.gd:57)
WARNING: [GdPAI] ObjectRef(124621163998): object was freed before callback; returning Nil.
   at: gdplanningai_rust::logger::process_logs (src\logger.rs:66)
   GDScript backtrace (most recent call first):
       [0] _start_plan_and_wait (res://test/integration/test_campfire_example_smoke.gd:57)
[GdPAI | debug] GetCost: callable returned non-numeric value: null; returning INFINITY
[GdPAI | debug] ApplyEffect [Before] ID=InstanceId(-9223370599953321783): agent props = {"held_item": "", "hunger": 95.0603725, "entity": VariantGd { id: 1382643928884, class: RigidBody2D }}
[GdPAI | debug] ApplyEffect [After] ID=InstanceId(-9223370599953321783): agent props = {"held_item": "wood", "hunger": 95.0603725, "entity": VariantGd { id: 1382643928884, class: RigidBody2D }}
[GdPAI | debug]   Snapshotting prop: held_item = Str("wood") (Variant type: STRING)
[GdPAI | debug]   Snapshotting prop: hunger = Float(95.0603725) (Variant type: FLOAT)
[GdPAI | debug]   Snapshotting prop: entity = ObjectRef(1382643928884) (Variant type: OBJECT)
[GdPAI | debug] Discovery: Simulation success for Pick Up Wood. Agent props: {"held_item": Str("wood"), "hunger": Float(95.0603725), "entity": ObjectRef(1382643928884)}
[GdPAI | debug] Numeric comparison: 95.0603725 LessThan 80.0603725 -> false
[GdPAI | debug] Discovery: Action Pick Up Wood did NOT satisfy precond Builtin { target: Agent, operation: LessThan, property_name: "hunger", value: Some(Float(80.0603725)) }
WARNING: [GdPAI] ObjectRef(124621163998): object was freed before callback; returning Nil.
   at: gdplanningai_rust::logger::process_logs (src\logger.rs:66)
   GDScript backtrace (most recent call first):
       [0] _process (res://addons/GdPlanningAI/gdpai_autoload.gd:21)
WARNING: [GdPAI] ObjectRef(124621163998): object was freed before callback; returning Nil.
   at: gdplanningai_rust::logger::process_logs (src\logger.rs:66)
   GDScript backtrace (most recent call first):
       [0] _process (res://addons/GdPlanningAI/gdpai_autoload.gd:21)
[GdPAI | debug] ApplyEffect [Before] ID=InstanceId(-9223370599265455878): agent props = {"held_item": "potato", "hunger": 70.0627442063492, "entity": null}
[GdPAI | debug] ApplyEffect [After] ID=InstanceId(-9223370599265455878): agent props = {"held_item": "potato", "hunger": 70.0627442063492, "entity": null}
[GdPAI | debug]   Snapshotting prop: held_item = Str("potato") (Variant type: STRING)
[GdPAI | debug]   Snapshotting prop: hunger = Float(70.0627442063492) (Variant type: FLOAT)
[GdPAI | debug]   Snapshotting prop: entity = Nil (Variant type: NIL)
[GdPAI | debug] Discovery: Simulation success for Go To. Agent props: {"held_item": Str("potato"), "hunger": Float(70.0627442063492), "entity": Nil}
[GdPAI | debug] Discovery: Action Go To satisfied precond Builtin { target: Agent, operation: Equal, property_name: "held_item", value: Some(Str("potato")) }
[GdPAI | debug] Found candidate: Go To (satisfied preconds: [0], requirements: [1])
[GdPAI | debug] Discovery: Starting simulation for action Eat Held Food
WARNING: [GdPAI] ObjectRef(124621163998): object was freed before callback; returning Nil.
   at: gdplanningai_rust::logger::process_logs (src\logger.rs:66)
   GDScript backtrace (most recent call first):
       [0] _start_plan_and_wait (res://test/integration/test_campfire_example_smoke.gd:57)
WARNING: [GdPAI] ObjectRef(124621163998): object was freed before callback; returning Nil.
   at: gdplanningai_rust::logger::process_logs (src\logger.rs:66)
   GDScript backtrace (most recent call first):
       [0] _start_plan_and_wait (res://test/integration/test_campfire_example_smoke.gd:57)
[GdPAI | debug] GetCost: callable returned non-numeric value: null; returning INFINITY
WARNING: [GdPAI] ObjectRef(124621163998): object was freed before callback; returning Nil.
   at: gdplanningai_rust::logger::process_logs (src\logger.rs:66)
   GDScript backtrace (most recent call first):
       [0] _process (res://addons/GdPlanningAI/gdpai_autoload.gd:21)
WARNING: [GdPAI] ObjectRef(124621163998): object was freed before callback; returning Nil.
   at: gdplanningai_rust::logger::process_logs (src\logger.rs:66)
   GDScript backtrace (most recent call first):
       [0] _process (res://addons/GdPlanningAI/gdpai_autoload.gd:21)
[GdPAI | debug] ApplyEffect [Before] ID=InstanceId(-9223370596765650755): agent props = {"held_item": "potato", "entity": null, "hunger": 70.0627442063492}
[GdPAI | debug] ApplyEffect [After] ID=InstanceId(-9223370596765650755): agent props = {"held_item": "potato", "entity": null, "hunger": 70.0627442063492}
[GdPAI | debug]   Snapshotting prop: held_item = Str("potato") (Variant type: STRING)
[GdPAI | debug]   Snapshotting prop: entity = Nil (Variant type: NIL)
[GdPAI | debug]   Snapshotting prop: hunger = Float(70.0627442063492) (Variant type: FLOAT)
[GdPAI | debug] Discovery: Simulation success for Eat Held Food. Agent props: {"hunger": Float(70.0627442063492), "entity": Nil, "held_item": Str("potato")}
[GdPAI | debug] Discovery: Action Eat Held Food satisfied precond Builtin { target: Agent, operation: Equal, property_name: "held_item", value: Some(Str("potato")) }
[GdPAI | debug] Found candidate: Eat Held Food (satisfied preconds: [0], requirements: [])
WARNING: [GdPAI] ObjectRef(124621163998): object was freed before callback; returning Nil.
   at: gdplanningai_rust::logger::process_logs (src\logger.rs:66)
   GDScript backtrace (most recent call first):
       [0] _start_plan_and_wait (res://test/integration/test_campfire_example_smoke.gd:57)
WARNING: [GdPAI] ObjectRef(124621163998): object was freed before callback; returning Nil.
   at: gdplanningai_rust::logger::process_logs (src\logger.rs:66)
   GDScript backtrace (most recent call first):
       [0] _start_plan_and_wait (res://test/integration/test_campfire_example_smoke.gd:57)
[GdPAI | debug] Discovery: Starting simulation for action Go To
[GdPAI | debug] Discovery: Starting simulation for action Dig Potato
WARNING: [GdPAI] ObjectRef(124621163998): object was freed before callback; returning Nil.
   at: gdplanningai_rust::logger::process_logs (src\logger.rs:66)
   GDScript backtrace (most recent call first):
       [0] _process (res://addons/GdPlanningAI/gdpai_autoload.gd:21)
WARNING: [GdPAI] ObjectRef(124621163998): object was freed before callback; returning Nil.
   at: gdplanningai_rust::logger::process_logs (src\logger.rs:66)
   GDScript backtrace (most recent call first):
       [0] _process (res://addons/GdPlanningAI/gdpai_autoload.gd:21)
[GdPAI | debug] GetCost: callable returned non-numeric value: null; returning INFINITY
WARNING: [GdPAI] ObjectRef(124621163998): object was freed before callback; returning Nil.
   at: gdplanningai_rust::logger::process_logs (src\logger.rs:66)
   GDScript backtrace (most recent call first):
       [0] _start_plan_and_wait (res://test/integration/test_campfire_example_smoke.gd:57)
WARNING: [GdPAI] ObjectRef(124621163998): object was freed before callback; returning Nil.
   at: gdplanningai_rust::logger::process_logs (src\logger.rs:66)
   GDScript backtrace (most recent call first):
       [0] _start_plan_and_wait (res://test/integration/test_campfire_example_smoke.gd:57)
[GdPAI | debug] ApplyEffect [Before] ID=InstanceId(-9223370593024331523): agent props = {"entity": null, "hunger": 70.0627442063492, "held_item": "potato"}
[GdPAI | debug] ApplyEffect [After] ID=InstanceId(-9223370593024331523): agent props = {"entity": null, "hunger": 70.0627442063492, "held_item": "potato"}
[GdPAI | debug]   Snapshotting prop: entity = Nil (Variant type: NIL)
[GdPAI | debug]   Snapshotting prop: hunger = Float(70.0627442063492) (Variant type: FLOAT)
[GdPAI | debug]   Snapshotting prop: held_item = Str("potato") (Variant type: STRING)
[GdPAI | debug] Discovery: Simulation success for Go To. Agent props: {"entity": Nil, "held_item": Str("potato"), "hunger": Float(70.0627442063492)}
[GdPAI | debug] Discovery: Action Go To satisfied precond Builtin { target: Agent, operation: Equal, property_name: "held_item", value: Some(Str("potato")) }
[GdPAI | debug] Found candidate: Go To (satisfied preconds: [0], requirements: [1])
[GdPAI | debug] ApplyEffect [Before] ID=InstanceId(-9223370592453906179): agent props = {"hunger": 95.0603725, "entity": VariantGd { id: 1382643928884, class: RigidBody2D }, "held_item": ""}
[GdPAI | debug] Discovery: Starting simulation for action Drop Item
[GdPAI | debug] ApplyEffect [After] ID=InstanceId(-9223370592453906179): agent props = {"entity": VariantGd { id: 1382643928884, class: RigidBody2D }, "held_item": "potato", "hunger": 95.0603725}
[GdPAI | debug]   Snapshotting prop: entity = ObjectRef(1382643928884) (Variant type: OBJECT)
[GdPAI | debug]   Snapshotting prop: held_item = Str("potato") (Variant type: STRING)
[GdPAI | debug]   Snapshotting prop: hunger = Float(95.0603725) (Variant type: FLOAT)
[GdPAI | debug] Discovery: Simulation success for Dig Potato. Agent props: {"entity": ObjectRef(1382643928884), "held_item": Str("potato"), "hunger": Float(95.0603725)}
[GdPAI | debug] Numeric comparison: 95.0603725 LessThan 80.0603725 -> false
[GdPAI | debug] Discovery: Action Dig Potato did NOT satisfy precond Builtin { target: Agent, operation: LessThan, property_name: "hunger", value: Some(Float(80.0603725)) }
WARNING: [GdPAI] ObjectRef(124621163998): object was freed before callback; returning Nil.
   at: gdplanningai_rust::logger::process_logs (src\logger.rs:66)
   GDScript backtrace (most recent call first):
       [0] _process (res://addons/GdPlanningAI/gdpai_autoload.gd:21)
WARNING: [GdPAI] ObjectRef(124621163998): object was freed before callback; returning Nil.
   at: gdplanningai_rust::logger::process_logs (src\logger.rs:66)
   GDScript backtrace (most recent call first):
       [0] _process (res://addons/GdPlanningAI/gdpai_autoload.gd:21)
[GdPAI | debug] GetCost: callable returned non-numeric value: null; returning INFINITY
WARNING: [GdPAI] ObjectRef(124621163998): object was freed before callback; returning Nil.
   at: gdplanningai_rust::logger::process_logs (src\logger.rs:66)
   GDScript backtrace (most recent call first):
       [0] _start_plan_and_wait (res://test/integration/test_campfire_example_smoke.gd:57)
WARNING: [GdPAI] ObjectRef(124621163998): object was freed before callback; returning Nil.
   at: gdplanningai_rust::logger::process_logs (src\logger.rs:66)
   GDScript backtrace (most recent call first):
       [0] _start_plan_and_wait (res://test/integration/test_campfire_example_smoke.gd:57)
[GdPAI | debug] ApplyEffect [Before] ID=InstanceId(-9223370590524526300): agent props = {"entity": null, "held_item": "potato", "hunger": 70.0627442063492}
[GdPAI | debug] ApplyEffect [After] ID=InstanceId(-9223370590524526300): agent props = {"entity": null, "held_item": "potato", "hunger": 70.0627442063492}
[GdPAI | debug]   Snapshotting prop: entity = Nil (Variant type: NIL)
[GdPAI | debug]   Snapshotting prop: held_item = Str("potato") (Variant type: STRING)
[GdPAI | debug]   Snapshotting prop: hunger = Float(70.0627442063492) (Variant type: FLOAT)
[GdPAI | debug] Discovery: Simulation success for Drop Item. Agent props: {"hunger": Float(70.0627442063492), "entity": Nil, "held_item": Str("potato")}
[GdPAI | debug] Discovery: Action Drop Item satisfied precond Builtin { target: Agent, operation: Equal, property_name: "held_item", value: Some(Str("potato")) }
[GdPAI | debug] Found candidate: Drop Item (satisfied preconds: [0], requirements: [])
[GdPAI | debug] Discovery: Starting simulation for action Add Fuel
WARNING: [GdPAI] ObjectRef(124621163998): object was freed before callback; returning Nil.
   at: gdplanningai_rust::logger::process_logs (src\logger.rs:66)
   GDScript backtrace (most recent call first):
       [0] _process (res://addons/GdPlanningAI/gdpai_autoload.gd:21)
WARNING: [GdPAI] ObjectRef(124621163998): object was freed before callback; returning Nil.
   at: gdplanningai_rust::logger::process_logs (src\logger.rs:66)
   GDScript backtrace (most recent call first):
       [0] _process (res://addons/GdPlanningAI/gdpai_autoload.gd:21)
[GdPAI | debug] GetCost: callable returned non-numeric value: null; returning INFINITY
WARNING: [GdPAI] ObjectRef(124621163998): object was freed before callback; returning Nil.
   at: gdplanningai_rust::logger::process_logs (src\logger.rs:66)
   GDScript backtrace (most recent call first):
       [0] _start_plan_and_wait (res://test/integration/test_campfire_example_smoke.gd:57)
WARNING: [GdPAI] ObjectRef(124621163998): object was freed before callback; returning Nil.
   at: gdplanningai_rust::logger::process_logs (src\logger.rs:66)
   GDScript backtrace (most recent call first):
       [0] _start_plan_and_wait (res://test/integration/test_campfire_example_smoke.gd:57)
[GdPAI | debug] ApplyEffect [Before] ID=InstanceId(-9223370588024721099): agent props = {"entity": null, "held_item": "wood", "hunger": 70.0627442063492}
[GdPAI | debug] ApplyEffect [After] ID=InstanceId(-9223370588024721099): agent props = {"entity": null, "held_item": "wood", "hunger": 70.0627442063492}
[GdPAI | debug]   Snapshotting prop: entity = Nil (Variant type: NIL)
[GdPAI | debug]   Snapshotting prop: held_item = Str("wood") (Variant type: STRING)
[GdPAI | debug]   Snapshotting prop: hunger = Float(70.0627442063492) (Variant type: FLOAT)
[GdPAI | debug] Discovery: Simulation success for Add Fuel. Agent props: {"held_item": Str("wood"), "entity": Nil, "hunger": Float(70.0627442063492)}
[GdPAI | debug] Discovery: Action Add Fuel did NOT satisfy precond Builtin { target: Agent, operation: Equal, property_name: "held_item", value: Some(Str("potato")) }
[GdPAI | debug] Discovery: Starting simulation for action Dig Potato
WARNING: [GdPAI] ObjectRef(124621163998): object was freed before callback; returning Nil.
   at: gdplanningai_rust::logger::process_logs (src\logger.rs:66)
   GDScript backtrace (most recent call first):
       [0] _process (res://addons/GdPlanningAI/gdpai_autoload.gd:21)
WARNING: [GdPAI] ObjectRef(124621163998): object was freed before callback; returning Nil.
   at: gdplanningai_rust::logger::process_logs (src\logger.rs:66)
   GDScript backtrace (most recent call first):
       [0] _process (res://addons/GdPlanningAI/gdpai_autoload.gd:21)
[GdPAI | debug] Discovery: Action Cook Potato failed validity check, skipping
[GdPAI | debug] Discovery: Starting simulation for action Pick Up Wood
WARNING: [GdPAI] ObjectRef(124621163998): object was freed before callback; returning Nil.
   at: gdplanningai_rust::logger::process_logs (src\logger.rs:66)
   GDScript backtrace (most recent call first):
       [0] _start_plan_and_wait (res://test/integration/test_campfire_example_smoke.gd:57)
WARNING: [GdPAI] ObjectRef(124621163998): object was freed before callback; returning Nil.
   at: gdplanningai_rust::logger::process_logs (src\logger.rs:66)
   GDScript backtrace (most recent call first):
       [0] _start_plan_and_wait (res://test/integration/test_campfire_example_smoke.gd:57)
[GdPAI | debug] GetCost: callable returned non-numeric value: null; returning INFINITY
[GdPAI | debug] ApplyEffect [Before] ID=InstanceId(-9223370584954490577): agent props = {"hunger": 95.0603725, "entity": VariantGd { id: 1382643928884, class: RigidBody2D }, "held_item": ""}
[GdPAI | debug] ApplyEffect [After] ID=InstanceId(-9223370584954490577): agent props = {"entity": VariantGd { id: 1382643928884, class: RigidBody2D }, "held_item": "potato", "hunger": 95.0603725}
[GdPAI | debug]   Snapshotting prop: entity = ObjectRef(1382643928884) (Variant type: OBJECT)
[GdPAI | debug]   Snapshotting prop: held_item = Str("potato") (Variant type: STRING)
[GdPAI | debug]   Snapshotting prop: hunger = Float(95.0603725) (Variant type: FLOAT)
[GdPAI | debug] Discovery: Simulation success for Dig Potato. Agent props: {"entity": ObjectRef(1382643928884), "held_item": Str("potato"), "hunger": Float(95.0603725)}
[GdPAI | debug] Numeric comparison: 95.0603725 LessThan 80.0603725 -> false
[GdPAI | debug] Discovery: Action Dig Potato did NOT satisfy precond Builtin { target: Agent, operation: LessThan, property_name: "hunger", value: Some(Float(80.0603725)) }
WARNING: [GdPAI] ObjectRef(124621163998): object was freed before callback; returning Nil.
   at: gdplanningai_rust::logger::process_logs (src\logger.rs:66)
   GDScript backtrace (most recent call first):
       [0] _process (res://addons/GdPlanningAI/gdpai_autoload.gd:21)
WARNING: [GdPAI] ObjectRef(124621163998): object was freed before callback; returning Nil.
   at: gdplanningai_rust::logger::process_logs (src\logger.rs:66)
   GDScript backtrace (most recent call first):
       [0] _process (res://addons/GdPlanningAI/gdpai_autoload.gd:21)
[GdPAI | debug] ApplyEffect [Before] ID=InstanceId(-9223370584266624730): agent props = {"entity": null, "held_item": "potato", "hunger": 70.0627442063492}
[GdPAI | debug] ApplyEffect [After] ID=InstanceId(-9223370584266624730): agent props = {"entity": null, "held_item": "potato", "hunger": 70.0627442063492}
[GdPAI | debug]   Snapshotting prop: entity = Nil (Variant type: NIL)
[GdPAI | debug]   Snapshotting prop: held_item = Str("potato") (Variant type: STRING)
[GdPAI | debug]   Snapshotting prop: hunger = Float(70.0627442063492) (Variant type: FLOAT)
[GdPAI | debug] Discovery: Simulation success for Pick Up Wood. Agent props: {"hunger": Float(70.0627442063492), "entity": Nil, "held_item": Str("potato")}
[GdPAI | debug] Discovery: Action Pick Up Wood satisfied precond Builtin { target: Agent, operation: Equal, property_name: "held_item", value: Some(Str("potato")) }
[GdPAI | debug] Found candidate: Pick Up Wood (satisfied preconds: [0], requirements: [])
[GdPAI | debug] Discovery: Starting simulation for action Pick Up Wood
WARNING: [GdPAI] ObjectRef(124621163998): object was freed before callback; returning Nil.
   at: gdplanningai_rust::logger::process_logs (src\logger.rs:66)
   GDScript backtrace (most recent call first):
       [0] _start_plan_and_wait (res://test/integration/test_campfire_example_smoke.gd:57)
WARNING: [GdPAI] ObjectRef(124621163998): object was freed before callback; returning Nil.
   at: gdplanningai_rust::logger::process_logs (src\logger.rs:66)
   GDScript backtrace (most recent call first):
       [0] _start_plan_and_wait (res://test/integration/test_campfire_example_smoke.gd:57)
[GdPAI | debug] GetCost: callable returned non-numeric value: null; returning INFINITY
WARNING: [GdPAI] ObjectRef(124621163998): object was freed before callback; returning Nil.
   at: gdplanningai_rust::logger::process_logs (src\logger.rs:66)
   GDScript backtrace (most recent call first):
       [0] _process (res://addons/GdPlanningAI/gdpai_autoload.gd:21)
WARNING: [GdPAI] ObjectRef(124621163998): object was freed before callback; returning Nil.
   at: gdplanningai_rust::logger::process_logs (src\logger.rs:66)
   GDScript backtrace (most recent call first):
       [0] _process (res://addons/GdPlanningAI/gdpai_autoload.gd:21)
[GdPAI | debug] ApplyEffect [Before] ID=InstanceId(-9223370581766819530): agent props = {"held_item": "potato", "hunger": 70.0627442063492, "entity": null}
[GdPAI | debug] ApplyEffect [After] ID=InstanceId(-9223370581766819530): agent props = {"held_item": "potato", "hunger": 70.0627442063492, "entity": null}
[GdPAI | debug]   Snapshotting prop: held_item = Str("potato") (Variant type: STRING)
[GdPAI | debug]   Snapshotting prop: hunger = Float(70.0627442063492) (Variant type: FLOAT)
[GdPAI | debug]   Snapshotting prop: entity = Nil (Variant type: NIL)
[GdPAI | debug] Discovery: Simulation success for Pick Up Wood. Agent props: {"held_item": Str("potato"), "hunger": Float(70.0627442063492), "entity": Nil}
[GdPAI | debug] Discovery: Action Pick Up Wood satisfied precond Builtin { target: Agent, operation: Equal, property_name: "held_item", value: Some(Str("potato")) }
[GdPAI | debug] Found candidate: Pick Up Wood (satisfied preconds: [0], requirements: [])
[GdPAI | debug] Discovery: Starting simulation for action Pick Up Wood
WARNING: [GdPAI] ObjectRef(124621163998): object was freed before callback; returning Nil.
   at: gdplanningai_rust::logger::process_logs (src\logger.rs:66)
   GDScript backtrace (most recent call first):
       [0] _start_plan_and_wait (res://test/integration/test_campfire_example_smoke.gd:57)
WARNING: [GdPAI] ObjectRef(124621163998): object was freed before callback; returning Nil.
   at: gdplanningai_rust::logger::process_logs (src\logger.rs:66)
   GDScript backtrace (most recent call first):
       [0] _start_plan_and_wait (res://test/integration/test_campfire_example_smoke.gd:57)
[GdPAI | debug] GetCost: callable returned non-numeric value: null; returning INFINITY
[GdPAI | debug] Discovery: Starting simulation for action Dig Potato
WARNING: [GdPAI] ObjectRef(124621163998): object was freed before callback; returning Nil.
   at: gdplanningai_rust::logger::process_logs (src\logger.rs:66)
   GDScript backtrace (most recent call first):
       [0] _process (res://addons/GdPlanningAI/gdpai_autoload.gd:21)
WARNING: [GdPAI] ObjectRef(124621163998): object was freed before callback; returning Nil.
   at: gdplanningai_rust::logger::process_logs (src\logger.rs:66)
   GDScript backtrace (most recent call first):
       [0] _process (res://addons/GdPlanningAI/gdpai_autoload.gd:21)
[GdPAI | debug] ApplyEffect [Before] ID=InstanceId(-9223370579267014359): agent props = {"hunger": 70.0627442063492, "held_item": "potato", "entity": null}
[GdPAI | debug] ApplyEffect [After] ID=InstanceId(-9223370579267014359): agent props = {"hunger": 70.0627442063492, "held_item": "potato", "entity": null}
[GdPAI | debug]   Snapshotting prop: hunger = Float(70.0627442063492) (Variant type: FLOAT)
[GdPAI | debug]   Snapshotting prop: held_item = Str("potato") (Variant type: STRING)
[GdPAI | debug]   Snapshotting prop: entity = Nil (Variant type: NIL)
[GdPAI | debug] Discovery: Simulation success for Pick Up Wood. Agent props: {"hunger": Float(70.0627442063492), "held_item": Str("potato"), "entity": Nil}
[GdPAI | debug] Discovery: Action Pick Up Wood satisfied precond Builtin { target: Agent, operation: Equal, property_name: "held_item", value: Some(Str("potato")) }
[GdPAI | debug] Found candidate: Pick Up Wood (satisfied preconds: [0], requirements: [])
[GdPAI | debug] Discovery: Starting simulation for action Pick Up Wood
WARNING: [GdPAI] ObjectRef(124621163998): object was freed before callback; returning Nil.
   at: gdplanningai_rust::logger::process_logs (src\logger.rs:66)
   GDScript backtrace (most recent call first):
       [0] _start_plan_and_wait (res://test/integration/test_campfire_example_smoke.gd:57)
WARNING: [GdPAI] ObjectRef(124621163998): object was freed before callback; returning Nil.
   at: gdplanningai_rust::logger::process_logs (src\logger.rs:66)
   GDScript backtrace (most recent call first):
       [0] _start_plan_and_wait (res://test/integration/test_campfire_example_smoke.gd:57)
[GdPAI | debug] GetCost: callable returned non-numeric value: null; returning INFINITY
[GdPAI | debug] ApplyEffect [Before] ID=InstanceId(-9223370577455074993): agent props = {"held_item": "", "hunger": 95.0603725, "entity": VariantGd { id: 1382643928884, class: RigidBody2D }}
[GdPAI | debug] ApplyEffect [After] ID=InstanceId(-9223370577455074993): agent props = {"held_item": "potato", "hunger": 95.0603725, "entity": VariantGd { id: 1382643928884, class: RigidBody2D }}
[GdPAI | debug]   Snapshotting prop: held_item = Str("potato") (Variant type: STRING)
[GdPAI | debug]   Snapshotting prop: hunger = Float(95.0603725) (Variant type: FLOAT)
[GdPAI | debug]   Snapshotting prop: entity = ObjectRef(1382643928884) (Variant type: OBJECT)
[GdPAI | debug] Discovery: Simulation success for Dig Potato. Agent props: {"entity": ObjectRef(1382643928884), "hunger": Float(95.0603725), "held_item": Str("potato")}
[GdPAI | debug] Numeric comparison: 95.0603725 LessThan 80.0603725 -> false
[GdPAI | debug] Discovery: Action Dig Potato did NOT satisfy precond Builtin { target: Agent, operation: LessThan, property_name: "hunger", value: Some(Float(80.0603725)) }
WARNING: [GdPAI] ObjectRef(124621163998): object was freed before callback; returning Nil.
   at: gdplanningai_rust::logger::process_logs (src\logger.rs:66)
   GDScript backtrace (most recent call first):
       [0] _process (res://addons/GdPlanningAI/gdpai_autoload.gd:21)
WARNING: [GdPAI] ObjectRef(124621163998): object was freed before callback; returning Nil.
   at: gdplanningai_rust::logger::process_logs (src\logger.rs:66)
   GDScript backtrace (most recent call first):
       [0] _process (res://addons/GdPlanningAI/gdpai_autoload.gd:21)
[GdPAI | debug] ApplyEffect [Before] ID=InstanceId(-9223370576767209167): agent props = {"hunger": 70.0627442063492, "held_item": "potato", "entity": null}
[GdPAI | debug] ApplyEffect [After] ID=InstanceId(-9223370576767209167): agent props = {"hunger": 70.0627442063492, "held_item": "potato", "entity": null}
[GdPAI | debug]   Snapshotting prop: hunger = Float(70.0627442063492) (Variant type: FLOAT)
[GdPAI | debug]   Snapshotting prop: held_item = Str("potato") (Variant type: STRING)
[GdPAI | debug]   Snapshotting prop: entity = Nil (Variant type: NIL)
[GdPAI | debug] Discovery: Simulation success for Pick Up Wood. Agent props: {"entity": Nil, "hunger": Float(70.0627442063492), "held_item": Str("potato")}
[GdPAI | debug] Discovery: Action Pick Up Wood satisfied precond Builtin { target: Agent, operation: Equal, property_name: "held_item", value: Some(Str("potato")) }
[GdPAI | debug] Found candidate: Pick Up Wood (satisfied preconds: [0], requirements: [])
WARNING: [GdPAI] ObjectRef(124621163998): object was freed before callback; returning Nil.
   at: gdplanningai_rust::logger::process_logs (src\logger.rs:66)
   GDScript backtrace (most recent call first):
       [0] _start_plan_and_wait (res://test/integration/test_campfire_example_smoke.gd:57)
WARNING: [GdPAI] ObjectRef(124621163998): object was freed before callback; returning Nil.
   at: gdplanningai_rust::logger::process_logs (src\logger.rs:66)
   GDScript backtrace (most recent call first):
       [0] _start_plan_and_wait (res://test/integration/test_campfire_example_smoke.gd:57)
[GdPAI | debug] Discovery: Action Dig Potato failed validity check, skipping
WARNING: [GdPAI] ObjectRef(124621163998): object was freed before callback; returning Nil.
   at: gdplanningai_rust::logger::process_logs (src\logger.rs:66)
   GDScript backtrace (most recent call first):
       [0] _process (res://addons/GdPlanningAI/gdpai_autoload.gd:21)
WARNING: [GdPAI] ObjectRef(124621163998): object was freed before callback; returning Nil.
   at: gdplanningai_rust::logger::process_logs (src\logger.rs:66)
   GDScript backtrace (most recent call first):
       [0] _process (res://addons/GdPlanningAI/gdpai_autoload.gd:21)
[GdPAI | debug] Discovery: Action Dig Potato failed validity check, skipping
WARNING: [GdPAI] ObjectRef(124621163998): object was freed before callback; returning Nil.
   at: gdplanningai_rust::logger::process_logs (src\logger.rs:66)
   GDScript backtrace (most recent call first):
       [0] _start_plan_and_wait (res://test/integration/test_campfire_example_smoke.gd:57)
WARNING: [GdPAI] ObjectRef(124621163998): object was freed before callback; returning Nil.
   at: gdplanningai_rust::logger::process_logs (src\logger.rs:66)
   GDScript backtrace (most recent call first):
       [0] _start_plan_and_wait (res://test/integration/test_campfire_example_smoke.gd:57)
[GdPAI | debug] Discovery: Action Dig Potato failed validity check, skipping
[GdPAI | debug] Discovery: Starting simulation for action Dig Potato
WARNING: [GdPAI] ObjectRef(124621163998): object was freed before callback; returning Nil.
   at: gdplanningai_rust::logger::process_logs (src\logger.rs:66)
   GDScript backtrace (most recent call first):
       [0] _process (res://addons/GdPlanningAI/gdpai_autoload.gd:21)
WARNING: [GdPAI] ObjectRef(124621163998): object was freed before callback; returning Nil.
   at: gdplanningai_rust::logger::process_logs (src\logger.rs:66)
   GDScript backtrace (most recent call first):
       [0] _process (res://addons/GdPlanningAI/gdpai_autoload.gd:21)
[GdPAI | debug] Discovery: Action Dig Potato failed validity check, skipping
WARNING: [GdPAI] ObjectRef(124621163998): object was freed before callback; returning Nil.
   at: gdplanningai_rust::logger::process_logs (src\logger.rs:66)
   GDScript backtrace (most recent call first):
       [0] _start_plan_and_wait (res://test/integration/test_campfire_example_smoke.gd:57)
WARNING: [GdPAI] ObjectRef(124621163998): object was freed before callback; returning Nil.
   at: gdplanningai_rust::logger::process_logs (src\logger.rs:66)
   GDScript backtrace (most recent call first):
       [0] _start_plan_and_wait (res://test/integration/test_campfire_example_smoke.gd:57)
[GdPAI | debug] Discovery: Action Dig Potato failed validity check, skipping
[GdPAI | debug] ApplyEffect [Before] ID=InstanceId(-9223370569955659384): agent props = {"held_item": "", "hunger": 95.0603725, "entity": VariantGd { id: 1382643928884, class: RigidBody2D }}
[GdPAI | debug] ApplyEffect [After] ID=InstanceId(-9223370569955659384): agent props = {"held_item": "potato", "hunger": 95.0603725, "entity": VariantGd { id: 1382643928884, class: RigidBody2D }}
[GdPAI | debug]   Snapshotting prop: held_item = Str("potato") (Variant type: STRING)
[GdPAI | debug]   Snapshotting prop: hunger = Float(95.0603725) (Variant type: FLOAT)
[GdPAI | debug]   Snapshotting prop: entity = ObjectRef(1382643928884) (Variant type: OBJECT)
[GdPAI | debug] Discovery: Simulation success for Dig Potato. Agent props: {"entity": ObjectRef(1382643928884), "held_item": Str("potato"), "hunger": Float(95.0603725)}
[GdPAI | debug] Numeric comparison: 95.0603725 LessThan 80.0603725 -> false
[GdPAI | debug] Discovery: Action Dig Potato did NOT satisfy precond Builtin { target: Agent, operation: LessThan, property_name: "hunger", value: Some(Float(80.0603725)) }
WARNING: [GdPAI] ObjectRef(124621163998): object was freed before callback; returning Nil.
   at: gdplanningai_rust::logger::process_logs (src\logger.rs:66)
   GDScript backtrace (most recent call first):
       [0] _process (res://addons/GdPlanningAI/gdpai_autoload.gd:21)
WARNING: [GdPAI] ObjectRef(124621163998): object was freed before callback; returning Nil.
   at: gdplanningai_rust::logger::process_logs (src\logger.rs:66)
   GDScript backtrace (most recent call first):
       [0] _process (res://addons/GdPlanningAI/gdpai_autoload.gd:21)
WARNING: [GdPAI] ObjectRef(123983629752): object was freed before callback; returning Nil.
   at: gdplanningai_rust::logger::process_logs (src\logger.rs:66)
   GDScript backtrace (most recent call first):
       [0] _process (res://addons/GdPlanningAI/gdpai_autoload.gd:21)
WARNING: [GdPAI] ObjectRef(123983629752): object was freed before callback; returning Nil.
   at: gdplanningai_rust::logger::process_logs (src\logger.rs:66)
   GDScript backtrace (most recent call first):
       [0] _process (res://addons/GdPlanningAI/gdpai_autoload.gd:21)
[GdPAI | debug] GetCost: callable returned non-numeric value: null; returning INFINITY
WARNING: [GdPAI] ObjectRef(124621163998): object was freed before callback; returning Nil.
   at: gdplanningai_rust::logger::process_logs (src\logger.rs:66)
   GDScript backtrace (most recent call first):
       [0] _start_plan_and_wait (res://test/integration/test_campfire_example_smoke.gd:57)
WARNING: [GdPAI] ObjectRef(124621163998): object was freed before callback; returning Nil.
   at: gdplanningai_rust::logger::process_logs (src\logger.rs:66)
   GDScript backtrace (most recent call first):
       [0] _start_plan_and_wait (res://test/integration/test_campfire_example_smoke.gd:57)
WARNING: [GdPAI] ObjectRef(123983629752): object was freed before callback; returning Nil.
   at: gdplanningai_rust::logger::process_logs (src\logger.rs:66)
   GDScript backtrace (most recent call first):
       [0] _start_plan_and_wait (res://test/integration/test_campfire_example_smoke.gd:57)
WARNING: [GdPAI] ObjectRef(123983629752): object was freed before callback; returning Nil.
   at: gdplanningai_rust::logger::process_logs (src\logger.rs:66)
   GDScript backtrace (most recent call first):
       [0] _start_plan_and_wait (res://test/integration/test_campfire_example_smoke.gd:57)
[GdPAI | debug] ApplyEffect [Before] ID=InstanceId(-9223370567925616237): agent props = {"at_target": null, "held_item": "", "hunger": 70.0627442063492, "entity": null}
[GdPAI | debug] ApplyEffect [After] ID=InstanceId(-9223370567925616237): agent props = {"at_target": null, "held_item": "", "hunger": 70.0627442063492, "entity": null}
[GdPAI | debug]   Snapshotting prop: at_target = Nil (Variant type: NIL)
[GdPAI | debug]   Snapshotting prop: held_item = Str("") (Variant type: STRING)
[GdPAI | debug]   Snapshotting prop: hunger = Float(70.0627442063492) (Variant type: FLOAT)
[GdPAI | debug]   Snapshotting prop: entity = Nil (Variant type: NIL)
WARNING: [GdPAI] ObjectRef(124621163998): object was freed before callback; returning Nil.
   at: gdplanningai_rust::logger::process_logs (src\logger.rs:66)
   GDScript backtrace (most recent call first):
       [0] _process (res://addons/GdPlanningAI/gdpai_autoload.gd:21)
WARNING: [GdPAI] ObjectRef(123983629752): object was freed before callback; returning Nil.
   at: gdplanningai_rust::logger::process_logs (src\logger.rs:66)
   GDScript backtrace (most recent call first):
       [0] _process (res://addons/GdPlanningAI/gdpai_autoload.gd:21)
WARNING: [GdPAI] ObjectRef(123983629752): object was freed before callback; returning Nil.
   at: gdplanningai_rust::logger::process_logs (src\logger.rs:66)
   GDScript backtrace (most recent call first):
       [0] _process (res://addons/GdPlanningAI/gdpai_autoload.gd:21)
[GdPAI | debug] GetCost: callable returned non-numeric value: null; returning INFINITY
WARNING: [GdPAI] ObjectRef(124621163998): object was freed before callback; returning Nil.
   at: gdplanningai_rust::logger::process_logs (src\logger.rs:66)
   GDScript backtrace (most recent call first):
       [0] _start_plan_and_wait (res://test/integration/test_campfire_example_smoke.gd:57)
WARNING: [GdPAI] ObjectRef(123983629752): object was freed before callback; returning Nil.
   at: gdplanningai_rust::logger::process_logs (src\logger.rs:66)
   GDScript backtrace (most recent call first):
       [0] _start_plan_and_wait (res://test/integration/test_campfire_example_smoke.gd:57)
WARNING: [GdPAI] ObjectRef(123983629752): object was freed before callback; returning Nil.
   at: gdplanningai_rust::logger::process_logs (src\logger.rs:66)
   GDScript backtrace (most recent call first):
       [0] _start_plan_and_wait (res://test/integration/test_campfire_example_smoke.gd:57)
[GdPAI | debug] ApplyEffect [Before] ID=InstanceId(-9223370565274816108): agent props = {"hunger": 70.0627442063492, "at_target": null, "entity": null, "held_item": ""}
[GdPAI | debug] ApplyEffect [After] ID=InstanceId(-9223370565274816108): agent props = {"hunger": 70.0627442063492, "at_target": null, "entity": null, "held_item": ""}
[GdPAI | debug]   Snapshotting prop: hunger = Float(70.0627442063492) (Variant type: FLOAT)
[GdPAI | debug]   Snapshotting prop: at_target = Nil (Variant type: NIL)
[GdPAI | debug]   Snapshotting prop: entity = Nil (Variant type: NIL)
[GdPAI | debug]   Snapshotting prop: held_item = Str("") (Variant type: STRING)
[GdPAI | debug] Discovery: Starting simulation for action Dig Potato
WARNING: [GdPAI] ObjectRef(124621163998): object was freed before callback; returning Nil.
   at: gdplanningai_rust::logger::process_logs (src\logger.rs:66)
   GDScript backtrace (most recent call first):
       [0] _process (res://addons/GdPlanningAI/gdpai_autoload.gd:21)
[GdPAI | debug] GetCost: callable returned non-numeric value: null; returning INFINITY
WARNING: [GdPAI] ObjectRef(124621163998): object was freed before callback; returning Nil.
   at: gdplanningai_rust::logger::process_logs (src\logger.rs:66)
   GDScript backtrace (most recent call first):
       [0] _start_plan_and_wait (res://test/integration/test_campfire_example_smoke.gd:57)
[GdPAI | debug] ApplyEffect [Before] ID=InstanceId(-9223370562775010877): agent props = {"hunger": 70.0627442063492, "entity": null, "at_target": null, "held_item": "cooked_potato"}
[GdPAI | debug] ApplyEffect [After] ID=InstanceId(-9223370562775010877): agent props = {"hunger": 70.0627442063492, "entity": null, "at_target": null, "held_item": "cooked_potato"}
[GdPAI | debug]   Snapshotting prop: hunger = Float(70.0627442063492) (Variant type: FLOAT)
[GdPAI | debug]   Snapshotting prop: entity = Nil (Variant type: NIL)
[GdPAI | debug]   Snapshotting prop: at_target = Nil (Variant type: NIL)
[GdPAI | debug]   Snapshotting prop: held_item = Str("cooked_potato") (Variant type: STRING)
[GdPAI | debug] ApplyEffect [Before] ID=InstanceId(-9223370562204585533): agent props = {"held_item": "", "hunger": 95.0603725, "entity": VariantGd { id: 1382643928884, class: RigidBody2D }}
[GdPAI | debug] ApplyEffect [After] ID=InstanceId(-9223370562204585533): agent props = {"held_item": "potato", "hunger": 95.0603725, "entity": VariantGd { id: 1382643928884, class: RigidBody2D }}
[GdPAI | debug]   Snapshotting prop: held_item = Str("potato") (Variant type: STRING)
[GdPAI | debug]   Snapshotting prop: hunger = Float(95.0603725) (Variant type: FLOAT)
[GdPAI | debug]   Snapshotting prop: entity = ObjectRef(1382643928884) (Variant type: OBJECT)
[GdPAI | debug] Discovery: Simulation success for Dig Potato. Agent props: {"hunger": Float(95.0603725), "entity": ObjectRef(1382643928884), "held_item": Str("potato")}
[GdPAI | debug] Numeric comparison: 95.0603725 LessThan 80.0603725 -> false
[GdPAI | debug] Discovery: Action Dig Potato did NOT satisfy precond Builtin { target: Agent, operation: LessThan, property_name: "hunger", value: Some(Float(80.0603725)) }
WARNING: [GdPAI] ObjectRef(124621163998): object was freed before callback; returning Nil.
   at: gdplanningai_rust::logger::process_logs (src\logger.rs:66)
   GDScript backtrace (most recent call first):
       [0] _process (res://addons/GdPlanningAI/gdpai_autoload.gd:21)
WARNING: [GdPAI] ObjectRef(124621163998): object was freed before callback; returning Nil.
   at: gdplanningai_rust::logger::process_logs (src\logger.rs:66)
   GDScript backtrace (most recent call first):
       [0] _process (res://addons/GdPlanningAI/gdpai_autoload.gd:21)
[GdPAI | debug] GetCost: callable returned non-numeric value: null; returning INFINITY
WARNING: [GdPAI] ObjectRef(124621163998): object was freed before callback; returning Nil.
   at: gdplanningai_rust::logger::process_logs (src\logger.rs:66)
   GDScript backtrace (most recent call first):
       [0] _start_plan_and_wait (res://test/integration/test_campfire_example_smoke.gd:57)
WARNING: [GdPAI] ObjectRef(124621163998): object was freed before callback; returning Nil.
   at: gdplanningai_rust::logger::process_logs (src\logger.rs:66)
   GDScript backtrace (most recent call first):
       [0] _start_plan_and_wait (res://test/integration/test_campfire_example_smoke.gd:57)
[GdPAI | debug] ApplyEffect [Before] ID=InstanceId(-9223370560325537399): agent props = {"entity": null, "hunger": 70.0627442063492, "held_item": ""}
[GdPAI | debug] ApplyEffect [After] ID=InstanceId(-9223370560325537399): agent props = {"entity": null, "hunger": 70.0627442063492, "held_item": ""}
[GdPAI | debug]   Snapshotting prop: entity = Nil (Variant type: NIL)
[GdPAI | debug]   Snapshotting prop: hunger = Float(70.0627442063492) (Variant type: FLOAT)
[GdPAI | debug]   Snapshotting prop: held_item = Str("") (Variant type: STRING)
[GdPAI | debug] ApplyEffect [Before] ID=InstanceId(-9223370559755112055): agent props = {"hunger": 95.0603725, "entity": VariantGd { id: 1382643928884, class: RigidBody2D }, "held_item": ""}
[GdPAI | debug] ApplyEffect [After] ID=InstanceId(-9223370559755112055): agent props = {"entity": VariantGd { id: 1382643928884, class: RigidBody2D }, "hunger": 75.0603725, "held_item": ""}
[GdPAI | debug]   Snapshotting prop: entity = ObjectRef(1382643928884) (Variant type: OBJECT)
[GdPAI | debug]   Snapshotting prop: hunger = Float(75.0603725) (Variant type: FLOAT)
[GdPAI | debug]   Snapshotting prop: held_item = Str("") (Variant type: STRING)
[GdPAI | debug] Numeric comparison: 95.0603725 GreaterThan 0 -> true
[GdPAI] A* Iteration: pop node with chain length 1
[GdPAI | debug] find_candidates: Checking 15 actions against 0 preconds and 2 requirements
WARNING: [GdPAI] ObjectRef(124621163998): object was freed before callback; returning Nil.
   at: gdplanningai_rust::logger::process_logs (src\logger.rs:66)
   GDScript backtrace (most recent call first):
       [0] _process (res://addons/GdPlanningAI/gdpai_autoload.gd:21)
[GdPAI | debug] GetCost: callable returned non-numeric value: null; returning INFINITY
WARNING: [GdPAI] ObjectRef(124621163998): object was freed before callback; returning Nil.
   at: gdplanningai_rust::logger::process_logs (src\logger.rs:66)
   GDScript backtrace (most recent call first):
       [0] _start_plan_and_wait (res://test/integration/test_campfire_example_smoke.gd:57)
[GdPAI | debug] ApplyEffect [Before] ID=InstanceId(-9223370557876063812): agent props = {"hunger": 70.0627442063492, "held_item": "", "entity": null}
[GdPAI | debug] ApplyEffect [After] ID=InstanceId(-9223370557876063812): agent props = {"hunger": 70.0627442063492, "held_item": "", "entity": null}
[GdPAI | debug]   Snapshotting prop: hunger = Float(70.0627442063492) (Variant type: FLOAT)
[GdPAI | debug]   Snapshotting prop: held_item = Str("") (Variant type: STRING)
[GdPAI | debug]   Snapshotting prop: entity = Nil (Variant type: NIL)
WARNING: [GdPAI] ObjectRef(124621163998): object was freed before callback; returning Nil.
   at: gdplanningai_rust::logger::process_logs (src\logger.rs:66)
   GDScript backtrace (most recent call first):
       [0] _process (res://addons/GdPlanningAI/gdpai_autoload.gd:21)
[GdPAI | debug] GetCost: callable returned non-numeric value: null; returning INFINITY
WARNING: [GdPAI] ObjectRef(124621163998): object was freed before callback; returning Nil.
   at: gdplanningai_rust::logger::process_logs (src\logger.rs:66)
   GDScript backtrace (most recent call first):
       [0] _start_plan_and_wait (res://test/integration/test_campfire_example_smoke.gd:57)
[GdPAI | debug] ApplyEffect [Before] ID=InstanceId(-9223370555476921907): agent props = {"held_item": "cooked_potato", "entity": null, "hunger": 70.0627442063492}
[GdPAI | debug] ApplyEffect [After] ID=InstanceId(-9223370555476921907): agent props = {"held_item": "cooked_potato", "entity": null, "hunger": 70.0627442063492}
[GdPAI | debug]   Snapshotting prop: held_item = Str("cooked_potato") (Variant type: STRING)
[GdPAI | debug]   Snapshotting prop: entity = Nil (Variant type: NIL)
[GdPAI | debug]   Snapshotting prop: hunger = Float(70.0627442063492) (Variant type: FLOAT)
[GdPAI | debug] Numeric comparison: 20.062744206349194 GreaterThan 0 -> true
WARNING: [GdPAI] ObjectRef(124621163998): object was freed before callback; returning Nil.
   at: gdplanningai_rust::logger::process_logs (src\logger.rs:66)
   GDScript backtrace (most recent call first):
       [0] _process (res://addons/GdPlanningAI/gdpai_autoload.gd:21)
WARNING: [GdPAI] ObjectRef(124621163998): object was freed before callback; returning Nil.
   at: gdplanningai_rust::logger::process_logs (src\logger.rs:66)
   GDScript backtrace (most recent call first):
       [0] _process (res://addons/GdPlanningAI/gdpai_autoload.gd:21)
WARNING: [GdPAI] ObjectRef(123983629752): object was freed before callback; returning Nil.
   at: gdplanningai_rust::logger::process_logs (src\logger.rs:66)
   GDScript backtrace (most recent call first):
       [0] _process (res://addons/GdPlanningAI/gdpai_autoload.gd:21)
WARNING: [GdPAI] ObjectRef(123983629752): object was freed before callback; returning Nil.
   at: gdplanningai_rust::logger::process_logs (src\logger.rs:66)
   GDScript backtrace (most recent call first):
       [0] _process (res://addons/GdPlanningAI/gdpai_autoload.gd:21)
[GdPAI | debug] GetCost: callable returned non-numeric value: null; returning INFINITY
[GdPAI | debug] Found candidate: Cook Potato (satisfied preconds: [], requirements: [0, 1])
[GdPAI | debug] Found candidate: Pick Up Wood (satisfied preconds: [], requirements: [0])
[GdPAI | debug] Found candidate: Pick Up Wood (satisfied preconds: [], requirements: [0])
[GdPAI | debug] Found candidate: Pick Up Wood (satisfied preconds: [], requirements: [0])
[GdPAI | debug] Found candidate: Pick Up Wood (satisfied preconds: [], requirements: [0])
WARNING: [GdPAI] ObjectRef(124621163998): object was freed before callback; returning Nil.
   at: gdplanningai_rust::logger::process_logs (src\logger.rs:66)
   GDScript backtrace (most recent call first):
       [0] _start_plan_and_wait (res://test/integration/test_campfire_example_smoke.gd:57)
WARNING: [GdPAI] ObjectRef(124621163998): object was freed before callback; returning Nil.
   at: gdplanningai_rust::logger::process_logs (src\logger.rs:66)
   GDScript backtrace (most recent call first):
       [0] _start_plan_and_wait (res://test/integration/test_campfire_example_smoke.gd:57)
WARNING: [GdPAI] ObjectRef(123983629752): object was freed before callback; returning Nil.
   at: gdplanningai_rust::logger::process_logs (src\logger.rs:66)
   GDScript backtrace (most recent call first):
       [0] _start_plan_and_wait (res://test/integration/test_campfire_example_smoke.gd:57)
WARNING: [GdPAI] ObjectRef(123983629752): object was freed before callback; returning Nil.
   at: gdplanningai_rust::logger::process_logs (src\logger.rs:66)
   GDScript backtrace (most recent call first):
       [0] _start_plan_and_wait (res://test/integration/test_campfire_example_smoke.gd:57)
[GdPAI | debug] ApplyEffect [Before] ID=InstanceId(-9223370552926785096): agent props = {"entity": null, "hunger": 70.0627442063492, "held_item": "", "at_target": null}
[GdPAI | debug] ApplyEffect [After] ID=InstanceId(-9223370552926785096): agent props = {"entity": null, "hunger": 70.0627442063492, "held_item": "", "at_target": null}
[GdPAI | debug]   Snapshotting prop: entity = Nil (Variant type: NIL)
[GdPAI | debug]   Snapshotting prop: hunger = Float(70.0627442063492) (Variant type: FLOAT)
[GdPAI | debug]   Snapshotting prop: held_item = Str("") (Variant type: STRING)
[GdPAI | debug]   Snapshotting prop: at_target = Nil (Variant type: NIL)
WARNING: [GdPAI] ObjectRef(124621163998): object was freed before callback; returning Nil.
   at: gdplanningai_rust::logger::process_logs (src\logger.rs:66)
   GDScript backtrace (most recent call first):
       [0] _process (res://addons/GdPlanningAI/gdpai_autoload.gd:21)
WARNING: [GdPAI] ObjectRef(123983629752): object was freed before callback; returning Nil.
   at: gdplanningai_rust::logger::process_logs (src\logger.rs:66)
   GDScript backtrace (most recent call first):
       [0] _process (res://addons/GdPlanningAI/gdpai_autoload.gd:21)
WARNING: [GdPAI] ObjectRef(123983629752): object was freed before callback; returning Nil.
   at: gdplanningai_rust::logger::process_logs (src\logger.rs:66)
   GDScript backtrace (most recent call first):
       [0] _process (res://addons/GdPlanningAI/gdpai_autoload.gd:21)
[GdPAI | debug] GetCost: callable returned non-numeric value: null; returning INFINITY
WARNING: [GdPAI] ObjectRef(124621163998): object was freed before callback; returning Nil.
   at: gdplanningai_rust::logger::process_logs (src\logger.rs:66)
   GDScript backtrace (most recent call first):
       [0] _start_plan_and_wait (res://test/integration/test_campfire_example_smoke.gd:57)
WARNING: [GdPAI] ObjectRef(123983629752): object was freed before callback; returning Nil.
   at: gdplanningai_rust::logger::process_logs (src\logger.rs:66)
   GDScript backtrace (most recent call first):
       [0] _start_plan_and_wait (res://test/integration/test_campfire_example_smoke.gd:57)
WARNING: [GdPAI] ObjectRef(123983629752): object was freed before callback; returning Nil.
   at: gdplanningai_rust::logger::process_logs (src\logger.rs:66)
   GDScript backtrace (most recent call first):
       [0] _start_plan_and_wait (res://test/integration/test_campfire_example_smoke.gd:57)
[GdPAI | debug] ApplyEffect [Before] ID=InstanceId(-9223370550275984928): agent props = {"entity": null, "hunger": 70.0627442063492, "held_item": "", "at_target": null}
[GdPAI | debug] ApplyEffect [After] ID=InstanceId(-9223370550275984928): agent props = {"entity": null, "hunger": 70.0627442063492, "held_item": "", "at_target": null}
[GdPAI | debug]   Snapshotting prop: entity = Nil (Variant type: NIL)
[GdPAI | debug]   Snapshotting prop: hunger = Float(70.0627442063492) (Variant type: FLOAT)
[GdPAI | debug]   Snapshotting prop: held_item = Str("") (Variant type: STRING)
[GdPAI | debug]   Snapshotting prop: at_target = Nil (Variant type: NIL)
WARNING: [GdPAI] ObjectRef(124621163998): object was freed before callback; returning Nil.
   at: gdplanningai_rust::logger::process_logs (src\logger.rs:66)
   GDScript backtrace (most recent call first):
       [0] _process (res://addons/GdPlanningAI/gdpai_autoload.gd:21)
[GdPAI | debug] GetCost: callable returned non-numeric value: null; returning INFINITY
[GdPAI | debug] Found candidate: Dig Potato (satisfied preconds: [], requirements: [0, 1])
WARNING: [GdPAI] ObjectRef(124621163998): object was freed before callback; returning Nil.
   at: gdplanningai_rust::logger::process_logs (src\logger.rs:66)
   GDScript backtrace (most recent call first):
       [0] _start_plan_and_wait (res://test/integration/test_campfire_example_smoke.gd:57)
[GdPAI | debug] ApplyEffect [Before] ID=InstanceId(-9223370547776179707): agent props = {"at_target": null, "held_item": "cooked_potato", "hunger": 70.0627442063492, "entity": null}
[GdPAI | debug] ApplyEffect [After] ID=InstanceId(-9223370547776179707): agent props = {"at_target": null, "held_item": "cooked_potato", "hunger": 70.0627442063492, "entity": null}
[GdPAI | debug]   Snapshotting prop: at_target = Nil (Variant type: NIL)
[GdPAI | debug]   Snapshotting prop: held_item = Str("cooked_potato") (Variant type: STRING)
[GdPAI | debug]   Snapshotting prop: hunger = Float(70.0627442063492) (Variant type: FLOAT)
[GdPAI | debug]   Snapshotting prop: entity = Nil (Variant type: NIL)
WARNING: [GdPAI] ObjectRef(124621163998): object was freed before callback; returning Nil.
   at: gdplanningai_rust::logger::process_logs (src\logger.rs:66)
   GDScript backtrace (most recent call first):
       [0] _process (res://addons/GdPlanningAI/gdpai_autoload.gd:21)
WARNING: [GdPAI] ObjectRef(124621163998): object was freed before callback; returning Nil.
   at: gdplanningai_rust::logger::process_logs (src\logger.rs:66)
   GDScript backtrace (most recent call first):
       [0] _process (res://addons/GdPlanningAI/gdpai_autoload.gd:21)
[GdPAI | debug] GetCost: callable returned non-numeric value: null; returning INFINITY
WARNING: [GdPAI] ObjectRef(124621163998): object was freed before callback; returning Nil.
   at: gdplanningai_rust::logger::process_logs (src\logger.rs:66)
   GDScript backtrace (most recent call first):
       [0] _start_plan_and_wait (res://test/integration/test_campfire_example_smoke.gd:57)
WARNING: [GdPAI] ObjectRef(124621163998): object was freed before callback; returning Nil.
   at: gdplanningai_rust::logger::process_logs (src\logger.rs:66)
   GDScript backtrace (most recent call first):
       [0] _start_plan_and_wait (res://test/integration/test_campfire_example_smoke.gd:57)
[GdPAI | debug] ApplyEffect [Before] ID=InstanceId(-9223370545326706161): agent props = {"entity": null, "held_item": "", "hunger": 70.0627442063492}
[GdPAI | debug] ApplyEffect [After] ID=InstanceId(-9223370545326706161): agent props = {"entity": null, "held_item": "", "hunger": 70.0627442063492}
[GdPAI | debug]   Snapshotting prop: entity = Nil (Variant type: NIL)
[GdPAI | debug]   Snapshotting prop: held_item = Str("") (Variant type: STRING)
[GdPAI | debug]   Snapshotting prop: hunger = Float(70.0627442063492) (Variant type: FLOAT)
WARNING: [GdPAI] ObjectRef(124621163998): object was freed before callback; returning Nil.
   at: gdplanningai_rust::logger::process_logs (src\logger.rs:66)
   GDScript backtrace (most recent call first):
       [0] _process (res://addons/GdPlanningAI/gdpai_autoload.gd:21)
[GdPAI | debug] GetCost: callable returned non-numeric value: null; returning INFINITY
[GdPAI | debug] Found candidate: Dig Potato (satisfied preconds: [], requirements: [0, 1])
WARNING: [GdPAI] ObjectRef(124621163998): object was freed before callback; returning Nil.
   at: gdplanningai_rust::logger::process_logs (src\logger.rs:66)
   GDScript backtrace (most recent call first):
       [0] _start_plan_and_wait (res://test/integration/test_campfire_example_smoke.gd:57)
[GdPAI | debug] ApplyEffect [Before] ID=InstanceId(-9223370542877232654): agent props = {"entity": null, "hunger": 70.0627442063492, "held_item": ""}
[GdPAI | debug] ApplyEffect [After] ID=InstanceId(-9223370542877232654): agent props = {"entity": null, "hunger": 70.0627442063492, "held_item": ""}
[GdPAI | debug]   Snapshotting prop: entity = Nil (Variant type: NIL)
[GdPAI | debug]   Snapshotting prop: hunger = Float(70.0627442063492) (Variant type: FLOAT)
[GdPAI | debug]   Snapshotting prop: held_item = Str("") (Variant type: STRING)
WARNING: [GdPAI] ObjectRef(124621163998): object was freed before callback; returning Nil.
   at: gdplanningai_rust::logger::process_logs (src\logger.rs:66)
   GDScript backtrace (most recent call first):
       [0] _process (res://addons/GdPlanningAI/gdpai_autoload.gd:21)
[GdPAI | debug] GetCost: callable returned non-numeric value: null; returning INFINITY
WARNING: [GdPAI] ObjectRef(124621163998): object was freed before callback; returning Nil.
   at: gdplanningai_rust::logger::process_logs (src\logger.rs:66)
   GDScript backtrace (most recent call first):
       [0] _start_plan_and_wait (res://test/integration/test_campfire_example_smoke.gd:57)
[GdPAI | debug] ApplyEffect [Before] ID=InstanceId(-9223370540478090763): agent props = {"entity": null, "hunger": 70.0627442063492, "held_item": "cooked_potato"}
[GdPAI | debug] ApplyEffect [After] ID=InstanceId(-9223370540478090763): agent props = {"entity": null, "hunger": 70.0627442063492, "held_item": "cooked_potato"}
[GdPAI | debug]   Snapshotting prop: entity = Nil (Variant type: NIL)
[GdPAI | debug]   Snapshotting prop: hunger = Float(70.0627442063492) (Variant type: FLOAT)
[GdPAI | debug]   Snapshotting prop: held_item = Str("cooked_potato") (Variant type: STRING)
WARNING: [GdPAI] ObjectRef(124621163998): object was freed before callback; returning Nil.
   at: gdplanningai_rust::logger::process_logs (src\logger.rs:66)
   GDScript backtrace (most recent call first):
       [0] _process (res://addons/GdPlanningAI/gdpai_autoload.gd:21)
WARNING: [GdPAI] ObjectRef(124621163998): object was freed before callback; returning Nil.
   at: gdplanningai_rust::logger::process_logs (src\logger.rs:66)
   GDScript backtrace (most recent call first):
       [0] _process (res://addons/GdPlanningAI/gdpai_autoload.gd:21)
[GdPAI | debug] GetCost: callable returned non-numeric value: null; returning INFINITY
[GdPAI | debug] Found candidate: Dig Potato (satisfied preconds: [], requirements: [0, 1])
WARNING: [GdPAI] ObjectRef(124621163998): object was freed before callback; returning Nil.
   at: gdplanningai_rust::logger::process_logs (src\logger.rs:66)
   GDScript backtrace (most recent call first):
       [0] _start_plan_and_wait (res://test/integration/test_campfire_example_smoke.gd:57)
WARNING: [GdPAI] ObjectRef(124621163998): object was freed before callback; returning Nil.
   at: gdplanningai_rust::logger::process_logs (src\logger.rs:66)
   GDScript backtrace (most recent call first):
       [0] _start_plan_and_wait (res://test/integration/test_campfire_example_smoke.gd:57)
[GdPAI | debug] ApplyEffect [Before] ID=InstanceId(-9223370538028617223): agent props = {"hunger": 70.0627442063492, "entity": null, "held_item": ""}
[GdPAI | debug] ApplyEffect [After] ID=InstanceId(-9223370538028617223): agent props = {"hunger": 70.0627442063492, "entity": null, "held_item": ""}
[GdPAI | debug]   Snapshotting prop: hunger = Float(70.0627442063492) (Variant type: FLOAT)
[GdPAI | debug]   Snapshotting prop: entity = Nil (Variant type: NIL)
[GdPAI | debug]   Snapshotting prop: held_item = Str("") (Variant type: STRING)
WARNING: [GdPAI] ObjectRef(124621163998): object was freed before callback; returning Nil.
   at: gdplanningai_rust::logger::process_logs (src\logger.rs:66)
   GDScript backtrace (most recent call first):
       [0] _process (res://addons/GdPlanningAI/gdpai_autoload.gd:21)
[GdPAI | debug] GetCost: callable returned non-numeric value: null; returning INFINITY
WARNING: [GdPAI] ObjectRef(124621163998): object was freed before callback; returning Nil.
   at: gdplanningai_rust::logger::process_logs (src\logger.rs:66)
   GDScript backtrace (most recent call first):
       [0] _start_plan_and_wait (res://test/integration/test_campfire_example_smoke.gd:57)
[GdPAI | debug] ApplyEffect [Before] ID=InstanceId(-9223370535579143709): agent props = {"hunger": 70.0627442063492, "entity": null, "held_item": ""}
[GdPAI | debug] ApplyEffect [After] ID=InstanceId(-9223370535579143709): agent props = {"hunger": 70.0627442063492, "entity": null, "held_item": ""}
[GdPAI | debug]   Snapshotting prop: hunger = Float(70.0627442063492) (Variant type: FLOAT)
[GdPAI | debug]   Snapshotting prop: entity = Nil (Variant type: NIL)
[GdPAI | debug]   Snapshotting prop: held_item = Str("") (Variant type: STRING)
WARNING: [GdPAI] ObjectRef(124621163998): object was freed before callback; returning Nil.
   at: gdplanningai_rust::logger::process_logs (src\logger.rs:66)
   GDScript backtrace (most recent call first):
       [0] _process (res://addons/GdPlanningAI/gdpai_autoload.gd:21)
[GdPAI | debug] GetCost: callable returned non-numeric value: null; returning INFINITY
[GdPAI | debug] Found candidate: Dig Potato (satisfied preconds: [], requirements: [0, 1])
WARNING: [GdPAI] ObjectRef(124621163998): object was freed before callback; returning Nil.
   at: gdplanningai_rust::logger::process_logs (src\logger.rs:66)
   GDScript backtrace (most recent call first):
       [0] _start_plan_and_wait (res://test/integration/test_campfire_example_smoke.gd:57)
[GdPAI | debug] ApplyEffect [Before] ID=InstanceId(-9223370533180001740): agent props = {"hunger": 70.0627442063492, "held_item": "cooked_potato", "entity": null}
[GdPAI | debug] ApplyEffect [After] ID=InstanceId(-9223370533180001740): agent props = {"hunger": 70.0627442063492, "held_item": "cooked_potato", "entity": null}
[GdPAI | debug]   Snapshotting prop: hunger = Float(70.0627442063492) (Variant type: FLOAT)
[GdPAI | debug]   Snapshotting prop: held_item = Str("cooked_potato") (Variant type: STRING)
[GdPAI | debug]   Snapshotting prop: entity = Nil (Variant type: NIL)
WARNING: [GdPAI] ObjectRef(124621163998): object was freed before callback; returning Nil.
   at: gdplanningai_rust::logger::process_logs (src\logger.rs:66)
   GDScript backtrace (most recent call first):
       [0] _process (res://addons/GdPlanningAI/gdpai_autoload.gd:21)
WARNING: [GdPAI] ObjectRef(124621163998): object was freed before callback; returning Nil.
   at: gdplanningai_rust::logger::process_logs (src\logger.rs:66)
   GDScript backtrace (most recent call first):
       [0] _process (res://addons/GdPlanningAI/gdpai_autoload.gd:21)
[GdPAI | debug] GetCost: callable returned non-numeric value: null; returning INFINITY
WARNING: [GdPAI] ObjectRef(124621163998): object was freed before callback; returning Nil.
   at: gdplanningai_rust::logger::process_logs (src\logger.rs:66)
   GDScript backtrace (most recent call first):
       [0] _start_plan_and_wait (res://test/integration/test_campfire_example_smoke.gd:57)
WARNING: [GdPAI] ObjectRef(124621163998): object was freed before callback; returning Nil.
   at: gdplanningai_rust::logger::process_logs (src\logger.rs:66)
   GDScript backtrace (most recent call first):
       [0] _start_plan_and_wait (res://test/integration/test_campfire_example_smoke.gd:57)
[GdPAI | debug] ApplyEffect [Before] ID=InstanceId(-9223370530730528207): agent props = {"held_item": "", "hunger": 70.0627442063492, "entity": null}
[GdPAI | debug] ApplyEffect [After] ID=InstanceId(-9223370530730528207): agent props = {"held_item": "", "hunger": 70.0627442063492, "entity": null}
[GdPAI | debug]   Snapshotting prop: held_item = Str("") (Variant type: STRING)
[GdPAI | debug]   Snapshotting prop: hunger = Float(70.0627442063492) (Variant type: FLOAT)
[GdPAI | debug]   Snapshotting prop: entity = Nil (Variant type: NIL)
WARNING: [GdPAI] ObjectRef(124621163998): object was freed before callback; returning Nil.
   at: gdplanningai_rust::logger::process_logs (src\logger.rs:66)
   GDScript backtrace (most recent call first):
       [0] _process (res://addons/GdPlanningAI/gdpai_autoload.gd:21)
[GdPAI | debug] GetCost: callable returned non-numeric value: null; returning INFINITY
[GdPAI | debug] Found candidate: Dig Potato (satisfied preconds: [], requirements: [0, 1])
WARNING: [GdPAI] ObjectRef(124621163998): object was freed before callback; returning Nil.
   at: gdplanningai_rust::logger::process_logs (src\logger.rs:66)
   GDScript backtrace (most recent call first):
       [0] _start_plan_and_wait (res://test/integration/test_campfire_example_smoke.gd:57)
[GdPAI | debug] ApplyEffect [Before] ID=InstanceId(-9223370528281054657): agent props = {"hunger": 70.0627442063492, "entity": null, "held_item": ""}
[GdPAI | debug] ApplyEffect [After] ID=InstanceId(-9223370528281054657): agent props = {"hunger": 70.0627442063492, "entity": null, "held_item": ""}
[GdPAI | debug]   Snapshotting prop: hunger = Float(70.0627442063492) (Variant type: FLOAT)
[GdPAI | debug]   Snapshotting prop: entity = Nil (Variant type: NIL)
[GdPAI | debug]   Snapshotting prop: held_item = Str("") (Variant type: STRING)
WARNING: [GdPAI] ObjectRef(124621163998): object was freed before callback; returning Nil.
   at: gdplanningai_rust::logger::process_logs (src\logger.rs:66)
   GDScript backtrace (most recent call first):
       [0] _process (res://addons/GdPlanningAI/gdpai_autoload.gd:21)
[GdPAI | debug] GetCost: callable returned non-numeric value: null; returning INFINITY
[GdPAI | debug] ApplyEffect [Before] ID=InstanceId(-9223370526502669764): agent props = {"entity": VariantGd { id: 1382643928884, class: RigidBody2D }, "hunger": 95.0603725, "held_item": "potato"}
[GdPAI | debug] ApplyEffect [After] ID=InstanceId(-9223370526502669764): agent props = {"entity": VariantGd { id: 1382643928884, class: RigidBody2D }, "hunger": 95.0603725, "held_item": "cooked_potato"}
[GdPAI | debug]   Snapshotting prop: entity = ObjectRef(1382643928884) (Variant type: OBJECT)
[GdPAI | debug]   Snapshotting prop: hunger = Float(95.0603725) (Variant type: FLOAT)
[GdPAI | debug]   Snapshotting prop: held_item = Str("cooked_potato") (Variant type: STRING)
WARNING: [GdPAI] ObjectRef(124621163998): object was freed before callback; returning Nil.
   at: gdplanningai_rust::logger::process_logs (src\logger.rs:66)
   GDScript backtrace (most recent call first):
       [0] _start_plan_and_wait (res://test/integration/test_campfire_example_smoke.gd:57)
[GdPAI | debug] ApplyEffect [Before] ID=InstanceId(-9223370525881912763): agent props = {"held_item": "cooked_potato", "hunger": 70.0627442063492, "entity": null}
[GdPAI | debug] ApplyEffect [After] ID=InstanceId(-9223370525881912763): agent props = {"held_item": "cooked_potato", "hunger": 70.0627442063492, "entity": null}
[GdPAI | debug]   Snapshotting prop: held_item = Str("cooked_potato") (Variant type: STRING)
[GdPAI | debug]   Snapshotting prop: hunger = Float(70.0627442063492) (Variant type: FLOAT)
[GdPAI | debug]   Snapshotting prop: entity = Nil (Variant type: NIL)
WARNING: [GdPAI] ObjectRef(124621163998): object was freed before callback; returning Nil.
   at: gdplanningai_rust::logger::process_logs (src\logger.rs:66)
   GDScript backtrace (most recent call first):
       [0] _process (res://addons/GdPlanningAI/gdpai_autoload.gd:21)
WARNING: [GdPAI] ObjectRef(124621163998): object was freed before callback; returning Nil.
   at: gdplanningai_rust::logger::process_logs (src\logger.rs:66)
   GDScript backtrace (most recent call first):
       [0] _process (res://addons/GdPlanningAI/gdpai_autoload.gd:21)
[GdPAI | debug] GetCost: callable returned non-numeric value: null; returning INFINITY
[GdPAI | debug] ApplyEffect [Before] ID=InstanceId(-9223370524103527886): agent props = {"hunger": 95.0603725, "held_item": "cooked_potato", "entity": VariantGd { id: 1382643928884, class: RigidBody2D }}
[GdPAI | debug] ApplyEffect [After] ID=InstanceId(-9223370524103527886): agent props = {"hunger": 45.0603725, "held_item": "", "entity": VariantGd { id: 1382643928884, class: RigidBody2D }}
[GdPAI | debug]   Snapshotting prop: hunger = Float(45.0603725) (Variant type: FLOAT)
[GdPAI | debug]   Snapshotting prop: held_item = Str("") (Variant type: STRING)
[GdPAI | debug]   Snapshotting prop: entity = ObjectRef(1382643928884) (Variant type: OBJECT)
WARNING: [GdPAI] ObjectRef(124621163998): object was freed before callback; returning Nil.
   at: gdplanningai_rust::logger::process_logs (src\logger.rs:66)
   GDScript backtrace (most recent call first):
       [0] _start_plan_and_wait (res://test/integration/test_campfire_example_smoke.gd:57)
WARNING: [GdPAI] ObjectRef(124621163998): object was freed before callback; returning Nil.
   at: gdplanningai_rust::logger::process_logs (src\logger.rs:66)
   GDScript backtrace (most recent call first):
       [0] _start_plan_and_wait (res://test/integration/test_campfire_example_smoke.gd:57)
[GdPAI | debug] ApplyEffect [Before] ID=InstanceId(-9223370523432439230): agent props = {"entity": null, "held_item": "", "hunger": 70.0627442063492}
[GdPAI | debug] ApplyEffect [After] ID=InstanceId(-9223370523432439230): agent props = {"entity": null, "held_item": "", "hunger": 70.0627442063492}
[GdPAI | debug]   Snapshotting prop: entity = Nil (Variant type: NIL)
[GdPAI | debug]   Snapshotting prop: held_item = Str("") (Variant type: STRING)
[GdPAI | debug]   Snapshotting prop: hunger = Float(70.0627442063492) (Variant type: FLOAT)
WARNING: [GdPAI] ObjectRef(124621163998): object was freed before callback; returning Nil.
   at: gdplanningai_rust::logger::process_logs (src\logger.rs:66)
   GDScript backtrace (most recent call first):
       [0] _process (res://addons/GdPlanningAI/gdpai_autoload.gd:21)
[GdPAI | debug] GetCost: callable returned non-numeric value: null; returning INFINITY
[GdPAI | debug] ApplyEffect [Before] ID=InstanceId(-9223370521603722738): agent props = {"held_item": "", "entity": VariantGd { id: 1382643928884, class: RigidBody2D }, "hunger": 95.0603725}
[GdPAI | debug] ApplyEffect [After] ID=InstanceId(-9223370521603722738): agent props = {"held_item": "wood", "entity": VariantGd { id: 1382643928884, class: RigidBody2D }, "hunger": 95.0603725}
[GdPAI | debug]   Snapshotting prop: held_item = Str("wood") (Variant type: STRING)
[GdPAI | debug]   Snapshotting prop: entity = ObjectRef(1382643928884) (Variant type: OBJECT)
[GdPAI | debug]   Snapshotting prop: hunger = Float(95.0603725) (Variant type: FLOAT)
WARNING: [GdPAI] ObjectRef(124621163998): object was freed before callback; returning Nil.
   at: gdplanningai_rust::logger::process_logs (src\logger.rs:66)
   GDScript backtrace (most recent call first):
       [0] _start_plan_and_wait (res://test/integration/test_campfire_example_smoke.gd:57)
[GdPAI | debug] ApplyEffect [Before] ID=InstanceId(-9223370520982965660): agent props = {"held_item": "", "hunger": 70.0627442063492, "entity": null}
[GdPAI | debug] ApplyEffect [After] ID=InstanceId(-9223370520982965660): agent props = {"held_item": "", "hunger": 70.0627442063492, "entity": null}
[GdPAI | debug]   Snapshotting prop: held_item = Str("") (Variant type: STRING)
[GdPAI | debug]   Snapshotting prop: hunger = Float(70.0627442063492) (Variant type: FLOAT)
[GdPAI | debug]   Snapshotting prop: entity = Nil (Variant type: NIL)
WARNING: [GdPAI] ObjectRef(124621163998): object was freed before callback; returning Nil.
   at: gdplanningai_rust::logger::process_logs (src\logger.rs:66)
   GDScript backtrace (most recent call first):
       [0] _process (res://addons/GdPlanningAI/gdpai_autoload.gd:21)
[GdPAI | debug] GetCost: callable returned non-numeric value: null; returning INFINITY
[GdPAI | debug] ApplyEffect [Before] ID=InstanceId(-9223370519204580769): agent props = {"hunger": 95.0603725, "entity": VariantGd { id: 1382643928884, class: RigidBody2D }, "held_item": "wood"}
[GdPAI | debug] ApplyEffect [After] ID=InstanceId(-9223370519204580769): agent props = {"hunger": 95.0603725, "entity": VariantGd { id: 1382643928884, class: RigidBody2D }, "held_item": "wood"}
[GdPAI | debug]   Snapshotting prop: hunger = Float(95.0603725) (Variant type: FLOAT)
[GdPAI | debug]   Snapshotting prop: entity = ObjectRef(1382643928884) (Variant type: OBJECT)
[GdPAI | debug]   Snapshotting prop: held_item = Str("wood") (Variant type: STRING)
WARNING: [GdPAI] ObjectRef(124621163998): object was freed before callback; returning Nil.
   at: gdplanningai_rust::logger::process_logs (src\logger.rs:66)
   GDScript backtrace (most recent call first):
       [0] _start_plan_and_wait (res://test/integration/test_campfire_example_smoke.gd:57)
[GdPAI | debug] ApplyEffect [Before] ID=InstanceId(-9223370518583823816): agent props = {"held_item": "cooked_potato", "hunger": 70.0627442063492, "entity": null}
[GdPAI | debug] ApplyEffect [After] ID=InstanceId(-9223370518583823816): agent props = {"held_item": "cooked_potato", "hunger": 70.0627442063492, "entity": null}
[GdPAI | debug]   Snapshotting prop: held_item = Str("cooked_potato") (Variant type: STRING)
[GdPAI | debug]   Snapshotting prop: hunger = Float(70.0627442063492) (Variant type: FLOAT)
[GdPAI | debug]   Snapshotting prop: entity = Nil (Variant type: NIL)
WARNING: [GdPAI] ObjectRef(124621163998): object was freed before callback; returning Nil.
   at: gdplanningai_rust::logger::process_logs (src\logger.rs:66)
   GDScript backtrace (most recent call first):
       [0] _process (res://addons/GdPlanningAI/gdpai_autoload.gd:21)
WARNING: [GdPAI] ObjectRef(124621163998): object was freed before callback; returning Nil.
   at: gdplanningai_rust::logger::process_logs (src\logger.rs:66)
   GDScript backtrace (most recent call first):
       [0] _process (res://addons/GdPlanningAI/gdpai_autoload.gd:21)
[GdPAI | debug] GetCost: callable returned non-numeric value: null; returning INFINITY
[GdPAI | debug] ApplyEffect [Before] ID=InstanceId(-9223370516805438895): agent props = {"entity": VariantGd { id: 1382643928884, class: RigidBody2D }, "held_item": "", "hunger": 95.0603725}
[GdPAI | debug] ApplyEffect [After] ID=InstanceId(-9223370516805438895): agent props = {"hunger": 95.0603725, "entity": VariantGd { id: 1382643928884, class: RigidBody2D }, "held_item": "wood"}
[GdPAI | debug]   Snapshotting prop: hunger = Float(95.0603725) (Variant type: FLOAT)
[GdPAI | debug]   Snapshotting prop: entity = ObjectRef(1382643928884) (Variant type: OBJECT)
[GdPAI | debug]   Snapshotting prop: held_item = Str("wood") (Variant type: STRING)
WARNING: [GdPAI] ObjectRef(124621163998): object was freed before callback; returning Nil.
   at: gdplanningai_rust::logger::process_logs (src\logger.rs:66)
   GDScript backtrace (most recent call first):
       [0] _start_plan_and_wait (res://test/integration/test_campfire_example_smoke.gd:57)
WARNING: [GdPAI] ObjectRef(124621163998): object was freed before callback; returning Nil.
   at: gdplanningai_rust::logger::process_logs (src\logger.rs:66)
   GDScript backtrace (most recent call first):
       [0] _start_plan_and_wait (res://test/integration/test_campfire_example_smoke.gd:57)
[GdPAI | debug] ApplyEffect [Before] ID=InstanceId(-9223370516134350221): agent props = {"hunger": 70.0627442063492, "entity": null, "held_item": ""}
[GdPAI | debug] ApplyEffect [After] ID=InstanceId(-9223370516134350221): agent props = {"hunger": 70.0627442063492, "entity": null, "held_item": ""}
[GdPAI | debug]   Snapshotting prop: hunger = Float(70.0627442063492) (Variant type: FLOAT)
[GdPAI | debug]   Snapshotting prop: entity = Nil (Variant type: NIL)
[GdPAI | debug]   Snapshotting prop: held_item = Str("") (Variant type: STRING)
WARNING: [GdPAI] ObjectRef(124621163998): object was freed before callback; returning Nil.
   at: gdplanningai_rust::logger::process_logs (src\logger.rs:66)
   GDScript backtrace (most recent call first):
       [0] _process (res://addons/GdPlanningAI/gdpai_autoload.gd:21)
[GdPAI | debug] GetCost: callable returned non-numeric value: null; returning INFINITY
[GdPAI | debug] ApplyEffect [Before] ID=InstanceId(-9223370514305633748): agent props = {"entity": VariantGd { id: 1382643928884, class: RigidBody2D }, "hunger": 95.0603725, "held_item": "wood"}
[GdPAI | debug] ApplyEffect [After] ID=InstanceId(-9223370514305633748): agent props = {"entity": VariantGd { id: 1382643928884, class: RigidBody2D }, "hunger": 95.0603725, "held_item": "wood"}
[GdPAI | debug]   Snapshotting prop: entity = ObjectRef(1382643928884) (Variant type: OBJECT)
[GdPAI | debug]   Snapshotting prop: hunger = Float(95.0603725) (Variant type: FLOAT)
[GdPAI | debug]   Snapshotting prop: held_item = Str("wood") (Variant type: STRING)
WARNING: [GdPAI] ObjectRef(124621163998): object was freed before callback; returning Nil.
   at: gdplanningai_rust::logger::process_logs (src\logger.rs:66)
   GDScript backtrace (most recent call first):
       [0] _start_plan_and_wait (res://test/integration/test_campfire_example_smoke.gd:57)
[GdPAI | debug] ApplyEffect [Before] ID=InstanceId(-9223370513684876673): agent props = {"hunger": 70.0627442063492, "held_item": "", "entity": null}
[GdPAI | debug] ApplyEffect [After] ID=InstanceId(-9223370513684876673): agent props = {"hunger": 70.0627442063492, "held_item": "", "entity": null}
[GdPAI | debug]   Snapshotting prop: hunger = Float(70.0627442063492) (Variant type: FLOAT)
[GdPAI | debug]   Snapshotting prop: held_item = Str("") (Variant type: STRING)
[GdPAI | debug]   Snapshotting prop: entity = Nil (Variant type: NIL)
WARNING: [GdPAI] ObjectRef(124621163998): object was freed before callback; returning Nil.
   at: gdplanningai_rust::logger::process_logs (src\logger.rs:66)
   GDScript backtrace (most recent call first):
       [0] _process (res://addons/GdPlanningAI/gdpai_autoload.gd:21)
[GdPAI | debug] GetCost: callable returned non-numeric value: null; returning INFINITY
[GdPAI | debug] ApplyEffect [Before] ID=InstanceId(-9223370511906491784): agent props = {"held_item": "", "entity": VariantGd { id: 1382643928884, class: RigidBody2D }, "hunger": 95.0603725}
[GdPAI | debug] ApplyEffect [After] ID=InstanceId(-9223370511906491784): agent props = {"held_item": "wood", "hunger": 95.0603725, "entity": VariantGd { id: 1382643928884, class: RigidBody2D }}
[GdPAI | debug]   Snapshotting prop: held_item = Str("wood") (Variant type: STRING)
[GdPAI | debug]   Snapshotting prop: hunger = Float(95.0603725) (Variant type: FLOAT)
[GdPAI | debug]   Snapshotting prop: entity = ObjectRef(1382643928884) (Variant type: OBJECT)
WARNING: [GdPAI] ObjectRef(124621163998): object was freed before callback; returning Nil.
   at: gdplanningai_rust::logger::process_logs (src\logger.rs:66)
   GDScript backtrace (most recent call first):
       [0] _start_plan_and_wait (res://test/integration/test_campfire_example_smoke.gd:57)
[GdPAI | debug] ApplyEffect [Before] ID=InstanceId(-9223370511285734793): agent props = {"entity": null, "hunger": 70.0627442063492, "held_item": "cooked_potato"}
[GdPAI | debug] ApplyEffect [After] ID=InstanceId(-9223370511285734793): agent props = {"entity": null, "hunger": 70.0627442063492, "held_item": "cooked_potato"}
[GdPAI | debug]   Snapshotting prop: entity = Nil (Variant type: NIL)
[GdPAI | debug]   Snapshotting prop: hunger = Float(70.0627442063492) (Variant type: FLOAT)
[GdPAI | debug]   Snapshotting prop: held_item = Str("cooked_potato") (Variant type: STRING)
[GdPAI] A* Iteration: pop node with chain length 3
[GdPAI | debug] Numeric comparison: 70.0627442063492 LessThan 55.062744206349194 -> false
[GdPAI | debug] find_candidates: Checking 15 actions against 0 preconds and 0 requirements
WARNING: [GdPAI] ObjectRef(124621163998): object was freed before callback; returning Nil.
   at: gdplanningai_rust::logger::process_logs (src\logger.rs:66)
   GDScript backtrace (most recent call first):
       [0] _process (res://addons/GdPlanningAI/gdpai_autoload.gd:21)
WARNING: [GdPAI] ObjectRef(124621163998): object was freed before callback; returning Nil.
   at: gdplanningai_rust::logger::process_logs (src\logger.rs:66)
   GDScript backtrace (most recent call first):
       [0] _process (res://addons/GdPlanningAI/gdpai_autoload.gd:21)
[GdPAI | debug] ApplyEffect [Before] ID=InstanceId(-9223370509507349922): agent props = {"hunger": 95.0603725, "entity": VariantGd { id: 1382643928884, class: RigidBody2D }, "held_item": "wood"}
[GdPAI | debug] ApplyEffect [After] ID=InstanceId(-9223370509507349922): agent props = {"hunger": 95.0603725, "entity": VariantGd { id: 1382643928884, class: RigidBody2D }, "held_item": "wood"}
[GdPAI | debug]   Snapshotting prop: hunger = Float(95.0603725) (Variant type: FLOAT)
[GdPAI | debug]   Snapshotting prop: entity = ObjectRef(1382643928884) (Variant type: OBJECT)
[GdPAI | debug]   Snapshotting prop: held_item = Str("wood") (Variant type: STRING)
WARNING: [GdPAI] ObjectRef(124621163998): object was freed before callback; returning Nil.
   at: gdplanningai_rust::logger::process_logs (src\logger.rs:66)
   GDScript backtrace (most recent call first):
       [0] _start_plan_and_wait (res://test/integration/test_campfire_example_smoke.gd:57)
WARNING: [GdPAI] ObjectRef(124621163998): object was freed before callback; returning Nil.
   at: gdplanningai_rust::logger::process_logs (src\logger.rs:66)
   GDScript backtrace (most recent call first):
       [0] _start_plan_and_wait (res://test/integration/test_campfire_example_smoke.gd:57)
WARNING: [GdPAI] ObjectRef(124621163998): object was freed before callback; returning Nil.
   at: gdplanningai_rust::logger::process_logs (src\logger.rs:66)
   GDScript backtrace (most recent call first):
       [0] _process (res://addons/GdPlanningAI/gdpai_autoload.gd:21)
WARNING: [GdPAI] ObjectRef(124621163998): object was freed before callback; returning Nil.
   at: gdplanningai_rust::logger::process_logs (src\logger.rs:66)
   GDScript backtrace (most recent call first):
       [0] _process (res://addons/GdPlanningAI/gdpai_autoload.gd:21)
[GdPAI | debug] Discovery: Action Cook Potato failed validity check, skipping
[GdPAI | debug] ApplyEffect [Before] ID=InstanceId(-9223370507007544761): agent props = {"hunger": 95.0603725, "entity": VariantGd { id: 1382643928884, class: RigidBody2D }, "held_item": ""}
[GdPAI | debug] ApplyEffect [After] ID=InstanceId(-9223370507007544761): agent props = {"entity": VariantGd { id: 1382643928884, class: RigidBody2D }, "held_item": "wood", "hunger": 95.0603725}
[GdPAI | debug]   Snapshotting prop: entity = ObjectRef(1382643928884) (Variant type: OBJECT)
[GdPAI | debug]   Snapshotting prop: held_item = Str("wood") (Variant type: STRING)
[GdPAI | debug]   Snapshotting prop: hunger = Float(95.0603725) (Variant type: FLOAT)
WARNING: [GdPAI] ObjectRef(124621163998): object was freed before callback; returning Nil.
   at: gdplanningai_rust::logger::process_logs (src\logger.rs:66)
   GDScript backtrace (most recent call first):
       [0] _start_plan_and_wait (res://test/integration/test_campfire_example_smoke.gd:57)
WARNING: [GdPAI] ObjectRef(124621163998): object was freed before callback; returning Nil.
   at: gdplanningai_rust::logger::process_logs (src\logger.rs:66)
   GDScript backtrace (most recent call first):
       [0] _start_plan_and_wait (res://test/integration/test_campfire_example_smoke.gd:57)
[GdPAI | debug] Discovery: Action Dig Potato failed validity check, skipping
WARNING: [GdPAI] ObjectRef(124621163998): object was freed before callback; returning Nil.
   at: gdplanningai_rust::logger::process_logs (src\logger.rs:66)
   GDScript backtrace (most recent call first):
       [0] _process (res://addons/GdPlanningAI/gdpai_autoload.gd:21)
WARNING: [GdPAI] ObjectRef(124621163998): object was freed before callback; returning Nil.
   at: gdplanningai_rust::logger::process_logs (src\logger.rs:66)
   GDScript backtrace (most recent call first):
       [0] _process (res://addons/GdPlanningAI/gdpai_autoload.gd:21)
[GdPAI | debug] Discovery: Action Dig Potato failed validity check, skipping
[GdPAI | debug] ApplyEffect [Before] ID=InstanceId(-9223370504507739574): agent props = {"entity": VariantGd { id: 1382643928884, class: RigidBody2D }, "hunger": 95.0603725, "held_item": "wood"}
[GdPAI | debug] ApplyEffect [After] ID=InstanceId(-9223370504507739574): agent props = {"entity": VariantGd { id: 1382643928884, class: RigidBody2D }, "hunger": 95.0603725, "held_item": "wood"}
[GdPAI | debug]   Snapshotting prop: entity = ObjectRef(1382643928884) (Variant type: OBJECT)
[GdPAI | debug]   Snapshotting prop: hunger = Float(95.0603725) (Variant type: FLOAT)
[GdPAI | debug]   Snapshotting prop: held_item = Str("wood") (Variant type: STRING)
WARNING: [GdPAI] ObjectRef(124621163998): object was freed before callback; returning Nil.
   at: gdplanningai_rust::logger::process_logs (src\logger.rs:66)
   GDScript backtrace (most recent call first):
       [0] _start_plan_and_wait (res://test/integration/test_campfire_example_smoke.gd:57)
WARNING: [GdPAI] ObjectRef(124621163998): object was freed before callback; returning Nil.
   at: gdplanningai_rust::logger::process_logs (src\logger.rs:66)
   GDScript backtrace (most recent call first):
       [0] _start_plan_and_wait (res://test/integration/test_campfire_example_smoke.gd:57)
[GdPAI | debug] Discovery: Action Dig Potato failed validity check, skipping
WARNING: [GdPAI] ObjectRef(124621163998): object was freed before callback; returning Nil.
   at: gdplanningai_rust::logger::process_logs (src\logger.rs:66)
   GDScript backtrace (most recent call first):
       [0] _process (res://addons/GdPlanningAI/gdpai_autoload.gd:21)
WARNING: [GdPAI] ObjectRef(124621163998): object was freed before callback; returning Nil.
   at: gdplanningai_rust::logger::process_logs (src\logger.rs:66)
   GDScript backtrace (most recent call first):
       [0] _process (res://addons/GdPlanningAI/gdpai_autoload.gd:21)
[GdPAI | debug] Discovery: Action Dig Potato failed validity check, skipping
[GdPAI | debug] ApplyEffect [Before] ID=InstanceId(-9223370502007934335): agent props = {"held_item": "", "entity": VariantGd { id: 1382643928884, class: RigidBody2D }, "hunger": 95.0603725}
[GdPAI | debug] ApplyEffect [After] ID=InstanceId(-9223370502007934335): agent props = {"entity": VariantGd { id: 1382643928884, class: RigidBody2D }, "hunger": 95.0603725, "held_item": "potato"}
[GdPAI | debug]   Snapshotting prop: entity = ObjectRef(1382643928884) (Variant type: OBJECT)
[GdPAI | debug]   Snapshotting prop: hunger = Float(95.0603725) (Variant type: FLOAT)
[GdPAI | debug]   Snapshotting prop: held_item = Str("potato") (Variant type: STRING)
WARNING: [GdPAI] ObjectRef(124621163998): object was freed before callback; returning Nil.
   at: gdplanningai_rust::logger::process_logs (src\logger.rs:66)
   GDScript backtrace (most recent call first):
       [0] _start_plan_and_wait (res://test/integration/test_campfire_example_smoke.gd:57)
WARNING: [GdPAI] ObjectRef(124621163998): object was freed before callback; returning Nil.
   at: gdplanningai_rust::logger::process_logs (src\logger.rs:66)
   GDScript backtrace (most recent call first):
       [0] _start_plan_and_wait (res://test/integration/test_campfire_example_smoke.gd:57)
[GdPAI | debug] Discovery: Action Dig Potato failed validity check, skipping
[GdPAI | debug] No candidates found for branch with 0 preconds and 0 requirements
[GdPAI] A* Iteration: pop node with chain length 3
[GdPAI | debug] Numeric comparison: 70.0627442063492 LessThan 55.062744206349194 -> false
[GdPAI | debug] find_candidates: Checking 15 actions against 0 preconds and 0 requirements
WARNING: [GdPAI] ObjectRef(124621163998): object was freed before callback; returning Nil.
   at: gdplanningai_rust::logger::process_logs (src\logger.rs:66)
   GDScript backtrace (most recent call first):
       [0] _process (res://addons/GdPlanningAI/gdpai_autoload.gd:21)
WARNING: [GdPAI] ObjectRef(124621163998): object was freed before callback; returning Nil.
   at: gdplanningai_rust::logger::process_logs (src\logger.rs:66)
   GDScript backtrace (most recent call first):
       [0] _process (res://addons/GdPlanningAI/gdpai_autoload.gd:21)
[GdPAI | debug] ApplyEffect [Before] ID=InstanceId(-9223370499508129148): agent props = {"hunger": 95.0603725, "held_item": "potato", "entity": VariantGd { id: 1382643928884, class: RigidBody2D }}
[GdPAI | debug] ApplyEffect [After] ID=InstanceId(-9223370499508129148): agent props = {"hunger": 95.0603725, "held_item": "potato", "entity": VariantGd { id: 1382643928884, class: RigidBody2D }}
[GdPAI | debug]   Snapshotting prop: hunger = Float(95.0603725) (Variant type: FLOAT)
[GdPAI | debug]   Snapshotting prop: held_item = Str("potato") (Variant type: STRING)
[GdPAI | debug]   Snapshotting prop: entity = ObjectRef(1382643928884) (Variant type: OBJECT)
WARNING: [GdPAI] ObjectRef(124621163998): object was freed before callback; returning Nil.
   at: gdplanningai_rust::logger::process_logs (src\logger.rs:66)
   GDScript backtrace (most recent call first):
       [0] _start_plan_and_wait (res://test/integration/test_campfire_example_smoke.gd:57)
WARNING: [GdPAI] ObjectRef(124621163998): object was freed before callback; returning Nil.
   at: gdplanningai_rust::logger::process_logs (src\logger.rs:66)
   GDScript backtrace (most recent call first):
       [0] _start_plan_and_wait (res://test/integration/test_campfire_example_smoke.gd:57)
WARNING: [GdPAI] ObjectRef(124621163998): object was freed before callback; returning Nil.
   at: gdplanningai_rust::logger::process_logs (src\logger.rs:66)
   GDScript backtrace (most recent call first):
       [0] _process (res://addons/GdPlanningAI/gdpai_autoload.gd:21)
WARNING: [GdPAI] ObjectRef(124621163998): object was freed before callback; returning Nil.
   at: gdplanningai_rust::logger::process_logs (src\logger.rs:66)
   GDScript backtrace (most recent call first):
       [0] _process (res://addons/GdPlanningAI/gdpai_autoload.gd:21)
[GdPAI | debug] Discovery: Action Cook Potato failed validity check, skipping
[GdPAI | debug] ApplyEffect [Before] ID=InstanceId(-9223370497008323956): agent props = {"held_item": "", "entity": VariantGd { id: 1382643928884, class: RigidBody2D }, "hunger": 95.0603725}
[GdPAI | debug] ApplyEffect [After] ID=InstanceId(-9223370497008323956): agent props = {"held_item": "potato", "entity": VariantGd { id: 1382643928884, class: RigidBody2D }, "hunger": 95.0603725}
[GdPAI | debug]   Snapshotting prop: held_item = Str("potato") (Variant type: STRING)
[GdPAI | debug]   Snapshotting prop: entity = ObjectRef(1382643928884) (Variant type: OBJECT)
[GdPAI | debug]   Snapshotting prop: hunger = Float(95.0603725) (Variant type: FLOAT)
WARNING: [GdPAI] ObjectRef(124621163998): object was freed before callback; returning Nil.
   at: gdplanningai_rust::logger::process_logs (src\logger.rs:66)
   GDScript backtrace (most recent call first):
       [0] _start_plan_and_wait (res://test/integration/test_campfire_example_smoke.gd:57)
WARNING: [GdPAI] ObjectRef(124621163998): object was freed before callback; returning Nil.
   at: gdplanningai_rust::logger::process_logs (src\logger.rs:66)
   GDScript backtrace (most recent call first):
       [0] _start_plan_and_wait (res://test/integration/test_campfire_example_smoke.gd:57)
[GdPAI | debug] Discovery: Action Dig Potato failed validity check, skipping
WARNING: [GdPAI] ObjectRef(124621163998): object was freed before callback; returning Nil.
   at: gdplanningai_rust::logger::process_logs (src\logger.rs:66)
   GDScript backtrace (most recent call first):
       [0] _process (res://addons/GdPlanningAI/gdpai_autoload.gd:21)
WARNING: [GdPAI] ObjectRef(124621163998): object was freed before callback; returning Nil.
   at: gdplanningai_rust::logger::process_logs (src\logger.rs:66)
   GDScript backtrace (most recent call first):
       [0] _process (res://addons/GdPlanningAI/gdpai_autoload.gd:21)
[GdPAI | debug] Discovery: Action Dig Potato failed validity check, skipping
[GdPAI | debug] ApplyEffect [Before] ID=InstanceId(-9223370494508518719): agent props = {"held_item": "potato", "entity": VariantGd { id: 1382643928884, class: RigidBody2D }, "hunger": 95.0603725}
[GdPAI | debug] ApplyEffect [After] ID=InstanceId(-9223370494508518719): agent props = {"held_item": "potato", "entity": VariantGd { id: 1382643928884, class: RigidBody2D }, "hunger": 95.0603725}
[GdPAI | debug]   Snapshotting prop: held_item = Str("potato") (Variant type: STRING)
[GdPAI | debug]   Snapshotting prop: entity = ObjectRef(1382643928884) (Variant type: OBJECT)
[GdPAI | debug]   Snapshotting prop: hunger = Float(95.0603725) (Variant type: FLOAT)
WARNING: [GdPAI] ObjectRef(124621163998): object was freed before callback; returning Nil.
   at: gdplanningai_rust::logger::process_logs (src\logger.rs:66)
   GDScript backtrace (most recent call first):
       [0] _start_plan_and_wait (res://test/integration/test_campfire_example_smoke.gd:57)
WARNING: [GdPAI] ObjectRef(124621163998): object was freed before callback; returning Nil.
   at: gdplanningai_rust::logger::process_logs (src\logger.rs:66)
   GDScript backtrace (most recent call first):
       [0] _start_plan_and_wait (res://test/integration/test_campfire_example_smoke.gd:57)
[GdPAI | debug] Discovery: Action Dig Potato failed validity check, skipping
WARNING: [GdPAI] ObjectRef(124621163998): object was freed before callback; returning Nil.
   at: gdplanningai_rust::logger::process_logs (src\logger.rs:66)
   GDScript backtrace (most recent call first):
       [0] _process (res://addons/GdPlanningAI/gdpai_autoload.gd:21)
WARNING: [GdPAI] ObjectRef(124621163998): object was freed before callback; returning Nil.
   at: gdplanningai_rust::logger::process_logs (src\logger.rs:66)
   GDScript backtrace (most recent call first):
       [0] _process (res://addons/GdPlanningAI/gdpai_autoload.gd:21)
[GdPAI | debug] Discovery: Action Dig Potato failed validity check, skipping
[GdPAI | debug] ApplyEffect [Before] ID=InstanceId(-9223370492008713554): agent props = {"held_item": "", "entity": VariantGd { id: 1382643928884, class: RigidBody2D }, "hunger": 95.0603725}
[GdPAI | debug] ApplyEffect [After] ID=InstanceId(-9223370492008713554): agent props = {"held_item": "potato", "hunger": 95.0603725, "entity": VariantGd { id: 1382643928884, class: RigidBody2D }}
[GdPAI | debug]   Snapshotting prop: held_item = Str("potato") (Variant type: STRING)
[GdPAI | debug]   Snapshotting prop: hunger = Float(95.0603725) (Variant type: FLOAT)
[GdPAI | debug]   Snapshotting prop: entity = ObjectRef(1382643928884) (Variant type: OBJECT)
WARNING: [GdPAI] ObjectRef(124621163998): object was freed before callback; returning Nil.
   at: gdplanningai_rust::logger::process_logs (src\logger.rs:66)
   GDScript backtrace (most recent call first):
       [0] _start_plan_and_wait (res://test/integration/test_campfire_example_smoke.gd:57)
WARNING: [GdPAI] ObjectRef(124621163998): object was freed before callback; returning Nil.
   at: gdplanningai_rust::logger::process_logs (src\logger.rs:66)
   GDScript backtrace (most recent call first):
       [0] _start_plan_and_wait (res://test/integration/test_campfire_example_smoke.gd:57)
[GdPAI | debug] Discovery: Action Dig Potato failed validity check, skipping
[GdPAI | debug] No candidates found for branch with 0 preconds and 0 requirements
[GdPAI] A* Iteration: pop node with chain length 4
[GdPAI | debug] find_candidates: Checking 15 actions against 1 preconds and 2 requirements
WARNING: [GdPAI] ObjectRef(124621163998): object was freed before callback; returning Nil.
   at: gdplanningai_rust::logger::process_logs (src\logger.rs:66)
   GDScript backtrace (most recent call first):
       [0] _process (res://addons/GdPlanningAI/gdpai_autoload.gd:21)
WARNING: [GdPAI] ObjectRef(124621163998): object was freed before callback; returning Nil.
   at: gdplanningai_rust::logger::process_logs (src\logger.rs:66)
   GDScript backtrace (most recent call first):
       [0] _process (res://addons/GdPlanningAI/gdpai_autoload.gd:21)
[GdPAI | debug] Discovery: Starting simulation for action Go To
[GdPAI | debug] ApplyEffect [Before] ID=InstanceId(-9223370489508908346): agent props = {"hunger": 95.0603725, "held_item": "potato", "entity": VariantGd { id: 1382643928884, class: RigidBody2D }}
[GdPAI | debug] ApplyEffect [After] ID=InstanceId(-9223370489508908346): agent props = {"hunger": 95.0603725, "held_item": "potato", "entity": VariantGd { id: 1382643928884, class: RigidBody2D }}
[GdPAI | debug]   Snapshotting prop: hunger = Float(95.0603725) (Variant type: FLOAT)
[GdPAI | debug]   Snapshotting prop: held_item = Str("potato") (Variant type: STRING)
[GdPAI | debug]   Snapshotting prop: entity = ObjectRef(1382643928884) (Variant type: OBJECT)
WARNING: [GdPAI] ObjectRef(124621163998): object was freed before callback; returning Nil.
   at: gdplanningai_rust::logger::process_logs (src\logger.rs:66)
   GDScript backtrace (most recent call first):
       [0] _start_plan_and_wait (res://test/integration/test_campfire_example_smoke.gd:57)
WARNING: [GdPAI] ObjectRef(124621163998): object was freed before callback; returning Nil.
   at: gdplanningai_rust::logger::process_logs (src\logger.rs:66)
   GDScript backtrace (most recent call first):
       [0] _start_plan_and_wait (res://test/integration/test_campfire_example_smoke.gd:57)
[GdPAI | debug] GetCost: callable returned non-numeric value: null; returning INFINITY
WARNING: [GdPAI] ObjectRef(124621163998): object was freed before callback; returning Nil.
   at: gdplanningai_rust::logger::process_logs (src\logger.rs:66)
   GDScript backtrace (most recent call first):
       [0] _process (res://addons/GdPlanningAI/gdpai_autoload.gd:21)
WARNING: [GdPAI] ObjectRef(124621163998): object was freed before callback; returning Nil.
   at: gdplanningai_rust::logger::process_logs (src\logger.rs:66)
   GDScript backtrace (most recent call first):
       [0] _process (res://addons/GdPlanningAI/gdpai_autoload.gd:21)
[GdPAI | debug] ApplyEffect [Before] ID=InstanceId(-9223370487579528480): agent props = {"entity": null, "held_item": "potato", "hunger": 70.0627442063492}
[GdPAI | debug] ApplyEffect [After] ID=InstanceId(-9223370487579528480): agent props = {"entity": null, "held_item": "potato", "hunger": 70.0627442063492}
[GdPAI | debug]   Snapshotting prop: entity = Nil (Variant type: NIL)
[GdPAI | debug]   Snapshotting prop: held_item = Str("potato") (Variant type: STRING)
[GdPAI | debug]   Snapshotting prop: hunger = Float(70.0627442063492) (Variant type: FLOAT)
[GdPAI | debug] Discovery: Simulation success for Go To. Agent props: {"held_item": Str("potato"), "hunger": Float(70.0627442063492), "entity": Nil}
[GdPAI | debug] Discovery: Action Go To satisfied precond Builtin { target: Agent, operation: Equal, property_name: "held_item", value: Some(Str("potato")) }
[GdPAI | debug] Found candidate: Go To (satisfied preconds: [0], requirements: [1])
[GdPAI | debug] ApplyEffect [Before] ID=InstanceId(-9223370487009103136): agent props = {"hunger": 95.0603725, "held_item": "", "entity": VariantGd { id: 1382643928884, class: RigidBody2D }}
[GdPAI | debug] ApplyEffect [After] ID=InstanceId(-9223370487009103136): agent props = {"entity": VariantGd { id: 1382643928884, class: RigidBody2D }, "hunger": 95.0603725, "held_item": "potato"}
[GdPAI | debug]   Snapshotting prop: entity = ObjectRef(1382643928884) (Variant type: OBJECT)
[GdPAI | debug]   Snapshotting prop: hunger = Float(95.0603725) (Variant type: FLOAT)
[GdPAI | debug]   Snapshotting prop: held_item = Str("potato") (Variant type: STRING)
[GdPAI | debug] Discovery: Starting simulation for action Eat Held Food
WARNING: [GdPAI] ObjectRef(124621163998): object was freed before callback; returning Nil.
   at: gdplanningai_rust::logger::process_logs (src\logger.rs:66)
   GDScript backtrace (most recent call first):
       [0] _start_plan_and_wait (res://test/integration/test_campfire_example_smoke.gd:57)
WARNING: [GdPAI] ObjectRef(124621163998): object was freed before callback; returning Nil.
   at: gdplanningai_rust::logger::process_logs (src\logger.rs:66)
   GDScript backtrace (most recent call first):
       [0] _start_plan_and_wait (res://test/integration/test_campfire_example_smoke.gd:57)
[GdPAI | debug] GetCost: callable returned non-numeric value: null; returning INFINITY
WARNING: [GdPAI] ObjectRef(124621163998): object was freed before callback; returning Nil.
   at: gdplanningai_rust::logger::process_logs (src\logger.rs:66)
   GDScript backtrace (most recent call first):
       [0] _process (res://addons/GdPlanningAI/gdpai_autoload.gd:21)
WARNING: [GdPAI] ObjectRef(124621163998): object was freed before callback; returning Nil.
   at: gdplanningai_rust::logger::process_logs (src\logger.rs:66)
   GDScript backtrace (most recent call first):
       [0] _process (res://addons/GdPlanningAI/gdpai_autoload.gd:21)
[GdPAI | debug] ApplyEffect [Before] ID=InstanceId(-9223370485079723285): agent props = {"hunger": 70.0627442063492, "held_item": "potato", "entity": null}
[GdPAI | debug] ApplyEffect [After] ID=InstanceId(-9223370485079723285): agent props = {"hunger": 70.0627442063492, "held_item": "potato", "entity": null}
[GdPAI | debug]   Snapshotting prop: hunger = Float(70.0627442063492) (Variant type: FLOAT)
[GdPAI | debug]   Snapshotting prop: held_item = Str("potato") (Variant type: STRING)
[GdPAI | debug]   Snapshotting prop: entity = Nil (Variant type: NIL)
[GdPAI | debug] Discovery: Simulation success for Eat Held Food. Agent props: {"hunger": Float(70.0627442063492), "held_item": Str("potato"), "entity": Nil}
[GdPAI | debug] Discovery: Action Eat Held Food satisfied precond Builtin { target: Agent, operation: Equal, property_name: "held_item", value: Some(Str("potato")) }
[GdPAI | debug] Found candidate: Eat Held Food (satisfied preconds: [0], requirements: [])
[GdPAI | debug] ApplyEffect [Before] ID=InstanceId(-9223370484509297941): agent props = {"held_item": "potato", "hunger": 95.0603725, "entity": VariantGd { id: 1382643928884, class: RigidBody2D }}
[GdPAI | debug] ApplyEffect [After] ID=InstanceId(-9223370484509297941): agent props = {"held_item": "potato", "hunger": 95.0603725, "entity": VariantGd { id: 1382643928884, class: RigidBody2D }}
[GdPAI | debug]   Snapshotting prop: held_item = Str("potato") (Variant type: STRING)
[GdPAI | debug]   Snapshotting prop: hunger = Float(95.0603725) (Variant type: FLOAT)
[GdPAI | debug]   Snapshotting prop: entity = ObjectRef(1382643928884) (Variant type: OBJECT)
WARNING: [GdPAI] ObjectRef(124621163998): object was freed before callback; returning Nil.
   at: gdplanningai_rust::logger::process_logs (src\logger.rs:66)
   GDScript backtrace (most recent call first):
       [0] _start_plan_and_wait (res://test/integration/test_campfire_example_smoke.gd:57)
WARNING: [GdPAI] ObjectRef(124621163998): object was freed before callback; returning Nil.
   at: gdplanningai_rust::logger::process_logs (src\logger.rs:66)
   GDScript backtrace (most recent call first):
       [0] _start_plan_and_wait (res://test/integration/test_campfire_example_smoke.gd:57)
[GdPAI | debug] Discovery: Starting simulation for action Go To
WARNING: [GdPAI] ObjectRef(124621163998): object was freed before callback; returning Nil.
   at: gdplanningai_rust::logger::process_logs (src\logger.rs:66)
   GDScript backtrace (most recent call first):
       [0] _process (res://addons/GdPlanningAI/gdpai_autoload.gd:21)
WARNING: [GdPAI] ObjectRef(124621163998): object was freed before callback; returning Nil.
   at: gdplanningai_rust::logger::process_logs (src\logger.rs:66)
   GDScript backtrace (most recent call first):
       [0] _process (res://addons/GdPlanningAI/gdpai_autoload.gd:21)
[GdPAI | debug] GetCost: callable returned non-numeric value: null; returning INFINITY
[GdPAI | debug] ApplyEffect [Before] ID=InstanceId(-9223370482009492764): agent props = {"entity": VariantGd { id: 1382643928884, class: RigidBody2D }, "hunger": 95.0603725, "held_item": ""}
[GdPAI | debug] ApplyEffect [After] ID=InstanceId(-9223370482009492764): agent props = {"entity": VariantGd { id: 1382643928884, class: RigidBody2D }, "hunger": 95.0603725, "held_item": "potato"}
[GdPAI | debug]   Snapshotting prop: entity = ObjectRef(1382643928884) (Variant type: OBJECT)
[GdPAI | debug]   Snapshotting prop: hunger = Float(95.0603725) (Variant type: FLOAT)
[GdPAI | debug]   Snapshotting prop: held_item = Str("potato") (Variant type: STRING)
WARNING: [GdPAI] ObjectRef(124621163998): object was freed before callback; returning Nil.
   at: gdplanningai_rust::logger::process_logs (src\logger.rs:66)
   GDScript backtrace (most recent call first):
       [0] _start_plan_and_wait (res://test/integration/test_campfire_example_smoke.gd:57)
WARNING: [GdPAI] ObjectRef(124621163998): object was freed before callback; returning Nil.
   at: gdplanningai_rust::logger::process_logs (src\logger.rs:66)
   GDScript backtrace (most recent call first):
       [0] _start_plan_and_wait (res://test/integration/test_campfire_example_smoke.gd:57)
[GdPAI | debug] ApplyEffect [Before] ID=InstanceId(-9223370481338404109): agent props = {"hunger": 70.0627442063492, "entity": null, "held_item": "potato"}
[GdPAI | debug] ApplyEffect [After] ID=InstanceId(-9223370481338404109): agent props = {"hunger": 70.0627442063492, "entity": null, "held_item": "potato"}
[GdPAI | debug]   Snapshotting prop: hunger = Float(70.0627442063492) (Variant type: FLOAT)
[GdPAI | debug]   Snapshotting prop: entity = Nil (Variant type: NIL)
[GdPAI | debug]   Snapshotting prop: held_item = Str("potato") (Variant type: STRING)
[GdPAI | debug] Discovery: Simulation success for Go To. Agent props: {"hunger": Float(70.0627442063492), "held_item": Str("potato"), "entity": Nil}
[GdPAI | debug] Discovery: Action Go To satisfied precond Builtin { target: Agent, operation: Equal, property_name: "held_item", value: Some(Str("potato")) }
[GdPAI | debug] Found candidate: Go To (satisfied preconds: [0], requirements: [1])
[GdPAI | debug] Discovery: Starting simulation for action Drop Item
WARNING: [GdPAI] ObjectRef(124621163998): object was freed before callback; returning Nil.
   at: gdplanningai_rust::logger::process_logs (src\logger.rs:66)
   GDScript backtrace (most recent call first):
       [0] _process (res://addons/GdPlanningAI/gdpai_autoload.gd:21)
WARNING: [GdPAI] ObjectRef(124621163998): object was freed before callback; returning Nil.
   at: gdplanningai_rust::logger::process_logs (src\logger.rs:66)
   GDScript backtrace (most recent call first):
       [0] _process (res://addons/GdPlanningAI/gdpai_autoload.gd:21)
[GdPAI | debug] GetCost: callable returned non-numeric value: null; returning INFINITY
[GdPAI | debug] ApplyEffect [Before] ID=InstanceId(-9223370479509687551): agent props = {"hunger": 95.0603725, "held_item": "potato", "entity": VariantGd { id: 1382643928884, class: RigidBody2D }}
[GdPAI | debug] ApplyEffect [After] ID=InstanceId(-9223370479509687551): agent props = {"hunger": 95.0603725, "held_item": "potato", "entity": VariantGd { id: 1382643928884, class: RigidBody2D }}
[GdPAI | debug]   Snapshotting prop: hunger = Float(95.0603725) (Variant type: FLOAT)
[GdPAI | debug]   Snapshotting prop: held_item = Str("potato") (Variant type: STRING)
[GdPAI | debug]   Snapshotting prop: entity = ObjectRef(1382643928884) (Variant type: OBJECT)
[GdPAI] A* Iteration: pop node with chain length 2
[GdPAI | debug] find_candidates: Checking 15 actions against 0 preconds and 1 requirements
WARNING: [GdPAI] ObjectRef(124621163998): object was freed before callback; returning Nil.
   at: gdplanningai_rust::logger::process_logs (src\logger.rs:66)
   GDScript backtrace (most recent call first):
       [0] _start_plan_and_wait (res://test/integration/test_campfire_example_smoke.gd:57)
WARNING: [GdPAI] ObjectRef(124621163998): object was freed before callback; returning Nil.
   at: gdplanningai_rust::logger::process_logs (src\logger.rs:66)
   GDScript backtrace (most recent call first):
       [0] _start_plan_and_wait (res://test/integration/test_campfire_example_smoke.gd:57)
[GdPAI | debug] ApplyEffect [Before] ID=InstanceId(-9223370478838598903): agent props = {"hunger": 70.0627442063492, "entity": null, "held_item": "potato"}
[GdPAI | debug] ApplyEffect [After] ID=InstanceId(-9223370478838598903): agent props = {"hunger": 70.0627442063492, "entity": null, "held_item": "potato"}
[GdPAI | debug]   Snapshotting prop: hunger = Float(70.0627442063492) (Variant type: FLOAT)
[GdPAI | debug]   Snapshotting prop: entity = Nil (Variant type: NIL)
[GdPAI | debug]   Snapshotting prop: held_item = Str("potato") (Variant type: STRING)
[GdPAI | debug] Discovery: Simulation success for Drop Item. Agent props: {"held_item": Str("potato"), "hunger": Float(70.0627442063492), "entity": Nil}
[GdPAI | debug] Discovery: Action Drop Item satisfied precond Builtin { target: Agent, operation: Equal, property_name: "held_item", value: Some(Str("potato")) }
[GdPAI | debug] Found candidate: Drop Item (satisfied preconds: [0], requirements: [])
[GdPAI | debug] Discovery: Starting simulation for action Add Fuel
[GdPAI | debug] Found candidate: Go To (satisfied preconds: [], requirements: [0])
WARNING: [GdPAI] ObjectRef(124621163998): object was freed before callback; returning Nil.
   at: gdplanningai_rust::logger::process_logs (src\logger.rs:66)
   GDScript backtrace (most recent call first):
       [0] _process (res://addons/GdPlanningAI/gdpai_autoload.gd:21)
WARNING: [GdPAI] ObjectRef(124621163998): object was freed before callback; returning Nil.
   at: gdplanningai_rust::logger::process_logs (src\logger.rs:66)
   GDScript backtrace (most recent call first):
       [0] _process (res://addons/GdPlanningAI/gdpai_autoload.gd:21)
[GdPAI | debug] GetCost: callable returned non-numeric value: null; returning INFINITY
[GdPAI | debug] Found candidate: Go To (satisfied preconds: [], requirements: [0])
WARNING: [GdPAI] ObjectRef(124621163998): object was freed before callback; returning Nil.
   at: gdplanningai_rust::logger::process_logs (src\logger.rs:66)
   GDScript backtrace (most recent call first):
       [0] _start_plan_and_wait (res://test/integration/test_campfire_example_smoke.gd:57)
WARNING: [GdPAI] ObjectRef(124621163998): object was freed before callback; returning Nil.
   at: gdplanningai_rust::logger::process_logs (src\logger.rs:66)
   GDScript backtrace (most recent call first):
       [0] _start_plan_and_wait (res://test/integration/test_campfire_example_smoke.gd:57)
[GdPAI | debug] ApplyEffect [Before] ID=InstanceId(-9223370476338793738): agent props = {"held_item": "wood", "hunger": 70.0627442063492, "entity": null}
[GdPAI | debug] ApplyEffect [After] ID=InstanceId(-9223370476338793738): agent props = {"held_item": "wood", "hunger": 70.0627442063492, "entity": null}
[GdPAI | debug]   Snapshotting prop: held_item = Str("wood") (Variant type: STRING)
[GdPAI | debug]   Snapshotting prop: hunger = Float(70.0627442063492) (Variant type: FLOAT)
[GdPAI | debug]   Snapshotting prop: entity = Nil (Variant type: NIL)
[GdPAI | debug] Discovery: Simulation success for Add Fuel. Agent props: {"entity": Nil, "held_item": Str("wood"), "hunger": Float(70.0627442063492)}
[GdPAI | debug] Discovery: Action Add Fuel did NOT satisfy precond Builtin { target: Agent, operation: Equal, property_name: "held_item", value: Some(Str("potato")) }
WARNING: [GdPAI] ObjectRef(124621163998): object was freed before callback; returning Nil.
   at: gdplanningai_rust::logger::process_logs (src\logger.rs:66)
   GDScript backtrace (most recent call first):
       [0] _process (res://addons/GdPlanningAI/gdpai_autoload.gd:21)
WARNING: [GdPAI] ObjectRef(124621163998): object was freed before callback; returning Nil.
   at: gdplanningai_rust::logger::process_logs (src\logger.rs:66)
   GDScript backtrace (most recent call first):
       [0] _process (res://addons/GdPlanningAI/gdpai_autoload.gd:21)
[GdPAI | debug] Discovery: Action Cook Potato failed validity check, skipping
[GdPAI | debug] Discovery: Starting simulation for action Pick Up Wood
WARNING: [GdPAI] ObjectRef(124621163998): object was freed before callback; returning Nil.
   at: gdplanningai_rust::logger::process_logs (src\logger.rs:66)
   GDScript backtrace (most recent call first):
       [0] _start_plan_and_wait (res://test/integration/test_campfire_example_smoke.gd:57)
WARNING: [GdPAI] ObjectRef(124621163998): object was freed before callback; returning Nil.
   at: gdplanningai_rust::logger::process_logs (src\logger.rs:66)
   GDScript backtrace (most recent call first):
       [0] _start_plan_and_wait (res://test/integration/test_campfire_example_smoke.gd:57)
[GdPAI | debug] GetCost: callable returned non-numeric value: null; returning INFINITY
WARNING: [GdPAI] ObjectRef(124621163998): object was freed before callback; returning Nil.
   at: gdplanningai_rust::logger::process_logs (src\logger.rs:66)
   GDScript backtrace (most recent call first):
       [0] _process (res://addons/GdPlanningAI/gdpai_autoload.gd:21)
WARNING: [GdPAI] ObjectRef(124621163998): object was freed before callback; returning Nil.
   at: gdplanningai_rust::logger::process_logs (src\logger.rs:66)
   GDScript backtrace (most recent call first):
       [0] _process (res://addons/GdPlanningAI/gdpai_autoload.gd:21)
[GdPAI | debug] ApplyEffect [Before] ID=InstanceId(-9223370472580697309): agent props = {"entity": null, "hunger": 70.0627442063492, "held_item": "potato"}
[GdPAI | debug] ApplyEffect [After] ID=InstanceId(-9223370472580697309): agent props = {"entity": null, "hunger": 70.0627442063492, "held_item": "potato"}
[GdPAI | debug]   Snapshotting prop: entity = Nil (Variant type: NIL)
[GdPAI | debug]   Snapshotting prop: hunger = Float(70.0627442063492) (Variant type: FLOAT)
[GdPAI | debug]   Snapshotting prop: held_item = Str("potato") (Variant type: STRING)
[GdPAI | debug] Discovery: Simulation success for Pick Up Wood. Agent props: {"hunger": Float(70.0627442063492), "entity": Nil, "held_item": Str("potato")}
[GdPAI | debug] Discovery: Action Pick Up Wood satisfied precond Builtin { target: Agent, operation: Equal, property_name: "held_item", value: Some(Str("potato")) }
[GdPAI | debug] Found candidate: Pick Up Wood (satisfied preconds: [0], requirements: [])
[GdPAI | debug] Discovery: Starting simulation for action Pick Up Wood
WARNING: [GdPAI] ObjectRef(124621163998): object was freed before callback; returning Nil.
   at: gdplanningai_rust::logger::process_logs (src\logger.rs:66)
   GDScript backtrace (most recent call first):
       [0] _start_plan_and_wait (res://test/integration/test_campfire_example_smoke.gd:57)
WARNING: [GdPAI] ObjectRef(124621163998): object was freed before callback; returning Nil.
   at: gdplanningai_rust::logger::process_logs (src\logger.rs:66)
   GDScript backtrace (most recent call first):
       [0] _start_plan_and_wait (res://test/integration/test_campfire_example_smoke.gd:57)
[GdPAI | debug] GetCost: callable returned non-numeric value: null; returning INFINITY
WARNING: [GdPAI] ObjectRef(124621163998): object was freed before callback; returning Nil.
   at: gdplanningai_rust::logger::process_logs (src\logger.rs:66)
   GDScript backtrace (most recent call first):
       [0] _process (res://addons/GdPlanningAI/gdpai_autoload.gd:21)
WARNING: [GdPAI] ObjectRef(124621163998): object was freed before callback; returning Nil.
   at: gdplanningai_rust::logger::process_logs (src\logger.rs:66)
   GDScript backtrace (most recent call first):
       [0] _process (res://addons/GdPlanningAI/gdpai_autoload.gd:21)
[GdPAI | debug] ApplyEffect [Before] ID=InstanceId(-9223370470080892108): agent props = {"entity": null, "hunger": 70.0627442063492, "held_item": "potato"}
[GdPAI | debug] ApplyEffect [After] ID=InstanceId(-9223370470080892108): agent props = {"entity": null, "hunger": 70.0627442063492, "held_item": "potato"}
[GdPAI | debug]   Snapshotting prop: entity = Nil (Variant type: NIL)
[GdPAI | debug]   Snapshotting prop: hunger = Float(70.0627442063492) (Variant type: FLOAT)
[GdPAI | debug]   Snapshotting prop: held_item = Str("potato") (Variant type: STRING)
[GdPAI | debug] Discovery: Simulation success for Pick Up Wood. Agent props: {"hunger": Float(70.0627442063492), "held_item": Str("potato"), "entity": Nil}
[GdPAI | debug] Discovery: Action Pick Up Wood satisfied precond Builtin { target: Agent, operation: Equal, property_name: "held_item", value: Some(Str("potato")) }
[GdPAI | debug] Found candidate: Pick Up Wood (satisfied preconds: [0], requirements: [])
[GdPAI | debug] Discovery: Starting simulation for action Pick Up Wood
WARNING: [GdPAI] ObjectRef(124621163998): object was freed before callback; returning Nil.
   at: gdplanningai_rust::logger::process_logs (src\logger.rs:66)
   GDScript backtrace (most recent call first):
       [0] _start_plan_and_wait (res://test/integration/test_campfire_example_smoke.gd:57)
WARNING: [GdPAI] ObjectRef(124621163998): object was freed before callback; returning Nil.
   at: gdplanningai_rust::logger::process_logs (src\logger.rs:66)
   GDScript backtrace (most recent call first):
       [0] _start_plan_and_wait (res://test/integration/test_campfire_example_smoke.gd:57)
[GdPAI | debug] GetCost: callable returned non-numeric value: null; returning INFINITY
WARNING: [GdPAI] ObjectRef(124621163998): object was freed before callback; returning Nil.
   at: gdplanningai_rust::logger::process_logs (src\logger.rs:66)
   GDScript backtrace (most recent call first):
       [0] _process (res://addons/GdPlanningAI/gdpai_autoload.gd:21)
WARNING: [GdPAI] ObjectRef(124621163998): object was freed before callback; returning Nil.
   at: gdplanningai_rust::logger::process_logs (src\logger.rs:66)
   GDScript backtrace (most recent call first):
       [0] _process (res://addons/GdPlanningAI/gdpai_autoload.gd:21)
[GdPAI | debug] ApplyEffect [Before] ID=InstanceId(-9223370467581086996): agent props = {"hunger": 70.0627442063492, "held_item": "potato", "entity": null}
[GdPAI | debug] ApplyEffect [After] ID=InstanceId(-9223370467581086996): agent props = {"hunger": 70.0627442063492, "held_item": "potato", "entity": null}
[GdPAI | debug]   Snapshotting prop: hunger = Float(70.0627442063492) (Variant type: FLOAT)
[GdPAI | debug]   Snapshotting prop: held_item = Str("potato") (Variant type: STRING)
[GdPAI | debug]   Snapshotting prop: entity = Nil (Variant type: NIL)
[GdPAI | debug] Discovery: Simulation success for Pick Up Wood. Agent props: {"hunger": Float(70.0627442063492), "held_item": Str("potato"), "entity": Nil}
[GdPAI | debug] Discovery: Action Pick Up Wood satisfied precond Builtin { target: Agent, operation: Equal, property_name: "held_item", value: Some(Str("potato")) }
[GdPAI | debug] Found candidate: Pick Up Wood (satisfied preconds: [0], requirements: [])
[GdPAI | debug] Discovery: Starting simulation for action Pick Up Wood
WARNING: [GdPAI] ObjectRef(124621163998): object was freed before callback; returning Nil.
   at: gdplanningai_rust::logger::process_logs (src\logger.rs:66)
   GDScript backtrace (most recent call first):
       [0] _start_plan_and_wait (res://test/integration/test_campfire_example_smoke.gd:57)
WARNING: [GdPAI] ObjectRef(124621163998): object was freed before callback; returning Nil.
   at: gdplanningai_rust::logger::process_logs (src\logger.rs:66)
   GDScript backtrace (most recent call first):
       [0] _start_plan_and_wait (res://test/integration/test_campfire_example_smoke.gd:57)
[GdPAI | debug] GetCost: callable returned non-numeric value: null; returning INFINITY
WARNING: [GdPAI] ObjectRef(124621163998): object was freed before callback; returning Nil.
   at: gdplanningai_rust::logger::process_logs (src\logger.rs:66)
   GDScript backtrace (most recent call first):
       [0] _process (res://addons/GdPlanningAI/gdpai_autoload.gd:21)
WARNING: [GdPAI] ObjectRef(124621163998): object was freed before callback; returning Nil.
   at: gdplanningai_rust::logger::process_logs (src\logger.rs:66)
   GDScript backtrace (most recent call first):
       [0] _process (res://addons/GdPlanningAI/gdpai_autoload.gd:21)
[GdPAI | debug] ApplyEffect [Before] ID=InstanceId(-9223370465081281763): agent props = {"held_item": "potato", "hunger": 70.0627442063492, "entity": null}
[GdPAI | debug] ApplyEffect [After] ID=InstanceId(-9223370465081281763): agent props = {"held_item": "potato", "hunger": 70.0627442063492, "entity": null}
[GdPAI | debug]   Snapshotting prop: held_item = Str("potato") (Variant type: STRING)
[GdPAI | debug]   Snapshotting prop: hunger = Float(70.0627442063492) (Variant type: FLOAT)
[GdPAI | debug]   Snapshotting prop: entity = Nil (Variant type: NIL)
[GdPAI | debug] Discovery: Simulation success for Pick Up Wood. Agent props: {"entity": Nil, "held_item": Str("potato"), "hunger": Float(70.0627442063492)}
[GdPAI | debug] Discovery: Action Pick Up Wood satisfied precond Builtin { target: Agent, operation: Equal, property_name: "held_item", value: Some(Str("potato")) }
[GdPAI | debug] Found candidate: Pick Up Wood (satisfied preconds: [0], requirements: [])
WARNING: [GdPAI] ObjectRef(124621163998): object was freed before callback; returning Nil.
   at: gdplanningai_rust::logger::process_logs (src\logger.rs:66)
   GDScript backtrace (most recent call first):
       [0] _start_plan_and_wait (res://test/integration/test_campfire_example_smoke.gd:57)
WARNING: [GdPAI] ObjectRef(124621163998): object was freed before callback; returning Nil.
   at: gdplanningai_rust::logger::process_logs (src\logger.rs:66)
   GDScript backtrace (most recent call first):
       [0] _start_plan_and_wait (res://test/integration/test_campfire_example_smoke.gd:57)
[GdPAI | debug] Discovery: Action Dig Potato failed validity check, skipping
WARNING: [GdPAI] ObjectRef(124621163998): object was freed before callback; returning Nil.
   at: gdplanningai_rust::logger::process_logs (src\logger.rs:66)
   GDScript backtrace (most recent call first):
       [0] _process (res://addons/GdPlanningAI/gdpai_autoload.gd:21)
WARNING: [GdPAI] ObjectRef(124621163998): object was freed before callback; returning Nil.
   at: gdplanningai_rust::logger::process_logs (src\logger.rs:66)
   GDScript backtrace (most recent call first):
       [0] _process (res://addons/GdPlanningAI/gdpai_autoload.gd:21)
[GdPAI | debug] Discovery: Action Dig Potato failed validity check, skipping
WARNING: [GdPAI] ObjectRef(124621163998): object was freed before callback; returning Nil.
   at: gdplanningai_rust::logger::process_logs (src\logger.rs:66)
   GDScript backtrace (most recent call first):
       [0] _start_plan_and_wait (res://test/integration/test_campfire_example_smoke.gd:57)
WARNING: [GdPAI] ObjectRef(124621163998): object was freed before callback; returning Nil.
   at: gdplanningai_rust::logger::process_logs (src\logger.rs:66)
   GDScript backtrace (most recent call first):
       [0] _start_plan_and_wait (res://test/integration/test_campfire_example_smoke.gd:57)
[GdPAI | debug] Discovery: Action Dig Potato failed validity check, skipping
WARNING: [GdPAI] ObjectRef(124621163998): object was freed before callback; returning Nil.
   at: gdplanningai_rust::logger::process_logs (src\logger.rs:66)
   GDScript backtrace (most recent call first):
       [0] _process (res://addons/GdPlanningAI/gdpai_autoload.gd:21)
WARNING: [GdPAI] ObjectRef(124621163998): object was freed before callback; returning Nil.
   at: gdplanningai_rust::logger::process_logs (src\logger.rs:66)
   GDScript backtrace (most recent call first):
       [0] _process (res://addons/GdPlanningAI/gdpai_autoload.gd:21)
[GdPAI | debug] Discovery: Action Dig Potato failed validity check, skipping
WARNING: [GdPAI] ObjectRef(124621163998): object was freed before callback; returning Nil.
   at: gdplanningai_rust::logger::process_logs (src\logger.rs:66)
   GDScript backtrace (most recent call first):
       [0] _start_plan_and_wait (res://test/integration/test_campfire_example_smoke.gd:57)
WARNING: [GdPAI] ObjectRef(124621163998): object was freed before callback; returning Nil.
   at: gdplanningai_rust::logger::process_logs (src\logger.rs:66)
   GDScript backtrace (most recent call first):
       [0] _start_plan_and_wait (res://test/integration/test_campfire_example_smoke.gd:57)
[GdPAI | debug] Discovery: Action Dig Potato failed validity check, skipping
WARNING: [GdPAI] ObjectRef(124621163998): object was freed before callback; returning Nil.
   at: gdplanningai_rust::logger::process_logs (src\logger.rs:66)
   GDScript backtrace (most recent call first):
       [0] _process (res://addons/GdPlanningAI/gdpai_autoload.gd:21)
WARNING: [GdPAI] ObjectRef(124621163998): object was freed before callback; returning Nil.
   at: gdplanningai_rust::logger::process_logs (src\logger.rs:66)
   GDScript backtrace (most recent call first):
       [0] _process (res://addons/GdPlanningAI/gdpai_autoload.gd:21)
WARNING: [GdPAI] ObjectRef(123983629752): object was freed before callback; returning Nil.
   at: gdplanningai_rust::logger::process_logs (src\logger.rs:66)
   GDScript backtrace (most recent call first):
       [0] _process (res://addons/GdPlanningAI/gdpai_autoload.gd:21)
WARNING: [GdPAI] ObjectRef(123983629752): object was freed before callback; returning Nil.
   at: gdplanningai_rust::logger::process_logs (src\logger.rs:66)
   GDScript backtrace (most recent call first):
       [0] _process (res://addons/GdPlanningAI/gdpai_autoload.gd:21)
[GdPAI | debug] GetCost: callable returned non-numeric value: null; returning INFINITY
WARNING: [GdPAI] ObjectRef(124621163998): object was freed before callback; returning Nil.
   at: gdplanningai_rust::logger::process_logs (src\logger.rs:66)
   GDScript backtrace (most recent call first):
       [0] _start_plan_and_wait (res://test/integration/test_campfire_example_smoke.gd:57)
WARNING: [GdPAI] ObjectRef(124621163998): object was freed before callback; returning Nil.
   at: gdplanningai_rust::logger::process_logs (src\logger.rs:66)
   GDScript backtrace (most recent call first):
       [0] _start_plan_and_wait (res://test/integration/test_campfire_example_smoke.gd:57)
WARNING: [GdPAI] ObjectRef(123983629752): object was freed before callback; returning Nil.
   at: gdplanningai_rust::logger::process_logs (src\logger.rs:66)
   GDScript backtrace (most recent call first):
       [0] _start_plan_and_wait (res://test/integration/test_campfire_example_smoke.gd:57)
WARNING: [GdPAI] ObjectRef(123983629752): object was freed before callback; returning Nil.
   at: gdplanningai_rust::logger::process_logs (src\logger.rs:66)
   GDScript backtrace (most recent call first):
       [0] _start_plan_and_wait (res://test/integration/test_campfire_example_smoke.gd:57)
[GdPAI | debug] ApplyEffect [Before] ID=InstanceId(-9223370456239688883): agent props = {"held_item": "", "hunger": 70.0627442063492, "at_target": null, "entity": null}
[GdPAI | debug] ApplyEffect [After] ID=InstanceId(-9223370456239688883): agent props = {"held_item": "", "hunger": 70.0627442063492, "at_target": null, "entity": null}
[GdPAI | debug]   Snapshotting prop: held_item = Str("") (Variant type: STRING)
[GdPAI | debug]   Snapshotting prop: hunger = Float(70.0627442063492) (Variant type: FLOAT)
[GdPAI | debug]   Snapshotting prop: at_target = Nil (Variant type: NIL)
[GdPAI | debug]   Snapshotting prop: entity = Nil (Variant type: NIL)
WARNING: [GdPAI] ObjectRef(124621163998): object was freed before callback; returning Nil.
   at: gdplanningai_rust::logger::process_logs (src\logger.rs:66)
   GDScript backtrace (most recent call first):
       [0] _process (res://addons/GdPlanningAI/gdpai_autoload.gd:21)
WARNING: [GdPAI] ObjectRef(123983629752): object was freed before callback; returning Nil.
   at: gdplanningai_rust::logger::process_logs (src\logger.rs:66)
   GDScript backtrace (most recent call first):
       [0] _process (res://addons/GdPlanningAI/gdpai_autoload.gd:21)
WARNING: [GdPAI] ObjectRef(123983629752): object was freed before callback; returning Nil.
   at: gdplanningai_rust::logger::process_logs (src\logger.rs:66)
   GDScript backtrace (most recent call first):
       [0] _process (res://addons/GdPlanningAI/gdpai_autoload.gd:21)
[GdPAI | debug] GetCost: callable returned non-numeric value: null; returning INFINITY
WARNING: [GdPAI] ObjectRef(124621163998): object was freed before callback; returning Nil.
   at: gdplanningai_rust::logger::process_logs (src\logger.rs:66)
   GDScript backtrace (most recent call first):
       [0] _start_plan_and_wait (res://test/integration/test_campfire_example_smoke.gd:57)
WARNING: [GdPAI] ObjectRef(123983629752): object was freed before callback; returning Nil.
   at: gdplanningai_rust::logger::process_logs (src\logger.rs:66)
   GDScript backtrace (most recent call first):
       [0] _start_plan_and_wait (res://test/integration/test_campfire_example_smoke.gd:57)
WARNING: [GdPAI] ObjectRef(123983629752): object was freed before callback; returning Nil.
   at: gdplanningai_rust::logger::process_logs (src\logger.rs:66)
   GDScript backtrace (most recent call first):
       [0] _start_plan_and_wait (res://test/integration/test_campfire_example_smoke.gd:57)
[GdPAI | debug] ApplyEffect [Before] ID=InstanceId(-9223370453588888698): agent props = {"held_item": "", "at_target": null, "hunger": 70.0627442063492, "entity": null}
[GdPAI | debug] ApplyEffect [After] ID=InstanceId(-9223370453588888698): agent props = {"held_item": "", "at_target": null, "hunger": 70.0627442063492, "entity": null}
[GdPAI | debug]   Snapshotting prop: held_item = Str("") (Variant type: STRING)
[GdPAI | debug]   Snapshotting prop: at_target = Nil (Variant type: NIL)
[GdPAI | debug]   Snapshotting prop: hunger = Float(70.0627442063492) (Variant type: FLOAT)
[GdPAI | debug]   Snapshotting prop: entity = Nil (Variant type: NIL)
WARNING: [GdPAI] ObjectRef(124621163998): object was freed before callback; returning Nil.
   at: gdplanningai_rust::logger::process_logs (src\logger.rs:66)
   GDScript backtrace (most recent call first):
       [0] _process (res://addons/GdPlanningAI/gdpai_autoload.gd:21)
WARNING: [GdPAI] ObjectRef(124134624705): object was freed before callback; returning Nil.
   at: gdplanningai_rust::logger::process_logs (src\logger.rs:66)
   GDScript backtrace (most recent call first):
       [0] _process (res://addons/GdPlanningAI/gdpai_autoload.gd:21)
WARNING: [GdPAI] ObjectRef(124134624705): object was freed before callback; returning Nil.
   at: gdplanningai_rust::logger::process_logs (src\logger.rs:66)
   GDScript backtrace (most recent call first):
       [0] _process (res://addons/GdPlanningAI/gdpai_autoload.gd:21)
[GdPAI | debug] GetCost: callable returned non-numeric value: null; returning INFINITY
WARNING: [GdPAI] ObjectRef(124621163998): object was freed before callback; returning Nil.
   at: gdplanningai_rust::logger::process_logs (src\logger.rs:66)
   GDScript backtrace (most recent call first):
       [0] _start_plan_and_wait (res://test/integration/test_campfire_example_smoke.gd:57)
WARNING: [GdPAI] ObjectRef(124134624705): object was freed before callback; returning Nil.
   at: gdplanningai_rust::logger::process_logs (src\logger.rs:66)
   GDScript backtrace (most recent call first):
       [0] _start_plan_and_wait (res://test/integration/test_campfire_example_smoke.gd:57)
WARNING: [GdPAI] ObjectRef(124134624705): object was freed before callback; returning Nil.
   at: gdplanningai_rust::logger::process_logs (src\logger.rs:66)
   GDScript backtrace (most recent call first):
       [0] _start_plan_and_wait (res://test/integration/test_campfire_example_smoke.gd:57)
[GdPAI | debug] ApplyEffect [Before] ID=InstanceId(-9223370450988420194): agent props = {"held_item": "", "at_target": null, "entity": null, "hunger": 70.0627442063492}
[GdPAI | debug] ApplyEffect [After] ID=InstanceId(-9223370450988420194): agent props = {"held_item": "", "at_target": null, "entity": null, "hunger": 70.0627442063492}
[GdPAI | debug]   Snapshotting prop: held_item = Str("") (Variant type: STRING)
[GdPAI | debug]   Snapshotting prop: at_target = Nil (Variant type: NIL)
[GdPAI | debug]   Snapshotting prop: entity = Nil (Variant type: NIL)
[GdPAI | debug]   Snapshotting prop: hunger = Float(70.0627442063492) (Variant type: FLOAT)
WARNING: [GdPAI] ObjectRef(124621163998): object was freed before callback; returning Nil.
   at: gdplanningai_rust::logger::process_logs (src\logger.rs:66)
   GDScript backtrace (most recent call first):
       [0] _process (res://addons/GdPlanningAI/gdpai_autoload.gd:21)
WARNING: [GdPAI] ObjectRef(124134624705): object was freed before callback; returning Nil.
   at: gdplanningai_rust::logger::process_logs (src\logger.rs:66)
   GDScript backtrace (most recent call first):
       [0] _process (res://addons/GdPlanningAI/gdpai_autoload.gd:21)
WARNING: [GdPAI] ObjectRef(124134624705): object was freed before callback; returning Nil.
   at: gdplanningai_rust::logger::process_logs (src\logger.rs:66)
   GDScript backtrace (most recent call first):
       [0] _process (res://addons/GdPlanningAI/gdpai_autoload.gd:21)
[GdPAI | debug] GetCost: callable returned non-numeric value: null; returning INFINITY
WARNING: [GdPAI] ObjectRef(124621163998): object was freed before callback; returning Nil.
   at: gdplanningai_rust::logger::process_logs (src\logger.rs:66)
   GDScript backtrace (most recent call first):
       [0] _start_plan_and_wait (res://test/integration/test_campfire_example_smoke.gd:57)
WARNING: [GdPAI] ObjectRef(124134624705): object was freed before callback; returning Nil.
   at: gdplanningai_rust::logger::process_logs (src\logger.rs:66)
   GDScript backtrace (most recent call first):
       [0] _start_plan_and_wait (res://test/integration/test_campfire_example_smoke.gd:57)
WARNING: [GdPAI] ObjectRef(124134624705): object was freed before callback; returning Nil.
   at: gdplanningai_rust::logger::process_logs (src\logger.rs:66)
   GDScript backtrace (most recent call first):
       [0] _start_plan_and_wait (res://test/integration/test_campfire_example_smoke.gd:57)
[GdPAI | debug] ApplyEffect [Before] ID=InstanceId(-9223370448387951708): agent props = {"at_target": null, "held_item": "", "hunger": 70.0627442063492, "entity": null}
[GdPAI | debug] ApplyEffect [After] ID=InstanceId(-9223370448387951708): agent props = {"at_target": null, "held_item": "", "hunger": 70.0627442063492, "entity": null}
[GdPAI | debug]   Snapshotting prop: at_target = Nil (Variant type: NIL)
[GdPAI | debug]   Snapshotting prop: held_item = Str("") (Variant type: STRING)
[GdPAI | debug]   Snapshotting prop: hunger = Float(70.0627442063492) (Variant type: FLOAT)
[GdPAI | debug]   Snapshotting prop: entity = Nil (Variant type: NIL)
WARNING: [GdPAI] ObjectRef(124621163998): object was freed before callback; returning Nil.
   at: gdplanningai_rust::logger::process_logs (src\logger.rs:66)
   GDScript backtrace (most recent call first):
       [0] _process (res://addons/GdPlanningAI/gdpai_autoload.gd:21)
[GdPAI | debug] GetCost: callable returned non-numeric value: null; returning INFINITY
WARNING: [GdPAI] ObjectRef(124621163998): object was freed before callback; returning Nil.
   at: gdplanningai_rust::logger::process_logs (src\logger.rs:66)
   GDScript backtrace (most recent call first):
       [0] _start_plan_and_wait (res://test/integration/test_campfire_example_smoke.gd:57)
[GdPAI | debug] ApplyEffect [Before] ID=InstanceId(-9223370445888146641): agent props = {"at_target": null, "entity": null, "held_item": "wood", "hunger": 70.0627442063492}
[GdPAI | debug] ApplyEffect [After] ID=InstanceId(-9223370445888146641): agent props = {"at_target": null, "entity": null, "held_item": "wood", "hunger": 70.0627442063492}
[GdPAI | debug]   Snapshotting prop: at_target = Nil (Variant type: NIL)
[GdPAI | debug]   Snapshotting prop: entity = Nil (Variant type: NIL)
[GdPAI | debug]   Snapshotting prop: held_item = Str("wood") (Variant type: STRING)
[GdPAI | debug]   Snapshotting prop: hunger = Float(70.0627442063492) (Variant type: FLOAT)
[GdPAI | debug] ApplyEffect [Before] ID=InstanceId(-9223370445317721297): agent props = {"at_target": VariantGd { id: 1383046581817, class: Node }, "hunger": 95.0603725, "held_item": "", "entity": VariantGd { id: 1382643928884, class: RigidBody2D }}
[GdPAI | debug] ApplyEffect [After] ID=InstanceId(-9223370445317721297): agent props = {"at_target": VariantGd { id: 1383046581817, class: Node }, "hunger": 95.0603725, "held_item": "", "entity": VariantGd { id: 1382643928884, class: RigidBody2D }}
[GdPAI | debug]   Snapshotting prop: at_target = ObjectRef(1383046581817) (Variant type: OBJECT)
[GdPAI | debug]   Snapshotting prop: hunger = Float(95.0603725) (Variant type: FLOAT)
[GdPAI | debug]   Snapshotting prop: held_item = Str("") (Variant type: STRING)
[GdPAI | debug]   Snapshotting prop: entity = ObjectRef(1382643928884) (Variant type: OBJECT)
WARNING: [GdPAI] ObjectRef(124621163998): object was freed before callback; returning Nil.
   at: gdplanningai_rust::logger::process_logs (src\logger.rs:66)
   GDScript backtrace (most recent call first):
       [0] _process (res://addons/GdPlanningAI/gdpai_autoload.gd:21)
WARNING: [GdPAI] ObjectRef(124621163998): object was freed before callback; returning Nil.
   at: gdplanningai_rust::logger::process_logs (src\logger.rs:66)
   GDScript backtrace (most recent call first):
       [0] _process (res://addons/GdPlanningAI/gdpai_autoload.gd:21)
[GdPAI | debug] GetCost: callable returned non-numeric value: null; returning INFINITY
WARNING: [GdPAI] ObjectRef(124621163998): object was freed before callback; returning Nil.
   at: gdplanningai_rust::logger::process_logs (src\logger.rs:66)
   GDScript backtrace (most recent call first):
       [0] _start_plan_and_wait (res://test/integration/test_campfire_example_smoke.gd:57)
WARNING: [GdPAI] ObjectRef(124621163998): object was freed before callback; returning Nil.
   at: gdplanningai_rust::logger::process_logs (src\logger.rs:66)
   GDScript backtrace (most recent call first):
       [0] _start_plan_and_wait (res://test/integration/test_campfire_example_smoke.gd:57)
[GdPAI | debug] ApplyEffect [Before] ID=InstanceId(-9223370443438672993): agent props = {"hunger": 70.0627442063492, "entity": null, "held_item": ""}
[GdPAI | debug] ApplyEffect [After] ID=InstanceId(-9223370443438672993): agent props = {"hunger": 70.0627442063492, "entity": null, "held_item": ""}
[GdPAI | debug]   Snapshotting prop: hunger = Float(70.0627442063492) (Variant type: FLOAT)
[GdPAI | debug]   Snapshotting prop: entity = Nil (Variant type: NIL)
[GdPAI | debug]   Snapshotting prop: held_item = Str("") (Variant type: STRING)
[GdPAI | debug] ApplyEffect [Before] ID=InstanceId(-9223370442868247649): agent props = {"at_target": VariantGd { id: 1383046581817, class: Node }, "hunger": 95.0603725, "held_item": "", "entity": VariantGd { id: 1382643928884, class: RigidBody2D }}
[GdPAI | debug] ApplyEffect [After] ID=InstanceId(-9223370442868247649): agent props = {"at_target": VariantGd { id: 1383046581817, class: Node }, "hunger": 95.0603725, "held_item": "potato", "entity": VariantGd { id: 1382643928884, class: RigidBody2D }}
[GdPAI | debug]   Snapshotting prop: at_target = ObjectRef(1383046581817) (Variant type: OBJECT)
[GdPAI | debug]   Snapshotting prop: hunger = Float(95.0603725) (Variant type: FLOAT)
[GdPAI | debug]   Snapshotting prop: held_item = Str("potato") (Variant type: STRING)
[GdPAI | debug]   Snapshotting prop: entity = ObjectRef(1382643928884) (Variant type: OBJECT)
WARNING: [GdPAI] ObjectRef(124621163998): object was freed before callback; returning Nil.
   at: gdplanningai_rust::logger::process_logs (src\logger.rs:66)
   GDScript backtrace (most recent call first):
       [0] _process (res://addons/GdPlanningAI/gdpai_autoload.gd:21)
[GdPAI | debug] GetCost: callable returned non-numeric value: null; returning INFINITY
WARNING: [GdPAI] ObjectRef(124621163998): object was freed before callback; returning Nil.
   at: gdplanningai_rust::logger::process_logs (src\logger.rs:66)
   GDScript backtrace (most recent call first):
       [0] _start_plan_and_wait (res://test/integration/test_campfire_example_smoke.gd:57)
[GdPAI | debug] ApplyEffect [Before] ID=InstanceId(-9223370440989199385): agent props = {"hunger": 70.0627442063492, "held_item": "", "entity": null}
[GdPAI | debug] ApplyEffect [After] ID=InstanceId(-9223370440989199385): agent props = {"hunger": 70.0627442063492, "held_item": "", "entity": null}
[GdPAI | debug]   Snapshotting prop: hunger = Float(70.0627442063492) (Variant type: FLOAT)
[GdPAI | debug]   Snapshotting prop: held_item = Str("") (Variant type: STRING)
[GdPAI | debug]   Snapshotting prop: entity = Nil (Variant type: NIL)
[GdPAI | debug] ApplyEffect [Before] ID=InstanceId(-9223370440418774041): agent props = {"hunger": 95.0603725, "entity": VariantGd { id: 1382643928884, class: RigidBody2D }, "at_target": VariantGd { id: 1383046581817, class: Node }, "held_item": "potato"}
[GdPAI | debug] ApplyEffect [After] ID=InstanceId(-9223370440418774041): agent props = {"hunger": 95.0603725, "entity": VariantGd { id: 1382643928884, class: RigidBody2D }, "at_target": VariantGd { id: 1383046581817, class: Node }, "held_item": "potato"}
[GdPAI | debug]   Snapshotting prop: hunger = Float(95.0603725) (Variant type: FLOAT)
[GdPAI | debug]   Snapshotting prop: entity = ObjectRef(1382643928884) (Variant type: OBJECT)
[GdPAI | debug]   Snapshotting prop: at_target = ObjectRef(1383046581817) (Variant type: OBJECT)
[GdPAI | debug]   Snapshotting prop: held_item = Str("potato") (Variant type: STRING)
WARNING: [GdPAI] ObjectRef(124621163998): object was freed before callback; returning Nil.
   at: gdplanningai_rust::logger::process_logs (src\logger.rs:66)
   GDScript backtrace (most recent call first):
       [0] _process (res://addons/GdPlanningAI/gdpai_autoload.gd:21)
WARNING: [GdPAI] ObjectRef(124134624705): object was freed before callback; returning Nil.
   at: gdplanningai_rust::logger::process_logs (src\logger.rs:66)
   GDScript backtrace (most recent call first):
       [0] _process (res://addons/GdPlanningAI/gdpai_autoload.gd:21)
WARNING: [GdPAI] ObjectRef(124134624705): object was freed before callback; returning Nil.
   at: gdplanningai_rust::logger::process_logs (src\logger.rs:66)
   GDScript backtrace (most recent call first):
       [0] _process (res://addons/GdPlanningAI/gdpai_autoload.gd:21)
[GdPAI | debug] GetCost: callable returned non-numeric value: null; returning INFINITY
WARNING: [GdPAI] ObjectRef(124621163998): object was freed before callback; returning Nil.
   at: gdplanningai_rust::logger::process_logs (src\logger.rs:66)
   GDScript backtrace (most recent call first):
       [0] _start_plan_and_wait (res://test/integration/test_campfire_example_smoke.gd:57)
WARNING: [GdPAI] ObjectRef(124134624705): object was freed before callback; returning Nil.
   at: gdplanningai_rust::logger::process_logs (src\logger.rs:66)
   GDScript backtrace (most recent call first):
       [0] _start_plan_and_wait (res://test/integration/test_campfire_example_smoke.gd:57)
WARNING: [GdPAI] ObjectRef(124134624705): object was freed before callback; returning Nil.
   at: gdplanningai_rust::logger::process_logs (src\logger.rs:66)
   GDScript backtrace (most recent call first):
       [0] _start_plan_and_wait (res://test/integration/test_campfire_example_smoke.gd:57)
[GdPAI | debug] ApplyEffect [Before] ID=InstanceId(-9223370438489394255): agent props = {"entity": null, "at_target": null, "hunger": 70.0627442063492, "held_item": ""}
[GdPAI | debug] ApplyEffect [After] ID=InstanceId(-9223370438489394255): agent props = {"entity": null, "at_target": null, "hunger": 70.0627442063492, "held_item": ""}
[GdPAI | debug]   Snapshotting prop: entity = Nil (Variant type: NIL)
[GdPAI | debug]   Snapshotting prop: at_target = Nil (Variant type: NIL)
[GdPAI | debug]   Snapshotting prop: hunger = Float(70.0627442063492) (Variant type: FLOAT)
[GdPAI | debug]   Snapshotting prop: held_item = Str("") (Variant type: STRING)
[GdPAI | debug] ApplyEffect [Before] ID=InstanceId(-9223370437918968911): agent props = {"hunger": 95.0603725, "held_item": "", "entity": VariantGd { id: 1382643928884, class: RigidBody2D }, "at_target": VariantGd { id: 1383046581817, class: Node }}
[GdPAI | debug] ApplyEffect [After] ID=InstanceId(-9223370437918968911): agent props = {"hunger": 95.0603725, "held_item": "", "entity": VariantGd { id: 1382643928884, class: RigidBody2D }, "at_target": VariantGd { id: 1383046581817, class: Node }}
[GdPAI | debug]   Snapshotting prop: hunger = Float(95.0603725) (Variant type: FLOAT)
[GdPAI | debug]   Snapshotting prop: held_item = Str("") (Variant type: STRING)
[GdPAI | debug]   Snapshotting prop: entity = ObjectRef(1382643928884) (Variant type: OBJECT)
[GdPAI | debug]   Snapshotting prop: at_target = ObjectRef(1383046581817) (Variant type: OBJECT)
WARNING: [GdPAI] ObjectRef(124621163998): object was freed before callback; returning Nil.
   at: gdplanningai_rust::logger::process_logs (src\logger.rs:66)
   GDScript backtrace (most recent call first):
       [0] _process (res://addons/GdPlanningAI/gdpai_autoload.gd:21)
WARNING: [GdPAI] ObjectRef(124134624705): object was freed before callback; returning Nil.
   at: gdplanningai_rust::logger::process_logs (src\logger.rs:66)
   GDScript backtrace (most recent call first):
       [0] _process (res://addons/GdPlanningAI/gdpai_autoload.gd:21)
WARNING: [GdPAI] ObjectRef(124134624705): object was freed before callback; returning Nil.
   at: gdplanningai_rust::logger::process_logs (src\logger.rs:66)
   GDScript backtrace (most recent call first):
       [0] _process (res://addons/GdPlanningAI/gdpai_autoload.gd:21)
[GdPAI | debug] GetCost: callable returned non-numeric value: null; returning INFINITY
WARNING: [GdPAI] ObjectRef(124621163998): object was freed before callback; returning Nil.
   at: gdplanningai_rust::logger::process_logs (src\logger.rs:66)
   GDScript backtrace (most recent call first):
       [0] _start_plan_and_wait (res://test/integration/test_campfire_example_smoke.gd:57)
WARNING: [GdPAI] ObjectRef(124134624705): object was freed before callback; returning Nil.
   at: gdplanningai_rust::logger::process_logs (src\logger.rs:66)
   GDScript backtrace (most recent call first):
       [0] _start_plan_and_wait (res://test/integration/test_campfire_example_smoke.gd:57)
WARNING: [GdPAI] ObjectRef(124134624705): object was freed before callback; returning Nil.
   at: gdplanningai_rust::logger::process_logs (src\logger.rs:66)
   GDScript backtrace (most recent call first):
       [0] _start_plan_and_wait (res://test/integration/test_campfire_example_smoke.gd:57)
[GdPAI | debug] ApplyEffect [Before] ID=InstanceId(-9223370435888925781): agent props = {"entity": null, "held_item": "", "at_target": null, "hunger": 70.0627442063492}
[GdPAI | debug] ApplyEffect [After] ID=InstanceId(-9223370435888925781): agent props = {"entity": null, "held_item": "", "at_target": null, "hunger": 70.0627442063492}
[GdPAI | debug]   Snapshotting prop: entity = Nil (Variant type: NIL)
[GdPAI | debug]   Snapshotting prop: held_item = Str("") (Variant type: STRING)
[GdPAI | debug]   Snapshotting prop: at_target = Nil (Variant type: NIL)
[GdPAI | debug]   Snapshotting prop: hunger = Float(70.0627442063492) (Variant type: FLOAT)
[GdPAI | debug] ApplyEffect [Before] ID=InstanceId(-9223370435318500437): agent props = {"held_item": "", "entity": VariantGd { id: 1382643928884, class: RigidBody2D }, "hunger": 95.0603725, "at_target": VariantGd { id: 1383046581817, class: Node }}
[GdPAI | debug] ApplyEffect [After] ID=InstanceId(-9223370435318500437): agent props = {"held_item": "potato", "entity": VariantGd { id: 1382643928884, class: RigidBody2D }, "hunger": 95.0603725, "at_target": VariantGd { id: 1383046581817, class: Node }}
[GdPAI | debug]   Snapshotting prop: held_item = Str("potato") (Variant type: STRING)
[GdPAI | debug]   Snapshotting prop: entity = ObjectRef(1382643928884) (Variant type: OBJECT)
[GdPAI | debug]   Snapshotting prop: hunger = Float(95.0603725) (Variant type: FLOAT)
[GdPAI | debug]   Snapshotting prop: at_target = ObjectRef(1383046581817) (Variant type: OBJECT)
WARNING: [GdPAI] ObjectRef(124621163998): object was freed before callback; returning Nil.
   at: gdplanningai_rust::logger::process_logs (src\logger.rs:66)
   GDScript backtrace (most recent call first):
       [0] _process (res://addons/GdPlanningAI/gdpai_autoload.gd:21)
[GdPAI | debug] GetCost: callable returned non-numeric value: null; returning INFINITY
WARNING: [GdPAI] ObjectRef(124621163998): object was freed before callback; returning Nil.
   at: gdplanningai_rust::logger::process_logs (src\logger.rs:66)
   GDScript backtrace (most recent call first):
       [0] _start_plan_and_wait (res://test/integration/test_campfire_example_smoke.gd:57)
[GdPAI | debug] ApplyEffect [Before] ID=InstanceId(-9223370433389120510): agent props = {"at_target": null, "entity": null, "hunger": 70.0627442063492, "held_item": "wood"}
[GdPAI | debug] ApplyEffect [After] ID=InstanceId(-9223370433389120510): agent props = {"at_target": null, "entity": null, "hunger": 70.0627442063492, "held_item": "wood"}
[GdPAI | debug]   Snapshotting prop: at_target = Nil (Variant type: NIL)
[GdPAI | debug]   Snapshotting prop: entity = Nil (Variant type: NIL)
[GdPAI | debug]   Snapshotting prop: hunger = Float(70.0627442063492) (Variant type: FLOAT)
[GdPAI | debug]   Snapshotting prop: held_item = Str("wood") (Variant type: STRING)
[GdPAI | debug] ApplyEffect [Before] ID=InstanceId(-9223370432818695166): agent props = {"held_item": "potato", "hunger": 95.0603725, "entity": VariantGd { id: 1382643928884, class: RigidBody2D }, "at_target": VariantGd { id: 1383046581817, class: Node }}
[GdPAI | debug] ApplyEffect [After] ID=InstanceId(-9223370432818695166): agent props = {"held_item": "potato", "hunger": 95.0603725, "entity": VariantGd { id: 1382643928884, class: RigidBody2D }, "at_target": VariantGd { id: 1383046581817, class: Node }}
[GdPAI | debug]   Snapshotting prop: held_item = Str("potato") (Variant type: STRING)
[GdPAI | debug]   Snapshotting prop: hunger = Float(95.0603725) (Variant type: FLOAT)
[GdPAI | debug]   Snapshotting prop: entity = ObjectRef(1382643928884) (Variant type: OBJECT)
[GdPAI | debug] Numeric comparison: 70.0627442063492 GreaterThan 0 -> true
[GdPAI | debug]   Snapshotting prop: at_target = ObjectRef(1383046581817) (Variant type: OBJECT)
[GdPAI] A* Iteration: pop node with chain length 2
[GdPAI | debug] find_candidates: Checking 15 actions against 0 preconds and 1 requirements
WARNING: [GdPAI] ObjectRef(124621163998): object was freed before callback; returning Nil.
   at: gdplanningai_rust::logger::process_logs (src\logger.rs:66)
   GDScript backtrace (most recent call first):
       [0] _process (res://addons/GdPlanningAI/gdpai_autoload.gd:21)
WARNING: [GdPAI] ObjectRef(124621163998): object was freed before callback; returning Nil.
   at: gdplanningai_rust::logger::process_logs (src\logger.rs:66)
   GDScript backtrace (most recent call first):
       [0] _process (res://addons/GdPlanningAI/gdpai_autoload.gd:21)
WARNING: [GdPAI] ObjectRef(123983629752): object was freed before callback; returning Nil.
   at: gdplanningai_rust::logger::process_logs (src\logger.rs:66)
   GDScript backtrace (most recent call first):
       [0] _process (res://addons/GdPlanningAI/gdpai_autoload.gd:21)
WARNING: [GdPAI] ObjectRef(123983629752): object was freed before callback; returning Nil.
   at: gdplanningai_rust::logger::process_logs (src\logger.rs:66)
   GDScript backtrace (most recent call first):
       [0] _process (res://addons/GdPlanningAI/gdpai_autoload.gd:21)
[GdPAI | debug] GetCost: callable returned non-numeric value: null; returning INFINITY
[GdPAI | debug] Found candidate: Go To (satisfied preconds: [], requirements: [0])
WARNING: [GdPAI] ObjectRef(124621163998): object was freed before callback; returning Nil.
   at: gdplanningai_rust::logger::process_logs (src\logger.rs:66)
   GDScript backtrace (most recent call first):
       [0] _start_plan_and_wait (res://test/integration/test_campfire_example_smoke.gd:57)
WARNING: [GdPAI] ObjectRef(124621163998): object was freed before callback; returning Nil.
   at: gdplanningai_rust::logger::process_logs (src\logger.rs:66)
   GDScript backtrace (most recent call first):
       [0] _start_plan_and_wait (res://test/integration/test_campfire_example_smoke.gd:57)
WARNING: [GdPAI] ObjectRef(123983629752): object was freed before callback; returning Nil.
   at: gdplanningai_rust::logger::process_logs (src\logger.rs:66)
   GDScript backtrace (most recent call first):
       [0] _start_plan_and_wait (res://test/integration/test_campfire_example_smoke.gd:57)
WARNING: [GdPAI] ObjectRef(123983629752): object was freed before callback; returning Nil.
   at: gdplanningai_rust::logger::process_logs (src\logger.rs:66)
   GDScript backtrace (most recent call first):
       [0] _start_plan_and_wait (res://test/integration/test_campfire_example_smoke.gd:57)
[GdPAI | debug] ApplyEffect [Before] ID=InstanceId(-9223370430838983660): agent props = {"held_item": "", "hunger": 70.0627442063492, "entity": null, "at_target": null}
[GdPAI | debug] ApplyEffect [After] ID=InstanceId(-9223370430838983660): agent props = {"held_item": "", "hunger": 70.0627442063492, "entity": null, "at_target": null}
[GdPAI | debug]   Snapshotting prop: held_item = Str("") (Variant type: STRING)
[GdPAI | debug]   Snapshotting prop: hunger = Float(70.0627442063492) (Variant type: FLOAT)
[GdPAI | debug]   Snapshotting prop: entity = Nil (Variant type: NIL)
[GdPAI | debug]   Snapshotting prop: at_target = Nil (Variant type: NIL)
[GdPAI | debug] Found candidate: Go To (satisfied preconds: [], requirements: [0])
WARNING: [GdPAI] ObjectRef(124621163998): object was freed before callback; returning Nil.
   at: gdplanningai_rust::logger::process_logs (src\logger.rs:66)
   GDScript backtrace (most recent call first):
       [0] _process (res://addons/GdPlanningAI/gdpai_autoload.gd:21)
WARNING: [GdPAI] ObjectRef(123983629752): object was freed before callback; returning Nil.
   at: gdplanningai_rust::logger::process_logs (src\logger.rs:66)
   GDScript backtrace (most recent call first):
       [0] _process (res://addons/GdPlanningAI/gdpai_autoload.gd:21)
WARNING: [GdPAI] ObjectRef(123983629752): object was freed before callback; returning Nil.
   at: gdplanningai_rust::logger::process_logs (src\logger.rs:66)
   GDScript backtrace (most recent call first):
       [0] _process (res://addons/GdPlanningAI/gdpai_autoload.gd:21)
[GdPAI | debug] GetCost: callable returned non-numeric value: null; returning INFINITY
WARNING: [GdPAI] ObjectRef(124621163998): object was freed before callback; returning Nil.
   at: gdplanningai_rust::logger::process_logs (src\logger.rs:66)
   GDScript backtrace (most recent call first):
       [0] _start_plan_and_wait (res://test/integration/test_campfire_example_smoke.gd:57)
WARNING: [GdPAI] ObjectRef(123983629752): object was freed before callback; returning Nil.
   at: gdplanningai_rust::logger::process_logs (src\logger.rs:66)
   GDScript backtrace (most recent call first):
       [0] _start_plan_and_wait (res://test/integration/test_campfire_example_smoke.gd:57)
WARNING: [GdPAI] ObjectRef(123983629752): object was freed before callback; returning Nil.
   at: gdplanningai_rust::logger::process_logs (src\logger.rs:66)
   GDScript backtrace (most recent call first):
       [0] _start_plan_and_wait (res://test/integration/test_campfire_example_smoke.gd:57)
[GdPAI | debug] ApplyEffect [Before] ID=InstanceId(-9223370428188183512): agent props = {"entity": null, "held_item": "", "at_target": null, "hunger": 70.0627442063492}
[GdPAI | debug] ApplyEffect [After] ID=InstanceId(-9223370428188183512): agent props = {"entity": null, "held_item": "", "at_target": null, "hunger": 70.0627442063492}
[GdPAI | debug]   Snapshotting prop: entity = Nil (Variant type: NIL)
[GdPAI | debug]   Snapshotting prop: held_item = Str("") (Variant type: STRING)
[GdPAI | debug]   Snapshotting prop: at_target = Nil (Variant type: NIL)
[GdPAI | debug]   Snapshotting prop: hunger = Float(70.0627442063492) (Variant type: FLOAT)
WARNING: [GdPAI] ObjectRef(124621163998): object was freed before callback; returning Nil.
   at: gdplanningai_rust::logger::process_logs (src\logger.rs:66)
   GDScript backtrace (most recent call first):
       [0] _process (res://addons/GdPlanningAI/gdpai_autoload.gd:21)
WARNING: [GdPAI] ObjectRef(124134624705): object was freed before callback; returning Nil.
   at: gdplanningai_rust::logger::process_logs (src\logger.rs:66)
   GDScript backtrace (most recent call first):
       [0] _process (res://addons/GdPlanningAI/gdpai_autoload.gd:21)
WARNING: [GdPAI] ObjectRef(124134624705): object was freed before callback; returning Nil.
   at: gdplanningai_rust::logger::process_logs (src\logger.rs:66)
   GDScript backtrace (most recent call first):
       [0] _process (res://addons/GdPlanningAI/gdpai_autoload.gd:21)
[GdPAI | debug] GetCost: callable returned non-numeric value: null; returning INFINITY
WARNING: [GdPAI] ObjectRef(124621163998): object was freed before callback; returning Nil.
   at: gdplanningai_rust::logger::process_logs (src\logger.rs:66)
   GDScript backtrace (most recent call first):
       [0] _start_plan_and_wait (res://test/integration/test_campfire_example_smoke.gd:57)
WARNING: [GdPAI] ObjectRef(124134624705): object was freed before callback; returning Nil.
   at: gdplanningai_rust::logger::process_logs (src\logger.rs:66)
   GDScript backtrace (most recent call first):
       [0] _start_plan_and_wait (res://test/integration/test_campfire_example_smoke.gd:57)
WARNING: [GdPAI] ObjectRef(124134624705): object was freed before callback; returning Nil.
   at: gdplanningai_rust::logger::process_logs (src\logger.rs:66)
   GDScript backtrace (most recent call first):
       [0] _start_plan_and_wait (res://test/integration/test_campfire_example_smoke.gd:57)
[GdPAI | debug] ApplyEffect [Before] ID=InstanceId(-9223370425587715021): agent props = {"held_item": "", "hunger": 70.0627442063492, "at_target": null, "entity": null}
[GdPAI | debug] ApplyEffect [After] ID=InstanceId(-9223370425587715021): agent props = {"held_item": "", "hunger": 70.0627442063492, "at_target": null, "entity": null}
[GdPAI | debug]   Snapshotting prop: held_item = Str("") (Variant type: STRING)
[GdPAI | debug]   Snapshotting prop: hunger = Float(70.0627442063492) (Variant type: FLOAT)
[GdPAI | debug]   Snapshotting prop: at_target = Nil (Variant type: NIL)
[GdPAI | debug]   Snapshotting prop: entity = Nil (Variant type: NIL)
WARNING: [GdPAI] ObjectRef(124621163998): object was freed before callback; returning Nil.
   at: gdplanningai_rust::logger::process_logs (src\logger.rs:66)
   GDScript backtrace (most recent call first):
       [0] _process (res://addons/GdPlanningAI/gdpai_autoload.gd:21)
WARNING: [GdPAI] ObjectRef(124134624705): object was freed before callback; returning Nil.
   at: gdplanningai_rust::logger::process_logs (src\logger.rs:66)
   GDScript backtrace (most recent call first):
       [0] _process (res://addons/GdPlanningAI/gdpai_autoload.gd:21)
WARNING: [GdPAI] ObjectRef(124134624705): object was freed before callback; returning Nil.
   at: gdplanningai_rust::logger::process_logs (src\logger.rs:66)
   GDScript backtrace (most recent call first):
       [0] _process (res://addons/GdPlanningAI/gdpai_autoload.gd:21)
[GdPAI | debug] GetCost: callable returned non-numeric value: null; returning INFINITY
WARNING: [GdPAI] ObjectRef(124621163998): object was freed before callback; returning Nil.
   at: gdplanningai_rust::logger::process_logs (src\logger.rs:66)
   GDScript backtrace (most recent call first):
       [0] _start_plan_and_wait (res://test/integration/test_campfire_example_smoke.gd:57)
WARNING: [GdPAI] ObjectRef(124134624705): object was freed before callback; returning Nil.
   at: gdplanningai_rust::logger::process_logs (src\logger.rs:66)
   GDScript backtrace (most recent call first):
       [0] _start_plan_and_wait (res://test/integration/test_campfire_example_smoke.gd:57)
WARNING: [GdPAI] ObjectRef(124134624705): object was freed before callback; returning Nil.
   at: gdplanningai_rust::logger::process_logs (src\logger.rs:66)
   GDScript backtrace (most recent call first):
       [0] _start_plan_and_wait (res://test/integration/test_campfire_example_smoke.gd:57)
[GdPAI | debug] ApplyEffect [Before] ID=InstanceId(-9223370422987246521): agent props = {"entity": null, "hunger": 70.0627442063492, "at_target": null, "held_item": ""}
[GdPAI | debug] ApplyEffect [After] ID=InstanceId(-9223370422987246521): agent props = {"entity": null, "hunger": 70.0627442063492, "at_target": null, "held_item": ""}
[GdPAI | debug]   Snapshotting prop: entity = Nil (Variant type: NIL)
[GdPAI | debug]   Snapshotting prop: hunger = Float(70.0627442063492) (Variant type: FLOAT)
[GdPAI | debug]   Snapshotting prop: at_target = Nil (Variant type: NIL)
[GdPAI | debug]   Snapshotting prop: held_item = Str("") (Variant type: STRING)
WARNING: [GdPAI] ObjectRef(124621163998): object was freed before callback; returning Nil.
   at: gdplanningai_rust::logger::process_logs (src\logger.rs:66)
   GDScript backtrace (most recent call first):
       [0] _process (res://addons/GdPlanningAI/gdpai_autoload.gd:21)
[GdPAI | debug] GetCost: callable returned non-numeric value: null; returning INFINITY
WARNING: [GdPAI] ObjectRef(124621163998): object was freed before callback; returning Nil.
   at: gdplanningai_rust::logger::process_logs (src\logger.rs:66)
   GDScript backtrace (most recent call first):
       [0] _start_plan_and_wait (res://test/integration/test_campfire_example_smoke.gd:57)
[GdPAI | debug] ApplyEffect [Before] ID=InstanceId(-9223370420487441318): agent props = {"hunger": 70.0627442063492, "held_item": "wood", "at_target": null, "entity": null}
[GdPAI | debug] ApplyEffect [After] ID=InstanceId(-9223370420487441318): agent props = {"hunger": 70.0627442063492, "held_item": "wood", "at_target": null, "entity": null}
[GdPAI | debug]   Snapshotting prop: hunger = Float(70.0627442063492) (Variant type: FLOAT)
[GdPAI | debug]   Snapshotting prop: held_item = Str("wood") (Variant type: STRING)
[GdPAI | debug]   Snapshotting prop: at_target = Nil (Variant type: NIL)
[GdPAI | debug]   Snapshotting prop: entity = Nil (Variant type: NIL)
WARNING: [GdPAI] ObjectRef(124621163998): object was freed before callback; returning Nil.
   at: gdplanningai_rust::logger::process_logs (src\logger.rs:66)
   GDScript backtrace (most recent call first):
       [0] _process (res://addons/GdPlanningAI/gdpai_autoload.gd:21)
WARNING: [GdPAI] ObjectRef(124621163998): object was freed before callback; returning Nil.
   at: gdplanningai_rust::logger::process_logs (src\logger.rs:66)
   GDScript backtrace (most recent call first):
       [0] _process (res://addons/GdPlanningAI/gdpai_autoload.gd:21)
[GdPAI | debug] GetCost: callable returned non-numeric value: null; returning INFINITY
WARNING: [GdPAI] ObjectRef(124621163998): object was freed before callback; returning Nil.
   at: gdplanningai_rust::logger::process_logs (src\logger.rs:66)
   GDScript backtrace (most recent call first):
       [0] _start_plan_and_wait (res://test/integration/test_campfire_example_smoke.gd:57)
WARNING: [GdPAI] ObjectRef(124621163998): object was freed before callback; returning Nil.
   at: gdplanningai_rust::logger::process_logs (src\logger.rs:66)
   GDScript backtrace (most recent call first):
       [0] _start_plan_and_wait (res://test/integration/test_campfire_example_smoke.gd:57)
[GdPAI | debug] ApplyEffect [Before] ID=InstanceId(-9223370418037967771): agent props = {"hunger": 70.0627442063492, "entity": null, "held_item": ""}
[GdPAI | debug] ApplyEffect [After] ID=InstanceId(-9223370418037967771): agent props = {"hunger": 70.0627442063492, "entity": null, "held_item": ""}
[GdPAI | debug]   Snapshotting prop: hunger = Float(70.0627442063492) (Variant type: FLOAT)
[GdPAI | debug]   Snapshotting prop: entity = Nil (Variant type: NIL)
[GdPAI | debug]   Snapshotting prop: held_item = Str("") (Variant type: STRING)
WARNING: [GdPAI] ObjectRef(124621163998): object was freed before callback; returning Nil.
   at: gdplanningai_rust::logger::process_logs (src\logger.rs:66)
   GDScript backtrace (most recent call first):
       [0] _process (res://addons/GdPlanningAI/gdpai_autoload.gd:21)
[GdPAI | debug] GetCost: callable returned non-numeric value: null; returning INFINITY
WARNING: [GdPAI] ObjectRef(124621163998): object was freed before callback; returning Nil.
   at: gdplanningai_rust::logger::process_logs (src\logger.rs:66)
   GDScript backtrace (most recent call first):
       [0] _start_plan_and_wait (res://test/integration/test_campfire_example_smoke.gd:57)
[GdPAI | debug] ApplyEffect [Before] ID=InstanceId(-9223370415588494229): agent props = {"entity": null, "held_item": "", "hunger": 70.0627442063492}
[GdPAI | debug] ApplyEffect [After] ID=InstanceId(-9223370415588494229): agent props = {"entity": null, "held_item": "", "hunger": 70.0627442063492}
[GdPAI | debug]   Snapshotting prop: entity = Nil (Variant type: NIL)
[GdPAI | debug]   Snapshotting prop: held_item = Str("") (Variant type: STRING)
[GdPAI | debug]   Snapshotting prop: hunger = Float(70.0627442063492) (Variant type: FLOAT)
WARNING: [GdPAI] ObjectRef(124621163998): object was freed before callback; returning Nil.
   at: gdplanningai_rust::logger::process_logs (src\logger.rs:66)
   GDScript backtrace (most recent call first):
       [0] _process (res://addons/GdPlanningAI/gdpai_autoload.gd:21)
WARNING: [GdPAI] ObjectRef(124134624705): object was freed before callback; returning Nil.
   at: gdplanningai_rust::logger::process_logs (src\logger.rs:66)
   GDScript backtrace (most recent call first):
       [0] _process (res://addons/GdPlanningAI/gdpai_autoload.gd:21)
WARNING: [GdPAI] ObjectRef(124134624705): object was freed before callback; returning Nil.
   at: gdplanningai_rust::logger::process_logs (src\logger.rs:66)
   GDScript backtrace (most recent call first):
       [0] _process (res://addons/GdPlanningAI/gdpai_autoload.gd:21)
[GdPAI | debug] GetCost: callable returned non-numeric value: null; returning INFINITY
WARNING: [GdPAI] ObjectRef(124621163998): object was freed before callback; returning Nil.
   at: gdplanningai_rust::logger::process_logs (src\logger.rs:66)
   GDScript backtrace (most recent call first):
       [0] _start_plan_and_wait (res://test/integration/test_campfire_example_smoke.gd:57)
WARNING: [GdPAI] ObjectRef(124134624705): object was freed before callback; returning Nil.
   at: gdplanningai_rust::logger::process_logs (src\logger.rs:66)
   GDScript backtrace (most recent call first):
       [0] _start_plan_and_wait (res://test/integration/test_campfire_example_smoke.gd:57)
WARNING: [GdPAI] ObjectRef(124134624705): object was freed before callback; returning Nil.
   at: gdplanningai_rust::logger::process_logs (src\logger.rs:66)
   GDScript backtrace (most recent call first):
       [0] _start_plan_and_wait (res://test/integration/test_campfire_example_smoke.gd:57)
[GdPAI | debug] ApplyEffect [Before] ID=InstanceId(-9223370413088689055): agent props = {"held_item": "", "entity": null, "at_target": null, "hunger": 70.0627442063492}
[GdPAI | debug] ApplyEffect [After] ID=InstanceId(-9223370413088689055): agent props = {"held_item": "", "entity": null, "at_target": null, "hunger": 70.0627442063492}
[GdPAI | debug]   Snapshotting prop: held_item = Str("") (Variant type: STRING)
[GdPAI | debug]   Snapshotting prop: entity = Nil (Variant type: NIL)
[GdPAI | debug]   Snapshotting prop: at_target = Nil (Variant type: NIL)
[GdPAI | debug]   Snapshotting prop: hunger = Float(70.0627442063492) (Variant type: FLOAT)
WARNING: [GdPAI] ObjectRef(124621163998): object was freed before callback; returning Nil.
   at: gdplanningai_rust::logger::process_logs (src\logger.rs:66)
   GDScript backtrace (most recent call first):
       [0] _process (res://addons/GdPlanningAI/gdpai_autoload.gd:21)
WARNING: [GdPAI] ObjectRef(124134624705): object was freed before callback; returning Nil.
   at: gdplanningai_rust::logger::process_logs (src\logger.rs:66)
   GDScript backtrace (most recent call first):
       [0] _process (res://addons/GdPlanningAI/gdpai_autoload.gd:21)
WARNING: [GdPAI] ObjectRef(124134624705): object was freed before callback; returning Nil.
   at: gdplanningai_rust::logger::process_logs (src\logger.rs:66)
   GDScript backtrace (most recent call first):
       [0] _process (res://addons/GdPlanningAI/gdpai_autoload.gd:21)
[GdPAI | debug] GetCost: callable returned non-numeric value: null; returning INFINITY
WARNING: [GdPAI] ObjectRef(124621163998): object was freed before callback; returning Nil.
   at: gdplanningai_rust::logger::process_logs (src\logger.rs:66)
   GDScript backtrace (most recent call first):
       [0] _start_plan_and_wait (res://test/integration/test_campfire_example_smoke.gd:57)
WARNING: [GdPAI] ObjectRef(124134624705): object was freed before callback; returning Nil.
   at: gdplanningai_rust::logger::process_logs (src\logger.rs:66)
   GDScript backtrace (most recent call first):
       [0] _start_plan_and_wait (res://test/integration/test_campfire_example_smoke.gd:57)
WARNING: [GdPAI] ObjectRef(124134624705): object was freed before callback; returning Nil.
   at: gdplanningai_rust::logger::process_logs (src\logger.rs:66)
   GDScript backtrace (most recent call first):
       [0] _start_plan_and_wait (res://test/integration/test_campfire_example_smoke.gd:57)
[GdPAI | debug] ApplyEffect [Before] ID=InstanceId(-9223370410488220592): agent props = {"entity": null, "held_item": "", "hunger": 70.0627442063492, "at_target": null}
[GdPAI | debug] ApplyEffect [After] ID=InstanceId(-9223370410488220592): agent props = {"entity": null, "held_item": "", "hunger": 70.0627442063492, "at_target": null}
[GdPAI | debug]   Snapshotting prop: entity = Nil (Variant type: NIL)
[GdPAI | debug]   Snapshotting prop: held_item = Str("") (Variant type: STRING)
[GdPAI | debug]   Snapshotting prop: hunger = Float(70.0627442063492) (Variant type: FLOAT)
[GdPAI | debug]   Snapshotting prop: at_target = Nil (Variant type: NIL)
WARNING: [GdPAI] ObjectRef(124621163998): object was freed before callback; returning Nil.
   at: gdplanningai_rust::logger::process_logs (src\logger.rs:66)
   GDScript backtrace (most recent call first):
       [0] _process (res://addons/GdPlanningAI/gdpai_autoload.gd:21)
[GdPAI | debug] GetCost: callable returned non-numeric value: null; returning INFINITY
WARNING: [GdPAI] ObjectRef(124621163998): object was freed before callback; returning Nil.
   at: gdplanningai_rust::logger::process_logs (src\logger.rs:66)
   GDScript backtrace (most recent call first):
       [0] _start_plan_and_wait (res://test/integration/test_campfire_example_smoke.gd:57)
[GdPAI | debug] ApplyEffect [Before] ID=InstanceId(-9223370407988415338): agent props = {"entity": null, "hunger": 70.0627442063492, "held_item": "wood", "at_target": null}
[GdPAI | debug] ApplyEffect [After] ID=InstanceId(-9223370407988415338): agent props = {"entity": null, "hunger": 70.0627442063492, "held_item": "wood", "at_target": null}
[GdPAI | debug]   Snapshotting prop: entity = Nil (Variant type: NIL)
[GdPAI | debug]   Snapshotting prop: hunger = Float(70.0627442063492) (Variant type: FLOAT)
[GdPAI | debug]   Snapshotting prop: held_item = Str("wood") (Variant type: STRING)
[GdPAI | debug]   Snapshotting prop: at_target = Nil (Variant type: NIL)
WARNING: [GdPAI] ObjectRef(124621163998): object was freed before callback; returning Nil.
   at: gdplanningai_rust::logger::process_logs (src\logger.rs:66)
   GDScript backtrace (most recent call first):
       [0] _process (res://addons/GdPlanningAI/gdpai_autoload.gd:21)
WARNING: [GdPAI] ObjectRef(124621163998): object was freed before callback; returning Nil.
   at: gdplanningai_rust::logger::process_logs (src\logger.rs:66)
   GDScript backtrace (most recent call first):
       [0] _process (res://addons/GdPlanningAI/gdpai_autoload.gd:21)
[GdPAI | debug] GetCost: callable returned non-numeric value: null; returning INFINITY
WARNING: [GdPAI] ObjectRef(124621163998): object was freed before callback; returning Nil.
   at: gdplanningai_rust::logger::process_logs (src\logger.rs:66)
   GDScript backtrace (most recent call first):
       [0] _start_plan_and_wait (res://test/integration/test_campfire_example_smoke.gd:57)
WARNING: [GdPAI] ObjectRef(124621163998): object was freed before callback; returning Nil.
   at: gdplanningai_rust::logger::process_logs (src\logger.rs:66)
   GDScript backtrace (most recent call first):
       [0] _start_plan_and_wait (res://test/integration/test_campfire_example_smoke.gd:57)
[GdPAI | debug] ApplyEffect [Before] ID=InstanceId(-9223370405538941786): agent props = {"held_item": "", "hunger": 70.0627442063492, "entity": null}
[GdPAI | debug] ApplyEffect [After] ID=InstanceId(-9223370405538941786): agent props = {"held_item": "", "hunger": 70.0627442063492, "entity": null}
[GdPAI | debug]   Snapshotting prop: held_item = Str("") (Variant type: STRING)
[GdPAI | debug]   Snapshotting prop: hunger = Float(70.0627442063492) (Variant type: FLOAT)
[GdPAI | debug]   Snapshotting prop: entity = Nil (Variant type: NIL)
WARNING: [GdPAI] ObjectRef(124621163998): object was freed before callback; returning Nil.
   at: gdplanningai_rust::logger::process_logs (src\logger.rs:66)
   GDScript backtrace (most recent call first):
       [0] _process (res://addons/GdPlanningAI/gdpai_autoload.gd:21)
[GdPAI | debug] GetCost: callable returned non-numeric value: null; returning INFINITY
WARNING: [GdPAI] ObjectRef(124621163998): object was freed before callback; returning Nil.
   at: gdplanningai_rust::logger::process_logs (src\logger.rs:66)
   GDScript backtrace (most recent call first):
       [0] _start_plan_and_wait (res://test/integration/test_campfire_example_smoke.gd:57)
[GdPAI | debug] ApplyEffect [Before] ID=InstanceId(-9223370403089468238): agent props = {"held_item": "", "entity": null, "hunger": 70.0627442063492}
[GdPAI | debug] ApplyEffect [After] ID=InstanceId(-9223370403089468238): agent props = {"held_item": "", "entity": null, "hunger": 70.0627442063492}
[GdPAI | debug]   Snapshotting prop: held_item = Str("") (Variant type: STRING)
[GdPAI | debug]   Snapshotting prop: entity = Nil (Variant type: NIL)
[GdPAI | debug]   Snapshotting prop: hunger = Float(70.0627442063492) (Variant type: FLOAT)
WARNING: [GdPAI] ObjectRef(124621163998): object was freed before callback; returning Nil.
   at: gdplanningai_rust::logger::process_logs (src\logger.rs:66)
   GDScript backtrace (most recent call first):
       [0] _process (res://addons/GdPlanningAI/gdpai_autoload.gd:21)
WARNING: [GdPAI] ObjectRef(124134624705): object was freed before callback; returning Nil.
   at: gdplanningai_rust::logger::process_logs (src\logger.rs:66)
   GDScript backtrace (most recent call first):
       [0] _process (res://addons/GdPlanningAI/gdpai_autoload.gd:21)
WARNING: [GdPAI] ObjectRef(124134624705): object was freed before callback; returning Nil.
   at: gdplanningai_rust::logger::process_logs (src\logger.rs:66)
   GDScript backtrace (most recent call first):
       [0] _process (res://addons/GdPlanningAI/gdpai_autoload.gd:21)
[GdPAI | debug] GetCost: callable returned non-numeric value: null; returning INFINITY
WARNING: [GdPAI] ObjectRef(124621163998): object was freed before callback; returning Nil.
   at: gdplanningai_rust::logger::process_logs (src\logger.rs:66)
   GDScript backtrace (most recent call first):
       [0] _start_plan_and_wait (res://test/integration/test_campfire_example_smoke.gd:57)
WARNING: [GdPAI] ObjectRef(124134624705): object was freed before callback; returning Nil.
   at: gdplanningai_rust::logger::process_logs (src\logger.rs:66)
   GDScript backtrace (most recent call first):
       [0] _start_plan_and_wait (res://test/integration/test_campfire_example_smoke.gd:57)
WARNING: [GdPAI] ObjectRef(124134624705): object was freed before callback; returning Nil.
   at: gdplanningai_rust::logger::process_logs (src\logger.rs:66)
   GDScript backtrace (most recent call first):
       [0] _start_plan_and_wait (res://test/integration/test_campfire_example_smoke.gd:57)
[GdPAI | debug] ApplyEffect [Before] ID=InstanceId(-9223370400589663075): agent props = {"entity": null, "hunger": 70.0627442063492, "at_target": null, "held_item": ""}
[GdPAI | debug] ApplyEffect [After] ID=InstanceId(-9223370400589663075): agent props = {"entity": null, "hunger": 70.0627442063492, "at_target": null, "held_item": ""}
[GdPAI | debug]   Snapshotting prop: entity = Nil (Variant type: NIL)
[GdPAI | debug]   Snapshotting prop: hunger = Float(70.0627442063492) (Variant type: FLOAT)
[GdPAI | debug]   Snapshotting prop: at_target = Nil (Variant type: NIL)
[GdPAI | debug]   Snapshotting prop: held_item = Str("") (Variant type: STRING)
WARNING: [GdPAI] ObjectRef(124621163998): object was freed before callback; returning Nil.
   at: gdplanningai_rust::logger::process_logs (src\logger.rs:66)
   GDScript backtrace (most recent call first):
       [0] _process (res://addons/GdPlanningAI/gdpai_autoload.gd:21)
WARNING: [GdPAI] ObjectRef(124134624705): object was freed before callback; returning Nil.
   at: gdplanningai_rust::logger::process_logs (src\logger.rs:66)
   GDScript backtrace (most recent call first):
       [0] _process (res://addons/GdPlanningAI/gdpai_autoload.gd:21)
WARNING: [GdPAI] ObjectRef(124134624705): object was freed before callback; returning Nil.
   at: gdplanningai_rust::logger::process_logs (src\logger.rs:66)
   GDScript backtrace (most recent call first):
       [0] _process (res://addons/GdPlanningAI/gdpai_autoload.gd:21)
[GdPAI | debug] GetCost: callable returned non-numeric value: null; returning INFINITY
[GdPAI | debug] ApplyEffect [Before] ID=InstanceId(-9223370398710614875): agent props = {"held_item": "", "entity": VariantGd { id: 1382643928884, class: RigidBody2D }, "hunger": 95.0603725, "at_target": VariantGd { id: 1383197576744, class: Node }}
[GdPAI | debug] ApplyEffect [After] ID=InstanceId(-9223370398710614875): agent props = {"held_item": "", "entity": VariantGd { id: 1382643928884, class: RigidBody2D }, "hunger": 95.0603725, "at_target": VariantGd { id: 1383197576744, class: Node }}
[GdPAI | debug]   Snapshotting prop: held_item = Str("") (Variant type: STRING)
[GdPAI | debug]   Snapshotting prop: entity = ObjectRef(1382643928884) (Variant type: OBJECT)
[GdPAI | debug]   Snapshotting prop: hunger = Float(95.0603725) (Variant type: FLOAT)
[GdPAI | debug]   Snapshotting prop: at_target = ObjectRef(1383197576744) (Variant type: OBJECT)
WARNING: [GdPAI] ObjectRef(124621163998): object was freed before callback; returning Nil.
   at: gdplanningai_rust::logger::process_logs (src\logger.rs:66)
   GDScript backtrace (most recent call first):
       [0] _start_plan_and_wait (res://test/integration/test_campfire_example_smoke.gd:57)
WARNING: [GdPAI] ObjectRef(124134624705): object was freed before callback; returning Nil.
   at: gdplanningai_rust::logger::process_logs (src\logger.rs:66)
   GDScript backtrace (most recent call first):
       [0] _start_plan_and_wait (res://test/integration/test_campfire_example_smoke.gd:57)
WARNING: [GdPAI] ObjectRef(124134624705): object was freed before callback; returning Nil.
   at: gdplanningai_rust::logger::process_logs (src\logger.rs:66)
   GDScript backtrace (most recent call first):
       [0] _start_plan_and_wait (res://test/integration/test_campfire_example_smoke.gd:57)
[GdPAI | debug] ApplyEffect [Before] ID=InstanceId(-9223370397989194550): agent props = {"hunger": 70.0627442063492, "entity": null, "held_item": "", "at_target": null}
[GdPAI | debug] ApplyEffect [After] ID=InstanceId(-9223370397989194550): agent props = {"hunger": 70.0627442063492, "entity": null, "held_item": "", "at_target": null}
[GdPAI | debug]   Snapshotting prop: hunger = Float(70.0627442063492) (Variant type: FLOAT)
[GdPAI | debug]   Snapshotting prop: entity = Nil (Variant type: NIL)
[GdPAI | debug]   Snapshotting prop: held_item = Str("") (Variant type: STRING)
[GdPAI | debug]   Snapshotting prop: at_target = Nil (Variant type: NIL)
WARNING: [GdPAI] ObjectRef(124621163998): object was freed before callback; returning Nil.
   at: gdplanningai_rust::logger::process_logs (src\logger.rs:66)
   GDScript backtrace (most recent call first):
       [0] _process (res://addons/GdPlanningAI/gdpai_autoload.gd:21)
[GdPAI | debug] GetCost: callable returned non-numeric value: null; returning INFINITY
[GdPAI | debug] ApplyEffect [Before] ID=InstanceId(-9223370396110146370): agent props = {"at_target": VariantGd { id: 1383197576744, class: Node }, "held_item": "", "hunger": 95.0603725, "entity": VariantGd { id: 1382643928884, class: RigidBody2D }}
[GdPAI | debug] ApplyEffect [After] ID=InstanceId(-9223370396110146370): agent props = {"at_target": VariantGd { id: 1383197576744, class: Node }, "held_item": "potato", "hunger": 95.0603725, "entity": VariantGd { id: 1382643928884, class: RigidBody2D }}
[GdPAI | debug]   Snapshotting prop: at_target = ObjectRef(1383197576744) (Variant type: OBJECT)
[GdPAI | debug]   Snapshotting prop: held_item = Str("potato") (Variant type: STRING)
[GdPAI | debug]   Snapshotting prop: hunger = Float(95.0603725) (Variant type: FLOAT)
[GdPAI | debug]   Snapshotting prop: entity = ObjectRef(1382643928884) (Variant type: OBJECT)
WARNING: [GdPAI] ObjectRef(124621163998): object was freed before callback; returning Nil.
   at: gdplanningai_rust::logger::process_logs (src\logger.rs:66)
   GDScript backtrace (most recent call first):
       [0] _start_plan_and_wait (res://test/integration/test_campfire_example_smoke.gd:57)
[GdPAI | debug] ApplyEffect [Before] ID=InstanceId(-9223370395489389373): agent props = {"held_item": "wood", "at_target": null, "entity": null, "hunger": 70.0627442063492}
[GdPAI | debug] ApplyEffect [After] ID=InstanceId(-9223370395489389373): agent props = {"held_item": "wood", "at_target": null, "entity": null, "hunger": 70.0627442063492}
[GdPAI | debug]   Snapshotting prop: held_item = Str("wood") (Variant type: STRING)
[GdPAI | debug]   Snapshotting prop: at_target = Nil (Variant type: NIL)
[GdPAI | debug]   Snapshotting prop: entity = Nil (Variant type: NIL)
[GdPAI | debug]   Snapshotting prop: hunger = Float(70.0627442063492) (Variant type: FLOAT)
WARNING: [GdPAI] ObjectRef(124621163998): object was freed before callback; returning Nil.
   at: gdplanningai_rust::logger::process_logs (src\logger.rs:66)
   GDScript backtrace (most recent call first):
       [0] _process (res://addons/GdPlanningAI/gdpai_autoload.gd:21)
WARNING: [GdPAI] ObjectRef(124621163998): object was freed before callback; returning Nil.
   at: gdplanningai_rust::logger::process_logs (src\logger.rs:66)
   GDScript backtrace (most recent call first):
       [0] _process (res://addons/GdPlanningAI/gdpai_autoload.gd:21)
[GdPAI | debug] GetCost: callable returned non-numeric value: null; returning INFINITY
[GdPAI | debug] ApplyEffect [Before] ID=InstanceId(-9223370393711004561): agent props = {"hunger": 95.0603725, "at_target": VariantGd { id: 1383197576744, class: Node }, "entity": VariantGd { id: 1382643928884, class: RigidBody2D }, "held_item": "potato"}
[GdPAI | debug] ApplyEffect [After] ID=InstanceId(-9223370393711004561): agent props = {"hunger": 95.0603725, "at_target": VariantGd { id: 1383197576744, class: Node }, "entity": VariantGd { id: 1382643928884, class: RigidBody2D }, "held_item": "potato"}
[GdPAI | debug]   Snapshotting prop: hunger = Float(95.0603725) (Variant type: FLOAT)
[GdPAI | debug]   Snapshotting prop: at_target = ObjectRef(1383197576744) (Variant type: OBJECT)
[GdPAI | debug]   Snapshotting prop: entity = ObjectRef(1382643928884) (Variant type: OBJECT)
[GdPAI | debug]   Snapshotting prop: held_item = Str("potato") (Variant type: STRING)
WARNING: [GdPAI] ObjectRef(124621163998): object was freed before callback; returning Nil.
   at: gdplanningai_rust::logger::process_logs (src\logger.rs:66)
   GDScript backtrace (most recent call first):
       [0] _start_plan_and_wait (res://test/integration/test_campfire_example_smoke.gd:57)
WARNING: [GdPAI] ObjectRef(124621163998): object was freed before callback; returning Nil.
   at: gdplanningai_rust::logger::process_logs (src\logger.rs:66)
   GDScript backtrace (most recent call first):
       [0] _start_plan_and_wait (res://test/integration/test_campfire_example_smoke.gd:57)
[GdPAI | debug] ApplyEffect [Before] ID=InstanceId(-9223370393039915840): agent props = {"hunger": 70.0627442063492, "entity": null, "held_item": ""}
[GdPAI | debug] ApplyEffect [After] ID=InstanceId(-9223370393039915840): agent props = {"hunger": 70.0627442063492, "entity": null, "held_item": ""}
[GdPAI | debug]   Snapshotting prop: hunger = Float(70.0627442063492) (Variant type: FLOAT)
[GdPAI | debug]   Snapshotting prop: entity = Nil (Variant type: NIL)
[GdPAI | debug]   Snapshotting prop: held_item = Str("") (Variant type: STRING)
WARNING: [GdPAI] ObjectRef(124621163998): object was freed before callback; returning Nil.
   at: gdplanningai_rust::logger::process_logs (src\logger.rs:66)
   GDScript backtrace (most recent call first):
       [0] _process (res://addons/GdPlanningAI/gdpai_autoload.gd:21)
[GdPAI | debug] GetCost: callable returned non-numeric value: null; returning INFINITY
[GdPAI | debug] ApplyEffect [Before] ID=InstanceId(-9223370391211199270): agent props = {"entity": VariantGd { id: 1382643928884, class: RigidBody2D }, "at_target": VariantGd { id: 1383197576744, class: Node }, "hunger": 95.0603725, "held_item": ""}
[GdPAI | debug] ApplyEffect [After] ID=InstanceId(-9223370391211199270): agent props = {"entity": VariantGd { id: 1382643928884, class: RigidBody2D }, "at_target": VariantGd { id: 1383197576744, class: Node }, "hunger": 95.0603725, "held_item": ""}
[GdPAI | debug]   Snapshotting prop: entity = ObjectRef(1382643928884) (Variant type: OBJECT)
[GdPAI | debug]   Snapshotting prop: at_target = ObjectRef(1383197576744) (Variant type: OBJECT)
[GdPAI | debug]   Snapshotting prop: hunger = Float(95.0603725) (Variant type: FLOAT)
[GdPAI | debug]   Snapshotting prop: held_item = Str("") (Variant type: STRING)
WARNING: [GdPAI] ObjectRef(124621163998): object was freed before callback; returning Nil.
   at: gdplanningai_rust::logger::process_logs (src\logger.rs:66)
   GDScript backtrace (most recent call first):
       [0] _start_plan_and_wait (res://test/integration/test_campfire_example_smoke.gd:57)
[GdPAI | debug] ApplyEffect [Before] ID=InstanceId(-9223370390590442268): agent props = {"entity": null, "held_item": "", "hunger": 70.0627442063492}
[GdPAI | debug] ApplyEffect [After] ID=InstanceId(-9223370390590442268): agent props = {"entity": null, "held_item": "", "hunger": 70.0627442063492}
[GdPAI | debug]   Snapshotting prop: entity = Nil (Variant type: NIL)
[GdPAI | debug]   Snapshotting prop: held_item = Str("") (Variant type: STRING)
[GdPAI | debug]   Snapshotting prop: hunger = Float(70.0627442063492) (Variant type: FLOAT)
WARNING: [GdPAI] ObjectRef(124621163998): object was freed before callback; returning Nil.
   at: gdplanningai_rust::logger::process_logs (src\logger.rs:66)
   GDScript backtrace (most recent call first):
       [0] _process (res://addons/GdPlanningAI/gdpai_autoload.gd:21)
WARNING: [GdPAI] ObjectRef(124134624705): object was freed before callback; returning Nil.
   at: gdplanningai_rust::logger::process_logs (src\logger.rs:66)
   GDScript backtrace (most recent call first):
       [0] _process (res://addons/GdPlanningAI/gdpai_autoload.gd:21)
WARNING: [GdPAI] ObjectRef(124134624705): object was freed before callback; returning Nil.
   at: gdplanningai_rust::logger::process_logs (src\logger.rs:66)
   GDScript backtrace (most recent call first):
       [0] _process (res://addons/GdPlanningAI/gdpai_autoload.gd:21)
[GdPAI | debug] GetCost: callable returned non-numeric value: null; returning INFINITY
[GdPAI | debug] ApplyEffect [Before] ID=InstanceId(-9223370388812057377): agent props = {"at_target": VariantGd { id: 1383197576744, class: Node }, "held_item": "", "entity": VariantGd { id: 1382643928884, class: RigidBody2D }, "hunger": 95.0603725}
[GdPAI | debug] ApplyEffect [After] ID=InstanceId(-9223370388812057377): agent props = {"at_target": VariantGd { id: 1383197576744, class: Node }, "held_item": "potato", "entity": VariantGd { id: 1382643928884, class: RigidBody2D }, "hunger": 95.0603725}
[GdPAI | debug]   Snapshotting prop: at_target = ObjectRef(1383197576744) (Variant type: OBJECT)
[GdPAI | debug]   Snapshotting prop: held_item = Str("potato") (Variant type: STRING)
[GdPAI | debug]   Snapshotting prop: entity = ObjectRef(1382643928884) (Variant type: OBJECT)
[GdPAI | debug]   Snapshotting prop: hunger = Float(95.0603725) (Variant type: FLOAT)
WARNING: [GdPAI] ObjectRef(124621163998): object was freed before callback; returning Nil.
   at: gdplanningai_rust::logger::process_logs (src\logger.rs:66)
   GDScript backtrace (most recent call first):
       [0] _start_plan_and_wait (res://test/integration/test_campfire_example_smoke.gd:57)
WARNING: [GdPAI] ObjectRef(124134624705): object was freed before callback; returning Nil.
   at: gdplanningai_rust::logger::process_logs (src\logger.rs:66)
   GDScript backtrace (most recent call first):
       [0] _start_plan_and_wait (res://test/integration/test_campfire_example_smoke.gd:57)
WARNING: [GdPAI] ObjectRef(124134624705): object was freed before callback; returning Nil.
   at: gdplanningai_rust::logger::process_logs (src\logger.rs:66)
   GDScript backtrace (most recent call first):
       [0] _start_plan_and_wait (res://test/integration/test_campfire_example_smoke.gd:57)
[GdPAI | debug] ApplyEffect [Before] ID=InstanceId(-9223370388090637102): agent props = {"hunger": 70.0627442063492, "at_target": null, "held_item": "", "entity": null}
[GdPAI | debug] ApplyEffect [After] ID=InstanceId(-9223370388090637102): agent props = {"hunger": 70.0627442063492, "at_target": null, "held_item": "", "entity": null}
[GdPAI | debug]   Snapshotting prop: hunger = Float(70.0627442063492) (Variant type: FLOAT)
[GdPAI | debug]   Snapshotting prop: at_target = Nil (Variant type: NIL)
[GdPAI | debug]   Snapshotting prop: held_item = Str("") (Variant type: STRING)
[GdPAI | debug]   Snapshotting prop: entity = Nil (Variant type: NIL)
WARNING: [GdPAI] ObjectRef(124621163998): object was freed before callback; returning Nil.
   at: gdplanningai_rust::logger::process_logs (src\logger.rs:66)
   GDScript backtrace (most recent call first):
       [0] _process (res://addons/GdPlanningAI/gdpai_autoload.gd:21)
WARNING: [GdPAI] ObjectRef(124134624705): object was freed before callback; returning Nil.
   at: gdplanningai_rust::logger::process_logs (src\logger.rs:66)
   GDScript backtrace (most recent call first):
       [0] _process (res://addons/GdPlanningAI/gdpai_autoload.gd:21)
WARNING: [GdPAI] ObjectRef(124134624705): object was freed before callback; returning Nil.
   at: gdplanningai_rust::logger::process_logs (src\logger.rs:66)
   GDScript backtrace (most recent call first):
       [0] _process (res://addons/GdPlanningAI/gdpai_autoload.gd:21)
[GdPAI | debug] GetCost: callable returned non-numeric value: null; returning INFINITY
[GdPAI | debug] ApplyEffect [Before] ID=InstanceId(-9223370386211588901): agent props = {"at_target": VariantGd { id: 1383197576744, class: Node }, "hunger": 95.0603725, "entity": VariantGd { id: 1382643928884, class: RigidBody2D }, "held_item": "potato"}
[GdPAI | debug] ApplyEffect [After] ID=InstanceId(-9223370386211588901): agent props = {"at_target": VariantGd { id: 1383197576744, class: Node }, "hunger": 95.0603725, "entity": VariantGd { id: 1382643928884, class: RigidBody2D }, "held_item": "potato"}
[GdPAI | debug]   Snapshotting prop: at_target = ObjectRef(1383197576744) (Variant type: OBJECT)
[GdPAI | debug]   Snapshotting prop: hunger = Float(95.0603725) (Variant type: FLOAT)
[GdPAI | debug]   Snapshotting prop: entity = ObjectRef(1382643928884) (Variant type: OBJECT)
[GdPAI | debug]   Snapshotting prop: held_item = Str("potato") (Variant type: STRING)
[GdPAI] A* Iteration: pop node with chain length 2
[GdPAI | debug] find_candidates: Checking 15 actions against 0 preconds and 1 requirements
WARNING: [GdPAI] ObjectRef(124621163998): object was freed before callback; returning Nil.
   at: gdplanningai_rust::logger::process_logs (src\logger.rs:66)
   GDScript backtrace (most recent call first):
       [0] _start_plan_and_wait (res://test/integration/test_campfire_example_smoke.gd:57)
WARNING: [GdPAI] ObjectRef(124134624705): object was freed before callback; returning Nil.
   at: gdplanningai_rust::logger::process_logs (src\logger.rs:66)
   GDScript backtrace (most recent call first):
       [0] _start_plan_and_wait (res://test/integration/test_campfire_example_smoke.gd:57)
WARNING: [GdPAI] ObjectRef(124134624705): object was freed before callback; returning Nil.
   at: gdplanningai_rust::logger::process_logs (src\logger.rs:66)
   GDScript backtrace (most recent call first):
       [0] _start_plan_and_wait (res://test/integration/test_campfire_example_smoke.gd:57)
[GdPAI | debug] ApplyEffect [Before] ID=InstanceId(-9223370385490168586): agent props = {"at_target": null, "entity": null, "held_item": "", "hunger": 70.0627442063492}
[GdPAI | debug] ApplyEffect [After] ID=InstanceId(-9223370385490168586): agent props = {"at_target": null, "entity": null, "held_item": "", "hunger": 70.0627442063492}
[GdPAI | debug]   Snapshotting prop: at_target = Nil (Variant type: NIL)
[GdPAI | debug]   Snapshotting prop: entity = Nil (Variant type: NIL)
[GdPAI | debug]   Snapshotting prop: held_item = Str("") (Variant type: STRING)
[GdPAI | debug]   Snapshotting prop: hunger = Float(70.0627442063492) (Variant type: FLOAT)
[GdPAI | debug] Found candidate: Go To (satisfied preconds: [], requirements: [0])
WARNING: [GdPAI] ObjectRef(124621163998): object was freed before callback; returning Nil.
   at: gdplanningai_rust::logger::process_logs (src\logger.rs:66)
   GDScript backtrace (most recent call first):
       [0] _process (res://addons/GdPlanningAI/gdpai_autoload.gd:21)
[GdPAI | debug] GetCost: callable returned non-numeric value: null; returning INFINITY
[GdPAI | debug] Found candidate: Go To (satisfied preconds: [], requirements: [0])
WARNING: [GdPAI] ObjectRef(124621163998): object was freed before callback; returning Nil.
   at: gdplanningai_rust::logger::process_logs (src\logger.rs:66)
   GDScript backtrace (most recent call first):
       [0] _start_plan_and_wait (res://test/integration/test_campfire_example_smoke.gd:57)
[GdPAI | debug] ApplyEffect [Before] ID=InstanceId(-9223370382990363406): agent props = {"at_target": null, "held_item": "wood", "entity": null, "hunger": 70.0627442063492}
[GdPAI | debug] ApplyEffect [After] ID=InstanceId(-9223370382990363406): agent props = {"at_target": null, "held_item": "wood", "entity": null, "hunger": 70.0627442063492}
[GdPAI | debug]   Snapshotting prop: at_target = Nil (Variant type: NIL)
[GdPAI | debug]   Snapshotting prop: held_item = Str("wood") (Variant type: STRING)
[GdPAI | debug]   Snapshotting prop: entity = Nil (Variant type: NIL)
[GdPAI | debug]   Snapshotting prop: hunger = Float(70.0627442063492) (Variant type: FLOAT)
WARNING: [GdPAI] ObjectRef(124621163998): object was freed before callback; returning Nil.
   at: gdplanningai_rust::logger::process_logs (src\logger.rs:66)
   GDScript backtrace (most recent call first):
       [0] _process (res://addons/GdPlanningAI/gdpai_autoload.gd:21)
WARNING: [GdPAI] ObjectRef(124621163998): object was freed before callback; returning Nil.
   at: gdplanningai_rust::logger::process_logs (src\logger.rs:66)
   GDScript backtrace (most recent call first):
       [0] _process (res://addons/GdPlanningAI/gdpai_autoload.gd:21)
[GdPAI | debug] GetCost: callable returned non-numeric value: null; returning INFINITY
WARNING: [GdPAI] ObjectRef(124621163998): object was freed before callback; returning Nil.
   at: gdplanningai_rust::logger::process_logs (src\logger.rs:66)
   GDScript backtrace (most recent call first):
       [0] _start_plan_and_wait (res://test/integration/test_campfire_example_smoke.gd:57)
WARNING: [GdPAI] ObjectRef(124621163998): object was freed before callback; returning Nil.
   at: gdplanningai_rust::logger::process_logs (src\logger.rs:66)
   GDScript backtrace (most recent call first):
       [0] _start_plan_and_wait (res://test/integration/test_campfire_example_smoke.gd:57)
[GdPAI | debug] ApplyEffect [Before] ID=InstanceId(-9223370380540889830): agent props = {"entity": null, "held_item": "", "hunger": 70.0627442063492}
[GdPAI | debug] ApplyEffect [After] ID=InstanceId(-9223370380540889830): agent props = {"entity": null, "held_item": "", "hunger": 70.0627442063492}
[GdPAI | debug]   Snapshotting prop: entity = Nil (Variant type: NIL)
[GdPAI | debug]   Snapshotting prop: held_item = Str("") (Variant type: STRING)
[GdPAI | debug]   Snapshotting prop: hunger = Float(70.0627442063492) (Variant type: FLOAT)
WARNING: [GdPAI] ObjectRef(124621163998): object was freed before callback; returning Nil.
   at: gdplanningai_rust::logger::process_logs (src\logger.rs:66)
   GDScript backtrace (most recent call first):
       [0] _process (res://addons/GdPlanningAI/gdpai_autoload.gd:21)
[GdPAI | debug] GetCost: callable returned non-numeric value: null; returning INFINITY
WARNING: [GdPAI] ObjectRef(124621163998): object was freed before callback; returning Nil.
   at: gdplanningai_rust::logger::process_logs (src\logger.rs:66)
   GDScript backtrace (most recent call first):
       [0] _start_plan_and_wait (res://test/integration/test_campfire_example_smoke.gd:57)
[GdPAI | debug] ApplyEffect [Before] ID=InstanceId(-9223370378091416282): agent props = {"held_item": "", "entity": null, "hunger": 70.0627442063492}
[GdPAI | debug] ApplyEffect [After] ID=InstanceId(-9223370378091416282): agent props = {"held_item": "", "entity": null, "hunger": 70.0627442063492}
[GdPAI | debug]   Snapshotting prop: held_item = Str("") (Variant type: STRING)
[GdPAI | debug]   Snapshotting prop: entity = Nil (Variant type: NIL)
[GdPAI | debug]   Snapshotting prop: hunger = Float(70.0627442063492) (Variant type: FLOAT)
WARNING: [GdPAI] ObjectRef(124621163998): object was freed before callback; returning Nil.
   at: gdplanningai_rust::logger::process_logs (src\logger.rs:66)
   GDScript backtrace (most recent call first):
       [0] _process (res://addons/GdPlanningAI/gdpai_autoload.gd:21)
WARNING: [GdPAI] ObjectRef(124134624705): object was freed before callback; returning Nil.
   at: gdplanningai_rust::logger::process_logs (src\logger.rs:66)
   GDScript backtrace (most recent call first):
       [0] _process (res://addons/GdPlanningAI/gdpai_autoload.gd:21)
WARNING: [GdPAI] ObjectRef(124134624705): object was freed before callback; returning Nil.
   at: gdplanningai_rust::logger::process_logs (src\logger.rs:66)
   GDScript backtrace (most recent call first):
       [0] _process (res://addons/GdPlanningAI/gdpai_autoload.gd:21)
[GdPAI | debug] GetCost: callable returned non-numeric value: null; returning INFINITY
WARNING: [GdPAI] ObjectRef(124621163998): object was freed before callback; returning Nil.
   at: gdplanningai_rust::logger::process_logs (src\logger.rs:66)
   GDScript backtrace (most recent call first):
       [0] _start_plan_and_wait (res://test/integration/test_campfire_example_smoke.gd:57)
WARNING: [GdPAI] ObjectRef(124134624705): object was freed before callback; returning Nil.
   at: gdplanningai_rust::logger::process_logs (src\logger.rs:66)
   GDScript backtrace (most recent call first):
       [0] _start_plan_and_wait (res://test/integration/test_campfire_example_smoke.gd:57)
WARNING: [GdPAI] ObjectRef(124134624705): object was freed before callback; returning Nil.
   at: gdplanningai_rust::logger::process_logs (src\logger.rs:66)
   GDScript backtrace (most recent call first):
       [0] _start_plan_and_wait (res://test/integration/test_campfire_example_smoke.gd:57)
[GdPAI | debug] ApplyEffect [Before] ID=InstanceId(-9223370375591611114): agent props = {"held_item": "", "entity": null, "hunger": 70.0627442063492, "at_target": null}
[GdPAI | debug] ApplyEffect [After] ID=InstanceId(-9223370375591611114): agent props = {"held_item": "", "entity": null, "hunger": 70.0627442063492, "at_target": null}
[GdPAI | debug]   Snapshotting prop: held_item = Str("") (Variant type: STRING)
[GdPAI | debug]   Snapshotting prop: entity = Nil (Variant type: NIL)
[GdPAI | debug]   Snapshotting prop: hunger = Float(70.0627442063492) (Variant type: FLOAT)
[GdPAI | debug]   Snapshotting prop: at_target = Nil (Variant type: NIL)
WARNING: [GdPAI] ObjectRef(124621163998): object was freed before callback; returning Nil.
   at: gdplanningai_rust::logger::process_logs (src\logger.rs:66)
   GDScript backtrace (most recent call first):
       [0] _process (res://addons/GdPlanningAI/gdpai_autoload.gd:21)
WARNING: [GdPAI] ObjectRef(124134624705): object was freed before callback; returning Nil.
   at: gdplanningai_rust::logger::process_logs (src\logger.rs:66)
   GDScript backtrace (most recent call first):
       [0] _process (res://addons/GdPlanningAI/gdpai_autoload.gd:21)
WARNING: [GdPAI] ObjectRef(124134624705): object was freed before callback; returning Nil.
   at: gdplanningai_rust::logger::process_logs (src\logger.rs:66)
   GDScript backtrace (most recent call first):
       [0] _process (res://addons/GdPlanningAI/gdpai_autoload.gd:21)
[GdPAI | debug] GetCost: callable returned non-numeric value: null; returning INFINITY
WARNING: [GdPAI] ObjectRef(124621163998): object was freed before callback; returning Nil.
   at: gdplanningai_rust::logger::process_logs (src\logger.rs:66)
   GDScript backtrace (most recent call first):
       [0] _start_plan_and_wait (res://test/integration/test_campfire_example_smoke.gd:57)
WARNING: [GdPAI] ObjectRef(124134624705): object was freed before callback; returning Nil.
   at: gdplanningai_rust::logger::process_logs (src\logger.rs:66)
   GDScript backtrace (most recent call first):
       [0] _start_plan_and_wait (res://test/integration/test_campfire_example_smoke.gd:57)
WARNING: [GdPAI] ObjectRef(124134624705): object was freed before callback; returning Nil.
   at: gdplanningai_rust::logger::process_logs (src\logger.rs:66)
   GDScript backtrace (most recent call first):
       [0] _start_plan_and_wait (res://test/integration/test_campfire_example_smoke.gd:57)
[GdPAI | debug] ApplyEffect [Before] ID=InstanceId(-9223370372991142611): agent props = {"hunger": 70.0627442063492, "at_target": null, "held_item": "", "entity": null}
[GdPAI | debug] ApplyEffect [After] ID=InstanceId(-9223370372991142611): agent props = {"hunger": 70.0627442063492, "at_target": null, "held_item": "", "entity": null}
[GdPAI | debug]   Snapshotting prop: hunger = Float(70.0627442063492) (Variant type: FLOAT)
[GdPAI | debug]   Snapshotting prop: at_target = Nil (Variant type: NIL)
[GdPAI | debug]   Snapshotting prop: held_item = Str("") (Variant type: STRING)
[GdPAI | debug]   Snapshotting prop: entity = Nil (Variant type: NIL)
WARNING: [GdPAI] ObjectRef(124621163998): object was freed before callback; returning Nil.
   at: gdplanningai_rust::logger::process_logs (src\logger.rs:66)
   GDScript backtrace (most recent call first):
       [0] _process (res://addons/GdPlanningAI/gdpai_autoload.gd:21)
[GdPAI | debug] GetCost: callable returned non-numeric value: null; returning INFINITY
WARNING: [GdPAI] ObjectRef(124621163998): object was freed before callback; returning Nil.
   at: gdplanningai_rust::logger::process_logs (src\logger.rs:66)
   GDScript backtrace (most recent call first):
       [0] _start_plan_and_wait (res://test/integration/test_campfire_example_smoke.gd:57)
[GdPAI | debug] ApplyEffect [Before] ID=InstanceId(-9223370370491337396): agent props = {"at_target": null, "hunger": 70.0627442063492, "entity": null, "held_item": "wood"}
[GdPAI | debug] ApplyEffect [After] ID=InstanceId(-9223370370491337396): agent props = {"at_target": null, "hunger": 70.0627442063492, "entity": null, "held_item": "wood"}
[GdPAI | debug]   Snapshotting prop: at_target = Nil (Variant type: NIL)
[GdPAI | debug]   Snapshotting prop: hunger = Float(70.0627442063492) (Variant type: FLOAT)
[GdPAI | debug]   Snapshotting prop: entity = Nil (Variant type: NIL)
[GdPAI | debug]   Snapshotting prop: held_item = Str("wood") (Variant type: STRING)
WARNING: [GdPAI] ObjectRef(124621163998): object was freed before callback; returning Nil.
   at: gdplanningai_rust::logger::process_logs (src\logger.rs:66)
   GDScript backtrace (most recent call first):
       [0] _process (res://addons/GdPlanningAI/gdpai_autoload.gd:21)
WARNING: [GdPAI] ObjectRef(124621163998): object was freed before callback; returning Nil.
   at: gdplanningai_rust::logger::process_logs (src\logger.rs:66)
   GDScript backtrace (most recent call first):
       [0] _process (res://addons/GdPlanningAI/gdpai_autoload.gd:21)
[GdPAI | debug] GetCost: callable returned non-numeric value: null; returning INFINITY
WARNING: [GdPAI] ObjectRef(124621163998): object was freed before callback; returning Nil.
   at: gdplanningai_rust::logger::process_logs (src\logger.rs:66)
   GDScript backtrace (most recent call first):
       [0] _start_plan_and_wait (res://test/integration/test_campfire_example_smoke.gd:57)
WARNING: [GdPAI] ObjectRef(124621163998): object was freed before callback; returning Nil.
   at: gdplanningai_rust::logger::process_logs (src\logger.rs:66)
   GDScript backtrace (most recent call first):
       [0] _start_plan_and_wait (res://test/integration/test_campfire_example_smoke.gd:57)
[GdPAI | debug] ApplyEffect [Before] ID=InstanceId(-9223370368041863897): agent props = {"held_item": "", "hunger": 70.0627442063492, "entity": null}
[GdPAI | debug] ApplyEffect [After] ID=InstanceId(-9223370368041863897): agent props = {"held_item": "", "hunger": 70.0627442063492, "entity": null}
[GdPAI | debug]   Snapshotting prop: held_item = Str("") (Variant type: STRING)
[GdPAI | debug]   Snapshotting prop: hunger = Float(70.0627442063492) (Variant type: FLOAT)
[GdPAI | debug]   Snapshotting prop: entity = Nil (Variant type: NIL)
WARNING: [GdPAI] ObjectRef(124621163998): object was freed before callback; returning Nil.
   at: gdplanningai_rust::logger::process_logs (src\logger.rs:66)
   GDScript backtrace (most recent call first):
       [0] _process (res://addons/GdPlanningAI/gdpai_autoload.gd:21)
[GdPAI | debug] GetCost: callable returned non-numeric value: null; returning INFINITY
WARNING: [GdPAI] ObjectRef(124621163998): object was freed before callback; returning Nil.
   at: gdplanningai_rust::logger::process_logs (src\logger.rs:66)
   GDScript backtrace (most recent call first):
       [0] _start_plan_and_wait (res://test/integration/test_campfire_example_smoke.gd:57)
[GdPAI | debug] ApplyEffect [Before] ID=InstanceId(-9223370365592390309): agent props = {"held_item": "", "entity": null, "hunger": 70.0627442063492}
[GdPAI | debug] ApplyEffect [After] ID=InstanceId(-9223370365592390309): agent props = {"held_item": "", "entity": null, "hunger": 70.0627442063492}
[GdPAI | debug]   Snapshotting prop: held_item = Str("") (Variant type: STRING)
[GdPAI | debug]   Snapshotting prop: entity = Nil (Variant type: NIL)
[GdPAI | debug]   Snapshotting prop: hunger = Float(70.0627442063492) (Variant type: FLOAT)
WARNING: [GdPAI] ObjectRef(124621163998): object was freed before callback; returning Nil.
   at: gdplanningai_rust::logger::process_logs (src\logger.rs:66)
   GDScript backtrace (most recent call first):
       [0] _process (res://addons/GdPlanningAI/gdpai_autoload.gd:21)
WARNING: [GdPAI] ObjectRef(124134624705): object was freed before callback; returning Nil.
   at: gdplanningai_rust::logger::process_logs (src\logger.rs:66)
   GDScript backtrace (most recent call first):
       [0] _process (res://addons/GdPlanningAI/gdpai_autoload.gd:21)
WARNING: [GdPAI] ObjectRef(124134624705): object was freed before callback; returning Nil.
   at: gdplanningai_rust::logger::process_logs (src\logger.rs:66)
   GDScript backtrace (most recent call first):
       [0] _process (res://addons/GdPlanningAI/gdpai_autoload.gd:21)
[GdPAI | debug] GetCost: callable returned non-numeric value: null; returning INFINITY
WARNING: [GdPAI] ObjectRef(124621163998): object was freed before callback; returning Nil.
   at: gdplanningai_rust::logger::process_logs (src\logger.rs:66)
   GDScript backtrace (most recent call first):
       [0] _start_plan_and_wait (res://test/integration/test_campfire_example_smoke.gd:57)
WARNING: [GdPAI] ObjectRef(124134624705): object was freed before callback; returning Nil.
   at: gdplanningai_rust::logger::process_logs (src\logger.rs:66)
   GDScript backtrace (most recent call first):
       [0] _start_plan_and_wait (res://test/integration/test_campfire_example_smoke.gd:57)
WARNING: [GdPAI] ObjectRef(124134624705): object was freed before callback; returning Nil.
   at: gdplanningai_rust::logger::process_logs (src\logger.rs:66)
   GDScript backtrace (most recent call first):
       [0] _start_plan_and_wait (res://test/integration/test_campfire_example_smoke.gd:57)
[GdPAI | debug] ApplyEffect [Before] ID=InstanceId(-9223370363092585134): agent props = {"hunger": 70.0627442063492, "entity": null, "at_target": null, "held_item": ""}
[GdPAI | debug] ApplyEffect [After] ID=InstanceId(-9223370363092585134): agent props = {"hunger": 70.0627442063492, "entity": null, "at_target": null, "held_item": ""}
[GdPAI | debug]   Snapshotting prop: hunger = Float(70.0627442063492) (Variant type: FLOAT)
[GdPAI | debug]   Snapshotting prop: entity = Nil (Variant type: NIL)
[GdPAI | debug]   Snapshotting prop: at_target = Nil (Variant type: NIL)
[GdPAI | debug]   Snapshotting prop: held_item = Str("") (Variant type: STRING)
WARNING: [GdPAI] ObjectRef(124621163998): object was freed before callback; returning Nil.
   at: gdplanningai_rust::logger::process_logs (src\logger.rs:66)
   GDScript backtrace (most recent call first):
       [0] _process (res://addons/GdPlanningAI/gdpai_autoload.gd:21)
WARNING: [GdPAI] ObjectRef(124134624705): object was freed before callback; returning Nil.
   at: gdplanningai_rust::logger::process_logs (src\logger.rs:66)
   GDScript backtrace (most recent call first):
       [0] _process (res://addons/GdPlanningAI/gdpai_autoload.gd:21)
WARNING: [GdPAI] ObjectRef(124134624705): object was freed before callback; returning Nil.
   at: gdplanningai_rust::logger::process_logs (src\logger.rs:66)
   GDScript backtrace (most recent call first):
       [0] _process (res://addons/GdPlanningAI/gdpai_autoload.gd:21)
[GdPAI | debug] GetCost: callable returned non-numeric value: null; returning INFINITY
WARNING: [GdPAI] ObjectRef(124621163998): object was freed before callback; returning Nil.
   at: gdplanningai_rust::logger::process_logs (src\logger.rs:66)
   GDScript backtrace (most recent call first):
       [0] _start_plan_and_wait (res://test/integration/test_campfire_example_smoke.gd:57)
WARNING: [GdPAI] ObjectRef(124134624705): object was freed before callback; returning Nil.
   at: gdplanningai_rust::logger::process_logs (src\logger.rs:66)
   GDScript backtrace (most recent call first):
       [0] _start_plan_and_wait (res://test/integration/test_campfire_example_smoke.gd:57)
WARNING: [GdPAI] ObjectRef(124134624705): object was freed before callback; returning Nil.
   at: gdplanningai_rust::logger::process_logs (src\logger.rs:66)
   GDScript backtrace (most recent call first):
       [0] _start_plan_and_wait (res://test/integration/test_campfire_example_smoke.gd:57)
[GdPAI | debug] ApplyEffect [Before] ID=InstanceId(-9223370360492116629): agent props = {"hunger": 70.0627442063492, "entity": null, "at_target": null, "held_item": ""}
[GdPAI | debug] ApplyEffect [After] ID=InstanceId(-9223370360492116629): agent props = {"hunger": 70.0627442063492, "entity": null, "at_target": null, "held_item": ""}
[GdPAI | debug]   Snapshotting prop: hunger = Float(70.0627442063492) (Variant type: FLOAT)
[GdPAI | debug]   Snapshotting prop: entity = Nil (Variant type: NIL)
[GdPAI | debug]   Snapshotting prop: at_target = Nil (Variant type: NIL)
[GdPAI | debug]   Snapshotting prop: held_item = Str("") (Variant type: STRING)
WARNING: [GdPAI] ObjectRef(124621163998): object was freed before callback; returning Nil.
   at: gdplanningai_rust::logger::process_logs (src\logger.rs:66)
   GDScript backtrace (most recent call first):
       [0] _process (res://addons/GdPlanningAI/gdpai_autoload.gd:21)
[GdPAI | debug] GetCost: callable returned non-numeric value: null; returning INFINITY
WARNING: [GdPAI] ObjectRef(124621163998): object was freed before callback; returning Nil.
   at: gdplanningai_rust::logger::process_logs (src\logger.rs:66)
   GDScript backtrace (most recent call first):
       [0] _start_plan_and_wait (res://test/integration/test_campfire_example_smoke.gd:57)
[GdPAI | debug] ApplyEffect [Before] ID=InstanceId(-9223370357992311490): agent props = {"hunger": 70.0627442063492, "held_item": "wood", "entity": null, "at_target": null}
[GdPAI | debug] ApplyEffect [After] ID=InstanceId(-9223370357992311490): agent props = {"hunger": 70.0627442063492, "held_item": "wood", "entity": null, "at_target": null}
[GdPAI | debug]   Snapshotting prop: hunger = Float(70.0627442063492) (Variant type: FLOAT)
[GdPAI | debug]   Snapshotting prop: held_item = Str("wood") (Variant type: STRING)
[GdPAI | debug]   Snapshotting prop: entity = Nil (Variant type: NIL)
[GdPAI | debug]   Snapshotting prop: at_target = Nil (Variant type: NIL)
[GdPAI] A* Iteration: pop node with chain length 3
[GdPAI | debug] find_candidates: Checking 15 actions against 1 preconds and 3 requirements
WARNING: [GdPAI] ObjectRef(124621163998): object was freed before callback; returning Nil.
   at: gdplanningai_rust::logger::process_logs (src\logger.rs:66)
   GDScript backtrace (most recent call first):
       [0] _process (res://addons/GdPlanningAI/gdpai_autoload.gd:21)
WARNING: [GdPAI] ObjectRef(124621163998): object was freed before callback; returning Nil.
   at: gdplanningai_rust::logger::process_logs (src\logger.rs:66)
   GDScript backtrace (most recent call first):
       [0] _process (res://addons/GdPlanningAI/gdpai_autoload.gd:21)
[GdPAI | debug] Discovery: Starting simulation for action Go To
WARNING: [GdPAI] ObjectRef(124621163998): object was freed before callback; returning Nil.
   at: gdplanningai_rust::logger::process_logs (src\logger.rs:66)
   GDScript backtrace (most recent call first):
       [0] _start_plan_and_wait (res://test/integration/test_campfire_example_smoke.gd:57)
WARNING: [GdPAI] ObjectRef(124621163998): object was freed before callback; returning Nil.
   at: gdplanningai_rust::logger::process_logs (src\logger.rs:66)
   GDScript backtrace (most recent call first):
       [0] _start_plan_and_wait (res://test/integration/test_campfire_example_smoke.gd:57)
[GdPAI | debug] GetCost: callable returned non-numeric value: null; returning INFINITY
WARNING: [GdPAI] ObjectRef(124621163998): object was freed before callback; returning Nil.
   at: gdplanningai_rust::logger::process_logs (src\logger.rs:66)
   GDScript backtrace (most recent call first):
       [0] _process (res://addons/GdPlanningAI/gdpai_autoload.gd:21)
WARNING: [GdPAI] ObjectRef(124621163998): object was freed before callback; returning Nil.
   at: gdplanningai_rust::logger::process_logs (src\logger.rs:66)
   GDScript backtrace (most recent call first):
       [0] _process (res://addons/GdPlanningAI/gdpai_autoload.gd:21)
[GdPAI | debug] ApplyEffect [Before] ID=InstanceId(-9223370354284546682): agent props = {"entity": null, "hunger": 70.0627442063492, "held_item": "potato"}
[GdPAI | debug] ApplyEffect [After] ID=InstanceId(-9223370354284546682): agent props = {"entity": null, "hunger": 70.0627442063492, "held_item": "potato"}
[GdPAI | debug]   Snapshotting prop: entity = Nil (Variant type: NIL)
[GdPAI | debug]   Snapshotting prop: hunger = Float(70.0627442063492) (Variant type: FLOAT)
[GdPAI | debug]   Snapshotting prop: held_item = Str("potato") (Variant type: STRING)
[GdPAI | debug] Discovery: Simulation success for Go To. Agent props: {"hunger": Float(70.0627442063492), "held_item": Str("potato"), "entity": Nil}
[GdPAI | debug] Discovery: Action Go To satisfied precond Builtin { target: Agent, operation: Equal, property_name: "held_item", value: Some(Str("potato")) }
[GdPAI | debug] Found candidate: Go To (satisfied preconds: [0], requirements: [0, 2])
[GdPAI | debug] Discovery: Starting simulation for action Eat Held Food
WARNING: [GdPAI] ObjectRef(124621163998): object was freed before callback; returning Nil.
   at: gdplanningai_rust::logger::process_logs (src\logger.rs:66)
   GDScript backtrace (most recent call first):
       [0] _start_plan_and_wait (res://test/integration/test_campfire_example_smoke.gd:57)
WARNING: [GdPAI] ObjectRef(124621163998): object was freed before callback; returning Nil.
   at: gdplanningai_rust::logger::process_logs (src\logger.rs:66)
   GDScript backtrace (most recent call first):
       [0] _start_plan_and_wait (res://test/integration/test_campfire_example_smoke.gd:57)
[GdPAI | debug] GetCost: callable returned non-numeric value: null; returning INFINITY
[GdPAI | debug] ApplyEffect [Before] ID=InstanceId(-9223370352472607334): agent props = {"hunger": 95.0603725, "held_item": "", "entity": VariantGd { id: 1382643928884, class: RigidBody2D }, "at_target": VariantGd { id: 1383348571562, class: Node }}
[GdPAI | debug] ApplyEffect [After] ID=InstanceId(-9223370352472607334): agent props = {"hunger": 95.0603725, "held_item": "", "entity": VariantGd { id: 1382643928884, class: RigidBody2D }, "at_target": VariantGd { id: 1383348571562, class: Node }}
[GdPAI | debug]   Snapshotting prop: hunger = Float(95.0603725) (Variant type: FLOAT)
[GdPAI | debug]   Snapshotting prop: held_item = Str("") (Variant type: STRING)
[GdPAI | debug]   Snapshotting prop: entity = ObjectRef(1382643928884) (Variant type: OBJECT)
[GdPAI | debug]   Snapshotting prop: at_target = ObjectRef(1383348571562) (Variant type: OBJECT)
WARNING: [GdPAI] ObjectRef(124621163998): object was freed before callback; returning Nil.
   at: gdplanningai_rust::logger::process_logs (src\logger.rs:66)
   GDScript backtrace (most recent call first):
       [0] _process (res://addons/GdPlanningAI/gdpai_autoload.gd:21)
WARNING: [GdPAI] ObjectRef(124621163998): object was freed before callback; returning Nil.
   at: gdplanningai_rust::logger::process_logs (src\logger.rs:66)
   GDScript backtrace (most recent call first):
       [0] _process (res://addons/GdPlanningAI/gdpai_autoload.gd:21)
[GdPAI | debug] ApplyEffect [Before] ID=InstanceId(-9223370351784741580): agent props = {"entity": null, "held_item": "potato", "hunger": 70.0627442063492}
[GdPAI | debug] ApplyEffect [After] ID=InstanceId(-9223370351784741580): agent props = {"entity": null, "held_item": "potato", "hunger": 70.0627442063492}
[GdPAI | debug]   Snapshotting prop: entity = Nil (Variant type: NIL)
[GdPAI | debug]   Snapshotting prop: held_item = Str("potato") (Variant type: STRING)
[GdPAI | debug]   Snapshotting prop: hunger = Float(70.0627442063492) (Variant type: FLOAT)
[GdPAI | debug] Discovery: Simulation success for Eat Held Food. Agent props: {"held_item": Str("potato"), "hunger": Float(70.0627442063492), "entity": Nil}
[GdPAI | debug] Discovery: Action Eat Held Food satisfied precond Builtin { target: Agent, operation: Equal, property_name: "held_item", value: Some(Str("potato")) }
[GdPAI | debug] Found candidate: Eat Held Food (satisfied preconds: [0], requirements: [])
WARNING: [GdPAI] ObjectRef(124621163998): object was freed before callback; returning Nil.
   at: gdplanningai_rust::logger::process_logs (src\logger.rs:66)
   GDScript backtrace (most recent call first):
       [0] _start_plan_and_wait (res://test/integration/test_campfire_example_smoke.gd:57)
WARNING: [GdPAI] ObjectRef(124621163998): object was freed before callback; returning Nil.
   at: gdplanningai_rust::logger::process_logs (src\logger.rs:66)
   GDScript backtrace (most recent call first):
       [0] _start_plan_and_wait (res://test/integration/test_campfire_example_smoke.gd:57)
[GdPAI | debug] Discovery: Starting simulation for action Go To
[GdPAI | debug] ApplyEffect [Before] ID=InstanceId(-9223370349972802131): agent props = {"entity": VariantGd { id: 1382643928884, class: RigidBody2D }, "hunger": 95.0603725, "at_target": VariantGd { id: 1383348571562, class: Node }, "held_item": ""}
[GdPAI | debug] ApplyEffect [After] ID=InstanceId(-9223370349972802131): agent props = {"entity": VariantGd { id: 1382643928884, class: RigidBody2D }, "hunger": 95.0603725, "at_target": VariantGd { id: 1383348571562, class: Node }, "held_item": "potato"}
[GdPAI | debug]   Snapshotting prop: entity = ObjectRef(1382643928884) (Variant type: OBJECT)
[GdPAI | debug]   Snapshotting prop: hunger = Float(95.0603725) (Variant type: FLOAT)
[GdPAI | debug]   Snapshotting prop: at_target = ObjectRef(1383348571562) (Variant type: OBJECT)
[GdPAI | debug]   Snapshotting prop: held_item = Str("potato") (Variant type: STRING)
WARNING: [GdPAI] ObjectRef(124621163998): object was freed before callback; returning Nil.
   at: gdplanningai_rust::logger::process_logs (src\logger.rs:66)
   GDScript backtrace (most recent call first):
       [0] _process (res://addons/GdPlanningAI/gdpai_autoload.gd:21)
WARNING: [GdPAI] ObjectRef(124621163998): object was freed before callback; returning Nil.
   at: gdplanningai_rust::logger::process_logs (src\logger.rs:66)
   GDScript backtrace (most recent call first):
       [0] _process (res://addons/GdPlanningAI/gdpai_autoload.gd:21)
[GdPAI | debug] GetCost: callable returned non-numeric value: null; returning INFINITY
WARNING: [GdPAI] ObjectRef(124621163998): object was freed before callback; returning Nil.
   at: gdplanningai_rust::logger::process_logs (src\logger.rs:66)
   GDScript backtrace (most recent call first):
       [0] _start_plan_and_wait (res://test/integration/test_campfire_example_smoke.gd:57)
WARNING: [GdPAI] ObjectRef(124621163998): object was freed before callback; returning Nil.
   at: gdplanningai_rust::logger::process_logs (src\logger.rs:66)
   GDScript backtrace (most recent call first):
       [0] _start_plan_and_wait (res://test/integration/test_campfire_example_smoke.gd:57)
[GdPAI | debug] ApplyEffect [Before] ID=InstanceId(-9223370348043422288): agent props = {"held_item": "potato", "hunger": 70.0627442063492, "entity": null}
[GdPAI | debug] ApplyEffect [After] ID=InstanceId(-9223370348043422288): agent props = {"held_item": "potato", "hunger": 70.0627442063492, "entity": null}
[GdPAI | debug]   Snapshotting prop: held_item = Str("potato") (Variant type: STRING)
[GdPAI | debug]   Snapshotting prop: hunger = Float(70.0627442063492) (Variant type: FLOAT)
[GdPAI | debug]   Snapshotting prop: entity = Nil (Variant type: NIL)
[GdPAI | debug] Discovery: Simulation success for Go To. Agent props: {"hunger": Float(70.0627442063492), "held_item": Str("potato"), "entity": Nil}
[GdPAI | debug] Discovery: Action Go To satisfied precond Builtin { target: Agent, operation: Equal, property_name: "held_item", value: Some(Str("potato")) }
[GdPAI | debug] Found candidate: Go To (satisfied preconds: [0], requirements: [0, 2])
[GdPAI | debug] ApplyEffect [Before] ID=InstanceId(-9223370347472996944): agent props = {"entity": VariantGd { id: 1382643928884, class: RigidBody2D }, "hunger": 95.0603725, "held_item": "potato", "at_target": VariantGd { id: 1383348571562, class: Node }}
[GdPAI | debug] Discovery: Starting simulation for action Drop Item
[GdPAI | debug] ApplyEffect [After] ID=InstanceId(-9223370347472996944): agent props = {"entity": VariantGd { id: 1382643928884, class: RigidBody2D }, "hunger": 95.0603725, "held_item": "potato", "at_target": VariantGd { id: 1383348571562, class: Node }}
[GdPAI | debug]   Snapshotting prop: entity = ObjectRef(1382643928884) (Variant type: OBJECT)
[GdPAI | debug]   Snapshotting prop: hunger = Float(95.0603725) (Variant type: FLOAT)
[GdPAI | debug]   Snapshotting prop: held_item = Str("potato") (Variant type: STRING)
[GdPAI | debug]   Snapshotting prop: at_target = ObjectRef(1383348571562) (Variant type: OBJECT)
WARNING: [GdPAI] ObjectRef(124621163998): object was freed before callback; returning Nil.
   at: gdplanningai_rust::logger::process_logs (src\logger.rs:66)
   GDScript backtrace (most recent call first):
       [0] _process (res://addons/GdPlanningAI/gdpai_autoload.gd:21)
WARNING: [GdPAI] ObjectRef(124621163998): object was freed before callback; returning Nil.
   at: gdplanningai_rust::logger::process_logs (src\logger.rs:66)
   GDScript backtrace (most recent call first):
       [0] _process (res://addons/GdPlanningAI/gdpai_autoload.gd:21)
[GdPAI | debug] GetCost: callable returned non-numeric value: null; returning INFINITY
WARNING: [GdPAI] ObjectRef(124621163998): object was freed before callback; returning Nil.
   at: gdplanningai_rust::logger::process_logs (src\logger.rs:66)
   GDScript backtrace (most recent call first):
       [0] _start_plan_and_wait (res://test/integration/test_campfire_example_smoke.gd:57)
WARNING: [GdPAI] ObjectRef(124621163998): object was freed before callback; returning Nil.
   at: gdplanningai_rust::logger::process_logs (src\logger.rs:66)
   GDScript backtrace (most recent call first):
       [0] _start_plan_and_wait (res://test/integration/test_campfire_example_smoke.gd:57)
[GdPAI | debug] ApplyEffect [Before] ID=InstanceId(-9223370345543617128): agent props = {"held_item": "potato", "hunger": 70.0627442063492, "entity": null}
[GdPAI | debug] ApplyEffect [After] ID=InstanceId(-9223370345543617128): agent props = {"held_item": "potato", "hunger": 70.0627442063492, "entity": null}
[GdPAI | debug]   Snapshotting prop: held_item = Str("potato") (Variant type: STRING)
[GdPAI | debug]   Snapshotting prop: hunger = Float(70.0627442063492) (Variant type: FLOAT)
[GdPAI | debug]   Snapshotting prop: entity = Nil (Variant type: NIL)
[GdPAI | debug] Discovery: Simulation success for Drop Item. Agent props: {"held_item": Str("potato"), "hunger": Float(70.0627442063492), "entity": Nil}
[GdPAI | debug] Discovery: Action Drop Item satisfied precond Builtin { target: Agent, operation: Equal, property_name: "held_item", value: Some(Str("potato")) }
[GdPAI | debug] Found candidate: Drop Item (satisfied preconds: [0], requirements: [])
[GdPAI | debug] ApplyEffect [Before] ID=InstanceId(-9223370344973191784): agent props = {"entity": VariantGd { id: 1382643928884, class: RigidBody2D }, "at_target": VariantGd { id: 1383348571562, class: Node }, "held_item": "", "hunger": 95.0603725}
[GdPAI | debug] Discovery: Starting simulation for action Add Fuel
[GdPAI | debug] ApplyEffect [After] ID=InstanceId(-9223370344973191784): agent props = {"entity": VariantGd { id: 1382643928884, class: RigidBody2D }, "at_target": VariantGd { id: 1383348571562, class: Node }, "held_item": "", "hunger": 95.0603725}
[GdPAI | debug]   Snapshotting prop: entity = ObjectRef(1382643928884) (Variant type: OBJECT)
[GdPAI | debug]   Snapshotting prop: at_target = ObjectRef(1383348571562) (Variant type: OBJECT)
[GdPAI | debug]   Snapshotting prop: held_item = Str("") (Variant type: STRING)
[GdPAI | debug]   Snapshotting prop: hunger = Float(95.0603725) (Variant type: FLOAT)
WARNING: [GdPAI] ObjectRef(124621163998): object was freed before callback; returning Nil.
   at: gdplanningai_rust::logger::process_logs (src\logger.rs:66)
   GDScript backtrace (most recent call first):
       [0] _process (res://addons/GdPlanningAI/gdpai_autoload.gd:21)
WARNING: [GdPAI] ObjectRef(124621163998): object was freed before callback; returning Nil.
   at: gdplanningai_rust::logger::process_logs (src\logger.rs:66)
   GDScript backtrace (most recent call first):
       [0] _process (res://addons/GdPlanningAI/gdpai_autoload.gd:21)
[GdPAI | debug] GetCost: callable returned non-numeric value: null; returning INFINITY
WARNING: [GdPAI] ObjectRef(124621163998): object was freed before callback; returning Nil.
   at: gdplanningai_rust::logger::process_logs (src\logger.rs:66)
   GDScript backtrace (most recent call first):
       [0] _start_plan_and_wait (res://test/integration/test_campfire_example_smoke.gd:57)
WARNING: [GdPAI] ObjectRef(124621163998): object was freed before callback; returning Nil.
   at: gdplanningai_rust::logger::process_logs (src\logger.rs:66)
   GDScript backtrace (most recent call first):
       [0] _start_plan_and_wait (res://test/integration/test_campfire_example_smoke.gd:57)
[GdPAI | debug] ApplyEffect [Before] ID=InstanceId(-9223370343043811889): agent props = {"held_item": "wood", "entity": null, "hunger": 70.0627442063492}
[GdPAI | debug] ApplyEffect [After] ID=InstanceId(-9223370343043811889): agent props = {"held_item": "wood", "entity": null, "hunger": 70.0627442063492}
[GdPAI | debug]   Snapshotting prop: held_item = Str("wood") (Variant type: STRING)
[GdPAI | debug]   Snapshotting prop: entity = Nil (Variant type: NIL)
[GdPAI | debug]   Snapshotting prop: hunger = Float(70.0627442063492) (Variant type: FLOAT)
[GdPAI | debug] Discovery: Simulation success for Add Fuel. Agent props: {"held_item": Str("wood"), "hunger": Float(70.0627442063492), "entity": Nil}
[GdPAI | debug] Discovery: Action Add Fuel did NOT satisfy precond Builtin { target: Agent, operation: Equal, property_name: "held_item", value: Some(Str("potato")) }
[GdPAI | debug] ApplyEffect [Before] ID=InstanceId(-9223370342473386545): agent props = {"entity": VariantGd { id: 1382643928884, class: RigidBody2D }, "at_target": VariantGd { id: 1383348571562, class: Node }, "held_item": "", "hunger": 95.0603725}
[GdPAI | debug] ApplyEffect [After] ID=InstanceId(-9223370342473386545): agent props = {"entity": VariantGd { id: 1382643928884, class: RigidBody2D }, "at_target": VariantGd { id: 1383348571562, class: Node }, "held_item": "potato", "hunger": 95.0603725}
[GdPAI | debug]   Snapshotting prop: entity = ObjectRef(1382643928884) (Variant type: OBJECT)
[GdPAI | debug]   Snapshotting prop: at_target = ObjectRef(1383348571562) (Variant type: OBJECT)
[GdPAI | debug]   Snapshotting prop: held_item = Str("potato") (Variant type: STRING)
[GdPAI | debug]   Snapshotting prop: hunger = Float(95.0603725) (Variant type: FLOAT)
WARNING: [GdPAI] ObjectRef(124621163998): object was freed before callback; returning Nil.
   at: gdplanningai_rust::logger::process_logs (src\logger.rs:66)
   GDScript backtrace (most recent call first):
       [0] _process (res://addons/GdPlanningAI/gdpai_autoload.gd:21)
WARNING: [GdPAI] ObjectRef(124621163998): object was freed before callback; returning Nil.
   at: gdplanningai_rust::logger::process_logs (src\logger.rs:66)
   GDScript backtrace (most recent call first):
       [0] _process (res://addons/GdPlanningAI/gdpai_autoload.gd:21)
[GdPAI | debug] Discovery: Action Cook Potato failed validity check, skipping
[GdPAI | debug] Discovery: Starting simulation for action Pick Up Wood
WARNING: [GdPAI] ObjectRef(124621163998): object was freed before callback; returning Nil.
   at: gdplanningai_rust::logger::process_logs (src\logger.rs:66)
   GDScript backtrace (most recent call first):
       [0] _start_plan_and_wait (res://test/integration/test_campfire_example_smoke.gd:57)
WARNING: [GdPAI] ObjectRef(124621163998): object was freed before callback; returning Nil.
   at: gdplanningai_rust::logger::process_logs (src\logger.rs:66)
   GDScript backtrace (most recent call first):
       [0] _start_plan_and_wait (res://test/integration/test_campfire_example_smoke.gd:57)
[GdPAI | debug] GetCost: callable returned non-numeric value: null; returning INFINITY
[GdPAI | debug] ApplyEffect [Before] ID=InstanceId(-9223370339973581345): agent props = {"hunger": 95.0603725, "at_target": VariantGd { id: 1383348571562, class: Node }, "entity": VariantGd { id: 1382643928884, class: RigidBody2D }, "held_item": "potato"}
[GdPAI | debug] ApplyEffect [After] ID=InstanceId(-9223370339973581345): agent props = {"hunger": 95.0603725, "at_target": VariantGd { id: 1383348571562, class: Node }, "entity": VariantGd { id: 1382643928884, class: RigidBody2D }, "held_item": "potato"}
[GdPAI | debug]   Snapshotting prop: hunger = Float(95.0603725) (Variant type: FLOAT)
[GdPAI | debug]   Snapshotting prop: at_target = ObjectRef(1383348571562) (Variant type: OBJECT)
[GdPAI | debug]   Snapshotting prop: entity = ObjectRef(1382643928884) (Variant type: OBJECT)
[GdPAI | debug]   Snapshotting prop: held_item = Str("potato") (Variant type: STRING)
[GdPAI] A* Iteration: pop node with chain length 2
[GdPAI | debug] find_candidates: Checking 15 actions against 0 preconds and 1 requirements
WARNING: [GdPAI] ObjectRef(124621163998): object was freed before callback; returning Nil.
   at: gdplanningai_rust::logger::process_logs (src\logger.rs:66)
   GDScript backtrace (most recent call first):
       [0] _process (res://addons/GdPlanningAI/gdpai_autoload.gd:21)
WARNING: [GdPAI] ObjectRef(124621163998): object was freed before callback; returning Nil.
   at: gdplanningai_rust::logger::process_logs (src\logger.rs:66)
   GDScript backtrace (most recent call first):
       [0] _process (res://addons/GdPlanningAI/gdpai_autoload.gd:21)
[GdPAI | debug] ApplyEffect [Before] ID=InstanceId(-9223370339285715592): agent props = {"hunger": 70.0627442063492, "entity": null, "held_item": "potato"}
[GdPAI | debug] ApplyEffect [After] ID=InstanceId(-9223370339285715592): agent props = {"hunger": 70.0627442063492, "entity": null, "held_item": "potato"}
[GdPAI | debug]   Snapshotting prop: hunger = Float(70.0627442063492) (Variant type: FLOAT)
[GdPAI | debug]   Snapshotting prop: entity = Nil (Variant type: NIL)
[GdPAI | debug]   Snapshotting prop: held_item = Str("potato") (Variant type: STRING)
[GdPAI | debug] Discovery: Simulation success for Pick Up Wood. Agent props: {"entity": Nil, "held_item": Str("potato"), "hunger": Float(70.0627442063492)}
[GdPAI | debug] Discovery: Action Pick Up Wood satisfied precond Builtin { target: Agent, operation: Equal, property_name: "held_item", value: Some(Str("potato")) }
[GdPAI | debug] Found candidate: Pick Up Wood (satisfied preconds: [0], requirements: [])
[GdPAI | debug] Discovery: Starting simulation for action Pick Up Wood
[GdPAI | debug] Found candidate: Go To (satisfied preconds: [], requirements: [0])
WARNING: [GdPAI] ObjectRef(124621163998): object was freed before callback; returning Nil.
   at: gdplanningai_rust::logger::process_logs (src\logger.rs:66)
   GDScript backtrace (most recent call first):
       [0] _start_plan_and_wait (res://test/integration/test_campfire_example_smoke.gd:57)
WARNING: [GdPAI] ObjectRef(124621163998): object was freed before callback; returning Nil.
   at: gdplanningai_rust::logger::process_logs (src\logger.rs:66)
   GDScript backtrace (most recent call first):
       [0] _start_plan_and_wait (res://test/integration/test_campfire_example_smoke.gd:57)
[GdPAI | debug] GetCost: callable returned non-numeric value: null; returning INFINITY
[GdPAI | debug] Found candidate: Go To (satisfied preconds: [], requirements: [0])
WARNING: [GdPAI] ObjectRef(124621163998): object was freed before callback; returning Nil.
   at: gdplanningai_rust::logger::process_logs (src\logger.rs:66)
   GDScript backtrace (most recent call first):
       [0] _process (res://addons/GdPlanningAI/gdpai_autoload.gd:21)
WARNING: [GdPAI] ObjectRef(124621163998): object was freed before callback; returning Nil.
   at: gdplanningai_rust::logger::process_logs (src\logger.rs:66)
   GDScript backtrace (most recent call first):
       [0] _process (res://addons/GdPlanningAI/gdpai_autoload.gd:21)
[GdPAI | debug] ApplyEffect [Before] ID=InstanceId(-9223370336785910299): agent props = {"held_item": "potato", "hunger": 70.0627442063492, "entity": null}
[GdPAI | debug] ApplyEffect [After] ID=InstanceId(-9223370336785910299): agent props = {"held_item": "potato", "hunger": 70.0627442063492, "entity": null}
[GdPAI | debug]   Snapshotting prop: held_item = Str("potato") (Variant type: STRING)
[GdPAI | debug]   Snapshotting prop: hunger = Float(70.0627442063492) (Variant type: FLOAT)
[GdPAI | debug]   Snapshotting prop: entity = Nil (Variant type: NIL)
[GdPAI | debug] Discovery: Simulation success for Pick Up Wood. Agent props: {"entity": Nil, "held_item": Str("potato"), "hunger": Float(70.0627442063492)}
[GdPAI | debug] Discovery: Action Pick Up Wood satisfied precond Builtin { target: Agent, operation: Equal, property_name: "held_item", value: Some(Str("potato")) }
[GdPAI | debug] Found candidate: Pick Up Wood (satisfied preconds: [0], requirements: [])
[GdPAI | debug] Discovery: Starting simulation for action Pick Up Wood
WARNING: [GdPAI] ObjectRef(124621163998): object was freed before callback; returning Nil.
   at: gdplanningai_rust::logger::process_logs (src\logger.rs:66)
   GDScript backtrace (most recent call first):
       [0] _start_plan_and_wait (res://test/integration/test_campfire_example_smoke.gd:57)
WARNING: [GdPAI] ObjectRef(124621163998): object was freed before callback; returning Nil.
   at: gdplanningai_rust::logger::process_logs (src\logger.rs:66)
   GDScript backtrace (most recent call first):
       [0] _start_plan_and_wait (res://test/integration/test_campfire_example_smoke.gd:57)
[GdPAI | debug] GetCost: callable returned non-numeric value: null; returning INFINITY
WARNING: [GdPAI] ObjectRef(124621163998): object was freed before callback; returning Nil.
   at: gdplanningai_rust::logger::process_logs (src\logger.rs:66)
   GDScript backtrace (most recent call first):
       [0] _process (res://addons/GdPlanningAI/gdpai_autoload.gd:21)
WARNING: [GdPAI] ObjectRef(124621163998): object was freed before callback; returning Nil.
   at: gdplanningai_rust::logger::process_logs (src\logger.rs:66)
   GDScript backtrace (most recent call first):
       [0] _process (res://addons/GdPlanningAI/gdpai_autoload.gd:21)
[GdPAI | debug] ApplyEffect [Before] ID=InstanceId(-9223370334286105164): agent props = {"held_item": "potato", "hunger": 70.0627442063492, "entity": null}
[GdPAI | debug] ApplyEffect [After] ID=InstanceId(-9223370334286105164): agent props = {"held_item": "potato", "hunger": 70.0627442063492, "entity": null}
[GdPAI | debug]   Snapshotting prop: held_item = Str("potato") (Variant type: STRING)
[GdPAI | debug]   Snapshotting prop: hunger = Float(70.0627442063492) (Variant type: FLOAT)
[GdPAI | debug]   Snapshotting prop: entity = Nil (Variant type: NIL)
[GdPAI | debug] Discovery: Simulation success for Pick Up Wood. Agent props: {"held_item": Str("potato"), "hunger": Float(70.0627442063492), "entity": Nil}
[GdPAI | debug] Discovery: Action Pick Up Wood satisfied precond Builtin { target: Agent, operation: Equal, property_name: "held_item", value: Some(Str("potato")) }
[GdPAI | debug] Found candidate: Pick Up Wood (satisfied preconds: [0], requirements: [])
[GdPAI | debug] Discovery: Starting simulation for action Pick Up Wood
WARNING: [GdPAI] ObjectRef(124621163998): object was freed before callback; returning Nil.
   at: gdplanningai_rust::logger::process_logs (src\logger.rs:66)
   GDScript backtrace (most recent call first):
       [0] _start_plan_and_wait (res://test/integration/test_campfire_example_smoke.gd:57)
WARNING: [GdPAI] ObjectRef(124621163998): object was freed before callback; returning Nil.
   at: gdplanningai_rust::logger::process_logs (src\logger.rs:66)
   GDScript backtrace (most recent call first):
       [0] _start_plan_and_wait (res://test/integration/test_campfire_example_smoke.gd:57)
[GdPAI | debug] GetCost: callable returned non-numeric value: null; returning INFINITY
WARNING: [GdPAI] ObjectRef(124621163998): object was freed before callback; returning Nil.
   at: gdplanningai_rust::logger::process_logs (src\logger.rs:66)
   GDScript backtrace (most recent call first):
       [0] _process (res://addons/GdPlanningAI/gdpai_autoload.gd:21)
WARNING: [GdPAI] ObjectRef(124621163998): object was freed before callback; returning Nil.
   at: gdplanningai_rust::logger::process_logs (src\logger.rs:66)
   GDScript backtrace (most recent call first):
       [0] _process (res://addons/GdPlanningAI/gdpai_autoload.gd:21)
[GdPAI | debug] ApplyEffect [Before] ID=InstanceId(-9223370331786299911): agent props = {"entity": null, "held_item": "potato", "hunger": 70.0627442063492}
[GdPAI | debug] ApplyEffect [After] ID=InstanceId(-9223370331786299911): agent props = {"entity": null, "held_item": "potato", "hunger": 70.0627442063492}
[GdPAI | debug]   Snapshotting prop: entity = Nil (Variant type: NIL)
[GdPAI | debug]   Snapshotting prop: held_item = Str("potato") (Variant type: STRING)
[GdPAI | debug]   Snapshotting prop: hunger = Float(70.0627442063492) (Variant type: FLOAT)
[GdPAI | debug] Discovery: Simulation success for Pick Up Wood. Agent props: {"entity": Nil, "hunger": Float(70.0627442063492), "held_item": Str("potato")}
[GdPAI | debug] Discovery: Action Pick Up Wood satisfied precond Builtin { target: Agent, operation: Equal, property_name: "held_item", value: Some(Str("potato")) }
[GdPAI | debug] Found candidate: Pick Up Wood (satisfied preconds: [0], requirements: [])
WARNING: [GdPAI] ObjectRef(124621163998): object was freed before callback; returning Nil.
   at: gdplanningai_rust::logger::process_logs (src\logger.rs:66)
   GDScript backtrace (most recent call first):
       [0] _start_plan_and_wait (res://test/integration/test_campfire_example_smoke.gd:57)
WARNING: [GdPAI] ObjectRef(124621163998): object was freed before callback; returning Nil.
   at: gdplanningai_rust::logger::process_logs (src\logger.rs:66)
   GDScript backtrace (most recent call first):
       [0] _start_plan_and_wait (res://test/integration/test_campfire_example_smoke.gd:57)
[GdPAI | debug] Discovery: Action Dig Potato failed validity check, skipping
WARNING: [GdPAI] ObjectRef(124621163998): object was freed before callback; returning Nil.
   at: gdplanningai_rust::logger::process_logs (src\logger.rs:66)
   GDScript backtrace (most recent call first):
       [0] _process (res://addons/GdPlanningAI/gdpai_autoload.gd:21)
WARNING: [GdPAI] ObjectRef(124621163998): object was freed before callback; returning Nil.
   at: gdplanningai_rust::logger::process_logs (src\logger.rs:66)
   GDScript backtrace (most recent call first):
       [0] _process (res://addons/GdPlanningAI/gdpai_autoload.gd:21)
[GdPAI | debug] Discovery: Action Dig Potato failed validity check, skipping
WARNING: [GdPAI] ObjectRef(124621163998): object was freed before callback; returning Nil.
   at: gdplanningai_rust::logger::process_logs (src\logger.rs:66)
   GDScript backtrace (most recent call first):
       [0] _start_plan_and_wait (res://test/integration/test_campfire_example_smoke.gd:57)
WARNING: [GdPAI] ObjectRef(124621163998): object was freed before callback; returning Nil.
   at: gdplanningai_rust::logger::process_logs (src\logger.rs:66)
   GDScript backtrace (most recent call first):
       [0] _start_plan_and_wait (res://test/integration/test_campfire_example_smoke.gd:57)
[GdPAI | debug] Discovery: Action Dig Potato failed validity check, skipping
WARNING: [GdPAI] ObjectRef(124621163998): object was freed before callback; returning Nil.
   at: gdplanningai_rust::logger::process_logs (src\logger.rs:66)
   GDScript backtrace (most recent call first):
       [0] _process (res://addons/GdPlanningAI/gdpai_autoload.gd:21)
WARNING: [GdPAI] ObjectRef(124621163998): object was freed before callback; returning Nil.
   at: gdplanningai_rust::logger::process_logs (src\logger.rs:66)
   GDScript backtrace (most recent call first):
       [0] _process (res://addons/GdPlanningAI/gdpai_autoload.gd:21)
[GdPAI | debug] Discovery: Action Dig Potato failed validity check, skipping
WARNING: [GdPAI] ObjectRef(124621163998): object was freed before callback; returning Nil.
   at: gdplanningai_rust::logger::process_logs (src\logger.rs:66)
   GDScript backtrace (most recent call first):
       [0] _start_plan_and_wait (res://test/integration/test_campfire_example_smoke.gd:57)
WARNING: [GdPAI] ObjectRef(124621163998): object was freed before callback; returning Nil.
   at: gdplanningai_rust::logger::process_logs (src\logger.rs:66)
   GDScript backtrace (most recent call first):
       [0] _start_plan_and_wait (res://test/integration/test_campfire_example_smoke.gd:57)
[GdPAI | debug] Discovery: Action Dig Potato failed validity check, skipping
WARNING: [GdPAI] ObjectRef(124621163998): object was freed before callback; returning Nil.
   at: gdplanningai_rust::logger::process_logs (src\logger.rs:66)
   GDScript backtrace (most recent call first):
       [0] _process (res://addons/GdPlanningAI/gdpai_autoload.gd:21)
WARNING: [GdPAI] ObjectRef(124621163998): object was freed before callback; returning Nil.
   at: gdplanningai_rust::logger::process_logs (src\logger.rs:66)
   GDScript backtrace (most recent call first):
       [0] _process (res://addons/GdPlanningAI/gdpai_autoload.gd:21)
WARNING: [GdPAI] ObjectRef(124134624705): object was freed before callback; returning Nil.
   at: gdplanningai_rust::logger::process_logs (src\logger.rs:66)
   GDScript backtrace (most recent call first):
       [0] _process (res://addons/GdPlanningAI/gdpai_autoload.gd:21)
WARNING: [GdPAI] ObjectRef(123983629752): object was freed before callback; returning Nil.
   at: gdplanningai_rust::logger::process_logs (src\logger.rs:66)
   GDScript backtrace (most recent call first):
       [0] _process (res://addons/GdPlanningAI/gdpai_autoload.gd:21)
WARNING: [GdPAI] ObjectRef(124134624705): object was freed before callback; returning Nil.
   at: gdplanningai_rust::logger::process_logs (src\logger.rs:66)
   GDScript backtrace (most recent call first):
       [0] _process (res://addons/GdPlanningAI/gdpai_autoload.gd:21)
WARNING: [GdPAI] ObjectRef(123983629752): object was freed before callback; returning Nil.
   at: gdplanningai_rust::logger::process_logs (src\logger.rs:66)
   GDScript backtrace (most recent call first):
       [0] _process (res://addons/GdPlanningAI/gdpai_autoload.gd:21)
[GdPAI | debug] GetCost: callable returned non-numeric value: null; returning INFINITY
WARNING: [GdPAI] ObjectRef(124621163998): object was freed before callback; returning Nil.
   at: gdplanningai_rust::logger::process_logs (src\logger.rs:66)
   GDScript backtrace (most recent call first):
       [0] _start_plan_and_wait (res://test/integration/test_campfire_example_smoke.gd:57)
WARNING: [GdPAI] ObjectRef(124621163998): object was freed before callback; returning Nil.
   at: gdplanningai_rust::logger::process_logs (src\logger.rs:66)
   GDScript backtrace (most recent call first):
       [0] _start_plan_and_wait (res://test/integration/test_campfire_example_smoke.gd:57)
WARNING: [GdPAI] ObjectRef(124134624705): object was freed before callback; returning Nil.
   at: gdplanningai_rust::logger::process_logs (src\logger.rs:66)
   GDScript backtrace (most recent call first):
       [0] _start_plan_and_wait (res://test/integration/test_campfire_example_smoke.gd:57)
WARNING: [GdPAI] ObjectRef(123983629752): object was freed before callback; returning Nil.
   at: gdplanningai_rust::logger::process_logs (src\logger.rs:66)
   GDScript backtrace (most recent call first):
       [0] _start_plan_and_wait (res://test/integration/test_campfire_example_smoke.gd:57)
WARNING: [GdPAI] ObjectRef(124134624705): object was freed before callback; returning Nil.
   at: gdplanningai_rust::logger::process_logs (src\logger.rs:66)
   GDScript backtrace (most recent call first):
       [0] _start_plan_and_wait (res://test/integration/test_campfire_example_smoke.gd:57)
WARNING: [GdPAI] ObjectRef(123983629752): object was freed before callback; returning Nil.
   at: gdplanningai_rust::logger::process_logs (src\logger.rs:66)
   GDScript backtrace (most recent call first):
       [0] _start_plan_and_wait (res://test/integration/test_campfire_example_smoke.gd:57)
[GdPAI | debug] ApplyEffect [Before] ID=InstanceId(-9223370322844043749): agent props = {"hunger": 70.0627442063492, "entity": null, "at_target": null, "held_item": ""}
[GdPAI | debug] ApplyEffect [After] ID=InstanceId(-9223370322844043749): agent props = {"hunger": 70.0627442063492, "entity": null, "at_target": null, "held_item": ""}
[GdPAI | debug]   Snapshotting prop: hunger = Float(70.0627442063492) (Variant type: FLOAT)
[GdPAI | debug]   Snapshotting prop: entity = Nil (Variant type: NIL)
[GdPAI | debug]   Snapshotting prop: at_target = Nil (Variant type: NIL)
[GdPAI | debug]   Snapshotting prop: held_item = Str("") (Variant type: STRING)
WARNING: [GdPAI] ObjectRef(124621163998): object was freed before callback; returning Nil.
   at: gdplanningai_rust::logger::process_logs (src\logger.rs:66)
   GDScript backtrace (most recent call first):
       [0] _process (res://addons/GdPlanningAI/gdpai_autoload.gd:21)
WARNING: [GdPAI] ObjectRef(123983629752): object was freed before callback; returning Nil.
   at: gdplanningai_rust::logger::process_logs (src\logger.rs:66)
   GDScript backtrace (most recent call first):
       [0] _process (res://addons/GdPlanningAI/gdpai_autoload.gd:21)
WARNING: [GdPAI] ObjectRef(123983629752): object was freed before callback; returning Nil.
   at: gdplanningai_rust::logger::process_logs (src\logger.rs:66)
   GDScript backtrace (most recent call first):
       [0] _process (res://addons/GdPlanningAI/gdpai_autoload.gd:21)
[GdPAI | debug] GetCost: callable returned non-numeric value: null; returning INFINITY
WARNING: [GdPAI] ObjectRef(124621163998): object was freed before callback; returning Nil.
   at: gdplanningai_rust::logger::process_logs (src\logger.rs:66)
   GDScript backtrace (most recent call first):
       [0] _start_plan_and_wait (res://test/integration/test_campfire_example_smoke.gd:57)
WARNING: [GdPAI] ObjectRef(123983629752): object was freed before callback; returning Nil.
   at: gdplanningai_rust::logger::process_logs (src\logger.rs:66)
   GDScript backtrace (most recent call first):
       [0] _start_plan_and_wait (res://test/integration/test_campfire_example_smoke.gd:57)
WARNING: [GdPAI] ObjectRef(123983629752): object was freed before callback; returning Nil.
   at: gdplanningai_rust::logger::process_logs (src\logger.rs:66)
   GDScript backtrace (most recent call first):
       [0] _start_plan_and_wait (res://test/integration/test_campfire_example_smoke.gd:57)
[GdPAI | debug] ApplyEffect [Before] ID=InstanceId(-9223370320092580315): agent props = {"hunger": 70.0627442063492, "at_target": null, "entity": null, "held_item": ""}
[GdPAI | debug] ApplyEffect [After] ID=InstanceId(-9223370320092580315): agent props = {"hunger": 70.0627442063492, "at_target": null, "entity": null, "held_item": ""}
[GdPAI | debug]   Snapshotting prop: hunger = Float(70.0627442063492) (Variant type: FLOAT)
[GdPAI | debug]   Snapshotting prop: at_target = Nil (Variant type: NIL)
[GdPAI | debug]   Snapshotting prop: entity = Nil (Variant type: NIL)
[GdPAI | debug]   Snapshotting prop: held_item = Str("") (Variant type: STRING)
WARNING: [GdPAI] ObjectRef(124621163998): object was freed before callback; returning Nil.
   at: gdplanningai_rust::logger::process_logs (src\logger.rs:66)
   GDScript backtrace (most recent call first):
       [0] _process (res://addons/GdPlanningAI/gdpai_autoload.gd:21)
WARNING: [GdPAI] ObjectRef(124134624705): object was freed before callback; returning Nil.
   at: gdplanningai_rust::logger::process_logs (src\logger.rs:66)
   GDScript backtrace (most recent call first):
       [0] _process (res://addons/GdPlanningAI/gdpai_autoload.gd:21)
WARNING: [GdPAI] ObjectRef(124134624705): object was freed before callback; returning Nil.
   at: gdplanningai_rust::logger::process_logs (src\logger.rs:66)
   GDScript backtrace (most recent call first):
       [0] _process (res://addons/GdPlanningAI/gdpai_autoload.gd:21)
[GdPAI | debug] GetCost: callable returned non-numeric value: null; returning INFINITY
WARNING: [GdPAI] ObjectRef(124621163998): object was freed before callback; returning Nil.
   at: gdplanningai_rust::logger::process_logs (src\logger.rs:66)
   GDScript backtrace (most recent call first):
       [0] _start_plan_and_wait (res://test/integration/test_campfire_example_smoke.gd:57)
WARNING: [GdPAI] ObjectRef(124134624705): object was freed before callback; returning Nil.
   at: gdplanningai_rust::logger::process_logs (src\logger.rs:66)
   GDScript backtrace (most recent call first):
       [0] _start_plan_and_wait (res://test/integration/test_campfire_example_smoke.gd:57)
WARNING: [GdPAI] ObjectRef(124134624705): object was freed before callback; returning Nil.
   at: gdplanningai_rust::logger::process_logs (src\logger.rs:66)
   GDScript backtrace (most recent call first):
       [0] _start_plan_and_wait (res://test/integration/test_campfire_example_smoke.gd:57)
[GdPAI | debug] ApplyEffect [Before] ID=InstanceId(-9223370317492111831): agent props = {"held_item": "", "hunger": 70.0627442063492, "entity": null, "at_target": null}
[GdPAI | debug] ApplyEffect [After] ID=InstanceId(-9223370317492111831): agent props = {"held_item": "", "hunger": 70.0627442063492, "entity": null, "at_target": null}
[GdPAI | debug]   Snapshotting prop: held_item = Str("") (Variant type: STRING)
[GdPAI | debug]   Snapshotting prop: hunger = Float(70.0627442063492) (Variant type: FLOAT)
[GdPAI | debug]   Snapshotting prop: entity = Nil (Variant type: NIL)
[GdPAI | debug]   Snapshotting prop: at_target = Nil (Variant type: NIL)
WARNING: [GdPAI] ObjectRef(124621163998): object was freed before callback; returning Nil.
   at: gdplanningai_rust::logger::process_logs (src\logger.rs:66)
   GDScript backtrace (most recent call first):
       [0] _process (res://addons/GdPlanningAI/gdpai_autoload.gd:21)
[GdPAI | debug] GetCost: callable returned non-numeric value: null; returning INFINITY
WARNING: [GdPAI] ObjectRef(124621163998): object was freed before callback; returning Nil.
   at: gdplanningai_rust::logger::process_logs (src\logger.rs:66)
   GDScript backtrace (most recent call first):
       [0] _start_plan_and_wait (res://test/integration/test_campfire_example_smoke.gd:57)
[GdPAI | debug] ApplyEffect [Before] ID=InstanceId(-9223370314992306595): agent props = {"at_target": null, "entity": null, "held_item": "wood", "hunger": 70.0627442063492}
[GdPAI | debug] ApplyEffect [After] ID=InstanceId(-9223370314992306595): agent props = {"at_target": null, "entity": null, "held_item": "wood", "hunger": 70.0627442063492}
[GdPAI | debug]   Snapshotting prop: at_target = Nil (Variant type: NIL)
[GdPAI | debug]   Snapshotting prop: entity = Nil (Variant type: NIL)
[GdPAI | debug]   Snapshotting prop: held_item = Str("wood") (Variant type: STRING)
[GdPAI | debug]   Snapshotting prop: hunger = Float(70.0627442063492) (Variant type: FLOAT)
WARNING: [GdPAI] ObjectRef(124621163998): object was freed before callback; returning Nil.
   at: gdplanningai_rust::logger::process_logs (src\logger.rs:66)
   GDScript backtrace (most recent call first):
       [0] _process (res://addons/GdPlanningAI/gdpai_autoload.gd:21)
WARNING: [GdPAI] ObjectRef(124621163998): object was freed before callback; returning Nil.
   at: gdplanningai_rust::logger::process_logs (src\logger.rs:66)
   GDScript backtrace (most recent call first):
       [0] _process (res://addons/GdPlanningAI/gdpai_autoload.gd:21)
[GdPAI | debug] GetCost: callable returned non-numeric value: null; returning INFINITY
WARNING: [GdPAI] ObjectRef(124621163998): object was freed before callback; returning Nil.
   at: gdplanningai_rust::logger::process_logs (src\logger.rs:66)
   GDScript backtrace (most recent call first):
       [0] _start_plan_and_wait (res://test/integration/test_campfire_example_smoke.gd:57)
WARNING: [GdPAI] ObjectRef(124621163998): object was freed before callback; returning Nil.
   at: gdplanningai_rust::logger::process_logs (src\logger.rs:66)
   GDScript backtrace (most recent call first):
       [0] _start_plan_and_wait (res://test/integration/test_campfire_example_smoke.gd:57)
[GdPAI | debug] ApplyEffect [Before] ID=InstanceId(-9223370312542833039): agent props = {"held_item": "", "hunger": 70.0627442063492, "entity": null}
[GdPAI | debug] ApplyEffect [After] ID=InstanceId(-9223370312542833039): agent props = {"held_item": "", "hunger": 70.0627442063492, "entity": null}
[GdPAI | debug]   Snapshotting prop: held_item = Str("") (Variant type: STRING)
[GdPAI | debug]   Snapshotting prop: hunger = Float(70.0627442063492) (Variant type: FLOAT)
[GdPAI | debug]   Snapshotting prop: entity = Nil (Variant type: NIL)
WARNING: [GdPAI] ObjectRef(124621163998): object was freed before callback; returning Nil.
   at: gdplanningai_rust::logger::process_logs (src\logger.rs:66)
   GDScript backtrace (most recent call first):
       [0] _process (res://addons/GdPlanningAI/gdpai_autoload.gd:21)
[GdPAI | debug] GetCost: callable returned non-numeric value: null; returning INFINITY
WARNING: [GdPAI] ObjectRef(124621163998): object was freed before callback; returning Nil.
   at: gdplanningai_rust::logger::process_logs (src\logger.rs:66)
   GDScript backtrace (most recent call first):
       [0] _start_plan_and_wait (res://test/integration/test_campfire_example_smoke.gd:57)
[GdPAI | debug] ApplyEffect [Before] ID=InstanceId(-9223370310093359482): agent props = {"hunger": 70.0627442063492, "entity": null, "held_item": ""}
[GdPAI | debug] ApplyEffect [After] ID=InstanceId(-9223370310093359482): agent props = {"hunger": 70.0627442063492, "entity": null, "held_item": ""}
[GdPAI | debug]   Snapshotting prop: hunger = Float(70.0627442063492) (Variant type: FLOAT)
[GdPAI | debug]   Snapshotting prop: entity = Nil (Variant type: NIL)
[GdPAI | debug]   Snapshotting prop: held_item = Str("") (Variant type: STRING)
WARNING: [GdPAI] ObjectRef(124621163998): object was freed before callback; returning Nil.
   at: gdplanningai_rust::logger::process_logs (src\logger.rs:66)
   GDScript backtrace (most recent call first):
       [0] _process (res://addons/GdPlanningAI/gdpai_autoload.gd:21)
[GdPAI | debug] GetCost: callable returned non-numeric value: null; returning INFINITY
WARNING: [GdPAI] ObjectRef(124621163998): object was freed before callback; returning Nil.
   at: gdplanningai_rust::logger::process_logs (src\logger.rs:66)
   GDScript backtrace (most recent call first):
       [0] _start_plan_and_wait (res://test/integration/test_campfire_example_smoke.gd:57)
[GdPAI | debug] ApplyEffect [Before] ID=InstanceId(-9223370307694217584): agent props = {"held_item": "", "hunger": 70.0627442063492, "entity": null}
[GdPAI | debug] ApplyEffect [After] ID=InstanceId(-9223370307694217584): agent props = {"held_item": "", "hunger": 70.0627442063492, "entity": null}
[GdPAI | debug]   Snapshotting prop: held_item = Str("") (Variant type: STRING)
[GdPAI | debug]   Snapshotting prop: hunger = Float(70.0627442063492) (Variant type: FLOAT)
[GdPAI | debug]   Snapshotting prop: entity = Nil (Variant type: NIL)
WARNING: [GdPAI] ObjectRef(124621163998): object was freed before callback; returning Nil.
   at: gdplanningai_rust::logger::process_logs (src\logger.rs:66)
   GDScript backtrace (most recent call first):
       [0] _process (res://addons/GdPlanningAI/gdpai_autoload.gd:21)
[GdPAI | debug] GetCost: callable returned non-numeric value: null; returning INFINITY
[GdPAI | debug] ApplyEffect [Before] ID=InstanceId(-9223370305915832711): agent props = {"at_target": VariantGd { id: 1383650561484, class: Node }, "held_item": "", "entity": VariantGd { id: 1382643928884, class: RigidBody2D }, "hunger": 95.0603725}
[GdPAI | debug] ApplyEffect [After] ID=InstanceId(-9223370305915832711): agent props = {"at_target": VariantGd { id: 1383650561484, class: Node }, "held_item": "", "entity": VariantGd { id: 1382643928884, class: RigidBody2D }, "hunger": 95.0603725}
[GdPAI | debug]   Snapshotting prop: at_target = ObjectRef(1383650561484) (Variant type: OBJECT)
[GdPAI | debug]   Snapshotting prop: held_item = Str("") (Variant type: STRING)
[GdPAI | debug]   Snapshotting prop: entity = ObjectRef(1382643928884) (Variant type: OBJECT)
[GdPAI | debug]   Snapshotting prop: hunger = Float(95.0603725) (Variant type: FLOAT)
WARNING: [GdPAI] ObjectRef(124621163998): object was freed before callback; returning Nil.
   at: gdplanningai_rust::logger::process_logs (src\logger.rs:66)
   GDScript backtrace (most recent call first):
       [0] _start_plan_and_wait (res://test/integration/test_campfire_example_smoke.gd:57)
[GdPAI | debug] ApplyEffect [Before] ID=InstanceId(-9223370305295075751): agent props = {"held_item": "wood", "hunger": 70.0627442063492, "entity": null}
[GdPAI | debug] ApplyEffect [After] ID=InstanceId(-9223370305295075751): agent props = {"held_item": "wood", "hunger": 70.0627442063492, "entity": null}
[GdPAI | debug]   Snapshotting prop: held_item = Str("wood") (Variant type: STRING)
[GdPAI | debug]   Snapshotting prop: hunger = Float(70.0627442063492) (Variant type: FLOAT)
[GdPAI | debug]   Snapshotting prop: entity = Nil (Variant type: NIL)
[GdPAI | debug] Numeric comparison: 70.0627442063492 GreaterThan 0 -> true
WARNING: [GdPAI] ObjectRef(124621163998): object was freed before callback; returning Nil.
   at: gdplanningai_rust::logger::process_logs (src\logger.rs:66)
   GDScript backtrace (most recent call first):
       [0] _process (res://addons/GdPlanningAI/gdpai_autoload.gd:21)
WARNING: [GdPAI] ObjectRef(124621163998): object was freed before callback; returning Nil.
   at: gdplanningai_rust::logger::process_logs (src\logger.rs:66)
   GDScript backtrace (most recent call first):
       [0] _process (res://addons/GdPlanningAI/gdpai_autoload.gd:21)
WARNING: [GdPAI] ObjectRef(124134624705): object was freed before callback; returning Nil.
   at: gdplanningai_rust::logger::process_logs (src\logger.rs:66)
   GDScript backtrace (most recent call first):
       [0] _process (res://addons/GdPlanningAI/gdpai_autoload.gd:21)
WARNING: [GdPAI] ObjectRef(123983629752): object was freed before callback; returning Nil.
   at: gdplanningai_rust::logger::process_logs (src\logger.rs:66)
   GDScript backtrace (most recent call first):
       [0] _process (res://addons/GdPlanningAI/gdpai_autoload.gd:21)
WARNING: [GdPAI] ObjectRef(124134624705): object was freed before callback; returning Nil.
   at: gdplanningai_rust::logger::process_logs (src\logger.rs:66)
   GDScript backtrace (most recent call first):
       [0] _process (res://addons/GdPlanningAI/gdpai_autoload.gd:21)
WARNING: [GdPAI] ObjectRef(123983629752): object was freed before callback; returning Nil.
   at: gdplanningai_rust::logger::process_logs (src\logger.rs:66)
   GDScript backtrace (most recent call first):
       [0] _process (res://addons/GdPlanningAI/gdpai_autoload.gd:21)
[GdPAI | debug] GetCost: callable returned non-numeric value: null; returning INFINITY
[GdPAI | debug] ApplyEffect [Before] ID=InstanceId(-9223370303516690794): agent props = {"hunger": 95.0603725, "entity": VariantGd { id: 1382643928884, class: RigidBody2D }, "held_item": "", "at_target": VariantGd { id: 1383650561484, class: Node }}
[GdPAI | debug] ApplyEffect [After] ID=InstanceId(-9223370303516690794): agent props = {"hunger": 95.0603725, "entity": VariantGd { id: 1382643928884, class: RigidBody2D }, "held_item": "potato", "at_target": VariantGd { id: 1383650561484, class: Node }}
[GdPAI | debug]   Snapshotting prop: hunger = Float(95.0603725) (Variant type: FLOAT)
[GdPAI | debug]   Snapshotting prop: entity = ObjectRef(1382643928884) (Variant type: OBJECT)
[GdPAI | debug]   Snapshotting prop: held_item = Str("potato") (Variant type: STRING)
[GdPAI | debug]   Snapshotting prop: at_target = ObjectRef(1383650561484) (Variant type: OBJECT)
WARNING: [GdPAI] ObjectRef(124621163998): object was freed before callback; returning Nil.
   at: gdplanningai_rust::logger::process_logs (src\logger.rs:66)
   GDScript backtrace (most recent call first):
       [0] _start_plan_and_wait (res://test/integration/test_campfire_example_smoke.gd:57)
WARNING: [GdPAI] ObjectRef(124621163998): object was freed before callback; returning Nil.
   at: gdplanningai_rust::logger::process_logs (src\logger.rs:66)
   GDScript backtrace (most recent call first):
       [0] _start_plan_and_wait (res://test/integration/test_campfire_example_smoke.gd:57)
WARNING: [GdPAI] ObjectRef(124134624705): object was freed before callback; returning Nil.
   at: gdplanningai_rust::logger::process_logs (src\logger.rs:66)
   GDScript backtrace (most recent call first):
       [0] _start_plan_and_wait (res://test/integration/test_campfire_example_smoke.gd:57)
WARNING: [GdPAI] ObjectRef(123983629752): object was freed before callback; returning Nil.
   at: gdplanningai_rust::logger::process_logs (src\logger.rs:66)
   GDScript backtrace (most recent call first):
       [0] _start_plan_and_wait (res://test/integration/test_campfire_example_smoke.gd:57)
WARNING: [GdPAI] ObjectRef(124134624705): object was freed before callback; returning Nil.
   at: gdplanningai_rust::logger::process_logs (src\logger.rs:66)
   GDScript backtrace (most recent call first):
       [0] _start_plan_and_wait (res://test/integration/test_campfire_example_smoke.gd:57)
WARNING: [GdPAI] ObjectRef(123983629752): object was freed before callback; returning Nil.
   at: gdplanningai_rust::logger::process_logs (src\logger.rs:66)
   GDScript backtrace (most recent call first):
       [0] _start_plan_and_wait (res://test/integration/test_campfire_example_smoke.gd:57)
[GdPAI | debug] ApplyEffect [Before] ID=InstanceId(-9223370302644275561): agent props = {"hunger": 70.0627442063492, "entity": null, "held_item": "", "at_target": null}
[GdPAI | debug] ApplyEffect [After] ID=InstanceId(-9223370302644275561): agent props = {"hunger": 70.0627442063492, "entity": null, "held_item": "", "at_target": null}
[GdPAI | debug]   Snapshotting prop: hunger = Float(70.0627442063492) (Variant type: FLOAT)
[GdPAI | debug]   Snapshotting prop: entity = Nil (Variant type: NIL)
[GdPAI | debug]   Snapshotting prop: held_item = Str("") (Variant type: STRING)
[GdPAI | debug]   Snapshotting prop: at_target = Nil (Variant type: NIL)
WARNING: [GdPAI] ObjectRef(124621163998): object was freed before callback; returning Nil.
   at: gdplanningai_rust::logger::process_logs (src\logger.rs:66)
   GDScript backtrace (most recent call first):
       [0] _process (res://addons/GdPlanningAI/gdpai_autoload.gd:21)
WARNING: [GdPAI] ObjectRef(123983629752): object was freed before callback; returning Nil.
   at: gdplanningai_rust::logger::process_logs (src\logger.rs:66)
   GDScript backtrace (most recent call first):
       [0] _process (res://addons/GdPlanningAI/gdpai_autoload.gd:21)
WARNING: [GdPAI] ObjectRef(123983629752): object was freed before callback; returning Nil.
   at: gdplanningai_rust::logger::process_logs (src\logger.rs:66)
   GDScript backtrace (most recent call first):
       [0] _process (res://addons/GdPlanningAI/gdpai_autoload.gd:21)
[GdPAI | debug] GetCost: callable returned non-numeric value: null; returning INFINITY
[GdPAI | debug] ApplyEffect [Before] ID=InstanceId(-9223370300614232430): agent props = {"held_item": "potato", "entity": VariantGd { id: 1382643928884, class: RigidBody2D }, "at_target": VariantGd { id: 1383650561484, class: Node }, "hunger": 95.0603725}
[GdPAI | debug] ApplyEffect [After] ID=InstanceId(-9223370300614232430): agent props = {"held_item": "potato", "entity": VariantGd { id: 1382643928884, class: RigidBody2D }, "at_target": VariantGd { id: 1383650561484, class: Node }, "hunger": 95.0603725}
[GdPAI | debug]   Snapshotting prop: held_item = Str("potato") (Variant type: STRING)
[GdPAI | debug]   Snapshotting prop: entity = ObjectRef(1382643928884) (Variant type: OBJECT)
[GdPAI | debug]   Snapshotting prop: at_target = ObjectRef(1383650561484) (Variant type: OBJECT)
[GdPAI | debug]   Snapshotting prop: hunger = Float(95.0603725) (Variant type: FLOAT)
WARNING: [GdPAI] ObjectRef(124621163998): object was freed before callback; returning Nil.
   at: gdplanningai_rust::logger::process_logs (src\logger.rs:66)
   GDScript backtrace (most recent call first):
       [0] _start_plan_and_wait (res://test/integration/test_campfire_example_smoke.gd:57)
WARNING: [GdPAI] ObjectRef(123983629752): object was freed before callback; returning Nil.
   at: gdplanningai_rust::logger::process_logs (src\logger.rs:66)
   GDScript backtrace (most recent call first):
       [0] _start_plan_and_wait (res://test/integration/test_campfire_example_smoke.gd:57)
WARNING: [GdPAI] ObjectRef(123983629752): object was freed before callback; returning Nil.
   at: gdplanningai_rust::logger::process_logs (src\logger.rs:66)
   GDScript backtrace (most recent call first):
       [0] _start_plan_and_wait (res://test/integration/test_campfire_example_smoke.gd:57)
[GdPAI | debug] ApplyEffect [Before] ID=InstanceId(-9223370299892812099): agent props = {"at_target": null, "hunger": 70.0627442063492, "held_item": "", "entity": null}
[GdPAI | debug] ApplyEffect [After] ID=InstanceId(-9223370299892812099): agent props = {"at_target": null, "hunger": 70.0627442063492, "held_item": "", "entity": null}
[GdPAI | debug]   Snapshotting prop: at_target = Nil (Variant type: NIL)
[GdPAI | debug]   Snapshotting prop: hunger = Float(70.0627442063492) (Variant type: FLOAT)
[GdPAI | debug]   Snapshotting prop: held_item = Str("") (Variant type: STRING)
[GdPAI | debug]   Snapshotting prop: entity = Nil (Variant type: NIL)
WARNING: [GdPAI] ObjectRef(124621163998): object was freed before callback; returning Nil.
   at: gdplanningai_rust::logger::process_logs (src\logger.rs:66)
   GDScript backtrace (most recent call first):
       [0] _process (res://addons/GdPlanningAI/gdpai_autoload.gd:21)
WARNING: [GdPAI] ObjectRef(124134624705): object was freed before callback; returning Nil.
   at: gdplanningai_rust::logger::process_logs (src\logger.rs:66)
   GDScript backtrace (most recent call first):
       [0] _process (res://addons/GdPlanningAI/gdpai_autoload.gd:21)
WARNING: [GdPAI] ObjectRef(124134624705): object was freed before callback; returning Nil.
   at: gdplanningai_rust::logger::process_logs (src\logger.rs:66)
   GDScript backtrace (most recent call first):
       [0] _process (res://addons/GdPlanningAI/gdpai_autoload.gd:21)
[GdPAI | debug] GetCost: callable returned non-numeric value: null; returning INFINITY
[GdPAI | debug] ApplyEffect [Before] ID=InstanceId(-9223370298013763943): agent props = {"at_target": VariantGd { id: 1383650561484, class: Node }, "entity": VariantGd { id: 1382643928884, class: RigidBody2D }, "held_item": "", "hunger": 95.0603725}
[GdPAI | debug] ApplyEffect [After] ID=InstanceId(-9223370298013763943): agent props = {"at_target": VariantGd { id: 1383650561484, class: Node }, "entity": VariantGd { id: 1382643928884, class: RigidBody2D }, "held_item": "", "hunger": 95.0603725}
[GdPAI | debug]   Snapshotting prop: at_target = ObjectRef(1383650561484) (Variant type: OBJECT)
[GdPAI | debug]   Snapshotting prop: entity = ObjectRef(1382643928884) (Variant type: OBJECT)
[GdPAI | debug]   Snapshotting prop: held_item = Str("") (Variant type: STRING)
[GdPAI | debug]   Snapshotting prop: hunger = Float(95.0603725) (Variant type: FLOAT)
WARNING: [GdPAI] ObjectRef(124621163998): object was freed before callback; returning Nil.
   at: gdplanningai_rust::logger::process_logs (src\logger.rs:66)
   GDScript backtrace (most recent call first):
       [0] _start_plan_and_wait (res://test/integration/test_campfire_example_smoke.gd:57)
WARNING: [GdPAI] ObjectRef(124134624705): object was freed before callback; returning Nil.
   at: gdplanningai_rust::logger::process_logs (src\logger.rs:66)
   GDScript backtrace (most recent call first):
       [0] _start_plan_and_wait (res://test/integration/test_campfire_example_smoke.gd:57)
WARNING: [GdPAI] ObjectRef(124134624705): object was freed before callback; returning Nil.
   at: gdplanningai_rust::logger::process_logs (src\logger.rs:66)
   GDScript backtrace (most recent call first):
       [0] _start_plan_and_wait (res://test/integration/test_campfire_example_smoke.gd:57)
[GdPAI | debug] ApplyEffect [Before] ID=InstanceId(-9223370297292343598): agent props = {"hunger": 70.0627442063492, "at_target": null, "held_item": "", "entity": null}
[GdPAI | debug] ApplyEffect [After] ID=InstanceId(-9223370297292343598): agent props = {"hunger": 70.0627442063492, "at_target": null, "held_item": "", "entity": null}
[GdPAI | debug]   Snapshotting prop: hunger = Float(70.0627442063492) (Variant type: FLOAT)
[GdPAI | debug]   Snapshotting prop: at_target = Nil (Variant type: NIL)
[GdPAI | debug]   Snapshotting prop: held_item = Str("") (Variant type: STRING)
[GdPAI | debug]   Snapshotting prop: entity = Nil (Variant type: NIL)
WARNING: [GdPAI] ObjectRef(124621163998): object was freed before callback; returning Nil.
   at: gdplanningai_rust::logger::process_logs (src\logger.rs:66)
   GDScript backtrace (most recent call first):
       [0] _process (res://addons/GdPlanningAI/gdpai_autoload.gd:21)
[GdPAI | debug] GetCost: callable returned non-numeric value: null; returning INFINITY
[GdPAI | debug] ApplyEffect [Before] ID=InstanceId(-9223370295413295437): agent props = {"at_target": VariantGd { id: 1383650561484, class: Node }, "held_item": "", "hunger": 95.0603725, "entity": VariantGd { id: 1382643928884, class: RigidBody2D }}
[GdPAI | debug] ApplyEffect [After] ID=InstanceId(-9223370295413295437): agent props = {"at_target": VariantGd { id: 1383650561484, class: Node }, "held_item": "potato", "hunger": 95.0603725, "entity": VariantGd { id: 1382643928884, class: RigidBody2D }}
[GdPAI | debug]   Snapshotting prop: at_target = ObjectRef(1383650561484) (Variant type: OBJECT)
[GdPAI | debug]   Snapshotting prop: held_item = Str("potato") (Variant type: STRING)
[GdPAI | debug]   Snapshotting prop: hunger = Float(95.0603725) (Variant type: FLOAT)
[GdPAI | debug]   Snapshotting prop: entity = ObjectRef(1382643928884) (Variant type: OBJECT)
WARNING: [GdPAI] ObjectRef(124621163998): object was freed before callback; returning Nil.
   at: gdplanningai_rust::logger::process_logs (src\logger.rs:66)
   GDScript backtrace (most recent call first):
       [0] _start_plan_and_wait (res://test/integration/test_campfire_example_smoke.gd:57)
[GdPAI | debug] ApplyEffect [Before] ID=InstanceId(-9223370294792538451): agent props = {"entity": null, "hunger": 70.0627442063492, "at_target": null, "held_item": "wood"}
[GdPAI | debug] ApplyEffect [After] ID=InstanceId(-9223370294792538451): agent props = {"entity": null, "hunger": 70.0627442063492, "at_target": null, "held_item": "wood"}
[GdPAI | debug]   Snapshotting prop: entity = Nil (Variant type: NIL)
[GdPAI | debug]   Snapshotting prop: hunger = Float(70.0627442063492) (Variant type: FLOAT)
[GdPAI | debug]   Snapshotting prop: at_target = Nil (Variant type: NIL)
[GdPAI | debug]   Snapshotting prop: held_item = Str("wood") (Variant type: STRING)
WARNING: [GdPAI] ObjectRef(124621163998): object was freed before callback; returning Nil.
   at: gdplanningai_rust::logger::process_logs (src\logger.rs:66)
   GDScript backtrace (most recent call first):
       [0] _process (res://addons/GdPlanningAI/gdpai_autoload.gd:21)
WARNING: [GdPAI] ObjectRef(124621163998): object was freed before callback; returning Nil.
   at: gdplanningai_rust::logger::process_logs (src\logger.rs:66)
   GDScript backtrace (most recent call first):
       [0] _process (res://addons/GdPlanningAI/gdpai_autoload.gd:21)
[GdPAI | debug] GetCost: callable returned non-numeric value: null; returning INFINITY
[GdPAI | debug] ApplyEffect [Before] ID=InstanceId(-9223370293014153517): agent props = {"hunger": 95.0603725, "held_item": "potato", "entity": VariantGd { id: 1382643928884, class: RigidBody2D }, "at_target": VariantGd { id: 1383650561484, class: Node }}
[GdPAI | debug] ApplyEffect [After] ID=InstanceId(-9223370293014153517): agent props = {"hunger": 95.0603725, "held_item": "potato", "entity": VariantGd { id: 1382643928884, class: RigidBody2D }, "at_target": VariantGd { id: 1383650561484, class: Node }}
[GdPAI | debug]   Snapshotting prop: hunger = Float(95.0603725) (Variant type: FLOAT)
[GdPAI | debug]   Snapshotting prop: held_item = Str("potato") (Variant type: STRING)
[GdPAI | debug]   Snapshotting prop: entity = ObjectRef(1382643928884) (Variant type: OBJECT)
[GdPAI | debug]   Snapshotting prop: at_target = ObjectRef(1383650561484) (Variant type: OBJECT)
[GdPAI] A* Iteration: pop node with chain length 2
[GdPAI | debug] find_candidates: Checking 15 actions against 0 preconds and 1 requirements
WARNING: [GdPAI] ObjectRef(124621163998): object was freed before callback; returning Nil.
   at: gdplanningai_rust::logger::process_logs (src\logger.rs:66)
   GDScript backtrace (most recent call first):
       [0] _start_plan_and_wait (res://test/integration/test_campfire_example_smoke.gd:57)
WARNING: [GdPAI] ObjectRef(124621163998): object was freed before callback; returning Nil.
   at: gdplanningai_rust::logger::process_logs (src\logger.rs:66)
   GDScript backtrace (most recent call first):
       [0] _start_plan_and_wait (res://test/integration/test_campfire_example_smoke.gd:57)
[GdPAI | debug] ApplyEffect [Before] ID=InstanceId(-9223370292343064857): agent props = {"entity": null, "hunger": 70.0627442063492, "held_item": ""}
[GdPAI | debug] ApplyEffect [After] ID=InstanceId(-9223370292343064857): agent props = {"entity": null, "hunger": 70.0627442063492, "held_item": ""}
[GdPAI | debug]   Snapshotting prop: entity = Nil (Variant type: NIL)
[GdPAI | debug]   Snapshotting prop: hunger = Float(70.0627442063492) (Variant type: FLOAT)
[GdPAI | debug]   Snapshotting prop: held_item = Str("") (Variant type: STRING)
[GdPAI | debug] Found candidate: Go To (satisfied preconds: [], requirements: [0])
WARNING: [GdPAI] ObjectRef(124621163998): object was freed before callback; returning Nil.
   at: gdplanningai_rust::logger::process_logs (src\logger.rs:66)
   GDScript backtrace (most recent call first):
       [0] _process (res://addons/GdPlanningAI/gdpai_autoload.gd:21)
[GdPAI | debug] GetCost: callable returned non-numeric value: null; returning INFINITY
[GdPAI | debug] Found candidate: Go To (satisfied preconds: [], requirements: [0])
WARNING: [GdPAI] ObjectRef(124621163998): object was freed before callback; returning Nil.
   at: gdplanningai_rust::logger::process_logs (src\logger.rs:66)
   GDScript backtrace (most recent call first):
       [0] _start_plan_and_wait (res://test/integration/test_campfire_example_smoke.gd:57)
[GdPAI | debug] ApplyEffect [Before] ID=InstanceId(-9223370289893591307): agent props = {"hunger": 70.0627442063492, "held_item": "", "entity": null}
[GdPAI | debug] ApplyEffect [After] ID=InstanceId(-9223370289893591307): agent props = {"hunger": 70.0627442063492, "held_item": "", "entity": null}
[GdPAI | debug]   Snapshotting prop: hunger = Float(70.0627442063492) (Variant type: FLOAT)
[GdPAI | debug]   Snapshotting prop: held_item = Str("") (Variant type: STRING)
[GdPAI | debug]   Snapshotting prop: entity = Nil (Variant type: NIL)
WARNING: [GdPAI] ObjectRef(124621163998): object was freed before callback; returning Nil.
   at: gdplanningai_rust::logger::process_logs (src\logger.rs:66)
   GDScript backtrace (most recent call first):
       [0] _process (res://addons/GdPlanningAI/gdpai_autoload.gd:21)
[GdPAI | debug] GetCost: callable returned non-numeric value: null; returning INFINITY
WARNING: [GdPAI] ObjectRef(124621163998): object was freed before callback; returning Nil.
   at: gdplanningai_rust::logger::process_logs (src\logger.rs:66)
   GDScript backtrace (most recent call first):
       [0] _start_plan_and_wait (res://test/integration/test_campfire_example_smoke.gd:57)
[GdPAI | debug] ApplyEffect [Before] ID=InstanceId(-9223370287494449429): agent props = {"entity": null, "hunger": 70.0627442063492, "held_item": ""}
[GdPAI | debug] ApplyEffect [After] ID=InstanceId(-9223370287494449429): agent props = {"entity": null, "hunger": 70.0627442063492, "held_item": ""}
[GdPAI | debug]   Snapshotting prop: entity = Nil (Variant type: NIL)
[GdPAI | debug]   Snapshotting prop: hunger = Float(70.0627442063492) (Variant type: FLOAT)
[GdPAI | debug]   Snapshotting prop: held_item = Str("") (Variant type: STRING)
WARNING: [GdPAI] ObjectRef(124621163998): object was freed before callback; returning Nil.
   at: gdplanningai_rust::logger::process_logs (src\logger.rs:66)
   GDScript backtrace (most recent call first):
       [0] _process (res://addons/GdPlanningAI/gdpai_autoload.gd:21)
[GdPAI | debug] GetCost: callable returned non-numeric value: null; returning INFINITY
WARNING: [GdPAI] ObjectRef(124621163998): object was freed before callback; returning Nil.
   at: gdplanningai_rust::logger::process_logs (src\logger.rs:66)
   GDScript backtrace (most recent call first):
       [0] _start_plan_and_wait (res://test/integration/test_campfire_example_smoke.gd:57)
[GdPAI | debug] ApplyEffect [Before] ID=InstanceId(-9223370285095307525): agent props = {"held_item": "wood", "entity": null, "hunger": 70.0627442063492}
[GdPAI | debug] ApplyEffect [After] ID=InstanceId(-9223370285095307525): agent props = {"held_item": "wood", "entity": null, "hunger": 70.0627442063492}
[GdPAI | debug]   Snapshotting prop: held_item = Str("wood") (Variant type: STRING)
[GdPAI | debug]   Snapshotting prop: entity = Nil (Variant type: NIL)
[GdPAI | debug]   Snapshotting prop: hunger = Float(70.0627442063492) (Variant type: FLOAT)
WARNING: [GdPAI] ObjectRef(124621163998): object was freed before callback; returning Nil.
   at: gdplanningai_rust::logger::process_logs (src\logger.rs:66)
   GDScript backtrace (most recent call first):
       [0] _process (res://addons/GdPlanningAI/gdpai_autoload.gd:21)
WARNING: [GdPAI] ObjectRef(124621163998): object was freed before callback; returning Nil.
   at: gdplanningai_rust::logger::process_logs (src\logger.rs:66)
   GDScript backtrace (most recent call first):
       [0] _process (res://addons/GdPlanningAI/gdpai_autoload.gd:21)
[GdPAI | debug] GetCost: callable returned non-numeric value: null; returning INFINITY
WARNING: [GdPAI] ObjectRef(124621163998): object was freed before callback; returning Nil.
   at: gdplanningai_rust::logger::process_logs (src\logger.rs:66)
   GDScript backtrace (most recent call first):
       [0] _start_plan_and_wait (res://test/integration/test_campfire_example_smoke.gd:57)
WARNING: [GdPAI] ObjectRef(124621163998): object was freed before callback; returning Nil.
   at: gdplanningai_rust::logger::process_logs (src\logger.rs:66)
   GDScript backtrace (most recent call first):
       [0] _start_plan_and_wait (res://test/integration/test_campfire_example_smoke.gd:57)
[GdPAI | debug] ApplyEffect [Before] ID=InstanceId(-9223370282645834004): agent props = {"hunger": 70.0627442063492, "held_item": "", "entity": null}
[GdPAI | debug] ApplyEffect [After] ID=InstanceId(-9223370282645834004): agent props = {"hunger": 70.0627442063492, "held_item": "", "entity": null}
[GdPAI | debug]   Snapshotting prop: hunger = Float(70.0627442063492) (Variant type: FLOAT)
[GdPAI | debug]   Snapshotting prop: held_item = Str("") (Variant type: STRING)
[GdPAI | debug]   Snapshotting prop: entity = Nil (Variant type: NIL)
WARNING: [GdPAI] ObjectRef(124621163998): object was freed before callback; returning Nil.
   at: gdplanningai_rust::logger::process_logs (src\logger.rs:66)
   GDScript backtrace (most recent call first):
       [0] _process (res://addons/GdPlanningAI/gdpai_autoload.gd:21)
[GdPAI | debug] GetCost: callable returned non-numeric value: null; returning INFINITY
WARNING: [GdPAI] ObjectRef(124621163998): object was freed before callback; returning Nil.
   at: gdplanningai_rust::logger::process_logs (src\logger.rs:66)
   GDScript backtrace (most recent call first):
       [0] _start_plan_and_wait (res://test/integration/test_campfire_example_smoke.gd:57)
[GdPAI | debug] ApplyEffect [Before] ID=InstanceId(-9223370280196360456): agent props = {"held_item": "", "entity": null, "hunger": 70.0627442063492}
[GdPAI | debug] ApplyEffect [After] ID=InstanceId(-9223370280196360456): agent props = {"held_item": "", "entity": null, "hunger": 70.0627442063492}
[GdPAI | debug]   Snapshotting prop: held_item = Str("") (Variant type: STRING)
[GdPAI | debug]   Snapshotting prop: entity = Nil (Variant type: NIL)
[GdPAI | debug]   Snapshotting prop: hunger = Float(70.0627442063492) (Variant type: FLOAT)
WARNING: [GdPAI] ObjectRef(124621163998): object was freed before callback; returning Nil.
   at: gdplanningai_rust::logger::process_logs (src\logger.rs:66)
   GDScript backtrace (most recent call first):
       [0] _process (res://addons/GdPlanningAI/gdpai_autoload.gd:21)
[GdPAI | debug] GetCost: callable returned non-numeric value: null; returning INFINITY
WARNING: [GdPAI] ObjectRef(124621163998): object was freed before callback; returning Nil.
   at: gdplanningai_rust::logger::process_logs (src\logger.rs:66)
   GDScript backtrace (most recent call first):
       [0] _start_plan_and_wait (res://test/integration/test_campfire_example_smoke.gd:57)
[GdPAI | debug] ApplyEffect [Before] ID=InstanceId(-9223370277797218573): agent props = {"entity": null, "held_item": "", "hunger": 70.0627442063492}
[GdPAI | debug] ApplyEffect [After] ID=InstanceId(-9223370277797218573): agent props = {"entity": null, "held_item": "", "hunger": 70.0627442063492}
[GdPAI | debug]   Snapshotting prop: entity = Nil (Variant type: NIL)
[GdPAI | debug]   Snapshotting prop: held_item = Str("") (Variant type: STRING)
[GdPAI | debug]   Snapshotting prop: hunger = Float(70.0627442063492) (Variant type: FLOAT)
WARNING: [GdPAI] ObjectRef(124621163998): object was freed before callback; returning Nil.
   at: gdplanningai_rust::logger::process_logs (src\logger.rs:66)
   GDScript backtrace (most recent call first):
       [0] _process (res://addons/GdPlanningAI/gdpai_autoload.gd:21)
[GdPAI | debug] GetCost: callable returned non-numeric value: null; returning INFINITY
WARNING: [GdPAI] ObjectRef(124621163998): object was freed before callback; returning Nil.
   at: gdplanningai_rust::logger::process_logs (src\logger.rs:66)
   GDScript backtrace (most recent call first):
       [0] _start_plan_and_wait (res://test/integration/test_campfire_example_smoke.gd:57)
[GdPAI | debug] ApplyEffect [Before] ID=InstanceId(-9223370275398076716): agent props = {"held_item": "wood", "entity": null, "hunger": 70.0627442063492}
[GdPAI | debug] ApplyEffect [After] ID=InstanceId(-9223370275398076716): agent props = {"held_item": "wood", "entity": null, "hunger": 70.0627442063492}
[GdPAI | debug]   Snapshotting prop: held_item = Str("wood") (Variant type: STRING)
[GdPAI | debug]   Snapshotting prop: entity = Nil (Variant type: NIL)
[GdPAI | debug]   Snapshotting prop: hunger = Float(70.0627442063492) (Variant type: FLOAT)
WARNING: [GdPAI] ObjectRef(124621163998): object was freed before callback; returning Nil.
   at: gdplanningai_rust::logger::process_logs (src\logger.rs:66)
   GDScript backtrace (most recent call first):
       [0] _process (res://addons/GdPlanningAI/gdpai_autoload.gd:21)
WARNING: [GdPAI] ObjectRef(124621163998): object was freed before callback; returning Nil.
   at: gdplanningai_rust::logger::process_logs (src\logger.rs:66)
   GDScript backtrace (most recent call first):
       [0] _process (res://addons/GdPlanningAI/gdpai_autoload.gd:21)
[GdPAI | debug] GetCost: callable returned non-numeric value: null; returning INFINITY
WARNING: [GdPAI] ObjectRef(124621163998): object was freed before callback; returning Nil.
   at: gdplanningai_rust::logger::process_logs (src\logger.rs:66)
   GDScript backtrace (most recent call first):
       [0] _start_plan_and_wait (res://test/integration/test_campfire_example_smoke.gd:57)
WARNING: [GdPAI] ObjectRef(124621163998): object was freed before callback; returning Nil.
   at: gdplanningai_rust::logger::process_logs (src\logger.rs:66)
   GDScript backtrace (most recent call first):
       [0] _start_plan_and_wait (res://test/integration/test_campfire_example_smoke.gd:57)
[GdPAI | debug] ApplyEffect [Before] ID=InstanceId(-9223370272948603114): agent props = {"entity": null, "hunger": 70.0627442063492, "held_item": ""}
[GdPAI | debug] ApplyEffect [After] ID=InstanceId(-9223370272948603114): agent props = {"entity": null, "hunger": 70.0627442063492, "held_item": ""}
[GdPAI | debug]   Snapshotting prop: entity = Nil (Variant type: NIL)
[GdPAI | debug]   Snapshotting prop: hunger = Float(70.0627442063492) (Variant type: FLOAT)
[GdPAI | debug]   Snapshotting prop: held_item = Str("") (Variant type: STRING)
WARNING: [GdPAI] ObjectRef(124621163998): object was freed before callback; returning Nil.
   at: gdplanningai_rust::logger::process_logs (src\logger.rs:66)
   GDScript backtrace (most recent call first):
       [0] _process (res://addons/GdPlanningAI/gdpai_autoload.gd:21)
[GdPAI | debug] GetCost: callable returned non-numeric value: null; returning INFINITY
WARNING: [GdPAI] ObjectRef(124621163998): object was freed before callback; returning Nil.
   at: gdplanningai_rust::logger::process_logs (src\logger.rs:66)
   GDScript backtrace (most recent call first):
       [0] _start_plan_and_wait (res://test/integration/test_campfire_example_smoke.gd:57)
[GdPAI | debug] ApplyEffect [Before] ID=InstanceId(-9223370270499129555): agent props = {"entity": null, "hunger": 70.0627442063492, "held_item": ""}
[GdPAI | debug] ApplyEffect [After] ID=InstanceId(-9223370270499129555): agent props = {"entity": null, "hunger": 70.0627442063492, "held_item": ""}
[GdPAI | debug]   Snapshotting prop: entity = Nil (Variant type: NIL)
[GdPAI | debug]   Snapshotting prop: hunger = Float(70.0627442063492) (Variant type: FLOAT)
[GdPAI | debug]   Snapshotting prop: held_item = Str("") (Variant type: STRING)
WARNING: [GdPAI] ObjectRef(124621163998): object was freed before callback; returning Nil.
   at: gdplanningai_rust::logger::process_logs (src\logger.rs:66)
   GDScript backtrace (most recent call first):
       [0] _process (res://addons/GdPlanningAI/gdpai_autoload.gd:21)
[GdPAI | debug] GetCost: callable returned non-numeric value: null; returning INFINITY
WARNING: [GdPAI] ObjectRef(124621163998): object was freed before callback; returning Nil.
   at: gdplanningai_rust::logger::process_logs (src\logger.rs:66)
   GDScript backtrace (most recent call first):
       [0] _start_plan_and_wait (res://test/integration/test_campfire_example_smoke.gd:57)
[GdPAI | debug] ApplyEffect [Before] ID=InstanceId(-9223370268099987657): agent props = {"hunger": 70.0627442063492, "entity": null, "held_item": ""}
[GdPAI | debug] ApplyEffect [After] ID=InstanceId(-9223370268099987657): agent props = {"hunger": 70.0627442063492, "entity": null, "held_item": ""}
[GdPAI | debug]   Snapshotting prop: hunger = Float(70.0627442063492) (Variant type: FLOAT)
[GdPAI | debug]   Snapshotting prop: entity = Nil (Variant type: NIL)
[GdPAI | debug]   Snapshotting prop: held_item = Str("") (Variant type: STRING)
WARNING: [GdPAI] ObjectRef(124621163998): object was freed before callback; returning Nil.
   at: gdplanningai_rust::logger::process_logs (src\logger.rs:66)
   GDScript backtrace (most recent call first):
       [0] _process (res://addons/GdPlanningAI/gdpai_autoload.gd:21)
[GdPAI | debug] GetCost: callable returned non-numeric value: null; returning INFINITY
WARNING: [GdPAI] ObjectRef(124621163998): object was freed before callback; returning Nil.
   at: gdplanningai_rust::logger::process_logs (src\logger.rs:66)
   GDScript backtrace (most recent call first):
       [0] _start_plan_and_wait (res://test/integration/test_campfire_example_smoke.gd:57)
[GdPAI | debug] ApplyEffect [Before] ID=InstanceId(-9223370265700845788): agent props = {"entity": null, "held_item": "wood", "hunger": 70.0627442063492}
[GdPAI | debug] ApplyEffect [After] ID=InstanceId(-9223370265700845788): agent props = {"entity": null, "held_item": "wood", "hunger": 70.0627442063492}
[GdPAI | debug]   Snapshotting prop: entity = Nil (Variant type: NIL)
[GdPAI | debug]   Snapshotting prop: held_item = Str("wood") (Variant type: STRING)
[GdPAI | debug]   Snapshotting prop: hunger = Float(70.0627442063492) (Variant type: FLOAT)
WARNING: [GdPAI] ObjectRef(124621163998): object was freed before callback; returning Nil.
   at: gdplanningai_rust::logger::process_logs (src\logger.rs:66)
   GDScript backtrace (most recent call first):
       [0] _process (res://addons/GdPlanningAI/gdpai_autoload.gd:21)
WARNING: [GdPAI] ObjectRef(124621163998): object was freed before callback; returning Nil.
   at: gdplanningai_rust::logger::process_logs (src\logger.rs:66)
   GDScript backtrace (most recent call first):
       [0] _process (res://addons/GdPlanningAI/gdpai_autoload.gd:21)
[GdPAI | debug] GetCost: callable returned non-numeric value: null; returning INFINITY
WARNING: [GdPAI] ObjectRef(124621163998): object was freed before callback; returning Nil.
   at: gdplanningai_rust::logger::process_logs (src\logger.rs:66)
   GDScript backtrace (most recent call first):
       [0] _start_plan_and_wait (res://test/integration/test_campfire_example_smoke.gd:57)
WARNING: [GdPAI] ObjectRef(124621163998): object was freed before callback; returning Nil.
   at: gdplanningai_rust::logger::process_logs (src\logger.rs:66)
   GDScript backtrace (most recent call first):
       [0] _start_plan_and_wait (res://test/integration/test_campfire_example_smoke.gd:57)
[GdPAI | debug] ApplyEffect [Before] ID=InstanceId(-9223370263251372247): agent props = {"held_item": "", "entity": null, "hunger": 70.0627442063492}
[GdPAI | debug] ApplyEffect [After] ID=InstanceId(-9223370263251372247): agent props = {"held_item": "", "entity": null, "hunger": 70.0627442063492}
[GdPAI | debug]   Snapshotting prop: held_item = Str("") (Variant type: STRING)
[GdPAI | debug]   Snapshotting prop: entity = Nil (Variant type: NIL)
[GdPAI | debug]   Snapshotting prop: hunger = Float(70.0627442063492) (Variant type: FLOAT)
WARNING: [GdPAI] ObjectRef(124621163998): object was freed before callback; returning Nil.
   at: gdplanningai_rust::logger::process_logs (src\logger.rs:66)
   GDScript backtrace (most recent call first):
       [0] _process (res://addons/GdPlanningAI/gdpai_autoload.gd:21)
[GdPAI | debug] GetCost: callable returned non-numeric value: null; returning INFINITY
WARNING: [GdPAI] ObjectRef(124621163998): object was freed before callback; returning Nil.
   at: gdplanningai_rust::logger::process_logs (src\logger.rs:66)
   GDScript backtrace (most recent call first):
       [0] _start_plan_and_wait (res://test/integration/test_campfire_example_smoke.gd:57)
[GdPAI | debug] ApplyEffect [Before] ID=InstanceId(-9223370260801898683): agent props = {"held_item": "", "entity": null, "hunger": 70.0627442063492}
[GdPAI | debug] ApplyEffect [After] ID=InstanceId(-9223370260801898683): agent props = {"held_item": "", "entity": null, "hunger": 70.0627442063492}
[GdPAI | debug]   Snapshotting prop: held_item = Str("") (Variant type: STRING)
[GdPAI | debug]   Snapshotting prop: entity = Nil (Variant type: NIL)
[GdPAI | debug]   Snapshotting prop: hunger = Float(70.0627442063492) (Variant type: FLOAT)
[GdPAI | debug] ApplyEffect [Before] ID=InstanceId(-9223370260231473339): agent props = {"hunger": 95.0603725, "at_target": VariantGd { id: 1383499573091, class: Node }, "held_item": "", "entity": VariantGd { id: 1382643928884, class: RigidBody2D }}
[GdPAI | debug] ApplyEffect [After] ID=InstanceId(-9223370260231473339): agent props = {"hunger": 95.0603725, "at_target": VariantGd { id: 1383499573091, class: Node }, "held_item": "", "entity": VariantGd { id: 1382643928884, class: RigidBody2D }}
[GdPAI | debug]   Snapshotting prop: hunger = Float(95.0603725) (Variant type: FLOAT)
[GdPAI | debug]   Snapshotting prop: at_target = ObjectRef(1383499573091) (Variant type: OBJECT)
[GdPAI | debug]   Snapshotting prop: held_item = Str("") (Variant type: STRING)
[GdPAI | debug]   Snapshotting prop: entity = ObjectRef(1382643928884) (Variant type: OBJECT)
WARNING: [GdPAI] ObjectRef(124621163998): object was freed before callback; returning Nil.
   at: gdplanningai_rust::logger::process_logs (src\logger.rs:66)
   GDScript backtrace (most recent call first):
       [0] _process (res://addons/GdPlanningAI/gdpai_autoload.gd:21)
[GdPAI | debug] GetCost: callable returned non-numeric value: null; returning INFINITY
WARNING: [GdPAI] ObjectRef(124621163998): object was freed before callback; returning Nil.
   at: gdplanningai_rust::logger::process_logs (src\logger.rs:66)
   GDScript backtrace (most recent call first):
       [0] _start_plan_and_wait (res://test/integration/test_campfire_example_smoke.gd:57)
[GdPAI | debug] ApplyEffect [Before] ID=InstanceId(-9223370258402756775): agent props = {"entity": null, "held_item": "", "hunger": 70.0627442063492}
[GdPAI | debug] ApplyEffect [After] ID=InstanceId(-9223370258402756775): agent props = {"entity": null, "held_item": "", "hunger": 70.0627442063492}
[GdPAI | debug]   Snapshotting prop: entity = Nil (Variant type: NIL)
[GdPAI | debug]   Snapshotting prop: held_item = Str("") (Variant type: STRING)
[GdPAI | debug]   Snapshotting prop: hunger = Float(70.0627442063492) (Variant type: FLOAT)
[GdPAI | debug] ApplyEffect [Before] ID=InstanceId(-9223370257832331431): agent props = {"entity": VariantGd { id: 1382643928884, class: RigidBody2D }, "at_target": VariantGd { id: 1383499573091, class: Node }, "held_item": "", "hunger": 95.0603725}
[GdPAI | debug] ApplyEffect [After] ID=InstanceId(-9223370257832331431): agent props = {"entity": VariantGd { id: 1382643928884, class: RigidBody2D }, "at_target": VariantGd { id: 1383499573091, class: Node }, "held_item": "potato", "hunger": 95.0603725}
[GdPAI | debug]   Snapshotting prop: entity = ObjectRef(1382643928884) (Variant type: OBJECT)
[GdPAI | debug]   Snapshotting prop: at_target = ObjectRef(1383499573091) (Variant type: OBJECT)
[GdPAI | debug]   Snapshotting prop: held_item = Str("potato") (Variant type: STRING)
[GdPAI | debug]   Snapshotting prop: hunger = Float(95.0603725) (Variant type: FLOAT)
WARNING: [GdPAI] ObjectRef(124621163998): object was freed before callback; returning Nil.
   at: gdplanningai_rust::logger::process_logs (src\logger.rs:66)
   GDScript backtrace (most recent call first):
       [0] _process (res://addons/GdPlanningAI/gdpai_autoload.gd:21)
[GdPAI | debug] GetCost: callable returned non-numeric value: null; returning INFINITY
WARNING: [GdPAI] ObjectRef(124621163998): object was freed before callback; returning Nil.
   at: gdplanningai_rust::logger::process_logs (src\logger.rs:66)
   GDScript backtrace (most recent call first):
       [0] _start_plan_and_wait (res://test/integration/test_campfire_example_smoke.gd:57)
[GdPAI | debug] ApplyEffect [Before] ID=InstanceId(-9223370256003614891): agent props = {"hunger": 70.0627442063492, "held_item": "wood", "entity": null}
[GdPAI | debug] ApplyEffect [After] ID=InstanceId(-9223370256003614891): agent props = {"hunger": 70.0627442063492, "held_item": "wood", "entity": null}
[GdPAI | debug]   Snapshotting prop: hunger = Float(70.0627442063492) (Variant type: FLOAT)
[GdPAI | debug]   Snapshotting prop: held_item = Str("wood") (Variant type: STRING)
[GdPAI | debug]   Snapshotting prop: entity = Nil (Variant type: NIL)
[GdPAI | debug] ApplyEffect [Before] ID=InstanceId(-9223370255433189547): agent props = {"at_target": VariantGd { id: 1383499573091, class: Node }, "held_item": "potato", "hunger": 95.0603725, "entity": VariantGd { id: 1382643928884, class: RigidBody2D }}
[GdPAI | debug] ApplyEffect [After] ID=InstanceId(-9223370255433189547): agent props = {"at_target": VariantGd { id: 1383499573091, class: Node }, "held_item": "potato", "hunger": 95.0603725, "entity": VariantGd { id: 1382643928884, class: RigidBody2D }}
[GdPAI | debug]   Snapshotting prop: at_target = ObjectRef(1383499573091) (Variant type: OBJECT)
[GdPAI | debug]   Snapshotting prop: held_item = Str("potato") (Variant type: STRING)
[GdPAI | debug]   Snapshotting prop: hunger = Float(95.0603725) (Variant type: FLOAT)
[GdPAI | debug]   Snapshotting prop: entity = ObjectRef(1382643928884) (Variant type: OBJECT)
WARNING: [GdPAI] ObjectRef(124621163998): object was freed before callback; returning Nil.
   at: gdplanningai_rust::logger::process_logs (src\logger.rs:66)
   GDScript backtrace (most recent call first):
       [0] _process (res://addons/GdPlanningAI/gdpai_autoload.gd:21)
WARNING: [GdPAI] ObjectRef(124621163998): object was freed before callback; returning Nil.
   at: gdplanningai_rust::logger::process_logs (src\logger.rs:66)
   GDScript backtrace (most recent call first):
       [0] _process (res://addons/GdPlanningAI/gdpai_autoload.gd:21)
[GdPAI | debug] GetCost: callable returned non-numeric value: null; returning INFINITY
WARNING: [GdPAI] ObjectRef(124621163998): object was freed before callback; returning Nil.
   at: gdplanningai_rust::logger::process_logs (src\logger.rs:66)
   GDScript backtrace (most recent call first):
       [0] _start_plan_and_wait (res://test/integration/test_campfire_example_smoke.gd:57)
WARNING: [GdPAI] ObjectRef(124621163998): object was freed before callback; returning Nil.
   at: gdplanningai_rust::logger::process_logs (src\logger.rs:66)
   GDScript backtrace (most recent call first):
       [0] _start_plan_and_wait (res://test/integration/test_campfire_example_smoke.gd:57)
[GdPAI | debug] ApplyEffect [Before] ID=InstanceId(-9223370253554141340): agent props = {"hunger": 70.0627442063492, "entity": null, "held_item": ""}
[GdPAI | debug] ApplyEffect [After] ID=InstanceId(-9223370253554141340): agent props = {"hunger": 70.0627442063492, "entity": null, "held_item": ""}
[GdPAI | debug]   Snapshotting prop: hunger = Float(70.0627442063492) (Variant type: FLOAT)
[GdPAI | debug]   Snapshotting prop: entity = Nil (Variant type: NIL)
[GdPAI | debug]   Snapshotting prop: held_item = Str("") (Variant type: STRING)
[GdPAI | debug] ApplyEffect [Before] ID=InstanceId(-9223370252983715996): agent props = {"held_item": "", "hunger": 95.0603725, "entity": VariantGd { id: 1382643928884, class: RigidBody2D }, "at_target": VariantGd { id: 1383499573091, class: Node }}
[GdPAI | debug] ApplyEffect [After] ID=InstanceId(-9223370252983715996): agent props = {"held_item": "", "hunger": 95.0603725, "entity": VariantGd { id: 1382643928884, class: RigidBody2D }, "at_target": VariantGd { id: 1383499573091, class: Node }}
[GdPAI | debug]   Snapshotting prop: held_item = Str("") (Variant type: STRING)
[GdPAI | debug]   Snapshotting prop: hunger = Float(95.0603725) (Variant type: FLOAT)
[GdPAI | debug]   Snapshotting prop: entity = ObjectRef(1382643928884) (Variant type: OBJECT)
[GdPAI | debug]   Snapshotting prop: at_target = ObjectRef(1383499573091) (Variant type: OBJECT)
WARNING: [GdPAI] ObjectRef(124621163998): object was freed before callback; returning Nil.
   at: gdplanningai_rust::logger::process_logs (src\logger.rs:66)
   GDScript backtrace (most recent call first):
       [0] _process (res://addons/GdPlanningAI/gdpai_autoload.gd:21)
[GdPAI | debug] GetCost: callable returned non-numeric value: null; returning INFINITY
WARNING: [GdPAI] ObjectRef(124621163998): object was freed before callback; returning Nil.
   at: gdplanningai_rust::logger::process_logs (src\logger.rs:66)
   GDScript backtrace (most recent call first):
       [0] _start_plan_and_wait (res://test/integration/test_campfire_example_smoke.gd:57)
[GdPAI | debug] ApplyEffect [Before] ID=InstanceId(-9223370251104667797): agent props = {"held_item": "", "hunger": 70.0627442063492, "entity": null}
[GdPAI | debug] ApplyEffect [After] ID=InstanceId(-9223370251104667797): agent props = {"held_item": "", "hunger": 70.0627442063492, "entity": null}
[GdPAI | debug]   Snapshotting prop: held_item = Str("") (Variant type: STRING)
[GdPAI | debug]   Snapshotting prop: hunger = Float(70.0627442063492) (Variant type: FLOAT)
[GdPAI | debug]   Snapshotting prop: entity = Nil (Variant type: NIL)
[GdPAI | debug] ApplyEffect [Before] ID=InstanceId(-9223370250534242453): agent props = {"held_item": "", "hunger": 95.0603725, "at_target": VariantGd { id: 1383499573091, class: Node }, "entity": VariantGd { id: 1382643928884, class: RigidBody2D }}
[GdPAI | debug] ApplyEffect [After] ID=InstanceId(-9223370250534242453): agent props = {"held_item": "potato", "hunger": 95.0603725, "at_target": VariantGd { id: 1383499573091, class: Node }, "entity": VariantGd { id: 1382643928884, class: RigidBody2D }}
[GdPAI | debug]   Snapshotting prop: held_item = Str("potato") (Variant type: STRING)
[GdPAI | debug]   Snapshotting prop: hunger = Float(95.0603725) (Variant type: FLOAT)
[GdPAI | debug]   Snapshotting prop: at_target = ObjectRef(1383499573091) (Variant type: OBJECT)
[GdPAI | debug]   Snapshotting prop: entity = ObjectRef(1382643928884) (Variant type: OBJECT)
WARNING: [GdPAI] ObjectRef(124621163998): object was freed before callback; returning Nil.
   at: gdplanningai_rust::logger::process_logs (src\logger.rs:66)
   GDScript backtrace (most recent call first):
       [0] _process (res://addons/GdPlanningAI/gdpai_autoload.gd:21)
[GdPAI | debug] GetCost: callable returned non-numeric value: null; returning INFINITY
WARNING: [GdPAI] ObjectRef(124621163998): object was freed before callback; returning Nil.
   at: gdplanningai_rust::logger::process_logs (src\logger.rs:66)
   GDScript backtrace (most recent call first):
       [0] _start_plan_and_wait (res://test/integration/test_campfire_example_smoke.gd:57)
[GdPAI | debug] ApplyEffect [Before] ID=InstanceId(-9223370248705525946): agent props = {"held_item": "", "entity": null, "hunger": 70.0627442063492}
[GdPAI | debug] ApplyEffect [After] ID=InstanceId(-9223370248705525946): agent props = {"held_item": "", "entity": null, "hunger": 70.0627442063492}
[GdPAI | debug]   Snapshotting prop: held_item = Str("") (Variant type: STRING)
[GdPAI | debug]   Snapshotting prop: entity = Nil (Variant type: NIL)
[GdPAI | debug]   Snapshotting prop: hunger = Float(70.0627442063492) (Variant type: FLOAT)
[GdPAI | debug] ApplyEffect [Before] ID=InstanceId(-9223370248135100602): agent props = {"at_target": VariantGd { id: 1383499573091, class: Node }, "hunger": 95.0603725, "held_item": "potato", "entity": VariantGd { id: 1382643928884, class: RigidBody2D }}
[GdPAI | debug] ApplyEffect [After] ID=InstanceId(-9223370248135100602): agent props = {"at_target": VariantGd { id: 1383499573091, class: Node }, "hunger": 95.0603725, "held_item": "potato", "entity": VariantGd { id: 1382643928884, class: RigidBody2D }}
[GdPAI | debug]   Snapshotting prop: at_target = ObjectRef(1383499573091) (Variant type: OBJECT)
[GdPAI | debug]   Snapshotting prop: hunger = Float(95.0603725) (Variant type: FLOAT)
[GdPAI | debug]   Snapshotting prop: held_item = Str("potato") (Variant type: STRING)
[GdPAI | debug]   Snapshotting prop: entity = ObjectRef(1382643928884) (Variant type: OBJECT)
[GdPAI] A* Iteration: pop node with chain length 3
[GdPAI | debug] Numeric comparison: 95.0603725 LessThan 80.0603725 -> false
[GdPAI | debug] find_candidates: Checking 15 actions against 0 preconds and 0 requirements
WARNING: [GdPAI] ObjectRef(124621163998): object was freed before callback; returning Nil.
   at: gdplanningai_rust::logger::process_logs (src\logger.rs:66)
   GDScript backtrace (most recent call first):
       [0] _process (res://addons/GdPlanningAI/gdpai_autoload.gd:21)
[GdPAI | debug] GetCost: callable returned non-numeric value: null; returning INFINITY
WARNING: [GdPAI] ObjectRef(124621163998): object was freed before callback; returning Nil.
   at: gdplanningai_rust::logger::process_logs (src\logger.rs:66)
   GDScript backtrace (most recent call first):
       [0] _start_plan_and_wait (res://test/integration/test_campfire_example_smoke.gd:57)
[GdPAI | debug] ApplyEffect [Before] ID=InstanceId(-9223370246306384008): agent props = {"held_item": "wood", "hunger": 70.0627442063492, "entity": null}
[GdPAI | debug] ApplyEffect [After] ID=InstanceId(-9223370246306384008): agent props = {"held_item": "wood", "hunger": 70.0627442063492, "entity": null}
[GdPAI | debug]   Snapshotting prop: held_item = Str("wood") (Variant type: STRING)
[GdPAI | debug]   Snapshotting prop: hunger = Float(70.0627442063492) (Variant type: FLOAT)
[GdPAI | debug]   Snapshotting prop: entity = Nil (Variant type: NIL)
[GdPAI] A* Iteration: pop node with chain length 4
[GdPAI | debug] find_candidates: Checking 15 actions against 1 preconds and 1 requirements
WARNING: [GdPAI] ObjectRef(124621163998): object was freed before callback; returning Nil.
   at: gdplanningai_rust::logger::process_logs (src\logger.rs:66)
   GDScript backtrace (most recent call first):
       [0] _process (res://addons/GdPlanningAI/gdpai_autoload.gd:21)
WARNING: [GdPAI] ObjectRef(124621163998): object was freed before callback; returning Nil.
   at: gdplanningai_rust::logger::process_logs (src\logger.rs:66)
   GDScript backtrace (most recent call first):
       [0] _process (res://addons/GdPlanningAI/gdpai_autoload.gd:21)
[GdPAI | debug] Discovery: Starting simulation for action Go To
WARNING: [GdPAI] ObjectRef(124621163998): object was freed before callback; returning Nil.
   at: gdplanningai_rust::logger::process_logs (src\logger.rs:66)
   GDScript backtrace (most recent call first):
       [0] _start_plan_and_wait (res://test/integration/test_campfire_example_smoke.gd:57)
WARNING: [GdPAI] ObjectRef(124621163998): object was freed before callback; returning Nil.
   at: gdplanningai_rust::logger::process_logs (src\logger.rs:66)
   GDScript backtrace (most recent call first):
       [0] _start_plan_and_wait (res://test/integration/test_campfire_example_smoke.gd:57)
[GdPAI | debug] GetCost: callable returned non-numeric value: null; returning INFINITY
WARNING: [GdPAI] ObjectRef(124621163998): object was freed before callback; returning Nil.
   at: gdplanningai_rust::logger::process_logs (src\logger.rs:66)
   GDScript backtrace (most recent call first):
       [0] _process (res://addons/GdPlanningAI/gdpai_autoload.gd:21)
WARNING: [GdPAI] ObjectRef(124621163998): object was freed before callback; returning Nil.
   at: gdplanningai_rust::logger::process_logs (src\logger.rs:66)
   GDScript backtrace (most recent call first):
       [0] _process (res://addons/GdPlanningAI/gdpai_autoload.gd:21)
[GdPAI | debug] ApplyEffect [Before] ID=InstanceId(-9223370242598619268): agent props = {"held_item": "", "hunger": 70.0627442063492, "entity": null}
[GdPAI | debug] ApplyEffect [After] ID=InstanceId(-9223370242598619268): agent props = {"held_item": "", "hunger": 70.0627442063492, "entity": null}
[GdPAI | debug]   Snapshotting prop: held_item = Str("") (Variant type: STRING)
[GdPAI | debug]   Snapshotting prop: hunger = Float(70.0627442063492) (Variant type: FLOAT)
[GdPAI | debug]   Snapshotting prop: entity = Nil (Variant type: NIL)
[GdPAI | debug] Discovery: Simulation success for Go To. Agent props: {"entity": Nil, "hunger": Float(70.0627442063492), "held_item": Str("")}
[GdPAI | debug] Discovery: Action Go To satisfied precond Builtin { target: Agent, operation: Equal, property_name: "held_item", value: Some(Str("")) }
[GdPAI | debug] Found candidate: Go To (satisfied preconds: [0], requirements: [0])
[GdPAI | debug] Discovery: Starting simulation for action Eat Held Food
WARNING: [GdPAI] ObjectRef(124621163998): object was freed before callback; returning Nil.
   at: gdplanningai_rust::logger::process_logs (src\logger.rs:66)
   GDScript backtrace (most recent call first):
       [0] _start_plan_and_wait (res://test/integration/test_campfire_example_smoke.gd:57)
WARNING: [GdPAI] ObjectRef(124621163998): object was freed before callback; returning Nil.
   at: gdplanningai_rust::logger::process_logs (src\logger.rs:66)
   GDScript backtrace (most recent call first):
       [0] _start_plan_and_wait (res://test/integration/test_campfire_example_smoke.gd:57)
[GdPAI | debug] GetCost: callable returned non-numeric value: null; returning INFINITY
WARNING: [GdPAI] ObjectRef(124621163998): object was freed before callback; returning Nil.
   at: gdplanningai_rust::logger::process_logs (src\logger.rs:66)
   GDScript backtrace (most recent call first):
       [0] _process (res://addons/GdPlanningAI/gdpai_autoload.gd:21)
WARNING: [GdPAI] ObjectRef(124621163998): object was freed before callback; returning Nil.
   at: gdplanningai_rust::logger::process_logs (src\logger.rs:66)
   GDScript backtrace (most recent call first):
       [0] _process (res://addons/GdPlanningAI/gdpai_autoload.gd:21)
[GdPAI | debug] ApplyEffect [Before] ID=InstanceId(-9223370240098814076): agent props = {"entity": null, "hunger": 70.0627442063492, "held_item": ""}
[GdPAI | debug] ApplyEffect [After] ID=InstanceId(-9223370240098814076): agent props = {"entity": null, "hunger": 70.0627442063492, "held_item": ""}
[GdPAI | debug]   Snapshotting prop: entity = Nil (Variant type: NIL)
[GdPAI | debug]   Snapshotting prop: hunger = Float(70.0627442063492) (Variant type: FLOAT)
[GdPAI | debug]   Snapshotting prop: held_item = Str("") (Variant type: STRING)
[GdPAI | debug] Discovery: Simulation success for Eat Held Food. Agent props: {"hunger": Float(70.0627442063492), "entity": Nil, "held_item": Str("")}
[GdPAI | debug] Discovery: Action Eat Held Food satisfied precond Builtin { target: Agent, operation: Equal, property_name: "held_item", value: Some(Str("")) }
[GdPAI | debug] Found candidate: Eat Held Food (satisfied preconds: [0], requirements: [])
WARNING: [GdPAI] ObjectRef(124621163998): object was freed before callback; returning Nil.
   at: gdplanningai_rust::logger::process_logs (src\logger.rs:66)
   GDScript backtrace (most recent call first):
       [0] _start_plan_and_wait (res://test/integration/test_campfire_example_smoke.gd:57)
WARNING: [GdPAI] ObjectRef(124621163998): object was freed before callback; returning Nil.
   at: gdplanningai_rust::logger::process_logs (src\logger.rs:66)
   GDScript backtrace (most recent call first):
       [0] _start_plan_and_wait (res://test/integration/test_campfire_example_smoke.gd:57)
[GdPAI | debug] Discovery: Starting simulation for action Go To
WARNING: [GdPAI] ObjectRef(124621163998): object was freed before callback; returning Nil.
   at: gdplanningai_rust::logger::process_logs (src\logger.rs:66)
   GDScript backtrace (most recent call first):
       [0] _process (res://addons/GdPlanningAI/gdpai_autoload.gd:21)
WARNING: [GdPAI] ObjectRef(124621163998): object was freed before callback; returning Nil.
   at: gdplanningai_rust::logger::process_logs (src\logger.rs:66)
   GDScript backtrace (most recent call first):
       [0] _process (res://addons/GdPlanningAI/gdpai_autoload.gd:21)
[GdPAI | debug] GetCost: callable returned non-numeric value: null; returning INFINITY
WARNING: [GdPAI] ObjectRef(124621163998): object was freed before callback; returning Nil.
   at: gdplanningai_rust::logger::process_logs (src\logger.rs:66)
   GDScript backtrace (most recent call first):
       [0] _start_plan_and_wait (res://test/integration/test_campfire_example_smoke.gd:57)
WARNING: [GdPAI] ObjectRef(124621163998): object was freed before callback; returning Nil.
   at: gdplanningai_rust::logger::process_logs (src\logger.rs:66)
   GDScript backtrace (most recent call first):
       [0] _start_plan_and_wait (res://test/integration/test_campfire_example_smoke.gd:57)
[GdPAI | debug] ApplyEffect [Before] ID=InstanceId(-9223370236357494880): agent props = {"hunger": 70.0627442063492, "entity": null, "held_item": ""}
[GdPAI | debug] ApplyEffect [After] ID=InstanceId(-9223370236357494880): agent props = {"hunger": 70.0627442063492, "entity": null, "held_item": ""}
[GdPAI | debug]   Snapshotting prop: hunger = Float(70.0627442063492) (Variant type: FLOAT)
[GdPAI | debug]   Snapshotting prop: entity = Nil (Variant type: NIL)
[GdPAI | debug]   Snapshotting prop: held_item = Str("") (Variant type: STRING)
[GdPAI | debug] Discovery: Simulation success for Go To. Agent props: {"held_item": Str(""), "entity": Nil, "hunger": Float(70.0627442063492)}
[GdPAI | debug] Discovery: Action Go To satisfied precond Builtin { target: Agent, operation: Equal, property_name: "held_item", value: Some(Str("")) }
[GdPAI | debug] Found candidate: Go To (satisfied preconds: [0], requirements: [0])
[GdPAI | debug] Discovery: Starting simulation for action Drop Item
WARNING: [GdPAI] ObjectRef(124621163998): object was freed before callback; returning Nil.
   at: gdplanningai_rust::logger::process_logs (src\logger.rs:66)
   GDScript backtrace (most recent call first):
       [0] _process (res://addons/GdPlanningAI/gdpai_autoload.gd:21)
WARNING: [GdPAI] ObjectRef(124621163998): object was freed before callback; returning Nil.
   at: gdplanningai_rust::logger::process_logs (src\logger.rs:66)
   GDScript backtrace (most recent call first):
       [0] _process (res://addons/GdPlanningAI/gdpai_autoload.gd:21)
[GdPAI | debug] GetCost: callable returned non-numeric value: null; returning INFINITY
WARNING: [GdPAI] ObjectRef(124621163998): object was freed before callback; returning Nil.
   at: gdplanningai_rust::logger::process_logs (src\logger.rs:66)
   GDScript backtrace (most recent call first):
       [0] _start_plan_and_wait (res://test/integration/test_campfire_example_smoke.gd:57)
WARNING: [GdPAI] ObjectRef(124621163998): object was freed before callback; returning Nil.
   at: gdplanningai_rust::logger::process_logs (src\logger.rs:66)
   GDScript backtrace (most recent call first):
       [0] _start_plan_and_wait (res://test/integration/test_campfire_example_smoke.gd:57)
[GdPAI | debug] ApplyEffect [Before] ID=InstanceId(-9223370233857689711): agent props = {"entity": null, "held_item": "", "hunger": 70.0627442063492}
[GdPAI | debug] ApplyEffect [After] ID=InstanceId(-9223370233857689711): agent props = {"entity": null, "held_item": "", "hunger": 70.0627442063492}
[GdPAI | debug]   Snapshotting prop: entity = Nil (Variant type: NIL)
[GdPAI | debug]   Snapshotting prop: held_item = Str("") (Variant type: STRING)
[GdPAI | debug]   Snapshotting prop: hunger = Float(70.0627442063492) (Variant type: FLOAT)
[GdPAI | debug] Discovery: Simulation success for Drop Item. Agent props: {"entity": Nil, "held_item": Str(""), "hunger": Float(70.0627442063492)}
[GdPAI | debug] Discovery: Action Drop Item satisfied precond Builtin { target: Agent, operation: Equal, property_name: "held_item", value: Some(Str("")) }
[GdPAI | debug] Found candidate: Drop Item (satisfied preconds: [0], requirements: [])
[GdPAI | debug] Discovery: Starting simulation for action Add Fuel
WARNING: [GdPAI] ObjectRef(124621163998): object was freed before callback; returning Nil.
   at: gdplanningai_rust::logger::process_logs (src\logger.rs:66)
   GDScript backtrace (most recent call first):
       [0] _process (res://addons/GdPlanningAI/gdpai_autoload.gd:21)
WARNING: [GdPAI] ObjectRef(124621163998): object was freed before callback; returning Nil.
   at: gdplanningai_rust::logger::process_logs (src\logger.rs:66)
   GDScript backtrace (most recent call first):
       [0] _process (res://addons/GdPlanningAI/gdpai_autoload.gd:21)
[GdPAI | debug] GetCost: callable returned non-numeric value: null; returning INFINITY
WARNING: [GdPAI] ObjectRef(124621163998): object was freed before callback; returning Nil.
   at: gdplanningai_rust::logger::process_logs (src\logger.rs:66)
   GDScript backtrace (most recent call first):
       [0] _start_plan_and_wait (res://test/integration/test_campfire_example_smoke.gd:57)
WARNING: [GdPAI] ObjectRef(124621163998): object was freed before callback; returning Nil.
   at: gdplanningai_rust::logger::process_logs (src\logger.rs:66)
   GDScript backtrace (most recent call first):
       [0] _start_plan_and_wait (res://test/integration/test_campfire_example_smoke.gd:57)
[GdPAI | debug] ApplyEffect [Before] ID=InstanceId(-9223370231357884485): agent props = {"held_item": "wood", "entity": null, "hunger": 70.0627442063492}
[GdPAI | debug] ApplyEffect [After] ID=InstanceId(-9223370231357884485): agent props = {"held_item": "wood", "entity": null, "hunger": 70.0627442063492}
[GdPAI | debug]   Snapshotting prop: held_item = Str("wood") (Variant type: STRING)
[GdPAI | debug]   Snapshotting prop: entity = Nil (Variant type: NIL)
[GdPAI | debug]   Snapshotting prop: hunger = Float(70.0627442063492) (Variant type: FLOAT)
[GdPAI | debug] Discovery: Simulation success for Add Fuel. Agent props: {"held_item": Str("wood"), "entity": Nil, "hunger": Float(70.0627442063492)}
[GdPAI | debug] Discovery: Action Add Fuel did NOT satisfy precond Builtin { target: Agent, operation: Equal, property_name: "held_item", value: Some(Str("")) }
WARNING: [GdPAI] ObjectRef(124621163998): object was freed before callback; returning Nil.
   at: gdplanningai_rust::logger::process_logs (src\logger.rs:66)
   GDScript backtrace (most recent call first):
       [0] _process (res://addons/GdPlanningAI/gdpai_autoload.gd:21)
WARNING: [GdPAI] ObjectRef(124621163998): object was freed before callback; returning Nil.
   at: gdplanningai_rust::logger::process_logs (src\logger.rs:66)
   GDScript backtrace (most recent call first):
       [0] _process (res://addons/GdPlanningAI/gdpai_autoload.gd:21)
[GdPAI | debug] Discovery: Action Cook Potato failed validity check, skipping
[GdPAI | debug] Discovery: Starting simulation for action Pick Up Wood
WARNING: [GdPAI] ObjectRef(124621163998): object was freed before callback; returning Nil.
   at: gdplanningai_rust::logger::process_logs (src\logger.rs:66)
   GDScript backtrace (most recent call first):
       [0] _start_plan_and_wait (res://test/integration/test_campfire_example_smoke.gd:57)
WARNING: [GdPAI] ObjectRef(124621163998): object was freed before callback; returning Nil.
   at: gdplanningai_rust::logger::process_logs (src\logger.rs:66)
   GDScript backtrace (most recent call first):
       [0] _start_plan_and_wait (res://test/integration/test_campfire_example_smoke.gd:57)
[GdPAI | debug] GetCost: callable returned non-numeric value: null; returning INFINITY
WARNING: [GdPAI] ObjectRef(124621163998): object was freed before callback; returning Nil.
   at: gdplanningai_rust::logger::process_logs (src\logger.rs:66)
   GDScript backtrace (most recent call first):
       [0] _process (res://addons/GdPlanningAI/gdpai_autoload.gd:21)
WARNING: [GdPAI] ObjectRef(124621163998): object was freed before callback; returning Nil.
   at: gdplanningai_rust::logger::process_logs (src\logger.rs:66)
   GDScript backtrace (most recent call first):
       [0] _process (res://addons/GdPlanningAI/gdpai_autoload.gd:21)
[GdPAI | debug] ApplyEffect [Before] ID=InstanceId(-9223370227599788095): agent props = {"entity": null, "held_item": "", "hunger": 70.0627442063492}
[GdPAI | debug] ApplyEffect [After] ID=InstanceId(-9223370227599788095): agent props = {"entity": null, "held_item": "", "hunger": 70.0627442063492}
[GdPAI | debug]   Snapshotting prop: entity = Nil (Variant type: NIL)
[GdPAI | debug]   Snapshotting prop: held_item = Str("") (Variant type: STRING)
[GdPAI | debug]   Snapshotting prop: hunger = Float(70.0627442063492) (Variant type: FLOAT)
[GdPAI | debug] Discovery: Simulation success for Pick Up Wood. Agent props: {"entity": Nil, "held_item": Str(""), "hunger": Float(70.0627442063492)}
[GdPAI | debug] Discovery: Action Pick Up Wood satisfied precond Builtin { target: Agent, operation: Equal, property_name: "held_item", value: Some(Str("")) }
[GdPAI | debug] Found candidate: Pick Up Wood (satisfied preconds: [0], requirements: [])
[GdPAI | debug] Discovery: Starting simulation for action Pick Up Wood
WARNING: [GdPAI] ObjectRef(124621163998): object was freed before callback; returning Nil.
   at: gdplanningai_rust::logger::process_logs (src\logger.rs:66)
   GDScript backtrace (most recent call first):
       [0] _start_plan_and_wait (res://test/integration/test_campfire_example_smoke.gd:57)
WARNING: [GdPAI] ObjectRef(124621163998): object was freed before callback; returning Nil.
   at: gdplanningai_rust::logger::process_logs (src\logger.rs:66)
   GDScript backtrace (most recent call first):
       [0] _start_plan_and_wait (res://test/integration/test_campfire_example_smoke.gd:57)
[GdPAI | debug] GetCost: callable returned non-numeric value: null; returning INFINITY
WARNING: [GdPAI] ObjectRef(124621163998): object was freed before callback; returning Nil.
   at: gdplanningai_rust::logger::process_logs (src\logger.rs:66)
   GDScript backtrace (most recent call first):
       [0] _process (res://addons/GdPlanningAI/gdpai_autoload.gd:21)
WARNING: [GdPAI] ObjectRef(124621163998): object was freed before callback; returning Nil.
   at: gdplanningai_rust::logger::process_logs (src\logger.rs:66)
   GDScript backtrace (most recent call first):
       [0] _process (res://addons/GdPlanningAI/gdpai_autoload.gd:21)
[GdPAI | debug] ApplyEffect [Before] ID=InstanceId(-9223370225099982998): agent props = {"held_item": "", "hunger": 70.0627442063492, "entity": null}
[GdPAI | debug] ApplyEffect [After] ID=InstanceId(-9223370225099982998): agent props = {"held_item": "", "hunger": 70.0627442063492, "entity": null}
[GdPAI | debug]   Snapshotting prop: held_item = Str("") (Variant type: STRING)
[GdPAI | debug]   Snapshotting prop: hunger = Float(70.0627442063492) (Variant type: FLOAT)
[GdPAI | debug]   Snapshotting prop: entity = Nil (Variant type: NIL)
[GdPAI | debug] Discovery: Simulation success for Pick Up Wood. Agent props: {"hunger": Float(70.0627442063492), "entity": Nil, "held_item": Str("")}
[GdPAI | debug] Discovery: Action Pick Up Wood satisfied precond Builtin { target: Agent, operation: Equal, property_name: "held_item", value: Some(Str("")) }
[GdPAI | debug] Found candidate: Pick Up Wood (satisfied preconds: [0], requirements: [])
[GdPAI | debug] Discovery: Starting simulation for action Pick Up Wood
WARNING: [GdPAI] ObjectRef(124621163998): object was freed before callback; returning Nil.
   at: gdplanningai_rust::logger::process_logs (src\logger.rs:66)
   GDScript backtrace (most recent call first):
       [0] _start_plan_and_wait (res://test/integration/test_campfire_example_smoke.gd:57)
WARNING: [GdPAI] ObjectRef(124621163998): object was freed before callback; returning Nil.
   at: gdplanningai_rust::logger::process_logs (src\logger.rs:66)
   GDScript backtrace (most recent call first):
       [0] _start_plan_and_wait (res://test/integration/test_campfire_example_smoke.gd:57)
[GdPAI | debug] GetCost: callable returned non-numeric value: null; returning INFINITY
WARNING: [GdPAI] ObjectRef(124621163998): object was freed before callback; returning Nil.
   at: gdplanningai_rust::logger::process_logs (src\logger.rs:66)
   GDScript backtrace (most recent call first):
       [0] _process (res://addons/GdPlanningAI/gdpai_autoload.gd:21)
WARNING: [GdPAI] ObjectRef(124621163998): object was freed before callback; returning Nil.
   at: gdplanningai_rust::logger::process_logs (src\logger.rs:66)
   GDScript backtrace (most recent call first):
       [0] _process (res://addons/GdPlanningAI/gdpai_autoload.gd:21)
[GdPAI | debug] ApplyEffect [Before] ID=InstanceId(-9223370222600177740): agent props = {"hunger": 70.0627442063492, "entity": null, "held_item": ""}
[GdPAI | debug] ApplyEffect [After] ID=InstanceId(-9223370222600177740): agent props = {"hunger": 70.0627442063492, "entity": null, "held_item": ""}
[GdPAI | debug]   Snapshotting prop: hunger = Float(70.0627442063492) (Variant type: FLOAT)
[GdPAI | debug]   Snapshotting prop: entity = Nil (Variant type: NIL)
[GdPAI | debug]   Snapshotting prop: held_item = Str("") (Variant type: STRING)
[GdPAI | debug] Discovery: Simulation success for Pick Up Wood. Agent props: {"entity": Nil, "held_item": Str(""), "hunger": Float(70.0627442063492)}
[GdPAI | debug] Discovery: Action Pick Up Wood satisfied precond Builtin { target: Agent, operation: Equal, property_name: "held_item", value: Some(Str("")) }
[GdPAI | debug] Found candidate: Pick Up Wood (satisfied preconds: [0], requirements: [])
[GdPAI | debug] Discovery: Starting simulation for action Pick Up Wood
WARNING: [GdPAI] ObjectRef(124621163998): object was freed before callback; returning Nil.
   at: gdplanningai_rust::logger::process_logs (src\logger.rs:66)
   GDScript backtrace (most recent call first):
       [0] _start_plan_and_wait (res://test/integration/test_campfire_example_smoke.gd:57)
WARNING: [GdPAI] ObjectRef(124621163998): object was freed before callback; returning Nil.
   at: gdplanningai_rust::logger::process_logs (src\logger.rs:66)
   GDScript backtrace (most recent call first):
       [0] _start_plan_and_wait (res://test/integration/test_campfire_example_smoke.gd:57)
[GdPAI | debug] GetCost: callable returned non-numeric value: null; returning INFINITY
WARNING: [GdPAI] ObjectRef(124621163998): object was freed before callback; returning Nil.
   at: gdplanningai_rust::logger::process_logs (src\logger.rs:66)
   GDScript backtrace (most recent call first):
       [0] _process (res://addons/GdPlanningAI/gdpai_autoload.gd:21)
WARNING: [GdPAI] ObjectRef(124621163998): object was freed before callback; returning Nil.
   at: gdplanningai_rust::logger::process_logs (src\logger.rs:66)
   GDScript backtrace (most recent call first):
       [0] _process (res://addons/GdPlanningAI/gdpai_autoload.gd:21)
[GdPAI | debug] ApplyEffect [Before] ID=InstanceId(-9223370220100372504): agent props = {"held_item": "", "hunger": 70.0627442063492, "entity": null}
[GdPAI | debug] ApplyEffect [After] ID=InstanceId(-9223370220100372504): agent props = {"held_item": "", "hunger": 70.0627442063492, "entity": null}
[GdPAI | debug]   Snapshotting prop: held_item = Str("") (Variant type: STRING)
[GdPAI | debug]   Snapshotting prop: hunger = Float(70.0627442063492) (Variant type: FLOAT)
[GdPAI | debug]   Snapshotting prop: entity = Nil (Variant type: NIL)
[GdPAI | debug] Discovery: Simulation success for Pick Up Wood. Agent props: {"held_item": Str(""), "hunger": Float(70.0627442063492), "entity": Nil}
[GdPAI | debug] Discovery: Action Pick Up Wood satisfied precond Builtin { target: Agent, operation: Equal, property_name: "held_item", value: Some(Str("")) }
[GdPAI | debug] Found candidate: Pick Up Wood (satisfied preconds: [0], requirements: [])
WARNING: [GdPAI] ObjectRef(124621163998): object was freed before callback; returning Nil.
   at: gdplanningai_rust::logger::process_logs (src\logger.rs:66)
   GDScript backtrace (most recent call first):
       [0] _start_plan_and_wait (res://test/integration/test_campfire_example_smoke.gd:57)
WARNING: [GdPAI] ObjectRef(124621163998): object was freed before callback; returning Nil.
   at: gdplanningai_rust::logger::process_logs (src\logger.rs:66)
   GDScript backtrace (most recent call first):
       [0] _start_plan_and_wait (res://test/integration/test_campfire_example_smoke.gd:57)
[GdPAI | debug] Discovery: Action Dig Potato failed validity check, skipping
WARNING: [GdPAI] ObjectRef(124621163998): object was freed before callback; returning Nil.
   at: gdplanningai_rust::logger::process_logs (src\logger.rs:66)
   GDScript backtrace (most recent call first):
       [0] _process (res://addons/GdPlanningAI/gdpai_autoload.gd:21)
WARNING: [GdPAI] ObjectRef(124621163998): object was freed before callback; returning Nil.
   at: gdplanningai_rust::logger::process_logs (src\logger.rs:66)
   GDScript backtrace (most recent call first):
       [0] _process (res://addons/GdPlanningAI/gdpai_autoload.gd:21)
[GdPAI | debug] Discovery: Action Dig Potato failed validity check, skipping
[GdPAI | debug] No candidates found for branch with 0 preconds and 0 requirements
[GdPAI] A* Iteration: pop node with chain length 3
[GdPAI | debug] Numeric comparison: 95.0603725 LessThan 80.0603725 -> false
[GdPAI | debug] find_candidates: Checking 15 actions against 0 preconds and 0 requirements
WARNING: [GdPAI] ObjectRef(124621163998): object was freed before callback; returning Nil.
   at: gdplanningai_rust::logger::process_logs (src\logger.rs:66)
   GDScript backtrace (most recent call first):
       [0] _start_plan_and_wait (res://test/integration/test_campfire_example_smoke.gd:57)
WARNING: [GdPAI] ObjectRef(124621163998): object was freed before callback; returning Nil.
   at: gdplanningai_rust::logger::process_logs (src\logger.rs:66)
   GDScript backtrace (most recent call first):
       [0] _start_plan_and_wait (res://test/integration/test_campfire_example_smoke.gd:57)
[GdPAI | debug] Discovery: Action Dig Potato failed validity check, skipping
WARNING: [GdPAI] ObjectRef(124621163998): object was freed before callback; returning Nil.
   at: gdplanningai_rust::logger::process_logs (src\logger.rs:66)
   GDScript backtrace (most recent call first):
       [0] _process (res://addons/GdPlanningAI/gdpai_autoload.gd:21)
WARNING: [GdPAI] ObjectRef(124621163998): object was freed before callback; returning Nil.
   at: gdplanningai_rust::logger::process_logs (src\logger.rs:66)
   GDScript backtrace (most recent call first):
       [0] _process (res://addons/GdPlanningAI/gdpai_autoload.gd:21)
[GdPAI | debug] Discovery: Action Dig Potato failed validity check, skipping
WARNING: [GdPAI] ObjectRef(124621163998): object was freed before callback; returning Nil.
   at: gdplanningai_rust::logger::process_logs (src\logger.rs:66)
   GDScript backtrace (most recent call first):
       [0] _start_plan_and_wait (res://test/integration/test_campfire_example_smoke.gd:57)
WARNING: [GdPAI] ObjectRef(124621163998): object was freed before callback; returning Nil.
   at: gdplanningai_rust::logger::process_logs (src\logger.rs:66)
   GDScript backtrace (most recent call first):
       [0] _start_plan_and_wait (res://test/integration/test_campfire_example_smoke.gd:57)
[GdPAI | debug] Discovery: Action Dig Potato failed validity check, skipping
WARNING: [GdPAI] ObjectRef(124621163998): object was freed before callback; returning Nil.
   at: gdplanningai_rust::logger::process_logs (src\logger.rs:66)
   GDScript backtrace (most recent call first):
       [0] _process (res://addons/GdPlanningAI/gdpai_autoload.gd:21)
WARNING: [GdPAI] ObjectRef(124621163998): object was freed before callback; returning Nil.
   at: gdplanningai_rust::logger::process_logs (src\logger.rs:66)
   GDScript backtrace (most recent call first):
       [0] _process (res://addons/GdPlanningAI/gdpai_autoload.gd:21)
WARNING: [GdPAI] ObjectRef(125510356497): object was freed before callback; returning Nil.
   at: gdplanningai_rust::logger::process_logs (src\logger.rs:66)
   GDScript backtrace (most recent call first):
       [0] _process (res://addons/GdPlanningAI/gdpai_autoload.gd:21)
WARNING: [GdPAI] ObjectRef(125510356497): object was freed before callback; returning Nil.
   at: gdplanningai_rust::logger::process_logs (src\logger.rs:66)
   GDScript backtrace (most recent call first):
       [0] _process (res://addons/GdPlanningAI/gdpai_autoload.gd:21)
[GdPAI | debug] GetCost: callable returned non-numeric value: null; returning INFINITY
WARNING: [GdPAI] ObjectRef(124621163998): object was freed before callback; returning Nil.
   at: gdplanningai_rust::logger::process_logs (src\logger.rs:66)
   GDScript backtrace (most recent call first):
       [0] _start_plan_and_wait (res://test/integration/test_campfire_example_smoke.gd:57)
WARNING: [GdPAI] ObjectRef(124621163998): object was freed before callback; returning Nil.
   at: gdplanningai_rust::logger::process_logs (src\logger.rs:66)
   GDScript backtrace (most recent call first):
       [0] _start_plan_and_wait (res://test/integration/test_campfire_example_smoke.gd:57)
WARNING: [GdPAI] ObjectRef(125510356497): object was freed before callback; returning Nil.
   at: gdplanningai_rust::logger::process_logs (src\logger.rs:66)
   GDScript backtrace (most recent call first):
       [0] _start_plan_and_wait (res://test/integration/test_campfire_example_smoke.gd:57)
WARNING: [GdPAI] ObjectRef(125510356497): object was freed before callback; returning Nil.
   at: gdplanningai_rust::logger::process_logs (src\logger.rs:66)
   GDScript backtrace (most recent call first):
       [0] _start_plan_and_wait (res://test/integration/test_campfire_example_smoke.gd:57)
[GdPAI | debug] ApplyEffect [Before] ID=InstanceId(-9223370211258779682): agent props = {"held_item": "", "entity": null, "hunger": 70.0627442063492, "at_target": null}
[GdPAI | debug] ApplyEffect [After] ID=InstanceId(-9223370211258779682): agent props = {"held_item": "", "entity": null, "hunger": 70.0627442063492, "at_target": null}
[GdPAI | debug]   Snapshotting prop: held_item = Str("") (Variant type: STRING)
[GdPAI | debug]   Snapshotting prop: entity = Nil (Variant type: NIL)
[GdPAI | debug]   Snapshotting prop: hunger = Float(70.0627442063492) (Variant type: FLOAT)
[GdPAI | debug]   Snapshotting prop: at_target = Nil (Variant type: NIL)
WARNING: [GdPAI] ObjectRef(124621163998): object was freed before callback; returning Nil.
   at: gdplanningai_rust::logger::process_logs (src\logger.rs:66)
   GDScript backtrace (most recent call first):
       [0] _process (res://addons/GdPlanningAI/gdpai_autoload.gd:21)
WARNING: [GdPAI] ObjectRef(125510356497): object was freed before callback; returning Nil.
   at: gdplanningai_rust::logger::process_logs (src\logger.rs:66)
   GDScript backtrace (most recent call first):
       [0] _process (res://addons/GdPlanningAI/gdpai_autoload.gd:21)
WARNING: [GdPAI] ObjectRef(125510356497): object was freed before callback; returning Nil.
   at: gdplanningai_rust::logger::process_logs (src\logger.rs:66)
   GDScript backtrace (most recent call first):
       [0] _process (res://addons/GdPlanningAI/gdpai_autoload.gd:21)
[GdPAI | debug] GetCost: callable returned non-numeric value: null; returning INFINITY
WARNING: [GdPAI] ObjectRef(124621163998): object was freed before callback; returning Nil.
   at: gdplanningai_rust::logger::process_logs (src\logger.rs:66)
   GDScript backtrace (most recent call first):
       [0] _start_plan_and_wait (res://test/integration/test_campfire_example_smoke.gd:57)
WARNING: [GdPAI] ObjectRef(125510356497): object was freed before callback; returning Nil.
   at: gdplanningai_rust::logger::process_logs (src\logger.rs:66)
   GDScript backtrace (most recent call first):
       [0] _start_plan_and_wait (res://test/integration/test_campfire_example_smoke.gd:57)
WARNING: [GdPAI] ObjectRef(125510356497): object was freed before callback; returning Nil.
   at: gdplanningai_rust::logger::process_logs (src\logger.rs:66)
   GDScript backtrace (most recent call first):
       [0] _start_plan_and_wait (res://test/integration/test_campfire_example_smoke.gd:57)
[GdPAI | debug] ApplyEffect [Before] ID=InstanceId(-9223370208607979468): agent props = {"held_item": "", "hunger": 70.0627442063492, "entity": null, "at_target": null}
[GdPAI | debug] ApplyEffect [After] ID=InstanceId(-9223370208607979468): agent props = {"held_item": "", "hunger": 70.0627442063492, "entity": null, "at_target": null}
[GdPAI | debug]   Snapshotting prop: held_item = Str("") (Variant type: STRING)
[GdPAI | debug]   Snapshotting prop: hunger = Float(70.0627442063492) (Variant type: FLOAT)
[GdPAI | debug]   Snapshotting prop: entity = Nil (Variant type: NIL)
[GdPAI | debug]   Snapshotting prop: at_target = Nil (Variant type: NIL)
WARNING: [GdPAI] ObjectRef(124621163998): object was freed before callback; returning Nil.
   at: gdplanningai_rust::logger::process_logs (src\logger.rs:66)
   GDScript backtrace (most recent call first):
       [0] _process (res://addons/GdPlanningAI/gdpai_autoload.gd:21)
WARNING: [GdPAI] ObjectRef(124134624705): object was freed before callback; returning Nil.
   at: gdplanningai_rust::logger::process_logs (src\logger.rs:66)
   GDScript backtrace (most recent call first):
       [0] _process (res://addons/GdPlanningAI/gdpai_autoload.gd:21)
WARNING: [GdPAI] ObjectRef(124134624705): object was freed before callback; returning Nil.
   at: gdplanningai_rust::logger::process_logs (src\logger.rs:66)
   GDScript backtrace (most recent call first):
       [0] _process (res://addons/GdPlanningAI/gdpai_autoload.gd:21)
[GdPAI | debug] GetCost: callable returned non-numeric value: null; returning INFINITY
WARNING: [GdPAI] ObjectRef(124621163998): object was freed before callback; returning Nil.
   at: gdplanningai_rust::logger::process_logs (src\logger.rs:66)
   GDScript backtrace (most recent call first):
       [0] _start_plan_and_wait (res://test/integration/test_campfire_example_smoke.gd:57)
WARNING: [GdPAI] ObjectRef(124134624705): object was freed before callback; returning Nil.
   at: gdplanningai_rust::logger::process_logs (src\logger.rs:66)
   GDScript backtrace (most recent call first):
       [0] _start_plan_and_wait (res://test/integration/test_campfire_example_smoke.gd:57)
WARNING: [GdPAI] ObjectRef(124134624705): object was freed before callback; returning Nil.
   at: gdplanningai_rust::logger::process_logs (src\logger.rs:66)
   GDScript backtrace (most recent call first):
       [0] _start_plan_and_wait (res://test/integration/test_campfire_example_smoke.gd:57)
[GdPAI | debug] ApplyEffect [Before] ID=InstanceId(-9223370206007510974): agent props = {"hunger": 70.0627442063492, "at_target": null, "entity": null, "held_item": ""}
[GdPAI | debug] ApplyEffect [After] ID=InstanceId(-9223370206007510974): agent props = {"hunger": 70.0627442063492, "at_target": null, "entity": null, "held_item": ""}
[GdPAI | debug]   Snapshotting prop: hunger = Float(70.0627442063492) (Variant type: FLOAT)
[GdPAI | debug]   Snapshotting prop: at_target = Nil (Variant type: NIL)
[GdPAI | debug]   Snapshotting prop: entity = Nil (Variant type: NIL)
[GdPAI | debug]   Snapshotting prop: held_item = Str("") (Variant type: STRING)
WARNING: [GdPAI] ObjectRef(124621163998): object was freed before callback; returning Nil.
   at: gdplanningai_rust::logger::process_logs (src\logger.rs:66)
   GDScript backtrace (most recent call first):
       [0] _process (res://addons/GdPlanningAI/gdpai_autoload.gd:21)
WARNING: [GdPAI] ObjectRef(124134624705): object was freed before callback; returning Nil.
   at: gdplanningai_rust::logger::process_logs (src\logger.rs:66)
   GDScript backtrace (most recent call first):
       [0] _process (res://addons/GdPlanningAI/gdpai_autoload.gd:21)
WARNING: [GdPAI] ObjectRef(124134624705): object was freed before callback; returning Nil.
   at: gdplanningai_rust::logger::process_logs (src\logger.rs:66)
   GDScript backtrace (most recent call first):
       [0] _process (res://addons/GdPlanningAI/gdpai_autoload.gd:21)
[GdPAI | debug] GetCost: callable returned non-numeric value: null; returning INFINITY
WARNING: [GdPAI] ObjectRef(124621163998): object was freed before callback; returning Nil.
   at: gdplanningai_rust::logger::process_logs (src\logger.rs:66)
   GDScript backtrace (most recent call first):
       [0] _start_plan_and_wait (res://test/integration/test_campfire_example_smoke.gd:57)
WARNING: [GdPAI] ObjectRef(124134624705): object was freed before callback; returning Nil.
   at: gdplanningai_rust::logger::process_logs (src\logger.rs:66)
   GDScript backtrace (most recent call first):
       [0] _start_plan_and_wait (res://test/integration/test_campfire_example_smoke.gd:57)
WARNING: [GdPAI] ObjectRef(124134624705): object was freed before callback; returning Nil.
   at: gdplanningai_rust::logger::process_logs (src\logger.rs:66)
   GDScript backtrace (most recent call first):
       [0] _start_plan_and_wait (res://test/integration/test_campfire_example_smoke.gd:57)
[GdPAI | debug] ApplyEffect [Before] ID=InstanceId(-9223370203407042512): agent props = {"hunger": 70.0627442063492, "entity": null, "held_item": "", "at_target": null}
[GdPAI | debug] ApplyEffect [After] ID=InstanceId(-9223370203407042512): agent props = {"hunger": 70.0627442063492, "entity": null, "held_item": "", "at_target": null}
[GdPAI | debug]   Snapshotting prop: hunger = Float(70.0627442063492) (Variant type: FLOAT)
[GdPAI | debug]   Snapshotting prop: entity = Nil (Variant type: NIL)
[GdPAI | debug]   Snapshotting prop: held_item = Str("") (Variant type: STRING)
[GdPAI | debug]   Snapshotting prop: at_target = Nil (Variant type: NIL)
WARNING: [GdPAI] ObjectRef(124621163998): object was freed before callback; returning Nil.
   at: gdplanningai_rust::logger::process_logs (src\logger.rs:66)
   GDScript backtrace (most recent call first):
       [0] _process (res://addons/GdPlanningAI/gdpai_autoload.gd:21)
[GdPAI | debug] GetCost: callable returned non-numeric value: null; returning INFINITY
WARNING: [GdPAI] ObjectRef(124621163998): object was freed before callback; returning Nil.
   at: gdplanningai_rust::logger::process_logs (src\logger.rs:66)
   GDScript backtrace (most recent call first):
       [0] _start_plan_and_wait (res://test/integration/test_campfire_example_smoke.gd:57)
[GdPAI | debug] ApplyEffect [Before] ID=InstanceId(-9223370200907237287): agent props = {"hunger": 70.0627442063492, "held_item": "wood", "entity": null, "at_target": null}
[GdPAI | debug] ApplyEffect [After] ID=InstanceId(-9223370200907237287): agent props = {"hunger": 70.0627442063492, "held_item": "wood", "entity": null, "at_target": null}
[GdPAI | debug]   Snapshotting prop: hunger = Float(70.0627442063492) (Variant type: FLOAT)
[GdPAI | debug]   Snapshotting prop: held_item = Str("wood") (Variant type: STRING)
[GdPAI | debug]   Snapshotting prop: entity = Nil (Variant type: NIL)
[GdPAI | debug]   Snapshotting prop: at_target = Nil (Variant type: NIL)
WARNING: [GdPAI] ObjectRef(124621163998): object was freed before callback; returning Nil.
   at: gdplanningai_rust::logger::process_logs (src\logger.rs:66)
   GDScript backtrace (most recent call first):
       [0] _process (res://addons/GdPlanningAI/gdpai_autoload.gd:21)
WARNING: [GdPAI] ObjectRef(124621163998): object was freed before callback; returning Nil.
   at: gdplanningai_rust::logger::process_logs (src\logger.rs:66)
   GDScript backtrace (most recent call first):
       [0] _process (res://addons/GdPlanningAI/gdpai_autoload.gd:21)
[GdPAI | debug] GetCost: callable returned non-numeric value: null; returning INFINITY
WARNING: [GdPAI] ObjectRef(124621163998): object was freed before callback; returning Nil.
   at: gdplanningai_rust::logger::process_logs (src\logger.rs:66)
   GDScript backtrace (most recent call first):
       [0] _start_plan_and_wait (res://test/integration/test_campfire_example_smoke.gd:57)
WARNING: [GdPAI] ObjectRef(124621163998): object was freed before callback; returning Nil.
   at: gdplanningai_rust::logger::process_logs (src\logger.rs:66)
   GDScript backtrace (most recent call first):
       [0] _start_plan_and_wait (res://test/integration/test_campfire_example_smoke.gd:57)
[GdPAI | debug] ApplyEffect [Before] ID=InstanceId(-9223370198457763767): agent props = {"entity": null, "held_item": "", "hunger": 70.0627442063492}
[GdPAI | debug] ApplyEffect [After] ID=InstanceId(-9223370198457763767): agent props = {"entity": null, "held_item": "", "hunger": 70.0627442063492}
[GdPAI | debug]   Snapshotting prop: entity = Nil (Variant type: NIL)
[GdPAI | debug]   Snapshotting prop: held_item = Str("") (Variant type: STRING)
[GdPAI | debug]   Snapshotting prop: hunger = Float(70.0627442063492) (Variant type: FLOAT)
WARNING: [GdPAI] ObjectRef(124621163998): object was freed before callback; returning Nil.
   at: gdplanningai_rust::logger::process_logs (src\logger.rs:66)
   GDScript backtrace (most recent call first):
       [0] _process (res://addons/GdPlanningAI/gdpai_autoload.gd:21)
[GdPAI | debug] GetCost: callable returned non-numeric value: null; returning INFINITY
WARNING: [GdPAI] ObjectRef(124621163998): object was freed before callback; returning Nil.
   at: gdplanningai_rust::logger::process_logs (src\logger.rs:66)
   GDScript backtrace (most recent call first):
       [0] _start_plan_and_wait (res://test/integration/test_campfire_example_smoke.gd:57)
[GdPAI | debug] ApplyEffect [Before] ID=InstanceId(-9223370196008290202): agent props = {"entity": null, "held_item": "", "hunger": 70.0627442063492}
[GdPAI | debug] ApplyEffect [After] ID=InstanceId(-9223370196008290202): agent props = {"entity": null, "held_item": "", "hunger": 70.0627442063492}
[GdPAI | debug]   Snapshotting prop: entity = Nil (Variant type: NIL)
[GdPAI | debug]   Snapshotting prop: held_item = Str("") (Variant type: STRING)
[GdPAI | debug]   Snapshotting prop: hunger = Float(70.0627442063492) (Variant type: FLOAT)
WARNING: [GdPAI] ObjectRef(124621163998): object was freed before callback; returning Nil.
   at: gdplanningai_rust::logger::process_logs (src\logger.rs:66)
   GDScript backtrace (most recent call first):
       [0] _process (res://addons/GdPlanningAI/gdpai_autoload.gd:21)
WARNING: [GdPAI] ObjectRef(124134624705): object was freed before callback; returning Nil.
   at: gdplanningai_rust::logger::process_logs (src\logger.rs:66)
   GDScript backtrace (most recent call first):
       [0] _process (res://addons/GdPlanningAI/gdpai_autoload.gd:21)
WARNING: [GdPAI] ObjectRef(124134624705): object was freed before callback; returning Nil.
   at: gdplanningai_rust::logger::process_logs (src\logger.rs:66)
   GDScript backtrace (most recent call first):
       [0] _process (res://addons/GdPlanningAI/gdpai_autoload.gd:21)
[GdPAI | debug] GetCost: callable returned non-numeric value: null; returning INFINITY
WARNING: [GdPAI] ObjectRef(124621163998): object was freed before callback; returning Nil.
   at: gdplanningai_rust::logger::process_logs (src\logger.rs:66)
   GDScript backtrace (most recent call first):
       [0] _start_plan_and_wait (res://test/integration/test_campfire_example_smoke.gd:57)
WARNING: [GdPAI] ObjectRef(124134624705): object was freed before callback; returning Nil.
   at: gdplanningai_rust::logger::process_logs (src\logger.rs:66)
   GDScript backtrace (most recent call first):
       [0] _start_plan_and_wait (res://test/integration/test_campfire_example_smoke.gd:57)
WARNING: [GdPAI] ObjectRef(124134624705): object was freed before callback; returning Nil.
   at: gdplanningai_rust::logger::process_logs (src\logger.rs:66)
   GDScript backtrace (most recent call first):
       [0] _start_plan_and_wait (res://test/integration/test_campfire_example_smoke.gd:57)
[GdPAI | debug] ApplyEffect [Before] ID=InstanceId(-9223370193508484987): agent props = {"entity": null, "held_item": "", "hunger": 70.0627442063492, "at_target": null}
[GdPAI | debug] ApplyEffect [After] ID=InstanceId(-9223370193508484987): agent props = {"entity": null, "held_item": "", "hunger": 70.0627442063492, "at_target": null}
[GdPAI | debug]   Snapshotting prop: entity = Nil (Variant type: NIL)
[GdPAI | debug]   Snapshotting prop: held_item = Str("") (Variant type: STRING)
[GdPAI | debug]   Snapshotting prop: hunger = Float(70.0627442063492) (Variant type: FLOAT)
[GdPAI | debug]   Snapshotting prop: at_target = Nil (Variant type: NIL)
WARNING: [GdPAI] ObjectRef(124621163998): object was freed before callback; returning Nil.
   at: gdplanningai_rust::logger::process_logs (src\logger.rs:66)
   GDScript backtrace (most recent call first):
       [0] _process (res://addons/GdPlanningAI/gdpai_autoload.gd:21)
WARNING: [GdPAI] ObjectRef(124134624705): object was freed before callback; returning Nil.
   at: gdplanningai_rust::logger::process_logs (src\logger.rs:66)
   GDScript backtrace (most recent call first):
       [0] _process (res://addons/GdPlanningAI/gdpai_autoload.gd:21)
WARNING: [GdPAI] ObjectRef(124134624705): object was freed before callback; returning Nil.
   at: gdplanningai_rust::logger::process_logs (src\logger.rs:66)
   GDScript backtrace (most recent call first):
       [0] _process (res://addons/GdPlanningAI/gdpai_autoload.gd:21)
[GdPAI | debug] GetCost: callable returned non-numeric value: null; returning INFINITY
WARNING: [GdPAI] ObjectRef(124621163998): object was freed before callback; returning Nil.
   at: gdplanningai_rust::logger::process_logs (src\logger.rs:66)
   GDScript backtrace (most recent call first):
       [0] _start_plan_and_wait (res://test/integration/test_campfire_example_smoke.gd:57)
WARNING: [GdPAI] ObjectRef(124134624705): object was freed before callback; returning Nil.
   at: gdplanningai_rust::logger::process_logs (src\logger.rs:66)
   GDScript backtrace (most recent call first):
       [0] _start_plan_and_wait (res://test/integration/test_campfire_example_smoke.gd:57)
WARNING: [GdPAI] ObjectRef(124134624705): object was freed before callback; returning Nil.
   at: gdplanningai_rust::logger::process_logs (src\logger.rs:66)
   GDScript backtrace (most recent call first):
       [0] _start_plan_and_wait (res://test/integration/test_campfire_example_smoke.gd:57)
[GdPAI | debug] ApplyEffect [Before] ID=InstanceId(-9223370190908016504): agent props = {"hunger": 70.0627442063492, "entity": null, "at_target": null, "held_item": ""}
[GdPAI | debug] ApplyEffect [After] ID=InstanceId(-9223370190908016504): agent props = {"hunger": 70.0627442063492, "entity": null, "at_target": null, "held_item": ""}
[GdPAI | debug]   Snapshotting prop: hunger = Float(70.0627442063492) (Variant type: FLOAT)
[GdPAI | debug]   Snapshotting prop: entity = Nil (Variant type: NIL)
[GdPAI | debug]   Snapshotting prop: at_target = Nil (Variant type: NIL)
[GdPAI | debug]   Snapshotting prop: held_item = Str("") (Variant type: STRING)
WARNING: [GdPAI] ObjectRef(124621163998): object was freed before callback; returning Nil.
   at: gdplanningai_rust::logger::process_logs (src\logger.rs:66)
   GDScript backtrace (most recent call first):
       [0] _process (res://addons/GdPlanningAI/gdpai_autoload.gd:21)
[GdPAI | debug] GetCost: callable returned non-numeric value: null; returning INFINITY
WARNING: [GdPAI] ObjectRef(124621163998): object was freed before callback; returning Nil.
   at: gdplanningai_rust::logger::process_logs (src\logger.rs:66)
   GDScript backtrace (most recent call first):
       [0] _start_plan_and_wait (res://test/integration/test_campfire_example_smoke.gd:57)
[GdPAI | debug] ApplyEffect [Before] ID=InstanceId(-9223370188408211292): agent props = {"hunger": 70.0627442063492, "entity": null, "at_target": null, "held_item": "wood"}
[GdPAI | debug] ApplyEffect [After] ID=InstanceId(-9223370188408211292): agent props = {"hunger": 70.0627442063492, "entity": null, "at_target": null, "held_item": "wood"}
[GdPAI | debug]   Snapshotting prop: hunger = Float(70.0627442063492) (Variant type: FLOAT)
[GdPAI | debug]   Snapshotting prop: entity = Nil (Variant type: NIL)
[GdPAI | debug]   Snapshotting prop: at_target = Nil (Variant type: NIL)
[GdPAI | debug]   Snapshotting prop: held_item = Str("wood") (Variant type: STRING)
[GdPAI | debug] Numeric comparison: 70.0627442063492 GreaterThan 0 -> true
WARNING: [GdPAI] ObjectRef(124621163998): object was freed before callback; returning Nil.
   at: gdplanningai_rust::logger::process_logs (src\logger.rs:66)
   GDScript backtrace (most recent call first):
       [0] _process (res://addons/GdPlanningAI/gdpai_autoload.gd:21)
WARNING: [GdPAI] ObjectRef(124621163998): object was freed before callback; returning Nil.
   at: gdplanningai_rust::logger::process_logs (src\logger.rs:66)
   GDScript backtrace (most recent call first):
       [0] _process (res://addons/GdPlanningAI/gdpai_autoload.gd:21)
WARNING: [GdPAI] ObjectRef(125510356497): object was freed before callback; returning Nil.
   at: gdplanningai_rust::logger::process_logs (src\logger.rs:66)
   GDScript backtrace (most recent call first):
       [0] _process (res://addons/GdPlanningAI/gdpai_autoload.gd:21)
WARNING: [GdPAI] ObjectRef(125510356497): object was freed before callback; returning Nil.
   at: gdplanningai_rust::logger::process_logs (src\logger.rs:66)
   GDScript backtrace (most recent call first):
       [0] _process (res://addons/GdPlanningAI/gdpai_autoload.gd:21)
[GdPAI | debug] GetCost: callable returned non-numeric value: null; returning INFINITY
WARNING: [GdPAI] ObjectRef(124621163998): object was freed before callback; returning Nil.
   at: gdplanningai_rust::logger::process_logs (src\logger.rs:66)
   GDScript backtrace (most recent call first):
       [0] _start_plan_and_wait (res://test/integration/test_campfire_example_smoke.gd:57)
WARNING: [GdPAI] ObjectRef(124621163998): object was freed before callback; returning Nil.
   at: gdplanningai_rust::logger::process_logs (src\logger.rs:66)
   GDScript backtrace (most recent call first):
       [0] _start_plan_and_wait (res://test/integration/test_campfire_example_smoke.gd:57)
WARNING: [GdPAI] ObjectRef(125510356497): object was freed before callback; returning Nil.
   at: gdplanningai_rust::logger::process_logs (src\logger.rs:66)
   GDScript backtrace (most recent call first):
       [0] _start_plan_and_wait (res://test/integration/test_campfire_example_smoke.gd:57)
WARNING: [GdPAI] ObjectRef(125510356497): object was freed before callback; returning Nil.
   at: gdplanningai_rust::logger::process_logs (src\logger.rs:66)
   GDScript backtrace (most recent call first):
       [0] _start_plan_and_wait (res://test/integration/test_campfire_example_smoke.gd:57)
[GdPAI | debug] ApplyEffect [Before] ID=InstanceId(-9223370185858074456): agent props = {"hunger": 70.0627442063492, "entity": null, "at_target": null, "held_item": ""}
[GdPAI | debug] ApplyEffect [After] ID=InstanceId(-9223370185858074456): agent props = {"hunger": 70.0627442063492, "entity": null, "at_target": null, "held_item": ""}
[GdPAI | debug]   Snapshotting prop: hunger = Float(70.0627442063492) (Variant type: FLOAT)
[GdPAI | debug]   Snapshotting prop: entity = Nil (Variant type: NIL)
[GdPAI | debug]   Snapshotting prop: at_target = Nil (Variant type: NIL)
[GdPAI | debug]   Snapshotting prop: held_item = Str("") (Variant type: STRING)
[GdPAI | debug] No candidates found for branch with 0 preconds and 0 requirements
[GdPAI] A* Iteration: pop node with chain length 2
[GdPAI | debug] find_candidates: Checking 15 actions against 0 preconds and 2 requirements
WARNING: [GdPAI] ObjectRef(124621163998): object was freed before callback; returning Nil.
   at: gdplanningai_rust::logger::process_logs (src\logger.rs:66)
   GDScript backtrace (most recent call first):
       [0] _process (res://addons/GdPlanningAI/gdpai_autoload.gd:21)
WARNING: [GdPAI] ObjectRef(125510356497): object was freed before callback; returning Nil.
   at: gdplanningai_rust::logger::process_logs (src\logger.rs:66)
   GDScript backtrace (most recent call first):
       [0] _process (res://addons/GdPlanningAI/gdpai_autoload.gd:21)
WARNING: [GdPAI] ObjectRef(125510356497): object was freed before callback; returning Nil.
   at: gdplanningai_rust::logger::process_logs (src\logger.rs:66)
   GDScript backtrace (most recent call first):
       [0] _process (res://addons/GdPlanningAI/gdpai_autoload.gd:21)
[GdPAI | debug] GetCost: callable returned non-numeric value: null; returning INFINITY
[GdPAI | debug] Found candidate: Go To (satisfied preconds: [], requirements: [1])
WARNING: [GdPAI] ObjectRef(124621163998): object was freed before callback; returning Nil.
   at: gdplanningai_rust::logger::process_logs (src\logger.rs:66)
   GDScript backtrace (most recent call first):
       [0] _start_plan_and_wait (res://test/integration/test_campfire_example_smoke.gd:57)
WARNING: [GdPAI] ObjectRef(125510356497): object was freed before callback; returning Nil.
   at: gdplanningai_rust::logger::process_logs (src\logger.rs:66)
   GDScript backtrace (most recent call first):
       [0] _start_plan_and_wait (res://test/integration/test_campfire_example_smoke.gd:57)
WARNING: [GdPAI] ObjectRef(125510356497): object was freed before callback; returning Nil.
   at: gdplanningai_rust::logger::process_logs (src\logger.rs:66)
   GDScript backtrace (most recent call first):
       [0] _start_plan_and_wait (res://test/integration/test_campfire_example_smoke.gd:57)
[GdPAI | debug] ApplyEffect [Before] ID=InstanceId(-9223370183207274358): agent props = {"entity": null, "held_item": "", "at_target": null, "hunger": 70.0627442063492}
[GdPAI | debug] ApplyEffect [After] ID=InstanceId(-9223370183207274358): agent props = {"entity": null, "held_item": "", "at_target": null, "hunger": 70.0627442063492}
[GdPAI | debug]   Snapshotting prop: entity = Nil (Variant type: NIL)
[GdPAI | debug]   Snapshotting prop: held_item = Str("") (Variant type: STRING)
[GdPAI | debug]   Snapshotting prop: at_target = Nil (Variant type: NIL)
[GdPAI | debug]   Snapshotting prop: hunger = Float(70.0627442063492) (Variant type: FLOAT)
[GdPAI | debug] Found candidate: Go To (satisfied preconds: [], requirements: [1])
WARNING: [GdPAI] ObjectRef(124621163998): object was freed before callback; returning Nil.
   at: gdplanningai_rust::logger::process_logs (src\logger.rs:66)
   GDScript backtrace (most recent call first):
       [0] _process (res://addons/GdPlanningAI/gdpai_autoload.gd:21)
WARNING: [GdPAI] ObjectRef(124134624705): object was freed before callback; returning Nil.
   at: gdplanningai_rust::logger::process_logs (src\logger.rs:66)
   GDScript backtrace (most recent call first):
       [0] _process (res://addons/GdPlanningAI/gdpai_autoload.gd:21)
WARNING: [GdPAI] ObjectRef(124134624705): object was freed before callback; returning Nil.
   at: gdplanningai_rust::logger::process_logs (src\logger.rs:66)
   GDScript backtrace (most recent call first):
       [0] _process (res://addons/GdPlanningAI/gdpai_autoload.gd:21)
[GdPAI | debug] GetCost: callable returned non-numeric value: null; returning INFINITY
WARNING: [GdPAI] ObjectRef(124621163998): object was freed before callback; returning Nil.
   at: gdplanningai_rust::logger::process_logs (src\logger.rs:66)
   GDScript backtrace (most recent call first):
       [0] _start_plan_and_wait (res://test/integration/test_campfire_example_smoke.gd:57)
WARNING: [GdPAI] ObjectRef(124134624705): object was freed before callback; returning Nil.
   at: gdplanningai_rust::logger::process_logs (src\logger.rs:66)
   GDScript backtrace (most recent call first):
       [0] _start_plan_and_wait (res://test/integration/test_campfire_example_smoke.gd:57)
WARNING: [GdPAI] ObjectRef(124134624705): object was freed before callback; returning Nil.
   at: gdplanningai_rust::logger::process_logs (src\logger.rs:66)
   GDScript backtrace (most recent call first):
       [0] _start_plan_and_wait (res://test/integration/test_campfire_example_smoke.gd:57)
[GdPAI | debug] ApplyEffect [Before] ID=InstanceId(-9223370180606805814): agent props = {"hunger": 70.0627442063492, "at_target": null, "entity": null, "held_item": ""}
[GdPAI | debug] ApplyEffect [After] ID=InstanceId(-9223370180606805814): agent props = {"hunger": 70.0627442063492, "at_target": null, "entity": null, "held_item": ""}
[GdPAI | debug]   Snapshotting prop: hunger = Float(70.0627442063492) (Variant type: FLOAT)
[GdPAI | debug]   Snapshotting prop: at_target = Nil (Variant type: NIL)
[GdPAI | debug]   Snapshotting prop: entity = Nil (Variant type: NIL)
[GdPAI | debug]   Snapshotting prop: held_item = Str("") (Variant type: STRING)
WARNING: [GdPAI] ObjectRef(124621163998): object was freed before callback; returning Nil.
   at: gdplanningai_rust::logger::process_logs (src\logger.rs:66)
   GDScript backtrace (most recent call first):
       [0] _process (res://addons/GdPlanningAI/gdpai_autoload.gd:21)
WARNING: [GdPAI] ObjectRef(124134624705): object was freed before callback; returning Nil.
   at: gdplanningai_rust::logger::process_logs (src\logger.rs:66)
   GDScript backtrace (most recent call first):
       [0] _process (res://addons/GdPlanningAI/gdpai_autoload.gd:21)
WARNING: [GdPAI] ObjectRef(124134624705): object was freed before callback; returning Nil.
   at: gdplanningai_rust::logger::process_logs (src\logger.rs:66)
   GDScript backtrace (most recent call first):
       [0] _process (res://addons/GdPlanningAI/gdpai_autoload.gd:21)
[GdPAI | debug] GetCost: callable returned non-numeric value: null; returning INFINITY
[GdPAI | debug] Found candidate: Cook Potato (satisfied preconds: [], requirements: [0])
WARNING: [GdPAI] ObjectRef(124621163998): object was freed before callback; returning Nil.
   at: gdplanningai_rust::logger::process_logs (src\logger.rs:66)
   GDScript backtrace (most recent call first):
       [0] _start_plan_and_wait (res://test/integration/test_campfire_example_smoke.gd:57)
WARNING: [GdPAI] ObjectRef(124134624705): object was freed before callback; returning Nil.
   at: gdplanningai_rust::logger::process_logs (src\logger.rs:66)
   GDScript backtrace (most recent call first):
       [0] _start_plan_and_wait (res://test/integration/test_campfire_example_smoke.gd:57)
WARNING: [GdPAI] ObjectRef(124134624705): object was freed before callback; returning Nil.
   at: gdplanningai_rust::logger::process_logs (src\logger.rs:66)
   GDScript backtrace (most recent call first):
       [0] _start_plan_and_wait (res://test/integration/test_campfire_example_smoke.gd:57)
[GdPAI | debug] ApplyEffect [Before] ID=InstanceId(-9223370178006337353): agent props = {"hunger": 70.0627442063492, "at_target": null, "entity": null, "held_item": ""}
[GdPAI | debug] ApplyEffect [After] ID=InstanceId(-9223370178006337353): agent props = {"hunger": 70.0627442063492, "at_target": null, "entity": null, "held_item": ""}
[GdPAI | debug]   Snapshotting prop: hunger = Float(70.0627442063492) (Variant type: FLOAT)
[GdPAI | debug]   Snapshotting prop: at_target = Nil (Variant type: NIL)
[GdPAI | debug]   Snapshotting prop: entity = Nil (Variant type: NIL)
[GdPAI | debug]   Snapshotting prop: held_item = Str("") (Variant type: STRING)
WARNING: [GdPAI] ObjectRef(124621163998): object was freed before callback; returning Nil.
   at: gdplanningai_rust::logger::process_logs (src\logger.rs:66)
   GDScript backtrace (most recent call first):
       [0] _process (res://addons/GdPlanningAI/gdpai_autoload.gd:21)
[GdPAI | debug] GetCost: callable returned non-numeric value: null; returning INFINITY
WARNING: [GdPAI] ObjectRef(124621163998): object was freed before callback; returning Nil.
   at: gdplanningai_rust::logger::process_logs (src\logger.rs:66)
   GDScript backtrace (most recent call first):
       [0] _start_plan_and_wait (res://test/integration/test_campfire_example_smoke.gd:57)
[GdPAI | debug] ApplyEffect [Before] ID=InstanceId(-9223370175506532113): agent props = {"at_target": null, "entity": null, "hunger": 70.0627442063492, "held_item": "wood"}
[GdPAI | debug] ApplyEffect [After] ID=InstanceId(-9223370175506532113): agent props = {"at_target": null, "entity": null, "hunger": 70.0627442063492, "held_item": "wood"}
[GdPAI | debug]   Snapshotting prop: at_target = Nil (Variant type: NIL)
[GdPAI | debug]   Snapshotting prop: entity = Nil (Variant type: NIL)
[GdPAI | debug]   Snapshotting prop: hunger = Float(70.0627442063492) (Variant type: FLOAT)
[GdPAI | debug]   Snapshotting prop: held_item = Str("wood") (Variant type: STRING)
WARNING: [GdPAI] ObjectRef(124621163998): object was freed before callback; returning Nil.
   at: gdplanningai_rust::logger::process_logs (src\logger.rs:66)
   GDScript backtrace (most recent call first):
       [0] _process (res://addons/GdPlanningAI/gdpai_autoload.gd:21)
WARNING: [GdPAI] ObjectRef(124621163998): object was freed before callback; returning Nil.
   at: gdplanningai_rust::logger::process_logs (src\logger.rs:66)
   GDScript backtrace (most recent call first):
       [0] _process (res://addons/GdPlanningAI/gdpai_autoload.gd:21)
[GdPAI | debug] GetCost: callable returned non-numeric value: null; returning INFINITY
[GdPAI | debug] Found candidate: Dig Potato (satisfied preconds: [], requirements: [0])
WARNING: [GdPAI] ObjectRef(124621163998): object was freed before callback; returning Nil.
   at: gdplanningai_rust::logger::process_logs (src\logger.rs:66)
   GDScript backtrace (most recent call first):
       [0] _start_plan_and_wait (res://test/integration/test_campfire_example_smoke.gd:57)
WARNING: [GdPAI] ObjectRef(124621163998): object was freed before callback; returning Nil.
   at: gdplanningai_rust::logger::process_logs (src\logger.rs:66)
   GDScript backtrace (most recent call first):
       [0] _start_plan_and_wait (res://test/integration/test_campfire_example_smoke.gd:57)
[GdPAI | debug] ApplyEffect [Before] ID=InstanceId(-9223370173057058613): agent props = {"entity": null, "hunger": 70.0627442063492, "held_item": ""}
[GdPAI | debug] ApplyEffect [After] ID=InstanceId(-9223370173057058613): agent props = {"entity": null, "hunger": 70.0627442063492, "held_item": ""}
[GdPAI | debug]   Snapshotting prop: entity = Nil (Variant type: NIL)
[GdPAI | debug]   Snapshotting prop: hunger = Float(70.0627442063492) (Variant type: FLOAT)
[GdPAI | debug]   Snapshotting prop: held_item = Str("") (Variant type: STRING)
WARNING: [GdPAI] ObjectRef(124621163998): object was freed before callback; returning Nil.
   at: gdplanningai_rust::logger::process_logs (src\logger.rs:66)
   GDScript backtrace (most recent call first):
       [0] _process (res://addons/GdPlanningAI/gdpai_autoload.gd:21)
[GdPAI | debug] GetCost: callable returned non-numeric value: null; returning INFINITY
WARNING: [GdPAI] ObjectRef(124621163998): object was freed before callback; returning Nil.
   at: gdplanningai_rust::logger::process_logs (src\logger.rs:66)
   GDScript backtrace (most recent call first):
       [0] _start_plan_and_wait (res://test/integration/test_campfire_example_smoke.gd:57)
[GdPAI | debug] ApplyEffect [Before] ID=InstanceId(-9223370170607585035): agent props = {"held_item": "", "hunger": 70.0627442063492, "entity": null}
[GdPAI | debug] ApplyEffect [After] ID=InstanceId(-9223370170607585035): agent props = {"held_item": "", "hunger": 70.0627442063492, "entity": null}
[GdPAI | debug]   Snapshotting prop: held_item = Str("") (Variant type: STRING)
[GdPAI | debug]   Snapshotting prop: hunger = Float(70.0627442063492) (Variant type: FLOAT)
[GdPAI | debug]   Snapshotting prop: entity = Nil (Variant type: NIL)
WARNING: [GdPAI] ObjectRef(124621163998): object was freed before callback; returning Nil.
   at: gdplanningai_rust::logger::process_logs (src\logger.rs:66)
   GDScript backtrace (most recent call first):
       [0] _process (res://addons/GdPlanningAI/gdpai_autoload.gd:21)
WARNING: [GdPAI] ObjectRef(124134624705): object was freed before callback; returning Nil.
   at: gdplanningai_rust::logger::process_logs (src\logger.rs:66)
   GDScript backtrace (most recent call first):
       [0] _process (res://addons/GdPlanningAI/gdpai_autoload.gd:21)
WARNING: [GdPAI] ObjectRef(124134624705): object was freed before callback; returning Nil.
   at: gdplanningai_rust::logger::process_logs (src\logger.rs:66)
   GDScript backtrace (most recent call first):
       [0] _process (res://addons/GdPlanningAI/gdpai_autoload.gd:21)
[GdPAI | debug] GetCost: callable returned non-numeric value: null; returning INFINITY
[GdPAI | debug] Found candidate: Dig Potato (satisfied preconds: [], requirements: [0])
WARNING: [GdPAI] ObjectRef(124621163998): object was freed before callback; returning Nil.
   at: gdplanningai_rust::logger::process_logs (src\logger.rs:66)
   GDScript backtrace (most recent call first):
       [0] _start_plan_and_wait (res://test/integration/test_campfire_example_smoke.gd:57)
WARNING: [GdPAI] ObjectRef(124134624705): object was freed before callback; returning Nil.
   at: gdplanningai_rust::logger::process_logs (src\logger.rs:66)
   GDScript backtrace (most recent call first):
       [0] _start_plan_and_wait (res://test/integration/test_campfire_example_smoke.gd:57)
WARNING: [GdPAI] ObjectRef(124134624705): object was freed before callback; returning Nil.
   at: gdplanningai_rust::logger::process_logs (src\logger.rs:66)
   GDScript backtrace (most recent call first):
       [0] _start_plan_and_wait (res://test/integration/test_campfire_example_smoke.gd:57)
[GdPAI | debug] ApplyEffect [Before] ID=InstanceId(-9223370168107779839): agent props = {"hunger": 70.0627442063492, "entity": null, "at_target": null, "held_item": ""}
[GdPAI | debug] ApplyEffect [After] ID=InstanceId(-9223370168107779839): agent props = {"hunger": 70.0627442063492, "entity": null, "at_target": null, "held_item": ""}
[GdPAI | debug]   Snapshotting prop: hunger = Float(70.0627442063492) (Variant type: FLOAT)
[GdPAI | debug]   Snapshotting prop: entity = Nil (Variant type: NIL)
[GdPAI | debug]   Snapshotting prop: at_target = Nil (Variant type: NIL)
[GdPAI | debug]   Snapshotting prop: held_item = Str("") (Variant type: STRING)
WARNING: [GdPAI] ObjectRef(124621163998): object was freed before callback; returning Nil.
   at: gdplanningai_rust::logger::process_logs (src\logger.rs:66)
   GDScript backtrace (most recent call first):
       [0] _process (res://addons/GdPlanningAI/gdpai_autoload.gd:21)
WARNING: [GdPAI] ObjectRef(124134624705): object was freed before callback; returning Nil.
   at: gdplanningai_rust::logger::process_logs (src\logger.rs:66)
   GDScript backtrace (most recent call first):
       [0] _process (res://addons/GdPlanningAI/gdpai_autoload.gd:21)
WARNING: [GdPAI] ObjectRef(124134624705): object was freed before callback; returning Nil.
   at: gdplanningai_rust::logger::process_logs (src\logger.rs:66)
   GDScript backtrace (most recent call first):
       [0] _process (res://addons/GdPlanningAI/gdpai_autoload.gd:21)
[GdPAI | debug] GetCost: callable returned non-numeric value: null; returning INFINITY
WARNING: [GdPAI] ObjectRef(124621163998): object was freed before callback; returning Nil.
   at: gdplanningai_rust::logger::process_logs (src\logger.rs:66)
   GDScript backtrace (most recent call first):
       [0] _start_plan_and_wait (res://test/integration/test_campfire_example_smoke.gd:57)
WARNING: [GdPAI] ObjectRef(124134624705): object was freed before callback; returning Nil.
   at: gdplanningai_rust::logger::process_logs (src\logger.rs:66)
   GDScript backtrace (most recent call first):
       [0] _start_plan_and_wait (res://test/integration/test_campfire_example_smoke.gd:57)
WARNING: [GdPAI] ObjectRef(124134624705): object was freed before callback; returning Nil.
   at: gdplanningai_rust::logger::process_logs (src\logger.rs:66)
   GDScript backtrace (most recent call first):
       [0] _start_plan_and_wait (res://test/integration/test_campfire_example_smoke.gd:57)
[GdPAI | debug] ApplyEffect [Before] ID=InstanceId(-9223370165507311370): agent props = {"at_target": null, "entity": null, "held_item": "", "hunger": 70.0627442063492}
[GdPAI | debug] ApplyEffect [After] ID=InstanceId(-9223370165507311370): agent props = {"at_target": null, "entity": null, "held_item": "", "hunger": 70.0627442063492}
[GdPAI | debug]   Snapshotting prop: at_target = Nil (Variant type: NIL)
[GdPAI | debug]   Snapshotting prop: entity = Nil (Variant type: NIL)
[GdPAI | debug]   Snapshotting prop: held_item = Str("") (Variant type: STRING)
[GdPAI | debug]   Snapshotting prop: hunger = Float(70.0627442063492) (Variant type: FLOAT)
WARNING: [GdPAI] ObjectRef(124621163998): object was freed before callback; returning Nil.
   at: gdplanningai_rust::logger::process_logs (src\logger.rs:66)
   GDScript backtrace (most recent call first):
       [0] _process (res://addons/GdPlanningAI/gdpai_autoload.gd:21)
[GdPAI | debug] GetCost: callable returned non-numeric value: null; returning INFINITY
[GdPAI | debug] Found candidate: Dig Potato (satisfied preconds: [], requirements: [0])
WARNING: [GdPAI] ObjectRef(124621163998): object was freed before callback; returning Nil.
   at: gdplanningai_rust::logger::process_logs (src\logger.rs:66)
   GDScript backtrace (most recent call first):
       [0] _start_plan_and_wait (res://test/integration/test_campfire_example_smoke.gd:57)
[GdPAI | debug] ApplyEffect [Before] ID=InstanceId(-9223370163007506127): agent props = {"entity": null, "hunger": 70.0627442063492, "held_item": "wood", "at_target": null}
[GdPAI | debug] ApplyEffect [After] ID=InstanceId(-9223370163007506127): agent props = {"entity": null, "hunger": 70.0627442063492, "held_item": "wood", "at_target": null}
[GdPAI | debug]   Snapshotting prop: entity = Nil (Variant type: NIL)
[GdPAI | debug]   Snapshotting prop: hunger = Float(70.0627442063492) (Variant type: FLOAT)
[GdPAI | debug]   Snapshotting prop: held_item = Str("wood") (Variant type: STRING)
[GdPAI | debug]   Snapshotting prop: at_target = Nil (Variant type: NIL)
WARNING: [GdPAI] ObjectRef(124621163998): object was freed before callback; returning Nil.
   at: gdplanningai_rust::logger::process_logs (src\logger.rs:66)
   GDScript backtrace (most recent call first):
       [0] _process (res://addons/GdPlanningAI/gdpai_autoload.gd:21)
WARNING: [GdPAI] ObjectRef(124621163998): object was freed before callback; returning Nil.
   at: gdplanningai_rust::logger::process_logs (src\logger.rs:66)
   GDScript backtrace (most recent call first):
       [0] _process (res://addons/GdPlanningAI/gdpai_autoload.gd:21)
[GdPAI | debug] GetCost: callable returned non-numeric value: null; returning INFINITY
WARNING: [GdPAI] ObjectRef(124621163998): object was freed before callback; returning Nil.
   at: gdplanningai_rust::logger::process_logs (src\logger.rs:66)
   GDScript backtrace (most recent call first):
       [0] _start_plan_and_wait (res://test/integration/test_campfire_example_smoke.gd:57)
WARNING: [GdPAI] ObjectRef(124621163998): object was freed before callback; returning Nil.
   at: gdplanningai_rust::logger::process_logs (src\logger.rs:66)
   GDScript backtrace (most recent call first):
       [0] _start_plan_and_wait (res://test/integration/test_campfire_example_smoke.gd:57)
[GdPAI | debug] ApplyEffect [Before] ID=InstanceId(-9223370160558032634): agent props = {"entity": null, "held_item": "", "hunger": 70.0627442063492}
[GdPAI | debug] ApplyEffect [After] ID=InstanceId(-9223370160558032634): agent props = {"entity": null, "held_item": "", "hunger": 70.0627442063492}
[GdPAI | debug]   Snapshotting prop: entity = Nil (Variant type: NIL)
[GdPAI | debug]   Snapshotting prop: held_item = Str("") (Variant type: STRING)
[GdPAI | debug]   Snapshotting prop: hunger = Float(70.0627442063492) (Variant type: FLOAT)
WARNING: [GdPAI] ObjectRef(124621163998): object was freed before callback; returning Nil.
   at: gdplanningai_rust::logger::process_logs (src\logger.rs:66)
   GDScript backtrace (most recent call first):
       [0] _process (res://addons/GdPlanningAI/gdpai_autoload.gd:21)
[GdPAI | debug] GetCost: callable returned non-numeric value: null; returning INFINITY
[GdPAI | debug] Found candidate: Dig Potato (satisfied preconds: [], requirements: [0])
WARNING: [GdPAI] ObjectRef(124621163998): object was freed before callback; returning Nil.
   at: gdplanningai_rust::logger::process_logs (src\logger.rs:66)
   GDScript backtrace (most recent call first):
       [0] _start_plan_and_wait (res://test/integration/test_campfire_example_smoke.gd:57)
[GdPAI | debug] ApplyEffect [Before] ID=InstanceId(-9223370158108559071): agent props = {"held_item": "", "hunger": 70.0627442063492, "entity": null}
[GdPAI | debug] ApplyEffect [After] ID=InstanceId(-9223370158108559071): agent props = {"held_item": "", "hunger": 70.0627442063492, "entity": null}
[GdPAI | debug]   Snapshotting prop: held_item = Str("") (Variant type: STRING)
[GdPAI | debug]   Snapshotting prop: hunger = Float(70.0627442063492) (Variant type: FLOAT)
[GdPAI | debug]   Snapshotting prop: entity = Nil (Variant type: NIL)
WARNING: [GdPAI] ObjectRef(124621163998): object was freed before callback; returning Nil.
   at: gdplanningai_rust::logger::process_logs (src\logger.rs:66)
   GDScript backtrace (most recent call first):
       [0] _process (res://addons/GdPlanningAI/gdpai_autoload.gd:21)
WARNING: [GdPAI] ObjectRef(124134624705): object was freed before callback; returning Nil.
   at: gdplanningai_rust::logger::process_logs (src\logger.rs:66)
   GDScript backtrace (most recent call first):
       [0] _process (res://addons/GdPlanningAI/gdpai_autoload.gd:21)
WARNING: [GdPAI] ObjectRef(124134624705): object was freed before callback; returning Nil.
   at: gdplanningai_rust::logger::process_logs (src\logger.rs:66)
   GDScript backtrace (most recent call first):
       [0] _process (res://addons/GdPlanningAI/gdpai_autoload.gd:21)
[GdPAI | debug] GetCost: callable returned non-numeric value: null; returning INFINITY
WARNING: [GdPAI] ObjectRef(124621163998): object was freed before callback; returning Nil.
   at: gdplanningai_rust::logger::process_logs (src\logger.rs:66)
   GDScript backtrace (most recent call first):
       [0] _start_plan_and_wait (res://test/integration/test_campfire_example_smoke.gd:57)
WARNING: [GdPAI] ObjectRef(124134624705): object was freed before callback; returning Nil.
   at: gdplanningai_rust::logger::process_logs (src\logger.rs:66)
   GDScript backtrace (most recent call first):
       [0] _start_plan_and_wait (res://test/integration/test_campfire_example_smoke.gd:57)
WARNING: [GdPAI] ObjectRef(124134624705): object was freed before callback; returning Nil.
   at: gdplanningai_rust::logger::process_logs (src\logger.rs:66)
   GDScript backtrace (most recent call first):
       [0] _start_plan_and_wait (res://test/integration/test_campfire_example_smoke.gd:57)
[GdPAI | debug] ApplyEffect [Before] ID=InstanceId(-9223370155608753896): agent props = {"at_target": null, "entity": null, "held_item": "", "hunger": 70.0627442063492}
[GdPAI | debug] ApplyEffect [After] ID=InstanceId(-9223370155608753896): agent props = {"at_target": null, "entity": null, "held_item": "", "hunger": 70.0627442063492}
[GdPAI | debug]   Snapshotting prop: at_target = Nil (Variant type: NIL)
[GdPAI | debug]   Snapshotting prop: entity = Nil (Variant type: NIL)
[GdPAI | debug]   Snapshotting prop: held_item = Str("") (Variant type: STRING)
[GdPAI | debug]   Snapshotting prop: hunger = Float(70.0627442063492) (Variant type: FLOAT)
WARNING: [GdPAI] ObjectRef(124621163998): object was freed before callback; returning Nil.
   at: gdplanningai_rust::logger::process_logs (src\logger.rs:66)
   GDScript backtrace (most recent call first):
       [0] _process (res://addons/GdPlanningAI/gdpai_autoload.gd:21)
WARNING: [GdPAI] ObjectRef(124134624705): object was freed before callback; returning Nil.
   at: gdplanningai_rust::logger::process_logs (src\logger.rs:66)
   GDScript backtrace (most recent call first):
       [0] _process (res://addons/GdPlanningAI/gdpai_autoload.gd:21)
WARNING: [GdPAI] ObjectRef(124134624705): object was freed before callback; returning Nil.
   at: gdplanningai_rust::logger::process_logs (src\logger.rs:66)
   GDScript backtrace (most recent call first):
       [0] _process (res://addons/GdPlanningAI/gdpai_autoload.gd:21)
[GdPAI | debug] GetCost: callable returned non-numeric value: null; returning INFINITY
[GdPAI | debug] Found candidate: Dig Potato (satisfied preconds: [], requirements: [0])
WARNING: [GdPAI] ObjectRef(124621163998): object was freed before callback; returning Nil.
   at: gdplanningai_rust::logger::process_logs (src\logger.rs:66)
   GDScript backtrace (most recent call first):
       [0] _start_plan_and_wait (res://test/integration/test_campfire_example_smoke.gd:57)
WARNING: [GdPAI] ObjectRef(124134624705): object was freed before callback; returning Nil.
   at: gdplanningai_rust::logger::process_logs (src\logger.rs:66)
   GDScript backtrace (most recent call first):
       [0] _start_plan_and_wait (res://test/integration/test_campfire_example_smoke.gd:57)
WARNING: [GdPAI] ObjectRef(124134624705): object was freed before callback; returning Nil.
   at: gdplanningai_rust::logger::process_logs (src\logger.rs:66)
   GDScript backtrace (most recent call first):
       [0] _start_plan_and_wait (res://test/integration/test_campfire_example_smoke.gd:57)
[GdPAI | debug] ApplyEffect [Before] ID=InstanceId(-9223370153008285355): agent props = {"at_target": null, "entity": null, "held_item": "", "hunger": 70.0627442063492}
[GdPAI | debug] ApplyEffect [After] ID=InstanceId(-9223370153008285355): agent props = {"at_target": null, "entity": null, "held_item": "", "hunger": 70.0627442063492}
[GdPAI | debug]   Snapshotting prop: at_target = Nil (Variant type: NIL)
[GdPAI | debug]   Snapshotting prop: entity = Nil (Variant type: NIL)
[GdPAI | debug]   Snapshotting prop: held_item = Str("") (Variant type: STRING)
[GdPAI | debug]   Snapshotting prop: hunger = Float(70.0627442063492) (Variant type: FLOAT)
WARNING: [GdPAI] ObjectRef(124621163998): object was freed before callback; returning Nil.
   at: gdplanningai_rust::logger::process_logs (src\logger.rs:66)
   GDScript backtrace (most recent call first):
       [0] _process (res://addons/GdPlanningAI/gdpai_autoload.gd:21)
[GdPAI | debug] GetCost: callable returned non-numeric value: null; returning INFINITY
[GdPAI | debug] ApplyEffect [Before] ID=InstanceId(-9223370151129237159): agent props = {"held_item": "", "entity": VariantGd { id: 1382643928884, class: RigidBody2D }, "hunger": 95.0603725, "at_target": VariantGd { id: 1382157389614, class: Node }}
[GdPAI | debug] ApplyEffect [After] ID=InstanceId(-9223370151129237159): agent props = {"held_item": "", "entity": VariantGd { id: 1382643928884, class: RigidBody2D }, "hunger": 95.0603725, "at_target": VariantGd { id: 1382157389614, class: Node }}
[GdPAI | debug]   Snapshotting prop: held_item = Str("") (Variant type: STRING)
[GdPAI | debug]   Snapshotting prop: entity = ObjectRef(1382643928884) (Variant type: OBJECT)
[GdPAI | debug]   Snapshotting prop: hunger = Float(95.0603725) (Variant type: FLOAT)
[GdPAI | debug]   Snapshotting prop: at_target = ObjectRef(1382157389614) (Variant type: OBJECT)
WARNING: [GdPAI] ObjectRef(124621163998): object was freed before callback; returning Nil.
   at: gdplanningai_rust::logger::process_logs (src\logger.rs:66)
   GDScript backtrace (most recent call first):
       [0] _start_plan_and_wait (res://test/integration/test_campfire_example_smoke.gd:57)
[GdPAI | debug] ApplyEffect [Before] ID=InstanceId(-9223370150508480191): agent props = {"held_item": "wood", "hunger": 70.0627442063492, "at_target": null, "entity": null}
[GdPAI | debug] ApplyEffect [After] ID=InstanceId(-9223370150508480191): agent props = {"held_item": "wood", "hunger": 70.0627442063492, "at_target": null, "entity": null}
[GdPAI | debug]   Snapshotting prop: held_item = Str("wood") (Variant type: STRING)
[GdPAI | debug]   Snapshotting prop: hunger = Float(70.0627442063492) (Variant type: FLOAT)
[GdPAI | debug]   Snapshotting prop: at_target = Nil (Variant type: NIL)
[GdPAI | debug]   Snapshotting prop: entity = Nil (Variant type: NIL)
WARNING: [GdPAI] ObjectRef(124621163998): object was freed before callback; returning Nil.
   at: gdplanningai_rust::logger::process_logs (src\logger.rs:66)
   GDScript backtrace (most recent call first):
       [0] _process (res://addons/GdPlanningAI/gdpai_autoload.gd:21)
WARNING: [GdPAI] ObjectRef(124621163998): object was freed before callback; returning Nil.
   at: gdplanningai_rust::logger::process_logs (src\logger.rs:66)
   GDScript backtrace (most recent call first):
       [0] _process (res://addons/GdPlanningAI/gdpai_autoload.gd:21)
[GdPAI | debug] GetCost: callable returned non-numeric value: null; returning INFINITY
[GdPAI | debug] ApplyEffect [Before] ID=InstanceId(-9223370148730095298): agent props = {"held_item": "", "entity": VariantGd { id: 1382643928884, class: RigidBody2D }, "hunger": 95.0603725, "at_target": VariantGd { id: 1382157389614, class: Node }}
[GdPAI | debug] ApplyEffect [After] ID=InstanceId(-9223370148730095298): agent props = {"held_item": "wood", "entity": VariantGd { id: 1382643928884, class: RigidBody2D }, "hunger": 95.0603725, "at_target": VariantGd { id: 1382157389614, class: Node }}
[GdPAI | debug]   Snapshotting prop: held_item = Str("wood") (Variant type: STRING)
[GdPAI | debug]   Snapshotting prop: entity = ObjectRef(1382643928884) (Variant type: OBJECT)
[GdPAI | debug]   Snapshotting prop: hunger = Float(95.0603725) (Variant type: FLOAT)
[GdPAI | debug]   Snapshotting prop: at_target = ObjectRef(1382157389614) (Variant type: OBJECT)
WARNING: [GdPAI] ObjectRef(124621163998): object was freed before callback; returning Nil.
   at: gdplanningai_rust::logger::process_logs (src\logger.rs:66)
   GDScript backtrace (most recent call first):
       [0] _start_plan_and_wait (res://test/integration/test_campfire_example_smoke.gd:57)
WARNING: [GdPAI] ObjectRef(124621163998): object was freed before callback; returning Nil.
   at: gdplanningai_rust::logger::process_logs (src\logger.rs:66)
   GDScript backtrace (most recent call first):
       [0] _start_plan_and_wait (res://test/integration/test_campfire_example_smoke.gd:57)
[GdPAI | debug] ApplyEffect [Before] ID=InstanceId(-9223370148059006599): agent props = {"hunger": 70.0627442063492, "held_item": "", "entity": null}
[GdPAI | debug] ApplyEffect [After] ID=InstanceId(-9223370148059006599): agent props = {"hunger": 70.0627442063492, "held_item": "", "entity": null}
[GdPAI | debug]   Snapshotting prop: hunger = Float(70.0627442063492) (Variant type: FLOAT)
[GdPAI | debug]   Snapshotting prop: held_item = Str("") (Variant type: STRING)
[GdPAI | debug]   Snapshotting prop: entity = Nil (Variant type: NIL)
WARNING: [GdPAI] ObjectRef(124621163998): object was freed before callback; returning Nil.
   at: gdplanningai_rust::logger::process_logs (src\logger.rs:66)
   GDScript backtrace (most recent call first):
       [0] _process (res://addons/GdPlanningAI/gdpai_autoload.gd:21)
[GdPAI | debug] GetCost: callable returned non-numeric value: null; returning INFINITY
[GdPAI | debug] ApplyEffect [Before] ID=InstanceId(-9223370146230290142): agent props = {"entity": VariantGd { id: 1382643928884, class: RigidBody2D }, "hunger": 95.0603725, "at_target": VariantGd { id: 1382157389614, class: Node }, "held_item": "wood"}
[GdPAI | debug] ApplyEffect [After] ID=InstanceId(-9223370146230290142): agent props = {"entity": VariantGd { id: 1382643928884, class: RigidBody2D }, "hunger": 95.0603725, "at_target": VariantGd { id: 1382157389614, class: Node }, "held_item": "wood"}
[GdPAI | debug]   Snapshotting prop: entity = ObjectRef(1382643928884) (Variant type: OBJECT)
[GdPAI | debug]   Snapshotting prop: hunger = Float(95.0603725) (Variant type: FLOAT)
[GdPAI | debug]   Snapshotting prop: at_target = ObjectRef(1382157389614) (Variant type: OBJECT)
[GdPAI | debug]   Snapshotting prop: held_item = Str("wood") (Variant type: STRING)
WARNING: [GdPAI] ObjectRef(124621163998): object was freed before callback; returning Nil.
   at: gdplanningai_rust::logger::process_logs (src\logger.rs:66)
   GDScript backtrace (most recent call first):
       [0] _start_plan_and_wait (res://test/integration/test_campfire_example_smoke.gd:57)
[GdPAI | debug] ApplyEffect [Before] ID=InstanceId(-9223370145609533058): agent props = {"held_item": "", "entity": null, "hunger": 70.0627442063492}
[GdPAI | debug] ApplyEffect [After] ID=InstanceId(-9223370145609533058): agent props = {"held_item": "", "entity": null, "hunger": 70.0627442063492}
[GdPAI | debug]   Snapshotting prop: held_item = Str("") (Variant type: STRING)
[GdPAI | debug]   Snapshotting prop: entity = Nil (Variant type: NIL)
[GdPAI | debug]   Snapshotting prop: hunger = Float(70.0627442063492) (Variant type: FLOAT)
WARNING: [GdPAI] ObjectRef(124621163998): object was freed before callback; returning Nil.
   at: gdplanningai_rust::logger::process_logs (src\logger.rs:66)
   GDScript backtrace (most recent call first):
       [0] _process (res://addons/GdPlanningAI/gdpai_autoload.gd:21)
WARNING: [GdPAI] ObjectRef(124134624705): object was freed before callback; returning Nil.
   at: gdplanningai_rust::logger::process_logs (src\logger.rs:66)
   GDScript backtrace (most recent call first):
       [0] _process (res://addons/GdPlanningAI/gdpai_autoload.gd:21)
WARNING: [GdPAI] ObjectRef(124134624705): object was freed before callback; returning Nil.
   at: gdplanningai_rust::logger::process_logs (src\logger.rs:66)
   GDScript backtrace (most recent call first):
       [0] _process (res://addons/GdPlanningAI/gdpai_autoload.gd:21)
[GdPAI | debug] GetCost: callable returned non-numeric value: null; returning INFINITY
[GdPAI | debug] ApplyEffect [Before] ID=InstanceId(-9223370143831148166): agent props = {"held_item": "", "at_target": VariantGd { id: 1382157389614, class: Node }, "entity": VariantGd { id: 1382643928884, class: RigidBody2D }, "hunger": 95.0603725}
[GdPAI | debug] ApplyEffect [After] ID=InstanceId(-9223370143831148166): agent props = {"held_item": "", "at_target": VariantGd { id: 1382157389614, class: Node }, "entity": VariantGd { id: 1382643928884, class: RigidBody2D }, "hunger": 95.0603725}
[GdPAI | debug]   Snapshotting prop: held_item = Str("") (Variant type: STRING)
[GdPAI | debug]   Snapshotting prop: at_target = ObjectRef(1382157389614) (Variant type: OBJECT)
[GdPAI | debug]   Snapshotting prop: entity = ObjectRef(1382643928884) (Variant type: OBJECT)
[GdPAI | debug]   Snapshotting prop: hunger = Float(95.0603725) (Variant type: FLOAT)
WARNING: [GdPAI] ObjectRef(124621163998): object was freed before callback; returning Nil.
   at: gdplanningai_rust::logger::process_logs (src\logger.rs:66)
   GDScript backtrace (most recent call first):
       [0] _start_plan_and_wait (res://test/integration/test_campfire_example_smoke.gd:57)
WARNING: [GdPAI] ObjectRef(124134624705): object was freed before callback; returning Nil.
   at: gdplanningai_rust::logger::process_logs (src\logger.rs:66)
   GDScript backtrace (most recent call first):
       [0] _start_plan_and_wait (res://test/integration/test_campfire_example_smoke.gd:57)
WARNING: [GdPAI] ObjectRef(124134624705): object was freed before callback; returning Nil.
   at: gdplanningai_rust::logger::process_logs (src\logger.rs:66)
   GDScript backtrace (most recent call first):
       [0] _start_plan_and_wait (res://test/integration/test_campfire_example_smoke.gd:57)
[GdPAI | debug] ApplyEffect [Before] ID=InstanceId(-9223370143109727860): agent props = {"entity": null, "held_item": "", "hunger": 70.0627442063492, "at_target": null}
[GdPAI | debug] ApplyEffect [After] ID=InstanceId(-9223370143109727860): agent props = {"entity": null, "held_item": "", "hunger": 70.0627442063492, "at_target": null}
[GdPAI | debug]   Snapshotting prop: entity = Nil (Variant type: NIL)
[GdPAI | debug]   Snapshotting prop: held_item = Str("") (Variant type: STRING)
[GdPAI | debug]   Snapshotting prop: hunger = Float(70.0627442063492) (Variant type: FLOAT)
[GdPAI | debug]   Snapshotting prop: at_target = Nil (Variant type: NIL)
WARNING: [GdPAI] ObjectRef(124621163998): object was freed before callback; returning Nil.
   at: gdplanningai_rust::logger::process_logs (src\logger.rs:66)
   GDScript backtrace (most recent call first):
       [0] _process (res://addons/GdPlanningAI/gdpai_autoload.gd:21)
WARNING: [GdPAI] ObjectRef(124134624705): object was freed before callback; returning Nil.
   at: gdplanningai_rust::logger::process_logs (src\logger.rs:66)
   GDScript backtrace (most recent call first):
       [0] _process (res://addons/GdPlanningAI/gdpai_autoload.gd:21)
WARNING: [GdPAI] ObjectRef(124134624705): object was freed before callback; returning Nil.
   at: gdplanningai_rust::logger::process_logs (src\logger.rs:66)
   GDScript backtrace (most recent call first):
       [0] _process (res://addons/GdPlanningAI/gdpai_autoload.gd:21)
[GdPAI | debug] GetCost: callable returned non-numeric value: null; returning INFINITY
[GdPAI | debug] ApplyEffect [Before] ID=InstanceId(-9223370141230679710): agent props = {"hunger": 95.0603725, "at_target": VariantGd { id: 1382157389614, class: Node }, "entity": VariantGd { id: 1382643928884, class: RigidBody2D }, "held_item": ""}
[GdPAI | debug] ApplyEffect [After] ID=InstanceId(-9223370141230679710): agent props = {"hunger": 95.0603725, "at_target": VariantGd { id: 1382157389614, class: Node }, "entity": VariantGd { id: 1382643928884, class: RigidBody2D }, "held_item": "wood"}
[GdPAI | debug]   Snapshotting prop: hunger = Float(95.0603725) (Variant type: FLOAT)
[GdPAI | debug]   Snapshotting prop: at_target = ObjectRef(1382157389614) (Variant type: OBJECT)
[GdPAI | debug]   Snapshotting prop: entity = ObjectRef(1382643928884) (Variant type: OBJECT)
[GdPAI | debug]   Snapshotting prop: held_item = Str("wood") (Variant type: STRING)
WARNING: [GdPAI] ObjectRef(124621163998): object was freed before callback; returning Nil.
   at: gdplanningai_rust::logger::process_logs (src\logger.rs:66)
   GDScript backtrace (most recent call first):
       [0] _start_plan_and_wait (res://test/integration/test_campfire_example_smoke.gd:57)
WARNING: [GdPAI] ObjectRef(124134624705): object was freed before callback; returning Nil.
   at: gdplanningai_rust::logger::process_logs (src\logger.rs:66)
   GDScript backtrace (most recent call first):
       [0] _start_plan_and_wait (res://test/integration/test_campfire_example_smoke.gd:57)
WARNING: [GdPAI] ObjectRef(124134624705): object was freed before callback; returning Nil.
   at: gdplanningai_rust::logger::process_logs (src\logger.rs:66)
   GDScript backtrace (most recent call first):
       [0] _start_plan_and_wait (res://test/integration/test_campfire_example_smoke.gd:57)
[GdPAI | debug] ApplyEffect [Before] ID=InstanceId(-9223370140509259375): agent props = {"hunger": 70.0627442063492, "at_target": null, "entity": null, "held_item": ""}
[GdPAI | debug] ApplyEffect [After] ID=InstanceId(-9223370140509259375): agent props = {"hunger": 70.0627442063492, "at_target": null, "entity": null, "held_item": ""}
[GdPAI | debug]   Snapshotting prop: hunger = Float(70.0627442063492) (Variant type: FLOAT)
[GdPAI | debug]   Snapshotting prop: at_target = Nil (Variant type: NIL)
[GdPAI | debug]   Snapshotting prop: entity = Nil (Variant type: NIL)
[GdPAI | debug]   Snapshotting prop: held_item = Str("") (Variant type: STRING)
WARNING: [GdPAI] ObjectRef(124621163998): object was freed before callback; returning Nil.
   at: gdplanningai_rust::logger::process_logs (src\logger.rs:66)
   GDScript backtrace (most recent call first):
       [0] _process (res://addons/GdPlanningAI/gdpai_autoload.gd:21)
[GdPAI | debug] GetCost: callable returned non-numeric value: null; returning INFINITY
[GdPAI | debug] ApplyEffect [Before] ID=InstanceId(-9223370138630211229): agent props = {"at_target": VariantGd { id: 1382157389614, class: Node }, "held_item": "wood", "entity": VariantGd { id: 1382643928884, class: RigidBody2D }, "hunger": 95.0603725}
[GdPAI | debug] ApplyEffect [After] ID=InstanceId(-9223370138630211229): agent props = {"at_target": VariantGd { id: 1382157389614, class: Node }, "held_item": "wood", "entity": VariantGd { id: 1382643928884, class: RigidBody2D }, "hunger": 95.0603725}
[GdPAI | debug]   Snapshotting prop: at_target = ObjectRef(1382157389614) (Variant type: OBJECT)
[GdPAI | debug]   Snapshotting prop: held_item = Str("wood") (Variant type: STRING)
[GdPAI | debug]   Snapshotting prop: entity = ObjectRef(1382643928884) (Variant type: OBJECT)
[GdPAI | debug]   Snapshotting prop: hunger = Float(95.0603725) (Variant type: FLOAT)
WARNING: [GdPAI] ObjectRef(124621163998): object was freed before callback; returning Nil.
   at: gdplanningai_rust::logger::process_logs (src\logger.rs:66)
   GDScript backtrace (most recent call first):
       [0] _start_plan_and_wait (res://test/integration/test_campfire_example_smoke.gd:57)
[GdPAI | debug] ApplyEffect [Before] ID=InstanceId(-9223370138009454171): agent props = {"held_item": "wood", "at_target": null, "entity": null, "hunger": 70.0627442063492}
[GdPAI | debug] ApplyEffect [After] ID=InstanceId(-9223370138009454171): agent props = {"held_item": "wood", "at_target": null, "entity": null, "hunger": 70.0627442063492}
[GdPAI | debug]   Snapshotting prop: held_item = Str("wood") (Variant type: STRING)
[GdPAI | debug]   Snapshotting prop: at_target = Nil (Variant type: NIL)
[GdPAI | debug]   Snapshotting prop: entity = Nil (Variant type: NIL)
[GdPAI | debug]   Snapshotting prop: hunger = Float(70.0627442063492) (Variant type: FLOAT)
WARNING: [GdPAI] ObjectRef(124621163998): object was freed before callback; returning Nil.
   at: gdplanningai_rust::logger::process_logs (src\logger.rs:66)
   GDScript backtrace (most recent call first):
       [0] _process (res://addons/GdPlanningAI/gdpai_autoload.gd:21)
WARNING: [GdPAI] ObjectRef(124621163998): object was freed before callback; returning Nil.
   at: gdplanningai_rust::logger::process_logs (src\logger.rs:66)
   GDScript backtrace (most recent call first):
       [0] _process (res://addons/GdPlanningAI/gdpai_autoload.gd:21)
[GdPAI | debug] GetCost: callable returned non-numeric value: null; returning INFINITY
[GdPAI | debug] ApplyEffect [Before] ID=InstanceId(-9223370136231069323): agent props = {"held_item": "potato", "hunger": 95.0603725, "entity": VariantGd { id: 1382643928884, class: RigidBody2D }}
[GdPAI | debug] ApplyEffect [After] ID=InstanceId(-9223370136231069323): agent props = {"hunger": 95.0603725, "entity": VariantGd { id: 1382643928884, class: RigidBody2D }, "held_item": "cooked_potato"}
[GdPAI | debug]   Snapshotting prop: hunger = Float(95.0603725) (Variant type: FLOAT)
[GdPAI | debug]   Snapshotting prop: entity = ObjectRef(1382643928884) (Variant type: OBJECT)
[GdPAI | debug]   Snapshotting prop: held_item = Str("cooked_potato") (Variant type: STRING)
WARNING: [GdPAI] ObjectRef(124621163998): object was freed before callback; returning Nil.
   at: gdplanningai_rust::logger::process_logs (src\logger.rs:66)
   GDScript backtrace (most recent call first):
       [0] _start_plan_and_wait (res://test/integration/test_campfire_example_smoke.gd:57)
WARNING: [GdPAI] ObjectRef(124621163998): object was freed before callback; returning Nil.
   at: gdplanningai_rust::logger::process_logs (src\logger.rs:66)
   GDScript backtrace (most recent call first):
       [0] _start_plan_and_wait (res://test/integration/test_campfire_example_smoke.gd:57)
[GdPAI | debug] ApplyEffect [Before] ID=InstanceId(-9223370135559980650): agent props = {"held_item": "", "hunger": 70.0627442063492, "entity": null}
[GdPAI | debug] ApplyEffect [After] ID=InstanceId(-9223370135559980650): agent props = {"held_item": "", "hunger": 70.0627442063492, "entity": null}
[GdPAI | debug]   Snapshotting prop: held_item = Str("") (Variant type: STRING)
[GdPAI | debug]   Snapshotting prop: hunger = Float(70.0627442063492) (Variant type: FLOAT)
[GdPAI | debug]   Snapshotting prop: entity = Nil (Variant type: NIL)
WARNING: [GdPAI] ObjectRef(124621163998): object was freed before callback; returning Nil.
   at: gdplanningai_rust::logger::process_logs (src\logger.rs:66)
   GDScript backtrace (most recent call first):
       [0] _process (res://addons/GdPlanningAI/gdpai_autoload.gd:21)
[GdPAI | debug] GetCost: callable returned non-numeric value: null; returning INFINITY
[GdPAI | debug] ApplyEffect [Before] ID=InstanceId(-9223370133731264192): agent props = {"held_item": "cooked_potato", "hunger": 95.0603725, "entity": VariantGd { id: 1382643928884, class: RigidBody2D }}
[GdPAI | debug] ApplyEffect [After] ID=InstanceId(-9223370133731264192): agent props = {"held_item": "wood", "hunger": 95.0603725, "entity": VariantGd { id: 1382643928884, class: RigidBody2D }}
[GdPAI | debug]   Snapshotting prop: held_item = Str("wood") (Variant type: STRING)
[GdPAI | debug]   Snapshotting prop: hunger = Float(95.0603725) (Variant type: FLOAT)
[GdPAI | debug]   Snapshotting prop: entity = ObjectRef(1382643928884) (Variant type: OBJECT)
WARNING: [GdPAI] ObjectRef(124621163998): object was freed before callback; returning Nil.
   at: gdplanningai_rust::logger::process_logs (src\logger.rs:66)
   GDScript backtrace (most recent call first):
       [0] _start_plan_and_wait (res://test/integration/test_campfire_example_smoke.gd:57)
[GdPAI | debug] ApplyEffect [Before] ID=InstanceId(-9223370133110507103): agent props = {"entity": null, "hunger": 70.0627442063492, "held_item": ""}
[GdPAI | debug] ApplyEffect [After] ID=InstanceId(-9223370133110507103): agent props = {"entity": null, "hunger": 70.0627442063492, "held_item": ""}
[GdPAI | debug]   Snapshotting prop: entity = Nil (Variant type: NIL)
[GdPAI | debug]   Snapshotting prop: hunger = Float(70.0627442063492) (Variant type: FLOAT)
[GdPAI | debug]   Snapshotting prop: held_item = Str("") (Variant type: STRING)
WARNING: [GdPAI] ObjectRef(124621163998): object was freed before callback; returning Nil.
   at: gdplanningai_rust::logger::process_logs (src\logger.rs:66)
   GDScript backtrace (most recent call first):
       [0] _process (res://addons/GdPlanningAI/gdpai_autoload.gd:21)
WARNING: [GdPAI] ObjectRef(124134624705): object was freed before callback; returning Nil.
   at: gdplanningai_rust::logger::process_logs (src\logger.rs:66)
   GDScript backtrace (most recent call first):
       [0] _process (res://addons/GdPlanningAI/gdpai_autoload.gd:21)
WARNING: [GdPAI] ObjectRef(124134624705): object was freed before callback; returning Nil.
   at: gdplanningai_rust::logger::process_logs (src\logger.rs:66)
   GDScript backtrace (most recent call first):
       [0] _process (res://addons/GdPlanningAI/gdpai_autoload.gd:21)
[GdPAI | debug] GetCost: callable returned non-numeric value: null; returning INFINITY
[GdPAI | debug] ApplyEffect [Before] ID=InstanceId(-9223370131332122200): agent props = {"held_item": "wood", "hunger": 95.0603725, "entity": VariantGd { id: 1382643928884, class: RigidBody2D }}
[GdPAI | debug] ApplyEffect [After] ID=InstanceId(-9223370131332122200): agent props = {"held_item": "wood", "hunger": 95.0603725, "entity": VariantGd { id: 1382643928884, class: RigidBody2D }}
[GdPAI | debug]   Snapshotting prop: held_item = Str("wood") (Variant type: STRING)
[GdPAI | debug]   Snapshotting prop: hunger = Float(95.0603725) (Variant type: FLOAT)
[GdPAI | debug]   Snapshotting prop: entity = ObjectRef(1382643928884) (Variant type: OBJECT)
WARNING: [GdPAI] ObjectRef(124621163998): object was freed before callback; returning Nil.
   at: gdplanningai_rust::logger::process_logs (src\logger.rs:66)
   GDScript backtrace (most recent call first):
       [0] _start_plan_and_wait (res://test/integration/test_campfire_example_smoke.gd:57)
WARNING: [GdPAI] ObjectRef(124134624705): object was freed before callback; returning Nil.
   at: gdplanningai_rust::logger::process_logs (src\logger.rs:66)
   GDScript backtrace (most recent call first):
       [0] _start_plan_and_wait (res://test/integration/test_campfire_example_smoke.gd:57)
WARNING: [GdPAI] ObjectRef(124134624705): object was freed before callback; returning Nil.
   at: gdplanningai_rust::logger::process_logs (src\logger.rs:66)
   GDScript backtrace (most recent call first):
       [0] _start_plan_and_wait (res://test/integration/test_campfire_example_smoke.gd:57)
[GdPAI | debug] ApplyEffect [Before] ID=InstanceId(-9223370130610701879): agent props = {"hunger": 70.0627442063492, "held_item": "", "entity": null, "at_target": null}
[GdPAI | debug] ApplyEffect [After] ID=InstanceId(-9223370130610701879): agent props = {"hunger": 70.0627442063492, "held_item": "", "entity": null, "at_target": null}
[GdPAI | debug]   Snapshotting prop: hunger = Float(70.0627442063492) (Variant type: FLOAT)
[GdPAI | debug]   Snapshotting prop: held_item = Str("") (Variant type: STRING)
[GdPAI | debug]   Snapshotting prop: entity = Nil (Variant type: NIL)
[GdPAI | debug]   Snapshotting prop: at_target = Nil (Variant type: NIL)
WARNING: [GdPAI] ObjectRef(124621163998): object was freed before callback; returning Nil.
   at: gdplanningai_rust::logger::process_logs (src\logger.rs:66)
   GDScript backtrace (most recent call first):
       [0] _process (res://addons/GdPlanningAI/gdpai_autoload.gd:21)
WARNING: [GdPAI] ObjectRef(124134624705): object was freed before callback; returning Nil.
   at: gdplanningai_rust::logger::process_logs (src\logger.rs:66)
   GDScript backtrace (most recent call first):
       [0] _process (res://addons/GdPlanningAI/gdpai_autoload.gd:21)
WARNING: [GdPAI] ObjectRef(124134624705): object was freed before callback; returning Nil.
   at: gdplanningai_rust::logger::process_logs (src\logger.rs:66)
   GDScript backtrace (most recent call first):
       [0] _process (res://addons/GdPlanningAI/gdpai_autoload.gd:21)
[GdPAI | debug] GetCost: callable returned non-numeric value: null; returning INFINITY
[GdPAI | debug] ApplyEffect [Before] ID=InstanceId(-9223370128731653714): agent props = {"held_item": "", "hunger": 95.0603725, "entity": VariantGd { id: 1382643928884, class: RigidBody2D }}
[GdPAI | debug] ApplyEffect [After] ID=InstanceId(-9223370128731653714): agent props = {"held_item": "potato", "entity": VariantGd { id: 1382643928884, class: RigidBody2D }, "hunger": 95.0603725}
[GdPAI | debug]   Snapshotting prop: held_item = Str("potato") (Variant type: STRING)
[GdPAI | debug]   Snapshotting prop: entity = ObjectRef(1382643928884) (Variant type: OBJECT)
[GdPAI | debug]   Snapshotting prop: hunger = Float(95.0603725) (Variant type: FLOAT)
WARNING: [GdPAI] ObjectRef(124621163998): object was freed before callback; returning Nil.
   at: gdplanningai_rust::logger::process_logs (src\logger.rs:66)
   GDScript backtrace (most recent call first):
       [0] _start_plan_and_wait (res://test/integration/test_campfire_example_smoke.gd:57)
WARNING: [GdPAI] ObjectRef(124134624705): object was freed before callback; returning Nil.
   at: gdplanningai_rust::logger::process_logs (src\logger.rs:66)
   GDScript backtrace (most recent call first):
       [0] _start_plan_and_wait (res://test/integration/test_campfire_example_smoke.gd:57)
WARNING: [GdPAI] ObjectRef(124134624705): object was freed before callback; returning Nil.
   at: gdplanningai_rust::logger::process_logs (src\logger.rs:66)
   GDScript backtrace (most recent call first):
       [0] _start_plan_and_wait (res://test/integration/test_campfire_example_smoke.gd:57)
[GdPAI | debug] ApplyEffect [Before] ID=InstanceId(-9223370128010233392): agent props = {"entity": null, "at_target": null, "hunger": 70.0627442063492, "held_item": ""}
[GdPAI | debug] ApplyEffect [After] ID=InstanceId(-9223370128010233392): agent props = {"entity": null, "at_target": null, "hunger": 70.0627442063492, "held_item": ""}
[GdPAI | debug]   Snapshotting prop: entity = Nil (Variant type: NIL)
[GdPAI | debug]   Snapshotting prop: at_target = Nil (Variant type: NIL)
[GdPAI | debug]   Snapshotting prop: hunger = Float(70.0627442063492) (Variant type: FLOAT)
[GdPAI | debug]   Snapshotting prop: held_item = Str("") (Variant type: STRING)
WARNING: [GdPAI] ObjectRef(124621163998): object was freed before callback; returning Nil.
   at: gdplanningai_rust::logger::process_logs (src\logger.rs:66)
   GDScript backtrace (most recent call first):
       [0] _process (res://addons/GdPlanningAI/gdpai_autoload.gd:21)
[GdPAI | debug] GetCost: callable returned non-numeric value: null; returning INFINITY
[GdPAI | debug] ApplyEffect [Before] ID=InstanceId(-9223370126131185215): agent props = {"held_item": "potato", "hunger": 95.0603725, "entity": VariantGd { id: 1382643928884, class: RigidBody2D }}
[GdPAI | debug] ApplyEffect [After] ID=InstanceId(-9223370126131185215): agent props = {"hunger": 95.0603725, "held_item": "wood", "entity": VariantGd { id: 1382643928884, class: RigidBody2D }}
[GdPAI | debug]   Snapshotting prop: hunger = Float(95.0603725) (Variant type: FLOAT)
[GdPAI | debug]   Snapshotting prop: held_item = Str("wood") (Variant type: STRING)
[GdPAI | debug]   Snapshotting prop: entity = ObjectRef(1382643928884) (Variant type: OBJECT)
WARNING: [GdPAI] ObjectRef(124621163998): object was freed before callback; returning Nil.
   at: gdplanningai_rust::logger::process_logs (src\logger.rs:66)
   GDScript backtrace (most recent call first):
       [0] _start_plan_and_wait (res://test/integration/test_campfire_example_smoke.gd:57)
[GdPAI | debug] ApplyEffect [Before] ID=InstanceId(-9223370125510428179): agent props = {"entity": null, "at_target": null, "hunger": 70.0627442063492, "held_item": "wood"}
[GdPAI | debug] ApplyEffect [After] ID=InstanceId(-9223370125510428179): agent props = {"entity": null, "at_target": null, "hunger": 70.0627442063492, "held_item": "wood"}
[GdPAI | debug]   Snapshotting prop: entity = Nil (Variant type: NIL)
[GdPAI | debug]   Snapshotting prop: at_target = Nil (Variant type: NIL)
[GdPAI | debug]   Snapshotting prop: hunger = Float(70.0627442063492) (Variant type: FLOAT)
[GdPAI | debug]   Snapshotting prop: held_item = Str("wood") (Variant type: STRING)
WARNING: [GdPAI] ObjectRef(124621163998): object was freed before callback; returning Nil.
   at: gdplanningai_rust::logger::process_logs (src\logger.rs:66)
   GDScript backtrace (most recent call first):
       [0] _process (res://addons/GdPlanningAI/gdpai_autoload.gd:21)
WARNING: [GdPAI] ObjectRef(124621163998): object was freed before callback; returning Nil.
   at: gdplanningai_rust::logger::process_logs (src\logger.rs:66)
   GDScript backtrace (most recent call first):
       [0] _process (res://addons/GdPlanningAI/gdpai_autoload.gd:21)
[GdPAI | debug] GetCost: callable returned non-numeric value: null; returning INFINITY
[GdPAI | debug] ApplyEffect [Before] ID=InstanceId(-9223370123732043311): agent props = {"entity": VariantGd { id: 1382643928884, class: RigidBody2D }, "hunger": 95.0603725, "held_item": "wood"}
[GdPAI | debug] ApplyEffect [After] ID=InstanceId(-9223370123732043311): agent props = {"entity": VariantGd { id: 1382643928884, class: RigidBody2D }, "hunger": 95.0603725, "held_item": "wood"}
[GdPAI | debug]   Snapshotting prop: entity = ObjectRef(1382643928884) (Variant type: OBJECT)
[GdPAI | debug]   Snapshotting prop: hunger = Float(95.0603725) (Variant type: FLOAT)
[GdPAI | debug]   Snapshotting prop: held_item = Str("wood") (Variant type: STRING)
WARNING: [GdPAI] ObjectRef(124621163998): object was freed before callback; returning Nil.
   at: gdplanningai_rust::logger::process_logs (src\logger.rs:66)
   GDScript backtrace (most recent call first):
       [0] _start_plan_and_wait (res://test/integration/test_campfire_example_smoke.gd:57)
WARNING: [GdPAI] ObjectRef(124621163998): object was freed before callback; returning Nil.
   at: gdplanningai_rust::logger::process_logs (src\logger.rs:66)
   GDScript backtrace (most recent call first):
       [0] _start_plan_and_wait (res://test/integration/test_campfire_example_smoke.gd:57)
[GdPAI | debug] ApplyEffect [Before] ID=InstanceId(-9223370123060954657): agent props = {"hunger": 70.0627442063492, "entity": null, "held_item": ""}
[GdPAI | debug] ApplyEffect [After] ID=InstanceId(-9223370123060954657): agent props = {"hunger": 70.0627442063492, "entity": null, "held_item": ""}
[GdPAI | debug]   Snapshotting prop: hunger = Float(70.0627442063492) (Variant type: FLOAT)
[GdPAI | debug]   Snapshotting prop: entity = Nil (Variant type: NIL)
[GdPAI | debug]   Snapshotting prop: held_item = Str("") (Variant type: STRING)
WARNING: [GdPAI] ObjectRef(124621163998): object was freed before callback; returning Nil.
   at: gdplanningai_rust::logger::process_logs (src\logger.rs:66)
   GDScript backtrace (most recent call first):
       [0] _process (res://addons/GdPlanningAI/gdpai_autoload.gd:21)
[GdPAI | debug] GetCost: callable returned non-numeric value: null; returning INFINITY
[GdPAI | debug] ApplyEffect [Before] ID=InstanceId(-9223370121232238121): agent props = {"entity": VariantGd { id: 1382643928884, class: RigidBody2D }, "hunger": 95.0603725, "held_item": ""}
[GdPAI | debug] ApplyEffect [After] ID=InstanceId(-9223370121232238121): agent props = {"entity": VariantGd { id: 1382643928884, class: RigidBody2D }, "held_item": "potato", "hunger": 95.0603725}
[GdPAI | debug]   Snapshotting prop: entity = ObjectRef(1382643928884) (Variant type: OBJECT)
[GdPAI | debug]   Snapshotting prop: held_item = Str("potato") (Variant type: STRING)
[GdPAI | debug]   Snapshotting prop: hunger = Float(95.0603725) (Variant type: FLOAT)
WARNING: [GdPAI] ObjectRef(124621163998): object was freed before callback; returning Nil.
   at: gdplanningai_rust::logger::process_logs (src\logger.rs:66)
   GDScript backtrace (most recent call first):
       [0] _start_plan_and_wait (res://test/integration/test_campfire_example_smoke.gd:57)
[GdPAI | debug] ApplyEffect [Before] ID=InstanceId(-9223370120611481099): agent props = {"hunger": 70.0627442063492, "entity": null, "held_item": ""}
[GdPAI | debug] ApplyEffect [After] ID=InstanceId(-9223370120611481099): agent props = {"hunger": 70.0627442063492, "entity": null, "held_item": ""}
[GdPAI | debug]   Snapshotting prop: hunger = Float(70.0627442063492) (Variant type: FLOAT)
[GdPAI | debug]   Snapshotting prop: entity = Nil (Variant type: NIL)
[GdPAI | debug]   Snapshotting prop: held_item = Str("") (Variant type: STRING)
WARNING: [GdPAI] ObjectRef(124621163998): object was freed before callback; returning Nil.
   at: gdplanningai_rust::logger::process_logs (src\logger.rs:66)
   GDScript backtrace (most recent call first):
       [0] _process (res://addons/GdPlanningAI/gdpai_autoload.gd:21)
WARNING: [GdPAI] ObjectRef(124134624705): object was freed before callback; returning Nil.
   at: gdplanningai_rust::logger::process_logs (src\logger.rs:66)
   GDScript backtrace (most recent call first):
       [0] _process (res://addons/GdPlanningAI/gdpai_autoload.gd:21)
WARNING: [GdPAI] ObjectRef(124134624705): object was freed before callback; returning Nil.
   at: gdplanningai_rust::logger::process_logs (src\logger.rs:66)
   GDScript backtrace (most recent call first):
       [0] _process (res://addons/GdPlanningAI/gdpai_autoload.gd:21)
[GdPAI | debug] GetCost: callable returned non-numeric value: null; returning INFINITY
[GdPAI | debug] ApplyEffect [Before] ID=InstanceId(-9223370118833096202): agent props = {"hunger": 95.0603725, "entity": VariantGd { id: 1382643928884, class: RigidBody2D }, "held_item": "potato"}
[GdPAI | debug] ApplyEffect [After] ID=InstanceId(-9223370118833096202): agent props = {"hunger": 95.0603725, "entity": VariantGd { id: 1382643928884, class: RigidBody2D }, "held_item": "wood"}
[GdPAI | debug]   Snapshotting prop: hunger = Float(95.0603725) (Variant type: FLOAT)
[GdPAI | debug]   Snapshotting prop: entity = ObjectRef(1382643928884) (Variant type: OBJECT)
[GdPAI | debug]   Snapshotting prop: held_item = Str("wood") (Variant type: STRING)
WARNING: [GdPAI] ObjectRef(124621163998): object was freed before callback; returning Nil.
   at: gdplanningai_rust::logger::process_logs (src\logger.rs:66)
   GDScript backtrace (most recent call first):
       [0] _start_plan_and_wait (res://test/integration/test_campfire_example_smoke.gd:57)
WARNING: [GdPAI] ObjectRef(124134624705): object was freed before callback; returning Nil.
   at: gdplanningai_rust::logger::process_logs (src\logger.rs:66)
   GDScript backtrace (most recent call first):
       [0] _start_plan_and_wait (res://test/integration/test_campfire_example_smoke.gd:57)
WARNING: [GdPAI] ObjectRef(124134624705): object was freed before callback; returning Nil.
   at: gdplanningai_rust::logger::process_logs (src\logger.rs:66)
   GDScript backtrace (most recent call first):
       [0] _start_plan_and_wait (res://test/integration/test_campfire_example_smoke.gd:57)
[GdPAI | debug] ApplyEffect [Before] ID=InstanceId(-9223370118111675900): agent props = {"held_item": "", "at_target": null, "hunger": 70.0627442063492, "entity": null}
[GdPAI | debug] ApplyEffect [After] ID=InstanceId(-9223370118111675900): agent props = {"held_item": "", "at_target": null, "hunger": 70.0627442063492, "entity": null}
[GdPAI | debug]   Snapshotting prop: held_item = Str("") (Variant type: STRING)
[GdPAI | debug]   Snapshotting prop: at_target = Nil (Variant type: NIL)
[GdPAI | debug]   Snapshotting prop: hunger = Float(70.0627442063492) (Variant type: FLOAT)
[GdPAI | debug]   Snapshotting prop: entity = Nil (Variant type: NIL)
WARNING: [GdPAI] ObjectRef(124621163998): object was freed before callback; returning Nil.
   at: gdplanningai_rust::logger::process_logs (src\logger.rs:66)
   GDScript backtrace (most recent call first):
       [0] _process (res://addons/GdPlanningAI/gdpai_autoload.gd:21)
WARNING: [GdPAI] ObjectRef(124134624705): object was freed before callback; returning Nil.
   at: gdplanningai_rust::logger::process_logs (src\logger.rs:66)
   GDScript backtrace (most recent call first):
       [0] _process (res://addons/GdPlanningAI/gdpai_autoload.gd:21)
WARNING: [GdPAI] ObjectRef(124134624705): object was freed before callback; returning Nil.
   at: gdplanningai_rust::logger::process_logs (src\logger.rs:66)
   GDScript backtrace (most recent call first):
       [0] _process (res://addons/GdPlanningAI/gdpai_autoload.gd:21)
[GdPAI | debug] GetCost: callable returned non-numeric value: null; returning INFINITY
[GdPAI | debug] ApplyEffect [Before] ID=InstanceId(-9223370116232627726): agent props = {"held_item": "wood", "entity": VariantGd { id: 1382643928884, class: RigidBody2D }, "hunger": 95.0603725}
[GdPAI | debug] ApplyEffect [After] ID=InstanceId(-9223370116232627726): agent props = {"held_item": "wood", "entity": VariantGd { id: 1382643928884, class: RigidBody2D }, "hunger": 95.0603725}
[GdPAI | debug]   Snapshotting prop: held_item = Str("wood") (Variant type: STRING)
[GdPAI | debug]   Snapshotting prop: entity = ObjectRef(1382643928884) (Variant type: OBJECT)
[GdPAI | debug]   Snapshotting prop: hunger = Float(95.0603725) (Variant type: FLOAT)
WARNING: [GdPAI] ObjectRef(124621163998): object was freed before callback; returning Nil.
   at: gdplanningai_rust::logger::process_logs (src\logger.rs:66)
   GDScript backtrace (most recent call first):
       [0] _start_plan_and_wait (res://test/integration/test_campfire_example_smoke.gd:57)
WARNING: [GdPAI] ObjectRef(124134624705): object was freed before callback; returning Nil.
   at: gdplanningai_rust::logger::process_logs (src\logger.rs:66)
   GDScript backtrace (most recent call first):
       [0] _start_plan_and_wait (res://test/integration/test_campfire_example_smoke.gd:57)
WARNING: [GdPAI] ObjectRef(124134624705): object was freed before callback; returning Nil.
   at: gdplanningai_rust::logger::process_logs (src\logger.rs:66)
   GDScript backtrace (most recent call first):
       [0] _start_plan_and_wait (res://test/integration/test_campfire_example_smoke.gd:57)
[GdPAI | debug] ApplyEffect [Before] ID=InstanceId(-9223370115511207408): agent props = {"entity": null, "at_target": null, "hunger": 70.0627442063492, "held_item": ""}
[GdPAI | debug] ApplyEffect [After] ID=InstanceId(-9223370115511207408): agent props = {"entity": null, "at_target": null, "hunger": 70.0627442063492, "held_item": ""}
[GdPAI | debug]   Snapshotting prop: entity = Nil (Variant type: NIL)
[GdPAI | debug]   Snapshotting prop: at_target = Nil (Variant type: NIL)
[GdPAI | debug]   Snapshotting prop: hunger = Float(70.0627442063492) (Variant type: FLOAT)
[GdPAI | debug]   Snapshotting prop: held_item = Str("") (Variant type: STRING)
WARNING: [GdPAI] ObjectRef(124621163998): object was freed before callback; returning Nil.
   at: gdplanningai_rust::logger::process_logs (src\logger.rs:66)
   GDScript backtrace (most recent call first):
       [0] _process (res://addons/GdPlanningAI/gdpai_autoload.gd:21)
[GdPAI | debug] GetCost: callable returned non-numeric value: null; returning INFINITY
[GdPAI | debug] ApplyEffect [Before] ID=InstanceId(-9223370113632159318): agent props = {"hunger": 95.0603725, "entity": VariantGd { id: 1382643928884, class: RigidBody2D }, "held_item": ""}
[GdPAI | debug] ApplyEffect [After] ID=InstanceId(-9223370113632159318): agent props = {"hunger": 95.0603725, "entity": VariantGd { id: 1382643928884, class: RigidBody2D }, "held_item": "potato"}
[GdPAI | debug]   Snapshotting prop: hunger = Float(95.0603725) (Variant type: FLOAT)
[GdPAI | debug]   Snapshotting prop: entity = ObjectRef(1382643928884) (Variant type: OBJECT)
[GdPAI | debug]   Snapshotting prop: held_item = Str("potato") (Variant type: STRING)
WARNING: [GdPAI] ObjectRef(124621163998): object was freed before callback; returning Nil.
   at: gdplanningai_rust::logger::process_logs (src\logger.rs:66)
   GDScript backtrace (most recent call first):
       [0] _start_plan_and_wait (res://test/integration/test_campfire_example_smoke.gd:57)
[GdPAI | debug] ApplyEffect [Before] ID=InstanceId(-9223370113011402390): agent props = {"hunger": 70.0627442063492, "at_target": null, "entity": null, "held_item": "wood"}
[GdPAI | debug] ApplyEffect [After] ID=InstanceId(-9223370113011402390): agent props = {"hunger": 70.0627442063492, "at_target": null, "entity": null, "held_item": "wood"}
[GdPAI | debug]   Snapshotting prop: hunger = Float(70.0627442063492) (Variant type: FLOAT)
[GdPAI | debug]   Snapshotting prop: at_target = Nil (Variant type: NIL)
[GdPAI | debug]   Snapshotting prop: entity = Nil (Variant type: NIL)
[GdPAI | debug]   Snapshotting prop: held_item = Str("wood") (Variant type: STRING)
[GdPAI] A* Iteration: pop node with chain length 4
[GdPAI | debug] find_candidates: Checking 15 actions against 1 preconds and 1 requirements
WARNING: [GdPAI] ObjectRef(124621163998): object was freed before callback; returning Nil.
   at: gdplanningai_rust::logger::process_logs (src\logger.rs:66)
   GDScript backtrace (most recent call first):
       [0] _process (res://addons/GdPlanningAI/gdpai_autoload.gd:21)
WARNING: [GdPAI] ObjectRef(124621163998): object was freed before callback; returning Nil.
   at: gdplanningai_rust::logger::process_logs (src\logger.rs:66)
   GDScript backtrace (most recent call first):
       [0] _process (res://addons/GdPlanningAI/gdpai_autoload.gd:21)
[GdPAI | debug] Discovery: Starting simulation for action Go To
[GdPAI | debug] ApplyEffect [Before] ID=InstanceId(-9223370111233017315): agent props = {"entity": VariantGd { id: 1382643928884, class: RigidBody2D }, "hunger": 95.0603725, "held_item": "potato"}
[GdPAI | debug] ApplyEffect [After] ID=InstanceId(-9223370111233017315): agent props = {"held_item": "wood", "entity": VariantGd { id: 1382643928884, class: RigidBody2D }, "hunger": 95.0603725}
[GdPAI | debug]   Snapshotting prop: held_item = Str("wood") (Variant type: STRING)
[GdPAI | debug]   Snapshotting prop: entity = ObjectRef(1382643928884) (Variant type: OBJECT)
[GdPAI | debug]   Snapshotting prop: hunger = Float(95.0603725) (Variant type: FLOAT)
WARNING: [GdPAI] ObjectRef(124621163998): object was freed before callback; returning Nil.
   at: gdplanningai_rust::logger::process_logs (src\logger.rs:66)
   GDScript backtrace (most recent call first):
       [0] _start_plan_and_wait (res://test/integration/test_campfire_example_smoke.gd:57)
WARNING: [GdPAI] ObjectRef(124621163998): object was freed before callback; returning Nil.
   at: gdplanningai_rust::logger::process_logs (src\logger.rs:66)
   GDScript backtrace (most recent call first):
       [0] _start_plan_and_wait (res://test/integration/test_campfire_example_smoke.gd:57)
[GdPAI | debug] GetCost: callable returned non-numeric value: null; returning INFINITY
WARNING: [GdPAI] ObjectRef(124621163998): object was freed before callback; returning Nil.
   at: gdplanningai_rust::logger::process_logs (src\logger.rs:66)
   GDScript backtrace (most recent call first):
       [0] _process (res://addons/GdPlanningAI/gdpai_autoload.gd:21)
WARNING: [GdPAI] ObjectRef(124621163998): object was freed before callback; returning Nil.
   at: gdplanningai_rust::logger::process_logs (src\logger.rs:66)
   GDScript backtrace (most recent call first):
       [0] _process (res://addons/GdPlanningAI/gdpai_autoload.gd:21)
[GdPAI | debug] ApplyEffect [Before] ID=InstanceId(-9223370109303637464): agent props = {"held_item": "", "entity": null, "hunger": 70.0627442063492}
[GdPAI | debug] ApplyEffect [After] ID=InstanceId(-9223370109303637464): agent props = {"held_item": "", "entity": null, "hunger": 70.0627442063492}
[GdPAI | debug]   Snapshotting prop: held_item = Str("") (Variant type: STRING)
[GdPAI | debug]   Snapshotting prop: entity = Nil (Variant type: NIL)
[GdPAI | debug]   Snapshotting prop: hunger = Float(70.0627442063492) (Variant type: FLOAT)
[GdPAI | debug] Discovery: Simulation success for Go To. Agent props: {"hunger": Float(70.0627442063492), "entity": Nil, "held_item": Str("")}
[GdPAI | debug] Discovery: Action Go To satisfied precond Builtin { target: Agent, operation: Equal, property_name: "held_item", value: Some(Str("")) }
[GdPAI | debug] Found candidate: Go To (satisfied preconds: [0], requirements: [0])
[GdPAI | debug] Discovery: Starting simulation for action Eat Held Food
[GdPAI | debug] ApplyEffect [Before] ID=InstanceId(-9223370108733212120): agent props = {"held_item": "wood", "entity": VariantGd { id: 1382643928884, class: RigidBody2D }, "hunger": 95.0603725}
[GdPAI | debug] ApplyEffect [After] ID=InstanceId(-9223370108733212120): agent props = {"held_item": "wood", "entity": VariantGd { id: 1382643928884, class: RigidBody2D }, "hunger": 95.0603725}
[GdPAI | debug]   Snapshotting prop: held_item = Str("wood") (Variant type: STRING)
[GdPAI | debug]   Snapshotting prop: entity = ObjectRef(1382643928884) (Variant type: OBJECT)
[GdPAI | debug]   Snapshotting prop: hunger = Float(95.0603725) (Variant type: FLOAT)
WARNING: [GdPAI] ObjectRef(124621163998): object was freed before callback; returning Nil.
   at: gdplanningai_rust::logger::process_logs (src\logger.rs:66)
   GDScript backtrace (most recent call first):
       [0] _start_plan_and_wait (res://test/integration/test_campfire_example_smoke.gd:57)
WARNING: [GdPAI] ObjectRef(124621163998): object was freed before callback; returning Nil.
   at: gdplanningai_rust::logger::process_logs (src\logger.rs:66)
   GDScript backtrace (most recent call first):
       [0] _start_plan_and_wait (res://test/integration/test_campfire_example_smoke.gd:57)
[GdPAI | debug] GetCost: callable returned non-numeric value: null; returning INFINITY
WARNING: [GdPAI] ObjectRef(124621163998): object was freed before callback; returning Nil.
   at: gdplanningai_rust::logger::process_logs (src\logger.rs:66)
   GDScript backtrace (most recent call first):
       [0] _process (res://addons/GdPlanningAI/gdpai_autoload.gd:21)
WARNING: [GdPAI] ObjectRef(124621163998): object was freed before callback; returning Nil.
   at: gdplanningai_rust::logger::process_logs (src\logger.rs:66)
   GDScript backtrace (most recent call first):
       [0] _process (res://addons/GdPlanningAI/gdpai_autoload.gd:21)
[GdPAI | debug] ApplyEffect [Before] ID=InstanceId(-9223370106803832269): agent props = {"hunger": 70.0627442063492, "held_item": "", "entity": null}
[GdPAI | debug] ApplyEffect [After] ID=InstanceId(-9223370106803832269): agent props = {"hunger": 70.0627442063492, "held_item": "", "entity": null}
[GdPAI | debug]   Snapshotting prop: hunger = Float(70.0627442063492) (Variant type: FLOAT)
[GdPAI | debug]   Snapshotting prop: held_item = Str("") (Variant type: STRING)
[GdPAI | debug]   Snapshotting prop: entity = Nil (Variant type: NIL)
[GdPAI | debug] Discovery: Simulation success for Eat Held Food. Agent props: {"hunger": Float(70.0627442063492), "held_item": Str(""), "entity": Nil}
[GdPAI | debug] Discovery: Action Eat Held Food satisfied precond Builtin { target: Agent, operation: Equal, property_name: "held_item", value: Some(Str("")) }
[GdPAI | debug] Found candidate: Eat Held Food (satisfied preconds: [0], requirements: [])
[GdPAI | debug] ApplyEffect [Before] ID=InstanceId(-9223370106233406925): agent props = {"hunger": 95.0603725, "entity": VariantGd { id: 1382643928884, class: RigidBody2D }, "held_item": ""}
[GdPAI | debug] ApplyEffect [After] ID=InstanceId(-9223370106233406925): agent props = {"held_item": "potato", "entity": VariantGd { id: 1382643928884, class: RigidBody2D }, "hunger": 95.0603725}
[GdPAI | debug]   Snapshotting prop: held_item = Str("potato") (Variant type: STRING)
[GdPAI | debug]   Snapshotting prop: entity = ObjectRef(1382643928884) (Variant type: OBJECT)
[GdPAI | debug]   Snapshotting prop: hunger = Float(95.0603725) (Variant type: FLOAT)
WARNING: [GdPAI] ObjectRef(124621163998): object was freed before callback; returning Nil.
   at: gdplanningai_rust::logger::process_logs (src\logger.rs:66)
   GDScript backtrace (most recent call first):
       [0] _start_plan_and_wait (res://test/integration/test_campfire_example_smoke.gd:57)
WARNING: [GdPAI] ObjectRef(124621163998): object was freed before callback; returning Nil.
   at: gdplanningai_rust::logger::process_logs (src\logger.rs:66)
   GDScript backtrace (most recent call first):
       [0] _start_plan_and_wait (res://test/integration/test_campfire_example_smoke.gd:57)
[GdPAI | debug] Discovery: Starting simulation for action Go To
WARNING: [GdPAI] ObjectRef(124621163998): object was freed before callback; returning Nil.
   at: gdplanningai_rust::logger::process_logs (src\logger.rs:66)
   GDScript backtrace (most recent call first):
       [0] _process (res://addons/GdPlanningAI/gdpai_autoload.gd:21)
WARNING: [GdPAI] ObjectRef(124621163998): object was freed before callback; returning Nil.
   at: gdplanningai_rust::logger::process_logs (src\logger.rs:66)
   GDScript backtrace (most recent call first):
       [0] _process (res://addons/GdPlanningAI/gdpai_autoload.gd:21)
[GdPAI | debug] GetCost: callable returned non-numeric value: null; returning INFINITY
[GdPAI | debug] ApplyEffect [Before] ID=InstanceId(-9223370103733601768): agent props = {"entity": VariantGd { id: 1382643928884, class: RigidBody2D }, "hunger": 95.0603725, "held_item": "potato"}
[GdPAI | debug] ApplyEffect [After] ID=InstanceId(-9223370103733601768): agent props = {"hunger": 95.0603725, "entity": VariantGd { id: 1382643928884, class: RigidBody2D }, "held_item": "wood"}
[GdPAI | debug]   Snapshotting prop: hunger = Float(95.0603725) (Variant type: FLOAT)
[GdPAI | debug]   Snapshotting prop: entity = ObjectRef(1382643928884) (Variant type: OBJECT)
[GdPAI | debug]   Snapshotting prop: held_item = Str("wood") (Variant type: STRING)
WARNING: [GdPAI] ObjectRef(124621163998): object was freed before callback; returning Nil.
   at: gdplanningai_rust::logger::process_logs (src\logger.rs:66)
   GDScript backtrace (most recent call first):
       [0] _start_plan_and_wait (res://test/integration/test_campfire_example_smoke.gd:57)
WARNING: [GdPAI] ObjectRef(124621163998): object was freed before callback; returning Nil.
   at: gdplanningai_rust::logger::process_logs (src\logger.rs:66)
   GDScript backtrace (most recent call first):
       [0] _start_plan_and_wait (res://test/integration/test_campfire_example_smoke.gd:57)
[GdPAI | debug] ApplyEffect [Before] ID=InstanceId(-9223370103062513113): agent props = {"entity": null, "held_item": "", "hunger": 70.0627442063492}
[GdPAI | debug] ApplyEffect [After] ID=InstanceId(-9223370103062513113): agent props = {"entity": null, "held_item": "", "hunger": 70.0627442063492}
[GdPAI | debug]   Snapshotting prop: entity = Nil (Variant type: NIL)
[GdPAI | debug]   Snapshotting prop: held_item = Str("") (Variant type: STRING)
[GdPAI | debug]   Snapshotting prop: hunger = Float(70.0627442063492) (Variant type: FLOAT)
[GdPAI | debug] Discovery: Simulation success for Go To. Agent props: {"hunger": Float(70.0627442063492), "entity": Nil, "held_item": Str("")}
[GdPAI | debug] Discovery: Action Go To satisfied precond Builtin { target: Agent, operation: Equal, property_name: "held_item", value: Some(Str("")) }
[GdPAI | debug] Found candidate: Go To (satisfied preconds: [0], requirements: [0])
[GdPAI | debug] Discovery: Starting simulation for action Drop Item
WARNING: [GdPAI] ObjectRef(124621163998): object was freed before callback; returning Nil.
   at: gdplanningai_rust::logger::process_logs (src\logger.rs:66)
   GDScript backtrace (most recent call first):
       [0] _process (res://addons/GdPlanningAI/gdpai_autoload.gd:21)
WARNING: [GdPAI] ObjectRef(124621163998): object was freed before callback; returning Nil.
   at: gdplanningai_rust::logger::process_logs (src\logger.rs:66)
   GDScript backtrace (most recent call first):
       [0] _process (res://addons/GdPlanningAI/gdpai_autoload.gd:21)
[GdPAI | debug] GetCost: callable returned non-numeric value: null; returning INFINITY
[GdPAI | debug] ApplyEffect [Before] ID=InstanceId(-9223370101233796553): agent props = {"entity": VariantGd { id: 1382643928884, class: RigidBody2D }, "hunger": 95.0603725, "held_item": "wood"}
[GdPAI | debug] ApplyEffect [After] ID=InstanceId(-9223370101233796553): agent props = {"entity": VariantGd { id: 1382643928884, class: RigidBody2D }, "hunger": 95.0603725, "held_item": "wood"}
[GdPAI | debug]   Snapshotting prop: entity = ObjectRef(1382643928884) (Variant type: OBJECT)
[GdPAI | debug]   Snapshotting prop: hunger = Float(95.0603725) (Variant type: FLOAT)
[GdPAI | debug]   Snapshotting prop: held_item = Str("wood") (Variant type: STRING)
WARNING: [GdPAI] ObjectRef(124621163998): object was freed before callback; returning Nil.
   at: gdplanningai_rust::logger::process_logs (src\logger.rs:66)
   GDScript backtrace (most recent call first):
       [0] _start_plan_and_wait (res://test/integration/test_campfire_example_smoke.gd:57)
WARNING: [GdPAI] ObjectRef(124621163998): object was freed before callback; returning Nil.
   at: gdplanningai_rust::logger::process_logs (src\logger.rs:66)
   GDScript backtrace (most recent call first):
       [0] _start_plan_and_wait (res://test/integration/test_campfire_example_smoke.gd:57)
[GdPAI | debug] ApplyEffect [Before] ID=InstanceId(-9223370100562707882): agent props = {"hunger": 70.0627442063492, "held_item": "", "entity": null}
[GdPAI | debug] ApplyEffect [After] ID=InstanceId(-9223370100562707882): agent props = {"hunger": 70.0627442063492, "held_item": "", "entity": null}
[GdPAI | debug]   Snapshotting prop: hunger = Float(70.0627442063492) (Variant type: FLOAT)
[GdPAI | debug]   Snapshotting prop: held_item = Str("") (Variant type: STRING)
[GdPAI | debug]   Snapshotting prop: entity = Nil (Variant type: NIL)
[GdPAI | debug] Discovery: Simulation success for Drop Item. Agent props: {"hunger": Float(70.0627442063492), "held_item": Str(""), "entity": Nil}
[GdPAI | debug] Discovery: Action Drop Item satisfied precond Builtin { target: Agent, operation: Equal, property_name: "held_item", value: Some(Str("")) }
[GdPAI | debug] Found candidate: Drop Item (satisfied preconds: [0], requirements: [])
[GdPAI | debug] Discovery: Starting simulation for action Add Fuel
WARNING: [GdPAI] ObjectRef(124621163998): object was freed before callback; returning Nil.
   at: gdplanningai_rust::logger::process_logs (src\logger.rs:66)
   GDScript backtrace (most recent call first):
       [0] _process (res://addons/GdPlanningAI/gdpai_autoload.gd:21)
WARNING: [GdPAI] ObjectRef(124621163998): object was freed before callback; returning Nil.
   at: gdplanningai_rust::logger::process_logs (src\logger.rs:66)
   GDScript backtrace (most recent call first):
       [0] _process (res://addons/GdPlanningAI/gdpai_autoload.gd:21)
[GdPAI | debug] GetCost: callable returned non-numeric value: null; returning INFINITY
[GdPAI | debug] ApplyEffect [Before] ID=InstanceId(-9223370098733991370): agent props = {"held_item": "", "hunger": 95.0603725, "entity": VariantGd { id: 1382643928884, class: RigidBody2D }}
[GdPAI | debug] ApplyEffect [After] ID=InstanceId(-9223370098733991370): agent props = {"held_item": "potato", "hunger": 95.0603725, "entity": VariantGd { id: 1382643928884, class: RigidBody2D }}
[GdPAI | debug]   Snapshotting prop: held_item = Str("potato") (Variant type: STRING)
[GdPAI | debug]   Snapshotting prop: hunger = Float(95.0603725) (Variant type: FLOAT)
[GdPAI | debug]   Snapshotting prop: entity = ObjectRef(1382643928884) (Variant type: OBJECT)
WARNING: [GdPAI] ObjectRef(124621163998): object was freed before callback; returning Nil.
   at: gdplanningai_rust::logger::process_logs (src\logger.rs:66)
   GDScript backtrace (most recent call first):
       [0] _start_plan_and_wait (res://test/integration/test_campfire_example_smoke.gd:57)
WARNING: [GdPAI] ObjectRef(124621163998): object was freed before callback; returning Nil.
   at: gdplanningai_rust::logger::process_logs (src\logger.rs:66)
   GDScript backtrace (most recent call first):
       [0] _start_plan_and_wait (res://test/integration/test_campfire_example_smoke.gd:57)
[GdPAI | debug] ApplyEffect [Before] ID=InstanceId(-9223370098062902692): agent props = {"entity": null, "held_item": "wood", "hunger": 70.0627442063492}
[GdPAI | debug] ApplyEffect [After] ID=InstanceId(-9223370098062902692): agent props = {"entity": null, "held_item": "wood", "hunger": 70.0627442063492}
[GdPAI | debug]   Snapshotting prop: entity = Nil (Variant type: NIL)
[GdPAI | debug]   Snapshotting prop: held_item = Str("wood") (Variant type: STRING)
[GdPAI | debug]   Snapshotting prop: hunger = Float(70.0627442063492) (Variant type: FLOAT)
[GdPAI | debug] Discovery: Simulation success for Add Fuel. Agent props: {"entity": Nil, "hunger": Float(70.0627442063492), "held_item": Str("wood")}
[GdPAI | debug] Discovery: Action Add Fuel did NOT satisfy precond Builtin { target: Agent, operation: Equal, property_name: "held_item", value: Some(Str("")) }
WARNING: [GdPAI] ObjectRef(124621163998): object was freed before callback; returning Nil.
   at: gdplanningai_rust::logger::process_logs (src\logger.rs:66)
   GDScript backtrace (most recent call first):
       [0] _process (res://addons/GdPlanningAI/gdpai_autoload.gd:21)
WARNING: [GdPAI] ObjectRef(124621163998): object was freed before callback; returning Nil.
   at: gdplanningai_rust::logger::process_logs (src\logger.rs:66)
   GDScript backtrace (most recent call first):
       [0] _process (res://addons/GdPlanningAI/gdpai_autoload.gd:21)
[GdPAI | debug] Discovery: Action Cook Potato failed validity check, skipping
[GdPAI | debug] Discovery: Starting simulation for action Pick Up Wood
[GdPAI | debug] ApplyEffect [Before] ID=InstanceId(-9223370096234186202): agent props = {"held_item": "potato", "hunger": 95.0603725, "entity": VariantGd { id: 1382643928884, class: RigidBody2D }}
[GdPAI | debug] ApplyEffect [After] ID=InstanceId(-9223370096234186202): agent props = {"entity": VariantGd { id: 1382643928884, class: RigidBody2D }, "hunger": 95.0603725, "held_item": "wood"}
[GdPAI | debug]   Snapshotting prop: entity = ObjectRef(1382643928884) (Variant type: OBJECT)
[GdPAI | debug]   Snapshotting prop: hunger = Float(95.0603725) (Variant type: FLOAT)
[GdPAI | debug]   Snapshotting prop: held_item = Str("wood") (Variant type: STRING)
WARNING: [GdPAI] ObjectRef(124621163998): object was freed before callback; returning Nil.
   at: gdplanningai_rust::logger::process_logs (src\logger.rs:66)
   GDScript backtrace (most recent call first):
       [0] _start_plan_and_wait (res://test/integration/test_campfire_example_smoke.gd:57)
WARNING: [GdPAI] ObjectRef(124621163998): object was freed before callback; returning Nil.
   at: gdplanningai_rust::logger::process_logs (src\logger.rs:66)
   GDScript backtrace (most recent call first):
       [0] _start_plan_and_wait (res://test/integration/test_campfire_example_smoke.gd:57)
[GdPAI | debug] GetCost: callable returned non-numeric value: null; returning INFINITY
WARNING: [GdPAI] ObjectRef(124621163998): object was freed before callback; returning Nil.
   at: gdplanningai_rust::logger::process_logs (src\logger.rs:66)
   GDScript backtrace (most recent call first):
       [0] _process (res://addons/GdPlanningAI/gdpai_autoload.gd:21)
WARNING: [GdPAI] ObjectRef(124621163998): object was freed before callback; returning Nil.
   at: gdplanningai_rust::logger::process_logs (src\logger.rs:66)
   GDScript backtrace (most recent call first):
       [0] _process (res://addons/GdPlanningAI/gdpai_autoload.gd:21)
[GdPAI | debug] ApplyEffect [Before] ID=InstanceId(-9223370094304806309): agent props = {"hunger": 70.0627442063492, "held_item": "", "entity": null}
[GdPAI | debug] ApplyEffect [After] ID=InstanceId(-9223370094304806309): agent props = {"hunger": 70.0627442063492, "held_item": "", "entity": null}
[GdPAI | debug]   Snapshotting prop: hunger = Float(70.0627442063492) (Variant type: FLOAT)
[GdPAI | debug]   Snapshotting prop: held_item = Str("") (Variant type: STRING)
[GdPAI | debug]   Snapshotting prop: entity = Nil (Variant type: NIL)
[GdPAI | debug] Discovery: Simulation success for Pick Up Wood. Agent props: {"entity": Nil, "hunger": Float(70.0627442063492), "held_item": Str("")}
[GdPAI | debug] Discovery: Action Pick Up Wood satisfied precond Builtin { target: Agent, operation: Equal, property_name: "held_item", value: Some(Str("")) }
[GdPAI | debug] Found candidate: Pick Up Wood (satisfied preconds: [0], requirements: [])
[GdPAI | debug] ApplyEffect [Before] ID=InstanceId(-9223370093734380965): agent props = {"held_item": "wood", "hunger": 95.0603725, "entity": VariantGd { id: 1382643928884, class: RigidBody2D }}
[GdPAI | debug] ApplyEffect [After] ID=InstanceId(-9223370093734380965): agent props = {"held_item": "wood", "hunger": 95.0603725, "entity": VariantGd { id: 1382643928884, class: RigidBody2D }}
[GdPAI | debug]   Snapshotting prop: held_item = Str("wood") (Variant type: STRING)
[GdPAI | debug]   Snapshotting prop: hunger = Float(95.0603725) (Variant type: FLOAT)
[GdPAI | debug]   Snapshotting prop: entity = ObjectRef(1382643928884) (Variant type: OBJECT)
[GdPAI | debug] Discovery: Starting simulation for action Pick Up Wood
[GdPAI] A* Iteration: pop node with chain length 3
[GdPAI | debug] find_candidates: Checking 15 actions against 0 preconds and 1 requirements
WARNING: [GdPAI] ObjectRef(124621163998): object was freed before callback; returning Nil.
   at: gdplanningai_rust::logger::process_logs (src\logger.rs:66)
   GDScript backtrace (most recent call first):
       [0] _start_plan_and_wait (res://test/integration/test_campfire_example_smoke.gd:57)
WARNING: [GdPAI] ObjectRef(124621163998): object was freed before callback; returning Nil.
   at: gdplanningai_rust::logger::process_logs (src\logger.rs:66)
   GDScript backtrace (most recent call first):
       [0] _start_plan_and_wait (res://test/integration/test_campfire_example_smoke.gd:57)
[GdPAI | debug] GetCost: callable returned non-numeric value: null; returning INFINITY
WARNING: [GdPAI] ObjectRef(124621163998): object was freed before callback; returning Nil.
   at: gdplanningai_rust::logger::process_logs (src\logger.rs:66)
   GDScript backtrace (most recent call first):
       [0] _process (res://addons/GdPlanningAI/gdpai_autoload.gd:21)
WARNING: [GdPAI] ObjectRef(124621163998): object was freed before callback; returning Nil.
   at: gdplanningai_rust::logger::process_logs (src\logger.rs:66)
   GDScript backtrace (most recent call first):
       [0] _process (res://addons/GdPlanningAI/gdpai_autoload.gd:21)
[GdPAI | debug] ApplyEffect [Before] ID=InstanceId(-9223370091805001128): agent props = {"entity": null, "held_item": "", "hunger": 70.0627442063492}
[GdPAI | debug] ApplyEffect [After] ID=InstanceId(-9223370091805001128): agent props = {"entity": null, "held_item": "", "hunger": 70.0627442063492}
[GdPAI | debug]   Snapshotting prop: entity = Nil (Variant type: NIL)
[GdPAI | debug]   Snapshotting prop: held_item = Str("") (Variant type: STRING)
[GdPAI | debug]   Snapshotting prop: hunger = Float(70.0627442063492) (Variant type: FLOAT)
[GdPAI | debug] Discovery: Simulation success for Pick Up Wood. Agent props: {"held_item": Str(""), "entity": Nil, "hunger": Float(70.0627442063492)}
[GdPAI | debug] Discovery: Action Pick Up Wood satisfied precond Builtin { target: Agent, operation: Equal, property_name: "held_item", value: Some(Str("")) }
[GdPAI | debug] Found candidate: Pick Up Wood (satisfied preconds: [0], requirements: [])
[GdPAI | debug] Discovery: Starting simulation for action Pick Up Wood
WARNING: [GdPAI] ObjectRef(124621163998): object was freed before callback; returning Nil.
   at: gdplanningai_rust::logger::process_logs (src\logger.rs:66)
   GDScript backtrace (most recent call first):
       [0] _start_plan_and_wait (res://test/integration/test_campfire_example_smoke.gd:57)
WARNING: [GdPAI] ObjectRef(124621163998): object was freed before callback; returning Nil.
   at: gdplanningai_rust::logger::process_logs (src\logger.rs:66)
   GDScript backtrace (most recent call first):
       [0] _start_plan_and_wait (res://test/integration/test_campfire_example_smoke.gd:57)
[GdPAI | debug] GetCost: callable returned non-numeric value: null; returning INFINITY
WARNING: [GdPAI] ObjectRef(124621163998): object was freed before callback; returning Nil.
   at: gdplanningai_rust::logger::process_logs (src\logger.rs:66)
   GDScript backtrace (most recent call first):
       [0] _process (res://addons/GdPlanningAI/gdpai_autoload.gd:21)
WARNING: [GdPAI] ObjectRef(124621163998): object was freed before callback; returning Nil.
   at: gdplanningai_rust::logger::process_logs (src\logger.rs:66)
   GDScript backtrace (most recent call first):
       [0] _process (res://addons/GdPlanningAI/gdpai_autoload.gd:21)
[GdPAI | debug] ApplyEffect [Before] ID=InstanceId(-9223370089305195939): agent props = {"hunger": 70.0627442063492, "held_item": "", "entity": null}
[GdPAI | debug] ApplyEffect [After] ID=InstanceId(-9223370089305195939): agent props = {"hunger": 70.0627442063492, "held_item": "", "entity": null}
[GdPAI | debug]   Snapshotting prop: hunger = Float(70.0627442063492) (Variant type: FLOAT)
[GdPAI | debug]   Snapshotting prop: held_item = Str("") (Variant type: STRING)
[GdPAI | debug]   Snapshotting prop: entity = Nil (Variant type: NIL)
[GdPAI | debug] Discovery: Simulation success for Pick Up Wood. Agent props: {"hunger": Float(70.0627442063492), "entity": Nil, "held_item": Str("")}
[GdPAI | debug] Discovery: Action Pick Up Wood satisfied precond Builtin { target: Agent, operation: Equal, property_name: "held_item", value: Some(Str("")) }
[GdPAI | debug] Found candidate: Pick Up Wood (satisfied preconds: [0], requirements: [])
[GdPAI | debug] Discovery: Starting simulation for action Pick Up Wood
WARNING: [GdPAI] ObjectRef(124621163998): object was freed before callback; returning Nil.
   at: gdplanningai_rust::logger::process_logs (src\logger.rs:66)
   GDScript backtrace (most recent call first):
       [0] _start_plan_and_wait (res://test/integration/test_campfire_example_smoke.gd:57)
WARNING: [GdPAI] ObjectRef(124621163998): object was freed before callback; returning Nil.
   at: gdplanningai_rust::logger::process_logs (src\logger.rs:66)
   GDScript backtrace (most recent call first):
       [0] _start_plan_and_wait (res://test/integration/test_campfire_example_smoke.gd:57)
[GdPAI | debug] GetCost: callable returned non-numeric value: null; returning INFINITY
[GdPAI | debug] Found candidate: Cook Potato (satisfied preconds: [], requirements: [0])
WARNING: [GdPAI] ObjectRef(124621163998): object was freed before callback; returning Nil.
   at: gdplanningai_rust::logger::process_logs (src\logger.rs:66)
   GDScript backtrace (most recent call first):
       [0] _process (res://addons/GdPlanningAI/gdpai_autoload.gd:21)
WARNING: [GdPAI] ObjectRef(124621163998): object was freed before callback; returning Nil.
   at: gdplanningai_rust::logger::process_logs (src\logger.rs:66)
   GDScript backtrace (most recent call first):
       [0] _process (res://addons/GdPlanningAI/gdpai_autoload.gd:21)
[GdPAI | debug] ApplyEffect [Before] ID=InstanceId(-9223370086805390777): agent props = {"held_item": "", "entity": null, "hunger": 70.0627442063492}
[GdPAI | debug] ApplyEffect [After] ID=InstanceId(-9223370086805390777): agent props = {"held_item": "", "entity": null, "hunger": 70.0627442063492}
[GdPAI | debug]   Snapshotting prop: held_item = Str("") (Variant type: STRING)
[GdPAI | debug]   Snapshotting prop: entity = Nil (Variant type: NIL)
[GdPAI | debug]   Snapshotting prop: hunger = Float(70.0627442063492) (Variant type: FLOAT)
[GdPAI | debug] Discovery: Simulation success for Pick Up Wood. Agent props: {"entity": Nil, "held_item": Str(""), "hunger": Float(70.0627442063492)}
[GdPAI | debug] Discovery: Action Pick Up Wood satisfied precond Builtin { target: Agent, operation: Equal, property_name: "held_item", value: Some(Str("")) }
[GdPAI | debug] Found candidate: Pick Up Wood (satisfied preconds: [0], requirements: [])
WARNING: [GdPAI] ObjectRef(124621163998): object was freed before callback; returning Nil.
   at: gdplanningai_rust::logger::process_logs (src\logger.rs:66)
   GDScript backtrace (most recent call first):
       [0] _start_plan_and_wait (res://test/integration/test_campfire_example_smoke.gd:57)
WARNING: [GdPAI] ObjectRef(124621163998): object was freed before callback; returning Nil.
   at: gdplanningai_rust::logger::process_logs (src\logger.rs:66)
   GDScript backtrace (most recent call first):
       [0] _start_plan_and_wait (res://test/integration/test_campfire_example_smoke.gd:57)
[GdPAI | debug] Discovery: Action Dig Potato failed validity check, skipping
WARNING: [GdPAI] ObjectRef(124621163998): object was freed before callback; returning Nil.
   at: gdplanningai_rust::logger::process_logs (src\logger.rs:66)
   GDScript backtrace (most recent call first):
       [0] _process (res://addons/GdPlanningAI/gdpai_autoload.gd:21)
WARNING: [GdPAI] ObjectRef(124621163998): object was freed before callback; returning Nil.
   at: gdplanningai_rust::logger::process_logs (src\logger.rs:66)
   GDScript backtrace (most recent call first):
       [0] _process (res://addons/GdPlanningAI/gdpai_autoload.gd:21)
[GdPAI | debug] Discovery: Action Dig Potato failed validity check, skipping
WARNING: [GdPAI] ObjectRef(124621163998): object was freed before callback; returning Nil.
   at: gdplanningai_rust::logger::process_logs (src\logger.rs:66)
   GDScript backtrace (most recent call first):
       [0] _start_plan_and_wait (res://test/integration/test_campfire_example_smoke.gd:57)
WARNING: [GdPAI] ObjectRef(124621163998): object was freed before callback; returning Nil.
   at: gdplanningai_rust::logger::process_logs (src\logger.rs:66)
   GDScript backtrace (most recent call first):
       [0] _start_plan_and_wait (res://test/integration/test_campfire_example_smoke.gd:57)
[GdPAI | debug] Discovery: Action Dig Potato failed validity check, skipping
[GdPAI | debug] Found candidate: Dig Potato (satisfied preconds: [], requirements: [0])
WARNING: [GdPAI] ObjectRef(124621163998): object was freed before callback; returning Nil.
   at: gdplanningai_rust::logger::process_logs (src\logger.rs:66)
   GDScript backtrace (most recent call first):
       [0] _process (res://addons/GdPlanningAI/gdpai_autoload.gd:21)
WARNING: [GdPAI] ObjectRef(124621163998): object was freed before callback; returning Nil.
   at: gdplanningai_rust::logger::process_logs (src\logger.rs:66)
   GDScript backtrace (most recent call first):
       [0] _process (res://addons/GdPlanningAI/gdpai_autoload.gd:21)
[GdPAI | debug] Discovery: Action Dig Potato failed validity check, skipping
WARNING: [GdPAI] ObjectRef(124621163998): object was freed before callback; returning Nil.
   at: gdplanningai_rust::logger::process_logs (src\logger.rs:66)
   GDScript backtrace (most recent call first):
       [0] _start_plan_and_wait (res://test/integration/test_campfire_example_smoke.gd:57)
WARNING: [GdPAI] ObjectRef(124621163998): object was freed before callback; returning Nil.
   at: gdplanningai_rust::logger::process_logs (src\logger.rs:66)
   GDScript backtrace (most recent call first):
       [0] _start_plan_and_wait (res://test/integration/test_campfire_example_smoke.gd:57)
[GdPAI | debug] Discovery: Action Dig Potato failed validity check, skipping
WARNING: [GdPAI] ObjectRef(124621163998): object was freed before callback; returning Nil.
   at: gdplanningai_rust::logger::process_logs (src\logger.rs:66)
   GDScript backtrace (most recent call first):
       [0] _process (res://addons/GdPlanningAI/gdpai_autoload.gd:21)
WARNING: [GdPAI] ObjectRef(124621163998): object was freed before callback; returning Nil.
   at: gdplanningai_rust::logger::process_logs (src\logger.rs:66)
   GDScript backtrace (most recent call first):
       [0] _process (res://addons/GdPlanningAI/gdpai_autoload.gd:21)
WARNING: [GdPAI] ObjectRef(125359361544): object was freed before callback; returning Nil.
   at: gdplanningai_rust::logger::process_logs (src\logger.rs:66)
   GDScript backtrace (most recent call first):
       [0] _process (res://addons/GdPlanningAI/gdpai_autoload.gd:21)
WARNING: [GdPAI] ObjectRef(125359361544): object was freed before callback; returning Nil.
   at: gdplanningai_rust::logger::process_logs (src\logger.rs:66)
   GDScript backtrace (most recent call first):
       [0] _process (res://addons/GdPlanningAI/gdpai_autoload.gd:21)
[GdPAI | debug] GetCost: callable returned non-numeric value: null; returning INFINITY
WARNING: [GdPAI] ObjectRef(124621163998): object was freed before callback; returning Nil.
   at: gdplanningai_rust::logger::process_logs (src\logger.rs:66)
   GDScript backtrace (most recent call first):
       [0] _start_plan_and_wait (res://test/integration/test_campfire_example_smoke.gd:57)
WARNING: [GdPAI] ObjectRef(124621163998): object was freed before callback; returning Nil.
   at: gdplanningai_rust::logger::process_logs (src\logger.rs:66)
   GDScript backtrace (most recent call first):
       [0] _start_plan_and_wait (res://test/integration/test_campfire_example_smoke.gd:57)
WARNING: [GdPAI] ObjectRef(125359361544): object was freed before callback; returning Nil.
   at: gdplanningai_rust::logger::process_logs (src\logger.rs:66)
   GDScript backtrace (most recent call first):
       [0] _start_plan_and_wait (res://test/integration/test_campfire_example_smoke.gd:57)
WARNING: [GdPAI] ObjectRef(125359361544): object was freed before callback; returning Nil.
   at: gdplanningai_rust::logger::process_logs (src\logger.rs:66)
   GDScript backtrace (most recent call first):
       [0] _start_plan_and_wait (res://test/integration/test_campfire_example_smoke.gd:57)
[GdPAI | debug] ApplyEffect [Before] ID=InstanceId(-9223370077963797936): agent props = {"hunger": 70.0627442063492, "entity": null, "held_item": "", "at_target": null}
[GdPAI | debug] ApplyEffect [After] ID=InstanceId(-9223370077963797936): agent props = {"hunger": 70.0627442063492, "entity": null, "held_item": "", "at_target": null}
[GdPAI | debug]   Snapshotting prop: hunger = Float(70.0627442063492) (Variant type: FLOAT)
[GdPAI | debug]   Snapshotting prop: entity = Nil (Variant type: NIL)
[GdPAI | debug]   Snapshotting prop: held_item = Str("") (Variant type: STRING)
[GdPAI | debug]   Snapshotting prop: at_target = Nil (Variant type: NIL)
[GdPAI | debug] Found candidate: Dig Potato (satisfied preconds: [], requirements: [0])
WARNING: [GdPAI] ObjectRef(124621163998): object was freed before callback; returning Nil.
   at: gdplanningai_rust::logger::process_logs (src\logger.rs:66)
   GDScript backtrace (most recent call first):
       [0] _process (res://addons/GdPlanningAI/gdpai_autoload.gd:21)
WARNING: [GdPAI] ObjectRef(125359361544): object was freed before callback; returning Nil.
   at: gdplanningai_rust::logger::process_logs (src\logger.rs:66)
   GDScript backtrace (most recent call first):
       [0] _process (res://addons/GdPlanningAI/gdpai_autoload.gd:21)
WARNING: [GdPAI] ObjectRef(125359361544): object was freed before callback; returning Nil.
   at: gdplanningai_rust::logger::process_logs (src\logger.rs:66)
   GDScript backtrace (most recent call first):
       [0] _process (res://addons/GdPlanningAI/gdpai_autoload.gd:21)
[GdPAI | debug] GetCost: callable returned non-numeric value: null; returning INFINITY
WARNING: [GdPAI] ObjectRef(124621163998): object was freed before callback; returning Nil.
   at: gdplanningai_rust::logger::process_logs (src\logger.rs:66)
   GDScript backtrace (most recent call first):
       [0] _start_plan_and_wait (res://test/integration/test_campfire_example_smoke.gd:57)
WARNING: [GdPAI] ObjectRef(125359361544): object was freed before callback; returning Nil.
   at: gdplanningai_rust::logger::process_logs (src\logger.rs:66)
   GDScript backtrace (most recent call first):
       [0] _start_plan_and_wait (res://test/integration/test_campfire_example_smoke.gd:57)
WARNING: [GdPAI] ObjectRef(125359361544): object was freed before callback; returning Nil.
   at: gdplanningai_rust::logger::process_logs (src\logger.rs:66)
   GDScript backtrace (most recent call first):
       [0] _start_plan_and_wait (res://test/integration/test_campfire_example_smoke.gd:57)
[GdPAI | debug] ApplyEffect [Before] ID=InstanceId(-9223370075312997681): agent props = {"entity": null, "hunger": 70.0627442063492, "at_target": null, "held_item": ""}
[GdPAI | debug] ApplyEffect [After] ID=InstanceId(-9223370075312997681): agent props = {"entity": null, "hunger": 70.0627442063492, "at_target": null, "held_item": ""}
[GdPAI | debug]   Snapshotting prop: entity = Nil (Variant type: NIL)
[GdPAI | debug]   Snapshotting prop: hunger = Float(70.0627442063492) (Variant type: FLOAT)
[GdPAI | debug]   Snapshotting prop: at_target = Nil (Variant type: NIL)
[GdPAI | debug]   Snapshotting prop: held_item = Str("") (Variant type: STRING)
WARNING: [GdPAI] ObjectRef(124621163998): object was freed before callback; returning Nil.
   at: gdplanningai_rust::logger::process_logs (src\logger.rs:66)
   GDScript backtrace (most recent call first):
       [0] _process (res://addons/GdPlanningAI/gdpai_autoload.gd:21)
WARNING: [GdPAI] ObjectRef(124134624705): object was freed before callback; returning Nil.
   at: gdplanningai_rust::logger::process_logs (src\logger.rs:66)
   GDScript backtrace (most recent call first):
       [0] _process (res://addons/GdPlanningAI/gdpai_autoload.gd:21)
WARNING: [GdPAI] ObjectRef(124134624705): object was freed before callback; returning Nil.
   at: gdplanningai_rust::logger::process_logs (src\logger.rs:66)
   GDScript backtrace (most recent call first):
       [0] _process (res://addons/GdPlanningAI/gdpai_autoload.gd:21)
[GdPAI | debug] GetCost: callable returned non-numeric value: null; returning INFINITY
WARNING: [GdPAI] ObjectRef(124621163998): object was freed before callback; returning Nil.
   at: gdplanningai_rust::logger::process_logs (src\logger.rs:66)
   GDScript backtrace (most recent call first):
       [0] _start_plan_and_wait (res://test/integration/test_campfire_example_smoke.gd:57)
WARNING: [GdPAI] ObjectRef(124134624705): object was freed before callback; returning Nil.
   at: gdplanningai_rust::logger::process_logs (src\logger.rs:66)
   GDScript backtrace (most recent call first):
       [0] _start_plan_and_wait (res://test/integration/test_campfire_example_smoke.gd:57)
WARNING: [GdPAI] ObjectRef(124134624705): object was freed before callback; returning Nil.
   at: gdplanningai_rust::logger::process_logs (src\logger.rs:66)
   GDScript backtrace (most recent call first):
       [0] _start_plan_and_wait (res://test/integration/test_campfire_example_smoke.gd:57)
[GdPAI | debug] ApplyEffect [Before] ID=InstanceId(-9223370072712529262): agent props = {"at_target": null, "held_item": "", "entity": null, "hunger": 70.0627442063492}
[GdPAI | debug] ApplyEffect [After] ID=InstanceId(-9223370072712529262): agent props = {"at_target": null, "held_item": "", "entity": null, "hunger": 70.0627442063492}
[GdPAI | debug]   Snapshotting prop: at_target = Nil (Variant type: NIL)
[GdPAI | debug]   Snapshotting prop: held_item = Str("") (Variant type: STRING)
[GdPAI | debug]   Snapshotting prop: entity = Nil (Variant type: NIL)
[GdPAI | debug]   Snapshotting prop: hunger = Float(70.0627442063492) (Variant type: FLOAT)
[GdPAI | debug] Found candidate: Dig Potato (satisfied preconds: [], requirements: [0])
WARNING: [GdPAI] ObjectRef(124621163998): object was freed before callback; returning Nil.
   at: gdplanningai_rust::logger::process_logs (src\logger.rs:66)
   GDScript backtrace (most recent call first):
       [0] _process (res://addons/GdPlanningAI/gdpai_autoload.gd:21)
WARNING: [GdPAI] ObjectRef(124134624705): object was freed before callback; returning Nil.
   at: gdplanningai_rust::logger::process_logs (src\logger.rs:66)
   GDScript backtrace (most recent call first):
       [0] _process (res://addons/GdPlanningAI/gdpai_autoload.gd:21)
WARNING: [GdPAI] ObjectRef(124134624705): object was freed before callback; returning Nil.
   at: gdplanningai_rust::logger::process_logs (src\logger.rs:66)
   GDScript backtrace (most recent call first):
       [0] _process (res://addons/GdPlanningAI/gdpai_autoload.gd:21)
[GdPAI | debug] GetCost: callable returned non-numeric value: null; returning INFINITY
WARNING: [GdPAI] ObjectRef(124621163998): object was freed before callback; returning Nil.
   at: gdplanningai_rust::logger::process_logs (src\logger.rs:66)
   GDScript backtrace (most recent call first):
       [0] _start_plan_and_wait (res://test/integration/test_campfire_example_smoke.gd:57)
WARNING: [GdPAI] ObjectRef(124134624705): object was freed before callback; returning Nil.
   at: gdplanningai_rust::logger::process_logs (src\logger.rs:66)
   GDScript backtrace (most recent call first):
       [0] _start_plan_and_wait (res://test/integration/test_campfire_example_smoke.gd:57)
WARNING: [GdPAI] ObjectRef(124134624705): object was freed before callback; returning Nil.
   at: gdplanningai_rust::logger::process_logs (src\logger.rs:66)
   GDScript backtrace (most recent call first):
       [0] _start_plan_and_wait (res://test/integration/test_campfire_example_smoke.gd:57)
[GdPAI | debug] ApplyEffect [Before] ID=InstanceId(-9223370070112060683): agent props = {"hunger": 70.0627442063492, "held_item": "", "entity": null, "at_target": null}
[GdPAI | debug] ApplyEffect [After] ID=InstanceId(-9223370070112060683): agent props = {"hunger": 70.0627442063492, "held_item": "", "entity": null, "at_target": null}
[GdPAI | debug]   Snapshotting prop: hunger = Float(70.0627442063492) (Variant type: FLOAT)
[GdPAI | debug]   Snapshotting prop: held_item = Str("") (Variant type: STRING)
[GdPAI | debug]   Snapshotting prop: entity = Nil (Variant type: NIL)
[GdPAI | debug]   Snapshotting prop: at_target = Nil (Variant type: NIL)
WARNING: [GdPAI] ObjectRef(124621163998): object was freed before callback; returning Nil.
   at: gdplanningai_rust::logger::process_logs (src\logger.rs:66)
   GDScript backtrace (most recent call first):
       [0] _process (res://addons/GdPlanningAI/gdpai_autoload.gd:21)
[GdPAI | debug] GetCost: callable returned non-numeric value: null; returning INFINITY
WARNING: [GdPAI] ObjectRef(124621163998): object was freed before callback; returning Nil.
   at: gdplanningai_rust::logger::process_logs (src\logger.rs:66)
   GDScript backtrace (most recent call first):
       [0] _start_plan_and_wait (res://test/integration/test_campfire_example_smoke.gd:57)
[GdPAI | debug] ApplyEffect [Before] ID=InstanceId(-9223370067612255504): agent props = {"hunger": 70.0627442063492, "held_item": "wood", "at_target": null, "entity": null}
[GdPAI | debug] ApplyEffect [After] ID=InstanceId(-9223370067612255504): agent props = {"hunger": 70.0627442063492, "held_item": "wood", "at_target": null, "entity": null}
[GdPAI | debug]   Snapshotting prop: hunger = Float(70.0627442063492) (Variant type: FLOAT)
[GdPAI | debug]   Snapshotting prop: held_item = Str("wood") (Variant type: STRING)
[GdPAI | debug]   Snapshotting prop: at_target = Nil (Variant type: NIL)
[GdPAI | debug]   Snapshotting prop: entity = Nil (Variant type: NIL)
[GdPAI | debug] Found candidate: Dig Potato (satisfied preconds: [], requirements: [0])
WARNING: [GdPAI] ObjectRef(124621163998): object was freed before callback; returning Nil.
   at: gdplanningai_rust::logger::process_logs (src\logger.rs:66)
   GDScript backtrace (most recent call first):
       [0] _process (res://addons/GdPlanningAI/gdpai_autoload.gd:21)
WARNING: [GdPAI] ObjectRef(124621163998): object was freed before callback; returning Nil.
   at: gdplanningai_rust::logger::process_logs (src\logger.rs:66)
   GDScript backtrace (most recent call first):
       [0] _process (res://addons/GdPlanningAI/gdpai_autoload.gd:21)
[GdPAI | debug] GetCost: callable returned non-numeric value: null; returning INFINITY
WARNING: [GdPAI] ObjectRef(124621163998): object was freed before callback; returning Nil.
   at: gdplanningai_rust::logger::process_logs (src\logger.rs:66)
   GDScript backtrace (most recent call first):
       [0] _start_plan_and_wait (res://test/integration/test_campfire_example_smoke.gd:57)
WARNING: [GdPAI] ObjectRef(124621163998): object was freed before callback; returning Nil.
   at: gdplanningai_rust::logger::process_logs (src\logger.rs:66)
   GDScript backtrace (most recent call first):
       [0] _start_plan_and_wait (res://test/integration/test_campfire_example_smoke.gd:57)
[GdPAI | debug] ApplyEffect [Before] ID=InstanceId(-9223370065162781933): agent props = {"entity": null, "held_item": "", "hunger": 70.0627442063492}
[GdPAI | debug] ApplyEffect [After] ID=InstanceId(-9223370065162781933): agent props = {"entity": null, "held_item": "", "hunger": 70.0627442063492}
[GdPAI | debug]   Snapshotting prop: entity = Nil (Variant type: NIL)
[GdPAI | debug]   Snapshotting prop: held_item = Str("") (Variant type: STRING)
[GdPAI | debug]   Snapshotting prop: hunger = Float(70.0627442063492) (Variant type: FLOAT)
WARNING: [GdPAI] ObjectRef(124621163998): object was freed before callback; returning Nil.
   at: gdplanningai_rust::logger::process_logs (src\logger.rs:66)
   GDScript backtrace (most recent call first):
       [0] _process (res://addons/GdPlanningAI/gdpai_autoload.gd:21)
[GdPAI | debug] GetCost: callable returned non-numeric value: null; returning INFINITY
WARNING: [GdPAI] ObjectRef(124621163998): object was freed before callback; returning Nil.
   at: gdplanningai_rust::logger::process_logs (src\logger.rs:66)
   GDScript backtrace (most recent call first):
       [0] _start_plan_and_wait (res://test/integration/test_campfire_example_smoke.gd:57)
[GdPAI | debug] ApplyEffect [Before] ID=InstanceId(-9223370062713308391): agent props = {"entity": null, "hunger": 70.0627442063492, "held_item": ""}
[GdPAI | debug] ApplyEffect [After] ID=InstanceId(-9223370062713308391): agent props = {"entity": null, "hunger": 70.0627442063492, "held_item": ""}
[GdPAI | debug]   Snapshotting prop: entity = Nil (Variant type: NIL)
[GdPAI | debug]   Snapshotting prop: hunger = Float(70.0627442063492) (Variant type: FLOAT)
[GdPAI | debug]   Snapshotting prop: held_item = Str("") (Variant type: STRING)
[GdPAI | debug] Found candidate: Dig Potato (satisfied preconds: [], requirements: [0])
WARNING: [GdPAI] ObjectRef(124621163998): object was freed before callback; returning Nil.
   at: gdplanningai_rust::logger::process_logs (src\logger.rs:66)
   GDScript backtrace (most recent call first):
       [0] _process (res://addons/GdPlanningAI/gdpai_autoload.gd:21)
WARNING: [GdPAI] ObjectRef(124134624705): object was freed before callback; returning Nil.
   at: gdplanningai_rust::logger::process_logs (src\logger.rs:66)
   GDScript backtrace (most recent call first):
       [0] _process (res://addons/GdPlanningAI/gdpai_autoload.gd:21)
WARNING: [GdPAI] ObjectRef(124134624705): object was freed before callback; returning Nil.
   at: gdplanningai_rust::logger::process_logs (src\logger.rs:66)
   GDScript backtrace (most recent call first):
       [0] _process (res://addons/GdPlanningAI/gdpai_autoload.gd:21)
[GdPAI | debug] GetCost: callable returned non-numeric value: null; returning INFINITY
WARNING: [GdPAI] ObjectRef(124621163998): object was freed before callback; returning Nil.
   at: gdplanningai_rust::logger::process_logs (src\logger.rs:66)
   GDScript backtrace (most recent call first):
       [0] _start_plan_and_wait (res://test/integration/test_campfire_example_smoke.gd:57)
WARNING: [GdPAI] ObjectRef(124134624705): object was freed before callback; returning Nil.
   at: gdplanningai_rust::logger::process_logs (src\logger.rs:66)
   GDScript backtrace (most recent call first):
       [0] _start_plan_and_wait (res://test/integration/test_campfire_example_smoke.gd:57)
WARNING: [GdPAI] ObjectRef(124134624705): object was freed before callback; returning Nil.
   at: gdplanningai_rust::logger::process_logs (src\logger.rs:66)
   GDScript backtrace (most recent call first):
       [0] _start_plan_and_wait (res://test/integration/test_campfire_example_smoke.gd:57)
[GdPAI | debug] ApplyEffect [Before] ID=InstanceId(-9223370060213503202): agent props = {"entity": null, "hunger": 70.0627442063492, "at_target": null, "held_item": ""}
[GdPAI | debug] ApplyEffect [After] ID=InstanceId(-9223370060213503202): agent props = {"entity": null, "hunger": 70.0627442063492, "at_target": null, "held_item": ""}
[GdPAI | debug]   Snapshotting prop: entity = Nil (Variant type: NIL)
[GdPAI | debug]   Snapshotting prop: hunger = Float(70.0627442063492) (Variant type: FLOAT)
[GdPAI | debug]   Snapshotting prop: at_target = Nil (Variant type: NIL)
[GdPAI | debug]   Snapshotting prop: held_item = Str("") (Variant type: STRING)
[GdPAI | debug] ApplyEffect [Before] ID=InstanceId(-9223370059643077858): agent props = {"entity": VariantGd { id: 1382643928884, class: RigidBody2D }, "hunger": 95.0603725, "held_item": "potato"}
[GdPAI | debug] ApplyEffect [After] ID=InstanceId(-9223370059643077858): agent props = {"held_item": "cooked_potato", "entity": VariantGd { id: 1382643928884, class: RigidBody2D }, "hunger": 95.0603725}
[GdPAI | debug]   Snapshotting prop: held_item = Str("cooked_potato") (Variant type: STRING)
[GdPAI | debug]   Snapshotting prop: entity = ObjectRef(1382643928884) (Variant type: OBJECT)
[GdPAI | debug]   Snapshotting prop: hunger = Float(95.0603725) (Variant type: FLOAT)
WARNING: [GdPAI] ObjectRef(124621163998): object was freed before callback; returning Nil.
   at: gdplanningai_rust::logger::process_logs (src\logger.rs:66)
   GDScript backtrace (most recent call first):
       [0] _process (res://addons/GdPlanningAI/gdpai_autoload.gd:21)
WARNING: [GdPAI] ObjectRef(124134624705): object was freed before callback; returning Nil.
   at: gdplanningai_rust::logger::process_logs (src\logger.rs:66)
   GDScript backtrace (most recent call first):
       [0] _process (res://addons/GdPlanningAI/gdpai_autoload.gd:21)
WARNING: [GdPAI] ObjectRef(124134624705): object was freed before callback; returning Nil.
   at: gdplanningai_rust::logger::process_logs (src\logger.rs:66)
   GDScript backtrace (most recent call first):
       [0] _process (res://addons/GdPlanningAI/gdpai_autoload.gd:21)
[GdPAI | debug] GetCost: callable returned non-numeric value: null; returning INFINITY
WARNING: [GdPAI] ObjectRef(124621163998): object was freed before callback; returning Nil.
   at: gdplanningai_rust::logger::process_logs (src\logger.rs:66)
   GDScript backtrace (most recent call first):
       [0] _start_plan_and_wait (res://test/integration/test_campfire_example_smoke.gd:57)
WARNING: [GdPAI] ObjectRef(124134624705): object was freed before callback; returning Nil.
   at: gdplanningai_rust::logger::process_logs (src\logger.rs:66)
   GDScript backtrace (most recent call first):
       [0] _start_plan_and_wait (res://test/integration/test_campfire_example_smoke.gd:57)
WARNING: [GdPAI] ObjectRef(124134624705): object was freed before callback; returning Nil.
   at: gdplanningai_rust::logger::process_logs (src\logger.rs:66)
   GDScript backtrace (most recent call first):
       [0] _start_plan_and_wait (res://test/integration/test_campfire_example_smoke.gd:57)
[GdPAI | debug] ApplyEffect [Before] ID=InstanceId(-9223370057613034694): agent props = {"at_target": null, "hunger": 70.0627442063492, "entity": null, "held_item": ""}
[GdPAI | debug] ApplyEffect [After] ID=InstanceId(-9223370057613034694): agent props = {"at_target": null, "hunger": 70.0627442063492, "entity": null, "held_item": ""}
[GdPAI | debug]   Snapshotting prop: at_target = Nil (Variant type: NIL)
[GdPAI | debug]   Snapshotting prop: hunger = Float(70.0627442063492) (Variant type: FLOAT)
[GdPAI | debug]   Snapshotting prop: entity = Nil (Variant type: NIL)
[GdPAI | debug]   Snapshotting prop: held_item = Str("") (Variant type: STRING)
[GdPAI | debug] ApplyEffect [Before] ID=InstanceId(-9223370057042609350): agent props = {"entity": VariantGd { id: 1382643928884, class: RigidBody2D }, "held_item": "cooked_potato", "hunger": 95.0603725, "at_target": VariantGd { id: 1382157389614, class: Node }}
[GdPAI | debug] ApplyEffect [After] ID=InstanceId(-9223370057042609350): agent props = {"entity": VariantGd { id: 1382643928884, class: RigidBody2D }, "held_item": "cooked_potato", "hunger": 95.0603725, "at_target": VariantGd { id: 1382157389614, class: Node }}
[GdPAI | debug]   Snapshotting prop: entity = ObjectRef(1382643928884) (Variant type: OBJECT)
[GdPAI | debug]   Snapshotting prop: held_item = Str("cooked_potato") (Variant type: STRING)
[GdPAI | debug]   Snapshotting prop: hunger = Float(95.0603725) (Variant type: FLOAT)
[GdPAI | debug]   Snapshotting prop: at_target = ObjectRef(1382157389614) (Variant type: OBJECT)
WARNING: [GdPAI] ObjectRef(124621163998): object was freed before callback; returning Nil.
   at: gdplanningai_rust::logger::process_logs (src\logger.rs:66)
   GDScript backtrace (most recent call first):
       [0] _process (res://addons/GdPlanningAI/gdpai_autoload.gd:21)
[GdPAI | debug] GetCost: callable returned non-numeric value: null; returning INFINITY
WARNING: [GdPAI] ObjectRef(124621163998): object was freed before callback; returning Nil.
   at: gdplanningai_rust::logger::process_logs (src\logger.rs:66)
   GDScript backtrace (most recent call first):
       [0] _start_plan_and_wait (res://test/integration/test_campfire_example_smoke.gd:57)
[GdPAI | debug] ApplyEffect [Before] ID=InstanceId(-9223370055113229485): agent props = {"held_item": "wood", "hunger": 70.0627442063492, "at_target": null, "entity": null}
[GdPAI | debug] ApplyEffect [After] ID=InstanceId(-9223370055113229485): agent props = {"held_item": "wood", "hunger": 70.0627442063492, "at_target": null, "entity": null}
[GdPAI | debug]   Snapshotting prop: held_item = Str("wood") (Variant type: STRING)
[GdPAI | debug]   Snapshotting prop: hunger = Float(70.0627442063492) (Variant type: FLOAT)
[GdPAI | debug]   Snapshotting prop: at_target = Nil (Variant type: NIL)
[GdPAI | debug]   Snapshotting prop: entity = Nil (Variant type: NIL)
[GdPAI | debug] ApplyEffect [Before] ID=InstanceId(-9223370054542804141): agent props = {"entity": VariantGd { id: 1382643928884, class: RigidBody2D }, "hunger": 95.0603725, "at_target": VariantGd { id: 1382157389614, class: Node }, "held_item": "cooked_potato"}
[GdPAI | debug] Numeric comparison: 70.0627442063492 GreaterThan 0 -> true
[GdPAI | debug] ApplyEffect [After] ID=InstanceId(-9223370054542804141): agent props = {"entity": VariantGd { id: 1382643928884, class: RigidBody2D }, "hunger": 95.0603725, "at_target": VariantGd { id: 1382157389614, class: Node }, "held_item": "wood"}
[GdPAI | debug]   Snapshotting prop: entity = ObjectRef(1382643928884) (Variant type: OBJECT)
[GdPAI | debug]   Snapshotting prop: hunger = Float(95.0603725) (Variant type: FLOAT)
[GdPAI | debug]   Snapshotting prop: at_target = ObjectRef(1382157389614) (Variant type: OBJECT)
[GdPAI | debug]   Snapshotting prop: held_item = Str("wood") (Variant type: STRING)
WARNING: [GdPAI] ObjectRef(124621163998): object was freed before callback; returning Nil.
   at: gdplanningai_rust::logger::process_logs (src\logger.rs:66)
   GDScript backtrace (most recent call first):
       [0] _process (res://addons/GdPlanningAI/gdpai_autoload.gd:21)
WARNING: [GdPAI] ObjectRef(124621163998): object was freed before callback; returning Nil.
   at: gdplanningai_rust::logger::process_logs (src\logger.rs:66)
   GDScript backtrace (most recent call first):
       [0] _process (res://addons/GdPlanningAI/gdpai_autoload.gd:21)
WARNING: [GdPAI] ObjectRef(125359361544): object was freed before callback; returning Nil.
   at: gdplanningai_rust::logger::process_logs (src\logger.rs:66)
   GDScript backtrace (most recent call first):
       [0] _process (res://addons/GdPlanningAI/gdpai_autoload.gd:21)
WARNING: [GdPAI] ObjectRef(125359361544): object was freed before callback; returning Nil.
   at: gdplanningai_rust::logger::process_logs (src\logger.rs:66)
   GDScript backtrace (most recent call first):
       [0] _process (res://addons/GdPlanningAI/gdpai_autoload.gd:21)
[GdPAI | debug] GetCost: callable returned non-numeric value: null; returning INFINITY
WARNING: [GdPAI] ObjectRef(124621163998): object was freed before callback; returning Nil.
   at: gdplanningai_rust::logger::process_logs (src\logger.rs:66)
   GDScript backtrace (most recent call first):
       [0] _start_plan_and_wait (res://test/integration/test_campfire_example_smoke.gd:57)
WARNING: [GdPAI] ObjectRef(124621163998): object was freed before callback; returning Nil.
   at: gdplanningai_rust::logger::process_logs (src\logger.rs:66)
   GDScript backtrace (most recent call first):
       [0] _start_plan_and_wait (res://test/integration/test_campfire_example_smoke.gd:57)
WARNING: [GdPAI] ObjectRef(125359361544): object was freed before callback; returning Nil.
   at: gdplanningai_rust::logger::process_logs (src\logger.rs:66)
   GDScript backtrace (most recent call first):
       [0] _start_plan_and_wait (res://test/integration/test_campfire_example_smoke.gd:57)
WARNING: [GdPAI] ObjectRef(125359361544): object was freed before callback; returning Nil.
   at: gdplanningai_rust::logger::process_logs (src\logger.rs:66)
   GDScript backtrace (most recent call first):
       [0] _start_plan_and_wait (res://test/integration/test_campfire_example_smoke.gd:57)
[GdPAI | debug] ApplyEffect [Before] ID=InstanceId(-9223370052563092647): agent props = {"entity": null, "held_item": "", "hunger": 70.0627442063492, "at_target": null}
[GdPAI | debug] ApplyEffect [After] ID=InstanceId(-9223370052563092647): agent props = {"entity": null, "held_item": "", "hunger": 70.0627442063492, "at_target": null}
[GdPAI | debug]   Snapshotting prop: entity = Nil (Variant type: NIL)
[GdPAI | debug]   Snapshotting prop: held_item = Str("") (Variant type: STRING)
[GdPAI | debug]   Snapshotting prop: hunger = Float(70.0627442063492) (Variant type: FLOAT)
[GdPAI | debug]   Snapshotting prop: at_target = Nil (Variant type: NIL)
[GdPAI | debug] ApplyEffect [Before] ID=InstanceId(-9223370051992667303): agent props = {"held_item": "wood", "hunger": 95.0603725, "at_target": VariantGd { id: 1382157389614, class: Node }, "entity": VariantGd { id: 1382643928884, class: RigidBody2D }}
[GdPAI | debug] ApplyEffect [After] ID=InstanceId(-9223370051992667303): agent props = {"held_item": "wood", "hunger": 95.0603725, "at_target": VariantGd { id: 1382157389614, class: Node }, "entity": VariantGd { id: 1382643928884, class: RigidBody2D }}
[GdPAI | debug]   Snapshotting prop: held_item = Str("wood") (Variant type: STRING)
[GdPAI | debug]   Snapshotting prop: hunger = Float(95.0603725) (Variant type: FLOAT)
[GdPAI | debug]   Snapshotting prop: at_target = ObjectRef(1382157389614) (Variant type: OBJECT)
[GdPAI | debug]   Snapshotting prop: entity = ObjectRef(1382643928884) (Variant type: OBJECT)
WARNING: [GdPAI] ObjectRef(124621163998): object was freed before callback; returning Nil.
   at: gdplanningai_rust::logger::process_logs (src\logger.rs:66)
   GDScript backtrace (most recent call first):
       [0] _process (res://addons/GdPlanningAI/gdpai_autoload.gd:21)
WARNING: [GdPAI] ObjectRef(125359361544): object was freed before callback; returning Nil.
   at: gdplanningai_rust::logger::process_logs (src\logger.rs:66)
   GDScript backtrace (most recent call first):
       [0] _process (res://addons/GdPlanningAI/gdpai_autoload.gd:21)
WARNING: [GdPAI] ObjectRef(125359361544): object was freed before callback; returning Nil.
   at: gdplanningai_rust::logger::process_logs (src\logger.rs:66)
   GDScript backtrace (most recent call first):
       [0] _process (res://addons/GdPlanningAI/gdpai_autoload.gd:21)
[GdPAI | debug] GetCost: callable returned non-numeric value: null; returning INFINITY
WARNING: [GdPAI] ObjectRef(124621163998): object was freed before callback; returning Nil.
   at: gdplanningai_rust::logger::process_logs (src\logger.rs:66)
   GDScript backtrace (most recent call first):
       [0] _start_plan_and_wait (res://test/integration/test_campfire_example_smoke.gd:57)
WARNING: [GdPAI] ObjectRef(125359361544): object was freed before callback; returning Nil.
   at: gdplanningai_rust::logger::process_logs (src\logger.rs:66)
   GDScript backtrace (most recent call first):
       [0] _start_plan_and_wait (res://test/integration/test_campfire_example_smoke.gd:57)
WARNING: [GdPAI] ObjectRef(125359361544): object was freed before callback; returning Nil.
   at: gdplanningai_rust::logger::process_logs (src\logger.rs:66)
   GDScript backtrace (most recent call first):
       [0] _start_plan_and_wait (res://test/integration/test_campfire_example_smoke.gd:57)
[GdPAI | debug] ApplyEffect [Before] ID=InstanceId(-9223370049912292513): agent props = {"held_item": "", "at_target": null, "entity": null, "hunger": 70.0627442063492}
[GdPAI | debug] ApplyEffect [After] ID=InstanceId(-9223370049912292513): agent props = {"held_item": "", "at_target": null, "entity": null, "hunger": 70.0627442063492}
[GdPAI | debug]   Snapshotting prop: held_item = Str("") (Variant type: STRING)
[GdPAI | debug]   Snapshotting prop: at_target = Nil (Variant type: NIL)
[GdPAI | debug]   Snapshotting prop: entity = Nil (Variant type: NIL)
[GdPAI | debug]   Snapshotting prop: hunger = Float(70.0627442063492) (Variant type: FLOAT)
[GdPAI | debug] ApplyEffect [Before] ID=InstanceId(-9223370049341867169): agent props = {"entity": VariantGd { id: 1382643928884, class: RigidBody2D }, "hunger": 95.0603725, "held_item": ""}
[GdPAI | debug] ApplyEffect [After] ID=InstanceId(-9223370049341867169): agent props = {"hunger": 95.0603725, "held_item": "potato", "entity": VariantGd { id: 1382643928884, class: RigidBody2D }}
[GdPAI | debug]   Snapshotting prop: hunger = Float(95.0603725) (Variant type: FLOAT)
[GdPAI | debug]   Snapshotting prop: held_item = Str("potato") (Variant type: STRING)
[GdPAI | debug]   Snapshotting prop: entity = ObjectRef(1382643928884) (Variant type: OBJECT)
WARNING: [GdPAI] ObjectRef(124621163998): object was freed before callback; returning Nil.
   at: gdplanningai_rust::logger::process_logs (src\logger.rs:66)
   GDScript backtrace (most recent call first):
       [0] _process (res://addons/GdPlanningAI/gdpai_autoload.gd:21)
WARNING: [GdPAI] ObjectRef(124134624705): object was freed before callback; returning Nil.
   at: gdplanningai_rust::logger::process_logs (src\logger.rs:66)
   GDScript backtrace (most recent call first):
       [0] _process (res://addons/GdPlanningAI/gdpai_autoload.gd:21)
WARNING: [GdPAI] ObjectRef(124134624705): object was freed before callback; returning Nil.
   at: gdplanningai_rust::logger::process_logs (src\logger.rs:66)
   GDScript backtrace (most recent call first):
       [0] _process (res://addons/GdPlanningAI/gdpai_autoload.gd:21)
[GdPAI | debug] GetCost: callable returned non-numeric value: null; returning INFINITY
WARNING: [GdPAI] ObjectRef(124621163998): object was freed before callback; returning Nil.
   at: gdplanningai_rust::logger::process_logs (src\logger.rs:66)
   GDScript backtrace (most recent call first):
       [0] _start_plan_and_wait (res://test/integration/test_campfire_example_smoke.gd:57)
WARNING: [GdPAI] ObjectRef(124134624705): object was freed before callback; returning Nil.
   at: gdplanningai_rust::logger::process_logs (src\logger.rs:66)
   GDScript backtrace (most recent call first):
       [0] _start_plan_and_wait (res://test/integration/test_campfire_example_smoke.gd:57)
WARNING: [GdPAI] ObjectRef(124134624705): object was freed before callback; returning Nil.
   at: gdplanningai_rust::logger::process_logs (src\logger.rs:66)
   GDScript backtrace (most recent call first):
       [0] _start_plan_and_wait (res://test/integration/test_campfire_example_smoke.gd:57)
[GdPAI | debug] ApplyEffect [Before] ID=InstanceId(-9223370047311824000): agent props = {"hunger": 70.0627442063492, "at_target": null, "entity": null, "held_item": ""}
[GdPAI | debug] ApplyEffect [After] ID=InstanceId(-9223370047311824000): agent props = {"hunger": 70.0627442063492, "at_target": null, "entity": null, "held_item": ""}
[GdPAI | debug]   Snapshotting prop: hunger = Float(70.0627442063492) (Variant type: FLOAT)
[GdPAI | debug]   Snapshotting prop: at_target = Nil (Variant type: NIL)
[GdPAI | debug]   Snapshotting prop: entity = Nil (Variant type: NIL)
[GdPAI | debug]   Snapshotting prop: held_item = Str("") (Variant type: STRING)
[GdPAI | debug] ApplyEffect [Before] ID=InstanceId(-9223370046741398656): agent props = {"at_target": VariantGd { id: 1382157389614, class: Node }, "entity": VariantGd { id: 1382643928884, class: RigidBody2D }, "held_item": "potato", "hunger": 95.0603725}
[GdPAI | debug] ApplyEffect [After] ID=InstanceId(-9223370046741398656): agent props = {"at_target": VariantGd { id: 1382157389614, class: Node }, "entity": VariantGd { id: 1382643928884, class: RigidBody2D }, "held_item": "potato", "hunger": 95.0603725}
[GdPAI | debug]   Snapshotting prop: at_target = ObjectRef(1382157389614) (Variant type: OBJECT)
[GdPAI | debug]   Snapshotting prop: entity = ObjectRef(1382643928884) (Variant type: OBJECT)
[GdPAI | debug]   Snapshotting prop: held_item = Str("potato") (Variant type: STRING)
[GdPAI | debug]   Snapshotting prop: hunger = Float(95.0603725) (Variant type: FLOAT)
WARNING: [GdPAI] ObjectRef(124621163998): object was freed before callback; returning Nil.
   at: gdplanningai_rust::logger::process_logs (src\logger.rs:66)
   GDScript backtrace (most recent call first):
       [0] _process (res://addons/GdPlanningAI/gdpai_autoload.gd:21)
WARNING: [GdPAI] ObjectRef(124134624705): object was freed before callback; returning Nil.
   at: gdplanningai_rust::logger::process_logs (src\logger.rs:66)
   GDScript backtrace (most recent call first):
       [0] _process (res://addons/GdPlanningAI/gdpai_autoload.gd:21)
WARNING: [GdPAI] ObjectRef(124134624705): object was freed before callback; returning Nil.
   at: gdplanningai_rust::logger::process_logs (src\logger.rs:66)
   GDScript backtrace (most recent call first):
       [0] _process (res://addons/GdPlanningAI/gdpai_autoload.gd:21)
[GdPAI | debug] GetCost: callable returned non-numeric value: null; returning INFINITY
WARNING: [GdPAI] ObjectRef(124621163998): object was freed before callback; returning Nil.
   at: gdplanningai_rust::logger::process_logs (src\logger.rs:66)
   GDScript backtrace (most recent call first):
       [0] _start_plan_and_wait (res://test/integration/test_campfire_example_smoke.gd:57)
WARNING: [GdPAI] ObjectRef(124134624705): object was freed before callback; returning Nil.
   at: gdplanningai_rust::logger::process_logs (src\logger.rs:66)
   GDScript backtrace (most recent call first):
       [0] _start_plan_and_wait (res://test/integration/test_campfire_example_smoke.gd:57)
WARNING: [GdPAI] ObjectRef(124134624705): object was freed before callback; returning Nil.
   at: gdplanningai_rust::logger::process_logs (src\logger.rs:66)
   GDScript backtrace (most recent call first):
       [0] _start_plan_and_wait (res://test/integration/test_campfire_example_smoke.gd:57)
[GdPAI | debug] ApplyEffect [Before] ID=InstanceId(-9223370044711355500): agent props = {"hunger": 70.0627442063492, "held_item": "", "at_target": null, "entity": null}
[GdPAI | debug] ApplyEffect [After] ID=InstanceId(-9223370044711355500): agent props = {"hunger": 70.0627442063492, "held_item": "", "at_target": null, "entity": null}
[GdPAI | debug]   Snapshotting prop: hunger = Float(70.0627442063492) (Variant type: FLOAT)
[GdPAI | debug]   Snapshotting prop: held_item = Str("") (Variant type: STRING)
[GdPAI | debug]   Snapshotting prop: at_target = Nil (Variant type: NIL)
[GdPAI | debug]   Snapshotting prop: entity = Nil (Variant type: NIL)
[GdPAI | debug] ApplyEffect [Before] ID=InstanceId(-9223370044140930156): agent props = {"entity": VariantGd { id: 1382643928884, class: RigidBody2D }, "hunger": 95.0603725, "at_target": VariantGd { id: 1382157389614, class: Node }, "held_item": "potato"}
[GdPAI | debug] ApplyEffect [After] ID=InstanceId(-9223370044140930156): agent props = {"entity": VariantGd { id: 1382643928884, class: RigidBody2D }, "hunger": 95.0603725, "at_target": VariantGd { id: 1382157389614, class: Node }, "held_item": "wood"}
[GdPAI | debug]   Snapshotting prop: entity = ObjectRef(1382643928884) (Variant type: OBJECT)
[GdPAI | debug]   Snapshotting prop: hunger = Float(95.0603725) (Variant type: FLOAT)
[GdPAI | debug]   Snapshotting prop: at_target = ObjectRef(1382157389614) (Variant type: OBJECT)
[GdPAI | debug]   Snapshotting prop: held_item = Str("wood") (Variant type: STRING)
WARNING: [GdPAI] ObjectRef(124621163998): object was freed before callback; returning Nil.
   at: gdplanningai_rust::logger::process_logs (src\logger.rs:66)
   GDScript backtrace (most recent call first):
       [0] _process (res://addons/GdPlanningAI/gdpai_autoload.gd:21)
[GdPAI | debug] GetCost: callable returned non-numeric value: null; returning INFINITY
WARNING: [GdPAI] ObjectRef(124621163998): object was freed before callback; returning Nil.
   at: gdplanningai_rust::logger::process_logs (src\logger.rs:66)
   GDScript backtrace (most recent call first):
       [0] _start_plan_and_wait (res://test/integration/test_campfire_example_smoke.gd:57)
[GdPAI | debug] ApplyEffect [Before] ID=InstanceId(-9223370042211550330): agent props = {"hunger": 70.0627442063492, "entity": null, "held_item": "wood", "at_target": null}
[GdPAI | debug] ApplyEffect [After] ID=InstanceId(-9223370042211550330): agent props = {"hunger": 70.0627442063492, "entity": null, "held_item": "wood", "at_target": null}
[GdPAI | debug]   Snapshotting prop: hunger = Float(70.0627442063492) (Variant type: FLOAT)
[GdPAI | debug]   Snapshotting prop: entity = Nil (Variant type: NIL)
[GdPAI | debug]   Snapshotting prop: held_item = Str("wood") (Variant type: STRING)
[GdPAI | debug]   Snapshotting prop: at_target = Nil (Variant type: NIL)
[GdPAI | debug] ApplyEffect [Before] ID=InstanceId(-9223370041641124986): agent props = {"held_item": "wood", "hunger": 95.0603725, "entity": VariantGd { id: 1382643928884, class: RigidBody2D }, "at_target": VariantGd { id: 1382157389614, class: Node }}
[GdPAI | debug] ApplyEffect [After] ID=InstanceId(-9223370041641124986): agent props = {"held_item": "wood", "hunger": 95.0603725, "entity": VariantGd { id: 1382643928884, class: RigidBody2D }, "at_target": VariantGd { id: 1382157389614, class: Node }}
[GdPAI | debug]   Snapshotting prop: held_item = Str("wood") (Variant type: STRING)
[GdPAI | debug]   Snapshotting prop: hunger = Float(95.0603725) (Variant type: FLOAT)
[GdPAI | debug]   Snapshotting prop: entity = ObjectRef(1382643928884) (Variant type: OBJECT)
[GdPAI | debug]   Snapshotting prop: at_target = ObjectRef(1382157389614) (Variant type: OBJECT)
WARNING: [GdPAI] ObjectRef(124621163998): object was freed before callback; returning Nil.
   at: gdplanningai_rust::logger::process_logs (src\logger.rs:66)
   GDScript backtrace (most recent call first):
       [0] _process (res://addons/GdPlanningAI/gdpai_autoload.gd:21)
WARNING: [GdPAI] ObjectRef(124621163998): object was freed before callback; returning Nil.
   at: gdplanningai_rust::logger::process_logs (src\logger.rs:66)
   GDScript backtrace (most recent call first):
       [0] _process (res://addons/GdPlanningAI/gdpai_autoload.gd:21)
[GdPAI | debug] GetCost: callable returned non-numeric value: null; returning INFINITY
WARNING: [GdPAI] ObjectRef(124621163998): object was freed before callback; returning Nil.
   at: gdplanningai_rust::logger::process_logs (src\logger.rs:66)
   GDScript backtrace (most recent call first):
       [0] _start_plan_and_wait (res://test/integration/test_campfire_example_smoke.gd:57)
WARNING: [GdPAI] ObjectRef(124621163998): object was freed before callback; returning Nil.
   at: gdplanningai_rust::logger::process_logs (src\logger.rs:66)
   GDScript backtrace (most recent call first):
       [0] _start_plan_and_wait (res://test/integration/test_campfire_example_smoke.gd:57)
[GdPAI | debug] ApplyEffect [Before] ID=InstanceId(-9223370039762076821): agent props = {"held_item": "", "entity": null, "hunger": 70.0627442063492}
[GdPAI | debug] ApplyEffect [After] ID=InstanceId(-9223370039762076821): agent props = {"held_item": "", "entity": null, "hunger": 70.0627442063492}
[GdPAI | debug]   Snapshotting prop: held_item = Str("") (Variant type: STRING)
[GdPAI | debug]   Snapshotting prop: entity = Nil (Variant type: NIL)
[GdPAI | debug]   Snapshotting prop: hunger = Float(70.0627442063492) (Variant type: FLOAT)
[GdPAI | debug] ApplyEffect [Before] ID=InstanceId(-9223370039191651477): agent props = {"entity": VariantGd { id: 1382643928884, class: RigidBody2D }, "hunger": 95.0603725, "held_item": ""}
[GdPAI | debug] ApplyEffect [After] ID=InstanceId(-9223370039191651477): agent props = {"held_item": "potato", "hunger": 95.0603725, "entity": VariantGd { id: 1382643928884, class: RigidBody2D }}
[GdPAI | debug]   Snapshotting prop: held_item = Str("potato") (Variant type: STRING)
[GdPAI | debug]   Snapshotting prop: hunger = Float(95.0603725) (Variant type: FLOAT)
[GdPAI | debug]   Snapshotting prop: entity = ObjectRef(1382643928884) (Variant type: OBJECT)
WARNING: [GdPAI] ObjectRef(124621163998): object was freed before callback; returning Nil.
   at: gdplanningai_rust::logger::process_logs (src\logger.rs:66)
   GDScript backtrace (most recent call first):
       [0] _process (res://addons/GdPlanningAI/gdpai_autoload.gd:21)
[GdPAI | debug] GetCost: callable returned non-numeric value: null; returning INFINITY
WARNING: [GdPAI] ObjectRef(124621163998): object was freed before callback; returning Nil.
   at: gdplanningai_rust::logger::process_logs (src\logger.rs:66)
   GDScript backtrace (most recent call first):
       [0] _start_plan_and_wait (res://test/integration/test_campfire_example_smoke.gd:57)
[GdPAI | debug] ApplyEffect [Before] ID=InstanceId(-9223370037312603232): agent props = {"hunger": 70.0627442063492, "entity": null, "held_item": ""}
[GdPAI | debug] ApplyEffect [After] ID=InstanceId(-9223370037312603232): agent props = {"hunger": 70.0627442063492, "entity": null, "held_item": ""}
[GdPAI | debug]   Snapshotting prop: hunger = Float(70.0627442063492) (Variant type: FLOAT)
[GdPAI | debug]   Snapshotting prop: entity = Nil (Variant type: NIL)
[GdPAI | debug]   Snapshotting prop: held_item = Str("") (Variant type: STRING)
[GdPAI | debug] ApplyEffect [Before] ID=InstanceId(-9223370036742177888): agent props = {"held_item": "potato", "at_target": VariantGd { id: 1382157389614, class: Node }, "hunger": 95.0603725, "entity": VariantGd { id: 1382643928884, class: RigidBody2D }}
[GdPAI | debug] ApplyEffect [After] ID=InstanceId(-9223370036742177888): agent props = {"held_item": "potato", "at_target": VariantGd { id: 1382157389614, class: Node }, "hunger": 95.0603725, "entity": VariantGd { id: 1382643928884, class: RigidBody2D }}
[GdPAI | debug]   Snapshotting prop: held_item = Str("potato") (Variant type: STRING)
[GdPAI | debug]   Snapshotting prop: at_target = ObjectRef(1382157389614) (Variant type: OBJECT)
[GdPAI | debug]   Snapshotting prop: hunger = Float(95.0603725) (Variant type: FLOAT)
[GdPAI | debug]   Snapshotting prop: entity = ObjectRef(1382643928884) (Variant type: OBJECT)
WARNING: [GdPAI] ObjectRef(124621163998): object was freed before callback; returning Nil.
   at: gdplanningai_rust::logger::process_logs (src\logger.rs:66)
   GDScript backtrace (most recent call first):
       [0] _process (res://addons/GdPlanningAI/gdpai_autoload.gd:21)
WARNING: [GdPAI] ObjectRef(124134624705): object was freed before callback; returning Nil.
   at: gdplanningai_rust::logger::process_logs (src\logger.rs:66)
   GDScript backtrace (most recent call first):
       [0] _process (res://addons/GdPlanningAI/gdpai_autoload.gd:21)
WARNING: [GdPAI] ObjectRef(124134624705): object was freed before callback; returning Nil.
   at: gdplanningai_rust::logger::process_logs (src\logger.rs:66)
   GDScript backtrace (most recent call first):
       [0] _process (res://addons/GdPlanningAI/gdpai_autoload.gd:21)
[GdPAI | debug] GetCost: callable returned non-numeric value: null; returning INFINITY
WARNING: [GdPAI] ObjectRef(124621163998): object was freed before callback; returning Nil.
   at: gdplanningai_rust::logger::process_logs (src\logger.rs:66)
   GDScript backtrace (most recent call first):
       [0] _start_plan_and_wait (res://test/integration/test_campfire_example_smoke.gd:57)
WARNING: [GdPAI] ObjectRef(124134624705): object was freed before callback; returning Nil.
   at: gdplanningai_rust::logger::process_logs (src\logger.rs:66)
   GDScript backtrace (most recent call first):
       [0] _start_plan_and_wait (res://test/integration/test_campfire_example_smoke.gd:57)
WARNING: [GdPAI] ObjectRef(124134624705): object was freed before callback; returning Nil.
   at: gdplanningai_rust::logger::process_logs (src\logger.rs:66)
   GDScript backtrace (most recent call first):
       [0] _start_plan_and_wait (res://test/integration/test_campfire_example_smoke.gd:57)
[GdPAI | debug] ApplyEffect [Before] ID=InstanceId(-9223370034812798015): agent props = {"hunger": 70.0627442063492, "at_target": null, "entity": null, "held_item": ""}
[GdPAI | debug] ApplyEffect [After] ID=InstanceId(-9223370034812798015): agent props = {"hunger": 70.0627442063492, "at_target": null, "entity": null, "held_item": ""}
[GdPAI | debug]   Snapshotting prop: hunger = Float(70.0627442063492) (Variant type: FLOAT)
[GdPAI | debug]   Snapshotting prop: at_target = Nil (Variant type: NIL)
[GdPAI | debug]   Snapshotting prop: entity = Nil (Variant type: NIL)
[GdPAI | debug]   Snapshotting prop: held_item = Str("") (Variant type: STRING)
[GdPAI | debug] ApplyEffect [Before] ID=InstanceId(-9223370034242372671): agent props = {"entity": VariantGd { id: 1382643928884, class: RigidBody2D }, "held_item": "potato", "hunger": 95.0603725, "at_target": VariantGd { id: 1382157389614, class: Node }}
[GdPAI | debug] ApplyEffect [After] ID=InstanceId(-9223370034242372671): agent props = {"entity": VariantGd { id: 1382643928884, class: RigidBody2D }, "held_item": "wood", "hunger": 95.0603725, "at_target": VariantGd { id: 1382157389614, class: Node }}
[GdPAI | debug]   Snapshotting prop: entity = ObjectRef(1382643928884) (Variant type: OBJECT)
[GdPAI | debug]   Snapshotting prop: held_item = Str("wood") (Variant type: STRING)
[GdPAI | debug]   Snapshotting prop: hunger = Float(95.0603725) (Variant type: FLOAT)
[GdPAI | debug]   Snapshotting prop: at_target = ObjectRef(1382157389614) (Variant type: OBJECT)
WARNING: [GdPAI] ObjectRef(124621163998): object was freed before callback; returning Nil.
   at: gdplanningai_rust::logger::process_logs (src\logger.rs:66)
   GDScript backtrace (most recent call first):
       [0] _process (res://addons/GdPlanningAI/gdpai_autoload.gd:21)
WARNING: [GdPAI] ObjectRef(124134624705): object was freed before callback; returning Nil.
   at: gdplanningai_rust::logger::process_logs (src\logger.rs:66)
   GDScript backtrace (most recent call first):
       [0] _process (res://addons/GdPlanningAI/gdpai_autoload.gd:21)
WARNING: [GdPAI] ObjectRef(124134624705): object was freed before callback; returning Nil.
   at: gdplanningai_rust::logger::process_logs (src\logger.rs:66)
   GDScript backtrace (most recent call first):
       [0] _process (res://addons/GdPlanningAI/gdpai_autoload.gd:21)
[GdPAI | debug] GetCost: callable returned non-numeric value: null; returning INFINITY
WARNING: [GdPAI] ObjectRef(124621163998): object was freed before callback; returning Nil.
   at: gdplanningai_rust::logger::process_logs (src\logger.rs:66)
   GDScript backtrace (most recent call first):
       [0] _start_plan_and_wait (res://test/integration/test_campfire_example_smoke.gd:57)
WARNING: [GdPAI] ObjectRef(124134624705): object was freed before callback; returning Nil.
   at: gdplanningai_rust::logger::process_logs (src\logger.rs:66)
   GDScript backtrace (most recent call first):
       [0] _start_plan_and_wait (res://test/integration/test_campfire_example_smoke.gd:57)
WARNING: [GdPAI] ObjectRef(124134624705): object was freed before callback; returning Nil.
   at: gdplanningai_rust::logger::process_logs (src\logger.rs:66)
   GDScript backtrace (most recent call first):
       [0] _start_plan_and_wait (res://test/integration/test_campfire_example_smoke.gd:57)
[GdPAI | debug] ApplyEffect [Before] ID=InstanceId(-9223370032212329520): agent props = {"entity": null, "at_target": null, "hunger": 70.0627442063492, "held_item": ""}
[GdPAI | debug] ApplyEffect [After] ID=InstanceId(-9223370032212329520): agent props = {"entity": null, "at_target": null, "hunger": 70.0627442063492, "held_item": ""}
[GdPAI | debug]   Snapshotting prop: entity = Nil (Variant type: NIL)
[GdPAI | debug]   Snapshotting prop: at_target = Nil (Variant type: NIL)
[GdPAI | debug]   Snapshotting prop: hunger = Float(70.0627442063492) (Variant type: FLOAT)
[GdPAI | debug]   Snapshotting prop: held_item = Str("") (Variant type: STRING)
[GdPAI | debug] ApplyEffect [Before] ID=InstanceId(-9223370031641904176): agent props = {"entity": VariantGd { id: 1382643928884, class: RigidBody2D }, "at_target": VariantGd { id: 1382157389614, class: Node }, "hunger": 95.0603725, "held_item": "wood"}
[GdPAI | debug] ApplyEffect [After] ID=InstanceId(-9223370031641904176): agent props = {"entity": VariantGd { id: 1382643928884, class: RigidBody2D }, "at_target": VariantGd { id: 1382157389614, class: Node }, "hunger": 95.0603725, "held_item": "wood"}
[GdPAI | debug]   Snapshotting prop: entity = ObjectRef(1382643928884) (Variant type: OBJECT)
[GdPAI | debug]   Snapshotting prop: at_target = ObjectRef(1382157389614) (Variant type: OBJECT)
[GdPAI | debug]   Snapshotting prop: hunger = Float(95.0603725) (Variant type: FLOAT)
[GdPAI | debug]   Snapshotting prop: held_item = Str("wood") (Variant type: STRING)
WARNING: [GdPAI] ObjectRef(124621163998): object was freed before callback; returning Nil.
   at: gdplanningai_rust::logger::process_logs (src\logger.rs:66)
   GDScript backtrace (most recent call first):
       [0] _process (res://addons/GdPlanningAI/gdpai_autoload.gd:21)
[GdPAI | debug] GetCost: callable returned non-numeric value: null; returning INFINITY
WARNING: [GdPAI] ObjectRef(124621163998): object was freed before callback; returning Nil.
   at: gdplanningai_rust::logger::process_logs (src\logger.rs:66)
   GDScript backtrace (most recent call first):
       [0] _start_plan_and_wait (res://test/integration/test_campfire_example_smoke.gd:57)
[GdPAI | debug] ApplyEffect [Before] ID=InstanceId(-9223370029712524327): agent props = {"held_item": "wood", "hunger": 70.0627442063492, "at_target": null, "entity": null}
[GdPAI | debug] ApplyEffect [After] ID=InstanceId(-9223370029712524327): agent props = {"held_item": "wood", "hunger": 70.0627442063492, "at_target": null, "entity": null}
[GdPAI | debug]   Snapshotting prop: held_item = Str("wood") (Variant type: STRING)
[GdPAI | debug]   Snapshotting prop: hunger = Float(70.0627442063492) (Variant type: FLOAT)
[GdPAI | debug]   Snapshotting prop: at_target = Nil (Variant type: NIL)
[GdPAI | debug]   Snapshotting prop: entity = Nil (Variant type: NIL)
[GdPAI | debug] ApplyEffect [Before] ID=InstanceId(-9223370029142098983): agent props = {"hunger": 95.0603725, "entity": VariantGd { id: 1382643928884, class: RigidBody2D }, "held_item": ""}
[GdPAI | debug] ApplyEffect [After] ID=InstanceId(-9223370029142098983): agent props = {"hunger": 95.0603725, "entity": VariantGd { id: 1382643928884, class: RigidBody2D }, "held_item": "potato"}
[GdPAI | debug]   Snapshotting prop: hunger = Float(95.0603725) (Variant type: FLOAT)
[GdPAI | debug]   Snapshotting prop: entity = ObjectRef(1382643928884) (Variant type: OBJECT)
[GdPAI | debug]   Snapshotting prop: held_item = Str("potato") (Variant type: STRING)
WARNING: [GdPAI] ObjectRef(124621163998): object was freed before callback; returning Nil.
   at: gdplanningai_rust::logger::process_logs (src\logger.rs:66)
   GDScript backtrace (most recent call first):
       [0] _process (res://addons/GdPlanningAI/gdpai_autoload.gd:21)
WARNING: [GdPAI] ObjectRef(124621163998): object was freed before callback; returning Nil.
   at: gdplanningai_rust::logger::process_logs (src\logger.rs:66)
   GDScript backtrace (most recent call first):
       [0] _process (res://addons/GdPlanningAI/gdpai_autoload.gd:21)
[GdPAI | debug] GetCost: callable returned non-numeric value: null; returning INFINITY
WARNING: [GdPAI] ObjectRef(124621163998): object was freed before callback; returning Nil.
   at: gdplanningai_rust::logger::process_logs (src\logger.rs:66)
   GDScript backtrace (most recent call first):
       [0] _start_plan_and_wait (res://test/integration/test_campfire_example_smoke.gd:57)
WARNING: [GdPAI] ObjectRef(124621163998): object was freed before callback; returning Nil.
   at: gdplanningai_rust::logger::process_logs (src\logger.rs:66)
   GDScript backtrace (most recent call first):
       [0] _start_plan_and_wait (res://test/integration/test_campfire_example_smoke.gd:57)
[GdPAI | debug] ApplyEffect [Before] ID=InstanceId(-9223370027263050842): agent props = {"entity": null, "held_item": "", "hunger": 70.0627442063492}
[GdPAI | debug] ApplyEffect [After] ID=InstanceId(-9223370027263050842): agent props = {"entity": null, "held_item": "", "hunger": 70.0627442063492}
[GdPAI | debug]   Snapshotting prop: entity = Nil (Variant type: NIL)
[GdPAI | debug]   Snapshotting prop: held_item = Str("") (Variant type: STRING)
[GdPAI | debug]   Snapshotting prop: hunger = Float(70.0627442063492) (Variant type: FLOAT)
[GdPAI | debug] ApplyEffect [Before] ID=InstanceId(-9223370026692625498): agent props = {"hunger": 95.0603725, "at_target": VariantGd { id: 1382157389614, class: Node }, "entity": VariantGd { id: 1382643928884, class: RigidBody2D }, "held_item": "potato"}
[GdPAI | debug] ApplyEffect [After] ID=InstanceId(-9223370026692625498): agent props = {"hunger": 95.0603725, "at_target": VariantGd { id: 1382157389614, class: Node }, "entity": VariantGd { id: 1382643928884, class: RigidBody2D }, "held_item": "potato"}
[GdPAI | debug]   Snapshotting prop: hunger = Float(95.0603725) (Variant type: FLOAT)
[GdPAI | debug]   Snapshotting prop: at_target = ObjectRef(1382157389614) (Variant type: OBJECT)
[GdPAI | debug]   Snapshotting prop: entity = ObjectRef(1382643928884) (Variant type: OBJECT)
[GdPAI | debug]   Snapshotting prop: held_item = Str("potato") (Variant type: STRING)
WARNING: [GdPAI] ObjectRef(124621163998): object was freed before callback; returning Nil.
   at: gdplanningai_rust::logger::process_logs (src\logger.rs:66)
   GDScript backtrace (most recent call first):
       [0] _process (res://addons/GdPlanningAI/gdpai_autoload.gd:21)
[GdPAI | debug] GetCost: callable returned non-numeric value: null; returning INFINITY
WARNING: [GdPAI] ObjectRef(124621163998): object was freed before callback; returning Nil.
   at: gdplanningai_rust::logger::process_logs (src\logger.rs:66)
   GDScript backtrace (most recent call first):
       [0] _start_plan_and_wait (res://test/integration/test_campfire_example_smoke.gd:57)
[GdPAI | debug] ApplyEffect [Before] ID=InstanceId(-9223370024813577227): agent props = {"hunger": 70.0627442063492, "held_item": "", "entity": null}
[GdPAI | debug] ApplyEffect [After] ID=InstanceId(-9223370024813577227): agent props = {"hunger": 70.0627442063492, "held_item": "", "entity": null}
[GdPAI | debug]   Snapshotting prop: hunger = Float(70.0627442063492) (Variant type: FLOAT)
[GdPAI | debug]   Snapshotting prop: held_item = Str("") (Variant type: STRING)
[GdPAI | debug]   Snapshotting prop: entity = Nil (Variant type: NIL)
[GdPAI | debug] ApplyEffect [Before] ID=InstanceId(-9223370024243151883): agent props = {"entity": VariantGd { id: 1382643928884, class: RigidBody2D }, "hunger": 95.0603725, "held_item": "potato", "at_target": VariantGd { id: 1382157389614, class: Node }}
[GdPAI | debug] ApplyEffect [After] ID=InstanceId(-9223370024243151883): agent props = {"entity": VariantGd { id: 1382643928884, class: RigidBody2D }, "hunger": 95.0603725, "held_item": "wood", "at_target": VariantGd { id: 1382157389614, class: Node }}
[GdPAI | debug]   Snapshotting prop: entity = ObjectRef(1382643928884) (Variant type: OBJECT)
[GdPAI | debug]   Snapshotting prop: hunger = Float(95.0603725) (Variant type: FLOAT)
[GdPAI | debug]   Snapshotting prop: held_item = Str("wood") (Variant type: STRING)
[GdPAI | debug]   Snapshotting prop: at_target = ObjectRef(1382157389614) (Variant type: OBJECT)
WARNING: [GdPAI] ObjectRef(124621163998): object was freed before callback; returning Nil.
   at: gdplanningai_rust::logger::process_logs (src\logger.rs:66)
   GDScript backtrace (most recent call first):
       [0] _process (res://addons/GdPlanningAI/gdpai_autoload.gd:21)
WARNING: [GdPAI] ObjectRef(124134624705): object was freed before callback; returning Nil.
   at: gdplanningai_rust::logger::process_logs (src\logger.rs:66)
   GDScript backtrace (most recent call first):
       [0] _process (res://addons/GdPlanningAI/gdpai_autoload.gd:21)
WARNING: [GdPAI] ObjectRef(124134624705): object was freed before callback; returning Nil.
   at: gdplanningai_rust::logger::process_logs (src\logger.rs:66)
   GDScript backtrace (most recent call first):
       [0] _process (res://addons/GdPlanningAI/gdpai_autoload.gd:21)
[GdPAI | debug] GetCost: callable returned non-numeric value: null; returning INFINITY
WARNING: [GdPAI] ObjectRef(124621163998): object was freed before callback; returning Nil.
   at: gdplanningai_rust::logger::process_logs (src\logger.rs:66)
   GDScript backtrace (most recent call first):
       [0] _start_plan_and_wait (res://test/integration/test_campfire_example_smoke.gd:57)
WARNING: [GdPAI] ObjectRef(124134624705): object was freed before callback; returning Nil.
   at: gdplanningai_rust::logger::process_logs (src\logger.rs:66)
   GDScript backtrace (most recent call first):
       [0] _start_plan_and_wait (res://test/integration/test_campfire_example_smoke.gd:57)
WARNING: [GdPAI] ObjectRef(124134624705): object was freed before callback; returning Nil.
   at: gdplanningai_rust::logger::process_logs (src\logger.rs:66)
   GDScript backtrace (most recent call first):
       [0] _start_plan_and_wait (res://test/integration/test_campfire_example_smoke.gd:57)
[GdPAI | debug] ApplyEffect [Before] ID=InstanceId(-9223370022313772036): agent props = {"hunger": 70.0627442063492, "at_target": null, "held_item": "", "entity": null}
[GdPAI | debug] ApplyEffect [After] ID=InstanceId(-9223370022313772036): agent props = {"hunger": 70.0627442063492, "at_target": null, "held_item": "", "entity": null}
[GdPAI | debug]   Snapshotting prop: hunger = Float(70.0627442063492) (Variant type: FLOAT)
[GdPAI | debug]   Snapshotting prop: at_target = Nil (Variant type: NIL)
[GdPAI | debug]   Snapshotting prop: held_item = Str("") (Variant type: STRING)
[GdPAI | debug]   Snapshotting prop: entity = Nil (Variant type: NIL)
[GdPAI | debug] ApplyEffect [Before] ID=InstanceId(-9223370021743346692): agent props = {"held_item": "wood", "hunger": 95.0603725, "entity": VariantGd { id: 1382643928884, class: RigidBody2D }, "at_target": VariantGd { id: 1382157389614, class: Node }}
[GdPAI | debug] ApplyEffect [After] ID=InstanceId(-9223370021743346692): agent props = {"held_item": "wood", "hunger": 95.0603725, "entity": VariantGd { id: 1382643928884, class: RigidBody2D }, "at_target": VariantGd { id: 1382157389614, class: Node }}
[GdPAI | debug]   Snapshotting prop: held_item = Str("wood") (Variant type: STRING)
[GdPAI | debug]   Snapshotting prop: hunger = Float(95.0603725) (Variant type: FLOAT)
[GdPAI | debug]   Snapshotting prop: entity = ObjectRef(1382643928884) (Variant type: OBJECT)
[GdPAI | debug]   Snapshotting prop: at_target = ObjectRef(1382157389614) (Variant type: OBJECT)
WARNING: [GdPAI] ObjectRef(124621163998): object was freed before callback; returning Nil.
   at: gdplanningai_rust::logger::process_logs (src\logger.rs:66)
   GDScript backtrace (most recent call first):
       [0] _process (res://addons/GdPlanningAI/gdpai_autoload.gd:21)
WARNING: [GdPAI] ObjectRef(124134624705): object was freed before callback; returning Nil.
   at: gdplanningai_rust::logger::process_logs (src\logger.rs:66)
   GDScript backtrace (most recent call first):
       [0] _process (res://addons/GdPlanningAI/gdpai_autoload.gd:21)
WARNING: [GdPAI] ObjectRef(124134624705): object was freed before callback; returning Nil.
   at: gdplanningai_rust::logger::process_logs (src\logger.rs:66)
   GDScript backtrace (most recent call first):
       [0] _process (res://addons/GdPlanningAI/gdpai_autoload.gd:21)
[GdPAI | debug] GetCost: callable returned non-numeric value: null; returning INFINITY
WARNING: [GdPAI] ObjectRef(124621163998): object was freed before callback; returning Nil.
   at: gdplanningai_rust::logger::process_logs (src\logger.rs:66)
   GDScript backtrace (most recent call first):
       [0] _start_plan_and_wait (res://test/integration/test_campfire_example_smoke.gd:57)
WARNING: [GdPAI] ObjectRef(124134624705): object was freed before callback; returning Nil.
   at: gdplanningai_rust::logger::process_logs (src\logger.rs:66)
   GDScript backtrace (most recent call first):
       [0] _start_plan_and_wait (res://test/integration/test_campfire_example_smoke.gd:57)
WARNING: [GdPAI] ObjectRef(124134624705): object was freed before callback; returning Nil.
   at: gdplanningai_rust::logger::process_logs (src\logger.rs:66)
   GDScript backtrace (most recent call first):
       [0] _start_plan_and_wait (res://test/integration/test_campfire_example_smoke.gd:57)
[GdPAI | debug] ApplyEffect [Before] ID=InstanceId(-9223370019713303603): agent props = {"held_item": "", "entity": null, "at_target": null, "hunger": 70.0627442063492}
[GdPAI | debug] ApplyEffect [After] ID=InstanceId(-9223370019713303603): agent props = {"held_item": "", "entity": null, "at_target": null, "hunger": 70.0627442063492}
[GdPAI | debug]   Snapshotting prop: held_item = Str("") (Variant type: STRING)
[GdPAI | debug]   Snapshotting prop: entity = Nil (Variant type: NIL)
[GdPAI | debug]   Snapshotting prop: at_target = Nil (Variant type: NIL)
[GdPAI | debug]   Snapshotting prop: hunger = Float(70.0627442063492) (Variant type: FLOAT)
[GdPAI | debug] ApplyEffect [Before] ID=InstanceId(-9223370019142878259): agent props = {"hunger": 95.0603725, "held_item": "", "entity": VariantGd { id: 1382643928884, class: RigidBody2D }}
[GdPAI | debug] ApplyEffect [After] ID=InstanceId(-9223370019142878259): agent props = {"held_item": "potato", "hunger": 95.0603725, "entity": VariantGd { id: 1382643928884, class: RigidBody2D }}
[GdPAI | debug]   Snapshotting prop: held_item = Str("potato") (Variant type: STRING)
[GdPAI | debug]   Snapshotting prop: hunger = Float(95.0603725) (Variant type: FLOAT)
[GdPAI | debug]   Snapshotting prop: entity = ObjectRef(1382643928884) (Variant type: OBJECT)
WARNING: [GdPAI] ObjectRef(124621163998): object was freed before callback; returning Nil.
   at: gdplanningai_rust::logger::process_logs (src\logger.rs:66)
   GDScript backtrace (most recent call first):
       [0] _process (res://addons/GdPlanningAI/gdpai_autoload.gd:21)
[GdPAI | debug] GetCost: callable returned non-numeric value: null; returning INFINITY
WARNING: [GdPAI] ObjectRef(124621163998): object was freed before callback; returning Nil.
   at: gdplanningai_rust::logger::process_logs (src\logger.rs:66)
   GDScript backtrace (most recent call first):
       [0] _start_plan_and_wait (res://test/integration/test_campfire_example_smoke.gd:57)
[GdPAI | debug] ApplyEffect [Before] ID=InstanceId(-9223370017213498360): agent props = {"hunger": 70.0627442063492, "at_target": null, "entity": null, "held_item": "wood"}
[GdPAI | debug] ApplyEffect [After] ID=InstanceId(-9223370017213498360): agent props = {"hunger": 70.0627442063492, "at_target": null, "entity": null, "held_item": "wood"}
[GdPAI | debug]   Snapshotting prop: hunger = Float(70.0627442063492) (Variant type: FLOAT)
[GdPAI | debug]   Snapshotting prop: at_target = Nil (Variant type: NIL)
[GdPAI | debug]   Snapshotting prop: entity = Nil (Variant type: NIL)
[GdPAI | debug]   Snapshotting prop: held_item = Str("wood") (Variant type: STRING)
[GdPAI | debug] ApplyEffect [Before] ID=InstanceId(-9223370016643073016): agent props = {"entity": VariantGd { id: 1382643928884, class: RigidBody2D }, "held_item": "potato", "at_target": VariantGd { id: 1382157389614, class: Node }, "hunger": 95.0603725}
[GdPAI | debug] ApplyEffect [After] ID=InstanceId(-9223370016643073016): agent props = {"entity": VariantGd { id: 1382643928884, class: RigidBody2D }, "held_item": "potato", "at_target": VariantGd { id: 1382157389614, class: Node }, "hunger": 95.0603725}
[GdPAI | debug]   Snapshotting prop: entity = ObjectRef(1382643928884) (Variant type: OBJECT)
[GdPAI | debug]   Snapshotting prop: held_item = Str("potato") (Variant type: STRING)
[GdPAI | debug]   Snapshotting prop: at_target = ObjectRef(1382157389614) (Variant type: OBJECT)
[GdPAI | debug]   Snapshotting prop: hunger = Float(95.0603725) (Variant type: FLOAT)
WARNING: [GdPAI] ObjectRef(124621163998): object was freed before callback; returning Nil.
   at: gdplanningai_rust::logger::process_logs (src\logger.rs:66)
   GDScript backtrace (most recent call first):
       [0] _process (res://addons/GdPlanningAI/gdpai_autoload.gd:21)
WARNING: [GdPAI] ObjectRef(124621163998): object was freed before callback; returning Nil.
   at: gdplanningai_rust::logger::process_logs (src\logger.rs:66)
   GDScript backtrace (most recent call first):
       [0] _process (res://addons/GdPlanningAI/gdpai_autoload.gd:21)
[GdPAI | debug] GetCost: callable returned non-numeric value: null; returning INFINITY
WARNING: [GdPAI] ObjectRef(124621163998): object was freed before callback; returning Nil.
   at: gdplanningai_rust::logger::process_logs (src\logger.rs:66)
   GDScript backtrace (most recent call first):
       [0] _start_plan_and_wait (res://test/integration/test_campfire_example_smoke.gd:57)
WARNING: [GdPAI] ObjectRef(124621163998): object was freed before callback; returning Nil.
   at: gdplanningai_rust::logger::process_logs (src\logger.rs:66)
   GDScript backtrace (most recent call first):
       [0] _start_plan_and_wait (res://test/integration/test_campfire_example_smoke.gd:57)
[GdPAI | debug] ApplyEffect [Before] ID=InstanceId(-9223370014764024794): agent props = {"held_item": "", "hunger": 70.0627442063492, "entity": null}
[GdPAI | debug] ApplyEffect [After] ID=InstanceId(-9223370014764024794): agent props = {"held_item": "", "hunger": 70.0627442063492, "entity": null}
[GdPAI | debug]   Snapshotting prop: held_item = Str("") (Variant type: STRING)
[GdPAI | debug]   Snapshotting prop: hunger = Float(70.0627442063492) (Variant type: FLOAT)
[GdPAI | debug]   Snapshotting prop: entity = Nil (Variant type: NIL)
[GdPAI | debug] ApplyEffect [Before] ID=InstanceId(-9223370014193599450): agent props = {"hunger": 95.0603725, "held_item": "potato", "entity": VariantGd { id: 1382643928884, class: RigidBody2D }, "at_target": VariantGd { id: 1382157389614, class: Node }}
[GdPAI | debug] ApplyEffect [After] ID=InstanceId(-9223370014193599450): agent props = {"hunger": 95.0603725, "held_item": "wood", "entity": VariantGd { id: 1382643928884, class: RigidBody2D }, "at_target": VariantGd { id: 1382157389614, class: Node }}
[GdPAI | debug]   Snapshotting prop: hunger = Float(95.0603725) (Variant type: FLOAT)
[GdPAI | debug]   Snapshotting prop: held_item = Str("wood") (Variant type: STRING)
[GdPAI | debug]   Snapshotting prop: entity = ObjectRef(1382643928884) (Variant type: OBJECT)
[GdPAI | debug]   Snapshotting prop: at_target = ObjectRef(1382157389614) (Variant type: OBJECT)
WARNING: [GdPAI] ObjectRef(124621163998): object was freed before callback; returning Nil.
   at: gdplanningai_rust::logger::process_logs (src\logger.rs:66)
   GDScript backtrace (most recent call first):
       [0] _process (res://addons/GdPlanningAI/gdpai_autoload.gd:21)
[GdPAI | debug] GetCost: callable returned non-numeric value: null; returning INFINITY
WARNING: [GdPAI] ObjectRef(124621163998): object was freed before callback; returning Nil.
   at: gdplanningai_rust::logger::process_logs (src\logger.rs:66)
   GDScript backtrace (most recent call first):
       [0] _start_plan_and_wait (res://test/integration/test_campfire_example_smoke.gd:57)
[GdPAI | debug] ApplyEffect [Before] ID=InstanceId(-9223370012314551252): agent props = {"held_item": "", "hunger": 70.0627442063492, "entity": null}
[GdPAI | debug] ApplyEffect [After] ID=InstanceId(-9223370012314551252): agent props = {"held_item": "", "hunger": 70.0627442063492, "entity": null}
[GdPAI | debug]   Snapshotting prop: held_item = Str("") (Variant type: STRING)
[GdPAI | debug]   Snapshotting prop: hunger = Float(70.0627442063492) (Variant type: FLOAT)
[GdPAI | debug]   Snapshotting prop: entity = Nil (Variant type: NIL)
[GdPAI | debug] ApplyEffect [Before] ID=InstanceId(-9223370011744125908): agent props = {"hunger": 95.0603725, "entity": VariantGd { id: 1382643928884, class: RigidBody2D }, "at_target": VariantGd { id: 1382157389614, class: Node }, "held_item": "wood"}
[GdPAI | debug] ApplyEffect [After] ID=InstanceId(-9223370011744125908): agent props = {"hunger": 95.0603725, "entity": VariantGd { id: 1382643928884, class: RigidBody2D }, "at_target": VariantGd { id: 1382157389614, class: Node }, "held_item": "wood"}
[GdPAI | debug]   Snapshotting prop: hunger = Float(95.0603725) (Variant type: FLOAT)
[GdPAI | debug]   Snapshotting prop: entity = ObjectRef(1382643928884) (Variant type: OBJECT)
[GdPAI | debug]   Snapshotting prop: at_target = ObjectRef(1382157389614) (Variant type: OBJECT)
[GdPAI | debug]   Snapshotting prop: held_item = Str("wood") (Variant type: STRING)
WARNING: [GdPAI] ObjectRef(124621163998): object was freed before callback; returning Nil.
   at: gdplanningai_rust::logger::process_logs (src\logger.rs:66)
   GDScript backtrace (most recent call first):
       [0] _process (res://addons/GdPlanningAI/gdpai_autoload.gd:21)
WARNING: [GdPAI] ObjectRef(124134624705): object was freed before callback; returning Nil.
   at: gdplanningai_rust::logger::process_logs (src\logger.rs:66)
   GDScript backtrace (most recent call first):
       [0] _process (res://addons/GdPlanningAI/gdpai_autoload.gd:21)
WARNING: [GdPAI] ObjectRef(124134624705): object was freed before callback; returning Nil.
   at: gdplanningai_rust::logger::process_logs (src\logger.rs:66)
   GDScript backtrace (most recent call first):
       [0] _process (res://addons/GdPlanningAI/gdpai_autoload.gd:21)
[GdPAI | debug] GetCost: callable returned non-numeric value: null; returning INFINITY
WARNING: [GdPAI] ObjectRef(124621163998): object was freed before callback; returning Nil.
   at: gdplanningai_rust::logger::process_logs (src\logger.rs:66)
   GDScript backtrace (most recent call first):
       [0] _start_plan_and_wait (res://test/integration/test_campfire_example_smoke.gd:57)
WARNING: [GdPAI] ObjectRef(124134624705): object was freed before callback; returning Nil.
   at: gdplanningai_rust::logger::process_logs (src\logger.rs:66)
   GDScript backtrace (most recent call first):
       [0] _start_plan_and_wait (res://test/integration/test_campfire_example_smoke.gd:57)
WARNING: [GdPAI] ObjectRef(124134624705): object was freed before callback; returning Nil.
   at: gdplanningai_rust::logger::process_logs (src\logger.rs:66)
   GDScript backtrace (most recent call first):
       [0] _start_plan_and_wait (res://test/integration/test_campfire_example_smoke.gd:57)
[GdPAI | debug] ApplyEffect [Before] ID=InstanceId(-9223370009814746106): agent props = {"held_item": "", "hunger": 70.0627442063492, "entity": null, "at_target": null}
[GdPAI | debug] ApplyEffect [After] ID=InstanceId(-9223370009814746106): agent props = {"held_item": "", "hunger": 70.0627442063492, "entity": null, "at_target": null}
[GdPAI | debug]   Snapshotting prop: held_item = Str("") (Variant type: STRING)
[GdPAI | debug]   Snapshotting prop: hunger = Float(70.0627442063492) (Variant type: FLOAT)
[GdPAI | debug]   Snapshotting prop: entity = Nil (Variant type: NIL)
[GdPAI | debug]   Snapshotting prop: at_target = Nil (Variant type: NIL)
[GdPAI | debug] ApplyEffect [Before] ID=InstanceId(-9223370009244320762): agent props = {"held_item": "", "entity": VariantGd { id: 1382643928884, class: RigidBody2D }, "hunger": 95.0603725}
[GdPAI | debug] ApplyEffect [After] ID=InstanceId(-9223370009244320762): agent props = {"entity": VariantGd { id: 1382643928884, class: RigidBody2D }, "hunger": 95.0603725, "held_item": "potato"}
[GdPAI | debug]   Snapshotting prop: entity = ObjectRef(1382643928884) (Variant type: OBJECT)
[GdPAI | debug]   Snapshotting prop: hunger = Float(95.0603725) (Variant type: FLOAT)
[GdPAI | debug]   Snapshotting prop: held_item = Str("potato") (Variant type: STRING)
WARNING: [GdPAI] ObjectRef(124621163998): object was freed before callback; returning Nil.
   at: gdplanningai_rust::logger::process_logs (src\logger.rs:66)
   GDScript backtrace (most recent call first):
       [0] _process (res://addons/GdPlanningAI/gdpai_autoload.gd:21)
WARNING: [GdPAI] ObjectRef(124134624705): object was freed before callback; returning Nil.
   at: gdplanningai_rust::logger::process_logs (src\logger.rs:66)
   GDScript backtrace (most recent call first):
       [0] _process (res://addons/GdPlanningAI/gdpai_autoload.gd:21)
WARNING: [GdPAI] ObjectRef(124134624705): object was freed before callback; returning Nil.
   at: gdplanningai_rust::logger::process_logs (src\logger.rs:66)
   GDScript backtrace (most recent call first):
       [0] _process (res://addons/GdPlanningAI/gdpai_autoload.gd:21)
[GdPAI | debug] GetCost: callable returned non-numeric value: null; returning INFINITY
WARNING: [GdPAI] ObjectRef(124621163998): object was freed before callback; returning Nil.
   at: gdplanningai_rust::logger::process_logs (src\logger.rs:66)
   GDScript backtrace (most recent call first):
       [0] _start_plan_and_wait (res://test/integration/test_campfire_example_smoke.gd:57)
WARNING: [GdPAI] ObjectRef(124134624705): object was freed before callback; returning Nil.
   at: gdplanningai_rust::logger::process_logs (src\logger.rs:66)
   GDScript backtrace (most recent call first):
       [0] _start_plan_and_wait (res://test/integration/test_campfire_example_smoke.gd:57)
WARNING: [GdPAI] ObjectRef(124134624705): object was freed before callback; returning Nil.
   at: gdplanningai_rust::logger::process_logs (src\logger.rs:66)
   GDScript backtrace (most recent call first):
       [0] _start_plan_and_wait (res://test/integration/test_campfire_example_smoke.gd:57)
[GdPAI | debug] ApplyEffect [Before] ID=InstanceId(-9223370007214277560): agent props = {"hunger": 70.0627442063492, "held_item": "", "entity": null, "at_target": null}
[GdPAI | debug] ApplyEffect [After] ID=InstanceId(-9223370007214277560): agent props = {"hunger": 70.0627442063492, "held_item": "", "entity": null, "at_target": null}
[GdPAI | debug]   Snapshotting prop: hunger = Float(70.0627442063492) (Variant type: FLOAT)
[GdPAI | debug]   Snapshotting prop: held_item = Str("") (Variant type: STRING)
[GdPAI | debug]   Snapshotting prop: entity = Nil (Variant type: NIL)
[GdPAI | debug]   Snapshotting prop: at_target = Nil (Variant type: NIL)
[GdPAI | debug] ApplyEffect [Before] ID=InstanceId(-9223370006643852216): agent props = {"entity": VariantGd { id: 1382643928884, class: RigidBody2D }, "held_item": "potato", "at_target": VariantGd { id: 1382157389614, class: Node }, "hunger": 95.0603725}
[GdPAI | debug] ApplyEffect [After] ID=InstanceId(-9223370006643852216): agent props = {"entity": VariantGd { id: 1382643928884, class: RigidBody2D }, "held_item": "potato", "at_target": VariantGd { id: 1382157389614, class: Node }, "hunger": 95.0603725}
[GdPAI | debug]   Snapshotting prop: entity = ObjectRef(1382643928884) (Variant type: OBJECT)
[GdPAI | debug]   Snapshotting prop: held_item = Str("potato") (Variant type: STRING)
[GdPAI | debug]   Snapshotting prop: at_target = ObjectRef(1382157389614) (Variant type: OBJECT)
[GdPAI | debug]   Snapshotting prop: hunger = Float(95.0603725) (Variant type: FLOAT)
WARNING: [GdPAI] ObjectRef(124621163998): object was freed before callback; returning Nil.
   at: gdplanningai_rust::logger::process_logs (src\logger.rs:66)
   GDScript backtrace (most recent call first):
       [0] _process (res://addons/GdPlanningAI/gdpai_autoload.gd:21)
[GdPAI | debug] GetCost: callable returned non-numeric value: null; returning INFINITY
WARNING: [GdPAI] ObjectRef(124621163998): object was freed before callback; returning Nil.
   at: gdplanningai_rust::logger::process_logs (src\logger.rs:66)
   GDScript backtrace (most recent call first):
       [0] _start_plan_and_wait (res://test/integration/test_campfire_example_smoke.gd:57)
[GdPAI | debug] ApplyEffect [Before] ID=InstanceId(-9223370004714472366): agent props = {"hunger": 70.0627442063492, "held_item": "wood", "at_target": null, "entity": null}
[GdPAI | debug] ApplyEffect [After] ID=InstanceId(-9223370004714472366): agent props = {"hunger": 70.0627442063492, "held_item": "wood", "at_target": null, "entity": null}
[GdPAI | debug]   Snapshotting prop: hunger = Float(70.0627442063492) (Variant type: FLOAT)
[GdPAI | debug]   Snapshotting prop: held_item = Str("wood") (Variant type: STRING)
[GdPAI | debug]   Snapshotting prop: at_target = Nil (Variant type: NIL)
[GdPAI | debug]   Snapshotting prop: entity = Nil (Variant type: NIL)
[GdPAI | debug] ApplyEffect [Before] ID=InstanceId(-9223370004144047022): agent props = {"hunger": 95.0603725, "entity": VariantGd { id: 1382643928884, class: RigidBody2D }, "at_target": VariantGd { id: 1382157389614, class: Node }, "held_item": "potato"}
[GdPAI | debug] ApplyEffect [After] ID=InstanceId(-9223370004144047022): agent props = {"hunger": 95.0603725, "entity": VariantGd { id: 1382643928884, class: RigidBody2D }, "at_target": VariantGd { id: 1382157389614, class: Node }, "held_item": "wood"}
[GdPAI | debug]   Snapshotting prop: hunger = Float(95.0603725) (Variant type: FLOAT)
[GdPAI | debug]   Snapshotting prop: entity = ObjectRef(1382643928884) (Variant type: OBJECT)
[GdPAI | debug]   Snapshotting prop: at_target = ObjectRef(1382157389614) (Variant type: OBJECT)
[GdPAI | debug]   Snapshotting prop: held_item = Str("wood") (Variant type: STRING)
WARNING: [GdPAI] ObjectRef(124621163998): object was freed before callback; returning Nil.
   at: gdplanningai_rust::logger::process_logs (src\logger.rs:66)
   GDScript backtrace (most recent call first):
       [0] _process (res://addons/GdPlanningAI/gdpai_autoload.gd:21)
WARNING: [GdPAI] ObjectRef(124621163998): object was freed before callback; returning Nil.
   at: gdplanningai_rust::logger::process_logs (src\logger.rs:66)
   GDScript backtrace (most recent call first):
       [0] _process (res://addons/GdPlanningAI/gdpai_autoload.gd:21)
[GdPAI | debug] GetCost: callable returned non-numeric value: null; returning INFINITY
WARNING: [GdPAI] ObjectRef(124621163998): object was freed before callback; returning Nil.
   at: gdplanningai_rust::logger::process_logs (src\logger.rs:66)
   GDScript backtrace (most recent call first):
       [0] _start_plan_and_wait (res://test/integration/test_campfire_example_smoke.gd:57)
WARNING: [GdPAI] ObjectRef(124621163998): object was freed before callback; returning Nil.
   at: gdplanningai_rust::logger::process_logs (src\logger.rs:66)
   GDScript backtrace (most recent call first):
       [0] _start_plan_and_wait (res://test/integration/test_campfire_example_smoke.gd:57)
[GdPAI | debug] ApplyEffect [Before] ID=InstanceId(-9223370002264998820): agent props = {"entity": null, "held_item": "", "hunger": 70.0627442063492}
[GdPAI | debug] ApplyEffect [After] ID=InstanceId(-9223370002264998820): agent props = {"entity": null, "held_item": "", "hunger": 70.0627442063492}
[GdPAI | debug]   Snapshotting prop: entity = Nil (Variant type: NIL)
[GdPAI | debug]   Snapshotting prop: held_item = Str("") (Variant type: STRING)
[GdPAI | debug]   Snapshotting prop: hunger = Float(70.0627442063492) (Variant type: FLOAT)
[GdPAI | debug] ApplyEffect [Before] ID=InstanceId(-9223370001694573476): agent props = {"held_item": "wood", "hunger": 95.0603725, "at_target": VariantGd { id: 1382157389614, class: Node }, "entity": VariantGd { id: 1382643928884, class: RigidBody2D }}
[GdPAI | debug] ApplyEffect [After] ID=InstanceId(-9223370001694573476): agent props = {"held_item": "wood", "hunger": 95.0603725, "at_target": VariantGd { id: 1382157389614, class: Node }, "entity": VariantGd { id: 1382643928884, class: RigidBody2D }}
[GdPAI | debug]   Snapshotting prop: held_item = Str("wood") (Variant type: STRING)
[GdPAI | debug]   Snapshotting prop: hunger = Float(95.0603725) (Variant type: FLOAT)
[GdPAI | debug]   Snapshotting prop: at_target = ObjectRef(1382157389614) (Variant type: OBJECT)
[GdPAI | debug]   Snapshotting prop: entity = ObjectRef(1382643928884) (Variant type: OBJECT)
[GdPAI] A* Iteration: pop node with chain length 3
[GdPAI | debug] find_candidates: Checking 15 actions against 0 preconds and 1 requirements
WARNING: [GdPAI] ObjectRef(124621163998): object was freed before callback; returning Nil.
   at: gdplanningai_rust::logger::process_logs (src\logger.rs:66)
   GDScript backtrace (most recent call first):
       [0] _process (res://addons/GdPlanningAI/gdpai_autoload.gd:21)
[GdPAI | debug] GetCost: callable returned non-numeric value: null; returning INFINITY
WARNING: [GdPAI] ObjectRef(124621163998): object was freed before callback; returning Nil.
   at: gdplanningai_rust::logger::process_logs (src\logger.rs:66)
   GDScript backtrace (most recent call first):
       [0] _start_plan_and_wait (res://test/integration/test_campfire_example_smoke.gd:57)
[GdPAI | debug] ApplyEffect [Before] ID=InstanceId(-9223369999815525339): agent props = {"held_item": "", "entity": null, "hunger": 70.0627442063492}
[GdPAI | debug] ApplyEffect [After] ID=InstanceId(-9223369999815525339): agent props = {"held_item": "", "entity": null, "hunger": 70.0627442063492}
[GdPAI | debug]   Snapshotting prop: held_item = Str("") (Variant type: STRING)
[GdPAI | debug]   Snapshotting prop: entity = Nil (Variant type: NIL)
[GdPAI | debug]   Snapshotting prop: hunger = Float(70.0627442063492) (Variant type: FLOAT)
WARNING: [GdPAI] ObjectRef(124621163998): object was freed before callback; returning Nil.
   at: gdplanningai_rust::logger::process_logs (src\logger.rs:66)
   GDScript backtrace (most recent call first):
       [0] _process (res://addons/GdPlanningAI/gdpai_autoload.gd:21)
WARNING: [GdPAI] ObjectRef(124134624705): object was freed before callback; returning Nil.
   at: gdplanningai_rust::logger::process_logs (src\logger.rs:66)
   GDScript backtrace (most recent call first):
       [0] _process (res://addons/GdPlanningAI/gdpai_autoload.gd:21)
WARNING: [GdPAI] ObjectRef(124134624705): object was freed before callback; returning Nil.
   at: gdplanningai_rust::logger::process_logs (src\logger.rs:66)
   GDScript backtrace (most recent call first):
       [0] _process (res://addons/GdPlanningAI/gdpai_autoload.gd:21)
[GdPAI | debug] GetCost: callable returned non-numeric value: null; returning INFINITY
WARNING: [GdPAI] ObjectRef(124621163998): object was freed before callback; returning Nil.
   at: gdplanningai_rust::logger::process_logs (src\logger.rs:66)
   GDScript backtrace (most recent call first):
       [0] _start_plan_and_wait (res://test/integration/test_campfire_example_smoke.gd:57)
WARNING: [GdPAI] ObjectRef(124134624705): object was freed before callback; returning Nil.
   at: gdplanningai_rust::logger::process_logs (src\logger.rs:66)
   GDScript backtrace (most recent call first):
       [0] _start_plan_and_wait (res://test/integration/test_campfire_example_smoke.gd:57)
WARNING: [GdPAI] ObjectRef(124134624705): object was freed before callback; returning Nil.
   at: gdplanningai_rust::logger::process_logs (src\logger.rs:66)
   GDScript backtrace (most recent call first):
       [0] _start_plan_and_wait (res://test/integration/test_campfire_example_smoke.gd:57)
[GdPAI | debug] ApplyEffect [Before] ID=InstanceId(-9223369997315720162): agent props = {"entity": null, "hunger": 70.0627442063492, "at_target": null, "held_item": ""}
[GdPAI | debug] ApplyEffect [After] ID=InstanceId(-9223369997315720162): agent props = {"entity": null, "hunger": 70.0627442063492, "at_target": null, "held_item": ""}
[GdPAI | debug]   Snapshotting prop: entity = Nil (Variant type: NIL)
[GdPAI | debug]   Snapshotting prop: hunger = Float(70.0627442063492) (Variant type: FLOAT)
[GdPAI | debug]   Snapshotting prop: at_target = Nil (Variant type: NIL)
[GdPAI | debug]   Snapshotting prop: held_item = Str("") (Variant type: STRING)
WARNING: [GdPAI] ObjectRef(124621163998): object was freed before callback; returning Nil.
   at: gdplanningai_rust::logger::process_logs (src\logger.rs:66)
   GDScript backtrace (most recent call first):
       [0] _process (res://addons/GdPlanningAI/gdpai_autoload.gd:21)
WARNING: [GdPAI] ObjectRef(124134624705): object was freed before callback; returning Nil.
   at: gdplanningai_rust::logger::process_logs (src\logger.rs:66)
   GDScript backtrace (most recent call first):
       [0] _process (res://addons/GdPlanningAI/gdpai_autoload.gd:21)
WARNING: [GdPAI] ObjectRef(124134624705): object was freed before callback; returning Nil.
   at: gdplanningai_rust::logger::process_logs (src\logger.rs:66)
   GDScript backtrace (most recent call first):
       [0] _process (res://addons/GdPlanningAI/gdpai_autoload.gd:21)
[GdPAI | debug] GetCost: callable returned non-numeric value: null; returning INFINITY
[GdPAI | debug] Found candidate: Cook Potato (satisfied preconds: [], requirements: [0])
WARNING: [GdPAI] ObjectRef(124621163998): object was freed before callback; returning Nil.
   at: gdplanningai_rust::logger::process_logs (src\logger.rs:66)
   GDScript backtrace (most recent call first):
       [0] _start_plan_and_wait (res://test/integration/test_campfire_example_smoke.gd:57)
WARNING: [GdPAI] ObjectRef(124134624705): object was freed before callback; returning Nil.
   at: gdplanningai_rust::logger::process_logs (src\logger.rs:66)
   GDScript backtrace (most recent call first):
       [0] _start_plan_and_wait (res://test/integration/test_campfire_example_smoke.gd:57)
WARNING: [GdPAI] ObjectRef(124134624705): object was freed before callback; returning Nil.
   at: gdplanningai_rust::logger::process_logs (src\logger.rs:66)
   GDScript backtrace (most recent call first):
       [0] _start_plan_and_wait (res://test/integration/test_campfire_example_smoke.gd:57)
[GdPAI | debug] ApplyEffect [Before] ID=InstanceId(-9223369994715251596): agent props = {"held_item": "", "entity": null, "at_target": null, "hunger": 70.0627442063492}
[GdPAI | debug] ApplyEffect [After] ID=InstanceId(-9223369994715251596): agent props = {"held_item": "", "entity": null, "at_target": null, "hunger": 70.0627442063492}
[GdPAI | debug]   Snapshotting prop: held_item = Str("") (Variant type: STRING)
[GdPAI | debug]   Snapshotting prop: entity = Nil (Variant type: NIL)
[GdPAI | debug]   Snapshotting prop: at_target = Nil (Variant type: NIL)
[GdPAI | debug]   Snapshotting prop: hunger = Float(70.0627442063492) (Variant type: FLOAT)
WARNING: [GdPAI] ObjectRef(124621163998): object was freed before callback; returning Nil.
   at: gdplanningai_rust::logger::process_logs (src\logger.rs:66)
   GDScript backtrace (most recent call first):
       [0] _process (res://addons/GdPlanningAI/gdpai_autoload.gd:21)
[GdPAI | debug] GetCost: callable returned non-numeric value: null; returning INFINITY
WARNING: [GdPAI] ObjectRef(124621163998): object was freed before callback; returning Nil.
   at: gdplanningai_rust::logger::process_logs (src\logger.rs:66)
   GDScript backtrace (most recent call first):
       [0] _start_plan_and_wait (res://test/integration/test_campfire_example_smoke.gd:57)
[GdPAI | debug] ApplyEffect [Before] ID=InstanceId(-9223369992215446377): agent props = {"entity": null, "hunger": 70.0627442063492, "held_item": "wood", "at_target": null}
[GdPAI | debug] ApplyEffect [After] ID=InstanceId(-9223369992215446377): agent props = {"entity": null, "hunger": 70.0627442063492, "held_item": "wood", "at_target": null}
[GdPAI | debug]   Snapshotting prop: entity = Nil (Variant type: NIL)
[GdPAI | debug]   Snapshotting prop: hunger = Float(70.0627442063492) (Variant type: FLOAT)
[GdPAI | debug]   Snapshotting prop: held_item = Str("wood") (Variant type: STRING)
[GdPAI | debug]   Snapshotting prop: at_target = Nil (Variant type: NIL)
WARNING: [GdPAI] ObjectRef(124621163998): object was freed before callback; returning Nil.
   at: gdplanningai_rust::logger::process_logs (src\logger.rs:66)
   GDScript backtrace (most recent call first):
       [0] _process (res://addons/GdPlanningAI/gdpai_autoload.gd:21)
WARNING: [GdPAI] ObjectRef(124621163998): object was freed before callback; returning Nil.
   at: gdplanningai_rust::logger::process_logs (src\logger.rs:66)
   GDScript backtrace (most recent call first):
       [0] _process (res://addons/GdPlanningAI/gdpai_autoload.gd:21)
[GdPAI | debug] GetCost: callable returned non-numeric value: null; returning INFINITY
[GdPAI | debug] Found candidate: Dig Potato (satisfied preconds: [], requirements: [0])
WARNING: [GdPAI] ObjectRef(124621163998): object was freed before callback; returning Nil.
   at: gdplanningai_rust::logger::process_logs (src\logger.rs:66)
   GDScript backtrace (most recent call first):
       [0] _start_plan_and_wait (res://test/integration/test_campfire_example_smoke.gd:57)
WARNING: [GdPAI] ObjectRef(124621163998): object was freed before callback; returning Nil.
   at: gdplanningai_rust::logger::process_logs (src\logger.rs:66)
   GDScript backtrace (most recent call first):
       [0] _start_plan_and_wait (res://test/integration/test_campfire_example_smoke.gd:57)
[GdPAI | debug] ApplyEffect [Before] ID=InstanceId(-9223369989765972838): agent props = {"hunger": 70.0627442063492, "entity": null, "held_item": ""}
[GdPAI | debug] ApplyEffect [After] ID=InstanceId(-9223369989765972838): agent props = {"hunger": 70.0627442063492, "entity": null, "held_item": ""}
[GdPAI | debug]   Snapshotting prop: hunger = Float(70.0627442063492) (Variant type: FLOAT)
[GdPAI | debug]   Snapshotting prop: entity = Nil (Variant type: NIL)
[GdPAI | debug]   Snapshotting prop: held_item = Str("") (Variant type: STRING)
WARNING: [GdPAI] ObjectRef(124621163998): object was freed before callback; returning Nil.
   at: gdplanningai_rust::logger::process_logs (src\logger.rs:66)
   GDScript backtrace (most recent call first):
       [0] _process (res://addons/GdPlanningAI/gdpai_autoload.gd:21)
[GdPAI | debug] GetCost: callable returned non-numeric value: null; returning INFINITY
WARNING: [GdPAI] ObjectRef(124621163998): object was freed before callback; returning Nil.
   at: gdplanningai_rust::logger::process_logs (src\logger.rs:66)
   GDScript backtrace (most recent call first):
       [0] _start_plan_and_wait (res://test/integration/test_campfire_example_smoke.gd:57)
[GdPAI | debug] ApplyEffect [Before] ID=InstanceId(-9223369987316499335): agent props = {"held_item": "", "hunger": 70.0627442063492, "entity": null}
[GdPAI | debug] ApplyEffect [After] ID=InstanceId(-9223369987316499335): agent props = {"held_item": "", "hunger": 70.0627442063492, "entity": null}
[GdPAI | debug]   Snapshotting prop: held_item = Str("") (Variant type: STRING)
[GdPAI | debug]   Snapshotting prop: hunger = Float(70.0627442063492) (Variant type: FLOAT)
[GdPAI | debug]   Snapshotting prop: entity = Nil (Variant type: NIL)
WARNING: [GdPAI] ObjectRef(124621163998): object was freed before callback; returning Nil.
   at: gdplanningai_rust::logger::process_logs (src\logger.rs:66)
   GDScript backtrace (most recent call first):
       [0] _process (res://addons/GdPlanningAI/gdpai_autoload.gd:21)
WARNING: [GdPAI] ObjectRef(124134624705): object was freed before callback; returning Nil.
   at: gdplanningai_rust::logger::process_logs (src\logger.rs:66)
   GDScript backtrace (most recent call first):
       [0] _process (res://addons/GdPlanningAI/gdpai_autoload.gd:21)
WARNING: [GdPAI] ObjectRef(124134624705): object was freed before callback; returning Nil.
   at: gdplanningai_rust::logger::process_logs (src\logger.rs:66)
   GDScript backtrace (most recent call first):
       [0] _process (res://addons/GdPlanningAI/gdpai_autoload.gd:21)
[GdPAI | debug] GetCost: callable returned non-numeric value: null; returning INFINITY
[GdPAI | debug] Found candidate: Dig Potato (satisfied preconds: [], requirements: [0])
WARNING: [GdPAI] ObjectRef(124621163998): object was freed before callback; returning Nil.
   at: gdplanningai_rust::logger::process_logs (src\logger.rs:66)
   GDScript backtrace (most recent call first):
       [0] _start_plan_and_wait (res://test/integration/test_campfire_example_smoke.gd:57)
WARNING: [GdPAI] ObjectRef(124134624705): object was freed before callback; returning Nil.
   at: gdplanningai_rust::logger::process_logs (src\logger.rs:66)
   GDScript backtrace (most recent call first):
       [0] _start_plan_and_wait (res://test/integration/test_campfire_example_smoke.gd:57)
WARNING: [GdPAI] ObjectRef(124134624705): object was freed before callback; returning Nil.
   at: gdplanningai_rust::logger::process_logs (src\logger.rs:66)
   GDScript backtrace (most recent call first):
       [0] _start_plan_and_wait (res://test/integration/test_campfire_example_smoke.gd:57)
[GdPAI | debug] ApplyEffect [Before] ID=InstanceId(-9223369984816694117): agent props = {"entity": null, "held_item": "", "hunger": 70.0627442063492, "at_target": null}
[GdPAI | debug] ApplyEffect [After] ID=InstanceId(-9223369984816694117): agent props = {"entity": null, "held_item": "", "hunger": 70.0627442063492, "at_target": null}
[GdPAI | debug]   Snapshotting prop: entity = Nil (Variant type: NIL)
[GdPAI | debug]   Snapshotting prop: held_item = Str("") (Variant type: STRING)
[GdPAI | debug]   Snapshotting prop: hunger = Float(70.0627442063492) (Variant type: FLOAT)
[GdPAI | debug]   Snapshotting prop: at_target = Nil (Variant type: NIL)
WARNING: [GdPAI] ObjectRef(124621163998): object was freed before callback; returning Nil.
   at: gdplanningai_rust::logger::process_logs (src\logger.rs:66)
   GDScript backtrace (most recent call first):
       [0] _process (res://addons/GdPlanningAI/gdpai_autoload.gd:21)
WARNING: [GdPAI] ObjectRef(124134624705): object was freed before callback; returning Nil.
   at: gdplanningai_rust::logger::process_logs (src\logger.rs:66)
   GDScript backtrace (most recent call first):
       [0] _process (res://addons/GdPlanningAI/gdpai_autoload.gd:21)
WARNING: [GdPAI] ObjectRef(124134624705): object was freed before callback; returning Nil.
   at: gdplanningai_rust::logger::process_logs (src\logger.rs:66)
   GDScript backtrace (most recent call first):
       [0] _process (res://addons/GdPlanningAI/gdpai_autoload.gd:21)
[GdPAI | debug] GetCost: callable returned non-numeric value: null; returning INFINITY
WARNING: [GdPAI] ObjectRef(124621163998): object was freed before callback; returning Nil.
   at: gdplanningai_rust::logger::process_logs (src\logger.rs:66)
   GDScript backtrace (most recent call first):
       [0] _start_plan_and_wait (res://test/integration/test_campfire_example_smoke.gd:57)
WARNING: [GdPAI] ObjectRef(124134624705): object was freed before callback; returning Nil.
   at: gdplanningai_rust::logger::process_logs (src\logger.rs:66)
   GDScript backtrace (most recent call first):
       [0] _start_plan_and_wait (res://test/integration/test_campfire_example_smoke.gd:57)
WARNING: [GdPAI] ObjectRef(124134624705): object was freed before callback; returning Nil.
   at: gdplanningai_rust::logger::process_logs (src\logger.rs:66)
   GDScript backtrace (most recent call first):
       [0] _start_plan_and_wait (res://test/integration/test_campfire_example_smoke.gd:57)
[GdPAI | debug] ApplyEffect [Before] ID=InstanceId(-9223369982216225618): agent props = {"at_target": null, "hunger": 70.0627442063492, "entity": null, "held_item": ""}
[GdPAI | debug] ApplyEffect [After] ID=InstanceId(-9223369982216225618): agent props = {"at_target": null, "hunger": 70.0627442063492, "entity": null, "held_item": ""}
[GdPAI | debug]   Snapshotting prop: at_target = Nil (Variant type: NIL)
[GdPAI | debug]   Snapshotting prop: hunger = Float(70.0627442063492) (Variant type: FLOAT)
[GdPAI | debug]   Snapshotting prop: entity = Nil (Variant type: NIL)
[GdPAI | debug]   Snapshotting prop: held_item = Str("") (Variant type: STRING)
WARNING: [GdPAI] ObjectRef(124621163998): object was freed before callback; returning Nil.
   at: gdplanningai_rust::logger::process_logs (src\logger.rs:66)
   GDScript backtrace (most recent call first):
       [0] _process (res://addons/GdPlanningAI/gdpai_autoload.gd:21)
[GdPAI | debug] GetCost: callable returned non-numeric value: null; returning INFINITY
[GdPAI | debug] Found candidate: Dig Potato (satisfied preconds: [], requirements: [0])
WARNING: [GdPAI] ObjectRef(124621163998): object was freed before callback; returning Nil.
   at: gdplanningai_rust::logger::process_logs (src\logger.rs:66)
   GDScript backtrace (most recent call first):
       [0] _start_plan_and_wait (res://test/integration/test_campfire_example_smoke.gd:57)
[GdPAI | debug] ApplyEffect [Before] ID=InstanceId(-9223369979716420425): agent props = {"at_target": null, "hunger": 70.0627442063492, "entity": null, "held_item": "wood"}
[GdPAI | debug] ApplyEffect [After] ID=InstanceId(-9223369979716420425): agent props = {"at_target": null, "hunger": 70.0627442063492, "entity": null, "held_item": "wood"}
[GdPAI | debug]   Snapshotting prop: at_target = Nil (Variant type: NIL)
[GdPAI | debug]   Snapshotting prop: hunger = Float(70.0627442063492) (Variant type: FLOAT)
[GdPAI | debug]   Snapshotting prop: entity = Nil (Variant type: NIL)
[GdPAI | debug]   Snapshotting prop: held_item = Str("wood") (Variant type: STRING)
[GdPAI] A* Iteration: pop node with chain length 5
[GdPAI | debug] Numeric comparison: 70.0627442063492 LessThan 55.062744206349194 -> false
[GdPAI | debug] find_candidates: Checking 15 actions against 0 preconds and 0 requirements
WARNING: [GdPAI] ObjectRef(124621163998): object was freed before callback; returning Nil.
   at: gdplanningai_rust::logger::process_logs (src\logger.rs:66)
   GDScript backtrace (most recent call first):
       [0] _process (res://addons/GdPlanningAI/gdpai_autoload.gd:21)
WARNING: [GdPAI] ObjectRef(124621163998): object was freed before callback; returning Nil.
   at: gdplanningai_rust::logger::process_logs (src\logger.rs:66)
   GDScript backtrace (most recent call first):
       [0] _process (res://addons/GdPlanningAI/gdpai_autoload.gd:21)
WARNING: [GdPAI] ObjectRef(124621163998): object was freed before callback; returning Nil.
   at: gdplanningai_rust::logger::process_logs (src\logger.rs:66)
   GDScript backtrace (most recent call first):
       [0] _start_plan_and_wait (res://test/integration/test_campfire_example_smoke.gd:57)
WARNING: [GdPAI] ObjectRef(124621163998): object was freed before callback; returning Nil.
   at: gdplanningai_rust::logger::process_logs (src\logger.rs:66)
   GDScript backtrace (most recent call first):
       [0] _start_plan_and_wait (res://test/integration/test_campfire_example_smoke.gd:57)
WARNING: [GdPAI] ObjectRef(124621163998): object was freed before callback; returning Nil.
   at: gdplanningai_rust::logger::process_logs (src\logger.rs:66)
   GDScript backtrace (most recent call first):
       [0] _process (res://addons/GdPlanningAI/gdpai_autoload.gd:21)
WARNING: [GdPAI] ObjectRef(124621163998): object was freed before callback; returning Nil.
   at: gdplanningai_rust::logger::process_logs (src\logger.rs:66)
   GDScript backtrace (most recent call first):
       [0] _process (res://addons/GdPlanningAI/gdpai_autoload.gd:21)
[GdPAI | debug] Discovery: Action Cook Potato failed validity check, skipping
[GdPAI | debug] Found candidate: Dig Potato (satisfied preconds: [], requirements: [0])
WARNING: [GdPAI] ObjectRef(124621163998): object was freed before callback; returning Nil.
   at: gdplanningai_rust::logger::process_logs (src\logger.rs:66)
   GDScript backtrace (most recent call first):
       [0] _start_plan_and_wait (res://test/integration/test_campfire_example_smoke.gd:57)
WARNING: [GdPAI] ObjectRef(124621163998): object was freed before callback; returning Nil.
   at: gdplanningai_rust::logger::process_logs (src\logger.rs:66)
   GDScript backtrace (most recent call first):
       [0] _start_plan_and_wait (res://test/integration/test_campfire_example_smoke.gd:57)
[GdPAI | debug] Discovery: Action Dig Potato failed validity check, skipping
WARNING: [GdPAI] ObjectRef(124621163998): object was freed before callback; returning Nil.
   at: gdplanningai_rust::logger::process_logs (src\logger.rs:66)
   GDScript backtrace (most recent call first):
       [0] _process (res://addons/GdPlanningAI/gdpai_autoload.gd:21)
WARNING: [GdPAI] ObjectRef(124621163998): object was freed before callback; returning Nil.
   at: gdplanningai_rust::logger::process_logs (src\logger.rs:66)
   GDScript backtrace (most recent call first):
       [0] _process (res://addons/GdPlanningAI/gdpai_autoload.gd:21)
[GdPAI | debug] Discovery: Action Dig Potato failed validity check, skipping
WARNING: [GdPAI] ObjectRef(124621163998): object was freed before callback; returning Nil.
   at: gdplanningai_rust::logger::process_logs (src\logger.rs:66)
   GDScript backtrace (most recent call first):
       [0] _start_plan_and_wait (res://test/integration/test_campfire_example_smoke.gd:57)
WARNING: [GdPAI] ObjectRef(124621163998): object was freed before callback; returning Nil.
   at: gdplanningai_rust::logger::process_logs (src\logger.rs:66)
   GDScript backtrace (most recent call first):
       [0] _start_plan_and_wait (res://test/integration/test_campfire_example_smoke.gd:57)
[GdPAI | debug] Discovery: Action Dig Potato failed validity check, skipping
WARNING: [GdPAI] ObjectRef(124621163998): object was freed before callback; returning Nil.
   at: gdplanningai_rust::logger::process_logs (src\logger.rs:66)
   GDScript backtrace (most recent call first):
       [0] _process (res://addons/GdPlanningAI/gdpai_autoload.gd:21)
WARNING: [GdPAI] ObjectRef(124621163998): object was freed before callback; returning Nil.
   at: gdplanningai_rust::logger::process_logs (src\logger.rs:66)
   GDScript backtrace (most recent call first):
       [0] _process (res://addons/GdPlanningAI/gdpai_autoload.gd:21)
[GdPAI | debug] Discovery: Action Dig Potato failed validity check, skipping
[GdPAI | debug] Found candidate: Dig Potato (satisfied preconds: [], requirements: [0])
WARNING: [GdPAI] ObjectRef(124621163998): object was freed before callback; returning Nil.
   at: gdplanningai_rust::logger::process_logs (src\logger.rs:66)
   GDScript backtrace (most recent call first):
       [0] _start_plan_and_wait (res://test/integration/test_campfire_example_smoke.gd:57)
WARNING: [GdPAI] ObjectRef(124621163998): object was freed before callback; returning Nil.
   at: gdplanningai_rust::logger::process_logs (src\logger.rs:66)
   GDScript backtrace (most recent call first):
       [0] _start_plan_and_wait (res://test/integration/test_campfire_example_smoke.gd:57)
[GdPAI | debug] Discovery: Action Dig Potato failed validity check, skipping
[GdPAI | debug] No candidates found for branch with 0 preconds and 0 requirements
[GdPAI] A* Iteration: pop node with chain length 4
[GdPAI | debug] find_candidates: Checking 15 actions against 0 preconds and 4 requirements
WARNING: [GdPAI] ObjectRef(124621163998): object was freed before callback; returning Nil.
   at: gdplanningai_rust::logger::process_logs (src\logger.rs:66)
   GDScript backtrace (most recent call first):
       [0] _process (res://addons/GdPlanningAI/gdpai_autoload.gd:21)
WARNING: [GdPAI] ObjectRef(124621163998): object was freed before callback; returning Nil.
   at: gdplanningai_rust::logger::process_logs (src\logger.rs:66)
   GDScript backtrace (most recent call first):
       [0] _process (res://addons/GdPlanningAI/gdpai_autoload.gd:21)
[GdPAI | debug] Found candidate: Go To (satisfied preconds: [], requirements: [0, 1])
[GdPAI | debug] ApplyEffect [Before] ID=InstanceId(-9223369967938814736): agent props = {"hunger": 95.0603725, "entity": VariantGd { id: 1382643928884, class: RigidBody2D }, "held_item": "potato"}
[GdPAI | debug] ApplyEffect [After] ID=InstanceId(-9223369967938814736): agent props = {"entity": VariantGd { id: 1382643928884, class: RigidBody2D }, "held_item": "cooked_potato", "hunger": 95.0603725}
[GdPAI | debug]   Snapshotting prop: entity = ObjectRef(1382643928884) (Variant type: OBJECT)
[GdPAI | debug]   Snapshotting prop: held_item = Str("cooked_potato") (Variant type: STRING)
[GdPAI | debug]   Snapshotting prop: hunger = Float(95.0603725) (Variant type: FLOAT)
WARNING: [GdPAI] ObjectRef(124621163998): object was freed before callback; returning Nil.
   at: gdplanningai_rust::logger::process_logs (src\logger.rs:66)
   GDScript backtrace (most recent call first):
       [0] _start_plan_and_wait (res://test/integration/test_campfire_example_smoke.gd:57)
WARNING: [GdPAI] ObjectRef(124621163998): object was freed before callback; returning Nil.
   at: gdplanningai_rust::logger::process_logs (src\logger.rs:66)
   GDScript backtrace (most recent call first):
       [0] _start_plan_and_wait (res://test/integration/test_campfire_example_smoke.gd:57)
[GdPAI | debug] Found candidate: Go To (satisfied preconds: [], requirements: [0, 1])
WARNING: [GdPAI] ObjectRef(124621163998): object was freed before callback; returning Nil.
   at: gdplanningai_rust::logger::process_logs (src\logger.rs:66)
   GDScript backtrace (most recent call first):
       [0] _process (res://addons/GdPlanningAI/gdpai_autoload.gd:21)
WARNING: [GdPAI] ObjectRef(124621163998): object was freed before callback; returning Nil.
   at: gdplanningai_rust::logger::process_logs (src\logger.rs:66)
   GDScript backtrace (most recent call first):
       [0] _process (res://addons/GdPlanningAI/gdpai_autoload.gd:21)
[GdPAI | debug] Discovery: Action Cook Potato failed validity check, skipping
[GdPAI | debug] Found candidate: Pick Up Wood (satisfied preconds: [], requirements: [2])
[GdPAI | debug] Found candidate: Pick Up Wood (satisfied preconds: [], requirements: [2])
[GdPAI | debug] Found candidate: Pick Up Wood (satisfied preconds: [], requirements: [2])
[GdPAI | debug] Found candidate: Pick Up Wood (satisfied preconds: [], requirements: [2])
[GdPAI | debug] ApplyEffect [Before] ID=InstanceId(-9223369965439009554): agent props = {"held_item": "cooked_potato", "hunger": 95.0603725, "at_target": VariantGd { id: 1382157389614, class: Node }, "entity": VariantGd { id: 1382643928884, class: RigidBody2D }}
[GdPAI | debug] ApplyEffect [After] ID=InstanceId(-9223369965439009554): agent props = {"held_item": "cooked_potato", "hunger": 95.0603725, "at_target": VariantGd { id: 1382157389614, class: Node }, "entity": VariantGd { id: 1382643928884, class: RigidBody2D }}
[GdPAI | debug]   Snapshotting prop: held_item = Str("cooked_potato") (Variant type: STRING)
[GdPAI | debug]   Snapshotting prop: hunger = Float(95.0603725) (Variant type: FLOAT)
[GdPAI | debug]   Snapshotting prop: at_target = ObjectRef(1382157389614) (Variant type: OBJECT)
[GdPAI | debug]   Snapshotting prop: entity = ObjectRef(1382643928884) (Variant type: OBJECT)
WARNING: [GdPAI] ObjectRef(124621163998): object was freed before callback; returning Nil.
   at: gdplanningai_rust::logger::process_logs (src\logger.rs:66)
   GDScript backtrace (most recent call first):
       [0] _start_plan_and_wait (res://test/integration/test_campfire_example_smoke.gd:57)
WARNING: [GdPAI] ObjectRef(124621163998): object was freed before callback; returning Nil.
   at: gdplanningai_rust::logger::process_logs (src\logger.rs:66)
   GDScript backtrace (most recent call first):
       [0] _start_plan_and_wait (res://test/integration/test_campfire_example_smoke.gd:57)
[GdPAI | debug] Discovery: Action Dig Potato failed validity check, skipping
WARNING: [GdPAI] ObjectRef(124621163998): object was freed before callback; returning Nil.
   at: gdplanningai_rust::logger::process_logs (src\logger.rs:66)
   GDScript backtrace (most recent call first):
       [0] _process (res://addons/GdPlanningAI/gdpai_autoload.gd:21)
WARNING: [GdPAI] ObjectRef(124621163998): object was freed before callback; returning Nil.
   at: gdplanningai_rust::logger::process_logs (src\logger.rs:66)
   GDScript backtrace (most recent call first):
       [0] _process (res://addons/GdPlanningAI/gdpai_autoload.gd:21)
[GdPAI | debug] Discovery: Action Dig Potato failed validity check, skipping
[GdPAI | debug] ApplyEffect [Before] ID=InstanceId(-9223369962939204352): agent props = {"held_item": "cooked_potato", "hunger": 95.0603725, "entity": VariantGd { id: 1382643928884, class: RigidBody2D }, "at_target": VariantGd { id: 1382157389614, class: Node }}
[GdPAI | debug] ApplyEffect [After] ID=InstanceId(-9223369962939204352): agent props = {"held_item": "wood", "hunger": 95.0603725, "entity": VariantGd { id: 1382643928884, class: RigidBody2D }, "at_target": VariantGd { id: 1382157389614, class: Node }}
[GdPAI | debug]   Snapshotting prop: held_item = Str("wood") (Variant type: STRING)
[GdPAI | debug]   Snapshotting prop: hunger = Float(95.0603725) (Variant type: FLOAT)
[GdPAI | debug]   Snapshotting prop: entity = ObjectRef(1382643928884) (Variant type: OBJECT)
[GdPAI | debug]   Snapshotting prop: at_target = ObjectRef(1382157389614) (Variant type: OBJECT)
WARNING: [GdPAI] ObjectRef(124621163998): object was freed before callback; returning Nil.
   at: gdplanningai_rust::logger::process_logs (src\logger.rs:66)
   GDScript backtrace (most recent call first):
       [0] _start_plan_and_wait (res://test/integration/test_campfire_example_smoke.gd:57)
WARNING: [GdPAI] ObjectRef(124621163998): object was freed before callback; returning Nil.
   at: gdplanningai_rust::logger::process_logs (src\logger.rs:66)
   GDScript backtrace (most recent call first):
       [0] _start_plan_and_wait (res://test/integration/test_campfire_example_smoke.gd:57)
[GdPAI | debug] Discovery: Action Dig Potato failed validity check, skipping
WARNING: [GdPAI] ObjectRef(124621163998): object was freed before callback; returning Nil.
   at: gdplanningai_rust::logger::process_logs (src\logger.rs:66)
   GDScript backtrace (most recent call first):
       [0] _process (res://addons/GdPlanningAI/gdpai_autoload.gd:21)
WARNING: [GdPAI] ObjectRef(124621163998): object was freed before callback; returning Nil.
   at: gdplanningai_rust::logger::process_logs (src\logger.rs:66)
   GDScript backtrace (most recent call first):
       [0] _process (res://addons/GdPlanningAI/gdpai_autoload.gd:21)
[GdPAI | debug] Discovery: Action Dig Potato failed validity check, skipping
[GdPAI | debug] ApplyEffect [Before] ID=InstanceId(-9223369960439399164): agent props = {"at_target": VariantGd { id: 1382157389614, class: Node }, "entity": VariantGd { id: 1382643928884, class: RigidBody2D }, "hunger": 95.0603725, "held_item": "wood"}
[GdPAI | debug] ApplyEffect [After] ID=InstanceId(-9223369960439399164): agent props = {"at_target": VariantGd { id: 1382157389614, class: Node }, "entity": VariantGd { id: 1382643928884, class: RigidBody2D }, "hunger": 95.0603725, "held_item": "wood"}
[GdPAI | debug]   Snapshotting prop: at_target = ObjectRef(1382157389614) (Variant type: OBJECT)
[GdPAI | debug]   Snapshotting prop: entity = ObjectRef(1382643928884) (Variant type: OBJECT)
[GdPAI | debug]   Snapshotting prop: hunger = Float(95.0603725) (Variant type: FLOAT)
[GdPAI | debug]   Snapshotting prop: held_item = Str("wood") (Variant type: STRING)
WARNING: [GdPAI] ObjectRef(124621163998): object was freed before callback; returning Nil.
   at: gdplanningai_rust::logger::process_logs (src\logger.rs:66)
   GDScript backtrace (most recent call first):
       [0] _start_plan_and_wait (res://test/integration/test_campfire_example_smoke.gd:57)
WARNING: [GdPAI] ObjectRef(124621163998): object was freed before callback; returning Nil.
   at: gdplanningai_rust::logger::process_logs (src\logger.rs:66)
   GDScript backtrace (most recent call first):
       [0] _start_plan_and_wait (res://test/integration/test_campfire_example_smoke.gd:57)
[GdPAI | debug] Discovery: Action Dig Potato failed validity check, skipping
WARNING: [GdPAI] ObjectRef(124621163998): object was freed before callback; returning Nil.
   at: gdplanningai_rust::logger::process_logs (src\logger.rs:66)
   GDScript backtrace (most recent call first):
       [0] _process (res://addons/GdPlanningAI/gdpai_autoload.gd:21)
WARNING: [GdPAI] ObjectRef(124621163998): object was freed before callback; returning Nil.
   at: gdplanningai_rust::logger::process_logs (src\logger.rs:66)
   GDScript backtrace (most recent call first):
       [0] _process (res://addons/GdPlanningAI/gdpai_autoload.gd:21)
WARNING: [GdPAI] ObjectRef(124134624705): object was freed before callback; returning Nil.
   at: gdplanningai_rust::logger::process_logs (src\logger.rs:66)
   GDScript backtrace (most recent call first):
       [0] _process (res://addons/GdPlanningAI/gdpai_autoload.gd:21)
WARNING: [GdPAI] ObjectRef(125510356497): object was freed before callback; returning Nil.
   at: gdplanningai_rust::logger::process_logs (src\logger.rs:66)
   GDScript backtrace (most recent call first):
       [0] _process (res://addons/GdPlanningAI/gdpai_autoload.gd:21)
WARNING: [GdPAI] ObjectRef(124134624705): object was freed before callback; returning Nil.
   at: gdplanningai_rust::logger::process_logs (src\logger.rs:66)
   GDScript backtrace (most recent call first):
       [0] _process (res://addons/GdPlanningAI/gdpai_autoload.gd:21)
WARNING: [GdPAI] ObjectRef(125510356497): object was freed before callback; returning Nil.
   at: gdplanningai_rust::logger::process_logs (src\logger.rs:66)
   GDScript backtrace (most recent call first):
       [0] _process (res://addons/GdPlanningAI/gdpai_autoload.gd:21)
[GdPAI | debug] GetCost: callable returned non-numeric value: null; returning INFINITY
[GdPAI | debug] ApplyEffect [Before] ID=InstanceId(-9223369957939593968): agent props = {"entity": VariantGd { id: 1382643928884, class: RigidBody2D }, "hunger": 95.0603725, "held_item": ""}
[GdPAI | debug] ApplyEffect [After] ID=InstanceId(-9223369957939593968): agent props = {"entity": VariantGd { id: 1382643928884, class: RigidBody2D }, "hunger": 95.0603725, "held_item": "potato"}
[GdPAI | debug]   Snapshotting prop: entity = ObjectRef(1382643928884) (Variant type: OBJECT)
[GdPAI | debug]   Snapshotting prop: hunger = Float(95.0603725) (Variant type: FLOAT)
[GdPAI | debug]   Snapshotting prop: held_item = Str("potato") (Variant type: STRING)
WARNING: [GdPAI] ObjectRef(124621163998): object was freed before callback; returning Nil.
   at: gdplanningai_rust::logger::process_logs (src\logger.rs:66)
   GDScript backtrace (most recent call first):
       [0] _start_plan_and_wait (res://test/integration/test_campfire_example_smoke.gd:57)
WARNING: [GdPAI] ObjectRef(124621163998): object was freed before callback; returning Nil.
   at: gdplanningai_rust::logger::process_logs (src\logger.rs:66)
   GDScript backtrace (most recent call first):
       [0] _start_plan_and_wait (res://test/integration/test_campfire_example_smoke.gd:57)
WARNING: [GdPAI] ObjectRef(124134624705): object was freed before callback; returning Nil.
   at: gdplanningai_rust::logger::process_logs (src\logger.rs:66)
   GDScript backtrace (most recent call first):
       [0] _start_plan_and_wait (res://test/integration/test_campfire_example_smoke.gd:57)
WARNING: [GdPAI] ObjectRef(125510356497): object was freed before callback; returning Nil.
   at: gdplanningai_rust::logger::process_logs (src\logger.rs:66)
   GDScript backtrace (most recent call first):
       [0] _start_plan_and_wait (res://test/integration/test_campfire_example_smoke.gd:57)
WARNING: [GdPAI] ObjectRef(124134624705): object was freed before callback; returning Nil.
   at: gdplanningai_rust::logger::process_logs (src\logger.rs:66)
   GDScript backtrace (most recent call first):
       [0] _start_plan_and_wait (res://test/integration/test_campfire_example_smoke.gd:57)
WARNING: [GdPAI] ObjectRef(125510356497): object was freed before callback; returning Nil.
   at: gdplanningai_rust::logger::process_logs (src\logger.rs:66)
   GDScript backtrace (most recent call first):
       [0] _start_plan_and_wait (res://test/integration/test_campfire_example_smoke.gd:57)
[GdPAI | debug] ApplyEffect [Before] ID=InstanceId(-9223369957067178699): agent props = {"held_item": "", "entity": null, "at_target": null, "hunger": 70.0627442063492}
[GdPAI | debug] ApplyEffect [After] ID=InstanceId(-9223369957067178699): agent props = {"held_item": "", "entity": null, "at_target": null, "hunger": 70.0627442063492}
[GdPAI | debug]   Snapshotting prop: held_item = Str("") (Variant type: STRING)
[GdPAI | debug]   Snapshotting prop: entity = Nil (Variant type: NIL)
[GdPAI | debug]   Snapshotting prop: at_target = Nil (Variant type: NIL)
[GdPAI | debug]   Snapshotting prop: hunger = Float(70.0627442063492) (Variant type: FLOAT)
WARNING: [GdPAI] ObjectRef(124621163998): object was freed before callback; returning Nil.
   at: gdplanningai_rust::logger::process_logs (src\logger.rs:66)
   GDScript backtrace (most recent call first):
       [0] _process (res://addons/GdPlanningAI/gdpai_autoload.gd:21)
[GdPAI | debug] GetCost: callable returned non-numeric value: null; returning INFINITY
[GdPAI | debug] ApplyEffect [Before] ID=InstanceId(-9223369955037135582): agent props = {"entity": VariantGd { id: 1382643928884, class: RigidBody2D }, "hunger": 95.0603725, "held_item": "potato", "at_target": VariantGd { id: 1382157389614, class: Node }}
[GdPAI | debug] ApplyEffect [After] ID=InstanceId(-9223369955037135582): agent props = {"entity": VariantGd { id: 1382643928884, class: RigidBody2D }, "hunger": 95.0603725, "held_item": "potato", "at_target": VariantGd { id: 1382157389614, class: Node }}
[GdPAI | debug]   Snapshotting prop: entity = ObjectRef(1382643928884) (Variant type: OBJECT)
[GdPAI | debug]   Snapshotting prop: hunger = Float(95.0603725) (Variant type: FLOAT)
[GdPAI | debug]   Snapshotting prop: held_item = Str("potato") (Variant type: STRING)
[GdPAI | debug]   Snapshotting prop: at_target = ObjectRef(1382157389614) (Variant type: OBJECT)
WARNING: [GdPAI] ObjectRef(124621163998): object was freed before callback; returning Nil.
   at: gdplanningai_rust::logger::process_logs (src\logger.rs:66)
   GDScript backtrace (most recent call first):
       [0] _start_plan_and_wait (res://test/integration/test_campfire_example_smoke.gd:57)
[GdPAI | debug] ApplyEffect [Before] ID=InstanceId(-9223369954416378549): agent props = {"hunger": 70.0627442063492, "at_target": null, "entity": null, "held_item": ""}
[GdPAI | debug] ApplyEffect [After] ID=InstanceId(-9223369954416378549): agent props = {"hunger": 70.0627442063492, "at_target": null, "entity": null, "held_item": ""}
[GdPAI | debug]   Snapshotting prop: hunger = Float(70.0627442063492) (Variant type: FLOAT)
[GdPAI | debug]   Snapshotting prop: at_target = Nil (Variant type: NIL)
[GdPAI | debug]   Snapshotting prop: entity = Nil (Variant type: NIL)
[GdPAI | debug]   Snapshotting prop: held_item = Str("") (Variant type: STRING)
WARNING: [GdPAI] ObjectRef(124621163998): object was freed before callback; returning Nil.
   at: gdplanningai_rust::logger::process_logs (src\logger.rs:66)
   GDScript backtrace (most recent call first):
       [0] _process (res://addons/GdPlanningAI/gdpai_autoload.gd:21)
WARNING: [GdPAI] ObjectRef(125510356497): object was freed before callback; returning Nil.
   at: gdplanningai_rust::logger::process_logs (src\logger.rs:66)
   GDScript backtrace (most recent call first):
       [0] _process (res://addons/GdPlanningAI/gdpai_autoload.gd:21)
WARNING: [GdPAI] ObjectRef(125510356497): object was freed before callback; returning Nil.
   at: gdplanningai_rust::logger::process_logs (src\logger.rs:66)
   GDScript backtrace (most recent call first):
       [0] _process (res://addons/GdPlanningAI/gdpai_autoload.gd:21)
[GdPAI | debug] GetCost: callable returned non-numeric value: null; returning INFINITY
[GdPAI | debug] ApplyEffect [Before] ID=InstanceId(-9223369952637993685): agent props = {"held_item": "potato", "hunger": 95.0603725, "entity": VariantGd { id: 1382643928884, class: RigidBody2D }, "at_target": VariantGd { id: 1382157389614, class: Node }}
[GdPAI | debug] ApplyEffect [After] ID=InstanceId(-9223369952637993685): agent props = {"held_item": "wood", "hunger": 95.0603725, "entity": VariantGd { id: 1382643928884, class: RigidBody2D }, "at_target": VariantGd { id: 1382157389614, class: Node }}
[GdPAI | debug]   Snapshotting prop: held_item = Str("wood") (Variant type: STRING)
[GdPAI | debug]   Snapshotting prop: hunger = Float(95.0603725) (Variant type: FLOAT)
[GdPAI | debug]   Snapshotting prop: entity = ObjectRef(1382643928884) (Variant type: OBJECT)
[GdPAI | debug]   Snapshotting prop: at_target = ObjectRef(1382157389614) (Variant type: OBJECT)
WARNING: [GdPAI] ObjectRef(124621163998): object was freed before callback; returning Nil.
   at: gdplanningai_rust::logger::process_logs (src\logger.rs:66)
   GDScript backtrace (most recent call first):
       [0] _start_plan_and_wait (res://test/integration/test_campfire_example_smoke.gd:57)
WARNING: [GdPAI] ObjectRef(125510356497): object was freed before callback; returning Nil.
   at: gdplanningai_rust::logger::process_logs (src\logger.rs:66)
   GDScript backtrace (most recent call first):
       [0] _start_plan_and_wait (res://test/integration/test_campfire_example_smoke.gd:57)
WARNING: [GdPAI] ObjectRef(125510356497): object was freed before callback; returning Nil.
   at: gdplanningai_rust::logger::process_logs (src\logger.rs:66)
   GDScript backtrace (most recent call first):
       [0] _start_plan_and_wait (res://test/integration/test_campfire_example_smoke.gd:57)
[GdPAI | debug] ApplyEffect [Before] ID=InstanceId(-9223369951916573379): agent props = {"entity": null, "held_item": "", "at_target": null, "hunger": 70.0627442063492}
[GdPAI | debug] ApplyEffect [After] ID=InstanceId(-9223369951916573379): agent props = {"entity": null, "held_item": "", "at_target": null, "hunger": 70.0627442063492}
[GdPAI | debug]   Snapshotting prop: entity = Nil (Variant type: NIL)
[GdPAI | debug]   Snapshotting prop: held_item = Str("") (Variant type: STRING)
[GdPAI | debug]   Snapshotting prop: at_target = Nil (Variant type: NIL)
[GdPAI | debug]   Snapshotting prop: hunger = Float(70.0627442063492) (Variant type: FLOAT)
WARNING: [GdPAI] ObjectRef(124621163998): object was freed before callback; returning Nil.
   at: gdplanningai_rust::logger::process_logs (src\logger.rs:66)
   GDScript backtrace (most recent call first):
       [0] _process (res://addons/GdPlanningAI/gdpai_autoload.gd:21)
WARNING: [GdPAI] ObjectRef(124134624705): object was freed before callback; returning Nil.
   at: gdplanningai_rust::logger::process_logs (src\logger.rs:66)
   GDScript backtrace (most recent call first):
       [0] _process (res://addons/GdPlanningAI/gdpai_autoload.gd:21)
WARNING: [GdPAI] ObjectRef(124134624705): object was freed before callback; returning Nil.
   at: gdplanningai_rust::logger::process_logs (src\logger.rs:66)
   GDScript backtrace (most recent call first):
       [0] _process (res://addons/GdPlanningAI/gdpai_autoload.gd:21)
[GdPAI | debug] GetCost: callable returned non-numeric value: null; returning INFINITY
[GdPAI | debug] ApplyEffect [Before] ID=InstanceId(-9223369950037525150): agent props = {"entity": VariantGd { id: 1382643928884, class: RigidBody2D }, "at_target": VariantGd { id: 1382157389614, class: Node }, "hunger": 95.0603725, "held_item": "wood"}
[GdPAI | debug] ApplyEffect [After] ID=InstanceId(-9223369950037525150): agent props = {"entity": VariantGd { id: 1382643928884, class: RigidBody2D }, "at_target": VariantGd { id: 1382157389614, class: Node }, "hunger": 95.0603725, "held_item": "wood"}
[GdPAI | debug]   Snapshotting prop: entity = ObjectRef(1382643928884) (Variant type: OBJECT)
[GdPAI | debug]   Snapshotting prop: at_target = ObjectRef(1382157389614) (Variant type: OBJECT)
[GdPAI | debug]   Snapshotting prop: hunger = Float(95.0603725) (Variant type: FLOAT)
[GdPAI | debug]   Snapshotting prop: held_item = Str("wood") (Variant type: STRING)
WARNING: [GdPAI] ObjectRef(124621163998): object was freed before callback; returning Nil.
   at: gdplanningai_rust::logger::process_logs (src\logger.rs:66)
   GDScript backtrace (most recent call first):
       [0] _start_plan_and_wait (res://test/integration/test_campfire_example_smoke.gd:57)
WARNING: [GdPAI] ObjectRef(124134624705): object was freed before callback; returning Nil.
   at: gdplanningai_rust::logger::process_logs (src\logger.rs:66)
   GDScript backtrace (most recent call first):
       [0] _start_plan_and_wait (res://test/integration/test_campfire_example_smoke.gd:57)
WARNING: [GdPAI] ObjectRef(124134624705): object was freed before callback; returning Nil.
   at: gdplanningai_rust::logger::process_logs (src\logger.rs:66)
   GDScript backtrace (most recent call first):
       [0] _start_plan_and_wait (res://test/integration/test_campfire_example_smoke.gd:57)
[GdPAI | debug] ApplyEffect [Before] ID=InstanceId(-9223369949316104843): agent props = {"hunger": 70.0627442063492, "held_item": "", "entity": null, "at_target": null}
[GdPAI | debug] ApplyEffect [After] ID=InstanceId(-9223369949316104843): agent props = {"hunger": 70.0627442063492, "held_item": "", "entity": null, "at_target": null}
[GdPAI | debug]   Snapshotting prop: hunger = Float(70.0627442063492) (Variant type: FLOAT)
[GdPAI | debug]   Snapshotting prop: held_item = Str("") (Variant type: STRING)
[GdPAI | debug]   Snapshotting prop: entity = Nil (Variant type: NIL)
[GdPAI | debug]   Snapshotting prop: at_target = Nil (Variant type: NIL)
WARNING: [GdPAI] ObjectRef(124621163998): object was freed before callback; returning Nil.
   at: gdplanningai_rust::logger::process_logs (src\logger.rs:66)
   GDScript backtrace (most recent call first):
       [0] _process (res://addons/GdPlanningAI/gdpai_autoload.gd:21)
[GdPAI | debug] GetCost: callable returned non-numeric value: null; returning INFINITY
[GdPAI | debug] ApplyEffect [Before] ID=InstanceId(-9223369947437056681): agent props = {"hunger": 95.0603725, "entity": VariantGd { id: 1382643928884, class: RigidBody2D }, "held_item": ""}
[GdPAI | debug] ApplyEffect [After] ID=InstanceId(-9223369947437056681): agent props = {"hunger": 95.0603725, "entity": VariantGd { id: 1382643928884, class: RigidBody2D }, "held_item": "potato"}
[GdPAI | debug]   Snapshotting prop: hunger = Float(95.0603725) (Variant type: FLOAT)
[GdPAI | debug]   Snapshotting prop: entity = ObjectRef(1382643928884) (Variant type: OBJECT)
[GdPAI | debug]   Snapshotting prop: held_item = Str("potato") (Variant type: STRING)
WARNING: [GdPAI] ObjectRef(124621163998): object was freed before callback; returning Nil.
   at: gdplanningai_rust::logger::process_logs (src\logger.rs:66)
   GDScript backtrace (most recent call first):
       [0] _start_plan_and_wait (res://test/integration/test_campfire_example_smoke.gd:57)
[GdPAI | debug] ApplyEffect [Before] ID=InstanceId(-9223369946816299658): agent props = {"entity": null, "hunger": 70.0627442063492, "held_item": "wood", "at_target": null}
[GdPAI | debug] ApplyEffect [After] ID=InstanceId(-9223369946816299658): agent props = {"entity": null, "hunger": 70.0627442063492, "held_item": "wood", "at_target": null}
[GdPAI | debug]   Snapshotting prop: entity = Nil (Variant type: NIL)
[GdPAI | debug]   Snapshotting prop: hunger = Float(70.0627442063492) (Variant type: FLOAT)
[GdPAI | debug]   Snapshotting prop: held_item = Str("wood") (Variant type: STRING)
[GdPAI | debug]   Snapshotting prop: at_target = Nil (Variant type: NIL)
WARNING: [GdPAI] ObjectRef(124621163998): object was freed before callback; returning Nil.
   at: gdplanningai_rust::logger::process_logs (src\logger.rs:66)
   GDScript backtrace (most recent call first):
       [0] _process (res://addons/GdPlanningAI/gdpai_autoload.gd:21)
WARNING: [GdPAI] ObjectRef(124621163998): object was freed before callback; returning Nil.
   at: gdplanningai_rust::logger::process_logs (src\logger.rs:66)
   GDScript backtrace (most recent call first):
       [0] _process (res://addons/GdPlanningAI/gdpai_autoload.gd:21)
WARNING: [GdPAI] ObjectRef(124134624705): object was freed before callback; returning Nil.
   at: gdplanningai_rust::logger::process_logs (src\logger.rs:66)
   GDScript backtrace (most recent call first):
       [0] _process (res://addons/GdPlanningAI/gdpai_autoload.gd:21)
WARNING: [GdPAI] ObjectRef(125510356497): object was freed before callback; returning Nil.
   at: gdplanningai_rust::logger::process_logs (src\logger.rs:66)
   GDScript backtrace (most recent call first):
       [0] _process (res://addons/GdPlanningAI/gdpai_autoload.gd:21)
WARNING: [GdPAI] ObjectRef(124134624705): object was freed before callback; returning Nil.
   at: gdplanningai_rust::logger::process_logs (src\logger.rs:66)
   GDScript backtrace (most recent call first):
       [0] _process (res://addons/GdPlanningAI/gdpai_autoload.gd:21)
WARNING: [GdPAI] ObjectRef(125510356497): object was freed before callback; returning Nil.
   at: gdplanningai_rust::logger::process_logs (src\logger.rs:66)
   GDScript backtrace (most recent call first):
       [0] _process (res://addons/GdPlanningAI/gdpai_autoload.gd:21)
[GdPAI | debug] GetCost: callable returned non-numeric value: null; returning INFINITY
[GdPAI | debug] ApplyEffect [Before] ID=InstanceId(-9223369945037914766): agent props = {"entity": VariantGd { id: 1382643928884, class: RigidBody2D }, "held_item": "potato", "hunger": 95.0603725, "at_target": VariantGd { id: 1382157389614, class: Node }}
[GdPAI | debug] ApplyEffect [After] ID=InstanceId(-9223369945037914766): agent props = {"entity": VariantGd { id: 1382643928884, class: RigidBody2D }, "held_item": "potato", "hunger": 95.0603725, "at_target": VariantGd { id: 1382157389614, class: Node }}
[GdPAI | debug]   Snapshotting prop: entity = ObjectRef(1382643928884) (Variant type: OBJECT)
[GdPAI | debug]   Snapshotting prop: held_item = Str("potato") (Variant type: STRING)
[GdPAI | debug]   Snapshotting prop: hunger = Float(95.0603725) (Variant type: FLOAT)
[GdPAI | debug]   Snapshotting prop: at_target = ObjectRef(1382157389614) (Variant type: OBJECT)
WARNING: [GdPAI] ObjectRef(124621163998): object was freed before callback; returning Nil.
   at: gdplanningai_rust::logger::process_logs (src\logger.rs:66)
   GDScript backtrace (most recent call first):
       [0] _start_plan_and_wait (res://test/integration/test_campfire_example_smoke.gd:57)
WARNING: [GdPAI] ObjectRef(124621163998): object was freed before callback; returning Nil.
   at: gdplanningai_rust::logger::process_logs (src\logger.rs:66)
   GDScript backtrace (most recent call first):
       [0] _start_plan_and_wait (res://test/integration/test_campfire_example_smoke.gd:57)
WARNING: [GdPAI] ObjectRef(124134624705): object was freed before callback; returning Nil.
   at: gdplanningai_rust::logger::process_logs (src\logger.rs:66)
   GDScript backtrace (most recent call first):
       [0] _start_plan_and_wait (res://test/integration/test_campfire_example_smoke.gd:57)
WARNING: [GdPAI] ObjectRef(125510356497): object was freed before callback; returning Nil.
   at: gdplanningai_rust::logger::process_logs (src\logger.rs:66)
   GDScript backtrace (most recent call first):
       [0] _start_plan_and_wait (res://test/integration/test_campfire_example_smoke.gd:57)
WARNING: [GdPAI] ObjectRef(124134624705): object was freed before callback; returning Nil.
   at: gdplanningai_rust::logger::process_logs (src\logger.rs:66)
   GDScript backtrace (most recent call first):
       [0] _start_plan_and_wait (res://test/integration/test_campfire_example_smoke.gd:57)
WARNING: [GdPAI] ObjectRef(125510356497): object was freed before callback; returning Nil.
   at: gdplanningai_rust::logger::process_logs (src\logger.rs:66)
   GDScript backtrace (most recent call first):
       [0] _start_plan_and_wait (res://test/integration/test_campfire_example_smoke.gd:57)
[GdPAI | debug] ApplyEffect [Before] ID=InstanceId(-9223369944165499515): agent props = {"held_item": "", "entity": null, "hunger": 70.0627442063492, "at_target": null}
[GdPAI | debug] ApplyEffect [After] ID=InstanceId(-9223369944165499515): agent props = {"held_item": "", "entity": null, "hunger": 70.0627442063492, "at_target": null}
[GdPAI | debug]   Snapshotting prop: held_item = Str("") (Variant type: STRING)
[GdPAI | debug]   Snapshotting prop: entity = Nil (Variant type: NIL)
[GdPAI | debug]   Snapshotting prop: hunger = Float(70.0627442063492) (Variant type: FLOAT)
[GdPAI | debug]   Snapshotting prop: at_target = Nil (Variant type: NIL)
WARNING: [GdPAI] ObjectRef(124621163998): object was freed before callback; returning Nil.
   at: gdplanningai_rust::logger::process_logs (src\logger.rs:66)
   GDScript backtrace (most recent call first):
       [0] _process (res://addons/GdPlanningAI/gdpai_autoload.gd:21)
[GdPAI | debug] GetCost: callable returned non-numeric value: null; returning INFINITY
[GdPAI | debug] ApplyEffect [Before] ID=InstanceId(-9223369942135456422): agent props = {"entity": VariantGd { id: 1382643928884, class: RigidBody2D }, "hunger": 95.0603725, "at_target": VariantGd { id: 1382157389614, class: Node }, "held_item": "potato"}
[GdPAI | debug] ApplyEffect [After] ID=InstanceId(-9223369942135456422): agent props = {"entity": VariantGd { id: 1382643928884, class: RigidBody2D }, "hunger": 95.0603725, "at_target": VariantGd { id: 1382157389614, class: Node }, "held_item": "wood"}
[GdPAI | debug]   Snapshotting prop: entity = ObjectRef(1382643928884) (Variant type: OBJECT)
[GdPAI | debug]   Snapshotting prop: hunger = Float(95.0603725) (Variant type: FLOAT)
[GdPAI | debug]   Snapshotting prop: at_target = ObjectRef(1382157389614) (Variant type: OBJECT)
[GdPAI | debug]   Snapshotting prop: held_item = Str("wood") (Variant type: STRING)
WARNING: [GdPAI] ObjectRef(124621163998): object was freed before callback; returning Nil.
   at: gdplanningai_rust::logger::process_logs (src\logger.rs:66)
   GDScript backtrace (most recent call first):
       [0] _start_plan_and_wait (res://test/integration/test_campfire_example_smoke.gd:57)
[GdPAI | debug] ApplyEffect [Before] ID=InstanceId(-9223369941514699343): agent props = {"held_item": "", "entity": null, "hunger": 70.0627442063492, "at_target": null}
[GdPAI | debug] ApplyEffect [After] ID=InstanceId(-9223369941514699343): agent props = {"held_item": "", "entity": null, "hunger": 70.0627442063492, "at_target": null}
[GdPAI | debug]   Snapshotting prop: held_item = Str("") (Variant type: STRING)
[GdPAI | debug]   Snapshotting prop: entity = Nil (Variant type: NIL)
[GdPAI | debug]   Snapshotting prop: hunger = Float(70.0627442063492) (Variant type: FLOAT)
[GdPAI | debug]   Snapshotting prop: at_target = Nil (Variant type: NIL)
WARNING: [GdPAI] ObjectRef(124621163998): object was freed before callback; returning Nil.
   at: gdplanningai_rust::logger::process_logs (src\logger.rs:66)
   GDScript backtrace (most recent call first):
       [0] _process (res://addons/GdPlanningAI/gdpai_autoload.gd:21)
WARNING: [GdPAI] ObjectRef(125510356497): object was freed before callback; returning Nil.
   at: gdplanningai_rust::logger::process_logs (src\logger.rs:66)
   GDScript backtrace (most recent call first):
       [0] _process (res://addons/GdPlanningAI/gdpai_autoload.gd:21)
WARNING: [GdPAI] ObjectRef(125510356497): object was freed before callback; returning Nil.
   at: gdplanningai_rust::logger::process_logs (src\logger.rs:66)
   GDScript backtrace (most recent call first):
       [0] _process (res://addons/GdPlanningAI/gdpai_autoload.gd:21)
[GdPAI | debug] GetCost: callable returned non-numeric value: null; returning INFINITY
[GdPAI | debug] ApplyEffect [Before] ID=InstanceId(-9223369939736314544): agent props = {"entity": VariantGd { id: 1382643928884, class: RigidBody2D }, "hunger": 95.0603725, "at_target": VariantGd { id: 1382157389614, class: Node }, "held_item": "wood"}
[GdPAI | debug] ApplyEffect [After] ID=InstanceId(-9223369939736314544): agent props = {"entity": VariantGd { id: 1382643928884, class: RigidBody2D }, "hunger": 95.0603725, "at_target": VariantGd { id: 1382157389614, class: Node }, "held_item": "wood"}
[GdPAI | debug]   Snapshotting prop: entity = ObjectRef(1382643928884) (Variant type: OBJECT)
[GdPAI | debug]   Snapshotting prop: hunger = Float(95.0603725) (Variant type: FLOAT)
[GdPAI | debug]   Snapshotting prop: at_target = ObjectRef(1382157389614) (Variant type: OBJECT)
[GdPAI | debug]   Snapshotting prop: held_item = Str("wood") (Variant type: STRING)
WARNING: [GdPAI] ObjectRef(124621163998): object was freed before callback; returning Nil.
   at: gdplanningai_rust::logger::process_logs (src\logger.rs:66)
   GDScript backtrace (most recent call first):
       [0] _start_plan_and_wait (res://test/integration/test_campfire_example_smoke.gd:57)
WARNING: [GdPAI] ObjectRef(125510356497): object was freed before callback; returning Nil.
   at: gdplanningai_rust::logger::process_logs (src\logger.rs:66)
   GDScript backtrace (most recent call first):
       [0] _start_plan_and_wait (res://test/integration/test_campfire_example_smoke.gd:57)
WARNING: [GdPAI] ObjectRef(125510356497): object was freed before callback; returning Nil.
   at: gdplanningai_rust::logger::process_logs (src\logger.rs:66)
   GDScript backtrace (most recent call first):
       [0] _start_plan_and_wait (res://test/integration/test_campfire_example_smoke.gd:57)
[GdPAI | debug] ApplyEffect [Before] ID=InstanceId(-9223369939014894170): agent props = {"entity": null, "hunger": 70.0627442063492, "at_target": null, "held_item": ""}
[GdPAI | debug] ApplyEffect [After] ID=InstanceId(-9223369939014894170): agent props = {"entity": null, "hunger": 70.0627442063492, "at_target": null, "held_item": ""}
[GdPAI | debug]   Snapshotting prop: entity = Nil (Variant type: NIL)
[GdPAI | debug]   Snapshotting prop: hunger = Float(70.0627442063492) (Variant type: FLOAT)
[GdPAI | debug]   Snapshotting prop: at_target = Nil (Variant type: NIL)
[GdPAI | debug]   Snapshotting prop: held_item = Str("") (Variant type: STRING)
WARNING: [GdPAI] ObjectRef(124621163998): object was freed before callback; returning Nil.
   at: gdplanningai_rust::logger::process_logs (src\logger.rs:66)
   GDScript backtrace (most recent call first):
       [0] _process (res://addons/GdPlanningAI/gdpai_autoload.gd:21)
WARNING: [GdPAI] ObjectRef(124134624705): object was freed before callback; returning Nil.
   at: gdplanningai_rust::logger::process_logs (src\logger.rs:66)
   GDScript backtrace (most recent call first):
       [0] _process (res://addons/GdPlanningAI/gdpai_autoload.gd:21)
WARNING: [GdPAI] ObjectRef(124134624705): object was freed before callback; returning Nil.
   at: gdplanningai_rust::logger::process_logs (src\logger.rs:66)
   GDScript backtrace (most recent call first):
       [0] _process (res://addons/GdPlanningAI/gdpai_autoload.gd:21)
[GdPAI | debug] GetCost: callable returned non-numeric value: null; returning INFINITY
[GdPAI | debug] ApplyEffect [Before] ID=InstanceId(-9223369937135845980): agent props = {"hunger": 95.0603725, "held_item": "", "entity": VariantGd { id: 1382643928884, class: RigidBody2D }}
[GdPAI | debug] ApplyEffect [After] ID=InstanceId(-9223369937135845980): agent props = {"held_item": "potato", "entity": VariantGd { id: 1382643928884, class: RigidBody2D }, "hunger": 95.0603725}
[GdPAI | debug]   Snapshotting prop: held_item = Str("potato") (Variant type: STRING)
[GdPAI | debug]   Snapshotting prop: entity = ObjectRef(1382643928884) (Variant type: OBJECT)
[GdPAI | debug]   Snapshotting prop: hunger = Float(95.0603725) (Variant type: FLOAT)
WARNING: [GdPAI] ObjectRef(124621163998): object was freed before callback; returning Nil.
   at: gdplanningai_rust::logger::process_logs (src\logger.rs:66)
   GDScript backtrace (most recent call first):
       [0] _start_plan_and_wait (res://test/integration/test_campfire_example_smoke.gd:57)
WARNING: [GdPAI] ObjectRef(124134624705): object was freed before callback; returning Nil.
   at: gdplanningai_rust::logger::process_logs (src\logger.rs:66)
   GDScript backtrace (most recent call first):
       [0] _start_plan_and_wait (res://test/integration/test_campfire_example_smoke.gd:57)
WARNING: [GdPAI] ObjectRef(124134624705): object was freed before callback; returning Nil.
   at: gdplanningai_rust::logger::process_logs (src\logger.rs:66)
   GDScript backtrace (most recent call first):
       [0] _start_plan_and_wait (res://test/integration/test_campfire_example_smoke.gd:57)
[GdPAI | debug] ApplyEffect [Before] ID=InstanceId(-9223369936414425708): agent props = {"held_item": "", "hunger": 70.0627442063492, "entity": null, "at_target": null}
[GdPAI | debug] ApplyEffect [After] ID=InstanceId(-9223369936414425708): agent props = {"held_item": "", "hunger": 70.0627442063492, "entity": null, "at_target": null}
[GdPAI | debug]   Snapshotting prop: held_item = Str("") (Variant type: STRING)
[GdPAI | debug]   Snapshotting prop: hunger = Float(70.0627442063492) (Variant type: FLOAT)
[GdPAI | debug]   Snapshotting prop: entity = Nil (Variant type: NIL)
[GdPAI | debug]   Snapshotting prop: at_target = Nil (Variant type: NIL)
WARNING: [GdPAI] ObjectRef(124621163998): object was freed before callback; returning Nil.
   at: gdplanningai_rust::logger::process_logs (src\logger.rs:66)
   GDScript backtrace (most recent call first):
       [0] _process (res://addons/GdPlanningAI/gdpai_autoload.gd:21)
[GdPAI | debug] GetCost: callable returned non-numeric value: null; returning INFINITY
[GdPAI | debug] ApplyEffect [Before] ID=InstanceId(-9223369934535377493): agent props = {"at_target": VariantGd { id: 1382157389614, class: Node }, "held_item": "potato", "hunger": 95.0603725, "entity": VariantGd { id: 1382643928884, class: RigidBody2D }}
[GdPAI | debug] ApplyEffect [After] ID=InstanceId(-9223369934535377493): agent props = {"at_target": VariantGd { id: 1382157389614, class: Node }, "held_item": "potato", "hunger": 95.0603725, "entity": VariantGd { id: 1382643928884, class: RigidBody2D }}
[GdPAI | debug]   Snapshotting prop: at_target = ObjectRef(1382157389614) (Variant type: OBJECT)
[GdPAI | debug]   Snapshotting prop: held_item = Str("potato") (Variant type: STRING)
[GdPAI | debug]   Snapshotting prop: hunger = Float(95.0603725) (Variant type: FLOAT)
[GdPAI | debug]   Snapshotting prop: entity = ObjectRef(1382643928884) (Variant type: OBJECT)
WARNING: [GdPAI] ObjectRef(124621163998): object was freed before callback; returning Nil.
   at: gdplanningai_rust::logger::process_logs (src\logger.rs:66)
   GDScript backtrace (most recent call first):
       [0] _start_plan_and_wait (res://test/integration/test_campfire_example_smoke.gd:57)
[GdPAI | debug] ApplyEffect [Before] ID=InstanceId(-9223369933914620549): agent props = {"entity": null, "at_target": null, "held_item": "wood", "hunger": 70.0627442063492}
[GdPAI | debug] ApplyEffect [After] ID=InstanceId(-9223369933914620549): agent props = {"entity": null, "at_target": null, "held_item": "wood", "hunger": 70.0627442063492}
[GdPAI | debug]   Snapshotting prop: entity = Nil (Variant type: NIL)
[GdPAI | debug]   Snapshotting prop: at_target = Nil (Variant type: NIL)
[GdPAI | debug]   Snapshotting prop: held_item = Str("wood") (Variant type: STRING)
[GdPAI | debug]   Snapshotting prop: hunger = Float(70.0627442063492) (Variant type: FLOAT)
WARNING: [GdPAI] ObjectRef(124621163998): object was freed before callback; returning Nil.
   at: gdplanningai_rust::logger::process_logs (src\logger.rs:66)
   GDScript backtrace (most recent call first):
       [0] _process (res://addons/GdPlanningAI/gdpai_autoload.gd:21)
WARNING: [GdPAI] ObjectRef(124621163998): object was freed before callback; returning Nil.
   at: gdplanningai_rust::logger::process_logs (src\logger.rs:66)
   GDScript backtrace (most recent call first):
       [0] _process (res://addons/GdPlanningAI/gdpai_autoload.gd:21)
[GdPAI | debug] GetCost: callable returned non-numeric value: null; returning INFINITY
[GdPAI | debug] ApplyEffect [Before] ID=InstanceId(-9223369932136235568): agent props = {"at_target": VariantGd { id: 1382157389614, class: Node }, "hunger": 95.0603725, "held_item": "potato", "entity": VariantGd { id: 1382643928884, class: RigidBody2D }}
[GdPAI | debug] ApplyEffect [After] ID=InstanceId(-9223369932136235568): agent props = {"at_target": VariantGd { id: 1382157389614, class: Node }, "hunger": 95.0603725, "held_item": "wood", "entity": VariantGd { id: 1382643928884, class: RigidBody2D }}
[GdPAI | debug]   Snapshotting prop: at_target = ObjectRef(1382157389614) (Variant type: OBJECT)
[GdPAI | debug]   Snapshotting prop: hunger = Float(95.0603725) (Variant type: FLOAT)
[GdPAI | debug]   Snapshotting prop: held_item = Str("wood") (Variant type: STRING)
[GdPAI | debug]   Snapshotting prop: entity = ObjectRef(1382643928884) (Variant type: OBJECT)
WARNING: [GdPAI] ObjectRef(124621163998): object was freed before callback; returning Nil.
   at: gdplanningai_rust::logger::process_logs (src\logger.rs:66)
   GDScript backtrace (most recent call first):
       [0] _start_plan_and_wait (res://test/integration/test_campfire_example_smoke.gd:57)
WARNING: [GdPAI] ObjectRef(124621163998): object was freed before callback; returning Nil.
   at: gdplanningai_rust::logger::process_logs (src\logger.rs:66)
   GDScript backtrace (most recent call first):
       [0] _start_plan_and_wait (res://test/integration/test_campfire_example_smoke.gd:57)
[GdPAI | debug] ApplyEffect [Before] ID=InstanceId(-9223369931465146950): agent props = {"entity": null, "held_item": "", "hunger": 70.0627442063492}
[GdPAI | debug] ApplyEffect [After] ID=InstanceId(-9223369931465146950): agent props = {"entity": null, "held_item": "", "hunger": 70.0627442063492}
[GdPAI | debug]   Snapshotting prop: entity = Nil (Variant type: NIL)
[GdPAI | debug]   Snapshotting prop: held_item = Str("") (Variant type: STRING)
[GdPAI | debug]   Snapshotting prop: hunger = Float(70.0627442063492) (Variant type: FLOAT)
WARNING: [GdPAI] ObjectRef(124621163998): object was freed before callback; returning Nil.
   at: gdplanningai_rust::logger::process_logs (src\logger.rs:66)
   GDScript backtrace (most recent call first):
       [0] _process (res://addons/GdPlanningAI/gdpai_autoload.gd:21)
[GdPAI | debug] GetCost: callable returned non-numeric value: null; returning INFINITY
[GdPAI | debug] ApplyEffect [Before] ID=InstanceId(-9223369929636430414): agent props = {"at_target": VariantGd { id: 1382157389614, class: Node }, "held_item": "wood", "hunger": 95.0603725, "entity": VariantGd { id: 1382643928884, class: RigidBody2D }}
[GdPAI | debug] ApplyEffect [After] ID=InstanceId(-9223369929636430414): agent props = {"at_target": VariantGd { id: 1382157389614, class: Node }, "held_item": "wood", "hunger": 95.0603725, "entity": VariantGd { id: 1382643928884, class: RigidBody2D }}
[GdPAI | debug]   Snapshotting prop: at_target = ObjectRef(1382157389614) (Variant type: OBJECT)
[GdPAI | debug]   Snapshotting prop: held_item = Str("wood") (Variant type: STRING)
[GdPAI | debug]   Snapshotting prop: hunger = Float(95.0603725) (Variant type: FLOAT)
[GdPAI | debug]   Snapshotting prop: entity = ObjectRef(1382643928884) (Variant type: OBJECT)
WARNING: [GdPAI] ObjectRef(124621163998): object was freed before callback; returning Nil.
   at: gdplanningai_rust::logger::process_logs (src\logger.rs:66)
   GDScript backtrace (most recent call first):
       [0] _start_plan_and_wait (res://test/integration/test_campfire_example_smoke.gd:57)
[GdPAI | debug] ApplyEffect [Before] ID=InstanceId(-9223369929015673370): agent props = {"hunger": 70.0627442063492, "entity": null, "held_item": "wood"}
[GdPAI | debug] ApplyEffect [After] ID=InstanceId(-9223369929015673370): agent props = {"hunger": 70.0627442063492, "entity": null, "held_item": "wood"}
[GdPAI | debug]   Snapshotting prop: hunger = Float(70.0627442063492) (Variant type: FLOAT)
[GdPAI | debug]   Snapshotting prop: entity = Nil (Variant type: NIL)
[GdPAI | debug]   Snapshotting prop: held_item = Str("wood") (Variant type: STRING)
WARNING: [GdPAI] ObjectRef(124621163998): object was freed before callback; returning Nil.
   at: gdplanningai_rust::logger::process_logs (src\logger.rs:66)
   GDScript backtrace (most recent call first):
       [0] _process (res://addons/GdPlanningAI/gdpai_autoload.gd:21)
[GdPAI | debug] GetCost: callable returned non-numeric value: null; returning INFINITY
[GdPAI | debug] ApplyEffect [Before] ID=InstanceId(-9223369927237288473): agent props = {"hunger": 95.0603725, "held_item": "", "entity": VariantGd { id: 1382643928884, class: RigidBody2D }}
[GdPAI | debug] ApplyEffect [After] ID=InstanceId(-9223369927237288473): agent props = {"hunger": 95.0603725, "held_item": "potato", "entity": VariantGd { id: 1382643928884, class: RigidBody2D }}
[GdPAI | debug]   Snapshotting prop: hunger = Float(95.0603725) (Variant type: FLOAT)
[GdPAI | debug]   Snapshotting prop: held_item = Str("potato") (Variant type: STRING)
[GdPAI | debug]   Snapshotting prop: entity = ObjectRef(1382643928884) (Variant type: OBJECT)
WARNING: [GdPAI] ObjectRef(124621163998): object was freed before callback; returning Nil.
   at: gdplanningai_rust::logger::process_logs (src\logger.rs:66)
   GDScript backtrace (most recent call first):
       [0] _start_plan_and_wait (res://test/integration/test_campfire_example_smoke.gd:57)
[GdPAI | debug] ApplyEffect [Before] ID=InstanceId(-9223369926616531467): agent props = {"held_item": "wood", "entity": null, "hunger": 70.0627442063492}
[GdPAI | debug] ApplyEffect [After] ID=InstanceId(-9223369926616531467): agent props = {"held_item": "wood", "entity": null, "hunger": 70.0627442063492}
[GdPAI | debug]   Snapshotting prop: held_item = Str("wood") (Variant type: STRING)
[GdPAI | debug]   Snapshotting prop: entity = Nil (Variant type: NIL)
[GdPAI | debug]   Snapshotting prop: hunger = Float(70.0627442063492) (Variant type: FLOAT)
WARNING: [GdPAI] ObjectRef(124621163998): object was freed before callback; returning Nil.
   at: gdplanningai_rust::logger::process_logs (src\logger.rs:66)
   GDScript backtrace (most recent call first):
       [0] _process (res://addons/GdPlanningAI/gdpai_autoload.gd:21)
[GdPAI | debug] GetCost: callable returned non-numeric value: null; returning INFINITY
[GdPAI | debug] ApplyEffect [Before] ID=InstanceId(-9223369924838146579): agent props = {"entity": VariantGd { id: 1382643928884, class: RigidBody2D }, "held_item": "potato", "hunger": 95.0603725, "at_target": VariantGd { id: 1382157389614, class: Node }}
[GdPAI | debug] ApplyEffect [After] ID=InstanceId(-9223369924838146579): agent props = {"entity": VariantGd { id: 1382643928884, class: RigidBody2D }, "held_item": "potato", "hunger": 95.0603725, "at_target": VariantGd { id: 1382157389614, class: Node }}
[GdPAI | debug]   Snapshotting prop: entity = ObjectRef(1382643928884) (Variant type: OBJECT)
[GdPAI | debug]   Snapshotting prop: held_item = Str("potato") (Variant type: STRING)
[GdPAI | debug]   Snapshotting prop: hunger = Float(95.0603725) (Variant type: FLOAT)
[GdPAI | debug]   Snapshotting prop: at_target = ObjectRef(1382157389614) (Variant type: OBJECT)
WARNING: [GdPAI] ObjectRef(124621163998): object was freed before callback; returning Nil.
   at: gdplanningai_rust::logger::process_logs (src\logger.rs:66)
   GDScript backtrace (most recent call first):
       [0] _start_plan_and_wait (res://test/integration/test_campfire_example_smoke.gd:57)
[GdPAI | debug] ApplyEffect [Before] ID=InstanceId(-9223369924217389604): agent props = {"hunger": 70.0627442063492, "entity": null, "held_item": "wood"}
[GdPAI | debug] ApplyEffect [After] ID=InstanceId(-9223369924217389604): agent props = {"hunger": 70.0627442063492, "entity": null, "held_item": "wood"}
[GdPAI | debug]   Snapshotting prop: hunger = Float(70.0627442063492) (Variant type: FLOAT)
[GdPAI | debug]   Snapshotting prop: entity = Nil (Variant type: NIL)
[GdPAI | debug]   Snapshotting prop: held_item = Str("wood") (Variant type: STRING)
WARNING: [GdPAI] ObjectRef(124621163998): object was freed before callback; returning Nil.
   at: gdplanningai_rust::logger::process_logs (src\logger.rs:66)
   GDScript backtrace (most recent call first):
       [0] _process (res://addons/GdPlanningAI/gdpai_autoload.gd:21)
[GdPAI | debug] GetCost: callable returned non-numeric value: null; returning INFINITY
[GdPAI | debug] ApplyEffect [Before] ID=InstanceId(-9223369922439004689): agent props = {"entity": VariantGd { id: 1382643928884, class: RigidBody2D }, "hunger": 95.0603725, "at_target": VariantGd { id: 1382157389614, class: Node }, "held_item": "potato"}
[GdPAI | debug] ApplyEffect [After] ID=InstanceId(-9223369922439004689): agent props = {"entity": VariantGd { id: 1382643928884, class: RigidBody2D }, "hunger": 95.0603725, "at_target": VariantGd { id: 1382157389614, class: Node }, "held_item": "wood"}
[GdPAI | debug]   Snapshotting prop: entity = ObjectRef(1382643928884) (Variant type: OBJECT)
[GdPAI | debug]   Snapshotting prop: hunger = Float(95.0603725) (Variant type: FLOAT)
[GdPAI | debug]   Snapshotting prop: at_target = ObjectRef(1382157389614) (Variant type: OBJECT)
[GdPAI | debug]   Snapshotting prop: held_item = Str("wood") (Variant type: STRING)
WARNING: [GdPAI] ObjectRef(124621163998): object was freed before callback; returning Nil.
   at: gdplanningai_rust::logger::process_logs (src\logger.rs:66)
   GDScript backtrace (most recent call first):
       [0] _start_plan_and_wait (res://test/integration/test_campfire_example_smoke.gd:57)
[GdPAI | debug] ApplyEffect [Before] ID=InstanceId(-9223369921818247692): agent props = {"entity": null, "held_item": "wood", "hunger": 70.0627442063492}
[GdPAI | debug] ApplyEffect [After] ID=InstanceId(-9223369921818247692): agent props = {"entity": null, "held_item": "wood", "hunger": 70.0627442063492}
[GdPAI | debug]   Snapshotting prop: entity = Nil (Variant type: NIL)
[GdPAI | debug]   Snapshotting prop: held_item = Str("wood") (Variant type: STRING)
[GdPAI | debug]   Snapshotting prop: hunger = Float(70.0627442063492) (Variant type: FLOAT)
WARNING: [GdPAI] ObjectRef(124621163998): object was freed before callback; returning Nil.
   at: gdplanningai_rust::logger::process_logs (src\logger.rs:66)
   GDScript backtrace (most recent call first):
       [0] _process (res://addons/GdPlanningAI/gdpai_autoload.gd:21)
WARNING: [GdPAI] ObjectRef(124621163998): object was freed before callback; returning Nil.
   at: gdplanningai_rust::logger::process_logs (src\logger.rs:66)
   GDScript backtrace (most recent call first):
       [0] _process (res://addons/GdPlanningAI/gdpai_autoload.gd:21)
[GdPAI | debug] GetCost: callable returned non-numeric value: null; returning INFINITY
[GdPAI | debug] ApplyEffect [Before] ID=InstanceId(-9223369920039862790): agent props = {"hunger": 95.0603725, "at_target": VariantGd { id: 1382157389614, class: Node }, "entity": VariantGd { id: 1382643928884, class: RigidBody2D }, "held_item": "wood"}
[GdPAI | debug] ApplyEffect [After] ID=InstanceId(-9223369920039862790): agent props = {"hunger": 95.0603725, "at_target": VariantGd { id: 1382157389614, class: Node }, "entity": VariantGd { id: 1382643928884, class: RigidBody2D }, "held_item": "wood"}
[GdPAI | debug]   Snapshotting prop: hunger = Float(95.0603725) (Variant type: FLOAT)
[GdPAI | debug]   Snapshotting prop: at_target = ObjectRef(1382157389614) (Variant type: OBJECT)
[GdPAI | debug]   Snapshotting prop: entity = ObjectRef(1382643928884) (Variant type: OBJECT)
[GdPAI | debug]   Snapshotting prop: held_item = Str("wood") (Variant type: STRING)
WARNING: [GdPAI] ObjectRef(124621163998): object was freed before callback; returning Nil.
   at: gdplanningai_rust::logger::process_logs (src\logger.rs:66)
   GDScript backtrace (most recent call first):
       [0] _start_plan_and_wait (res://test/integration/test_campfire_example_smoke.gd:57)
WARNING: [GdPAI] ObjectRef(124621163998): object was freed before callback; returning Nil.
   at: gdplanningai_rust::logger::process_logs (src\logger.rs:66)
   GDScript backtrace (most recent call first):
       [0] _start_plan_and_wait (res://test/integration/test_campfire_example_smoke.gd:57)
[GdPAI | debug] ApplyEffect [Before] ID=InstanceId(-9223369919368774228): agent props = {"hunger": 70.0627442063492, "held_item": "", "entity": null}
[GdPAI | debug] ApplyEffect [After] ID=InstanceId(-9223369919368774228): agent props = {"hunger": 70.0627442063492, "held_item": "", "entity": null}
[GdPAI | debug]   Snapshotting prop: hunger = Float(70.0627442063492) (Variant type: FLOAT)
[GdPAI | debug]   Snapshotting prop: held_item = Str("") (Variant type: STRING)
[GdPAI | debug]   Snapshotting prop: entity = Nil (Variant type: NIL)
WARNING: [GdPAI] ObjectRef(124621163998): object was freed before callback; returning Nil.
   at: gdplanningai_rust::logger::process_logs (src\logger.rs:66)
   GDScript backtrace (most recent call first):
       [0] _process (res://addons/GdPlanningAI/gdpai_autoload.gd:21)
[GdPAI | debug] GetCost: callable returned non-numeric value: null; returning INFINITY
[GdPAI | debug] ApplyEffect [Before] ID=InstanceId(-9223369917540057714): agent props = {"entity": VariantGd { id: 1382643928884, class: RigidBody2D }, "hunger": 95.0603725, "held_item": ""}
[GdPAI | debug] ApplyEffect [After] ID=InstanceId(-9223369917540057714): agent props = {"entity": VariantGd { id: 1382643928884, class: RigidBody2D }, "hunger": 95.0603725, "held_item": "potato"}
[GdPAI | debug]   Snapshotting prop: entity = ObjectRef(1382643928884) (Variant type: OBJECT)
[GdPAI | debug]   Snapshotting prop: hunger = Float(95.0603725) (Variant type: FLOAT)
[GdPAI | debug]   Snapshotting prop: held_item = Str("potato") (Variant type: STRING)
WARNING: [GdPAI] ObjectRef(124621163998): object was freed before callback; returning Nil.
   at: gdplanningai_rust::logger::process_logs (src\logger.rs:66)
   GDScript backtrace (most recent call first):
       [0] _start_plan_and_wait (res://test/integration/test_campfire_example_smoke.gd:57)
[GdPAI | debug] ApplyEffect [Before] ID=InstanceId(-9223369916919300616): agent props = {"held_item": "wood", "hunger": 70.0627442063492, "entity": null}
[GdPAI | debug] ApplyEffect [After] ID=InstanceId(-9223369916919300616): agent props = {"held_item": "wood", "hunger": 70.0627442063492, "entity": null}
[GdPAI | debug]   Snapshotting prop: held_item = Str("wood") (Variant type: STRING)
[GdPAI | debug]   Snapshotting prop: hunger = Float(70.0627442063492) (Variant type: FLOAT)
[GdPAI | debug]   Snapshotting prop: entity = Nil (Variant type: NIL)
WARNING: [GdPAI] ObjectRef(124621163998): object was freed before callback; returning Nil.
   at: gdplanningai_rust::logger::process_logs (src\logger.rs:66)
   GDScript backtrace (most recent call first):
       [0] _process (res://addons/GdPlanningAI/gdpai_autoload.gd:21)
[GdPAI | debug] GetCost: callable returned non-numeric value: null; returning INFINITY
[GdPAI | debug] ApplyEffect [Before] ID=InstanceId(-9223369915140915722): agent props = {"at_target": VariantGd { id: 1382157389614, class: Node }, "hunger": 95.0603725, "held_item": "potato", "entity": VariantGd { id: 1382643928884, class: RigidBody2D }}
[GdPAI | debug] ApplyEffect [After] ID=InstanceId(-9223369915140915722): agent props = {"at_target": VariantGd { id: 1382157389614, class: Node }, "hunger": 95.0603725, "held_item": "potato", "entity": VariantGd { id: 1382643928884, class: RigidBody2D }}
[GdPAI | debug]   Snapshotting prop: at_target = ObjectRef(1382157389614) (Variant type: OBJECT)
[GdPAI | debug]   Snapshotting prop: hunger = Float(95.0603725) (Variant type: FLOAT)
[GdPAI | debug]   Snapshotting prop: held_item = Str("potato") (Variant type: STRING)
[GdPAI | debug]   Snapshotting prop: entity = ObjectRef(1382643928884) (Variant type: OBJECT)
WARNING: [GdPAI] ObjectRef(124621163998): object was freed before callback; returning Nil.
   at: gdplanningai_rust::logger::process_logs (src\logger.rs:66)
   GDScript backtrace (most recent call first):
       [0] _start_plan_and_wait (res://test/integration/test_campfire_example_smoke.gd:57)
[GdPAI | debug] ApplyEffect [Before] ID=InstanceId(-9223369914520158699): agent props = {"entity": null, "hunger": 70.0627442063492, "held_item": "wood"}
[GdPAI | debug] ApplyEffect [After] ID=InstanceId(-9223369914520158699): agent props = {"entity": null, "hunger": 70.0627442063492, "held_item": "wood"}
[GdPAI | debug]   Snapshotting prop: entity = Nil (Variant type: NIL)
[GdPAI | debug]   Snapshotting prop: hunger = Float(70.0627442063492) (Variant type: FLOAT)
[GdPAI | debug]   Snapshotting prop: held_item = Str("wood") (Variant type: STRING)
WARNING: [GdPAI] ObjectRef(124621163998): object was freed before callback; returning Nil.
   at: gdplanningai_rust::logger::process_logs (src\logger.rs:66)
   GDScript backtrace (most recent call first):
       [0] _process (res://addons/GdPlanningAI/gdpai_autoload.gd:21)
[GdPAI | debug] GetCost: callable returned non-numeric value: null; returning INFINITY
[GdPAI | debug] ApplyEffect [Before] ID=InstanceId(-9223369912741773856): agent props = {"entity": VariantGd { id: 1382643928884, class: RigidBody2D }, "hunger": 95.0603725, "at_target": VariantGd { id: 1382157389614, class: Node }, "held_item": "potato"}
[GdPAI | debug] ApplyEffect [After] ID=InstanceId(-9223369912741773856): agent props = {"entity": VariantGd { id: 1382643928884, class: RigidBody2D }, "hunger": 95.0603725, "at_target": VariantGd { id: 1382157389614, class: Node }, "held_item": "wood"}
[GdPAI | debug]   Snapshotting prop: entity = ObjectRef(1382643928884) (Variant type: OBJECT)
[GdPAI | debug]   Snapshotting prop: hunger = Float(95.0603725) (Variant type: FLOAT)
[GdPAI | debug]   Snapshotting prop: at_target = ObjectRef(1382157389614) (Variant type: OBJECT)
[GdPAI | debug]   Snapshotting prop: held_item = Str("wood") (Variant type: STRING)
WARNING: [GdPAI] ObjectRef(124621163998): object was freed before callback; returning Nil.
   at: gdplanningai_rust::logger::process_logs (src\logger.rs:66)
   GDScript backtrace (most recent call first):
       [0] _start_plan_and_wait (res://test/integration/test_campfire_example_smoke.gd:57)
[GdPAI | debug] ApplyEffect [Before] ID=InstanceId(-9223369912121016852): agent props = {"hunger": 70.0627442063492, "held_item": "wood", "entity": null}
[GdPAI | debug] ApplyEffect [After] ID=InstanceId(-9223369912121016852): agent props = {"hunger": 70.0627442063492, "held_item": "wood", "entity": null}
[GdPAI | debug]   Snapshotting prop: hunger = Float(70.0627442063492) (Variant type: FLOAT)
[GdPAI | debug]   Snapshotting prop: held_item = Str("wood") (Variant type: STRING)
[GdPAI | debug]   Snapshotting prop: entity = Nil (Variant type: NIL)
WARNING: [GdPAI] ObjectRef(124621163998): object was freed before callback; returning Nil.
   at: gdplanningai_rust::logger::process_logs (src\logger.rs:66)
   GDScript backtrace (most recent call first):
       [0] _process (res://addons/GdPlanningAI/gdpai_autoload.gd:21)
[GdPAI | debug] GetCost: callable returned non-numeric value: null; returning INFINITY
[GdPAI | debug] ApplyEffect [Before] ID=InstanceId(-9223369910342631940): agent props = {"at_target": VariantGd { id: 1382157389614, class: Node }, "entity": VariantGd { id: 1382643928884, class: RigidBody2D }, "held_item": "wood", "hunger": 95.0603725}
[GdPAI | debug] ApplyEffect [After] ID=InstanceId(-9223369910342631940): agent props = {"at_target": VariantGd { id: 1382157389614, class: Node }, "entity": VariantGd { id: 1382643928884, class: RigidBody2D }, "held_item": "wood", "hunger": 95.0603725}
[GdPAI | debug]   Snapshotting prop: at_target = ObjectRef(1382157389614) (Variant type: OBJECT)
[GdPAI | debug]   Snapshotting prop: entity = ObjectRef(1382643928884) (Variant type: OBJECT)
[GdPAI | debug]   Snapshotting prop: held_item = Str("wood") (Variant type: STRING)
[GdPAI | debug]   Snapshotting prop: hunger = Float(95.0603725) (Variant type: FLOAT)
[GdPAI] A* Iteration: pop node with chain length 2
[GdPAI | debug] find_candidates: Checking 15 actions against 0 preconds and 2 requirements
WARNING: [GdPAI] ObjectRef(124621163998): object was freed before callback; returning Nil.
   at: gdplanningai_rust::logger::process_logs (src\logger.rs:66)
   GDScript backtrace (most recent call first):
       [0] _start_plan_and_wait (res://test/integration/test_campfire_example_smoke.gd:57)
[GdPAI | debug] ApplyEffect [Before] ID=InstanceId(-9223369909721874913): agent props = {"entity": null, "hunger": 70.0627442063492, "held_item": "wood"}
[GdPAI | debug] ApplyEffect [After] ID=InstanceId(-9223369909721874913): agent props = {"entity": null, "hunger": 70.0627442063492, "held_item": "wood"}
[GdPAI | debug]   Snapshotting prop: entity = Nil (Variant type: NIL)
[GdPAI | debug]   Snapshotting prop: hunger = Float(70.0627442063492) (Variant type: FLOAT)
[GdPAI | debug]   Snapshotting prop: held_item = Str("wood") (Variant type: STRING)
[GdPAI | debug] Found candidate: Go To (satisfied preconds: [], requirements: [1])
WARNING: [GdPAI] ObjectRef(124621163998): object was freed before callback; returning Nil.
   at: gdplanningai_rust::logger::process_logs (src\logger.rs:66)
   GDScript backtrace (most recent call first):
       [0] _process (res://addons/GdPlanningAI/gdpai_autoload.gd:21)
WARNING: [GdPAI] ObjectRef(124621163998): object was freed before callback; returning Nil.
   at: gdplanningai_rust::logger::process_logs (src\logger.rs:66)
   GDScript backtrace (most recent call first):
       [0] _process (res://addons/GdPlanningAI/gdpai_autoload.gd:21)
[GdPAI | debug] GetCost: callable returned non-numeric value: null; returning INFINITY
[GdPAI | debug] Found candidate: Go To (satisfied preconds: [], requirements: [1])
WARNING: [GdPAI] ObjectRef(124621163998): object was freed before callback; returning Nil.
   at: gdplanningai_rust::logger::process_logs (src\logger.rs:66)
   GDScript backtrace (most recent call first):
       [0] _start_plan_and_wait (res://test/integration/test_campfire_example_smoke.gd:57)
WARNING: [GdPAI] ObjectRef(124621163998): object was freed before callback; returning Nil.
   at: gdplanningai_rust::logger::process_logs (src\logger.rs:66)
   GDScript backtrace (most recent call first):
       [0] _start_plan_and_wait (res://test/integration/test_campfire_example_smoke.gd:57)
[GdPAI | debug] ApplyEffect [Before] ID=InstanceId(-9223369907272401371): agent props = {"entity": null, "held_item": "", "hunger": 70.0627442063492}
[GdPAI | debug] ApplyEffect [After] ID=InstanceId(-9223369907272401371): agent props = {"entity": null, "held_item": "", "hunger": 70.0627442063492}
[GdPAI | debug]   Snapshotting prop: entity = Nil (Variant type: NIL)
[GdPAI | debug]   Snapshotting prop: held_item = Str("") (Variant type: STRING)
[GdPAI | debug]   Snapshotting prop: hunger = Float(70.0627442063492) (Variant type: FLOAT)
WARNING: [GdPAI] ObjectRef(124621163998): object was freed before callback; returning Nil.
   at: gdplanningai_rust::logger::process_logs (src\logger.rs:66)
   GDScript backtrace (most recent call first):
       [0] _process (res://addons/GdPlanningAI/gdpai_autoload.gd:21)
[GdPAI | debug] GetCost: callable returned non-numeric value: null; returning INFINITY
WARNING: [GdPAI] ObjectRef(124621163998): object was freed before callback; returning Nil.
   at: gdplanningai_rust::logger::process_logs (src\logger.rs:66)
   GDScript backtrace (most recent call first):
       [0] _start_plan_and_wait (res://test/integration/test_campfire_example_smoke.gd:57)
[GdPAI | debug] ApplyEffect [Before] ID=InstanceId(-9223369904822927833): agent props = {"entity": null, "hunger": 70.0627442063492, "held_item": "wood"}
[GdPAI | debug] ApplyEffect [After] ID=InstanceId(-9223369904822927833): agent props = {"entity": null, "hunger": 70.0627442063492, "held_item": "wood"}
[GdPAI | debug]   Snapshotting prop: entity = Nil (Variant type: NIL)
[GdPAI | debug]   Snapshotting prop: hunger = Float(70.0627442063492) (Variant type: FLOAT)
[GdPAI | debug]   Snapshotting prop: held_item = Str("wood") (Variant type: STRING)
[GdPAI | debug] Found candidate: Cook Potato (satisfied preconds: [], requirements: [0])
WARNING: [GdPAI] ObjectRef(124621163998): object was freed before callback; returning Nil.
   at: gdplanningai_rust::logger::process_logs (src\logger.rs:66)
   GDScript backtrace (most recent call first):
       [0] _process (res://addons/GdPlanningAI/gdpai_autoload.gd:21)
[GdPAI | debug] GetCost: callable returned non-numeric value: null; returning INFINITY
WARNING: [GdPAI] ObjectRef(124621163998): object was freed before callback; returning Nil.
   at: gdplanningai_rust::logger::process_logs (src\logger.rs:66)
   GDScript backtrace (most recent call first):
       [0] _start_plan_and_wait (res://test/integration/test_campfire_example_smoke.gd:57)
[GdPAI | debug] ApplyEffect [Before] ID=InstanceId(-9223369902423785964): agent props = {"entity": null, "hunger": 70.0627442063492, "held_item": "wood"}
[GdPAI | debug] ApplyEffect [After] ID=InstanceId(-9223369902423785964): agent props = {"entity": null, "hunger": 70.0627442063492, "held_item": "wood"}
[GdPAI | debug]   Snapshotting prop: entity = Nil (Variant type: NIL)
[GdPAI | debug]   Snapshotting prop: hunger = Float(70.0627442063492) (Variant type: FLOAT)
[GdPAI | debug]   Snapshotting prop: held_item = Str("wood") (Variant type: STRING)
WARNING: [GdPAI] ObjectRef(124621163998): object was freed before callback; returning Nil.
   at: gdplanningai_rust::logger::process_logs (src\logger.rs:66)
   GDScript backtrace (most recent call first):
       [0] _process (res://addons/GdPlanningAI/gdpai_autoload.gd:21)
[GdPAI | debug] GetCost: callable returned non-numeric value: null; returning INFINITY
WARNING: [GdPAI] ObjectRef(124621163998): object was freed before callback; returning Nil.
   at: gdplanningai_rust::logger::process_logs (src\logger.rs:66)
   GDScript backtrace (most recent call first):
       [0] _start_plan_and_wait (res://test/integration/test_campfire_example_smoke.gd:57)
[GdPAI | debug] ApplyEffect [Before] ID=InstanceId(-9223369900024644063): agent props = {"held_item": "wood", "hunger": 70.0627442063492, "entity": null}
[GdPAI | debug] ApplyEffect [After] ID=InstanceId(-9223369900024644063): agent props = {"held_item": "wood", "hunger": 70.0627442063492, "entity": null}
[GdPAI | debug]   Snapshotting prop: held_item = Str("wood") (Variant type: STRING)
[GdPAI | debug]   Snapshotting prop: hunger = Float(70.0627442063492) (Variant type: FLOAT)
[GdPAI | debug]   Snapshotting prop: entity = Nil (Variant type: NIL)
[GdPAI | debug] Found candidate: Dig Potato (satisfied preconds: [], requirements: [0])
WARNING: [GdPAI] ObjectRef(124621163998): object was freed before callback; returning Nil.
   at: gdplanningai_rust::logger::process_logs (src\logger.rs:66)
   GDScript backtrace (most recent call first):
       [0] _process (res://addons/GdPlanningAI/gdpai_autoload.gd:21)
[GdPAI | debug] GetCost: callable returned non-numeric value: null; returning INFINITY
WARNING: [GdPAI] ObjectRef(124621163998): object was freed before callback; returning Nil.
   at: gdplanningai_rust::logger::process_logs (src\logger.rs:66)
   GDScript backtrace (most recent call first):
       [0] _start_plan_and_wait (res://test/integration/test_campfire_example_smoke.gd:57)
[GdPAI | debug] ApplyEffect [Before] ID=InstanceId(-9223369897625502153): agent props = {"held_item": "wood", "hunger": 70.0627442063492, "entity": null}
[GdPAI | debug] ApplyEffect [After] ID=InstanceId(-9223369897625502153): agent props = {"held_item": "wood", "hunger": 70.0627442063492, "entity": null}
[GdPAI | debug]   Snapshotting prop: held_item = Str("wood") (Variant type: STRING)
[GdPAI | debug]   Snapshotting prop: hunger = Float(70.0627442063492) (Variant type: FLOAT)
[GdPAI | debug]   Snapshotting prop: entity = Nil (Variant type: NIL)
WARNING: [GdPAI] ObjectRef(124621163998): object was freed before callback; returning Nil.
   at: gdplanningai_rust::logger::process_logs (src\logger.rs:66)
   GDScript backtrace (most recent call first):
       [0] _process (res://addons/GdPlanningAI/gdpai_autoload.gd:21)
WARNING: [GdPAI] ObjectRef(124621163998): object was freed before callback; returning Nil.
   at: gdplanningai_rust::logger::process_logs (src\logger.rs:66)
   GDScript backtrace (most recent call first):
       [0] _process (res://addons/GdPlanningAI/gdpai_autoload.gd:21)
[GdPAI | debug] GetCost: callable returned non-numeric value: null; returning INFINITY
WARNING: [GdPAI] ObjectRef(124621163998): object was freed before callback; returning Nil.
   at: gdplanningai_rust::logger::process_logs (src\logger.rs:66)
   GDScript backtrace (most recent call first):
       [0] _start_plan_and_wait (res://test/integration/test_campfire_example_smoke.gd:57)
WARNING: [GdPAI] ObjectRef(124621163998): object was freed before callback; returning Nil.
   at: gdplanningai_rust::logger::process_logs (src\logger.rs:66)
   GDScript backtrace (most recent call first):
       [0] _start_plan_and_wait (res://test/integration/test_campfire_example_smoke.gd:57)
[GdPAI | debug] ApplyEffect [Before] ID=InstanceId(-9223369895176028628): agent props = {"entity": null, "held_item": "", "hunger": 70.0627442063492}
[GdPAI | debug] ApplyEffect [After] ID=InstanceId(-9223369895176028628): agent props = {"entity": null, "held_item": "", "hunger": 70.0627442063492}
[GdPAI | debug]   Snapshotting prop: entity = Nil (Variant type: NIL)
[GdPAI | debug]   Snapshotting prop: held_item = Str("") (Variant type: STRING)
[GdPAI | debug]   Snapshotting prop: hunger = Float(70.0627442063492) (Variant type: FLOAT)
[GdPAI | debug] Found candidate: Dig Potato (satisfied preconds: [], requirements: [0])
WARNING: [GdPAI] ObjectRef(124621163998): object was freed before callback; returning Nil.
   at: gdplanningai_rust::logger::process_logs (src\logger.rs:66)
   GDScript backtrace (most recent call first):
       [0] _process (res://addons/GdPlanningAI/gdpai_autoload.gd:21)
[GdPAI | debug] GetCost: callable returned non-numeric value: null; returning INFINITY
WARNING: [GdPAI] ObjectRef(124621163998): object was freed before callback; returning Nil.
   at: gdplanningai_rust::logger::process_logs (src\logger.rs:66)
   GDScript backtrace (most recent call first):
       [0] _start_plan_and_wait (res://test/integration/test_campfire_example_smoke.gd:57)
[GdPAI | debug] ApplyEffect [Before] ID=InstanceId(-9223369892726555064): agent props = {"held_item": "wood", "entity": null, "hunger": 70.0627442063492}
[GdPAI | debug] ApplyEffect [After] ID=InstanceId(-9223369892726555064): agent props = {"held_item": "wood", "entity": null, "hunger": 70.0627442063492}
[GdPAI | debug]   Snapshotting prop: held_item = Str("wood") (Variant type: STRING)
[GdPAI | debug]   Snapshotting prop: entity = Nil (Variant type: NIL)
[GdPAI | debug]   Snapshotting prop: hunger = Float(70.0627442063492) (Variant type: FLOAT)
WARNING: [GdPAI] ObjectRef(124621163998): object was freed before callback; returning Nil.
   at: gdplanningai_rust::logger::process_logs (src\logger.rs:66)
   GDScript backtrace (most recent call first):
       [0] _process (res://addons/GdPlanningAI/gdpai_autoload.gd:21)
[GdPAI | debug] GetCost: callable returned non-numeric value: null; returning INFINITY
WARNING: [GdPAI] ObjectRef(124621163998): object was freed before callback; returning Nil.
   at: gdplanningai_rust::logger::process_logs (src\logger.rs:66)
   GDScript backtrace (most recent call first):
       [0] _start_plan_and_wait (res://test/integration/test_campfire_example_smoke.gd:57)
[GdPAI | debug] ApplyEffect [Before] ID=InstanceId(-9223369890327413247): agent props = {"entity": null, "hunger": 70.0627442063492, "held_item": "wood"}
[GdPAI | debug] ApplyEffect [After] ID=InstanceId(-9223369890327413247): agent props = {"entity": null, "hunger": 70.0627442063492, "held_item": "wood"}
[GdPAI | debug]   Snapshotting prop: entity = Nil (Variant type: NIL)
[GdPAI | debug]   Snapshotting prop: hunger = Float(70.0627442063492) (Variant type: FLOAT)
[GdPAI | debug]   Snapshotting prop: held_item = Str("wood") (Variant type: STRING)
[GdPAI | debug] Found candidate: Dig Potato (satisfied preconds: [], requirements: [0])
WARNING: [GdPAI] ObjectRef(124621163998): object was freed before callback; returning Nil.
   at: gdplanningai_rust::logger::process_logs (src\logger.rs:66)
   GDScript backtrace (most recent call first):
       [0] _process (res://addons/GdPlanningAI/gdpai_autoload.gd:21)
[GdPAI | debug] GetCost: callable returned non-numeric value: null; returning INFINITY
WARNING: [GdPAI] ObjectRef(124621163998): object was freed before callback; returning Nil.
   at: gdplanningai_rust::logger::process_logs (src\logger.rs:66)
   GDScript backtrace (most recent call first):
       [0] _start_plan_and_wait (res://test/integration/test_campfire_example_smoke.gd:57)
[GdPAI | debug] ApplyEffect [Before] ID=InstanceId(-9223369887928271267): agent props = {"entity": null, "held_item": "wood", "hunger": 70.0627442063492}
[GdPAI | debug] ApplyEffect [After] ID=InstanceId(-9223369887928271267): agent props = {"entity": null, "held_item": "wood", "hunger": 70.0627442063492}
[GdPAI | debug]   Snapshotting prop: entity = Nil (Variant type: NIL)
[GdPAI | debug]   Snapshotting prop: held_item = Str("wood") (Variant type: STRING)
[GdPAI | debug]   Snapshotting prop: hunger = Float(70.0627442063492) (Variant type: FLOAT)
WARNING: [GdPAI] ObjectRef(124621163998): object was freed before callback; returning Nil.
   at: gdplanningai_rust::logger::process_logs (src\logger.rs:66)
   GDScript backtrace (most recent call first):
       [0] _process (res://addons/GdPlanningAI/gdpai_autoload.gd:21)
[GdPAI | debug] GetCost: callable returned non-numeric value: null; returning INFINITY
WARNING: [GdPAI] ObjectRef(124621163998): object was freed before callback; returning Nil.
   at: gdplanningai_rust::logger::process_logs (src\logger.rs:66)
   GDScript backtrace (most recent call first):
       [0] _start_plan_and_wait (res://test/integration/test_campfire_example_smoke.gd:57)
[GdPAI | debug] ApplyEffect [Before] ID=InstanceId(-9223369885529129387): agent props = {"hunger": 70.0627442063492, "entity": null, "held_item": "wood"}
[GdPAI | debug] ApplyEffect [After] ID=InstanceId(-9223369885529129387): agent props = {"hunger": 70.0627442063492, "entity": null, "held_item": "wood"}
[GdPAI | debug]   Snapshotting prop: hunger = Float(70.0627442063492) (Variant type: FLOAT)
[GdPAI | debug]   Snapshotting prop: entity = Nil (Variant type: NIL)
[GdPAI | debug]   Snapshotting prop: held_item = Str("wood") (Variant type: STRING)
[GdPAI | debug] Found candidate: Dig Potato (satisfied preconds: [], requirements: [0])
[GdPAI] A* Iteration: pop node with chain length 4
[GdPAI | debug] find_candidates: Checking 15 actions against 1 preconds and 3 requirements
WARNING: [GdPAI] ObjectRef(124621163998): object was freed before callback; returning Nil.
   at: gdplanningai_rust::logger::process_logs (src\logger.rs:66)
   GDScript backtrace (most recent call first):
       [0] _process (res://addons/GdPlanningAI/gdpai_autoload.gd:21)
WARNING: [GdPAI] ObjectRef(124621163998): object was freed before callback; returning Nil.
   at: gdplanningai_rust::logger::process_logs (src\logger.rs:66)
   GDScript backtrace (most recent call first):
       [0] _process (res://addons/GdPlanningAI/gdpai_autoload.gd:21)
[GdPAI | debug] Discovery: Starting simulation for action Go To
WARNING: [GdPAI] ObjectRef(124621163998): object was freed before callback; returning Nil.
   at: gdplanningai_rust::logger::process_logs (src\logger.rs:66)
   GDScript backtrace (most recent call first):
       [0] _start_plan_and_wait (res://test/integration/test_campfire_example_smoke.gd:57)
WARNING: [GdPAI] ObjectRef(124621163998): object was freed before callback; returning Nil.
   at: gdplanningai_rust::logger::process_logs (src\logger.rs:66)
   GDScript backtrace (most recent call first):
       [0] _start_plan_and_wait (res://test/integration/test_campfire_example_smoke.gd:57)
[GdPAI | debug] GetCost: callable returned non-numeric value: null; returning INFINITY
WARNING: [GdPAI] ObjectRef(124621163998): object was freed before callback; returning Nil.
   at: gdplanningai_rust::logger::process_logs (src\logger.rs:66)
   GDScript backtrace (most recent call first):
       [0] _process (res://addons/GdPlanningAI/gdpai_autoload.gd:21)
WARNING: [GdPAI] ObjectRef(124621163998): object was freed before callback; returning Nil.
   at: gdplanningai_rust::logger::process_logs (src\logger.rs:66)
   GDScript backtrace (most recent call first):
       [0] _process (res://addons/GdPlanningAI/gdpai_autoload.gd:21)
[GdPAI | debug] ApplyEffect [Before] ID=InstanceId(-9223369881821364626): agent props = {"held_item": "", "hunger": 70.0627442063492, "entity": null}
[GdPAI | debug] ApplyEffect [After] ID=InstanceId(-9223369881821364626): agent props = {"held_item": "", "hunger": 70.0627442063492, "entity": null}
[GdPAI | debug]   Snapshotting prop: held_item = Str("") (Variant type: STRING)
[GdPAI | debug]   Snapshotting prop: hunger = Float(70.0627442063492) (Variant type: FLOAT)
[GdPAI | debug]   Snapshotting prop: entity = Nil (Variant type: NIL)
[GdPAI | debug] Discovery: Simulation success for Go To. Agent props: {"hunger": Float(70.0627442063492), "held_item": Str(""), "entity": Nil}
[GdPAI | debug] Discovery: Action Go To satisfied precond Builtin { target: Agent, operation: Equal, property_name: "held_item", value: Some(Str("")) }
[GdPAI | debug] Found candidate: Go To (satisfied preconds: [0], requirements: [0, 1, 2])
[GdPAI | debug] Discovery: Starting simulation for action Eat Held Food
[31m    [Failed]:  [0mTimed out waiting for submitted agent plan
      at line -1
[32m    [Passed]:  [0mAgent should not plan an over-depth critical recovery
[31m    [Failed]:  [0mUnexpected Errors:
    [1] <engine-1>[GdPAI] ObjectRef(124621163998): object was freed before callback; returning Nil.
    [2] <engine-1>[GdPAI] ObjectRef(124621163998): object was freed before callback; returning Nil.
    [3] <engine-1>[GdPAI] ObjectRef(124621163998): object was freed before callback; returning Nil.
    [4] <engine-1>[GdPAI] ObjectRef(124621163998): object was freed before callback; returning Nil.
    [5] <engine-1>[GdPAI] ObjectRef(124621163998): object was freed before callback; returning Nil.
    [6] <engine-1>[GdPAI] ObjectRef(124621163998): object was freed before callback; returning Nil.
    [7] <engine-1>[GdPAI] ObjectRef(124621163998): object was freed before callback; returning Nil.
    [8] <engine-1>[GdPAI] ObjectRef(124134624705): object was freed before callback; returning Nil.
    [9] <engine-1>[GdPAI] ObjectRef(125661351450): object was freed before callback; returning Nil.
    [10] <engine-1>[GdPAI] ObjectRef(124134624705): object was freed before callback; returning Nil.
    [11] <engine-1>[GdPAI] ObjectRef(125661351450): object was freed before callback; returning Nil.
    [12] <engine-1>[GdPAI] ObjectRef(124621163998): object was freed before callback; returning Nil.
    [13] <engine-1>[GdPAI] ObjectRef(124621163998): object was freed before callback; returning Nil.
    [14] <engine-1>[GdPAI] ObjectRef(124134624705): object was freed before callback; returning Nil.
    [15] <engine-1>[GdPAI] ObjectRef(125661351450): object was freed before callback; returning Nil.
    [16] <engine-1>[GdPAI] ObjectRef(124134624705): object was freed before callback; returning Nil.
    [17] <engine-1>[GdPAI] ObjectRef(125661351450): object was freed before callback; returning Nil.
    [18] <engine-1>[GdPAI] ObjectRef(124621163998): object was freed before callback; returning Nil.
    [19] <engine-1>[GdPAI] ObjectRef(125661351450): object was freed before callback; returning Nil.
    [20] <engine-1>[GdPAI] ObjectRef(125661351450): object was freed before callback; returning Nil.
    [21] <engine-1>[GdPAI] ObjectRef(124621163998): object was freed before callback; returning Nil.
    [22] <engine-1>[GdPAI] ObjectRef(125661351450): object was freed before callback; returning Nil.
    [23] <engine-1>[GdPAI] ObjectRef(125661351450): object was freed before callback; returning Nil.
    [24] <engine-1>[GdPAI] ObjectRef(124621163998): object was freed before callback; returning Nil.
    [25] <engine-1>[GdPAI] ObjectRef(124134624705): object was freed before callback; returning Nil.
    [26] <engine-1>[GdPAI] ObjectRef(124134624705): object was freed before callback; returning Nil.
    [27] <engine-1>[GdPAI] ObjectRef(124621163998): object was freed before callback; returning Nil.
    [28] <engine-1>[GdPAI] ObjectRef(124134624705): object was freed before callback; returning Nil.
    [29] <engine-1>[GdPAI] ObjectRef(124134624705): object was freed before callback; returning Nil.
    [30] <engine-1>[GdPAI] ObjectRef(124621163998): object was freed before callback; returning Nil.
    [31] <engine-1>[GdPAI] ObjectRef(124621163998): object was freed before callback; returning Nil.
    [32] <engine-1>[GdPAI] ObjectRef(124621163998): object was freed before callback; returning Nil.
    [33] <engine-1>[GdPAI] ObjectRef(124621163998): object was freed before callback; returning Nil.
    [34] <engine-1>[GdPAI] ObjectRef(124621163998): object was freed before callback; returning Nil.
    [35] <engine-1>[GdPAI] ObjectRef(124621163998): object was freed before callback; returning Nil.
    [36] <engine-1>[GdPAI] ObjectRef(124621163998): object was freed before callback; returning Nil.
    [37] <engine-1>[GdPAI] ObjectRef(124621163998): object was freed before callback; returning Nil.
    [38] <engine-1>[GdPAI] ObjectRef(124621163998): object was freed before callback; returning Nil.
    [39] <engine-1>[GdPAI] ObjectRef(124621163998): object was freed before callback; returning Nil.
    [40] <engine-1>[GdPAI] ObjectRef(124621163998): object was freed before callback; returning Nil.
    [41] <engine-1>[GdPAI] ObjectRef(124621163998): object was freed before callback; returning Nil.
    [42] <engine-1>[GdPAI] ObjectRef(124621163998): object was freed before callback; returning Nil.
    [43] <engine-1>[GdPAI] ObjectRef(124621163998): object was freed before callback; returning Nil.
    [44] <engine-1>[GdPAI] ObjectRef(124621163998): object was freed before callback; returning Nil.
    [45] <engine-1>[GdPAI] ObjectRef(124621163998): object was freed before callback; returning Nil.
    [46] <engine-1>[GdPAI] ObjectRef(124621163998): object was freed before callback; returning Nil.
    [47] <engine-1>[GdPAI] ObjectRef(124621163998): object was freed before callback; returning Nil.
    [48] <engine-1>[GdPAI] ObjectRef(124621163998): object was freed before callback; returning Nil.
    [49] <engine-1>[GdPAI] ObjectRef(124621163998): object was freed before callback; returning Nil.
    [50] <engine-1>[GdPAI] ObjectRef(124621163998): object was freed before callback; returning Nil.
    [51] <engine-1>[GdPAI] ObjectRef(124621163998): object was freed before callback; returning Nil.
    [52] <engine-1>[GdPAI] ObjectRef(124621163998): object was freed before callback; returning Nil.
    [53] <engine-1>[GdPAI] ObjectRef(124621163998): object was freed before callback; returning Nil.
    [54] <engine-1>[GdPAI] ObjectRef(124621163998): object was freed before callback; returning Nil.
    [55] <engine-1>[GdPAI] ObjectRef(124621163998): object was freed before callback; returning Nil.
    [56] <engine-1>[GdPAI] ObjectRef(124621163998): object was freed before callback; returning Nil.
    [57] <engine-1>[GdPAI] ObjectRef(124621163998): object was freed before callback; returning Nil.
    [58] <engine-1>[GdPAI] ObjectRef(124621163998): object was freed before callback; returning Nil.
    [59] <engine-1>[GdPAI] ObjectRef(124621163998): object was freed before callback; returning Nil.
    [60] <engine-1>[GdPAI] ObjectRef(124621163998): object was freed before callback; returning Nil.
    [61] <engine-1>[GdPAI] ObjectRef(124621163998): object was freed before callback; returning Nil.
    [62] <engine-1>[GdPAI] ObjectRef(124621163998): object was freed before callback; returning Nil.
    [63] <engine-1>[GdPAI] ObjectRef(124621163998): object was freed before callback; returning Nil.
    [64] <engine-1>[GdPAI] ObjectRef(124621163998): object was freed before callback; returning Nil.
    [65] <engine-1>[GdPAI] ObjectRef(124621163998): object was freed before callback; returning Nil.
    [66] <engine-1>[GdPAI] ObjectRef(124621163998): object was freed before callback; returning Nil.
    [67] <engine-1>[GdPAI] ObjectRef(124621163998): object was freed before callback; returning Nil.
    [68] <engine-1>[GdPAI] ObjectRef(124621163998): object was freed before callback; returning Nil.
    [69] <engine-1>[GdPAI] ObjectRef(124621163998): object was freed before callback; returning Nil.
    [70] <engine-1>[GdPAI] ObjectRef(124621163998): object was freed before callback; returning Nil.
    [71] <engine-1>[GdPAI] ObjectRef(124621163998): object was freed before callback; returning Nil.
    [72] <engine-1>[GdPAI] ObjectRef(124621163998): object was freed before callback; returning Nil.
    [73] <engine-1>[GdPAI] ObjectRef(124621163998): object was freed before callback; returning Nil.
    [74] <engine-1>[GdPAI] ObjectRef(124621163998): object was freed before callback; returning Nil.
    [75] <engine-1>[GdPAI] ObjectRef(124621163998): object was freed before callback; returning Nil.
    [76] <engine-1>[GdPAI] ObjectRef(124621163998): object was freed before callback; returning Nil.
    [77] <engine-1>[GdPAI] ObjectRef(124621163998): object was freed before callback; returning Nil.
    [78] <engine-1>[GdPAI] ObjectRef(124621163998): object was freed before callback; returning Nil.
    [79] <engine-1>[GdPAI] ObjectRef(124621163998): object was freed before callback; returning Nil.
    [80] <engine-1>[GdPAI] ObjectRef(124621163998): object was freed before callback; returning Nil.
    [81] <engine-1>[GdPAI] ObjectRef(124621163998): object was freed before callback; returning Nil.
    [82] <engine-1>[GdPAI] ObjectRef(124621163998): object was freed before callback; returning Nil.
    [83] <engine-1>[GdPAI] ObjectRef(124621163998): object was freed before callback; returning Nil.
    [84] <engine-1>[GdPAI] ObjectRef(124621163998): object was freed before callback; returning Nil.
    [85] <engine-1>[GdPAI] ObjectRef(124621163998): object was freed before callback; returning Nil.
    [86] <engine-1>[GdPAI] ObjectRef(124621163998): object was freed before callback; returning Nil.
    [87] <engine-1>[GdPAI] ObjectRef(124621163998): object was freed before callback; returning Nil.
    [88] <engine-1>[GdPAI] ObjectRef(124621163998): object was freed before callback; returning Nil.
    [89] <engine-1>[GdPAI] ObjectRef(124621163998): object was freed before callback; returning Nil.
    [90] <engine-1>[GdPAI] ObjectRef(124621163998): object was freed before callback; returning Nil.
    [91] <engine-1>[GdPAI] ObjectRef(124621163998): object was freed before callback; returning Nil.
    [92] <engine-1>[GdPAI] ObjectRef(124621163998): object was freed before callback; returning Nil.
    [93] <engine-1>[GdPAI] ObjectRef(124621163998): object was freed before callback; returning Nil.
    [94] <engine-1>[GdPAI] ObjectRef(124621163998): object was freed before callback; returning Nil.
    [95] <engine-1>[GdPAI] ObjectRef(124621163998): object was freed before callback; returning Nil.
    [96] <engine-1>[GdPAI] ObjectRef(124621163998): object was freed before callback; returning Nil.
    [97] <engine-1>[GdPAI] ObjectRef(124621163998): object was freed before callback; returning Nil.
    [98] <engine-1>[GdPAI] ObjectRef(124621163998): object was freed before callback; returning Nil.
    [99] <engine-1>[GdPAI] ObjectRef(124621163998): object was freed before callback; returning Nil.
    [100] <engine-1>[GdPAI] ObjectRef(124621163998): object was freed before callback; returning Nil.
    [101] <engine-1>[GdPAI] ObjectRef(124621163998): object was freed before callback; returning Nil.
    [102] <engine-1>[GdPAI] ObjectRef(124621163998): object was freed before callback; returning Nil.
    [103] <engine-1>[GdPAI] ObjectRef(124621163998): object was freed before callback; returning Nil.
    [104] <engine-1>[GdPAI] ObjectRef(124621163998): object was freed before callback; returning Nil.
    [105] <engine-1>[GdPAI] ObjectRef(124621163998): object was freed before callback; returning Nil.
    [106] <engine-1>[GdPAI] ObjectRef(124621163998): object was freed before callback; returning Nil.
    [107] <engine-1>[GdPAI] ObjectRef(124621163998): object was freed before callback; returning Nil.
    [108] <engine-1>[GdPAI] ObjectRef(124621163998): object was freed before callback; returning Nil.
    [109] <engine-1>[GdPAI] ObjectRef(124621163998): object was freed before callback; returning Nil.
    [110] <engine-1>[GdPAI] ObjectRef(124621163998): object was freed before callback; returning Nil.
    [111] <engine-1>[GdPAI] ObjectRef(124621163998): object was freed before callback; returning Nil.
    [112] <engine-1>[GdPAI] ObjectRef(124621163998): object was freed before callback; returning Nil.
    [113] <engine-1>[GdPAI] ObjectRef(124621163998): object was freed before callback; returning Nil.
    [114] <engine-1>[GdPAI] ObjectRef(124621163998): object was freed before callback; returning Nil.
    [115] <engine-1>[GdPAI] ObjectRef(124621163998): object was freed before callback; returning Nil.
    [116] <engine-1>[GdPAI] ObjectRef(124621163998): object was freed before callback; returning Nil.
    [117] <engine-1>[GdPAI] ObjectRef(124621163998): object was freed before callback; returning Nil.
    [118] <engine-1>[GdPAI] ObjectRef(124621163998): object was freed before callback; returning Nil.
    [119] <engine-1>[GdPAI] ObjectRef(124621163998): object was freed before callback; returning Nil.
    [120] <engine-1>[GdPAI] ObjectRef(124621163998): object was freed before callback; returning Nil.
    [121] <engine-1>[GdPAI] ObjectRef(124621163998): object was freed before callback; returning Nil.
    [122] <engine-1>[GdPAI] ObjectRef(124621163998): object was freed before callback; returning Nil.
    [123] <engine-1>[GdPAI] ObjectRef(124621163998): object was freed before callback; returning Nil.
    [124] <engine-1>[GdPAI] ObjectRef(124621163998): object was freed before callback; returning Nil.
    [125] <engine-1>[GdPAI] ObjectRef(124621163998): object was freed before callback; returning Nil.
    [126] <engine-1>[GdPAI] ObjectRef(124621163998): object was freed before callback; returning Nil.
    [127] <engine-1>[GdPAI] ObjectRef(124621163998): object was freed before callback; returning Nil.
    [128] <engine-1>[GdPAI] ObjectRef(124621163998): object was freed before callback; returning Nil.
    [129] <engine-1>[GdPAI] ObjectRef(124621163998): object was freed before callback; returning Nil.
    [130] <engine-1>[GdPAI] ObjectRef(124621163998): object was freed before callback; returning Nil.
    [131] <engine-1>[GdPAI] ObjectRef(124621163998): object was freed before callback; returning Nil.
    [132] <engine-1>[GdPAI] ObjectRef(124621163998): object was freed before callback; returning Nil.
    [133] <engine-1>[GdPAI] ObjectRef(124621163998): object was freed before callback; returning Nil.
    [134] <engine-1>[GdPAI] ObjectRef(124621163998): object was freed before callback; returning Nil.
    [135] <engine-1>[GdPAI] ObjectRef(124621163998): object was freed before callback; returning Nil.
    [136] <engine-1>[GdPAI] ObjectRef(123983629752): object was freed before callback; returning Nil.
    [137] <engine-1>[GdPAI] ObjectRef(123983629752): object was freed before callback; returning Nil.
    [138] <engine-1>[GdPAI] ObjectRef(124621163998): object was freed before callback; returning Nil.
    [139] <engine-1>[GdPAI] ObjectRef(124621163998): object was freed before callback; returning Nil.
    [140] <engine-1>[GdPAI] ObjectRef(123983629752): object was freed before callback; returning Nil.
    [141] <engine-1>[GdPAI] ObjectRef(123983629752): object was freed before callback; returning Nil.
    [142] <engine-1>[GdPAI] ObjectRef(124621163998): object was freed before callback; returning Nil.
    [143] <engine-1>[GdPAI] ObjectRef(123983629752): object was freed before callback; returning Nil.
    [144] <engine-1>[GdPAI] ObjectRef(123983629752): object was freed before callback; returning Nil.
    [145] <engine-1>[GdPAI] ObjectRef(124621163998): object was freed before callback; returning Nil.
    [146] <engine-1>[GdPAI] ObjectRef(123983629752): object was freed before callback; returning Nil.
    [147] <engine-1>[GdPAI] ObjectRef(123983629752): object was freed before callback; returning Nil.
    [148] <engine-1>[GdPAI] ObjectRef(124621163998): object was freed before callback; returning Nil.
    [149] <engine-1>[GdPAI] ObjectRef(124621163998): object was freed before callback; returning Nil.
    [150] <engine-1>[GdPAI] ObjectRef(124621163998): object was freed before callback; returning Nil.
    [151] <engine-1>[GdPAI] ObjectRef(124621163998): object was freed before callback; returning Nil.
    [152] <engine-1>[GdPAI] ObjectRef(124621163998): object was freed before callback; returning Nil.
    [153] <engine-1>[GdPAI] ObjectRef(124621163998): object was freed before callback; returning Nil.
    [154] <engine-1>[GdPAI] ObjectRef(124621163998): object was freed before callback; returning Nil.
    [155] <engine-1>[GdPAI] ObjectRef(124621163998): object was freed before callback; returning Nil.
    [156] <engine-1>[GdPAI] ObjectRef(124621163998): object was freed before callback; returning Nil.
    [157] <engine-1>[GdPAI] ObjectRef(124621163998): object was freed before callback; returning Nil.
    [158] <engine-1>[GdPAI] ObjectRef(124621163998): object was freed before callback; returning Nil.
    [159] <engine-1>[GdPAI] ObjectRef(124621163998): object was freed before callback; returning Nil.
    [160] <engine-1>[GdPAI] ObjectRef(123983629752): object was freed before callback; returning Nil.
    [161] <engine-1>[GdPAI] ObjectRef(123983629752): object was freed before callback; returning Nil.
    [162] <engine-1>[GdPAI] ObjectRef(124621163998): object was freed before callback; returning Nil.
    [163] <engine-1>[GdPAI] ObjectRef(124621163998): object was freed before callback; returning Nil.
    [164] <engine-1>[GdPAI] ObjectRef(123983629752): object was freed before callback; returning Nil.
    [165] <engine-1>[GdPAI] ObjectRef(123983629752): object was freed before callback; returning Nil.
    [166] <engine-1>[GdPAI] ObjectRef(124621163998): object was freed before callback; returning Nil.
    [167] <engine-1>[GdPAI] ObjectRef(123983629752): object was freed before callback; returning Nil.
    [168] <engine-1>[GdPAI] ObjectRef(123983629752): object was freed before callback; returning Nil.
    [169] <engine-1>[GdPAI] ObjectRef(124621163998): object was freed before callback; returning Nil.
    [170] <engine-1>[GdPAI] ObjectRef(123983629752): object was freed before callback; returning Nil.
    [171] <engine-1>[GdPAI] ObjectRef(123983629752): object was freed before callback; returning Nil.
    [172] <engine-1>[GdPAI] ObjectRef(124621163998): object was freed before callback; returning Nil.
    [173] <engine-1>[GdPAI] ObjectRef(124621163998): object was freed before callback; returning Nil.
    [174] <engine-1>[GdPAI] ObjectRef(124621163998): object was freed before callback; returning Nil.
    [175] <engine-1>[GdPAI] ObjectRef(124621163998): object was freed before callback; returning Nil.
    [176] <engine-1>[GdPAI] ObjectRef(124621163998): object was freed before callback; returning Nil.
    [177] <engine-1>[GdPAI] ObjectRef(124621163998): object was freed before callback; returning Nil.
    [178] <engine-1>[GdPAI] ObjectRef(124621163998): object was freed before callback; returning Nil.
    [179] <engine-1>[GdPAI] ObjectRef(124621163998): object was freed before callback; returning Nil.
    [180] <engine-1>[GdPAI] ObjectRef(124621163998): object was freed before callback; returning Nil.
    [181] <engine-1>[GdPAI] ObjectRef(124621163998): object was freed before callback; returning Nil.
    [182] <engine-1>[GdPAI] ObjectRef(124621163998): object was freed before callback; returning Nil.
    [183] <engine-1>[GdPAI] ObjectRef(124621163998): object was freed before callback; returning Nil.
    [184] <engine-1>[GdPAI] ObjectRef(124621163998): object was freed before callback; returning Nil.
    [185] <engine-1>[GdPAI] ObjectRef(124621163998): object was freed before callback; returning Nil.
    [186] <engine-1>[GdPAI] ObjectRef(124621163998): object was freed before callback; returning Nil.
    [187] <engine-1>[GdPAI] ObjectRef(124621163998): object was freed before callback; returning Nil.
    [188] <engine-1>[GdPAI] ObjectRef(124621163998): object was freed before callback; returning Nil.
    [189] <engine-1>[GdPAI] ObjectRef(124621163998): object was freed before callback; returning Nil.
    [190] <engine-1>[GdPAI] ObjectRef(124621163998): object was freed before callback; returning Nil.
    [191] <engine-1>[GdPAI] ObjectRef(124621163998): object was freed before callback; returning Nil.
    [192] <engine-1>[GdPAI] ObjectRef(124621163998): object was freed before callback; returning Nil.
    [193] <engine-1>[GdPAI] ObjectRef(124621163998): object was freed before callback; returning Nil.
    [194] <engine-1>[GdPAI] ObjectRef(124621163998): object was freed before callback; returning Nil.
    [195] <engine-1>[GdPAI] ObjectRef(124621163998): object was freed before callback; returning Nil.
    [196] <engine-1>[GdPAI] ObjectRef(124621163998): object was freed before callback; returning Nil.
    [197] <engine-1>[GdPAI] ObjectRef(124621163998): object was freed before callback; returning Nil.
    [198] <engine-1>[GdPAI] ObjectRef(124621163998): object was freed before callback; returning Nil.
    [199] <engine-1>[GdPAI] ObjectRef(124621163998): object was freed before callback; returning Nil.
    [200] <engine-1>[GdPAI] ObjectRef(124621163998): object was freed before callback; returning Nil.
    [201] <engine-1>[GdPAI] ObjectRef(124621163998): object was freed before callback; returning Nil.
    [202] <engine-1>[GdPAI] ObjectRef(124621163998): object was freed before callback; returning Nil.
    [203] <engine-1>[GdPAI] ObjectRef(124621163998): object was freed before callback; returning Nil.
    [204] <engine-1>[GdPAI] ObjectRef(124621163998): object was freed before callback; returning Nil.
    [205] <engine-1>[GdPAI] ObjectRef(124621163998): object was freed before callback; returning Nil.
    [206] <engine-1>[GdPAI] ObjectRef(124621163998): object was freed before callback; returning Nil.
    [207] <engine-1>[GdPAI] ObjectRef(124621163998): object was freed before callback; returning Nil.
    [208] <engine-1>[GdPAI] ObjectRef(124621163998): object was freed before callback; returning Nil.
    [209] <engine-1>[GdPAI] ObjectRef(124621163998): object was freed before callback; returning Nil.
    [210] <engine-1>[GdPAI] ObjectRef(124621163998): object was freed before callback; returning Nil.
    [211] <engine-1>[GdPAI] ObjectRef(124621163998): object was freed before callback; returning Nil.
    [212] <engine-1>[GdPAI] ObjectRef(124621163998): object was freed before callback; returning Nil.
    [213] <engine-1>[GdPAI] ObjectRef(124621163998): object was freed before callback; returning Nil.
    [214] <engine-1>[GdPAI] ObjectRef(124621163998): object was freed before callback; returning Nil.
    [215] <engine-1>[GdPAI] ObjectRef(124621163998): object was freed before callback; returning Nil.
    [216] <engine-1>[GdPAI] ObjectRef(124621163998): object was freed before callback; returning Nil.
    [217] <engine-1>[GdPAI] ObjectRef(124621163998): object was freed before callback; returning Nil.
    [218] <engine-1>[GdPAI] ObjectRef(124621163998): object was freed before callback; returning Nil.
    [219] <engine-1>[GdPAI] ObjectRef(124621163998): object was freed before callback; returning Nil.
    [220] <engine-1>[GdPAI] ObjectRef(124621163998): object was freed before callback; returning Nil.
    [221] <engine-1>[GdPAI] ObjectRef(124621163998): object was freed before callback; returning Nil.
    [222] <engine-1>[GdPAI] ObjectRef(124621163998): object was freed before callback; returning Nil.
    [223] <engine-1>[GdPAI] ObjectRef(124621163998): object was freed before callback; returning Nil.
    [224] <engine-1>[GdPAI] ObjectRef(124621163998): object was freed before callback; returning Nil.
    [225] <engine-1>[GdPAI] ObjectRef(124621163998): object was freed before callback; returning Nil.
    [226] <engine-1>[GdPAI] ObjectRef(124621163998): object was freed before callback; returning Nil.
    [227] <engine-1>[GdPAI] ObjectRef(124621163998): object was freed before callback; returning Nil.
    [228] <engine-1>[GdPAI] ObjectRef(124621163998): object was freed before callback; returning Nil.
    [229] <engine-1>[GdPAI] ObjectRef(124621163998): object was freed before callback; returning Nil.
    [230] <engine-1>[GdPAI] ObjectRef(124621163998): object was freed before callback; returning Nil.
    [231] <engine-1>[GdPAI] ObjectRef(124621163998): object was freed before callback; returning Nil.
    [232] <engine-1>[GdPAI] ObjectRef(124621163998): object was freed before callback; returning Nil.
    [233] <engine-1>[GdPAI] ObjectRef(124621163998): object was freed before callback; returning Nil.
    [234] <engine-1>[GdPAI] ObjectRef(124621163998): object was freed before callback; returning Nil.
    [235] <engine-1>[GdPAI] ObjectRef(124621163998): object was freed before callback; returning Nil.
    [236] <engine-1>[GdPAI] ObjectRef(124621163998): object was freed before callback; returning Nil.
    [237] <engine-1>[GdPAI] ObjectRef(124621163998): object was freed before callback; returning Nil.
    [238] <engine-1>[GdPAI] ObjectRef(124621163998): object was freed before callback; returning Nil.
    [239] <engine-1>[GdPAI] ObjectRef(124621163998): object was freed before callback; returning Nil.
    [240] <engine-1>[GdPAI] ObjectRef(124621163998): object was freed before callback; returning Nil.
    [241] <engine-1>[GdPAI] ObjectRef(124621163998): object was freed before callback; returning Nil.
    [242] <engine-1>[GdPAI] ObjectRef(124621163998): object was freed before callback; returning Nil.
    [243] <engine-1>[GdPAI] ObjectRef(124621163998): object was freed before callback; returning Nil.
    [244] <engine-1>[GdPAI] ObjectRef(124621163998): object was freed before callback; returning Nil.
    [245] <engine-1>[GdPAI] ObjectRef(124621163998): object was freed before callback; returning Nil.
    [246] <engine-1>[GdPAI] ObjectRef(124621163998): object was freed before callback; returning Nil.
    [247] <engine-1>[GdPAI] ObjectRef(124621163998): object was freed before callback; returning Nil.
    [248] <engine-1>[GdPAI] ObjectRef(124621163998): object was freed before callback; returning Nil.
    [249] <engine-1>[GdPAI] ObjectRef(124621163998): object was freed before callback; returning Nil.
    [250] <engine-1>[GdPAI] ObjectRef(124621163998): object was freed before callback; returning Nil.
    [251] <engine-1>[GdPAI] ObjectRef(124621163998): object was freed before callback; returning Nil.
    [252] <engine-1>[GdPAI] ObjectRef(124621163998): object was freed before callback; returning Nil.
    [253] <engine-1>[GdPAI] ObjectRef(124621163998): object was freed before callback; returning Nil.
    [254] <engine-1>[GdPAI] ObjectRef(124621163998): object was freed before callback; returning Nil.
    [255] <engine-1>[GdPAI] ObjectRef(124621163998): object was freed before callback; returning Nil.
    [256] <engine-1>[GdPAI] ObjectRef(124621163998): object was freed before callback; returning Nil.
    [257] <engine-1>[GdPAI] ObjectRef(124621163998): object was freed before callback; returning Nil.
    [258] <engine-1>[GdPAI] ObjectRef(124621163998): object was freed before callback; returning Nil.
    [259] <engine-1>[GdPAI] ObjectRef(124621163998): object was freed before callback; returning Nil.
    [260] <engine-1>[GdPAI] ObjectRef(124621163998): object was freed before callback; returning Nil.
    [261] <engine-1>[GdPAI] ObjectRef(124621163998): object was freed before callback; returning Nil.
    [262] <engine-1>[GdPAI] ObjectRef(124621163998): object was freed before callback; returning Nil.
    [263] <engine-1>[GdPAI] ObjectRef(124621163998): object was freed before callback; returning Nil.
    [264] <engine-1>[GdPAI] ObjectRef(124621163998): object was freed before callback; returning Nil.
    [265] <engine-1>[GdPAI] ObjectRef(124621163998): object was freed before callback; returning Nil.
    [266] <engine-1>[GdPAI] ObjectRef(124621163998): object was freed before callback; returning Nil.
    [267] <engine-1>[GdPAI] ObjectRef(124621163998): object was freed before callback; returning Nil.
    [268] <engine-1>[GdPAI] ObjectRef(124621163998): object was freed before callback; returning Nil.
    [269] <engine-1>[GdPAI] ObjectRef(124621163998): object was freed before callback; returning Nil.
    [270] <engine-1>[GdPAI] ObjectRef(124621163998): object was freed before callback; returning Nil.
    [271] <engine-1>[GdPAI] ObjectRef(124621163998): object was freed before callback; returning Nil.
    [272] <engine-1>[GdPAI] ObjectRef(124621163998): object was freed before callback; returning Nil.
    [273] <engine-1>[GdPAI] ObjectRef(124621163998): object was freed before callback; returning Nil.
    [274] <engine-1>[GdPAI] ObjectRef(124621163998): object was freed before callback; returning Nil.
    [275] <engine-1>[GdPAI] ObjectRef(124621163998): object was freed before callback; returning Nil.
    [276] <engine-1>[GdPAI] ObjectRef(124621163998): object was freed before callback; returning Nil.
    [277] <engine-1>[GdPAI] ObjectRef(124621163998): object was freed before callback; returning Nil.
    [278] <engine-1>[GdPAI] ObjectRef(124621163998): object was freed before callback; returning Nil.
    [279] <engine-1>[GdPAI] ObjectRef(124621163998): object was freed before callback; returning Nil.
    [280] <engine-1>[GdPAI] ObjectRef(124621163998): object was freed before callback; returning Nil.
    [281] <engine-1>[GdPAI] ObjectRef(124621163998): object was freed before callback; returning Nil.
    [282] <engine-1>[GdPAI] ObjectRef(124621163998): object was freed before callback; returning Nil.
    [283] <engine-1>[GdPAI] ObjectRef(124621163998): object was freed before callback; returning Nil.
    [284] <engine-1>[GdPAI] ObjectRef(124621163998): object was freed before callback; returning Nil.
    [285] <engine-1>[GdPAI] ObjectRef(124621163998): object was freed before callback; returning Nil.
    [286] <engine-1>[GdPAI] ObjectRef(124621163998): object was freed before callback; returning Nil.
    [287] <engine-1>[GdPAI] ObjectRef(124621163998): object was freed before callback; returning Nil.
    [288] <engine-1>[GdPAI] ObjectRef(124621163998): object was freed before callback; returning Nil.
    [289] <engine-1>[GdPAI] ObjectRef(124621163998): object was freed before callback; returning Nil.
    [290] <engine-1>[GdPAI] ObjectRef(124621163998): object was freed before callback; returning Nil.
    [291] <engine-1>[GdPAI] ObjectRef(124621163998): object was freed before callback; returning Nil.
    [292] <engine-1>[GdPAI] ObjectRef(124621163998): object was freed before callback; returning Nil.
    [293] <engine-1>[GdPAI] ObjectRef(124621163998): object was freed before callback; returning Nil.
    [294] <engine-1>[GdPAI] ObjectRef(124621163998): object was freed before callback; returning Nil.
    [295] <engine-1>[GdPAI] ObjectRef(124621163998): object was freed before callback; returning Nil.
    [296] <engine-1>[GdPAI] ObjectRef(124621163998): object was freed before callback; returning Nil.
    [297] <engine-1>[GdPAI] ObjectRef(124621163998): object was freed before callback; returning Nil.
    [298] <engine-1>[GdPAI] ObjectRef(124621163998): object was freed before callback; returning Nil.
    [299] <engine-1>[GdPAI] ObjectRef(124621163998): object was freed before callback; returning Nil.
    [300] <engine-1>[GdPAI] ObjectRef(123983629752): object was freed before callback; returning Nil.
    [301] <engine-1>[GdPAI] ObjectRef(123983629752): object was freed before callback; returning Nil.
    [302] <engine-1>[GdPAI] ObjectRef(124621163998): object was freed before callback; returning Nil.
    [303] <engine-1>[GdPAI] ObjectRef(124621163998): object was freed before callback; returning Nil.
    [304] <engine-1>[GdPAI] ObjectRef(123983629752): object was freed before callback; returning Nil.
    [305] <engine-1>[GdPAI] ObjectRef(123983629752): object was freed before callback; returning Nil.
    [306] <engine-1>[GdPAI] ObjectRef(124621163998): object was freed before callback; returning Nil.
    [307] <engine-1>[GdPAI] ObjectRef(123983629752): object was freed before callback; returning Nil.
    [308] <engine-1>[GdPAI] ObjectRef(123983629752): object was freed before callback; returning Nil.
    [309] <engine-1>[GdPAI] ObjectRef(124621163998): object was freed before callback; returning Nil.
    [310] <engine-1>[GdPAI] ObjectRef(123983629752): object was freed before callback; returning Nil.
    [311] <engine-1>[GdPAI] ObjectRef(123983629752): object was freed before callback; returning Nil.
    [312] <engine-1>[GdPAI] ObjectRef(124621163998): object was freed before callback; returning Nil.
    [313] <engine-1>[GdPAI] ObjectRef(124134624705): object was freed before callback; returning Nil.
    [314] <engine-1>[GdPAI] ObjectRef(124134624705): object was freed before callback; returning Nil.
    [315] <engine-1>[GdPAI] ObjectRef(124621163998): object was freed before callback; returning Nil.
    [316] <engine-1>[GdPAI] ObjectRef(124134624705): object was freed before callback; returning Nil.
    [317] <engine-1>[GdPAI] ObjectRef(124134624705): object was freed before callback; returning Nil.
    [318] <engine-1>[GdPAI] ObjectRef(124621163998): object was freed before callback; returning Nil.
    [319] <engine-1>[GdPAI] ObjectRef(124134624705): object was freed before callback; returning Nil.
    [320] <engine-1>[GdPAI] ObjectRef(124134624705): object was freed before callback; returning Nil.
    [321] <engine-1>[GdPAI] ObjectRef(124621163998): object was freed before callback; returning Nil.
    [322] <engine-1>[GdPAI] ObjectRef(124134624705): object was freed before callback; returning Nil.
    [323] <engine-1>[GdPAI] ObjectRef(124134624705): object was freed before callback; returning Nil.
    [324] <engine-1>[GdPAI] ObjectRef(124621163998): object was freed before callback; returning Nil.
    [325] <engine-1>[GdPAI] ObjectRef(124621163998): object was freed before callback; returning Nil.
    [326] <engine-1>[GdPAI] ObjectRef(124621163998): object was freed before callback; returning Nil.
    [327] <engine-1>[GdPAI] ObjectRef(124621163998): object was freed before callback; returning Nil.
    [328] <engine-1>[GdPAI] ObjectRef(124621163998): object was freed before callback; returning Nil.
    [329] <engine-1>[GdPAI] ObjectRef(124621163998): object was freed before callback; returning Nil.
    [330] <engine-1>[GdPAI] ObjectRef(124621163998): object was freed before callback; returning Nil.
    [331] <engine-1>[GdPAI] ObjectRef(124621163998): object was freed before callback; returning Nil.
    [332] <engine-1>[GdPAI] ObjectRef(124621163998): object was freed before callback; returning Nil.
    [333] <engine-1>[GdPAI] ObjectRef(124134624705): object was freed before callback; returning Nil.
    [334] <engine-1>[GdPAI] ObjectRef(124134624705): object was freed before callback; returning Nil.
    [335] <engine-1>[GdPAI] ObjectRef(124621163998): object was freed before callback; returning Nil.
    [336] <engine-1>[GdPAI] ObjectRef(124134624705): object was freed before callback; returning Nil.
    [337] <engine-1>[GdPAI] ObjectRef(124134624705): object was freed before callback; returning Nil.
    [338] <engine-1>[GdPAI] ObjectRef(124621163998): object was freed before callback; returning Nil.
    [339] <engine-1>[GdPAI] ObjectRef(124134624705): object was freed before callback; returning Nil.
    [340] <engine-1>[GdPAI] ObjectRef(124134624705): object was freed before callback; returning Nil.
    [341] <engine-1>[GdPAI] ObjectRef(124621163998): object was freed before callback; returning Nil.
    [342] <engine-1>[GdPAI] ObjectRef(124134624705): object was freed before callback; returning Nil.
    [343] <engine-1>[GdPAI] ObjectRef(124134624705): object was freed before callback; returning Nil.
    [344] <engine-1>[GdPAI] ObjectRef(124621163998): object was freed before callback; returning Nil.
    [345] <engine-1>[GdPAI] ObjectRef(124621163998): object was freed before callback; returning Nil.
    [346] <engine-1>[GdPAI] ObjectRef(124621163998): object was freed before callback; returning Nil.
    [347] <engine-1>[GdPAI] ObjectRef(124621163998): object was freed before callback; returning Nil.
    [348] <engine-1>[GdPAI] ObjectRef(123983629752): object was freed before callback; returning Nil.
    [349] <engine-1>[GdPAI] ObjectRef(123983629752): object was freed before callback; returning Nil.
    [350] <engine-1>[GdPAI] ObjectRef(124621163998): object was freed before callback; returning Nil.
    [351] <engine-1>[GdPAI] ObjectRef(124621163998): object was freed before callback; returning Nil.
    [352] <engine-1>[GdPAI] ObjectRef(123983629752): object was freed before callback; returning Nil.
    [353] <engine-1>[GdPAI] ObjectRef(123983629752): object was freed before callback; returning Nil.
    [354] <engine-1>[GdPAI] ObjectRef(124621163998): object was freed before callback; returning Nil.
    [355] <engine-1>[GdPAI] ObjectRef(123983629752): object was freed before callback; returning Nil.
    [356] <engine-1>[GdPAI] ObjectRef(123983629752): object was freed before callback; returning Nil.
    [357] <engine-1>[GdPAI] ObjectRef(124621163998): object was freed before callback; returning Nil.
    [358] <engine-1>[GdPAI] ObjectRef(123983629752): object was freed before callback; returning Nil.
    [359] <engine-1>[GdPAI] ObjectRef(123983629752): object was freed before callback; returning Nil.
    [360] <engine-1>[GdPAI] ObjectRef(124621163998): object was freed before callback; returning Nil.
    [361] <engine-1>[GdPAI] ObjectRef(124134624705): object was freed before callback; returning Nil.
    [362] <engine-1>[GdPAI] ObjectRef(124134624705): object was freed before callback; returning Nil.
    [363] <engine-1>[GdPAI] ObjectRef(124621163998): object was freed before callback; returning Nil.
    [364] <engine-1>[GdPAI] ObjectRef(124134624705): object was freed before callback; returning Nil.
    [365] <engine-1>[GdPAI] ObjectRef(124134624705): object was freed before callback; returning Nil.
    [366] <engine-1>[GdPAI] ObjectRef(124621163998): object was freed before callback; returning Nil.
    [367] <engine-1>[GdPAI] ObjectRef(124134624705): object was freed before callback; returning Nil.
    [368] <engine-1>[GdPAI] ObjectRef(124134624705): object was freed before callback; returning Nil.
    [369] <engine-1>[GdPAI] ObjectRef(124621163998): object was freed before callback; returning Nil.
    [370] <engine-1>[GdPAI] ObjectRef(124134624705): object was freed before callback; returning Nil.
    [371] <engine-1>[GdPAI] ObjectRef(124134624705): object was freed before callback; returning Nil.
    [372] <engine-1>[GdPAI] ObjectRef(124621163998): object was freed before callback; returning Nil.
    [373] <engine-1>[GdPAI] ObjectRef(124621163998): object was freed before callback; returning Nil.
    [374] <engine-1>[GdPAI] ObjectRef(124621163998): object was freed before callback; returning Nil.
    [375] <engine-1>[GdPAI] ObjectRef(124621163998): object was freed before callback; returning Nil.
    [376] <engine-1>[GdPAI] ObjectRef(124621163998): object was freed before callback; returning Nil.
    [377] <engine-1>[GdPAI] ObjectRef(124621163998): object was freed before callback; returning Nil.
    [378] <engine-1>[GdPAI] ObjectRef(124621163998): object was freed before callback; returning Nil.
    [379] <engine-1>[GdPAI] ObjectRef(124621163998): object was freed before callback; returning Nil.
    [380] <engine-1>[GdPAI] ObjectRef(124621163998): object was freed before callback; returning Nil.
    [381] <engine-1>[GdPAI] ObjectRef(124134624705): object was freed before callback; returning Nil.
    [382] <engine-1>[GdPAI] ObjectRef(124134624705): object was freed before callback; returning Nil.
    [383] <engine-1>[GdPAI] ObjectRef(124621163998): object was freed before callback; returning Nil.
    [384] <engine-1>[GdPAI] ObjectRef(124134624705): object was freed before callback; returning Nil.
    [385] <engine-1>[GdPAI] ObjectRef(124134624705): object was freed before callback; returning Nil.
    [386] <engine-1>[GdPAI] ObjectRef(124621163998): object was freed before callback; returning Nil.
    [387] <engine-1>[GdPAI] ObjectRef(124134624705): object was freed before callback; returning Nil.
    [388] <engine-1>[GdPAI] ObjectRef(124134624705): object was freed before callback; returning Nil.
    [389] <engine-1>[GdPAI] ObjectRef(124621163998): object was freed before callback; returning Nil.
    [390] <engine-1>[GdPAI] ObjectRef(124134624705): object was freed before callback; returning Nil.
    [391] <engine-1>[GdPAI] ObjectRef(124134624705): object was freed before callback; returning Nil.
    [392] <engine-1>[GdPAI] ObjectRef(124621163998): object was freed before callback; returning Nil.
    [393] <engine-1>[GdPAI] ObjectRef(124621163998): object was freed before callback; returning Nil.
    [394] <engine-1>[GdPAI] ObjectRef(124621163998): object was freed before callback; returning Nil.
    [395] <engine-1>[GdPAI] ObjectRef(124621163998): object was freed before callback; returning Nil.
    [396] <engine-1>[GdPAI] ObjectRef(124621163998): object was freed before callback; returning Nil.
    [397] <engine-1>[GdPAI] ObjectRef(124621163998): object was freed before callback; returning Nil.
    [398] <engine-1>[GdPAI] ObjectRef(124621163998): object was freed before callback; returning Nil.
    [399] <engine-1>[GdPAI] ObjectRef(124621163998): object was freed before callback; returning Nil.
    [400] <engine-1>[GdPAI] ObjectRef(124621163998): object was freed before callback; returning Nil.
    [401] <engine-1>[GdPAI] ObjectRef(124134624705): object was freed before callback; returning Nil.
    [402] <engine-1>[GdPAI] ObjectRef(124134624705): object was freed before callback; returning Nil.
    [403] <engine-1>[GdPAI] ObjectRef(124621163998): object was freed before callback; returning Nil.
    [404] <engine-1>[GdPAI] ObjectRef(124134624705): object was freed before callback; returning Nil.
    [405] <engine-1>[GdPAI] ObjectRef(124134624705): object was freed before callback; returning Nil.
    [406] <engine-1>[GdPAI] ObjectRef(124621163998): object was freed before callback; returning Nil.
    [407] <engine-1>[GdPAI] ObjectRef(124134624705): object was freed before callback; returning Nil.
    [408] <engine-1>[GdPAI] ObjectRef(124134624705): object was freed before callback; returning Nil.
    [409] <engine-1>[GdPAI] ObjectRef(124621163998): object was freed before callback; returning Nil.
    [410] <engine-1>[GdPAI] ObjectRef(124134624705): object was freed before callback; returning Nil.
    [411] <engine-1>[GdPAI] ObjectRef(124134624705): object was freed before callback; returning Nil.
    [412] <engine-1>[GdPAI] ObjectRef(124621163998): object was freed before callback; returning Nil.
    [413] <engine-1>[GdPAI] ObjectRef(124621163998): object was freed before callback; returning Nil.
    [414] <engine-1>[GdPAI] ObjectRef(124621163998): object was freed before callback; returning Nil.
    [415] <engine-1>[GdPAI] ObjectRef(124621163998): object was freed before callback; returning Nil.
    [416] <engine-1>[GdPAI] ObjectRef(124621163998): object was freed before callback; returning Nil.
    [417] <engine-1>[GdPAI] ObjectRef(124621163998): object was freed before callback; returning Nil.
    [418] <engine-1>[GdPAI] ObjectRef(124621163998): object was freed before callback; returning Nil.
    [419] <engine-1>[GdPAI] ObjectRef(124621163998): object was freed before callback; returning Nil.
    [420] <engine-1>[GdPAI] ObjectRef(124621163998): object was freed before callback; returning Nil.
    [421] <engine-1>[GdPAI] ObjectRef(124134624705): object was freed before callback; returning Nil.
    [422] <engine-1>[GdPAI] ObjectRef(124134624705): object was freed before callback; returning Nil.
    [423] <engine-1>[GdPAI] ObjectRef(124621163998): object was freed before callback; returning Nil.
    [424] <engine-1>[GdPAI] ObjectRef(124134624705): object was freed before callback; returning Nil.
    [425] <engine-1>[GdPAI] ObjectRef(124134624705): object was freed before callback; returning Nil.
    [426] <engine-1>[GdPAI] ObjectRef(124621163998): object was freed before callback; returning Nil.
    [427] <engine-1>[GdPAI] ObjectRef(124134624705): object was freed before callback; returning Nil.
    [428] <engine-1>[GdPAI] ObjectRef(124134624705): object was freed before callback; returning Nil.
    [429] <engine-1>[GdPAI] ObjectRef(124621163998): object was freed before callback; returning Nil.
    [430] <engine-1>[GdPAI] ObjectRef(124134624705): object was freed before callback; returning Nil.
    [431] <engine-1>[GdPAI] ObjectRef(124134624705): object was freed before callback; returning Nil.
    [432] <engine-1>[GdPAI] ObjectRef(124621163998): object was freed before callback; returning Nil.
    [433] <engine-1>[GdPAI] ObjectRef(124621163998): object was freed before callback; returning Nil.
    [434] <engine-1>[GdPAI] ObjectRef(124621163998): object was freed before callback; returning Nil.
    [435] <engine-1>[GdPAI] ObjectRef(124621163998): object was freed before callback; returning Nil.
    [436] <engine-1>[GdPAI] ObjectRef(124621163998): object was freed before callback; returning Nil.
    [437] <engine-1>[GdPAI] ObjectRef(124621163998): object was freed before callback; returning Nil.
    [438] <engine-1>[GdPAI] ObjectRef(124621163998): object was freed before callback; returning Nil.
    [439] <engine-1>[GdPAI] ObjectRef(124621163998): object was freed before callback; returning Nil.
    [440] <engine-1>[GdPAI] ObjectRef(124621163998): object was freed before callback; returning Nil.
    [441] <engine-1>[GdPAI] ObjectRef(124134624705): object was freed before callback; returning Nil.
    [442] <engine-1>[GdPAI] ObjectRef(124134624705): object was freed before callback; returning Nil.
    [443] <engine-1>[GdPAI] ObjectRef(124621163998): object was freed before callback; returning Nil.
    [444] <engine-1>[GdPAI] ObjectRef(124134624705): object was freed before callback; returning Nil.
    [445] <engine-1>[GdPAI] ObjectRef(124134624705): object was freed before callback; returning Nil.
    [446] <engine-1>[GdPAI] ObjectRef(124621163998): object was freed before callback; returning Nil.
    [447] <engine-1>[GdPAI] ObjectRef(124134624705): object was freed before callback; returning Nil.
    [448] <engine-1>[GdPAI] ObjectRef(124134624705): object was freed before callback; returning Nil.
    [449] <engine-1>[GdPAI] ObjectRef(124621163998): object was freed before callback; returning Nil.
    [450] <engine-1>[GdPAI] ObjectRef(124134624705): object was freed before callback; returning Nil.
    [451] <engine-1>[GdPAI] ObjectRef(124134624705): object was freed before callback; returning Nil.
    [452] <engine-1>[GdPAI] ObjectRef(124621163998): object was freed before callback; returning Nil.
    [453] <engine-1>[GdPAI] ObjectRef(124621163998): object was freed before callback; returning Nil.
    [454] <engine-1>[GdPAI] ObjectRef(124621163998): object was freed before callback; returning Nil.
    [455] <engine-1>[GdPAI] ObjectRef(124621163998): object was freed before callback; returning Nil.
    [456] <engine-1>[GdPAI] ObjectRef(124621163998): object was freed before callback; returning Nil.
    [457] <engine-1>[GdPAI] ObjectRef(124621163998): object was freed before callback; returning Nil.
    [458] <engine-1>[GdPAI] ObjectRef(124621163998): object was freed before callback; returning Nil.
    [459] <engine-1>[GdPAI] ObjectRef(124621163998): object was freed before callback; returning Nil.
    [460] <engine-1>[GdPAI] ObjectRef(124621163998): object was freed before callback; returning Nil.
    [461] <engine-1>[GdPAI] ObjectRef(124134624705): object was freed before callback; returning Nil.
    [462] <engine-1>[GdPAI] ObjectRef(124134624705): object was freed before callback; returning Nil.
    [463] <engine-1>[GdPAI] ObjectRef(124621163998): object was freed before callback; returning Nil.
    [464] <engine-1>[GdPAI] ObjectRef(124134624705): object was freed before callback; returning Nil.
    [465] <engine-1>[GdPAI] ObjectRef(124134624705): object was freed before callback; returning Nil.
    [466] <engine-1>[GdPAI] ObjectRef(124621163998): object was freed before callback; returning Nil.
    [467] <engine-1>[GdPAI] ObjectRef(124134624705): object was freed before callback; returning Nil.
    [468] <engine-1>[GdPAI] ObjectRef(124134624705): object was freed before callback; returning Nil.
    [469] <engine-1>[GdPAI] ObjectRef(124621163998): object was freed before callback; returning Nil.
    [470] <engine-1>[GdPAI] ObjectRef(124134624705): object was freed before callback; returning Nil.
    [471] <engine-1>[GdPAI] ObjectRef(124134624705): object was freed before callback; returning Nil.
    [472] <engine-1>[GdPAI] ObjectRef(124621163998): object was freed before callback; returning Nil.
    [473] <engine-1>[GdPAI] ObjectRef(124621163998): object was freed before callback; returning Nil.
    [474] <engine-1>[GdPAI] ObjectRef(124621163998): object was freed before callback; returning Nil.
    [475] <engine-1>[GdPAI] ObjectRef(124621163998): object was freed before callback; returning Nil.
    [476] <engine-1>[GdPAI] ObjectRef(124621163998): object was freed before callback; returning Nil.
    [477] <engine-1>[GdPAI] ObjectRef(124621163998): object was freed before callback; returning Nil.
    [478] <engine-1>[GdPAI] ObjectRef(124621163998): object was freed before callback; returning Nil.
    [479] <engine-1>[GdPAI] ObjectRef(124621163998): object was freed before callback; returning Nil.
    [480] <engine-1>[GdPAI] ObjectRef(124621163998): object was freed before callback; returning Nil.
    [481] <engine-1>[GdPAI] ObjectRef(124621163998): object was freed before callback; returning Nil.
    [482] <engine-1>[GdPAI] ObjectRef(124621163998): object was freed before callback; returning Nil.
    [483] <engine-1>[GdPAI] ObjectRef(124621163998): object was freed before callback; returning Nil.
    [484] <engine-1>[GdPAI] ObjectRef(124621163998): object was freed before callback; returning Nil.
    [485] <engine-1>[GdPAI] ObjectRef(124621163998): object was freed before callback; returning Nil.
    [486] <engine-1>[GdPAI] ObjectRef(124621163998): object was freed before callback; returning Nil.
    [487] <engine-1>[GdPAI] ObjectRef(124621163998): object was freed before callback; returning Nil.
    [488] <engine-1>[GdPAI] ObjectRef(124621163998): object was freed before callback; returning Nil.
    [489] <engine-1>[GdPAI] ObjectRef(124621163998): object was freed before callback; returning Nil.
    [490] <engine-1>[GdPAI] ObjectRef(124621163998): object was freed before callback; returning Nil.
    [491] <engine-1>[GdPAI] ObjectRef(124621163998): object was freed before callback; returning Nil.
    [492] <engine-1>[GdPAI] ObjectRef(124621163998): object was freed before callback; returning Nil.
    [493] <engine-1>[GdPAI] ObjectRef(124621163998): object was freed before callback; returning Nil.
    [494] <engine-1>[GdPAI] ObjectRef(124621163998): object was freed before callback; returning Nil.
    [495] <engine-1>[GdPAI] ObjectRef(124621163998): object was freed before callback; returning Nil.
    [496] <engine-1>[GdPAI] ObjectRef(124621163998): object was freed before callback; returning Nil.
    [497] <engine-1>[GdPAI] ObjectRef(124621163998): object was freed before callback; returning Nil.
    [498] <engine-1>[GdPAI] ObjectRef(124621163998): object was freed before callback; returning Nil.
    [499] <engine-1>[GdPAI] ObjectRef(124621163998): object was freed before callback; returning Nil.
    [500] <engine-1>[GdPAI] ObjectRef(124621163998): object was freed before callback; returning Nil.
    [501] <engine-1>[GdPAI] ObjectRef(124621163998): object was freed before callback; returning Nil.
    [502] <engine-1>[GdPAI] ObjectRef(124621163998): object was freed before callback; returning Nil.
    [503] <engine-1>[GdPAI] ObjectRef(124621163998): object was freed before callback; returning Nil.
    [504] <engine-1>[GdPAI] ObjectRef(124621163998): object was freed before callback; returning Nil.
    [505] <engine-1>[GdPAI] ObjectRef(124621163998): object was freed before callback; returning Nil.
    [506] <engine-1>[GdPAI] ObjectRef(124621163998): object was freed before callback; returning Nil.
    [507] <engine-1>[GdPAI] ObjectRef(124621163998): object was freed before callback; returning Nil.
    [508] <engine-1>[GdPAI] ObjectRef(124621163998): object was freed before callback; returning Nil.
    [509] <engine-1>[GdPAI] ObjectRef(124621163998): object was freed before callback; returning Nil.
    [510] <engine-1>[GdPAI] ObjectRef(124621163998): object was freed before callback; returning Nil.
    [511] <engine-1>[GdPAI] ObjectRef(124621163998): object was freed before callback; returning Nil.
    [512] <engine-1>[GdPAI] ObjectRef(124621163998): object was freed before callback; returning Nil.
    [513] <engine-1>[GdPAI] ObjectRef(124621163998): object was freed before callback; returning Nil.
    [514] <engine-1>[GdPAI] ObjectRef(124621163998): object was freed before callback; returning Nil.
    [515] <engine-1>[GdPAI] ObjectRef(124621163998): object was freed before callback; returning Nil.
    [516] <engine-1>[GdPAI] ObjectRef(124621163998): object was freed before callback; returning Nil.
    [517] <engine-1>[GdPAI] ObjectRef(124621163998): object was freed before callback; returning Nil.
    [518] <engine-1>[GdPAI] ObjectRef(124621163998): object was freed before callback; returning Nil.
    [519] <engine-1>[GdPAI] ObjectRef(124621163998): object was freed before callback; returning Nil.
    [520] <engine-1>[GdPAI] ObjectRef(124621163998): object was freed before callback; returning Nil.
    [521] <engine-1>[GdPAI] ObjectRef(124621163998): object was freed before callback; returning Nil.
    [522] <engine-1>[GdPAI] ObjectRef(124621163998): object was freed before callback; returning Nil.
    [523] <engine-1>[GdPAI] ObjectRef(124621163998): object was freed before callback; returning Nil.
    [524] <engine-1>[GdPAI] ObjectRef(124621163998): object was freed before callback; returning Nil.
    [525] <engine-1>[GdPAI] ObjectRef(124621163998): object was freed before callback; returning Nil.
    [526] <engine-1>[GdPAI] ObjectRef(124621163998): object was freed before callback; returning Nil.
    [527] <engine-1>[GdPAI] ObjectRef(124621163998): object was freed before callback; returning Nil.
    [528] <engine-1>[GdPAI] ObjectRef(124134624705): object was freed before callback; returning Nil.
    [529] <engine-1>[GdPAI] ObjectRef(123983629752): object was freed before callback; returning Nil.
    [530] <engine-1>[GdPAI] ObjectRef(124134624705): object was freed before callback; returning Nil.
    [531] <engine-1>[GdPAI] ObjectRef(123983629752): object was freed before callback; returning Nil.
    [532] <engine-1>[GdPAI] ObjectRef(124621163998): object was freed before callback; returning Nil.
    [533] <engine-1>[GdPAI] ObjectRef(124621163998): object was freed before callback; returning Nil.
    [534] <engine-1>[GdPAI] ObjectRef(124134624705): object was freed before callback; returning Nil.
    [535] <engine-1>[GdPAI] ObjectRef(123983629752): object was freed before callback; returning Nil.
    [536] <engine-1>[GdPAI] ObjectRef(124134624705): object was freed before callback; returning Nil.
    [537] <engine-1>[GdPAI] ObjectRef(123983629752): object was freed before callback; returning Nil.
    [538] <engine-1>[GdPAI] ObjectRef(124621163998): object was freed before callback; returning Nil.
    [539] <engine-1>[GdPAI] ObjectRef(123983629752): object was freed before callback; returning Nil.
    [540] <engine-1>[GdPAI] ObjectRef(123983629752): object was freed before callback; returning Nil.
    [541] <engine-1>[GdPAI] ObjectRef(124621163998): object was freed before callback; returning Nil.
    [542] <engine-1>[GdPAI] ObjectRef(123983629752): object was freed before callback; returning Nil.
    [543] <engine-1>[GdPAI] ObjectRef(123983629752): object was freed before callback; returning Nil.
    [544] <engine-1>[GdPAI] ObjectRef(124621163998): object was freed before callback; returning Nil.
    [545] <engine-1>[GdPAI] ObjectRef(124134624705): object was freed before callback; returning Nil.
    [546] <engine-1>[GdPAI] ObjectRef(124134624705): object was freed before callback; returning Nil.
    [547] <engine-1>[GdPAI] ObjectRef(124621163998): object was freed before callback; returning Nil.
    [548] <engine-1>[GdPAI] ObjectRef(124134624705): object was freed before callback; returning Nil.
    [549] <engine-1>[GdPAI] ObjectRef(124134624705): object was freed before callback; returning Nil.
    [550] <engine-1>[GdPAI] ObjectRef(124621163998): object was freed before callback; returning Nil.
    [551] <engine-1>[GdPAI] ObjectRef(124621163998): object was freed before callback; returning Nil.
    [552] <engine-1>[GdPAI] ObjectRef(124621163998): object was freed before callback; returning Nil.
    [553] <engine-1>[GdPAI] ObjectRef(124621163998): object was freed before callback; returning Nil.
    [554] <engine-1>[GdPAI] ObjectRef(124621163998): object was freed before callback; returning Nil.
    [555] <engine-1>[GdPAI] ObjectRef(124621163998): object was freed before callback; returning Nil.
    [556] <engine-1>[GdPAI] ObjectRef(124621163998): object was freed before callback; returning Nil.
    [557] <engine-1>[GdPAI] ObjectRef(124621163998): object was freed before callback; returning Nil.
    [558] <engine-1>[GdPAI] ObjectRef(124621163998): object was freed before callback; returning Nil.
    [559] <engine-1>[GdPAI] ObjectRef(124621163998): object was freed before callback; returning Nil.
    [560] <engine-1>[GdPAI] ObjectRef(124621163998): object was freed before callback; returning Nil.
    [561] <engine-1>[GdPAI] ObjectRef(124621163998): object was freed before callback; returning Nil.
    [562] <engine-1>[GdPAI] ObjectRef(124621163998): object was freed before callback; returning Nil.
    [563] <engine-1>[GdPAI] ObjectRef(124621163998): object was freed before callback; returning Nil.
    [564] <engine-1>[GdPAI] ObjectRef(124134624705): object was freed before callback; returning Nil.
    [565] <engine-1>[GdPAI] ObjectRef(123983629752): object was freed before callback; returning Nil.
    [566] <engine-1>[GdPAI] ObjectRef(124134624705): object was freed before callback; returning Nil.
    [567] <engine-1>[GdPAI] ObjectRef(123983629752): object was freed before callback; returning Nil.
    [568] <engine-1>[GdPAI] ObjectRef(124621163998): object was freed before callback; returning Nil.
    [569] <engine-1>[GdPAI] ObjectRef(124621163998): object was freed before callback; returning Nil.
    [570] <engine-1>[GdPAI] ObjectRef(124134624705): object was freed before callback; returning Nil.
    [571] <engine-1>[GdPAI] ObjectRef(123983629752): object was freed before callback; returning Nil.
    [572] <engine-1>[GdPAI] ObjectRef(124134624705): object was freed before callback; returning Nil.
    [573] <engine-1>[GdPAI] ObjectRef(123983629752): object was freed before callback; returning Nil.
    [574] <engine-1>[GdPAI] ObjectRef(124621163998): object was freed before callback; returning Nil.
    [575] <engine-1>[GdPAI] ObjectRef(123983629752): object was freed before callback; returning Nil.
    [576] <engine-1>[GdPAI] ObjectRef(123983629752): object was freed before callback; returning Nil.
    [577] <engine-1>[GdPAI] ObjectRef(124621163998): object was freed before callback; returning Nil.
    [578] <engine-1>[GdPAI] ObjectRef(123983629752): object was freed before callback; returning Nil.
    [579] <engine-1>[GdPAI] ObjectRef(123983629752): object was freed before callback; returning Nil.
    [580] <engine-1>[GdPAI] ObjectRef(124621163998): object was freed before callback; returning Nil.
    [581] <engine-1>[GdPAI] ObjectRef(124134624705): object was freed before callback; returning Nil.
    [582] <engine-1>[GdPAI] ObjectRef(124134624705): object was freed before callback; returning Nil.
    [583] <engine-1>[GdPAI] ObjectRef(124621163998): object was freed before callback; returning Nil.
    [584] <engine-1>[GdPAI] ObjectRef(124134624705): object was freed before callback; returning Nil.
    [585] <engine-1>[GdPAI] ObjectRef(124134624705): object was freed before callback; returning Nil.
    [586] <engine-1>[GdPAI] ObjectRef(124621163998): object was freed before callback; returning Nil.
    [587] <engine-1>[GdPAI] ObjectRef(124621163998): object was freed before callback; returning Nil.
    [588] <engine-1>[GdPAI] ObjectRef(124621163998): object was freed before callback; returning Nil.
    [589] <engine-1>[GdPAI] ObjectRef(124621163998): object was freed before callback; returning Nil.
    [590] <engine-1>[GdPAI] ObjectRef(124621163998): object was freed before callback; returning Nil.
    [591] <engine-1>[GdPAI] ObjectRef(124621163998): object was freed before callback; returning Nil.
    [592] <engine-1>[GdPAI] ObjectRef(124621163998): object was freed before callback; returning Nil.
    [593] <engine-1>[GdPAI] ObjectRef(124621163998): object was freed before callback; returning Nil.
    [594] <engine-1>[GdPAI] ObjectRef(124621163998): object was freed before callback; returning Nil.
    [595] <engine-1>[GdPAI] ObjectRef(124621163998): object was freed before callback; returning Nil.
    [596] <engine-1>[GdPAI] ObjectRef(124621163998): object was freed before callback; returning Nil.
    [597] <engine-1>[GdPAI] ObjectRef(124621163998): object was freed before callback; returning Nil.
    [598] <engine-1>[GdPAI] ObjectRef(124621163998): object was freed before callback; returning Nil.
    [599] <engine-1>[GdPAI] ObjectRef(124621163998): object was freed before callback; returning Nil.
    [600] <engine-1>[GdPAI] ObjectRef(124621163998): object was freed before callback; returning Nil.
    [601] <engine-1>[GdPAI] ObjectRef(124621163998): object was freed before callback; returning Nil.
    [602] <engine-1>[GdPAI] ObjectRef(124621163998): object was freed before callback; returning Nil.
    [603] <engine-1>[GdPAI] ObjectRef(124621163998): object was freed before callback; returning Nil.
    [604] <engine-1>[GdPAI] ObjectRef(124621163998): object was freed before callback; returning Nil.
    [605] <engine-1>[GdPAI] ObjectRef(124621163998): object was freed before callback; returning Nil.
    [606] <engine-1>[GdPAI] ObjectRef(124621163998): object was freed before callback; returning Nil.
    [607] <engine-1>[GdPAI] ObjectRef(124621163998): object was freed before callback; returning Nil.
    [608] <engine-1>[GdPAI] ObjectRef(124621163998): object was freed before callback; returning Nil.
    [609] <engine-1>[GdPAI] ObjectRef(124621163998): object was freed before callback; returning Nil.
    [610] <engine-1>[GdPAI] ObjectRef(124621163998): object was freed before callback; returning Nil.
    [611] <engine-1>[GdPAI] ObjectRef(124621163998): object was freed before callback; returning Nil.
    [612] <engine-1>[GdPAI] ObjectRef(124621163998): object was freed before callback; returning Nil.
    [613] <engine-1>[GdPAI] ObjectRef(124621163998): object was freed before callback; returning Nil.
    [614] <engine-1>[GdPAI] ObjectRef(124621163998): object was freed before callback; returning Nil.
    [615] <engine-1>[GdPAI] ObjectRef(124621163998): object was freed before callback; returning Nil.
    [616] <engine-1>[GdPAI] ObjectRef(124621163998): object was freed before callback; returning Nil.
    [617] <engine-1>[GdPAI] ObjectRef(124621163998): object was freed before callback; returning Nil.
    [618] <engine-1>[GdPAI] ObjectRef(124621163998): object was freed before callback; returning Nil.
    [619] <engine-1>[GdPAI] ObjectRef(124621163998): object was freed before callback; returning Nil.
    [620] <engine-1>[GdPAI] ObjectRef(124621163998): object was freed before callback; returning Nil.
    [621] <engine-1>[GdPAI] ObjectRef(124621163998): object was freed before callback; returning Nil.
    [622] <engine-1>[GdPAI] ObjectRef(124621163998): object was freed before callback; returning Nil.
    [623] <engine-1>[GdPAI] ObjectRef(124621163998): object was freed before callback; returning Nil.
    [624] <engine-1>[GdPAI] ObjectRef(124621163998): object was freed before callback; returning Nil.
    [625] <engine-1>[GdPAI] ObjectRef(124621163998): object was freed before callback; returning Nil.
    [626] <engine-1>[GdPAI] ObjectRef(124621163998): object was freed before callback; returning Nil.
    [627] <engine-1>[GdPAI] ObjectRef(124621163998): object was freed before callback; returning Nil.
    [628] <engine-1>[GdPAI] ObjectRef(124621163998): object was freed before callback; returning Nil.
    [629] <engine-1>[GdPAI] ObjectRef(124621163998): object was freed before callback; returning Nil.
    [630] <engine-1>[GdPAI] ObjectRef(124621163998): object was freed before callback; returning Nil.
    [631] <engine-1>[GdPAI] ObjectRef(124621163998): object was freed before callback; returning Nil.
    [632] <engine-1>[GdPAI] ObjectRef(124621163998): object was freed before callback; returning Nil.
    [633] <engine-1>[GdPAI] ObjectRef(124621163998): object was freed before callback; returning Nil.
    [634] <engine-1>[GdPAI] ObjectRef(124621163998): object was freed before callback; returning Nil.
    [635] <engine-1>[GdPAI] ObjectRef(124621163998): object was freed before callback; returning Nil.
    [636] <engine-1>[GdPAI] ObjectRef(124621163998): object was freed before callback; returning Nil.
    [637] <engine-1>[GdPAI] ObjectRef(124621163998): object was freed before callback; returning Nil.
    [638] <engine-1>[GdPAI] ObjectRef(124621163998): object was freed before callback; returning Nil.
    [639] <engine-1>[GdPAI] ObjectRef(124621163998): object was freed before callback; returning Nil.
    [640] <engine-1>[GdPAI] ObjectRef(124621163998): object was freed before callback; returning Nil.
    [641] <engine-1>[GdPAI] ObjectRef(124621163998): object was freed before callback; returning Nil.
    [642] <engine-1>[GdPAI] ObjectRef(124621163998): object was freed before callback; returning Nil.
    [643] <engine-1>[GdPAI] ObjectRef(124621163998): object was freed before callback; returning Nil.
    [644] <engine-1>[GdPAI] ObjectRef(124621163998): object was freed before callback; returning Nil.
    [645] <engine-1>[GdPAI] ObjectRef(124621163998): object was freed before callback; returning Nil.
    [646] <engine-1>[GdPAI] ObjectRef(124621163998): object was freed before callback; returning Nil.
    [647] <engine-1>[GdPAI] ObjectRef(124621163998): object was freed before callback; returning Nil.
    [648] <engine-1>[GdPAI] ObjectRef(124621163998): object was freed before callback; returning Nil.
    [649] <engine-1>[GdPAI] ObjectRef(124621163998): object was freed before callback; returning Nil.
    [650] <engine-1>[GdPAI] ObjectRef(124621163998): object was freed before callback; returning Nil.
    [651] <engine-1>[GdPAI] ObjectRef(124621163998): object was freed before callback; returning Nil.
    [652] <engine-1>[GdPAI] ObjectRef(124621163998): object was freed before callback; returning Nil.
    [653] <engine-1>[GdPAI] ObjectRef(124621163998): object was freed before callback; returning Nil.
    [654] <engine-1>[GdPAI] ObjectRef(124621163998): object was freed before callback; returning Nil.
    [655] <engine-1>[GdPAI] ObjectRef(124621163998): object was freed before callback; returning Nil.
    [656] <engine-1>[GdPAI] ObjectRef(124621163998): object was freed before callback; returning Nil.
    [657] <engine-1>[GdPAI] ObjectRef(124621163998): object was freed before callback; returning Nil.
    [658] <engine-1>[GdPAI] ObjectRef(124621163998): object was freed before callback; returning Nil.
    [659] <engine-1>[GdPAI] ObjectRef(124621163998): object was freed before callback; returning Nil.
    [660] <engine-1>[GdPAI] ObjectRef(124621163998): object was freed before callback; returning Nil.
    [661] <engine-1>[GdPAI] ObjectRef(124621163998): object was freed before callback; returning Nil.
    [662] <engine-1>[GdPAI] ObjectRef(124621163998): object was freed before callback; returning Nil.
    [663] <engine-1>[GdPAI] ObjectRef(124621163998): object was freed before callback; returning Nil.
    [664] <engine-1>[GdPAI] ObjectRef(124621163998): object was freed before callback; returning Nil.
    [665] <engine-1>[GdPAI] ObjectRef(124621163998): object was freed before callback; returning Nil.
    [666] <engine-1>[GdPAI] ObjectRef(124621163998): object was freed before callback; returning Nil.
    [667] <engine-1>[GdPAI] ObjectRef(124621163998): object was freed before callback; returning Nil.
    [668] <engine-1>[GdPAI] ObjectRef(124621163998): object was freed before callback; returning Nil.
    [669] <engine-1>[GdPAI] ObjectRef(124621163998): object was freed before callback; returning Nil.
    [670] <engine-1>[GdPAI] ObjectRef(124621163998): object was freed before callback; returning Nil.
    [671] <engine-1>[GdPAI] ObjectRef(124621163998): object was freed before callback; returning Nil.
    [672] <engine-1>[GdPAI] ObjectRef(124621163998): object was freed before callback; returning Nil.
    [673] <engine-1>[GdPAI] ObjectRef(124621163998): object was freed before callback; returning Nil.
    [674] <engine-1>[GdPAI] ObjectRef(124621163998): object was freed before callback; returning Nil.
    [675] <engine-1>[GdPAI] ObjectRef(124621163998): object was freed before callback; returning Nil.
    [676] <engine-1>[GdPAI] ObjectRef(124621163998): object was freed before callback; returning Nil.
    [677] <engine-1>[GdPAI] ObjectRef(124621163998): object was freed before callback; returning Nil.
    [678] <engine-1>[GdPAI] ObjectRef(124621163998): object was freed before callback; returning Nil.
    [679] <engine-1>[GdPAI] ObjectRef(124621163998): object was freed before callback; returning Nil.
    [680] <engine-1>[GdPAI] ObjectRef(124621163998): object was freed before callback; returning Nil.
    [681] <engine-1>[GdPAI] ObjectRef(124621163998): object was freed before callback; returning Nil.
    [682] <engine-1>[GdPAI] ObjectRef(124621163998): object was freed before callback; returning Nil.
    [683] <engine-1>[GdPAI] ObjectRef(124621163998): object was freed before callback; returning Nil.
    [684] <engine-1>[GdPAI] ObjectRef(124621163998): object was freed before callback; returning Nil.
    [685] <engine-1>[GdPAI] ObjectRef(124621163998): object was freed before callback; returning Nil.
    [686] <engine-1>[GdPAI] ObjectRef(124621163998): object was freed before callback; returning Nil.
    [687] <engine-1>[GdPAI] ObjectRef(124621163998): object was freed before callback; returning Nil.
    [688] <engine-1>[GdPAI] ObjectRef(124621163998): object was freed before callback; returning Nil.
    [689] <engine-1>[GdPAI] ObjectRef(124621163998): object was freed before callback; returning Nil.
    [690] <engine-1>[GdPAI] ObjectRef(124621163998): object was freed before callback; returning Nil.
    [691] <engine-1>[GdPAI] ObjectRef(124621163998): object was freed before callback; returning Nil.
    [692] <engine-1>[GdPAI] ObjectRef(125510356497): object was freed before callback; returning Nil.
    [693] <engine-1>[GdPAI] ObjectRef(125510356497): object was freed before callback; returning Nil.
    [694] <engine-1>[GdPAI] ObjectRef(124621163998): object was freed before callback; returning Nil.
    [695] <engine-1>[GdPAI] ObjectRef(124621163998): object was freed before callback; returning Nil.
    [696] <engine-1>[GdPAI] ObjectRef(125510356497): object was freed before callback; returning Nil.
    [697] <engine-1>[GdPAI] ObjectRef(125510356497): object was freed before callback; returning Nil.
    [698] <engine-1>[GdPAI] ObjectRef(124621163998): object was freed before callback; returning Nil.
    [699] <engine-1>[GdPAI] ObjectRef(125510356497): object was freed before callback; returning Nil.
    [700] <engine-1>[GdPAI] ObjectRef(125510356497): object was freed before callback; returning Nil.
    [701] <engine-1>[GdPAI] ObjectRef(124621163998): object was freed before callback; returning Nil.
    [702] <engine-1>[GdPAI] ObjectRef(125510356497): object was freed before callback; returning Nil.
    [703] <engine-1>[GdPAI] ObjectRef(125510356497): object was freed before callback; returning Nil.
    [704] <engine-1>[GdPAI] ObjectRef(124621163998): object was freed before callback; returning Nil.
    [705] <engine-1>[GdPAI] ObjectRef(124134624705): object was freed before callback; returning Nil.
    [706] <engine-1>[GdPAI] ObjectRef(124134624705): object was freed before callback; returning Nil.
    [707] <engine-1>[GdPAI] ObjectRef(124621163998): object was freed before callback; returning Nil.
    [708] <engine-1>[GdPAI] ObjectRef(124134624705): object was freed before callback; returning Nil.
    [709] <engine-1>[GdPAI] ObjectRef(124134624705): object was freed before callback; returning Nil.
    [710] <engine-1>[GdPAI] ObjectRef(124621163998): object was freed before callback; returning Nil.
    [711] <engine-1>[GdPAI] ObjectRef(124134624705): object was freed before callback; returning Nil.
    [712] <engine-1>[GdPAI] ObjectRef(124134624705): object was freed before callback; returning Nil.
    [713] <engine-1>[GdPAI] ObjectRef(124621163998): object was freed before callback; returning Nil.
    [714] <engine-1>[GdPAI] ObjectRef(124134624705): object was freed before callback; returning Nil.
    [715] <engine-1>[GdPAI] ObjectRef(124134624705): object was freed before callback; returning Nil.
    [716] <engine-1>[GdPAI] ObjectRef(124621163998): object was freed before callback; returning Nil.
    [717] <engine-1>[GdPAI] ObjectRef(124621163998): object was freed before callback; returning Nil.
    [718] <engine-1>[GdPAI] ObjectRef(124621163998): object was freed before callback; returning Nil.
    [719] <engine-1>[GdPAI] ObjectRef(124621163998): object was freed before callback; returning Nil.
    [720] <engine-1>[GdPAI] ObjectRef(124621163998): object was freed before callback; returning Nil.
    [721] <engine-1>[GdPAI] ObjectRef(124621163998): object was freed before callback; returning Nil.
    [722] <engine-1>[GdPAI] ObjectRef(124621163998): object was freed before callback; returning Nil.
    [723] <engine-1>[GdPAI] ObjectRef(124621163998): object was freed before callback; returning Nil.
    [724] <engine-1>[GdPAI] ObjectRef(124621163998): object was freed before callback; returning Nil.
    [725] <engine-1>[GdPAI] ObjectRef(124134624705): object was freed before callback; returning Nil.
    [726] <engine-1>[GdPAI] ObjectRef(124134624705): object was freed before callback; returning Nil.
    [727] <engine-1>[GdPAI] ObjectRef(124621163998): object was freed before callback; returning Nil.
    [728] <engine-1>[GdPAI] ObjectRef(124134624705): object was freed before callback; returning Nil.
    [729] <engine-1>[GdPAI] ObjectRef(124134624705): object was freed before callback; returning Nil.
    [730] <engine-1>[GdPAI] ObjectRef(124621163998): object was freed before callback; returning Nil.
    [731] <engine-1>[GdPAI] ObjectRef(124134624705): object was freed before callback; returning Nil.
    [732] <engine-1>[GdPAI] ObjectRef(124134624705): object was freed before callback; returning Nil.
    [733] <engine-1>[GdPAI] ObjectRef(124621163998): object was freed before callback; returning Nil.
    [734] <engine-1>[GdPAI] ObjectRef(124134624705): object was freed before callback; returning Nil.
    [735] <engine-1>[GdPAI] ObjectRef(124134624705): object was freed before callback; returning Nil.
    [736] <engine-1>[GdPAI] ObjectRef(124621163998): object was freed before callback; returning Nil.
    [737] <engine-1>[GdPAI] ObjectRef(124621163998): object was freed before callback; returning Nil.
    [738] <engine-1>[GdPAI] ObjectRef(124621163998): object was freed before callback; returning Nil.
    [739] <engine-1>[GdPAI] ObjectRef(124621163998): object was freed before callback; returning Nil.
    [740] <engine-1>[GdPAI] ObjectRef(125510356497): object was freed before callback; returning Nil.
    [741] <engine-1>[GdPAI] ObjectRef(125510356497): object was freed before callback; returning Nil.
    [742] <engine-1>[GdPAI] ObjectRef(124621163998): object was freed before callback; returning Nil.
    [743] <engine-1>[GdPAI] ObjectRef(124621163998): object was freed before callback; returning Nil.
    [744] <engine-1>[GdPAI] ObjectRef(125510356497): object was freed before callback; returning Nil.
    [745] <engine-1>[GdPAI] ObjectRef(125510356497): object was freed before callback; returning Nil.
    [746] <engine-1>[GdPAI] ObjectRef(124621163998): object was freed before callback; returning Nil.
    [747] <engine-1>[GdPAI] ObjectRef(125510356497): object was freed before callback; returning Nil.
    [748] <engine-1>[GdPAI] ObjectRef(125510356497): object was freed before callback; returning Nil.
    [749] <engine-1>[GdPAI] ObjectRef(124621163998): object was freed before callback; returning Nil.
    [750] <engine-1>[GdPAI] ObjectRef(125510356497): object was freed before callback; returning Nil.
    [751] <engine-1>[GdPAI] ObjectRef(125510356497): object was freed before callback; returning Nil.
    [752] <engine-1>[GdPAI] ObjectRef(124621163998): object was freed before callback; returning Nil.
    [753] <engine-1>[GdPAI] ObjectRef(124134624705): object was freed before callback; returning Nil.
    [754] <engine-1>[GdPAI] ObjectRef(124134624705): object was freed before callback; returning Nil.
    [755] <engine-1>[GdPAI] ObjectRef(124621163998): object was freed before callback; returning Nil.
    [756] <engine-1>[GdPAI] ObjectRef(124134624705): object was freed before callback; returning Nil.
    [757] <engine-1>[GdPAI] ObjectRef(124134624705): object was freed before callback; returning Nil.
    [758] <engine-1>[GdPAI] ObjectRef(124621163998): object was freed before callback; returning Nil.
    [759] <engine-1>[GdPAI] ObjectRef(124134624705): object was freed before callback; returning Nil.
    [760] <engine-1>[GdPAI] ObjectRef(124134624705): object was freed before callback; returning Nil.
    [761] <engine-1>[GdPAI] ObjectRef(124621163998): object was freed before callback; returning Nil.
    [762] <engine-1>[GdPAI] ObjectRef(124134624705): object was freed before callback; returning Nil.
    [763] <engine-1>[GdPAI] ObjectRef(124134624705): object was freed before callback; returning Nil.
    [764] <engine-1>[GdPAI] ObjectRef(124621163998): object was freed before callback; returning Nil.
    [765] <engine-1>[GdPAI] ObjectRef(124621163998): object was freed before callback; returning Nil.
    [766] <engine-1>[GdPAI] ObjectRef(124621163998): object was freed before callback; returning Nil.
    [767] <engine-1>[GdPAI] ObjectRef(124621163998): object was freed before callback; returning Nil.
    [768] <engine-1>[GdPAI] ObjectRef(124621163998): object was freed before callback; returning Nil.
    [769] <engine-1>[GdPAI] ObjectRef(124621163998): object was freed before callback; returning Nil.
    [770] <engine-1>[GdPAI] ObjectRef(124621163998): object was freed before callback; returning Nil.
    [771] <engine-1>[GdPAI] ObjectRef(124621163998): object was freed before callback; returning Nil.
    [772] <engine-1>[GdPAI] ObjectRef(124621163998): object was freed before callback; returning Nil.
    [773] <engine-1>[GdPAI] ObjectRef(124134624705): object was freed before callback; returning Nil.
    [774] <engine-1>[GdPAI] ObjectRef(124134624705): object was freed before callback; returning Nil.
    [775] <engine-1>[GdPAI] ObjectRef(124621163998): object was freed before callback; returning Nil.
    [776] <engine-1>[GdPAI] ObjectRef(124134624705): object was freed before callback; returning Nil.
    [777] <engine-1>[GdPAI] ObjectRef(124134624705): object was freed before callback; returning Nil.
    [778] <engine-1>[GdPAI] ObjectRef(124621163998): object was freed before callback; returning Nil.
    [779] <engine-1>[GdPAI] ObjectRef(124134624705): object was freed before callback; returning Nil.
    [780] <engine-1>[GdPAI] ObjectRef(124134624705): object was freed before callback; returning Nil.
    [781] <engine-1>[GdPAI] ObjectRef(124621163998): object was freed before callback; returning Nil.
    [782] <engine-1>[GdPAI] ObjectRef(124134624705): object was freed before callback; returning Nil.
    [783] <engine-1>[GdPAI] ObjectRef(124134624705): object was freed before callback; returning Nil.
    [784] <engine-1>[GdPAI] ObjectRef(124621163998): object was freed before callback; returning Nil.
    [785] <engine-1>[GdPAI] ObjectRef(124621163998): object was freed before callback; returning Nil.
    [786] <engine-1>[GdPAI] ObjectRef(124621163998): object was freed before callback; returning Nil.
    [787] <engine-1>[GdPAI] ObjectRef(124621163998): object was freed before callback; returning Nil.
    [788] <engine-1>[GdPAI] ObjectRef(124621163998): object was freed before callback; returning Nil.
    [789] <engine-1>[GdPAI] ObjectRef(124621163998): object was freed before callback; returning Nil.
    [790] <engine-1>[GdPAI] ObjectRef(124621163998): object was freed before callback; returning Nil.
    [791] <engine-1>[GdPAI] ObjectRef(124621163998): object was freed before callback; returning Nil.
    [792] <engine-1>[GdPAI] ObjectRef(124621163998): object was freed before callback; returning Nil.
    [793] <engine-1>[GdPAI] ObjectRef(124134624705): object was freed before callback; returning Nil.
    [794] <engine-1>[GdPAI] ObjectRef(124134624705): object was freed before callback; returning Nil.
    [795] <engine-1>[GdPAI] ObjectRef(124621163998): object was freed before callback; returning Nil.
    [796] <engine-1>[GdPAI] ObjectRef(124134624705): object was freed before callback; returning Nil.
    [797] <engine-1>[GdPAI] ObjectRef(124134624705): object was freed before callback; returning Nil.
    [798] <engine-1>[GdPAI] ObjectRef(124621163998): object was freed before callback; returning Nil.
    [799] <engine-1>[GdPAI] ObjectRef(124134624705): object was freed before callback; returning Nil.
    [800] <engine-1>[GdPAI] ObjectRef(124134624705): object was freed before callback; returning Nil.
    [801] <engine-1>[GdPAI] ObjectRef(124621163998): object was freed before callback; returning Nil.
    [802] <engine-1>[GdPAI] ObjectRef(124134624705): object was freed before callback; returning Nil.
    [803] <engine-1>[GdPAI] ObjectRef(124134624705): object was freed before callback; returning Nil.
    [804] <engine-1>[GdPAI] ObjectRef(124621163998): object was freed before callback; returning Nil.
    [805] <engine-1>[GdPAI] ObjectRef(124621163998): object was freed before callback; returning Nil.
    [806] <engine-1>[GdPAI] ObjectRef(124621163998): object was freed before callback; returning Nil.
    [807] <engine-1>[GdPAI] ObjectRef(124621163998): object was freed before callback; returning Nil.
    [808] <engine-1>[GdPAI] ObjectRef(124621163998): object was freed before callback; returning Nil.
    [809] <engine-1>[GdPAI] ObjectRef(124621163998): object was freed before callback; returning Nil.
    [810] <engine-1>[GdPAI] ObjectRef(124621163998): object was freed before callback; returning Nil.
    [811] <engine-1>[GdPAI] ObjectRef(124621163998): object was freed before callback; returning Nil.
    [812] <engine-1>[GdPAI] ObjectRef(124621163998): object was freed before callback; returning Nil.
    [813] <engine-1>[GdPAI] ObjectRef(124134624705): object was freed before callback; returning Nil.
    [814] <engine-1>[GdPAI] ObjectRef(124134624705): object was freed before callback; returning Nil.
    [815] <engine-1>[GdPAI] ObjectRef(124621163998): object was freed before callback; returning Nil.
    [816] <engine-1>[GdPAI] ObjectRef(124134624705): object was freed before callback; returning Nil.
    [817] <engine-1>[GdPAI] ObjectRef(124134624705): object was freed before callback; returning Nil.
    [818] <engine-1>[GdPAI] ObjectRef(124621163998): object was freed before callback; returning Nil.
    [819] <engine-1>[GdPAI] ObjectRef(124134624705): object was freed before callback; returning Nil.
    [820] <engine-1>[GdPAI] ObjectRef(124134624705): object was freed before callback; returning Nil.
    [821] <engine-1>[GdPAI] ObjectRef(124621163998): object was freed before callback; returning Nil.
    [822] <engine-1>[GdPAI] ObjectRef(124134624705): object was freed before callback; returning Nil.
    [823] <engine-1>[GdPAI] ObjectRef(124134624705): object was freed before callback; returning Nil.
    [824] <engine-1>[GdPAI] ObjectRef(124621163998): object was freed before callback; returning Nil.
    [825] <engine-1>[GdPAI] ObjectRef(124621163998): object was freed before callback; returning Nil.
    [826] <engine-1>[GdPAI] ObjectRef(124621163998): object was freed before callback; returning Nil.
    [827] <engine-1>[GdPAI] ObjectRef(124621163998): object was freed before callback; returning Nil.
    [828] <engine-1>[GdPAI] ObjectRef(124621163998): object was freed before callback; returning Nil.
    [829] <engine-1>[GdPAI] ObjectRef(124621163998): object was freed before callback; returning Nil.
    [830] <engine-1>[GdPAI] ObjectRef(124621163998): object was freed before callback; returning Nil.
    [831] <engine-1>[GdPAI] ObjectRef(124621163998): object was freed before callback; returning Nil.
    [832] <engine-1>[GdPAI] ObjectRef(124621163998): object was freed before callback; returning Nil.
    [833] <engine-1>[GdPAI] ObjectRef(124134624705): object was freed before callback; returning Nil.
    [834] <engine-1>[GdPAI] ObjectRef(124134624705): object was freed before callback; returning Nil.
    [835] <engine-1>[GdPAI] ObjectRef(124621163998): object was freed before callback; returning Nil.
    [836] <engine-1>[GdPAI] ObjectRef(124134624705): object was freed before callback; returning Nil.
    [837] <engine-1>[GdPAI] ObjectRef(124134624705): object was freed before callback; returning Nil.
    [838] <engine-1>[GdPAI] ObjectRef(124621163998): object was freed before callback; returning Nil.
    [839] <engine-1>[GdPAI] ObjectRef(124134624705): object was freed before callback; returning Nil.
    [840] <engine-1>[GdPAI] ObjectRef(124134624705): object was freed before callback; returning Nil.
    [841] <engine-1>[GdPAI] ObjectRef(124621163998): object was freed before callback; returning Nil.
    [842] <engine-1>[GdPAI] ObjectRef(124134624705): object was freed before callback; returning Nil.
    [843] <engine-1>[GdPAI] ObjectRef(124134624705): object was freed before callback; returning Nil.
    [844] <engine-1>[GdPAI] ObjectRef(124621163998): object was freed before callback; returning Nil.
    [845] <engine-1>[GdPAI] ObjectRef(124621163998): object was freed before callback; returning Nil.
    [846] <engine-1>[GdPAI] ObjectRef(124621163998): object was freed before callback; returning Nil.
    [847] <engine-1>[GdPAI] ObjectRef(124621163998): object was freed before callback; returning Nil.
    [848] <engine-1>[GdPAI] ObjectRef(124621163998): object was freed before callback; returning Nil.
    [849] <engine-1>[GdPAI] ObjectRef(124621163998): object was freed before callback; returning Nil.
    [850] <engine-1>[GdPAI] ObjectRef(124621163998): object was freed before callback; returning Nil.
    [851] <engine-1>[GdPAI] ObjectRef(124621163998): object was freed before callback; returning Nil.
    [852] <engine-1>[GdPAI] ObjectRef(124621163998): object was freed before callback; returning Nil.
    [853] <engine-1>[GdPAI] ObjectRef(124134624705): object was freed before callback; returning Nil.
    [854] <engine-1>[GdPAI] ObjectRef(124134624705): object was freed before callback; returning Nil.
    [855] <engine-1>[GdPAI] ObjectRef(124621163998): object was freed before callback; returning Nil.
    [856] <engine-1>[GdPAI] ObjectRef(124134624705): object was freed before callback; returning Nil.
    [857] <engine-1>[GdPAI] ObjectRef(124134624705): object was freed before callback; returning Nil.
    [858] <engine-1>[GdPAI] ObjectRef(124621163998): object was freed before callback; returning Nil.
    [859] <engine-1>[GdPAI] ObjectRef(124134624705): object was freed before callback; returning Nil.
    [860] <engine-1>[GdPAI] ObjectRef(124134624705): object was freed before callback; returning Nil.
    [861] <engine-1>[GdPAI] ObjectRef(124621163998): object was freed before callback; returning Nil.
    [862] <engine-1>[GdPAI] ObjectRef(124134624705): object was freed before callback; returning Nil.
    [863] <engine-1>[GdPAI] ObjectRef(124134624705): object was freed before callback; returning Nil.
    [864] <engine-1>[GdPAI] ObjectRef(124621163998): object was freed before callback; returning Nil.
    [865] <engine-1>[GdPAI] ObjectRef(124621163998): object was freed before callback; returning Nil.
    [866] <engine-1>[GdPAI] ObjectRef(124621163998): object was freed before callback; returning Nil.
    [867] <engine-1>[GdPAI] ObjectRef(124621163998): object was freed before callback; returning Nil.
    [868] <engine-1>[GdPAI] ObjectRef(124621163998): object was freed before callback; returning Nil.
    [869] <engine-1>[GdPAI] ObjectRef(124621163998): object was freed before callback; returning Nil.
    [870] <engine-1>[GdPAI] ObjectRef(124621163998): object was freed before callback; returning Nil.
    [871] <engine-1>[GdPAI] ObjectRef(124621163998): object was freed before callback; returning Nil.
    [872] <engine-1>[GdPAI] ObjectRef(124621163998): object was freed before callback; returning Nil.
    [873] <engine-1>[GdPAI] ObjectRef(124621163998): object was freed before callback; returning Nil.
    [874] <engine-1>[GdPAI] ObjectRef(124621163998): object was freed before callback; returning Nil.
    [875] <engine-1>[GdPAI] ObjectRef(124621163998): object was freed before callback; returning Nil.
    [876] <engine-1>[GdPAI] ObjectRef(124621163998): object was freed before callback; returning Nil.
    [877] <engine-1>[GdPAI] ObjectRef(124621163998): object was freed before callback; returning Nil.
    [878] <engine-1>[GdPAI] ObjectRef(124621163998): object was freed before callback; returning Nil.
    [879] <engine-1>[GdPAI] ObjectRef(124621163998): object was freed before callback; returning Nil.
    [880] <engine-1>[GdPAI] ObjectRef(124621163998): object was freed before callback; returning Nil.
    [881] <engine-1>[GdPAI] ObjectRef(124621163998): object was freed before callback; returning Nil.
    [882] <engine-1>[GdPAI] ObjectRef(124621163998): object was freed before callback; returning Nil.
    [883] <engine-1>[GdPAI] ObjectRef(124621163998): object was freed before callback; returning Nil.
    [884] <engine-1>[GdPAI] ObjectRef(124621163998): object was freed before callback; returning Nil.
    [885] <engine-1>[GdPAI] ObjectRef(124621163998): object was freed before callback; returning Nil.
    [886] <engine-1>[GdPAI] ObjectRef(124621163998): object was freed before callback; returning Nil.
    [887] <engine-1>[GdPAI] ObjectRef(124621163998): object was freed before callback; returning Nil.
    [888] <engine-1>[GdPAI] ObjectRef(124621163998): object was freed before callback; returning Nil.
    [889] <engine-1>[GdPAI] ObjectRef(124621163998): object was freed before callback; returning Nil.
    [890] <engine-1>[GdPAI] ObjectRef(124621163998): object was freed before callback; returning Nil.
    [891] <engine-1>[GdPAI] ObjectRef(124621163998): object was freed before callback; returning Nil.
    [892] <engine-1>[GdPAI] ObjectRef(124621163998): object was freed before callback; returning Nil.
    [893] <engine-1>[GdPAI] ObjectRef(124621163998): object was freed before callback; returning Nil.
    [894] <engine-1>[GdPAI] ObjectRef(124621163998): object was freed before callback; returning Nil.
    [895] <engine-1>[GdPAI] ObjectRef(124621163998): object was freed before callback; returning Nil.
    [896] <engine-1>[GdPAI] ObjectRef(124621163998): object was freed before callback; returning Nil.
    [897] <engine-1>[GdPAI] ObjectRef(124621163998): object was freed before callback; returning Nil.
    [898] <engine-1>[GdPAI] ObjectRef(124621163998): object was freed before callback; returning Nil.
    [899] <engine-1>[GdPAI] ObjectRef(124621163998): object was freed before callback; returning Nil.
    [900] <engine-1>[GdPAI] ObjectRef(124621163998): object was freed before callback; returning Nil.
    [901] <engine-1>[GdPAI] ObjectRef(124621163998): object was freed before callback; returning Nil.
    [902] <engine-1>[GdPAI] ObjectRef(124621163998): object was freed before callback; returning Nil.
    [903] <engine-1>[GdPAI] ObjectRef(124621163998): object was freed before callback; returning Nil.
    [904] <engine-1>[GdPAI] ObjectRef(124621163998): object was freed before callback; returning Nil.
    [905] <engine-1>[GdPAI] ObjectRef(124621163998): object was freed before callback; returning Nil.
    [906] <engine-1>[GdPAI] ObjectRef(124621163998): object was freed before callback; returning Nil.
    [907] <engine-1>[GdPAI] ObjectRef(124621163998): object was freed before callback; returning Nil.
    [908] <engine-1>[GdPAI] ObjectRef(124621163998): object was freed before callback; returning Nil.
    [909] <engine-1>[GdPAI] ObjectRef(124621163998): object was freed before callback; returning Nil.
    [910] <engine-1>[GdPAI] ObjectRef(124621163998): object was freed before callback; returning Nil.
    [911] <engine-1>[GdPAI] ObjectRef(124621163998): object was freed before callback; returning Nil.
    [912] <engine-1>[GdPAI] ObjectRef(124621163998): object was freed before callback; returning Nil.
    [913] <engine-1>[GdPAI] ObjectRef(124621163998): object was freed before callback; returning Nil.
    [914] <engine-1>[GdPAI] ObjectRef(124621163998): object was freed before callback; returning Nil.
    [915] <engine-1>[GdPAI] ObjectRef(124621163998): object was freed before callback; returning Nil.
    [916] <engine-1>[GdPAI] ObjectRef(124621163998): object was freed before callback; returning Nil.
    [917] <engine-1>[GdPAI] ObjectRef(124621163998): object was freed before callback; returning Nil.
    [918] <engine-1>[GdPAI] ObjectRef(124621163998): object was freed before callback; returning Nil.
    [919] <engine-1>[GdPAI] ObjectRef(124621163998): object was freed before callback; returning Nil.
    [920] <engine-1>[GdPAI] ObjectRef(125359361544): object was freed before callback; returning Nil.
    [921] <engine-1>[GdPAI] ObjectRef(125359361544): object was freed before callback; returning Nil.
    [922] <engine-1>[GdPAI] ObjectRef(124621163998): object was freed before callback; returning Nil.
    [923] <engine-1>[GdPAI] ObjectRef(124621163998): object was freed before callback; returning Nil.
    [924] <engine-1>[GdPAI] ObjectRef(125359361544): object was freed before callback; returning Nil.
    [925] <engine-1>[GdPAI] ObjectRef(125359361544): object was freed before callback; returning Nil.
    [926] <engine-1>[GdPAI] ObjectRef(124621163998): object was freed before callback; returning Nil.
    [927] <engine-1>[GdPAI] ObjectRef(125359361544): object was freed before callback; returning Nil.
    [928] <engine-1>[GdPAI] ObjectRef(125359361544): object was freed before callback; returning Nil.
    [929] <engine-1>[GdPAI] ObjectRef(124621163998): object was freed before callback; returning Nil.
    [930] <engine-1>[GdPAI] ObjectRef(125359361544): object was freed before callback; returning Nil.
    [931] <engine-1>[GdPAI] ObjectRef(125359361544): object was freed before callback; returning Nil.
    [932] <engine-1>[GdPAI] ObjectRef(124621163998): object was freed before callback; returning Nil.
    [933] <engine-1>[GdPAI] ObjectRef(124134624705): object was freed before callback; returning Nil.
    [934] <engine-1>[GdPAI] ObjectRef(124134624705): object was freed before callback; returning Nil.
    [935] <engine-1>[GdPAI] ObjectRef(124621163998): object was freed before callback; returning Nil.
    [936] <engine-1>[GdPAI] ObjectRef(124134624705): object was freed before callback; returning Nil.
    [937] <engine-1>[GdPAI] ObjectRef(124134624705): object was freed before callback; returning Nil.
    [938] <engine-1>[GdPAI] ObjectRef(124621163998): object was freed before callback; returning Nil.
    [939] <engine-1>[GdPAI] ObjectRef(124134624705): object was freed before callback; returning Nil.
    [940] <engine-1>[GdPAI] ObjectRef(124134624705): object was freed before callback; returning Nil.
    [941] <engine-1>[GdPAI] ObjectRef(124621163998): object was freed before callback; returning Nil.
    [942] <engine-1>[GdPAI] ObjectRef(124134624705): object was freed before callback; returning Nil.
    [943] <engine-1>[GdPAI] ObjectRef(124134624705): object was freed before callback; returning Nil.
    [944] <engine-1>[GdPAI] ObjectRef(124621163998): object was freed before callback; returning Nil.
    [945] <engine-1>[GdPAI] ObjectRef(124621163998): object was freed before callback; returning Nil.
    [946] <engine-1>[GdPAI] ObjectRef(124621163998): object was freed before callback; returning Nil.
    [947] <engine-1>[GdPAI] ObjectRef(124621163998): object was freed before callback; returning Nil.
    [948] <engine-1>[GdPAI] ObjectRef(124621163998): object was freed before callback; returning Nil.
    [949] <engine-1>[GdPAI] ObjectRef(124621163998): object was freed before callback; returning Nil.
    [950] <engine-1>[GdPAI] ObjectRef(124621163998): object was freed before callback; returning Nil.
    [951] <engine-1>[GdPAI] ObjectRef(124621163998): object was freed before callback; returning Nil.
    [952] <engine-1>[GdPAI] ObjectRef(124621163998): object was freed before callback; returning Nil.
    [953] <engine-1>[GdPAI] ObjectRef(124134624705): object was freed before callback; returning Nil.
    [954] <engine-1>[GdPAI] ObjectRef(124134624705): object was freed before callback; returning Nil.
    [955] <engine-1>[GdPAI] ObjectRef(124621163998): object was freed before callback; returning Nil.
    [956] <engine-1>[GdPAI] ObjectRef(124134624705): object was freed before callback; returning Nil.
    [957] <engine-1>[GdPAI] ObjectRef(124134624705): object was freed before callback; returning Nil.
    [958] <engine-1>[GdPAI] ObjectRef(124621163998): object was freed before callback; returning Nil.
    [959] <engine-1>[GdPAI] ObjectRef(124134624705): object was freed before callback; returning Nil.
    [960] <engine-1>[GdPAI] ObjectRef(124134624705): object was freed before callback; returning Nil.
    [961] <engine-1>[GdPAI] ObjectRef(124621163998): object was freed before callback; returning Nil.
    [962] <engine-1>[GdPAI] ObjectRef(124134624705): object was freed before callback; returning Nil.
    [963] <engine-1>[GdPAI] ObjectRef(124134624705): object was freed before callback; returning Nil.
    [964] <engine-1>[GdPAI] ObjectRef(124621163998): object was freed before callback; returning Nil.
    [965] <engine-1>[GdPAI] ObjectRef(124621163998): object was freed before callback; returning Nil.
    [966] <engine-1>[GdPAI] ObjectRef(124621163998): object was freed before callback; returning Nil.
    [967] <engine-1>[GdPAI] ObjectRef(124621163998): object was freed before callback; returning Nil.
    [968] <engine-1>[GdPAI] ObjectRef(125359361544): object was freed before callback; returning Nil.
    [969] <engine-1>[GdPAI] ObjectRef(125359361544): object was freed before callback; returning Nil.
    [970] <engine-1>[GdPAI] ObjectRef(124621163998): object was freed before callback; returning Nil.
    [971] <engine-1>[GdPAI] ObjectRef(124621163998): object was freed before callback; returning Nil.
    [972] <engine-1>[GdPAI] ObjectRef(125359361544): object was freed before callback; returning Nil.
    [973] <engine-1>[GdPAI] ObjectRef(125359361544): object was freed before callback; returning Nil.
    [974] <engine-1>[GdPAI] ObjectRef(124621163998): object was freed before callback; returning Nil.
    [975] <engine-1>[GdPAI] ObjectRef(125359361544): object was freed before callback; returning Nil.
    [976] <engine-1>[GdPAI] ObjectRef(125359361544): object was freed before callback; returning Nil.
    [977] <engine-1>[GdPAI] ObjectRef(124621163998): object was freed before callback; returning Nil.
    [978] <engine-1>[GdPAI] ObjectRef(125359361544): object was freed before callback; returning Nil.
    [979] <engine-1>[GdPAI] ObjectRef(125359361544): object was freed before callback; returning Nil.
    [980] <engine-1>[GdPAI] ObjectRef(124621163998): object was freed before callback; returning Nil.
    [981] <engine-1>[GdPAI] ObjectRef(124134624705): object was freed before callback; returning Nil.
    [982] <engine-1>[GdPAI] ObjectRef(124134624705): object was freed before callback; returning Nil.
    [983] <engine-1>[GdPAI] ObjectRef(124621163998): object was freed before callback; returning Nil.
    [984] <engine-1>[GdPAI] ObjectRef(124134624705): object was freed before callback; returning Nil.
    [985] <engine-1>[GdPAI] ObjectRef(124134624705): object was freed before callback; returning Nil.
    [986] <engine-1>[GdPAI] ObjectRef(124621163998): object was freed before callback; returning Nil.
    [987] <engine-1>[GdPAI] ObjectRef(124134624705): object was freed before callback; returning Nil.
    [988] <engine-1>[GdPAI] ObjectRef(124134624705): object was freed before callback; returning Nil.
    [989] <engine-1>[GdPAI] ObjectRef(124621163998): object was freed before callback; returning Nil.
    [990] <engine-1>[GdPAI] ObjectRef(124134624705): object was freed before callback; returning Nil.
    [991] <engine-1>[GdPAI] ObjectRef(124134624705): object was freed before callback; returning Nil.
    [992] <engine-1>[GdPAI] ObjectRef(124621163998): object was freed before callback; returning Nil.
    [993] <engine-1>[GdPAI] ObjectRef(124621163998): object was freed before callback; returning Nil.
    [994] <engine-1>[GdPAI] ObjectRef(124621163998): object was freed before callback; returning Nil.
    [995] <engine-1>[GdPAI] ObjectRef(124621163998): object was freed before callback; returning Nil.
    [996] <engine-1>[GdPAI] ObjectRef(124621163998): object was freed before callback; returning Nil.
    [997] <engine-1>[GdPAI] ObjectRef(124621163998): object was freed before callback; returning Nil.
    [998] <engine-1>[GdPAI] ObjectRef(124621163998): object was freed before callback; returning Nil.
    [999] <engine-1>[GdPAI] ObjectRef(124621163998): object was freed before callback; returning Nil.
    [1000] <engine-1>[GdPAI] ObjectRef(124621163998): object was freed before callback; returning Nil.
    [1001] <engine-1>[GdPAI] ObjectRef(124134624705): object was freed before callback; returning Nil.
    [1002] <engine-1>[GdPAI] ObjectRef(124134624705): object was freed before callback; returning Nil.
    [1003] <engine-1>[GdPAI] ObjectRef(124621163998): object was freed before callback; returning Nil.
    [1004] <engine-1>[GdPAI] ObjectRef(124134624705): object was freed before callback; returning Nil.
    [1005] <engine-1>[GdPAI] ObjectRef(124134624705): object was freed before callback; returning Nil.
    [1006] <engine-1>[GdPAI] ObjectRef(124621163998): object was freed before callback; returning Nil.
    [1007] <engine-1>[GdPAI] ObjectRef(124134624705): object was freed before callback; returning Nil.
    [1008] <engine-1>[GdPAI] ObjectRef(124134624705): object was freed before callback; returning Nil.
    [1009] <engine-1>[GdPAI] ObjectRef(124621163998): object was freed before callback; returning Nil.
    [1010] <engine-1>[GdPAI] ObjectRef(124134624705): object was freed before callback; returning Nil.
    [1011] <engine-1>[GdPAI] ObjectRef(124134624705): object was freed before callback; returning Nil.
    [1012] <engine-1>[GdPAI] ObjectRef(124621163998): object was freed before callback; returning Nil.
    [1013] <engine-1>[GdPAI] ObjectRef(124621163998): object was freed before callback; returning Nil.
    [1014] <engine-1>[GdPAI] ObjectRef(124621163998): object was freed before callback; returning Nil.
    [1015] <engine-1>[GdPAI] ObjectRef(124621163998): object was freed before callback; returning Nil.
    [1016] <engine-1>[GdPAI] ObjectRef(124621163998): object was freed before callback; returning Nil.
    [1017] <engine-1>[GdPAI] ObjectRef(124621163998): object was freed before callback; returning Nil.
    [1018] <engine-1>[GdPAI] ObjectRef(124621163998): object was freed before callback; returning Nil.
    [1019] <engine-1>[GdPAI] ObjectRef(124621163998): object was freed before callback; returning Nil.
    [1020] <engine-1>[GdPAI] ObjectRef(124621163998): object was freed before callback; returning Nil.
    [1021] <engine-1>[GdPAI] ObjectRef(124134624705): object was freed before callback; returning Nil.
    [1022] <engine-1>[GdPAI] ObjectRef(124134624705): object was freed before callback; returning Nil.
    [1023] <engine-1>[GdPAI] ObjectRef(124621163998): object was freed before callback; returning Nil.
    [1024] <engine-1>[GdPAI] ObjectRef(124134624705): object was freed before callback; returning Nil.
    [1025] <engine-1>[GdPAI] ObjectRef(124134624705): object was freed before callback; returning Nil.
    [1026] <engine-1>[GdPAI] ObjectRef(124621163998): object was freed before callback; returning Nil.
    [1027] <engine-1>[GdPAI] ObjectRef(124134624705): object was freed before callback; returning Nil.
    [1028] <engine-1>[GdPAI] ObjectRef(124134624705): object was freed before callback; returning Nil.
    [1029] <engine-1>[GdPAI] ObjectRef(124621163998): object was freed before callback; returning Nil.
    [1030] <engine-1>[GdPAI] ObjectRef(124134624705): object was freed before callback; returning Nil.
    [1031] <engine-1>[GdPAI] ObjectRef(124134624705): object was freed before callback; returning Nil.
    [1032] <engine-1>[GdPAI] ObjectRef(124621163998): object was freed before callback; returning Nil.
    [1033] <engine-1>[GdPAI] ObjectRef(124621163998): object was freed before callback; returning Nil.
    [1034] <engine-1>[GdPAI] ObjectRef(124621163998): object was freed before callback; returning Nil.
    [1035] <engine-1>[GdPAI] ObjectRef(124621163998): object was freed before callback; returning Nil.
    [1036] <engine-1>[GdPAI] ObjectRef(124621163998): object was freed before callback; returning Nil.
    [1037] <engine-1>[GdPAI] ObjectRef(124621163998): object was freed before callback; returning Nil.
    [1038] <engine-1>[GdPAI] ObjectRef(124621163998): object was freed before callback; returning Nil.
    [1039] <engine-1>[GdPAI] ObjectRef(124621163998): object was freed before callback; returning Nil.
    [1040] <engine-1>[GdPAI] ObjectRef(124621163998): object was freed before callback; returning Nil.
    [1041] <engine-1>[GdPAI] ObjectRef(124134624705): object was freed before callback; returning Nil.
    [1042] <engine-1>[GdPAI] ObjectRef(124134624705): object was freed before callback; returning Nil.
    [1043] <engine-1>[GdPAI] ObjectRef(124621163998): object was freed before callback; returning Nil.
    [1044] <engine-1>[GdPAI] ObjectRef(124134624705): object was freed before callback; returning Nil.
    [1045] <engine-1>[GdPAI] ObjectRef(124134624705): object was freed before callback; returning Nil.
    [1046] <engine-1>[GdPAI] ObjectRef(124621163998): object was freed before callback; returning Nil.
    [1047] <engine-1>[GdPAI] ObjectRef(124134624705): object was freed before callback; returning Nil.
    [1048] <engine-1>[GdPAI] ObjectRef(124134624705): object was freed before callback; returning Nil.
    [1049] <engine-1>[GdPAI] ObjectRef(124621163998): object was freed before callback; returning Nil.
    [1050] <engine-1>[GdPAI] ObjectRef(124134624705): object was freed before callback; returning Nil.
    [1051] <engine-1>[GdPAI] ObjectRef(124134624705): object was freed before callback; returning Nil.
    [1052] <engine-1>[GdPAI] ObjectRef(124621163998): object was freed before callback; returning Nil.
    [1053] <engine-1>[GdPAI] ObjectRef(124621163998): object was freed before callback; returning Nil.
    [1054] <engine-1>[GdPAI] ObjectRef(124621163998): object was freed before callback; returning Nil.
    [1055] <engine-1>[GdPAI] ObjectRef(124621163998): object was freed before callback; returning Nil.
    [1056] <engine-1>[GdPAI] ObjectRef(124621163998): object was freed before callback; returning Nil.
    [1057] <engine-1>[GdPAI] ObjectRef(124621163998): object was freed before callback; returning Nil.
    [1058] <engine-1>[GdPAI] ObjectRef(124621163998): object was freed before callback; returning Nil.
    [1059] <engine-1>[GdPAI] ObjectRef(124621163998): object was freed before callback; returning Nil.
    [1060] <engine-1>[GdPAI] ObjectRef(124621163998): object was freed before callback; returning Nil.
    [1061] <engine-1>[GdPAI] ObjectRef(124134624705): object was freed before callback; returning Nil.
    [1062] <engine-1>[GdPAI] ObjectRef(124134624705): object was freed before callback; returning Nil.
    [1063] <engine-1>[GdPAI] ObjectRef(124621163998): object was freed before callback; returning Nil.
    [1064] <engine-1>[GdPAI] ObjectRef(124134624705): object was freed before callback; returning Nil.
    [1065] <engine-1>[GdPAI] ObjectRef(124134624705): object was freed before callback; returning Nil.
    [1066] <engine-1>[GdPAI] ObjectRef(124621163998): object was freed before callback; returning Nil.
    [1067] <engine-1>[GdPAI] ObjectRef(124134624705): object was freed before callback; returning Nil.
    [1068] <engine-1>[GdPAI] ObjectRef(124134624705): object was freed before callback; returning Nil.
    [1069] <engine-1>[GdPAI] ObjectRef(124621163998): object was freed before callback; returning Nil.
    [1070] <engine-1>[GdPAI] ObjectRef(124134624705): object was freed before callback; returning Nil.
    [1071] <engine-1>[GdPAI] ObjectRef(124134624705): object was freed before callback; returning Nil.
    [1072] <engine-1>[GdPAI] ObjectRef(124621163998): object was freed before callback; returning Nil.
    [1073] <engine-1>[GdPAI] ObjectRef(124621163998): object was freed before callback; returning Nil.
    [1074] <engine-1>[GdPAI] ObjectRef(124621163998): object was freed before callback; returning Nil.
    [1075] <engine-1>[GdPAI] ObjectRef(124621163998): object was freed before callback; returning Nil.
    [1076] <engine-1>[GdPAI] ObjectRef(124621163998): object was freed before callback; returning Nil.
    [1077] <engine-1>[GdPAI] ObjectRef(124621163998): object was freed before callback; returning Nil.
    [1078] <engine-1>[GdPAI] ObjectRef(124621163998): object was freed before callback; returning Nil.
    [1079] <engine-1>[GdPAI] ObjectRef(124621163998): object was freed before callback; returning Nil.
    [1080] <engine-1>[GdPAI] ObjectRef(124621163998): object was freed before callback; returning Nil.
    [1081] <engine-1>[GdPAI] ObjectRef(124134624705): object was freed before callback; returning Nil.
    [1082] <engine-1>[GdPAI] ObjectRef(124134624705): object was freed before callback; returning Nil.
    [1083] <engine-1>[GdPAI] ObjectRef(124621163998): object was freed before callback; returning Nil.
    [1084] <engine-1>[GdPAI] ObjectRef(124134624705): object was freed before callback; returning Nil.
    [1085] <engine-1>[GdPAI] ObjectRef(124134624705): object was freed before callback; returning Nil.
    [1086] <engine-1>[GdPAI] ObjectRef(124621163998): object was freed before callback; returning Nil.
    [1087] <engine-1>[GdPAI] ObjectRef(124134624705): object was freed before callback; returning Nil.
    [1088] <engine-1>[GdPAI] ObjectRef(124134624705): object was freed before callback; returning Nil.
    [1089] <engine-1>[GdPAI] ObjectRef(124621163998): object was freed before callback; returning Nil.
    [1090] <engine-1>[GdPAI] ObjectRef(124134624705): object was freed before callback; returning Nil.
    [1091] <engine-1>[GdPAI] ObjectRef(124134624705): object was freed before callback; returning Nil.
    [1092] <engine-1>[GdPAI] ObjectRef(124621163998): object was freed before callback; returning Nil.
    [1093] <engine-1>[GdPAI] ObjectRef(124621163998): object was freed before callback; returning Nil.
    [1094] <engine-1>[GdPAI] ObjectRef(124621163998): object was freed before callback; returning Nil.
    [1095] <engine-1>[GdPAI] ObjectRef(124621163998): object was freed before callback; returning Nil.
    [1096] <engine-1>[GdPAI] ObjectRef(124621163998): object was freed before callback; returning Nil.
    [1097] <engine-1>[GdPAI] ObjectRef(124621163998): object was freed before callback; returning Nil.
    [1098] <engine-1>[GdPAI] ObjectRef(124621163998): object was freed before callback; returning Nil.
    [1099] <engine-1>[GdPAI] ObjectRef(124621163998): object was freed before callback; returning Nil.
    [1100] <engine-1>[GdPAI] ObjectRef(124621163998): object was freed before callback; returning Nil.
    [1101] <engine-1>[GdPAI] ObjectRef(124621163998): object was freed before callback; returning Nil.
    [1102] <engine-1>[GdPAI] ObjectRef(124621163998): object was freed before callback; returning Nil.
    [1103] <engine-1>[GdPAI] ObjectRef(124621163998): object was freed before callback; returning Nil.
    [1104] <engine-1>[GdPAI] ObjectRef(124621163998): object was freed before callback; returning Nil.
    [1105] <engine-1>[GdPAI] ObjectRef(124621163998): object was freed before callback; returning Nil.
    [1106] <engine-1>[GdPAI] ObjectRef(124621163998): object was freed before callback; returning Nil.
    [1107] <engine-1>[GdPAI] ObjectRef(124621163998): object was freed before callback; returning Nil.
    [1108] <engine-1>[GdPAI] ObjectRef(124621163998): object was freed before callback; returning Nil.
    [1109] <engine-1>[GdPAI] ObjectRef(124621163998): object was freed before callback; returning Nil.
    [1110] <engine-1>[GdPAI] ObjectRef(124621163998): object was freed before callback; returning Nil.
    [1111] <engine-1>[GdPAI] ObjectRef(124621163998): object was freed before callback; returning Nil.
    [1112] <engine-1>[GdPAI] ObjectRef(124621163998): object was freed before callback; returning Nil.
    [1113] <engine-1>[GdPAI] ObjectRef(124621163998): object was freed before callback; returning Nil.
    [1114] <engine-1>[GdPAI] ObjectRef(124621163998): object was freed before callback; returning Nil.
    [1115] <engine-1>[GdPAI] ObjectRef(124621163998): object was freed before callback; returning Nil.
    [1116] <engine-1>[GdPAI] ObjectRef(124621163998): object was freed before callback; returning Nil.
    [1117] <engine-1>[GdPAI] ObjectRef(124621163998): object was freed before callback; returning Nil.
    [1118] <engine-1>[GdPAI] ObjectRef(124621163998): object was freed before callback; returning Nil.
    [1119] <engine-1>[GdPAI] ObjectRef(124621163998): object was freed before callback; returning Nil.
    [1120] <engine-1>[GdPAI] ObjectRef(124621163998): object was freed before callback; returning Nil.
    [1121] <engine-1>[GdPAI] ObjectRef(124621163998): object was freed before callback; returning Nil.
    [1122] <engine-1>[GdPAI] ObjectRef(124621163998): object was freed before callback; returning Nil.
    [1123] <engine-1>[GdPAI] ObjectRef(124621163998): object was freed before callback; returning Nil.
    [1124] <engine-1>[GdPAI] ObjectRef(124621163998): object was freed before callback; returning Nil.
    [1125] <engine-1>[GdPAI] ObjectRef(124621163998): object was freed before callback; returning Nil.
    [1126] <engine-1>[GdPAI] ObjectRef(124621163998): object was freed before callback; returning Nil.
    [1127] <engine-1>[GdPAI] ObjectRef(124621163998): object was freed before callback; returning Nil.
    [1128] <engine-1>[GdPAI] ObjectRef(124134624705): object was freed before callback; returning Nil.
    [1129] <engine-1>[GdPAI] ObjectRef(125510356497): object was freed before callback; returning Nil.
    [1130] <engine-1>[GdPAI] ObjectRef(124134624705): object was freed before callback; returning Nil.
    [1131] <engine-1>[GdPAI] ObjectRef(125510356497): object was freed before callback; returning Nil.
    [1132] <engine-1>[GdPAI] ObjectRef(124621163998): object was freed before callback; returning Nil.
    [1133] <engine-1>[GdPAI] ObjectRef(124621163998): object was freed before callback; returning Nil.
    [1134] <engine-1>[GdPAI] ObjectRef(124134624705): object was freed before callback; returning Nil.
    [1135] <engine-1>[GdPAI] ObjectRef(125510356497): object was freed before callback; returning Nil.
    [1136] <engine-1>[GdPAI] ObjectRef(124134624705): object was freed before callback; returning Nil.
    [1137] <engine-1>[GdPAI] ObjectRef(125510356497): object was freed before callback; returning Nil.
    [1138] <engine-1>[GdPAI] ObjectRef(124621163998): object was freed before callback; returning Nil.
    [1139] <engine-1>[GdPAI] ObjectRef(124621163998): object was freed before callback; returning Nil.
    [1140] <engine-1>[GdPAI] ObjectRef(124621163998): object was freed before callback; returning Nil.
    [1141] <engine-1>[GdPAI] ObjectRef(125510356497): object was freed before callback; returning Nil.
    [1142] <engine-1>[GdPAI] ObjectRef(125510356497): object was freed before callback; returning Nil.
    [1143] <engine-1>[GdPAI] ObjectRef(124621163998): object was freed before callback; returning Nil.
    [1144] <engine-1>[GdPAI] ObjectRef(125510356497): object was freed before callback; returning Nil.
    [1145] <engine-1>[GdPAI] ObjectRef(125510356497): object was freed before callback; returning Nil.
    [1146] <engine-1>[GdPAI] ObjectRef(124621163998): object was freed before callback; returning Nil.
    [1147] <engine-1>[GdPAI] ObjectRef(124134624705): object was freed before callback; returning Nil.
    [1148] <engine-1>[GdPAI] ObjectRef(124134624705): object was freed before callback; returning Nil.
    [1149] <engine-1>[GdPAI] ObjectRef(124621163998): object was freed before callback; returning Nil.
    [1150] <engine-1>[GdPAI] ObjectRef(124134624705): object was freed before callback; returning Nil.
    [1151] <engine-1>[GdPAI] ObjectRef(124134624705): object was freed before callback; returning Nil.
    [1152] <engine-1>[GdPAI] ObjectRef(124621163998): object was freed before callback; returning Nil.
    [1153] <engine-1>[GdPAI] ObjectRef(124621163998): object was freed before callback; returning Nil.
    [1154] <engine-1>[GdPAI] ObjectRef(124621163998): object was freed before callback; returning Nil.
    [1155] <engine-1>[GdPAI] ObjectRef(124621163998): object was freed before callback; returning Nil.
    [1156] <engine-1>[GdPAI] ObjectRef(124134624705): object was freed before callback; returning Nil.
    [1157] <engine-1>[GdPAI] ObjectRef(125510356497): object was freed before callback; returning Nil.
    [1158] <engine-1>[GdPAI] ObjectRef(124134624705): object was freed before callback; returning Nil.
    [1159] <engine-1>[GdPAI] ObjectRef(125510356497): object was freed before callback; returning Nil.
    [1160] <engine-1>[GdPAI] ObjectRef(124621163998): object was freed before callback; returning Nil.
    [1161] <engine-1>[GdPAI] ObjectRef(124621163998): object was freed before callback; returning Nil.
    [1162] <engine-1>[GdPAI] ObjectRef(124134624705): object was freed before callback; returning Nil.
    [1163] <engine-1>[GdPAI] ObjectRef(125510356497): object was freed before callback; returning Nil.
    [1164] <engine-1>[GdPAI] ObjectRef(124134624705): object was freed before callback; returning Nil.
    [1165] <engine-1>[GdPAI] ObjectRef(125510356497): object was freed before callback; returning Nil.
    [1166] <engine-1>[GdPAI] ObjectRef(124621163998): object was freed before callback; returning Nil.
    [1167] <engine-1>[GdPAI] ObjectRef(124621163998): object was freed before callback; returning Nil.
    [1168] <engine-1>[GdPAI] ObjectRef(124621163998): object was freed before callback; returning Nil.
    [1169] <engine-1>[GdPAI] ObjectRef(125510356497): object was freed before callback; returning Nil.
    [1170] <engine-1>[GdPAI] ObjectRef(125510356497): object was freed before callback; returning Nil.
    [1171] <engine-1>[GdPAI] ObjectRef(124621163998): object was freed before callback; returning Nil.
    [1172] <engine-1>[GdPAI] ObjectRef(125510356497): object was freed before callback; returning Nil.
    [1173] <engine-1>[GdPAI] ObjectRef(125510356497): object was freed before callback; returning Nil.
    [1174] <engine-1>[GdPAI] ObjectRef(124621163998): object was freed before callback; returning Nil.
    [1175] <engine-1>[GdPAI] ObjectRef(124134624705): object was freed before callback; returning Nil.
    [1176] <engine-1>[GdPAI] ObjectRef(124134624705): object was freed before callback; returning Nil.
    [1177] <engine-1>[GdPAI] ObjectRef(124621163998): object was freed before callback; returning Nil.
    [1178] <engine-1>[GdPAI] ObjectRef(124134624705): object was freed before callback; returning Nil.
    [1179] <engine-1>[GdPAI] ObjectRef(124134624705): object was freed before callback; returning Nil.
    [1180] <engine-1>[GdPAI] ObjectRef(124621163998): object was freed before callback; returning Nil.
    [1181] <engine-1>[GdPAI] ObjectRef(124621163998): object was freed before callback; returning Nil.
    [1182] <engine-1>[GdPAI] ObjectRef(124621163998): object was freed before callback; returning Nil.
    [1183] <engine-1>[GdPAI] ObjectRef(124621163998): object was freed before callback; returning Nil.
    [1184] <engine-1>[GdPAI] ObjectRef(124621163998): object was freed before callback; returning Nil.
    [1185] <engine-1>[GdPAI] ObjectRef(124621163998): object was freed before callback; returning Nil.
    [1186] <engine-1>[GdPAI] ObjectRef(124621163998): object was freed before callback; returning Nil.
    [1187] <engine-1>[GdPAI] ObjectRef(124621163998): object was freed before callback; returning Nil.
    [1188] <engine-1>[GdPAI] ObjectRef(124621163998): object was freed before callback; returning Nil.
    [1189] <engine-1>[GdPAI] ObjectRef(124621163998): object was freed before callback; returning Nil.
    [1190] <engine-1>[GdPAI] ObjectRef(124621163998): object was freed before callback; returning Nil.
    [1191] <engine-1>[GdPAI] ObjectRef(124621163998): object was freed before callback; returning Nil.
    [1192] <engine-1>[GdPAI] ObjectRef(124621163998): object was freed before callback; returning Nil.
    [1193] <engine-1>[GdPAI] ObjectRef(124621163998): object was freed before callback; returning Nil.
    [1194] <engine-1>[GdPAI] ObjectRef(124621163998): object was freed before callback; returning Nil.
    [1195] <engine-1>[GdPAI] ObjectRef(124621163998): object was freed before callback; returning Nil.
    [1196] <engine-1>[GdPAI] ObjectRef(124621163998): object was freed before callback; returning Nil.
    [1197] <engine-1>[GdPAI] ObjectRef(124621163998): object was freed before callback; returning Nil.
    [1198] <engine-1>[GdPAI] ObjectRef(124621163998): object was freed before callback; returning Nil.
    [1199] <engine-1>[GdPAI] ObjectRef(124621163998): object was freed before callback; returning Nil.
    [1200] <engine-1>[GdPAI] ObjectRef(124621163998): object was freed before callback; returning Nil.
    [1201] <engine-1>[GdPAI] ObjectRef(124621163998): object was freed before callback; returning Nil.
    [1202] <engine-1>[GdPAI] ObjectRef(124621163998): object was freed before callback; returning Nil.
    [1203] <engine-1>[GdPAI] ObjectRef(124621163998): object was freed before callback; returning Nil.
    [1204] <engine-1>[GdPAI] ObjectRef(124621163998): object was freed before callback; returning Nil.
    [1205] <engine-1>[GdPAI] ObjectRef(124621163998): object was freed before callback; returning Nil.
    [1206] <engine-1>[GdPAI] ObjectRef(124621163998): object was freed before callback; returning Nil.
    [1207] <engine-1>[GdPAI] ObjectRef(124621163998): object was freed before callback; returning Nil.
    [1208] <engine-1>[GdPAI] ObjectRef(124621163998): object was freed before callback; returning Nil.
    [1209] <engine-1>[GdPAI] ObjectRef(124621163998): object was freed before callback; returning Nil.
    [1210] <engine-1>[GdPAI] ObjectRef(124621163998): object was freed before callback; returning Nil.
    [1211] <engine-1>[GdPAI] ObjectRef(124621163998): object was freed before callback; returning Nil.
    [1212] <engine-1>[GdPAI] ObjectRef(124621163998): object was freed before callback; returning Nil.
    [1213] <engine-1>[GdPAI] ObjectRef(124621163998): object was freed before callback; returning Nil.
    [1214] <engine-1>[GdPAI] ObjectRef(124621163998): object was freed before callback; returning Nil.
    [1215] <engine-1>[GdPAI] ObjectRef(124621163998): object was freed before callback; returning Nil.
    [1216] <engine-1>[GdPAI] ObjectRef(124621163998): object was freed before callback; returning Nil.
    [1217] <engine-1>[GdPAI] ObjectRef(124621163998): object was freed before callback; returning Nil.
    [1218] <engine-1>[GdPAI] ObjectRef(124621163998): object was freed before callback; returning Nil.
    [1219] <engine-1>[GdPAI] ObjectRef(124621163998): object was freed before callback; returning Nil.
    [1220] <engine-1>[GdPAI] ObjectRef(124621163998): object was freed before callback; returning Nil.
    [1221] <engine-1>[GdPAI] ObjectRef(124621163998): object was freed before callback; returning Nil.
    [1222] <engine-1>[GdPAI] ObjectRef(124621163998): object was freed before callback; returning Nil.
    [1223] <engine-1>[GdPAI] ObjectRef(124621163998): object was freed before callback; returning Nil.
    [1224] <engine-1>[GdPAI] ObjectRef(124621163998): object was freed before callback; returning Nil.
    [1225] <engine-1>[GdPAI] ObjectRef(124621163998): object was freed before callback; returning Nil.
    [1226] <engine-1>[GdPAI] ObjectRef(124621163998): object was freed before callback; returning Nil.
    [1227] <engine-1>[GdPAI] ObjectRef(124621163998): object was freed before callback; returning Nil.
    [1228] <engine-1>[GdPAI] ObjectRef(124621163998): object was freed before callback; returning Nil.
    [1229] <engine-1>[GdPAI] ObjectRef(124621163998): object was freed before callback; returning Nil.
    [1230] <engine-1>[GdPAI] ObjectRef(124621163998): object was freed before callback; returning Nil.
    [1231] <engine-1>[GdPAI] ObjectRef(124621163998): object was freed before callback; returning Nil.
    [1232] <engine-1>[GdPAI] ObjectRef(124621163998): object was freed before callback; returning Nil.
    [1233] <engine-1>[GdPAI] ObjectRef(124621163998): object was freed before callback; returning Nil.
    [1234] <engine-1>[GdPAI] ObjectRef(124621163998): object was freed before callback; returning Nil.
    [1235] <engine-1>[GdPAI] ObjectRef(124621163998): object was freed before callback; returning Nil.
      at line 169
WARNING: [GdPAI] ObjectRef(124621163998): object was freed before callback; returning Nil.
   at: gdplanningai_rust::logger::process_logs (src\logger.rs:66)
   GDScript backtrace (most recent call first):
       [0] _drain_scheduler (res://test/integration/test_campfire_example_smoke.gd:27)
       [1] after_each (res://test/integration/test_campfire_example_smoke.gd:19)
       [2] _run_test (res://addons/gut/gut.gd:700)
       [3] test_competing_priorities_hunger_wins (res://test/integration/test_campfire_example_smoke.gd:169)
       [4] _start_plan_and_wait (res://test/integration/test_campfire_example_smoke.gd:65)
WARNING: [GdPAI] ObjectRef(124621163998): object was freed before callback; returning Nil.
   at: gdplanningai_rust::logger::process_logs (src\logger.rs:66)
   GDScript backtrace (most recent call first):
       [0] _drain_scheduler (res://test/integration/test_campfire_example_smoke.gd:27)
       [1] after_each (res://test/integration/test_campfire_example_smoke.gd:19)
       [2] _run_test (res://addons/gut/gut.gd:700)
       [3] test_competing_priorities_hunger_wins (res://test/integration/test_campfire_example_smoke.gd:169)
       [4] _start_plan_and_wait (res://test/integration/test_campfire_example_smoke.gd:65)
[GdPAI | debug] GetCost: callable returned non-numeric value: null; returning INFINITY
[GdPAI | debug] Found candidate: Dig Potato (satisfied preconds: [], requirements: [0])
WARNING: [GdPAI] ObjectRef(124621163998): object was freed before callback; returning Nil.
   at: gdplanningai_rust::logger::process_logs (src\logger.rs:66)
   GDScript backtrace (most recent call first):
       [0] _process (res://addons/GdPlanningAI/gdpai_autoload.gd:21)
WARNING: [GdPAI] ObjectRef(124621163998): object was freed before callback; returning Nil.
   at: gdplanningai_rust::logger::process_logs (src\logger.rs:66)
   GDScript backtrace (most recent call first):
       [0] _process (res://addons/GdPlanningAI/gdpai_autoload.gd:21)
[GdPAI | debug] ApplyEffect [Before] ID=InstanceId(-9223369858484257163): agent props = {"hunger": 70.0627442063492, "entity": null, "held_item": ""}
[GdPAI | debug] ApplyEffect [After] ID=InstanceId(-9223369858484257163): agent props = {"hunger": 70.0627442063492, "entity": null, "held_item": ""}
[GdPAI | debug]   Snapshotting prop: hunger = Float(70.0627442063492) (Variant type: FLOAT)
[GdPAI | debug]   Snapshotting prop: entity = Nil (Variant type: NIL)
[GdPAI | debug]   Snapshotting prop: held_item = Str("") (Variant type: STRING)
[GdPAI | debug] Discovery: Simulation success for Eat Held Food. Agent props: {"hunger": Float(70.0627442063492), "entity": Nil, "held_item": Str("")}
[GdPAI | debug] Discovery: Action Eat Held Food satisfied precond Builtin { target: Agent, operation: Equal, property_name: "held_item", value: Some(Str("")) }
[GdPAI | debug] Found candidate: Eat Held Food (satisfied preconds: [0], requirements: [])
WARNING: [GdPAI] ObjectRef(124621163998): object was freed before callback; returning Nil.
   at: gdplanningai_rust::logger::process_logs (src\logger.rs:66)
   GDScript backtrace (most recent call first):
       [0] _drain_scheduler (res://test/integration/test_campfire_example_smoke.gd:27)
WARNING: [GdPAI] ObjectRef(124621163998): object was freed before callback; returning Nil.
   at: gdplanningai_rust::logger::process_logs (src\logger.rs:66)
   GDScript backtrace (most recent call first):
       [0] _drain_scheduler (res://test/integration/test_campfire_example_smoke.gd:27)
[GdPAI | debug] Discovery: Starting simulation for action Go To
[GdPAI | debug] ApplyEffect [Before] ID=InstanceId(-9223369856672316585): agent props = {"at_target": VariantGd { id: 1382610374135, class: Node }, "entity": VariantGd { id: 1382643928884, class: RigidBody2D }, "held_item": "", "hunger": 95.0603725}
[GdPAI | debug] ApplyEffect [After] ID=InstanceId(-9223369856672316585): agent props = {"at_target": VariantGd { id: 1382610374135, class: Node }, "entity": VariantGd { id: 1382643928884, class: RigidBody2D }, "held_item": "", "hunger": 95.0603725}
[GdPAI | debug]   Snapshotting prop: at_target = ObjectRef(1382610374135) (Variant type: OBJECT)
[GdPAI | debug]   Snapshotting prop: entity = ObjectRef(1382643928884) (Variant type: OBJECT)
[GdPAI | debug]   Snapshotting prop: held_item = Str("") (Variant type: STRING)
[GdPAI | debug]   Snapshotting prop: hunger = Float(95.0603725) (Variant type: FLOAT)
WARNING: [GdPAI] ObjectRef(124621163998): object was freed before callback; returning Nil.
   at: gdplanningai_rust::logger::process_logs (src\logger.rs:66)
   GDScript backtrace (most recent call first):
       [0] _process (res://addons/GdPlanningAI/gdpai_autoload.gd:21)
WARNING: [GdPAI] ObjectRef(124621163998): object was freed before callback; returning Nil.
   at: gdplanningai_rust::logger::process_logs (src\logger.rs:66)
   GDScript backtrace (most recent call first):
       [0] _process (res://addons/GdPlanningAI/gdpai_autoload.gd:21)
[GdPAI | debug] GetCost: callable returned non-numeric value: null; returning INFINITY
WARNING: [GdPAI] ObjectRef(124621163998): object was freed before callback; returning Nil.
   at: gdplanningai_rust::logger::process_logs (src\logger.rs:66)
   GDScript backtrace (most recent call first):
       [0] _drain_scheduler (res://test/integration/test_campfire_example_smoke.gd:27)
WARNING: [GdPAI] ObjectRef(124621163998): object was freed before callback; returning Nil.
   at: gdplanningai_rust::logger::process_logs (src\logger.rs:66)
   GDScript backtrace (most recent call first):
       [0] _drain_scheduler (res://test/integration/test_campfire_example_smoke.gd:27)
[GdPAI | debug] ApplyEffect [Before] ID=InstanceId(-9223369854742936725): agent props = {"held_item": "", "hunger": 70.0627442063492, "entity": null}
[GdPAI | debug] ApplyEffect [After] ID=InstanceId(-9223369854742936725): agent props = {"held_item": "", "hunger": 70.0627442063492, "entity": null}
[GdPAI | debug]   Snapshotting prop: held_item = Str("") (Variant type: STRING)
[GdPAI | debug]   Snapshotting prop: hunger = Float(70.0627442063492) (Variant type: FLOAT)
[GdPAI | debug]   Snapshotting prop: entity = Nil (Variant type: NIL)
[GdPAI | debug] Discovery: Simulation success for Go To. Agent props: {"held_item": Str(""), "hunger": Float(70.0627442063492), "entity": Nil}
[GdPAI | debug] Discovery: Action Go To satisfied precond Builtin { target: Agent, operation: Equal, property_name: "held_item", value: Some(Str("")) }
[GdPAI | debug] Found candidate: Go To (satisfied preconds: [0], requirements: [0, 1, 2])
[GdPAI | debug] ApplyEffect [Before] ID=InstanceId(-9223369854172511381): agent props = {"at_target": VariantGd { id: 1382610374135, class: Node }, "hunger": 95.0603725, "held_item": "", "entity": VariantGd { id: 1382643928884, class: RigidBody2D }}
[GdPAI | debug] ApplyEffect [After] ID=InstanceId(-9223369854172511381): agent props = {"at_target": VariantGd { id: 1382610374135, class: Node }, "hunger": 95.0603725, "held_item": "wood", "entity": VariantGd { id: 1382643928884, class: RigidBody2D }}
[GdPAI | debug]   Snapshotting prop: at_target = ObjectRef(1382610374135) (Variant type: OBJECT)
[GdPAI | debug]   Snapshotting prop: hunger = Float(95.0603725) (Variant type: FLOAT)
[GdPAI | debug]   Snapshotting prop: held_item = Str("wood") (Variant type: STRING)
[GdPAI | debug]   Snapshotting prop: entity = ObjectRef(1382643928884) (Variant type: OBJECT)
[GdPAI | debug] Discovery: Starting simulation for action Drop Item
WARNING: [GdPAI] ObjectRef(124621163998): object was freed before callback; returning Nil.
   at: gdplanningai_rust::logger::process_logs (src\logger.rs:66)
   GDScript backtrace (most recent call first):
       [0] _process (res://addons/GdPlanningAI/gdpai_autoload.gd:21)
WARNING: [GdPAI] ObjectRef(124621163998): object was freed before callback; returning Nil.
   at: gdplanningai_rust::logger::process_logs (src\logger.rs:66)
   GDScript backtrace (most recent call first):
       [0] _process (res://addons/GdPlanningAI/gdpai_autoload.gd:21)
[GdPAI | debug] GetCost: callable returned non-numeric value: null; returning INFINITY
WARNING: [GdPAI] ObjectRef(124621163998): object was freed before callback; returning Nil.
   at: gdplanningai_rust::logger::process_logs (src\logger.rs:66)
   GDScript backtrace (most recent call first):
       [0] _drain_scheduler (res://test/integration/test_campfire_example_smoke.gd:27)
WARNING: [GdPAI] ObjectRef(124621163998): object was freed before callback; returning Nil.
   at: gdplanningai_rust::logger::process_logs (src\logger.rs:66)
   GDScript backtrace (most recent call first):
       [0] _drain_scheduler (res://test/integration/test_campfire_example_smoke.gd:27)
[GdPAI | debug] ApplyEffect [Before] ID=InstanceId(-9223369852243131545): agent props = {"hunger": 70.0627442063492, "entity": null, "held_item": ""}
[GdPAI | debug] ApplyEffect [After] ID=InstanceId(-9223369852243131545): agent props = {"hunger": 70.0627442063492, "entity": null, "held_item": ""}
[GdPAI | debug]   Snapshotting prop: hunger = Float(70.0627442063492) (Variant type: FLOAT)
[GdPAI | debug]   Snapshotting prop: entity = Nil (Variant type: NIL)
[GdPAI | debug]   Snapshotting prop: held_item = Str("") (Variant type: STRING)
[GdPAI | debug] Discovery: Simulation success for Drop Item. Agent props: {"held_item": Str(""), "entity": Nil, "hunger": Float(70.0627442063492)}
[GdPAI | debug] Discovery: Action Drop Item satisfied precond Builtin { target: Agent, operation: Equal, property_name: "held_item", value: Some(Str("")) }
[GdPAI | debug] Found candidate: Drop Item (satisfied preconds: [0], requirements: [])
[GdPAI | debug] ApplyEffect [Before] ID=InstanceId(-9223369851672706201): agent props = {"hunger": 95.0603725, "entity": VariantGd { id: 1382643928884, class: RigidBody2D }, "at_target": VariantGd { id: 1382610374135, class: Node }, "held_item": "wood"}
[GdPAI | debug] Discovery: Starting simulation for action Add Fuel
[GdPAI | debug] ApplyEffect [After] ID=InstanceId(-9223369851672706201): agent props = {"hunger": 95.0603725, "entity": VariantGd { id: 1382643928884, class: RigidBody2D }, "at_target": VariantGd { id: 1382610374135, class: Node }, "held_item": "wood"}
[GdPAI | debug]   Snapshotting prop: hunger = Float(95.0603725) (Variant type: FLOAT)
[GdPAI | debug]   Snapshotting prop: entity = ObjectRef(1382643928884) (Variant type: OBJECT)
[GdPAI | debug]   Snapshotting prop: at_target = ObjectRef(1382610374135) (Variant type: OBJECT)
[GdPAI | debug]   Snapshotting prop: held_item = Str("wood") (Variant type: STRING)
WARNING: [GdPAI] ObjectRef(124621163998): object was freed before callback; returning Nil.
   at: gdplanningai_rust::logger::process_logs (src\logger.rs:66)
   GDScript backtrace (most recent call first):
       [0] _process (res://addons/GdPlanningAI/gdpai_autoload.gd:21)
WARNING: [GdPAI] ObjectRef(124621163998): object was freed before callback; returning Nil.
   at: gdplanningai_rust::logger::process_logs (src\logger.rs:66)
   GDScript backtrace (most recent call first):
       [0] _process (res://addons/GdPlanningAI/gdpai_autoload.gd:21)
[GdPAI | debug] GetCost: callable returned non-numeric value: null; returning INFINITY
WARNING: [GdPAI] ObjectRef(124621163998): object was freed before callback; returning Nil.
   at: gdplanningai_rust::logger::process_logs (src\logger.rs:66)
   GDScript backtrace (most recent call first):
       [0] _drain_scheduler (res://test/integration/test_campfire_example_smoke.gd:27)
WARNING: [GdPAI] ObjectRef(124621163998): object was freed before callback; returning Nil.
   at: gdplanningai_rust::logger::process_logs (src\logger.rs:66)
   GDScript backtrace (most recent call first):
       [0] _drain_scheduler (res://test/integration/test_campfire_example_smoke.gd:27)
[GdPAI | debug] ApplyEffect [Before] ID=InstanceId(-9223369849743326359): agent props = {"hunger": 70.0627442063492, "entity": null, "held_item": "wood"}
[GdPAI | debug] ApplyEffect [After] ID=InstanceId(-9223369849743326359): agent props = {"hunger": 70.0627442063492, "entity": null, "held_item": "wood"}
[GdPAI | debug]   Snapshotting prop: hunger = Float(70.0627442063492) (Variant type: FLOAT)
[GdPAI | debug]   Snapshotting prop: entity = Nil (Variant type: NIL)
[GdPAI | debug]   Snapshotting prop: held_item = Str("wood") (Variant type: STRING)
[GdPAI | debug] Discovery: Simulation success for Add Fuel. Agent props: {"hunger": Float(70.0627442063492), "held_item": Str("wood"), "entity": Nil}
[GdPAI | debug] Discovery: Action Add Fuel did NOT satisfy precond Builtin { target: Agent, operation: Equal, property_name: "held_item", value: Some(Str("")) }
[GdPAI | debug] ApplyEffect [Before] ID=InstanceId(-9223369849172901015): agent props = {"at_target": VariantGd { id: 1382610374135, class: Node }, "hunger": 95.0603725, "held_item": "", "entity": VariantGd { id: 1382643928884, class: RigidBody2D }}
[GdPAI | debug] ApplyEffect [After] ID=InstanceId(-9223369849172901015): agent props = {"at_target": VariantGd { id: 1382610374135, class: Node }, "hunger": 95.0603725, "held_item": "", "entity": VariantGd { id: 1382643928884, class: RigidBody2D }}
[GdPAI | debug]   Snapshotting prop: at_target = ObjectRef(1382610374135) (Variant type: OBJECT)
[GdPAI | debug]   Snapshotting prop: hunger = Float(95.0603725) (Variant type: FLOAT)
[GdPAI | debug]   Snapshotting prop: held_item = Str("") (Variant type: STRING)
[GdPAI | debug]   Snapshotting prop: entity = ObjectRef(1382643928884) (Variant type: OBJECT)
WARNING: [GdPAI] ObjectRef(124621163998): object was freed before callback; returning Nil.
   at: gdplanningai_rust::logger::process_logs (src\logger.rs:66)
   GDScript backtrace (most recent call first):
       [0] _process (res://addons/GdPlanningAI/gdpai_autoload.gd:21)
WARNING: [GdPAI] ObjectRef(124621163998): object was freed before callback; returning Nil.
   at: gdplanningai_rust::logger::process_logs (src\logger.rs:66)
   GDScript backtrace (most recent call first):
       [0] _process (res://addons/GdPlanningAI/gdpai_autoload.gd:21)
[GdPAI | debug] Discovery: Action Cook Potato failed validity check, skipping
[GdPAI | debug] Discovery: Starting simulation for action Pick Up Wood
WARNING: [GdPAI] ObjectRef(124621163998): object was freed before callback; returning Nil.
   at: gdplanningai_rust::logger::process_logs (src\logger.rs:66)
   GDScript backtrace (most recent call first):
       [0] _drain_scheduler (res://test/integration/test_campfire_example_smoke.gd:27)
WARNING: [GdPAI] ObjectRef(124621163998): object was freed before callback; returning Nil.
   at: gdplanningai_rust::logger::process_logs (src\logger.rs:66)
   GDScript backtrace (most recent call first):
       [0] _drain_scheduler (res://test/integration/test_campfire_example_smoke.gd:27)
[GdPAI | debug] GetCost: callable returned non-numeric value: null; returning INFINITY
[GdPAI | debug] ApplyEffect [Before] ID=InstanceId(-9223369846673095793): agent props = {"entity": VariantGd { id: 1382643928884, class: RigidBody2D }, "hunger": 95.0603725, "held_item": "", "at_target": VariantGd { id: 1382610374135, class: Node }}
[GdPAI | debug] ApplyEffect [After] ID=InstanceId(-9223369846673095793): agent props = {"entity": VariantGd { id: 1382643928884, class: RigidBody2D }, "hunger": 95.0603725, "held_item": "wood", "at_target": VariantGd { id: 1382610374135, class: Node }}
[GdPAI | debug]   Snapshotting prop: entity = ObjectRef(1382643928884) (Variant type: OBJECT)
[GdPAI | debug]   Snapshotting prop: hunger = Float(95.0603725) (Variant type: FLOAT)
[GdPAI | debug]   Snapshotting prop: held_item = Str("wood") (Variant type: STRING)
[GdPAI | debug]   Snapshotting prop: at_target = ObjectRef(1382610374135) (Variant type: OBJECT)
WARNING: [GdPAI] ObjectRef(124621163998): object was freed before callback; returning Nil.
   at: gdplanningai_rust::logger::process_logs (src\logger.rs:66)
   GDScript backtrace (most recent call first):
       [0] _process (res://addons/GdPlanningAI/gdpai_autoload.gd:21)
WARNING: [GdPAI] ObjectRef(124621163998): object was freed before callback; returning Nil.
   at: gdplanningai_rust::logger::process_logs (src\logger.rs:66)
   GDScript backtrace (most recent call first):
       [0] _process (res://addons/GdPlanningAI/gdpai_autoload.gd:21)
[GdPAI | debug] ApplyEffect [Before] ID=InstanceId(-9223369845985229956): agent props = {"entity": null, "hunger": 70.0627442063492, "held_item": ""}
[GdPAI | debug] ApplyEffect [After] ID=InstanceId(-9223369845985229956): agent props = {"entity": null, "hunger": 70.0627442063492, "held_item": ""}
[GdPAI | debug]   Snapshotting prop: entity = Nil (Variant type: NIL)
[GdPAI | debug]   Snapshotting prop: hunger = Float(70.0627442063492) (Variant type: FLOAT)
[GdPAI | debug]   Snapshotting prop: held_item = Str("") (Variant type: STRING)
[GdPAI | debug] Discovery: Simulation success for Pick Up Wood. Agent props: {"hunger": Float(70.0627442063492), "entity": Nil, "held_item": Str("")}
[GdPAI | debug] Discovery: Action Pick Up Wood satisfied precond Builtin { target: Agent, operation: Equal, property_name: "held_item", value: Some(Str("")) }
[GdPAI | debug] Found candidate: Pick Up Wood (satisfied preconds: [0], requirements: [])
[GdPAI | debug] Discovery: Starting simulation for action Pick Up Wood
WARNING: [GdPAI] ObjectRef(124621163998): object was freed before callback; returning Nil.
   at: gdplanningai_rust::logger::process_logs (src\logger.rs:66)
   GDScript backtrace (most recent call first):
       [0] _drain_scheduler (res://test/integration/test_campfire_example_smoke.gd:27)
WARNING: [GdPAI] ObjectRef(124621163998): object was freed before callback; returning Nil.
   at: gdplanningai_rust::logger::process_logs (src\logger.rs:66)
   GDScript backtrace (most recent call first):
       [0] _drain_scheduler (res://test/integration/test_campfire_example_smoke.gd:27)
[GdPAI | debug] GetCost: callable returned non-numeric value: null; returning INFINITY
[GdPAI | debug] ApplyEffect [Before] ID=InstanceId(-9223369844173290615): agent props = {"held_item": "wood", "hunger": 95.0603725, "at_target": VariantGd { id: 1382610374135, class: Node }, "entity": VariantGd { id: 1382643928884, class: RigidBody2D }}
[GdPAI | debug] ApplyEffect [After] ID=InstanceId(-9223369844173290615): agent props = {"held_item": "wood", "hunger": 95.0603725, "at_target": VariantGd { id: 1382610374135, class: Node }, "entity": VariantGd { id: 1382643928884, class: RigidBody2D }}
[GdPAI | debug]   Snapshotting prop: held_item = Str("wood") (Variant type: STRING)
[GdPAI | debug]   Snapshotting prop: hunger = Float(95.0603725) (Variant type: FLOAT)
[GdPAI | debug]   Snapshotting prop: at_target = ObjectRef(1382610374135) (Variant type: OBJECT)
[GdPAI | debug]   Snapshotting prop: entity = ObjectRef(1382643928884) (Variant type: OBJECT)
WARNING: [GdPAI] ObjectRef(124621163998): object was freed before callback; returning Nil.
   at: gdplanningai_rust::logger::process_logs (src\logger.rs:66)
   GDScript backtrace (most recent call first):
       [0] _process (res://addons/GdPlanningAI/gdpai_autoload.gd:21)
WARNING: [GdPAI] ObjectRef(124621163998): object was freed before callback; returning Nil.
   at: gdplanningai_rust::logger::process_logs (src\logger.rs:66)
   GDScript backtrace (most recent call first):
       [0] _process (res://addons/GdPlanningAI/gdpai_autoload.gd:21)
[GdPAI | debug] ApplyEffect [Before] ID=InstanceId(-9223369843485424745): agent props = {"held_item": "", "entity": null, "hunger": 70.0627442063492}
[GdPAI | debug] ApplyEffect [After] ID=InstanceId(-9223369843485424745): agent props = {"held_item": "", "entity": null, "hunger": 70.0627442063492}
[GdPAI | debug]   Snapshotting prop: held_item = Str("") (Variant type: STRING)
[GdPAI | debug]   Snapshotting prop: entity = Nil (Variant type: NIL)
[GdPAI | debug]   Snapshotting prop: hunger = Float(70.0627442063492) (Variant type: FLOAT)
[GdPAI | debug] Discovery: Simulation success for Pick Up Wood. Agent props: {"held_item": Str(""), "hunger": Float(70.0627442063492), "entity": Nil}
[GdPAI | debug] Discovery: Action Pick Up Wood satisfied precond Builtin { target: Agent, operation: Equal, property_name: "held_item", value: Some(Str("")) }
[GdPAI | debug] Found candidate: Pick Up Wood (satisfied preconds: [0], requirements: [])
[GdPAI | debug] Discovery: Starting simulation for action Pick Up Wood
WARNING: [GdPAI] ObjectRef(124621163998): object was freed before callback; returning Nil.
   at: gdplanningai_rust::logger::process_logs (src\logger.rs:66)
   GDScript backtrace (most recent call first):
       [0] _drain_scheduler (res://test/integration/test_campfire_example_smoke.gd:27)
WARNING: [GdPAI] ObjectRef(124621163998): object was freed before callback; returning Nil.
   at: gdplanningai_rust::logger::process_logs (src\logger.rs:66)
   GDScript backtrace (most recent call first):
       [0] _drain_scheduler (res://test/integration/test_campfire_example_smoke.gd:27)
[GdPAI | debug] GetCost: callable returned non-numeric value: null; returning INFINITY
[GdPAI | debug] ApplyEffect [Before] ID=InstanceId(-9223369841673485401): agent props = {"entity": VariantGd { id: 1382643928884, class: RigidBody2D }, "hunger": 95.0603725, "held_item": "potato"}
[GdPAI | debug] ApplyEffect [After] ID=InstanceId(-9223369841673485401): agent props = {"entity": VariantGd { id: 1382643928884, class: RigidBody2D }, "held_item": "cooked_potato", "hunger": 95.0603725}
[GdPAI | debug]   Snapshotting prop: entity = ObjectRef(1382643928884) (Variant type: OBJECT)
[GdPAI | debug]   Snapshotting prop: held_item = Str("cooked_potato") (Variant type: STRING)
[GdPAI | debug]   Snapshotting prop: hunger = Float(95.0603725) (Variant type: FLOAT)
WARNING: [GdPAI] ObjectRef(124621163998): object was freed before callback; returning Nil.
   at: gdplanningai_rust::logger::process_logs (src\logger.rs:66)
   GDScript backtrace (most recent call first):
       [0] _process (res://addons/GdPlanningAI/gdpai_autoload.gd:21)
WARNING: [GdPAI] ObjectRef(124621163998): object was freed before callback; returning Nil.
   at: gdplanningai_rust::logger::process_logs (src\logger.rs:66)
   GDScript backtrace (most recent call first):
       [0] _process (res://addons/GdPlanningAI/gdpai_autoload.gd:21)
[GdPAI | debug] ApplyEffect [Before] ID=InstanceId(-9223369840985619556): agent props = {"entity": null, "held_item": "", "hunger": 70.0627442063492}
[GdPAI | debug] ApplyEffect [After] ID=InstanceId(-9223369840985619556): agent props = {"entity": null, "held_item": "", "hunger": 70.0627442063492}
[GdPAI | debug]   Snapshotting prop: entity = Nil (Variant type: NIL)
[GdPAI | debug]   Snapshotting prop: held_item = Str("") (Variant type: STRING)
[GdPAI | debug]   Snapshotting prop: hunger = Float(70.0627442063492) (Variant type: FLOAT)
[GdPAI | debug] Discovery: Simulation success for Pick Up Wood. Agent props: {"held_item": Str(""), "hunger": Float(70.0627442063492), "entity": Nil}
[GdPAI | debug] Discovery: Action Pick Up Wood satisfied precond Builtin { target: Agent, operation: Equal, property_name: "held_item", value: Some(Str("")) }
[GdPAI | debug] Found candidate: Pick Up Wood (satisfied preconds: [0], requirements: [])
[GdPAI | debug] Discovery: Starting simulation for action Pick Up Wood
WARNING: [GdPAI] ObjectRef(124621163998): object was freed before callback; returning Nil.
   at: gdplanningai_rust::logger::process_logs (src\logger.rs:66)
   GDScript backtrace (most recent call first):
       [0] _drain_scheduler (res://test/integration/test_campfire_example_smoke.gd:27)
WARNING: [GdPAI] ObjectRef(124621163998): object was freed before callback; returning Nil.
   at: gdplanningai_rust::logger::process_logs (src\logger.rs:66)
   GDScript backtrace (most recent call first):
       [0] _drain_scheduler (res://test/integration/test_campfire_example_smoke.gd:27)
[GdPAI | debug] GetCost: callable returned non-numeric value: null; returning INFINITY
[GdPAI | debug] ApplyEffect [Before] ID=InstanceId(-9223369839173680210): agent props = {"hunger": 95.0603725, "entity": VariantGd { id: 1382643928884, class: RigidBody2D }, "held_item": "cooked_potato"}
[GdPAI | debug] ApplyEffect [After] ID=InstanceId(-9223369839173680210): agent props = {"hunger": 95.0603725, "held_item": "wood", "entity": VariantGd { id: 1382643928884, class: RigidBody2D }}
[GdPAI | debug]   Snapshotting prop: hunger = Float(95.0603725) (Variant type: FLOAT)
[GdPAI | debug]   Snapshotting prop: held_item = Str("wood") (Variant type: STRING)
[GdPAI | debug]   Snapshotting prop: entity = ObjectRef(1382643928884) (Variant type: OBJECT)
WARNING: [GdPAI] ObjectRef(124621163998): object was freed before callback; returning Nil.
   at: gdplanningai_rust::logger::process_logs (src\logger.rs:66)
   GDScript backtrace (most recent call first):
       [0] _process (res://addons/GdPlanningAI/gdpai_autoload.gd:21)
WARNING: [GdPAI] ObjectRef(124621163998): object was freed before callback; returning Nil.
   at: gdplanningai_rust::logger::process_logs (src\logger.rs:66)
   GDScript backtrace (most recent call first):
       [0] _process (res://addons/GdPlanningAI/gdpai_autoload.gd:21)
[GdPAI | debug] ApplyEffect [Before] ID=InstanceId(-9223369838485814365): agent props = {"held_item": "", "entity": null, "hunger": 70.0627442063492}
[GdPAI | debug] ApplyEffect [After] ID=InstanceId(-9223369838485814365): agent props = {"held_item": "", "entity": null, "hunger": 70.0627442063492}
[GdPAI | debug]   Snapshotting prop: held_item = Str("") (Variant type: STRING)
[GdPAI | debug]   Snapshotting prop: entity = Nil (Variant type: NIL)
[GdPAI | debug]   Snapshotting prop: hunger = Float(70.0627442063492) (Variant type: FLOAT)
[GdPAI | debug] Discovery: Simulation success for Pick Up Wood. Agent props: {"entity": Nil, "hunger": Float(70.0627442063492), "held_item": Str("")}
[GdPAI | debug] Discovery: Action Pick Up Wood satisfied precond Builtin { target: Agent, operation: Equal, property_name: "held_item", value: Some(Str("")) }
[GdPAI | debug] Found candidate: Pick Up Wood (satisfied preconds: [0], requirements: [])
WARNING: [GdPAI] ObjectRef(124621163998): object was freed before callback; returning Nil.
   at: gdplanningai_rust::logger::process_logs (src\logger.rs:66)
   GDScript backtrace (most recent call first):
       [0] _drain_scheduler (res://test/integration/test_campfire_example_smoke.gd:27)
WARNING: [GdPAI] ObjectRef(124621163998): object was freed before callback; returning Nil.
   at: gdplanningai_rust::logger::process_logs (src\logger.rs:66)
   GDScript backtrace (most recent call first):
       [0] _drain_scheduler (res://test/integration/test_campfire_example_smoke.gd:27)
[GdPAI | debug] Discovery: Action Dig Potato failed validity check, skipping
[GdPAI | debug] ApplyEffect [Before] ID=InstanceId(-9223369836673875064): agent props = {"held_item": "wood", "entity": VariantGd { id: 1382643928884, class: RigidBody2D }, "hunger": 95.0603725}
[GdPAI | debug] ApplyEffect [After] ID=InstanceId(-9223369836673875064): agent props = {"held_item": "wood", "entity": VariantGd { id: 1382643928884, class: RigidBody2D }, "hunger": 95.0603725}
[GdPAI | debug]   Snapshotting prop: held_item = Str("wood") (Variant type: STRING)
[GdPAI | debug]   Snapshotting prop: entity = ObjectRef(1382643928884) (Variant type: OBJECT)
[GdPAI | debug]   Snapshotting prop: hunger = Float(95.0603725) (Variant type: FLOAT)
WARNING: [GdPAI] ObjectRef(124621163998): object was freed before callback; returning Nil.
   at: gdplanningai_rust::logger::process_logs (src\logger.rs:66)
   GDScript backtrace (most recent call first):
       [0] _process (res://addons/GdPlanningAI/gdpai_autoload.gd:21)
WARNING: [GdPAI] ObjectRef(124621163998): object was freed before callback; returning Nil.
   at: gdplanningai_rust::logger::process_logs (src\logger.rs:66)
   GDScript backtrace (most recent call first):
       [0] _process (res://addons/GdPlanningAI/gdpai_autoload.gd:21)
[GdPAI | debug] Discovery: Action Dig Potato failed validity check, skipping
WARNING: [GdPAI] ObjectRef(124621163998): object was freed before callback; returning Nil.
   at: gdplanningai_rust::logger::process_logs (src\logger.rs:66)
   GDScript backtrace (most recent call first):
       [0] _drain_scheduler (res://test/integration/test_campfire_example_smoke.gd:27)
WARNING: [GdPAI] ObjectRef(124621163998): object was freed before callback; returning Nil.
   at: gdplanningai_rust::logger::process_logs (src\logger.rs:66)
   GDScript backtrace (most recent call first):
       [0] _drain_scheduler (res://test/integration/test_campfire_example_smoke.gd:27)
[GdPAI | debug] Discovery: Action Dig Potato failed validity check, skipping
[GdPAI | debug] ApplyEffect [Before] ID=InstanceId(-9223369834174069809): agent props = {"hunger": 95.0603725, "held_item": "", "entity": VariantGd { id: 1382643928884, class: RigidBody2D }}
[GdPAI | debug] ApplyEffect [After] ID=InstanceId(-9223369834174069809): agent props = {"entity": VariantGd { id: 1382643928884, class: RigidBody2D }, "hunger": 95.0603725, "held_item": "potato"}
[GdPAI | debug]   Snapshotting prop: entity = ObjectRef(1382643928884) (Variant type: OBJECT)
[GdPAI | debug]   Snapshotting prop: hunger = Float(95.0603725) (Variant type: FLOAT)
[GdPAI | debug]   Snapshotting prop: held_item = Str("potato") (Variant type: STRING)
WARNING: [GdPAI] ObjectRef(124621163998): object was freed before callback; returning Nil.
   at: gdplanningai_rust::logger::process_logs (src\logger.rs:66)
   GDScript backtrace (most recent call first):
       [0] _process (res://addons/GdPlanningAI/gdpai_autoload.gd:21)
WARNING: [GdPAI] ObjectRef(124621163998): object was freed before callback; returning Nil.
   at: gdplanningai_rust::logger::process_logs (src\logger.rs:66)
   GDScript backtrace (most recent call first):
       [0] _process (res://addons/GdPlanningAI/gdpai_autoload.gd:21)
[GdPAI | debug] Discovery: Action Dig Potato failed validity check, skipping
WARNING: [GdPAI] ObjectRef(124621163998): object was freed before callback; returning Nil.
   at: gdplanningai_rust::logger::process_logs (src\logger.rs:66)
   GDScript backtrace (most recent call first):
       [0] _drain_scheduler (res://test/integration/test_campfire_example_smoke.gd:27)
WARNING: [GdPAI] ObjectRef(124621163998): object was freed before callback; returning Nil.
   at: gdplanningai_rust::logger::process_logs (src\logger.rs:66)
   GDScript backtrace (most recent call first):
       [0] _drain_scheduler (res://test/integration/test_campfire_example_smoke.gd:27)
[GdPAI | debug] Discovery: Action Dig Potato failed validity check, skipping
[GdPAI | debug] ApplyEffect [Before] ID=InstanceId(-9223369831674264659): agent props = {"held_item": "potato", "hunger": 95.0603725, "entity": VariantGd { id: 1382643928884, class: RigidBody2D }}
[GdPAI | debug] ApplyEffect [After] ID=InstanceId(-9223369831674264659): agent props = {"entity": VariantGd { id: 1382643928884, class: RigidBody2D }, "held_item": "wood", "hunger": 95.0603725}
[GdPAI | debug]   Snapshotting prop: entity = ObjectRef(1382643928884) (Variant type: OBJECT)
[GdPAI | debug]   Snapshotting prop: held_item = Str("wood") (Variant type: STRING)
[GdPAI | debug]   Snapshotting prop: hunger = Float(95.0603725) (Variant type: FLOAT)
WARNING: [GdPAI] ObjectRef(124621163998): object was freed before callback; returning Nil.
   at: gdplanningai_rust::logger::process_logs (src\logger.rs:66)
   GDScript backtrace (most recent call first):
       [0] _process (res://addons/GdPlanningAI/gdpai_autoload.gd:21)
WARNING: [GdPAI] ObjectRef(124621163998): object was freed before callback; returning Nil.
   at: gdplanningai_rust::logger::process_logs (src\logger.rs:66)
   GDScript backtrace (most recent call first):
       [0] _process (res://addons/GdPlanningAI/gdpai_autoload.gd:21)
WARNING: [GdPAI] ObjectRef(124134624705): object was freed before callback; returning Nil.
   at: gdplanningai_rust::logger::process_logs (src\logger.rs:66)
   GDScript backtrace (most recent call first):
       [0] _process (res://addons/GdPlanningAI/gdpai_autoload.gd:21)
WARNING: [GdPAI] ObjectRef(125661351450): object was freed before callback; returning Nil.
   at: gdplanningai_rust::logger::process_logs (src\logger.rs:66)
   GDScript backtrace (most recent call first):
       [0] _process (res://addons/GdPlanningAI/gdpai_autoload.gd:21)
WARNING: [GdPAI] ObjectRef(124587609564): object was freed before callback; returning Nil.
   at: gdplanningai_rust::logger::process_logs (src\logger.rs:66)
   GDScript backtrace (most recent call first):
       [0] _process (res://addons/GdPlanningAI/gdpai_autoload.gd:21)
WARNING: [GdPAI] ObjectRef(124134624705): object was freed before callback; returning Nil.
   at: gdplanningai_rust::logger::process_logs (src\logger.rs:66)
   GDScript backtrace (most recent call first):
       [0] _process (res://addons/GdPlanningAI/gdpai_autoload.gd:21)
WARNING: [GdPAI] ObjectRef(125661351450): object was freed before callback; returning Nil.
   at: gdplanningai_rust::logger::process_logs (src\logger.rs:66)
   GDScript backtrace (most recent call first):
       [0] _process (res://addons/GdPlanningAI/gdpai_autoload.gd:21)
WARNING: [GdPAI] ObjectRef(124587609564): object was freed before callback; returning Nil.
   at: gdplanningai_rust::logger::process_logs (src\logger.rs:66)
   GDScript backtrace (most recent call first):
       [0] _process (res://addons/GdPlanningAI/gdpai_autoload.gd:21)
[GdPAI | debug] GetCost: callable returned non-numeric value: null; returning INFINITY
WARNING: [GdPAI] ObjectRef(124621163998): object was freed before callback; returning Nil.
   at: gdplanningai_rust::logger::process_logs (src\logger.rs:66)
   GDScript backtrace (most recent call first):
       [0] _drain_scheduler (res://test/integration/test_campfire_example_smoke.gd:27)
WARNING: [GdPAI] ObjectRef(124621163998): object was freed before callback; returning Nil.
   at: gdplanningai_rust::logger::process_logs (src\logger.rs:66)
   GDScript backtrace (most recent call first):
       [0] _drain_scheduler (res://test/integration/test_campfire_example_smoke.gd:27)
WARNING: [GdPAI] ObjectRef(124134624705): object was freed before callback; returning Nil.
   at: gdplanningai_rust::logger::process_logs (src\logger.rs:66)
   GDScript backtrace (most recent call first):
       [0] _drain_scheduler (res://test/integration/test_campfire_example_smoke.gd:27)
WARNING: [GdPAI] ObjectRef(125661351450): object was freed before callback; returning Nil.
   at: gdplanningai_rust::logger::process_logs (src\logger.rs:66)
   GDScript backtrace (most recent call first):
       [0] _drain_scheduler (res://test/integration/test_campfire_example_smoke.gd:27)
WARNING: [GdPAI] ObjectRef(124587609564): object was freed before callback; returning Nil.
   at: gdplanningai_rust::logger::process_logs (src\logger.rs:66)
   GDScript backtrace (most recent call first):
       [0] _drain_scheduler (res://test/integration/test_campfire_example_smoke.gd:27)
WARNING: [GdPAI] ObjectRef(124134624705): object was freed before callback; returning Nil.
   at: gdplanningai_rust::logger::process_logs (src\logger.rs:66)
   GDScript backtrace (most recent call first):
       [0] _drain_scheduler (res://test/integration/test_campfire_example_smoke.gd:27)
WARNING: [GdPAI] ObjectRef(125661351450): object was freed before callback; returning Nil.
   at: gdplanningai_rust::logger::process_logs (src\logger.rs:66)
   GDScript backtrace (most recent call first):
       [0] _drain_scheduler (res://test/integration/test_campfire_example_smoke.gd:27)
WARNING: [GdPAI] ObjectRef(124587609564): object was freed before callback; returning Nil.
   at: gdplanningai_rust::logger::process_logs (src\logger.rs:66)
   GDScript backtrace (most recent call first):
       [0] _drain_scheduler (res://test/integration/test_campfire_example_smoke.gd:27)
[GdPAI | debug] ApplyEffect [Before] ID=InstanceId(-9223369829442894921): agent props = {"at_target": null, "held_item": "", "hunger": 70.0627442063492, "entity": null}
[GdPAI | debug] ApplyEffect [After] ID=InstanceId(-9223369829442894921): agent props = {"at_target": null, "held_item": "", "hunger": 70.0627442063492, "entity": null}
[GdPAI | debug]   Snapshotting prop: at_target = Nil (Variant type: NIL)
[GdPAI | debug]   Snapshotting prop: held_item = Str("") (Variant type: STRING)
[GdPAI | debug]   Snapshotting prop: hunger = Float(70.0627442063492) (Variant type: FLOAT)
[GdPAI | debug]   Snapshotting prop: entity = Nil (Variant type: NIL)
[GdPAI | debug] ApplyEffect [Before] ID=InstanceId(-9223369828872469577): agent props = {"entity": VariantGd { id: 1382643928884, class: RigidBody2D }, "held_item": "wood", "hunger": 95.0603725}
[GdPAI | debug] ApplyEffect [After] ID=InstanceId(-9223369828872469577): agent props = {"entity": VariantGd { id: 1382643928884, class: RigidBody2D }, "held_item": "wood", "hunger": 95.0603725}
[GdPAI | debug]   Snapshotting prop: entity = ObjectRef(1382643928884) (Variant type: OBJECT)
[GdPAI | debug]   Snapshotting prop: held_item = Str("wood") (Variant type: STRING)
[GdPAI | debug]   Snapshotting prop: hunger = Float(95.0603725) (Variant type: FLOAT)
WARNING: [GdPAI] ObjectRef(124621163998): object was freed before callback; returning Nil.
   at: gdplanningai_rust::logger::process_logs (src\logger.rs:66)
   GDScript backtrace (most recent call first):
       [0] _process (res://addons/GdPlanningAI/gdpai_autoload.gd:21)
WARNING: [GdPAI] ObjectRef(124587609564): object was freed before callback; returning Nil.
   at: gdplanningai_rust::logger::process_logs (src\logger.rs:66)
   GDScript backtrace (most recent call first):
       [0] _process (res://addons/GdPlanningAI/gdpai_autoload.gd:21)
WARNING: [GdPAI] ObjectRef(124587609564): object was freed before callback; returning Nil.
   at: gdplanningai_rust::logger::process_logs (src\logger.rs:66)
   GDScript backtrace (most recent call first):
       [0] _process (res://addons/GdPlanningAI/gdpai_autoload.gd:21)
[GdPAI | debug] GetCost: callable returned non-numeric value: null; returning INFINITY
WARNING: [GdPAI] ObjectRef(124621163998): object was freed before callback; returning Nil.
   at: gdplanningai_rust::logger::process_logs (src\logger.rs:66)
   GDScript backtrace (most recent call first):
       [0] _drain_scheduler (res://test/integration/test_campfire_example_smoke.gd:27)
WARNING: [GdPAI] ObjectRef(124587609564): object was freed before callback; returning Nil.
   at: gdplanningai_rust::logger::process_logs (src\logger.rs:66)
   GDScript backtrace (most recent call first):
       [0] _drain_scheduler (res://test/integration/test_campfire_example_smoke.gd:27)
WARNING: [GdPAI] ObjectRef(124587609564): object was freed before callback; returning Nil.
   at: gdplanningai_rust::logger::process_logs (src\logger.rs:66)
   GDScript backtrace (most recent call first):
       [0] _drain_scheduler (res://test/integration/test_campfire_example_smoke.gd:27)
[GdPAI | debug] ApplyEffect [Before] ID=InstanceId(-9223369826590768145): agent props = {"held_item": "", "hunger": 70.0627442063492, "at_target": null, "entity": null}
[GdPAI | debug] ApplyEffect [After] ID=InstanceId(-9223369826590768145): agent props = {"held_item": "", "hunger": 70.0627442063492, "at_target": null, "entity": null}
[GdPAI | debug]   Snapshotting prop: held_item = Str("") (Variant type: STRING)
[GdPAI | debug]   Snapshotting prop: hunger = Float(70.0627442063492) (Variant type: FLOAT)
[GdPAI | debug]   Snapshotting prop: at_target = Nil (Variant type: NIL)
[GdPAI | debug]   Snapshotting prop: entity = Nil (Variant type: NIL)
[GdPAI | debug] ApplyEffect [Before] ID=InstanceId(-9223369826020342801): agent props = {"hunger": 95.0603725, "entity": VariantGd { id: 1382643928884, class: RigidBody2D }, "held_item": ""}
[GdPAI | debug] ApplyEffect [After] ID=InstanceId(-9223369826020342801): agent props = {"held_item": "potato", "hunger": 95.0603725, "entity": VariantGd { id: 1382643928884, class: RigidBody2D }}
[GdPAI | debug]   Snapshotting prop: held_item = Str("potato") (Variant type: STRING)
[GdPAI | debug]   Snapshotting prop: hunger = Float(95.0603725) (Variant type: FLOAT)
[GdPAI | debug]   Snapshotting prop: entity = ObjectRef(1382643928884) (Variant type: OBJECT)
WARNING: [GdPAI] ObjectRef(124621163998): object was freed before callback; returning Nil.
   at: gdplanningai_rust::logger::process_logs (src\logger.rs:66)
   GDScript backtrace (most recent call first):
       [0] _process (res://addons/GdPlanningAI/gdpai_autoload.gd:21)
WARNING: [GdPAI] ObjectRef(125661351450): object was freed before callback; returning Nil.
   at: gdplanningai_rust::logger::process_logs (src\logger.rs:66)
   GDScript backtrace (most recent call first):
       [0] _process (res://addons/GdPlanningAI/gdpai_autoload.gd:21)
WARNING: [GdPAI] ObjectRef(125661351450): object was freed before callback; returning Nil.
   at: gdplanningai_rust::logger::process_logs (src\logger.rs:66)
   GDScript backtrace (most recent call first):
       [0] _process (res://addons/GdPlanningAI/gdpai_autoload.gd:21)
[GdPAI | debug] GetCost: callable returned non-numeric value: null; returning INFINITY
WARNING: [GdPAI] ObjectRef(124621163998): object was freed before callback; returning Nil.
   at: gdplanningai_rust::logger::process_logs (src\logger.rs:66)
   GDScript backtrace (most recent call first):
       [0] _drain_scheduler (res://test/integration/test_campfire_example_smoke.gd:27)
WARNING: [GdPAI] ObjectRef(125661351450): object was freed before callback; returning Nil.
   at: gdplanningai_rust::logger::process_logs (src\logger.rs:66)
   GDScript backtrace (most recent call first):
       [0] _drain_scheduler (res://test/integration/test_campfire_example_smoke.gd:27)
WARNING: [GdPAI] ObjectRef(125661351450): object was freed before callback; returning Nil.
   at: gdplanningai_rust::logger::process_logs (src\logger.rs:66)
   GDScript backtrace (most recent call first):
       [0] _drain_scheduler (res://test/integration/test_campfire_example_smoke.gd:27)
[GdPAI | debug] ApplyEffect [Before] ID=InstanceId(-9223369823990299634): agent props = {"at_target": null, "entity": null, "hunger": 70.0627442063492, "held_item": ""}
[GdPAI | debug] ApplyEffect [After] ID=InstanceId(-9223369823990299634): agent props = {"at_target": null, "entity": null, "hunger": 70.0627442063492, "held_item": ""}
[GdPAI | debug]   Snapshotting prop: at_target = Nil (Variant type: NIL)
[GdPAI | debug]   Snapshotting prop: entity = Nil (Variant type: NIL)
[GdPAI | debug]   Snapshotting prop: hunger = Float(70.0627442063492) (Variant type: FLOAT)
[GdPAI | debug]   Snapshotting prop: held_item = Str("") (Variant type: STRING)
[GdPAI | debug] ApplyEffect [Before] ID=InstanceId(-9223369823419874290): agent props = {"hunger": 95.0603725, "held_item": "potato", "entity": VariantGd { id: 1382643928884, class: RigidBody2D }}
[GdPAI | debug] ApplyEffect [After] ID=InstanceId(-9223369823419874290): agent props = {"hunger": 95.0603725, "entity": VariantGd { id: 1382643928884, class: RigidBody2D }, "held_item": "wood"}
[GdPAI | debug]   Snapshotting prop: hunger = Float(95.0603725) (Variant type: FLOAT)
[GdPAI | debug]   Snapshotting prop: entity = ObjectRef(1382643928884) (Variant type: OBJECT)
[GdPAI | debug]   Snapshotting prop: held_item = Str("wood") (Variant type: STRING)
WARNING: [GdPAI] ObjectRef(124621163998): object was freed before callback; returning Nil.
   at: gdplanningai_rust::logger::process_logs (src\logger.rs:66)
   GDScript backtrace (most recent call first):
       [0] _process (res://addons/GdPlanningAI/gdpai_autoload.gd:21)
WARNING: [GdPAI] ObjectRef(124134624705): object was freed before callback; returning Nil.
   at: gdplanningai_rust::logger::process_logs (src\logger.rs:66)
   GDScript backtrace (most recent call first):
       [0] _process (res://addons/GdPlanningAI/gdpai_autoload.gd:21)
WARNING: [GdPAI] ObjectRef(124134624705): object was freed before callback; returning Nil.
   at: gdplanningai_rust::logger::process_logs (src\logger.rs:66)
   GDScript backtrace (most recent call first):
       [0] _process (res://addons/GdPlanningAI/gdpai_autoload.gd:21)
[GdPAI | debug] GetCost: callable returned non-numeric value: null; returning INFINITY
WARNING: [GdPAI] ObjectRef(124621163998): object was freed before callback; returning Nil.
   at: gdplanningai_rust::logger::process_logs (src\logger.rs:66)
   GDScript backtrace (most recent call first):
       [0] _drain_scheduler (res://test/integration/test_campfire_example_smoke.gd:27)
WARNING: [GdPAI] ObjectRef(124134624705): object was freed before callback; returning Nil.
   at: gdplanningai_rust::logger::process_logs (src\logger.rs:66)
   GDScript backtrace (most recent call first):
       [0] _drain_scheduler (res://test/integration/test_campfire_example_smoke.gd:27)
WARNING: [GdPAI] ObjectRef(124134624705): object was freed before callback; returning Nil.
   at: gdplanningai_rust::logger::process_logs (src\logger.rs:66)
   GDScript backtrace (most recent call first):
       [0] _drain_scheduler (res://test/integration/test_campfire_example_smoke.gd:27)
[GdPAI | debug] ApplyEffect [Before] ID=InstanceId(-9223369821389831111): agent props = {"hunger": 70.0627442063492, "at_target": null, "entity": null, "held_item": ""}
[GdPAI | debug] ApplyEffect [After] ID=InstanceId(-9223369821389831111): agent props = {"hunger": 70.0627442063492, "at_target": null, "entity": null, "held_item": ""}
[GdPAI | debug]   Snapshotting prop: hunger = Float(70.0627442063492) (Variant type: FLOAT)
[GdPAI | debug]   Snapshotting prop: at_target = Nil (Variant type: NIL)
[GdPAI | debug]   Snapshotting prop: entity = Nil (Variant type: NIL)
[GdPAI | debug]   Snapshotting prop: held_item = Str("") (Variant type: STRING)
[GdPAI | debug] ApplyEffect [Before] ID=InstanceId(-9223369820819405767): agent props = {"held_item": "wood", "entity": VariantGd { id: 1382643928884, class: RigidBody2D }, "hunger": 95.0603725}
[GdPAI | debug] ApplyEffect [After] ID=InstanceId(-9223369820819405767): agent props = {"held_item": "wood", "entity": VariantGd { id: 1382643928884, class: RigidBody2D }, "hunger": 95.0603725}
[GdPAI | debug]   Snapshotting prop: held_item = Str("wood") (Variant type: STRING)
[GdPAI | debug]   Snapshotting prop: entity = ObjectRef(1382643928884) (Variant type: OBJECT)
[GdPAI | debug]   Snapshotting prop: hunger = Float(95.0603725) (Variant type: FLOAT)
WARNING: [GdPAI] ObjectRef(124621163998): object was freed before callback; returning Nil.
   at: gdplanningai_rust::logger::process_logs (src\logger.rs:66)
   GDScript backtrace (most recent call first):
       [0] _process (res://addons/GdPlanningAI/gdpai_autoload.gd:21)
[GdPAI | debug] GetCost: callable returned non-numeric value: null; returning INFINITY
WARNING: [GdPAI] ObjectRef(124621163998): object was freed before callback; returning Nil.
   at: gdplanningai_rust::logger::process_logs (src\logger.rs:66)
   GDScript backtrace (most recent call first):
       [0] _drain_scheduler (res://test/integration/test_campfire_example_smoke.gd:27)
[GdPAI | debug] ApplyEffect [Before] ID=InstanceId(-9223369818890025932): agent props = {"at_target": null, "entity": null, "hunger": 70.0627442063492, "held_item": "wood"}
[GdPAI | debug] ApplyEffect [After] ID=InstanceId(-9223369818890025932): agent props = {"at_target": null, "entity": null, "hunger": 70.0627442063492, "held_item": "wood"}
[GdPAI | debug]   Snapshotting prop: at_target = Nil (Variant type: NIL)
[GdPAI | debug]   Snapshotting prop: entity = Nil (Variant type: NIL)
[GdPAI | debug]   Snapshotting prop: hunger = Float(70.0627442063492) (Variant type: FLOAT)
[GdPAI | debug]   Snapshotting prop: held_item = Str("wood") (Variant type: STRING)
[GdPAI | debug] ApplyEffect [Before] ID=InstanceId(-9223369818319600588): agent props = {"held_item": "", "entity": VariantGd { id: 1382643928884, class: RigidBody2D }, "hunger": 95.0603725}
[GdPAI | debug] ApplyEffect [After] ID=InstanceId(-9223369818319600588): agent props = {"held_item": "potato", "entity": VariantGd { id: 1382643928884, class: RigidBody2D }, "hunger": 95.0603725}
[GdPAI | debug]   Snapshotting prop: held_item = Str("potato") (Variant type: STRING)
[GdPAI | debug]   Snapshotting prop: entity = ObjectRef(1382643928884) (Variant type: OBJECT)
[GdPAI | debug]   Snapshotting prop: hunger = Float(95.0603725) (Variant type: FLOAT)
WARNING: [GdPAI] ObjectRef(124621163998): object was freed before callback; returning Nil.
   at: gdplanningai_rust::logger::process_logs (src\logger.rs:66)
   GDScript backtrace (most recent call first):
       [0] _process (res://addons/GdPlanningAI/gdpai_autoload.gd:21)
WARNING: [GdPAI] ObjectRef(124621163998): object was freed before callback; returning Nil.
   at: gdplanningai_rust::logger::process_logs (src\logger.rs:66)
   GDScript backtrace (most recent call first):
       [0] _process (res://addons/GdPlanningAI/gdpai_autoload.gd:21)
[GdPAI | debug] GetCost: callable returned non-numeric value: null; returning INFINITY
WARNING: [GdPAI] ObjectRef(124621163998): object was freed before callback; returning Nil.
   at: gdplanningai_rust::logger::process_logs (src\logger.rs:66)
   GDScript backtrace (most recent call first):
       [0] _drain_scheduler (res://test/integration/test_campfire_example_smoke.gd:27)
WARNING: [GdPAI] ObjectRef(124621163998): object was freed before callback; returning Nil.
   at: gdplanningai_rust::logger::process_logs (src\logger.rs:66)
   GDScript backtrace (most recent call first):
       [0] _drain_scheduler (res://test/integration/test_campfire_example_smoke.gd:27)
[GdPAI | debug] ApplyEffect [Before] ID=InstanceId(-9223369816440552372): agent props = {"hunger": 70.0627442063492, "entity": null, "held_item": ""}
[GdPAI | debug] ApplyEffect [After] ID=InstanceId(-9223369816440552372): agent props = {"hunger": 70.0627442063492, "entity": null, "held_item": ""}
[GdPAI | debug]   Snapshotting prop: hunger = Float(70.0627442063492) (Variant type: FLOAT)
[GdPAI | debug]   Snapshotting prop: entity = Nil (Variant type: NIL)
[GdPAI | debug]   Snapshotting prop: held_item = Str("") (Variant type: STRING)
[GdPAI | debug] ApplyEffect [Before] ID=InstanceId(-9223369815870127028): agent props = {"entity": VariantGd { id: 1382643928884, class: RigidBody2D }, "hunger": 95.0603725, "held_item": "potato"}
[GdPAI | debug] ApplyEffect [After] ID=InstanceId(-9223369815870127028): agent props = {"hunger": 95.0603725, "held_item": "wood", "entity": VariantGd { id: 1382643928884, class: RigidBody2D }}
[GdPAI | debug]   Snapshotting prop: hunger = Float(95.0603725) (Variant type: FLOAT)
[GdPAI | debug]   Snapshotting prop: held_item = Str("wood") (Variant type: STRING)
[GdPAI | debug]   Snapshotting prop: entity = ObjectRef(1382643928884) (Variant type: OBJECT)
WARNING: [GdPAI] ObjectRef(124621163998): object was freed before callback; returning Nil.
   at: gdplanningai_rust::logger::process_logs (src\logger.rs:66)
   GDScript backtrace (most recent call first):
       [0] _process (res://addons/GdPlanningAI/gdpai_autoload.gd:21)
[GdPAI | debug] GetCost: callable returned non-numeric value: null; returning INFINITY
WARNING: [GdPAI] ObjectRef(124621163998): object was freed before callback; returning Nil.
   at: gdplanningai_rust::logger::process_logs (src\logger.rs:66)
   GDScript backtrace (most recent call first):
       [0] _drain_scheduler (res://test/integration/test_campfire_example_smoke.gd:27)
[GdPAI | debug] ApplyEffect [Before] ID=InstanceId(-9223369813991078821): agent props = {"entity": null, "hunger": 70.0627442063492, "held_item": ""}
[GdPAI | debug] ApplyEffect [After] ID=InstanceId(-9223369813991078821): agent props = {"entity": null, "hunger": 70.0627442063492, "held_item": ""}
[GdPAI | debug]   Snapshotting prop: entity = Nil (Variant type: NIL)
[GdPAI | debug]   Snapshotting prop: hunger = Float(70.0627442063492) (Variant type: FLOAT)
[GdPAI | debug]   Snapshotting prop: held_item = Str("") (Variant type: STRING)
[GdPAI | debug] ApplyEffect [Before] ID=InstanceId(-9223369813420653477): agent props = {"held_item": "wood", "entity": VariantGd { id: 1382643928884, class: RigidBody2D }, "hunger": 95.0603725}
[GdPAI | debug] ApplyEffect [After] ID=InstanceId(-9223369813420653477): agent props = {"held_item": "wood", "entity": VariantGd { id: 1382643928884, class: RigidBody2D }, "hunger": 95.0603725}
[GdPAI | debug]   Snapshotting prop: held_item = Str("wood") (Variant type: STRING)
[GdPAI | debug]   Snapshotting prop: entity = ObjectRef(1382643928884) (Variant type: OBJECT)
[GdPAI | debug]   Snapshotting prop: hunger = Float(95.0603725) (Variant type: FLOAT)
WARNING: [GdPAI] ObjectRef(124621163998): object was freed before callback; returning Nil.
   at: gdplanningai_rust::logger::process_logs (src\logger.rs:66)
   GDScript backtrace (most recent call first):
       [0] _process (res://addons/GdPlanningAI/gdpai_autoload.gd:21)
[GdPAI | debug] GetCost: callable returned non-numeric value: null; returning INFINITY
WARNING: [GdPAI] ObjectRef(124621163998): object was freed before callback; returning Nil.
   at: gdplanningai_rust::logger::process_logs (src\logger.rs:66)
   GDScript backtrace (most recent call first):
       [0] _drain_scheduler (res://test/integration/test_campfire_example_smoke.gd:27)
[GdPAI | debug] ApplyEffect [Before] ID=InstanceId(-9223369811591936979): agent props = {"held_item": "", "hunger": 70.0627442063492, "entity": null}
[GdPAI | debug] ApplyEffect [After] ID=InstanceId(-9223369811591936979): agent props = {"held_item": "", "hunger": 70.0627442063492, "entity": null}
[GdPAI | debug]   Snapshotting prop: held_item = Str("") (Variant type: STRING)
[GdPAI | debug]   Snapshotting prop: hunger = Float(70.0627442063492) (Variant type: FLOAT)
[GdPAI | debug]   Snapshotting prop: entity = Nil (Variant type: NIL)
[GdPAI | debug] ApplyEffect [Before] ID=InstanceId(-9223369811021511635): agent props = {"hunger": 95.0603725, "entity": VariantGd { id: 1382643928884, class: RigidBody2D }, "held_item": ""}
[GdPAI | debug] ApplyEffect [After] ID=InstanceId(-9223369811021511635): agent props = {"hunger": 95.0603725, "held_item": "potato", "entity": VariantGd { id: 1382643928884, class: RigidBody2D }}
[GdPAI | debug]   Snapshotting prop: hunger = Float(95.0603725) (Variant type: FLOAT)
[GdPAI | debug]   Snapshotting prop: held_item = Str("potato") (Variant type: STRING)
[GdPAI | debug]   Snapshotting prop: entity = ObjectRef(1382643928884) (Variant type: OBJECT)
WARNING: [GdPAI] ObjectRef(124621163998): object was freed before callback; returning Nil.
   at: gdplanningai_rust::logger::process_logs (src\logger.rs:66)
   GDScript backtrace (most recent call first):
       [0] _process (res://addons/GdPlanningAI/gdpai_autoload.gd:21)
[GdPAI | debug] GetCost: callable returned non-numeric value: null; returning INFINITY
WARNING: [GdPAI] ObjectRef(124621163998): object was freed before callback; returning Nil.
   at: gdplanningai_rust::logger::process_logs (src\logger.rs:66)
   GDScript backtrace (most recent call first):
       [0] _drain_scheduler (res://test/integration/test_campfire_example_smoke.gd:27)
[GdPAI | debug] ApplyEffect [Before] ID=InstanceId(-9223369809192795030): agent props = {"hunger": 70.0627442063492, "held_item": "", "entity": null}
[GdPAI | debug] ApplyEffect [After] ID=InstanceId(-9223369809192795030): agent props = {"hunger": 70.0627442063492, "held_item": "", "entity": null}
[GdPAI | debug]   Snapshotting prop: hunger = Float(70.0627442063492) (Variant type: FLOAT)
[GdPAI | debug]   Snapshotting prop: held_item = Str("") (Variant type: STRING)
[GdPAI | debug]   Snapshotting prop: entity = Nil (Variant type: NIL)
[GdPAI | debug] ApplyEffect [Before] ID=InstanceId(-9223369808622369686): agent props = {"held_item": "potato", "hunger": 95.0603725, "entity": VariantGd { id: 1382643928884, class: RigidBody2D }}
[GdPAI | debug] ApplyEffect [After] ID=InstanceId(-9223369808622369686): agent props = {"held_item": "wood", "entity": VariantGd { id: 1382643928884, class: RigidBody2D }, "hunger": 95.0603725}
[GdPAI | debug]   Snapshotting prop: held_item = Str("wood") (Variant type: STRING)
[GdPAI | debug]   Snapshotting prop: entity = ObjectRef(1382643928884) (Variant type: OBJECT)
[GdPAI | debug]   Snapshotting prop: hunger = Float(95.0603725) (Variant type: FLOAT)
WARNING: [GdPAI] ObjectRef(124621163998): object was freed before callback; returning Nil.
   at: gdplanningai_rust::logger::process_logs (src\logger.rs:66)
   GDScript backtrace (most recent call first):
       [0] _process (res://addons/GdPlanningAI/gdpai_autoload.gd:21)
[GdPAI | debug] GetCost: callable returned non-numeric value: null; returning INFINITY
WARNING: [GdPAI] ObjectRef(124621163998): object was freed before callback; returning Nil.
   at: gdplanningai_rust::logger::process_logs (src\logger.rs:66)
   GDScript backtrace (most recent call first):
       [0] _drain_scheduler (res://test/integration/test_campfire_example_smoke.gd:27)
[GdPAI | debug] ApplyEffect [Before] ID=InstanceId(-9223369806793653135): agent props = {"held_item": "wood", "entity": null, "hunger": 70.0627442063492}
[GdPAI | debug] ApplyEffect [After] ID=InstanceId(-9223369806793653135): agent props = {"held_item": "wood", "entity": null, "hunger": 70.0627442063492}
[GdPAI | debug]   Snapshotting prop: held_item = Str("wood") (Variant type: STRING)
[GdPAI | debug]   Snapshotting prop: entity = Nil (Variant type: NIL)
[GdPAI | debug]   Snapshotting prop: hunger = Float(70.0627442063492) (Variant type: FLOAT)
[GdPAI | debug] ApplyEffect [Before] ID=InstanceId(-9223369806223227791): agent props = {"hunger": 95.0603725, "held_item": "wood", "entity": VariantGd { id: 1382643928884, class: RigidBody2D }}
[GdPAI | debug] Numeric comparison: 70.0627442063492 GreaterThan 0 -> true
[GdPAI | debug] ApplyEffect [After] ID=InstanceId(-9223369806223227791): agent props = {"hunger": 95.0603725, "held_item": "wood", "entity": VariantGd { id: 1382643928884, class: RigidBody2D }}
[GdPAI | debug]   Snapshotting prop: hunger = Float(95.0603725) (Variant type: FLOAT)
[GdPAI | debug]   Snapshotting prop: held_item = Str("wood") (Variant type: STRING)
[GdPAI | debug]   Snapshotting prop: entity = ObjectRef(1382643928884) (Variant type: OBJECT)
WARNING: [GdPAI] ObjectRef(124621163998): object was freed before callback; returning Nil.
   at: gdplanningai_rust::logger::process_logs (src\logger.rs:66)
   GDScript backtrace (most recent call first):
       [0] _process (res://addons/GdPlanningAI/gdpai_autoload.gd:21)
WARNING: [GdPAI] ObjectRef(124621163998): object was freed before callback; returning Nil.
   at: gdplanningai_rust::logger::process_logs (src\logger.rs:66)
   GDScript backtrace (most recent call first):
       [0] _process (res://addons/GdPlanningAI/gdpai_autoload.gd:21)
WARNING: [GdPAI] ObjectRef(124134624705): object was freed before callback; returning Nil.
   at: gdplanningai_rust::logger::process_logs (src\logger.rs:66)
   GDScript backtrace (most recent call first):
       [0] _process (res://addons/GdPlanningAI/gdpai_autoload.gd:21)
WARNING: [GdPAI] ObjectRef(125661351450): object was freed before callback; returning Nil.
   at: gdplanningai_rust::logger::process_logs (src\logger.rs:66)
   GDScript backtrace (most recent call first):
       [0] _process (res://addons/GdPlanningAI/gdpai_autoload.gd:21)
WARNING: [GdPAI] ObjectRef(124587609564): object was freed before callback; returning Nil.
   at: gdplanningai_rust::logger::process_logs (src\logger.rs:66)
   GDScript backtrace (most recent call first):
       [0] _process (res://addons/GdPlanningAI/gdpai_autoload.gd:21)
WARNING: [GdPAI] ObjectRef(124134624705): object was freed before callback; returning Nil.
   at: gdplanningai_rust::logger::process_logs (src\logger.rs:66)
   GDScript backtrace (most recent call first):
       [0] _process (res://addons/GdPlanningAI/gdpai_autoload.gd:21)
WARNING: [GdPAI] ObjectRef(125661351450): object was freed before callback; returning Nil.
   at: gdplanningai_rust::logger::process_logs (src\logger.rs:66)
   GDScript backtrace (most recent call first):
       [0] _process (res://addons/GdPlanningAI/gdpai_autoload.gd:21)
WARNING: [GdPAI] ObjectRef(124587609564): object was freed before callback; returning Nil.
   at: gdplanningai_rust::logger::process_logs (src\logger.rs:66)
   GDScript backtrace (most recent call first):
       [0] _process (res://addons/GdPlanningAI/gdpai_autoload.gd:21)
[GdPAI | debug] GetCost: callable returned non-numeric value: null; returning INFINITY
WARNING: [GdPAI] ObjectRef(124621163998): object was freed before callback; returning Nil.
   at: gdplanningai_rust::logger::process_logs (src\logger.rs:66)
   GDScript backtrace (most recent call first):
       [0] _drain_scheduler (res://test/integration/test_campfire_example_smoke.gd:27)
WARNING: [GdPAI] ObjectRef(124621163998): object was freed before callback; returning Nil.
   at: gdplanningai_rust::logger::process_logs (src\logger.rs:66)
   GDScript backtrace (most recent call first):
       [0] _drain_scheduler (res://test/integration/test_campfire_example_smoke.gd:27)
WARNING: [GdPAI] ObjectRef(124134624705): object was freed before callback; returning Nil.
   at: gdplanningai_rust::logger::process_logs (src\logger.rs:66)
   GDScript backtrace (most recent call first):
       [0] _drain_scheduler (res://test/integration/test_campfire_example_smoke.gd:27)
WARNING: [GdPAI] ObjectRef(125661351450): object was freed before callback; returning Nil.
   at: gdplanningai_rust::logger::process_logs (src\logger.rs:66)
   GDScript backtrace (most recent call first):
       [0] _drain_scheduler (res://test/integration/test_campfire_example_smoke.gd:27)
WARNING: [GdPAI] ObjectRef(124587609564): object was freed before callback; returning Nil.
   at: gdplanningai_rust::logger::process_logs (src\logger.rs:66)
   GDScript backtrace (most recent call first):
       [0] _drain_scheduler (res://test/integration/test_campfire_example_smoke.gd:27)
WARNING: [GdPAI] ObjectRef(124134624705): object was freed before callback; returning Nil.
   at: gdplanningai_rust::logger::process_logs (src\logger.rs:66)
   GDScript backtrace (most recent call first):
       [0] _drain_scheduler (res://test/integration/test_campfire_example_smoke.gd:27)
WARNING: [GdPAI] ObjectRef(125661351450): object was freed before callback; returning Nil.
   at: gdplanningai_rust::logger::process_logs (src\logger.rs:66)
   GDScript backtrace (most recent call first):
       [0] _drain_scheduler (res://test/integration/test_campfire_example_smoke.gd:27)
WARNING: [GdPAI] ObjectRef(124587609564): object was freed before callback; returning Nil.
   at: gdplanningai_rust::logger::process_logs (src\logger.rs:66)
   GDScript backtrace (most recent call first):
       [0] _drain_scheduler (res://test/integration/test_campfire_example_smoke.gd:27)
[GdPAI | debug] ApplyEffect [Before] ID=InstanceId(-9223369804042189709): agent props = {"at_target": null, "held_item": "", "hunger": 70.0627442063492, "entity": null}
[GdPAI | debug] ApplyEffect [After] ID=InstanceId(-9223369804042189709): agent props = {"at_target": null, "held_item": "", "hunger": 70.0627442063492, "entity": null}
[GdPAI | debug]   Snapshotting prop: at_target = Nil (Variant type: NIL)
[GdPAI | debug]   Snapshotting prop: held_item = Str("") (Variant type: STRING)
[GdPAI | debug]   Snapshotting prop: hunger = Float(70.0627442063492) (Variant type: FLOAT)
[GdPAI | debug]   Snapshotting prop: entity = Nil (Variant type: NIL)
[GdPAI | debug] ApplyEffect [Before] ID=InstanceId(-9223369803471764365): agent props = {"hunger": 95.0603725, "held_item": "", "entity": VariantGd { id: 1382643928884, class: RigidBody2D }}
[GdPAI | debug] ApplyEffect [After] ID=InstanceId(-9223369803471764365): agent props = {"entity": VariantGd { id: 1382643928884, class: RigidBody2D }, "hunger": 95.0603725, "held_item": "potato"}
[GdPAI | debug]   Snapshotting prop: entity = ObjectRef(1382643928884) (Variant type: OBJECT)
[GdPAI | debug]   Snapshotting prop: hunger = Float(95.0603725) (Variant type: FLOAT)
[GdPAI | debug]   Snapshotting prop: held_item = Str("potato") (Variant type: STRING)
WARNING: [GdPAI] ObjectRef(124621163998): object was freed before callback; returning Nil.
   at: gdplanningai_rust::logger::process_logs (src\logger.rs:66)
   GDScript backtrace (most recent call first):
       [0] _process (res://addons/GdPlanningAI/gdpai_autoload.gd:21)
WARNING: [GdPAI] ObjectRef(124587609564): object was freed before callback; returning Nil.
   at: gdplanningai_rust::logger::process_logs (src\logger.rs:66)
   GDScript backtrace (most recent call first):
       [0] _process (res://addons/GdPlanningAI/gdpai_autoload.gd:21)
WARNING: [GdPAI] ObjectRef(124587609564): object was freed before callback; returning Nil.
   at: gdplanningai_rust::logger::process_logs (src\logger.rs:66)
   GDScript backtrace (most recent call first):
       [0] _process (res://addons/GdPlanningAI/gdpai_autoload.gd:21)
[GdPAI | debug] GetCost: callable returned non-numeric value: null; returning INFINITY
WARNING: [GdPAI] ObjectRef(124621163998): object was freed before callback; returning Nil.
   at: gdplanningai_rust::logger::process_logs (src\logger.rs:66)
   GDScript backtrace (most recent call first):
       [0] _drain_scheduler (res://test/integration/test_campfire_example_smoke.gd:27)
WARNING: [GdPAI] ObjectRef(124587609564): object was freed before callback; returning Nil.
   at: gdplanningai_rust::logger::process_logs (src\logger.rs:66)
   GDScript backtrace (most recent call first):
       [0] _drain_scheduler (res://test/integration/test_campfire_example_smoke.gd:27)
WARNING: [GdPAI] ObjectRef(124587609564): object was freed before callback; returning Nil.
   at: gdplanningai_rust::logger::process_logs (src\logger.rs:66)
   GDScript backtrace (most recent call first):
       [0] _drain_scheduler (res://test/integration/test_campfire_example_smoke.gd:27)
[GdPAI | debug] ApplyEffect [Before] ID=InstanceId(-9223369801190062958): agent props = {"hunger": 70.0627442063492, "at_target": null, "entity": null, "held_item": ""}
[GdPAI | debug] ApplyEffect [After] ID=InstanceId(-9223369801190062958): agent props = {"hunger": 70.0627442063492, "at_target": null, "entity": null, "held_item": ""}
[GdPAI | debug]   Snapshotting prop: hunger = Float(70.0627442063492) (Variant type: FLOAT)
[GdPAI | debug]   Snapshotting prop: at_target = Nil (Variant type: NIL)
[GdPAI | debug]   Snapshotting prop: entity = Nil (Variant type: NIL)
[GdPAI | debug]   Snapshotting prop: held_item = Str("") (Variant type: STRING)
[GdPAI | debug] ApplyEffect [Before] ID=InstanceId(-9223369800619637614): agent props = {"hunger": 95.0603725, "held_item": "potato", "entity": VariantGd { id: 1382643928884, class: RigidBody2D }}
[GdPAI | debug] ApplyEffect [After] ID=InstanceId(-9223369800619637614): agent props = {"hunger": 95.0603725, "held_item": "wood", "entity": VariantGd { id: 1382643928884, class: RigidBody2D }}
[GdPAI | debug]   Snapshotting prop: hunger = Float(95.0603725) (Variant type: FLOAT)
[GdPAI | debug]   Snapshotting prop: held_item = Str("wood") (Variant type: STRING)
[GdPAI | debug]   Snapshotting prop: entity = ObjectRef(1382643928884) (Variant type: OBJECT)
WARNING: [GdPAI] ObjectRef(124621163998): object was freed before callback; returning Nil.
   at: gdplanningai_rust::logger::process_logs (src\logger.rs:66)
   GDScript backtrace (most recent call first):
       [0] _process (res://addons/GdPlanningAI/gdpai_autoload.gd:21)
WARNING: [GdPAI] ObjectRef(125661351450): object was freed before callback; returning Nil.
   at: gdplanningai_rust::logger::process_logs (src\logger.rs:66)
   GDScript backtrace (most recent call first):
       [0] _process (res://addons/GdPlanningAI/gdpai_autoload.gd:21)
WARNING: [GdPAI] ObjectRef(125661351450): object was freed before callback; returning Nil.
   at: gdplanningai_rust::logger::process_logs (src\logger.rs:66)
   GDScript backtrace (most recent call first):
       [0] _process (res://addons/GdPlanningAI/gdpai_autoload.gd:21)
[GdPAI | debug] GetCost: callable returned non-numeric value: null; returning INFINITY
WARNING: [GdPAI] ObjectRef(124621163998): object was freed before callback; returning Nil.
   at: gdplanningai_rust::logger::process_logs (src\logger.rs:66)
   GDScript backtrace (most recent call first):
       [0] _drain_scheduler (res://test/integration/test_campfire_example_smoke.gd:27)
WARNING: [GdPAI] ObjectRef(125661351450): object was freed before callback; returning Nil.
   at: gdplanningai_rust::logger::process_logs (src\logger.rs:66)
   GDScript backtrace (most recent call first):
       [0] _drain_scheduler (res://test/integration/test_campfire_example_smoke.gd:27)
WARNING: [GdPAI] ObjectRef(125661351450): object was freed before callback; returning Nil.
   at: gdplanningai_rust::logger::process_logs (src\logger.rs:66)
   GDScript backtrace (most recent call first):
       [0] _drain_scheduler (res://test/integration/test_campfire_example_smoke.gd:27)
[GdPAI | debug] ApplyEffect [Before] ID=InstanceId(-9223369798589594452): agent props = {"entity": null, "hunger": 70.0627442063492, "held_item": "", "at_target": null}
[GdPAI | debug] ApplyEffect [After] ID=InstanceId(-9223369798589594452): agent props = {"entity": null, "hunger": 70.0627442063492, "held_item": "", "at_target": null}
[GdPAI | debug]   Snapshotting prop: entity = Nil (Variant type: NIL)
[GdPAI | debug]   Snapshotting prop: hunger = Float(70.0627442063492) (Variant type: FLOAT)
[GdPAI | debug]   Snapshotting prop: held_item = Str("") (Variant type: STRING)
[GdPAI | debug]   Snapshotting prop: at_target = Nil (Variant type: NIL)
[GdPAI | debug] ApplyEffect [Before] ID=InstanceId(-9223369798019169108): agent props = {"entity": VariantGd { id: 1382643928884, class: RigidBody2D }, "held_item": "wood", "hunger": 95.0603725}
[GdPAI | debug] ApplyEffect [After] ID=InstanceId(-9223369798019169108): agent props = {"entity": VariantGd { id: 1382643928884, class: RigidBody2D }, "held_item": "wood", "hunger": 95.0603725}
[GdPAI | debug]   Snapshotting prop: entity = ObjectRef(1382643928884) (Variant type: OBJECT)
[GdPAI | debug]   Snapshotting prop: held_item = Str("wood") (Variant type: STRING)
[GdPAI | debug]   Snapshotting prop: hunger = Float(95.0603725) (Variant type: FLOAT)
[GdPAI] A* Iteration: pop node with chain length 2
[GdPAI | debug] find_candidates: Checking 15 actions against 0 preconds and 2 requirements
WARNING: [GdPAI] ObjectRef(124621163998): object was freed before callback; returning Nil.
   at: gdplanningai_rust::logger::process_logs (src\logger.rs:66)
   GDScript backtrace (most recent call first):
       [0] _process (res://addons/GdPlanningAI/gdpai_autoload.gd:21)
WARNING: [GdPAI] ObjectRef(124134624705): object was freed before callback; returning Nil.
   at: gdplanningai_rust::logger::process_logs (src\logger.rs:66)
   GDScript backtrace (most recent call first):
       [0] _process (res://addons/GdPlanningAI/gdpai_autoload.gd:21)
WARNING: [GdPAI] ObjectRef(124134624705): object was freed before callback; returning Nil.
   at: gdplanningai_rust::logger::process_logs (src\logger.rs:66)
   GDScript backtrace (most recent call first):
       [0] _process (res://addons/GdPlanningAI/gdpai_autoload.gd:21)
[GdPAI | debug] GetCost: callable returned non-numeric value: null; returning INFINITY
[GdPAI | debug] Found candidate: Go To (satisfied preconds: [], requirements: [1])
WARNING: [GdPAI] ObjectRef(124621163998): object was freed before callback; returning Nil.
   at: gdplanningai_rust::logger::process_logs (src\logger.rs:66)
   GDScript backtrace (most recent call first):
       [0] _drain_scheduler (res://test/integration/test_campfire_example_smoke.gd:27)
WARNING: [GdPAI] ObjectRef(124134624705): object was freed before callback; returning Nil.
   at: gdplanningai_rust::logger::process_logs (src\logger.rs:66)
   GDScript backtrace (most recent call first):
       [0] _drain_scheduler (res://test/integration/test_campfire_example_smoke.gd:27)
WARNING: [GdPAI] ObjectRef(124134624705): object was freed before callback; returning Nil.
   at: gdplanningai_rust::logger::process_logs (src\logger.rs:66)
   GDScript backtrace (most recent call first):
       [0] _drain_scheduler (res://test/integration/test_campfire_example_smoke.gd:27)
[GdPAI | debug] ApplyEffect [Before] ID=InstanceId(-9223369795989126012): agent props = {"entity": null, "at_target": null, "held_item": "", "hunger": 70.0627442063492}
[GdPAI | debug] ApplyEffect [After] ID=InstanceId(-9223369795989126012): agent props = {"entity": null, "at_target": null, "held_item": "", "hunger": 70.0627442063492}
[GdPAI | debug]   Snapshotting prop: entity = Nil (Variant type: NIL)
[GdPAI | debug]   Snapshotting prop: at_target = Nil (Variant type: NIL)
[GdPAI | debug]   Snapshotting prop: held_item = Str("") (Variant type: STRING)
[GdPAI | debug]   Snapshotting prop: hunger = Float(70.0627442063492) (Variant type: FLOAT)
[GdPAI | debug] Found candidate: Go To (satisfied preconds: [], requirements: [1])
WARNING: [GdPAI] ObjectRef(124621163998): object was freed before callback; returning Nil.
   at: gdplanningai_rust::logger::process_logs (src\logger.rs:66)
   GDScript backtrace (most recent call first):
       [0] _process (res://addons/GdPlanningAI/gdpai_autoload.gd:21)
[GdPAI | debug] GetCost: callable returned non-numeric value: null; returning INFINITY
WARNING: [GdPAI] ObjectRef(124621163998): object was freed before callback; returning Nil.
   at: gdplanningai_rust::logger::process_logs (src\logger.rs:66)
   GDScript backtrace (most recent call first):
       [0] _drain_scheduler (res://test/integration/test_campfire_example_smoke.gd:27)
[GdPAI | debug] ApplyEffect [Before] ID=InstanceId(-9223369793489320764): agent props = {"hunger": 70.0627442063492, "entity": null, "held_item": "wood", "at_target": null}
[GdPAI | debug] ApplyEffect [After] ID=InstanceId(-9223369793489320764): agent props = {"hunger": 70.0627442063492, "entity": null, "held_item": "wood", "at_target": null}
[GdPAI | debug]   Snapshotting prop: hunger = Float(70.0627442063492) (Variant type: FLOAT)
[GdPAI | debug]   Snapshotting prop: entity = Nil (Variant type: NIL)
[GdPAI | debug]   Snapshotting prop: held_item = Str("wood") (Variant type: STRING)
[GdPAI | debug]   Snapshotting prop: at_target = Nil (Variant type: NIL)
WARNING: [GdPAI] ObjectRef(124621163998): object was freed before callback; returning Nil.
   at: gdplanningai_rust::logger::process_logs (src\logger.rs:66)
   GDScript backtrace (most recent call first):
       [0] _process (res://addons/GdPlanningAI/gdpai_autoload.gd:21)
WARNING: [GdPAI] ObjectRef(124621163998): object was freed before callback; returning Nil.
   at: gdplanningai_rust::logger::process_logs (src\logger.rs:66)
   GDScript backtrace (most recent call first):
       [0] _process (res://addons/GdPlanningAI/gdpai_autoload.gd:21)
[GdPAI | debug] GetCost: callable returned non-numeric value: null; returning INFINITY
[GdPAI | debug] Found candidate: Cook Potato (satisfied preconds: [], requirements: [0])
WARNING: [GdPAI] ObjectRef(124621163998): object was freed before callback; returning Nil.
   at: gdplanningai_rust::logger::process_logs (src\logger.rs:66)
   GDScript backtrace (most recent call first):
       [0] _drain_scheduler (res://test/integration/test_campfire_example_smoke.gd:27)
WARNING: [GdPAI] ObjectRef(124621163998): object was freed before callback; returning Nil.
   at: gdplanningai_rust::logger::process_logs (src\logger.rs:66)
   GDScript backtrace (most recent call first):
       [0] _drain_scheduler (res://test/integration/test_campfire_example_smoke.gd:27)
[GdPAI | debug] ApplyEffect [Before] ID=InstanceId(-9223369791039847205): agent props = {"hunger": 70.0627442063492, "held_item": "", "entity": null}
[GdPAI | debug] ApplyEffect [After] ID=InstanceId(-9223369791039847205): agent props = {"hunger": 70.0627442063492, "held_item": "", "entity": null}
[GdPAI | debug]   Snapshotting prop: hunger = Float(70.0627442063492) (Variant type: FLOAT)
[GdPAI | debug]   Snapshotting prop: held_item = Str("") (Variant type: STRING)
[GdPAI | debug]   Snapshotting prop: entity = Nil (Variant type: NIL)
WARNING: [GdPAI] ObjectRef(124621163998): object was freed before callback; returning Nil.
   at: gdplanningai_rust::logger::process_logs (src\logger.rs:66)
   GDScript backtrace (most recent call first):
       [0] _process (res://addons/GdPlanningAI/gdpai_autoload.gd:21)
[GdPAI | debug] GetCost: callable returned non-numeric value: null; returning INFINITY
WARNING: [GdPAI] ObjectRef(124621163998): object was freed before callback; returning Nil.
   at: gdplanningai_rust::logger::process_logs (src\logger.rs:66)
   GDScript backtrace (most recent call first):
       [0] _drain_scheduler (res://test/integration/test_campfire_example_smoke.gd:27)
[GdPAI | debug] ApplyEffect [Before] ID=InstanceId(-9223369788590373677): agent props = {"held_item": "", "hunger": 70.0627442063492, "entity": null}
[GdPAI | debug] ApplyEffect [After] ID=InstanceId(-9223369788590373677): agent props = {"held_item": "", "hunger": 70.0627442063492, "entity": null}
[GdPAI | debug]   Snapshotting prop: held_item = Str("") (Variant type: STRING)
[GdPAI | debug]   Snapshotting prop: hunger = Float(70.0627442063492) (Variant type: FLOAT)
[GdPAI | debug]   Snapshotting prop: entity = Nil (Variant type: NIL)
WARNING: [GdPAI] ObjectRef(124621163998): object was freed before callback; returning Nil.
   at: gdplanningai_rust::logger::process_logs (src\logger.rs:66)
   GDScript backtrace (most recent call first):
       [0] _process (res://addons/GdPlanningAI/gdpai_autoload.gd:21)
[GdPAI | debug] GetCost: callable returned non-numeric value: null; returning INFINITY
[GdPAI | debug] Found candidate: Dig Potato (satisfied preconds: [], requirements: [0])
WARNING: [GdPAI] ObjectRef(124621163998): object was freed before callback; returning Nil.
   at: gdplanningai_rust::logger::process_logs (src\logger.rs:66)
   GDScript backtrace (most recent call first):
       [0] _drain_scheduler (res://test/integration/test_campfire_example_smoke.gd:27)
[GdPAI | debug] ApplyEffect [Before] ID=InstanceId(-9223369786191231760): agent props = {"hunger": 70.0627442063492, "held_item": "", "entity": null}
[GdPAI | debug] ApplyEffect [After] ID=InstanceId(-9223369786191231760): agent props = {"hunger": 70.0627442063492, "held_item": "", "entity": null}
[GdPAI | debug]   Snapshotting prop: hunger = Float(70.0627442063492) (Variant type: FLOAT)
[GdPAI | debug]   Snapshotting prop: held_item = Str("") (Variant type: STRING)
[GdPAI | debug]   Snapshotting prop: entity = Nil (Variant type: NIL)
WARNING: [GdPAI] ObjectRef(124621163998): object was freed before callback; returning Nil.
   at: gdplanningai_rust::logger::process_logs (src\logger.rs:66)
   GDScript backtrace (most recent call first):
       [0] _process (res://addons/GdPlanningAI/gdpai_autoload.gd:21)
[GdPAI | debug] GetCost: callable returned non-numeric value: null; returning INFINITY
WARNING: [GdPAI] ObjectRef(124621163998): object was freed before callback; returning Nil.
   at: gdplanningai_rust::logger::process_logs (src\logger.rs:66)
   GDScript backtrace (most recent call first):
       [0] _drain_scheduler (res://test/integration/test_campfire_example_smoke.gd:27)
[GdPAI | debug] ApplyEffect [Before] ID=InstanceId(-9223369783792089898): agent props = {"hunger": 70.0627442063492, "held_item": "", "entity": null}
[GdPAI | debug] ApplyEffect [After] ID=InstanceId(-9223369783792089898): agent props = {"hunger": 70.0627442063492, "held_item": "", "entity": null}
[GdPAI | debug]   Snapshotting prop: hunger = Float(70.0627442063492) (Variant type: FLOAT)
[GdPAI | debug]   Snapshotting prop: held_item = Str("") (Variant type: STRING)
[GdPAI | debug]   Snapshotting prop: entity = Nil (Variant type: NIL)
WARNING: [GdPAI] ObjectRef(124621163998): object was freed before callback; returning Nil.
   at: gdplanningai_rust::logger::process_logs (src\logger.rs:66)
   GDScript backtrace (most recent call first):
       [0] _process (res://addons/GdPlanningAI/gdpai_autoload.gd:21)
[GdPAI | debug] GetCost: callable returned non-numeric value: null; returning INFINITY
[GdPAI | debug] Found candidate: Dig Potato (satisfied preconds: [], requirements: [0])
WARNING: [GdPAI] ObjectRef(124621163998): object was freed before callback; returning Nil.
   at: gdplanningai_rust::logger::process_logs (src\logger.rs:66)
   GDScript backtrace (most recent call first):
       [0] _drain_scheduler (res://test/integration/test_campfire_example_smoke.gd:27)
[GdPAI | debug] ApplyEffect [Before] ID=InstanceId(-9223369781392948012): agent props = {"hunger": 70.0627442063492, "held_item": "wood", "entity": null}
[GdPAI | debug] ApplyEffect [After] ID=InstanceId(-9223369781392948012): agent props = {"hunger": 70.0627442063492, "held_item": "wood", "entity": null}
[GdPAI | debug]   Snapshotting prop: hunger = Float(70.0627442063492) (Variant type: FLOAT)
[GdPAI | debug]   Snapshotting prop: held_item = Str("wood") (Variant type: STRING)
[GdPAI | debug]   Snapshotting prop: entity = Nil (Variant type: NIL)
WARNING: [GdPAI] ObjectRef(124621163998): object was freed before callback; returning Nil.
   at: gdplanningai_rust::logger::process_logs (src\logger.rs:66)
   GDScript backtrace (most recent call first):
       [0] _process (res://addons/GdPlanningAI/gdpai_autoload.gd:21)
WARNING: [GdPAI] ObjectRef(124621163998): object was freed before callback; returning Nil.
   at: gdplanningai_rust::logger::process_logs (src\logger.rs:66)
   GDScript backtrace (most recent call first):
       [0] _process (res://addons/GdPlanningAI/gdpai_autoload.gd:21)
[GdPAI | debug] GetCost: callable returned non-numeric value: null; returning INFINITY
WARNING: [GdPAI] ObjectRef(124621163998): object was freed before callback; returning Nil.
   at: gdplanningai_rust::logger::process_logs (src\logger.rs:66)
   GDScript backtrace (most recent call first):
       [0] _drain_scheduler (res://test/integration/test_campfire_example_smoke.gd:27)
WARNING: [GdPAI] ObjectRef(124621163998): object was freed before callback; returning Nil.
   at: gdplanningai_rust::logger::process_logs (src\logger.rs:66)
   GDScript backtrace (most recent call first):
       [0] _drain_scheduler (res://test/integration/test_campfire_example_smoke.gd:27)
[GdPAI | debug] ApplyEffect [Before] ID=InstanceId(-9223369778943474506): agent props = {"held_item": "", "hunger": 70.0627442063492, "entity": null}
[GdPAI | debug] ApplyEffect [After] ID=InstanceId(-9223369778943474506): agent props = {"held_item": "", "hunger": 70.0627442063492, "entity": null}
[GdPAI | debug]   Snapshotting prop: held_item = Str("") (Variant type: STRING)
[GdPAI | debug]   Snapshotting prop: hunger = Float(70.0627442063492) (Variant type: FLOAT)
[GdPAI | debug]   Snapshotting prop: entity = Nil (Variant type: NIL)
WARNING: [GdPAI] ObjectRef(124621163998): object was freed before callback; returning Nil.
   at: gdplanningai_rust::logger::process_logs (src\logger.rs:66)
   GDScript backtrace (most recent call first):
       [0] _process (res://addons/GdPlanningAI/gdpai_autoload.gd:21)
[GdPAI | debug] GetCost: callable returned non-numeric value: null; returning INFINITY
[GdPAI | debug] Found candidate: Dig Potato (satisfied preconds: [], requirements: [0])
WARNING: [GdPAI] ObjectRef(124621163998): object was freed before callback; returning Nil.
   at: gdplanningai_rust::logger::process_logs (src\logger.rs:66)
   GDScript backtrace (most recent call first):
       [0] _drain_scheduler (res://test/integration/test_campfire_example_smoke.gd:27)
[GdPAI | debug] ApplyEffect [Before] ID=InstanceId(-9223369776494000898): agent props = {"entity": null, "hunger": 70.0627442063492, "held_item": ""}
[GdPAI | debug] ApplyEffect [After] ID=InstanceId(-9223369776494000898): agent props = {"entity": null, "hunger": 70.0627442063492, "held_item": ""}
[GdPAI | debug]   Snapshotting prop: entity = Nil (Variant type: NIL)
[GdPAI | debug]   Snapshotting prop: hunger = Float(70.0627442063492) (Variant type: FLOAT)
[GdPAI | debug]   Snapshotting prop: held_item = Str("") (Variant type: STRING)
WARNING: [GdPAI] ObjectRef(124621163998): object was freed before callback; returning Nil.
   at: gdplanningai_rust::logger::process_logs (src\logger.rs:66)
   GDScript backtrace (most recent call first):
       [0] _process (res://addons/GdPlanningAI/gdpai_autoload.gd:21)
[GdPAI | debug] GetCost: callable returned non-numeric value: null; returning INFINITY
WARNING: [GdPAI] ObjectRef(124621163998): object was freed before callback; returning Nil.
   at: gdplanningai_rust::logger::process_logs (src\logger.rs:66)
   GDScript backtrace (most recent call first):
       [0] _drain_scheduler (res://test/integration/test_campfire_example_smoke.gd:27)
[GdPAI | debug] ApplyEffect [Before] ID=InstanceId(-9223369774094858983): agent props = {"entity": null, "hunger": 70.0627442063492, "held_item": ""}
[GdPAI | debug] ApplyEffect [After] ID=InstanceId(-9223369774094858983): agent props = {"entity": null, "hunger": 70.0627442063492, "held_item": ""}
[GdPAI | debug]   Snapshotting prop: entity = Nil (Variant type: NIL)
[GdPAI | debug]   Snapshotting prop: hunger = Float(70.0627442063492) (Variant type: FLOAT)
[GdPAI | debug]   Snapshotting prop: held_item = Str("") (Variant type: STRING)
WARNING: [GdPAI] ObjectRef(124621163998): object was freed before callback; returning Nil.
   at: gdplanningai_rust::logger::process_logs (src\logger.rs:66)
   GDScript backtrace (most recent call first):
       [0] _process (res://addons/GdPlanningAI/gdpai_autoload.gd:21)
[GdPAI | debug] GetCost: callable returned non-numeric value: null; returning INFINITY
[GdPAI | debug] Found candidate: Dig Potato (satisfied preconds: [], requirements: [0])
WARNING: [GdPAI] ObjectRef(124621163998): object was freed before callback; returning Nil.
   at: gdplanningai_rust::logger::process_logs (src\logger.rs:66)
   GDScript backtrace (most recent call first):
       [0] _drain_scheduler (res://test/integration/test_campfire_example_smoke.gd:27)
[GdPAI | debug] ApplyEffect [Before] ID=InstanceId(-9223369771695717100): agent props = {"hunger": 70.0627442063492, "held_item": "", "entity": null}
[GdPAI | debug] ApplyEffect [After] ID=InstanceId(-9223369771695717100): agent props = {"hunger": 70.0627442063492, "held_item": "", "entity": null}
[GdPAI | debug]   Snapshotting prop: hunger = Float(70.0627442063492) (Variant type: FLOAT)
[GdPAI | debug]   Snapshotting prop: held_item = Str("") (Variant type: STRING)
[GdPAI | debug]   Snapshotting prop: entity = Nil (Variant type: NIL)
WARNING: [GdPAI] ObjectRef(124621163998): object was freed before callback; returning Nil.
   at: gdplanningai_rust::logger::process_logs (src\logger.rs:66)
   GDScript backtrace (most recent call first):
       [0] _process (res://addons/GdPlanningAI/gdpai_autoload.gd:21)
[GdPAI | debug] GetCost: callable returned non-numeric value: null; returning INFINITY
WARNING: [GdPAI] ObjectRef(124621163998): object was freed before callback; returning Nil.
   at: gdplanningai_rust::logger::process_logs (src\logger.rs:66)
   GDScript backtrace (most recent call first):
       [0] _drain_scheduler (res://test/integration/test_campfire_example_smoke.gd:27)
[GdPAI | debug] ApplyEffect [Before] ID=InstanceId(-9223369769296575196): agent props = {"hunger": 70.0627442063492, "entity": null, "held_item": "wood"}
[GdPAI | debug] ApplyEffect [After] ID=InstanceId(-9223369769296575196): agent props = {"hunger": 70.0627442063492, "entity": null, "held_item": "wood"}
[GdPAI | debug]   Snapshotting prop: hunger = Float(70.0627442063492) (Variant type: FLOAT)
[GdPAI | debug]   Snapshotting prop: entity = Nil (Variant type: NIL)
[GdPAI | debug]   Snapshotting prop: held_item = Str("wood") (Variant type: STRING)
WARNING: [GdPAI] ObjectRef(124621163998): object was freed before callback; returning Nil.
   at: gdplanningai_rust::logger::process_logs (src\logger.rs:66)
   GDScript backtrace (most recent call first):
       [0] _process (res://addons/GdPlanningAI/gdpai_autoload.gd:21)
WARNING: [GdPAI] ObjectRef(124621163998): object was freed before callback; returning Nil.
   at: gdplanningai_rust::logger::process_logs (src\logger.rs:66)
   GDScript backtrace (most recent call first):
       [0] _process (res://addons/GdPlanningAI/gdpai_autoload.gd:21)
[GdPAI | debug] GetCost: callable returned non-numeric value: null; returning INFINITY
[GdPAI | debug] Found candidate: Dig Potato (satisfied preconds: [], requirements: [0])
WARNING: [GdPAI] ObjectRef(124621163998): object was freed before callback; returning Nil.
   at: gdplanningai_rust::logger::process_logs (src\logger.rs:66)
   GDScript backtrace (most recent call first):
       [0] _drain_scheduler (res://test/integration/test_campfire_example_smoke.gd:27)
WARNING: [GdPAI] ObjectRef(124621163998): object was freed before callback; returning Nil.
   at: gdplanningai_rust::logger::process_logs (src\logger.rs:66)
   GDScript backtrace (most recent call first):
       [0] _drain_scheduler (res://test/integration/test_campfire_example_smoke.gd:27)
[GdPAI | debug] ApplyEffect [Before] ID=InstanceId(-9223369766847101655): agent props = {"hunger": 70.0627442063492, "entity": null, "held_item": ""}
[GdPAI | debug] ApplyEffect [After] ID=InstanceId(-9223369766847101655): agent props = {"hunger": 70.0627442063492, "entity": null, "held_item": ""}
[GdPAI | debug]   Snapshotting prop: hunger = Float(70.0627442063492) (Variant type: FLOAT)
[GdPAI | debug]   Snapshotting prop: entity = Nil (Variant type: NIL)
[GdPAI | debug]   Snapshotting prop: held_item = Str("") (Variant type: STRING)
WARNING: [GdPAI] ObjectRef(124621163998): object was freed before callback; returning Nil.
   at: gdplanningai_rust::logger::process_logs (src\logger.rs:66)
   GDScript backtrace (most recent call first):
       [0] _process (res://addons/GdPlanningAI/gdpai_autoload.gd:21)
[GdPAI | debug] GetCost: callable returned non-numeric value: null; returning INFINITY
[GdPAI | debug] ApplyEffect [Before] ID=InstanceId(-9223369765018385175): agent props = {"entity": VariantGd { id: 1382643928884, class: RigidBody2D }, "at_target": VariantGd { id: 1382308384561, class: Node }, "held_item": "", "hunger": 95.0603725}
[GdPAI | debug] ApplyEffect [After] ID=InstanceId(-9223369765018385175): agent props = {"entity": VariantGd { id: 1382643928884, class: RigidBody2D }, "at_target": VariantGd { id: 1382308384561, class: Node }, "held_item": "", "hunger": 95.0603725}
[GdPAI | debug]   Snapshotting prop: entity = ObjectRef(1382643928884) (Variant type: OBJECT)
[GdPAI | debug]   Snapshotting prop: at_target = ObjectRef(1382308384561) (Variant type: OBJECT)
[GdPAI | debug]   Snapshotting prop: held_item = Str("") (Variant type: STRING)
[GdPAI | debug]   Snapshotting prop: hunger = Float(95.0603725) (Variant type: FLOAT)
WARNING: [GdPAI] ObjectRef(124621163998): object was freed before callback; returning Nil.
   at: gdplanningai_rust::logger::process_logs (src\logger.rs:66)
   GDScript backtrace (most recent call first):
       [0] _drain_scheduler (res://test/integration/test_campfire_example_smoke.gd:27)
[GdPAI | debug] ApplyEffect [Before] ID=InstanceId(-9223369764397628111): agent props = {"held_item": "", "entity": null, "hunger": 70.0627442063492}
[GdPAI | debug] ApplyEffect [After] ID=InstanceId(-9223369764397628111): agent props = {"held_item": "", "entity": null, "hunger": 70.0627442063492}
[GdPAI | debug]   Snapshotting prop: held_item = Str("") (Variant type: STRING)
[GdPAI | debug]   Snapshotting prop: entity = Nil (Variant type: NIL)
[GdPAI | debug]   Snapshotting prop: hunger = Float(70.0627442063492) (Variant type: FLOAT)
WARNING: [GdPAI] ObjectRef(124621163998): object was freed before callback; returning Nil.
   at: gdplanningai_rust::logger::process_logs (src\logger.rs:66)
   GDScript backtrace (most recent call first):
       [0] _process (res://addons/GdPlanningAI/gdpai_autoload.gd:21)
[GdPAI | debug] GetCost: callable returned non-numeric value: null; returning INFINITY
[GdPAI | debug] ApplyEffect [Before] ID=InstanceId(-9223369762619243220): agent props = {"held_item": "", "hunger": 95.0603725, "entity": VariantGd { id: 1382643928884, class: RigidBody2D }, "at_target": VariantGd { id: 1382308384561, class: Node }}
[GdPAI | debug] ApplyEffect [After] ID=InstanceId(-9223369762619243220): agent props = {"held_item": "wood", "hunger": 95.0603725, "entity": VariantGd { id: 1382643928884, class: RigidBody2D }, "at_target": VariantGd { id: 1382308384561, class: Node }}
[GdPAI | debug]   Snapshotting prop: held_item = Str("wood") (Variant type: STRING)
[GdPAI | debug]   Snapshotting prop: hunger = Float(95.0603725) (Variant type: FLOAT)
[GdPAI | debug]   Snapshotting prop: entity = ObjectRef(1382643928884) (Variant type: OBJECT)
[GdPAI | debug]   Snapshotting prop: at_target = ObjectRef(1382308384561) (Variant type: OBJECT)
WARNING: [GdPAI] ObjectRef(124621163998): object was freed before callback; returning Nil.
   at: gdplanningai_rust::logger::process_logs (src\logger.rs:66)
   GDScript backtrace (most recent call first):
       [0] _drain_scheduler (res://test/integration/test_campfire_example_smoke.gd:27)
[GdPAI | debug] ApplyEffect [Before] ID=InstanceId(-9223369761998486235): agent props = {"hunger": 70.0627442063492, "entity": null, "held_item": ""}
[GdPAI | debug] ApplyEffect [After] ID=InstanceId(-9223369761998486235): agent props = {"hunger": 70.0627442063492, "entity": null, "held_item": ""}
[GdPAI | debug]   Snapshotting prop: hunger = Float(70.0627442063492) (Variant type: FLOAT)
[GdPAI | debug]   Snapshotting prop: entity = Nil (Variant type: NIL)
[GdPAI | debug]   Snapshotting prop: held_item = Str("") (Variant type: STRING)
WARNING: [GdPAI] ObjectRef(124621163998): object was freed before callback; returning Nil.
   at: gdplanningai_rust::logger::process_logs (src\logger.rs:66)
   GDScript backtrace (most recent call first):
       [0] _process (res://addons/GdPlanningAI/gdpai_autoload.gd:21)
[GdPAI | debug] GetCost: callable returned non-numeric value: null; returning INFINITY
[GdPAI | debug] ApplyEffect [Before] ID=InstanceId(-9223369760220101328): agent props = {"at_target": VariantGd { id: 1382308384561, class: Node }, "hunger": 95.0603725, "entity": VariantGd { id: 1382643928884, class: RigidBody2D }, "held_item": "wood"}
[GdPAI | debug] ApplyEffect [After] ID=InstanceId(-9223369760220101328): agent props = {"at_target": VariantGd { id: 1382308384561, class: Node }, "hunger": 95.0603725, "entity": VariantGd { id: 1382643928884, class: RigidBody2D }, "held_item": "wood"}
[GdPAI | debug]   Snapshotting prop: at_target = ObjectRef(1382308384561) (Variant type: OBJECT)
[GdPAI | debug]   Snapshotting prop: hunger = Float(95.0603725) (Variant type: FLOAT)
[GdPAI | debug]   Snapshotting prop: entity = ObjectRef(1382643928884) (Variant type: OBJECT)
[GdPAI | debug]   Snapshotting prop: held_item = Str("wood") (Variant type: STRING)
WARNING: [GdPAI] ObjectRef(124621163998): object was freed before callback; returning Nil.
   at: gdplanningai_rust::logger::process_logs (src\logger.rs:66)
   GDScript backtrace (most recent call first):
       [0] _drain_scheduler (res://test/integration/test_campfire_example_smoke.gd:27)
[GdPAI | debug] ApplyEffect [Before] ID=InstanceId(-9223369759599344382): agent props = {"hunger": 70.0627442063492, "held_item": "", "entity": null}
[GdPAI | debug] ApplyEffect [After] ID=InstanceId(-9223369759599344382): agent props = {"hunger": 70.0627442063492, "held_item": "", "entity": null}
[GdPAI | debug]   Snapshotting prop: hunger = Float(70.0627442063492) (Variant type: FLOAT)
[GdPAI | debug]   Snapshotting prop: held_item = Str("") (Variant type: STRING)
[GdPAI | debug]   Snapshotting prop: entity = Nil (Variant type: NIL)
WARNING: [GdPAI] ObjectRef(124621163998): object was freed before callback; returning Nil.
   at: gdplanningai_rust::logger::process_logs (src\logger.rs:66)
   GDScript backtrace (most recent call first):
       [0] _process (res://addons/GdPlanningAI/gdpai_autoload.gd:21)
[GdPAI | debug] GetCost: callable returned non-numeric value: null; returning INFINITY
[GdPAI | debug] ApplyEffect [Before] ID=InstanceId(-9223369757820959430): agent props = {"hunger": 95.0603725, "held_item": "", "at_target": VariantGd { id: 1382308384561, class: Node }, "entity": VariantGd { id: 1382643928884, class: RigidBody2D }}
[GdPAI | debug] ApplyEffect [After] ID=InstanceId(-9223369757820959430): agent props = {"hunger": 95.0603725, "held_item": "", "at_target": VariantGd { id: 1382308384561, class: Node }, "entity": VariantGd { id: 1382643928884, class: RigidBody2D }}
[GdPAI | debug]   Snapshotting prop: hunger = Float(95.0603725) (Variant type: FLOAT)
[GdPAI | debug]   Snapshotting prop: held_item = Str("") (Variant type: STRING)
[GdPAI | debug]   Snapshotting prop: at_target = ObjectRef(1382308384561) (Variant type: OBJECT)
[GdPAI | debug]   Snapshotting prop: entity = ObjectRef(1382643928884) (Variant type: OBJECT)
WARNING: [GdPAI] ObjectRef(124621163998): object was freed before callback; returning Nil.
   at: gdplanningai_rust::logger::process_logs (src\logger.rs:66)
   GDScript backtrace (most recent call first):
       [0] _drain_scheduler (res://test/integration/test_campfire_example_smoke.gd:27)
[GdPAI | debug] ApplyEffect [Before] ID=InstanceId(-9223369757200202436): agent props = {"entity": null, "hunger": 70.0627442063492, "held_item": "wood"}
[GdPAI | debug] ApplyEffect [After] ID=InstanceId(-9223369757200202436): agent props = {"entity": null, "hunger": 70.0627442063492, "held_item": "wood"}
[GdPAI | debug]   Snapshotting prop: entity = Nil (Variant type: NIL)
[GdPAI | debug]   Snapshotting prop: hunger = Float(70.0627442063492) (Variant type: FLOAT)
[GdPAI | debug]   Snapshotting prop: held_item = Str("wood") (Variant type: STRING)
WARNING: [GdPAI] ObjectRef(124621163998): object was freed before callback; returning Nil.
   at: gdplanningai_rust::logger::process_logs (src\logger.rs:66)
   GDScript backtrace (most recent call first):
       [0] _process (res://addons/GdPlanningAI/gdpai_autoload.gd:21)
WARNING: [GdPAI] ObjectRef(124621163998): object was freed before callback; returning Nil.
   at: gdplanningai_rust::logger::process_logs (src\logger.rs:66)
   GDScript backtrace (most recent call first):
       [0] _process (res://addons/GdPlanningAI/gdpai_autoload.gd:21)
[GdPAI | debug] GetCost: callable returned non-numeric value: null; returning INFINITY
[GdPAI | debug] ApplyEffect [Before] ID=InstanceId(-9223369755421817531): agent props = {"hunger": 95.0603725, "at_target": VariantGd { id: 1382308384561, class: Node }, "entity": VariantGd { id: 1382643928884, class: RigidBody2D }, "held_item": ""}
[GdPAI | debug] ApplyEffect [After] ID=InstanceId(-9223369755421817531): agent props = {"hunger": 95.0603725, "at_target": VariantGd { id: 1382308384561, class: Node }, "entity": VariantGd { id: 1382643928884, class: RigidBody2D }, "held_item": "wood"}
[GdPAI | debug]   Snapshotting prop: hunger = Float(95.0603725) (Variant type: FLOAT)
[GdPAI | debug]   Snapshotting prop: at_target = ObjectRef(1382308384561) (Variant type: OBJECT)
[GdPAI | debug]   Snapshotting prop: entity = ObjectRef(1382643928884) (Variant type: OBJECT)
[GdPAI | debug]   Snapshotting prop: held_item = Str("wood") (Variant type: STRING)
WARNING: [GdPAI] ObjectRef(124621163998): object was freed before callback; returning Nil.
   at: gdplanningai_rust::logger::process_logs (src\logger.rs:66)
   GDScript backtrace (most recent call first):
       [0] _drain_scheduler (res://test/integration/test_campfire_example_smoke.gd:27)
WARNING: [GdPAI] ObjectRef(124621163998): object was freed before callback; returning Nil.
   at: gdplanningai_rust::logger::process_logs (src\logger.rs:66)
   GDScript backtrace (most recent call first):
       [0] _drain_scheduler (res://test/integration/test_campfire_example_smoke.gd:27)
[GdPAI | debug] ApplyEffect [Before] ID=InstanceId(-9223369754750728894): agent props = {"hunger": 70.0627442063492, "entity": null, "held_item": ""}
[GdPAI | debug] ApplyEffect [After] ID=InstanceId(-9223369754750728894): agent props = {"hunger": 70.0627442063492, "entity": null, "held_item": ""}
[GdPAI | debug]   Snapshotting prop: hunger = Float(70.0627442063492) (Variant type: FLOAT)
[GdPAI | debug]   Snapshotting prop: entity = Nil (Variant type: NIL)
[GdPAI | debug]   Snapshotting prop: held_item = Str("") (Variant type: STRING)
WARNING: [GdPAI] ObjectRef(124621163998): object was freed before callback; returning Nil.
   at: gdplanningai_rust::logger::process_logs (src\logger.rs:66)
   GDScript backtrace (most recent call first):
       [0] _process (res://addons/GdPlanningAI/gdpai_autoload.gd:21)
[GdPAI | debug] GetCost: callable returned non-numeric value: null; returning INFINITY
[GdPAI | debug] ApplyEffect [Before] ID=InstanceId(-9223369752922012361): agent props = {"hunger": 95.0603725, "held_item": "wood", "entity": VariantGd { id: 1382643928884, class: RigidBody2D }, "at_target": VariantGd { id: 1382308384561, class: Node }}
[GdPAI | debug] ApplyEffect [After] ID=InstanceId(-9223369752922012361): agent props = {"hunger": 95.0603725, "held_item": "wood", "entity": VariantGd { id: 1382643928884, class: RigidBody2D }, "at_target": VariantGd { id: 1382308384561, class: Node }}
[GdPAI | debug]   Snapshotting prop: hunger = Float(95.0603725) (Variant type: FLOAT)
[GdPAI | debug]   Snapshotting prop: held_item = Str("wood") (Variant type: STRING)
[GdPAI | debug]   Snapshotting prop: entity = ObjectRef(1382643928884) (Variant type: OBJECT)
[GdPAI | debug]   Snapshotting prop: at_target = ObjectRef(1382308384561) (Variant type: OBJECT)
WARNING: [GdPAI] ObjectRef(124621163998): object was freed before callback; returning Nil.
   at: gdplanningai_rust::logger::process_logs (src\logger.rs:66)
   GDScript backtrace (most recent call first):
       [0] _drain_scheduler (res://test/integration/test_campfire_example_smoke.gd:27)
[GdPAI | debug] ApplyEffect [Before] ID=InstanceId(-9223369752301255339): agent props = {"entity": null, "held_item": "", "hunger": 70.0627442063492}
[GdPAI | debug] ApplyEffect [After] ID=InstanceId(-9223369752301255339): agent props = {"entity": null, "held_item": "", "hunger": 70.0627442063492}
[GdPAI | debug]   Snapshotting prop: entity = Nil (Variant type: NIL)
[GdPAI | debug]   Snapshotting prop: held_item = Str("") (Variant type: STRING)
[GdPAI | debug]   Snapshotting prop: hunger = Float(70.0627442063492) (Variant type: FLOAT)
WARNING: [GdPAI] ObjectRef(124621163998): object was freed before callback; returning Nil.
   at: gdplanningai_rust::logger::process_logs (src\logger.rs:66)
   GDScript backtrace (most recent call first):
       [0] _process (res://addons/GdPlanningAI/gdpai_autoload.gd:21)
[GdPAI | debug] GetCost: callable returned non-numeric value: null; returning INFINITY
[GdPAI | debug] ApplyEffect [Before] ID=InstanceId(-9223369750522870455): agent props = {"held_item": "potato", "entity": VariantGd { id: 1382643928884, class: RigidBody2D }, "hunger": 95.0603725}
[GdPAI | debug] ApplyEffect [After] ID=InstanceId(-9223369750522870455): agent props = {"entity": VariantGd { id: 1382643928884, class: RigidBody2D }, "hunger": 95.0603725, "held_item": "cooked_potato"}
[GdPAI | debug]   Snapshotting prop: entity = ObjectRef(1382643928884) (Variant type: OBJECT)
[GdPAI | debug]   Snapshotting prop: hunger = Float(95.0603725) (Variant type: FLOAT)
[GdPAI | debug]   Snapshotting prop: held_item = Str("cooked_potato") (Variant type: STRING)
WARNING: [GdPAI] ObjectRef(124621163998): object was freed before callback; returning Nil.
   at: gdplanningai_rust::logger::process_logs (src\logger.rs:66)
   GDScript backtrace (most recent call first):
       [0] _drain_scheduler (res://test/integration/test_campfire_example_smoke.gd:27)
[GdPAI | debug] ApplyEffect [Before] ID=InstanceId(-9223369749902113457): agent props = {"hunger": 70.0627442063492, "held_item": "", "entity": null}
[GdPAI | debug] ApplyEffect [After] ID=InstanceId(-9223369749902113457): agent props = {"hunger": 70.0627442063492, "held_item": "", "entity": null}
[GdPAI | debug]   Snapshotting prop: hunger = Float(70.0627442063492) (Variant type: FLOAT)
[GdPAI | debug]   Snapshotting prop: held_item = Str("") (Variant type: STRING)
[GdPAI | debug]   Snapshotting prop: entity = Nil (Variant type: NIL)
WARNING: [GdPAI] ObjectRef(124621163998): object was freed before callback; returning Nil.
   at: gdplanningai_rust::logger::process_logs (src\logger.rs:66)
   GDScript backtrace (most recent call first):
       [0] _process (res://addons/GdPlanningAI/gdpai_autoload.gd:21)
[GdPAI | debug] GetCost: callable returned non-numeric value: null; returning INFINITY
[GdPAI | debug] ApplyEffect [Before] ID=InstanceId(-9223369748123728546): agent props = {"hunger": 95.0603725, "held_item": "cooked_potato", "entity": VariantGd { id: 1382643928884, class: RigidBody2D }}
[GdPAI | debug] ApplyEffect [After] ID=InstanceId(-9223369748123728546): agent props = {"held_item": "wood", "hunger": 95.0603725, "entity": VariantGd { id: 1382643928884, class: RigidBody2D }}
[GdPAI | debug]   Snapshotting prop: held_item = Str("wood") (Variant type: STRING)
[GdPAI | debug]   Snapshotting prop: hunger = Float(95.0603725) (Variant type: FLOAT)
[GdPAI | debug]   Snapshotting prop: entity = ObjectRef(1382643928884) (Variant type: OBJECT)
WARNING: [GdPAI] ObjectRef(124621163998): object was freed before callback; returning Nil.
   at: gdplanningai_rust::logger::process_logs (src\logger.rs:66)
   GDScript backtrace (most recent call first):
       [0] _drain_scheduler (res://test/integration/test_campfire_example_smoke.gd:27)
[GdPAI | debug] ApplyEffect [Before] ID=InstanceId(-9223369747502971581): agent props = {"entity": null, "hunger": 70.0627442063492, "held_item": ""}
[GdPAI | debug] ApplyEffect [After] ID=InstanceId(-9223369747502971581): agent props = {"entity": null, "hunger": 70.0627442063492, "held_item": ""}
[GdPAI | debug]   Snapshotting prop: entity = Nil (Variant type: NIL)
[GdPAI | debug]   Snapshotting prop: hunger = Float(70.0627442063492) (Variant type: FLOAT)
[GdPAI | debug]   Snapshotting prop: held_item = Str("") (Variant type: STRING)
WARNING: [GdPAI] ObjectRef(124621163998): object was freed before callback; returning Nil.
   at: gdplanningai_rust::logger::process_logs (src\logger.rs:66)
   GDScript backtrace (most recent call first):
       [0] _process (res://addons/GdPlanningAI/gdpai_autoload.gd:21)
[GdPAI | debug] GetCost: callable returned non-numeric value: null; returning INFINITY
[GdPAI | debug] ApplyEffect [Before] ID=InstanceId(-9223369745724586669): agent props = {"held_item": "wood", "hunger": 95.0603725, "entity": VariantGd { id: 1382643928884, class: RigidBody2D }}
[GdPAI | debug] ApplyEffect [After] ID=InstanceId(-9223369745724586669): agent props = {"held_item": "wood", "hunger": 95.0603725, "entity": VariantGd { id: 1382643928884, class: RigidBody2D }}
[GdPAI | debug]   Snapshotting prop: held_item = Str("wood") (Variant type: STRING)
[GdPAI | debug]   Snapshotting prop: hunger = Float(95.0603725) (Variant type: FLOAT)
[GdPAI | debug]   Snapshotting prop: entity = ObjectRef(1382643928884) (Variant type: OBJECT)
WARNING: [GdPAI] ObjectRef(124621163998): object was freed before callback; returning Nil.
   at: gdplanningai_rust::logger::process_logs (src\logger.rs:66)
   GDScript backtrace (most recent call first):
       [0] _drain_scheduler (res://test/integration/test_campfire_example_smoke.gd:27)
[GdPAI | debug] ApplyEffect [Before] ID=InstanceId(-9223369745103829656): agent props = {"held_item": "wood", "entity": null, "hunger": 70.0627442063492}
[GdPAI | debug] ApplyEffect [After] ID=InstanceId(-9223369745103829656): agent props = {"held_item": "wood", "entity": null, "hunger": 70.0627442063492}
[GdPAI | debug]   Snapshotting prop: held_item = Str("wood") (Variant type: STRING)
[GdPAI | debug]   Snapshotting prop: entity = Nil (Variant type: NIL)
[GdPAI | debug]   Snapshotting prop: hunger = Float(70.0627442063492) (Variant type: FLOAT)
WARNING: [GdPAI] ObjectRef(124621163998): object was freed before callback; returning Nil.
   at: gdplanningai_rust::logger::process_logs (src\logger.rs:66)
   GDScript backtrace (most recent call first):
       [0] _process (res://addons/GdPlanningAI/gdpai_autoload.gd:21)
WARNING: [GdPAI] ObjectRef(124621163998): object was freed before callback; returning Nil.
   at: gdplanningai_rust::logger::process_logs (src\logger.rs:66)
   GDScript backtrace (most recent call first):
       [0] _process (res://addons/GdPlanningAI/gdpai_autoload.gd:21)
[GdPAI | debug] GetCost: callable returned non-numeric value: null; returning INFINITY
[GdPAI | debug] ApplyEffect [Before] ID=InstanceId(-9223369743325444792): agent props = {"entity": VariantGd { id: 1382643928884, class: RigidBody2D }, "held_item": "", "hunger": 95.0603725}
[GdPAI | debug] ApplyEffect [After] ID=InstanceId(-9223369743325444792): agent props = {"entity": VariantGd { id: 1382643928884, class: RigidBody2D }, "held_item": "potato", "hunger": 95.0603725}
[GdPAI | debug]   Snapshotting prop: entity = ObjectRef(1382643928884) (Variant type: OBJECT)
[GdPAI | debug]   Snapshotting prop: held_item = Str("potato") (Variant type: STRING)
[GdPAI | debug]   Snapshotting prop: hunger = Float(95.0603725) (Variant type: FLOAT)
WARNING: [GdPAI] ObjectRef(124621163998): object was freed before callback; returning Nil.
   at: gdplanningai_rust::logger::process_logs (src\logger.rs:66)
   GDScript backtrace (most recent call first):
       [0] _drain_scheduler (res://test/integration/test_campfire_example_smoke.gd:27)
WARNING: [GdPAI] ObjectRef(124621163998): object was freed before callback; returning Nil.
   at: gdplanningai_rust::logger::process_logs (src\logger.rs:66)
   GDScript backtrace (most recent call first):
       [0] _drain_scheduler (res://test/integration/test_campfire_example_smoke.gd:27)
[GdPAI | debug] ApplyEffect [Before] ID=InstanceId(-9223369742654356154): agent props = {"hunger": 70.0627442063492, "entity": null, "held_item": ""}
[GdPAI | debug] ApplyEffect [After] ID=InstanceId(-9223369742654356154): agent props = {"hunger": 70.0627442063492, "entity": null, "held_item": ""}
[GdPAI | debug]   Snapshotting prop: hunger = Float(70.0627442063492) (Variant type: FLOAT)
[GdPAI | debug]   Snapshotting prop: entity = Nil (Variant type: NIL)
[GdPAI | debug]   Snapshotting prop: held_item = Str("") (Variant type: STRING)
WARNING: [GdPAI] ObjectRef(124621163998): object was freed before callback; returning Nil.
   at: gdplanningai_rust::logger::process_logs (src\logger.rs:66)
   GDScript backtrace (most recent call first):
       [0] _process (res://addons/GdPlanningAI/gdpai_autoload.gd:21)
[GdPAI | debug] GetCost: callable returned non-numeric value: null; returning INFINITY
[GdPAI | debug] ApplyEffect [Before] ID=InstanceId(-9223369740825639600): agent props = {"hunger": 95.0603725, "held_item": "potato", "entity": VariantGd { id: 1382643928884, class: RigidBody2D }}
[GdPAI | debug] ApplyEffect [After] ID=InstanceId(-9223369740825639600): agent props = {"hunger": 95.0603725, "held_item": "wood", "entity": VariantGd { id: 1382643928884, class: RigidBody2D }}
[GdPAI | debug]   Snapshotting prop: hunger = Float(95.0603725) (Variant type: FLOAT)
[GdPAI | debug]   Snapshotting prop: held_item = Str("wood") (Variant type: STRING)
[GdPAI | debug]   Snapshotting prop: entity = ObjectRef(1382643928884) (Variant type: OBJECT)
WARNING: [GdPAI] ObjectRef(124621163998): object was freed before callback; returning Nil.
   at: gdplanningai_rust::logger::process_logs (src\logger.rs:66)
   GDScript backtrace (most recent call first):
       [0] _drain_scheduler (res://test/integration/test_campfire_example_smoke.gd:27)
[GdPAI | debug] ApplyEffect [Before] ID=InstanceId(-9223369740204882655): agent props = {"entity": null, "held_item": "", "hunger": 70.0627442063492}
[GdPAI | debug] ApplyEffect [After] ID=InstanceId(-9223369740204882655): agent props = {"entity": null, "held_item": "", "hunger": 70.0627442063492}
[GdPAI | debug]   Snapshotting prop: entity = Nil (Variant type: NIL)
[GdPAI | debug]   Snapshotting prop: held_item = Str("") (Variant type: STRING)
[GdPAI | debug]   Snapshotting prop: hunger = Float(70.0627442063492) (Variant type: FLOAT)
WARNING: [GdPAI] ObjectRef(124621163998): object was freed before callback; returning Nil.
   at: gdplanningai_rust::logger::process_logs (src\logger.rs:66)
   GDScript backtrace (most recent call first):
       [0] _process (res://addons/GdPlanningAI/gdpai_autoload.gd:21)
[GdPAI | debug] GetCost: callable returned non-numeric value: null; returning INFINITY
[GdPAI | debug] ApplyEffect [Before] ID=InstanceId(-9223369738426497671): agent props = {"held_item": "wood", "entity": VariantGd { id: 1382643928884, class: RigidBody2D }, "hunger": 95.0603725}
[GdPAI | debug] ApplyEffect [After] ID=InstanceId(-9223369738426497671): agent props = {"held_item": "wood", "entity": VariantGd { id: 1382643928884, class: RigidBody2D }, "hunger": 95.0603725}
[GdPAI | debug]   Snapshotting prop: held_item = Str("wood") (Variant type: STRING)
[GdPAI | debug]   Snapshotting prop: entity = ObjectRef(1382643928884) (Variant type: OBJECT)
[GdPAI | debug]   Snapshotting prop: hunger = Float(95.0603725) (Variant type: FLOAT)
WARNING: [GdPAI] ObjectRef(124621163998): object was freed before callback; returning Nil.
   at: gdplanningai_rust::logger::process_logs (src\logger.rs:66)
   GDScript backtrace (most recent call first):
       [0] _drain_scheduler (res://test/integration/test_campfire_example_smoke.gd:27)
[GdPAI | debug] ApplyEffect [Before] ID=InstanceId(-9223369737805740669): agent props = {"hunger": 70.0627442063492, "held_item": "", "entity": null}
[GdPAI | debug] ApplyEffect [After] ID=InstanceId(-9223369737805740669): agent props = {"hunger": 70.0627442063492, "held_item": "", "entity": null}
[GdPAI | debug]   Snapshotting prop: hunger = Float(70.0627442063492) (Variant type: FLOAT)
[GdPAI | debug]   Snapshotting prop: held_item = Str("") (Variant type: STRING)
[GdPAI | debug]   Snapshotting prop: entity = Nil (Variant type: NIL)
WARNING: [GdPAI] ObjectRef(124621163998): object was freed before callback; returning Nil.
   at: gdplanningai_rust::logger::process_logs (src\logger.rs:66)
   GDScript backtrace (most recent call first):
       [0] _process (res://addons/GdPlanningAI/gdpai_autoload.gd:21)
[GdPAI | debug] GetCost: callable returned non-numeric value: null; returning INFINITY
[GdPAI | debug] ApplyEffect [Before] ID=InstanceId(-9223369736027355830): agent props = {"held_item": "", "hunger": 95.0603725, "entity": VariantGd { id: 1382643928884, class: RigidBody2D }}
[GdPAI | debug] ApplyEffect [After] ID=InstanceId(-9223369736027355830): agent props = {"held_item": "potato", "hunger": 95.0603725, "entity": VariantGd { id: 1382643928884, class: RigidBody2D }}
[GdPAI | debug]   Snapshotting prop: held_item = Str("potato") (Variant type: STRING)
[GdPAI | debug]   Snapshotting prop: hunger = Float(95.0603725) (Variant type: FLOAT)
[GdPAI | debug]   Snapshotting prop: entity = ObjectRef(1382643928884) (Variant type: OBJECT)
WARNING: [GdPAI] ObjectRef(124621163998): object was freed before callback; returning Nil.
   at: gdplanningai_rust::logger::process_logs (src\logger.rs:66)
   GDScript backtrace (most recent call first):
       [0] _drain_scheduler (res://test/integration/test_campfire_example_smoke.gd:27)
[GdPAI | debug] ApplyEffect [Before] ID=InstanceId(-9223369735406598774): agent props = {"entity": null, "held_item": "", "hunger": 70.0627442063492}
[GdPAI | debug] ApplyEffect [After] ID=InstanceId(-9223369735406598774): agent props = {"entity": null, "held_item": "", "hunger": 70.0627442063492}
[GdPAI | debug]   Snapshotting prop: entity = Nil (Variant type: NIL)
[GdPAI | debug]   Snapshotting prop: held_item = Str("") (Variant type: STRING)
[GdPAI | debug]   Snapshotting prop: hunger = Float(70.0627442063492) (Variant type: FLOAT)
WARNING: [GdPAI] ObjectRef(124621163998): object was freed before callback; returning Nil.
   at: gdplanningai_rust::logger::process_logs (src\logger.rs:66)
   GDScript backtrace (most recent call first):
       [0] _process (res://addons/GdPlanningAI/gdpai_autoload.gd:21)
[GdPAI | debug] GetCost: callable returned non-numeric value: null; returning INFINITY
[GdPAI | debug] ApplyEffect [Before] ID=InstanceId(-9223369733628213903): agent props = {"entity": VariantGd { id: 1382643928884, class: RigidBody2D }, "hunger": 95.0603725, "held_item": "potato"}
[GdPAI | debug] ApplyEffect [After] ID=InstanceId(-9223369733628213903): agent props = {"entity": VariantGd { id: 1382643928884, class: RigidBody2D }, "hunger": 95.0603725, "held_item": "wood"}
[GdPAI | debug]   Snapshotting prop: entity = ObjectRef(1382643928884) (Variant type: OBJECT)
[GdPAI | debug]   Snapshotting prop: hunger = Float(95.0603725) (Variant type: FLOAT)
[GdPAI | debug]   Snapshotting prop: held_item = Str("wood") (Variant type: STRING)
WARNING: [GdPAI] ObjectRef(124621163998): object was freed before callback; returning Nil.
   at: gdplanningai_rust::logger::process_logs (src\logger.rs:66)
   GDScript backtrace (most recent call first):
       [0] _drain_scheduler (res://test/integration/test_campfire_example_smoke.gd:27)
[GdPAI | debug] ApplyEffect [Before] ID=InstanceId(-9223369733007456899): agent props = {"hunger": 70.0627442063492, "entity": null, "held_item": "wood"}
[GdPAI | debug] ApplyEffect [After] ID=InstanceId(-9223369733007456899): agent props = {"hunger": 70.0627442063492, "entity": null, "held_item": "wood"}
[GdPAI | debug]   Snapshotting prop: hunger = Float(70.0627442063492) (Variant type: FLOAT)
[GdPAI | debug]   Snapshotting prop: entity = Nil (Variant type: NIL)
[GdPAI | debug]   Snapshotting prop: held_item = Str("wood") (Variant type: STRING)
[GdPAI] A* Iteration: pop node with chain length 5
[GdPAI | debug] find_candidates: Checking 15 actions against 1 preconds and 3 requirements
WARNING: [GdPAI] ObjectRef(124621163998): object was freed before callback; returning Nil.
   at: gdplanningai_rust::logger::process_logs (src\logger.rs:66)
   GDScript backtrace (most recent call first):
       [0] _process (res://addons/GdPlanningAI/gdpai_autoload.gd:21)
WARNING: [GdPAI] ObjectRef(124621163998): object was freed before callback; returning Nil.
   at: gdplanningai_rust::logger::process_logs (src\logger.rs:66)
   GDScript backtrace (most recent call first):
       [0] _process (res://addons/GdPlanningAI/gdpai_autoload.gd:21)
[GdPAI | debug] Discovery: Starting simulation for action Go To
[GdPAI | debug] ApplyEffect [Before] ID=InstanceId(-9223369731229071989): agent props = {"hunger": 95.0603725, "entity": VariantGd { id: 1382643928884, class: RigidBody2D }, "held_item": "wood"}
[GdPAI | debug] ApplyEffect [After] ID=InstanceId(-9223369731229071989): agent props = {"hunger": 95.0603725, "entity": VariantGd { id: 1382643928884, class: RigidBody2D }, "held_item": "wood"}
[GdPAI | debug]   Snapshotting prop: hunger = Float(95.0603725) (Variant type: FLOAT)
[GdPAI | debug]   Snapshotting prop: entity = ObjectRef(1382643928884) (Variant type: OBJECT)
[GdPAI | debug]   Snapshotting prop: held_item = Str("wood") (Variant type: STRING)
WARNING: [GdPAI] ObjectRef(124621163998): object was freed before callback; returning Nil.
   at: gdplanningai_rust::logger::process_logs (src\logger.rs:66)
   GDScript backtrace (most recent call first):
       [0] _drain_scheduler (res://test/integration/test_campfire_example_smoke.gd:27)
WARNING: [GdPAI] ObjectRef(124621163998): object was freed before callback; returning Nil.
   at: gdplanningai_rust::logger::process_logs (src\logger.rs:66)
   GDScript backtrace (most recent call first):
       [0] _drain_scheduler (res://test/integration/test_campfire_example_smoke.gd:27)
[GdPAI | debug] GetCost: callable returned non-numeric value: null; returning INFINITY
WARNING: [GdPAI] ObjectRef(124621163998): object was freed before callback; returning Nil.
   at: gdplanningai_rust::logger::process_logs (src\logger.rs:66)
   GDScript backtrace (most recent call first):
       [0] _process (res://addons/GdPlanningAI/gdpai_autoload.gd:21)
WARNING: [GdPAI] ObjectRef(124621163998): object was freed before callback; returning Nil.
   at: gdplanningai_rust::logger::process_logs (src\logger.rs:66)
   GDScript backtrace (most recent call first):
       [0] _process (res://addons/GdPlanningAI/gdpai_autoload.gd:21)
[GdPAI | debug] ApplyEffect [Before] ID=InstanceId(-9223369729299692148): agent props = {"entity": null, "hunger": 70.0627442063492, "held_item": "potato"}
[GdPAI | debug] ApplyEffect [After] ID=InstanceId(-9223369729299692148): agent props = {"entity": null, "hunger": 70.0627442063492, "held_item": "potato"}
[GdPAI | debug]   Snapshotting prop: entity = Nil (Variant type: NIL)
[GdPAI | debug]   Snapshotting prop: hunger = Float(70.0627442063492) (Variant type: FLOAT)
[GdPAI | debug]   Snapshotting prop: held_item = Str("potato") (Variant type: STRING)
[GdPAI | debug] Discovery: Simulation success for Go To. Agent props: {"entity": Nil, "held_item": Str("potato"), "hunger": Float(70.0627442063492)}
[GdPAI | debug] Discovery: Action Go To did NOT satisfy precond Builtin { target: Agent, operation: Equal, property_name: "held_item", value: Some(Str("")) }
[GdPAI | debug] Found candidate: Go To (satisfied preconds: [], requirements: [1, 2])
[GdPAI | debug] ApplyEffect [Before] ID=InstanceId(-9223369728729266804): agent props = {"hunger": 95.0603725, "held_item": "", "entity": VariantGd { id: 1382643928884, class: RigidBody2D }}
[GdPAI | debug] Discovery: Starting simulation for action Eat Held Food
[GdPAI | debug] ApplyEffect [After] ID=InstanceId(-9223369728729266804): agent props = {"held_item": "potato", "hunger": 95.0603725, "entity": VariantGd { id: 1382643928884, class: RigidBody2D }}
[GdPAI | debug]   Snapshotting prop: held_item = Str("potato") (Variant type: STRING)
[GdPAI | debug]   Snapshotting prop: hunger = Float(95.0603725) (Variant type: FLOAT)
[GdPAI | debug]   Snapshotting prop: entity = ObjectRef(1382643928884) (Variant type: OBJECT)
WARNING: [GdPAI] ObjectRef(124621163998): object was freed before callback; returning Nil.
   at: gdplanningai_rust::logger::process_logs (src\logger.rs:66)
   GDScript backtrace (most recent call first):
       [0] _drain_scheduler (res://test/integration/test_campfire_example_smoke.gd:27)
WARNING: [GdPAI] ObjectRef(124621163998): object was freed before callback; returning Nil.
   at: gdplanningai_rust::logger::process_logs (src\logger.rs:66)
   GDScript backtrace (most recent call first):
       [0] _drain_scheduler (res://test/integration/test_campfire_example_smoke.gd:27)
[GdPAI | debug] GetCost: callable returned non-numeric value: null; returning INFINITY
WARNING: [GdPAI] ObjectRef(124621163998): object was freed before callback; returning Nil.
   at: gdplanningai_rust::logger::process_logs (src\logger.rs:66)
   GDScript backtrace (most recent call first):
       [0] _process (res://addons/GdPlanningAI/gdpai_autoload.gd:21)
WARNING: [GdPAI] ObjectRef(124621163998): object was freed before callback; returning Nil.
   at: gdplanningai_rust::logger::process_logs (src\logger.rs:66)
   GDScript backtrace (most recent call first):
       [0] _process (res://addons/GdPlanningAI/gdpai_autoload.gd:21)
[GdPAI | debug] ApplyEffect [Before] ID=InstanceId(-9223369726799887007): agent props = {"entity": null, "held_item": "potato", "hunger": 70.0627442063492}
[GdPAI | debug] ApplyEffect [After] ID=InstanceId(-9223369726799887007): agent props = {"entity": null, "held_item": "potato", "hunger": 70.0627442063492}
[GdPAI | debug]   Snapshotting prop: entity = Nil (Variant type: NIL)
[GdPAI | debug]   Snapshotting prop: held_item = Str("potato") (Variant type: STRING)
[GdPAI | debug]   Snapshotting prop: hunger = Float(70.0627442063492) (Variant type: FLOAT)
[GdPAI | debug] Discovery: Simulation success for Eat Held Food. Agent props: {"hunger": Float(70.0627442063492), "entity": Nil, "held_item": Str("potato")}
[GdPAI | debug] Discovery: Action Eat Held Food did NOT satisfy precond Builtin { target: Agent, operation: Equal, property_name: "held_item", value: Some(Str("")) }
[GdPAI | debug] ApplyEffect [Before] ID=InstanceId(-9223369726229461663): agent props = {"entity": VariantGd { id: 1382643928884, class: RigidBody2D }, "hunger": 95.0603725, "held_item": "potato"}
[GdPAI | debug] ApplyEffect [After] ID=InstanceId(-9223369726229461663): agent props = {"entity": VariantGd { id: 1382643928884, class: RigidBody2D }, "hunger": 95.0603725, "held_item": "wood"}
[GdPAI | debug]   Snapshotting prop: entity = ObjectRef(1382643928884) (Variant type: OBJECT)
[GdPAI | debug]   Snapshotting prop: hunger = Float(95.0603725) (Variant type: FLOAT)
[GdPAI | debug]   Snapshotting prop: held_item = Str("wood") (Variant type: STRING)
WARNING: [GdPAI] ObjectRef(124621163998): object was freed before callback; returning Nil.
   at: gdplanningai_rust::logger::process_logs (src\logger.rs:66)
   GDScript backtrace (most recent call first):
       [0] _drain_scheduler (res://test/integration/test_campfire_example_smoke.gd:27)
WARNING: [GdPAI] ObjectRef(124621163998): object was freed before callback; returning Nil.
   at: gdplanningai_rust::logger::process_logs (src\logger.rs:66)
   GDScript backtrace (most recent call first):
       [0] _drain_scheduler (res://test/integration/test_campfire_example_smoke.gd:27)
[GdPAI | debug] Discovery: Starting simulation for action Go To
WARNING: [GdPAI] ObjectRef(124621163998): object was freed before callback; returning Nil.
   at: gdplanningai_rust::logger::process_logs (src\logger.rs:66)
   GDScript backtrace (most recent call first):
       [0] _process (res://addons/GdPlanningAI/gdpai_autoload.gd:21)
WARNING: [GdPAI] ObjectRef(124621163998): object was freed before callback; returning Nil.
   at: gdplanningai_rust::logger::process_logs (src\logger.rs:66)
   GDScript backtrace (most recent call first):
       [0] _process (res://addons/GdPlanningAI/gdpai_autoload.gd:21)
[GdPAI | debug] GetCost: callable returned non-numeric value: null; returning INFINITY
[GdPAI | debug] ApplyEffect [Before] ID=InstanceId(-9223369723729656460): agent props = {"entity": VariantGd { id: 1382643928884, class: RigidBody2D }, "held_item": "wood", "hunger": 95.0603725}
[GdPAI | debug] ApplyEffect [After] ID=InstanceId(-9223369723729656460): agent props = {"entity": VariantGd { id: 1382643928884, class: RigidBody2D }, "held_item": "wood", "hunger": 95.0603725}
[GdPAI | debug]   Snapshotting prop: entity = ObjectRef(1382643928884) (Variant type: OBJECT)
[GdPAI | debug]   Snapshotting prop: held_item = Str("wood") (Variant type: STRING)
[GdPAI | debug]   Snapshotting prop: hunger = Float(95.0603725) (Variant type: FLOAT)
WARNING: [GdPAI] ObjectRef(124621163998): object was freed before callback; returning Nil.
   at: gdplanningai_rust::logger::process_logs (src\logger.rs:66)
   GDScript backtrace (most recent call first):
       [0] _drain_scheduler (res://test/integration/test_campfire_example_smoke.gd:27)
WARNING: [GdPAI] ObjectRef(124621163998): object was freed before callback; returning Nil.
   at: gdplanningai_rust::logger::process_logs (src\logger.rs:66)
   GDScript backtrace (most recent call first):
       [0] _drain_scheduler (res://test/integration/test_campfire_example_smoke.gd:27)
[GdPAI | debug] ApplyEffect [Before] ID=InstanceId(-9223369723058567750): agent props = {"entity": null, "held_item": "potato", "hunger": 70.0627442063492}
[GdPAI | debug] ApplyEffect [After] ID=InstanceId(-9223369723058567750): agent props = {"entity": null, "held_item": "potato", "hunger": 70.0627442063492}
[GdPAI | debug]   Snapshotting prop: entity = Nil (Variant type: NIL)
[GdPAI | debug]   Snapshotting prop: held_item = Str("potato") (Variant type: STRING)
[GdPAI | debug]   Snapshotting prop: hunger = Float(70.0627442063492) (Variant type: FLOAT)
[GdPAI | debug] Discovery: Simulation success for Go To. Agent props: {"hunger": Float(70.0627442063492), "entity": Nil, "held_item": Str("potato")}
[GdPAI | debug] Discovery: Action Go To did NOT satisfy precond Builtin { target: Agent, operation: Equal, property_name: "held_item", value: Some(Str("")) }
[GdPAI | debug] Found candidate: Go To (satisfied preconds: [], requirements: [1, 2])
[GdPAI | debug] Discovery: Starting simulation for action Drop Item
WARNING: [GdPAI] ObjectRef(124621163998): object was freed before callback; returning Nil.
   at: gdplanningai_rust::logger::process_logs (src\logger.rs:66)
   GDScript backtrace (most recent call first):
       [0] _process (res://addons/GdPlanningAI/gdpai_autoload.gd:21)
WARNING: [GdPAI] ObjectRef(124621163998): object was freed before callback; returning Nil.
   at: gdplanningai_rust::logger::process_logs (src\logger.rs:66)
   GDScript backtrace (most recent call first):
       [0] _process (res://addons/GdPlanningAI/gdpai_autoload.gd:21)
[GdPAI | debug] GetCost: callable returned non-numeric value: null; returning INFINITY
[GdPAI | debug] ApplyEffect [Before] ID=InstanceId(-9223369721229851238): agent props = {"entity": VariantGd { id: 1382643928884, class: RigidBody2D }, "held_item": "", "hunger": 95.0603725}
[GdPAI | debug] ApplyEffect [After] ID=InstanceId(-9223369721229851238): agent props = {"hunger": 95.0603725, "held_item": "potato", "entity": VariantGd { id: 1382643928884, class: RigidBody2D }}
[GdPAI | debug]   Snapshotting prop: hunger = Float(95.0603725) (Variant type: FLOAT)
[GdPAI | debug]   Snapshotting prop: held_item = Str("potato") (Variant type: STRING)
[GdPAI | debug]   Snapshotting prop: entity = ObjectRef(1382643928884) (Variant type: OBJECT)
WARNING: [GdPAI] ObjectRef(124621163998): object was freed before callback; returning Nil.
   at: gdplanningai_rust::logger::process_logs (src\logger.rs:66)
   GDScript backtrace (most recent call first):
       [0] _drain_scheduler (res://test/integration/test_campfire_example_smoke.gd:27)
WARNING: [GdPAI] ObjectRef(124621163998): object was freed before callback; returning Nil.
   at: gdplanningai_rust::logger::process_logs (src\logger.rs:66)
   GDScript backtrace (most recent call first):
       [0] _drain_scheduler (res://test/integration/test_campfire_example_smoke.gd:27)
[GdPAI | debug] ApplyEffect [Before] ID=InstanceId(-9223369720558762583): agent props = {"hunger": 70.0627442063492, "entity": null, "held_item": "potato"}
[GdPAI | debug] ApplyEffect [After] ID=InstanceId(-9223369720558762583): agent props = {"hunger": 70.0627442063492, "entity": null, "held_item": "potato"}
[GdPAI | debug]   Snapshotting prop: hunger = Float(70.0627442063492) (Variant type: FLOAT)
[GdPAI | debug]   Snapshotting prop: entity = Nil (Variant type: NIL)
[GdPAI | debug]   Snapshotting prop: held_item = Str("potato") (Variant type: STRING)
[GdPAI | debug] Discovery: Simulation success for Drop Item. Agent props: {"entity": Nil, "held_item": Str("potato"), "hunger": Float(70.0627442063492)}
[GdPAI | debug] Discovery: Action Drop Item did NOT satisfy precond Builtin { target: Agent, operation: Equal, property_name: "held_item", value: Some(Str("")) }
[GdPAI | debug] Discovery: Starting simulation for action Add Fuel
WARNING: [GdPAI] ObjectRef(124621163998): object was freed before callback; returning Nil.
   at: gdplanningai_rust::logger::process_logs (src\logger.rs:66)
   GDScript backtrace (most recent call first):
       [0] _process (res://addons/GdPlanningAI/gdpai_autoload.gd:21)
WARNING: [GdPAI] ObjectRef(124621163998): object was freed before callback; returning Nil.
   at: gdplanningai_rust::logger::process_logs (src\logger.rs:66)
   GDScript backtrace (most recent call first):
       [0] _process (res://addons/GdPlanningAI/gdpai_autoload.gd:21)
[GdPAI | debug] GetCost: callable returned non-numeric value: null; returning INFINITY
[GdPAI | debug] ApplyEffect [Before] ID=InstanceId(-9223369718730046015): agent props = {"hunger": 95.0603725, "held_item": "potato", "entity": VariantGd { id: 1382643928884, class: RigidBody2D }}
[GdPAI | debug] ApplyEffect [After] ID=InstanceId(-9223369718730046015): agent props = {"hunger": 95.0603725, "entity": VariantGd { id: 1382643928884, class: RigidBody2D }, "held_item": "wood"}
[GdPAI | debug]   Snapshotting prop: hunger = Float(95.0603725) (Variant type: FLOAT)
[GdPAI | debug]   Snapshotting prop: entity = ObjectRef(1382643928884) (Variant type: OBJECT)
[GdPAI | debug]   Snapshotting prop: held_item = Str("wood") (Variant type: STRING)
WARNING: [GdPAI] ObjectRef(124621163998): object was freed before callback; returning Nil.
   at: gdplanningai_rust::logger::process_logs (src\logger.rs:66)
   GDScript backtrace (most recent call first):
       [0] _drain_scheduler (res://test/integration/test_campfire_example_smoke.gd:27)
WARNING: [GdPAI] ObjectRef(124621163998): object was freed before callback; returning Nil.
   at: gdplanningai_rust::logger::process_logs (src\logger.rs:66)
   GDScript backtrace (most recent call first):
       [0] _drain_scheduler (res://test/integration/test_campfire_example_smoke.gd:27)
[GdPAI | debug] ApplyEffect [Before] ID=InstanceId(-9223369718058957374): agent props = {"entity": null, "held_item": "wood", "hunger": 70.0627442063492}
[GdPAI | debug] ApplyEffect [After] ID=InstanceId(-9223369718058957374): agent props = {"entity": null, "held_item": "wood", "hunger": 70.0627442063492}
[GdPAI | debug]   Snapshotting prop: entity = Nil (Variant type: NIL)
[GdPAI | debug]   Snapshotting prop: held_item = Str("wood") (Variant type: STRING)
[GdPAI | debug]   Snapshotting prop: hunger = Float(70.0627442063492) (Variant type: FLOAT)
[GdPAI | debug] Discovery: Simulation success for Add Fuel. Agent props: {"entity": Nil, "hunger": Float(70.0627442063492), "held_item": Str("wood")}
[GdPAI | debug] Discovery: Action Add Fuel did NOT satisfy precond Builtin { target: Agent, operation: Equal, property_name: "held_item", value: Some(Str("")) }
WARNING: [GdPAI] ObjectRef(124621163998): object was freed before callback; returning Nil.
   at: gdplanningai_rust::logger::process_logs (src\logger.rs:66)
   GDScript backtrace (most recent call first):
       [0] _process (res://addons/GdPlanningAI/gdpai_autoload.gd:21)
WARNING: [GdPAI] ObjectRef(124621163998): object was freed before callback; returning Nil.
   at: gdplanningai_rust::logger::process_logs (src\logger.rs:66)
   GDScript backtrace (most recent call first):
       [0] _process (res://addons/GdPlanningAI/gdpai_autoload.gd:21)
[GdPAI | debug] Discovery: Action Cook Potato failed validity check, skipping
[GdPAI | debug] Discovery: Starting simulation for action Pick Up Wood
[GdPAI | debug] ApplyEffect [Before] ID=InstanceId(-9223369716230240828): agent props = {"hunger": 95.0603725, "held_item": "wood", "entity": VariantGd { id: 1382643928884, class: RigidBody2D }}
[GdPAI | debug] ApplyEffect [After] ID=InstanceId(-9223369716230240828): agent props = {"hunger": 95.0603725, "held_item": "wood", "entity": VariantGd { id: 1382643928884, class: RigidBody2D }}
[GdPAI | debug]   Snapshotting prop: hunger = Float(95.0603725) (Variant type: FLOAT)
[GdPAI | debug]   Snapshotting prop: held_item = Str("wood") (Variant type: STRING)
[GdPAI | debug]   Snapshotting prop: entity = ObjectRef(1382643928884) (Variant type: OBJECT)
WARNING: [GdPAI] ObjectRef(124621163998): object was freed before callback; returning Nil.
   at: gdplanningai_rust::logger::process_logs (src\logger.rs:66)
   GDScript backtrace (most recent call first):
       [0] _drain_scheduler (res://test/integration/test_campfire_example_smoke.gd:27)
WARNING: [GdPAI] ObjectRef(124621163998): object was freed before callback; returning Nil.
   at: gdplanningai_rust::logger::process_logs (src\logger.rs:66)
   GDScript backtrace (most recent call first):
       [0] _drain_scheduler (res://test/integration/test_campfire_example_smoke.gd:27)
[GdPAI | debug] GetCost: callable returned non-numeric value: null; returning INFINITY
WARNING: [GdPAI] ObjectRef(124621163998): object was freed before callback; returning Nil.
   at: gdplanningai_rust::logger::process_logs (src\logger.rs:66)
   GDScript backtrace (most recent call first):
       [0] _process (res://addons/GdPlanningAI/gdpai_autoload.gd:21)
WARNING: [GdPAI] ObjectRef(124621163998): object was freed before callback; returning Nil.
   at: gdplanningai_rust::logger::process_logs (src\logger.rs:66)
   GDScript backtrace (most recent call first):
       [0] _process (res://addons/GdPlanningAI/gdpai_autoload.gd:21)
[GdPAI | debug] ApplyEffect [Before] ID=InstanceId(-9223369714300860968): agent props = {"hunger": 70.0627442063492, "held_item": "potato", "entity": null}
[GdPAI | debug] ApplyEffect [After] ID=InstanceId(-9223369714300860968): agent props = {"hunger": 70.0627442063492, "held_item": "potato", "entity": null}
[GdPAI | debug]   Snapshotting prop: hunger = Float(70.0627442063492) (Variant type: FLOAT)
[GdPAI | debug]   Snapshotting prop: held_item = Str("potato") (Variant type: STRING)
[GdPAI | debug]   Snapshotting prop: entity = Nil (Variant type: NIL)
[GdPAI | debug] Discovery: Simulation success for Pick Up Wood. Agent props: {"hunger": Float(70.0627442063492), "held_item": Str("potato"), "entity": Nil}
[GdPAI | debug] Discovery: Action Pick Up Wood did NOT satisfy precond Builtin { target: Agent, operation: Equal, property_name: "held_item", value: Some(Str("")) }
[GdPAI | debug] ApplyEffect [Before] ID=InstanceId(-9223369713730435624): agent props = {"hunger": 95.0603725, "held_item": "", "entity": VariantGd { id: 1382643928884, class: RigidBody2D }}
[GdPAI | debug] ApplyEffect [After] ID=InstanceId(-9223369713730435624): agent props = {"hunger": 95.0603725, "held_item": "potato", "entity": VariantGd { id: 1382643928884, class: RigidBody2D }}
[GdPAI | debug]   Snapshotting prop: hunger = Float(95.0603725) (Variant type: FLOAT)
[GdPAI | debug]   Snapshotting prop: held_item = Str("potato") (Variant type: STRING)
[GdPAI | debug]   Snapshotting prop: entity = ObjectRef(1382643928884) (Variant type: OBJECT)
[GdPAI | debug] Discovery: Starting simulation for action Pick Up Wood
WARNING: [GdPAI] ObjectRef(124621163998): object was freed before callback; returning Nil.
   at: gdplanningai_rust::logger::process_logs (src\logger.rs:66)
   GDScript backtrace (most recent call first):
       [0] _drain_scheduler (res://test/integration/test_campfire_example_smoke.gd:27)
WARNING: [GdPAI] ObjectRef(124621163998): object was freed before callback; returning Nil.
   at: gdplanningai_rust::logger::process_logs (src\logger.rs:66)
   GDScript backtrace (most recent call first):
       [0] _drain_scheduler (res://test/integration/test_campfire_example_smoke.gd:27)
[GdPAI | debug] GetCost: callable returned non-numeric value: null; returning INFINITY
WARNING: [GdPAI] ObjectRef(124621163998): object was freed before callback; returning Nil.
   at: gdplanningai_rust::logger::process_logs (src\logger.rs:66)
   GDScript backtrace (most recent call first):
       [0] _process (res://addons/GdPlanningAI/gdpai_autoload.gd:21)
WARNING: [GdPAI] ObjectRef(124621163998): object was freed before callback; returning Nil.
   at: gdplanningai_rust::logger::process_logs (src\logger.rs:66)
   GDScript backtrace (most recent call first):
       [0] _process (res://addons/GdPlanningAI/gdpai_autoload.gd:21)
[GdPAI | debug] ApplyEffect [Before] ID=InstanceId(-9223369711801055789): agent props = {"held_item": "potato", "hunger": 70.0627442063492, "entity": null}
[GdPAI | debug] ApplyEffect [After] ID=InstanceId(-9223369711801055789): agent props = {"held_item": "potato", "hunger": 70.0627442063492, "entity": null}
[GdPAI | debug]   Snapshotting prop: held_item = Str("potato") (Variant type: STRING)
[GdPAI | debug]   Snapshotting prop: hunger = Float(70.0627442063492) (Variant type: FLOAT)
[GdPAI | debug]   Snapshotting prop: entity = Nil (Variant type: NIL)
[GdPAI | debug] Discovery: Simulation success for Pick Up Wood. Agent props: {"hunger": Float(70.0627442063492), "entity": Nil, "held_item": Str("potato")}
[GdPAI | debug] Discovery: Action Pick Up Wood did NOT satisfy precond Builtin { target: Agent, operation: Equal, property_name: "held_item", value: Some(Str("")) }
[GdPAI | debug] ApplyEffect [Before] ID=InstanceId(-9223369711230630445): agent props = {"entity": VariantGd { id: 1382643928884, class: RigidBody2D }, "held_item": "potato", "hunger": 95.0603725}
[GdPAI | debug] Discovery: Starting simulation for action Pick Up Wood
[GdPAI | debug] ApplyEffect [After] ID=InstanceId(-9223369711230630445): agent props = {"entity": VariantGd { id: 1382643928884, class: RigidBody2D }, "held_item": "wood", "hunger": 95.0603725}
[GdPAI | debug]   Snapshotting prop: entity = ObjectRef(1382643928884) (Variant type: OBJECT)
[GdPAI | debug]   Snapshotting prop: held_item = Str("wood") (Variant type: STRING)
[GdPAI | debug]   Snapshotting prop: hunger = Float(95.0603725) (Variant type: FLOAT)
WARNING: [GdPAI] ObjectRef(124621163998): object was freed before callback; returning Nil.
   at: gdplanningai_rust::logger::process_logs (src\logger.rs:66)
   GDScript backtrace (most recent call first):
       [0] _process (res://addons/GdPlanningAI/gdpai_autoload.gd:21)
WARNING: [GdPAI] ObjectRef(124621163998): object was freed before callback; returning Nil.
   at: gdplanningai_rust::logger::process_logs (src\logger.rs:66)
   GDScript backtrace (most recent call first):
       [0] _process (res://addons/GdPlanningAI/gdpai_autoload.gd:21)
[GdPAI | debug] GetCost: callable returned non-numeric value: null; returning INFINITY
WARNING: [GdPAI] ObjectRef(1382643928884): object was freed before callback; returning Nil.
   at: gdplanningai_rust::logger::process_logs (src\logger.rs:66)
   GDScript backtrace (most recent call first):
       [0] _process (res://addons/GdPlanningAI/gdpai_autoload.gd:21)
WARNING: [GdPAI] ObjectRef(1382643928884): object was freed before callback; returning Nil.
   at: gdplanningai_rust::logger::process_logs (src\logger.rs:66)
   GDScript backtrace (most recent call first):
       [0] _process (res://addons/GdPlanningAI/gdpai_autoload.gd:21)
[GdPAI | debug] GetCost: callable returned non-numeric value: null; returning INFINITY
* test_cannot_add_fuel_when_full
WARNING: [GdPAI] ObjectRef(124621163998): object was freed before callback; returning Nil.
   at: gdplanningai_rust::logger::process_logs (src\logger.rs:66)
   GDScript backtrace (most recent call first):
       [0] _process (res://addons/GdPlanningAI/gdpai_autoload.gd:21)
WARNING: [GdPAI] ObjectRef(124621163998): object was freed before callback; returning Nil.
   at: gdplanningai_rust::logger::process_logs (src\logger.rs:66)
   GDScript backtrace (most recent call first):
       [0] _process (res://addons/GdPlanningAI/gdpai_autoload.gd:21)
[GdPAI | debug] ApplyEffect [Before] ID=InstanceId(-9223369706952448191): agent props = {"hunger": 70.0627442063492, "entity": null, "held_item": "potato"}
[GdPAI | debug] ApplyEffect [After] ID=InstanceId(-9223369706952448191): agent props = {"hunger": 70.0627442063492, "entity": null, "held_item": "potato"}
[GdPAI | debug]   Snapshotting prop: hunger = Float(70.0627442063492) (Variant type: FLOAT)
[GdPAI | debug]   Snapshotting prop: entity = Nil (Variant type: NIL)
[GdPAI | debug]   Snapshotting prop: held_item = Str("potato") (Variant type: STRING)
WARNING: [GdPAI] ObjectRef(1382643928884): object was freed before callback; returning Nil.
   at: gdplanningai_rust::logger::process_logs (src\logger.rs:66)
   GDScript backtrace (most recent call first):
       [0] _process (res://addons/GdPlanningAI/gdpai_autoload.gd:21)
[GdPAI | debug] Discovery: Simulation success for Pick Up Wood. Agent props: {"held_item": Str("potato"), "entity": Nil, "hunger": Float(70.0627442063492)}
[GdPAI | debug] Discovery: Action Pick Up Wood did NOT satisfy precond Builtin { target: Agent, operation: Equal, property_name: "held_item", value: Some(Str("")) }
WARNING: [GdPAI] ObjectRef(1382643928884): object was freed before callback; returning Nil.
   at: gdplanningai_rust::logger::process_logs (src\logger.rs:66)
   GDScript backtrace (most recent call first):
       [0] _process (res://addons/GdPlanningAI/gdpai_autoload.gd:21)
[GdPAI | debug] ApplyEffect [Before] ID=InstanceId(-9223369706382022847): agent props = {"held_item": "wood", "entity": null, "hunger": 95.0603725}
[GdPAI | debug] ApplyEffect [After] ID=InstanceId(-9223369706382022847): agent props = {"held_item": "wood", "entity": null, "hunger": 95.0603725}
[GdPAI | debug]   Snapshotting prop: held_item = Str("wood") (Variant type: STRING)
[GdPAI | debug]   Snapshotting prop: entity = Nil (Variant type: NIL)
[GdPAI | debug]   Snapshotting prop: hunger = Float(95.0603725) (Variant type: FLOAT)
[GdPAI | debug] Discovery: Starting simulation for action Pick Up Wood
[GdPAI] A* Iteration: pop node with chain length 2
[GdPAI | debug] find_candidates: Checking 15 actions against 0 preconds and 2 requirements
WARNING: [GdPAI] ObjectRef(124621163998): object was freed before callback; returning Nil.
   at: gdplanningai_rust::logger::process_logs (src\logger.rs:66)
   GDScript backtrace (most recent call first):
       [0] _process (res://addons/GdPlanningAI/gdpai_autoload.gd:21)
WARNING: [GdPAI] ObjectRef(124621163998): object was freed before callback; returning Nil.
   at: gdplanningai_rust::logger::process_logs (src\logger.rs:66)
   GDScript backtrace (most recent call first):
       [0] _process (res://addons/GdPlanningAI/gdpai_autoload.gd:21)
[GdPAI | debug] GetCost: callable returned non-numeric value: null; returning INFINITY
WARNING: [GdPAI] ObjectRef(1382643928884): object was freed before callback; returning Nil.
   at: gdplanningai_rust::logger::process_logs (src\logger.rs:66)
   GDScript backtrace (most recent call first):
       [0] _process (res://addons/GdPlanningAI/gdpai_autoload.gd:21)
WARNING: [GdPAI] ObjectRef(1382643928884): object was freed before callback; returning Nil.
   at: gdplanningai_rust::logger::process_logs (src\logger.rs:66)
   GDScript backtrace (most recent call first):
       [0] _process (res://addons/GdPlanningAI/gdpai_autoload.gd:21)
[GdPAI | debug] Found candidate: Go To (satisfied preconds: [], requirements: [1])
WARNING: [GdPAI] ObjectRef(124621163998): object was freed before callback; returning Nil.
   at: gdplanningai_rust::logger::process_logs (src\logger.rs:66)
   GDScript backtrace (most recent call first):
       [0] _process (res://addons/GdPlanningAI/gdpai_autoload.gd:21)
WARNING: [GdPAI] ObjectRef(124621163998): object was freed before callback; returning Nil.
   at: gdplanningai_rust::logger::process_logs (src\logger.rs:66)
   GDScript backtrace (most recent call first):
       [0] _process (res://addons/GdPlanningAI/gdpai_autoload.gd:21)
[GdPAI | debug] ApplyEffect [Before] ID=InstanceId(-9223369704217754141): agent props = {"entity": null, "hunger": 70.0627442063492, "held_item": "potato"}
[GdPAI | debug] ApplyEffect [After] ID=InstanceId(-9223369704217754141): agent props = {"entity": null, "hunger": 70.0627442063492, "held_item": "potato"}
[GdPAI | debug]   Snapshotting prop: entity = Nil (Variant type: NIL)
[GdPAI | debug]   Snapshotting prop: hunger = Float(70.0627442063492) (Variant type: FLOAT)
[GdPAI | debug]   Snapshotting prop: held_item = Str("potato") (Variant type: STRING)
WARNING: [GdPAI] ObjectRef(1382643928884): object was freed before callback; returning Nil.
   at: gdplanningai_rust::logger::process_logs (src\logger.rs:66)
   GDScript backtrace (most recent call first):
       [0] _process (res://addons/GdPlanningAI/gdpai_autoload.gd:21)
[GdPAI | debug] Discovery: Simulation success for Pick Up Wood. Agent props: {"hunger": Float(70.0627442063492), "entity": Nil, "held_item": Str("potato")}
[GdPAI | debug] Discovery: Action Pick Up Wood did NOT satisfy precond Builtin { target: Agent, operation: Equal, property_name: "held_item", value: Some(Str("")) }
WARNING: [GdPAI] ObjectRef(1382643928884): object was freed before callback; returning Nil.
   at: gdplanningai_rust::logger::process_logs (src\logger.rs:66)
   GDScript backtrace (most recent call first):
       [0] _process (res://addons/GdPlanningAI/gdpai_autoload.gd:21)
[GdPAI | debug] Found candidate: Go To (satisfied preconds: [], requirements: [1])
WARNING: [GdPAI] ObjectRef(124621163998): object was freed before callback; returning Nil.
   at: gdplanningai_rust::logger::process_logs (src\logger.rs:66)
   GDScript backtrace (most recent call first):
       [0] _process (res://addons/GdPlanningAI/gdpai_autoload.gd:21)
WARNING: [GdPAI] ObjectRef(124621163998): object was freed before callback; returning Nil.
   at: gdplanningai_rust::logger::process_logs (src\logger.rs:66)
   GDScript backtrace (most recent call first):
       [0] _process (res://addons/GdPlanningAI/gdpai_autoload.gd:21)
WARNING: [GdPAI] ObjectRef(1382643928884): object was freed before callback; returning Nil.
   at: gdplanningai_rust::logger::process_logs (src\logger.rs:66)
   GDScript backtrace (most recent call first):
       [0] _process (res://addons/GdPlanningAI/gdpai_autoload.gd:21)
[GdPAI | debug] Discovery: Action Dig Potato failed validity check, skipping
WARNING: [GdPAI] ObjectRef(1382643928884): object was freed before callback; returning Nil.
   at: gdplanningai_rust::logger::process_logs (src\logger.rs:66)
   GDScript backtrace (most recent call first):
       [0] _process (res://addons/GdPlanningAI/gdpai_autoload.gd:21)
[GdPAI | debug] Discovery: Action Cook Potato failed validity check, skipping
WARNING: [GdPAI] ObjectRef(124621163998): object was freed before callback; returning Nil.
   at: gdplanningai_rust::logger::process_logs (src\logger.rs:66)
   GDScript backtrace (most recent call first):
       [0] _process (res://addons/GdPlanningAI/gdpai_autoload.gd:21)
WARNING: [GdPAI] ObjectRef(124621163998): object was freed before callback; returning Nil.
   at: gdplanningai_rust::logger::process_logs (src\logger.rs:66)
   GDScript backtrace (most recent call first):
       [0] _process (res://addons/GdPlanningAI/gdpai_autoload.gd:21)
WARNING: [GdPAI] ObjectRef(1382643928884): object was freed before callback; returning Nil.
   at: gdplanningai_rust::logger::process_logs (src\logger.rs:66)
   GDScript backtrace (most recent call first):
       [0] _process (res://addons/GdPlanningAI/gdpai_autoload.gd:21)
[GdPAI | debug] Discovery: Action Dig Potato failed validity check, skipping
WARNING: [GdPAI] ObjectRef(1382643928884): object was freed before callback; returning Nil.
   at: gdplanningai_rust::logger::process_logs (src\logger.rs:66)
   GDScript backtrace (most recent call first):
       [0] _process (res://addons/GdPlanningAI/gdpai_autoload.gd:21)
[GdPAI | debug] Discovery: Action Dig Potato failed validity check, skipping
WARNING: [GdPAI] ObjectRef(124621163998): object was freed before callback; returning Nil.
   at: gdplanningai_rust::logger::process_logs (src\logger.rs:66)
   GDScript backtrace (most recent call first):
       [0] _process (res://addons/GdPlanningAI/gdpai_autoload.gd:21)
WARNING: [GdPAI] ObjectRef(124621163998): object was freed before callback; returning Nil.
   at: gdplanningai_rust::logger::process_logs (src\logger.rs:66)
   GDScript backtrace (most recent call first):
       [0] _process (res://addons/GdPlanningAI/gdpai_autoload.gd:21)
WARNING: [GdPAI] ObjectRef(1382643928884): object was freed before callback; returning Nil.
   at: gdplanningai_rust::logger::process_logs (src\logger.rs:66)
   GDScript backtrace (most recent call first):
       [0] _process (res://addons/GdPlanningAI/gdpai_autoload.gd:21)
[GdPAI | debug] Discovery: Action Dig Potato failed validity check, skipping
WARNING: [GdPAI] ObjectRef(1382643928884): object was freed before callback; returning Nil.
   at: gdplanningai_rust::logger::process_logs (src\logger.rs:66)
   GDScript backtrace (most recent call first):
       [0] _process (res://addons/GdPlanningAI/gdpai_autoload.gd:21)
[GdPAI | debug] Discovery: Action Dig Potato failed validity check, skipping
WARNING: [GdPAI] ObjectRef(124621163998): object was freed before callback; returning Nil.
   at: gdplanningai_rust::logger::process_logs (src\logger.rs:66)
   GDScript backtrace (most recent call first):
       [0] _process (res://addons/GdPlanningAI/gdpai_autoload.gd:21)
WARNING: [GdPAI] ObjectRef(124621163998): object was freed before callback; returning Nil.
   at: gdplanningai_rust::logger::process_logs (src\logger.rs:66)
   GDScript backtrace (most recent call first):
       [0] _process (res://addons/GdPlanningAI/gdpai_autoload.gd:21)
WARNING: [GdPAI] ObjectRef(1382643928884): object was freed before callback; returning Nil.
   at: gdplanningai_rust::logger::process_logs (src\logger.rs:66)
   GDScript backtrace (most recent call first):
       [0] _process (res://addons/GdPlanningAI/gdpai_autoload.gd:21)
[GdPAI | debug] Discovery: Action Dig Potato failed validity check, skipping
WARNING: [GdPAI] ObjectRef(1382643928884): object was freed before callback; returning Nil.
   at: gdplanningai_rust::logger::process_logs (src\logger.rs:66)
   GDScript backtrace (most recent call first):
       [0] _process (res://addons/GdPlanningAI/gdpai_autoload.gd:21)
[GdPAI | debug] Discovery: Action Dig Potato failed validity check, skipping
WARNING: [GdPAI] ObjectRef(124621163998): object was freed before callback; returning Nil.
   at: gdplanningai_rust::logger::process_logs (src\logger.rs:66)
   GDScript backtrace (most recent call first):
       [0] _process (res://addons/GdPlanningAI/gdpai_autoload.gd:21)
WARNING: [GdPAI] ObjectRef(124621163998): object was freed before callback; returning Nil.
   at: gdplanningai_rust::logger::process_logs (src\logger.rs:66)
   GDScript backtrace (most recent call first):
       [0] _process (res://addons/GdPlanningAI/gdpai_autoload.gd:21)
WARNING: [GdPAI] ObjectRef(1382643928884): object was freed before callback; returning Nil.
   at: gdplanningai_rust::logger::process_logs (src\logger.rs:66)
   GDScript backtrace (most recent call first):
       [0] _process (res://addons/GdPlanningAI/gdpai_autoload.gd:21)
[GdPAI | debug] Discovery: Action Dig Potato failed validity check, skipping
WARNING: [GdPAI] ObjectRef(1382643928884): object was freed before callback; returning Nil.
   at: gdplanningai_rust::logger::process_logs (src\logger.rs:66)
   GDScript backtrace (most recent call first):
       [0] _process (res://addons/GdPlanningAI/gdpai_autoload.gd:21)
[GdPAI | debug] Discovery: Action Dig Potato failed validity check, skipping
WARNING: [GdPAI] ObjectRef(124621163998): object was freed before callback; returning Nil.
   at: gdplanningai_rust::logger::process_logs (src\logger.rs:66)
   GDScript backtrace (most recent call first):
       [0] _process (res://addons/GdPlanningAI/gdpai_autoload.gd:21)
WARNING: [GdPAI] ObjectRef(124621163998): object was freed before callback; returning Nil.
   at: gdplanningai_rust::logger::process_logs (src\logger.rs:66)
   GDScript backtrace (most recent call first):
       [0] _process (res://addons/GdPlanningAI/gdpai_autoload.gd:21)
WARNING: [GdPAI] ObjectRef(123983629752): object was freed before callback; returning Nil.
   at: gdplanningai_rust::logger::process_logs (src\logger.rs:66)
   GDScript backtrace (most recent call first):
       [0] _process (res://addons/GdPlanningAI/gdpai_autoload.gd:21)
WARNING: [GdPAI] ObjectRef(124587609564): object was freed before callback; returning Nil.
   at: gdplanningai_rust::logger::process_logs (src\logger.rs:66)
   GDScript backtrace (most recent call first):
       [0] _process (res://addons/GdPlanningAI/gdpai_autoload.gd:21)
WARNING: [GdPAI] ObjectRef(123983629752): object was freed before callback; returning Nil.
   at: gdplanningai_rust::logger::process_logs (src\logger.rs:66)
   GDScript backtrace (most recent call first):
       [0] _process (res://addons/GdPlanningAI/gdpai_autoload.gd:21)
WARNING: [GdPAI] ObjectRef(124587609564): object was freed before callback; returning Nil.
   at: gdplanningai_rust::logger::process_logs (src\logger.rs:66)
   GDScript backtrace (most recent call first):
       [0] _process (res://addons/GdPlanningAI/gdpai_autoload.gd:21)
[GdPAI | debug] GetCost: callable returned non-numeric value: null; returning INFINITY
WARNING: [GdPAI] ObjectRef(1382643928884): object was freed before callback; returning Nil.
   at: gdplanningai_rust::logger::process_logs (src\logger.rs:66)
   GDScript backtrace (most recent call first):
       [0] _process (res://addons/GdPlanningAI/gdpai_autoload.gd:21)
WARNING: [GdPAI] ObjectRef(1382643928884): object was freed before callback; returning Nil.
   at: gdplanningai_rust::logger::process_logs (src\logger.rs:66)
   GDScript backtrace (most recent call first):
       [0] _process (res://addons/GdPlanningAI/gdpai_autoload.gd:21)
[GdPAI | debug] Discovery: Action Dig Potato failed validity check, skipping
WARNING: [GdPAI] ObjectRef(124621163998): object was freed before callback; returning Nil.
   at: gdplanningai_rust::logger::process_logs (src\logger.rs:66)
   GDScript backtrace (most recent call first):
       [0] _process (res://addons/GdPlanningAI/gdpai_autoload.gd:21)
WARNING: [GdPAI] ObjectRef(124621163998): object was freed before callback; returning Nil.
   at: gdplanningai_rust::logger::process_logs (src\logger.rs:66)
   GDScript backtrace (most recent call first):
       [0] _process (res://addons/GdPlanningAI/gdpai_autoload.gd:21)
WARNING: [GdPAI] ObjectRef(123983629752): object was freed before callback; returning Nil.
   at: gdplanningai_rust::logger::process_logs (src\logger.rs:66)
   GDScript backtrace (most recent call first):
       [0] _process (res://addons/GdPlanningAI/gdpai_autoload.gd:21)
WARNING: [GdPAI] ObjectRef(124587609564): object was freed before callback; returning Nil.
   at: gdplanningai_rust::logger::process_logs (src\logger.rs:66)
   GDScript backtrace (most recent call first):
       [0] _process (res://addons/GdPlanningAI/gdpai_autoload.gd:21)
WARNING: [GdPAI] ObjectRef(123983629752): object was freed before callback; returning Nil.
   at: gdplanningai_rust::logger::process_logs (src\logger.rs:66)
   GDScript backtrace (most recent call first):
       [0] _process (res://addons/GdPlanningAI/gdpai_autoload.gd:21)
WARNING: [GdPAI] ObjectRef(124587609564): object was freed before callback; returning Nil.
   at: gdplanningai_rust::logger::process_logs (src\logger.rs:66)
   GDScript backtrace (most recent call first):
       [0] _process (res://addons/GdPlanningAI/gdpai_autoload.gd:21)
[GdPAI | debug] ApplyEffect [Before] ID=InstanceId(-9223369694470191557): agent props = {"hunger": 70.0627442063492, "at_target": null, "held_item": "", "entity": null}
[GdPAI | debug] ApplyEffect [After] ID=InstanceId(-9223369694470191557): agent props = {"hunger": 70.0627442063492, "at_target": null, "held_item": "", "entity": null}
[GdPAI | debug]   Snapshotting prop: hunger = Float(70.0627442063492) (Variant type: FLOAT)
[GdPAI | debug]   Snapshotting prop: at_target = Nil (Variant type: NIL)
[GdPAI | debug]   Snapshotting prop: held_item = Str("") (Variant type: STRING)
[GdPAI | debug]   Snapshotting prop: entity = Nil (Variant type: NIL)
WARNING: [GdPAI] ObjectRef(1382643928884): object was freed before callback; returning Nil.
   at: gdplanningai_rust::logger::process_logs (src\logger.rs:66)
   GDScript backtrace (most recent call first):
       [0] _process (res://addons/GdPlanningAI/gdpai_autoload.gd:21)
WARNING: [GdPAI] ObjectRef(1382643928884): object was freed before callback; returning Nil.
   at: gdplanningai_rust::logger::process_logs (src\logger.rs:66)
   GDScript backtrace (most recent call first):
       [0] _process (res://addons/GdPlanningAI/gdpai_autoload.gd:21)
WARNING: [GdPAI] ObjectRef(1382459379475): object was freed before callback; returning Nil.
   at: gdplanningai_rust::logger::process_logs (src\logger.rs:66)
   GDScript backtrace (most recent call first):
       [0] _process (res://addons/GdPlanningAI/gdpai_autoload.gd:21)
WARNING: [GdPAI] ObjectRef(1382459379475): object was freed before callback; returning Nil.
   at: gdplanningai_rust::logger::process_logs (src\logger.rs:66)
   GDScript backtrace (most recent call first):
       [0] _process (res://addons/GdPlanningAI/gdpai_autoload.gd:21)
[GdPAI | debug] GetCost: callable returned non-numeric value: null; returning INFINITY
WARNING: [GdPAI] ObjectRef(124621163998): object was freed before callback; returning Nil.
   at: gdplanningai_rust::logger::process_logs (src\logger.rs:66)
   GDScript backtrace (most recent call first):
       [0] _process (res://addons/GdPlanningAI/gdpai_autoload.gd:21)
WARNING: [GdPAI] ObjectRef(124587609564): object was freed before callback; returning Nil.
   at: gdplanningai_rust::logger::process_logs (src\logger.rs:66)
   GDScript backtrace (most recent call first):
       [0] _process (res://addons/GdPlanningAI/gdpai_autoload.gd:21)
WARNING: [GdPAI] ObjectRef(124587609564): object was freed before callback; returning Nil.
   at: gdplanningai_rust::logger::process_logs (src\logger.rs:66)
   GDScript backtrace (most recent call first):
       [0] _process (res://addons/GdPlanningAI/gdpai_autoload.gd:21)
[GdPAI | debug] GetCost: callable returned non-numeric value: null; returning INFINITY
WARNING: [GdPAI] ObjectRef(1382643928884): object was freed before callback; returning Nil.
   at: gdplanningai_rust::logger::process_logs (src\logger.rs:66)
   GDScript backtrace (most recent call first):
       [0] _process (res://addons/GdPlanningAI/gdpai_autoload.gd:21)
WARNING: [GdPAI] ObjectRef(1382643928884): object was freed before callback; returning Nil.
   at: gdplanningai_rust::logger::process_logs (src\logger.rs:66)
   GDScript backtrace (most recent call first):
       [0] _process (res://addons/GdPlanningAI/gdpai_autoload.gd:21)
WARNING: [GdPAI] ObjectRef(1382459379475): object was freed before callback; returning Nil.
   at: gdplanningai_rust::logger::process_logs (src\logger.rs:66)
   GDScript backtrace (most recent call first):
       [0] _process (res://addons/GdPlanningAI/gdpai_autoload.gd:21)
WARNING: [GdPAI] ObjectRef(1382459379475): object was freed before callback; returning Nil.
   at: gdplanningai_rust::logger::process_logs (src\logger.rs:66)
   GDScript backtrace (most recent call first):
       [0] _process (res://addons/GdPlanningAI/gdpai_autoload.gd:21)
[GdPAI | debug] ApplyEffect [Before] ID=InstanceId(-9223369692222044592): agent props = {"entity": null, "held_item": "", "at_target": null, "hunger": 95.0603725}
[GdPAI | debug] ApplyEffect [After] ID=InstanceId(-9223369692222044592): agent props = {"entity": null, "held_item": "", "at_target": null, "hunger": 95.0603725}
[GdPAI | debug]   Snapshotting prop: entity = Nil (Variant type: NIL)
[GdPAI | debug]   Snapshotting prop: held_item = Str("") (Variant type: STRING)
[GdPAI | debug]   Snapshotting prop: at_target = Nil (Variant type: NIL)
[GdPAI | debug]   Snapshotting prop: hunger = Float(95.0603725) (Variant type: FLOAT)
WARNING: [GdPAI] ObjectRef(124621163998): object was freed before callback; returning Nil.
   at: gdplanningai_rust::logger::process_logs (src\logger.rs:66)
   GDScript backtrace (most recent call first):
       [0] _process (res://addons/GdPlanningAI/gdpai_autoload.gd:21)
WARNING: [GdPAI] ObjectRef(124587609564): object was freed before callback; returning Nil.
   at: gdplanningai_rust::logger::process_logs (src\logger.rs:66)
   GDScript backtrace (most recent call first):
       [0] _process (res://addons/GdPlanningAI/gdpai_autoload.gd:21)
WARNING: [GdPAI] ObjectRef(124587609564): object was freed before callback; returning Nil.
   at: gdplanningai_rust::logger::process_logs (src\logger.rs:66)
   GDScript backtrace (most recent call first):
       [0] _process (res://addons/GdPlanningAI/gdpai_autoload.gd:21)
[GdPAI | debug] ApplyEffect [Before] ID=InstanceId(-9223369691265743269): agent props = {"at_target": null, "entity": null, "hunger": 70.0627442063492, "held_item": ""}
[GdPAI | debug] ApplyEffect [After] ID=InstanceId(-9223369691265743269): agent props = {"at_target": null, "entity": null, "hunger": 70.0627442063492, "held_item": ""}
[GdPAI | debug]   Snapshotting prop: at_target = Nil (Variant type: NIL)
[GdPAI | debug]   Snapshotting prop: entity = Nil (Variant type: NIL)
[GdPAI | debug]   Snapshotting prop: hunger = Float(70.0627442063492) (Variant type: FLOAT)
[GdPAI | debug]   Snapshotting prop: held_item = Str("") (Variant type: STRING)
WARNING: [GdPAI] ObjectRef(1382643928884): object was freed before callback; returning Nil.
   at: gdplanningai_rust::logger::process_logs (src\logger.rs:66)
   GDScript backtrace (most recent call first):
       [0] _process (res://addons/GdPlanningAI/gdpai_autoload.gd:21)
WARNING: [GdPAI] ObjectRef(1382459379475): object was freed before callback; returning Nil.
   at: gdplanningai_rust::logger::process_logs (src\logger.rs:66)
   GDScript backtrace (most recent call first):
       [0] _process (res://addons/GdPlanningAI/gdpai_autoload.gd:21)
WARNING: [GdPAI] ObjectRef(1382459379475): object was freed before callback; returning Nil.
   at: gdplanningai_rust::logger::process_logs (src\logger.rs:66)
   GDScript backtrace (most recent call first):
       [0] _process (res://addons/GdPlanningAI/gdpai_autoload.gd:21)
[GdPAI | debug] GetCost: callable returned non-numeric value: null; returning INFINITY
WARNING: [GdPAI] ObjectRef(124621163998): object was freed before callback; returning Nil.
   at: gdplanningai_rust::logger::process_logs (src\logger.rs:66)
   GDScript backtrace (most recent call first):
       [0] _process (res://addons/GdPlanningAI/gdpai_autoload.gd:21)
WARNING: [GdPAI] ObjectRef(123983629752): object was freed before callback; returning Nil.
   at: gdplanningai_rust::logger::process_logs (src\logger.rs:66)
   GDScript backtrace (most recent call first):
       [0] _process (res://addons/GdPlanningAI/gdpai_autoload.gd:21)
WARNING: [GdPAI] ObjectRef(123983629752): object was freed before callback; returning Nil.
   at: gdplanningai_rust::logger::process_logs (src\logger.rs:66)
   GDScript backtrace (most recent call first):
       [0] _process (res://addons/GdPlanningAI/gdpai_autoload.gd:21)
[GdPAI | debug] GetCost: callable returned non-numeric value: null; returning INFINITY
WARNING: [GdPAI] ObjectRef(1382643928884): object was freed before callback; returning Nil.
   at: gdplanningai_rust::logger::process_logs (src\logger.rs:66)
   GDScript backtrace (most recent call first):
       [0] _process (res://addons/GdPlanningAI/gdpai_autoload.gd:21)
WARNING: [GdPAI] ObjectRef(1382459379475): object was freed before callback; returning Nil.
   at: gdplanningai_rust::logger::process_logs (src\logger.rs:66)
   GDScript backtrace (most recent call first):
       [0] _process (res://addons/GdPlanningAI/gdpai_autoload.gd:21)
WARNING: [GdPAI] ObjectRef(1382459379475): object was freed before callback; returning Nil.
   at: gdplanningai_rust::logger::process_logs (src\logger.rs:66)
   GDScript backtrace (most recent call first):
       [0] _process (res://addons/GdPlanningAI/gdpai_autoload.gd:21)
[GdPAI | debug] ApplyEffect [Before] ID=InstanceId(-9223369689252477348): agent props = {"hunger": 95.0603725, "entity": null, "held_item": "", "at_target": null}
[GdPAI | debug] ApplyEffect [After] ID=InstanceId(-9223369689252477348): agent props = {"hunger": 95.0603725, "entity": null, "held_item": "", "at_target": null}
[GdPAI | debug]   Snapshotting prop: hunger = Float(95.0603725) (Variant type: FLOAT)
[GdPAI | debug]   Snapshotting prop: entity = Nil (Variant type: NIL)
[GdPAI | debug]   Snapshotting prop: held_item = Str("") (Variant type: STRING)
[GdPAI | debug]   Snapshotting prop: at_target = Nil (Variant type: NIL)
WARNING: [GdPAI] ObjectRef(124621163998): object was freed before callback; returning Nil.
   at: gdplanningai_rust::logger::process_logs (src\logger.rs:66)
   GDScript backtrace (most recent call first):
       [0] _process (res://addons/GdPlanningAI/gdpai_autoload.gd:21)
WARNING: [GdPAI] ObjectRef(123983629752): object was freed before callback; returning Nil.
   at: gdplanningai_rust::logger::process_logs (src\logger.rs:66)
   GDScript backtrace (most recent call first):
       [0] _process (res://addons/GdPlanningAI/gdpai_autoload.gd:21)
WARNING: [GdPAI] ObjectRef(123983629752): object was freed before callback; returning Nil.
   at: gdplanningai_rust::logger::process_logs (src\logger.rs:66)
   GDScript backtrace (most recent call first):
       [0] _process (res://addons/GdPlanningAI/gdpai_autoload.gd:21)
[GdPAI | debug] ApplyEffect [Before] ID=InstanceId(-9223369688346507635): agent props = {"hunger": 70.0627442063492, "held_item": "", "entity": null, "at_target": null}
[GdPAI | debug] ApplyEffect [After] ID=InstanceId(-9223369688346507635): agent props = {"hunger": 70.0627442063492, "held_item": "", "entity": null, "at_target": null}
[GdPAI | debug]   Snapshotting prop: hunger = Float(70.0627442063492) (Variant type: FLOAT)
[GdPAI | debug]   Snapshotting prop: held_item = Str("") (Variant type: STRING)
[GdPAI | debug]   Snapshotting prop: entity = Nil (Variant type: NIL)
[GdPAI | debug]   Snapshotting prop: at_target = Nil (Variant type: NIL)
WARNING: [GdPAI] ObjectRef(1382643928884): object was freed before callback; returning Nil.
   at: gdplanningai_rust::logger::process_logs (src\logger.rs:66)
   GDScript backtrace (most recent call first):
       [0] _process (res://addons/GdPlanningAI/gdpai_autoload.gd:21)
[GdPAI | debug] GetCost: callable returned non-numeric value: null; returning INFINITY
WARNING: [GdPAI] ObjectRef(124621163998): object was freed before callback; returning Nil.
   at: gdplanningai_rust::logger::process_logs (src\logger.rs:66)
   GDScript backtrace (most recent call first):
       [0] _process (res://addons/GdPlanningAI/gdpai_autoload.gd:21)
WARNING: [GdPAI] ObjectRef(124134624705): object was freed before callback; returning Nil.
   at: gdplanningai_rust::logger::process_logs (src\logger.rs:66)
   GDScript backtrace (most recent call first):
       [0] _process (res://addons/GdPlanningAI/gdpai_autoload.gd:21)
WARNING: [GdPAI] ObjectRef(124134624705): object was freed before callback; returning Nil.
   at: gdplanningai_rust::logger::process_logs (src\logger.rs:66)
   GDScript backtrace (most recent call first):
       [0] _process (res://addons/GdPlanningAI/gdpai_autoload.gd:21)
[GdPAI | debug] GetCost: callable returned non-numeric value: null; returning INFINITY
WARNING: [GdPAI] ObjectRef(1382643928884): object was freed before callback; returning Nil.
   at: gdplanningai_rust::logger::process_logs (src\logger.rs:66)
   GDScript backtrace (most recent call first):
       [0] _process (res://addons/GdPlanningAI/gdpai_autoload.gd:21)
[GdPAI | debug] ApplyEffect [Before] ID=InstanceId(-9223369686433905008): agent props = {"at_target": null, "hunger": 95.0603725, "held_item": "wood", "entity": null}
[GdPAI | debug] ApplyEffect [After] ID=InstanceId(-9223369686433905008): agent props = {"at_target": null, "hunger": 95.0603725, "held_item": "wood", "entity": null}
[GdPAI | debug]   Snapshotting prop: at_target = Nil (Variant type: NIL)
[GdPAI | debug]   Snapshotting prop: hunger = Float(95.0603725) (Variant type: FLOAT)
[GdPAI | debug]   Snapshotting prop: held_item = Str("wood") (Variant type: STRING)
[GdPAI | debug]   Snapshotting prop: entity = Nil (Variant type: NIL)
WARNING: [GdPAI] ObjectRef(124621163998): object was freed before callback; returning Nil.
   at: gdplanningai_rust::logger::process_logs (src\logger.rs:66)
   GDScript backtrace (most recent call first):
       [0] _process (res://addons/GdPlanningAI/gdpai_autoload.gd:21)
WARNING: [GdPAI] ObjectRef(124134624705): object was freed before callback; returning Nil.
   at: gdplanningai_rust::logger::process_logs (src\logger.rs:66)
   GDScript backtrace (most recent call first):
       [0] _process (res://addons/GdPlanningAI/gdpai_autoload.gd:21)
WARNING: [GdPAI] ObjectRef(124134624705): object was freed before callback; returning Nil.
   at: gdplanningai_rust::logger::process_logs (src\logger.rs:66)
   GDScript backtrace (most recent call first):
       [0] _process (res://addons/GdPlanningAI/gdpai_autoload.gd:21)
[GdPAI | debug] ApplyEffect [Before] ID=InstanceId(-9223369685628598645): agent props = {"entity": null, "held_item": "", "hunger": 70.0627442063492, "at_target": null}
[GdPAI | debug] ApplyEffect [After] ID=InstanceId(-9223369685628598645): agent props = {"entity": null, "held_item": "", "hunger": 70.0627442063492, "at_target": null}
[GdPAI | debug]   Snapshotting prop: entity = Nil (Variant type: NIL)
[GdPAI | debug]   Snapshotting prop: held_item = Str("") (Variant type: STRING)
[GdPAI | debug]   Snapshotting prop: hunger = Float(70.0627442063492) (Variant type: FLOAT)
[GdPAI | debug]   Snapshotting prop: at_target = Nil (Variant type: NIL)
WARNING: [GdPAI] ObjectRef(1382643928884): object was freed before callback; returning Nil.
   at: gdplanningai_rust::logger::process_logs (src\logger.rs:66)
   GDScript backtrace (most recent call first):
       [0] _process (res://addons/GdPlanningAI/gdpai_autoload.gd:21)
WARNING: [GdPAI] ObjectRef(1382643928884): object was freed before callback; returning Nil.
   at: gdplanningai_rust::logger::process_logs (src\logger.rs:66)
   GDScript backtrace (most recent call first):
       [0] _process (res://addons/GdPlanningAI/gdpai_autoload.gd:21)
WARNING: [GdPAI] ObjectRef(1382459379475): object was freed before callback; returning Nil.
   at: gdplanningai_rust::logger::process_logs (src\logger.rs:66)
   GDScript backtrace (most recent call first):
       [0] _process (res://addons/GdPlanningAI/gdpai_autoload.gd:21)
WARNING: [GdPAI] ObjectRef(1382459379475): object was freed before callback; returning Nil.
   at: gdplanningai_rust::logger::process_logs (src\logger.rs:66)
   GDScript backtrace (most recent call first):
       [0] _process (res://addons/GdPlanningAI/gdpai_autoload.gd:21)
[GdPAI | debug] GetCost: callable returned non-numeric value: null; returning INFINITY
WARNING: [GdPAI] ObjectRef(124621163998): object was freed before callback; returning Nil.
   at: gdplanningai_rust::logger::process_logs (src\logger.rs:66)
   GDScript backtrace (most recent call first):
       [0] _process (res://addons/GdPlanningAI/gdpai_autoload.gd:21)
WARNING: [GdPAI] ObjectRef(124134624705): object was freed before callback; returning Nil.
   at: gdplanningai_rust::logger::process_logs (src\logger.rs:66)
   GDScript backtrace (most recent call first):
       [0] _process (res://addons/GdPlanningAI/gdpai_autoload.gd:21)
WARNING: [GdPAI] ObjectRef(124134624705): object was freed before callback; returning Nil.
   at: gdplanningai_rust::logger::process_logs (src\logger.rs:66)
   GDScript backtrace (most recent call first):
       [0] _process (res://addons/GdPlanningAI/gdpai_autoload.gd:21)
[GdPAI | debug] GetCost: callable returned non-numeric value: null; returning INFINITY
WARNING: [GdPAI] ObjectRef(1382643928884): object was freed before callback; returning Nil.
   at: gdplanningai_rust::logger::process_logs (src\logger.rs:66)
   GDScript backtrace (most recent call first):
       [0] _process (res://addons/GdPlanningAI/gdpai_autoload.gd:21)
WARNING: [GdPAI] ObjectRef(1382643928884): object was freed before callback; returning Nil.
   at: gdplanningai_rust::logger::process_logs (src\logger.rs:66)
   GDScript backtrace (most recent call first):
       [0] _process (res://addons/GdPlanningAI/gdpai_autoload.gd:21)
WARNING: [GdPAI] ObjectRef(1382459379475): object was freed before callback; returning Nil.
   at: gdplanningai_rust::logger::process_logs (src\logger.rs:66)
   GDScript backtrace (most recent call first):
       [0] _process (res://addons/GdPlanningAI/gdpai_autoload.gd:21)
WARNING: [GdPAI] ObjectRef(1382459379475): object was freed before callback; returning Nil.
   at: gdplanningai_rust::logger::process_logs (src\logger.rs:66)
   GDScript backtrace (most recent call first):
       [0] _process (res://addons/GdPlanningAI/gdpai_autoload.gd:21)
[GdPAI | debug] ApplyEffect [Before] ID=InstanceId(-9223369683514669377): agent props = {"held_item": "", "entity": null, "hunger": 95.0603725, "at_target": null}
[GdPAI | debug] ApplyEffect [After] ID=InstanceId(-9223369683514669377): agent props = {"held_item": "", "entity": null, "hunger": 95.0603725, "at_target": null}
[GdPAI | debug]   Snapshotting prop: held_item = Str("") (Variant type: STRING)
[GdPAI | debug]   Snapshotting prop: entity = Nil (Variant type: NIL)
[GdPAI | debug]   Snapshotting prop: hunger = Float(95.0603725) (Variant type: FLOAT)
[GdPAI | debug]   Snapshotting prop: at_target = Nil (Variant type: NIL)
WARNING: [GdPAI] ObjectRef(124621163998): object was freed before callback; returning Nil.
   at: gdplanningai_rust::logger::process_logs (src\logger.rs:66)
   GDScript backtrace (most recent call first):
       [0] _process (res://addons/GdPlanningAI/gdpai_autoload.gd:21)
WARNING: [GdPAI] ObjectRef(124134624705): object was freed before callback; returning Nil.
   at: gdplanningai_rust::logger::process_logs (src\logger.rs:66)
   GDScript backtrace (most recent call first):
       [0] _process (res://addons/GdPlanningAI/gdpai_autoload.gd:21)
WARNING: [GdPAI] ObjectRef(124134624705): object was freed before callback; returning Nil.
   at: gdplanningai_rust::logger::process_logs (src\logger.rs:66)
   GDScript backtrace (most recent call first):
       [0] _process (res://addons/GdPlanningAI/gdpai_autoload.gd:21)
[GdPAI | debug] ApplyEffect [Before] ID=InstanceId(-9223369682591922486): agent props = {"held_item": "", "entity": null, "hunger": 70.0627442063492, "at_target": null}
[GdPAI | debug] ApplyEffect [After] ID=InstanceId(-9223369682591922486): agent props = {"held_item": "", "entity": null, "hunger": 70.0627442063492, "at_target": null}
[GdPAI | debug]   Snapshotting prop: held_item = Str("") (Variant type: STRING)
[GdPAI | debug]   Snapshotting prop: entity = Nil (Variant type: NIL)
[GdPAI | debug]   Snapshotting prop: hunger = Float(70.0627442063492) (Variant type: FLOAT)
[GdPAI | debug]   Snapshotting prop: at_target = Nil (Variant type: NIL)
WARNING: [GdPAI] ObjectRef(1382643928884): object was freed before callback; returning Nil.
   at: gdplanningai_rust::logger::process_logs (src\logger.rs:66)
   GDScript backtrace (most recent call first):
       [0] _process (res://addons/GdPlanningAI/gdpai_autoload.gd:21)
WARNING: [GdPAI] ObjectRef(1382459379475): object was freed before callback; returning Nil.
   at: gdplanningai_rust::logger::process_logs (src\logger.rs:66)
   GDScript backtrace (most recent call first):
       [0] _process (res://addons/GdPlanningAI/gdpai_autoload.gd:21)
WARNING: [GdPAI] ObjectRef(1382459379475): object was freed before callback; returning Nil.
   at: gdplanningai_rust::logger::process_logs (src\logger.rs:66)
   GDScript backtrace (most recent call first):
       [0] _process (res://addons/GdPlanningAI/gdpai_autoload.gd:21)
[GdPAI | debug] GetCost: callable returned non-numeric value: null; returning INFINITY
WARNING: [GdPAI] ObjectRef(124621163998): object was freed before callback; returning Nil.
   at: gdplanningai_rust::logger::process_logs (src\logger.rs:66)
   GDScript backtrace (most recent call first):
       [0] _process (res://addons/GdPlanningAI/gdpai_autoload.gd:21)
[GdPAI | debug] GetCost: callable returned non-numeric value: null; returning INFINITY
WARNING: [GdPAI] ObjectRef(1382643928884): object was freed before callback; returning Nil.
   at: gdplanningai_rust::logger::process_logs (src\logger.rs:66)
   GDScript backtrace (most recent call first):
       [0] _process (res://addons/GdPlanningAI/gdpai_autoload.gd:21)
WARNING: [GdPAI] ObjectRef(1382459379475): object was freed before callback; returning Nil.
   at: gdplanningai_rust::logger::process_logs (src\logger.rs:66)
   GDScript backtrace (most recent call first):
       [0] _process (res://addons/GdPlanningAI/gdpai_autoload.gd:21)
WARNING: [GdPAI] ObjectRef(1382459379475): object was freed before callback; returning Nil.
   at: gdplanningai_rust::logger::process_logs (src\logger.rs:66)
   GDScript backtrace (most recent call first):
       [0] _process (res://addons/GdPlanningAI/gdpai_autoload.gd:21)
[GdPAI | debug] ApplyEffect [Before] ID=InstanceId(-9223369680545102098): agent props = {"hunger": 95.0603725, "at_target": null, "held_item": "", "entity": null}
[GdPAI | debug] ApplyEffect [After] ID=InstanceId(-9223369680545102098): agent props = {"hunger": 95.0603725, "at_target": null, "held_item": "", "entity": null}
[GdPAI | debug]   Snapshotting prop: hunger = Float(95.0603725) (Variant type: FLOAT)
[GdPAI | debug]   Snapshotting prop: at_target = Nil (Variant type: NIL)
[GdPAI | debug]   Snapshotting prop: held_item = Str("") (Variant type: STRING)
[GdPAI | debug]   Snapshotting prop: entity = Nil (Variant type: NIL)
WARNING: [GdPAI] ObjectRef(124621163998): object was freed before callback; returning Nil.
   at: gdplanningai_rust::logger::process_logs (src\logger.rs:66)
   GDScript backtrace (most recent call first):
       [0] _process (res://addons/GdPlanningAI/gdpai_autoload.gd:21)
[GdPAI | debug] ApplyEffect [Before] ID=InstanceId(-9223369679773350144): agent props = {"held_item": "wood", "entity": null, "at_target": null, "hunger": 70.0627442063492}
[GdPAI | debug] ApplyEffect [After] ID=InstanceId(-9223369679773350144): agent props = {"held_item": "wood", "entity": null, "at_target": null, "hunger": 70.0627442063492}
[GdPAI | debug]   Snapshotting prop: held_item = Str("wood") (Variant type: STRING)
[GdPAI | debug]   Snapshotting prop: entity = Nil (Variant type: NIL)
[GdPAI | debug]   Snapshotting prop: at_target = Nil (Variant type: NIL)
[GdPAI | debug]   Snapshotting prop: hunger = Float(70.0627442063492) (Variant type: FLOAT)
WARNING: [GdPAI] ObjectRef(1382643928884): object was freed before callback; returning Nil.
   at: gdplanningai_rust::logger::process_logs (src\logger.rs:66)
   GDScript backtrace (most recent call first):
       [0] _process (res://addons/GdPlanningAI/gdpai_autoload.gd:21)
[GdPAI | debug] GetCost: callable returned non-numeric value: null; returning INFINITY
WARNING: [GdPAI] ObjectRef(124621163998): object was freed before callback; returning Nil.
   at: gdplanningai_rust::logger::process_logs (src\logger.rs:66)
   GDScript backtrace (most recent call first):
       [0] _process (res://addons/GdPlanningAI/gdpai_autoload.gd:21)
WARNING: [GdPAI] ObjectRef(124621163998): object was freed before callback; returning Nil.
   at: gdplanningai_rust::logger::process_logs (src\logger.rs:66)
   GDScript backtrace (most recent call first):
       [0] _process (res://addons/GdPlanningAI/gdpai_autoload.gd:21)
WARNING: [GdPAI] ObjectRef(123983629752): object was freed before callback; returning Nil.
   at: gdplanningai_rust::logger::process_logs (src\logger.rs:66)
   GDScript backtrace (most recent call first):
       [0] _process (res://addons/GdPlanningAI/gdpai_autoload.gd:21)
WARNING: [GdPAI] ObjectRef(124587609564): object was freed before callback; returning Nil.
   at: gdplanningai_rust::logger::process_logs (src\logger.rs:66)
   GDScript backtrace (most recent call first):
       [0] _process (res://addons/GdPlanningAI/gdpai_autoload.gd:21)
WARNING: [GdPAI] ObjectRef(123983629752): object was freed before callback; returning Nil.
   at: gdplanningai_rust::logger::process_logs (src\logger.rs:66)
   GDScript backtrace (most recent call first):
       [0] _process (res://addons/GdPlanningAI/gdpai_autoload.gd:21)
WARNING: [GdPAI] ObjectRef(124587609564): object was freed before callback; returning Nil.
   at: gdplanningai_rust::logger::process_logs (src\logger.rs:66)
   GDScript backtrace (most recent call first):
       [0] _process (res://addons/GdPlanningAI/gdpai_autoload.gd:21)
[GdPAI | debug] GetCost: callable returned non-numeric value: null; returning INFINITY
WARNING: [GdPAI] ObjectRef(1382643928884): object was freed before callback; returning Nil.
   at: gdplanningai_rust::logger::process_logs (src\logger.rs:66)
   GDScript backtrace (most recent call first):
       [0] _process (res://addons/GdPlanningAI/gdpai_autoload.gd:21)
[GdPAI | debug] ApplyEffect [Before] ID=InstanceId(-9223369677927856371): agent props = {"held_item": "wood", "at_target": null, "hunger": 95.0603725, "entity": null}
[GdPAI | debug] ApplyEffect [After] ID=InstanceId(-9223369677927856371): agent props = {"held_item": "wood", "at_target": null, "hunger": 95.0603725, "entity": null}
[GdPAI | debug]   Snapshotting prop: held_item = Str("wood") (Variant type: STRING)
[GdPAI | debug]   Snapshotting prop: at_target = Nil (Variant type: NIL)
[GdPAI | debug]   Snapshotting prop: hunger = Float(95.0603725) (Variant type: FLOAT)
[GdPAI | debug]   Snapshotting prop: entity = Nil (Variant type: NIL)
[GdPAI] A* Iteration: pop node with chain length 3
[GdPAI | debug] Numeric comparison: 95.0603725 LessThan 80.0603725 -> false
[GdPAI | debug] find_candidates: Checking 15 actions against 0 preconds and 0 requirements
[GdPAI | debug] SimObjectProxy::is_in_group: object 2328123944241 in group CampfireObject -> false
[GdPAI | debug] SimObjectProxy::is_in_group: object 2328274937666 in group CampfireObject -> false
[GdPAI | debug] SimObjectProxy::is_in_group: object 2329315127401 in group CampfireObject -> false
[GdPAI | debug] SimObjectProxy::is_in_group: object 2329466113458 in group CampfireObject -> false
[GdPAI | debug] SimObjectProxy::is_in_group: object 2327939395657 in group CampfireObject -> true
[GdPAI | debug] SimObjectProxy::is_in_group: object 2328996351479 in group CampfireObject -> false
[GdPAI | debug] SimObjectProxy::is_in_group: object 2328107165513 in group CampfireObject -> false
[GdPAI | debug] SimObjectProxy::is_in_group: object 2329600331314 in group CampfireObject -> false
[GdPAI | debug] SimObjectProxy::is_in_group: object 2328392378204 in group CampfireObject -> false
[GdPAI | debug] SimObjectProxy::is_in_group: object 2328543373136 in group CampfireObject -> false
[GdPAI | debug] SimObjectProxy::is_in_group: object 2329130569477 in group CampfireObject -> false
[GdPAI | debug] SimObjectProxy::is_in_group: object 2329617108524 in group CampfireObject -> false
[GdPAI | debug] SimObjectProxy::is_in_group: object 2328090390617 in group CampfireObject -> false
[GdPAI | debug] SimObjectProxy::is_in_group: object 2329013128996 in group CampfireObject -> false
[GdPAI | debug] SimObjectProxy::is_in_group: object 2329281572971 in group CampfireObject -> false
[GdPAI | debug] SimObjectProxy::is_in_group: object 2328979574534 in group CampfireObject -> false
[GdPAI | debug] SimObjectProxy::is_in_group: object 2328576927530 in group CampfireObject -> false
[GdPAI | debug] SimObjectProxy::is_in_group: object 2329432559131 in group CampfireObject -> false
[GdPAI | debug] SimObjectProxy::is_in_group: object 2329449336267 in group CampfireObject -> false
[GdPAI | debug] SimObjectProxy::is_in_group: object 2328811802418 in group CampfireObject -> false
[GdPAI | debug] SimObjectProxy::is_in_group: object 2328409155418 in group CampfireObject -> false
[GdPAI | debug] SimObjectProxy::is_in_group: object 2328425932628 in group CampfireObject -> false
[GdPAI | debug] SimObjectProxy::is_in_group: object 2328258160465 in group CampfireObject -> false
[GdPAI | debug] SimObjectProxy::is_in_group: object 2329164123914 in group CampfireObject -> false
[GdPAI | debug] SimObjectProxy::is_in_group: object 2329147346733 in group CampfireObject -> false
[GdPAI | debug] SimObjectProxy::is_in_group: object 2328241383236 in group CampfireObject -> false
[GdPAI | debug] SimObjectProxy::is_in_group: object 2329298350186 in group CampfireObject -> false
[GdPAI | debug] SimObjectProxy::is_in_group: object 2328560150243 in group CampfireObject -> false
[GdPAI | debug] SimObjectProxy::is_in_group: object 2327972950110 in group CampfireObject -> false
[GdPAI | debug] SimObjectProxy::is_in_group: object 2329583554093 in group CampfireObject -> false
[GdPAI | debug] SimObjectProxy::is_in_group: object 2327956172874 in group CampfireObject -> false
[GdPAI | debug]   Snapshotting prop: entity = ObjectRef(2328610481994) (Variant type: OBJECT)
[GdPAI | debug]   Snapshotting prop: held_item = Str("wood") (Variant type: STRING)
[GdPAI | debug]   Snapshotting prop: hunger = Float(10.065054166666664) (Variant type: FLOAT)
[GdPAI] Submitting plan: 15 actions, 2 goals, 56 callables
[GdPAI | debug] PlannerEngine: Searching for goal 'Hunger' (reward: 10.065054166666664)
[GdPAI] PlannerEngine: Searching for goal 'Hunger'
[GdPAI | debug] Numeric comparison: 10.065054166666664 LessThan 0 -> false
[GdPAI]   Root branch: 1 open preconds, 0 open requirements
[GdPAI]     Precond 0: Builtin { target: Agent, operation: LessThan, property_name: "hunger", value: Some(Float(0.0)) }
[GdPAI] A* Iteration: pop node with chain length 0
[GdPAI | debug] find_candidates: Checking 15 actions against 1 preconds and 0 requirements
WARNING: [GdPAI] ObjectRef(124621163998): object was freed before callback; returning Nil.
   at: gdplanningai_rust::logger::process_logs (src\logger.rs:66)
   GDScript backtrace (most recent call first):
       [0] _start_plan_and_wait (res://test/integration/test_campfire_example_smoke.gd:57)
       [1] test_cannot_add_fuel_when_full (res://test/integration/test_campfire_example_smoke.gd:182)
       [2] _pump_frames (res://test/integration/test_campfire_example_smoke.gd:44)
WARNING: [GdPAI] ObjectRef(124621163998): object was freed before callback; returning Nil.
   at: gdplanningai_rust::logger::process_logs (src\logger.rs:66)
   GDScript backtrace (most recent call first):
       [0] _start_plan_and_wait (res://test/integration/test_campfire_example_smoke.gd:57)
       [1] test_cannot_add_fuel_when_full (res://test/integration/test_campfire_example_smoke.gd:182)
       [2] _pump_frames (res://test/integration/test_campfire_example_smoke.gd:44)
WARNING: [GdPAI] ObjectRef(123983629752): object was freed before callback; returning Nil.
   at: gdplanningai_rust::logger::process_logs (src\logger.rs:66)
   GDScript backtrace (most recent call first):
       [0] _start_plan_and_wait (res://test/integration/test_campfire_example_smoke.gd:57)
       [1] test_cannot_add_fuel_when_full (res://test/integration/test_campfire_example_smoke.gd:182)
       [2] _pump_frames (res://test/integration/test_campfire_example_smoke.gd:44)
WARNING: [GdPAI] ObjectRef(124587609564): object was freed before callback; returning Nil.
   at: gdplanningai_rust::logger::process_logs (src\logger.rs:66)
   GDScript backtrace (most recent call first):
       [0] _start_plan_and_wait (res://test/integration/test_campfire_example_smoke.gd:57)
       [1] test_cannot_add_fuel_when_full (res://test/integration/test_campfire_example_smoke.gd:182)
       [2] _pump_frames (res://test/integration/test_campfire_example_smoke.gd:44)
WARNING: [GdPAI] ObjectRef(123983629752): object was freed before callback; returning Nil.
   at: gdplanningai_rust::logger::process_logs (src\logger.rs:66)
   GDScript backtrace (most recent call first):
       [0] _start_plan_and_wait (res://test/integration/test_campfire_example_smoke.gd:57)
       [1] test_cannot_add_fuel_when_full (res://test/integration/test_campfire_example_smoke.gd:182)
       [2] _pump_frames (res://test/integration/test_campfire_example_smoke.gd:44)
WARNING: [GdPAI] ObjectRef(124587609564): object was freed before callback; returning Nil.
   at: gdplanningai_rust::logger::process_logs (src\logger.rs:66)
   GDScript backtrace (most recent call first):
       [0] _start_plan_and_wait (res://test/integration/test_campfire_example_smoke.gd:57)
       [1] test_cannot_add_fuel_when_full (res://test/integration/test_campfire_example_smoke.gd:182)
       [2] _pump_frames (res://test/integration/test_campfire_example_smoke.gd:44)
[GdPAI | debug] ApplyEffect [Before] ID=InstanceId(-9223369673951656115): agent props = {"hunger": 70.0627442063492, "held_item": "", "entity": null, "at_target": null}
[GdPAI | debug] ApplyEffect [After] ID=InstanceId(-9223369673951656115): agent props = {"hunger": 70.0627442063492, "held_item": "", "entity": null, "at_target": null}
[GdPAI | debug]   Snapshotting prop: hunger = Float(70.0627442063492) (Variant type: FLOAT)
[GdPAI | debug]   Snapshotting prop: held_item = Str("") (Variant type: STRING)
[GdPAI | debug]   Snapshotting prop: entity = Nil (Variant type: NIL)
[GdPAI | debug]   Snapshotting prop: at_target = Nil (Variant type: NIL)
WARNING: [GdPAI] ObjectRef(1382643928884): object was freed before callback; returning Nil.
   at: gdplanningai_rust::logger::process_logs (src\logger.rs:66)
   GDScript backtrace (most recent call first):
       [0] _start_plan_and_wait (res://test/integration/test_campfire_example_smoke.gd:57)
       [1] test_cannot_add_fuel_when_full (res://test/integration/test_campfire_example_smoke.gd:182)
       [2] _pump_frames (res://test/integration/test_campfire_example_smoke.gd:44)
WARNING: [GdPAI] ObjectRef(1382643928884): object was freed before callback; returning Nil.
   at: gdplanningai_rust::logger::process_logs (src\logger.rs:66)
   GDScript backtrace (most recent call first):
       [0] _start_plan_and_wait (res://test/integration/test_campfire_example_smoke.gd:57)
       [1] test_cannot_add_fuel_when_full (res://test/integration/test_campfire_example_smoke.gd:182)
       [2] _pump_frames (res://test/integration/test_campfire_example_smoke.gd:44)
[GdPAI | debug] Discovery: Starting simulation for action Go To
WARNING: [GdPAI] ObjectRef(124621163998): object was freed before callback; returning Nil.
   at: gdplanningai_rust::logger::process_logs (src\logger.rs:66)
   GDScript backtrace (most recent call first):
       [0] _process (res://addons/GdPlanningAI/gdpai_autoload.gd:21)
WARNING: [GdPAI] ObjectRef(124587609564): object was freed before callback; returning Nil.
   at: gdplanningai_rust::logger::process_logs (src\logger.rs:66)
   GDScript backtrace (most recent call first):
       [0] _process (res://addons/GdPlanningAI/gdpai_autoload.gd:21)
WARNING: [GdPAI] ObjectRef(124587609564): object was freed before callback; returning Nil.
   at: gdplanningai_rust::logger::process_logs (src\logger.rs:66)
   GDScript backtrace (most recent call first):
       [0] _process (res://addons/GdPlanningAI/gdpai_autoload.gd:21)
[GdPAI | debug] GetCost: callable returned non-numeric value: null; returning INFINITY
WARNING: [GdPAI] ObjectRef(1382643928884): object was freed before callback; returning Nil.
   at: gdplanningai_rust::logger::process_logs (src\logger.rs:66)
   GDScript backtrace (most recent call first):
       [0] _process (res://addons/GdPlanningAI/gdpai_autoload.gd:21)
WARNING: [GdPAI] ObjectRef(1382643928884): object was freed before callback; returning Nil.
   at: gdplanningai_rust::logger::process_logs (src\logger.rs:66)
   GDScript backtrace (most recent call first):
       [0] _process (res://addons/GdPlanningAI/gdpai_autoload.gd:21)
WARNING: [GdPAI] ObjectRef(124621163998): object was freed before callback; returning Nil.
   at: gdplanningai_rust::logger::process_logs (src\logger.rs:66)
   GDScript backtrace (most recent call first):
       [0] _start_plan_and_wait (res://test/integration/test_campfire_example_smoke.gd:57)
WARNING: [GdPAI] ObjectRef(124587609564): object was freed before callback; returning Nil.
   at: gdplanningai_rust::logger::process_logs (src\logger.rs:66)
   GDScript backtrace (most recent call first):
       [0] _start_plan_and_wait (res://test/integration/test_campfire_example_smoke.gd:57)
WARNING: [GdPAI] ObjectRef(124587609564): object was freed before callback; returning Nil.
   at: gdplanningai_rust::logger::process_logs (src\logger.rs:66)
   GDScript backtrace (most recent call first):
       [0] _start_plan_and_wait (res://test/integration/test_campfire_example_smoke.gd:57)
[GdPAI | debug] ApplyEffect [Before] ID=InstanceId(-9223369669841238165): agent props = {"hunger": 70.0627442063492, "entity": null, "held_item": "", "at_target": null}
[GdPAI | debug] ApplyEffect [After] ID=InstanceId(-9223369669841238165): agent props = {"hunger": 70.0627442063492, "entity": null, "held_item": "", "at_target": null}
[GdPAI | debug]   Snapshotting prop: hunger = Float(70.0627442063492) (Variant type: FLOAT)
[GdPAI | debug]   Snapshotting prop: entity = Nil (Variant type: NIL)
[GdPAI | debug]   Snapshotting prop: held_item = Str("") (Variant type: STRING)
[GdPAI | debug]   Snapshotting prop: at_target = Nil (Variant type: NIL)
WARNING: [GdPAI] ObjectRef(1382643928884): object was freed before callback; returning Nil.
   at: gdplanningai_rust::logger::process_logs (src\logger.rs:66)
   GDScript backtrace (most recent call first):
       [0] _start_plan_and_wait (res://test/integration/test_campfire_example_smoke.gd:57)
WARNING: [GdPAI] ObjectRef(1382643928884): object was freed before callback; returning Nil.
   at: gdplanningai_rust::logger::process_logs (src\logger.rs:66)
   GDScript backtrace (most recent call first):
       [0] _start_plan_and_wait (res://test/integration/test_campfire_example_smoke.gd:57)
[GdPAI | debug] Discovery: Action Cook Potato failed validity check, skipping
[GdPAI | debug] ApplyEffect [Before] ID=InstanceId(-9223369668700387477): agent props = {"held_item": "wood", "entity": VariantGd { id: 2328610481994, class: RigidBody2D }, "hunger": 10.065054166666664}
[GdPAI | debug] ApplyEffect [After] ID=InstanceId(-9223369668700387477): agent props = {"held_item": "wood", "entity": VariantGd { id: 2328610481994, class: RigidBody2D }, "hunger": 10.065054166666664}
[GdPAI | debug]   Snapshotting prop: held_item = Str("wood") (Variant type: STRING)
[GdPAI | debug]   Snapshotting prop: entity = ObjectRef(2328610481994) (Variant type: OBJECT)
[GdPAI | debug]   Snapshotting prop: hunger = Float(10.065054166666664) (Variant type: FLOAT)
[GdPAI | debug] Discovery: Simulation success for Go To. Agent props: {"entity": ObjectRef(2328610481994), "held_item": Str("wood"), "hunger": Float(10.065054166666664)}
[GdPAI | debug] Numeric comparison: 10.065054166666664 LessThan 0 -> false
[GdPAI | debug] Discovery: Action Go To did NOT satisfy precond Builtin { target: Agent, operation: LessThan, property_name: "hunger", value: Some(Float(0.0)) }
[GdPAI | debug] Discovery: Starting simulation for action Eat Held Food
WARNING: [GdPAI] ObjectRef(124621163998): object was freed before callback; returning Nil.
   at: gdplanningai_rust::logger::process_logs (src\logger.rs:66)
   GDScript backtrace (most recent call first):
       [0] _process (res://addons/GdPlanningAI/gdpai_autoload.gd:21)
WARNING: [GdPAI] ObjectRef(123983629752): object was freed before callback; returning Nil.
   at: gdplanningai_rust::logger::process_logs (src\logger.rs:66)
   GDScript backtrace (most recent call first):
       [0] _process (res://addons/GdPlanningAI/gdpai_autoload.gd:21)
WARNING: [GdPAI] ObjectRef(123983629752): object was freed before callback; returning Nil.
   at: gdplanningai_rust::logger::process_logs (src\logger.rs:66)
   GDScript backtrace (most recent call first):
       [0] _process (res://addons/GdPlanningAI/gdpai_autoload.gd:21)
[GdPAI | debug] GetCost: callable returned non-numeric value: null; returning INFINITY
WARNING: [GdPAI] ObjectRef(1382643928884): object was freed before callback; returning Nil.
   at: gdplanningai_rust::logger::process_logs (src\logger.rs:66)
   GDScript backtrace (most recent call first):
       [0] _process (res://addons/GdPlanningAI/gdpai_autoload.gd:21)
WARNING: [GdPAI] ObjectRef(1382643928884): object was freed before callback; returning Nil.
   at: gdplanningai_rust::logger::process_logs (src\logger.rs:66)
   GDScript backtrace (most recent call first):
       [0] _process (res://addons/GdPlanningAI/gdpai_autoload.gd:21)
[GdPAI | debug] Discovery: Action Dig Potato failed validity check, skipping
WARNING: [GdPAI] ObjectRef(124621163998): object was freed before callback; returning Nil.
   at: gdplanningai_rust::logger::process_logs (src\logger.rs:66)
   GDScript backtrace (most recent call first):
       [0] _start_plan_and_wait (res://test/integration/test_campfire_example_smoke.gd:57)
WARNING: [GdPAI] ObjectRef(123983629752): object was freed before callback; returning Nil.
   at: gdplanningai_rust::logger::process_logs (src\logger.rs:66)
   GDScript backtrace (most recent call first):
       [0] _start_plan_and_wait (res://test/integration/test_campfire_example_smoke.gd:57)
WARNING: [GdPAI] ObjectRef(123983629752): object was freed before callback; returning Nil.
   at: gdplanningai_rust::logger::process_logs (src\logger.rs:66)
   GDScript backtrace (most recent call first):
       [0] _start_plan_and_wait (res://test/integration/test_campfire_example_smoke.gd:57)
[GdPAI | debug] ApplyEffect [Before] ID=InstanceId(-9223369665898592350): agent props = {"hunger": 70.0627442063492, "entity": null, "held_item": "", "at_target": null}
[GdPAI | debug] ApplyEffect [After] ID=InstanceId(-9223369665898592350): agent props = {"hunger": 70.0627442063492, "entity": null, "held_item": "", "at_target": null}
[GdPAI | debug]   Snapshotting prop: hunger = Float(70.0627442063492) (Variant type: FLOAT)
[GdPAI | debug]   Snapshotting prop: entity = Nil (Variant type: NIL)
[GdPAI | debug]   Snapshotting prop: held_item = Str("") (Variant type: STRING)
[GdPAI | debug]   Snapshotting prop: at_target = Nil (Variant type: NIL)
WARNING: [GdPAI] ObjectRef(1382643928884): object was freed before callback; returning Nil.
   at: gdplanningai_rust::logger::process_logs (src\logger.rs:66)
   GDScript backtrace (most recent call first):
       [0] _start_plan_and_wait (res://test/integration/test_campfire_example_smoke.gd:57)
WARNING: [GdPAI] ObjectRef(1382643928884): object was freed before callback; returning Nil.
   at: gdplanningai_rust::logger::process_logs (src\logger.rs:66)
   GDScript backtrace (most recent call first):
       [0] _start_plan_and_wait (res://test/integration/test_campfire_example_smoke.gd:57)
[GdPAI | debug] Discovery: Action Dig Potato failed validity check, skipping
[GdPAI | debug] ApplyEffect [Before] ID=InstanceId(-9223369664757741662): agent props = {"held_item": "wood", "hunger": 10.065054166666664, "entity": VariantGd { id: 2328610481994, class: RigidBody2D }}
[GdPAI | debug] ApplyEffect [After] ID=InstanceId(-9223369664757741662): agent props = {"held_item": "wood", "hunger": 10.065054166666664, "entity": VariantGd { id: 2328610481994, class: RigidBody2D }}
[GdPAI | debug]   Snapshotting prop: held_item = Str("wood") (Variant type: STRING)
[GdPAI | debug]   Snapshotting prop: hunger = Float(10.065054166666664) (Variant type: FLOAT)
[GdPAI | debug]   Snapshotting prop: entity = ObjectRef(2328610481994) (Variant type: OBJECT)
[GdPAI | debug] Discovery: Simulation success for Eat Held Food. Agent props: {"held_item": Str("wood"), "hunger": Float(10.065054166666664), "entity": ObjectRef(2328610481994)}
[GdPAI | debug] Numeric comparison: 10.065054166666664 LessThan 0 -> false
[GdPAI | debug] Discovery: Action Eat Held Food did NOT satisfy precond Builtin { target: Agent, operation: LessThan, property_name: "hunger", value: Some(Float(0.0)) }
WARNING: [GdPAI] ObjectRef(124621163998): object was freed before callback; returning Nil.
   at: gdplanningai_rust::logger::process_logs (src\logger.rs:66)
   GDScript backtrace (most recent call first):
       [0] _process (res://addons/GdPlanningAI/gdpai_autoload.gd:21)
WARNING: [GdPAI] ObjectRef(124134624705): object was freed before callback; returning Nil.
   at: gdplanningai_rust::logger::process_logs (src\logger.rs:66)
   GDScript backtrace (most recent call first):
       [0] _process (res://addons/GdPlanningAI/gdpai_autoload.gd:21)
WARNING: [GdPAI] ObjectRef(124134624705): object was freed before callback; returning Nil.
   at: gdplanningai_rust::logger::process_logs (src\logger.rs:66)
   GDScript backtrace (most recent call first):
       [0] _process (res://addons/GdPlanningAI/gdpai_autoload.gd:21)
[GdPAI | debug] GetCost: callable returned non-numeric value: null; returning INFINITY
WARNING: [GdPAI] ObjectRef(1382643928884): object was freed before callback; returning Nil.
   at: gdplanningai_rust::logger::process_logs (src\logger.rs:66)
   GDScript backtrace (most recent call first):
       [0] _process (res://addons/GdPlanningAI/gdpai_autoload.gd:21)
WARNING: [GdPAI] ObjectRef(1382643928884): object was freed before callback; returning Nil.
   at: gdplanningai_rust::logger::process_logs (src\logger.rs:66)
   GDScript backtrace (most recent call first):
       [0] _process (res://addons/GdPlanningAI/gdpai_autoload.gd:21)
[GdPAI | debug] Discovery: Action Dig Potato failed validity check, skipping
[GdPAI | debug] Discovery: Starting simulation for action Go To
WARNING: [GdPAI] ObjectRef(124621163998): object was freed before callback; returning Nil.
   at: gdplanningai_rust::logger::process_logs (src\logger.rs:66)
   GDScript backtrace (most recent call first):
       [0] _start_plan_and_wait (res://test/integration/test_campfire_example_smoke.gd:57)
WARNING: [GdPAI] ObjectRef(124134624705): object was freed before callback; returning Nil.
   at: gdplanningai_rust::logger::process_logs (src\logger.rs:66)
   GDScript backtrace (most recent call first):
       [0] _start_plan_and_wait (res://test/integration/test_campfire_example_smoke.gd:57)
WARNING: [GdPAI] ObjectRef(124134624705): object was freed before callback; returning Nil.
   at: gdplanningai_rust::logger::process_logs (src\logger.rs:66)
   GDScript backtrace (most recent call first):
       [0] _start_plan_and_wait (res://test/integration/test_campfire_example_smoke.gd:57)
[GdPAI | debug] ApplyEffect [Before] ID=InstanceId(-9223369661955946579): agent props = {"held_item": "", "entity": null, "at_target": null, "hunger": 70.0627442063492}
[GdPAI | debug] ApplyEffect [After] ID=InstanceId(-9223369661955946579): agent props = {"held_item": "", "entity": null, "at_target": null, "hunger": 70.0627442063492}
[GdPAI | debug]   Snapshotting prop: held_item = Str("") (Variant type: STRING)
[GdPAI | debug]   Snapshotting prop: entity = Nil (Variant type: NIL)
[GdPAI | debug]   Snapshotting prop: at_target = Nil (Variant type: NIL)
[GdPAI | debug]   Snapshotting prop: hunger = Float(70.0627442063492) (Variant type: FLOAT)
WARNING: [GdPAI] ObjectRef(1382643928884): object was freed before callback; returning Nil.
   at: gdplanningai_rust::logger::process_logs (src\logger.rs:66)
   GDScript backtrace (most recent call first):
       [0] _start_plan_and_wait (res://test/integration/test_campfire_example_smoke.gd:57)
WARNING: [GdPAI] ObjectRef(1382643928884): object was freed before callback; returning Nil.
   at: gdplanningai_rust::logger::process_logs (src\logger.rs:66)
   GDScript backtrace (most recent call first):
       [0] _start_plan_and_wait (res://test/integration/test_campfire_example_smoke.gd:57)
[GdPAI | debug] Discovery: Action Dig Potato failed validity check, skipping
WARNING: [GdPAI] ObjectRef(124621163998): object was freed before callback; returning Nil.
   at: gdplanningai_rust::logger::process_logs (src\logger.rs:66)
   GDScript backtrace (most recent call first):
       [0] _process (res://addons/GdPlanningAI/gdpai_autoload.gd:21)
WARNING: [GdPAI] ObjectRef(124134624705): object was freed before callback; returning Nil.
   at: gdplanningai_rust::logger::process_logs (src\logger.rs:66)
   GDScript backtrace (most recent call first):
       [0] _process (res://addons/GdPlanningAI/gdpai_autoload.gd:21)
WARNING: [GdPAI] ObjectRef(124134624705): object was freed before callback; returning Nil.
   at: gdplanningai_rust::logger::process_logs (src\logger.rs:66)
   GDScript backtrace (most recent call first):
       [0] _process (res://addons/GdPlanningAI/gdpai_autoload.gd:21)
[GdPAI | debug] GetCost: callable returned non-numeric value: null; returning INFINITY
WARNING: [GdPAI] ObjectRef(1382643928884): object was freed before callback; returning Nil.
   at: gdplanningai_rust::logger::process_logs (src\logger.rs:66)
   GDScript backtrace (most recent call first):
       [0] _process (res://addons/GdPlanningAI/gdpai_autoload.gd:21)
WARNING: [GdPAI] ObjectRef(1382643928884): object was freed before callback; returning Nil.
   at: gdplanningai_rust::logger::process_logs (src\logger.rs:66)
   GDScript backtrace (most recent call first):
       [0] _process (res://addons/GdPlanningAI/gdpai_autoload.gd:21)
[GdPAI | debug] Discovery: Action Dig Potato failed validity check, skipping
[GdPAI | debug] No candidates found for branch with 0 preconds and 0 requirements
[GdPAI] A* Iteration: pop node with chain length 3
[GdPAI | debug] Numeric comparison: 95.0603725 LessThan 80.0603725 -> false
[GdPAI | debug] find_candidates: Checking 15 actions against 0 preconds and 0 requirements
[GdPAI | debug] ApplyEffect [Before] ID=InstanceId(-9223369658835384428): agent props = {"held_item": "wood", "entity": VariantGd { id: 2328610481994, class: RigidBody2D }, "hunger": 10.065054166666664}
[GdPAI | debug] ApplyEffect [After] ID=InstanceId(-9223369658835384428): agent props = {"held_item": "wood", "entity": VariantGd { id: 2328610481994, class: RigidBody2D }, "hunger": 10.065054166666664}
[GdPAI | debug]   Snapshotting prop: held_item = Str("wood") (Variant type: STRING)
[GdPAI | debug]   Snapshotting prop: entity = ObjectRef(2328610481994) (Variant type: OBJECT)
[GdPAI | debug]   Snapshotting prop: hunger = Float(10.065054166666664) (Variant type: FLOAT)
[GdPAI | debug] Discovery: Simulation success for Go To. Agent props: {"held_item": Str("wood"), "hunger": Float(10.065054166666664), "entity": ObjectRef(2328610481994)}
[GdPAI | debug] Numeric comparison: 10.065054166666664 LessThan 0 -> false
[GdPAI | debug] Discovery: Action Go To did NOT satisfy precond Builtin { target: Agent, operation: LessThan, property_name: "hunger", value: Some(Float(0.0)) }
[GdPAI | debug] Discovery: Starting simulation for action Drop Item
WARNING: [GdPAI] ObjectRef(124621163998): object was freed before callback; returning Nil.
   at: gdplanningai_rust::logger::process_logs (src\logger.rs:66)
   GDScript backtrace (most recent call first):
       [0] _start_plan_and_wait (res://test/integration/test_campfire_example_smoke.gd:57)
WARNING: [GdPAI] ObjectRef(124134624705): object was freed before callback; returning Nil.
   at: gdplanningai_rust::logger::process_logs (src\logger.rs:66)
   GDScript backtrace (most recent call first):
       [0] _start_plan_and_wait (res://test/integration/test_campfire_example_smoke.gd:57)
WARNING: [GdPAI] ObjectRef(124134624705): object was freed before callback; returning Nil.
   at: gdplanningai_rust::logger::process_logs (src\logger.rs:66)
   GDScript backtrace (most recent call first):
       [0] _start_plan_and_wait (res://test/integration/test_campfire_example_smoke.gd:57)
[GdPAI | debug] ApplyEffect [Before] ID=InstanceId(-9223369658013300769): agent props = {"entity": null, "at_target": null, "hunger": 70.0627442063492, "held_item": ""}
[GdPAI | debug] ApplyEffect [After] ID=InstanceId(-9223369658013300769): agent props = {"entity": null, "at_target": null, "hunger": 70.0627442063492, "held_item": ""}
[GdPAI | debug]   Snapshotting prop: entity = Nil (Variant type: NIL)
[GdPAI | debug]   Snapshotting prop: at_target = Nil (Variant type: NIL)
[GdPAI | debug]   Snapshotting prop: hunger = Float(70.0627442063492) (Variant type: FLOAT)
[GdPAI | debug]   Snapshotting prop: held_item = Str("") (Variant type: STRING)
WARNING: [GdPAI] ObjectRef(1382643928884): object was freed before callback; returning Nil.
   at: gdplanningai_rust::logger::process_logs (src\logger.rs:66)
   GDScript backtrace (most recent call first):
       [0] _start_plan_and_wait (res://test/integration/test_campfire_example_smoke.gd:57)
WARNING: [GdPAI] ObjectRef(1382643928884): object was freed before callback; returning Nil.
   at: gdplanningai_rust::logger::process_logs (src\logger.rs:66)
   GDScript backtrace (most recent call first):
       [0] _start_plan_and_wait (res://test/integration/test_campfire_example_smoke.gd:57)
WARNING: [GdPAI] ObjectRef(124621163998): object was freed before callback; returning Nil.
   at: gdplanningai_rust::logger::process_logs (src\logger.rs:66)
   GDScript backtrace (most recent call first):
       [0] _process (res://addons/GdPlanningAI/gdpai_autoload.gd:21)
[GdPAI | debug] GetCost: callable returned non-numeric value: null; returning INFINITY
WARNING: [GdPAI] ObjectRef(1382643928884): object was freed before callback; returning Nil.
   at: gdplanningai_rust::logger::process_logs (src\logger.rs:66)
   GDScript backtrace (most recent call first):
       [0] _process (res://addons/GdPlanningAI/gdpai_autoload.gd:21)
WARNING: [GdPAI] ObjectRef(1382643928884): object was freed before callback; returning Nil.
   at: gdplanningai_rust::logger::process_logs (src\logger.rs:66)
   GDScript backtrace (most recent call first):
       [0] _process (res://addons/GdPlanningAI/gdpai_autoload.gd:21)
[GdPAI | debug] ApplyEffect [Before] ID=InstanceId(-9223369654892738639): agent props = {"hunger": 10.065054166666664, "entity": VariantGd { id: 2328610481994, class: RigidBody2D }, "held_item": "wood"}
[GdPAI | debug] ApplyEffect [After] ID=InstanceId(-9223369654892738639): agent props = {"entity": VariantGd { id: 2328610481994, class: RigidBody2D }, "hunger": 10.065054166666664, "held_item": ""}
[GdPAI | debug]   Snapshotting prop: entity = ObjectRef(2328610481994) (Variant type: OBJECT)
[GdPAI | debug]   Snapshotting prop: hunger = Float(10.065054166666664) (Variant type: FLOAT)
[GdPAI | debug]   Snapshotting prop: held_item = Str("") (Variant type: STRING)
[GdPAI | debug] Discovery: Simulation success for Drop Item. Agent props: {"held_item": Str(""), "hunger": Float(10.065054166666664), "entity": ObjectRef(2328610481994)}
[GdPAI | debug] Numeric comparison: 10.065054166666664 LessThan 0 -> false
[GdPAI | debug] Discovery: Action Drop Item did NOT satisfy precond Builtin { target: Agent, operation: LessThan, property_name: "hunger", value: Some(Float(0.0)) }
[GdPAI | debug] Discovery: Starting simulation for action Add Fuel
WARNING: [GdPAI] ObjectRef(124621163998): object was freed before callback; returning Nil.
   at: gdplanningai_rust::logger::process_logs (src\logger.rs:66)
   GDScript backtrace (most recent call first):
       [0] _start_plan_and_wait (res://test/integration/test_campfire_example_smoke.gd:57)
[GdPAI | debug] ApplyEffect [Before] ID=InstanceId(-9223369654171318323): agent props = {"entity": null, "hunger": 70.0627442063492, "held_item": "wood", "at_target": null}
[GdPAI | debug] ApplyEffect [After] ID=InstanceId(-9223369654171318323): agent props = {"entity": null, "hunger": 70.0627442063492, "held_item": "wood", "at_target": null}
[GdPAI | debug]   Snapshotting prop: entity = Nil (Variant type: NIL)
[GdPAI | debug]   Snapshotting prop: hunger = Float(70.0627442063492) (Variant type: FLOAT)
[GdPAI | debug]   Snapshotting prop: held_item = Str("wood") (Variant type: STRING)
[GdPAI | debug]   Snapshotting prop: at_target = Nil (Variant type: NIL)
WARNING: [GdPAI] ObjectRef(1382643928884): object was freed before callback; returning Nil.
   at: gdplanningai_rust::logger::process_logs (src\logger.rs:66)
   GDScript backtrace (most recent call first):
       [0] _start_plan_and_wait (res://test/integration/test_campfire_example_smoke.gd:57)
WARNING: [GdPAI] ObjectRef(1382643928884): object was freed before callback; returning Nil.
   at: gdplanningai_rust::logger::process_logs (src\logger.rs:66)
   GDScript backtrace (most recent call first):
       [0] _start_plan_and_wait (res://test/integration/test_campfire_example_smoke.gd:57)
[GdPAI | debug] Discovery: Action Cook Potato failed validity check, skipping
[GdPAI] A* Iteration: pop node with chain length 4
[GdPAI | debug] find_candidates: Checking 15 actions against 1 preconds and 4 requirements
WARNING: [GdPAI] ObjectRef(124621163998): object was freed before callback; returning Nil.
   at: gdplanningai_rust::logger::process_logs (src\logger.rs:66)
   GDScript backtrace (most recent call first):
       [0] _process (res://addons/GdPlanningAI/gdpai_autoload.gd:21)
WARNING: [GdPAI] ObjectRef(124621163998): object was freed before callback; returning Nil.
   at: gdplanningai_rust::logger::process_logs (src\logger.rs:66)
   GDScript backtrace (most recent call first):
       [0] _process (res://addons/GdPlanningAI/gdpai_autoload.gd:21)
WARNING: [GdPAI] ObjectRef(1382643928884): object was freed before callback; returning Nil.
   at: gdplanningai_rust::logger::process_logs (src\logger.rs:66)
   GDScript backtrace (most recent call first):
       [0] _process (res://addons/GdPlanningAI/gdpai_autoload.gd:21)
[GdPAI | debug] Discovery: Starting simulation for action Go To
WARNING: [GdPAI] ObjectRef(1382643928884): object was freed before callback; returning Nil.
   at: gdplanningai_rust::logger::process_logs (src\logger.rs:66)
   GDScript backtrace (most recent call first):
       [0] _process (res://addons/GdPlanningAI/gdpai_autoload.gd:21)
[GdPAI | debug] Discovery: Action Dig Potato failed validity check, skipping
[GdPAI | debug] ApplyEffect [Before] ID=InstanceId(-9223369651151419419): agent props = {"held_item": "wood", "entity": VariantGd { id: 2328610481994, class: RigidBody2D }, "hunger": 10.065054166666664}
[GdPAI | debug] ApplyEffect [After] ID=InstanceId(-9223369651151419419): agent props = {"hunger": 10.065054166666664, "held_item": "", "entity": VariantGd { id: 2328610481994, class: RigidBody2D }}
[GdPAI | debug]   Snapshotting prop: hunger = Float(10.065054166666664) (Variant type: FLOAT)
[GdPAI | debug]   Snapshotting prop: held_item = Str("") (Variant type: STRING)
[GdPAI | debug]   Snapshotting prop: entity = ObjectRef(2328610481994) (Variant type: OBJECT)
[GdPAI | debug] Discovery: Simulation success for Add Fuel. Agent props: {"held_item": Str(""), "entity": ObjectRef(2328610481994), "hunger": Float(10.065054166666664)}
[GdPAI | debug] Numeric comparison: 10.065054166666664 LessThan 0 -> false
[GdPAI | debug] Discovery: Action Add Fuel did NOT satisfy precond Builtin { target: Agent, operation: LessThan, property_name: "hunger", value: Some(Float(0.0)) }
WARNING: [GdPAI] ObjectRef(124621163998): object was freed before callback; returning Nil.
   at: gdplanningai_rust::logger::process_logs (src\logger.rs:66)
   GDScript backtrace (most recent call first):
       [0] _start_plan_and_wait (res://test/integration/test_campfire_example_smoke.gd:57)
WARNING: [GdPAI] ObjectRef(124621163998): object was freed before callback; returning Nil.
   at: gdplanningai_rust::logger::process_logs (src\logger.rs:66)
   GDScript backtrace (most recent call first):
       [0] _start_plan_and_wait (res://test/integration/test_campfire_example_smoke.gd:57)
[GdPAI | debug] GetCost: callable returned non-numeric value: null; returning INFINITY
WARNING: [GdPAI] ObjectRef(1382643928884): object was freed before callback; returning Nil.
   at: gdplanningai_rust::logger::process_logs (src\logger.rs:66)
   GDScript backtrace (most recent call first):
       [0] _start_plan_and_wait (res://test/integration/test_campfire_example_smoke.gd:57)
WARNING: [GdPAI] ObjectRef(1382643928884): object was freed before callback; returning Nil.
   at: gdplanningai_rust::logger::process_logs (src\logger.rs:66)
   GDScript backtrace (most recent call first):
       [0] _start_plan_and_wait (res://test/integration/test_campfire_example_smoke.gd:57)
[GdPAI | debug] Discovery: Action Dig Potato failed validity check, skipping
WARNING: [GdPAI] ObjectRef(124621163998): object was freed before callback; returning Nil.
   at: gdplanningai_rust::logger::process_logs (src\logger.rs:66)
   GDScript backtrace (most recent call first):
       [0] _process (res://addons/GdPlanningAI/gdpai_autoload.gd:21)
WARNING: [GdPAI] ObjectRef(124621163998): object was freed before callback; returning Nil.
   at: gdplanningai_rust::logger::process_logs (src\logger.rs:66)
   GDScript backtrace (most recent call first):
       [0] _process (res://addons/GdPlanningAI/gdpai_autoload.gd:21)
[GdPAI | debug] ApplyEffect [Before] ID=InstanceId(-9223369648450287701): agent props = {"held_item": "potato", "entity": null, "hunger": 70.0627442063492}
[GdPAI | debug] ApplyEffect [After] ID=InstanceId(-9223369648450287701): agent props = {"held_item": "potato", "entity": null, "hunger": 70.0627442063492}
[GdPAI | debug]   Snapshotting prop: held_item = Str("potato") (Variant type: STRING)
[GdPAI | debug]   Snapshotting prop: entity = Nil (Variant type: NIL)
[GdPAI | debug]   Snapshotting prop: hunger = Float(70.0627442063492) (Variant type: FLOAT)
WARNING: [GdPAI] ObjectRef(1382643928884): object was freed before callback; returning Nil.
   at: gdplanningai_rust::logger::process_logs (src\logger.rs:66)
   GDScript backtrace (most recent call first):
       [0] _process (res://addons/GdPlanningAI/gdpai_autoload.gd:21)
[GdPAI | debug] Discovery: Simulation success for Go To. Agent props: {"held_item": Str("potato"), "entity": Nil, "hunger": Float(70.0627442063492)}
[GdPAI | debug] Discovery: Action Go To did NOT satisfy precond Builtin { target: Agent, operation: Equal, property_name: "held_item", value: Some(Str("")) }
[GdPAI | debug] Found candidate: Go To (satisfied preconds: [], requirements: [0, 2, 3])
WARNING: [GdPAI] ObjectRef(1382643928884): object was freed before callback; returning Nil.
   at: gdplanningai_rust::logger::process_logs (src\logger.rs:66)
   GDScript backtrace (most recent call first):
       [0] _process (res://addons/GdPlanningAI/gdpai_autoload.gd:21)
[GdPAI | debug] Discovery: Action Dig Potato failed validity check, skipping
[GdPAI | debug] Discovery: Starting simulation for action Eat Held Food
WARNING: [GdPAI] ObjectRef(124621163998): object was freed before callback; returning Nil.
   at: gdplanningai_rust::logger::process_logs (src\logger.rs:66)
   GDScript backtrace (most recent call first):
       [0] _start_plan_and_wait (res://test/integration/test_campfire_example_smoke.gd:57)
WARNING: [GdPAI] ObjectRef(124621163998): object was freed before callback; returning Nil.
   at: gdplanningai_rust::logger::process_logs (src\logger.rs:66)
   GDScript backtrace (most recent call first):
       [0] _start_plan_and_wait (res://test/integration/test_campfire_example_smoke.gd:57)
[GdPAI | debug] GetCost: callable returned non-numeric value: null; returning INFINITY
WARNING: [GdPAI] ObjectRef(1382643928884): object was freed before callback; returning Nil.
   at: gdplanningai_rust::logger::process_logs (src\logger.rs:66)
   GDScript backtrace (most recent call first):
       [0] _start_plan_and_wait (res://test/integration/test_campfire_example_smoke.gd:57)
WARNING: [GdPAI] ObjectRef(1382643928884): object was freed before callback; returning Nil.
   at: gdplanningai_rust::logger::process_logs (src\logger.rs:66)
   GDScript backtrace (most recent call first):
       [0] _start_plan_and_wait (res://test/integration/test_campfire_example_smoke.gd:57)
[GdPAI | debug] Discovery: Action Dig Potato failed validity check, skipping
[GdPAI | debug] Discovery: Starting simulation for action Cook Potato
WARNING: [GdPAI] ObjectRef(124621163998): object was freed before callback; returning Nil.
   at: gdplanningai_rust::logger::process_logs (src\logger.rs:66)
   GDScript backtrace (most recent call first):
       [0] _process (res://addons/GdPlanningAI/gdpai_autoload.gd:21)
WARNING: [GdPAI] ObjectRef(124621163998): object was freed before callback; returning Nil.
   at: gdplanningai_rust::logger::process_logs (src\logger.rs:66)
   GDScript backtrace (most recent call first):
       [0] _process (res://addons/GdPlanningAI/gdpai_autoload.gd:21)
[GdPAI | debug] ApplyEffect [Before] ID=InstanceId(-9223369644608305133): agent props = {"held_item": "potato", "hunger": 70.0627442063492, "entity": null}
[GdPAI | debug] ApplyEffect [After] ID=InstanceId(-9223369644608305133): agent props = {"held_item": "potato", "hunger": 70.0627442063492, "entity": null}
[GdPAI | debug]   Snapshotting prop: held_item = Str("potato") (Variant type: STRING)
[GdPAI | debug]   Snapshotting prop: hunger = Float(70.0627442063492) (Variant type: FLOAT)
[GdPAI | debug]   Snapshotting prop: entity = Nil (Variant type: NIL)
WARNING: [GdPAI] ObjectRef(1382643928884): object was freed before callback; returning Nil.
   at: gdplanningai_rust::logger::process_logs (src\logger.rs:66)
   GDScript backtrace (most recent call first):
       [0] _process (res://addons/GdPlanningAI/gdpai_autoload.gd:21)
[GdPAI | debug] Discovery: Simulation success for Eat Held Food. Agent props: {"hunger": Float(70.0627442063492), "entity": Nil, "held_item": Str("potato")}
[GdPAI | debug] Discovery: Action Eat Held Food did NOT satisfy precond Builtin { target: Agent, operation: Equal, property_name: "held_item", value: Some(Str("")) }
WARNING: [GdPAI] ObjectRef(1382643928884): object was freed before callback; returning Nil.
   at: gdplanningai_rust::logger::process_logs (src\logger.rs:66)
   GDScript backtrace (most recent call first):
       [0] _process (res://addons/GdPlanningAI/gdpai_autoload.gd:21)
[GdPAI | debug] Discovery: Action Dig Potato failed validity check, skipping
[GdPAI | debug] No candidates found for branch with 0 preconds and 0 requirements
[GdPAI] A* Iteration: pop node with chain length 4
[GdPAI | debug] find_candidates: Checking 15 actions against 1 preconds and 1 requirements
WARNING: [GdPAI] ObjectRef(124621163998): object was freed before callback; returning Nil.
   at: gdplanningai_rust::logger::process_logs (src\logger.rs:66)
   GDScript backtrace (most recent call first):
       [0] _start_plan_and_wait (res://test/integration/test_campfire_example_smoke.gd:57)
WARNING: [GdPAI] ObjectRef(124621163998): object was freed before callback; returning Nil.
   at: gdplanningai_rust::logger::process_logs (src\logger.rs:66)
   GDScript backtrace (most recent call first):
       [0] _start_plan_and_wait (res://test/integration/test_campfire_example_smoke.gd:57)
WARNING: [GdPAI] ObjectRef(1382643928884): object was freed before callback; returning Nil.
   at: gdplanningai_rust::logger::process_logs (src\logger.rs:66)
   GDScript backtrace (most recent call first):
       [0] _start_plan_and_wait (res://test/integration/test_campfire_example_smoke.gd:57)
[GdPAI | debug] Discovery: Starting simulation for action Go To
WARNING: [GdPAI] ObjectRef(1382643928884): object was freed before callback; returning Nil.
   at: gdplanningai_rust::logger::process_logs (src\logger.rs:66)
   GDScript backtrace (most recent call first):
       [0] _start_plan_and_wait (res://test/integration/test_campfire_example_smoke.gd:57)
[GdPAI | debug] Discovery: Starting simulation for action Go To
[GdPAI | debug] ApplyEffect [Before] ID=InstanceId(-9223369641554851808): agent props = {"entity": VariantGd { id: 2328610481994, class: RigidBody2D }, "hunger": 10.065054166666664, "held_item": "potato"}
[GdPAI | debug] ApplyEffect [After] ID=InstanceId(-9223369641554851808): agent props = {"entity": VariantGd { id: 2328610481994, class: RigidBody2D }, "hunger": 10.065054166666664, "held_item": "cooked_potato"}
[GdPAI | debug]   Snapshotting prop: entity = ObjectRef(2328610481994) (Variant type: OBJECT)
[GdPAI | debug]   Snapshotting prop: hunger = Float(10.065054166666664) (Variant type: FLOAT)
[GdPAI | debug]   Snapshotting prop: held_item = Str("cooked_potato") (Variant type: STRING)
[GdPAI | debug] Discovery: Simulation success for Cook Potato. Agent props: {"held_item": Str("cooked_potato"), "entity": ObjectRef(2328610481994), "hunger": Float(10.065054166666664)}
[GdPAI | debug] Numeric comparison: 10.065054166666664 LessThan 0 -> false
[GdPAI | debug] Discovery: Action Cook Potato did NOT satisfy precond Builtin { target: Agent, operation: LessThan, property_name: "hunger", value: Some(Float(0.0)) }
[GdPAI | debug] Discovery: Starting simulation for action Pick Up Wood
WARNING: [GdPAI] ObjectRef(124621163998): object was freed before callback; returning Nil.
   at: gdplanningai_rust::logger::process_logs (src\logger.rs:66)
   GDScript backtrace (most recent call first):
       [0] _process (res://addons/GdPlanningAI/gdpai_autoload.gd:21)
WARNING: [GdPAI] ObjectRef(124621163998): object was freed before callback; returning Nil.
   at: gdplanningai_rust::logger::process_logs (src\logger.rs:66)
   GDScript backtrace (most recent call first):
       [0] _process (res://addons/GdPlanningAI/gdpai_autoload.gd:21)
[GdPAI | debug] GetCost: callable returned non-numeric value: null; returning INFINITY
WARNING: [GdPAI] ObjectRef(1382643928884): object was freed before callback; returning Nil.
   at: gdplanningai_rust::logger::process_logs (src\logger.rs:66)
   GDScript backtrace (most recent call first):
       [0] _process (res://addons/GdPlanningAI/gdpai_autoload.gd:21)
WARNING: [GdPAI] ObjectRef(1382643928884): object was freed before callback; returning Nil.
   at: gdplanningai_rust::logger::process_logs (src\logger.rs:66)
   GDScript backtrace (most recent call first):
       [0] _process (res://addons/GdPlanningAI/gdpai_autoload.gd:21)
[GdPAI | debug] GetCost: callable returned non-numeric value: null; returning INFINITY
WARNING: [GdPAI] ObjectRef(124621163998): object was freed before callback; returning Nil.
   at: gdplanningai_rust::logger::process_logs (src\logger.rs:66)
   GDScript backtrace (most recent call first):
       [0] _start_plan_and_wait (res://test/integration/test_campfire_example_smoke.gd:57)
WARNING: [GdPAI] ObjectRef(124621163998): object was freed before callback; returning Nil.
   at: gdplanningai_rust::logger::process_logs (src\logger.rs:66)
   GDScript backtrace (most recent call first):
       [0] _start_plan_and_wait (res://test/integration/test_campfire_example_smoke.gd:57)
[GdPAI | debug] ApplyEffect [Before] ID=InstanceId(-9223369638853720033): agent props = {"entity": null, "hunger": 70.0627442063492, "held_item": "potato"}
[GdPAI | debug] ApplyEffect [After] ID=InstanceId(-9223369638853720033): agent props = {"entity": null, "hunger": 70.0627442063492, "held_item": "potato"}
[GdPAI | debug]   Snapshotting prop: entity = Nil (Variant type: NIL)
[GdPAI | debug]   Snapshotting prop: hunger = Float(70.0627442063492) (Variant type: FLOAT)
[GdPAI | debug]   Snapshotting prop: held_item = Str("potato") (Variant type: STRING)
WARNING: [GdPAI] ObjectRef(1382643928884): object was freed before callback; returning Nil.
   at: gdplanningai_rust::logger::process_logs (src\logger.rs:66)
   GDScript backtrace (most recent call first):
       [0] _start_plan_and_wait (res://test/integration/test_campfire_example_smoke.gd:57)
[GdPAI | debug] Discovery: Simulation success for Go To. Agent props: {"entity": Nil, "held_item": Str("potato"), "hunger": Float(70.0627442063492)}
[GdPAI | debug] Discovery: Action Go To did NOT satisfy precond Builtin { target: Agent, operation: Equal, property_name: "held_item", value: Some(Str("")) }
[GdPAI | debug] Found candidate: Go To (satisfied preconds: [], requirements: [0, 2, 3])
WARNING: [GdPAI] ObjectRef(1382643928884): object was freed before callback; returning Nil.
   at: gdplanningai_rust::logger::process_logs (src\logger.rs:66)
   GDScript backtrace (most recent call first):
       [0] _start_plan_and_wait (res://test/integration/test_campfire_example_smoke.gd:57)
[GdPAI | debug] ApplyEffect [Before] ID=InstanceId(-9223369638283294689): agent props = {"hunger": 95.0603725, "entity": null, "held_item": ""}
[GdPAI | debug] ApplyEffect [After] ID=InstanceId(-9223369638283294689): agent props = {"hunger": 95.0603725, "entity": null, "held_item": ""}
[GdPAI | debug]   Snapshotting prop: hunger = Float(95.0603725) (Variant type: FLOAT)
[GdPAI | debug]   Snapshotting prop: entity = Nil (Variant type: NIL)
[GdPAI | debug]   Snapshotting prop: held_item = Str("") (Variant type: STRING)
[GdPAI | debug] Discovery: Starting simulation for action Drop Item
[GdPAI | debug] Discovery: Simulation success for Go To. Agent props: {"entity": Nil, "held_item": Str(""), "hunger": Float(95.0603725)}
[GdPAI | debug] Discovery: Action Go To satisfied precond Builtin { target: Agent, operation: Equal, property_name: "held_item", value: Some(Str("")) }
[GdPAI | debug] Found candidate: Go To (satisfied preconds: [0], requirements: [0])
[GdPAI | debug] ApplyEffect [Before] ID=InstanceId(-9223369637712869345): agent props = {"hunger": 10.065054166666664, "entity": VariantGd { id: 2328610481994, class: RigidBody2D }, "held_item": "wood"}
[GdPAI | debug] ApplyEffect [After] ID=InstanceId(-9223369637712869345): agent props = {"hunger": 10.065054166666664, "held_item": "wood", "entity": VariantGd { id: 2328610481994, class: RigidBody2D }}
[GdPAI | debug]   Snapshotting prop: hunger = Float(10.065054166666664) (Variant type: FLOAT)
[GdPAI | debug]   Snapshotting prop: held_item = Str("wood") (Variant type: STRING)
[GdPAI | debug] Discovery: Starting simulation for action Eat Held Food
[GdPAI | debug]   Snapshotting prop: entity = ObjectRef(2328610481994) (Variant type: OBJECT)
[GdPAI | debug] Discovery: Simulation success for Pick Up Wood. Agent props: {"held_item": Str("wood"), "entity": ObjectRef(2328610481994), "hunger": Float(10.065054166666664)}
[GdPAI | debug] Numeric comparison: 10.065054166666664 LessThan 0 -> false
[GdPAI | debug] Discovery: Action Pick Up Wood did NOT satisfy precond Builtin { target: Agent, operation: LessThan, property_name: "hunger", value: Some(Float(0.0)) }
[GdPAI | debug] Discovery: Starting simulation for action Pick Up Wood
WARNING: [GdPAI] ObjectRef(124621163998): object was freed before callback; returning Nil.
   at: gdplanningai_rust::logger::process_logs (src\logger.rs:66)
   GDScript backtrace (most recent call first):
       [0] _process (res://addons/GdPlanningAI/gdpai_autoload.gd:21)
WARNING: [GdPAI] ObjectRef(124621163998): object was freed before callback; returning Nil.
   at: gdplanningai_rust::logger::process_logs (src\logger.rs:66)
   GDScript backtrace (most recent call first):
       [0] _process (res://addons/GdPlanningAI/gdpai_autoload.gd:21)
[GdPAI | debug] GetCost: callable returned non-numeric value: null; returning INFINITY
WARNING: [GdPAI] ObjectRef(1382643928884): object was freed before callback; returning Nil.
   at: gdplanningai_rust::logger::process_logs (src\logger.rs:66)
   GDScript backtrace (most recent call first):
       [0] _process (res://addons/GdPlanningAI/gdpai_autoload.gd:21)
WARNING: [GdPAI] ObjectRef(1382643928884): object was freed before callback; returning Nil.
   at: gdplanningai_rust::logger::process_logs (src\logger.rs:66)
   GDScript backtrace (most recent call first):
       [0] _process (res://addons/GdPlanningAI/gdpai_autoload.gd:21)
[GdPAI | debug] GetCost: callable returned non-numeric value: null; returning INFINITY
WARNING: [GdPAI] ObjectRef(124621163998): object was freed before callback; returning Nil.
   at: gdplanningai_rust::logger::process_logs (src\logger.rs:66)
   GDScript backtrace (most recent call first):
       [0] _start_plan_and_wait (res://test/integration/test_campfire_example_smoke.gd:57)
WARNING: [GdPAI] ObjectRef(124621163998): object was freed before callback; returning Nil.
   at: gdplanningai_rust::logger::process_logs (src\logger.rs:66)
   GDScript backtrace (most recent call first):
       [0] _start_plan_and_wait (res://test/integration/test_campfire_example_smoke.gd:57)
[GdPAI | debug] ApplyEffect [Before] ID=InstanceId(-9223369635011737542): agent props = {"hunger": 70.0627442063492, "held_item": "potato", "entity": null}
[GdPAI | debug] ApplyEffect [After] ID=InstanceId(-9223369635011737542): agent props = {"hunger": 70.0627442063492, "held_item": "potato", "entity": null}
[GdPAI | debug]   Snapshotting prop: hunger = Float(70.0627442063492) (Variant type: FLOAT)
[GdPAI | debug]   Snapshotting prop: held_item = Str("potato") (Variant type: STRING)
[GdPAI | debug]   Snapshotting prop: entity = Nil (Variant type: NIL)
WARNING: [GdPAI] ObjectRef(1382643928884): object was freed before callback; returning Nil.
   at: gdplanningai_rust::logger::process_logs (src\logger.rs:66)
   GDScript backtrace (most recent call first):
       [0] _start_plan_and_wait (res://test/integration/test_campfire_example_smoke.gd:57)
[GdPAI | debug] Discovery: Simulation success for Drop Item. Agent props: {"entity": Nil, "held_item": Str("potato"), "hunger": Float(70.0627442063492)}
[GdPAI | debug] Discovery: Action Drop Item did NOT satisfy precond Builtin { target: Agent, operation: Equal, property_name: "held_item", value: Some(Str("")) }
WARNING: [GdPAI] ObjectRef(1382643928884): object was freed before callback; returning Nil.
   at: gdplanningai_rust::logger::process_logs (src\logger.rs:66)
   GDScript backtrace (most recent call first):
       [0] _start_plan_and_wait (res://test/integration/test_campfire_example_smoke.gd:57)
[GdPAI | debug] ApplyEffect [Before] ID=InstanceId(-9223369634441312198): agent props = {"entity": null, "hunger": 95.0603725, "held_item": ""}
[GdPAI | debug] ApplyEffect [After] ID=InstanceId(-9223369634441312198): agent props = {"entity": null, "hunger": 95.0603725, "held_item": ""}
[GdPAI | debug]   Snapshotting prop: entity = Nil (Variant type: NIL)
[GdPAI | debug]   Snapshotting prop: hunger = Float(95.0603725) (Variant type: FLOAT)
[GdPAI | debug]   Snapshotting prop: held_item = Str("") (Variant type: STRING)
[GdPAI | debug] Discovery: Starting simulation for action Add Fuel
[GdPAI | debug] Discovery: Simulation success for Eat Held Food. Agent props: {"held_item": Str(""), "entity": Nil, "hunger": Float(95.0603725)}
[GdPAI | debug] Discovery: Action Eat Held Food satisfied precond Builtin { target: Agent, operation: Equal, property_name: "held_item", value: Some(Str("")) }
[GdPAI | debug] Found candidate: Eat Held Food (satisfied preconds: [0], requirements: [])
[GdPAI | debug] ApplyEffect [Before] ID=InstanceId(-9223369633870886854): agent props = {"held_item": "wood", "entity": VariantGd { id: 2328610481994, class: RigidBody2D }, "hunger": 10.065054166666664}
[GdPAI | debug] ApplyEffect [After] ID=InstanceId(-9223369633870886854): agent props = {"held_item": "wood", "entity": VariantGd { id: 2328610481994, class: RigidBody2D }, "hunger": 10.065054166666664}
[GdPAI | debug]   Snapshotting prop: held_item = Str("wood") (Variant type: STRING)
[GdPAI | debug]   Snapshotting prop: entity = ObjectRef(2328610481994) (Variant type: OBJECT)
[GdPAI | debug]   Snapshotting prop: hunger = Float(10.065054166666664) (Variant type: FLOAT)
[GdPAI | debug] Discovery: Simulation success for Pick Up Wood. Agent props: {"hunger": Float(10.065054166666664), "entity": ObjectRef(2328610481994), "held_item": Str("wood")}
[GdPAI | debug] Numeric comparison: 10.065054166666664 LessThan 0 -> false
[GdPAI | debug] Discovery: Action Pick Up Wood did NOT satisfy precond Builtin { target: Agent, operation: LessThan, property_name: "hunger", value: Some(Float(0.0)) }
[GdPAI | debug] Discovery: Starting simulation for action Pick Up Wood
WARNING: [GdPAI] ObjectRef(124621163998): object was freed before callback; returning Nil.
   at: gdplanningai_rust::logger::process_logs (src\logger.rs:66)
   GDScript backtrace (most recent call first):
       [0] _process (res://addons/GdPlanningAI/gdpai_autoload.gd:21)
WARNING: [GdPAI] ObjectRef(124621163998): object was freed before callback; returning Nil.
   at: gdplanningai_rust::logger::process_logs (src\logger.rs:66)
   GDScript backtrace (most recent call first):
       [0] _process (res://addons/GdPlanningAI/gdpai_autoload.gd:21)
[GdPAI | debug] GetCost: callable returned non-numeric value: null; returning INFINITY
WARNING: [GdPAI] ObjectRef(1382643928884): object was freed before callback; returning Nil.
   at: gdplanningai_rust::logger::process_logs (src\logger.rs:66)
   GDScript backtrace (most recent call first):
       [0] _process (res://addons/GdPlanningAI/gdpai_autoload.gd:21)
WARNING: [GdPAI] ObjectRef(1382643928884): object was freed before callback; returning Nil.
   at: gdplanningai_rust::logger::process_logs (src\logger.rs:66)
   GDScript backtrace (most recent call first):
       [0] _process (res://addons/GdPlanningAI/gdpai_autoload.gd:21)
[GdPAI | debug] Discovery: Starting simulation for action Go To
WARNING: [GdPAI] ObjectRef(124621163998): object was freed before callback; returning Nil.
   at: gdplanningai_rust::logger::process_logs (src\logger.rs:66)
   GDScript backtrace (most recent call first):
       [0] _start_plan_and_wait (res://test/integration/test_campfire_example_smoke.gd:57)
WARNING: [GdPAI] ObjectRef(124621163998): object was freed before callback; returning Nil.
   at: gdplanningai_rust::logger::process_logs (src\logger.rs:66)
   GDScript backtrace (most recent call first):
       [0] _start_plan_and_wait (res://test/integration/test_campfire_example_smoke.gd:57)
[GdPAI | debug] ApplyEffect [Before] ID=InstanceId(-9223369631169755038): agent props = {"entity": null, "held_item": "wood", "hunger": 70.0627442063492}
[GdPAI | debug] ApplyEffect [After] ID=InstanceId(-9223369631169755038): agent props = {"entity": null, "held_item": "wood", "hunger": 70.0627442063492}
[GdPAI | debug]   Snapshotting prop: entity = Nil (Variant type: NIL)
[GdPAI | debug]   Snapshotting prop: held_item = Str("wood") (Variant type: STRING)
[GdPAI | debug]   Snapshotting prop: hunger = Float(70.0627442063492) (Variant type: FLOAT)
WARNING: [GdPAI] ObjectRef(1382643928884): object was freed before callback; returning Nil.
   at: gdplanningai_rust::logger::process_logs (src\logger.rs:66)
   GDScript backtrace (most recent call first):
       [0] _start_plan_and_wait (res://test/integration/test_campfire_example_smoke.gd:57)
[GdPAI | debug] Discovery: Simulation success for Add Fuel. Agent props: {"entity": Nil, "held_item": Str("wood"), "hunger": Float(70.0627442063492)}
[GdPAI | debug] Discovery: Action Add Fuel did NOT satisfy precond Builtin { target: Agent, operation: Equal, property_name: "held_item", value: Some(Str("")) }
WARNING: [GdPAI] ObjectRef(1382643928884): object was freed before callback; returning Nil.
   at: gdplanningai_rust::logger::process_logs (src\logger.rs:66)
   GDScript backtrace (most recent call first):
       [0] _start_plan_and_wait (res://test/integration/test_campfire_example_smoke.gd:57)
[GdPAI | debug] GetCost: callable returned non-numeric value: null; returning INFINITY
[GdPAI | debug] ApplyEffect [Before] ID=InstanceId(-9223369630028904350): agent props = {"held_item": "wood", "hunger": 10.065054166666664, "entity": VariantGd { id: 2328610481994, class: RigidBody2D }}
[GdPAI | debug] ApplyEffect [After] ID=InstanceId(-9223369630028904350): agent props = {"held_item": "wood", "hunger": 10.065054166666664, "entity": VariantGd { id: 2328610481994, class: RigidBody2D }}
[GdPAI | debug]   Snapshotting prop: held_item = Str("wood") (Variant type: STRING)
[GdPAI | debug]   Snapshotting prop: hunger = Float(10.065054166666664) (Variant type: FLOAT)
[GdPAI | debug]   Snapshotting prop: entity = ObjectRef(2328610481994) (Variant type: OBJECT)
[GdPAI | debug] Discovery: Simulation success for Pick Up Wood. Agent props: {"hunger": Float(10.065054166666664), "held_item": Str("wood"), "entity": ObjectRef(2328610481994)}
[GdPAI | debug] Numeric comparison: 10.065054166666664 LessThan 0 -> false
[GdPAI | debug] Discovery: Action Pick Up Wood did NOT satisfy precond Builtin { target: Agent, operation: LessThan, property_name: "hunger", value: Some(Float(0.0)) }
[GdPAI | debug] Discovery: Starting simulation for action Pick Up Wood
WARNING: [GdPAI] ObjectRef(124621163998): object was freed before callback; returning Nil.
   at: gdplanningai_rust::logger::process_logs (src\logger.rs:66)
   GDScript backtrace (most recent call first):
       [0] _process (res://addons/GdPlanningAI/gdpai_autoload.gd:21)
WARNING: [GdPAI] ObjectRef(124621163998): object was freed before callback; returning Nil.
   at: gdplanningai_rust::logger::process_logs (src\logger.rs:66)
   GDScript backtrace (most recent call first):
       [0] _process (res://addons/GdPlanningAI/gdpai_autoload.gd:21)
WARNING: [GdPAI] ObjectRef(1382643928884): object was freed before callback; returning Nil.
   at: gdplanningai_rust::logger::process_logs (src\logger.rs:66)
   GDScript backtrace (most recent call first):
       [0] _process (res://addons/GdPlanningAI/gdpai_autoload.gd:21)
[GdPAI | debug] Discovery: Action Cook Potato failed validity check, skipping
[GdPAI | debug] Discovery: Starting simulation for action Pick Up Wood
WARNING: [GdPAI] ObjectRef(1382643928884): object was freed before callback; returning Nil.
   at: gdplanningai_rust::logger::process_logs (src\logger.rs:66)
   GDScript backtrace (most recent call first):
       [0] _process (res://addons/GdPlanningAI/gdpai_autoload.gd:21)
[GdPAI | debug] ApplyEffect [Before] ID=InstanceId(-9223369628669949829): agent props = {"entity": null, "held_item": "", "hunger": 95.0603725}
[GdPAI | debug] ApplyEffect [After] ID=InstanceId(-9223369628669949829): agent props = {"entity": null, "held_item": "", "hunger": 95.0603725}
[GdPAI | debug]   Snapshotting prop: entity = Nil (Variant type: NIL)
[GdPAI | debug]   Snapshotting prop: held_item = Str("") (Variant type: STRING)
[GdPAI | debug]   Snapshotting prop: hunger = Float(95.0603725) (Variant type: FLOAT)
[GdPAI | debug] Discovery: Simulation success for Go To. Agent props: {"entity": Nil, "hunger": Float(95.0603725), "held_item": Str("")}
[GdPAI | debug] Discovery: Action Go To satisfied precond Builtin { target: Agent, operation: Equal, property_name: "held_item", value: Some(Str("")) }
[GdPAI | debug] Found candidate: Go To (satisfied preconds: [0], requirements: [0])
[GdPAI | debug] Discovery: Starting simulation for action Drop Item
WARNING: [GdPAI] ObjectRef(124621163998): object was freed before callback; returning Nil.
   at: gdplanningai_rust::logger::process_logs (src\logger.rs:66)
   GDScript backtrace (most recent call first):
       [0] _start_plan_and_wait (res://test/integration/test_campfire_example_smoke.gd:57)
WARNING: [GdPAI] ObjectRef(124621163998): object was freed before callback; returning Nil.
   at: gdplanningai_rust::logger::process_logs (src\logger.rs:66)
   GDScript backtrace (most recent call first):
       [0] _start_plan_and_wait (res://test/integration/test_campfire_example_smoke.gd:57)
[GdPAI | debug] GetCost: callable returned non-numeric value: null; returning INFINITY
WARNING: [GdPAI] ObjectRef(1382643928884): object was freed before callback; returning Nil.
   at: gdplanningai_rust::logger::process_logs (src\logger.rs:66)
   GDScript backtrace (most recent call first):
       [0] _start_plan_and_wait (res://test/integration/test_campfire_example_smoke.gd:57)
WARNING: [GdPAI] ObjectRef(1382643928884): object was freed before callback; returning Nil.
   at: gdplanningai_rust::logger::process_logs (src\logger.rs:66)
   GDScript backtrace (most recent call first):
       [0] _start_plan_and_wait (res://test/integration/test_campfire_example_smoke.gd:57)
[GdPAI | debug] GetCost: callable returned non-numeric value: null; returning INFINITY
[GdPAI | debug] ApplyEffect [Before] ID=InstanceId(-9223369626186921880): agent props = {"hunger": 10.065054166666664, "held_item": "wood", "entity": VariantGd { id: 2328610481994, class: RigidBody2D }}
[GdPAI | debug] ApplyEffect [After] ID=InstanceId(-9223369626186921880): agent props = {"held_item": "wood", "entity": VariantGd { id: 2328610481994, class: RigidBody2D }, "hunger": 10.065054166666664}
[GdPAI | debug]   Snapshotting prop: held_item = Str("wood") (Variant type: STRING)
[GdPAI | debug]   Snapshotting prop: entity = ObjectRef(2328610481994) (Variant type: OBJECT)
[GdPAI | debug]   Snapshotting prop: hunger = Float(10.065054166666664) (Variant type: FLOAT)
[GdPAI | debug] Discovery: Simulation success for Pick Up Wood. Agent props: {"held_item": Str("wood"), "hunger": Float(10.065054166666664), "entity": ObjectRef(2328610481994)}
[GdPAI | debug] Numeric comparison: 10.065054166666664 LessThan 0 -> false
[GdPAI | debug] Discovery: Action Pick Up Wood did NOT satisfy precond Builtin { target: Agent, operation: LessThan, property_name: "hunger", value: Some(Float(0.0)) }
WARNING: [GdPAI] ObjectRef(124621163998): object was freed before callback; returning Nil.
   at: gdplanningai_rust::logger::process_logs (src\logger.rs:66)
   GDScript backtrace (most recent call first):
       [0] _process (res://addons/GdPlanningAI/gdpai_autoload.gd:21)
WARNING: [GdPAI] ObjectRef(124621163998): object was freed before callback; returning Nil.
   at: gdplanningai_rust::logger::process_logs (src\logger.rs:66)
   GDScript backtrace (most recent call first):
       [0] _process (res://addons/GdPlanningAI/gdpai_autoload.gd:21)
[GdPAI | debug] ApplyEffect [Before] ID=InstanceId(-9223369625398392858): agent props = {"held_item": "potato", "hunger": 70.0627442063492, "entity": null}
[GdPAI | debug] ApplyEffect [After] ID=InstanceId(-9223369625398392858): agent props = {"held_item": "potato", "hunger": 70.0627442063492, "entity": null}
[GdPAI | debug]   Snapshotting prop: held_item = Str("potato") (Variant type: STRING)
[GdPAI | debug]   Snapshotting prop: hunger = Float(70.0627442063492) (Variant type: FLOAT)
[GdPAI | debug]   Snapshotting prop: entity = Nil (Variant type: NIL)
WARNING: [GdPAI] ObjectRef(1382643928884): object was freed before callback; returning Nil.
   at: gdplanningai_rust::logger::process_logs (src\logger.rs:66)
   GDScript backtrace (most recent call first):
       [0] _process (res://addons/GdPlanningAI/gdpai_autoload.gd:21)
[GdPAI | debug] Discovery: Simulation success for Pick Up Wood. Agent props: {"held_item": Str("potato"), "hunger": Float(70.0627442063492), "entity": Nil}
[GdPAI | debug] Discovery: Action Pick Up Wood did NOT satisfy precond Builtin { target: Agent, operation: Equal, property_name: "held_item", value: Some(Str("")) }
WARNING: [GdPAI] ObjectRef(1382643928884): object was freed before callback; returning Nil.
   at: gdplanningai_rust::logger::process_logs (src\logger.rs:66)
   GDScript backtrace (most recent call first):
       [0] _process (res://addons/GdPlanningAI/gdpai_autoload.gd:21)
[GdPAI | debug] ApplyEffect [Before] ID=InstanceId(-9223369624827967514): agent props = {"held_item": "", "hunger": 95.0603725, "entity": null}
[GdPAI | debug] ApplyEffect [After] ID=InstanceId(-9223369624827967514): agent props = {"held_item": "", "hunger": 95.0603725, "entity": null}
[GdPAI | debug]   Snapshotting prop: held_item = Str("") (Variant type: STRING)
[GdPAI | debug]   Snapshotting prop: hunger = Float(95.0603725) (Variant type: FLOAT)
[GdPAI | debug]   Snapshotting prop: entity = Nil (Variant type: NIL)
[GdPAI | debug] Discovery: Starting simulation for action Pick Up Wood
[GdPAI | debug] Discovery: Simulation success for Drop Item. Agent props: {"held_item": Str(""), "entity": Nil, "hunger": Float(95.0603725)}
[GdPAI | debug] Discovery: Action Drop Item satisfied precond Builtin { target: Agent, operation: Equal, property_name: "held_item", value: Some(Str("")) }
[GdPAI | debug] Found candidate: Drop Item (satisfied preconds: [0], requirements: [])
[GdPAI | debug] Discovery: Starting simulation for action Add Fuel
WARNING: [GdPAI] ObjectRef(124621163998): object was freed before callback; returning Nil.
   at: gdplanningai_rust::logger::process_logs (src\logger.rs:66)
   GDScript backtrace (most recent call first):
       [0] _start_plan_and_wait (res://test/integration/test_campfire_example_smoke.gd:57)
WARNING: [GdPAI] ObjectRef(124621163998): object was freed before callback; returning Nil.
   at: gdplanningai_rust::logger::process_logs (src\logger.rs:66)
   GDScript backtrace (most recent call first):
       [0] _start_plan_and_wait (res://test/integration/test_campfire_example_smoke.gd:57)
[GdPAI | debug] GetCost: callable returned non-numeric value: null; returning INFINITY
WARNING: [GdPAI] ObjectRef(1382643928884): object was freed before callback; returning Nil.
   at: gdplanningai_rust::logger::process_logs (src\logger.rs:66)
   GDScript backtrace (most recent call first):
       [0] _start_plan_and_wait (res://test/integration/test_campfire_example_smoke.gd:57)
WARNING: [GdPAI] ObjectRef(1382643928884): object was freed before callback; returning Nil.
   at: gdplanningai_rust::logger::process_logs (src\logger.rs:66)
   GDScript backtrace (most recent call first):
       [0] _start_plan_and_wait (res://test/integration/test_campfire_example_smoke.gd:57)
[GdPAI | debug] GetCost: callable returned non-numeric value: null; returning INFINITY
WARNING: [GdPAI] ObjectRef(124621163998): object was freed before callback; returning Nil.
   at: gdplanningai_rust::logger::process_logs (src\logger.rs:66)
   GDScript backtrace (most recent call first):
       [0] _process (res://addons/GdPlanningAI/gdpai_autoload.gd:21)
WARNING: [GdPAI] ObjectRef(124621163998): object was freed before callback; returning Nil.
   at: gdplanningai_rust::logger::process_logs (src\logger.rs:66)
   GDScript backtrace (most recent call first):
       [0] _process (res://addons/GdPlanningAI/gdpai_autoload.gd:21)
[GdPAI | debug] ApplyEffect [Before] ID=InstanceId(-9223369621556410255): agent props = {"held_item": "potato", "hunger": 70.0627442063492, "entity": null}
[GdPAI | debug] ApplyEffect [After] ID=InstanceId(-9223369621556410255): agent props = {"held_item": "potato", "hunger": 70.0627442063492, "entity": null}
[GdPAI | debug]   Snapshotting prop: held_item = Str("potato") (Variant type: STRING)
[GdPAI | debug]   Snapshotting prop: hunger = Float(70.0627442063492) (Variant type: FLOAT)
[GdPAI | debug]   Snapshotting prop: entity = Nil (Variant type: NIL)
WARNING: [GdPAI] ObjectRef(1382643928884): object was freed before callback; returning Nil.
   at: gdplanningai_rust::logger::process_logs (src\logger.rs:66)
   GDScript backtrace (most recent call first):
       [0] _process (res://addons/GdPlanningAI/gdpai_autoload.gd:21)
[GdPAI | debug] Discovery: Simulation success for Pick Up Wood. Agent props: {"hunger": Float(70.0627442063492), "held_item": Str("potato"), "entity": Nil}
[GdPAI | debug] Discovery: Action Pick Up Wood did NOT satisfy precond Builtin { target: Agent, operation: Equal, property_name: "held_item", value: Some(Str("")) }
WARNING: [GdPAI] ObjectRef(1382643928884): object was freed before callback; returning Nil.
   at: gdplanningai_rust::logger::process_logs (src\logger.rs:66)
   GDScript backtrace (most recent call first):
       [0] _process (res://addons/GdPlanningAI/gdpai_autoload.gd:21)
[GdPAI | debug] ApplyEffect [Before] ID=InstanceId(-9223369620985984911): agent props = {"hunger": 95.0603725, "held_item": "wood", "entity": null}
[GdPAI | debug] ApplyEffect [After] ID=InstanceId(-9223369620985984911): agent props = {"hunger": 95.0603725, "held_item": "wood", "entity": null}
[GdPAI | debug]   Snapshotting prop: hunger = Float(95.0603725) (Variant type: FLOAT)
[GdPAI | debug]   Snapshotting prop: held_item = Str("wood") (Variant type: STRING)
[GdPAI | debug]   Snapshotting prop: entity = Nil (Variant type: NIL)
[GdPAI | debug] Discovery: Starting simulation for action Pick Up Wood
[GdPAI | debug] Discovery: Simulation success for Add Fuel. Agent props: {"held_item": Str("wood"), "hunger": Float(95.0603725), "entity": Nil}
[GdPAI | debug] Discovery: Action Add Fuel did NOT satisfy precond Builtin { target: Agent, operation: Equal, property_name: "held_item", value: Some(Str("")) }
WARNING: [GdPAI] ObjectRef(124621163998): object was freed before callback; returning Nil.
   at: gdplanningai_rust::logger::process_logs (src\logger.rs:66)
   GDScript backtrace (most recent call first):
       [0] _start_plan_and_wait (res://test/integration/test_campfire_example_smoke.gd:57)
WARNING: [GdPAI] ObjectRef(124621163998): object was freed before callback; returning Nil.
   at: gdplanningai_rust::logger::process_logs (src\logger.rs:66)
   GDScript backtrace (most recent call first):
       [0] _start_plan_and_wait (res://test/integration/test_campfire_example_smoke.gd:57)
[GdPAI | debug] GetCost: callable returned non-numeric value: null; returning INFINITY
WARNING: [GdPAI] ObjectRef(1382643928884): object was freed before callback; returning Nil.
   at: gdplanningai_rust::logger::process_logs (src\logger.rs:66)
   GDScript backtrace (most recent call first):
       [0] _start_plan_and_wait (res://test/integration/test_campfire_example_smoke.gd:57)
WARNING: [GdPAI] ObjectRef(1382643928884): object was freed before callback; returning Nil.
   at: gdplanningai_rust::logger::process_logs (src\logger.rs:66)
   GDScript backtrace (most recent call first):
       [0] _start_plan_and_wait (res://test/integration/test_campfire_example_smoke.gd:57)
[GdPAI | debug] Discovery: Action Cook Potato failed validity check, skipping
[GdPAI | debug] Discovery: Starting simulation for action Pick Up Wood
[GdPAI | debug] Discovery: Starting simulation for action Dig Potato
WARNING: [GdPAI] ObjectRef(124621163998): object was freed before callback; returning Nil.
   at: gdplanningai_rust::logger::process_logs (src\logger.rs:66)
   GDScript backtrace (most recent call first):
       [0] _process (res://addons/GdPlanningAI/gdpai_autoload.gd:21)
WARNING: [GdPAI] ObjectRef(124621163998): object was freed before callback; returning Nil.
   at: gdplanningai_rust::logger::process_logs (src\logger.rs:66)
   GDScript backtrace (most recent call first):
       [0] _process (res://addons/GdPlanningAI/gdpai_autoload.gd:21)
[GdPAI | debug] ApplyEffect [Before] ID=InstanceId(-9223369617714427710): agent props = {"held_item": "potato", "entity": null, "hunger": 70.0627442063492}
[GdPAI | debug] ApplyEffect [After] ID=InstanceId(-9223369617714427710): agent props = {"held_item": "potato", "entity": null, "hunger": 70.0627442063492}
[GdPAI | debug]   Snapshotting prop: held_item = Str("potato") (Variant type: STRING)
[GdPAI | debug]   Snapshotting prop: entity = Nil (Variant type: NIL)
[GdPAI | debug]   Snapshotting prop: hunger = Float(70.0627442063492) (Variant type: FLOAT)
WARNING: [GdPAI] ObjectRef(1382643928884): object was freed before callback; returning Nil.
   at: gdplanningai_rust::logger::process_logs (src\logger.rs:66)
   GDScript backtrace (most recent call first):
       [0] _process (res://addons/GdPlanningAI/gdpai_autoload.gd:21)
[GdPAI | debug] Discovery: Simulation success for Pick Up Wood. Agent props: {"hunger": Float(70.0627442063492), "held_item": Str("potato"), "entity": Nil}
[GdPAI | debug] Discovery: Action Pick Up Wood did NOT satisfy precond Builtin { target: Agent, operation: Equal, property_name: "held_item", value: Some(Str("")) }
WARNING: [GdPAI] ObjectRef(1382643928884): object was freed before callback; returning Nil.
   at: gdplanningai_rust::logger::process_logs (src\logger.rs:66)
   GDScript backtrace (most recent call first):
       [0] _process (res://addons/GdPlanningAI/gdpai_autoload.gd:21)
[GdPAI | debug] GetCost: callable returned non-numeric value: null; returning INFINITY
[GdPAI | debug] Discovery: Starting simulation for action Pick Up Wood
WARNING: [GdPAI] ObjectRef(124621163998): object was freed before callback; returning Nil.
   at: gdplanningai_rust::logger::process_logs (src\logger.rs:66)
   GDScript backtrace (most recent call first):
       [0] _start_plan_and_wait (res://test/integration/test_campfire_example_smoke.gd:57)
WARNING: [GdPAI] ObjectRef(124621163998): object was freed before callback; returning Nil.
   at: gdplanningai_rust::logger::process_logs (src\logger.rs:66)
   GDScript backtrace (most recent call first):
       [0] _start_plan_and_wait (res://test/integration/test_campfire_example_smoke.gd:57)
[GdPAI | debug] GetCost: callable returned non-numeric value: null; returning INFINITY
WARNING: [GdPAI] ObjectRef(1382643928884): object was freed before callback; returning Nil.
   at: gdplanningai_rust::logger::process_logs (src\logger.rs:66)
   GDScript backtrace (most recent call first):
       [0] _start_plan_and_wait (res://test/integration/test_campfire_example_smoke.gd:57)
WARNING: [GdPAI] ObjectRef(1382643928884): object was freed before callback; returning Nil.
   at: gdplanningai_rust::logger::process_logs (src\logger.rs:66)
   GDScript backtrace (most recent call first):
       [0] _start_plan_and_wait (res://test/integration/test_campfire_example_smoke.gd:57)
[GdPAI | debug] ApplyEffect [Before] ID=InstanceId(-9223369615231399776): agent props = {"hunger": 95.0603725, "held_item": "", "entity": null}
[GdPAI | debug] ApplyEffect [After] ID=InstanceId(-9223369615231399776): agent props = {"hunger": 95.0603725, "held_item": "", "entity": null}
[GdPAI | debug]   Snapshotting prop: hunger = Float(95.0603725) (Variant type: FLOAT)
[GdPAI | debug]   Snapshotting prop: held_item = Str("") (Variant type: STRING)
[GdPAI | debug]   Snapshotting prop: entity = Nil (Variant type: NIL)
[GdPAI | debug] Discovery: Simulation success for Pick Up Wood. Agent props: {"held_item": Str(""), "hunger": Float(95.0603725), "entity": Nil}
[GdPAI | debug] Discovery: Action Pick Up Wood satisfied precond Builtin { target: Agent, operation: Equal, property_name: "held_item", value: Some(Str("")) }
[GdPAI | debug] Found candidate: Pick Up Wood (satisfied preconds: [0], requirements: [])
[GdPAI | debug] ApplyEffect [Before] ID=InstanceId(-9223369614660974432): agent props = {"held_item": "wood", "entity": VariantGd { id: 2328610481994, class: RigidBody2D }, "hunger": 10.065054166666664}
[GdPAI | debug] ApplyEffect [After] ID=InstanceId(-9223369614660974432): agent props = {"hunger": 10.065054166666664, "entity": VariantGd { id: 2328610481994, class: RigidBody2D }, "held_item": "potato"}
[GdPAI | debug]   Snapshotting prop: hunger = Float(10.065054166666664) (Variant type: FLOAT)
[GdPAI | debug]   Snapshotting prop: entity = ObjectRef(2328610481994) (Variant type: OBJECT)
[GdPAI | debug] Discovery: Starting simulation for action Pick Up Wood
[GdPAI | debug]   Snapshotting prop: held_item = Str("potato") (Variant type: STRING)
[GdPAI | debug] Discovery: Simulation success for Dig Potato. Agent props: {"held_item": Str("potato"), "entity": ObjectRef(2328610481994), "hunger": Float(10.065054166666664)}
[GdPAI | debug] Numeric comparison: 10.065054166666664 LessThan 0 -> false
[GdPAI | debug] Discovery: Action Dig Potato did NOT satisfy precond Builtin { target: Agent, operation: LessThan, property_name: "hunger", value: Some(Float(0.0)) }
WARNING: [GdPAI] ObjectRef(124621163998): object was freed before callback; returning Nil.
   at: gdplanningai_rust::logger::process_logs (src\logger.rs:66)
   GDScript backtrace (most recent call first):
       [0] _process (res://addons/GdPlanningAI/gdpai_autoload.gd:21)
WARNING: [GdPAI] ObjectRef(124621163998): object was freed before callback; returning Nil.
   at: gdplanningai_rust::logger::process_logs (src\logger.rs:66)
   GDScript backtrace (most recent call first):
       [0] _process (res://addons/GdPlanningAI/gdpai_autoload.gd:21)
[GdPAI | debug] ApplyEffect [Before] ID=InstanceId(-9223369613872445235): agent props = {"held_item": "potato", "hunger": 70.0627442063492, "entity": null}
[GdPAI | debug] ApplyEffect [After] ID=InstanceId(-9223369613872445235): agent props = {"held_item": "potato", "hunger": 70.0627442063492, "entity": null}
[GdPAI | debug]   Snapshotting prop: held_item = Str("potato") (Variant type: STRING)
[GdPAI | debug]   Snapshotting prop: hunger = Float(70.0627442063492) (Variant type: FLOAT)
[GdPAI | debug]   Snapshotting prop: entity = Nil (Variant type: NIL)
WARNING: [GdPAI] ObjectRef(1382643928884): object was freed before callback; returning Nil.
   at: gdplanningai_rust::logger::process_logs (src\logger.rs:66)
   GDScript backtrace (most recent call first):
       [0] _process (res://addons/GdPlanningAI/gdpai_autoload.gd:21)
[GdPAI | debug] Discovery: Simulation success for Pick Up Wood. Agent props: {"entity": Nil, "hunger": Float(70.0627442063492), "held_item": Str("potato")}
[GdPAI | debug] Discovery: Action Pick Up Wood did NOT satisfy precond Builtin { target: Agent, operation: Equal, property_name: "held_item", value: Some(Str("")) }
WARNING: [GdPAI] ObjectRef(1382643928884): object was freed before callback; returning Nil.
   at: gdplanningai_rust::logger::process_logs (src\logger.rs:66)
   GDScript backtrace (most recent call first):
       [0] _process (res://addons/GdPlanningAI/gdpai_autoload.gd:21)
[GdPAI | debug] GetCost: callable returned non-numeric value: null; returning INFINITY
WARNING: [GdPAI] ObjectRef(124621163998): object was freed before callback; returning Nil.
   at: gdplanningai_rust::logger::process_logs (src\logger.rs:66)
   GDScript backtrace (most recent call first):
       [0] _start_plan_and_wait (res://test/integration/test_campfire_example_smoke.gd:57)
WARNING: [GdPAI] ObjectRef(124621163998): object was freed before callback; returning Nil.
   at: gdplanningai_rust::logger::process_logs (src\logger.rs:66)
   GDScript backtrace (most recent call first):
       [0] _start_plan_and_wait (res://test/integration/test_campfire_example_smoke.gd:57)
WARNING: [GdPAI] ObjectRef(1382643928884): object was freed before callback; returning Nil.
   at: gdplanningai_rust::logger::process_logs (src\logger.rs:66)
   GDScript backtrace (most recent call first):
       [0] _start_plan_and_wait (res://test/integration/test_campfire_example_smoke.gd:57)
[GdPAI | debug] Discovery: Action Dig Potato failed validity check, skipping
WARNING: [GdPAI] ObjectRef(1382643928884): object was freed before callback; returning Nil.
   at: gdplanningai_rust::logger::process_logs (src\logger.rs:66)
   GDScript backtrace (most recent call first):
       [0] _start_plan_and_wait (res://test/integration/test_campfire_example_smoke.gd:57)
[GdPAI | debug] ApplyEffect [Before] ID=InstanceId(-9223369611389417287): agent props = {"entity": null, "held_item": "", "hunger": 95.0603725}
[GdPAI | debug] ApplyEffect [After] ID=InstanceId(-9223369611389417287): agent props = {"entity": null, "held_item": "", "hunger": 95.0603725}
[GdPAI | debug]   Snapshotting prop: entity = Nil (Variant type: NIL)
[GdPAI | debug]   Snapshotting prop: held_item = Str("") (Variant type: STRING)
[GdPAI | debug]   Snapshotting prop: hunger = Float(95.0603725) (Variant type: FLOAT)
[GdPAI | debug] Discovery: Simulation success for Pick Up Wood. Agent props: {"entity": Nil, "held_item": Str(""), "hunger": Float(95.0603725)}
[GdPAI | debug] Discovery: Action Pick Up Wood satisfied precond Builtin { target: Agent, operation: Equal, property_name: "held_item", value: Some(Str("")) }
[GdPAI | debug] Found candidate: Pick Up Wood (satisfied preconds: [0], requirements: [])
[GdPAI | debug] Discovery: Starting simulation for action Pick Up Wood
WARNING: [GdPAI] ObjectRef(124621163998): object was freed before callback; returning Nil.
   at: gdplanningai_rust::logger::process_logs (src\logger.rs:66)
   GDScript backtrace (most recent call first):
       [0] _process (res://addons/GdPlanningAI/gdpai_autoload.gd:21)
WARNING: [GdPAI] ObjectRef(124621163998): object was freed before callback; returning Nil.
   at: gdplanningai_rust::logger::process_logs (src\logger.rs:66)
   GDScript backtrace (most recent call first):
       [0] _process (res://addons/GdPlanningAI/gdpai_autoload.gd:21)
WARNING: [GdPAI] ObjectRef(1382643928884): object was freed before callback; returning Nil.
   at: gdplanningai_rust::logger::process_logs (src\logger.rs:66)
   GDScript backtrace (most recent call first):
       [0] _process (res://addons/GdPlanningAI/gdpai_autoload.gd:21)
[GdPAI | debug] Discovery: Action Dig Potato failed validity check, skipping
WARNING: [GdPAI] ObjectRef(1382643928884): object was freed before callback; returning Nil.
   at: gdplanningai_rust::logger::process_logs (src\logger.rs:66)
   GDScript backtrace (most recent call first):
       [0] _process (res://addons/GdPlanningAI/gdpai_autoload.gd:21)
[GdPAI | debug] GetCost: callable returned non-numeric value: null; returning INFINITY
WARNING: [GdPAI] ObjectRef(124621163998): object was freed before callback; returning Nil.
   at: gdplanningai_rust::logger::process_logs (src\logger.rs:66)
   GDScript backtrace (most recent call first):
       [0] _start_plan_and_wait (res://test/integration/test_campfire_example_smoke.gd:57)
WARNING: [GdPAI] ObjectRef(124621163998): object was freed before callback; returning Nil.
   at: gdplanningai_rust::logger::process_logs (src\logger.rs:66)
   GDScript backtrace (most recent call first):
       [0] _start_plan_and_wait (res://test/integration/test_campfire_example_smoke.gd:57)
WARNING: [GdPAI] ObjectRef(1382643928884): object was freed before callback; returning Nil.
   at: gdplanningai_rust::logger::process_logs (src\logger.rs:66)
   GDScript backtrace (most recent call first):
       [0] _start_plan_and_wait (res://test/integration/test_campfire_example_smoke.gd:57)
[GdPAI | debug] Discovery: Action Dig Potato failed validity check, skipping
WARNING: [GdPAI] ObjectRef(1382643928884): object was freed before callback; returning Nil.
   at: gdplanningai_rust::logger::process_logs (src\logger.rs:66)
   GDScript backtrace (most recent call first):
       [0] _start_plan_and_wait (res://test/integration/test_campfire_example_smoke.gd:57)
[GdPAI | debug] ApplyEffect [Before] ID=InstanceId(-9223369607547434751): agent props = {"held_item": "", "hunger": 95.0603725, "entity": null}
[GdPAI | debug] ApplyEffect [After] ID=InstanceId(-9223369607547434751): agent props = {"held_item": "", "hunger": 95.0603725, "entity": null}
[GdPAI | debug]   Snapshotting prop: held_item = Str("") (Variant type: STRING)
[GdPAI | debug]   Snapshotting prop: hunger = Float(95.0603725) (Variant type: FLOAT)
[GdPAI | debug]   Snapshotting prop: entity = Nil (Variant type: NIL)
[GdPAI | debug] Discovery: Simulation success for Pick Up Wood. Agent props: {"hunger": Float(95.0603725), "entity": Nil, "held_item": Str("")}
[GdPAI | debug] Discovery: Action Pick Up Wood satisfied precond Builtin { target: Agent, operation: Equal, property_name: "held_item", value: Some(Str("")) }
[GdPAI | debug] Found candidate: Pick Up Wood (satisfied preconds: [0], requirements: [])
[GdPAI | debug] Discovery: Starting simulation for action Pick Up Wood
[GdPAI | debug] Discovery: Starting simulation for action Dig Potato
WARNING: [GdPAI] ObjectRef(124621163998): object was freed before callback; returning Nil.
   at: gdplanningai_rust::logger::process_logs (src\logger.rs:66)
   GDScript backtrace (most recent call first):
       [0] _process (res://addons/GdPlanningAI/gdpai_autoload.gd:21)
WARNING: [GdPAI] ObjectRef(124621163998): object was freed before callback; returning Nil.
   at: gdplanningai_rust::logger::process_logs (src\logger.rs:66)
   GDScript backtrace (most recent call first):
       [0] _process (res://addons/GdPlanningAI/gdpai_autoload.gd:21)
WARNING: [GdPAI] ObjectRef(1382643928884): object was freed before callback; returning Nil.
   at: gdplanningai_rust::logger::process_logs (src\logger.rs:66)
   GDScript backtrace (most recent call first):
       [0] _process (res://addons/GdPlanningAI/gdpai_autoload.gd:21)
[GdPAI | debug] Discovery: Action Dig Potato failed validity check, skipping
WARNING: [GdPAI] ObjectRef(1382643928884): object was freed before callback; returning Nil.
   at: gdplanningai_rust::logger::process_logs (src\logger.rs:66)
   GDScript backtrace (most recent call first):
       [0] _process (res://addons/GdPlanningAI/gdpai_autoload.gd:21)
[GdPAI | debug] GetCost: callable returned non-numeric value: null; returning INFINITY
WARNING: [GdPAI] ObjectRef(124621163998): object was freed before callback; returning Nil.
   at: gdplanningai_rust::logger::process_logs (src\logger.rs:66)
   GDScript backtrace (most recent call first):
       [0] _start_plan_and_wait (res://test/integration/test_campfire_example_smoke.gd:57)
WARNING: [GdPAI] ObjectRef(124621163998): object was freed before callback; returning Nil.
   at: gdplanningai_rust::logger::process_logs (src\logger.rs:66)
   GDScript backtrace (most recent call first):
       [0] _start_plan_and_wait (res://test/integration/test_campfire_example_smoke.gd:57)
WARNING: [GdPAI] ObjectRef(1382643928884): object was freed before callback; returning Nil.
   at: gdplanningai_rust::logger::process_logs (src\logger.rs:66)
   GDScript backtrace (most recent call first):
       [0] _start_plan_and_wait (res://test/integration/test_campfire_example_smoke.gd:57)
[GdPAI | debug] Discovery: Action Dig Potato failed validity check, skipping
WARNING: [GdPAI] ObjectRef(1382643928884): object was freed before callback; returning Nil.
   at: gdplanningai_rust::logger::process_logs (src\logger.rs:66)
   GDScript backtrace (most recent call first):
       [0] _start_plan_and_wait (res://test/integration/test_campfire_example_smoke.gd:57)
[GdPAI | debug] ApplyEffect [Before] ID=InstanceId(-9223369603705452240): agent props = {"held_item": "", "hunger": 95.0603725, "entity": null}
[GdPAI | debug] ApplyEffect [After] ID=InstanceId(-9223369603705452240): agent props = {"held_item": "", "hunger": 95.0603725, "entity": null}
[GdPAI | debug]   Snapshotting prop: held_item = Str("") (Variant type: STRING)
[GdPAI | debug]   Snapshotting prop: hunger = Float(95.0603725) (Variant type: FLOAT)
[GdPAI | debug]   Snapshotting prop: entity = Nil (Variant type: NIL)
[GdPAI | debug] Discovery: Simulation success for Pick Up Wood. Agent props: {"held_item": Str(""), "hunger": Float(95.0603725), "entity": Nil}
[GdPAI | debug] Discovery: Action Pick Up Wood satisfied precond Builtin { target: Agent, operation: Equal, property_name: "held_item", value: Some(Str("")) }
[GdPAI | debug] Found candidate: Pick Up Wood (satisfied preconds: [0], requirements: [])
[GdPAI | debug] ApplyEffect [Before] ID=InstanceId(-9223369603135026896): agent props = {"hunger": 10.065054166666664, "held_item": "wood", "entity": VariantGd { id: 2328610481994, class: RigidBody2D }}
[GdPAI | debug] ApplyEffect [After] ID=InstanceId(-9223369603135026896): agent props = {"hunger": 10.065054166666664, "held_item": "potato", "entity": VariantGd { id: 2328610481994, class: RigidBody2D }}
[GdPAI | debug]   Snapshotting prop: hunger = Float(10.065054166666664) (Variant type: FLOAT)
[GdPAI | debug]   Snapshotting prop: held_item = Str("potato") (Variant type: STRING)
[GdPAI | debug]   Snapshotting prop: entity = ObjectRef(2328610481994) (Variant type: OBJECT)
[GdPAI | debug] Discovery: Simulation success for Dig Potato. Agent props: {"hunger": Float(10.065054166666664), "entity": ObjectRef(2328610481994), "held_item": Str("potato")}
[GdPAI | debug] Numeric comparison: 10.065054166666664 LessThan 0 -> false
[GdPAI | debug] Discovery: Action Dig Potato did NOT satisfy precond Builtin { target: Agent, operation: LessThan, property_name: "hunger", value: Some(Float(0.0)) }
WARNING: [GdPAI] ObjectRef(124621163998): object was freed before callback; returning Nil.
   at: gdplanningai_rust::logger::process_logs (src\logger.rs:66)
   GDScript backtrace (most recent call first):
       [0] _process (res://addons/GdPlanningAI/gdpai_autoload.gd:21)
WARNING: [GdPAI] ObjectRef(124621163998): object was freed before callback; returning Nil.
   at: gdplanningai_rust::logger::process_logs (src\logger.rs:66)
   GDScript backtrace (most recent call first):
       [0] _process (res://addons/GdPlanningAI/gdpai_autoload.gd:21)
WARNING: [GdPAI] ObjectRef(124134624705): object was freed before callback; returning Nil.
   at: gdplanningai_rust::logger::process_logs (src\logger.rs:66)
   GDScript backtrace (most recent call first):
       [0] _process (res://addons/GdPlanningAI/gdpai_autoload.gd:21)
WARNING: [GdPAI] ObjectRef(123983629752): object was freed before callback; returning Nil.
   at: gdplanningai_rust::logger::process_logs (src\logger.rs:66)
   GDScript backtrace (most recent call first):
       [0] _process (res://addons/GdPlanningAI/gdpai_autoload.gd:21)
WARNING: [GdPAI] ObjectRef(124587609564): object was freed before callback; returning Nil.
   at: gdplanningai_rust::logger::process_logs (src\logger.rs:66)
   GDScript backtrace (most recent call first):
       [0] _process (res://addons/GdPlanningAI/gdpai_autoload.gd:21)
WARNING: [GdPAI] ObjectRef(124134624705): object was freed before callback; returning Nil.
   at: gdplanningai_rust::logger::process_logs (src\logger.rs:66)
   GDScript backtrace (most recent call first):
       [0] _process (res://addons/GdPlanningAI/gdpai_autoload.gd:21)
WARNING: [GdPAI] ObjectRef(123983629752): object was freed before callback; returning Nil.
   at: gdplanningai_rust::logger::process_logs (src\logger.rs:66)
   GDScript backtrace (most recent call first):
       [0] _process (res://addons/GdPlanningAI/gdpai_autoload.gd:21)
WARNING: [GdPAI] ObjectRef(124587609564): object was freed before callback; returning Nil.
   at: gdplanningai_rust::logger::process_logs (src\logger.rs:66)
   GDScript backtrace (most recent call first):
       [0] _process (res://addons/GdPlanningAI/gdpai_autoload.gd:21)
[GdPAI | debug] GetCost: callable returned non-numeric value: null; returning INFINITY
WARNING: [GdPAI] ObjectRef(1382643928884): object was freed before callback; returning Nil.
   at: gdplanningai_rust::logger::process_logs (src\logger.rs:66)
   GDScript backtrace (most recent call first):
       [0] _process (res://addons/GdPlanningAI/gdpai_autoload.gd:21)
WARNING: [GdPAI] ObjectRef(1382643928884): object was freed before callback; returning Nil.
   at: gdplanningai_rust::logger::process_logs (src\logger.rs:66)
   GDScript backtrace (most recent call first):
       [0] _process (res://addons/GdPlanningAI/gdpai_autoload.gd:21)
[GdPAI | debug] Discovery: Action Dig Potato failed validity check, skipping
WARNING: [GdPAI] ObjectRef(124621163998): object was freed before callback; returning Nil.
   at: gdplanningai_rust::logger::process_logs (src\logger.rs:66)
   GDScript backtrace (most recent call first):
       [0] _start_plan_and_wait (res://test/integration/test_campfire_example_smoke.gd:57)
WARNING: [GdPAI] ObjectRef(124621163998): object was freed before callback; returning Nil.
   at: gdplanningai_rust::logger::process_logs (src\logger.rs:66)
   GDScript backtrace (most recent call first):
       [0] _start_plan_and_wait (res://test/integration/test_campfire_example_smoke.gd:57)
WARNING: [GdPAI] ObjectRef(124134624705): object was freed before callback; returning Nil.
   at: gdplanningai_rust::logger::process_logs (src\logger.rs:66)
   GDScript backtrace (most recent call first):
       [0] _start_plan_and_wait (res://test/integration/test_campfire_example_smoke.gd:57)
WARNING: [GdPAI] ObjectRef(123983629752): object was freed before callback; returning Nil.
   at: gdplanningai_rust::logger::process_logs (src\logger.rs:66)
   GDScript backtrace (most recent call first):
       [0] _start_plan_and_wait (res://test/integration/test_campfire_example_smoke.gd:57)
WARNING: [GdPAI] ObjectRef(124587609564): object was freed before callback; returning Nil.
   at: gdplanningai_rust::logger::process_logs (src\logger.rs:66)
   GDScript backtrace (most recent call first):
       [0] _start_plan_and_wait (res://test/integration/test_campfire_example_smoke.gd:57)
WARNING: [GdPAI] ObjectRef(124134624705): object was freed before callback; returning Nil.
   at: gdplanningai_rust::logger::process_logs (src\logger.rs:66)
   GDScript backtrace (most recent call first):
       [0] _start_plan_and_wait (res://test/integration/test_campfire_example_smoke.gd:57)
WARNING: [GdPAI] ObjectRef(123983629752): object was freed before callback; returning Nil.
   at: gdplanningai_rust::logger::process_logs (src\logger.rs:66)
   GDScript backtrace (most recent call first):
       [0] _start_plan_and_wait (res://test/integration/test_campfire_example_smoke.gd:57)
WARNING: [GdPAI] ObjectRef(124587609564): object was freed before callback; returning Nil.
   at: gdplanningai_rust::logger::process_logs (src\logger.rs:66)
   GDScript backtrace (most recent call first):
       [0] _start_plan_and_wait (res://test/integration/test_campfire_example_smoke.gd:57)
[GdPAI | debug] ApplyEffect [Before] ID=InstanceId(-9223369600131905229): agent props = {"held_item": "", "at_target": null, "hunger": 70.0627442063492, "entity": null}
[GdPAI | debug] ApplyEffect [After] ID=InstanceId(-9223369600131905229): agent props = {"held_item": "", "at_target": null, "hunger": 70.0627442063492, "entity": null}
[GdPAI | debug]   Snapshotting prop: held_item = Str("") (Variant type: STRING)
[GdPAI | debug]   Snapshotting prop: at_target = Nil (Variant type: NIL)
[GdPAI | debug]   Snapshotting prop: hunger = Float(70.0627442063492) (Variant type: FLOAT)
[GdPAI | debug]   Snapshotting prop: entity = Nil (Variant type: NIL)
WARNING: [GdPAI] ObjectRef(1382643928884): object was freed before callback; returning Nil.
   at: gdplanningai_rust::logger::process_logs (src\logger.rs:66)
   GDScript backtrace (most recent call first):
       [0] _start_plan_and_wait (res://test/integration/test_campfire_example_smoke.gd:57)
WARNING: [GdPAI] ObjectRef(1382643928884): object was freed before callback; returning Nil.
   at: gdplanningai_rust::logger::process_logs (src\logger.rs:66)
   GDScript backtrace (most recent call first):
       [0] _start_plan_and_wait (res://test/integration/test_campfire_example_smoke.gd:57)
[GdPAI | debug] Discovery: Action Dig Potato failed validity check, skipping
WARNING: [GdPAI] ObjectRef(124621163998): object was freed before callback; returning Nil.
   at: gdplanningai_rust::logger::process_logs (src\logger.rs:66)
   GDScript backtrace (most recent call first):
       [0] _process (res://addons/GdPlanningAI/gdpai_autoload.gd:21)
WARNING: [GdPAI] ObjectRef(124587609564): object was freed before callback; returning Nil.
   at: gdplanningai_rust::logger::process_logs (src\logger.rs:66)
   GDScript backtrace (most recent call first):
       [0] _process (res://addons/GdPlanningAI/gdpai_autoload.gd:21)
WARNING: [GdPAI] ObjectRef(124587609564): object was freed before callback; returning Nil.
   at: gdplanningai_rust::logger::process_logs (src\logger.rs:66)
   GDScript backtrace (most recent call first):
       [0] _process (res://addons/GdPlanningAI/gdpai_autoload.gd:21)
[GdPAI | debug] GetCost: callable returned non-numeric value: null; returning INFINITY
WARNING: [GdPAI] ObjectRef(1382643928884): object was freed before callback; returning Nil.
   at: gdplanningai_rust::logger::process_logs (src\logger.rs:66)
   GDScript backtrace (most recent call first):
       [0] _process (res://addons/GdPlanningAI/gdpai_autoload.gd:21)
WARNING: [GdPAI] ObjectRef(1382643928884): object was freed before callback; returning Nil.
   at: gdplanningai_rust::logger::process_logs (src\logger.rs:66)
   GDScript backtrace (most recent call first):
       [0] _process (res://addons/GdPlanningAI/gdpai_autoload.gd:21)
[GdPAI | debug] Discovery: Action Dig Potato failed validity check, skipping
WARNING: [GdPAI] ObjectRef(124621163998): object was freed before callback; returning Nil.
   at: gdplanningai_rust::logger::process_logs (src\logger.rs:66)
   GDScript backtrace (most recent call first):
       [0] _start_plan_and_wait (res://test/integration/test_campfire_example_smoke.gd:57)
WARNING: [GdPAI] ObjectRef(124587609564): object was freed before callback; returning Nil.
   at: gdplanningai_rust::logger::process_logs (src\logger.rs:66)
   GDScript backtrace (most recent call first):
       [0] _start_plan_and_wait (res://test/integration/test_campfire_example_smoke.gd:57)
WARNING: [GdPAI] ObjectRef(124587609564): object was freed before callback; returning Nil.
   at: gdplanningai_rust::logger::process_logs (src\logger.rs:66)
   GDScript backtrace (most recent call first):
       [0] _start_plan_and_wait (res://test/integration/test_campfire_example_smoke.gd:57)
[GdPAI | debug] ApplyEffect [Before] ID=InstanceId(-9223369595937601159): agent props = {"entity": null, "held_item": "", "hunger": 70.0627442063492, "at_target": null}
[GdPAI | debug] ApplyEffect [After] ID=InstanceId(-9223369595937601159): agent props = {"entity": null, "held_item": "", "hunger": 70.0627442063492, "at_target": null}
[GdPAI | debug]   Snapshotting prop: entity = Nil (Variant type: NIL)
[GdPAI | debug]   Snapshotting prop: held_item = Str("") (Variant type: STRING)
[GdPAI | debug]   Snapshotting prop: hunger = Float(70.0627442063492) (Variant type: FLOAT)
[GdPAI | debug]   Snapshotting prop: at_target = Nil (Variant type: NIL)
WARNING: [GdPAI] ObjectRef(1382643928884): object was freed before callback; returning Nil.
   at: gdplanningai_rust::logger::process_logs (src\logger.rs:66)
   GDScript backtrace (most recent call first):
       [0] _start_plan_and_wait (res://test/integration/test_campfire_example_smoke.gd:57)
WARNING: [GdPAI] ObjectRef(1382643928884): object was freed before callback; returning Nil.
   at: gdplanningai_rust::logger::process_logs (src\logger.rs:66)
   GDScript backtrace (most recent call first):
       [0] _start_plan_and_wait (res://test/integration/test_campfire_example_smoke.gd:57)
[GdPAI | debug] Discovery: Action Dig Potato failed validity check, skipping
[GdPAI | debug] Discovery: Starting simulation for action Dig Potato
WARNING: [GdPAI] ObjectRef(124621163998): object was freed before callback; returning Nil.
   at: gdplanningai_rust::logger::process_logs (src\logger.rs:66)
   GDScript backtrace (most recent call first):
       [0] _process (res://addons/GdPlanningAI/gdpai_autoload.gd:21)
WARNING: [GdPAI] ObjectRef(123983629752): object was freed before callback; returning Nil.
   at: gdplanningai_rust::logger::process_logs (src\logger.rs:66)
   GDScript backtrace (most recent call first):
       [0] _process (res://addons/GdPlanningAI/gdpai_autoload.gd:21)
WARNING: [GdPAI] ObjectRef(123983629752): object was freed before callback; returning Nil.
   at: gdplanningai_rust::logger::process_logs (src\logger.rs:66)
   GDScript backtrace (most recent call first):
       [0] _process (res://addons/GdPlanningAI/gdpai_autoload.gd:21)
[GdPAI | debug] GetCost: callable returned non-numeric value: null; returning INFINITY
WARNING: [GdPAI] ObjectRef(1382643928884): object was freed before callback; returning Nil.
   at: gdplanningai_rust::logger::process_logs (src\logger.rs:66)
   GDScript backtrace (most recent call first):
       [0] _process (res://addons/GdPlanningAI/gdpai_autoload.gd:21)
WARNING: [GdPAI] ObjectRef(1382643928884): object was freed before callback; returning Nil.
   at: gdplanningai_rust::logger::process_logs (src\logger.rs:66)
   GDScript backtrace (most recent call first):
       [0] _process (res://addons/GdPlanningAI/gdpai_autoload.gd:21)
[GdPAI | debug] Discovery: Action Dig Potato failed validity check, skipping
WARNING: [GdPAI] ObjectRef(124621163998): object was freed before callback; returning Nil.
   at: gdplanningai_rust::logger::process_logs (src\logger.rs:66)
   GDScript backtrace (most recent call first):
       [0] _start_plan_and_wait (res://test/integration/test_campfire_example_smoke.gd:57)
WARNING: [GdPAI] ObjectRef(123983629752): object was freed before callback; returning Nil.
   at: gdplanningai_rust::logger::process_logs (src\logger.rs:66)
   GDScript backtrace (most recent call first):
       [0] _start_plan_and_wait (res://test/integration/test_campfire_example_smoke.gd:57)
WARNING: [GdPAI] ObjectRef(123983629752): object was freed before callback; returning Nil.
   at: gdplanningai_rust::logger::process_logs (src\logger.rs:66)
   GDScript backtrace (most recent call first):
       [0] _start_plan_and_wait (res://test/integration/test_campfire_example_smoke.gd:57)
[GdPAI | debug] ApplyEffect [Before] ID=InstanceId(-9223369591994955400): agent props = {"at_target": null, "held_item": "", "entity": null, "hunger": 70.0627442063492}
[GdPAI | debug] ApplyEffect [After] ID=InstanceId(-9223369591994955400): agent props = {"at_target": null, "held_item": "", "entity": null, "hunger": 70.0627442063492}
[GdPAI | debug]   Snapshotting prop: at_target = Nil (Variant type: NIL)
[GdPAI | debug]   Snapshotting prop: held_item = Str("") (Variant type: STRING)
[GdPAI | debug]   Snapshotting prop: entity = Nil (Variant type: NIL)
[GdPAI | debug]   Snapshotting prop: hunger = Float(70.0627442063492) (Variant type: FLOAT)
WARNING: [GdPAI] ObjectRef(1382643928884): object was freed before callback; returning Nil.
   at: gdplanningai_rust::logger::process_logs (src\logger.rs:66)
   GDScript backtrace (most recent call first):
       [0] _start_plan_and_wait (res://test/integration/test_campfire_example_smoke.gd:57)
WARNING: [GdPAI] ObjectRef(1382643928884): object was freed before callback; returning Nil.
   at: gdplanningai_rust::logger::process_logs (src\logger.rs:66)
   GDScript backtrace (most recent call first):
       [0] _start_plan_and_wait (res://test/integration/test_campfire_example_smoke.gd:57)
WARNING: [GdPAI] ObjectRef(1383348571562): object was freed before callback; returning Nil.
   at: gdplanningai_rust::logger::process_logs (src\logger.rs:66)
   GDScript backtrace (most recent call first):
       [0] _start_plan_and_wait (res://test/integration/test_campfire_example_smoke.gd:57)
WARNING: [GdPAI] ObjectRef(1383348571562): object was freed before callback; returning Nil.
   at: gdplanningai_rust::logger::process_logs (src\logger.rs:66)
   GDScript backtrace (most recent call first):
       [0] _start_plan_and_wait (res://test/integration/test_campfire_example_smoke.gd:57)
[GdPAI | debug] GetCost: callable returned non-numeric value: null; returning INFINITY
[GdPAI | debug] ApplyEffect [Before] ID=InstanceId(-9223369590854104712): agent props = {"held_item": "wood", "hunger": 10.065054166666664, "entity": VariantGd { id: 2328610481994, class: RigidBody2D }}
[GdPAI | debug] ApplyEffect [After] ID=InstanceId(-9223369590854104712): agent props = {"entity": VariantGd { id: 2328610481994, class: RigidBody2D }, "held_item": "potato", "hunger": 10.065054166666664}
[GdPAI | debug]   Snapshotting prop: entity = ObjectRef(2328610481994) (Variant type: OBJECT)
[GdPAI | debug]   Snapshotting prop: held_item = Str("potato") (Variant type: STRING)
[GdPAI | debug]   Snapshotting prop: hunger = Float(10.065054166666664) (Variant type: FLOAT)
[GdPAI | debug] Discovery: Simulation success for Dig Potato. Agent props: {"hunger": Float(10.065054166666664), "entity": ObjectRef(2328610481994), "held_item": Str("potato")}
[GdPAI | debug] Numeric comparison: 10.065054166666664 LessThan 0 -> false
[GdPAI | debug] Discovery: Action Dig Potato did NOT satisfy precond Builtin { target: Agent, operation: LessThan, property_name: "hunger", value: Some(Float(0.0)) }
WARNING: [GdPAI] ObjectRef(124621163998): object was freed before callback; returning Nil.
   at: gdplanningai_rust::logger::process_logs (src\logger.rs:66)
   GDScript backtrace (most recent call first):
       [0] _process (res://addons/GdPlanningAI/gdpai_autoload.gd:21)
WARNING: [GdPAI] ObjectRef(124134624705): object was freed before callback; returning Nil.
   at: gdplanningai_rust::logger::process_logs (src\logger.rs:66)
   GDScript backtrace (most recent call first):
       [0] _process (res://addons/GdPlanningAI/gdpai_autoload.gd:21)
WARNING: [GdPAI] ObjectRef(124134624705): object was freed before callback; returning Nil.
   at: gdplanningai_rust::logger::process_logs (src\logger.rs:66)
   GDScript backtrace (most recent call first):
       [0] _process (res://addons/GdPlanningAI/gdpai_autoload.gd:21)
[GdPAI | debug] GetCost: callable returned non-numeric value: null; returning INFINITY
WARNING: [GdPAI] ObjectRef(1382643928884): object was freed before callback; returning Nil.
   at: gdplanningai_rust::logger::process_logs (src\logger.rs:66)
   GDScript backtrace (most recent call first):
       [0] _process (res://addons/GdPlanningAI/gdpai_autoload.gd:21)
WARNING: [GdPAI] ObjectRef(1382643928884): object was freed before callback; returning Nil.
   at: gdplanningai_rust::logger::process_logs (src\logger.rs:66)
   GDScript backtrace (most recent call first):
       [0] _process (res://addons/GdPlanningAI/gdpai_autoload.gd:21)
WARNING: [GdPAI] ObjectRef(1383348571562): object was freed before callback; returning Nil.
   at: gdplanningai_rust::logger::process_logs (src\logger.rs:66)
   GDScript backtrace (most recent call first):
       [0] _process (res://addons/GdPlanningAI/gdpai_autoload.gd:21)
WARNING: [GdPAI] ObjectRef(1383348571562): object was freed before callback; returning Nil.
   at: gdplanningai_rust::logger::process_logs (src\logger.rs:66)
   GDScript backtrace (most recent call first):
       [0] _process (res://addons/GdPlanningAI/gdpai_autoload.gd:21)
[GdPAI | debug] ApplyEffect [Before] ID=InstanceId(-9223369589344155258): agent props = {"held_item": "", "at_target": null, "hunger": 95.0603725, "entity": null}
[GdPAI | debug] ApplyEffect [After] ID=InstanceId(-9223369589344155258): agent props = {"held_item": "", "at_target": null, "hunger": 95.0603725, "entity": null}
[GdPAI | debug]   Snapshotting prop: held_item = Str("") (Variant type: STRING)
[GdPAI | debug]   Snapshotting prop: at_target = Nil (Variant type: NIL)
[GdPAI | debug]   Snapshotting prop: hunger = Float(95.0603725) (Variant type: FLOAT)
[GdPAI | debug]   Snapshotting prop: entity = Nil (Variant type: NIL)
WARNING: [GdPAI] ObjectRef(124621163998): object was freed before callback; returning Nil.
   at: gdplanningai_rust::logger::process_logs (src\logger.rs:66)
   GDScript backtrace (most recent call first):
       [0] _start_plan_and_wait (res://test/integration/test_campfire_example_smoke.gd:57)
WARNING: [GdPAI] ObjectRef(124134624705): object was freed before callback; returning Nil.
   at: gdplanningai_rust::logger::process_logs (src\logger.rs:66)
   GDScript backtrace (most recent call first):
       [0] _start_plan_and_wait (res://test/integration/test_campfire_example_smoke.gd:57)
WARNING: [GdPAI] ObjectRef(124134624705): object was freed before callback; returning Nil.
   at: gdplanningai_rust::logger::process_logs (src\logger.rs:66)
   GDScript backtrace (most recent call first):
       [0] _start_plan_and_wait (res://test/integration/test_campfire_example_smoke.gd:57)
[GdPAI | debug] ApplyEffect [Before] ID=InstanceId(-9223369587850982985): agent props = {"at_target": null, "entity": null, "hunger": 70.0627442063492, "held_item": ""}
[GdPAI | debug] ApplyEffect [After] ID=InstanceId(-9223369587850982985): agent props = {"at_target": null, "entity": null, "hunger": 70.0627442063492, "held_item": ""}
[GdPAI | debug]   Snapshotting prop: at_target = Nil (Variant type: NIL)
[GdPAI | debug]   Snapshotting prop: entity = Nil (Variant type: NIL)
[GdPAI | debug]   Snapshotting prop: hunger = Float(70.0627442063492) (Variant type: FLOAT)
[GdPAI | debug]   Snapshotting prop: held_item = Str("") (Variant type: STRING)
WARNING: [GdPAI] ObjectRef(1382643928884): object was freed before callback; returning Nil.
   at: gdplanningai_rust::logger::process_logs (src\logger.rs:66)
   GDScript backtrace (most recent call first):
       [0] _start_plan_and_wait (res://test/integration/test_campfire_example_smoke.gd:57)
WARNING: [GdPAI] ObjectRef(1383348571562): object was freed before callback; returning Nil.
   at: gdplanningai_rust::logger::process_logs (src\logger.rs:66)
   GDScript backtrace (most recent call first):
       [0] _start_plan_and_wait (res://test/integration/test_campfire_example_smoke.gd:57)
WARNING: [GdPAI] ObjectRef(1383348571562): object was freed before callback; returning Nil.
   at: gdplanningai_rust::logger::process_logs (src\logger.rs:66)
   GDScript backtrace (most recent call first):
       [0] _start_plan_and_wait (res://test/integration/test_campfire_example_smoke.gd:57)
[GdPAI | debug] GetCost: callable returned non-numeric value: null; returning INFINITY
WARNING: [GdPAI] ObjectRef(124621163998): object was freed before callback; returning Nil.
   at: gdplanningai_rust::logger::process_logs (src\logger.rs:66)
   GDScript backtrace (most recent call first):
       [0] _process (res://addons/GdPlanningAI/gdpai_autoload.gd:21)
[GdPAI | debug] GetCost: callable returned non-numeric value: null; returning INFINITY
WARNING: [GdPAI] ObjectRef(1382643928884): object was freed before callback; returning Nil.
   at: gdplanningai_rust::logger::process_logs (src\logger.rs:66)
   GDScript backtrace (most recent call first):
       [0] _process (res://addons/GdPlanningAI/gdpai_autoload.gd:21)
WARNING: [GdPAI] ObjectRef(1383348571562): object was freed before callback; returning Nil.
   at: gdplanningai_rust::logger::process_logs (src\logger.rs:66)
   GDScript backtrace (most recent call first):
       [0] _process (res://addons/GdPlanningAI/gdpai_autoload.gd:21)
WARNING: [GdPAI] ObjectRef(1383348571562): object was freed before callback; returning Nil.
   at: gdplanningai_rust::logger::process_logs (src\logger.rs:66)
   GDScript backtrace (most recent call first):
       [0] _process (res://addons/GdPlanningAI/gdpai_autoload.gd:21)
[GdPAI | debug] ApplyEffect [Before] ID=InstanceId(-9223369585250514527): agent props = {"entity": null, "hunger": 95.0603725, "at_target": null, "held_item": ""}
[GdPAI | debug] ApplyEffect [After] ID=InstanceId(-9223369585250514527): agent props = {"entity": null, "hunger": 95.0603725, "at_target": null, "held_item": ""}
[GdPAI | debug]   Snapshotting prop: entity = Nil (Variant type: NIL)
[GdPAI | debug]   Snapshotting prop: hunger = Float(95.0603725) (Variant type: FLOAT)
[GdPAI | debug]   Snapshotting prop: at_target = Nil (Variant type: NIL)
[GdPAI | debug]   Snapshotting prop: held_item = Str("") (Variant type: STRING)
WARNING: [GdPAI] ObjectRef(124621163998): object was freed before callback; returning Nil.
   at: gdplanningai_rust::logger::process_logs (src\logger.rs:66)
   GDScript backtrace (most recent call first):
       [0] _start_plan_and_wait (res://test/integration/test_campfire_example_smoke.gd:57)
[GdPAI | debug] ApplyEffect [Before] ID=InstanceId(-9223369583908337178): agent props = {"hunger": 70.0627442063492, "entity": null, "held_item": "wood", "at_target": null}
[GdPAI | debug] ApplyEffect [After] ID=InstanceId(-9223369583908337178): agent props = {"hunger": 70.0627442063492, "entity": null, "held_item": "wood", "at_target": null}
[GdPAI | debug]   Snapshotting prop: hunger = Float(70.0627442063492) (Variant type: FLOAT)
[GdPAI | debug]   Snapshotting prop: entity = Nil (Variant type: NIL)
[GdPAI | debug]   Snapshotting prop: held_item = Str("wood") (Variant type: STRING)
[GdPAI | debug]   Snapshotting prop: at_target = Nil (Variant type: NIL)
WARNING: [GdPAI] ObjectRef(1382643928884): object was freed before callback; returning Nil.
   at: gdplanningai_rust::logger::process_logs (src\logger.rs:66)
   GDScript backtrace (most recent call first):
       [0] _start_plan_and_wait (res://test/integration/test_campfire_example_smoke.gd:57)
WARNING: [GdPAI] ObjectRef(1382157389614): object was freed before callback; returning Nil.
   at: gdplanningai_rust::logger::process_logs (src\logger.rs:66)
   GDScript backtrace (most recent call first):
       [0] _start_plan_and_wait (res://test/integration/test_campfire_example_smoke.gd:57)
WARNING: [GdPAI] ObjectRef(1382157389614): object was freed before callback; returning Nil.
   at: gdplanningai_rust::logger::process_logs (src\logger.rs:66)
   GDScript backtrace (most recent call first):
       [0] _start_plan_and_wait (res://test/integration/test_campfire_example_smoke.gd:57)
[GdPAI | debug] GetCost: callable returned non-numeric value: null; returning INFINITY
[GdPAI | debug] Discovery: Starting simulation for action Dig Potato
WARNING: [GdPAI] ObjectRef(124621163998): object was freed before callback; returning Nil.
   at: gdplanningai_rust::logger::process_logs (src\logger.rs:66)
   GDScript backtrace (most recent call first):
       [0] _process (res://addons/GdPlanningAI/gdpai_autoload.gd:21)
WARNING: [GdPAI] ObjectRef(124621163998): object was freed before callback; returning Nil.
   at: gdplanningai_rust::logger::process_logs (src\logger.rs:66)
   GDScript backtrace (most recent call first):
       [0] _process (res://addons/GdPlanningAI/gdpai_autoload.gd:21)
WARNING: [GdPAI] ObjectRef(124134624705): object was freed before callback; returning Nil.
   at: gdplanningai_rust::logger::process_logs (src\logger.rs:66)
   GDScript backtrace (most recent call first):
       [0] _process (res://addons/GdPlanningAI/gdpai_autoload.gd:21)
WARNING: [GdPAI] ObjectRef(123983629752): object was freed before callback; returning Nil.
   at: gdplanningai_rust::logger::process_logs (src\logger.rs:66)
   GDScript backtrace (most recent call first):
       [0] _process (res://addons/GdPlanningAI/gdpai_autoload.gd:21)
WARNING: [GdPAI] ObjectRef(124587609564): object was freed before callback; returning Nil.
   at: gdplanningai_rust::logger::process_logs (src\logger.rs:66)
   GDScript backtrace (most recent call first):
       [0] _process (res://addons/GdPlanningAI/gdpai_autoload.gd:21)
WARNING: [GdPAI] ObjectRef(124134624705): object was freed before callback; returning Nil.
   at: gdplanningai_rust::logger::process_logs (src\logger.rs:66)
   GDScript backtrace (most recent call first):
       [0] _process (res://addons/GdPlanningAI/gdpai_autoload.gd:21)
WARNING: [GdPAI] ObjectRef(123983629752): object was freed before callback; returning Nil.
   at: gdplanningai_rust::logger::process_logs (src\logger.rs:66)
   GDScript backtrace (most recent call first):
       [0] _process (res://addons/GdPlanningAI/gdpai_autoload.gd:21)
WARNING: [GdPAI] ObjectRef(124587609564): object was freed before callback; returning Nil.
   at: gdplanningai_rust::logger::process_logs (src\logger.rs:66)
   GDScript backtrace (most recent call first):
       [0] _process (res://addons/GdPlanningAI/gdpai_autoload.gd:21)
[GdPAI | debug] GetCost: callable returned non-numeric value: null; returning INFINITY
WARNING: [GdPAI] ObjectRef(1382643928884): object was freed before callback; returning Nil.
   at: gdplanningai_rust::logger::process_logs (src\logger.rs:66)
   GDScript backtrace (most recent call first):
       [0] _process (res://addons/GdPlanningAI/gdpai_autoload.gd:21)
WARNING: [GdPAI] ObjectRef(1382157389614): object was freed before callback; returning Nil.
   at: gdplanningai_rust::logger::process_logs (src\logger.rs:66)
   GDScript backtrace (most recent call first):
       [0] _process (res://addons/GdPlanningAI/gdpai_autoload.gd:21)
WARNING: [GdPAI] ObjectRef(1382157389614): object was freed before callback; returning Nil.
   at: gdplanningai_rust::logger::process_logs (src\logger.rs:66)
   GDScript backtrace (most recent call first):
       [0] _process (res://addons/GdPlanningAI/gdpai_autoload.gd:21)
[GdPAI | debug] ApplyEffect [Before] ID=InstanceId(-9223369581408532039): agent props = {"hunger": 95.0603725, "held_item": "", "entity": null, "at_target": null}
[GdPAI | debug] ApplyEffect [After] ID=InstanceId(-9223369581408532039): agent props = {"hunger": 95.0603725, "held_item": "", "entity": null, "at_target": null}
[GdPAI | debug]   Snapshotting prop: hunger = Float(95.0603725) (Variant type: FLOAT)
[GdPAI | debug]   Snapshotting prop: held_item = Str("") (Variant type: STRING)
[GdPAI | debug]   Snapshotting prop: entity = Nil (Variant type: NIL)
[GdPAI | debug]   Snapshotting prop: at_target = Nil (Variant type: NIL)
WARNING: [GdPAI] ObjectRef(124621163998): object was freed before callback; returning Nil.
   at: gdplanningai_rust::logger::process_logs (src\logger.rs:66)
   GDScript backtrace (most recent call first):
       [0] _start_plan_and_wait (res://test/integration/test_campfire_example_smoke.gd:57)
WARNING: [GdPAI] ObjectRef(124621163998): object was freed before callback; returning Nil.
   at: gdplanningai_rust::logger::process_logs (src\logger.rs:66)
   GDScript backtrace (most recent call first):
       [0] _start_plan_and_wait (res://test/integration/test_campfire_example_smoke.gd:57)
WARNING: [GdPAI] ObjectRef(124134624705): object was freed before callback; returning Nil.
   at: gdplanningai_rust::logger::process_logs (src\logger.rs:66)
   GDScript backtrace (most recent call first):
       [0] _start_plan_and_wait (res://test/integration/test_campfire_example_smoke.gd:57)
WARNING: [GdPAI] ObjectRef(123983629752): object was freed before callback; returning Nil.
   at: gdplanningai_rust::logger::process_logs (src\logger.rs:66)
   GDScript backtrace (most recent call first):
       [0] _start_plan_and_wait (res://test/integration/test_campfire_example_smoke.gd:57)
WARNING: [GdPAI] ObjectRef(124587609564): object was freed before callback; returning Nil.
   at: gdplanningai_rust::logger::process_logs (src\logger.rs:66)
   GDScript backtrace (most recent call first):
       [0] _start_plan_and_wait (res://test/integration/test_campfire_example_smoke.gd:57)
WARNING: [GdPAI] ObjectRef(124134624705): object was freed before callback; returning Nil.
   at: gdplanningai_rust::logger::process_logs (src\logger.rs:66)
   GDScript backtrace (most recent call first):
       [0] _start_plan_and_wait (res://test/integration/test_campfire_example_smoke.gd:57)
WARNING: [GdPAI] ObjectRef(123983629752): object was freed before callback; returning Nil.
   at: gdplanningai_rust::logger::process_logs (src\logger.rs:66)
   GDScript backtrace (most recent call first):
       [0] _start_plan_and_wait (res://test/integration/test_campfire_example_smoke.gd:57)
WARNING: [GdPAI] ObjectRef(124587609564): object was freed before callback; returning Nil.
   at: gdplanningai_rust::logger::process_logs (src\logger.rs:66)
   GDScript backtrace (most recent call first):
       [0] _start_plan_and_wait (res://test/integration/test_campfire_example_smoke.gd:57)
[GdPAI | debug] ApplyEffect [Before] ID=InstanceId(-9223369579714033163): agent props = {"entity": null, "hunger": 70.0627442063492, "at_target": null, "held_item": ""}
[GdPAI | debug] ApplyEffect [After] ID=InstanceId(-9223369579714033163): agent props = {"entity": null, "hunger": 70.0627442063492, "at_target": null, "held_item": ""}
[GdPAI | debug]   Snapshotting prop: entity = Nil (Variant type: NIL)
[GdPAI | debug]   Snapshotting prop: hunger = Float(70.0627442063492) (Variant type: FLOAT)
[GdPAI | debug]   Snapshotting prop: at_target = Nil (Variant type: NIL)
[GdPAI | debug]   Snapshotting prop: held_item = Str("") (Variant type: STRING)
WARNING: [GdPAI] ObjectRef(1382643928884): object was freed before callback; returning Nil.
   at: gdplanningai_rust::logger::process_logs (src\logger.rs:66)
   GDScript backtrace (most recent call first):
       [0] _start_plan_and_wait (res://test/integration/test_campfire_example_smoke.gd:57)
WARNING: [GdPAI] ObjectRef(1382157389614): object was freed before callback; returning Nil.
   at: gdplanningai_rust::logger::process_logs (src\logger.rs:66)
   GDScript backtrace (most recent call first):
       [0] _start_plan_and_wait (res://test/integration/test_campfire_example_smoke.gd:57)
WARNING: [GdPAI] ObjectRef(1382157389614): object was freed before callback; returning Nil.
   at: gdplanningai_rust::logger::process_logs (src\logger.rs:66)
   GDScript backtrace (most recent call first):
       [0] _start_plan_and_wait (res://test/integration/test_campfire_example_smoke.gd:57)
[GdPAI | debug] GetCost: callable returned non-numeric value: null; returning INFINITY
[GdPAI | debug] ApplyEffect [Before] ID=InstanceId(-9223369578573182475): agent props = {"hunger": 10.065054166666664, "entity": VariantGd { id: 2328610481994, class: RigidBody2D }, "held_item": "wood"}
[GdPAI | debug] ApplyEffect [After] ID=InstanceId(-9223369578573182475): agent props = {"held_item": "potato", "hunger": 10.065054166666664, "entity": VariantGd { id: 2328610481994, class: RigidBody2D }}
[GdPAI | debug]   Snapshotting prop: held_item = Str("potato") (Variant type: STRING)
[GdPAI | debug]   Snapshotting prop: hunger = Float(10.065054166666664) (Variant type: FLOAT)
[GdPAI | debug]   Snapshotting prop: entity = ObjectRef(2328610481994) (Variant type: OBJECT)
[GdPAI | debug] Discovery: Simulation success for Dig Potato. Agent props: {"entity": ObjectRef(2328610481994), "hunger": Float(10.065054166666664), "held_item": Str("potato")}
[GdPAI | debug] Numeric comparison: 10.065054166666664 LessThan 0 -> false
[GdPAI | debug] Discovery: Action Dig Potato did NOT satisfy precond Builtin { target: Agent, operation: LessThan, property_name: "hunger", value: Some(Float(0.0)) }
WARNING: [GdPAI] ObjectRef(124621163998): object was freed before callback; returning Nil.
   at: gdplanningai_rust::logger::process_logs (src\logger.rs:66)
   GDScript backtrace (most recent call first):
       [0] _process (res://addons/GdPlanningAI/gdpai_autoload.gd:21)
WARNING: [GdPAI] ObjectRef(124587609564): object was freed before callback; returning Nil.
   at: gdplanningai_rust::logger::process_logs (src\logger.rs:66)
   GDScript backtrace (most recent call first):
       [0] _process (res://addons/GdPlanningAI/gdpai_autoload.gd:21)
WARNING: [GdPAI] ObjectRef(124587609564): object was freed before callback; returning Nil.
   at: gdplanningai_rust::logger::process_logs (src\logger.rs:66)
   GDScript backtrace (most recent call first):
       [0] _process (res://addons/GdPlanningAI/gdpai_autoload.gd:21)
[GdPAI | debug] GetCost: callable returned non-numeric value: null; returning INFINITY
WARNING: [GdPAI] ObjectRef(1382643928884): object was freed before callback; returning Nil.
   at: gdplanningai_rust::logger::process_logs (src\logger.rs:66)
   GDScript backtrace (most recent call first):
       [0] _process (res://addons/GdPlanningAI/gdpai_autoload.gd:21)
WARNING: [GdPAI] ObjectRef(1382157389614): object was freed before callback; returning Nil.
   at: gdplanningai_rust::logger::process_logs (src\logger.rs:66)
   GDScript backtrace (most recent call first):
       [0] _process (res://addons/GdPlanningAI/gdpai_autoload.gd:21)
WARNING: [GdPAI] ObjectRef(1382157389614): object was freed before callback; returning Nil.
   at: gdplanningai_rust::logger::process_logs (src\logger.rs:66)
   GDScript backtrace (most recent call first):
       [0] _process (res://addons/GdPlanningAI/gdpai_autoload.gd:21)
[GdPAI | debug] ApplyEffect [Before] ID=InstanceId(-9223369576861906478): agent props = {"entity": null, "hunger": 95.0603725, "at_target": null, "held_item": ""}
[GdPAI | debug] ApplyEffect [After] ID=InstanceId(-9223369576861906478): agent props = {"entity": null, "hunger": 95.0603725, "at_target": null, "held_item": ""}
[GdPAI | debug]   Snapshotting prop: entity = Nil (Variant type: NIL)
[GdPAI | debug]   Snapshotting prop: hunger = Float(95.0603725) (Variant type: FLOAT)
[GdPAI | debug]   Snapshotting prop: at_target = Nil (Variant type: NIL)
[GdPAI | debug]   Snapshotting prop: held_item = Str("") (Variant type: STRING)
WARNING: [GdPAI] ObjectRef(124621163998): object was freed before callback; returning Nil.
   at: gdplanningai_rust::logger::process_logs (src\logger.rs:66)
   GDScript backtrace (most recent call first):
       [0] _start_plan_and_wait (res://test/integration/test_campfire_example_smoke.gd:57)
WARNING: [GdPAI] ObjectRef(124587609564): object was freed before callback; returning Nil.
   at: gdplanningai_rust::logger::process_logs (src\logger.rs:66)
   GDScript backtrace (most recent call first):
       [0] _start_plan_and_wait (res://test/integration/test_campfire_example_smoke.gd:57)
WARNING: [GdPAI] ObjectRef(124587609564): object was freed before callback; returning Nil.
   at: gdplanningai_rust::logger::process_logs (src\logger.rs:66)
   GDScript backtrace (most recent call first):
       [0] _start_plan_and_wait (res://test/integration/test_campfire_example_smoke.gd:57)
[GdPAI | debug] ApplyEffect [Before] ID=InstanceId(-9223369575419065792): agent props = {"hunger": 70.0627442063492, "held_item": "", "entity": null, "at_target": null}
[GdPAI | debug] ApplyEffect [After] ID=InstanceId(-9223369575419065792): agent props = {"hunger": 70.0627442063492, "held_item": "", "entity": null, "at_target": null}
[GdPAI | debug]   Snapshotting prop: hunger = Float(70.0627442063492) (Variant type: FLOAT)
[GdPAI | debug]   Snapshotting prop: held_item = Str("") (Variant type: STRING)
[GdPAI | debug]   Snapshotting prop: entity = Nil (Variant type: NIL)
[GdPAI | debug]   Snapshotting prop: at_target = Nil (Variant type: NIL)
WARNING: [GdPAI] ObjectRef(1382643928884): object was freed before callback; returning Nil.
   at: gdplanningai_rust::logger::process_logs (src\logger.rs:66)
   GDScript backtrace (most recent call first):
       [0] _start_plan_and_wait (res://test/integration/test_campfire_example_smoke.gd:57)
[GdPAI | debug] GetCost: callable returned non-numeric value: null; returning INFINITY
WARNING: [GdPAI] ObjectRef(124621163998): object was freed before callback; returning Nil.
   at: gdplanningai_rust::logger::process_logs (src\logger.rs:66)
   GDScript backtrace (most recent call first):
       [0] _process (res://addons/GdPlanningAI/gdpai_autoload.gd:21)
WARNING: [GdPAI] ObjectRef(123983629752): object was freed before callback; returning Nil.
   at: gdplanningai_rust::logger::process_logs (src\logger.rs:66)
   GDScript backtrace (most recent call first):
       [0] _process (res://addons/GdPlanningAI/gdpai_autoload.gd:21)
WARNING: [GdPAI] ObjectRef(123983629752): object was freed before callback; returning Nil.
   at: gdplanningai_rust::logger::process_logs (src\logger.rs:66)
   GDScript backtrace (most recent call first):
       [0] _process (res://addons/GdPlanningAI/gdpai_autoload.gd:21)
[GdPAI | debug] GetCost: callable returned non-numeric value: null; returning INFINITY
WARNING: [GdPAI] ObjectRef(1382643928884): object was freed before callback; returning Nil.
   at: gdplanningai_rust::logger::process_logs (src\logger.rs:66)
   GDScript backtrace (most recent call first):
       [0] _process (res://addons/GdPlanningAI/gdpai_autoload.gd:21)
[GdPAI | debug] ApplyEffect [Before] ID=InstanceId(-9223369572919260658): agent props = {"hunger": 95.0603725, "held_item": "wood", "entity": null, "at_target": null}
[GdPAI | debug] ApplyEffect [After] ID=InstanceId(-9223369572919260658): agent props = {"hunger": 95.0603725, "held_item": "wood", "entity": null, "at_target": null}
[GdPAI | debug]   Snapshotting prop: hunger = Float(95.0603725) (Variant type: FLOAT)
[GdPAI | debug]   Snapshotting prop: held_item = Str("wood") (Variant type: STRING)
[GdPAI | debug]   Snapshotting prop: entity = Nil (Variant type: NIL)
[GdPAI | debug]   Snapshotting prop: at_target = Nil (Variant type: NIL)
WARNING: [GdPAI] ObjectRef(124621163998): object was freed before callback; returning Nil.
   at: gdplanningai_rust::logger::process_logs (src\logger.rs:66)
   GDScript backtrace (most recent call first):
       [0] _start_plan_and_wait (res://test/integration/test_campfire_example_smoke.gd:57)
WARNING: [GdPAI] ObjectRef(123983629752): object was freed before callback; returning Nil.
   at: gdplanningai_rust::logger::process_logs (src\logger.rs:66)
   GDScript backtrace (most recent call first):
       [0] _start_plan_and_wait (res://test/integration/test_campfire_example_smoke.gd:57)
WARNING: [GdPAI] ObjectRef(123983629752): object was freed before callback; returning Nil.
   at: gdplanningai_rust::logger::process_logs (src\logger.rs:66)
   GDScript backtrace (most recent call first):
       [0] _start_plan_and_wait (res://test/integration/test_campfire_example_smoke.gd:57)
[GdPAI | debug] ApplyEffect [Before] ID=InstanceId(-9223369571577083343): agent props = {"entity": null, "held_item": "", "hunger": 70.0627442063492, "at_target": null}
[GdPAI | debug] ApplyEffect [After] ID=InstanceId(-9223369571577083343): agent props = {"entity": null, "held_item": "", "hunger": 70.0627442063492, "at_target": null}
[GdPAI | debug]   Snapshotting prop: entity = Nil (Variant type: NIL)
[GdPAI | debug]   Snapshotting prop: held_item = Str("") (Variant type: STRING)
[GdPAI | debug]   Snapshotting prop: hunger = Float(70.0627442063492) (Variant type: FLOAT)
[GdPAI | debug]   Snapshotting prop: at_target = Nil (Variant type: NIL)
WARNING: [GdPAI] ObjectRef(1382643928884): object was freed before callback; returning Nil.
   at: gdplanningai_rust::logger::process_logs (src\logger.rs:66)
   GDScript backtrace (most recent call first):
       [0] _start_plan_and_wait (res://test/integration/test_campfire_example_smoke.gd:57)
WARNING: [GdPAI] ObjectRef(1382643928884): object was freed before callback; returning Nil.
   at: gdplanningai_rust::logger::process_logs (src\logger.rs:66)
   GDScript backtrace (most recent call first):
       [0] _start_plan_and_wait (res://test/integration/test_campfire_example_smoke.gd:57)
[GdPAI | debug] GetCost: callable returned non-numeric value: null; returning INFINITY
[GdPAI | debug] Discovery: Starting simulation for action Dig Potato
WARNING: [GdPAI] ObjectRef(124621163998): object was freed before callback; returning Nil.
   at: gdplanningai_rust::logger::process_logs (src\logger.rs:66)
   GDScript backtrace (most recent call first):
       [0] _process (res://addons/GdPlanningAI/gdpai_autoload.gd:21)
WARNING: [GdPAI] ObjectRef(124134624705): object was freed before callback; returning Nil.
   at: gdplanningai_rust::logger::process_logs (src\logger.rs:66)
   GDScript backtrace (most recent call first):
       [0] _process (res://addons/GdPlanningAI/gdpai_autoload.gd:21)
WARNING: [GdPAI] ObjectRef(124134624705): object was freed before callback; returning Nil.
   at: gdplanningai_rust::logger::process_logs (src\logger.rs:66)
   GDScript backtrace (most recent call first):
       [0] _process (res://addons/GdPlanningAI/gdpai_autoload.gd:21)
[GdPAI | debug] GetCost: callable returned non-numeric value: null; returning INFINITY
WARNING: [GdPAI] ObjectRef(1382643928884): object was freed before callback; returning Nil.
   at: gdplanningai_rust::logger::process_logs (src\logger.rs:66)
   GDScript backtrace (most recent call first):
       [0] _process (res://addons/GdPlanningAI/gdpai_autoload.gd:21)
WARNING: [GdPAI] ObjectRef(1382643928884): object was freed before callback; returning Nil.
   at: gdplanningai_rust::logger::process_logs (src\logger.rs:66)
   GDScript backtrace (most recent call first):
       [0] _process (res://addons/GdPlanningAI/gdpai_autoload.gd:21)
[GdPAI | debug] ApplyEffect [Before] ID=InstanceId(-9223369569026946515): agent props = {"entity": null, "hunger": 95.0603725, "held_item": ""}
[GdPAI | debug] ApplyEffect [After] ID=InstanceId(-9223369569026946515): agent props = {"entity": null, "hunger": 95.0603725, "held_item": ""}
[GdPAI | debug]   Snapshotting prop: entity = Nil (Variant type: NIL)
[GdPAI | debug]   Snapshotting prop: hunger = Float(95.0603725) (Variant type: FLOAT)
[GdPAI | debug]   Snapshotting prop: held_item = Str("") (Variant type: STRING)
WARNING: [GdPAI] ObjectRef(124621163998): object was freed before callback; returning Nil.
   at: gdplanningai_rust::logger::process_logs (src\logger.rs:66)
   GDScript backtrace (most recent call first):
       [0] _start_plan_and_wait (res://test/integration/test_campfire_example_smoke.gd:57)
WARNING: [GdPAI] ObjectRef(124134624705): object was freed before callback; returning Nil.
   at: gdplanningai_rust::logger::process_logs (src\logger.rs:66)
   GDScript backtrace (most recent call first):
       [0] _start_plan_and_wait (res://test/integration/test_campfire_example_smoke.gd:57)
WARNING: [GdPAI] ObjectRef(124134624705): object was freed before callback; returning Nil.
   at: gdplanningai_rust::logger::process_logs (src\logger.rs:66)
   GDScript backtrace (most recent call first):
       [0] _start_plan_and_wait (res://test/integration/test_campfire_example_smoke.gd:57)
[GdPAI | debug] ApplyEffect [Before] ID=InstanceId(-9223369567634437571): agent props = {"entity": null, "at_target": null, "held_item": "", "hunger": 70.0627442063492}
[GdPAI | debug] ApplyEffect [After] ID=InstanceId(-9223369567634437571): agent props = {"entity": null, "at_target": null, "held_item": "", "hunger": 70.0627442063492}
[GdPAI | debug]   Snapshotting prop: entity = Nil (Variant type: NIL)
[GdPAI | debug]   Snapshotting prop: at_target = Nil (Variant type: NIL)
[GdPAI | debug]   Snapshotting prop: held_item = Str("") (Variant type: STRING)
[GdPAI | debug]   Snapshotting prop: hunger = Float(70.0627442063492) (Variant type: FLOAT)
WARNING: [GdPAI] ObjectRef(1382643928884): object was freed before callback; returning Nil.
   at: gdplanningai_rust::logger::process_logs (src\logger.rs:66)
   GDScript backtrace (most recent call first):
       [0] _start_plan_and_wait (res://test/integration/test_campfire_example_smoke.gd:57)
[GdPAI | debug] GetCost: callable returned non-numeric value: null; returning INFINITY
[GdPAI | debug] ApplyEffect [Before] ID=InstanceId(-9223369566493586883): agent props = {"held_item": "wood", "hunger": 10.065054166666664, "entity": VariantGd { id: 2328610481994, class: RigidBody2D }}
[GdPAI | debug] ApplyEffect [After] ID=InstanceId(-9223369566493586883): agent props = {"held_item": "potato", "hunger": 10.065054166666664, "entity": VariantGd { id: 2328610481994, class: RigidBody2D }}
[GdPAI | debug]   Snapshotting prop: held_item = Str("potato") (Variant type: STRING)
[GdPAI | debug]   Snapshotting prop: hunger = Float(10.065054166666664) (Variant type: FLOAT)
[GdPAI | debug]   Snapshotting prop: entity = ObjectRef(2328610481994) (Variant type: OBJECT)
[GdPAI | debug] Discovery: Simulation success for Dig Potato. Agent props: {"hunger": Float(10.065054166666664), "entity": ObjectRef(2328610481994), "held_item": Str("potato")}
[GdPAI | debug] Numeric comparison: 10.065054166666664 LessThan 0 -> false
[GdPAI | debug] Discovery: Action Dig Potato did NOT satisfy precond Builtin { target: Agent, operation: LessThan, property_name: "hunger", value: Some(Float(0.0)) }
[GdPAI | debug] No candidates found for branch with 1 preconds and 0 requirements
WARNING: [GdPAI] ObjectRef(124621163998): object was freed before callback; returning Nil.
   at: gdplanningai_rust::logger::process_logs (src\logger.rs:66)
   GDScript backtrace (most recent call first):
       [0] _process (res://addons/GdPlanningAI/gdpai_autoload.gd:21)
[GdPAI | debug] GetCost: callable returned non-numeric value: null; returning INFINITY
WARNING: [GdPAI] ObjectRef(1382643928884): object was freed before callback; returning Nil.
   at: gdplanningai_rust::logger::process_logs (src\logger.rs:66)
   GDScript backtrace (most recent call first):
       [0] _process (res://addons/GdPlanningAI/gdpai_autoload.gd:21)
[GdPAI | debug] ApplyEffect [Before] ID=InstanceId(-9223369565134632374): agent props = {"hunger": 95.0603725, "held_item": "", "entity": null}
[GdPAI | debug] ApplyEffect [After] ID=InstanceId(-9223369565134632374): agent props = {"hunger": 95.0603725, "held_item": "", "entity": null}
[GdPAI | debug]   Snapshotting prop: hunger = Float(95.0603725) (Variant type: FLOAT)
[GdPAI | debug]   Snapshotting prop: held_item = Str("") (Variant type: STRING)
[GdPAI | debug]   Snapshotting prop: entity = Nil (Variant type: NIL)
[GdPAI] Plan complete: success=false, actions=0, cost=0.0, action_chain=[]
WARNING: [GdPAI] ObjectRef(124621163998): object was freed before callback; returning Nil.
   at: gdplanningai_rust::logger::process_logs (src\logger.rs:66)
   GDScript backtrace (most recent call first):
       [0] _start_plan_and_wait (res://test/integration/test_campfire_example_smoke.gd:57)
[GdPAI | debug] ApplyEffect [Before] ID=InstanceId(-9223369564463544505): agent props = {"entity": null, "held_item": "wood", "hunger": 70.0627442063492, "at_target": null}
[GdPAI | debug] ApplyEffect [After] ID=InstanceId(-9223369564463544505): agent props = {"entity": null, "held_item": "wood", "hunger": 70.0627442063492, "at_target": null}
[GdPAI | debug]   Snapshotting prop: entity = Nil (Variant type: NIL)
[GdPAI | debug]   Snapshotting prop: held_item = Str("wood") (Variant type: STRING)
[GdPAI | debug]   Snapshotting prop: hunger = Float(70.0627442063492) (Variant type: FLOAT)
[GdPAI | debug]   Snapshotting prop: at_target = Nil (Variant type: NIL)
WARNING: [GdPAI] ObjectRef(1382643928884): object was freed before callback; returning Nil.
   at: gdplanningai_rust::logger::process_logs (src\logger.rs:66)
   GDScript backtrace (most recent call first):
       [0] _start_plan_and_wait (res://test/integration/test_campfire_example_smoke.gd:57)
WARNING: [GdPAI] ObjectRef(1382157389614): object was freed before callback; returning Nil.
   at: gdplanningai_rust::logger::process_logs (src\logger.rs:66)
   GDScript backtrace (most recent call first):
       [0] _start_plan_and_wait (res://test/integration/test_campfire_example_smoke.gd:57)
WARNING: [GdPAI] ObjectRef(1382157389614): object was freed before callback; returning Nil.
   at: gdplanningai_rust::logger::process_logs (src\logger.rs:66)
   GDScript backtrace (most recent call first):
       [0] _start_plan_and_wait (res://test/integration/test_campfire_example_smoke.gd:57)
[GdPAI | debug] GetCost: callable returned non-numeric value: null; returning INFINITY
[GdPAI] A* Iteration: pop node with chain length 5
[GdPAI | debug] find_candidates: Checking 15 actions against 1 preconds and 2 requirements
WARNING: [GdPAI] ObjectRef(124621163998): object was freed before callback; returning Nil.
   at: gdplanningai_rust::logger::process_logs (src\logger.rs:66)
   GDScript backtrace (most recent call first):
       [0] _process (res://addons/GdPlanningAI/gdpai_autoload.gd:21)
WARNING: [GdPAI] ObjectRef(124621163998): object was freed before callback; returning Nil.
   at: gdplanningai_rust::logger::process_logs (src\logger.rs:66)
   GDScript backtrace (most recent call first):
       [0] _process (res://addons/GdPlanningAI/gdpai_autoload.gd:21)
[GdPAI | debug] Discovery: Starting simulation for action Go To
WARNING: [GdPAI] ObjectRef(1382643928884): object was freed before callback; returning Nil.
   at: gdplanningai_rust::logger::process_logs (src\logger.rs:66)
   GDScript backtrace (most recent call first):
       [0] _process (res://addons/GdPlanningAI/gdpai_autoload.gd:21)
WARNING: [GdPAI] ObjectRef(1382157389614): object was freed before callback; returning Nil.
   at: gdplanningai_rust::logger::process_logs (src\logger.rs:66)
   GDScript backtrace (most recent call first):
       [0] _process (res://addons/GdPlanningAI/gdpai_autoload.gd:21)
WARNING: [GdPAI] ObjectRef(1382157389614): object was freed before callback; returning Nil.
   at: gdplanningai_rust::logger::process_logs (src\logger.rs:66)
   GDScript backtrace (most recent call first):
       [0] _process (res://addons/GdPlanningAI/gdpai_autoload.gd:21)
[GdPAI | debug] ApplyEffect [Before] ID=InstanceId(-9223369562534163827): agent props = {"entity": null, "at_target": null, "hunger": 95.0603725, "held_item": ""}
[GdPAI | debug] ApplyEffect [After] ID=InstanceId(-9223369562534163827): agent props = {"entity": null, "at_target": null, "hunger": 95.0603725, "held_item": ""}
[GdPAI | debug]   Snapshotting prop: entity = Nil (Variant type: NIL)
[GdPAI | debug]   Snapshotting prop: at_target = Nil (Variant type: NIL)
[GdPAI | debug]   Snapshotting prop: hunger = Float(95.0603725) (Variant type: FLOAT)
[GdPAI | debug]   Snapshotting prop: held_item = Str("") (Variant type: STRING)
WARNING: [GdPAI] ObjectRef(124621163998): object was freed before callback; returning Nil.
   at: gdplanningai_rust::logger::process_logs (src\logger.rs:66)
   GDScript backtrace (most recent call first):
       [0] _start_plan_and_wait (res://test/integration/test_campfire_example_smoke.gd:57)
WARNING: [GdPAI] ObjectRef(124621163998): object was freed before callback; returning Nil.
   at: gdplanningai_rust::logger::process_logs (src\logger.rs:66)
   GDScript backtrace (most recent call first):
       [0] _start_plan_and_wait (res://test/integration/test_campfire_example_smoke.gd:57)
[GdPAI | debug] GetCost: callable returned non-numeric value: null; returning INFINITY
WARNING: [GdPAI] ObjectRef(1382643928884): object was freed before callback; returning Nil.
   at: gdplanningai_rust::logger::process_logs (src\logger.rs:66)
   GDScript backtrace (most recent call first):
       [0] _start_plan_and_wait (res://test/integration/test_campfire_example_smoke.gd:57)
WARNING: [GdPAI] ObjectRef(1382157389614): object was freed before callback; returning Nil.
   at: gdplanningai_rust::logger::process_logs (src\logger.rs:66)
   GDScript backtrace (most recent call first):
       [0] _start_plan_and_wait (res://test/integration/test_campfire_example_smoke.gd:57)
WARNING: [GdPAI] ObjectRef(1382157389614): object was freed before callback; returning Nil.
   at: gdplanningai_rust::logger::process_logs (src\logger.rs:66)
   GDScript backtrace (most recent call first):
       [0] _start_plan_and_wait (res://test/integration/test_campfire_example_smoke.gd:57)
[GdPAI | debug] GetCost: callable returned non-numeric value: null; returning INFINITY
WARNING: [GdPAI] ObjectRef(124621163998): object was freed before callback; returning Nil.
   at: gdplanningai_rust::logger::process_logs (src\logger.rs:66)
   GDScript backtrace (most recent call first):
       [0] _process (res://addons/GdPlanningAI/gdpai_autoload.gd:21)
WARNING: [GdPAI] ObjectRef(124621163998): object was freed before callback; returning Nil.
   at: gdplanningai_rust::logger::process_logs (src\logger.rs:66)
   GDScript backtrace (most recent call first):
       [0] _process (res://addons/GdPlanningAI/gdpai_autoload.gd:21)
[GdPAI | debug] ApplyEffect [Before] ID=InstanceId(-9223369560302794957): agent props = {"hunger": 70.0627442063492, "held_item": "", "entity": null}
[GdPAI | debug] ApplyEffect [After] ID=InstanceId(-9223369560302794957): agent props = {"hunger": 70.0627442063492, "held_item": "", "entity": null}
[GdPAI | debug]   Snapshotting prop: hunger = Float(70.0627442063492) (Variant type: FLOAT)
[GdPAI | debug]   Snapshotting prop: held_item = Str("") (Variant type: STRING)
[GdPAI | debug]   Snapshotting prop: entity = Nil (Variant type: NIL)
[GdPAI | debug] Discovery: Simulation success for Go To. Agent props: {"held_item": Str(""), "entity": Nil, "hunger": Float(70.0627442063492)}
[GdPAI | debug] Discovery: Action Go To satisfied precond Builtin { target: Agent, operation: Equal, property_name: "held_item", value: Some(Str("")) }
[GdPAI | debug] Found candidate: Go To (satisfied preconds: [0], requirements: [0, 1])
WARNING: [GdPAI] ObjectRef(1382643928884): object was freed before callback; returning Nil.
   at: gdplanningai_rust::logger::process_logs (src\logger.rs:66)
   GDScript backtrace (most recent call first):
       [0] _process (res://addons/GdPlanningAI/gdpai_autoload.gd:21)
WARNING: [GdPAI] ObjectRef(1382157389614): object was freed before callback; returning Nil.
   at: gdplanningai_rust::logger::process_logs (src\logger.rs:66)
   GDScript backtrace (most recent call first):
       [0] _process (res://addons/GdPlanningAI/gdpai_autoload.gd:21)
WARNING: [GdPAI] ObjectRef(1382157389614): object was freed before callback; returning Nil.
   at: gdplanningai_rust::logger::process_logs (src\logger.rs:66)
   GDScript backtrace (most recent call first):
       [0] _process (res://addons/GdPlanningAI/gdpai_autoload.gd:21)
[GdPAI | debug] ApplyEffect [Before] ID=InstanceId(-9223369559732369613): agent props = {"entity": null, "at_target": null, "held_item": "", "hunger": 95.0603725}
[GdPAI | debug] ApplyEffect [After] ID=InstanceId(-9223369559732369613): agent props = {"entity": null, "at_target": null, "held_item": "", "hunger": 95.0603725}
[GdPAI | debug]   Snapshotting prop: entity = Nil (Variant type: NIL)
[GdPAI | debug]   Snapshotting prop: at_target = Nil (Variant type: NIL)
[GdPAI | debug]   Snapshotting prop: held_item = Str("") (Variant type: STRING)
[GdPAI | debug]   Snapshotting prop: hunger = Float(95.0603725) (Variant type: FLOAT)
[GdPAI | debug] Discovery: Starting simulation for action Eat Held Food
WARNING: [GdPAI] ObjectRef(124621163998): object was freed before callback; returning Nil.
   at: gdplanningai_rust::logger::process_logs (src\logger.rs:66)
   GDScript backtrace (most recent call first):
       [0] _start_plan_and_wait (res://test/integration/test_campfire_example_smoke.gd:57)
WARNING: [GdPAI] ObjectRef(124621163998): object was freed before callback; returning Nil.
   at: gdplanningai_rust::logger::process_logs (src\logger.rs:66)
   GDScript backtrace (most recent call first):
       [0] _start_plan_and_wait (res://test/integration/test_campfire_example_smoke.gd:57)
[GdPAI | debug] GetCost: callable returned non-numeric value: null; returning INFINITY
WARNING: [GdPAI] ObjectRef(1382643928884): object was freed before callback; returning Nil.
   at: gdplanningai_rust::logger::process_logs (src\logger.rs:66)
   GDScript backtrace (most recent call first):
       [0] _start_plan_and_wait (res://test/integration/test_campfire_example_smoke.gd:57)
[GdPAI | debug] GetCost: callable returned non-numeric value: null; returning INFINITY
WARNING: [GdPAI] ObjectRef(124621163998): object was freed before callback; returning Nil.
   at: gdplanningai_rust::logger::process_logs (src\logger.rs:66)
   GDScript backtrace (most recent call first):
       [0] _process (res://addons/GdPlanningAI/gdpai_autoload.gd:21)
WARNING: [GdPAI] ObjectRef(124621163998): object was freed before callback; returning Nil.
   at: gdplanningai_rust::logger::process_logs (src\logger.rs:66)
   GDScript backtrace (most recent call first):
       [0] _process (res://addons/GdPlanningAI/gdpai_autoload.gd:21)
[GdPAI | debug] ApplyEffect [Before] ID=InstanceId(-9223369557601663173): agent props = {"held_item": "", "hunger": 70.0627442063492, "entity": null}
[GdPAI | debug] ApplyEffect [After] ID=InstanceId(-9223369557601663173): agent props = {"held_item": "", "hunger": 70.0627442063492, "entity": null}
[GdPAI | debug]   Snapshotting prop: held_item = Str("") (Variant type: STRING)
[GdPAI | debug]   Snapshotting prop: hunger = Float(70.0627442063492) (Variant type: FLOAT)
[GdPAI | debug]   Snapshotting prop: entity = Nil (Variant type: NIL)
[GdPAI | debug] Discovery: Simulation success for Eat Held Food. Agent props: {"held_item": Str(""), "hunger": Float(70.0627442063492), "entity": Nil}
[GdPAI | debug] Discovery: Action Eat Held Food satisfied precond Builtin { target: Agent, operation: Equal, property_name: "held_item", value: Some(Str("")) }
[GdPAI | debug] Found candidate: Eat Held Food (satisfied preconds: [0], requirements: [])
WARNING: [GdPAI] ObjectRef(1382643928884): object was freed before callback; returning Nil.
   at: gdplanningai_rust::logger::process_logs (src\logger.rs:66)
   GDScript backtrace (most recent call first):
       [0] _process (res://addons/GdPlanningAI/gdpai_autoload.gd:21)
[GdPAI | debug] ApplyEffect [Before] ID=InstanceId(-9223369557031237829): agent props = {"held_item": "wood", "at_target": null, "entity": null, "hunger": 95.0603725}
[GdPAI | debug] ApplyEffect [After] ID=InstanceId(-9223369557031237829): agent props = {"held_item": "wood", "at_target": null, "entity": null, "hunger": 95.0603725}
[GdPAI | debug]   Snapshotting prop: held_item = Str("wood") (Variant type: STRING)
[GdPAI | debug]   Snapshotting prop: at_target = Nil (Variant type: NIL)
[GdPAI | debug]   Snapshotting prop: entity = Nil (Variant type: NIL)
[GdPAI | debug]   Snapshotting prop: hunger = Float(95.0603725) (Variant type: FLOAT)
[GdPAI | debug] Numeric comparison: 95.0603725 GreaterThan 0 -> true
WARNING: [GdPAI] ObjectRef(124621163998): object was freed before callback; returning Nil.
   at: gdplanningai_rust::logger::process_logs (src\logger.rs:66)
   GDScript backtrace (most recent call first):
       [0] _start_plan_and_wait (res://test/integration/test_campfire_example_smoke.gd:57)
WARNING: [GdPAI] ObjectRef(124621163998): object was freed before callback; returning Nil.
   at: gdplanningai_rust::logger::process_logs (src\logger.rs:66)
   GDScript backtrace (most recent call first):
       [0] _start_plan_and_wait (res://test/integration/test_campfire_example_smoke.gd:57)
WARNING: [GdPAI] ObjectRef(1382643928884): object was freed before callback; returning Nil.
   at: gdplanningai_rust::logger::process_logs (src\logger.rs:66)
   GDScript backtrace (most recent call first):
       [0] _start_plan_and_wait (res://test/integration/test_campfire_example_smoke.gd:57)
[GdPAI | debug] Discovery: Starting simulation for action Go To
WARNING: [GdPAI] ObjectRef(1382643928884): object was freed before callback; returning Nil.
   at: gdplanningai_rust::logger::process_logs (src\logger.rs:66)
   GDScript backtrace (most recent call first):
       [0] _start_plan_and_wait (res://test/integration/test_campfire_example_smoke.gd:57)
WARNING: [GdPAI] ObjectRef(1383348571562): object was freed before callback; returning Nil.
   at: gdplanningai_rust::logger::process_logs (src\logger.rs:66)
   GDScript backtrace (most recent call first):
       [0] _start_plan_and_wait (res://test/integration/test_campfire_example_smoke.gd:57)
WARNING: [GdPAI] ObjectRef(1383348571562): object was freed before callback; returning Nil.
   at: gdplanningai_rust::logger::process_logs (src\logger.rs:66)
   GDScript backtrace (most recent call first):
       [0] _start_plan_and_wait (res://test/integration/test_campfire_example_smoke.gd:57)
[GdPAI | debug] GetCost: callable returned non-numeric value: null; returning INFINITY
WARNING: [GdPAI] ObjectRef(124621163998): object was freed before callback; returning Nil.
   at: gdplanningai_rust::logger::process_logs (src\logger.rs:66)
   GDScript backtrace (most recent call first):
       [0] _process (res://addons/GdPlanningAI/gdpai_autoload.gd:21)
WARNING: [GdPAI] ObjectRef(124621163998): object was freed before callback; returning Nil.
   at: gdplanningai_rust::logger::process_logs (src\logger.rs:66)
   GDScript backtrace (most recent call first):
       [0] _process (res://addons/GdPlanningAI/gdpai_autoload.gd:21)
[GdPAI | debug] GetCost: callable returned non-numeric value: null; returning INFINITY
WARNING: [GdPAI] ObjectRef(1382643928884): object was freed before callback; returning Nil.
   at: gdplanningai_rust::logger::process_logs (src\logger.rs:66)
   GDScript backtrace (most recent call first):
       [0] _process (res://addons/GdPlanningAI/gdpai_autoload.gd:21)
WARNING: [GdPAI] ObjectRef(1382643928884): object was freed before callback; returning Nil.
   at: gdplanningai_rust::logger::process_logs (src\logger.rs:66)
   GDScript backtrace (most recent call first):
       [0] _process (res://addons/GdPlanningAI/gdpai_autoload.gd:21)
WARNING: [GdPAI] ObjectRef(1383348571562): object was freed before callback; returning Nil.
   at: gdplanningai_rust::logger::process_logs (src\logger.rs:66)
   GDScript backtrace (most recent call first):
       [0] _process (res://addons/GdPlanningAI/gdpai_autoload.gd:21)
WARNING: [GdPAI] ObjectRef(1383348571562): object was freed before callback; returning Nil.
   at: gdplanningai_rust::logger::process_logs (src\logger.rs:66)
   GDScript backtrace (most recent call first):
       [0] _process (res://addons/GdPlanningAI/gdpai_autoload.gd:21)
[GdPAI | debug] ApplyEffect [Before] ID=InstanceId(-9223369554279773529): agent props = {"held_item": "", "hunger": 95.0603725, "entity": null, "at_target": null}
[GdPAI | debug] ApplyEffect [After] ID=InstanceId(-9223369554279773529): agent props = {"held_item": "", "hunger": 95.0603725, "entity": null, "at_target": null}
[GdPAI | debug]   Snapshotting prop: held_item = Str("") (Variant type: STRING)
[GdPAI | debug]   Snapshotting prop: hunger = Float(95.0603725) (Variant type: FLOAT)
[GdPAI | debug]   Snapshotting prop: entity = Nil (Variant type: NIL)
[GdPAI | debug]   Snapshotting prop: at_target = Nil (Variant type: NIL)
WARNING: [GdPAI] ObjectRef(124621163998): object was freed before callback; returning Nil.
   at: gdplanningai_rust::logger::process_logs (src\logger.rs:66)
   GDScript backtrace (most recent call first):
       [0] _start_plan_and_wait (res://test/integration/test_campfire_example_smoke.gd:57)
WARNING: [GdPAI] ObjectRef(124621163998): object was freed before callback; returning Nil.
   at: gdplanningai_rust::logger::process_logs (src\logger.rs:66)
   GDScript backtrace (most recent call first):
       [0] _start_plan_and_wait (res://test/integration/test_campfire_example_smoke.gd:57)
[GdPAI | debug] ApplyEffect [Before] ID=InstanceId(-9223369553407358238): agent props = {"hunger": 70.0627442063492, "entity": null, "held_item": ""}
[GdPAI | debug] ApplyEffect [After] ID=InstanceId(-9223369553407358238): agent props = {"hunger": 70.0627442063492, "entity": null, "held_item": ""}
[GdPAI | debug]   Snapshotting prop: hunger = Float(70.0627442063492) (Variant type: FLOAT)
[GdPAI | debug]   Snapshotting prop: entity = Nil (Variant type: NIL)
[GdPAI | debug]   Snapshotting prop: held_item = Str("") (Variant type: STRING)
[GdPAI | debug] Discovery: Simulation success for Go To. Agent props: {"held_item": Str(""), "entity": Nil, "hunger": Float(70.0627442063492)}
[GdPAI | debug] Discovery: Action Go To satisfied precond Builtin { target: Agent, operation: Equal, property_name: "held_item", value: Some(Str("")) }
[GdPAI | debug] Found candidate: Go To (satisfied preconds: [0], requirements: [0, 1])
WARNING: [GdPAI] ObjectRef(1382643928884): object was freed before callback; returning Nil.
   at: gdplanningai_rust::logger::process_logs (src\logger.rs:66)
   GDScript backtrace (most recent call first):
       [0] _start_plan_and_wait (res://test/integration/test_campfire_example_smoke.gd:57)
WARNING: [GdPAI] ObjectRef(1383348571562): object was freed before callback; returning Nil.
   at: gdplanningai_rust::logger::process_logs (src\logger.rs:66)
   GDScript backtrace (most recent call first):
       [0] _start_plan_and_wait (res://test/integration/test_campfire_example_smoke.gd:57)
WARNING: [GdPAI] ObjectRef(1383348571562): object was freed before callback; returning Nil.
   at: gdplanningai_rust::logger::process_logs (src\logger.rs:66)
   GDScript backtrace (most recent call first):
       [0] _start_plan_and_wait (res://test/integration/test_campfire_example_smoke.gd:57)
[GdPAI | debug] GetCost: callable returned non-numeric value: null; returning INFINITY
[GdPAI | debug] Discovery: Starting simulation for action Drop Item
WARNING: [GdPAI] ObjectRef(124621163998): object was freed before callback; returning Nil.
   at: gdplanningai_rust::logger::process_logs (src\logger.rs:66)
   GDScript backtrace (most recent call first):
       [0] _process (res://addons/GdPlanningAI/gdpai_autoload.gd:21)
WARNING: [GdPAI] ObjectRef(124621163998): object was freed before callback; returning Nil.
   at: gdplanningai_rust::logger::process_logs (src\logger.rs:66)
   GDScript backtrace (most recent call first):
       [0] _process (res://addons/GdPlanningAI/gdpai_autoload.gd:21)
[GdPAI | debug] GetCost: callable returned non-numeric value: null; returning INFINITY
WARNING: [GdPAI] ObjectRef(1382643928884): object was freed before callback; returning Nil.
   at: gdplanningai_rust::logger::process_logs (src\logger.rs:66)
   GDScript backtrace (most recent call first):
       [0] _process (res://addons/GdPlanningAI/gdpai_autoload.gd:21)
WARNING: [GdPAI] ObjectRef(1383348571562): object was freed before callback; returning Nil.
   at: gdplanningai_rust::logger::process_logs (src\logger.rs:66)
   GDScript backtrace (most recent call first):
       [0] _process (res://addons/GdPlanningAI/gdpai_autoload.gd:21)
WARNING: [GdPAI] ObjectRef(1383348571562): object was freed before callback; returning Nil.
   at: gdplanningai_rust::logger::process_logs (src\logger.rs:66)
   GDScript backtrace (most recent call first):
       [0] _process (res://addons/GdPlanningAI/gdpai_autoload.gd:21)
[GdPAI | debug] ApplyEffect [Before] ID=InstanceId(-9223369551427646774): agent props = {"at_target": null, "held_item": "", "hunger": 95.0603725, "entity": null}
[GdPAI | debug] ApplyEffect [After] ID=InstanceId(-9223369551427646774): agent props = {"at_target": null, "held_item": "", "hunger": 95.0603725, "entity": null}
[GdPAI | debug]   Snapshotting prop: at_target = Nil (Variant type: NIL)
[GdPAI | debug]   Snapshotting prop: held_item = Str("") (Variant type: STRING)
[GdPAI | debug]   Snapshotting prop: hunger = Float(95.0603725) (Variant type: FLOAT)
[GdPAI | debug]   Snapshotting prop: entity = Nil (Variant type: NIL)
WARNING: [GdPAI] ObjectRef(124621163998): object was freed before callback; returning Nil.
   at: gdplanningai_rust::logger::process_logs (src\logger.rs:66)
   GDScript backtrace (most recent call first):
       [0] _start_plan_and_wait (res://test/integration/test_campfire_example_smoke.gd:57)
WARNING: [GdPAI] ObjectRef(124621163998): object was freed before callback; returning Nil.
   at: gdplanningai_rust::logger::process_logs (src\logger.rs:66)
   GDScript backtrace (most recent call first):
       [0] _start_plan_and_wait (res://test/integration/test_campfire_example_smoke.gd:57)
[GdPAI | debug] ApplyEffect [Before] ID=InstanceId(-9223369550605563141): agent props = {"entity": null, "held_item": "", "hunger": 70.0627442063492}
[GdPAI | debug] ApplyEffect [After] ID=InstanceId(-9223369550605563141): agent props = {"entity": null, "held_item": "", "hunger": 70.0627442063492}
[GdPAI | debug]   Snapshotting prop: entity = Nil (Variant type: NIL)
[GdPAI | debug]   Snapshotting prop: held_item = Str("") (Variant type: STRING)
[GdPAI | debug]   Snapshotting prop: hunger = Float(70.0627442063492) (Variant type: FLOAT)
[GdPAI | debug] Discovery: Simulation success for Drop Item. Agent props: {"hunger": Float(70.0627442063492), "held_item": Str(""), "entity": Nil}
[GdPAI | debug] Discovery: Action Drop Item satisfied precond Builtin { target: Agent, operation: Equal, property_name: "held_item", value: Some(Str("")) }
[GdPAI | debug] Found candidate: Drop Item (satisfied preconds: [0], requirements: [])
WARNING: [GdPAI] ObjectRef(1382643928884): object was freed before callback; returning Nil.
   at: gdplanningai_rust::logger::process_logs (src\logger.rs:66)
   GDScript backtrace (most recent call first):
       [0] _start_plan_and_wait (res://test/integration/test_campfire_example_smoke.gd:57)
WARNING: [GdPAI] ObjectRef(1382157389614): object was freed before callback; returning Nil.
   at: gdplanningai_rust::logger::process_logs (src\logger.rs:66)
   GDScript backtrace (most recent call first):
       [0] _start_plan_and_wait (res://test/integration/test_campfire_example_smoke.gd:57)
WARNING: [GdPAI] ObjectRef(1382157389614): object was freed before callback; returning Nil.
   at: gdplanningai_rust::logger::process_logs (src\logger.rs:66)
   GDScript backtrace (most recent call first):
       [0] _start_plan_and_wait (res://test/integration/test_campfire_example_smoke.gd:57)
[GdPAI | debug] GetCost: callable returned non-numeric value: null; returning INFINITY
[GdPAI | debug] Discovery: Starting simulation for action Add Fuel
WARNING: [GdPAI] ObjectRef(124621163998): object was freed before callback; returning Nil.
   at: gdplanningai_rust::logger::process_logs (src\logger.rs:66)
   GDScript backtrace (most recent call first):
       [0] _process (res://addons/GdPlanningAI/gdpai_autoload.gd:21)
WARNING: [GdPAI] ObjectRef(124621163998): object was freed before callback; returning Nil.
   at: gdplanningai_rust::logger::process_logs (src\logger.rs:66)
   GDScript backtrace (most recent call first):
       [0] _process (res://addons/GdPlanningAI/gdpai_autoload.gd:21)
[GdPAI | debug] GetCost: callable returned non-numeric value: null; returning INFINITY
WARNING: [GdPAI] ObjectRef(1382643928884): object was freed before callback; returning Nil.
   at: gdplanningai_rust::logger::process_logs (src\logger.rs:66)
   GDScript backtrace (most recent call first):
       [0] _process (res://addons/GdPlanningAI/gdpai_autoload.gd:21)
WARNING: [GdPAI] ObjectRef(1382157389614): object was freed before callback; returning Nil.
   at: gdplanningai_rust::logger::process_logs (src\logger.rs:66)
   GDScript backtrace (most recent call first):
       [0] _process (res://addons/GdPlanningAI/gdpai_autoload.gd:21)
WARNING: [GdPAI] ObjectRef(1382157389614): object was freed before callback; returning Nil.
   at: gdplanningai_rust::logger::process_logs (src\logger.rs:66)
   GDScript backtrace (most recent call first):
       [0] _process (res://addons/GdPlanningAI/gdpai_autoload.gd:21)
[GdPAI | debug] ApplyEffect [Before] ID=InstanceId(-9223369548625851667): agent props = {"entity": null, "at_target": null, "held_item": "", "hunger": 95.0603725}
[GdPAI | debug] ApplyEffect [After] ID=InstanceId(-9223369548625851667): agent props = {"entity": null, "at_target": null, "held_item": "", "hunger": 95.0603725}
[GdPAI | debug]   Snapshotting prop: entity = Nil (Variant type: NIL)
[GdPAI | debug]   Snapshotting prop: at_target = Nil (Variant type: NIL)
[GdPAI | debug]   Snapshotting prop: held_item = Str("") (Variant type: STRING)
[GdPAI | debug]   Snapshotting prop: hunger = Float(95.0603725) (Variant type: FLOAT)
WARNING: [GdPAI] ObjectRef(124621163998): object was freed before callback; returning Nil.
   at: gdplanningai_rust::logger::process_logs (src\logger.rs:66)
   GDScript backtrace (most recent call first):
       [0] _start_plan_and_wait (res://test/integration/test_campfire_example_smoke.gd:57)
WARNING: [GdPAI] ObjectRef(124621163998): object was freed before callback; returning Nil.
   at: gdplanningai_rust::logger::process_logs (src\logger.rs:66)
   GDScript backtrace (most recent call first):
       [0] _start_plan_and_wait (res://test/integration/test_campfire_example_smoke.gd:57)
[GdPAI | debug] ApplyEffect [Before] ID=InstanceId(-9223369547803768062): agent props = {"held_item": "wood", "hunger": 70.0627442063492, "entity": null}
[GdPAI | debug] ApplyEffect [After] ID=InstanceId(-9223369547803768062): agent props = {"held_item": "wood", "hunger": 70.0627442063492, "entity": null}
[GdPAI | debug]   Snapshotting prop: held_item = Str("wood") (Variant type: STRING)
[GdPAI | debug]   Snapshotting prop: hunger = Float(70.0627442063492) (Variant type: FLOAT)
[GdPAI | debug]   Snapshotting prop: entity = Nil (Variant type: NIL)
[GdPAI | debug] Discovery: Simulation success for Add Fuel. Agent props: {"held_item": Str("wood"), "entity": Nil, "hunger": Float(70.0627442063492)}
[GdPAI | debug] Discovery: Action Add Fuel did NOT satisfy precond Builtin { target: Agent, operation: Equal, property_name: "held_item", value: Some(Str("")) }
WARNING: [GdPAI] ObjectRef(1382643928884): object was freed before callback; returning Nil.
   at: gdplanningai_rust::logger::process_logs (src\logger.rs:66)
   GDScript backtrace (most recent call first):
       [0] _start_plan_and_wait (res://test/integration/test_campfire_example_smoke.gd:57)
WARNING: [GdPAI] ObjectRef(1382157389614): object was freed before callback; returning Nil.
   at: gdplanningai_rust::logger::process_logs (src\logger.rs:66)
   GDScript backtrace (most recent call first):
       [0] _start_plan_and_wait (res://test/integration/test_campfire_example_smoke.gd:57)
WARNING: [GdPAI] ObjectRef(1382157389614): object was freed before callback; returning Nil.
   at: gdplanningai_rust::logger::process_logs (src\logger.rs:66)
   GDScript backtrace (most recent call first):
       [0] _start_plan_and_wait (res://test/integration/test_campfire_example_smoke.gd:57)
[GdPAI | debug] GetCost: callable returned non-numeric value: null; returning INFINITY
WARNING: [GdPAI] ObjectRef(124621163998): object was freed before callback; returning Nil.
   at: gdplanningai_rust::logger::process_logs (src\logger.rs:66)
   GDScript backtrace (most recent call first):
       [0] _process (res://addons/GdPlanningAI/gdpai_autoload.gd:21)
WARNING: [GdPAI] ObjectRef(124621163998): object was freed before callback; returning Nil.
   at: gdplanningai_rust::logger::process_logs (src\logger.rs:66)
   GDScript backtrace (most recent call first):
       [0] _process (res://addons/GdPlanningAI/gdpai_autoload.gd:21)
[GdPAI | debug] Discovery: Action Cook Potato failed validity check, skipping
[GdPAI | debug] Discovery: Starting simulation for action Pick Up Wood
WARNING: [GdPAI] ObjectRef(1382643928884): object was freed before callback; returning Nil.
   at: gdplanningai_rust::logger::process_logs (src\logger.rs:66)
   GDScript backtrace (most recent call first):
       [0] _process (res://addons/GdPlanningAI/gdpai_autoload.gd:21)
WARNING: [GdPAI] ObjectRef(1382157389614): object was freed before callback; returning Nil.
   at: gdplanningai_rust::logger::process_logs (src\logger.rs:66)
   GDScript backtrace (most recent call first):
       [0] _process (res://addons/GdPlanningAI/gdpai_autoload.gd:21)
WARNING: [GdPAI] ObjectRef(1382157389614): object was freed before callback; returning Nil.
   at: gdplanningai_rust::logger::process_logs (src\logger.rs:66)
   GDScript backtrace (most recent call first):
       [0] _process (res://addons/GdPlanningAI/gdpai_autoload.gd:21)
[GdPAI | debug] ApplyEffect [Before] ID=InstanceId(-9223369545824056567): agent props = {"hunger": 95.0603725, "entity": null, "held_item": "", "at_target": null}
[GdPAI | debug] ApplyEffect [After] ID=InstanceId(-9223369545824056567): agent props = {"hunger": 95.0603725, "entity": null, "held_item": "", "at_target": null}
[GdPAI | debug]   Snapshotting prop: hunger = Float(95.0603725) (Variant type: FLOAT)
[GdPAI | debug]   Snapshotting prop: entity = Nil (Variant type: NIL)
[GdPAI | debug]   Snapshotting prop: held_item = Str("") (Variant type: STRING)
[GdPAI | debug]   Snapshotting prop: at_target = Nil (Variant type: NIL)
WARNING: [GdPAI] ObjectRef(124621163998): object was freed before callback; returning Nil.
   at: gdplanningai_rust::logger::process_logs (src\logger.rs:66)
   GDScript backtrace (most recent call first):
       [0] _start_plan_and_wait (res://test/integration/test_campfire_example_smoke.gd:57)
WARNING: [GdPAI] ObjectRef(124621163998): object was freed before callback; returning Nil.
   at: gdplanningai_rust::logger::process_logs (src\logger.rs:66)
   GDScript backtrace (most recent call first):
       [0] _start_plan_and_wait (res://test/integration/test_campfire_example_smoke.gd:57)
[GdPAI | debug] GetCost: callable returned non-numeric value: null; returning INFINITY
WARNING: [GdPAI] ObjectRef(1382643928884): object was freed before callback; returning Nil.
   at: gdplanningai_rust::logger::process_logs (src\logger.rs:66)
   GDScript backtrace (most recent call first):
       [0] _start_plan_and_wait (res://test/integration/test_campfire_example_smoke.gd:57)
[GdPAI | debug] GetCost: callable returned non-numeric value: null; returning INFINITY
WARNING: [GdPAI] ObjectRef(124621163998): object was freed before callback; returning Nil.
   at: gdplanningai_rust::logger::process_logs (src\logger.rs:66)
   GDScript backtrace (most recent call first):
       [0] _process (res://addons/GdPlanningAI/gdpai_autoload.gd:21)
WARNING: [GdPAI] ObjectRef(124621163998): object was freed before callback; returning Nil.
   at: gdplanningai_rust::logger::process_logs (src\logger.rs:66)
   GDScript backtrace (most recent call first):
       [0] _process (res://addons/GdPlanningAI/gdpai_autoload.gd:21)
[GdPAI | debug] ApplyEffect [Before] ID=InstanceId(-9223369543693350113): agent props = {"held_item": "", "entity": null, "hunger": 70.0627442063492}
[GdPAI | debug] ApplyEffect [After] ID=InstanceId(-9223369543693350113): agent props = {"held_item": "", "entity": null, "hunger": 70.0627442063492}
[GdPAI | debug]   Snapshotting prop: held_item = Str("") (Variant type: STRING)
[GdPAI | debug]   Snapshotting prop: entity = Nil (Variant type: NIL)
[GdPAI | debug]   Snapshotting prop: hunger = Float(70.0627442063492) (Variant type: FLOAT)
[GdPAI | debug] Discovery: Simulation success for Pick Up Wood. Agent props: {"entity": Nil, "held_item": Str(""), "hunger": Float(70.0627442063492)}
[GdPAI | debug] Discovery: Action Pick Up Wood satisfied precond Builtin { target: Agent, operation: Equal, property_name: "held_item", value: Some(Str("")) }
[GdPAI | debug] Found candidate: Pick Up Wood (satisfied preconds: [0], requirements: [])
WARNING: [GdPAI] ObjectRef(1382643928884): object was freed before callback; returning Nil.
   at: gdplanningai_rust::logger::process_logs (src\logger.rs:66)
   GDScript backtrace (most recent call first):
       [0] _process (res://addons/GdPlanningAI/gdpai_autoload.gd:21)
[GdPAI | debug] ApplyEffect [Before] ID=InstanceId(-9223369543122924769): agent props = {"hunger": 95.0603725, "held_item": "wood", "entity": null, "at_target": null}
[GdPAI | debug] ApplyEffect [After] ID=InstanceId(-9223369543122924769): agent props = {"hunger": 95.0603725, "held_item": "wood", "entity": null, "at_target": null}
[GdPAI | debug]   Snapshotting prop: hunger = Float(95.0603725) (Variant type: FLOAT)
[GdPAI | debug]   Snapshotting prop: held_item = Str("wood") (Variant type: STRING)
[GdPAI | debug]   Snapshotting prop: entity = Nil (Variant type: NIL)
[GdPAI | debug]   Snapshotting prop: at_target = Nil (Variant type: NIL)
[GdPAI | debug] Discovery: Starting simulation for action Pick Up Wood
WARNING: [GdPAI] ObjectRef(124621163998): object was freed before callback; returning Nil.
   at: gdplanningai_rust::logger::process_logs (src\logger.rs:66)
   GDScript backtrace (most recent call first):
       [0] _start_plan_and_wait (res://test/integration/test_campfire_example_smoke.gd:57)
WARNING: [GdPAI] ObjectRef(124621163998): object was freed before callback; returning Nil.
   at: gdplanningai_rust::logger::process_logs (src\logger.rs:66)
   GDScript backtrace (most recent call first):
       [0] _start_plan_and_wait (res://test/integration/test_campfire_example_smoke.gd:57)
[GdPAI | debug] GetCost: callable returned non-numeric value: null; returning INFINITY
WARNING: [GdPAI] ObjectRef(1382643928884): object was freed before callback; returning Nil.
   at: gdplanningai_rust::logger::process_logs (src\logger.rs:66)
   GDScript backtrace (most recent call first):
       [0] _start_plan_and_wait (res://test/integration/test_campfire_example_smoke.gd:57)
WARNING: [GdPAI] ObjectRef(1382643928884): object was freed before callback; returning Nil.
   at: gdplanningai_rust::logger::process_logs (src\logger.rs:66)
   GDScript backtrace (most recent call first):
       [0] _start_plan_and_wait (res://test/integration/test_campfire_example_smoke.gd:57)
[GdPAI | debug] GetCost: callable returned non-numeric value: null; returning INFINITY
WARNING: [GdPAI] ObjectRef(124621163998): object was freed before callback; returning Nil.
   at: gdplanningai_rust::logger::process_logs (src\logger.rs:66)
   GDScript backtrace (most recent call first):
       [0] _process (res://addons/GdPlanningAI/gdpai_autoload.gd:21)
WARNING: [GdPAI] ObjectRef(124621163998): object was freed before callback; returning Nil.
   at: gdplanningai_rust::logger::process_logs (src\logger.rs:66)
   GDScript backtrace (most recent call first):
       [0] _process (res://addons/GdPlanningAI/gdpai_autoload.gd:21)
[GdPAI | debug] ApplyEffect [Before] ID=InstanceId(-9223369541042549963): agent props = {"hunger": 70.0627442063492, "held_item": "", "entity": null}
[GdPAI | debug] ApplyEffect [After] ID=InstanceId(-9223369541042549963): agent props = {"hunger": 70.0627442063492, "held_item": "", "entity": null}
[GdPAI | debug]   Snapshotting prop: hunger = Float(70.0627442063492) (Variant type: FLOAT)
[GdPAI | debug]   Snapshotting prop: held_item = Str("") (Variant type: STRING)
[GdPAI | debug]   Snapshotting prop: entity = Nil (Variant type: NIL)
WARNING: [GdPAI] ObjectRef(1382643928884): object was freed before callback; returning Nil.
   at: gdplanningai_rust::logger::process_logs (src\logger.rs:66)
   GDScript backtrace (most recent call first):
       [0] _process (res://addons/GdPlanningAI/gdpai_autoload.gd:21)
[GdPAI | debug] Discovery: Simulation success for Pick Up Wood. Agent props: {"hunger": Float(70.0627442063492), "held_item": Str(""), "entity": Nil}
[GdPAI | debug] Discovery: Action Pick Up Wood satisfied precond Builtin { target: Agent, operation: Equal, property_name: "held_item", value: Some(Str("")) }
[GdPAI | debug] Found candidate: Pick Up Wood (satisfied preconds: [0], requirements: [])
WARNING: [GdPAI] ObjectRef(1382643928884): object was freed before callback; returning Nil.
   at: gdplanningai_rust::logger::process_logs (src\logger.rs:66)
   GDScript backtrace (most recent call first):
       [0] _process (res://addons/GdPlanningAI/gdpai_autoload.gd:21)
[GdPAI | debug] ApplyEffect [Before] ID=InstanceId(-9223369540472124619): agent props = {"held_item": "", "entity": null, "hunger": 95.0603725}
[GdPAI | debug] ApplyEffect [After] ID=InstanceId(-9223369540472124619): agent props = {"held_item": "", "entity": null, "hunger": 95.0603725}
[GdPAI | debug]   Snapshotting prop: held_item = Str("") (Variant type: STRING)
[GdPAI | debug]   Snapshotting prop: entity = Nil (Variant type: NIL)
[GdPAI | debug]   Snapshotting prop: hunger = Float(95.0603725) (Variant type: FLOAT)
[GdPAI | debug] Discovery: Starting simulation for action Pick Up Wood
WARNING: [GdPAI] ObjectRef(124621163998): object was freed before callback; returning Nil.
   at: gdplanningai_rust::logger::process_logs (src\logger.rs:66)
   GDScript backtrace (most recent call first):
       [0] _start_plan_and_wait (res://test/integration/test_campfire_example_smoke.gd:57)
WARNING: [GdPAI] ObjectRef(124621163998): object was freed before callback; returning Nil.
   at: gdplanningai_rust::logger::process_logs (src\logger.rs:66)
   GDScript backtrace (most recent call first):
       [0] _start_plan_and_wait (res://test/integration/test_campfire_example_smoke.gd:57)
[GdPAI | debug] GetCost: callable returned non-numeric value: null; returning INFINITY
WARNING: [GdPAI] ObjectRef(1382643928884): object was freed before callback; returning Nil.
   at: gdplanningai_rust::logger::process_logs (src\logger.rs:66)
   GDScript backtrace (most recent call first):
       [0] _start_plan_and_wait (res://test/integration/test_campfire_example_smoke.gd:57)
[GdPAI | debug] GetCost: callable returned non-numeric value: null; returning INFINITY
WARNING: [GdPAI] ObjectRef(124621163998): object was freed before callback; returning Nil.
   at: gdplanningai_rust::logger::process_logs (src\logger.rs:66)
   GDScript backtrace (most recent call first):
       [0] _process (res://addons/GdPlanningAI/gdpai_autoload.gd:21)
WARNING: [GdPAI] ObjectRef(124621163998): object was freed before callback; returning Nil.
   at: gdplanningai_rust::logger::process_logs (src\logger.rs:66)
   GDScript backtrace (most recent call first):
       [0] _process (res://addons/GdPlanningAI/gdpai_autoload.gd:21)
[GdPAI | debug] ApplyEffect [Before] ID=InstanceId(-9223369538391749800): agent props = {"entity": null, "held_item": "", "hunger": 70.0627442063492}
[GdPAI | debug] ApplyEffect [After] ID=InstanceId(-9223369538391749800): agent props = {"entity": null, "held_item": "", "hunger": 70.0627442063492}
[GdPAI | debug]   Snapshotting prop: entity = Nil (Variant type: NIL)
[GdPAI | debug]   Snapshotting prop: held_item = Str("") (Variant type: STRING)
[GdPAI | debug]   Snapshotting prop: hunger = Float(70.0627442063492) (Variant type: FLOAT)
[GdPAI | debug] Discovery: Simulation success for Pick Up Wood. Agent props: {"entity": Nil, "held_item": Str(""), "hunger": Float(70.0627442063492)}
[GdPAI | debug] Discovery: Action Pick Up Wood satisfied precond Builtin { target: Agent, operation: Equal, property_name: "held_item", value: Some(Str("")) }
[GdPAI | debug] Found candidate: Pick Up Wood (satisfied preconds: [0], requirements: [])
WARNING: [GdPAI] ObjectRef(1382643928884): object was freed before callback; returning Nil.
   at: gdplanningai_rust::logger::process_logs (src\logger.rs:66)
   GDScript backtrace (most recent call first):
       [0] _process (res://addons/GdPlanningAI/gdpai_autoload.gd:21)
[GdPAI | debug] ApplyEffect [Before] ID=InstanceId(-9223369537821324456): agent props = {"entity": null, "hunger": 95.0603725, "held_item": ""}
[GdPAI | debug] ApplyEffect [After] ID=InstanceId(-9223369537821324456): agent props = {"entity": null, "hunger": 95.0603725, "held_item": ""}
[GdPAI | debug]   Snapshotting prop: entity = Nil (Variant type: NIL)
[GdPAI | debug]   Snapshotting prop: hunger = Float(95.0603725) (Variant type: FLOAT)
[GdPAI | debug]   Snapshotting prop: held_item = Str("") (Variant type: STRING)
[GdPAI | debug] Discovery: Starting simulation for action Pick Up Wood
WARNING: [GdPAI] ObjectRef(124621163998): object was freed before callback; returning Nil.
   at: gdplanningai_rust::logger::process_logs (src\logger.rs:66)
   GDScript backtrace (most recent call first):
       [0] _start_plan_and_wait (res://test/integration/test_campfire_example_smoke.gd:57)
WARNING: [GdPAI] ObjectRef(124621163998): object was freed before callback; returning Nil.
   at: gdplanningai_rust::logger::process_logs (src\logger.rs:66)
   GDScript backtrace (most recent call first):
       [0] _start_plan_and_wait (res://test/integration/test_campfire_example_smoke.gd:57)
[GdPAI | debug] GetCost: callable returned non-numeric value: null; returning INFINITY
WARNING: [GdPAI] ObjectRef(1382643928884): object was freed before callback; returning Nil.
   at: gdplanningai_rust::logger::process_logs (src\logger.rs:66)
   GDScript backtrace (most recent call first):
       [0] _start_plan_and_wait (res://test/integration/test_campfire_example_smoke.gd:57)
WARNING: [GdPAI] ObjectRef(1382157389614): object was freed before callback; returning Nil.
   at: gdplanningai_rust::logger::process_logs (src\logger.rs:66)
   GDScript backtrace (most recent call first):
       [0] _start_plan_and_wait (res://test/integration/test_campfire_example_smoke.gd:57)
WARNING: [GdPAI] ObjectRef(1382157389614): object was freed before callback; returning Nil.
   at: gdplanningai_rust::logger::process_logs (src\logger.rs:66)
   GDScript backtrace (most recent call first):
       [0] _start_plan_and_wait (res://test/integration/test_campfire_example_smoke.gd:57)
[GdPAI | debug] GetCost: callable returned non-numeric value: null; returning INFINITY
WARNING: [GdPAI] ObjectRef(124621163998): object was freed before callback; returning Nil.
   at: gdplanningai_rust::logger::process_logs (src\logger.rs:66)
   GDScript backtrace (most recent call first):
       [0] _process (res://addons/GdPlanningAI/gdpai_autoload.gd:21)
WARNING: [GdPAI] ObjectRef(124621163998): object was freed before callback; returning Nil.
   at: gdplanningai_rust::logger::process_logs (src\logger.rs:66)
   GDScript backtrace (most recent call first):
       [0] _process (res://addons/GdPlanningAI/gdpai_autoload.gd:21)
[GdPAI | debug] ApplyEffect [Before] ID=InstanceId(-9223369535690618037): agent props = {"held_item": "", "entity": null, "hunger": 70.0627442063492}
[GdPAI | debug] ApplyEffect [After] ID=InstanceId(-9223369535690618037): agent props = {"held_item": "", "entity": null, "hunger": 70.0627442063492}
[GdPAI | debug]   Snapshotting prop: held_item = Str("") (Variant type: STRING)
[GdPAI | debug]   Snapshotting prop: entity = Nil (Variant type: NIL)
[GdPAI | debug]   Snapshotting prop: hunger = Float(70.0627442063492) (Variant type: FLOAT)
[GdPAI | debug] Discovery: Simulation success for Pick Up Wood. Agent props: {"entity": Nil, "hunger": Float(70.0627442063492), "held_item": Str("")}
[GdPAI | debug] Discovery: Action Pick Up Wood satisfied precond Builtin { target: Agent, operation: Equal, property_name: "held_item", value: Some(Str("")) }
[GdPAI | debug] Found candidate: Pick Up Wood (satisfied preconds: [0], requirements: [])
WARNING: [GdPAI] ObjectRef(1382643928884): object was freed before callback; returning Nil.
   at: gdplanningai_rust::logger::process_logs (src\logger.rs:66)
   GDScript backtrace (most recent call first):
       [0] _process (res://addons/GdPlanningAI/gdpai_autoload.gd:21)
WARNING: [GdPAI] ObjectRef(1382157389614): object was freed before callback; returning Nil.
   at: gdplanningai_rust::logger::process_logs (src\logger.rs:66)
   GDScript backtrace (most recent call first):
       [0] _process (res://addons/GdPlanningAI/gdpai_autoload.gd:21)
WARNING: [GdPAI] ObjectRef(1382157389614): object was freed before callback; returning Nil.
   at: gdplanningai_rust::logger::process_logs (src\logger.rs:66)
   GDScript backtrace (most recent call first):
       [0] _process (res://addons/GdPlanningAI/gdpai_autoload.gd:21)
[GdPAI | debug] ApplyEffect [Before] ID=InstanceId(-9223369535120192693): agent props = {"at_target": null, "held_item": "", "entity": null, "hunger": 95.0603725}
[GdPAI | debug] ApplyEffect [After] ID=InstanceId(-9223369535120192693): agent props = {"at_target": null, "held_item": "", "entity": null, "hunger": 95.0603725}
[GdPAI | debug]   Snapshotting prop: at_target = Nil (Variant type: NIL)
[GdPAI | debug]   Snapshotting prop: held_item = Str("") (Variant type: STRING)
[GdPAI | debug]   Snapshotting prop: entity = Nil (Variant type: NIL)
[GdPAI | debug]   Snapshotting prop: hunger = Float(95.0603725) (Variant type: FLOAT)
WARNING: [GdPAI] ObjectRef(124621163998): object was freed before callback; returning Nil.
   at: gdplanningai_rust::logger::process_logs (src\logger.rs:66)
   GDScript backtrace (most recent call first):
       [0] _start_plan_and_wait (res://test/integration/test_campfire_example_smoke.gd:57)
WARNING: [GdPAI] ObjectRef(124621163998): object was freed before callback; returning Nil.
   at: gdplanningai_rust::logger::process_logs (src\logger.rs:66)
   GDScript backtrace (most recent call first):
       [0] _start_plan_and_wait (res://test/integration/test_campfire_example_smoke.gd:57)
[GdPAI | debug] Discovery: Action Dig Potato failed validity check, skipping
WARNING: [GdPAI] ObjectRef(1382643928884): object was freed before callback; returning Nil.
   at: gdplanningai_rust::logger::process_logs (src\logger.rs:66)
   GDScript backtrace (most recent call first):
       [0] _start_plan_and_wait (res://test/integration/test_campfire_example_smoke.gd:57)
WARNING: [GdPAI] ObjectRef(1382157389614): object was freed before callback; returning Nil.
   at: gdplanningai_rust::logger::process_logs (src\logger.rs:66)
   GDScript backtrace (most recent call first):
       [0] _start_plan_and_wait (res://test/integration/test_campfire_example_smoke.gd:57)
WARNING: [GdPAI] ObjectRef(1382157389614): object was freed before callback; returning Nil.
   at: gdplanningai_rust::logger::process_logs (src\logger.rs:66)
   GDScript backtrace (most recent call first):
       [0] _start_plan_and_wait (res://test/integration/test_campfire_example_smoke.gd:57)
[GdPAI | debug] GetCost: callable returned non-numeric value: null; returning INFINITY
WARNING: [GdPAI] ObjectRef(124621163998): object was freed before callback; returning Nil.
   at: gdplanningai_rust::logger::process_logs (src\logger.rs:66)
   GDScript backtrace (most recent call first):
       [0] _process (res://addons/GdPlanningAI/gdpai_autoload.gd:21)
WARNING: [GdPAI] ObjectRef(124621163998): object was freed before callback; returning Nil.
   at: gdplanningai_rust::logger::process_logs (src\logger.rs:66)
   GDScript backtrace (most recent call first):
       [0] _process (res://addons/GdPlanningAI/gdpai_autoload.gd:21)
[GdPAI | debug] Discovery: Action Dig Potato failed validity check, skipping
WARNING: [GdPAI] ObjectRef(1382643928884): object was freed before callback; returning Nil.
   at: gdplanningai_rust::logger::process_logs (src\logger.rs:66)
   GDScript backtrace (most recent call first):
       [0] _process (res://addons/GdPlanningAI/gdpai_autoload.gd:21)
WARNING: [GdPAI] ObjectRef(1382157389614): object was freed before callback; returning Nil.
   at: gdplanningai_rust::logger::process_logs (src\logger.rs:66)
   GDScript backtrace (most recent call first):
       [0] _process (res://addons/GdPlanningAI/gdpai_autoload.gd:21)
WARNING: [GdPAI] ObjectRef(1382157389614): object was freed before callback; returning Nil.
   at: gdplanningai_rust::logger::process_logs (src\logger.rs:66)
   GDScript backtrace (most recent call first):
       [0] _process (res://addons/GdPlanningAI/gdpai_autoload.gd:21)
[GdPAI | debug] ApplyEffect [Before] ID=InstanceId(-9223369532318397585): agent props = {"held_item": "", "at_target": null, "entity": null, "hunger": 95.0603725}
[GdPAI | debug] ApplyEffect [After] ID=InstanceId(-9223369532318397585): agent props = {"held_item": "", "at_target": null, "entity": null, "hunger": 95.0603725}
[GdPAI | debug]   Snapshotting prop: held_item = Str("") (Variant type: STRING)
[GdPAI | debug]   Snapshotting prop: at_target = Nil (Variant type: NIL)
[GdPAI | debug]   Snapshotting prop: entity = Nil (Variant type: NIL)
[GdPAI | debug]   Snapshotting prop: hunger = Float(95.0603725) (Variant type: FLOAT)
WARNING: [GdPAI] ObjectRef(124621163998): object was freed before callback; returning Nil.
   at: gdplanningai_rust::logger::process_logs (src\logger.rs:66)
   GDScript backtrace (most recent call first):
       [0] _start_plan_and_wait (res://test/integration/test_campfire_example_smoke.gd:57)
WARNING: [GdPAI] ObjectRef(124621163998): object was freed before callback; returning Nil.
   at: gdplanningai_rust::logger::process_logs (src\logger.rs:66)
   GDScript backtrace (most recent call first):
       [0] _start_plan_and_wait (res://test/integration/test_campfire_example_smoke.gd:57)
[GdPAI | debug] Discovery: Action Dig Potato failed validity check, skipping
WARNING: [GdPAI] ObjectRef(1382643928884): object was freed before callback; returning Nil.
   at: gdplanningai_rust::logger::process_logs (src\logger.rs:66)
   GDScript backtrace (most recent call first):
       [0] _start_plan_and_wait (res://test/integration/test_campfire_example_smoke.gd:57)
[GdPAI | debug] GetCost: callable returned non-numeric value: null; returning INFINITY
WARNING: [GdPAI] ObjectRef(124621163998): object was freed before callback; returning Nil.
   at: gdplanningai_rust::logger::process_logs (src\logger.rs:66)
   GDScript backtrace (most recent call first):
       [0] _process (res://addons/GdPlanningAI/gdpai_autoload.gd:21)
WARNING: [GdPAI] ObjectRef(124621163998): object was freed before callback; returning Nil.
   at: gdplanningai_rust::logger::process_logs (src\logger.rs:66)
   GDScript backtrace (most recent call first):
       [0] _process (res://addons/GdPlanningAI/gdpai_autoload.gd:21)
[GdPAI | debug] Discovery: Action Dig Potato failed validity check, skipping
WARNING: [GdPAI] ObjectRef(1382643928884): object was freed before callback; returning Nil.
   at: gdplanningai_rust::logger::process_logs (src\logger.rs:66)
   GDScript backtrace (most recent call first):
       [0] _process (res://addons/GdPlanningAI/gdpai_autoload.gd:21)
[GdPAI | debug] ApplyEffect [Before] ID=InstanceId(-9223369529617265764): agent props = {"at_target": null, "entity": null, "hunger": 95.0603725, "held_item": "wood"}
[GdPAI | debug] ApplyEffect [After] ID=InstanceId(-9223369529617265764): agent props = {"at_target": null, "entity": null, "hunger": 95.0603725, "held_item": "wood"}
[GdPAI | debug]   Snapshotting prop: at_target = Nil (Variant type: NIL)
[GdPAI | debug]   Snapshotting prop: entity = Nil (Variant type: NIL)
[GdPAI | debug]   Snapshotting prop: hunger = Float(95.0603725) (Variant type: FLOAT)
[GdPAI | debug]   Snapshotting prop: held_item = Str("wood") (Variant type: STRING)
WARNING: [GdPAI] ObjectRef(124621163998): object was freed before callback; returning Nil.
   at: gdplanningai_rust::logger::process_logs (src\logger.rs:66)
   GDScript backtrace (most recent call first):
       [0] _start_plan_and_wait (res://test/integration/test_campfire_example_smoke.gd:57)
WARNING: [GdPAI] ObjectRef(124621163998): object was freed before callback; returning Nil.
   at: gdplanningai_rust::logger::process_logs (src\logger.rs:66)
   GDScript backtrace (most recent call first):
       [0] _start_plan_and_wait (res://test/integration/test_campfire_example_smoke.gd:57)
WARNING: [GdPAI] ObjectRef(1382643928884): object was freed before callback; returning Nil.
   at: gdplanningai_rust::logger::process_logs (src\logger.rs:66)
   GDScript backtrace (most recent call first):
       [0] _start_plan_and_wait (res://test/integration/test_campfire_example_smoke.gd:57)
[GdPAI | debug] Discovery: Action Dig Potato failed validity check, skipping
WARNING: [GdPAI] ObjectRef(1382643928884): object was freed before callback; returning Nil.
   at: gdplanningai_rust::logger::process_logs (src\logger.rs:66)
   GDScript backtrace (most recent call first):
       [0] _start_plan_and_wait (res://test/integration/test_campfire_example_smoke.gd:57)
[GdPAI | debug] GetCost: callable returned non-numeric value: null; returning INFINITY
WARNING: [GdPAI] ObjectRef(124621163998): object was freed before callback; returning Nil.
   at: gdplanningai_rust::logger::process_logs (src\logger.rs:66)
   GDScript backtrace (most recent call first):
       [0] _process (res://addons/GdPlanningAI/gdpai_autoload.gd:21)
WARNING: [GdPAI] ObjectRef(124621163998): object was freed before callback; returning Nil.
   at: gdplanningai_rust::logger::process_logs (src\logger.rs:66)
   GDScript backtrace (most recent call first):
       [0] _process (res://addons/GdPlanningAI/gdpai_autoload.gd:21)
WARNING: [GdPAI] ObjectRef(125510356497): object was freed before callback; returning Nil.
   at: gdplanningai_rust::logger::process_logs (src\logger.rs:66)
   GDScript backtrace (most recent call first):
       [0] _process (res://addons/GdPlanningAI/gdpai_autoload.gd:21)
WARNING: [GdPAI] ObjectRef(124587609564): object was freed before callback; returning Nil.
   at: gdplanningai_rust::logger::process_logs (src\logger.rs:66)
   GDScript backtrace (most recent call first):
       [0] _process (res://addons/GdPlanningAI/gdpai_autoload.gd:21)
WARNING: [GdPAI] ObjectRef(125510356497): object was freed before callback; returning Nil.
   at: gdplanningai_rust::logger::process_logs (src\logger.rs:66)
   GDScript backtrace (most recent call first):
       [0] _process (res://addons/GdPlanningAI/gdpai_autoload.gd:21)
WARNING: [GdPAI] ObjectRef(124587609564): object was freed before callback; returning Nil.
   at: gdplanningai_rust::logger::process_logs (src\logger.rs:66)
   GDScript backtrace (most recent call first):
       [0] _process (res://addons/GdPlanningAI/gdpai_autoload.gd:21)
[GdPAI | debug] GetCost: callable returned non-numeric value: null; returning INFINITY
WARNING: [GdPAI] ObjectRef(1382643928884): object was freed before callback; returning Nil.
   at: gdplanningai_rust::logger::process_logs (src\logger.rs:66)
   GDScript backtrace (most recent call first):
       [0] _process (res://addons/GdPlanningAI/gdpai_autoload.gd:21)
WARNING: [GdPAI] ObjectRef(1382643928884): object was freed before callback; returning Nil.
   at: gdplanningai_rust::logger::process_logs (src\logger.rs:66)
   GDScript backtrace (most recent call first):
       [0] _process (res://addons/GdPlanningAI/gdpai_autoload.gd:21)
[GdPAI | debug] ApplyEffect [Before] ID=InstanceId(-9223369526966465629): agent props = {"entity": null, "held_item": "", "hunger": 95.0603725}
[GdPAI | debug] ApplyEffect [After] ID=InstanceId(-9223369526966465629): agent props = {"entity": null, "held_item": "", "hunger": 95.0603725}
[GdPAI | debug]   Snapshotting prop: entity = Nil (Variant type: NIL)
[GdPAI | debug]   Snapshotting prop: held_item = Str("") (Variant type: STRING)
[GdPAI | debug]   Snapshotting prop: hunger = Float(95.0603725) (Variant type: FLOAT)
WARNING: [GdPAI] ObjectRef(124621163998): object was freed before callback; returning Nil.
   at: gdplanningai_rust::logger::process_logs (src\logger.rs:66)
   GDScript backtrace (most recent call first):
       [0] _start_plan_and_wait (res://test/integration/test_campfire_example_smoke.gd:57)
WARNING: [GdPAI] ObjectRef(124621163998): object was freed before callback; returning Nil.
   at: gdplanningai_rust::logger::process_logs (src\logger.rs:66)
   GDScript backtrace (most recent call first):
       [0] _start_plan_and_wait (res://test/integration/test_campfire_example_smoke.gd:57)
WARNING: [GdPAI] ObjectRef(125510356497): object was freed before callback; returning Nil.
   at: gdplanningai_rust::logger::process_logs (src\logger.rs:66)
   GDScript backtrace (most recent call first):
       [0] _start_plan_and_wait (res://test/integration/test_campfire_example_smoke.gd:57)
WARNING: [GdPAI] ObjectRef(124587609564): object was freed before callback; returning Nil.
   at: gdplanningai_rust::logger::process_logs (src\logger.rs:66)
   GDScript backtrace (most recent call first):
       [0] _start_plan_and_wait (res://test/integration/test_campfire_example_smoke.gd:57)
WARNING: [GdPAI] ObjectRef(125510356497): object was freed before callback; returning Nil.
   at: gdplanningai_rust::logger::process_logs (src\logger.rs:66)
   GDScript backtrace (most recent call first):
       [0] _start_plan_and_wait (res://test/integration/test_campfire_example_smoke.gd:57)
WARNING: [GdPAI] ObjectRef(124587609564): object was freed before callback; returning Nil.
   at: gdplanningai_rust::logger::process_logs (src\logger.rs:66)
   GDScript backtrace (most recent call first):
       [0] _start_plan_and_wait (res://test/integration/test_campfire_example_smoke.gd:57)
[GdPAI | debug] ApplyEffect [Before] ID=InstanceId(-9223369525993387069): agent props = {"entity": null, "held_item": "", "hunger": 70.0627442063492, "at_target": null}
[GdPAI | debug] ApplyEffect [After] ID=InstanceId(-9223369525993387069): agent props = {"entity": null, "held_item": "", "hunger": 70.0627442063492, "at_target": null}
[GdPAI | debug]   Snapshotting prop: entity = Nil (Variant type: NIL)
[GdPAI | debug]   Snapshotting prop: held_item = Str("") (Variant type: STRING)
[GdPAI | debug]   Snapshotting prop: hunger = Float(70.0627442063492) (Variant type: FLOAT)
[GdPAI | debug]   Snapshotting prop: at_target = Nil (Variant type: NIL)
WARNING: [GdPAI] ObjectRef(1382643928884): object was freed before callback; returning Nil.
   at: gdplanningai_rust::logger::process_logs (src\logger.rs:66)
   GDScript backtrace (most recent call first):
       [0] _start_plan_and_wait (res://test/integration/test_campfire_example_smoke.gd:57)
[GdPAI | debug] GetCost: callable returned non-numeric value: null; returning INFINITY
WARNING: [GdPAI] ObjectRef(124621163998): object was freed before callback; returning Nil.
   at: gdplanningai_rust::logger::process_logs (src\logger.rs:66)
   GDScript backtrace (most recent call first):
       [0] _process (res://addons/GdPlanningAI/gdpai_autoload.gd:21)
WARNING: [GdPAI] ObjectRef(124587609564): object was freed before callback; returning Nil.
   at: gdplanningai_rust::logger::process_logs (src\logger.rs:66)
   GDScript backtrace (most recent call first):
       [0] _process (res://addons/GdPlanningAI/gdpai_autoload.gd:21)
WARNING: [GdPAI] ObjectRef(124587609564): object was freed before callback; returning Nil.
   at: gdplanningai_rust::logger::process_logs (src\logger.rs:66)
   GDScript backtrace (most recent call first):
       [0] _process (res://addons/GdPlanningAI/gdpai_autoload.gd:21)
[GdPAI | debug] GetCost: callable returned non-numeric value: null; returning INFINITY
WARNING: [GdPAI] ObjectRef(1382643928884): object was freed before callback; returning Nil.
   at: gdplanningai_rust::logger::process_logs (src\logger.rs:66)
   GDScript backtrace (most recent call first):
       [0] _process (res://addons/GdPlanningAI/gdpai_autoload.gd:21)
[GdPAI | debug] ApplyEffect [Before] ID=InstanceId(-9223369523913012290): agent props = {"held_item": "", "hunger": 95.0603725, "entity": null}
[GdPAI | debug] ApplyEffect [After] ID=InstanceId(-9223369523913012290): agent props = {"held_item": "", "hunger": 95.0603725, "entity": null}
[GdPAI | debug]   Snapshotting prop: held_item = Str("") (Variant type: STRING)
[GdPAI | debug]   Snapshotting prop: hunger = Float(95.0603725) (Variant type: FLOAT)
[GdPAI | debug]   Snapshotting prop: entity = Nil (Variant type: NIL)
WARNING: [GdPAI] ObjectRef(124621163998): object was freed before callback; returning Nil.
   at: gdplanningai_rust::logger::process_logs (src\logger.rs:66)
   GDScript backtrace (most recent call first):
       [0] _start_plan_and_wait (res://test/integration/test_campfire_example_smoke.gd:57)
WARNING: [GdPAI] ObjectRef(124587609564): object was freed before callback; returning Nil.
   at: gdplanningai_rust::logger::process_logs (src\logger.rs:66)
   GDScript backtrace (most recent call first):
       [0] _start_plan_and_wait (res://test/integration/test_campfire_example_smoke.gd:57)
WARNING: [GdPAI] ObjectRef(124587609564): object was freed before callback; returning Nil.
   at: gdplanningai_rust::logger::process_logs (src\logger.rs:66)
   GDScript backtrace (most recent call first):
       [0] _start_plan_and_wait (res://test/integration/test_campfire_example_smoke.gd:57)
[GdPAI | debug] ApplyEffect [Before] ID=InstanceId(-9223369523141260282): agent props = {"entity": null, "held_item": "", "at_target": null, "hunger": 70.0627442063492}
[GdPAI | debug] ApplyEffect [After] ID=InstanceId(-9223369523141260282): agent props = {"entity": null, "held_item": "", "at_target": null, "hunger": 70.0627442063492}
[GdPAI | debug]   Snapshotting prop: entity = Nil (Variant type: NIL)
[GdPAI | debug]   Snapshotting prop: held_item = Str("") (Variant type: STRING)
[GdPAI | debug]   Snapshotting prop: at_target = Nil (Variant type: NIL)
[GdPAI | debug]   Snapshotting prop: hunger = Float(70.0627442063492) (Variant type: FLOAT)
WARNING: [GdPAI] ObjectRef(1382643928884): object was freed before callback; returning Nil.
   at: gdplanningai_rust::logger::process_logs (src\logger.rs:66)
   GDScript backtrace (most recent call first):
       [0] _start_plan_and_wait (res://test/integration/test_campfire_example_smoke.gd:57)
WARNING: [GdPAI] ObjectRef(1382157389614): object was freed before callback; returning Nil.
   at: gdplanningai_rust::logger::process_logs (src\logger.rs:66)
   GDScript backtrace (most recent call first):
       [0] _start_plan_and_wait (res://test/integration/test_campfire_example_smoke.gd:57)
WARNING: [GdPAI] ObjectRef(1382157389614): object was freed before callback; returning Nil.
   at: gdplanningai_rust::logger::process_logs (src\logger.rs:66)
   GDScript backtrace (most recent call first):
       [0] _start_plan_and_wait (res://test/integration/test_campfire_example_smoke.gd:57)
[GdPAI | debug] GetCost: callable returned non-numeric value: null; returning INFINITY
WARNING: [GdPAI] ObjectRef(124621163998): object was freed before callback; returning Nil.
   at: gdplanningai_rust::logger::process_logs (src\logger.rs:66)
   GDScript backtrace (most recent call first):
       [0] _process (res://addons/GdPlanningAI/gdpai_autoload.gd:21)
WARNING: [GdPAI] ObjectRef(125510356497): object was freed before callback; returning Nil.
   at: gdplanningai_rust::logger::process_logs (src\logger.rs:66)
   GDScript backtrace (most recent call first):
       [0] _process (res://addons/GdPlanningAI/gdpai_autoload.gd:21)
WARNING: [GdPAI] ObjectRef(125510356497): object was freed before callback; returning Nil.
   at: gdplanningai_rust::logger::process_logs (src\logger.rs:66)
   GDScript backtrace (most recent call first):
       [0] _process (res://addons/GdPlanningAI/gdpai_autoload.gd:21)
[GdPAI | debug] GetCost: callable returned non-numeric value: null; returning INFINITY
WARNING: [GdPAI] ObjectRef(1382643928884): object was freed before callback; returning Nil.
   at: gdplanningai_rust::logger::process_logs (src\logger.rs:66)
   GDScript backtrace (most recent call first):
       [0] _process (res://addons/GdPlanningAI/gdpai_autoload.gd:21)
WARNING: [GdPAI] ObjectRef(1382157389614): object was freed before callback; returning Nil.
   at: gdplanningai_rust::logger::process_logs (src\logger.rs:66)
   GDScript backtrace (most recent call first):
       [0] _process (res://addons/GdPlanningAI/gdpai_autoload.gd:21)
WARNING: [GdPAI] ObjectRef(1382157389614): object was freed before callback; returning Nil.
   at: gdplanningai_rust::logger::process_logs (src\logger.rs:66)
   GDScript backtrace (most recent call first):
       [0] _process (res://addons/GdPlanningAI/gdpai_autoload.gd:21)
[GdPAI | debug] ApplyEffect [Before] ID=InstanceId(-9223369521111217166): agent props = {"hunger": 95.0603725, "at_target": null, "entity": null, "held_item": ""}
[GdPAI | debug] ApplyEffect [After] ID=InstanceId(-9223369521111217166): agent props = {"hunger": 95.0603725, "at_target": null, "entity": null, "held_item": ""}
[GdPAI | debug]   Snapshotting prop: hunger = Float(95.0603725) (Variant type: FLOAT)
[GdPAI | debug]   Snapshotting prop: at_target = Nil (Variant type: NIL)
[GdPAI | debug]   Snapshotting prop: entity = Nil (Variant type: NIL)
[GdPAI | debug]   Snapshotting prop: held_item = Str("") (Variant type: STRING)
WARNING: [GdPAI] ObjectRef(124621163998): object was freed before callback; returning Nil.
   at: gdplanningai_rust::logger::process_logs (src\logger.rs:66)
   GDScript backtrace (most recent call first):
       [0] _start_plan_and_wait (res://test/integration/test_campfire_example_smoke.gd:57)
WARNING: [GdPAI] ObjectRef(125510356497): object was freed before callback; returning Nil.
   at: gdplanningai_rust::logger::process_logs (src\logger.rs:66)
   GDScript backtrace (most recent call first):
       [0] _start_plan_and_wait (res://test/integration/test_campfire_example_smoke.gd:57)
WARNING: [GdPAI] ObjectRef(125510356497): object was freed before callback; returning Nil.
   at: gdplanningai_rust::logger::process_logs (src\logger.rs:66)
   GDScript backtrace (most recent call first):
       [0] _start_plan_and_wait (res://test/integration/test_campfire_example_smoke.gd:57)
[GdPAI | debug] ApplyEffect [Before] ID=InstanceId(-9223369520238801905): agent props = {"entity": null, "hunger": 70.0627442063492, "at_target": null, "held_item": ""}
[GdPAI | debug] ApplyEffect [After] ID=InstanceId(-9223369520238801905): agent props = {"entity": null, "hunger": 70.0627442063492, "at_target": null, "held_item": ""}
[GdPAI | debug]   Snapshotting prop: entity = Nil (Variant type: NIL)
[GdPAI | debug]   Snapshotting prop: hunger = Float(70.0627442063492) (Variant type: FLOAT)
[GdPAI | debug]   Snapshotting prop: at_target = Nil (Variant type: NIL)
[GdPAI | debug]   Snapshotting prop: held_item = Str("") (Variant type: STRING)
WARNING: [GdPAI] ObjectRef(1382643928884): object was freed before callback; returning Nil.
   at: gdplanningai_rust::logger::process_logs (src\logger.rs:66)
   GDScript backtrace (most recent call first):
       [0] _start_plan_and_wait (res://test/integration/test_campfire_example_smoke.gd:57)
WARNING: [GdPAI] ObjectRef(1382157389614): object was freed before callback; returning Nil.
   at: gdplanningai_rust::logger::process_logs (src\logger.rs:66)
   GDScript backtrace (most recent call first):
       [0] _start_plan_and_wait (res://test/integration/test_campfire_example_smoke.gd:57)
WARNING: [GdPAI] ObjectRef(1382157389614): object was freed before callback; returning Nil.
   at: gdplanningai_rust::logger::process_logs (src\logger.rs:66)
   GDScript backtrace (most recent call first):
       [0] _start_plan_and_wait (res://test/integration/test_campfire_example_smoke.gd:57)
[GdPAI | debug] GetCost: callable returned non-numeric value: null; returning INFINITY
WARNING: [GdPAI] ObjectRef(124621163998): object was freed before callback; returning Nil.
   at: gdplanningai_rust::logger::process_logs (src\logger.rs:66)
   GDScript backtrace (most recent call first):
       [0] _process (res://addons/GdPlanningAI/gdpai_autoload.gd:21)
WARNING: [GdPAI] ObjectRef(124134624705): object was freed before callback; returning Nil.
   at: gdplanningai_rust::logger::process_logs (src\logger.rs:66)
   GDScript backtrace (most recent call first):
       [0] _process (res://addons/GdPlanningAI/gdpai_autoload.gd:21)
WARNING: [GdPAI] ObjectRef(124134624705): object was freed before callback; returning Nil.
   at: gdplanningai_rust::logger::process_logs (src\logger.rs:66)
   GDScript backtrace (most recent call first):
       [0] _process (res://addons/GdPlanningAI/gdpai_autoload.gd:21)
[GdPAI | debug] GetCost: callable returned non-numeric value: null; returning INFINITY
WARNING: [GdPAI] ObjectRef(1382643928884): object was freed before callback; returning Nil.
   at: gdplanningai_rust::logger::process_logs (src\logger.rs:66)
   GDScript backtrace (most recent call first):
       [0] _process (res://addons/GdPlanningAI/gdpai_autoload.gd:21)
WARNING: [GdPAI] ObjectRef(1382157389614): object was freed before callback; returning Nil.
   at: gdplanningai_rust::logger::process_logs (src\logger.rs:66)
   GDScript backtrace (most recent call first):
       [0] _process (res://addons/GdPlanningAI/gdpai_autoload.gd:21)
WARNING: [GdPAI] ObjectRef(1382157389614): object was freed before callback; returning Nil.
   at: gdplanningai_rust::logger::process_logs (src\logger.rs:66)
   GDScript backtrace (most recent call first):
       [0] _process (res://addons/GdPlanningAI/gdpai_autoload.gd:21)
[GdPAI | debug] ApplyEffect [Before] ID=InstanceId(-9223369518208758795): agent props = {"held_item": "", "at_target": null, "hunger": 95.0603725, "entity": null}
[GdPAI | debug] ApplyEffect [After] ID=InstanceId(-9223369518208758795): agent props = {"held_item": "", "at_target": null, "hunger": 95.0603725, "entity": null}
[GdPAI | debug]   Snapshotting prop: held_item = Str("") (Variant type: STRING)
[GdPAI | debug]   Snapshotting prop: at_target = Nil (Variant type: NIL)
[GdPAI | debug]   Snapshotting prop: hunger = Float(95.0603725) (Variant type: FLOAT)
[GdPAI | debug]   Snapshotting prop: entity = Nil (Variant type: NIL)
WARNING: [GdPAI] ObjectRef(124621163998): object was freed before callback; returning Nil.
   at: gdplanningai_rust::logger::process_logs (src\logger.rs:66)
   GDScript backtrace (most recent call first):
       [0] _start_plan_and_wait (res://test/integration/test_campfire_example_smoke.gd:57)
WARNING: [GdPAI] ObjectRef(124134624705): object was freed before callback; returning Nil.
   at: gdplanningai_rust::logger::process_logs (src\logger.rs:66)
   GDScript backtrace (most recent call first):
       [0] _start_plan_and_wait (res://test/integration/test_campfire_example_smoke.gd:57)
WARNING: [GdPAI] ObjectRef(124134624705): object was freed before callback; returning Nil.
   at: gdplanningai_rust::logger::process_logs (src\logger.rs:66)
   GDScript backtrace (most recent call first):
       [0] _start_plan_and_wait (res://test/integration/test_campfire_example_smoke.gd:57)
[GdPAI | debug] ApplyEffect [Before] ID=InstanceId(-9223369517336343468): agent props = {"held_item": "", "at_target": null, "entity": null, "hunger": 70.0627442063492}
[GdPAI | debug] ApplyEffect [After] ID=InstanceId(-9223369517336343468): agent props = {"held_item": "", "at_target": null, "entity": null, "hunger": 70.0627442063492}
[GdPAI | debug]   Snapshotting prop: held_item = Str("") (Variant type: STRING)
[GdPAI | debug]   Snapshotting prop: at_target = Nil (Variant type: NIL)
[GdPAI | debug]   Snapshotting prop: entity = Nil (Variant type: NIL)
[GdPAI | debug]   Snapshotting prop: hunger = Float(70.0627442063492) (Variant type: FLOAT)
WARNING: [GdPAI] ObjectRef(1382643928884): object was freed before callback; returning Nil.
   at: gdplanningai_rust::logger::process_logs (src\logger.rs:66)
   GDScript backtrace (most recent call first):
       [0] _start_plan_and_wait (res://test/integration/test_campfire_example_smoke.gd:57)
[GdPAI | debug] GetCost: callable returned non-numeric value: null; returning INFINITY
WARNING: [GdPAI] ObjectRef(124621163998): object was freed before callback; returning Nil.
   at: gdplanningai_rust::logger::process_logs (src\logger.rs:66)
   GDScript backtrace (most recent call first):
       [0] _process (res://addons/GdPlanningAI/gdpai_autoload.gd:21)
WARNING: [GdPAI] ObjectRef(124134624705): object was freed before callback; returning Nil.
   at: gdplanningai_rust::logger::process_logs (src\logger.rs:66)
   GDScript backtrace (most recent call first):
       [0] _process (res://addons/GdPlanningAI/gdpai_autoload.gd:21)
WARNING: [GdPAI] ObjectRef(124134624705): object was freed before callback; returning Nil.
   at: gdplanningai_rust::logger::process_logs (src\logger.rs:66)
   GDScript backtrace (most recent call first):
       [0] _process (res://addons/GdPlanningAI/gdpai_autoload.gd:21)
[GdPAI | debug] GetCost: callable returned non-numeric value: null; returning INFINITY
WARNING: [GdPAI] ObjectRef(1382643928884): object was freed before callback; returning Nil.
   at: gdplanningai_rust::logger::process_logs (src\logger.rs:66)
   GDScript backtrace (most recent call first):
       [0] _process (res://addons/GdPlanningAI/gdpai_autoload.gd:21)
[GdPAI | debug] ApplyEffect [Before] ID=InstanceId(-9223369515406963653): agent props = {"held_item": "wood", "at_target": null, "entity": null, "hunger": 95.0603725}
[GdPAI | debug] ApplyEffect [After] ID=InstanceId(-9223369515406963653): agent props = {"held_item": "wood", "at_target": null, "entity": null, "hunger": 95.0603725}
[GdPAI | debug]   Snapshotting prop: held_item = Str("wood") (Variant type: STRING)
[GdPAI | debug]   Snapshotting prop: at_target = Nil (Variant type: NIL)
[GdPAI | debug]   Snapshotting prop: entity = Nil (Variant type: NIL)
[GdPAI | debug]   Snapshotting prop: hunger = Float(95.0603725) (Variant type: FLOAT)
WARNING: [GdPAI] ObjectRef(124621163998): object was freed before callback; returning Nil.
   at: gdplanningai_rust::logger::process_logs (src\logger.rs:66)
   GDScript backtrace (most recent call first):
       [0] _start_plan_and_wait (res://test/integration/test_campfire_example_smoke.gd:57)
WARNING: [GdPAI] ObjectRef(124134624705): object was freed before callback; returning Nil.
   at: gdplanningai_rust::logger::process_logs (src\logger.rs:66)
   GDScript backtrace (most recent call first):
       [0] _start_plan_and_wait (res://test/integration/test_campfire_example_smoke.gd:57)
WARNING: [GdPAI] ObjectRef(124134624705): object was freed before callback; returning Nil.
   at: gdplanningai_rust::logger::process_logs (src\logger.rs:66)
   GDScript backtrace (most recent call first):
       [0] _start_plan_and_wait (res://test/integration/test_campfire_example_smoke.gd:57)
[GdPAI | debug] ApplyEffect [Before] ID=InstanceId(-9223369514635211665): agent props = {"hunger": 70.0627442063492, "entity": null, "at_target": null, "held_item": ""}
[GdPAI | debug] ApplyEffect [After] ID=InstanceId(-9223369514635211665): agent props = {"hunger": 70.0627442063492, "entity": null, "at_target": null, "held_item": ""}
[GdPAI | debug]   Snapshotting prop: hunger = Float(70.0627442063492) (Variant type: FLOAT)
[GdPAI | debug]   Snapshotting prop: entity = Nil (Variant type: NIL)
[GdPAI | debug]   Snapshotting prop: at_target = Nil (Variant type: NIL)
[GdPAI | debug]   Snapshotting prop: held_item = Str("") (Variant type: STRING)
WARNING: [GdPAI] ObjectRef(1382643928884): object was freed before callback; returning Nil.
   at: gdplanningai_rust::logger::process_logs (src\logger.rs:66)
   GDScript backtrace (most recent call first):
       [0] _start_plan_and_wait (res://test/integration/test_campfire_example_smoke.gd:57)
WARNING: [GdPAI] ObjectRef(1382643928884): object was freed before callback; returning Nil.
   at: gdplanningai_rust::logger::process_logs (src\logger.rs:66)
   GDScript backtrace (most recent call first):
       [0] _start_plan_and_wait (res://test/integration/test_campfire_example_smoke.gd:57)
[GdPAI | debug] GetCost: callable returned non-numeric value: null; returning INFINITY
WARNING: [GdPAI] ObjectRef(124621163998): object was freed before callback; returning Nil.
   at: gdplanningai_rust::logger::process_logs (src\logger.rs:66)
   GDScript backtrace (most recent call first):
       [0] _process (res://addons/GdPlanningAI/gdpai_autoload.gd:21)
[GdPAI | debug] GetCost: callable returned non-numeric value: null; returning INFINITY
WARNING: [GdPAI] ObjectRef(1382643928884): object was freed before callback; returning Nil.
   at: gdplanningai_rust::logger::process_logs (src\logger.rs:66)
   GDScript backtrace (most recent call first):
       [0] _process (res://addons/GdPlanningAI/gdpai_autoload.gd:21)
WARNING: [GdPAI] ObjectRef(1382643928884): object was freed before callback; returning Nil.
   at: gdplanningai_rust::logger::process_logs (src\logger.rs:66)
   GDScript backtrace (most recent call first):
       [0] _process (res://addons/GdPlanningAI/gdpai_autoload.gd:21)
[GdPAI | debug] ApplyEffect [Before] ID=InstanceId(-9223369512655500206): agent props = {"entity": null, "held_item": "", "hunger": 95.0603725}
[GdPAI | debug] ApplyEffect [After] ID=InstanceId(-9223369512655500206): agent props = {"entity": null, "held_item": "", "hunger": 95.0603725}
[GdPAI | debug]   Snapshotting prop: entity = Nil (Variant type: NIL)
[GdPAI | debug]   Snapshotting prop: held_item = Str("") (Variant type: STRING)
[GdPAI | debug]   Snapshotting prop: hunger = Float(95.0603725) (Variant type: FLOAT)
WARNING: [GdPAI] ObjectRef(124621163998): object was freed before callback; returning Nil.
   at: gdplanningai_rust::logger::process_logs (src\logger.rs:66)
   GDScript backtrace (most recent call first):
       [0] _start_plan_and_wait (res://test/integration/test_campfire_example_smoke.gd:57)
[GdPAI | debug] ApplyEffect [Before] ID=InstanceId(-9223369511934079866): agent props = {"entity": null, "hunger": 70.0627442063492, "at_target": null, "held_item": "wood"}
[GdPAI | debug] ApplyEffect [After] ID=InstanceId(-9223369511934079866): agent props = {"entity": null, "hunger": 70.0627442063492, "at_target": null, "held_item": "wood"}
[GdPAI | debug]   Snapshotting prop: entity = Nil (Variant type: NIL)
[GdPAI | debug]   Snapshotting prop: hunger = Float(70.0627442063492) (Variant type: FLOAT)
[GdPAI | debug]   Snapshotting prop: at_target = Nil (Variant type: NIL)
[GdPAI | debug]   Snapshotting prop: held_item = Str("wood") (Variant type: STRING)
WARNING: [GdPAI] ObjectRef(1382643928884): object was freed before callback; returning Nil.
   at: gdplanningai_rust::logger::process_logs (src\logger.rs:66)
   GDScript backtrace (most recent call first):
       [0] _start_plan_and_wait (res://test/integration/test_campfire_example_smoke.gd:57)
[GdPAI | debug] GetCost: callable returned non-numeric value: null; returning INFINITY
WARNING: [GdPAI] ObjectRef(124621163998): object was freed before callback; returning Nil.
   at: gdplanningai_rust::logger::process_logs (src\logger.rs:66)
   GDScript backtrace (most recent call first):
       [0] _process (res://addons/GdPlanningAI/gdpai_autoload.gd:21)
WARNING: [GdPAI] ObjectRef(124621163998): object was freed before callback; returning Nil.
   at: gdplanningai_rust::logger::process_logs (src\logger.rs:66)
   GDScript backtrace (most recent call first):
       [0] _process (res://addons/GdPlanningAI/gdpai_autoload.gd:21)
[GdPAI | debug] GetCost: callable returned non-numeric value: null; returning INFINITY
WARNING: [GdPAI] ObjectRef(1382643928884): object was freed before callback; returning Nil.
   at: gdplanningai_rust::logger::process_logs (src\logger.rs:66)
   GDScript backtrace (most recent call first):
       [0] _process (res://addons/GdPlanningAI/gdpai_autoload.gd:21)
[GdPAI | debug] ApplyEffect [Before] ID=InstanceId(-9223369510105363344): agent props = {"entity": null, "held_item": "", "hunger": 95.0603725}
[GdPAI | debug] ApplyEffect [After] ID=InstanceId(-9223369510105363344): agent props = {"entity": null, "held_item": "", "hunger": 95.0603725}
[GdPAI | debug]   Snapshotting prop: entity = Nil (Variant type: NIL)
[GdPAI | debug]   Snapshotting prop: held_item = Str("") (Variant type: STRING)
[GdPAI | debug]   Snapshotting prop: hunger = Float(95.0603725) (Variant type: FLOAT)
WARNING: [GdPAI] ObjectRef(124621163998): object was freed before callback; returning Nil.
   at: gdplanningai_rust::logger::process_logs (src\logger.rs:66)
   GDScript backtrace (most recent call first):
       [0] _start_plan_and_wait (res://test/integration/test_campfire_example_smoke.gd:57)
WARNING: [GdPAI] ObjectRef(124621163998): object was freed before callback; returning Nil.
   at: gdplanningai_rust::logger::process_logs (src\logger.rs:66)
   GDScript backtrace (most recent call first):
       [0] _start_plan_and_wait (res://test/integration/test_campfire_example_smoke.gd:57)
[GdPAI | debug] ApplyEffect [Before] ID=InstanceId(-9223369509383943085): agent props = {"hunger": 70.0627442063492, "entity": null, "held_item": ""}
[GdPAI | debug] ApplyEffect [After] ID=InstanceId(-9223369509383943085): agent props = {"hunger": 70.0627442063492, "entity": null, "held_item": ""}
[GdPAI | debug]   Snapshotting prop: hunger = Float(70.0627442063492) (Variant type: FLOAT)
[GdPAI | debug]   Snapshotting prop: entity = Nil (Variant type: NIL)
[GdPAI | debug]   Snapshotting prop: held_item = Str("") (Variant type: STRING)
WARNING: [GdPAI] ObjectRef(1382643928884): object was freed before callback; returning Nil.
   at: gdplanningai_rust::logger::process_logs (src\logger.rs:66)
   GDScript backtrace (most recent call first):
       [0] _start_plan_and_wait (res://test/integration/test_campfire_example_smoke.gd:57)
WARNING: [GdPAI] ObjectRef(1382157389614): object was freed before callback; returning Nil.
   at: gdplanningai_rust::logger::process_logs (src\logger.rs:66)
   GDScript backtrace (most recent call first):
       [0] _start_plan_and_wait (res://test/integration/test_campfire_example_smoke.gd:57)
WARNING: [GdPAI] ObjectRef(1382157389614): object was freed before callback; returning Nil.
   at: gdplanningai_rust::logger::process_logs (src\logger.rs:66)
   GDScript backtrace (most recent call first):
       [0] _start_plan_and_wait (res://test/integration/test_campfire_example_smoke.gd:57)
[GdPAI | debug] GetCost: callable returned non-numeric value: null; returning INFINITY
WARNING: [GdPAI] ObjectRef(124621163998): object was freed before callback; returning Nil.
   at: gdplanningai_rust::logger::process_logs (src\logger.rs:66)
   GDScript backtrace (most recent call first):
       [0] _process (res://addons/GdPlanningAI/gdpai_autoload.gd:21)
[GdPAI | debug] GetCost: callable returned non-numeric value: null; returning INFINITY
WARNING: [GdPAI] ObjectRef(1382643928884): object was freed before callback; returning Nil.
   at: gdplanningai_rust::logger::process_logs (src\logger.rs:66)
   GDScript backtrace (most recent call first):
       [0] _process (res://addons/GdPlanningAI/gdpai_autoload.gd:21)
WARNING: [GdPAI] ObjectRef(1382157389614): object was freed before callback; returning Nil.
   at: gdplanningai_rust::logger::process_logs (src\logger.rs:66)
   GDScript backtrace (most recent call first):
       [0] _process (res://addons/GdPlanningAI/gdpai_autoload.gd:21)
WARNING: [GdPAI] ObjectRef(1382157389614): object was freed before callback; returning Nil.
   at: gdplanningai_rust::logger::process_logs (src\logger.rs:66)
   GDScript backtrace (most recent call first):
       [0] _process (res://addons/GdPlanningAI/gdpai_autoload.gd:21)
[GdPAI | debug] ApplyEffect [Before] ID=InstanceId(-9223369507404231535): agent props = {"hunger": 95.0603725, "held_item": "", "at_target": null, "entity": null}
[GdPAI | debug] ApplyEffect [After] ID=InstanceId(-9223369507404231535): agent props = {"hunger": 95.0603725, "held_item": "", "at_target": null, "entity": null}
[GdPAI | debug]   Snapshotting prop: hunger = Float(95.0603725) (Variant type: FLOAT)
[GdPAI | debug]   Snapshotting prop: held_item = Str("") (Variant type: STRING)
[GdPAI | debug]   Snapshotting prop: at_target = Nil (Variant type: NIL)
[GdPAI | debug]   Snapshotting prop: entity = Nil (Variant type: NIL)
WARNING: [GdPAI] ObjectRef(124621163998): object was freed before callback; returning Nil.
   at: gdplanningai_rust::logger::process_logs (src\logger.rs:66)
   GDScript backtrace (most recent call first):
       [0] _start_plan_and_wait (res://test/integration/test_campfire_example_smoke.gd:57)
[GdPAI | debug] ApplyEffect [Before] ID=InstanceId(-9223369506632479563): agent props = {"hunger": 70.0627442063492, "held_item": "", "entity": null}
[GdPAI | debug] ApplyEffect [After] ID=InstanceId(-9223369506632479563): agent props = {"hunger": 70.0627442063492, "held_item": "", "entity": null}
[GdPAI | debug]   Snapshotting prop: hunger = Float(70.0627442063492) (Variant type: FLOAT)
[GdPAI | debug]   Snapshotting prop: held_item = Str("") (Variant type: STRING)
[GdPAI | debug]   Snapshotting prop: entity = Nil (Variant type: NIL)
WARNING: [GdPAI] ObjectRef(1382643928884): object was freed before callback; returning Nil.
   at: gdplanningai_rust::logger::process_logs (src\logger.rs:66)
   GDScript backtrace (most recent call first):
       [0] _start_plan_and_wait (res://test/integration/test_campfire_example_smoke.gd:57)
WARNING: [GdPAI] ObjectRef(1382157389614): object was freed before callback; returning Nil.
   at: gdplanningai_rust::logger::process_logs (src\logger.rs:66)
   GDScript backtrace (most recent call first):
       [0] _start_plan_and_wait (res://test/integration/test_campfire_example_smoke.gd:57)
WARNING: [GdPAI] ObjectRef(1382157389614): object was freed before callback; returning Nil.
   at: gdplanningai_rust::logger::process_logs (src\logger.rs:66)
   GDScript backtrace (most recent call first):
       [0] _start_plan_and_wait (res://test/integration/test_campfire_example_smoke.gd:57)
[GdPAI | debug] GetCost: callable returned non-numeric value: null; returning INFINITY
WARNING: [GdPAI] ObjectRef(124621163998): object was freed before callback; returning Nil.
   at: gdplanningai_rust::logger::process_logs (src\logger.rs:66)
   GDScript backtrace (most recent call first):
       [0] _process (res://addons/GdPlanningAI/gdpai_autoload.gd:21)
[GdPAI | debug] GetCost: callable returned non-numeric value: null; returning INFINITY
WARNING: [GdPAI] ObjectRef(1382643928884): object was freed before callback; returning Nil.
   at: gdplanningai_rust::logger::process_logs (src\logger.rs:66)
   GDScript backtrace (most recent call first):
       [0] _process (res://addons/GdPlanningAI/gdpai_autoload.gd:21)
WARNING: [GdPAI] ObjectRef(1382157389614): object was freed before callback; returning Nil.
   at: gdplanningai_rust::logger::process_logs (src\logger.rs:66)
   GDScript backtrace (most recent call first):
       [0] _process (res://addons/GdPlanningAI/gdpai_autoload.gd:21)
WARNING: [GdPAI] ObjectRef(1382157389614): object was freed before callback; returning Nil.
   at: gdplanningai_rust::logger::process_logs (src\logger.rs:66)
   GDScript backtrace (most recent call first):
       [0] _process (res://addons/GdPlanningAI/gdpai_autoload.gd:21)
[GdPAI | debug] ApplyEffect [Before] ID=InstanceId(-9223369504703099779): agent props = {"at_target": null, "hunger": 95.0603725, "entity": null, "held_item": ""}
[GdPAI | debug] ApplyEffect [After] ID=InstanceId(-9223369504703099779): agent props = {"at_target": null, "hunger": 95.0603725, "entity": null, "held_item": ""}
[GdPAI | debug]   Snapshotting prop: at_target = Nil (Variant type: NIL)
[GdPAI | debug]   Snapshotting prop: hunger = Float(95.0603725) (Variant type: FLOAT)
[GdPAI | debug]   Snapshotting prop: entity = Nil (Variant type: NIL)
[GdPAI | debug]   Snapshotting prop: held_item = Str("") (Variant type: STRING)
WARNING: [GdPAI] ObjectRef(124621163998): object was freed before callback; returning Nil.
   at: gdplanningai_rust::logger::process_logs (src\logger.rs:66)
   GDScript backtrace (most recent call first):
       [0] _start_plan_and_wait (res://test/integration/test_campfire_example_smoke.gd:57)
[GdPAI | debug] ApplyEffect [Before] ID=InstanceId(-9223369503931347767): agent props = {"hunger": 70.0627442063492, "entity": null, "held_item": ""}
[GdPAI | debug] ApplyEffect [After] ID=InstanceId(-9223369503931347767): agent props = {"hunger": 70.0627442063492, "entity": null, "held_item": ""}
[GdPAI | debug]   Snapshotting prop: hunger = Float(70.0627442063492) (Variant type: FLOAT)
[GdPAI | debug]   Snapshotting prop: entity = Nil (Variant type: NIL)
[GdPAI | debug]   Snapshotting prop: held_item = Str("") (Variant type: STRING)
WARNING: [GdPAI] ObjectRef(1382643928884): object was freed before callback; returning Nil.
   at: gdplanningai_rust::logger::process_logs (src\logger.rs:66)
   GDScript backtrace (most recent call first):
       [0] _start_plan_and_wait (res://test/integration/test_campfire_example_smoke.gd:57)
[GdPAI | debug] GetCost: callable returned non-numeric value: null; returning INFINITY
WARNING: [GdPAI] ObjectRef(124621163998): object was freed before callback; returning Nil.
   at: gdplanningai_rust::logger::process_logs (src\logger.rs:66)
   GDScript backtrace (most recent call first):
       [0] _process (res://addons/GdPlanningAI/gdpai_autoload.gd:21)
WARNING: [GdPAI] ObjectRef(124134624705): object was freed before callback; returning Nil.
   at: gdplanningai_rust::logger::process_logs (src\logger.rs:66)
   GDScript backtrace (most recent call first):
       [0] _process (res://addons/GdPlanningAI/gdpai_autoload.gd:21)
WARNING: [GdPAI] ObjectRef(124134624705): object was freed before callback; returning Nil.
   at: gdplanningai_rust::logger::process_logs (src\logger.rs:66)
   GDScript backtrace (most recent call first):
       [0] _process (res://addons/GdPlanningAI/gdpai_autoload.gd:21)
[GdPAI | debug] GetCost: callable returned non-numeric value: null; returning INFINITY
WARNING: [GdPAI] ObjectRef(1382643928884): object was freed before callback; returning Nil.
   at: gdplanningai_rust::logger::process_logs (src\logger.rs:66)
   GDScript backtrace (most recent call first):
       [0] _process (res://addons/GdPlanningAI/gdpai_autoload.gd:21)
[GdPAI | debug] ApplyEffect [Before] ID=InstanceId(-9223369502102631239): agent props = {"held_item": "wood", "entity": null, "hunger": 95.0603725, "at_target": null}
[GdPAI | debug] ApplyEffect [After] ID=InstanceId(-9223369502102631239): agent props = {"held_item": "wood", "entity": null, "hunger": 95.0603725, "at_target": null}
[GdPAI | debug]   Snapshotting prop: held_item = Str("wood") (Variant type: STRING)
[GdPAI | debug]   Snapshotting prop: entity = Nil (Variant type: NIL)
[GdPAI | debug]   Snapshotting prop: hunger = Float(95.0603725) (Variant type: FLOAT)
[GdPAI | debug]   Snapshotting prop: at_target = Nil (Variant type: NIL)
WARNING: [GdPAI] ObjectRef(124621163998): object was freed before callback; returning Nil.
   at: gdplanningai_rust::logger::process_logs (src\logger.rs:66)
   GDScript backtrace (most recent call first):
       [0] _start_plan_and_wait (res://test/integration/test_campfire_example_smoke.gd:57)
WARNING: [GdPAI] ObjectRef(124134624705): object was freed before callback; returning Nil.
   at: gdplanningai_rust::logger::process_logs (src\logger.rs:66)
   GDScript backtrace (most recent call first):
       [0] _start_plan_and_wait (res://test/integration/test_campfire_example_smoke.gd:57)
WARNING: [GdPAI] ObjectRef(124134624705): object was freed before callback; returning Nil.
   at: gdplanningai_rust::logger::process_logs (src\logger.rs:66)
   GDScript backtrace (most recent call first):
       [0] _start_plan_and_wait (res://test/integration/test_campfire_example_smoke.gd:57)
[GdPAI | debug] ApplyEffect [Before] ID=InstanceId(-9223369501330879294): agent props = {"entity": null, "hunger": 70.0627442063492, "held_item": "", "at_target": null}
[GdPAI | debug] ApplyEffect [After] ID=InstanceId(-9223369501330879294): agent props = {"entity": null, "hunger": 70.0627442063492, "held_item": "", "at_target": null}
[GdPAI | debug]   Snapshotting prop: entity = Nil (Variant type: NIL)
[GdPAI | debug]   Snapshotting prop: hunger = Float(70.0627442063492) (Variant type: FLOAT)
[GdPAI | debug]   Snapshotting prop: held_item = Str("") (Variant type: STRING)
[GdPAI | debug]   Snapshotting prop: at_target = Nil (Variant type: NIL)
WARNING: [GdPAI] ObjectRef(1382643928884): object was freed before callback; returning Nil.
   at: gdplanningai_rust::logger::process_logs (src\logger.rs:66)
   GDScript backtrace (most recent call first):
       [0] _start_plan_and_wait (res://test/integration/test_campfire_example_smoke.gd:57)
WARNING: [GdPAI] ObjectRef(1382643928884): object was freed before callback; returning Nil.
   at: gdplanningai_rust::logger::process_logs (src\logger.rs:66)
   GDScript backtrace (most recent call first):
       [0] _start_plan_and_wait (res://test/integration/test_campfire_example_smoke.gd:57)
[GdPAI | debug] GetCost: callable returned non-numeric value: null; returning INFINITY
WARNING: [GdPAI] ObjectRef(124621163998): object was freed before callback; returning Nil.
   at: gdplanningai_rust::logger::process_logs (src\logger.rs:66)
   GDScript backtrace (most recent call first):
       [0] _process (res://addons/GdPlanningAI/gdpai_autoload.gd:21)
WARNING: [GdPAI] ObjectRef(124134624705): object was freed before callback; returning Nil.
   at: gdplanningai_rust::logger::process_logs (src\logger.rs:66)
   GDScript backtrace (most recent call first):
       [0] _process (res://addons/GdPlanningAI/gdpai_autoload.gd:21)
WARNING: [GdPAI] ObjectRef(124134624705): object was freed before callback; returning Nil.
   at: gdplanningai_rust::logger::process_logs (src\logger.rs:66)
   GDScript backtrace (most recent call first):
       [0] _process (res://addons/GdPlanningAI/gdpai_autoload.gd:21)
[GdPAI | debug] GetCost: callable returned non-numeric value: null; returning INFINITY
WARNING: [GdPAI] ObjectRef(1382643928884): object was freed before callback; returning Nil.
   at: gdplanningai_rust::logger::process_logs (src\logger.rs:66)
   GDScript backtrace (most recent call first):
       [0] _process (res://addons/GdPlanningAI/gdpai_autoload.gd:21)
WARNING: [GdPAI] ObjectRef(1382643928884): object was freed before callback; returning Nil.
   at: gdplanningai_rust::logger::process_logs (src\logger.rs:66)
   GDScript backtrace (most recent call first):
       [0] _process (res://addons/GdPlanningAI/gdpai_autoload.gd:21)
[GdPAI | debug] ApplyEffect [Before] ID=InstanceId(-9223369499351167822): agent props = {"hunger": 95.0603725, "held_item": "", "entity": null}
[GdPAI | debug] ApplyEffect [After] ID=InstanceId(-9223369499351167822): agent props = {"hunger": 95.0603725, "held_item": "", "entity": null}
[GdPAI | debug]   Snapshotting prop: hunger = Float(95.0603725) (Variant type: FLOAT)
[GdPAI | debug]   Snapshotting prop: held_item = Str("") (Variant type: STRING)
[GdPAI | debug]   Snapshotting prop: entity = Nil (Variant type: NIL)
WARNING: [GdPAI] ObjectRef(124621163998): object was freed before callback; returning Nil.
   at: gdplanningai_rust::logger::process_logs (src\logger.rs:66)
   GDScript backtrace (most recent call first):
       [0] _start_plan_and_wait (res://test/integration/test_campfire_example_smoke.gd:57)
WARNING: [GdPAI] ObjectRef(124134624705): object was freed before callback; returning Nil.
   at: gdplanningai_rust::logger::process_logs (src\logger.rs:66)
   GDScript backtrace (most recent call first):
       [0] _start_plan_and_wait (res://test/integration/test_campfire_example_smoke.gd:57)
WARNING: [GdPAI] ObjectRef(124134624705): object was freed before callback; returning Nil.
   at: gdplanningai_rust::logger::process_logs (src\logger.rs:66)
   GDScript backtrace (most recent call first):
       [0] _start_plan_and_wait (res://test/integration/test_campfire_example_smoke.gd:57)
[GdPAI | debug] ApplyEffect [Before] ID=InstanceId(-9223369498529084212): agent props = {"held_item": "", "hunger": 70.0627442063492, "entity": null, "at_target": null}
[GdPAI | debug] ApplyEffect [After] ID=InstanceId(-9223369498529084212): agent props = {"held_item": "", "hunger": 70.0627442063492, "entity": null, "at_target": null}
[GdPAI | debug]   Snapshotting prop: held_item = Str("") (Variant type: STRING)
[GdPAI | debug]   Snapshotting prop: hunger = Float(70.0627442063492) (Variant type: FLOAT)
[GdPAI | debug]   Snapshotting prop: entity = Nil (Variant type: NIL)
[GdPAI | debug]   Snapshotting prop: at_target = Nil (Variant type: NIL)
WARNING: [GdPAI] ObjectRef(1382643928884): object was freed before callback; returning Nil.
   at: gdplanningai_rust::logger::process_logs (src\logger.rs:66)
   GDScript backtrace (most recent call first):
       [0] _start_plan_and_wait (res://test/integration/test_campfire_example_smoke.gd:57)
[GdPAI | debug] GetCost: callable returned non-numeric value: null; returning INFINITY
WARNING: [GdPAI] ObjectRef(124621163998): object was freed before callback; returning Nil.
   at: gdplanningai_rust::logger::process_logs (src\logger.rs:66)
   GDScript backtrace (most recent call first):
       [0] _process (res://addons/GdPlanningAI/gdpai_autoload.gd:21)
[GdPAI | debug] GetCost: callable returned non-numeric value: null; returning INFINITY
WARNING: [GdPAI] ObjectRef(1382643928884): object was freed before callback; returning Nil.
   at: gdplanningai_rust::logger::process_logs (src\logger.rs:66)
   GDScript backtrace (most recent call first):
       [0] _process (res://addons/GdPlanningAI/gdpai_autoload.gd:21)
[GdPAI | debug] ApplyEffect [Before] ID=InstanceId(-9223369496599704396): agent props = {"held_item": "", "entity": null, "hunger": 95.0603725}
[GdPAI | debug] ApplyEffect [After] ID=InstanceId(-9223369496599704396): agent props = {"held_item": "", "entity": null, "hunger": 95.0603725}
[GdPAI | debug]   Snapshotting prop: held_item = Str("") (Variant type: STRING)
[GdPAI | debug]   Snapshotting prop: entity = Nil (Variant type: NIL)
[GdPAI | debug]   Snapshotting prop: hunger = Float(95.0603725) (Variant type: FLOAT)
WARNING: [GdPAI] ObjectRef(124621163998): object was freed before callback; returning Nil.
   at: gdplanningai_rust::logger::process_logs (src\logger.rs:66)
   GDScript backtrace (most recent call first):
       [0] _start_plan_and_wait (res://test/integration/test_campfire_example_smoke.gd:57)
[GdPAI | debug] ApplyEffect [Before] ID=InstanceId(-9223369495928615701): agent props = {"held_item": "wood", "at_target": null, "entity": null, "hunger": 70.0627442063492}
[GdPAI | debug] ApplyEffect [After] ID=InstanceId(-9223369495928615701): agent props = {"held_item": "wood", "at_target": null, "entity": null, "hunger": 70.0627442063492}
[GdPAI | debug]   Snapshotting prop: held_item = Str("wood") (Variant type: STRING)
[GdPAI | debug]   Snapshotting prop: at_target = Nil (Variant type: NIL)
[GdPAI | debug]   Snapshotting prop: entity = Nil (Variant type: NIL)
[GdPAI | debug]   Snapshotting prop: hunger = Float(70.0627442063492) (Variant type: FLOAT)
WARNING: [GdPAI] ObjectRef(1382643928884): object was freed before callback; returning Nil.
   at: gdplanningai_rust::logger::process_logs (src\logger.rs:66)
   GDScript backtrace (most recent call first):
       [0] _start_plan_and_wait (res://test/integration/test_campfire_example_smoke.gd:57)
WARNING: [GdPAI] ObjectRef(1382157389614): object was freed before callback; returning Nil.
   at: gdplanningai_rust::logger::process_logs (src\logger.rs:66)
   GDScript backtrace (most recent call first):
       [0] _start_plan_and_wait (res://test/integration/test_campfire_example_smoke.gd:57)
WARNING: [GdPAI] ObjectRef(1382157389614): object was freed before callback; returning Nil.
   at: gdplanningai_rust::logger::process_logs (src\logger.rs:66)
   GDScript backtrace (most recent call first):
       [0] _start_plan_and_wait (res://test/integration/test_campfire_example_smoke.gd:57)
[GdPAI | debug] GetCost: callable returned non-numeric value: null; returning INFINITY
[GdPAI | debug] Numeric comparison: 70.0627442063492 GreaterThan 0 -> true
WARNING: [GdPAI] ObjectRef(124621163998): object was freed before callback; returning Nil.
   at: gdplanningai_rust::logger::process_logs (src\logger.rs:66)
   GDScript backtrace (most recent call first):
       [0] _process (res://addons/GdPlanningAI/gdpai_autoload.gd:21)
WARNING: [GdPAI] ObjectRef(124621163998): object was freed before callback; returning Nil.
   at: gdplanningai_rust::logger::process_logs (src\logger.rs:66)
   GDScript backtrace (most recent call first):
       [0] _process (res://addons/GdPlanningAI/gdpai_autoload.gd:21)
WARNING: [GdPAI] ObjectRef(125510356497): object was freed before callback; returning Nil.
   at: gdplanningai_rust::logger::process_logs (src\logger.rs:66)
   GDScript backtrace (most recent call first):
       [0] _process (res://addons/GdPlanningAI/gdpai_autoload.gd:21)
WARNING: [GdPAI] ObjectRef(124587609564): object was freed before callback; returning Nil.
   at: gdplanningai_rust::logger::process_logs (src\logger.rs:66)
   GDScript backtrace (most recent call first):
       [0] _process (res://addons/GdPlanningAI/gdpai_autoload.gd:21)
WARNING: [GdPAI] ObjectRef(125510356497): object was freed before callback; returning Nil.
   at: gdplanningai_rust::logger::process_logs (src\logger.rs:66)
   GDScript backtrace (most recent call first):
       [0] _process (res://addons/GdPlanningAI/gdpai_autoload.gd:21)
WARNING: [GdPAI] ObjectRef(124587609564): object was freed before callback; returning Nil.
   at: gdplanningai_rust::logger::process_logs (src\logger.rs:66)
   GDScript backtrace (most recent call first):
       [0] _process (res://addons/GdPlanningAI/gdpai_autoload.gd:21)
[GdPAI | debug] GetCost: callable returned non-numeric value: null; returning INFINITY
WARNING: [GdPAI] ObjectRef(1382643928884): object was freed before callback; returning Nil.
   at: gdplanningai_rust::logger::process_logs (src\logger.rs:66)
   GDScript backtrace (most recent call first):
       [0] _process (res://addons/GdPlanningAI/gdpai_autoload.gd:21)
WARNING: [GdPAI] ObjectRef(1382157389614): object was freed before callback; returning Nil.
   at: gdplanningai_rust::logger::process_logs (src\logger.rs:66)
   GDScript backtrace (most recent call first):
       [0] _process (res://addons/GdPlanningAI/gdpai_autoload.gd:21)
WARNING: [GdPAI] ObjectRef(1382157389614): object was freed before callback; returning Nil.
   at: gdplanningai_rust::logger::process_logs (src\logger.rs:66)
   GDScript backtrace (most recent call first):
       [0] _process (res://addons/GdPlanningAI/gdpai_autoload.gd:21)
[GdPAI | debug] ApplyEffect [Before] ID=InstanceId(-9223369493999235834): agent props = {"entity": null, "held_item": "", "at_target": null, "hunger": 95.0603725}
[GdPAI | debug] ApplyEffect [After] ID=InstanceId(-9223369493999235834): agent props = {"entity": null, "held_item": "", "at_target": null, "hunger": 95.0603725}
[GdPAI | debug]   Snapshotting prop: entity = Nil (Variant type: NIL)
[GdPAI | debug]   Snapshotting prop: held_item = Str("") (Variant type: STRING)
[GdPAI | debug]   Snapshotting prop: at_target = Nil (Variant type: NIL)
[GdPAI | debug]   Snapshotting prop: hunger = Float(95.0603725) (Variant type: FLOAT)
WARNING: [GdPAI] ObjectRef(124621163998): object was freed before callback; returning Nil.
   at: gdplanningai_rust::logger::process_logs (src\logger.rs:66)
   GDScript backtrace (most recent call first):
       [0] _start_plan_and_wait (res://test/integration/test_campfire_example_smoke.gd:57)
WARNING: [GdPAI] ObjectRef(124621163998): object was freed before callback; returning Nil.
   at: gdplanningai_rust::logger::process_logs (src\logger.rs:66)
   GDScript backtrace (most recent call first):
       [0] _start_plan_and_wait (res://test/integration/test_campfire_example_smoke.gd:57)
WARNING: [GdPAI] ObjectRef(125510356497): object was freed before callback; returning Nil.
   at: gdplanningai_rust::logger::process_logs (src\logger.rs:66)
   GDScript backtrace (most recent call first):
       [0] _start_plan_and_wait (res://test/integration/test_campfire_example_smoke.gd:57)
WARNING: [GdPAI] ObjectRef(124587609564): object was freed before callback; returning Nil.
   at: gdplanningai_rust::logger::process_logs (src\logger.rs:66)
   GDScript backtrace (most recent call first):
       [0] _start_plan_and_wait (res://test/integration/test_campfire_example_smoke.gd:57)
WARNING: [GdPAI] ObjectRef(125510356497): object was freed before callback; returning Nil.
   at: gdplanningai_rust::logger::process_logs (src\logger.rs:66)
   GDScript backtrace (most recent call first):
       [0] _start_plan_and_wait (res://test/integration/test_campfire_example_smoke.gd:57)
WARNING: [GdPAI] ObjectRef(124587609564): object was freed before callback; returning Nil.
   at: gdplanningai_rust::logger::process_logs (src\logger.rs:66)
   GDScript backtrace (most recent call first):
       [0] _start_plan_and_wait (res://test/integration/test_campfire_example_smoke.gd:57)
[GdPAI | debug] ApplyEffect [Before] ID=InstanceId(-9223369492975825647): agent props = {"held_item": "", "hunger": 70.0627442063492, "entity": null, "at_target": null}
[GdPAI | debug] ApplyEffect [After] ID=InstanceId(-9223369492975825647): agent props = {"held_item": "", "hunger": 70.0627442063492, "entity": null, "at_target": null}
[GdPAI | debug]   Snapshotting prop: held_item = Str("") (Variant type: STRING)
[GdPAI | debug]   Snapshotting prop: hunger = Float(70.0627442063492) (Variant type: FLOAT)
[GdPAI | debug]   Snapshotting prop: entity = Nil (Variant type: NIL)
[GdPAI | debug]   Snapshotting prop: at_target = Nil (Variant type: NIL)
WARNING: [GdPAI] ObjectRef(1382643928884): object was freed before callback; returning Nil.
   at: gdplanningai_rust::logger::process_logs (src\logger.rs:66)
   GDScript backtrace (most recent call first):
       [0] _start_plan_and_wait (res://test/integration/test_campfire_example_smoke.gd:57)
WARNING: [GdPAI] ObjectRef(1382157389614): object was freed before callback; returning Nil.
   at: gdplanningai_rust::logger::process_logs (src\logger.rs:66)
   GDScript backtrace (most recent call first):
       [0] _start_plan_and_wait (res://test/integration/test_campfire_example_smoke.gd:57)
WARNING: [GdPAI] ObjectRef(1382157389614): object was freed before callback; returning Nil.
   at: gdplanningai_rust::logger::process_logs (src\logger.rs:66)
   GDScript backtrace (most recent call first):
       [0] _start_plan_and_wait (res://test/integration/test_campfire_example_smoke.gd:57)
[GdPAI | debug] GetCost: callable returned non-numeric value: null; returning INFINITY
WARNING: [GdPAI] ObjectRef(124621163998): object was freed before callback; returning Nil.
   at: gdplanningai_rust::logger::process_logs (src\logger.rs:66)
   GDScript backtrace (most recent call first):
       [0] _process (res://addons/GdPlanningAI/gdpai_autoload.gd:21)
WARNING: [GdPAI] ObjectRef(124587609564): object was freed before callback; returning Nil.
   at: gdplanningai_rust::logger::process_logs (src\logger.rs:66)
   GDScript backtrace (most recent call first):
       [0] _process (res://addons/GdPlanningAI/gdpai_autoload.gd:21)
WARNING: [GdPAI] ObjectRef(124587609564): object was freed before callback; returning Nil.
   at: gdplanningai_rust::logger::process_logs (src\logger.rs:66)
   GDScript backtrace (most recent call first):
       [0] _process (res://addons/GdPlanningAI/gdpai_autoload.gd:21)
[GdPAI | debug] GetCost: callable returned non-numeric value: null; returning INFINITY
WARNING: [GdPAI] ObjectRef(1382643928884): object was freed before callback; returning Nil.
   at: gdplanningai_rust::logger::process_logs (src\logger.rs:66)
   GDScript backtrace (most recent call first):
       [0] _process (res://addons/GdPlanningAI/gdpai_autoload.gd:21)
WARNING: [GdPAI] ObjectRef(1382157389614): object was freed before callback; returning Nil.
   at: gdplanningai_rust::logger::process_logs (src\logger.rs:66)
   GDScript backtrace (most recent call first):
       [0] _process (res://addons/GdPlanningAI/gdpai_autoload.gd:21)
WARNING: [GdPAI] ObjectRef(1382157389614): object was freed before callback; returning Nil.
   at: gdplanningai_rust::logger::process_logs (src\logger.rs:66)
   GDScript backtrace (most recent call first):
       [0] _process (res://addons/GdPlanningAI/gdpai_autoload.gd:21)
[GdPAI | debug] ApplyEffect [Before] ID=InstanceId(-9223369490794787631): agent props = {"held_item": "", "at_target": null, "hunger": 95.0603725, "entity": null}
[GdPAI | debug] ApplyEffect [After] ID=InstanceId(-9223369490794787631): agent props = {"held_item": "", "at_target": null, "hunger": 95.0603725, "entity": null}
[GdPAI | debug]   Snapshotting prop: held_item = Str("") (Variant type: STRING)
[GdPAI | debug]   Snapshotting prop: at_target = Nil (Variant type: NIL)
[GdPAI | debug]   Snapshotting prop: hunger = Float(95.0603725) (Variant type: FLOAT)
[GdPAI | debug]   Snapshotting prop: entity = Nil (Variant type: NIL)
WARNING: [GdPAI] ObjectRef(124621163998): object was freed before callback; returning Nil.
   at: gdplanningai_rust::logger::process_logs (src\logger.rs:66)
   GDScript backtrace (most recent call first):
       [0] _start_plan_and_wait (res://test/integration/test_campfire_example_smoke.gd:57)
WARNING: [GdPAI] ObjectRef(124587609564): object was freed before callback; returning Nil.
   at: gdplanningai_rust::logger::process_logs (src\logger.rs:66)
   GDScript backtrace (most recent call first):
       [0] _start_plan_and_wait (res://test/integration/test_campfire_example_smoke.gd:57)
WARNING: [GdPAI] ObjectRef(124587609564): object was freed before callback; returning Nil.
   at: gdplanningai_rust::logger::process_logs (src\logger.rs:66)
   GDScript backtrace (most recent call first):
       [0] _start_plan_and_wait (res://test/integration/test_campfire_example_smoke.gd:57)
[GdPAI | debug] ApplyEffect [Before] ID=InstanceId(-9223369489922372277): agent props = {"held_item": "", "at_target": null, "entity": null, "hunger": 70.0627442063492}
[GdPAI | debug] ApplyEffect [After] ID=InstanceId(-9223369489922372277): agent props = {"held_item": "", "at_target": null, "entity": null, "hunger": 70.0627442063492}
[GdPAI | debug]   Snapshotting prop: held_item = Str("") (Variant type: STRING)
[GdPAI | debug]   Snapshotting prop: at_target = Nil (Variant type: NIL)
[GdPAI | debug]   Snapshotting prop: entity = Nil (Variant type: NIL)
[GdPAI | debug]   Snapshotting prop: hunger = Float(70.0627442063492) (Variant type: FLOAT)
WARNING: [GdPAI] ObjectRef(1382643928884): object was freed before callback; returning Nil.
   at: gdplanningai_rust::logger::process_logs (src\logger.rs:66)
   GDScript backtrace (most recent call first):
       [0] _start_plan_and_wait (res://test/integration/test_campfire_example_smoke.gd:57)
[GdPAI | debug] GetCost: callable returned non-numeric value: null; returning INFINITY
WARNING: [GdPAI] ObjectRef(124621163998): object was freed before callback; returning Nil.
   at: gdplanningai_rust::logger::process_logs (src\logger.rs:66)
   GDScript backtrace (most recent call first):
       [0] _process (res://addons/GdPlanningAI/gdpai_autoload.gd:21)
WARNING: [GdPAI] ObjectRef(125510356497): object was freed before callback; returning Nil.
   at: gdplanningai_rust::logger::process_logs (src\logger.rs:66)
   GDScript backtrace (most recent call first):
       [0] _process (res://addons/GdPlanningAI/gdpai_autoload.gd:21)
WARNING: [GdPAI] ObjectRef(125510356497): object was freed before callback; returning Nil.
   at: gdplanningai_rust::logger::process_logs (src\logger.rs:66)
   GDScript backtrace (most recent call first):
       [0] _process (res://addons/GdPlanningAI/gdpai_autoload.gd:21)
[GdPAI | debug] GetCost: callable returned non-numeric value: null; returning INFINITY
WARNING: [GdPAI] ObjectRef(1382643928884): object was freed before callback; returning Nil.
   at: gdplanningai_rust::logger::process_logs (src\logger.rs:66)
   GDScript backtrace (most recent call first):
       [0] _process (res://addons/GdPlanningAI/gdpai_autoload.gd:21)
[GdPAI | debug] ApplyEffect [Before] ID=InstanceId(-9223369487992992456): agent props = {"hunger": 95.0603725, "at_target": null, "held_item": "wood", "entity": null}
[GdPAI | debug] ApplyEffect [After] ID=InstanceId(-9223369487992992456): agent props = {"hunger": 95.0603725, "at_target": null, "held_item": "wood", "entity": null}
[GdPAI | debug]   Snapshotting prop: hunger = Float(95.0603725) (Variant type: FLOAT)
[GdPAI | debug]   Snapshotting prop: at_target = Nil (Variant type: NIL)
[GdPAI | debug]   Snapshotting prop: held_item = Str("wood") (Variant type: STRING)
[GdPAI | debug]   Snapshotting prop: entity = Nil (Variant type: NIL)
WARNING: [GdPAI] ObjectRef(124621163998): object was freed before callback; returning Nil.
   at: gdplanningai_rust::logger::process_logs (src\logger.rs:66)
   GDScript backtrace (most recent call first):
       [0] _start_plan_and_wait (res://test/integration/test_campfire_example_smoke.gd:57)
WARNING: [GdPAI] ObjectRef(125510356497): object was freed before callback; returning Nil.
   at: gdplanningai_rust::logger::process_logs (src\logger.rs:66)
   GDScript backtrace (most recent call first):
       [0] _start_plan_and_wait (res://test/integration/test_campfire_example_smoke.gd:57)
WARNING: [GdPAI] ObjectRef(125510356497): object was freed before callback; returning Nil.
   at: gdplanningai_rust::logger::process_logs (src\logger.rs:66)
   GDScript backtrace (most recent call first):
       [0] _start_plan_and_wait (res://test/integration/test_campfire_example_smoke.gd:57)
[GdPAI | debug] ApplyEffect [Before] ID=InstanceId(-9223369487221240519): agent props = {"held_item": "", "hunger": 70.0627442063492, "entity": null, "at_target": null}
[GdPAI | debug] ApplyEffect [After] ID=InstanceId(-9223369487221240519): agent props = {"held_item": "", "hunger": 70.0627442063492, "entity": null, "at_target": null}
[GdPAI | debug]   Snapshotting prop: held_item = Str("") (Variant type: STRING)
[GdPAI | debug]   Snapshotting prop: hunger = Float(70.0627442063492) (Variant type: FLOAT)
[GdPAI | debug]   Snapshotting prop: entity = Nil (Variant type: NIL)
[GdPAI | debug]   Snapshotting prop: at_target = Nil (Variant type: NIL)
WARNING: [GdPAI] ObjectRef(1382643928884): object was freed before callback; returning Nil.
   at: gdplanningai_rust::logger::process_logs (src\logger.rs:66)
   GDScript backtrace (most recent call first):
       [0] _start_plan_and_wait (res://test/integration/test_campfire_example_smoke.gd:57)
WARNING: [GdPAI] ObjectRef(1382643928884): object was freed before callback; returning Nil.
   at: gdplanningai_rust::logger::process_logs (src\logger.rs:66)
   GDScript backtrace (most recent call first):
       [0] _start_plan_and_wait (res://test/integration/test_campfire_example_smoke.gd:57)
[GdPAI | debug] GetCost: callable returned non-numeric value: null; returning INFINITY
WARNING: [GdPAI] ObjectRef(124621163998): object was freed before callback; returning Nil.
   at: gdplanningai_rust::logger::process_logs (src\logger.rs:66)
   GDScript backtrace (most recent call first):
       [0] _process (res://addons/GdPlanningAI/gdpai_autoload.gd:21)
WARNING: [GdPAI] ObjectRef(124134624705): object was freed before callback; returning Nil.
   at: gdplanningai_rust::logger::process_logs (src\logger.rs:66)
   GDScript backtrace (most recent call first):
       [0] _process (res://addons/GdPlanningAI/gdpai_autoload.gd:21)
WARNING: [GdPAI] ObjectRef(124134624705): object was freed before callback; returning Nil.
   at: gdplanningai_rust::logger::process_logs (src\logger.rs:66)
   GDScript backtrace (most recent call first):
       [0] _process (res://addons/GdPlanningAI/gdpai_autoload.gd:21)
[GdPAI | debug] GetCost: callable returned non-numeric value: null; returning INFINITY
WARNING: [GdPAI] ObjectRef(1382643928884): object was freed before callback; returning Nil.
   at: gdplanningai_rust::logger::process_logs (src\logger.rs:66)
   GDScript backtrace (most recent call first):
       [0] _process (res://addons/GdPlanningAI/gdpai_autoload.gd:21)
WARNING: [GdPAI] ObjectRef(1382643928884): object was freed before callback; returning Nil.
   at: gdplanningai_rust::logger::process_logs (src\logger.rs:66)
   GDScript backtrace (most recent call first):
       [0] _process (res://addons/GdPlanningAI/gdpai_autoload.gd:21)
[GdPAI | debug] ApplyEffect [Before] ID=InstanceId(-9223369485241528979): agent props = {"hunger": 95.0603725, "entity": null, "held_item": ""}
[GdPAI | debug] ApplyEffect [After] ID=InstanceId(-9223369485241528979): agent props = {"hunger": 95.0603725, "entity": null, "held_item": ""}
[GdPAI | debug]   Snapshotting prop: hunger = Float(95.0603725) (Variant type: FLOAT)
[GdPAI | debug]   Snapshotting prop: entity = Nil (Variant type: NIL)
[GdPAI | debug]   Snapshotting prop: held_item = Str("") (Variant type: STRING)
WARNING: [GdPAI] ObjectRef(124621163998): object was freed before callback; returning Nil.
   at: gdplanningai_rust::logger::process_logs (src\logger.rs:66)
   GDScript backtrace (most recent call first):
       [0] _start_plan_and_wait (res://test/integration/test_campfire_example_smoke.gd:57)
WARNING: [GdPAI] ObjectRef(124134624705): object was freed before callback; returning Nil.
   at: gdplanningai_rust::logger::process_logs (src\logger.rs:66)
   GDScript backtrace (most recent call first):
       [0] _start_plan_and_wait (res://test/integration/test_campfire_example_smoke.gd:57)
WARNING: [GdPAI] ObjectRef(124134624705): object was freed before callback; returning Nil.
   at: gdplanningai_rust::logger::process_logs (src\logger.rs:66)
   GDScript backtrace (most recent call first):
       [0] _start_plan_and_wait (res://test/integration/test_campfire_example_smoke.gd:57)
[GdPAI | debug] ApplyEffect [Before] ID=InstanceId(-9223369484419445364): agent props = {"held_item": "", "hunger": 70.0627442063492, "at_target": null, "entity": null}
[GdPAI | debug] ApplyEffect [After] ID=InstanceId(-9223369484419445364): agent props = {"held_item": "", "hunger": 70.0627442063492, "at_target": null, "entity": null}
[GdPAI | debug]   Snapshotting prop: held_item = Str("") (Variant type: STRING)
[GdPAI | debug]   Snapshotting prop: hunger = Float(70.0627442063492) (Variant type: FLOAT)
[GdPAI | debug]   Snapshotting prop: at_target = Nil (Variant type: NIL)
[GdPAI | debug]   Snapshotting prop: entity = Nil (Variant type: NIL)
WARNING: [GdPAI] ObjectRef(1382643928884): object was freed before callback; returning Nil.
   at: gdplanningai_rust::logger::process_logs (src\logger.rs:66)
   GDScript backtrace (most recent call first):
       [0] _start_plan_and_wait (res://test/integration/test_campfire_example_smoke.gd:57)
[GdPAI | debug] GetCost: callable returned non-numeric value: null; returning INFINITY
WARNING: [GdPAI] ObjectRef(124621163998): object was freed before callback; returning Nil.
   at: gdplanningai_rust::logger::process_logs (src\logger.rs:66)
   GDScript backtrace (most recent call first):
       [0] _process (res://addons/GdPlanningAI/gdpai_autoload.gd:21)
WARNING: [GdPAI] ObjectRef(124134624705): object was freed before callback; returning Nil.
   at: gdplanningai_rust::logger::process_logs (src\logger.rs:66)
   GDScript backtrace (most recent call first):
       [0] _process (res://addons/GdPlanningAI/gdpai_autoload.gd:21)
WARNING: [GdPAI] ObjectRef(124134624705): object was freed before callback; returning Nil.
   at: gdplanningai_rust::logger::process_logs (src\logger.rs:66)
   GDScript backtrace (most recent call first):
       [0] _process (res://addons/GdPlanningAI/gdpai_autoload.gd:21)
[GdPAI | debug] GetCost: callable returned non-numeric value: null; returning INFINITY
WARNING: [GdPAI] ObjectRef(1382643928884): object was freed before callback; returning Nil.
   at: gdplanningai_rust::logger::process_logs (src\logger.rs:66)
   GDScript backtrace (most recent call first):
       [0] _process (res://addons/GdPlanningAI/gdpai_autoload.gd:21)
[GdPAI | debug] ApplyEffect [Before] ID=InstanceId(-9223369482490065569): agent props = {"hunger": 95.0603725, "entity": null, "held_item": ""}
[GdPAI | debug] ApplyEffect [After] ID=InstanceId(-9223369482490065569): agent props = {"hunger": 95.0603725, "entity": null, "held_item": ""}
[GdPAI | debug]   Snapshotting prop: hunger = Float(95.0603725) (Variant type: FLOAT)
[GdPAI | debug]   Snapshotting prop: entity = Nil (Variant type: NIL)
[GdPAI | debug]   Snapshotting prop: held_item = Str("") (Variant type: STRING)
WARNING: [GdPAI] ObjectRef(124621163998): object was freed before callback; returning Nil.
   at: gdplanningai_rust::logger::process_logs (src\logger.rs:66)
   GDScript backtrace (most recent call first):
       [0] _start_plan_and_wait (res://test/integration/test_campfire_example_smoke.gd:57)
WARNING: [GdPAI] ObjectRef(124134624705): object was freed before callback; returning Nil.
   at: gdplanningai_rust::logger::process_logs (src\logger.rs:66)
   GDScript backtrace (most recent call first):
       [0] _start_plan_and_wait (res://test/integration/test_campfire_example_smoke.gd:57)
WARNING: [GdPAI] ObjectRef(124134624705): object was freed before callback; returning Nil.
   at: gdplanningai_rust::logger::process_logs (src\logger.rs:66)
   GDScript backtrace (most recent call first):
       [0] _start_plan_and_wait (res://test/integration/test_campfire_example_smoke.gd:57)
[GdPAI | debug] ApplyEffect [Before] ID=InstanceId(-9223369481718313552): agent props = {"hunger": 70.0627442063492, "at_target": null, "held_item": "", "entity": null}
[GdPAI | debug] ApplyEffect [After] ID=InstanceId(-9223369481718313552): agent props = {"hunger": 70.0627442063492, "at_target": null, "held_item": "", "entity": null}
[GdPAI | debug]   Snapshotting prop: hunger = Float(70.0627442063492) (Variant type: FLOAT)
[GdPAI | debug]   Snapshotting prop: at_target = Nil (Variant type: NIL)
[GdPAI | debug]   Snapshotting prop: held_item = Str("") (Variant type: STRING)
[GdPAI | debug]   Snapshotting prop: entity = Nil (Variant type: NIL)
WARNING: [GdPAI] ObjectRef(1382643928884): object was freed before callback; returning Nil.
   at: gdplanningai_rust::logger::process_logs (src\logger.rs:66)
   GDScript backtrace (most recent call first):
       [0] _start_plan_and_wait (res://test/integration/test_campfire_example_smoke.gd:57)
WARNING: [GdPAI] ObjectRef(1382157389614): object was freed before callback; returning Nil.
   at: gdplanningai_rust::logger::process_logs (src\logger.rs:66)
   GDScript backtrace (most recent call first):
       [0] _start_plan_and_wait (res://test/integration/test_campfire_example_smoke.gd:57)
WARNING: [GdPAI] ObjectRef(1382157389614): object was freed before callback; returning Nil.
   at: gdplanningai_rust::logger::process_logs (src\logger.rs:66)
   GDScript backtrace (most recent call first):
       [0] _start_plan_and_wait (res://test/integration/test_campfire_example_smoke.gd:57)
[GdPAI | debug] GetCost: callable returned non-numeric value: null; returning INFINITY
WARNING: [GdPAI] ObjectRef(124621163998): object was freed before callback; returning Nil.
   at: gdplanningai_rust::logger::process_logs (src\logger.rs:66)
   GDScript backtrace (most recent call first):
       [0] _process (res://addons/GdPlanningAI/gdpai_autoload.gd:21)
[GdPAI | debug] GetCost: callable returned non-numeric value: null; returning INFINITY
WARNING: [GdPAI] ObjectRef(1382643928884): object was freed before callback; returning Nil.
   at: gdplanningai_rust::logger::process_logs (src\logger.rs:66)
   GDScript backtrace (most recent call first):
       [0] _process (res://addons/GdPlanningAI/gdpai_autoload.gd:21)
WARNING: [GdPAI] ObjectRef(1382157389614): object was freed before callback; returning Nil.
   at: gdplanningai_rust::logger::process_logs (src\logger.rs:66)
   GDScript backtrace (most recent call first):
       [0] _process (res://addons/GdPlanningAI/gdpai_autoload.gd:21)
WARNING: [GdPAI] ObjectRef(1382157389614): object was freed before callback; returning Nil.
   at: gdplanningai_rust::logger::process_logs (src\logger.rs:66)
   GDScript backtrace (most recent call first):
       [0] _process (res://addons/GdPlanningAI/gdpai_autoload.gd:21)
[GdPAI | debug] ApplyEffect [Before] ID=InstanceId(-9223369479688270443): agent props = {"held_item": "", "hunger": 95.0603725, "at_target": null, "entity": null}
[GdPAI | debug] ApplyEffect [After] ID=InstanceId(-9223369479688270443): agent props = {"held_item": "", "hunger": 95.0603725, "at_target": null, "entity": null}
[GdPAI | debug]   Snapshotting prop: held_item = Str("") (Variant type: STRING)
[GdPAI | debug]   Snapshotting prop: hunger = Float(95.0603725) (Variant type: FLOAT)
[GdPAI | debug]   Snapshotting prop: at_target = Nil (Variant type: NIL)
[GdPAI | debug]   Snapshotting prop: entity = Nil (Variant type: NIL)
WARNING: [GdPAI] ObjectRef(124621163998): object was freed before callback; returning Nil.
   at: gdplanningai_rust::logger::process_logs (src\logger.rs:66)
   GDScript backtrace (most recent call first):
       [0] _start_plan_and_wait (res://test/integration/test_campfire_example_smoke.gd:57)
[GdPAI | debug] ApplyEffect [Before] ID=InstanceId(-9223369478916518460): agent props = {"at_target": null, "held_item": "wood", "entity": null, "hunger": 70.0627442063492}
[GdPAI | debug] ApplyEffect [After] ID=InstanceId(-9223369478916518460): agent props = {"at_target": null, "held_item": "wood", "entity": null, "hunger": 70.0627442063492}
[GdPAI | debug]   Snapshotting prop: at_target = Nil (Variant type: NIL)
[GdPAI | debug]   Snapshotting prop: held_item = Str("wood") (Variant type: STRING)
[GdPAI | debug]   Snapshotting prop: entity = Nil (Variant type: NIL)
[GdPAI | debug]   Snapshotting prop: hunger = Float(70.0627442063492) (Variant type: FLOAT)
WARNING: [GdPAI] ObjectRef(1382643928884): object was freed before callback; returning Nil.
   at: gdplanningai_rust::logger::process_logs (src\logger.rs:66)
   GDScript backtrace (most recent call first):
       [0] _start_plan_and_wait (res://test/integration/test_campfire_example_smoke.gd:57)
WARNING: [GdPAI] ObjectRef(1382157389614): object was freed before callback; returning Nil.
   at: gdplanningai_rust::logger::process_logs (src\logger.rs:66)
   GDScript backtrace (most recent call first):
       [0] _start_plan_and_wait (res://test/integration/test_campfire_example_smoke.gd:57)
WARNING: [GdPAI] ObjectRef(1382157389614): object was freed before callback; returning Nil.
   at: gdplanningai_rust::logger::process_logs (src\logger.rs:66)
   GDScript backtrace (most recent call first):
       [0] _start_plan_and_wait (res://test/integration/test_campfire_example_smoke.gd:57)
[GdPAI | debug] GetCost: callable returned non-numeric value: null; returning INFINITY
WARNING: [GdPAI] ObjectRef(124621163998): object was freed before callback; returning Nil.
   at: gdplanningai_rust::logger::process_logs (src\logger.rs:66)
   GDScript backtrace (most recent call first):
       [0] _process (res://addons/GdPlanningAI/gdpai_autoload.gd:21)
WARNING: [GdPAI] ObjectRef(124621163998): object was freed before callback; returning Nil.
   at: gdplanningai_rust::logger::process_logs (src\logger.rs:66)
   GDScript backtrace (most recent call first):
       [0] _process (res://addons/GdPlanningAI/gdpai_autoload.gd:21)
[GdPAI | debug] GetCost: callable returned non-numeric value: null; returning INFINITY
WARNING: [GdPAI] ObjectRef(1382643928884): object was freed before callback; returning Nil.
   at: gdplanningai_rust::logger::process_logs (src\logger.rs:66)
   GDScript backtrace (most recent call first):
       [0] _process (res://addons/GdPlanningAI/gdpai_autoload.gd:21)
WARNING: [GdPAI] ObjectRef(1382157389614): object was freed before callback; returning Nil.
   at: gdplanningai_rust::logger::process_logs (src\logger.rs:66)
   GDScript backtrace (most recent call first):
       [0] _process (res://addons/GdPlanningAI/gdpai_autoload.gd:21)
WARNING: [GdPAI] ObjectRef(1382157389614): object was freed before callback; returning Nil.
   at: gdplanningai_rust::logger::process_logs (src\logger.rs:66)
   GDScript backtrace (most recent call first):
       [0] _process (res://addons/GdPlanningAI/gdpai_autoload.gd:21)
[GdPAI | debug] ApplyEffect [Before] ID=InstanceId(-9223369476987138633): agent props = {"hunger": 95.0603725, "held_item": "", "at_target": null, "entity": null}
[GdPAI | debug] ApplyEffect [After] ID=InstanceId(-9223369476987138633): agent props = {"hunger": 95.0603725, "held_item": "", "at_target": null, "entity": null}
[GdPAI | debug]   Snapshotting prop: hunger = Float(95.0603725) (Variant type: FLOAT)
[GdPAI | debug]   Snapshotting prop: held_item = Str("") (Variant type: STRING)
[GdPAI | debug]   Snapshotting prop: at_target = Nil (Variant type: NIL)
[GdPAI | debug]   Snapshotting prop: entity = Nil (Variant type: NIL)
WARNING: [GdPAI] ObjectRef(124621163998): object was freed before callback; returning Nil.
   at: gdplanningai_rust::logger::process_logs (src\logger.rs:66)
   GDScript backtrace (most recent call first):
       [0] _start_plan_and_wait (res://test/integration/test_campfire_example_smoke.gd:57)
WARNING: [GdPAI] ObjectRef(124621163998): object was freed before callback; returning Nil.
   at: gdplanningai_rust::logger::process_logs (src\logger.rs:66)
   GDScript backtrace (most recent call first):
       [0] _start_plan_and_wait (res://test/integration/test_campfire_example_smoke.gd:57)
[GdPAI | debug] ApplyEffect [Before] ID=InstanceId(-9223369476165055070): agent props = {"hunger": 70.0627442063492, "entity": null, "held_item": ""}
[GdPAI | debug] ApplyEffect [After] ID=InstanceId(-9223369476165055070): agent props = {"hunger": 70.0627442063492, "entity": null, "held_item": ""}
[GdPAI | debug]   Snapshotting prop: hunger = Float(70.0627442063492) (Variant type: FLOAT)
[GdPAI | debug]   Snapshotting prop: entity = Nil (Variant type: NIL)
[GdPAI | debug]   Snapshotting prop: held_item = Str("") (Variant type: STRING)
WARNING: [GdPAI] ObjectRef(1382643928884): object was freed before callback; returning Nil.
   at: gdplanningai_rust::logger::process_logs (src\logger.rs:66)
   GDScript backtrace (most recent call first):
       [0] _start_plan_and_wait (res://test/integration/test_campfire_example_smoke.gd:57)
[GdPAI | debug] GetCost: callable returned non-numeric value: null; returning INFINITY
WARNING: [GdPAI] ObjectRef(124621163998): object was freed before callback; returning Nil.
   at: gdplanningai_rust::logger::process_logs (src\logger.rs:66)
   GDScript backtrace (most recent call first):
       [0] _process (res://addons/GdPlanningAI/gdpai_autoload.gd:21)
[GdPAI | debug] GetCost: callable returned non-numeric value: null; returning INFINITY
WARNING: [GdPAI] ObjectRef(1382643928884): object was freed before callback; returning Nil.
   at: gdplanningai_rust::logger::process_logs (src\logger.rs:66)
   GDScript backtrace (most recent call first):
       [0] _process (res://addons/GdPlanningAI/gdpai_autoload.gd:21)
[GdPAI | debug] ApplyEffect [Before] ID=InstanceId(-9223369474286006855): agent props = {"hunger": 95.0603725, "entity": null, "held_item": "wood", "at_target": null}
[GdPAI | debug] ApplyEffect [After] ID=InstanceId(-9223369474286006855): agent props = {"hunger": 95.0603725, "entity": null, "held_item": "wood", "at_target": null}
[GdPAI | debug]   Snapshotting prop: hunger = Float(95.0603725) (Variant type: FLOAT)
[GdPAI | debug]   Snapshotting prop: entity = Nil (Variant type: NIL)
[GdPAI | debug]   Snapshotting prop: held_item = Str("wood") (Variant type: STRING)
[GdPAI | debug]   Snapshotting prop: at_target = Nil (Variant type: NIL)
[GdPAI] A* Iteration: pop node with chain length 4
[GdPAI | debug] find_candidates: Checking 15 actions against 1 preconds and 1 requirements
WARNING: [GdPAI] ObjectRef(124621163998): object was freed before callback; returning Nil.
   at: gdplanningai_rust::logger::process_logs (src\logger.rs:66)
   GDScript backtrace (most recent call first):
       [0] _start_plan_and_wait (res://test/integration/test_campfire_example_smoke.gd:57)
[GdPAI | debug] ApplyEffect [Before] ID=InstanceId(-9223369473614918159): agent props = {"hunger": 70.0627442063492, "held_item": "", "entity": null}
[GdPAI | debug] ApplyEffect [After] ID=InstanceId(-9223369473614918159): agent props = {"hunger": 70.0627442063492, "held_item": "", "entity": null}
[GdPAI | debug]   Snapshotting prop: hunger = Float(70.0627442063492) (Variant type: FLOAT)
[GdPAI | debug]   Snapshotting prop: held_item = Str("") (Variant type: STRING)
[GdPAI | debug]   Snapshotting prop: entity = Nil (Variant type: NIL)
WARNING: [GdPAI] ObjectRef(1382643928884): object was freed before callback; returning Nil.
   at: gdplanningai_rust::logger::process_logs (src\logger.rs:66)
   GDScript backtrace (most recent call first):
       [0] _start_plan_and_wait (res://test/integration/test_campfire_example_smoke.gd:57)
WARNING: [GdPAI] ObjectRef(1382643928884): object was freed before callback; returning Nil.
   at: gdplanningai_rust::logger::process_logs (src\logger.rs:66)
   GDScript backtrace (most recent call first):
       [0] _start_plan_and_wait (res://test/integration/test_campfire_example_smoke.gd:57)
[GdPAI | debug] Discovery: Starting simulation for action Go To
WARNING: [GdPAI] ObjectRef(124621163998): object was freed before callback; returning Nil.
   at: gdplanningai_rust::logger::process_logs (src\logger.rs:66)
   GDScript backtrace (most recent call first):
       [0] _process (res://addons/GdPlanningAI/gdpai_autoload.gd:21)
[GdPAI | debug] GetCost: callable returned non-numeric value: null; returning INFINITY
WARNING: [GdPAI] ObjectRef(1382643928884): object was freed before callback; returning Nil.
   at: gdplanningai_rust::logger::process_logs (src\logger.rs:66)
   GDScript backtrace (most recent call first):
       [0] _process (res://addons/GdPlanningAI/gdpai_autoload.gd:21)
WARNING: [GdPAI] ObjectRef(1382643928884): object was freed before callback; returning Nil.
   at: gdplanningai_rust::logger::process_logs (src\logger.rs:66)
   GDScript backtrace (most recent call first):
       [0] _process (res://addons/GdPlanningAI/gdpai_autoload.gd:21)
[GdPAI | debug] GetCost: callable returned non-numeric value: null; returning INFINITY
WARNING: [GdPAI] ObjectRef(124621163998): object was freed before callback; returning Nil.
   at: gdplanningai_rust::logger::process_logs (src\logger.rs:66)
   GDScript backtrace (most recent call first):
       [0] _start_plan_and_wait (res://test/integration/test_campfire_example_smoke.gd:57)
[GdPAI | debug] ApplyEffect [Before] ID=InstanceId(-9223369471014449730): agent props = {"hunger": 70.0627442063492, "held_item": "", "entity": null}
[GdPAI | debug] ApplyEffect [After] ID=InstanceId(-9223369471014449730): agent props = {"hunger": 70.0627442063492, "held_item": "", "entity": null}
[GdPAI | debug]   Snapshotting prop: hunger = Float(70.0627442063492) (Variant type: FLOAT)
[GdPAI | debug]   Snapshotting prop: held_item = Str("") (Variant type: STRING)
[GdPAI | debug]   Snapshotting prop: entity = Nil (Variant type: NIL)
WARNING: [GdPAI] ObjectRef(1382643928884): object was freed before callback; returning Nil.
   at: gdplanningai_rust::logger::process_logs (src\logger.rs:66)
   GDScript backtrace (most recent call first):
       [0] _start_plan_and_wait (res://test/integration/test_campfire_example_smoke.gd:57)
WARNING: [GdPAI] ObjectRef(1382643928884): object was freed before callback; returning Nil.
   at: gdplanningai_rust::logger::process_logs (src\logger.rs:66)
   GDScript backtrace (most recent call first):
       [0] _start_plan_and_wait (res://test/integration/test_campfire_example_smoke.gd:57)
[GdPAI | debug] ApplyEffect [Before] ID=InstanceId(-9223369470444024386): agent props = {"entity": null, "held_item": "", "hunger": 95.0603725}
[GdPAI | debug] ApplyEffect [After] ID=InstanceId(-9223369470444024386): agent props = {"entity": null, "held_item": "", "hunger": 95.0603725}
[GdPAI | debug]   Snapshotting prop: entity = Nil (Variant type: NIL)
[GdPAI | debug]   Snapshotting prop: held_item = Str("") (Variant type: STRING)
[GdPAI | debug]   Snapshotting prop: hunger = Float(95.0603725) (Variant type: FLOAT)
[GdPAI | debug] Discovery: Simulation success for Go To. Agent props: {"held_item": Str(""), "entity": Nil, "hunger": Float(95.0603725)}
[GdPAI | debug] Discovery: Action Go To satisfied precond Builtin { target: Agent, operation: Equal, property_name: "held_item", value: Some(Str("")) }
[GdPAI | debug] Found candidate: Go To (satisfied preconds: [0], requirements: [0])
[GdPAI | debug] Discovery: Starting simulation for action Eat Held Food
WARNING: [GdPAI] ObjectRef(124621163998): object was freed before callback; returning Nil.
   at: gdplanningai_rust::logger::process_logs (src\logger.rs:66)
   GDScript backtrace (most recent call first):
       [0] _process (res://addons/GdPlanningAI/gdpai_autoload.gd:21)
WARNING: [GdPAI] ObjectRef(124134624705): object was freed before callback; returning Nil.
   at: gdplanningai_rust::logger::process_logs (src\logger.rs:66)
   GDScript backtrace (most recent call first):
       [0] _process (res://addons/GdPlanningAI/gdpai_autoload.gd:21)
WARNING: [GdPAI] ObjectRef(124134624705): object was freed before callback; returning Nil.
   at: gdplanningai_rust::logger::process_logs (src\logger.rs:66)
   GDScript backtrace (most recent call first):
       [0] _process (res://addons/GdPlanningAI/gdpai_autoload.gd:21)
[GdPAI | debug] GetCost: callable returned non-numeric value: null; returning INFINITY
WARNING: [GdPAI] ObjectRef(1382643928884): object was freed before callback; returning Nil.
   at: gdplanningai_rust::logger::process_logs (src\logger.rs:66)
   GDScript backtrace (most recent call first):
       [0] _process (res://addons/GdPlanningAI/gdpai_autoload.gd:21)
WARNING: [GdPAI] ObjectRef(1382643928884): object was freed before callback; returning Nil.
   at: gdplanningai_rust::logger::process_logs (src\logger.rs:66)
   GDScript backtrace (most recent call first):
       [0] _process (res://addons/GdPlanningAI/gdpai_autoload.gd:21)
[GdPAI | debug] GetCost: callable returned non-numeric value: null; returning INFINITY
WARNING: [GdPAI] ObjectRef(124621163998): object was freed before callback; returning Nil.
   at: gdplanningai_rust::logger::process_logs (src\logger.rs:66)
   GDScript backtrace (most recent call first):
       [0] _start_plan_and_wait (res://test/integration/test_campfire_example_smoke.gd:57)
WARNING: [GdPAI] ObjectRef(124134624705): object was freed before callback; returning Nil.
   at: gdplanningai_rust::logger::process_logs (src\logger.rs:66)
   GDScript backtrace (most recent call first):
       [0] _start_plan_and_wait (res://test/integration/test_campfire_example_smoke.gd:57)
WARNING: [GdPAI] ObjectRef(124134624705): object was freed before callback; returning Nil.
   at: gdplanningai_rust::logger::process_logs (src\logger.rs:66)
   GDScript backtrace (most recent call first):
       [0] _start_plan_and_wait (res://test/integration/test_campfire_example_smoke.gd:57)
[GdPAI | debug] ApplyEffect [Before] ID=InstanceId(-9223369468313317860): agent props = {"entity": null, "held_item": "", "at_target": null, "hunger": 70.0627442063492}
[GdPAI | debug] ApplyEffect [After] ID=InstanceId(-9223369468313317860): agent props = {"entity": null, "held_item": "", "at_target": null, "hunger": 70.0627442063492}
[GdPAI | debug]   Snapshotting prop: entity = Nil (Variant type: NIL)
[GdPAI | debug]   Snapshotting prop: held_item = Str("") (Variant type: STRING)
[GdPAI | debug]   Snapshotting prop: at_target = Nil (Variant type: NIL)
[GdPAI | debug]   Snapshotting prop: hunger = Float(70.0627442063492) (Variant type: FLOAT)
WARNING: [GdPAI] ObjectRef(1382643928884): object was freed before callback; returning Nil.
   at: gdplanningai_rust::logger::process_logs (src\logger.rs:66)
   GDScript backtrace (most recent call first):
       [0] _start_plan_and_wait (res://test/integration/test_campfire_example_smoke.gd:57)
WARNING: [GdPAI] ObjectRef(1382643928884): object was freed before callback; returning Nil.
   at: gdplanningai_rust::logger::process_logs (src\logger.rs:66)
   GDScript backtrace (most recent call first):
       [0] _start_plan_and_wait (res://test/integration/test_campfire_example_smoke.gd:57)
[GdPAI | debug] ApplyEffect [Before] ID=InstanceId(-9223369467742892516): agent props = {"hunger": 95.0603725, "held_item": "", "entity": null}
[GdPAI | debug] ApplyEffect [After] ID=InstanceId(-9223369467742892516): agent props = {"hunger": 95.0603725, "held_item": "", "entity": null}
[GdPAI | debug]   Snapshotting prop: hunger = Float(95.0603725) (Variant type: FLOAT)
[GdPAI | debug]   Snapshotting prop: held_item = Str("") (Variant type: STRING)
[GdPAI | debug]   Snapshotting prop: entity = Nil (Variant type: NIL)
[GdPAI | debug] Discovery: Simulation success for Eat Held Food. Agent props: {"held_item": Str(""), "entity": Nil, "hunger": Float(95.0603725)}
[GdPAI | debug] Discovery: Action Eat Held Food satisfied precond Builtin { target: Agent, operation: Equal, property_name: "held_item", value: Some(Str("")) }
[GdPAI | debug] Found candidate: Eat Held Food (satisfied preconds: [0], requirements: [])
WARNING: [GdPAI] ObjectRef(124621163998): object was freed before callback; returning Nil.
   at: gdplanningai_rust::logger::process_logs (src\logger.rs:66)
   GDScript backtrace (most recent call first):
       [0] _process (res://addons/GdPlanningAI/gdpai_autoload.gd:21)
WARNING: [GdPAI] ObjectRef(124134624705): object was freed before callback; returning Nil.
   at: gdplanningai_rust::logger::process_logs (src\logger.rs:66)
   GDScript backtrace (most recent call first):
       [0] _process (res://addons/GdPlanningAI/gdpai_autoload.gd:21)
WARNING: [GdPAI] ObjectRef(124134624705): object was freed before callback; returning Nil.
   at: gdplanningai_rust::logger::process_logs (src\logger.rs:66)
   GDScript backtrace (most recent call first):
       [0] _process (res://addons/GdPlanningAI/gdpai_autoload.gd:21)
[GdPAI | debug] GetCost: callable returned non-numeric value: null; returning INFINITY
WARNING: [GdPAI] ObjectRef(1382643928884): object was freed before callback; returning Nil.
   at: gdplanningai_rust::logger::process_logs (src\logger.rs:66)
   GDScript backtrace (most recent call first):
       [0] _process (res://addons/GdPlanningAI/gdpai_autoload.gd:21)
WARNING: [GdPAI] ObjectRef(1382643928884): object was freed before callback; returning Nil.
   at: gdplanningai_rust::logger::process_logs (src\logger.rs:66)
   GDScript backtrace (most recent call first):
       [0] _process (res://addons/GdPlanningAI/gdpai_autoload.gd:21)
[GdPAI | debug] Discovery: Starting simulation for action Go To
WARNING: [GdPAI] ObjectRef(124621163998): object was freed before callback; returning Nil.
   at: gdplanningai_rust::logger::process_logs (src\logger.rs:66)
   GDScript backtrace (most recent call first):
       [0] _start_plan_and_wait (res://test/integration/test_campfire_example_smoke.gd:57)
WARNING: [GdPAI] ObjectRef(124134624705): object was freed before callback; returning Nil.
   at: gdplanningai_rust::logger::process_logs (src\logger.rs:66)
   GDScript backtrace (most recent call first):
       [0] _start_plan_and_wait (res://test/integration/test_campfire_example_smoke.gd:57)
WARNING: [GdPAI] ObjectRef(124134624705): object was freed before callback; returning Nil.
   at: gdplanningai_rust::logger::process_logs (src\logger.rs:66)
   GDScript backtrace (most recent call first):
       [0] _start_plan_and_wait (res://test/integration/test_campfire_example_smoke.gd:57)
[GdPAI | debug] ApplyEffect [Before] ID=InstanceId(-9223369465511522763): agent props = {"entity": null, "at_target": null, "held_item": "", "hunger": 70.0627442063492}
[GdPAI | debug] ApplyEffect [After] ID=InstanceId(-9223369465511522763): agent props = {"entity": null, "at_target": null, "held_item": "", "hunger": 70.0627442063492}
[GdPAI | debug]   Snapshotting prop: entity = Nil (Variant type: NIL)
[GdPAI | debug]   Snapshotting prop: at_target = Nil (Variant type: NIL)
[GdPAI | debug]   Snapshotting prop: held_item = Str("") (Variant type: STRING)
[GdPAI | debug]   Snapshotting prop: hunger = Float(70.0627442063492) (Variant type: FLOAT)
WARNING: [GdPAI] ObjectRef(1382643928884): object was freed before callback; returning Nil.
   at: gdplanningai_rust::logger::process_logs (src\logger.rs:66)
   GDScript backtrace (most recent call first):
       [0] _start_plan_and_wait (res://test/integration/test_campfire_example_smoke.gd:57)
WARNING: [GdPAI] ObjectRef(1382643928884): object was freed before callback; returning Nil.
   at: gdplanningai_rust::logger::process_logs (src\logger.rs:66)
   GDScript backtrace (most recent call first):
       [0] _start_plan_and_wait (res://test/integration/test_campfire_example_smoke.gd:57)
[GdPAI | debug] GetCost: callable returned non-numeric value: null; returning INFINITY
WARNING: [GdPAI] ObjectRef(124621163998): object was freed before callback; returning Nil.
   at: gdplanningai_rust::logger::process_logs (src\logger.rs:66)
   GDScript backtrace (most recent call first):
       [0] _process (res://addons/GdPlanningAI/gdpai_autoload.gd:21)
[GdPAI | debug] GetCost: callable returned non-numeric value: null; returning INFINITY
WARNING: [GdPAI] ObjectRef(1382643928884): object was freed before callback; returning Nil.
   at: gdplanningai_rust::logger::process_logs (src\logger.rs:66)
   GDScript backtrace (most recent call first):
       [0] _process (res://addons/GdPlanningAI/gdpai_autoload.gd:21)
WARNING: [GdPAI] ObjectRef(1382643928884): object was freed before callback; returning Nil.
   at: gdplanningai_rust::logger::process_logs (src\logger.rs:66)
   GDScript backtrace (most recent call first):
       [0] _process (res://addons/GdPlanningAI/gdpai_autoload.gd:21)
[GdPAI | debug] ApplyEffect [Before] ID=InstanceId(-9223369463531811282): agent props = {"entity": null, "hunger": 95.0603725, "held_item": ""}
[GdPAI | debug] ApplyEffect [After] ID=InstanceId(-9223369463531811282): agent props = {"entity": null, "hunger": 95.0603725, "held_item": ""}
[GdPAI | debug]   Snapshotting prop: entity = Nil (Variant type: NIL)
[GdPAI | debug]   Snapshotting prop: hunger = Float(95.0603725) (Variant type: FLOAT)
[GdPAI | debug]   Snapshotting prop: held_item = Str("") (Variant type: STRING)
[GdPAI | debug] Discovery: Simulation success for Go To. Agent props: {"hunger": Float(95.0603725), "held_item": Str(""), "entity": Nil}
[GdPAI | debug] Discovery: Action Go To satisfied precond Builtin { target: Agent, operation: Equal, property_name: "held_item", value: Some(Str("")) }
[GdPAI | debug] Found candidate: Go To (satisfied preconds: [0], requirements: [0])
[GdPAI | debug] Discovery: Starting simulation for action Drop Item
WARNING: [GdPAI] ObjectRef(124621163998): object was freed before callback; returning Nil.
   at: gdplanningai_rust::logger::process_logs (src\logger.rs:66)
   GDScript backtrace (most recent call first):
       [0] _start_plan_and_wait (res://test/integration/test_campfire_example_smoke.gd:57)
[GdPAI | debug] ApplyEffect [Before] ID=InstanceId(-9223369462810390974): agent props = {"held_item": "wood", "hunger": 70.0627442063492, "entity": null, "at_target": null}
[GdPAI | debug] ApplyEffect [After] ID=InstanceId(-9223369462810390974): agent props = {"held_item": "wood", "hunger": 70.0627442063492, "entity": null, "at_target": null}
[GdPAI | debug]   Snapshotting prop: held_item = Str("wood") (Variant type: STRING)
[GdPAI | debug]   Snapshotting prop: hunger = Float(70.0627442063492) (Variant type: FLOAT)
[GdPAI | debug]   Snapshotting prop: entity = Nil (Variant type: NIL)
[GdPAI | debug]   Snapshotting prop: at_target = Nil (Variant type: NIL)
WARNING: [GdPAI] ObjectRef(1382643928884): object was freed before callback; returning Nil.
   at: gdplanningai_rust::logger::process_logs (src\logger.rs:66)
   GDScript backtrace (most recent call first):
       [0] _start_plan_and_wait (res://test/integration/test_campfire_example_smoke.gd:57)
WARNING: [GdPAI] ObjectRef(1382643928884): object was freed before callback; returning Nil.
   at: gdplanningai_rust::logger::process_logs (src\logger.rs:66)
   GDScript backtrace (most recent call first):
       [0] _start_plan_and_wait (res://test/integration/test_campfire_example_smoke.gd:57)
[GdPAI | debug] GetCost: callable returned non-numeric value: null; returning INFINITY
WARNING: [GdPAI] ObjectRef(124621163998): object was freed before callback; returning Nil.
   at: gdplanningai_rust::logger::process_logs (src\logger.rs:66)
   GDScript backtrace (most recent call first):
       [0] _process (res://addons/GdPlanningAI/gdpai_autoload.gd:21)
WARNING: [GdPAI] ObjectRef(124621163998): object was freed before callback; returning Nil.
   at: gdplanningai_rust::logger::process_logs (src\logger.rs:66)
   GDScript backtrace (most recent call first):
       [0] _process (res://addons/GdPlanningAI/gdpai_autoload.gd:21)
[GdPAI | debug] GetCost: callable returned non-numeric value: null; returning INFINITY
WARNING: [GdPAI] ObjectRef(1382643928884): object was freed before callback; returning Nil.
   at: gdplanningai_rust::logger::process_logs (src\logger.rs:66)
   GDScript backtrace (most recent call first):
       [0] _process (res://addons/GdPlanningAI/gdpai_autoload.gd:21)
WARNING: [GdPAI] ObjectRef(1382643928884): object was freed before callback; returning Nil.
   at: gdplanningai_rust::logger::process_logs (src\logger.rs:66)
   GDScript backtrace (most recent call first):
       [0] _process (res://addons/GdPlanningAI/gdpai_autoload.gd:21)
[GdPAI | debug] ApplyEffect [Before] ID=InstanceId(-9223369460931342772): agent props = {"hunger": 95.0603725, "entity": null, "held_item": ""}
[GdPAI | debug] ApplyEffect [After] ID=InstanceId(-9223369460931342772): agent props = {"hunger": 95.0603725, "entity": null, "held_item": ""}
[GdPAI | debug]   Snapshotting prop: hunger = Float(95.0603725) (Variant type: FLOAT)
[GdPAI | debug]   Snapshotting prop: entity = Nil (Variant type: NIL)
[GdPAI | debug]   Snapshotting prop: held_item = Str("") (Variant type: STRING)
[GdPAI | debug] Discovery: Simulation success for Drop Item. Agent props: {"entity": Nil, "held_item": Str(""), "hunger": Float(95.0603725)}
[GdPAI | debug] Discovery: Action Drop Item satisfied precond Builtin { target: Agent, operation: Equal, property_name: "held_item", value: Some(Str("")) }
[GdPAI | debug] Found candidate: Drop Item (satisfied preconds: [0], requirements: [])
[GdPAI | debug] Discovery: Starting simulation for action Add Fuel
WARNING: [GdPAI] ObjectRef(124621163998): object was freed before callback; returning Nil.
   at: gdplanningai_rust::logger::process_logs (src\logger.rs:66)
   GDScript backtrace (most recent call first):
       [0] _start_plan_and_wait (res://test/integration/test_campfire_example_smoke.gd:57)
WARNING: [GdPAI] ObjectRef(124621163998): object was freed before callback; returning Nil.
   at: gdplanningai_rust::logger::process_logs (src\logger.rs:66)
   GDScript backtrace (most recent call first):
       [0] _start_plan_and_wait (res://test/integration/test_campfire_example_smoke.gd:57)
[GdPAI | debug] ApplyEffect [Before] ID=InstanceId(-9223369460159590818): agent props = {"held_item": "", "hunger": 70.0627442063492, "entity": null}
[GdPAI | debug] ApplyEffect [After] ID=InstanceId(-9223369460159590818): agent props = {"held_item": "", "hunger": 70.0627442063492, "entity": null}
[GdPAI | debug]   Snapshotting prop: held_item = Str("") (Variant type: STRING)
[GdPAI | debug]   Snapshotting prop: hunger = Float(70.0627442063492) (Variant type: FLOAT)
[GdPAI | debug]   Snapshotting prop: entity = Nil (Variant type: NIL)
WARNING: [GdPAI] ObjectRef(1382643928884): object was freed before callback; returning Nil.
   at: gdplanningai_rust::logger::process_logs (src\logger.rs:66)
   GDScript backtrace (most recent call first):
       [0] _start_plan_and_wait (res://test/integration/test_campfire_example_smoke.gd:57)
WARNING: [GdPAI] ObjectRef(1382643928884): object was freed before callback; returning Nil.
   at: gdplanningai_rust::logger::process_logs (src\logger.rs:66)
   GDScript backtrace (most recent call first):
       [0] _start_plan_and_wait (res://test/integration/test_campfire_example_smoke.gd:57)
[GdPAI | debug] GetCost: callable returned non-numeric value: null; returning INFINITY
WARNING: [GdPAI] ObjectRef(124621163998): object was freed before callback; returning Nil.
   at: gdplanningai_rust::logger::process_logs (src\logger.rs:66)
   GDScript backtrace (most recent call first):
       [0] _process (res://addons/GdPlanningAI/gdpai_autoload.gd:21)
[GdPAI | debug] GetCost: callable returned non-numeric value: null; returning INFINITY
WARNING: [GdPAI] ObjectRef(1382643928884): object was freed before callback; returning Nil.
   at: gdplanningai_rust::logger::process_logs (src\logger.rs:66)
   GDScript backtrace (most recent call first):
       [0] _process (res://addons/GdPlanningAI/gdpai_autoload.gd:21)
WARNING: [GdPAI] ObjectRef(1382643928884): object was freed before callback; returning Nil.
   at: gdplanningai_rust::logger::process_logs (src\logger.rs:66)
   GDScript backtrace (most recent call first):
       [0] _process (res://addons/GdPlanningAI/gdpai_autoload.gd:21)
[GdPAI | debug] ApplyEffect [Before] ID=InstanceId(-9223369458230210972): agent props = {"held_item": "wood", "entity": null, "hunger": 95.0603725}
[GdPAI | debug] ApplyEffect [After] ID=InstanceId(-9223369458230210972): agent props = {"held_item": "wood", "entity": null, "hunger": 95.0603725}
[GdPAI | debug]   Snapshotting prop: held_item = Str("wood") (Variant type: STRING)
[GdPAI | debug]   Snapshotting prop: entity = Nil (Variant type: NIL)
[GdPAI | debug]   Snapshotting prop: hunger = Float(95.0603725) (Variant type: FLOAT)
[GdPAI | debug] Discovery: Simulation success for Add Fuel. Agent props: {"entity": Nil, "held_item": Str("wood"), "hunger": Float(95.0603725)}
[GdPAI | debug] Discovery: Action Add Fuel did NOT satisfy precond Builtin { target: Agent, operation: Equal, property_name: "held_item", value: Some(Str("")) }
WARNING: [GdPAI] ObjectRef(124621163998): object was freed before callback; returning Nil.
   at: gdplanningai_rust::logger::process_logs (src\logger.rs:66)
   GDScript backtrace (most recent call first):
       [0] _start_plan_and_wait (res://test/integration/test_campfire_example_smoke.gd:57)
[GdPAI | debug] ApplyEffect [Before] ID=InstanceId(-9223369457508790675): agent props = {"held_item": "", "hunger": 70.0627442063492, "entity": null}
[GdPAI | debug] ApplyEffect [After] ID=InstanceId(-9223369457508790675): agent props = {"held_item": "", "hunger": 70.0627442063492, "entity": null}
[GdPAI | debug]   Snapshotting prop: held_item = Str("") (Variant type: STRING)
[GdPAI | debug]   Snapshotting prop: hunger = Float(70.0627442063492) (Variant type: FLOAT)
[GdPAI | debug]   Snapshotting prop: entity = Nil (Variant type: NIL)
WARNING: [GdPAI] ObjectRef(1382643928884): object was freed before callback; returning Nil.
   at: gdplanningai_rust::logger::process_logs (src\logger.rs:66)
   GDScript backtrace (most recent call first):
       [0] _start_plan_and_wait (res://test/integration/test_campfire_example_smoke.gd:57)
WARNING: [GdPAI] ObjectRef(1382643928884): object was freed before callback; returning Nil.
   at: gdplanningai_rust::logger::process_logs (src\logger.rs:66)
   GDScript backtrace (most recent call first):
       [0] _start_plan_and_wait (res://test/integration/test_campfire_example_smoke.gd:57)
[GdPAI | debug] Discovery: Action Cook Potato failed validity check, skipping
[GdPAI | debug] Discovery: Starting simulation for action Pick Up Wood
WARNING: [GdPAI] ObjectRef(124621163998): object was freed before callback; returning Nil.
   at: gdplanningai_rust::logger::process_logs (src\logger.rs:66)
   GDScript backtrace (most recent call first):
       [0] _process (res://addons/GdPlanningAI/gdpai_autoload.gd:21)
[GdPAI | debug] GetCost: callable returned non-numeric value: null; returning INFINITY
WARNING: [GdPAI] ObjectRef(1382643928884): object was freed before callback; returning Nil.
   at: gdplanningai_rust::logger::process_logs (src\logger.rs:66)
   GDScript backtrace (most recent call first):
       [0] _process (res://addons/GdPlanningAI/gdpai_autoload.gd:21)
WARNING: [GdPAI] ObjectRef(1382643928884): object was freed before callback; returning Nil.
   at: gdplanningai_rust::logger::process_logs (src\logger.rs:66)
   GDScript backtrace (most recent call first):
       [0] _process (res://addons/GdPlanningAI/gdpai_autoload.gd:21)
[GdPAI | debug] GetCost: callable returned non-numeric value: null; returning INFINITY
WARNING: [GdPAI] ObjectRef(124621163998): object was freed before callback; returning Nil.
   at: gdplanningai_rust::logger::process_logs (src\logger.rs:66)
   GDScript backtrace (most recent call first):
       [0] _start_plan_and_wait (res://test/integration/test_campfire_example_smoke.gd:57)
[GdPAI | debug] ApplyEffect [Before] ID=InstanceId(-9223369454908322225): agent props = {"hunger": 70.0627442063492, "held_item": "", "entity": null}
[GdPAI | debug] ApplyEffect [After] ID=InstanceId(-9223369454908322225): agent props = {"hunger": 70.0627442063492, "held_item": "", "entity": null}
[GdPAI | debug]   Snapshotting prop: hunger = Float(70.0627442063492) (Variant type: FLOAT)
[GdPAI | debug]   Snapshotting prop: held_item = Str("") (Variant type: STRING)
[GdPAI | debug]   Snapshotting prop: entity = Nil (Variant type: NIL)
WARNING: [GdPAI] ObjectRef(1382643928884): object was freed before callback; returning Nil.
   at: gdplanningai_rust::logger::process_logs (src\logger.rs:66)
   GDScript backtrace (most recent call first):
       [0] _start_plan_and_wait (res://test/integration/test_campfire_example_smoke.gd:57)
WARNING: [GdPAI] ObjectRef(1382643928884): object was freed before callback; returning Nil.
   at: gdplanningai_rust::logger::process_logs (src\logger.rs:66)
   GDScript backtrace (most recent call first):
       [0] _start_plan_and_wait (res://test/integration/test_campfire_example_smoke.gd:57)
[GdPAI | debug] ApplyEffect [Before] ID=InstanceId(-9223369454337896881): agent props = {"held_item": "", "hunger": 95.0603725, "entity": null}
[GdPAI | debug] ApplyEffect [After] ID=InstanceId(-9223369454337896881): agent props = {"held_item": "", "hunger": 95.0603725, "entity": null}
[GdPAI | debug]   Snapshotting prop: held_item = Str("") (Variant type: STRING)
[GdPAI | debug]   Snapshotting prop: hunger = Float(95.0603725) (Variant type: FLOAT)
[GdPAI | debug]   Snapshotting prop: entity = Nil (Variant type: NIL)
[GdPAI | debug] Discovery: Simulation success for Pick Up Wood. Agent props: {"hunger": Float(95.0603725), "held_item": Str(""), "entity": Nil}
[GdPAI | debug] Discovery: Action Pick Up Wood satisfied precond Builtin { target: Agent, operation: Equal, property_name: "held_item", value: Some(Str("")) }
[GdPAI | debug] Found candidate: Pick Up Wood (satisfied preconds: [0], requirements: [])
[GdPAI | debug] Discovery: Starting simulation for action Pick Up Wood
WARNING: [GdPAI] ObjectRef(124621163998): object was freed before callback; returning Nil.
   at: gdplanningai_rust::logger::process_logs (src\logger.rs:66)
   GDScript backtrace (most recent call first):
       [0] _process (res://addons/GdPlanningAI/gdpai_autoload.gd:21)
WARNING: [GdPAI] ObjectRef(124134624705): object was freed before callback; returning Nil.
   at: gdplanningai_rust::logger::process_logs (src\logger.rs:66)
   GDScript backtrace (most recent call first):
       [0] _process (res://addons/GdPlanningAI/gdpai_autoload.gd:21)
WARNING: [GdPAI] ObjectRef(124134624705): object was freed before callback; returning Nil.
   at: gdplanningai_rust::logger::process_logs (src\logger.rs:66)
   GDScript backtrace (most recent call first):
       [0] _process (res://addons/GdPlanningAI/gdpai_autoload.gd:21)
[GdPAI | debug] GetCost: callable returned non-numeric value: null; returning INFINITY
WARNING: [GdPAI] ObjectRef(1382643928884): object was freed before callback; returning Nil.
   at: gdplanningai_rust::logger::process_logs (src\logger.rs:66)
   GDScript backtrace (most recent call first):
       [0] _process (res://addons/GdPlanningAI/gdpai_autoload.gd:21)
WARNING: [GdPAI] ObjectRef(1382643928884): object was freed before callback; returning Nil.
   at: gdplanningai_rust::logger::process_logs (src\logger.rs:66)
   GDScript backtrace (most recent call first):
       [0] _process (res://addons/GdPlanningAI/gdpai_autoload.gd:21)
[GdPAI | debug] GetCost: callable returned non-numeric value: null; returning INFINITY
WARNING: [GdPAI] ObjectRef(124621163998): object was freed before callback; returning Nil.
   at: gdplanningai_rust::logger::process_logs (src\logger.rs:66)
   GDScript backtrace (most recent call first):
       [0] _start_plan_and_wait (res://test/integration/test_campfire_example_smoke.gd:57)
WARNING: [GdPAI] ObjectRef(124134624705): object was freed before callback; returning Nil.
   at: gdplanningai_rust::logger::process_logs (src\logger.rs:66)
   GDScript backtrace (most recent call first):
       [0] _start_plan_and_wait (res://test/integration/test_campfire_example_smoke.gd:57)
WARNING: [GdPAI] ObjectRef(124134624705): object was freed before callback; returning Nil.
   at: gdplanningai_rust::logger::process_logs (src\logger.rs:66)
   GDScript backtrace (most recent call first):
       [0] _start_plan_and_wait (res://test/integration/test_campfire_example_smoke.gd:57)
[GdPAI | debug] ApplyEffect [Before] ID=InstanceId(-9223369452207190405): agent props = {"at_target": null, "hunger": 70.0627442063492, "held_item": "", "entity": null}
[GdPAI | debug] ApplyEffect [After] ID=InstanceId(-9223369452207190405): agent props = {"at_target": null, "hunger": 70.0627442063492, "held_item": "", "entity": null}
[GdPAI | debug]   Snapshotting prop: at_target = Nil (Variant type: NIL)
[GdPAI | debug]   Snapshotting prop: hunger = Float(70.0627442063492) (Variant type: FLOAT)
[GdPAI | debug]   Snapshotting prop: held_item = Str("") (Variant type: STRING)
[GdPAI | debug]   Snapshotting prop: entity = Nil (Variant type: NIL)
WARNING: [GdPAI] ObjectRef(1382643928884): object was freed before callback; returning Nil.
   at: gdplanningai_rust::logger::process_logs (src\logger.rs:66)
   GDScript backtrace (most recent call first):
       [0] _start_plan_and_wait (res://test/integration/test_campfire_example_smoke.gd:57)
WARNING: [GdPAI] ObjectRef(1382643928884): object was freed before callback; returning Nil.
   at: gdplanningai_rust::logger::process_logs (src\logger.rs:66)
   GDScript backtrace (most recent call first):
       [0] _start_plan_and_wait (res://test/integration/test_campfire_example_smoke.gd:57)
[GdPAI | debug] ApplyEffect [Before] ID=InstanceId(-9223369451636765061): agent props = {"hunger": 95.0603725, "held_item": "", "entity": null}
[GdPAI | debug] ApplyEffect [After] ID=InstanceId(-9223369451636765061): agent props = {"hunger": 95.0603725, "held_item": "", "entity": null}
[GdPAI | debug]   Snapshotting prop: hunger = Float(95.0603725) (Variant type: FLOAT)
[GdPAI | debug]   Snapshotting prop: held_item = Str("") (Variant type: STRING)
[GdPAI | debug]   Snapshotting prop: entity = Nil (Variant type: NIL)
[GdPAI | debug] Discovery: Simulation success for Pick Up Wood. Agent props: {"hunger": Float(95.0603725), "entity": Nil, "held_item": Str("")}
[GdPAI | debug] Discovery: Action Pick Up Wood satisfied precond Builtin { target: Agent, operation: Equal, property_name: "held_item", value: Some(Str("")) }
[GdPAI | debug] Found candidate: Pick Up Wood (satisfied preconds: [0], requirements: [])
[GdPAI | debug] Discovery: Starting simulation for action Pick Up Wood
WARNING: [GdPAI] ObjectRef(124621163998): object was freed before callback; returning Nil.
   at: gdplanningai_rust::logger::process_logs (src\logger.rs:66)
   GDScript backtrace (most recent call first):
       [0] _process (res://addons/GdPlanningAI/gdpai_autoload.gd:21)
WARNING: [GdPAI] ObjectRef(124134624705): object was freed before callback; returning Nil.
   at: gdplanningai_rust::logger::process_logs (src\logger.rs:66)
   GDScript backtrace (most recent call first):
       [0] _process (res://addons/GdPlanningAI/gdpai_autoload.gd:21)
WARNING: [GdPAI] ObjectRef(124134624705): object was freed before callback; returning Nil.
   at: gdplanningai_rust::logger::process_logs (src\logger.rs:66)
   GDScript backtrace (most recent call first):
       [0] _process (res://addons/GdPlanningAI/gdpai_autoload.gd:21)
[GdPAI | debug] GetCost: callable returned non-numeric value: null; returning INFINITY
WARNING: [GdPAI] ObjectRef(1382643928884): object was freed before callback; returning Nil.
   at: gdplanningai_rust::logger::process_logs (src\logger.rs:66)
   GDScript backtrace (most recent call first):
       [0] _process (res://addons/GdPlanningAI/gdpai_autoload.gd:21)
WARNING: [GdPAI] ObjectRef(1382643928884): object was freed before callback; returning Nil.
   at: gdplanningai_rust::logger::process_logs (src\logger.rs:66)
   GDScript backtrace (most recent call first):
       [0] _process (res://addons/GdPlanningAI/gdpai_autoload.gd:21)
[GdPAI | debug] GetCost: callable returned non-numeric value: null; returning INFINITY
WARNING: [GdPAI] ObjectRef(124621163998): object was freed before callback; returning Nil.
   at: gdplanningai_rust::logger::process_logs (src\logger.rs:66)
   GDScript backtrace (most recent call first):
       [0] _start_plan_and_wait (res://test/integration/test_campfire_example_smoke.gd:57)
WARNING: [GdPAI] ObjectRef(124134624705): object was freed before callback; returning Nil.
   at: gdplanningai_rust::logger::process_logs (src\logger.rs:66)
   GDScript backtrace (most recent call first):
       [0] _start_plan_and_wait (res://test/integration/test_campfire_example_smoke.gd:57)
WARNING: [GdPAI] ObjectRef(124134624705): object was freed before callback; returning Nil.
   at: gdplanningai_rust::logger::process_logs (src\logger.rs:66)
   GDScript backtrace (most recent call first):
       [0] _start_plan_and_wait (res://test/integration/test_campfire_example_smoke.gd:57)
[GdPAI | debug] ApplyEffect [Before] ID=InstanceId(-9223369449405395261): agent props = {"hunger": 70.0627442063492, "entity": null, "at_target": null, "held_item": ""}
[GdPAI | debug] ApplyEffect [After] ID=InstanceId(-9223369449405395261): agent props = {"hunger": 70.0627442063492, "entity": null, "at_target": null, "held_item": ""}
[GdPAI | debug]   Snapshotting prop: hunger = Float(70.0627442063492) (Variant type: FLOAT)
[GdPAI | debug]   Snapshotting prop: entity = Nil (Variant type: NIL)
[GdPAI | debug]   Snapshotting prop: at_target = Nil (Variant type: NIL)
[GdPAI | debug]   Snapshotting prop: held_item = Str("") (Variant type: STRING)
WARNING: [GdPAI] ObjectRef(1382643928884): object was freed before callback; returning Nil.
   at: gdplanningai_rust::logger::process_logs (src\logger.rs:66)
   GDScript backtrace (most recent call first):
       [0] _start_plan_and_wait (res://test/integration/test_campfire_example_smoke.gd:57)
WARNING: [GdPAI] ObjectRef(1382643928884): object was freed before callback; returning Nil.
   at: gdplanningai_rust::logger::process_logs (src\logger.rs:66)
   GDScript backtrace (most recent call first):
       [0] _start_plan_and_wait (res://test/integration/test_campfire_example_smoke.gd:57)
[GdPAI | debug] ApplyEffect [Before] ID=InstanceId(-9223369448834969917): agent props = {"held_item": "", "hunger": 95.0603725, "entity": null}
[GdPAI | debug] ApplyEffect [After] ID=InstanceId(-9223369448834969917): agent props = {"held_item": "", "hunger": 95.0603725, "entity": null}
[GdPAI | debug]   Snapshotting prop: held_item = Str("") (Variant type: STRING)
[GdPAI | debug]   Snapshotting prop: hunger = Float(95.0603725) (Variant type: FLOAT)
[GdPAI | debug]   Snapshotting prop: entity = Nil (Variant type: NIL)
[GdPAI | debug] Discovery: Simulation success for Pick Up Wood. Agent props: {"entity": Nil, "held_item": Str(""), "hunger": Float(95.0603725)}
[GdPAI | debug] Discovery: Action Pick Up Wood satisfied precond Builtin { target: Agent, operation: Equal, property_name: "held_item", value: Some(Str("")) }
[GdPAI | debug] Found candidate: Pick Up Wood (satisfied preconds: [0], requirements: [])
[GdPAI | debug] Discovery: Starting simulation for action Pick Up Wood
WARNING: [GdPAI] ObjectRef(124621163998): object was freed before callback; returning Nil.
   at: gdplanningai_rust::logger::process_logs (src\logger.rs:66)
   GDScript backtrace (most recent call first):
       [0] _process (res://addons/GdPlanningAI/gdpai_autoload.gd:21)
[GdPAI | debug] GetCost: callable returned non-numeric value: null; returning INFINITY
WARNING: [GdPAI] ObjectRef(1382643928884): object was freed before callback; returning Nil.
   at: gdplanningai_rust::logger::process_logs (src\logger.rs:66)
   GDScript backtrace (most recent call first):
       [0] _process (res://addons/GdPlanningAI/gdpai_autoload.gd:21)
WARNING: [GdPAI] ObjectRef(1382643928884): object was freed before callback; returning Nil.
   at: gdplanningai_rust::logger::process_logs (src\logger.rs:66)
   GDScript backtrace (most recent call first):
       [0] _process (res://addons/GdPlanningAI/gdpai_autoload.gd:21)
[GdPAI | debug] GetCost: callable returned non-numeric value: null; returning INFINITY
WARNING: [GdPAI] ObjectRef(124621163998): object was freed before callback; returning Nil.
   at: gdplanningai_rust::logger::process_logs (src\logger.rs:66)
   GDScript backtrace (most recent call first):
       [0] _start_plan_and_wait (res://test/integration/test_campfire_example_smoke.gd:57)
[GdPAI | debug] ApplyEffect [Before] ID=InstanceId(-9223369446704263509): agent props = {"entity": null, "at_target": null, "held_item": "wood", "hunger": 70.0627442063492}
[GdPAI | debug] ApplyEffect [After] ID=InstanceId(-9223369446704263509): agent props = {"entity": null, "at_target": null, "held_item": "wood", "hunger": 70.0627442063492}
[GdPAI | debug]   Snapshotting prop: entity = Nil (Variant type: NIL)
[GdPAI | debug]   Snapshotting prop: at_target = Nil (Variant type: NIL)
[GdPAI | debug]   Snapshotting prop: held_item = Str("wood") (Variant type: STRING)
[GdPAI | debug]   Snapshotting prop: hunger = Float(70.0627442063492) (Variant type: FLOAT)
WARNING: [GdPAI] ObjectRef(1382643928884): object was freed before callback; returning Nil.
   at: gdplanningai_rust::logger::process_logs (src\logger.rs:66)
   GDScript backtrace (most recent call first):
       [0] _start_plan_and_wait (res://test/integration/test_campfire_example_smoke.gd:57)
WARNING: [GdPAI] ObjectRef(1382643928884): object was freed before callback; returning Nil.
   at: gdplanningai_rust::logger::process_logs (src\logger.rs:66)
   GDScript backtrace (most recent call first):
       [0] _start_plan_and_wait (res://test/integration/test_campfire_example_smoke.gd:57)
[GdPAI | debug] ApplyEffect [Before] ID=InstanceId(-9223369446133838165): agent props = {"hunger": 95.0603725, "entity": null, "held_item": ""}
[GdPAI | debug] ApplyEffect [After] ID=InstanceId(-9223369446133838165): agent props = {"hunger": 95.0603725, "entity": null, "held_item": ""}
[GdPAI | debug]   Snapshotting prop: hunger = Float(95.0603725) (Variant type: FLOAT)
[GdPAI | debug]   Snapshotting prop: entity = Nil (Variant type: NIL)
[GdPAI | debug]   Snapshotting prop: held_item = Str("") (Variant type: STRING)
[GdPAI | debug] Discovery: Simulation success for Pick Up Wood. Agent props: {"hunger": Float(95.0603725), "held_item": Str(""), "entity": Nil}
[GdPAI | debug] Discovery: Action Pick Up Wood satisfied precond Builtin { target: Agent, operation: Equal, property_name: "held_item", value: Some(Str("")) }
[GdPAI | debug] Found candidate: Pick Up Wood (satisfied preconds: [0], requirements: [])
WARNING: [GdPAI] ObjectRef(124621163998): object was freed before callback; returning Nil.
   at: gdplanningai_rust::logger::process_logs (src\logger.rs:66)
   GDScript backtrace (most recent call first):
       [0] _process (res://addons/GdPlanningAI/gdpai_autoload.gd:21)
WARNING: [GdPAI] ObjectRef(124621163998): object was freed before callback; returning Nil.
   at: gdplanningai_rust::logger::process_logs (src\logger.rs:66)
   GDScript backtrace (most recent call first):
       [0] _process (res://addons/GdPlanningAI/gdpai_autoload.gd:21)
[GdPAI | debug] GetCost: callable returned non-numeric value: null; returning INFINITY
WARNING: [GdPAI] ObjectRef(1382643928884): object was freed before callback; returning Nil.
   at: gdplanningai_rust::logger::process_logs (src\logger.rs:66)
   GDScript backtrace (most recent call first):
       [0] _process (res://addons/GdPlanningAI/gdpai_autoload.gd:21)
WARNING: [GdPAI] ObjectRef(1382643928884): object was freed before callback; returning Nil.
   at: gdplanningai_rust::logger::process_logs (src\logger.rs:66)
   GDScript backtrace (most recent call first):
       [0] _process (res://addons/GdPlanningAI/gdpai_autoload.gd:21)
[GdPAI | debug] Discovery: Action Dig Potato failed validity check, skipping
WARNING: [GdPAI] ObjectRef(124621163998): object was freed before callback; returning Nil.
   at: gdplanningai_rust::logger::process_logs (src\logger.rs:66)
   GDScript backtrace (most recent call first):
       [0] _start_plan_and_wait (res://test/integration/test_campfire_example_smoke.gd:57)
WARNING: [GdPAI] ObjectRef(124621163998): object was freed before callback; returning Nil.
   at: gdplanningai_rust::logger::process_logs (src\logger.rs:66)
   GDScript backtrace (most recent call first):
       [0] _start_plan_and_wait (res://test/integration/test_campfire_example_smoke.gd:57)
[GdPAI | debug] ApplyEffect [Before] ID=InstanceId(-9223369444053463324): agent props = {"entity": null, "hunger": 70.0627442063492, "held_item": ""}
[GdPAI | debug] ApplyEffect [After] ID=InstanceId(-9223369444053463324): agent props = {"entity": null, "hunger": 70.0627442063492, "held_item": ""}
[GdPAI | debug]   Snapshotting prop: entity = Nil (Variant type: NIL)
[GdPAI | debug]   Snapshotting prop: hunger = Float(70.0627442063492) (Variant type: FLOAT)
[GdPAI | debug]   Snapshotting prop: held_item = Str("") (Variant type: STRING)
WARNING: [GdPAI] ObjectRef(1382643928884): object was freed before callback; returning Nil.
   at: gdplanningai_rust::logger::process_logs (src\logger.rs:66)
   GDScript backtrace (most recent call first):
       [0] _start_plan_and_wait (res://test/integration/test_campfire_example_smoke.gd:57)
WARNING: [GdPAI] ObjectRef(1382643928884): object was freed before callback; returning Nil.
   at: gdplanningai_rust::logger::process_logs (src\logger.rs:66)
   GDScript backtrace (most recent call first):
       [0] _start_plan_and_wait (res://test/integration/test_campfire_example_smoke.gd:57)
[GdPAI | debug] Discovery: Action Dig Potato failed validity check, skipping
WARNING: [GdPAI] ObjectRef(124621163998): object was freed before callback; returning Nil.
   at: gdplanningai_rust::logger::process_logs (src\logger.rs:66)
   GDScript backtrace (most recent call first):
       [0] _process (res://addons/GdPlanningAI/gdpai_autoload.gd:21)
[GdPAI | debug] GetCost: callable returned non-numeric value: null; returning INFINITY
WARNING: [GdPAI] ObjectRef(1382643928884): object was freed before callback; returning Nil.
   at: gdplanningai_rust::logger::process_logs (src\logger.rs:66)
   GDScript backtrace (most recent call first):
       [0] _process (res://addons/GdPlanningAI/gdpai_autoload.gd:21)
WARNING: [GdPAI] ObjectRef(1382643928884): object was freed before callback; returning Nil.
   at: gdplanningai_rust::logger::process_logs (src\logger.rs:66)
   GDScript backtrace (most recent call first):
       [0] _process (res://addons/GdPlanningAI/gdpai_autoload.gd:21)
[GdPAI | debug] Discovery: Action Dig Potato failed validity check, skipping
WARNING: [GdPAI] ObjectRef(124621163998): object was freed before callback; returning Nil.
   at: gdplanningai_rust::logger::process_logs (src\logger.rs:66)
   GDScript backtrace (most recent call first):
       [0] _start_plan_and_wait (res://test/integration/test_campfire_example_smoke.gd:57)
[GdPAI | debug] ApplyEffect [Before] ID=InstanceId(-9223369441402663165): agent props = {"held_item": "", "hunger": 70.0627442063492, "entity": null}
[GdPAI | debug] ApplyEffect [After] ID=InstanceId(-9223369441402663165): agent props = {"held_item": "", "hunger": 70.0627442063492, "entity": null}
[GdPAI | debug]   Snapshotting prop: held_item = Str("") (Variant type: STRING)
[GdPAI | debug]   Snapshotting prop: hunger = Float(70.0627442063492) (Variant type: FLOAT)
[GdPAI | debug]   Snapshotting prop: entity = Nil (Variant type: NIL)
WARNING: [GdPAI] ObjectRef(1382643928884): object was freed before callback; returning Nil.
   at: gdplanningai_rust::logger::process_logs (src\logger.rs:66)
   GDScript backtrace (most recent call first):
       [0] _start_plan_and_wait (res://test/integration/test_campfire_example_smoke.gd:57)
WARNING: [GdPAI] ObjectRef(1382643928884): object was freed before callback; returning Nil.
   at: gdplanningai_rust::logger::process_logs (src\logger.rs:66)
   GDScript backtrace (most recent call first):
       [0] _start_plan_and_wait (res://test/integration/test_campfire_example_smoke.gd:57)
[GdPAI | debug] Discovery: Action Dig Potato failed validity check, skipping
WARNING: [GdPAI] ObjectRef(124621163998): object was freed before callback; returning Nil.
   at: gdplanningai_rust::logger::process_logs (src\logger.rs:66)
   GDScript backtrace (most recent call first):
       [0] _process (res://addons/GdPlanningAI/gdpai_autoload.gd:21)
[GdPAI | debug] GetCost: callable returned non-numeric value: null; returning INFINITY
WARNING: [GdPAI] ObjectRef(1382643928884): object was freed before callback; returning Nil.
   at: gdplanningai_rust::logger::process_logs (src\logger.rs:66)
   GDScript backtrace (most recent call first):
       [0] _process (res://addons/GdPlanningAI/gdpai_autoload.gd:21)
WARNING: [GdPAI] ObjectRef(1382643928884): object was freed before callback; returning Nil.
   at: gdplanningai_rust::logger::process_logs (src\logger.rs:66)
   GDScript backtrace (most recent call first):
       [0] _process (res://addons/GdPlanningAI/gdpai_autoload.gd:21)
[GdPAI | debug] Discovery: Action Dig Potato failed validity check, skipping
WARNING: [GdPAI] ObjectRef(124621163998): object was freed before callback; returning Nil.
   at: gdplanningai_rust::logger::process_logs (src\logger.rs:66)
   GDScript backtrace (most recent call first):
       [0] _start_plan_and_wait (res://test/integration/test_campfire_example_smoke.gd:57)
[GdPAI | debug] ApplyEffect [Before] ID=InstanceId(-9223369438802194668): agent props = {"hunger": 70.0627442063492, "held_item": "", "entity": null}
[GdPAI | debug] ApplyEffect [After] ID=InstanceId(-9223369438802194668): agent props = {"hunger": 70.0627442063492, "held_item": "", "entity": null}
[GdPAI | debug]   Snapshotting prop: hunger = Float(70.0627442063492) (Variant type: FLOAT)
[GdPAI | debug]   Snapshotting prop: held_item = Str("") (Variant type: STRING)
[GdPAI | debug]   Snapshotting prop: entity = Nil (Variant type: NIL)
WARNING: [GdPAI] ObjectRef(1382643928884): object was freed before callback; returning Nil.
   at: gdplanningai_rust::logger::process_logs (src\logger.rs:66)
   GDScript backtrace (most recent call first):
       [0] _start_plan_and_wait (res://test/integration/test_campfire_example_smoke.gd:57)
WARNING: [GdPAI] ObjectRef(1382643928884): object was freed before callback; returning Nil.
   at: gdplanningai_rust::logger::process_logs (src\logger.rs:66)
   GDScript backtrace (most recent call first):
       [0] _start_plan_and_wait (res://test/integration/test_campfire_example_smoke.gd:57)
WARNING: [GdPAI] ObjectRef(1383650561484): object was freed before callback; returning Nil.
   at: gdplanningai_rust::logger::process_logs (src\logger.rs:66)
   GDScript backtrace (most recent call first):
       [0] _start_plan_and_wait (res://test/integration/test_campfire_example_smoke.gd:57)
WARNING: [GdPAI] ObjectRef(1383650561484): object was freed before callback; returning Nil.
   at: gdplanningai_rust::logger::process_logs (src\logger.rs:66)
   GDScript backtrace (most recent call first):
       [0] _start_plan_and_wait (res://test/integration/test_campfire_example_smoke.gd:57)
[GdPAI | debug] GetCost: callable returned non-numeric value: null; returning INFINITY
WARNING: [GdPAI] ObjectRef(124621163998): object was freed before callback; returning Nil.
   at: gdplanningai_rust::logger::process_logs (src\logger.rs:66)
   GDScript backtrace (most recent call first):
       [0] _process (res://addons/GdPlanningAI/gdpai_autoload.gd:21)
WARNING: [GdPAI] ObjectRef(124134624705): object was freed before callback; returning Nil.
   at: gdplanningai_rust::logger::process_logs (src\logger.rs:66)
   GDScript backtrace (most recent call first):
       [0] _process (res://addons/GdPlanningAI/gdpai_autoload.gd:21)
WARNING: [GdPAI] ObjectRef(124134624705): object was freed before callback; returning Nil.
   at: gdplanningai_rust::logger::process_logs (src\logger.rs:66)
   GDScript backtrace (most recent call first):
       [0] _process (res://addons/GdPlanningAI/gdpai_autoload.gd:21)
[GdPAI | debug] GetCost: callable returned non-numeric value: null; returning INFINITY
WARNING: [GdPAI] ObjectRef(1382643928884): object was freed before callback; returning Nil.
   at: gdplanningai_rust::logger::process_logs (src\logger.rs:66)
   GDScript backtrace (most recent call first):
       [0] _process (res://addons/GdPlanningAI/gdpai_autoload.gd:21)
WARNING: [GdPAI] ObjectRef(1382643928884): object was freed before callback; returning Nil.
   at: gdplanningai_rust::logger::process_logs (src\logger.rs:66)
   GDScript backtrace (most recent call first):
       [0] _process (res://addons/GdPlanningAI/gdpai_autoload.gd:21)
WARNING: [GdPAI] ObjectRef(1383650561484): object was freed before callback; returning Nil.
   at: gdplanningai_rust::logger::process_logs (src\logger.rs:66)
   GDScript backtrace (most recent call first):
       [0] _process (res://addons/GdPlanningAI/gdpai_autoload.gd:21)
WARNING: [GdPAI] ObjectRef(1383650561484): object was freed before callback; returning Nil.
   at: gdplanningai_rust::logger::process_logs (src\logger.rs:66)
   GDScript backtrace (most recent call first):
       [0] _process (res://addons/GdPlanningAI/gdpai_autoload.gd:21)
[GdPAI | debug] ApplyEffect [Before] ID=InstanceId(-9223369436822483185): agent props = {"held_item": "", "entity": null, "at_target": null, "hunger": 95.0603725}
[GdPAI | debug] ApplyEffect [After] ID=InstanceId(-9223369436822483185): agent props = {"held_item": "", "entity": null, "at_target": null, "hunger": 95.0603725}
[GdPAI | debug]   Snapshotting prop: held_item = Str("") (Variant type: STRING)
[GdPAI | debug]   Snapshotting prop: entity = Nil (Variant type: NIL)
[GdPAI | debug]   Snapshotting prop: at_target = Nil (Variant type: NIL)
[GdPAI | debug]   Snapshotting prop: hunger = Float(95.0603725) (Variant type: FLOAT)
WARNING: [GdPAI] ObjectRef(124621163998): object was freed before callback; returning Nil.
   at: gdplanningai_rust::logger::process_logs (src\logger.rs:66)
   GDScript backtrace (most recent call first):
       [0] _start_plan_and_wait (res://test/integration/test_campfire_example_smoke.gd:57)
WARNING: [GdPAI] ObjectRef(124134624705): object was freed before callback; returning Nil.
   at: gdplanningai_rust::logger::process_logs (src\logger.rs:66)
   GDScript backtrace (most recent call first):
       [0] _start_plan_and_wait (res://test/integration/test_campfire_example_smoke.gd:57)
WARNING: [GdPAI] ObjectRef(124134624705): object was freed before callback; returning Nil.
   at: gdplanningai_rust::logger::process_logs (src\logger.rs:66)
   GDScript backtrace (most recent call first):
       [0] _start_plan_and_wait (res://test/integration/test_campfire_example_smoke.gd:57)
[GdPAI | debug] ApplyEffect [Before] ID=InstanceId(-9223369435899736263): agent props = {"entity": null, "at_target": null, "held_item": "", "hunger": 70.0627442063492}
[GdPAI | debug] ApplyEffect [After] ID=InstanceId(-9223369435899736263): agent props = {"entity": null, "at_target": null, "held_item": "", "hunger": 70.0627442063492}
[GdPAI | debug]   Snapshotting prop: entity = Nil (Variant type: NIL)
[GdPAI | debug]   Snapshotting prop: at_target = Nil (Variant type: NIL)
[GdPAI | debug]   Snapshotting prop: held_item = Str("") (Variant type: STRING)
[GdPAI | debug]   Snapshotting prop: hunger = Float(70.0627442063492) (Variant type: FLOAT)
WARNING: [GdPAI] ObjectRef(1382643928884): object was freed before callback; returning Nil.
   at: gdplanningai_rust::logger::process_logs (src\logger.rs:66)
   GDScript backtrace (most recent call first):
       [0] _start_plan_and_wait (res://test/integration/test_campfire_example_smoke.gd:57)
WARNING: [GdPAI] ObjectRef(1383650561484): object was freed before callback; returning Nil.
   at: gdplanningai_rust::logger::process_logs (src\logger.rs:66)
   GDScript backtrace (most recent call first):
       [0] _start_plan_and_wait (res://test/integration/test_campfire_example_smoke.gd:57)
WARNING: [GdPAI] ObjectRef(1383650561484): object was freed before callback; returning Nil.
   at: gdplanningai_rust::logger::process_logs (src\logger.rs:66)
   GDScript backtrace (most recent call first):
       [0] _start_plan_and_wait (res://test/integration/test_campfire_example_smoke.gd:57)
[GdPAI | debug] GetCost: callable returned non-numeric value: null; returning INFINITY
WARNING: [GdPAI] ObjectRef(124621163998): object was freed before callback; returning Nil.
   at: gdplanningai_rust::logger::process_logs (src\logger.rs:66)
   GDScript backtrace (most recent call first):
       [0] _process (res://addons/GdPlanningAI/gdpai_autoload.gd:21)
WARNING: [GdPAI] ObjectRef(124134624705): object was freed before callback; returning Nil.
   at: gdplanningai_rust::logger::process_logs (src\logger.rs:66)
   GDScript backtrace (most recent call first):
       [0] _process (res://addons/GdPlanningAI/gdpai_autoload.gd:21)
WARNING: [GdPAI] ObjectRef(124134624705): object was freed before callback; returning Nil.
   at: gdplanningai_rust::logger::process_logs (src\logger.rs:66)
   GDScript backtrace (most recent call first):
       [0] _process (res://addons/GdPlanningAI/gdpai_autoload.gd:21)
[GdPAI | debug] GetCost: callable returned non-numeric value: null; returning INFINITY
WARNING: [GdPAI] ObjectRef(1382643928884): object was freed before callback; returning Nil.
   at: gdplanningai_rust::logger::process_logs (src\logger.rs:66)
   GDScript backtrace (most recent call first):
       [0] _process (res://addons/GdPlanningAI/gdpai_autoload.gd:21)
WARNING: [GdPAI] ObjectRef(1383650561484): object was freed before callback; returning Nil.
   at: gdplanningai_rust::logger::process_logs (src\logger.rs:66)
   GDScript backtrace (most recent call first):
       [0] _process (res://addons/GdPlanningAI/gdpai_autoload.gd:21)
WARNING: [GdPAI] ObjectRef(1383650561484): object was freed before callback; returning Nil.
   at: gdplanningai_rust::logger::process_logs (src\logger.rs:66)
   GDScript backtrace (most recent call first):
       [0] _process (res://addons/GdPlanningAI/gdpai_autoload.gd:21)
[GdPAI | debug] ApplyEffect [Before] ID=InstanceId(-9223369433869693225): agent props = {"held_item": "", "hunger": 95.0603725, "at_target": null, "entity": null}
[GdPAI | debug] ApplyEffect [After] ID=InstanceId(-9223369433869693225): agent props = {"held_item": "", "hunger": 95.0603725, "at_target": null, "entity": null}
[GdPAI | debug]   Snapshotting prop: held_item = Str("") (Variant type: STRING)
[GdPAI | debug]   Snapshotting prop: hunger = Float(95.0603725) (Variant type: FLOAT)
[GdPAI | debug]   Snapshotting prop: at_target = Nil (Variant type: NIL)
[GdPAI | debug]   Snapshotting prop: entity = Nil (Variant type: NIL)
WARNING: [GdPAI] ObjectRef(124621163998): object was freed before callback; returning Nil.
   at: gdplanningai_rust::logger::process_logs (src\logger.rs:66)
   GDScript backtrace (most recent call first):
       [0] _start_plan_and_wait (res://test/integration/test_campfire_example_smoke.gd:57)
WARNING: [GdPAI] ObjectRef(124134624705): object was freed before callback; returning Nil.
   at: gdplanningai_rust::logger::process_logs (src\logger.rs:66)
   GDScript backtrace (most recent call first):
       [0] _start_plan_and_wait (res://test/integration/test_campfire_example_smoke.gd:57)
WARNING: [GdPAI] ObjectRef(124134624705): object was freed before callback; returning Nil.
   at: gdplanningai_rust::logger::process_logs (src\logger.rs:66)
   GDScript backtrace (most recent call first):
       [0] _start_plan_and_wait (res://test/integration/test_campfire_example_smoke.gd:57)
[GdPAI | debug] ApplyEffect [Before] ID=InstanceId(-9223369432997277862): agent props = {"at_target": null, "held_item": "", "entity": null, "hunger": 70.0627442063492}
[GdPAI | debug] ApplyEffect [After] ID=InstanceId(-9223369432997277862): agent props = {"at_target": null, "held_item": "", "entity": null, "hunger": 70.0627442063492}
[GdPAI | debug]   Snapshotting prop: at_target = Nil (Variant type: NIL)
[GdPAI | debug]   Snapshotting prop: held_item = Str("") (Variant type: STRING)
[GdPAI | debug]   Snapshotting prop: entity = Nil (Variant type: NIL)
[GdPAI | debug]   Snapshotting prop: hunger = Float(70.0627442063492) (Variant type: FLOAT)
WARNING: [GdPAI] ObjectRef(1382643928884): object was freed before callback; returning Nil.
   at: gdplanningai_rust::logger::process_logs (src\logger.rs:66)
   GDScript backtrace (most recent call first):
       [0] _start_plan_and_wait (res://test/integration/test_campfire_example_smoke.gd:57)
WARNING: [GdPAI] ObjectRef(1382157389614): object was freed before callback; returning Nil.
   at: gdplanningai_rust::logger::process_logs (src\logger.rs:66)
   GDScript backtrace (most recent call first):
       [0] _start_plan_and_wait (res://test/integration/test_campfire_example_smoke.gd:57)
WARNING: [GdPAI] ObjectRef(1382157389614): object was freed before callback; returning Nil.
   at: gdplanningai_rust::logger::process_logs (src\logger.rs:66)
   GDScript backtrace (most recent call first):
       [0] _start_plan_and_wait (res://test/integration/test_campfire_example_smoke.gd:57)
[GdPAI | debug] GetCost: callable returned non-numeric value: null; returning INFINITY
WARNING: [GdPAI] ObjectRef(124621163998): object was freed before callback; returning Nil.
   at: gdplanningai_rust::logger::process_logs (src\logger.rs:66)
   GDScript backtrace (most recent call first):
       [0] _process (res://addons/GdPlanningAI/gdpai_autoload.gd:21)
[GdPAI | debug] GetCost: callable returned non-numeric value: null; returning INFINITY
WARNING: [GdPAI] ObjectRef(1382643928884): object was freed before callback; returning Nil.
   at: gdplanningai_rust::logger::process_logs (src\logger.rs:66)
   GDScript backtrace (most recent call first):
       [0] _process (res://addons/GdPlanningAI/gdpai_autoload.gd:21)
WARNING: [GdPAI] ObjectRef(1382157389614): object was freed before callback; returning Nil.
   at: gdplanningai_rust::logger::process_logs (src\logger.rs:66)
   GDScript backtrace (most recent call first):
       [0] _process (res://addons/GdPlanningAI/gdpai_autoload.gd:21)
WARNING: [GdPAI] ObjectRef(1382157389614): object was freed before callback; returning Nil.
   at: gdplanningai_rust::logger::process_logs (src\logger.rs:66)
   GDScript backtrace (most recent call first):
       [0] _process (res://addons/GdPlanningAI/gdpai_autoload.gd:21)
[GdPAI | debug] ApplyEffect [Before] ID=InstanceId(-9223369430967234752): agent props = {"hunger": 95.0603725, "held_item": "", "entity": null, "at_target": null}
[GdPAI | debug] ApplyEffect [After] ID=InstanceId(-9223369430967234752): agent props = {"hunger": 95.0603725, "held_item": "", "entity": null, "at_target": null}
[GdPAI | debug]   Snapshotting prop: hunger = Float(95.0603725) (Variant type: FLOAT)
[GdPAI | debug]   Snapshotting prop: held_item = Str("") (Variant type: STRING)
[GdPAI | debug]   Snapshotting prop: entity = Nil (Variant type: NIL)
[GdPAI | debug]   Snapshotting prop: at_target = Nil (Variant type: NIL)
WARNING: [GdPAI] ObjectRef(124621163998): object was freed before callback; returning Nil.
   at: gdplanningai_rust::logger::process_logs (src\logger.rs:66)
   GDScript backtrace (most recent call first):
       [0] _start_plan_and_wait (res://test/integration/test_campfire_example_smoke.gd:57)
[GdPAI | debug] ApplyEffect [Before] ID=InstanceId(-9223369430195482755): agent props = {"entity": null, "held_item": "wood", "at_target": null, "hunger": 70.0627442063492}
[GdPAI | debug] ApplyEffect [After] ID=InstanceId(-9223369430195482755): agent props = {"entity": null, "held_item": "wood", "at_target": null, "hunger": 70.0627442063492}
[GdPAI | debug]   Snapshotting prop: entity = Nil (Variant type: NIL)
[GdPAI | debug]   Snapshotting prop: held_item = Str("wood") (Variant type: STRING)
[GdPAI | debug]   Snapshotting prop: at_target = Nil (Variant type: NIL)
[GdPAI | debug]   Snapshotting prop: hunger = Float(70.0627442063492) (Variant type: FLOAT)
WARNING: [GdPAI] ObjectRef(1382643928884): object was freed before callback; returning Nil.
   at: gdplanningai_rust::logger::process_logs (src\logger.rs:66)
   GDScript backtrace (most recent call first):
       [0] _start_plan_and_wait (res://test/integration/test_campfire_example_smoke.gd:57)
WARNING: [GdPAI] ObjectRef(1382157389614): object was freed before callback; returning Nil.
   at: gdplanningai_rust::logger::process_logs (src\logger.rs:66)
   GDScript backtrace (most recent call first):
       [0] _start_plan_and_wait (res://test/integration/test_campfire_example_smoke.gd:57)
WARNING: [GdPAI] ObjectRef(1382157389614): object was freed before callback; returning Nil.
   at: gdplanningai_rust::logger::process_logs (src\logger.rs:66)
   GDScript backtrace (most recent call first):
       [0] _start_plan_and_wait (res://test/integration/test_campfire_example_smoke.gd:57)
[GdPAI | debug] GetCost: callable returned non-numeric value: null; returning INFINITY
WARNING: [GdPAI] ObjectRef(124621163998): object was freed before callback; returning Nil.
   at: gdplanningai_rust::logger::process_logs (src\logger.rs:66)
   GDScript backtrace (most recent call first):
       [0] _process (res://addons/GdPlanningAI/gdpai_autoload.gd:21)
WARNING: [GdPAI] ObjectRef(124621163998): object was freed before callback; returning Nil.
   at: gdplanningai_rust::logger::process_logs (src\logger.rs:66)
   GDScript backtrace (most recent call first):
       [0] _process (res://addons/GdPlanningAI/gdpai_autoload.gd:21)
[GdPAI | debug] GetCost: callable returned non-numeric value: null; returning INFINITY
WARNING: [GdPAI] ObjectRef(1382643928884): object was freed before callback; returning Nil.
   at: gdplanningai_rust::logger::process_logs (src\logger.rs:66)
   GDScript backtrace (most recent call first):
       [0] _process (res://addons/GdPlanningAI/gdpai_autoload.gd:21)
WARNING: [GdPAI] ObjectRef(1382157389614): object was freed before callback; returning Nil.
   at: gdplanningai_rust::logger::process_logs (src\logger.rs:66)
   GDScript backtrace (most recent call first):
       [0] _process (res://addons/GdPlanningAI/gdpai_autoload.gd:21)
WARNING: [GdPAI] ObjectRef(1382157389614): object was freed before callback; returning Nil.
   at: gdplanningai_rust::logger::process_logs (src\logger.rs:66)
   GDScript backtrace (most recent call first):
       [0] _process (res://addons/GdPlanningAI/gdpai_autoload.gd:21)
[GdPAI | debug] ApplyEffect [Before] ID=InstanceId(-9223369428266102936): agent props = {"entity": null, "at_target": null, "held_item": "", "hunger": 95.0603725}
[GdPAI | debug] ApplyEffect [After] ID=InstanceId(-9223369428266102936): agent props = {"entity": null, "at_target": null, "held_item": "", "hunger": 95.0603725}
[GdPAI | debug]   Snapshotting prop: entity = Nil (Variant type: NIL)
[GdPAI | debug]   Snapshotting prop: at_target = Nil (Variant type: NIL)
[GdPAI | debug]   Snapshotting prop: held_item = Str("") (Variant type: STRING)
[GdPAI | debug]   Snapshotting prop: hunger = Float(95.0603725) (Variant type: FLOAT)
WARNING: [GdPAI] ObjectRef(124621163998): object was freed before callback; returning Nil.
   at: gdplanningai_rust::logger::process_logs (src\logger.rs:66)
   GDScript backtrace (most recent call first):
       [0] _start_plan_and_wait (res://test/integration/test_campfire_example_smoke.gd:57)
WARNING: [GdPAI] ObjectRef(124621163998): object was freed before callback; returning Nil.
   at: gdplanningai_rust::logger::process_logs (src\logger.rs:66)
   GDScript backtrace (most recent call first):
       [0] _start_plan_and_wait (res://test/integration/test_campfire_example_smoke.gd:57)
[GdPAI | debug] ApplyEffect [Before] ID=InstanceId(-9223369427444019313): agent props = {"held_item": "", "entity": null, "hunger": 70.0627442063492}
[GdPAI | debug] ApplyEffect [After] ID=InstanceId(-9223369427444019313): agent props = {"held_item": "", "entity": null, "hunger": 70.0627442063492}
[GdPAI | debug]   Snapshotting prop: held_item = Str("") (Variant type: STRING)
[GdPAI | debug]   Snapshotting prop: entity = Nil (Variant type: NIL)
[GdPAI | debug]   Snapshotting prop: hunger = Float(70.0627442063492) (Variant type: FLOAT)
WARNING: [GdPAI] ObjectRef(1382643928884): object was freed before callback; returning Nil.
   at: gdplanningai_rust::logger::process_logs (src\logger.rs:66)
   GDScript backtrace (most recent call first):
       [0] _start_plan_and_wait (res://test/integration/test_campfire_example_smoke.gd:57)
[GdPAI | debug] GetCost: callable returned non-numeric value: null; returning INFINITY
WARNING: [GdPAI] ObjectRef(124621163998): object was freed before callback; returning Nil.
   at: gdplanningai_rust::logger::process_logs (src\logger.rs:66)
   GDScript backtrace (most recent call first):
       [0] _process (res://addons/GdPlanningAI/gdpai_autoload.gd:21)
[GdPAI | debug] GetCost: callable returned non-numeric value: null; returning INFINITY
WARNING: [GdPAI] ObjectRef(1382643928884): object was freed before callback; returning Nil.
   at: gdplanningai_rust::logger::process_logs (src\logger.rs:66)
   GDScript backtrace (most recent call first):
       [0] _process (res://addons/GdPlanningAI/gdpai_autoload.gd:21)
[GdPAI | debug] ApplyEffect [Before] ID=InstanceId(-9223369425564971136): agent props = {"at_target": null, "held_item": "wood", "entity": null, "hunger": 95.0603725}
[GdPAI | debug] ApplyEffect [After] ID=InstanceId(-9223369425564971136): agent props = {"at_target": null, "held_item": "wood", "entity": null, "hunger": 95.0603725}
[GdPAI | debug]   Snapshotting prop: at_target = Nil (Variant type: NIL)
[GdPAI | debug]   Snapshotting prop: held_item = Str("wood") (Variant type: STRING)
[GdPAI | debug]   Snapshotting prop: entity = Nil (Variant type: NIL)
[GdPAI | debug]   Snapshotting prop: hunger = Float(95.0603725) (Variant type: FLOAT)
WARNING: [GdPAI] ObjectRef(124621163998): object was freed before callback; returning Nil.
   at: gdplanningai_rust::logger::process_logs (src\logger.rs:66)
   GDScript backtrace (most recent call first):
       [0] _start_plan_and_wait (res://test/integration/test_campfire_example_smoke.gd:57)
[GdPAI | debug] ApplyEffect [Before] ID=InstanceId(-9223369424893882478): agent props = {"hunger": 70.0627442063492, "entity": null, "held_item": ""}
[GdPAI | debug] ApplyEffect [After] ID=InstanceId(-9223369424893882478): agent props = {"hunger": 70.0627442063492, "entity": null, "held_item": ""}
[GdPAI | debug]   Snapshotting prop: hunger = Float(70.0627442063492) (Variant type: FLOAT)
[GdPAI | debug]   Snapshotting prop: entity = Nil (Variant type: NIL)
[GdPAI | debug]   Snapshotting prop: held_item = Str("") (Variant type: STRING)
WARNING: [GdPAI] ObjectRef(1382643928884): object was freed before callback; returning Nil.
   at: gdplanningai_rust::logger::process_logs (src\logger.rs:66)
   GDScript backtrace (most recent call first):
       [0] _start_plan_and_wait (res://test/integration/test_campfire_example_smoke.gd:57)
WARNING: [GdPAI] ObjectRef(1382643928884): object was freed before callback; returning Nil.
   at: gdplanningai_rust::logger::process_logs (src\logger.rs:66)
   GDScript backtrace (most recent call first):
       [0] _start_plan_and_wait (res://test/integration/test_campfire_example_smoke.gd:57)
[GdPAI | debug] GetCost: callable returned non-numeric value: null; returning INFINITY
WARNING: [GdPAI] ObjectRef(124621163998): object was freed before callback; returning Nil.
   at: gdplanningai_rust::logger::process_logs (src\logger.rs:66)
   GDScript backtrace (most recent call first):
       [0] _process (res://addons/GdPlanningAI/gdpai_autoload.gd:21)
[GdPAI | debug] GetCost: callable returned non-numeric value: null; returning INFINITY
WARNING: [GdPAI] ObjectRef(1382643928884): object was freed before callback; returning Nil.
   at: gdplanningai_rust::logger::process_logs (src\logger.rs:66)
   GDScript backtrace (most recent call first):
       [0] _process (res://addons/GdPlanningAI/gdpai_autoload.gd:21)
WARNING: [GdPAI] ObjectRef(1382643928884): object was freed before callback; returning Nil.
   at: gdplanningai_rust::logger::process_logs (src\logger.rs:66)
   GDScript backtrace (most recent call first):
       [0] _process (res://addons/GdPlanningAI/gdpai_autoload.gd:21)
[GdPAI | debug] ApplyEffect [Before] ID=InstanceId(-9223369423014834285): agent props = {"held_item": "", "hunger": 95.0603725, "entity": null}
[GdPAI | debug] ApplyEffect [After] ID=InstanceId(-9223369423014834285): agent props = {"held_item": "", "hunger": 95.0603725, "entity": null}
[GdPAI | debug]   Snapshotting prop: held_item = Str("") (Variant type: STRING)
[GdPAI | debug]   Snapshotting prop: hunger = Float(95.0603725) (Variant type: FLOAT)
[GdPAI | debug]   Snapshotting prop: entity = Nil (Variant type: NIL)
WARNING: [GdPAI] ObjectRef(124621163998): object was freed before callback; returning Nil.
   at: gdplanningai_rust::logger::process_logs (src\logger.rs:66)
   GDScript backtrace (most recent call first):
       [0] _start_plan_and_wait (res://test/integration/test_campfire_example_smoke.gd:57)
[GdPAI | debug] ApplyEffect [Before] ID=InstanceId(-9223369422293413948): agent props = {"entity": null, "held_item": "", "hunger": 70.0627442063492}
[GdPAI | debug] ApplyEffect [After] ID=InstanceId(-9223369422293413948): agent props = {"entity": null, "held_item": "", "hunger": 70.0627442063492}
[GdPAI | debug]   Snapshotting prop: entity = Nil (Variant type: NIL)
[GdPAI | debug]   Snapshotting prop: held_item = Str("") (Variant type: STRING)
[GdPAI | debug]   Snapshotting prop: hunger = Float(70.0627442063492) (Variant type: FLOAT)
WARNING: [GdPAI] ObjectRef(1382643928884): object was freed before callback; returning Nil.
   at: gdplanningai_rust::logger::process_logs (src\logger.rs:66)
   GDScript backtrace (most recent call first):
       [0] _start_plan_and_wait (res://test/integration/test_campfire_example_smoke.gd:57)
[GdPAI | debug] GetCost: callable returned non-numeric value: null; returning INFINITY
WARNING: [GdPAI] ObjectRef(124621163998): object was freed before callback; returning Nil.
   at: gdplanningai_rust::logger::process_logs (src\logger.rs:66)
   GDScript backtrace (most recent call first):
       [0] _process (res://addons/GdPlanningAI/gdpai_autoload.gd:21)
WARNING: [GdPAI] ObjectRef(124134624705): object was freed before callback; returning Nil.
   at: gdplanningai_rust::logger::process_logs (src\logger.rs:66)
   GDScript backtrace (most recent call first):
       [0] _process (res://addons/GdPlanningAI/gdpai_autoload.gd:21)
WARNING: [GdPAI] ObjectRef(124134624705): object was freed before callback; returning Nil.
   at: gdplanningai_rust::logger::process_logs (src\logger.rs:66)
   GDScript backtrace (most recent call first):
       [0] _process (res://addons/GdPlanningAI/gdpai_autoload.gd:21)
[GdPAI | debug] GetCost: callable returned non-numeric value: null; returning INFINITY
WARNING: [GdPAI] ObjectRef(1382643928884): object was freed before callback; returning Nil.
   at: gdplanningai_rust::logger::process_logs (src\logger.rs:66)
   GDScript backtrace (most recent call first):
       [0] _process (res://addons/GdPlanningAI/gdpai_autoload.gd:21)
[GdPAI | debug] ApplyEffect [Before] ID=InstanceId(-9223369420464697464): agent props = {"hunger": 95.0603725, "held_item": "", "entity": null}
[GdPAI | debug] ApplyEffect [After] ID=InstanceId(-9223369420464697464): agent props = {"hunger": 95.0603725, "held_item": "", "entity": null}
[GdPAI | debug]   Snapshotting prop: hunger = Float(95.0603725) (Variant type: FLOAT)
[GdPAI | debug]   Snapshotting prop: held_item = Str("") (Variant type: STRING)
[GdPAI | debug]   Snapshotting prop: entity = Nil (Variant type: NIL)
WARNING: [GdPAI] ObjectRef(124621163998): object was freed before callback; returning Nil.
   at: gdplanningai_rust::logger::process_logs (src\logger.rs:66)
   GDScript backtrace (most recent call first):
       [0] _start_plan_and_wait (res://test/integration/test_campfire_example_smoke.gd:57)
WARNING: [GdPAI] ObjectRef(124134624705): object was freed before callback; returning Nil.
   at: gdplanningai_rust::logger::process_logs (src\logger.rs:66)
   GDScript backtrace (most recent call first):
       [0] _start_plan_and_wait (res://test/integration/test_campfire_example_smoke.gd:57)
WARNING: [GdPAI] ObjectRef(124134624705): object was freed before callback; returning Nil.
   at: gdplanningai_rust::logger::process_logs (src\logger.rs:66)
   GDScript backtrace (most recent call first):
       [0] _start_plan_and_wait (res://test/integration/test_campfire_example_smoke.gd:57)
[GdPAI | debug] ApplyEffect [Before] ID=InstanceId(-9223369419692945520): agent props = {"at_target": null, "hunger": 70.0627442063492, "held_item": "", "entity": null}
[GdPAI | debug] ApplyEffect [After] ID=InstanceId(-9223369419692945520): agent props = {"at_target": null, "hunger": 70.0627442063492, "held_item": "", "entity": null}
[GdPAI | debug]   Snapshotting prop: at_target = Nil (Variant type: NIL)
[GdPAI | debug]   Snapshotting prop: hunger = Float(70.0627442063492) (Variant type: FLOAT)
[GdPAI | debug]   Snapshotting prop: held_item = Str("") (Variant type: STRING)
[GdPAI | debug]   Snapshotting prop: entity = Nil (Variant type: NIL)
WARNING: [GdPAI] ObjectRef(1382643928884): object was freed before callback; returning Nil.
   at: gdplanningai_rust::logger::process_logs (src\logger.rs:66)
   GDScript backtrace (most recent call first):
       [0] _start_plan_and_wait (res://test/integration/test_campfire_example_smoke.gd:57)
WARNING: [GdPAI] ObjectRef(1382157389614): object was freed before callback; returning Nil.
   at: gdplanningai_rust::logger::process_logs (src\logger.rs:66)
   GDScript backtrace (most recent call first):
       [0] _start_plan_and_wait (res://test/integration/test_campfire_example_smoke.gd:57)
WARNING: [GdPAI] ObjectRef(1382157389614): object was freed before callback; returning Nil.
   at: gdplanningai_rust::logger::process_logs (src\logger.rs:66)
   GDScript backtrace (most recent call first):
       [0] _start_plan_and_wait (res://test/integration/test_campfire_example_smoke.gd:57)
[GdPAI | debug] GetCost: callable returned non-numeric value: null; returning INFINITY
WARNING: [GdPAI] ObjectRef(124621163998): object was freed before callback; returning Nil.
   at: gdplanningai_rust::logger::process_logs (src\logger.rs:66)
   GDScript backtrace (most recent call first):
       [0] _process (res://addons/GdPlanningAI/gdpai_autoload.gd:21)
WARNING: [GdPAI] ObjectRef(124134624705): object was freed before callback; returning Nil.
   at: gdplanningai_rust::logger::process_logs (src\logger.rs:66)
   GDScript backtrace (most recent call first):
       [0] _process (res://addons/GdPlanningAI/gdpai_autoload.gd:21)
WARNING: [GdPAI] ObjectRef(124134624705): object was freed before callback; returning Nil.
   at: gdplanningai_rust::logger::process_logs (src\logger.rs:66)
   GDScript backtrace (most recent call first):
       [0] _process (res://addons/GdPlanningAI/gdpai_autoload.gd:21)
[GdPAI | debug] GetCost: callable returned non-numeric value: null; returning INFINITY
WARNING: [GdPAI] ObjectRef(1382643928884): object was freed before callback; returning Nil.
   at: gdplanningai_rust::logger::process_logs (src\logger.rs:66)
   GDScript backtrace (most recent call first):
       [0] _process (res://addons/GdPlanningAI/gdpai_autoload.gd:21)
WARNING: [GdPAI] ObjectRef(1382157389614): object was freed before callback; returning Nil.
   at: gdplanningai_rust::logger::process_logs (src\logger.rs:66)
   GDScript backtrace (most recent call first):
       [0] _process (res://addons/GdPlanningAI/gdpai_autoload.gd:21)
WARNING: [GdPAI] ObjectRef(1382157389614): object was freed before callback; returning Nil.
   at: gdplanningai_rust::logger::process_logs (src\logger.rs:66)
   GDScript backtrace (most recent call first):
       [0] _process (res://addons/GdPlanningAI/gdpai_autoload.gd:21)
[GdPAI | debug] ApplyEffect [Before] ID=InstanceId(-9223369417662902325): agent props = {"at_target": null, "entity": null, "hunger": 95.0603725, "held_item": ""}
[GdPAI | debug] ApplyEffect [After] ID=InstanceId(-9223369417662902325): agent props = {"at_target": null, "entity": null, "hunger": 95.0603725, "held_item": ""}
[GdPAI | debug]   Snapshotting prop: at_target = Nil (Variant type: NIL)
[GdPAI | debug]   Snapshotting prop: entity = Nil (Variant type: NIL)
[GdPAI | debug]   Snapshotting prop: hunger = Float(95.0603725) (Variant type: FLOAT)
[GdPAI | debug]   Snapshotting prop: held_item = Str("") (Variant type: STRING)
WARNING: [GdPAI] ObjectRef(124621163998): object was freed before callback; returning Nil.
   at: gdplanningai_rust::logger::process_logs (src\logger.rs:66)
   GDScript backtrace (most recent call first):
       [0] _start_plan_and_wait (res://test/integration/test_campfire_example_smoke.gd:57)
WARNING: [GdPAI] ObjectRef(124134624705): object was freed before callback; returning Nil.
   at: gdplanningai_rust::logger::process_logs (src\logger.rs:66)
   GDScript backtrace (most recent call first):
       [0] _start_plan_and_wait (res://test/integration/test_campfire_example_smoke.gd:57)
WARNING: [GdPAI] ObjectRef(124134624705): object was freed before callback; returning Nil.
   at: gdplanningai_rust::logger::process_logs (src\logger.rs:66)
   GDScript backtrace (most recent call first):
       [0] _start_plan_and_wait (res://test/integration/test_campfire_example_smoke.gd:57)
[GdPAI | debug] ApplyEffect [Before] ID=InstanceId(-9223369416790487058): agent props = {"entity": null, "held_item": "", "at_target": null, "hunger": 70.0627442063492}
[GdPAI | debug] ApplyEffect [After] ID=InstanceId(-9223369416790487058): agent props = {"entity": null, "held_item": "", "at_target": null, "hunger": 70.0627442063492}
[GdPAI | debug]   Snapshotting prop: entity = Nil (Variant type: NIL)
[GdPAI | debug]   Snapshotting prop: held_item = Str("") (Variant type: STRING)
[GdPAI | debug]   Snapshotting prop: at_target = Nil (Variant type: NIL)
[GdPAI | debug]   Snapshotting prop: hunger = Float(70.0627442063492) (Variant type: FLOAT)
WARNING: [GdPAI] ObjectRef(1382643928884): object was freed before callback; returning Nil.
   at: gdplanningai_rust::logger::process_logs (src\logger.rs:66)
   GDScript backtrace (most recent call first):
       [0] _start_plan_and_wait (res://test/integration/test_campfire_example_smoke.gd:57)
WARNING: [GdPAI] ObjectRef(1382157389614): object was freed before callback; returning Nil.
   at: gdplanningai_rust::logger::process_logs (src\logger.rs:66)
   GDScript backtrace (most recent call first):
       [0] _start_plan_and_wait (res://test/integration/test_campfire_example_smoke.gd:57)
WARNING: [GdPAI] ObjectRef(1382157389614): object was freed before callback; returning Nil.
   at: gdplanningai_rust::logger::process_logs (src\logger.rs:66)
   GDScript backtrace (most recent call first):
       [0] _start_plan_and_wait (res://test/integration/test_campfire_example_smoke.gd:57)
[GdPAI | debug] GetCost: callable returned non-numeric value: null; returning INFINITY
WARNING: [GdPAI] ObjectRef(124621163998): object was freed before callback; returning Nil.
   at: gdplanningai_rust::logger::process_logs (src\logger.rs:66)
   GDScript backtrace (most recent call first):
       [0] _process (res://addons/GdPlanningAI/gdpai_autoload.gd:21)
[GdPAI | debug] GetCost: callable returned non-numeric value: null; returning INFINITY
WARNING: [GdPAI] ObjectRef(1382643928884): object was freed before callback; returning Nil.
   at: gdplanningai_rust::logger::process_logs (src\logger.rs:66)
   GDScript backtrace (most recent call first):
       [0] _process (res://addons/GdPlanningAI/gdpai_autoload.gd:21)
WARNING: [GdPAI] ObjectRef(1382157389614): object was freed before callback; returning Nil.
   at: gdplanningai_rust::logger::process_logs (src\logger.rs:66)
   GDScript backtrace (most recent call first):
       [0] _process (res://addons/GdPlanningAI/gdpai_autoload.gd:21)
WARNING: [GdPAI] ObjectRef(1382157389614): object was freed before callback; returning Nil.
   at: gdplanningai_rust::logger::process_logs (src\logger.rs:66)
   GDScript backtrace (most recent call first):
       [0] _process (res://addons/GdPlanningAI/gdpai_autoload.gd:21)
[GdPAI | debug] ApplyEffect [Before] ID=InstanceId(-9223369414760443947): agent props = {"entity": null, "at_target": null, "held_item": "", "hunger": 95.0603725}
[GdPAI | debug] ApplyEffect [After] ID=InstanceId(-9223369414760443947): agent props = {"entity": null, "at_target": null, "held_item": "", "hunger": 95.0603725}
[GdPAI | debug]   Snapshotting prop: entity = Nil (Variant type: NIL)
[GdPAI | debug]   Snapshotting prop: at_target = Nil (Variant type: NIL)
[GdPAI | debug]   Snapshotting prop: held_item = Str("") (Variant type: STRING)
[GdPAI | debug]   Snapshotting prop: hunger = Float(95.0603725) (Variant type: FLOAT)
WARNING: [GdPAI] ObjectRef(124621163998): object was freed before callback; returning Nil.
   at: gdplanningai_rust::logger::process_logs (src\logger.rs:66)
   GDScript backtrace (most recent call first):
       [0] _start_plan_and_wait (res://test/integration/test_campfire_example_smoke.gd:57)
[GdPAI | debug] ApplyEffect [Before] ID=InstanceId(-9223369413988691952): agent props = {"at_target": null, "hunger": 70.0627442063492, "entity": null, "held_item": "wood"}
[GdPAI | debug] ApplyEffect [After] ID=InstanceId(-9223369413988691952): agent props = {"at_target": null, "hunger": 70.0627442063492, "entity": null, "held_item": "wood"}
[GdPAI | debug]   Snapshotting prop: at_target = Nil (Variant type: NIL)
[GdPAI | debug]   Snapshotting prop: hunger = Float(70.0627442063492) (Variant type: FLOAT)
[GdPAI | debug]   Snapshotting prop: entity = Nil (Variant type: NIL)
[GdPAI | debug]   Snapshotting prop: held_item = Str("wood") (Variant type: STRING)
WARNING: [GdPAI] ObjectRef(1382643928884): object was freed before callback; returning Nil.
   at: gdplanningai_rust::logger::process_logs (src\logger.rs:66)
   GDScript backtrace (most recent call first):
       [0] _start_plan_and_wait (res://test/integration/test_campfire_example_smoke.gd:57)
[GdPAI | debug] GetCost: callable returned non-numeric value: null; returning INFINITY
WARNING: [GdPAI] ObjectRef(124621163998): object was freed before callback; returning Nil.
   at: gdplanningai_rust::logger::process_logs (src\logger.rs:66)
   GDScript backtrace (most recent call first):
       [0] _process (res://addons/GdPlanningAI/gdpai_autoload.gd:21)
WARNING: [GdPAI] ObjectRef(124621163998): object was freed before callback; returning Nil.
   at: gdplanningai_rust::logger::process_logs (src\logger.rs:66)
   GDScript backtrace (most recent call first):
       [0] _process (res://addons/GdPlanningAI/gdpai_autoload.gd:21)
[GdPAI | debug] GetCost: callable returned non-numeric value: null; returning INFINITY
WARNING: [GdPAI] ObjectRef(1382643928884): object was freed before callback; returning Nil.
   at: gdplanningai_rust::logger::process_logs (src\logger.rs:66)
   GDScript backtrace (most recent call first):
       [0] _process (res://addons/GdPlanningAI/gdpai_autoload.gd:21)
[GdPAI | debug] ApplyEffect [Before] ID=InstanceId(-9223369412159975425): agent props = {"hunger": 95.0603725, "at_target": null, "held_item": "wood", "entity": null}
[GdPAI | debug] ApplyEffect [After] ID=InstanceId(-9223369412159975425): agent props = {"hunger": 95.0603725, "at_target": null, "held_item": "wood", "entity": null}
[GdPAI | debug]   Snapshotting prop: hunger = Float(95.0603725) (Variant type: FLOAT)
[GdPAI | debug]   Snapshotting prop: at_target = Nil (Variant type: NIL)
[GdPAI | debug]   Snapshotting prop: held_item = Str("wood") (Variant type: STRING)
[GdPAI | debug]   Snapshotting prop: entity = Nil (Variant type: NIL)
[GdPAI | debug] Numeric comparison: 95.0603725 GreaterThan 0 -> true
WARNING: [GdPAI] ObjectRef(124621163998): object was freed before callback; returning Nil.
   at: gdplanningai_rust::logger::process_logs (src\logger.rs:66)
   GDScript backtrace (most recent call first):
       [0] _start_plan_and_wait (res://test/integration/test_campfire_example_smoke.gd:57)
WARNING: [GdPAI] ObjectRef(124621163998): object was freed before callback; returning Nil.
   at: gdplanningai_rust::logger::process_logs (src\logger.rs:66)
   GDScript backtrace (most recent call first):
       [0] _start_plan_and_wait (res://test/integration/test_campfire_example_smoke.gd:57)
[GdPAI | debug] ApplyEffect [Before] ID=InstanceId(-9223369411438555147): agent props = {"hunger": 70.0627442063492, "held_item": "", "entity": null}
[GdPAI | debug] ApplyEffect [After] ID=InstanceId(-9223369411438555147): agent props = {"hunger": 70.0627442063492, "held_item": "", "entity": null}
[GdPAI | debug]   Snapshotting prop: hunger = Float(70.0627442063492) (Variant type: FLOAT)
[GdPAI | debug]   Snapshotting prop: held_item = Str("") (Variant type: STRING)
[GdPAI | debug]   Snapshotting prop: entity = Nil (Variant type: NIL)
WARNING: [GdPAI] ObjectRef(1382643928884): object was freed before callback; returning Nil.
   at: gdplanningai_rust::logger::process_logs (src\logger.rs:66)
   GDScript backtrace (most recent call first):
       [0] _start_plan_and_wait (res://test/integration/test_campfire_example_smoke.gd:57)
WARNING: [GdPAI] ObjectRef(1382643928884): object was freed before callback; returning Nil.
   at: gdplanningai_rust::logger::process_logs (src\logger.rs:66)
   GDScript backtrace (most recent call first):
       [0] _start_plan_and_wait (res://test/integration/test_campfire_example_smoke.gd:57)
WARNING: [GdPAI] ObjectRef(1383650561484): object was freed before callback; returning Nil.
   at: gdplanningai_rust::logger::process_logs (src\logger.rs:66)
   GDScript backtrace (most recent call first):
       [0] _start_plan_and_wait (res://test/integration/test_campfire_example_smoke.gd:57)
WARNING: [GdPAI] ObjectRef(1383650561484): object was freed before callback; returning Nil.
   at: gdplanningai_rust::logger::process_logs (src\logger.rs:66)
   GDScript backtrace (most recent call first):
       [0] _start_plan_and_wait (res://test/integration/test_campfire_example_smoke.gd:57)
[GdPAI | debug] GetCost: callable returned non-numeric value: null; returning INFINITY
WARNING: [GdPAI] ObjectRef(124621163998): object was freed before callback; returning Nil.
   at: gdplanningai_rust::logger::process_logs (src\logger.rs:66)
   GDScript backtrace (most recent call first):
       [0] _process (res://addons/GdPlanningAI/gdpai_autoload.gd:21)
[GdPAI | debug] GetCost: callable returned non-numeric value: null; returning INFINITY
WARNING: [GdPAI] ObjectRef(1382643928884): object was freed before callback; returning Nil.
   at: gdplanningai_rust::logger::process_logs (src\logger.rs:66)
   GDScript backtrace (most recent call first):
       [0] _process (res://addons/GdPlanningAI/gdpai_autoload.gd:21)
WARNING: [GdPAI] ObjectRef(1382643928884): object was freed before callback; returning Nil.
   at: gdplanningai_rust::logger::process_logs (src\logger.rs:66)
   GDScript backtrace (most recent call first):
       [0] _process (res://addons/GdPlanningAI/gdpai_autoload.gd:21)
WARNING: [GdPAI] ObjectRef(1383650561484): object was freed before callback; returning Nil.
   at: gdplanningai_rust::logger::process_logs (src\logger.rs:66)
   GDScript backtrace (most recent call first):
       [0] _process (res://addons/GdPlanningAI/gdpai_autoload.gd:21)
WARNING: [GdPAI] ObjectRef(1383650561484): object was freed before callback; returning Nil.
   at: gdplanningai_rust::logger::process_logs (src\logger.rs:66)
   GDScript backtrace (most recent call first):
       [0] _process (res://addons/GdPlanningAI/gdpai_autoload.gd:21)
[GdPAI | debug] ApplyEffect [Before] ID=InstanceId(-9223369409408511987): agent props = {"held_item": "", "entity": null, "hunger": 95.0603725, "at_target": null}
[GdPAI | debug] ApplyEffect [After] ID=InstanceId(-9223369409408511987): agent props = {"held_item": "", "entity": null, "hunger": 95.0603725, "at_target": null}
[GdPAI | debug]   Snapshotting prop: held_item = Str("") (Variant type: STRING)
[GdPAI | debug]   Snapshotting prop: entity = Nil (Variant type: NIL)
[GdPAI | debug]   Snapshotting prop: hunger = Float(95.0603725) (Variant type: FLOAT)
[GdPAI | debug]   Snapshotting prop: at_target = Nil (Variant type: NIL)
WARNING: [GdPAI] ObjectRef(124621163998): object was freed before callback; returning Nil.
   at: gdplanningai_rust::logger::process_logs (src\logger.rs:66)
   GDScript backtrace (most recent call first):
       [0] _start_plan_and_wait (res://test/integration/test_campfire_example_smoke.gd:57)
[GdPAI | debug] ApplyEffect [Before] ID=InstanceId(-9223369408586428361): agent props = {"held_item": "", "hunger": 70.0627442063492, "entity": null}
[GdPAI | debug] ApplyEffect [After] ID=InstanceId(-9223369408586428361): agent props = {"held_item": "", "hunger": 70.0627442063492, "entity": null}
[GdPAI | debug]   Snapshotting prop: held_item = Str("") (Variant type: STRING)
[GdPAI | debug]   Snapshotting prop: hunger = Float(70.0627442063492) (Variant type: FLOAT)
[GdPAI | debug]   Snapshotting prop: entity = Nil (Variant type: NIL)
WARNING: [GdPAI] ObjectRef(1382643928884): object was freed before callback; returning Nil.
   at: gdplanningai_rust::logger::process_logs (src\logger.rs:66)
   GDScript backtrace (most recent call first):
       [0] _start_plan_and_wait (res://test/integration/test_campfire_example_smoke.gd:57)
WARNING: [GdPAI] ObjectRef(1383650561484): object was freed before callback; returning Nil.
   at: gdplanningai_rust::logger::process_logs (src\logger.rs:66)
   GDScript backtrace (most recent call first):
       [0] _start_plan_and_wait (res://test/integration/test_campfire_example_smoke.gd:57)
WARNING: [GdPAI] ObjectRef(1383650561484): object was freed before callback; returning Nil.
   at: gdplanningai_rust::logger::process_logs (src\logger.rs:66)
   GDScript backtrace (most recent call first):
       [0] _start_plan_and_wait (res://test/integration/test_campfire_example_smoke.gd:57)
[GdPAI | debug] GetCost: callable returned non-numeric value: null; returning INFINITY
WARNING: [GdPAI] ObjectRef(124621163998): object was freed before callback; returning Nil.
   at: gdplanningai_rust::logger::process_logs (src\logger.rs:66)
   GDScript backtrace (most recent call first):
       [0] _process (res://addons/GdPlanningAI/gdpai_autoload.gd:21)
[GdPAI | debug] GetCost: callable returned non-numeric value: null; returning INFINITY
WARNING: [GdPAI] ObjectRef(1382643928884): object was freed before callback; returning Nil.
   at: gdplanningai_rust::logger::process_logs (src\logger.rs:66)
   GDScript backtrace (most recent call first):
       [0] _process (res://addons/GdPlanningAI/gdpai_autoload.gd:21)
WARNING: [GdPAI] ObjectRef(1383650561484): object was freed before callback; returning Nil.
   at: gdplanningai_rust::logger::process_logs (src\logger.rs:66)
   GDScript backtrace (most recent call first):
       [0] _process (res://addons/GdPlanningAI/gdpai_autoload.gd:21)
WARNING: [GdPAI] ObjectRef(1383650561484): object was freed before callback; returning Nil.
   at: gdplanningai_rust::logger::process_logs (src\logger.rs:66)
   GDScript backtrace (most recent call first):
       [0] _process (res://addons/GdPlanningAI/gdpai_autoload.gd:21)
[GdPAI | debug] ApplyEffect [Before] ID=InstanceId(-9223369406657048531): agent props = {"at_target": null, "held_item": "", "hunger": 95.0603725, "entity": null}
[GdPAI | debug] ApplyEffect [After] ID=InstanceId(-9223369406657048531): agent props = {"at_target": null, "held_item": "", "hunger": 95.0603725, "entity": null}
[GdPAI | debug]   Snapshotting prop: at_target = Nil (Variant type: NIL)
[GdPAI | debug]   Snapshotting prop: held_item = Str("") (Variant type: STRING)
[GdPAI | debug]   Snapshotting prop: hunger = Float(95.0603725) (Variant type: FLOAT)
[GdPAI | debug]   Snapshotting prop: entity = Nil (Variant type: NIL)
WARNING: [GdPAI] ObjectRef(124621163998): object was freed before callback; returning Nil.
   at: gdplanningai_rust::logger::process_logs (src\logger.rs:66)
   GDScript backtrace (most recent call first):
       [0] _start_plan_and_wait (res://test/integration/test_campfire_example_smoke.gd:57)
[GdPAI | debug] ApplyEffect [Before] ID=InstanceId(-9223369405885296561): agent props = {"hunger": 70.0627442063492, "entity": null, "held_item": ""}
[GdPAI | debug] ApplyEffect [After] ID=InstanceId(-9223369405885296561): agent props = {"hunger": 70.0627442063492, "entity": null, "held_item": ""}
[GdPAI | debug]   Snapshotting prop: hunger = Float(70.0627442063492) (Variant type: FLOAT)
[GdPAI | debug]   Snapshotting prop: entity = Nil (Variant type: NIL)
[GdPAI | debug]   Snapshotting prop: held_item = Str("") (Variant type: STRING)
WARNING: [GdPAI] ObjectRef(1382643928884): object was freed before callback; returning Nil.
   at: gdplanningai_rust::logger::process_logs (src\logger.rs:66)
   GDScript backtrace (most recent call first):
       [0] _start_plan_and_wait (res://test/integration/test_campfire_example_smoke.gd:57)
WARNING: [GdPAI] ObjectRef(1382157389614): object was freed before callback; returning Nil.
   at: gdplanningai_rust::logger::process_logs (src\logger.rs:66)
   GDScript backtrace (most recent call first):
       [0] _start_plan_and_wait (res://test/integration/test_campfire_example_smoke.gd:57)
WARNING: [GdPAI] ObjectRef(1382157389614): object was freed before callback; returning Nil.
   at: gdplanningai_rust::logger::process_logs (src\logger.rs:66)
   GDScript backtrace (most recent call first):
       [0] _start_plan_and_wait (res://test/integration/test_campfire_example_smoke.gd:57)
[GdPAI | debug] GetCost: callable returned non-numeric value: null; returning INFINITY
WARNING: [GdPAI] ObjectRef(124621163998): object was freed before callback; returning Nil.
   at: gdplanningai_rust::logger::process_logs (src\logger.rs:66)
   GDScript backtrace (most recent call first):
       [0] _process (res://addons/GdPlanningAI/gdpai_autoload.gd:21)
WARNING: [GdPAI] ObjectRef(124134624705): object was freed before callback; returning Nil.
   at: gdplanningai_rust::logger::process_logs (src\logger.rs:66)
   GDScript backtrace (most recent call first):
       [0] _process (res://addons/GdPlanningAI/gdpai_autoload.gd:21)
WARNING: [GdPAI] ObjectRef(124134624705): object was freed before callback; returning Nil.
   at: gdplanningai_rust::logger::process_logs (src\logger.rs:66)
   GDScript backtrace (most recent call first):
       [0] _process (res://addons/GdPlanningAI/gdpai_autoload.gd:21)
[GdPAI | debug] GetCost: callable returned non-numeric value: null; returning INFINITY
WARNING: [GdPAI] ObjectRef(1382643928884): object was freed before callback; returning Nil.
   at: gdplanningai_rust::logger::process_logs (src\logger.rs:66)
   GDScript backtrace (most recent call first):
       [0] _process (res://addons/GdPlanningAI/gdpai_autoload.gd:21)
WARNING: [GdPAI] ObjectRef(1382157389614): object was freed before callback; returning Nil.
   at: gdplanningai_rust::logger::process_logs (src\logger.rs:66)
   GDScript backtrace (most recent call first):
       [0] _process (res://addons/GdPlanningAI/gdpai_autoload.gd:21)
WARNING: [GdPAI] ObjectRef(1382157389614): object was freed before callback; returning Nil.
   at: gdplanningai_rust::logger::process_logs (src\logger.rs:66)
   GDScript backtrace (most recent call first):
       [0] _process (res://addons/GdPlanningAI/gdpai_autoload.gd:21)
[GdPAI | debug] ApplyEffect [Before] ID=InstanceId(-9223369403955916727): agent props = {"at_target": null, "held_item": "", "entity": null, "hunger": 95.0603725}
[GdPAI | debug] ApplyEffect [After] ID=InstanceId(-9223369403955916727): agent props = {"at_target": null, "held_item": "", "entity": null, "hunger": 95.0603725}
[GdPAI | debug]   Snapshotting prop: at_target = Nil (Variant type: NIL)
[GdPAI | debug]   Snapshotting prop: held_item = Str("") (Variant type: STRING)
[GdPAI | debug]   Snapshotting prop: entity = Nil (Variant type: NIL)
[GdPAI | debug]   Snapshotting prop: hunger = Float(95.0603725) (Variant type: FLOAT)
WARNING: [GdPAI] ObjectRef(124621163998): object was freed before callback; returning Nil.
   at: gdplanningai_rust::logger::process_logs (src\logger.rs:66)
   GDScript backtrace (most recent call first):
       [0] _start_plan_and_wait (res://test/integration/test_campfire_example_smoke.gd:57)
WARNING: [GdPAI] ObjectRef(124134624705): object was freed before callback; returning Nil.
   at: gdplanningai_rust::logger::process_logs (src\logger.rs:66)
   GDScript backtrace (most recent call first):
       [0] _start_plan_and_wait (res://test/integration/test_campfire_example_smoke.gd:57)
WARNING: [GdPAI] ObjectRef(124134624705): object was freed before callback; returning Nil.
   at: gdplanningai_rust::logger::process_logs (src\logger.rs:66)
   GDScript backtrace (most recent call first):
       [0] _start_plan_and_wait (res://test/integration/test_campfire_example_smoke.gd:57)
[GdPAI | debug] ApplyEffect [Before] ID=InstanceId(-9223369403083501474): agent props = {"entity": null, "held_item": "", "at_target": null, "hunger": 70.0627442063492}
[GdPAI | debug] ApplyEffect [After] ID=InstanceId(-9223369403083501474): agent props = {"entity": null, "held_item": "", "at_target": null, "hunger": 70.0627442063492}
[GdPAI | debug]   Snapshotting prop: entity = Nil (Variant type: NIL)
[GdPAI | debug]   Snapshotting prop: held_item = Str("") (Variant type: STRING)
[GdPAI | debug]   Snapshotting prop: at_target = Nil (Variant type: NIL)
[GdPAI | debug]   Snapshotting prop: hunger = Float(70.0627442063492) (Variant type: FLOAT)
WARNING: [GdPAI] ObjectRef(1382643928884): object was freed before callback; returning Nil.
   at: gdplanningai_rust::logger::process_logs (src\logger.rs:66)
   GDScript backtrace (most recent call first):
       [0] _start_plan_and_wait (res://test/integration/test_campfire_example_smoke.gd:57)
WARNING: [GdPAI] ObjectRef(1382157389614): object was freed before callback; returning Nil.
   at: gdplanningai_rust::logger::process_logs (src\logger.rs:66)
   GDScript backtrace (most recent call first):
       [0] _start_plan_and_wait (res://test/integration/test_campfire_example_smoke.gd:57)
WARNING: [GdPAI] ObjectRef(1382157389614): object was freed before callback; returning Nil.
   at: gdplanningai_rust::logger::process_logs (src\logger.rs:66)
   GDScript backtrace (most recent call first):
       [0] _start_plan_and_wait (res://test/integration/test_campfire_example_smoke.gd:57)
[GdPAI | debug] GetCost: callable returned non-numeric value: null; returning INFINITY
WARNING: [GdPAI] ObjectRef(124621163998): object was freed before callback; returning Nil.
   at: gdplanningai_rust::logger::process_logs (src\logger.rs:66)
   GDScript backtrace (most recent call first):
       [0] _process (res://addons/GdPlanningAI/gdpai_autoload.gd:21)
WARNING: [GdPAI] ObjectRef(124134624705): object was freed before callback; returning Nil.
   at: gdplanningai_rust::logger::process_logs (src\logger.rs:66)
   GDScript backtrace (most recent call first):
       [0] _process (res://addons/GdPlanningAI/gdpai_autoload.gd:21)
WARNING: [GdPAI] ObjectRef(124134624705): object was freed before callback; returning Nil.
   at: gdplanningai_rust::logger::process_logs (src\logger.rs:66)
   GDScript backtrace (most recent call first):
       [0] _process (res://addons/GdPlanningAI/gdpai_autoload.gd:21)
[GdPAI | debug] GetCost: callable returned non-numeric value: null; returning INFINITY
WARNING: [GdPAI] ObjectRef(1382643928884): object was freed before callback; returning Nil.
   at: gdplanningai_rust::logger::process_logs (src\logger.rs:66)
   GDScript backtrace (most recent call first):
       [0] _process (res://addons/GdPlanningAI/gdpai_autoload.gd:21)
WARNING: [GdPAI] ObjectRef(1382157389614): object was freed before callback; returning Nil.
   at: gdplanningai_rust::logger::process_logs (src\logger.rs:66)
   GDScript backtrace (most recent call first):
       [0] _process (res://addons/GdPlanningAI/gdpai_autoload.gd:21)
WARNING: [GdPAI] ObjectRef(1382157389614): object was freed before callback; returning Nil.
   at: gdplanningai_rust::logger::process_logs (src\logger.rs:66)
   GDScript backtrace (most recent call first):
       [0] _process (res://addons/GdPlanningAI/gdpai_autoload.gd:21)
[GdPAI | debug] ApplyEffect [Before] ID=InstanceId(-9223369401053458329): agent props = {"entity": null, "hunger": 95.0603725, "held_item": "", "at_target": null}
[GdPAI | debug] ApplyEffect [After] ID=InstanceId(-9223369401053458329): agent props = {"entity": null, "hunger": 95.0603725, "held_item": "", "at_target": null}
[GdPAI | debug]   Snapshotting prop: entity = Nil (Variant type: NIL)
[GdPAI | debug]   Snapshotting prop: hunger = Float(95.0603725) (Variant type: FLOAT)
[GdPAI | debug]   Snapshotting prop: held_item = Str("") (Variant type: STRING)
[GdPAI | debug]   Snapshotting prop: at_target = Nil (Variant type: NIL)
WARNING: [GdPAI] ObjectRef(124621163998): object was freed before callback; returning Nil.
   at: gdplanningai_rust::logger::process_logs (src\logger.rs:66)
   GDScript backtrace (most recent call first):
       [0] _start_plan_and_wait (res://test/integration/test_campfire_example_smoke.gd:57)
WARNING: [GdPAI] ObjectRef(124134624705): object was freed before callback; returning Nil.
   at: gdplanningai_rust::logger::process_logs (src\logger.rs:66)
   GDScript backtrace (most recent call first):
       [0] _start_plan_and_wait (res://test/integration/test_campfire_example_smoke.gd:57)
WARNING: [GdPAI] ObjectRef(124134624705): object was freed before callback; returning Nil.
   at: gdplanningai_rust::logger::process_logs (src\logger.rs:66)
   GDScript backtrace (most recent call first):
       [0] _start_plan_and_wait (res://test/integration/test_campfire_example_smoke.gd:57)
[GdPAI | debug] ApplyEffect [Before] ID=InstanceId(-9223369400181043063): agent props = {"held_item": "", "entity": null, "at_target": null, "hunger": 70.0627442063492}
[GdPAI | debug] ApplyEffect [After] ID=InstanceId(-9223369400181043063): agent props = {"held_item": "", "entity": null, "at_target": null, "hunger": 70.0627442063492}
[GdPAI | debug]   Snapshotting prop: held_item = Str("") (Variant type: STRING)
[GdPAI | debug]   Snapshotting prop: entity = Nil (Variant type: NIL)
[GdPAI | debug]   Snapshotting prop: at_target = Nil (Variant type: NIL)
[GdPAI | debug]   Snapshotting prop: hunger = Float(70.0627442063492) (Variant type: FLOAT)
WARNING: [GdPAI] ObjectRef(1382643928884): object was freed before callback; returning Nil.
   at: gdplanningai_rust::logger::process_logs (src\logger.rs:66)
   GDScript backtrace (most recent call first):
       [0] _start_plan_and_wait (res://test/integration/test_campfire_example_smoke.gd:57)
[GdPAI | debug] GetCost: callable returned non-numeric value: null; returning INFINITY
WARNING: [GdPAI] ObjectRef(124621163998): object was freed before callback; returning Nil.
   at: gdplanningai_rust::logger::process_logs (src\logger.rs:66)
   GDScript backtrace (most recent call first):
       [0] _process (res://addons/GdPlanningAI/gdpai_autoload.gd:21)
[GdPAI | debug] GetCost: callable returned non-numeric value: null; returning INFINITY
WARNING: [GdPAI] ObjectRef(1382643928884): object was freed before callback; returning Nil.
   at: gdplanningai_rust::logger::process_logs (src\logger.rs:66)
   GDScript backtrace (most recent call first):
       [0] _process (res://addons/GdPlanningAI/gdpai_autoload.gd:21)
[GdPAI | debug] ApplyEffect [Before] ID=InstanceId(-9223369398251663234): agent props = {"at_target": null, "hunger": 95.0603725, "held_item": "wood", "entity": null}
[GdPAI | debug] ApplyEffect [After] ID=InstanceId(-9223369398251663234): agent props = {"at_target": null, "hunger": 95.0603725, "held_item": "wood", "entity": null}
[GdPAI | debug]   Snapshotting prop: at_target = Nil (Variant type: NIL)
[GdPAI | debug]   Snapshotting prop: hunger = Float(95.0603725) (Variant type: FLOAT)
[GdPAI | debug]   Snapshotting prop: held_item = Str("wood") (Variant type: STRING)
[GdPAI | debug]   Snapshotting prop: entity = Nil (Variant type: NIL)
WARNING: [GdPAI] ObjectRef(124621163998): object was freed before callback; returning Nil.
   at: gdplanningai_rust::logger::process_logs (src\logger.rs:66)
   GDScript backtrace (most recent call first):
       [0] _start_plan_and_wait (res://test/integration/test_campfire_example_smoke.gd:57)
[GdPAI | debug] ApplyEffect [Before] ID=InstanceId(-9223369397580574549): agent props = {"at_target": null, "hunger": 70.0627442063492, "held_item": "wood", "entity": null}
[GdPAI | debug] ApplyEffect [After] ID=InstanceId(-9223369397580574549): agent props = {"at_target": null, "hunger": 70.0627442063492, "held_item": "wood", "entity": null}
[GdPAI | debug]   Snapshotting prop: at_target = Nil (Variant type: NIL)
[GdPAI | debug]   Snapshotting prop: hunger = Float(70.0627442063492) (Variant type: FLOAT)
[GdPAI | debug]   Snapshotting prop: held_item = Str("wood") (Variant type: STRING)
[GdPAI | debug]   Snapshotting prop: entity = Nil (Variant type: NIL)
WARNING: [GdPAI] ObjectRef(1382643928884): object was freed before callback; returning Nil.
   at: gdplanningai_rust::logger::process_logs (src\logger.rs:66)
   GDScript backtrace (most recent call first):
       [0] _start_plan_and_wait (res://test/integration/test_campfire_example_smoke.gd:57)
WARNING: [GdPAI] ObjectRef(1382643928884): object was freed before callback; returning Nil.
   at: gdplanningai_rust::logger::process_logs (src\logger.rs:66)
   GDScript backtrace (most recent call first):
       [0] _start_plan_and_wait (res://test/integration/test_campfire_example_smoke.gd:57)
[GdPAI | debug] GetCost: callable returned non-numeric value: null; returning INFINITY
[GdPAI] A* Iteration: pop node with chain length 5
[GdPAI | debug] find_candidates: Checking 15 actions against 1 preconds and 2 requirements
WARNING: [GdPAI] ObjectRef(124621163998): object was freed before callback; returning Nil.
   at: gdplanningai_rust::logger::process_logs (src\logger.rs:66)
   GDScript backtrace (most recent call first):
       [0] _process (res://addons/GdPlanningAI/gdpai_autoload.gd:21)
WARNING: [GdPAI] ObjectRef(124621163998): object was freed before callback; returning Nil.
   at: gdplanningai_rust::logger::process_logs (src\logger.rs:66)
   GDScript backtrace (most recent call first):
       [0] _process (res://addons/GdPlanningAI/gdpai_autoload.gd:21)
WARNING: [GdPAI] ObjectRef(1382643928884): object was freed before callback; returning Nil.
   at: gdplanningai_rust::logger::process_logs (src\logger.rs:66)
   GDScript backtrace (most recent call first):
       [0] _process (res://addons/GdPlanningAI/gdpai_autoload.gd:21)
[GdPAI | debug] Discovery: Starting simulation for action Go To
WARNING: [GdPAI] ObjectRef(1382643928884): object was freed before callback; returning Nil.
   at: gdplanningai_rust::logger::process_logs (src\logger.rs:66)
   GDScript backtrace (most recent call first):
       [0] _process (res://addons/GdPlanningAI/gdpai_autoload.gd:21)
[GdPAI | debug] ApplyEffect [Before] ID=InstanceId(-9223369395701526383): agent props = {"held_item": "", "hunger": 95.0603725, "entity": null}
[GdPAI | debug] ApplyEffect [After] ID=InstanceId(-9223369395701526383): agent props = {"held_item": "", "hunger": 95.0603725, "entity": null}
[GdPAI | debug]   Snapshotting prop: held_item = Str("") (Variant type: STRING)
[GdPAI | debug]   Snapshotting prop: hunger = Float(95.0603725) (Variant type: FLOAT)
[GdPAI | debug]   Snapshotting prop: entity = Nil (Variant type: NIL)
WARNING: [GdPAI] ObjectRef(124621163998): object was freed before callback; returning Nil.
   at: gdplanningai_rust::logger::process_logs (src\logger.rs:66)
   GDScript backtrace (most recent call first):
       [0] _start_plan_and_wait (res://test/integration/test_campfire_example_smoke.gd:57)
WARNING: [GdPAI] ObjectRef(124621163998): object was freed before callback; returning Nil.
   at: gdplanningai_rust::logger::process_logs (src\logger.rs:66)
   GDScript backtrace (most recent call first):
       [0] _start_plan_and_wait (res://test/integration/test_campfire_example_smoke.gd:57)
[GdPAI | debug] GetCost: callable returned non-numeric value: null; returning INFINITY
WARNING: [GdPAI] ObjectRef(1382643928884): object was freed before callback; returning Nil.
   at: gdplanningai_rust::logger::process_logs (src\logger.rs:66)
   GDScript backtrace (most recent call first):
       [0] _start_plan_and_wait (res://test/integration/test_campfire_example_smoke.gd:57)
[GdPAI | debug] GetCost: callable returned non-numeric value: null; returning INFINITY
WARNING: [GdPAI] ObjectRef(124621163998): object was freed before callback; returning Nil.
   at: gdplanningai_rust::logger::process_logs (src\logger.rs:66)
   GDScript backtrace (most recent call first):
       [0] _process (res://addons/GdPlanningAI/gdpai_autoload.gd:21)
WARNING: [GdPAI] ObjectRef(124621163998): object was freed before callback; returning Nil.
   at: gdplanningai_rust::logger::process_logs (src\logger.rs:66)
   GDScript backtrace (most recent call first):
       [0] _process (res://addons/GdPlanningAI/gdpai_autoload.gd:21)
[GdPAI | debug] ApplyEffect [Before] ID=InstanceId(-9223369393621151579): agent props = {"held_item": "", "hunger": 70.0627442063492, "entity": null}
[GdPAI | debug] ApplyEffect [After] ID=InstanceId(-9223369393621151579): agent props = {"held_item": "", "hunger": 70.0627442063492, "entity": null}
[GdPAI | debug]   Snapshotting prop: held_item = Str("") (Variant type: STRING)
[GdPAI | debug]   Snapshotting prop: hunger = Float(70.0627442063492) (Variant type: FLOAT)
[GdPAI | debug]   Snapshotting prop: entity = Nil (Variant type: NIL)
[GdPAI | debug] Discovery: Simulation success for Go To. Agent props: {"held_item": Str(""), "hunger": Float(70.0627442063492), "entity": Nil}
[GdPAI | debug] Discovery: Action Go To satisfied precond Builtin { target: Agent, operation: Equal, property_name: "held_item", value: Some(Str("")) }
[GdPAI | debug] Found candidate: Go To (satisfied preconds: [0], requirements: [0, 1])
WARNING: [GdPAI] ObjectRef(1382643928884): object was freed before callback; returning Nil.
   at: gdplanningai_rust::logger::process_logs (src\logger.rs:66)
   GDScript backtrace (most recent call first):
       [0] _process (res://addons/GdPlanningAI/gdpai_autoload.gd:21)
[GdPAI | debug] ApplyEffect [Before] ID=InstanceId(-9223369393050726235): agent props = {"entity": null, "hunger": 95.0603725, "held_item": ""}
[GdPAI | debug] ApplyEffect [After] ID=InstanceId(-9223369393050726235): agent props = {"entity": null, "hunger": 95.0603725, "held_item": ""}
[GdPAI | debug]   Snapshotting prop: entity = Nil (Variant type: NIL)
[GdPAI | debug]   Snapshotting prop: hunger = Float(95.0603725) (Variant type: FLOAT)
[GdPAI | debug]   Snapshotting prop: held_item = Str("") (Variant type: STRING)
[GdPAI | debug] Discovery: Starting simulation for action Eat Held Food
WARNING: [GdPAI] ObjectRef(124621163998): object was freed before callback; returning Nil.
   at: gdplanningai_rust::logger::process_logs (src\logger.rs:66)
   GDScript backtrace (most recent call first):
       [0] _start_plan_and_wait (res://test/integration/test_campfire_example_smoke.gd:57)
WARNING: [GdPAI] ObjectRef(124621163998): object was freed before callback; returning Nil.
   at: gdplanningai_rust::logger::process_logs (src\logger.rs:66)
   GDScript backtrace (most recent call first):
       [0] _start_plan_and_wait (res://test/integration/test_campfire_example_smoke.gd:57)
[GdPAI | debug] GetCost: callable returned non-numeric value: null; returning INFINITY
WARNING: [GdPAI] ObjectRef(1382643928884): object was freed before callback; returning Nil.
   at: gdplanningai_rust::logger::process_logs (src\logger.rs:66)
   GDScript backtrace (most recent call first):
       [0] _start_plan_and_wait (res://test/integration/test_campfire_example_smoke.gd:57)
WARNING: [GdPAI] ObjectRef(1382157389614): object was freed before callback; returning Nil.
   at: gdplanningai_rust::logger::process_logs (src\logger.rs:66)
   GDScript backtrace (most recent call first):
       [0] _start_plan_and_wait (res://test/integration/test_campfire_example_smoke.gd:57)
WARNING: [GdPAI] ObjectRef(1382157389614): object was freed before callback; returning Nil.
   at: gdplanningai_rust::logger::process_logs (src\logger.rs:66)
   GDScript backtrace (most recent call first):
       [0] _start_plan_and_wait (res://test/integration/test_campfire_example_smoke.gd:57)
[GdPAI | debug] GetCost: callable returned non-numeric value: null; returning INFINITY
WARNING: [GdPAI] ObjectRef(124621163998): object was freed before callback; returning Nil.
   at: gdplanningai_rust::logger::process_logs (src\logger.rs:66)
   GDScript backtrace (most recent call first):
       [0] _process (res://addons/GdPlanningAI/gdpai_autoload.gd:21)
WARNING: [GdPAI] ObjectRef(124621163998): object was freed before callback; returning Nil.
   at: gdplanningai_rust::logger::process_logs (src\logger.rs:66)
   GDScript backtrace (most recent call first):
       [0] _process (res://addons/GdPlanningAI/gdpai_autoload.gd:21)
[GdPAI | debug] ApplyEffect [Before] ID=InstanceId(-9223369390920019767): agent props = {"hunger": 70.0627442063492, "held_item": "", "entity": null}
[GdPAI | debug] ApplyEffect [After] ID=InstanceId(-9223369390920019767): agent props = {"hunger": 70.0627442063492, "held_item": "", "entity": null}
[GdPAI | debug]   Snapshotting prop: hunger = Float(70.0627442063492) (Variant type: FLOAT)
[GdPAI | debug]   Snapshotting prop: held_item = Str("") (Variant type: STRING)
[GdPAI | debug]   Snapshotting prop: entity = Nil (Variant type: NIL)
[GdPAI | debug] Discovery: Simulation success for Eat Held Food. Agent props: {"entity": Nil, "hunger": Float(70.0627442063492), "held_item": Str("")}
[GdPAI | debug] Discovery: Action Eat Held Food satisfied precond Builtin { target: Agent, operation: Equal, property_name: "held_item", value: Some(Str("")) }
[GdPAI | debug] Found candidate: Eat Held Food (satisfied preconds: [0], requirements: [])
WARNING: [GdPAI] ObjectRef(1382643928884): object was freed before callback; returning Nil.
   at: gdplanningai_rust::logger::process_logs (src\logger.rs:66)
   GDScript backtrace (most recent call first):
       [0] _process (res://addons/GdPlanningAI/gdpai_autoload.gd:21)
WARNING: [GdPAI] ObjectRef(1382157389614): object was freed before callback; returning Nil.
   at: gdplanningai_rust::logger::process_logs (src\logger.rs:66)
   GDScript backtrace (most recent call first):
       [0] _process (res://addons/GdPlanningAI/gdpai_autoload.gd:21)
WARNING: [GdPAI] ObjectRef(1382157389614): object was freed before callback; returning Nil.
   at: gdplanningai_rust::logger::process_logs (src\logger.rs:66)
   GDScript backtrace (most recent call first):
       [0] _process (res://addons/GdPlanningAI/gdpai_autoload.gd:21)
[GdPAI | debug] ApplyEffect [Before] ID=InstanceId(-9223369390349594423): agent props = {"hunger": 95.0603725, "held_item": "", "entity": null, "at_target": null}
[GdPAI | debug] ApplyEffect [After] ID=InstanceId(-9223369390349594423): agent props = {"hunger": 95.0603725, "held_item": "", "entity": null, "at_target": null}
[GdPAI | debug]   Snapshotting prop: hunger = Float(95.0603725) (Variant type: FLOAT)
[GdPAI | debug]   Snapshotting prop: held_item = Str("") (Variant type: STRING)
[GdPAI | debug]   Snapshotting prop: entity = Nil (Variant type: NIL)
[GdPAI | debug]   Snapshotting prop: at_target = Nil (Variant type: NIL)
WARNING: [GdPAI] ObjectRef(124621163998): object was freed before callback; returning Nil.
   at: gdplanningai_rust::logger::process_logs (src\logger.rs:66)
   GDScript backtrace (most recent call first):
       [0] _start_plan_and_wait (res://test/integration/test_campfire_example_smoke.gd:57)
WARNING: [GdPAI] ObjectRef(124621163998): object was freed before callback; returning Nil.
   at: gdplanningai_rust::logger::process_logs (src\logger.rs:66)
   GDScript backtrace (most recent call first):
       [0] _start_plan_and_wait (res://test/integration/test_campfire_example_smoke.gd:57)
[GdPAI | debug] Discovery: Starting simulation for action Go To
WARNING: [GdPAI] ObjectRef(1382643928884): object was freed before callback; returning Nil.
   at: gdplanningai_rust::logger::process_logs (src\logger.rs:66)
   GDScript backtrace (most recent call first):
       [0] _start_plan_and_wait (res://test/integration/test_campfire_example_smoke.gd:57)
WARNING: [GdPAI] ObjectRef(1382157389614): object was freed before callback; returning Nil.
   at: gdplanningai_rust::logger::process_logs (src\logger.rs:66)
   GDScript backtrace (most recent call first):
       [0] _start_plan_and_wait (res://test/integration/test_campfire_example_smoke.gd:57)
WARNING: [GdPAI] ObjectRef(1382157389614): object was freed before callback; returning Nil.
   at: gdplanningai_rust::logger::process_logs (src\logger.rs:66)
   GDScript backtrace (most recent call first):
       [0] _start_plan_and_wait (res://test/integration/test_campfire_example_smoke.gd:57)
[GdPAI | debug] GetCost: callable returned non-numeric value: null; returning INFINITY
WARNING: [GdPAI] ObjectRef(124621163998): object was freed before callback; returning Nil.
   at: gdplanningai_rust::logger::process_logs (src\logger.rs:66)
   GDScript backtrace (most recent call first):
       [0] _process (res://addons/GdPlanningAI/gdpai_autoload.gd:21)
WARNING: [GdPAI] ObjectRef(124621163998): object was freed before callback; returning Nil.
   at: gdplanningai_rust::logger::process_logs (src\logger.rs:66)
   GDScript backtrace (most recent call first):
       [0] _process (res://addons/GdPlanningAI/gdpai_autoload.gd:21)
[GdPAI | debug] GetCost: callable returned non-numeric value: null; returning INFINITY
WARNING: [GdPAI] ObjectRef(1382643928884): object was freed before callback; returning Nil.
   at: gdplanningai_rust::logger::process_logs (src\logger.rs:66)
   GDScript backtrace (most recent call first):
       [0] _process (res://addons/GdPlanningAI/gdpai_autoload.gd:21)
WARNING: [GdPAI] ObjectRef(1382157389614): object was freed before callback; returning Nil.
   at: gdplanningai_rust::logger::process_logs (src\logger.rs:66)
   GDScript backtrace (most recent call first):
       [0] _process (res://addons/GdPlanningAI/gdpai_autoload.gd:21)
WARNING: [GdPAI] ObjectRef(1382157389614): object was freed before callback; returning Nil.
   at: gdplanningai_rust::logger::process_logs (src\logger.rs:66)
   GDScript backtrace (most recent call first):
       [0] _process (res://addons/GdPlanningAI/gdpai_autoload.gd:21)
[GdPAI | debug] ApplyEffect [Before] ID=InstanceId(-9223369387547799331): agent props = {"entity": null, "hunger": 95.0603725, "held_item": "", "at_target": null}
[GdPAI | debug] ApplyEffect [After] ID=InstanceId(-9223369387547799331): agent props = {"entity": null, "hunger": 95.0603725, "held_item": "", "at_target": null}
[GdPAI | debug]   Snapshotting prop: entity = Nil (Variant type: NIL)
[GdPAI | debug]   Snapshotting prop: hunger = Float(95.0603725) (Variant type: FLOAT)
[GdPAI | debug]   Snapshotting prop: held_item = Str("") (Variant type: STRING)
[GdPAI | debug]   Snapshotting prop: at_target = Nil (Variant type: NIL)
WARNING: [GdPAI] ObjectRef(124621163998): object was freed before callback; returning Nil.
   at: gdplanningai_rust::logger::process_logs (src\logger.rs:66)
   GDScript backtrace (most recent call first):
       [0] _start_plan_and_wait (res://test/integration/test_campfire_example_smoke.gd:57)
WARNING: [GdPAI] ObjectRef(124621163998): object was freed before callback; returning Nil.
   at: gdplanningai_rust::logger::process_logs (src\logger.rs:66)
   GDScript backtrace (most recent call first):
       [0] _start_plan_and_wait (res://test/integration/test_campfire_example_smoke.gd:57)
[GdPAI | debug] ApplyEffect [Before] ID=InstanceId(-9223369386725715745): agent props = {"hunger": 70.0627442063492, "held_item": "", "entity": null}
[GdPAI | debug] ApplyEffect [After] ID=InstanceId(-9223369386725715745): agent props = {"hunger": 70.0627442063492, "held_item": "", "entity": null}
[GdPAI | debug]   Snapshotting prop: hunger = Float(70.0627442063492) (Variant type: FLOAT)
[GdPAI | debug]   Snapshotting prop: held_item = Str("") (Variant type: STRING)
[GdPAI | debug]   Snapshotting prop: entity = Nil (Variant type: NIL)
[GdPAI | debug] Discovery: Simulation success for Go To. Agent props: {"held_item": Str(""), "entity": Nil, "hunger": Float(70.0627442063492)}
[GdPAI | debug] Discovery: Action Go To satisfied precond Builtin { target: Agent, operation: Equal, property_name: "held_item", value: Some(Str("")) }
[GdPAI | debug] Found candidate: Go To (satisfied preconds: [0], requirements: [0, 1])
WARNING: [GdPAI] ObjectRef(1382643928884): object was freed before callback; returning Nil.
   at: gdplanningai_rust::logger::process_logs (src\logger.rs:66)
   GDScript backtrace (most recent call first):
       [0] _start_plan_and_wait (res://test/integration/test_campfire_example_smoke.gd:57)
[GdPAI | debug] Discovery: Starting simulation for action Drop Item
[GdPAI | debug] GetCost: callable returned non-numeric value: null; returning INFINITY
WARNING: [GdPAI] ObjectRef(124621163998): object was freed before callback; returning Nil.
   at: gdplanningai_rust::logger::process_logs (src\logger.rs:66)
   GDScript backtrace (most recent call first):
       [0] _process (res://addons/GdPlanningAI/gdpai_autoload.gd:21)
WARNING: [GdPAI] ObjectRef(124621163998): object was freed before callback; returning Nil.
   at: gdplanningai_rust::logger::process_logs (src\logger.rs:66)
   GDScript backtrace (most recent call first):
       [0] _process (res://addons/GdPlanningAI/gdpai_autoload.gd:21)
[GdPAI | debug] GetCost: callable returned non-numeric value: null; returning INFINITY
WARNING: [GdPAI] ObjectRef(1382643928884): object was freed before callback; returning Nil.
   at: gdplanningai_rust::logger::process_logs (src\logger.rs:66)
   GDScript backtrace (most recent call first):
       [0] _process (res://addons/GdPlanningAI/gdpai_autoload.gd:21)
[GdPAI | debug] ApplyEffect [Before] ID=InstanceId(-9223369384846667551): agent props = {"hunger": 95.0603725, "held_item": "wood", "at_target": null, "entity": null}
[GdPAI | debug] ApplyEffect [After] ID=InstanceId(-9223369384846667551): agent props = {"hunger": 95.0603725, "held_item": "wood", "at_target": null, "entity": null}
[GdPAI | debug]   Snapshotting prop: hunger = Float(95.0603725) (Variant type: FLOAT)
[GdPAI | debug]   Snapshotting prop: held_item = Str("wood") (Variant type: STRING)
[GdPAI | debug]   Snapshotting prop: at_target = Nil (Variant type: NIL)
[GdPAI | debug]   Snapshotting prop: entity = Nil (Variant type: NIL)
WARNING: [GdPAI] ObjectRef(124621163998): object was freed before callback; returning Nil.
   at: gdplanningai_rust::logger::process_logs (src\logger.rs:66)
   GDScript backtrace (most recent call first):
       [0] _start_plan_and_wait (res://test/integration/test_campfire_example_smoke.gd:57)
WARNING: [GdPAI] ObjectRef(124621163998): object was freed before callback; returning Nil.
   at: gdplanningai_rust::logger::process_logs (src\logger.rs:66)
   GDScript backtrace (most recent call first):
       [0] _start_plan_and_wait (res://test/integration/test_campfire_example_smoke.gd:57)
[GdPAI | debug] ApplyEffect [Before] ID=InstanceId(-9223369384125247237): agent props = {"held_item": "", "entity": null, "hunger": 70.0627442063492}
[GdPAI | debug] ApplyEffect [After] ID=InstanceId(-9223369384125247237): agent props = {"held_item": "", "entity": null, "hunger": 70.0627442063492}
[GdPAI | debug]   Snapshotting prop: held_item = Str("") (Variant type: STRING)
[GdPAI | debug]   Snapshotting prop: entity = Nil (Variant type: NIL)
[GdPAI | debug]   Snapshotting prop: hunger = Float(70.0627442063492) (Variant type: FLOAT)
WARNING: [GdPAI] ObjectRef(1382643928884): object was freed before callback; returning Nil.
   at: gdplanningai_rust::logger::process_logs (src\logger.rs:66)
   GDScript backtrace (most recent call first):
       [0] _start_plan_and_wait (res://test/integration/test_campfire_example_smoke.gd:57)
[GdPAI | debug] Discovery: Simulation success for Drop Item. Agent props: {"entity": Nil, "hunger": Float(70.0627442063492), "held_item": Str("")}
[GdPAI | debug] Discovery: Action Drop Item satisfied precond Builtin { target: Agent, operation: Equal, property_name: "held_item", value: Some(Str("")) }
[GdPAI | debug] Found candidate: Drop Item (satisfied preconds: [0], requirements: [])
WARNING: [GdPAI] ObjectRef(1382643928884): object was freed before callback; returning Nil.
   at: gdplanningai_rust::logger::process_logs (src\logger.rs:66)
   GDScript backtrace (most recent call first):
       [0] _start_plan_and_wait (res://test/integration/test_campfire_example_smoke.gd:57)
[GdPAI | debug] GetCost: callable returned non-numeric value: null; returning INFINITY
[GdPAI | debug] Discovery: Starting simulation for action Add Fuel
WARNING: [GdPAI] ObjectRef(124621163998): object was freed before callback; returning Nil.
   at: gdplanningai_rust::logger::process_logs (src\logger.rs:66)
   GDScript backtrace (most recent call first):
       [0] _process (res://addons/GdPlanningAI/gdpai_autoload.gd:21)
WARNING: [GdPAI] ObjectRef(124621163998): object was freed before callback; returning Nil.
   at: gdplanningai_rust::logger::process_logs (src\logger.rs:66)
   GDScript backtrace (most recent call first):
       [0] _process (res://addons/GdPlanningAI/gdpai_autoload.gd:21)
[GdPAI | debug] GetCost: callable returned non-numeric value: null; returning INFINITY
WARNING: [GdPAI] ObjectRef(1382643928884): object was freed before callback; returning Nil.
   at: gdplanningai_rust::logger::process_logs (src\logger.rs:66)
   GDScript backtrace (most recent call first):
       [0] _process (res://addons/GdPlanningAI/gdpai_autoload.gd:21)
WARNING: [GdPAI] ObjectRef(1382643928884): object was freed before callback; returning Nil.
   at: gdplanningai_rust::logger::process_logs (src\logger.rs:66)
   GDScript backtrace (most recent call first):
       [0] _process (res://addons/GdPlanningAI/gdpai_autoload.gd:21)
[GdPAI | debug] ApplyEffect [Before] ID=InstanceId(-9223369382195867362): agent props = {"held_item": "", "hunger": 95.0603725, "entity": null}
[GdPAI | debug] ApplyEffect [After] ID=InstanceId(-9223369382195867362): agent props = {"held_item": "", "hunger": 95.0603725, "entity": null}
[GdPAI | debug]   Snapshotting prop: held_item = Str("") (Variant type: STRING)
[GdPAI | debug]   Snapshotting prop: hunger = Float(95.0603725) (Variant type: FLOAT)
[GdPAI | debug]   Snapshotting prop: entity = Nil (Variant type: NIL)
WARNING: [GdPAI] ObjectRef(124621163998): object was freed before callback; returning Nil.
   at: gdplanningai_rust::logger::process_logs (src\logger.rs:66)
   GDScript backtrace (most recent call first):
       [0] _start_plan_and_wait (res://test/integration/test_campfire_example_smoke.gd:57)
WARNING: [GdPAI] ObjectRef(124621163998): object was freed before callback; returning Nil.
   at: gdplanningai_rust::logger::process_logs (src\logger.rs:66)
   GDScript backtrace (most recent call first):
       [0] _start_plan_and_wait (res://test/integration/test_campfire_example_smoke.gd:57)
[GdPAI | debug] ApplyEffect [Before] ID=InstanceId(-9223369381424115530): agent props = {"held_item": "wood", "hunger": 70.0627442063492, "entity": null}
[GdPAI | debug] ApplyEffect [After] ID=InstanceId(-9223369381424115530): agent props = {"held_item": "wood", "hunger": 70.0627442063492, "entity": null}
[GdPAI | debug]   Snapshotting prop: held_item = Str("wood") (Variant type: STRING)
[GdPAI | debug]   Snapshotting prop: hunger = Float(70.0627442063492) (Variant type: FLOAT)
[GdPAI | debug]   Snapshotting prop: entity = Nil (Variant type: NIL)
[GdPAI | debug] Discovery: Simulation success for Add Fuel. Agent props: {"held_item": Str("wood"), "entity": Nil, "hunger": Float(70.0627442063492)}
[GdPAI | debug] Discovery: Action Add Fuel did NOT satisfy precond Builtin { target: Agent, operation: Equal, property_name: "held_item", value: Some(Str("")) }
WARNING: [GdPAI] ObjectRef(1382643928884): object was freed before callback; returning Nil.
   at: gdplanningai_rust::logger::process_logs (src\logger.rs:66)
   GDScript backtrace (most recent call first):
       [0] _start_plan_and_wait (res://test/integration/test_campfire_example_smoke.gd:57)
[GdPAI | debug] GetCost: callable returned non-numeric value: null; returning INFINITY
WARNING: [GdPAI] ObjectRef(124621163998): object was freed before callback; returning Nil.
   at: gdplanningai_rust::logger::process_logs (src\logger.rs:66)
   GDScript backtrace (most recent call first):
       [0] _process (res://addons/GdPlanningAI/gdpai_autoload.gd:21)
WARNING: [GdPAI] ObjectRef(124621163998): object was freed before callback; returning Nil.
   at: gdplanningai_rust::logger::process_logs (src\logger.rs:66)
   GDScript backtrace (most recent call first):
       [0] _process (res://addons/GdPlanningAI/gdpai_autoload.gd:21)
[GdPAI | debug] Discovery: Action Cook Potato failed validity check, skipping
[GdPAI | debug] Discovery: Starting simulation for action Pick Up Wood
WARNING: [GdPAI] ObjectRef(1382643928884): object was freed before callback; returning Nil.
   at: gdplanningai_rust::logger::process_logs (src\logger.rs:66)
   GDScript backtrace (most recent call first):
       [0] _process (res://addons/GdPlanningAI/gdpai_autoload.gd:21)
[GdPAI | debug] ApplyEffect [Before] ID=InstanceId(-9223369379545067218): agent props = {"hunger": 95.0603725, "held_item": "", "entity": null}
[GdPAI | debug] ApplyEffect [After] ID=InstanceId(-9223369379545067218): agent props = {"hunger": 95.0603725, "held_item": "", "entity": null}
[GdPAI | debug]   Snapshotting prop: hunger = Float(95.0603725) (Variant type: FLOAT)
[GdPAI | debug]   Snapshotting prop: held_item = Str("") (Variant type: STRING)
[GdPAI | debug]   Snapshotting prop: entity = Nil (Variant type: NIL)
WARNING: [GdPAI] ObjectRef(124621163998): object was freed before callback; returning Nil.
   at: gdplanningai_rust::logger::process_logs (src\logger.rs:66)
   GDScript backtrace (most recent call first):
       [0] _start_plan_and_wait (res://test/integration/test_campfire_example_smoke.gd:57)
WARNING: [GdPAI] ObjectRef(124621163998): object was freed before callback; returning Nil.
   at: gdplanningai_rust::logger::process_logs (src\logger.rs:66)
   GDScript backtrace (most recent call first):
       [0] _start_plan_and_wait (res://test/integration/test_campfire_example_smoke.gd:57)
[GdPAI | debug] GetCost: callable returned non-numeric value: null; returning INFINITY
WARNING: [GdPAI] ObjectRef(1382643928884): object was freed before callback; returning Nil.
   at: gdplanningai_rust::logger::process_logs (src\logger.rs:66)
   GDScript backtrace (most recent call first):
       [0] _start_plan_and_wait (res://test/integration/test_campfire_example_smoke.gd:57)
WARNING: [GdPAI] ObjectRef(1382157389614): object was freed before callback; returning Nil.
   at: gdplanningai_rust::logger::process_logs (src\logger.rs:66)
   GDScript backtrace (most recent call first):
       [0] _start_plan_and_wait (res://test/integration/test_campfire_example_smoke.gd:57)
WARNING: [GdPAI] ObjectRef(1382157389614): object was freed before callback; returning Nil.
   at: gdplanningai_rust::logger::process_logs (src\logger.rs:66)
   GDScript backtrace (most recent call first):
       [0] _start_plan_and_wait (res://test/integration/test_campfire_example_smoke.gd:57)
[GdPAI | debug] GetCost: callable returned non-numeric value: null; returning INFINITY
WARNING: [GdPAI] ObjectRef(124621163998): object was freed before callback; returning Nil.
   at: gdplanningai_rust::logger::process_logs (src\logger.rs:66)
   GDScript backtrace (most recent call first):
       [0] _process (res://addons/GdPlanningAI/gdpai_autoload.gd:21)
WARNING: [GdPAI] ObjectRef(124621163998): object was freed before callback; returning Nil.
   at: gdplanningai_rust::logger::process_logs (src\logger.rs:66)
   GDScript backtrace (most recent call first):
       [0] _process (res://addons/GdPlanningAI/gdpai_autoload.gd:21)
[GdPAI | debug] ApplyEffect [Before] ID=InstanceId(-9223369377414360768): agent props = {"held_item": "", "hunger": 70.0627442063492, "entity": null}
[GdPAI | debug] ApplyEffect [After] ID=InstanceId(-9223369377414360768): agent props = {"held_item": "", "hunger": 70.0627442063492, "entity": null}
[GdPAI | debug]   Snapshotting prop: held_item = Str("") (Variant type: STRING)
[GdPAI | debug]   Snapshotting prop: hunger = Float(70.0627442063492) (Variant type: FLOAT)
[GdPAI | debug]   Snapshotting prop: entity = Nil (Variant type: NIL)
[GdPAI | debug] Discovery: Simulation success for Pick Up Wood. Agent props: {"hunger": Float(70.0627442063492), "entity": Nil, "held_item": Str("")}
[GdPAI | debug] Discovery: Action Pick Up Wood satisfied precond Builtin { target: Agent, operation: Equal, property_name: "held_item", value: Some(Str("")) }
[GdPAI | debug] Found candidate: Pick Up Wood (satisfied preconds: [0], requirements: [])
WARNING: [GdPAI] ObjectRef(1382643928884): object was freed before callback; returning Nil.
   at: gdplanningai_rust::logger::process_logs (src\logger.rs:66)
   GDScript backtrace (most recent call first):
       [0] _process (res://addons/GdPlanningAI/gdpai_autoload.gd:21)
WARNING: [GdPAI] ObjectRef(1382157389614): object was freed before callback; returning Nil.
   at: gdplanningai_rust::logger::process_logs (src\logger.rs:66)
   GDScript backtrace (most recent call first):
       [0] _process (res://addons/GdPlanningAI/gdpai_autoload.gd:21)
WARNING: [GdPAI] ObjectRef(1382157389614): object was freed before callback; returning Nil.
   at: gdplanningai_rust::logger::process_logs (src\logger.rs:66)
   GDScript backtrace (most recent call first):
       [0] _process (res://addons/GdPlanningAI/gdpai_autoload.gd:21)
[GdPAI | debug] ApplyEffect [Before] ID=InstanceId(-9223369376843935424): agent props = {"at_target": null, "hunger": 95.0603725, "entity": null, "held_item": ""}
[GdPAI | debug] ApplyEffect [After] ID=InstanceId(-9223369376843935424): agent props = {"at_target": null, "hunger": 95.0603725, "entity": null, "held_item": ""}
[GdPAI | debug]   Snapshotting prop: at_target = Nil (Variant type: NIL)
[GdPAI | debug]   Snapshotting prop: hunger = Float(95.0603725) (Variant type: FLOAT)
[GdPAI | debug]   Snapshotting prop: entity = Nil (Variant type: NIL)
[GdPAI | debug]   Snapshotting prop: held_item = Str("") (Variant type: STRING)
[GdPAI | debug] Discovery: Starting simulation for action Pick Up Wood
WARNING: [GdPAI] ObjectRef(124621163998): object was freed before callback; returning Nil.
   at: gdplanningai_rust::logger::process_logs (src\logger.rs:66)
   GDScript backtrace (most recent call first):
       [0] _start_plan_and_wait (res://test/integration/test_campfire_example_smoke.gd:57)
WARNING: [GdPAI] ObjectRef(124621163998): object was freed before callback; returning Nil.
   at: gdplanningai_rust::logger::process_logs (src\logger.rs:66)
   GDScript backtrace (most recent call first):
       [0] _start_plan_and_wait (res://test/integration/test_campfire_example_smoke.gd:57)
[GdPAI | debug] GetCost: callable returned non-numeric value: null; returning INFINITY
WARNING: [GdPAI] ObjectRef(1382643928884): object was freed before callback; returning Nil.
   at: gdplanningai_rust::logger::process_logs (src\logger.rs:66)
   GDScript backtrace (most recent call first):
       [0] _start_plan_and_wait (res://test/integration/test_campfire_example_smoke.gd:57)
WARNING: [GdPAI] ObjectRef(1382157389614): object was freed before callback; returning Nil.
   at: gdplanningai_rust::logger::process_logs (src\logger.rs:66)
   GDScript backtrace (most recent call first):
       [0] _start_plan_and_wait (res://test/integration/test_campfire_example_smoke.gd:57)
WARNING: [GdPAI] ObjectRef(1382157389614): object was freed before callback; returning Nil.
   at: gdplanningai_rust::logger::process_logs (src\logger.rs:66)
   GDScript backtrace (most recent call first):
       [0] _start_plan_and_wait (res://test/integration/test_campfire_example_smoke.gd:57)
[GdPAI | debug] GetCost: callable returned non-numeric value: null; returning INFINITY
WARNING: [GdPAI] ObjectRef(124621163998): object was freed before callback; returning Nil.
   at: gdplanningai_rust::logger::process_logs (src\logger.rs:66)
   GDScript backtrace (most recent call first):
       [0] _process (res://addons/GdPlanningAI/gdpai_autoload.gd:21)
WARNING: [GdPAI] ObjectRef(124621163998): object was freed before callback; returning Nil.
   at: gdplanningai_rust::logger::process_logs (src\logger.rs:66)
   GDScript backtrace (most recent call first):
       [0] _process (res://addons/GdPlanningAI/gdpai_autoload.gd:21)
[GdPAI | debug] ApplyEffect [Before] ID=InstanceId(-9223369374612565671): agent props = {"hunger": 70.0627442063492, "entity": null, "held_item": ""}
[GdPAI | debug] ApplyEffect [After] ID=InstanceId(-9223369374612565671): agent props = {"hunger": 70.0627442063492, "entity": null, "held_item": ""}
[GdPAI | debug]   Snapshotting prop: hunger = Float(70.0627442063492) (Variant type: FLOAT)
[GdPAI | debug]   Snapshotting prop: entity = Nil (Variant type: NIL)
[GdPAI | debug]   Snapshotting prop: held_item = Str("") (Variant type: STRING)
[GdPAI | debug] Discovery: Simulation success for Pick Up Wood. Agent props: {"entity": Nil, "hunger": Float(70.0627442063492), "held_item": Str("")}
[GdPAI | debug] Discovery: Action Pick Up Wood satisfied precond Builtin { target: Agent, operation: Equal, property_name: "held_item", value: Some(Str("")) }
[GdPAI | debug] Found candidate: Pick Up Wood (satisfied preconds: [0], requirements: [])
WARNING: [GdPAI] ObjectRef(1382643928884): object was freed before callback; returning Nil.
   at: gdplanningai_rust::logger::process_logs (src\logger.rs:66)
   GDScript backtrace (most recent call first):
       [0] _process (res://addons/GdPlanningAI/gdpai_autoload.gd:21)
WARNING: [GdPAI] ObjectRef(1382157389614): object was freed before callback; returning Nil.
   at: gdplanningai_rust::logger::process_logs (src\logger.rs:66)
   GDScript backtrace (most recent call first):
       [0] _process (res://addons/GdPlanningAI/gdpai_autoload.gd:21)
WARNING: [GdPAI] ObjectRef(1382157389614): object was freed before callback; returning Nil.
   at: gdplanningai_rust::logger::process_logs (src\logger.rs:66)
   GDScript backtrace (most recent call first):
       [0] _process (res://addons/GdPlanningAI/gdpai_autoload.gd:21)
[GdPAI | debug] ApplyEffect [Before] ID=InstanceId(-9223369374042140327): agent props = {"hunger": 95.0603725, "at_target": null, "held_item": "", "entity": null}
[GdPAI | debug] ApplyEffect [After] ID=InstanceId(-9223369374042140327): agent props = {"hunger": 95.0603725, "at_target": null, "held_item": "", "entity": null}
[GdPAI | debug]   Snapshotting prop: hunger = Float(95.0603725) (Variant type: FLOAT)
[GdPAI | debug]   Snapshotting prop: at_target = Nil (Variant type: NIL)
[GdPAI | debug]   Snapshotting prop: held_item = Str("") (Variant type: STRING)
[GdPAI | debug]   Snapshotting prop: entity = Nil (Variant type: NIL)
[GdPAI | debug] Discovery: Starting simulation for action Pick Up Wood
WARNING: [GdPAI] ObjectRef(124621163998): object was freed before callback; returning Nil.
   at: gdplanningai_rust::logger::process_logs (src\logger.rs:66)
   GDScript backtrace (most recent call first):
       [0] _start_plan_and_wait (res://test/integration/test_campfire_example_smoke.gd:57)
WARNING: [GdPAI] ObjectRef(124621163998): object was freed before callback; returning Nil.
   at: gdplanningai_rust::logger::process_logs (src\logger.rs:66)
   GDScript backtrace (most recent call first):
       [0] _start_plan_and_wait (res://test/integration/test_campfire_example_smoke.gd:57)
[GdPAI | debug] GetCost: callable returned non-numeric value: null; returning INFINITY
WARNING: [GdPAI] ObjectRef(1382643928884): object was freed before callback; returning Nil.
   at: gdplanningai_rust::logger::process_logs (src\logger.rs:66)
   GDScript backtrace (most recent call first):
       [0] _start_plan_and_wait (res://test/integration/test_campfire_example_smoke.gd:57)
[GdPAI | debug] GetCost: callable returned non-numeric value: null; returning INFINITY
WARNING: [GdPAI] ObjectRef(124621163998): object was freed before callback; returning Nil.
   at: gdplanningai_rust::logger::process_logs (src\logger.rs:66)
   GDScript backtrace (most recent call first):
       [0] _process (res://addons/GdPlanningAI/gdpai_autoload.gd:21)
WARNING: [GdPAI] ObjectRef(124621163998): object was freed before callback; returning Nil.
   at: gdplanningai_rust::logger::process_logs (src\logger.rs:66)
   GDScript backtrace (most recent call first):
       [0] _process (res://addons/GdPlanningAI/gdpai_autoload.gd:21)
[GdPAI | debug] ApplyEffect [Before] ID=InstanceId(-9223369371911433866): agent props = {"entity": null, "hunger": 70.0627442063492, "held_item": ""}
[GdPAI | debug] ApplyEffect [After] ID=InstanceId(-9223369371911433866): agent props = {"entity": null, "hunger": 70.0627442063492, "held_item": ""}
[GdPAI | debug]   Snapshotting prop: entity = Nil (Variant type: NIL)
[GdPAI | debug]   Snapshotting prop: hunger = Float(70.0627442063492) (Variant type: FLOAT)
[GdPAI | debug]   Snapshotting prop: held_item = Str("") (Variant type: STRING)
[GdPAI | debug] Discovery: Simulation success for Pick Up Wood. Agent props: {"entity": Nil, "hunger": Float(70.0627442063492), "held_item": Str("")}
[GdPAI | debug] Discovery: Action Pick Up Wood satisfied precond Builtin { target: Agent, operation: Equal, property_name: "held_item", value: Some(Str("")) }
[GdPAI | debug] Found candidate: Pick Up Wood (satisfied preconds: [0], requirements: [])
WARNING: [GdPAI] ObjectRef(1382643928884): object was freed before callback; returning Nil.
   at: gdplanningai_rust::logger::process_logs (src\logger.rs:66)
   GDScript backtrace (most recent call first):
       [0] _process (res://addons/GdPlanningAI/gdpai_autoload.gd:21)
[GdPAI | debug] ApplyEffect [Before] ID=InstanceId(-9223369371341008522): agent props = {"hunger": 95.0603725, "at_target": null, "held_item": "wood", "entity": null}
[GdPAI | debug] ApplyEffect [After] ID=InstanceId(-9223369371341008522): agent props = {"hunger": 95.0603725, "at_target": null, "held_item": "wood", "entity": null}
[GdPAI | debug]   Snapshotting prop: hunger = Float(95.0603725) (Variant type: FLOAT)
[GdPAI | debug]   Snapshotting prop: at_target = Nil (Variant type: NIL)
[GdPAI | debug]   Snapshotting prop: held_item = Str("wood") (Variant type: STRING)
[GdPAI | debug]   Snapshotting prop: entity = Nil (Variant type: NIL)
[GdPAI | debug] Discovery: Starting simulation for action Pick Up Wood
WARNING: [GdPAI] ObjectRef(124621163998): object was freed before callback; returning Nil.
   at: gdplanningai_rust::logger::process_logs (src\logger.rs:66)
   GDScript backtrace (most recent call first):
       [0] _start_plan_and_wait (res://test/integration/test_campfire_example_smoke.gd:57)
WARNING: [GdPAI] ObjectRef(124621163998): object was freed before callback; returning Nil.
   at: gdplanningai_rust::logger::process_logs (src\logger.rs:66)
   GDScript backtrace (most recent call first):
       [0] _start_plan_and_wait (res://test/integration/test_campfire_example_smoke.gd:57)
[GdPAI | debug] GetCost: callable returned non-numeric value: null; returning INFINITY
WARNING: [GdPAI] ObjectRef(1382643928884): object was freed before callback; returning Nil.
   at: gdplanningai_rust::logger::process_logs (src\logger.rs:66)
   GDScript backtrace (most recent call first):
       [0] _start_plan_and_wait (res://test/integration/test_campfire_example_smoke.gd:57)
WARNING: [GdPAI] ObjectRef(1382643928884): object was freed before callback; returning Nil.
   at: gdplanningai_rust::logger::process_logs (src\logger.rs:66)
   GDScript backtrace (most recent call first):
       [0] _start_plan_and_wait (res://test/integration/test_campfire_example_smoke.gd:57)
[GdPAI | debug] GetCost: callable returned non-numeric value: null; returning INFINITY
WARNING: [GdPAI] ObjectRef(124621163998): object was freed before callback; returning Nil.
   at: gdplanningai_rust::logger::process_logs (src\logger.rs:66)
   GDScript backtrace (most recent call first):
       [0] _process (res://addons/GdPlanningAI/gdpai_autoload.gd:21)
WARNING: [GdPAI] ObjectRef(124621163998): object was freed before callback; returning Nil.
   at: gdplanningai_rust::logger::process_logs (src\logger.rs:66)
   GDScript backtrace (most recent call first):
       [0] _process (res://addons/GdPlanningAI/gdpai_autoload.gd:21)
[GdPAI | debug] ApplyEffect [Before] ID=InstanceId(-9223369369260633720): agent props = {"held_item": "", "hunger": 70.0627442063492, "entity": null}
[GdPAI | debug] ApplyEffect [After] ID=InstanceId(-9223369369260633720): agent props = {"held_item": "", "hunger": 70.0627442063492, "entity": null}
[GdPAI | debug]   Snapshotting prop: held_item = Str("") (Variant type: STRING)
[GdPAI | debug]   Snapshotting prop: hunger = Float(70.0627442063492) (Variant type: FLOAT)
[GdPAI | debug]   Snapshotting prop: entity = Nil (Variant type: NIL)
WARNING: [GdPAI] ObjectRef(1382643928884): object was freed before callback; returning Nil.
   at: gdplanningai_rust::logger::process_logs (src\logger.rs:66)
   GDScript backtrace (most recent call first):
       [0] _process (res://addons/GdPlanningAI/gdpai_autoload.gd:21)
[GdPAI | debug] Discovery: Simulation success for Pick Up Wood. Agent props: {"held_item": Str(""), "entity": Nil, "hunger": Float(70.0627442063492)}
[GdPAI | debug] Discovery: Action Pick Up Wood satisfied precond Builtin { target: Agent, operation: Equal, property_name: "held_item", value: Some(Str("")) }
[GdPAI | debug] Found candidate: Pick Up Wood (satisfied preconds: [0], requirements: [])
WARNING: [GdPAI] ObjectRef(1382643928884): object was freed before callback; returning Nil.
   at: gdplanningai_rust::logger::process_logs (src\logger.rs:66)
   GDScript backtrace (most recent call first):
       [0] _process (res://addons/GdPlanningAI/gdpai_autoload.gd:21)
[GdPAI | debug] ApplyEffect [Before] ID=InstanceId(-9223369368690208376): agent props = {"hunger": 95.0603725, "entity": null, "held_item": ""}
[GdPAI | debug] ApplyEffect [After] ID=InstanceId(-9223369368690208376): agent props = {"hunger": 95.0603725, "entity": null, "held_item": ""}
[GdPAI | debug]   Snapshotting prop: hunger = Float(95.0603725) (Variant type: FLOAT)
[GdPAI | debug]   Snapshotting prop: entity = Nil (Variant type: NIL)
[GdPAI | debug]   Snapshotting prop: held_item = Str("") (Variant type: STRING)
WARNING: [GdPAI] ObjectRef(124621163998): object was freed before callback; returning Nil.
   at: gdplanningai_rust::logger::process_logs (src\logger.rs:66)
   GDScript backtrace (most recent call first):
       [0] _start_plan_and_wait (res://test/integration/test_campfire_example_smoke.gd:57)
WARNING: [GdPAI] ObjectRef(124621163998): object was freed before callback; returning Nil.
   at: gdplanningai_rust::logger::process_logs (src\logger.rs:66)
   GDScript backtrace (most recent call first):
       [0] _start_plan_and_wait (res://test/integration/test_campfire_example_smoke.gd:57)
[GdPAI | debug] Discovery: Action Dig Potato failed validity check, skipping
WARNING: [GdPAI] ObjectRef(1382643928884): object was freed before callback; returning Nil.
   at: gdplanningai_rust::logger::process_logs (src\logger.rs:66)
   GDScript backtrace (most recent call first):
       [0] _start_plan_and_wait (res://test/integration/test_campfire_example_smoke.gd:57)
[GdPAI | debug] GetCost: callable returned non-numeric value: null; returning INFINITY
WARNING: [GdPAI] ObjectRef(124621163998): object was freed before callback; returning Nil.
   at: gdplanningai_rust::logger::process_logs (src\logger.rs:66)
   GDScript backtrace (most recent call first):
       [0] _process (res://addons/GdPlanningAI/gdpai_autoload.gd:21)
WARNING: [GdPAI] ObjectRef(124621163998): object was freed before callback; returning Nil.
   at: gdplanningai_rust::logger::process_logs (src\logger.rs:66)
   GDScript backtrace (most recent call first):
       [0] _process (res://addons/GdPlanningAI/gdpai_autoload.gd:21)
[GdPAI | debug] Discovery: Action Dig Potato failed validity check, skipping
WARNING: [GdPAI] ObjectRef(1382643928884): object was freed before callback; returning Nil.
   at: gdplanningai_rust::logger::process_logs (src\logger.rs:66)
   GDScript backtrace (most recent call first):
       [0] _process (res://addons/GdPlanningAI/gdpai_autoload.gd:21)
[GdPAI | debug] ApplyEffect [Before] ID=InstanceId(-9223369366039408240): agent props = {"hunger": 95.0603725, "entity": null, "held_item": ""}
[GdPAI | debug] ApplyEffect [After] ID=InstanceId(-9223369366039408240): agent props = {"hunger": 95.0603725, "entity": null, "held_item": ""}
[GdPAI | debug]   Snapshotting prop: hunger = Float(95.0603725) (Variant type: FLOAT)
[GdPAI | debug]   Snapshotting prop: entity = Nil (Variant type: NIL)
[GdPAI | debug]   Snapshotting prop: held_item = Str("") (Variant type: STRING)
WARNING: [GdPAI] ObjectRef(124621163998): object was freed before callback; returning Nil.
   at: gdplanningai_rust::logger::process_logs (src\logger.rs:66)
   GDScript backtrace (most recent call first):
       [0] _start_plan_and_wait (res://test/integration/test_campfire_example_smoke.gd:57)
WARNING: [GdPAI] ObjectRef(124621163998): object was freed before callback; returning Nil.
   at: gdplanningai_rust::logger::process_logs (src\logger.rs:66)
   GDScript backtrace (most recent call first):
       [0] _start_plan_and_wait (res://test/integration/test_campfire_example_smoke.gd:57)
[GdPAI | debug] Discovery: Action Dig Potato failed validity check, skipping
WARNING: [GdPAI] ObjectRef(1382643928884): object was freed before callback; returning Nil.
   at: gdplanningai_rust::logger::process_logs (src\logger.rs:66)
   GDScript backtrace (most recent call first):
       [0] _start_plan_and_wait (res://test/integration/test_campfire_example_smoke.gd:57)
WARNING: [GdPAI] ObjectRef(1382157389614): object was freed before callback; returning Nil.
   at: gdplanningai_rust::logger::process_logs (src\logger.rs:66)
   GDScript backtrace (most recent call first):
       [0] _start_plan_and_wait (res://test/integration/test_campfire_example_smoke.gd:57)
WARNING: [GdPAI] ObjectRef(1382157389614): object was freed before callback; returning Nil.
   at: gdplanningai_rust::logger::process_logs (src\logger.rs:66)
   GDScript backtrace (most recent call first):
       [0] _start_plan_and_wait (res://test/integration/test_campfire_example_smoke.gd:57)
[GdPAI | debug] GetCost: callable returned non-numeric value: null; returning INFINITY
WARNING: [GdPAI] ObjectRef(124621163998): object was freed before callback; returning Nil.
   at: gdplanningai_rust::logger::process_logs (src\logger.rs:66)
   GDScript backtrace (most recent call first):
       [0] _process (res://addons/GdPlanningAI/gdpai_autoload.gd:21)
WARNING: [GdPAI] ObjectRef(124621163998): object was freed before callback; returning Nil.
   at: gdplanningai_rust::logger::process_logs (src\logger.rs:66)
   GDScript backtrace (most recent call first):
       [0] _process (res://addons/GdPlanningAI/gdpai_autoload.gd:21)
[GdPAI | debug] Discovery: Action Dig Potato failed validity check, skipping
WARNING: [GdPAI] ObjectRef(1382643928884): object was freed before callback; returning Nil.
   at: gdplanningai_rust::logger::process_logs (src\logger.rs:66)
   GDScript backtrace (most recent call first):
       [0] _process (res://addons/GdPlanningAI/gdpai_autoload.gd:21)
WARNING: [GdPAI] ObjectRef(1382157389614): object was freed before callback; returning Nil.
   at: gdplanningai_rust::logger::process_logs (src\logger.rs:66)
   GDScript backtrace (most recent call first):
       [0] _process (res://addons/GdPlanningAI/gdpai_autoload.gd:21)
WARNING: [GdPAI] ObjectRef(1382157389614): object was freed before callback; returning Nil.
   at: gdplanningai_rust::logger::process_logs (src\logger.rs:66)
   GDScript backtrace (most recent call first):
       [0] _process (res://addons/GdPlanningAI/gdpai_autoload.gd:21)
[GdPAI | debug] ApplyEffect [Before] ID=InstanceId(-9223369363338276420): agent props = {"held_item": "", "entity": null, "at_target": null, "hunger": 95.0603725}
[GdPAI | debug] ApplyEffect [After] ID=InstanceId(-9223369363338276420): agent props = {"held_item": "", "entity": null, "at_target": null, "hunger": 95.0603725}
[GdPAI | debug]   Snapshotting prop: held_item = Str("") (Variant type: STRING)
[GdPAI | debug]   Snapshotting prop: entity = Nil (Variant type: NIL)
[GdPAI | debug]   Snapshotting prop: at_target = Nil (Variant type: NIL)
[GdPAI | debug]   Snapshotting prop: hunger = Float(95.0603725) (Variant type: FLOAT)
WARNING: [GdPAI] ObjectRef(124621163998): object was freed before callback; returning Nil.
   at: gdplanningai_rust::logger::process_logs (src\logger.rs:66)
   GDScript backtrace (most recent call first):
       [0] _start_plan_and_wait (res://test/integration/test_campfire_example_smoke.gd:57)
WARNING: [GdPAI] ObjectRef(124621163998): object was freed before callback; returning Nil.
   at: gdplanningai_rust::logger::process_logs (src\logger.rs:66)
   GDScript backtrace (most recent call first):
       [0] _start_plan_and_wait (res://test/integration/test_campfire_example_smoke.gd:57)
[GdPAI | debug] Discovery: Action Dig Potato failed validity check, skipping
WARNING: [GdPAI] ObjectRef(1382643928884): object was freed before callback; returning Nil.
   at: gdplanningai_rust::logger::process_logs (src\logger.rs:66)
   GDScript backtrace (most recent call first):
       [0] _start_plan_and_wait (res://test/integration/test_campfire_example_smoke.gd:57)
WARNING: [GdPAI] ObjectRef(1382157389614): object was freed before callback; returning Nil.
   at: gdplanningai_rust::logger::process_logs (src\logger.rs:66)
   GDScript backtrace (most recent call first):
       [0] _start_plan_and_wait (res://test/integration/test_campfire_example_smoke.gd:57)
WARNING: [GdPAI] ObjectRef(1382157389614): object was freed before callback; returning Nil.
   at: gdplanningai_rust::logger::process_logs (src\logger.rs:66)
   GDScript backtrace (most recent call first):
       [0] _start_plan_and_wait (res://test/integration/test_campfire_example_smoke.gd:57)
[GdPAI | debug] GetCost: callable returned non-numeric value: null; returning INFINITY
WARNING: [GdPAI] ObjectRef(124621163998): object was freed before callback; returning Nil.
   at: gdplanningai_rust::logger::process_logs (src\logger.rs:66)
   GDScript backtrace (most recent call first):
       [0] _process (res://addons/GdPlanningAI/gdpai_autoload.gd:21)
WARNING: [GdPAI] ObjectRef(124621163998): object was freed before callback; returning Nil.
   at: gdplanningai_rust::logger::process_logs (src\logger.rs:66)
   GDScript backtrace (most recent call first):
       [0] _process (res://addons/GdPlanningAI/gdpai_autoload.gd:21)
WARNING: [GdPAI] ObjectRef(125359361544): object was freed before callback; returning Nil.
   at: gdplanningai_rust::logger::process_logs (src\logger.rs:66)
   GDScript backtrace (most recent call first):
       [0] _process (res://addons/GdPlanningAI/gdpai_autoload.gd:21)
WARNING: [GdPAI] ObjectRef(124134624705): object was freed before callback; returning Nil.
   at: gdplanningai_rust::logger::process_logs (src\logger.rs:66)
   GDScript backtrace (most recent call first):
       [0] _process (res://addons/GdPlanningAI/gdpai_autoload.gd:21)
WARNING: [GdPAI] ObjectRef(125359361544): object was freed before callback; returning Nil.
   at: gdplanningai_rust::logger::process_logs (src\logger.rs:66)
   GDScript backtrace (most recent call first):
       [0] _process (res://addons/GdPlanningAI/gdpai_autoload.gd:21)
WARNING: [GdPAI] ObjectRef(124134624705): object was freed before callback; returning Nil.
   at: gdplanningai_rust::logger::process_logs (src\logger.rs:66)
   GDScript backtrace (most recent call first):
       [0] _process (res://addons/GdPlanningAI/gdpai_autoload.gd:21)
[GdPAI | debug] GetCost: callable returned non-numeric value: null; returning INFINITY
WARNING: [GdPAI] ObjectRef(1382643928884): object was freed before callback; returning Nil.
   at: gdplanningai_rust::logger::process_logs (src\logger.rs:66)
   GDScript backtrace (most recent call first):
       [0] _process (res://addons/GdPlanningAI/gdpai_autoload.gd:21)
WARNING: [GdPAI] ObjectRef(1382157389614): object was freed before callback; returning Nil.
   at: gdplanningai_rust::logger::process_logs (src\logger.rs:66)
   GDScript backtrace (most recent call first):
       [0] _process (res://addons/GdPlanningAI/gdpai_autoload.gd:21)
WARNING: [GdPAI] ObjectRef(1382157389614): object was freed before callback; returning Nil.
   at: gdplanningai_rust::logger::process_logs (src\logger.rs:66)
   GDScript backtrace (most recent call first):
       [0] _process (res://addons/GdPlanningAI/gdpai_autoload.gd:21)
[GdPAI | debug] ApplyEffect [Before] ID=InstanceId(-9223369360536481364): agent props = {"held_item": "", "hunger": 95.0603725, "entity": null, "at_target": null}
[GdPAI | debug] ApplyEffect [After] ID=InstanceId(-9223369360536481364): agent props = {"held_item": "", "hunger": 95.0603725, "entity": null, "at_target": null}
[GdPAI | debug]   Snapshotting prop: held_item = Str("") (Variant type: STRING)
[GdPAI | debug]   Snapshotting prop: hunger = Float(95.0603725) (Variant type: FLOAT)
[GdPAI | debug]   Snapshotting prop: entity = Nil (Variant type: NIL)
[GdPAI | debug]   Snapshotting prop: at_target = Nil (Variant type: NIL)
WARNING: [GdPAI] ObjectRef(124621163998): object was freed before callback; returning Nil.
   at: gdplanningai_rust::logger::process_logs (src\logger.rs:66)
   GDScript backtrace (most recent call first):
       [0] _start_plan_and_wait (res://test/integration/test_campfire_example_smoke.gd:57)
WARNING: [GdPAI] ObjectRef(124621163998): object was freed before callback; returning Nil.
   at: gdplanningai_rust::logger::process_logs (src\logger.rs:66)
   GDScript backtrace (most recent call first):
       [0] _start_plan_and_wait (res://test/integration/test_campfire_example_smoke.gd:57)
WARNING: [GdPAI] ObjectRef(125359361544): object was freed before callback; returning Nil.
   at: gdplanningai_rust::logger::process_logs (src\logger.rs:66)
   GDScript backtrace (most recent call first):
       [0] _start_plan_and_wait (res://test/integration/test_campfire_example_smoke.gd:57)
WARNING: [GdPAI] ObjectRef(124134624705): object was freed before callback; returning Nil.
   at: gdplanningai_rust::logger::process_logs (src\logger.rs:66)
   GDScript backtrace (most recent call first):
       [0] _start_plan_and_wait (res://test/integration/test_campfire_example_smoke.gd:57)
WARNING: [GdPAI] ObjectRef(125359361544): object was freed before callback; returning Nil.
   at: gdplanningai_rust::logger::process_logs (src\logger.rs:66)
   GDScript backtrace (most recent call first):
       [0] _start_plan_and_wait (res://test/integration/test_campfire_example_smoke.gd:57)
WARNING: [GdPAI] ObjectRef(124134624705): object was freed before callback; returning Nil.
   at: gdplanningai_rust::logger::process_logs (src\logger.rs:66)
   GDScript backtrace (most recent call first):
       [0] _start_plan_and_wait (res://test/integration/test_campfire_example_smoke.gd:57)
[GdPAI | debug] ApplyEffect [Before] ID=InstanceId(-9223369359513071125): agent props = {"entity": null, "hunger": 70.0627442063492, "at_target": null, "held_item": ""}
[GdPAI | debug] ApplyEffect [After] ID=InstanceId(-9223369359513071125): agent props = {"entity": null, "hunger": 70.0627442063492, "at_target": null, "held_item": ""}
[GdPAI | debug]   Snapshotting prop: entity = Nil (Variant type: NIL)
[GdPAI | debug]   Snapshotting prop: hunger = Float(70.0627442063492) (Variant type: FLOAT)
[GdPAI | debug]   Snapshotting prop: at_target = Nil (Variant type: NIL)
[GdPAI | debug]   Snapshotting prop: held_item = Str("") (Variant type: STRING)
WARNING: [GdPAI] ObjectRef(1382643928884): object was freed before callback; returning Nil.
   at: gdplanningai_rust::logger::process_logs (src\logger.rs:66)
   GDScript backtrace (most recent call first):
       [0] _start_plan_and_wait (res://test/integration/test_campfire_example_smoke.gd:57)
[GdPAI | debug] GetCost: callable returned non-numeric value: null; returning INFINITY
WARNING: [GdPAI] ObjectRef(124621163998): object was freed before callback; returning Nil.
   at: gdplanningai_rust::logger::process_logs (src\logger.rs:66)
   GDScript backtrace (most recent call first):
       [0] _process (res://addons/GdPlanningAI/gdpai_autoload.gd:21)
WARNING: [GdPAI] ObjectRef(124134624705): object was freed before callback; returning Nil.
   at: gdplanningai_rust::logger::process_logs (src\logger.rs:66)
   GDScript backtrace (most recent call first):
       [0] _process (res://addons/GdPlanningAI/gdpai_autoload.gd:21)
WARNING: [GdPAI] ObjectRef(124134624705): object was freed before callback; returning Nil.
   at: gdplanningai_rust::logger::process_logs (src\logger.rs:66)
   GDScript backtrace (most recent call first):
       [0] _process (res://addons/GdPlanningAI/gdpai_autoload.gd:21)
[GdPAI | debug] GetCost: callable returned non-numeric value: null; returning INFINITY
WARNING: [GdPAI] ObjectRef(1382643928884): object was freed before callback; returning Nil.
   at: gdplanningai_rust::logger::process_logs (src\logger.rs:66)
   GDScript backtrace (most recent call first):
       [0] _process (res://addons/GdPlanningAI/gdpai_autoload.gd:21)
[GdPAI | debug] ApplyEffect [Before] ID=InstanceId(-9223369357432696342): agent props = {"hunger": 95.0603725, "entity": null, "held_item": "wood", "at_target": null}
[GdPAI | debug] ApplyEffect [After] ID=InstanceId(-9223369357432696342): agent props = {"hunger": 95.0603725, "entity": null, "held_item": "wood", "at_target": null}
[GdPAI | debug]   Snapshotting prop: hunger = Float(95.0603725) (Variant type: FLOAT)
[GdPAI | debug]   Snapshotting prop: entity = Nil (Variant type: NIL)
[GdPAI | debug]   Snapshotting prop: held_item = Str("wood") (Variant type: STRING)
[GdPAI | debug]   Snapshotting prop: at_target = Nil (Variant type: NIL)
WARNING: [GdPAI] ObjectRef(124621163998): object was freed before callback; returning Nil.
   at: gdplanningai_rust::logger::process_logs (src\logger.rs:66)
   GDScript backtrace (most recent call first):
       [0] _start_plan_and_wait (res://test/integration/test_campfire_example_smoke.gd:57)
WARNING: [GdPAI] ObjectRef(124134624705): object was freed before callback; returning Nil.
   at: gdplanningai_rust::logger::process_logs (src\logger.rs:66)
   GDScript backtrace (most recent call first):
       [0] _start_plan_and_wait (res://test/integration/test_campfire_example_smoke.gd:57)
WARNING: [GdPAI] ObjectRef(124134624705): object was freed before callback; returning Nil.
   at: gdplanningai_rust::logger::process_logs (src\logger.rs:66)
   GDScript backtrace (most recent call first):
       [0] _start_plan_and_wait (res://test/integration/test_campfire_example_smoke.gd:57)
[GdPAI | debug] ApplyEffect [Before] ID=InstanceId(-9223369356660944351): agent props = {"at_target": null, "held_item": "", "entity": null, "hunger": 70.0627442063492}
[GdPAI | debug] ApplyEffect [After] ID=InstanceId(-9223369356660944351): agent props = {"at_target": null, "held_item": "", "entity": null, "hunger": 70.0627442063492}
[GdPAI | debug]   Snapshotting prop: at_target = Nil (Variant type: NIL)
[GdPAI | debug]   Snapshotting prop: held_item = Str("") (Variant type: STRING)
[GdPAI | debug]   Snapshotting prop: entity = Nil (Variant type: NIL)
[GdPAI | debug]   Snapshotting prop: hunger = Float(70.0627442063492) (Variant type: FLOAT)
WARNING: [GdPAI] ObjectRef(1382643928884): object was freed before callback; returning Nil.
   at: gdplanningai_rust::logger::process_logs (src\logger.rs:66)
   GDScript backtrace (most recent call first):
       [0] _start_plan_and_wait (res://test/integration/test_campfire_example_smoke.gd:57)
WARNING: [GdPAI] ObjectRef(1382643928884): object was freed before callback; returning Nil.
   at: gdplanningai_rust::logger::process_logs (src\logger.rs:66)
   GDScript backtrace (most recent call first):
       [0] _start_plan_and_wait (res://test/integration/test_campfire_example_smoke.gd:57)
[GdPAI | debug] GetCost: callable returned non-numeric value: null; returning INFINITY
WARNING: [GdPAI] ObjectRef(124621163998): object was freed before callback; returning Nil.
   at: gdplanningai_rust::logger::process_logs (src\logger.rs:66)
   GDScript backtrace (most recent call first):
       [0] _process (res://addons/GdPlanningAI/gdpai_autoload.gd:21)
WARNING: [GdPAI] ObjectRef(125359361544): object was freed before callback; returning Nil.
   at: gdplanningai_rust::logger::process_logs (src\logger.rs:66)
   GDScript backtrace (most recent call first):
       [0] _process (res://addons/GdPlanningAI/gdpai_autoload.gd:21)
WARNING: [GdPAI] ObjectRef(125359361544): object was freed before callback; returning Nil.
   at: gdplanningai_rust::logger::process_logs (src\logger.rs:66)
   GDScript backtrace (most recent call first):
       [0] _process (res://addons/GdPlanningAI/gdpai_autoload.gd:21)
[GdPAI | debug] GetCost: callable returned non-numeric value: null; returning INFINITY
WARNING: [GdPAI] ObjectRef(1382643928884): object was freed before callback; returning Nil.
   at: gdplanningai_rust::logger::process_logs (src\logger.rs:66)
   GDScript backtrace (most recent call first):
       [0] _process (res://addons/GdPlanningAI/gdpai_autoload.gd:21)
WARNING: [GdPAI] ObjectRef(1382643928884): object was freed before callback; returning Nil.
   at: gdplanningai_rust::logger::process_logs (src\logger.rs:66)
   GDScript backtrace (most recent call first):
       [0] _process (res://addons/GdPlanningAI/gdpai_autoload.gd:21)
[GdPAI | debug] ApplyEffect [Before] ID=InstanceId(-9223369354681232898): agent props = {"hunger": 95.0603725, "entity": null, "held_item": ""}
[GdPAI | debug] ApplyEffect [After] ID=InstanceId(-9223369354681232898): agent props = {"hunger": 95.0603725, "entity": null, "held_item": ""}
[GdPAI | debug]   Snapshotting prop: hunger = Float(95.0603725) (Variant type: FLOAT)
[GdPAI | debug]   Snapshotting prop: entity = Nil (Variant type: NIL)
[GdPAI | debug]   Snapshotting prop: held_item = Str("") (Variant type: STRING)
WARNING: [GdPAI] ObjectRef(124621163998): object was freed before callback; returning Nil.
   at: gdplanningai_rust::logger::process_logs (src\logger.rs:66)
   GDScript backtrace (most recent call first):
       [0] _start_plan_and_wait (res://test/integration/test_campfire_example_smoke.gd:57)
WARNING: [GdPAI] ObjectRef(125359361544): object was freed before callback; returning Nil.
   at: gdplanningai_rust::logger::process_logs (src\logger.rs:66)
   GDScript backtrace (most recent call first):
       [0] _start_plan_and_wait (res://test/integration/test_campfire_example_smoke.gd:57)
WARNING: [GdPAI] ObjectRef(125359361544): object was freed before callback; returning Nil.
   at: gdplanningai_rust::logger::process_logs (src\logger.rs:66)
   GDScript backtrace (most recent call first):
       [0] _start_plan_and_wait (res://test/integration/test_campfire_example_smoke.gd:57)
[GdPAI | debug] ApplyEffect [Before] ID=InstanceId(-9223369353859149286): agent props = {"held_item": "", "entity": null, "hunger": 70.0627442063492, "at_target": null}
[GdPAI | debug] ApplyEffect [After] ID=InstanceId(-9223369353859149286): agent props = {"held_item": "", "entity": null, "hunger": 70.0627442063492, "at_target": null}
[GdPAI | debug]   Snapshotting prop: held_item = Str("") (Variant type: STRING)
[GdPAI | debug]   Snapshotting prop: entity = Nil (Variant type: NIL)
[GdPAI | debug]   Snapshotting prop: hunger = Float(70.0627442063492) (Variant type: FLOAT)
[GdPAI | debug]   Snapshotting prop: at_target = Nil (Variant type: NIL)
WARNING: [GdPAI] ObjectRef(1382643928884): object was freed before callback; returning Nil.
   at: gdplanningai_rust::logger::process_logs (src\logger.rs:66)
   GDScript backtrace (most recent call first):
       [0] _start_plan_and_wait (res://test/integration/test_campfire_example_smoke.gd:57)
[GdPAI | debug] GetCost: callable returned non-numeric value: null; returning INFINITY
WARNING: [GdPAI] ObjectRef(124621163998): object was freed before callback; returning Nil.
   at: gdplanningai_rust::logger::process_logs (src\logger.rs:66)
   GDScript backtrace (most recent call first):
       [0] _process (res://addons/GdPlanningAI/gdpai_autoload.gd:21)
WARNING: [GdPAI] ObjectRef(124134624705): object was freed before callback; returning Nil.
   at: gdplanningai_rust::logger::process_logs (src\logger.rs:66)
   GDScript backtrace (most recent call first):
       [0] _process (res://addons/GdPlanningAI/gdpai_autoload.gd:21)
WARNING: [GdPAI] ObjectRef(124134624705): object was freed before callback; returning Nil.
   at: gdplanningai_rust::logger::process_logs (src\logger.rs:66)
   GDScript backtrace (most recent call first):
       [0] _process (res://addons/GdPlanningAI/gdpai_autoload.gd:21)
[GdPAI | debug] GetCost: callable returned non-numeric value: null; returning INFINITY
WARNING: [GdPAI] ObjectRef(1382643928884): object was freed before callback; returning Nil.
   at: gdplanningai_rust::logger::process_logs (src\logger.rs:66)
   GDScript backtrace (most recent call first):
       [0] _process (res://addons/GdPlanningAI/gdpai_autoload.gd:21)
[GdPAI | debug] ApplyEffect [Before] ID=InstanceId(-9223369351929769421): agent props = {"hunger": 95.0603725, "held_item": "", "entity": null}
[GdPAI | debug] ApplyEffect [After] ID=InstanceId(-9223369351929769421): agent props = {"hunger": 95.0603725, "held_item": "", "entity": null}
[GdPAI | debug]   Snapshotting prop: hunger = Float(95.0603725) (Variant type: FLOAT)
[GdPAI | debug]   Snapshotting prop: held_item = Str("") (Variant type: STRING)
[GdPAI | debug]   Snapshotting prop: entity = Nil (Variant type: NIL)
WARNING: [GdPAI] ObjectRef(124621163998): object was freed before callback; returning Nil.
   at: gdplanningai_rust::logger::process_logs (src\logger.rs:66)
   GDScript backtrace (most recent call first):
       [0] _start_plan_and_wait (res://test/integration/test_campfire_example_smoke.gd:57)
WARNING: [GdPAI] ObjectRef(124134624705): object was freed before callback; returning Nil.
   at: gdplanningai_rust::logger::process_logs (src\logger.rs:66)
   GDScript backtrace (most recent call first):
       [0] _start_plan_and_wait (res://test/integration/test_campfire_example_smoke.gd:57)
WARNING: [GdPAI] ObjectRef(124134624705): object was freed before callback; returning Nil.
   at: gdplanningai_rust::logger::process_logs (src\logger.rs:66)
   GDScript backtrace (most recent call first):
       [0] _start_plan_and_wait (res://test/integration/test_campfire_example_smoke.gd:57)
[GdPAI | debug] ApplyEffect [Before] ID=InstanceId(-9223369351158017541): agent props = {"held_item": "", "at_target": null, "hunger": 70.0627442063492, "entity": null}
[GdPAI | debug] ApplyEffect [After] ID=InstanceId(-9223369351158017541): agent props = {"held_item": "", "at_target": null, "hunger": 70.0627442063492, "entity": null}
[GdPAI | debug]   Snapshotting prop: held_item = Str("") (Variant type: STRING)
[GdPAI | debug]   Snapshotting prop: at_target = Nil (Variant type: NIL)
[GdPAI | debug]   Snapshotting prop: hunger = Float(70.0627442063492) (Variant type: FLOAT)
[GdPAI | debug]   Snapshotting prop: entity = Nil (Variant type: NIL)
WARNING: [GdPAI] ObjectRef(1382643928884): object was freed before callback; returning Nil.
   at: gdplanningai_rust::logger::process_logs (src\logger.rs:66)
   GDScript backtrace (most recent call first):
       [0] _start_plan_and_wait (res://test/integration/test_campfire_example_smoke.gd:57)
WARNING: [GdPAI] ObjectRef(1382157389614): object was freed before callback; returning Nil.
   at: gdplanningai_rust::logger::process_logs (src\logger.rs:66)
   GDScript backtrace (most recent call first):
       [0] _start_plan_and_wait (res://test/integration/test_campfire_example_smoke.gd:57)
WARNING: [GdPAI] ObjectRef(1382157389614): object was freed before callback; returning Nil.
   at: gdplanningai_rust::logger::process_logs (src\logger.rs:66)
   GDScript backtrace (most recent call first):
       [0] _start_plan_and_wait (res://test/integration/test_campfire_example_smoke.gd:57)
[GdPAI | debug] GetCost: callable returned non-numeric value: null; returning INFINITY
WARNING: [GdPAI] ObjectRef(124621163998): object was freed before callback; returning Nil.
   at: gdplanningai_rust::logger::process_logs (src\logger.rs:66)
   GDScript backtrace (most recent call first):
       [0] _process (res://addons/GdPlanningAI/gdpai_autoload.gd:21)
WARNING: [GdPAI] ObjectRef(124134624705): object was freed before callback; returning Nil.
   at: gdplanningai_rust::logger::process_logs (src\logger.rs:66)
   GDScript backtrace (most recent call first):
       [0] _process (res://addons/GdPlanningAI/gdpai_autoload.gd:21)
WARNING: [GdPAI] ObjectRef(124134624705): object was freed before callback; returning Nil.
   at: gdplanningai_rust::logger::process_logs (src\logger.rs:66)
   GDScript backtrace (most recent call first):
       [0] _process (res://addons/GdPlanningAI/gdpai_autoload.gd:21)
[GdPAI | debug] GetCost: callable returned non-numeric value: null; returning INFINITY
WARNING: [GdPAI] ObjectRef(1382643928884): object was freed before callback; returning Nil.
   at: gdplanningai_rust::logger::process_logs (src\logger.rs:66)
   GDScript backtrace (most recent call first):
       [0] _process (res://addons/GdPlanningAI/gdpai_autoload.gd:21)
WARNING: [GdPAI] ObjectRef(1382157389614): object was freed before callback; returning Nil.
   at: gdplanningai_rust::logger::process_logs (src\logger.rs:66)
   GDScript backtrace (most recent call first):
       [0] _process (res://addons/GdPlanningAI/gdpai_autoload.gd:21)
WARNING: [GdPAI] ObjectRef(1382157389614): object was freed before callback; returning Nil.
   at: gdplanningai_rust::logger::process_logs (src\logger.rs:66)
   GDScript backtrace (most recent call first):
       [0] _process (res://addons/GdPlanningAI/gdpai_autoload.gd:21)
[GdPAI | debug] ApplyEffect [Before] ID=InstanceId(-9223369349127974346): agent props = {"hunger": 95.0603725, "held_item": "", "entity": null, "at_target": null}
[GdPAI | debug] ApplyEffect [After] ID=InstanceId(-9223369349127974346): agent props = {"hunger": 95.0603725, "held_item": "", "entity": null, "at_target": null}
[GdPAI | debug]   Snapshotting prop: hunger = Float(95.0603725) (Variant type: FLOAT)
[GdPAI | debug]   Snapshotting prop: held_item = Str("") (Variant type: STRING)
[GdPAI | debug]   Snapshotting prop: entity = Nil (Variant type: NIL)
[GdPAI | debug]   Snapshotting prop: at_target = Nil (Variant type: NIL)
WARNING: [GdPAI] ObjectRef(124621163998): object was freed before callback; returning Nil.
   at: gdplanningai_rust::logger::process_logs (src\logger.rs:66)
   GDScript backtrace (most recent call first):
       [0] _start_plan_and_wait (res://test/integration/test_campfire_example_smoke.gd:57)
WARNING: [GdPAI] ObjectRef(124134624705): object was freed before callback; returning Nil.
   at: gdplanningai_rust::logger::process_logs (src\logger.rs:66)
   GDScript backtrace (most recent call first):
       [0] _start_plan_and_wait (res://test/integration/test_campfire_example_smoke.gd:57)
WARNING: [GdPAI] ObjectRef(124134624705): object was freed before callback; returning Nil.
   at: gdplanningai_rust::logger::process_logs (src\logger.rs:66)
   GDScript backtrace (most recent call first):
       [0] _start_plan_and_wait (res://test/integration/test_campfire_example_smoke.gd:57)
[GdPAI | debug] ApplyEffect [Before] ID=InstanceId(-9223369348255559049): agent props = {"entity": null, "at_target": null, "hunger": 70.0627442063492, "held_item": ""}
[GdPAI | debug] ApplyEffect [After] ID=InstanceId(-9223369348255559049): agent props = {"entity": null, "at_target": null, "hunger": 70.0627442063492, "held_item": ""}
[GdPAI | debug]   Snapshotting prop: entity = Nil (Variant type: NIL)
[GdPAI | debug]   Snapshotting prop: at_target = Nil (Variant type: NIL)
[GdPAI | debug]   Snapshotting prop: hunger = Float(70.0627442063492) (Variant type: FLOAT)
[GdPAI | debug]   Snapshotting prop: held_item = Str("") (Variant type: STRING)
WARNING: [GdPAI] ObjectRef(1382643928884): object was freed before callback; returning Nil.
   at: gdplanningai_rust::logger::process_logs (src\logger.rs:66)
   GDScript backtrace (most recent call first):
       [0] _start_plan_and_wait (res://test/integration/test_campfire_example_smoke.gd:57)
WARNING: [GdPAI] ObjectRef(1382157389614): object was freed before callback; returning Nil.
   at: gdplanningai_rust::logger::process_logs (src\logger.rs:66)
   GDScript backtrace (most recent call first):
       [0] _start_plan_and_wait (res://test/integration/test_campfire_example_smoke.gd:57)
WARNING: [GdPAI] ObjectRef(1382157389614): object was freed before callback; returning Nil.
   at: gdplanningai_rust::logger::process_logs (src\logger.rs:66)
   GDScript backtrace (most recent call first):
       [0] _start_plan_and_wait (res://test/integration/test_campfire_example_smoke.gd:57)
[GdPAI | debug] GetCost: callable returned non-numeric value: null; returning INFINITY
WARNING: [GdPAI] ObjectRef(124621163998): object was freed before callback; returning Nil.
   at: gdplanningai_rust::logger::process_logs (src\logger.rs:66)
   GDScript backtrace (most recent call first):
       [0] _process (res://addons/GdPlanningAI/gdpai_autoload.gd:21)
[GdPAI | debug] GetCost: callable returned non-numeric value: null; returning INFINITY
WARNING: [GdPAI] ObjectRef(1382643928884): object was freed before callback; returning Nil.
   at: gdplanningai_rust::logger::process_logs (src\logger.rs:66)
   GDScript backtrace (most recent call first):
       [0] _process (res://addons/GdPlanningAI/gdpai_autoload.gd:21)
WARNING: [GdPAI] ObjectRef(1382157389614): object was freed before callback; returning Nil.
   at: gdplanningai_rust::logger::process_logs (src\logger.rs:66)
   GDScript backtrace (most recent call first):
       [0] _process (res://addons/GdPlanningAI/gdpai_autoload.gd:21)
WARNING: [GdPAI] ObjectRef(1382157389614): object was freed before callback; returning Nil.
   at: gdplanningai_rust::logger::process_logs (src\logger.rs:66)
   GDScript backtrace (most recent call first):
       [0] _process (res://addons/GdPlanningAI/gdpai_autoload.gd:21)
[GdPAI | debug] ApplyEffect [Before] ID=InstanceId(-9223369346225515917): agent props = {"at_target": null, "held_item": "", "entity": null, "hunger": 95.0603725}
[GdPAI | debug] ApplyEffect [After] ID=InstanceId(-9223369346225515917): agent props = {"at_target": null, "held_item": "", "entity": null, "hunger": 95.0603725}
[GdPAI | debug]   Snapshotting prop: at_target = Nil (Variant type: NIL)
[GdPAI | debug]   Snapshotting prop: held_item = Str("") (Variant type: STRING)
[GdPAI | debug]   Snapshotting prop: entity = Nil (Variant type: NIL)
[GdPAI | debug]   Snapshotting prop: hunger = Float(95.0603725) (Variant type: FLOAT)
WARNING: [GdPAI] ObjectRef(124621163998): object was freed before callback; returning Nil.
   at: gdplanningai_rust::logger::process_logs (src\logger.rs:66)
   GDScript backtrace (most recent call first):
       [0] _start_plan_and_wait (res://test/integration/test_campfire_example_smoke.gd:57)
[GdPAI | debug] ApplyEffect [Before] ID=InstanceId(-9223369345453764001): agent props = {"entity": null, "hunger": 70.0627442063492, "at_target": null, "held_item": "wood"}
[GdPAI | debug] ApplyEffect [After] ID=InstanceId(-9223369345453764001): agent props = {"entity": null, "hunger": 70.0627442063492, "at_target": null, "held_item": "wood"}
[GdPAI | debug]   Snapshotting prop: entity = Nil (Variant type: NIL)
[GdPAI | debug]   Snapshotting prop: hunger = Float(70.0627442063492) (Variant type: FLOAT)
[GdPAI | debug]   Snapshotting prop: at_target = Nil (Variant type: NIL)
[GdPAI | debug]   Snapshotting prop: held_item = Str("wood") (Variant type: STRING)
WARNING: [GdPAI] ObjectRef(1382643928884): object was freed before callback; returning Nil.
   at: gdplanningai_rust::logger::process_logs (src\logger.rs:66)
   GDScript backtrace (most recent call first):
       [0] _start_plan_and_wait (res://test/integration/test_campfire_example_smoke.gd:57)
[GdPAI | debug] GetCost: callable returned non-numeric value: null; returning INFINITY
WARNING: [GdPAI] ObjectRef(124621163998): object was freed before callback; returning Nil.
   at: gdplanningai_rust::logger::process_logs (src\logger.rs:66)
   GDScript backtrace (most recent call first):
       [0] _process (res://addons/GdPlanningAI/gdpai_autoload.gd:21)
WARNING: [GdPAI] ObjectRef(124621163998): object was freed before callback; returning Nil.
   at: gdplanningai_rust::logger::process_logs (src\logger.rs:66)
   GDScript backtrace (most recent call first):
       [0] _process (res://addons/GdPlanningAI/gdpai_autoload.gd:21)
[GdPAI | debug] GetCost: callable returned non-numeric value: null; returning INFINITY
WARNING: [GdPAI] ObjectRef(1382643928884): object was freed before callback; returning Nil.
   at: gdplanningai_rust::logger::process_logs (src\logger.rs:66)
   GDScript backtrace (most recent call first):
       [0] _process (res://addons/GdPlanningAI/gdpai_autoload.gd:21)
[GdPAI | debug] ApplyEffect [Before] ID=InstanceId(-9223369343625047403): agent props = {"entity": null, "hunger": 95.0603725, "at_target": null, "held_item": "wood"}
[GdPAI | debug] ApplyEffect [After] ID=InstanceId(-9223369343625047403): agent props = {"entity": null, "hunger": 95.0603725, "at_target": null, "held_item": "wood"}
[GdPAI | debug]   Snapshotting prop: entity = Nil (Variant type: NIL)
[GdPAI | debug]   Snapshotting prop: hunger = Float(95.0603725) (Variant type: FLOAT)
[GdPAI | debug]   Snapshotting prop: at_target = Nil (Variant type: NIL)
[GdPAI | debug]   Snapshotting prop: held_item = Str("wood") (Variant type: STRING)
WARNING: [GdPAI] ObjectRef(124621163998): object was freed before callback; returning Nil.
   at: gdplanningai_rust::logger::process_logs (src\logger.rs:66)
   GDScript backtrace (most recent call first):
       [0] _start_plan_and_wait (res://test/integration/test_campfire_example_smoke.gd:57)
WARNING: [GdPAI] ObjectRef(124621163998): object was freed before callback; returning Nil.
   at: gdplanningai_rust::logger::process_logs (src\logger.rs:66)
   GDScript backtrace (most recent call first):
       [0] _start_plan_and_wait (res://test/integration/test_campfire_example_smoke.gd:57)
[GdPAI | debug] ApplyEffect [Before] ID=InstanceId(-9223369342903627090): agent props = {"hunger": 70.0627442063492, "entity": null, "held_item": ""}
[GdPAI | debug] ApplyEffect [After] ID=InstanceId(-9223369342903627090): agent props = {"hunger": 70.0627442063492, "entity": null, "held_item": ""}
[GdPAI | debug]   Snapshotting prop: hunger = Float(70.0627442063492) (Variant type: FLOAT)
[GdPAI | debug]   Snapshotting prop: entity = Nil (Variant type: NIL)
[GdPAI | debug]   Snapshotting prop: held_item = Str("") (Variant type: STRING)
WARNING: [GdPAI] ObjectRef(1382643928884): object was freed before callback; returning Nil.
   at: gdplanningai_rust::logger::process_logs (src\logger.rs:66)
   GDScript backtrace (most recent call first):
       [0] _start_plan_and_wait (res://test/integration/test_campfire_example_smoke.gd:57)
WARNING: [GdPAI] ObjectRef(1382643928884): object was freed before callback; returning Nil.
   at: gdplanningai_rust::logger::process_logs (src\logger.rs:66)
   GDScript backtrace (most recent call first):
       [0] _start_plan_and_wait (res://test/integration/test_campfire_example_smoke.gd:57)
[GdPAI | debug] GetCost: callable returned non-numeric value: null; returning INFINITY
WARNING: [GdPAI] ObjectRef(124621163998): object was freed before callback; returning Nil.
   at: gdplanningai_rust::logger::process_logs (src\logger.rs:66)
   GDScript backtrace (most recent call first):
       [0] _process (res://addons/GdPlanningAI/gdpai_autoload.gd:21)
[GdPAI | debug] GetCost: callable returned non-numeric value: null; returning INFINITY
WARNING: [GdPAI] ObjectRef(1382643928884): object was freed before callback; returning Nil.
   at: gdplanningai_rust::logger::process_logs (src\logger.rs:66)
   GDScript backtrace (most recent call first):
       [0] _process (res://addons/GdPlanningAI/gdpai_autoload.gd:21)
WARNING: [GdPAI] ObjectRef(1382643928884): object was freed before callback; returning Nil.
   at: gdplanningai_rust::logger::process_logs (src\logger.rs:66)
   GDScript backtrace (most recent call first):
       [0] _process (res://addons/GdPlanningAI/gdpai_autoload.gd:21)
[GdPAI | debug] ApplyEffect [Before] ID=InstanceId(-9223369340974247245): agent props = {"hunger": 95.0603725, "entity": null, "held_item": ""}
[GdPAI | debug] ApplyEffect [After] ID=InstanceId(-9223369340974247245): agent props = {"hunger": 95.0603725, "entity": null, "held_item": ""}
[GdPAI | debug]   Snapshotting prop: hunger = Float(95.0603725) (Variant type: FLOAT)
[GdPAI | debug]   Snapshotting prop: entity = Nil (Variant type: NIL)
[GdPAI | debug]   Snapshotting prop: held_item = Str("") (Variant type: STRING)
WARNING: [GdPAI] ObjectRef(124621163998): object was freed before callback; returning Nil.
   at: gdplanningai_rust::logger::process_logs (src\logger.rs:66)
   GDScript backtrace (most recent call first):
       [0] _start_plan_and_wait (res://test/integration/test_campfire_example_smoke.gd:57)
[GdPAI | debug] ApplyEffect [Before] ID=InstanceId(-9223369340252826956): agent props = {"entity": null, "hunger": 70.0627442063492, "held_item": ""}
[GdPAI | debug] ApplyEffect [After] ID=InstanceId(-9223369340252826956): agent props = {"entity": null, "hunger": 70.0627442063492, "held_item": ""}
[GdPAI | debug]   Snapshotting prop: entity = Nil (Variant type: NIL)
[GdPAI | debug]   Snapshotting prop: hunger = Float(70.0627442063492) (Variant type: FLOAT)
[GdPAI | debug]   Snapshotting prop: held_item = Str("") (Variant type: STRING)
WARNING: [GdPAI] ObjectRef(1382643928884): object was freed before callback; returning Nil.
   at: gdplanningai_rust::logger::process_logs (src\logger.rs:66)
   GDScript backtrace (most recent call first):
       [0] _start_plan_and_wait (res://test/integration/test_campfire_example_smoke.gd:57)
[GdPAI | debug] GetCost: callable returned non-numeric value: null; returning INFINITY
WARNING: [GdPAI] ObjectRef(124621163998): object was freed before callback; returning Nil.
   at: gdplanningai_rust::logger::process_logs (src\logger.rs:66)
   GDScript backtrace (most recent call first):
       [0] _process (res://addons/GdPlanningAI/gdpai_autoload.gd:21)
[GdPAI | debug] GetCost: callable returned non-numeric value: null; returning INFINITY
WARNING: [GdPAI] ObjectRef(1382643928884): object was freed before callback; returning Nil.
   at: gdplanningai_rust::logger::process_logs (src\logger.rs:66)
   GDScript backtrace (most recent call first):
       [0] _process (res://addons/GdPlanningAI/gdpai_autoload.gd:21)
[GdPAI | debug] ApplyEffect [Before] ID=InstanceId(-9223369338424110424): agent props = {"held_item": "", "entity": null, "hunger": 95.0603725}
[GdPAI | debug] ApplyEffect [After] ID=InstanceId(-9223369338424110424): agent props = {"held_item": "", "entity": null, "hunger": 95.0603725}
[GdPAI | debug]   Snapshotting prop: held_item = Str("") (Variant type: STRING)
[GdPAI | debug]   Snapshotting prop: entity = Nil (Variant type: NIL)
[GdPAI | debug]   Snapshotting prop: hunger = Float(95.0603725) (Variant type: FLOAT)
WARNING: [GdPAI] ObjectRef(124621163998): object was freed before callback; returning Nil.
   at: gdplanningai_rust::logger::process_logs (src\logger.rs:66)
   GDScript backtrace (most recent call first):
       [0] _start_plan_and_wait (res://test/integration/test_campfire_example_smoke.gd:57)
[GdPAI | debug] ApplyEffect [Before] ID=InstanceId(-9223369337753021817): agent props = {"hunger": 70.0627442063492, "entity": null, "held_item": ""}
[GdPAI | debug] ApplyEffect [After] ID=InstanceId(-9223369337753021817): agent props = {"hunger": 70.0627442063492, "entity": null, "held_item": ""}
[GdPAI | debug]   Snapshotting prop: hunger = Float(70.0627442063492) (Variant type: FLOAT)
[GdPAI | debug]   Snapshotting prop: entity = Nil (Variant type: NIL)
[GdPAI | debug]   Snapshotting prop: held_item = Str("") (Variant type: STRING)
WARNING: [GdPAI] ObjectRef(1382643928884): object was freed before callback; returning Nil.
   at: gdplanningai_rust::logger::process_logs (src\logger.rs:66)
   GDScript backtrace (most recent call first):
       [0] _start_plan_and_wait (res://test/integration/test_campfire_example_smoke.gd:57)
WARNING: [GdPAI] ObjectRef(1382157389614): object was freed before callback; returning Nil.
   at: gdplanningai_rust::logger::process_logs (src\logger.rs:66)
   GDScript backtrace (most recent call first):
       [0] _start_plan_and_wait (res://test/integration/test_campfire_example_smoke.gd:57)
WARNING: [GdPAI] ObjectRef(1382157389614): object was freed before callback; returning Nil.
   at: gdplanningai_rust::logger::process_logs (src\logger.rs:66)
   GDScript backtrace (most recent call first):
       [0] _start_plan_and_wait (res://test/integration/test_campfire_example_smoke.gd:57)
[GdPAI | debug] GetCost: callable returned non-numeric value: null; returning INFINITY
WARNING: [GdPAI] ObjectRef(124621163998): object was freed before callback; returning Nil.
   at: gdplanningai_rust::logger::process_logs (src\logger.rs:66)
   GDScript backtrace (most recent call first):
       [0] _process (res://addons/GdPlanningAI/gdpai_autoload.gd:21)
WARNING: [GdPAI] ObjectRef(124134624705): object was freed before callback; returning Nil.
   at: gdplanningai_rust::logger::process_logs (src\logger.rs:66)
   GDScript backtrace (most recent call first):
       [0] _process (res://addons/GdPlanningAI/gdpai_autoload.gd:21)
WARNING: [GdPAI] ObjectRef(124134624705): object was freed before callback; returning Nil.
   at: gdplanningai_rust::logger::process_logs (src\logger.rs:66)
   GDScript backtrace (most recent call first):
       [0] _process (res://addons/GdPlanningAI/gdpai_autoload.gd:21)
[GdPAI | debug] GetCost: callable returned non-numeric value: null; returning INFINITY
WARNING: [GdPAI] ObjectRef(1382643928884): object was freed before callback; returning Nil.
   at: gdplanningai_rust::logger::process_logs (src\logger.rs:66)
   GDScript backtrace (most recent call first):
       [0] _process (res://addons/GdPlanningAI/gdpai_autoload.gd:21)
WARNING: [GdPAI] ObjectRef(1382157389614): object was freed before callback; returning Nil.
   at: gdplanningai_rust::logger::process_logs (src\logger.rs:66)
   GDScript backtrace (most recent call first):
       [0] _process (res://addons/GdPlanningAI/gdpai_autoload.gd:21)
WARNING: [GdPAI] ObjectRef(1382157389614): object was freed before callback; returning Nil.
   at: gdplanningai_rust::logger::process_logs (src\logger.rs:66)
   GDScript backtrace (most recent call first):
       [0] _process (res://addons/GdPlanningAI/gdpai_autoload.gd:21)
[GdPAI | debug] ApplyEffect [Before] ID=InstanceId(-9223369335823641913): agent props = {"held_item": "", "entity": null, "hunger": 95.0603725, "at_target": null}
[GdPAI | debug] ApplyEffect [After] ID=InstanceId(-9223369335823641913): agent props = {"held_item": "", "entity": null, "hunger": 95.0603725, "at_target": null}
[GdPAI | debug]   Snapshotting prop: held_item = Str("") (Variant type: STRING)
[GdPAI | debug]   Snapshotting prop: entity = Nil (Variant type: NIL)
[GdPAI | debug]   Snapshotting prop: hunger = Float(95.0603725) (Variant type: FLOAT)
[GdPAI | debug]   Snapshotting prop: at_target = Nil (Variant type: NIL)
WARNING: [GdPAI] ObjectRef(124621163998): object was freed before callback; returning Nil.
   at: gdplanningai_rust::logger::process_logs (src\logger.rs:66)
   GDScript backtrace (most recent call first):
       [0] _start_plan_and_wait (res://test/integration/test_campfire_example_smoke.gd:57)
WARNING: [GdPAI] ObjectRef(124134624705): object was freed before callback; returning Nil.
   at: gdplanningai_rust::logger::process_logs (src\logger.rs:66)
   GDScript backtrace (most recent call first):
       [0] _start_plan_and_wait (res://test/integration/test_campfire_example_smoke.gd:57)
WARNING: [GdPAI] ObjectRef(124134624705): object was freed before callback; returning Nil.
   at: gdplanningai_rust::logger::process_logs (src\logger.rs:66)
   GDScript backtrace (most recent call first):
       [0] _start_plan_and_wait (res://test/integration/test_campfire_example_smoke.gd:57)
[GdPAI | debug] ApplyEffect [Before] ID=InstanceId(-9223369334951226642): agent props = {"hunger": 70.0627442063492, "entity": null, "at_target": null, "held_item": ""}
[GdPAI | debug] ApplyEffect [After] ID=InstanceId(-9223369334951226642): agent props = {"hunger": 70.0627442063492, "entity": null, "at_target": null, "held_item": ""}
[GdPAI | debug]   Snapshotting prop: hunger = Float(70.0627442063492) (Variant type: FLOAT)
[GdPAI | debug]   Snapshotting prop: entity = Nil (Variant type: NIL)
[GdPAI | debug]   Snapshotting prop: at_target = Nil (Variant type: NIL)
[GdPAI | debug]   Snapshotting prop: held_item = Str("") (Variant type: STRING)
WARNING: [GdPAI] ObjectRef(1382643928884): object was freed before callback; returning Nil.
   at: gdplanningai_rust::logger::process_logs (src\logger.rs:66)
   GDScript backtrace (most recent call first):
       [0] _start_plan_and_wait (res://test/integration/test_campfire_example_smoke.gd:57)
WARNING: [GdPAI] ObjectRef(1382157389614): object was freed before callback; returning Nil.
   at: gdplanningai_rust::logger::process_logs (src\logger.rs:66)
   GDScript backtrace (most recent call first):
       [0] _start_plan_and_wait (res://test/integration/test_campfire_example_smoke.gd:57)
WARNING: [GdPAI] ObjectRef(1382157389614): object was freed before callback; returning Nil.
   at: gdplanningai_rust::logger::process_logs (src\logger.rs:66)
   GDScript backtrace (most recent call first):
       [0] _start_plan_and_wait (res://test/integration/test_campfire_example_smoke.gd:57)
[GdPAI | debug] GetCost: callable returned non-numeric value: null; returning INFINITY
WARNING: [GdPAI] ObjectRef(124621163998): object was freed before callback; returning Nil.
   at: gdplanningai_rust::logger::process_logs (src\logger.rs:66)
   GDScript backtrace (most recent call first):
       [0] _process (res://addons/GdPlanningAI/gdpai_autoload.gd:21)
WARNING: [GdPAI] ObjectRef(124134624705): object was freed before callback; returning Nil.
   at: gdplanningai_rust::logger::process_logs (src\logger.rs:66)
   GDScript backtrace (most recent call first):
       [0] _process (res://addons/GdPlanningAI/gdpai_autoload.gd:21)
WARNING: [GdPAI] ObjectRef(124134624705): object was freed before callback; returning Nil.
   at: gdplanningai_rust::logger::process_logs (src\logger.rs:66)
   GDScript backtrace (most recent call first):
       [0] _process (res://addons/GdPlanningAI/gdpai_autoload.gd:21)
[GdPAI | debug] GetCost: callable returned non-numeric value: null; returning INFINITY
WARNING: [GdPAI] ObjectRef(1382643928884): object was freed before callback; returning Nil.
   at: gdplanningai_rust::logger::process_logs (src\logger.rs:66)
   GDScript backtrace (most recent call first):
       [0] _process (res://addons/GdPlanningAI/gdpai_autoload.gd:21)
WARNING: [GdPAI] ObjectRef(1382157389614): object was freed before callback; returning Nil.
   at: gdplanningai_rust::logger::process_logs (src\logger.rs:66)
   GDScript backtrace (most recent call first):
       [0] _process (res://addons/GdPlanningAI/gdpai_autoload.gd:21)
WARNING: [GdPAI] ObjectRef(1382157389614): object was freed before callback; returning Nil.
   at: gdplanningai_rust::logger::process_logs (src\logger.rs:66)
   GDScript backtrace (most recent call first):
       [0] _process (res://addons/GdPlanningAI/gdpai_autoload.gd:21)
[GdPAI | debug] ApplyEffect [Before] ID=InstanceId(-9223369332921183517): agent props = {"at_target": null, "hunger": 95.0603725, "held_item": "", "entity": null}
[GdPAI | debug] ApplyEffect [After] ID=InstanceId(-9223369332921183517): agent props = {"at_target": null, "hunger": 95.0603725, "held_item": "", "entity": null}
[GdPAI | debug]   Snapshotting prop: at_target = Nil (Variant type: NIL)
[GdPAI | debug]   Snapshotting prop: hunger = Float(95.0603725) (Variant type: FLOAT)
[GdPAI | debug]   Snapshotting prop: held_item = Str("") (Variant type: STRING)
[GdPAI | debug]   Snapshotting prop: entity = Nil (Variant type: NIL)
WARNING: [GdPAI] ObjectRef(124621163998): object was freed before callback; returning Nil.
   at: gdplanningai_rust::logger::process_logs (src\logger.rs:66)
   GDScript backtrace (most recent call first):
       [0] _start_plan_and_wait (res://test/integration/test_campfire_example_smoke.gd:57)
WARNING: [GdPAI] ObjectRef(124134624705): object was freed before callback; returning Nil.
   at: gdplanningai_rust::logger::process_logs (src\logger.rs:66)
   GDScript backtrace (most recent call first):
       [0] _start_plan_and_wait (res://test/integration/test_campfire_example_smoke.gd:57)
WARNING: [GdPAI] ObjectRef(124134624705): object was freed before callback; returning Nil.
   at: gdplanningai_rust::logger::process_logs (src\logger.rs:66)
   GDScript backtrace (most recent call first):
       [0] _start_plan_and_wait (res://test/integration/test_campfire_example_smoke.gd:57)
[GdPAI | debug] ApplyEffect [Before] ID=InstanceId(-9223369332048768278): agent props = {"hunger": 70.0627442063492, "entity": null, "held_item": "", "at_target": null}
[GdPAI | debug] ApplyEffect [After] ID=InstanceId(-9223369332048768278): agent props = {"hunger": 70.0627442063492, "entity": null, "held_item": "", "at_target": null}
[GdPAI | debug]   Snapshotting prop: hunger = Float(70.0627442063492) (Variant type: FLOAT)
[GdPAI | debug]   Snapshotting prop: entity = Nil (Variant type: NIL)
[GdPAI | debug]   Snapshotting prop: held_item = Str("") (Variant type: STRING)
[GdPAI | debug]   Snapshotting prop: at_target = Nil (Variant type: NIL)
WARNING: [GdPAI] ObjectRef(1382643928884): object was freed before callback; returning Nil.
   at: gdplanningai_rust::logger::process_logs (src\logger.rs:66)
   GDScript backtrace (most recent call first):
       [0] _start_plan_and_wait (res://test/integration/test_campfire_example_smoke.gd:57)
[GdPAI | debug] GetCost: callable returned non-numeric value: null; returning INFINITY
WARNING: [GdPAI] ObjectRef(124621163998): object was freed before callback; returning Nil.
   at: gdplanningai_rust::logger::process_logs (src\logger.rs:66)
   GDScript backtrace (most recent call first):
       [0] _process (res://addons/GdPlanningAI/gdpai_autoload.gd:21)
[GdPAI | debug] GetCost: callable returned non-numeric value: null; returning INFINITY
WARNING: [GdPAI] ObjectRef(1382643928884): object was freed before callback; returning Nil.
   at: gdplanningai_rust::logger::process_logs (src\logger.rs:66)
   GDScript backtrace (most recent call first):
       [0] _process (res://addons/GdPlanningAI/gdpai_autoload.gd:21)
[GdPAI | debug] ApplyEffect [Before] ID=InstanceId(-9223369330119388440): agent props = {"hunger": 95.0603725, "entity": null, "at_target": null, "held_item": "wood"}
[GdPAI | debug] ApplyEffect [After] ID=InstanceId(-9223369330119388440): agent props = {"hunger": 95.0603725, "entity": null, "at_target": null, "held_item": "wood"}
[GdPAI | debug]   Snapshotting prop: hunger = Float(95.0603725) (Variant type: FLOAT)
[GdPAI | debug]   Snapshotting prop: entity = Nil (Variant type: NIL)
[GdPAI | debug]   Snapshotting prop: at_target = Nil (Variant type: NIL)
[GdPAI | debug]   Snapshotting prop: held_item = Str("wood") (Variant type: STRING)
[GdPAI] A* Iteration: pop node with chain length 4
[GdPAI | debug] find_candidates: Checking 15 actions against 1 preconds and 1 requirements
WARNING: [GdPAI] ObjectRef(124621163998): object was freed before callback; returning Nil.
   at: gdplanningai_rust::logger::process_logs (src\logger.rs:66)
   GDScript backtrace (most recent call first):
       [0] _start_plan_and_wait (res://test/integration/test_campfire_example_smoke.gd:57)
[GdPAI | debug] ApplyEffect [Before] ID=InstanceId(-9223369329448299750): agent props = {"at_target": null, "entity": null, "hunger": 70.0627442063492, "held_item": "wood"}
[GdPAI | debug] ApplyEffect [After] ID=InstanceId(-9223369329448299750): agent props = {"at_target": null, "entity": null, "hunger": 70.0627442063492, "held_item": "wood"}
[GdPAI | debug]   Snapshotting prop: at_target = Nil (Variant type: NIL)
[GdPAI | debug]   Snapshotting prop: entity = Nil (Variant type: NIL)
[GdPAI | debug]   Snapshotting prop: hunger = Float(70.0627442063492) (Variant type: FLOAT)
[GdPAI | debug]   Snapshotting prop: held_item = Str("wood") (Variant type: STRING)
WARNING: [GdPAI] ObjectRef(1382643928884): object was freed before callback; returning Nil.
   at: gdplanningai_rust::logger::process_logs (src\logger.rs:66)
   GDScript backtrace (most recent call first):
       [0] _start_plan_and_wait (res://test/integration/test_campfire_example_smoke.gd:57)
WARNING: [GdPAI] ObjectRef(1382643928884): object was freed before callback; returning Nil.
   at: gdplanningai_rust::logger::process_logs (src\logger.rs:66)
   GDScript backtrace (most recent call first):
       [0] _start_plan_and_wait (res://test/integration/test_campfire_example_smoke.gd:57)
[GdPAI | debug] Numeric comparison: 70.0627442063492 GreaterThan 0 -> true
[GdPAI | debug] Discovery: Starting simulation for action Go To
WARNING: [GdPAI] ObjectRef(124621163998): object was freed before callback; returning Nil.
   at: gdplanningai_rust::logger::process_logs (src\logger.rs:66)
   GDScript backtrace (most recent call first):
       [0] _process (res://addons/GdPlanningAI/gdpai_autoload.gd:21)
WARNING: [GdPAI] ObjectRef(124621163998): object was freed before callback; returning Nil.
   at: gdplanningai_rust::logger::process_logs (src\logger.rs:66)
   GDScript backtrace (most recent call first):
       [0] _process (res://addons/GdPlanningAI/gdpai_autoload.gd:21)
WARNING: [GdPAI] ObjectRef(125359361544): object was freed before callback; returning Nil.
   at: gdplanningai_rust::logger::process_logs (src\logger.rs:66)
   GDScript backtrace (most recent call first):
       [0] _process (res://addons/GdPlanningAI/gdpai_autoload.gd:21)
WARNING: [GdPAI] ObjectRef(124134624705): object was freed before callback; returning Nil.
   at: gdplanningai_rust::logger::process_logs (src\logger.rs:66)
   GDScript backtrace (most recent call first):
       [0] _process (res://addons/GdPlanningAI/gdpai_autoload.gd:21)
WARNING: [GdPAI] ObjectRef(125359361544): object was freed before callback; returning Nil.
   at: gdplanningai_rust::logger::process_logs (src\logger.rs:66)
   GDScript backtrace (most recent call first):
       [0] _process (res://addons/GdPlanningAI/gdpai_autoload.gd:21)
WARNING: [GdPAI] ObjectRef(124134624705): object was freed before callback; returning Nil.
   at: gdplanningai_rust::logger::process_logs (src\logger.rs:66)
   GDScript backtrace (most recent call first):
       [0] _process (res://addons/GdPlanningAI/gdpai_autoload.gd:21)
[GdPAI | debug] GetCost: callable returned non-numeric value: null; returning INFINITY
WARNING: [GdPAI] ObjectRef(1382643928884): object was freed before callback; returning Nil.
   at: gdplanningai_rust::logger::process_logs (src\logger.rs:66)
   GDScript backtrace (most recent call first):
       [0] _process (res://addons/GdPlanningAI/gdpai_autoload.gd:21)
WARNING: [GdPAI] ObjectRef(1382643928884): object was freed before callback; returning Nil.
   at: gdplanningai_rust::logger::process_logs (src\logger.rs:66)
   GDScript backtrace (most recent call first):
       [0] _process (res://addons/GdPlanningAI/gdpai_autoload.gd:21)
[GdPAI | debug] GetCost: callable returned non-numeric value: null; returning INFINITY
WARNING: [GdPAI] ObjectRef(124621163998): object was freed before callback; returning Nil.
   at: gdplanningai_rust::logger::process_logs (src\logger.rs:66)
   GDScript backtrace (most recent call first):
       [0] _start_plan_and_wait (res://test/integration/test_campfire_example_smoke.gd:57)
WARNING: [GdPAI] ObjectRef(124621163998): object was freed before callback; returning Nil.
   at: gdplanningai_rust::logger::process_logs (src\logger.rs:66)
   GDScript backtrace (most recent call first):
       [0] _start_plan_and_wait (res://test/integration/test_campfire_example_smoke.gd:57)
WARNING: [GdPAI] ObjectRef(125359361544): object was freed before callback; returning Nil.
   at: gdplanningai_rust::logger::process_logs (src\logger.rs:66)
   GDScript backtrace (most recent call first):
       [0] _start_plan_and_wait (res://test/integration/test_campfire_example_smoke.gd:57)
WARNING: [GdPAI] ObjectRef(124134624705): object was freed before callback; returning Nil.
   at: gdplanningai_rust::logger::process_logs (src\logger.rs:66)
   GDScript backtrace (most recent call first):
       [0] _start_plan_and_wait (res://test/integration/test_campfire_example_smoke.gd:57)
WARNING: [GdPAI] ObjectRef(125359361544): object was freed before callback; returning Nil.
   at: gdplanningai_rust::logger::process_logs (src\logger.rs:66)
   GDScript backtrace (most recent call first):
       [0] _start_plan_and_wait (res://test/integration/test_campfire_example_smoke.gd:57)
WARNING: [GdPAI] ObjectRef(124134624705): object was freed before callback; returning Nil.
   at: gdplanningai_rust::logger::process_logs (src\logger.rs:66)
   GDScript backtrace (most recent call first):
       [0] _start_plan_and_wait (res://test/integration/test_campfire_example_smoke.gd:57)
[GdPAI | debug] ApplyEffect [Before] ID=InstanceId(-9223369326596172992): agent props = {"hunger": 70.0627442063492, "entity": null, "held_item": "", "at_target": null}
[GdPAI | debug] ApplyEffect [After] ID=InstanceId(-9223369326596172992): agent props = {"hunger": 70.0627442063492, "entity": null, "held_item": "", "at_target": null}
[GdPAI | debug]   Snapshotting prop: hunger = Float(70.0627442063492) (Variant type: FLOAT)
[GdPAI | debug]   Snapshotting prop: entity = Nil (Variant type: NIL)
[GdPAI | debug]   Snapshotting prop: held_item = Str("") (Variant type: STRING)
[GdPAI | debug]   Snapshotting prop: at_target = Nil (Variant type: NIL)
WARNING: [GdPAI] ObjectRef(1382643928884): object was freed before callback; returning Nil.
   at: gdplanningai_rust::logger::process_logs (src\logger.rs:66)
   GDScript backtrace (most recent call first):
       [0] _start_plan_and_wait (res://test/integration/test_campfire_example_smoke.gd:57)
WARNING: [GdPAI] ObjectRef(1382643928884): object was freed before callback; returning Nil.
   at: gdplanningai_rust::logger::process_logs (src\logger.rs:66)
   GDScript backtrace (most recent call first):
       [0] _start_plan_and_wait (res://test/integration/test_campfire_example_smoke.gd:57)
[GdPAI | debug] ApplyEffect [Before] ID=InstanceId(-9223369326025747648): agent props = {"entity": null, "held_item": "", "hunger": 95.0603725}
[GdPAI | debug] ApplyEffect [After] ID=InstanceId(-9223369326025747648): agent props = {"entity": null, "held_item": "", "hunger": 95.0603725}
[GdPAI | debug]   Snapshotting prop: entity = Nil (Variant type: NIL)
[GdPAI | debug]   Snapshotting prop: held_item = Str("") (Variant type: STRING)
[GdPAI | debug]   Snapshotting prop: hunger = Float(95.0603725) (Variant type: FLOAT)
[GdPAI | debug] Discovery: Simulation success for Go To. Agent props: {"entity": Nil, "hunger": Float(95.0603725), "held_item": Str("")}
[GdPAI | debug] Discovery: Action Go To satisfied precond Builtin { target: Agent, operation: Equal, property_name: "held_item", value: Some(Str("")) }
[GdPAI | debug] Found candidate: Go To (satisfied preconds: [0], requirements: [0])
[GdPAI | debug] Discovery: Starting simulation for action Eat Held Food
WARNING: [GdPAI] ObjectRef(124621163998): object was freed before callback; returning Nil.
   at: gdplanningai_rust::logger::process_logs (src\logger.rs:66)
   GDScript backtrace (most recent call first):
       [0] _process (res://addons/GdPlanningAI/gdpai_autoload.gd:21)
WARNING: [GdPAI] ObjectRef(124134624705): object was freed before callback; returning Nil.
   at: gdplanningai_rust::logger::process_logs (src\logger.rs:66)
   GDScript backtrace (most recent call first):
       [0] _process (res://addons/GdPlanningAI/gdpai_autoload.gd:21)
WARNING: [GdPAI] ObjectRef(124134624705): object was freed before callback; returning Nil.
   at: gdplanningai_rust::logger::process_logs (src\logger.rs:66)
   GDScript backtrace (most recent call first):
       [0] _process (res://addons/GdPlanningAI/gdpai_autoload.gd:21)
[GdPAI | debug] GetCost: callable returned non-numeric value: null; returning INFINITY
WARNING: [GdPAI] ObjectRef(1382643928884): object was freed before callback; returning Nil.
   at: gdplanningai_rust::logger::process_logs (src\logger.rs:66)
   GDScript backtrace (most recent call first):
       [0] _process (res://addons/GdPlanningAI/gdpai_autoload.gd:21)
WARNING: [GdPAI] ObjectRef(1382643928884): object was freed before callback; returning Nil.
   at: gdplanningai_rust::logger::process_logs (src\logger.rs:66)
   GDScript backtrace (most recent call first):
       [0] _process (res://addons/GdPlanningAI/gdpai_autoload.gd:21)
[GdPAI | debug] GetCost: callable returned non-numeric value: null; returning INFINITY
WARNING: [GdPAI] ObjectRef(124621163998): object was freed before callback; returning Nil.
   at: gdplanningai_rust::logger::process_logs (src\logger.rs:66)
   GDScript backtrace (most recent call first):
       [0] _start_plan_and_wait (res://test/integration/test_campfire_example_smoke.gd:57)
WARNING: [GdPAI] ObjectRef(124134624705): object was freed before callback; returning Nil.
   at: gdplanningai_rust::logger::process_logs (src\logger.rs:66)
   GDScript backtrace (most recent call first):
       [0] _start_plan_and_wait (res://test/integration/test_campfire_example_smoke.gd:57)
WARNING: [GdPAI] ObjectRef(124134624705): object was freed before callback; returning Nil.
   at: gdplanningai_rust::logger::process_logs (src\logger.rs:66)
   GDScript backtrace (most recent call first):
       [0] _start_plan_and_wait (res://test/integration/test_campfire_example_smoke.gd:57)
[GdPAI | debug] ApplyEffect [Before] ID=InstanceId(-9223369323643382934): agent props = {"hunger": 70.0627442063492, "entity": null, "held_item": "", "at_target": null}
[GdPAI | debug] ApplyEffect [After] ID=InstanceId(-9223369323643382934): agent props = {"hunger": 70.0627442063492, "entity": null, "held_item": "", "at_target": null}
[GdPAI | debug]   Snapshotting prop: hunger = Float(70.0627442063492) (Variant type: FLOAT)
[GdPAI | debug]   Snapshotting prop: entity = Nil (Variant type: NIL)
[GdPAI | debug]   Snapshotting prop: held_item = Str("") (Variant type: STRING)
[GdPAI | debug]   Snapshotting prop: at_target = Nil (Variant type: NIL)
WARNING: [GdPAI] ObjectRef(1382643928884): object was freed before callback; returning Nil.
   at: gdplanningai_rust::logger::process_logs (src\logger.rs:66)
   GDScript backtrace (most recent call first):
       [0] _start_plan_and_wait (res://test/integration/test_campfire_example_smoke.gd:57)
WARNING: [GdPAI] ObjectRef(1382643928884): object was freed before callback; returning Nil.
   at: gdplanningai_rust::logger::process_logs (src\logger.rs:66)
   GDScript backtrace (most recent call first):
       [0] _start_plan_and_wait (res://test/integration/test_campfire_example_smoke.gd:57)
[GdPAI | debug] ApplyEffect [Before] ID=InstanceId(-9223369323072957590): agent props = {"held_item": "", "hunger": 95.0603725, "entity": null}
[GdPAI | debug] ApplyEffect [After] ID=InstanceId(-9223369323072957590): agent props = {"held_item": "", "hunger": 95.0603725, "entity": null}
[GdPAI | debug]   Snapshotting prop: held_item = Str("") (Variant type: STRING)
[GdPAI | debug]   Snapshotting prop: hunger = Float(95.0603725) (Variant type: FLOAT)
[GdPAI | debug]   Snapshotting prop: entity = Nil (Variant type: NIL)
[GdPAI | debug] Discovery: Simulation success for Eat Held Food. Agent props: {"entity": Nil, "hunger": Float(95.0603725), "held_item": Str("")}
[GdPAI | debug] Discovery: Action Eat Held Food satisfied precond Builtin { target: Agent, operation: Equal, property_name: "held_item", value: Some(Str("")) }
[GdPAI | debug] Found candidate: Eat Held Food (satisfied preconds: [0], requirements: [])
WARNING: [GdPAI] ObjectRef(124621163998): object was freed before callback; returning Nil.
   at: gdplanningai_rust::logger::process_logs (src\logger.rs:66)
   GDScript backtrace (most recent call first):
       [0] _process (res://addons/GdPlanningAI/gdpai_autoload.gd:21)
WARNING: [GdPAI] ObjectRef(125359361544): object was freed before callback; returning Nil.
   at: gdplanningai_rust::logger::process_logs (src\logger.rs:66)
   GDScript backtrace (most recent call first):
       [0] _process (res://addons/GdPlanningAI/gdpai_autoload.gd:21)
WARNING: [GdPAI] ObjectRef(125359361544): object was freed before callback; returning Nil.
   at: gdplanningai_rust::logger::process_logs (src\logger.rs:66)
   GDScript backtrace (most recent call first):
       [0] _process (res://addons/GdPlanningAI/gdpai_autoload.gd:21)
[GdPAI | debug] GetCost: callable returned non-numeric value: null; returning INFINITY
WARNING: [GdPAI] ObjectRef(1382643928884): object was freed before callback; returning Nil.
   at: gdplanningai_rust::logger::process_logs (src\logger.rs:66)
   GDScript backtrace (most recent call first):
       [0] _process (res://addons/GdPlanningAI/gdpai_autoload.gd:21)
WARNING: [GdPAI] ObjectRef(1382643928884): object was freed before callback; returning Nil.
   at: gdplanningai_rust::logger::process_logs (src\logger.rs:66)
   GDScript backtrace (most recent call first):
       [0] _process (res://addons/GdPlanningAI/gdpai_autoload.gd:21)
[GdPAI | debug] Discovery: Starting simulation for action Go To
WARNING: [GdPAI] ObjectRef(124621163998): object was freed before callback; returning Nil.
   at: gdplanningai_rust::logger::process_logs (src\logger.rs:66)
   GDScript backtrace (most recent call first):
       [0] _start_plan_and_wait (res://test/integration/test_campfire_example_smoke.gd:57)
WARNING: [GdPAI] ObjectRef(125359361544): object was freed before callback; returning Nil.
   at: gdplanningai_rust::logger::process_logs (src\logger.rs:66)
   GDScript backtrace (most recent call first):
       [0] _start_plan_and_wait (res://test/integration/test_campfire_example_smoke.gd:57)
WARNING: [GdPAI] ObjectRef(125359361544): object was freed before callback; returning Nil.
   at: gdplanningai_rust::logger::process_logs (src\logger.rs:66)
   GDScript backtrace (most recent call first):
       [0] _start_plan_and_wait (res://test/integration/test_campfire_example_smoke.gd:57)
[GdPAI | debug] ApplyEffect [Before] ID=InstanceId(-9223369320841587858): agent props = {"hunger": 70.0627442063492, "held_item": "", "at_target": null, "entity": null}
[GdPAI | debug] ApplyEffect [After] ID=InstanceId(-9223369320841587858): agent props = {"hunger": 70.0627442063492, "held_item": "", "at_target": null, "entity": null}
[GdPAI | debug]   Snapshotting prop: hunger = Float(70.0627442063492) (Variant type: FLOAT)
[GdPAI | debug]   Snapshotting prop: held_item = Str("") (Variant type: STRING)
[GdPAI | debug]   Snapshotting prop: at_target = Nil (Variant type: NIL)
[GdPAI | debug]   Snapshotting prop: entity = Nil (Variant type: NIL)
WARNING: [GdPAI] ObjectRef(1382643928884): object was freed before callback; returning Nil.
   at: gdplanningai_rust::logger::process_logs (src\logger.rs:66)
   GDScript backtrace (most recent call first):
       [0] _start_plan_and_wait (res://test/integration/test_campfire_example_smoke.gd:57)
WARNING: [GdPAI] ObjectRef(1382643928884): object was freed before callback; returning Nil.
   at: gdplanningai_rust::logger::process_logs (src\logger.rs:66)
   GDScript backtrace (most recent call first):
       [0] _start_plan_and_wait (res://test/integration/test_campfire_example_smoke.gd:57)
[GdPAI | debug] GetCost: callable returned non-numeric value: null; returning INFINITY
WARNING: [GdPAI] ObjectRef(124621163998): object was freed before callback; returning Nil.
   at: gdplanningai_rust::logger::process_logs (src\logger.rs:66)
   GDScript backtrace (most recent call first):
       [0] _process (res://addons/GdPlanningAI/gdpai_autoload.gd:21)
WARNING: [GdPAI] ObjectRef(124134624705): object was freed before callback; returning Nil.
   at: gdplanningai_rust::logger::process_logs (src\logger.rs:66)
   GDScript backtrace (most recent call first):
       [0] _process (res://addons/GdPlanningAI/gdpai_autoload.gd:21)
WARNING: [GdPAI] ObjectRef(124134624705): object was freed before callback; returning Nil.
   at: gdplanningai_rust::logger::process_logs (src\logger.rs:66)
   GDScript backtrace (most recent call first):
       [0] _process (res://addons/GdPlanningAI/gdpai_autoload.gd:21)
[GdPAI | debug] GetCost: callable returned non-numeric value: null; returning INFINITY
WARNING: [GdPAI] ObjectRef(1382643928884): object was freed before callback; returning Nil.
   at: gdplanningai_rust::logger::process_logs (src\logger.rs:66)
   GDScript backtrace (most recent call first):
       [0] _process (res://addons/GdPlanningAI/gdpai_autoload.gd:21)
WARNING: [GdPAI] ObjectRef(1382643928884): object was freed before callback; returning Nil.
   at: gdplanningai_rust::logger::process_logs (src\logger.rs:66)
   GDScript backtrace (most recent call first):
       [0] _process (res://addons/GdPlanningAI/gdpai_autoload.gd:21)
[GdPAI | debug] ApplyEffect [Before] ID=InstanceId(-9223369318861876364): agent props = {"entity": null, "held_item": "", "hunger": 95.0603725}
[GdPAI | debug] ApplyEffect [After] ID=InstanceId(-9223369318861876364): agent props = {"entity": null, "held_item": "", "hunger": 95.0603725}
[GdPAI | debug]   Snapshotting prop: entity = Nil (Variant type: NIL)
[GdPAI | debug]   Snapshotting prop: held_item = Str("") (Variant type: STRING)
[GdPAI | debug]   Snapshotting prop: hunger = Float(95.0603725) (Variant type: FLOAT)
[GdPAI | debug] Discovery: Simulation success for Go To. Agent props: {"entity": Nil, "held_item": Str(""), "hunger": Float(95.0603725)}
[GdPAI | debug] Discovery: Action Go To satisfied precond Builtin { target: Agent, operation: Equal, property_name: "held_item", value: Some(Str("")) }
[GdPAI | debug] Found candidate: Go To (satisfied preconds: [0], requirements: [0])
[GdPAI | debug] Discovery: Starting simulation for action Drop Item
WARNING: [GdPAI] ObjectRef(124621163998): object was freed before callback; returning Nil.
   at: gdplanningai_rust::logger::process_logs (src\logger.rs:66)
   GDScript backtrace (most recent call first):
       [0] _start_plan_and_wait (res://test/integration/test_campfire_example_smoke.gd:57)
WARNING: [GdPAI] ObjectRef(124134624705): object was freed before callback; returning Nil.
   at: gdplanningai_rust::logger::process_logs (src\logger.rs:66)
   GDScript backtrace (most recent call first):
       [0] _start_plan_and_wait (res://test/integration/test_campfire_example_smoke.gd:57)
WARNING: [GdPAI] ObjectRef(124134624705): object was freed before callback; returning Nil.
   at: gdplanningai_rust::logger::process_logs (src\logger.rs:66)
   GDScript backtrace (most recent call first):
       [0] _start_plan_and_wait (res://test/integration/test_campfire_example_smoke.gd:57)
[GdPAI | debug] ApplyEffect [Before] ID=InstanceId(-9223369318039792741): agent props = {"at_target": null, "hunger": 70.0627442063492, "held_item": "", "entity": null}
[GdPAI | debug] ApplyEffect [After] ID=InstanceId(-9223369318039792741): agent props = {"at_target": null, "hunger": 70.0627442063492, "held_item": "", "entity": null}
[GdPAI | debug]   Snapshotting prop: at_target = Nil (Variant type: NIL)
[GdPAI | debug]   Snapshotting prop: hunger = Float(70.0627442063492) (Variant type: FLOAT)
[GdPAI | debug]   Snapshotting prop: held_item = Str("") (Variant type: STRING)
[GdPAI | debug]   Snapshotting prop: entity = Nil (Variant type: NIL)
WARNING: [GdPAI] ObjectRef(1382643928884): object was freed before callback; returning Nil.
   at: gdplanningai_rust::logger::process_logs (src\logger.rs:66)
   GDScript backtrace (most recent call first):
       [0] _start_plan_and_wait (res://test/integration/test_campfire_example_smoke.gd:57)
WARNING: [GdPAI] ObjectRef(1382643928884): object was freed before callback; returning Nil.
   at: gdplanningai_rust::logger::process_logs (src\logger.rs:66)
   GDScript backtrace (most recent call first):
       [0] _start_plan_and_wait (res://test/integration/test_campfire_example_smoke.gd:57)
[GdPAI | debug] GetCost: callable returned non-numeric value: null; returning INFINITY
WARNING: [GdPAI] ObjectRef(124621163998): object was freed before callback; returning Nil.
   at: gdplanningai_rust::logger::process_logs (src\logger.rs:66)
   GDScript backtrace (most recent call first):
       [0] _process (res://addons/GdPlanningAI/gdpai_autoload.gd:21)
WARNING: [GdPAI] ObjectRef(124134624705): object was freed before callback; returning Nil.
   at: gdplanningai_rust::logger::process_logs (src\logger.rs:66)
   GDScript backtrace (most recent call first):
       [0] _process (res://addons/GdPlanningAI/gdpai_autoload.gd:21)
WARNING: [GdPAI] ObjectRef(124134624705): object was freed before callback; returning Nil.
   at: gdplanningai_rust::logger::process_logs (src\logger.rs:66)
   GDScript backtrace (most recent call first):
       [0] _process (res://addons/GdPlanningAI/gdpai_autoload.gd:21)
[GdPAI | debug] GetCost: callable returned non-numeric value: null; returning INFINITY
WARNING: [GdPAI] ObjectRef(1382643928884): object was freed before callback; returning Nil.
   at: gdplanningai_rust::logger::process_logs (src\logger.rs:66)
   GDScript backtrace (most recent call first):
       [0] _process (res://addons/GdPlanningAI/gdpai_autoload.gd:21)
WARNING: [GdPAI] ObjectRef(1382643928884): object was freed before callback; returning Nil.
   at: gdplanningai_rust::logger::process_logs (src\logger.rs:66)
   GDScript backtrace (most recent call first):
       [0] _process (res://addons/GdPlanningAI/gdpai_autoload.gd:21)
[GdPAI | debug] ApplyEffect [Before] ID=InstanceId(-9223369316060081258): agent props = {"held_item": "", "hunger": 95.0603725, "entity": null}
[GdPAI | debug] ApplyEffect [After] ID=InstanceId(-9223369316060081258): agent props = {"held_item": "", "hunger": 95.0603725, "entity": null}
[GdPAI | debug]   Snapshotting prop: held_item = Str("") (Variant type: STRING)
[GdPAI | debug]   Snapshotting prop: hunger = Float(95.0603725) (Variant type: FLOAT)
[GdPAI | debug]   Snapshotting prop: entity = Nil (Variant type: NIL)
[GdPAI | debug] Discovery: Simulation success for Drop Item. Agent props: {"hunger": Float(95.0603725), "held_item": Str(""), "entity": Nil}
[GdPAI | debug] Discovery: Action Drop Item satisfied precond Builtin { target: Agent, operation: Equal, property_name: "held_item", value: Some(Str("")) }
[GdPAI | debug] Found candidate: Drop Item (satisfied preconds: [0], requirements: [])
[GdPAI | debug] Discovery: Starting simulation for action Add Fuel
WARNING: [GdPAI] ObjectRef(124621163998): object was freed before callback; returning Nil.
   at: gdplanningai_rust::logger::process_logs (src\logger.rs:66)
   GDScript backtrace (most recent call first):
       [0] _start_plan_and_wait (res://test/integration/test_campfire_example_smoke.gd:57)
WARNING: [GdPAI] ObjectRef(124134624705): object was freed before callback; returning Nil.
   at: gdplanningai_rust::logger::process_logs (src\logger.rs:66)
   GDScript backtrace (most recent call first):
       [0] _start_plan_and_wait (res://test/integration/test_campfire_example_smoke.gd:57)
WARNING: [GdPAI] ObjectRef(124134624705): object was freed before callback; returning Nil.
   at: gdplanningai_rust::logger::process_logs (src\logger.rs:66)
   GDScript backtrace (most recent call first):
       [0] _start_plan_and_wait (res://test/integration/test_campfire_example_smoke.gd:57)
[GdPAI | debug] ApplyEffect [Before] ID=InstanceId(-9223369315237997646): agent props = {"entity": null, "held_item": "", "hunger": 70.0627442063492, "at_target": null}
[GdPAI | debug] ApplyEffect [After] ID=InstanceId(-9223369315237997646): agent props = {"entity": null, "held_item": "", "hunger": 70.0627442063492, "at_target": null}
[GdPAI | debug]   Snapshotting prop: entity = Nil (Variant type: NIL)
[GdPAI | debug]   Snapshotting prop: held_item = Str("") (Variant type: STRING)
[GdPAI | debug]   Snapshotting prop: hunger = Float(70.0627442063492) (Variant type: FLOAT)
[GdPAI | debug]   Snapshotting prop: at_target = Nil (Variant type: NIL)
WARNING: [GdPAI] ObjectRef(1382643928884): object was freed before callback; returning Nil.
   at: gdplanningai_rust::logger::process_logs (src\logger.rs:66)
   GDScript backtrace (most recent call first):
       [0] _start_plan_and_wait (res://test/integration/test_campfire_example_smoke.gd:57)
WARNING: [GdPAI] ObjectRef(1382643928884): object was freed before callback; returning Nil.
   at: gdplanningai_rust::logger::process_logs (src\logger.rs:66)
   GDScript backtrace (most recent call first):
       [0] _start_plan_and_wait (res://test/integration/test_campfire_example_smoke.gd:57)
[GdPAI | debug] GetCost: callable returned non-numeric value: null; returning INFINITY
WARNING: [GdPAI] ObjectRef(124621163998): object was freed before callback; returning Nil.
   at: gdplanningai_rust::logger::process_logs (src\logger.rs:66)
   GDScript backtrace (most recent call first):
       [0] _process (res://addons/GdPlanningAI/gdpai_autoload.gd:21)
[GdPAI | debug] GetCost: callable returned non-numeric value: null; returning INFINITY
WARNING: [GdPAI] ObjectRef(1382643928884): object was freed before callback; returning Nil.
   at: gdplanningai_rust::logger::process_logs (src\logger.rs:66)
   GDScript backtrace (most recent call first):
       [0] _process (res://addons/GdPlanningAI/gdpai_autoload.gd:21)
WARNING: [GdPAI] ObjectRef(1382643928884): object was freed before callback; returning Nil.
   at: gdplanningai_rust::logger::process_logs (src\logger.rs:66)
   GDScript backtrace (most recent call first):
       [0] _process (res://addons/GdPlanningAI/gdpai_autoload.gd:21)
[GdPAI | debug] ApplyEffect [Before] ID=InstanceId(-9223369313258286184): agent props = {"held_item": "wood", "hunger": 95.0603725, "entity": null}
[GdPAI | debug] ApplyEffect [After] ID=InstanceId(-9223369313258286184): agent props = {"held_item": "wood", "hunger": 95.0603725, "entity": null}
[GdPAI | debug]   Snapshotting prop: held_item = Str("wood") (Variant type: STRING)
[GdPAI | debug]   Snapshotting prop: hunger = Float(95.0603725) (Variant type: FLOAT)
[GdPAI | debug]   Snapshotting prop: entity = Nil (Variant type: NIL)
[GdPAI | debug] Discovery: Simulation success for Add Fuel. Agent props: {"held_item": Str("wood"), "hunger": Float(95.0603725), "entity": Nil}
[GdPAI | debug] Discovery: Action Add Fuel did NOT satisfy precond Builtin { target: Agent, operation: Equal, property_name: "held_item", value: Some(Str("")) }
WARNING: [GdPAI] ObjectRef(124621163998): object was freed before callback; returning Nil.
   at: gdplanningai_rust::logger::process_logs (src\logger.rs:66)
   GDScript backtrace (most recent call first):
       [0] _start_plan_and_wait (res://test/integration/test_campfire_example_smoke.gd:57)
[GdPAI | debug] ApplyEffect [Before] ID=InstanceId(-9223369312536865815): agent props = {"entity": null, "at_target": null, "held_item": "wood", "hunger": 70.0627442063492}
[GdPAI | debug] ApplyEffect [After] ID=InstanceId(-9223369312536865815): agent props = {"entity": null, "at_target": null, "held_item": "wood", "hunger": 70.0627442063492}
[GdPAI | debug]   Snapshotting prop: entity = Nil (Variant type: NIL)
[GdPAI | debug]   Snapshotting prop: at_target = Nil (Variant type: NIL)
[GdPAI | debug]   Snapshotting prop: held_item = Str("wood") (Variant type: STRING)
[GdPAI | debug]   Snapshotting prop: hunger = Float(70.0627442063492) (Variant type: FLOAT)
WARNING: [GdPAI] ObjectRef(1382643928884): object was freed before callback; returning Nil.
   at: gdplanningai_rust::logger::process_logs (src\logger.rs:66)
   GDScript backtrace (most recent call first):
       [0] _start_plan_and_wait (res://test/integration/test_campfire_example_smoke.gd:57)
WARNING: [GdPAI] ObjectRef(1382643928884): object was freed before callback; returning Nil.
   at: gdplanningai_rust::logger::process_logs (src\logger.rs:66)
   GDScript backtrace (most recent call first):
       [0] _start_plan_and_wait (res://test/integration/test_campfire_example_smoke.gd:57)
[GdPAI | debug] Discovery: Action Cook Potato failed validity check, skipping
[GdPAI | debug] Discovery: Starting simulation for action Pick Up Wood
WARNING: [GdPAI] ObjectRef(124621163998): object was freed before callback; returning Nil.
   at: gdplanningai_rust::logger::process_logs (src\logger.rs:66)
   GDScript backtrace (most recent call first):
       [0] _process (res://addons/GdPlanningAI/gdpai_autoload.gd:21)
WARNING: [GdPAI] ObjectRef(124621163998): object was freed before callback; returning Nil.
   at: gdplanningai_rust::logger::process_logs (src\logger.rs:66)
   GDScript backtrace (most recent call first):
       [0] _process (res://addons/GdPlanningAI/gdpai_autoload.gd:21)
[GdPAI | debug] GetCost: callable returned non-numeric value: null; returning INFINITY
WARNING: [GdPAI] ObjectRef(1382643928884): object was freed before callback; returning Nil.
   at: gdplanningai_rust::logger::process_logs (src\logger.rs:66)
   GDScript backtrace (most recent call first):
       [0] _process (res://addons/GdPlanningAI/gdpai_autoload.gd:21)
WARNING: [GdPAI] ObjectRef(1382643928884): object was freed before callback; returning Nil.
   at: gdplanningai_rust::logger::process_logs (src\logger.rs:66)
   GDScript backtrace (most recent call first):
       [0] _process (res://addons/GdPlanningAI/gdpai_autoload.gd:21)
[GdPAI | debug] GetCost: callable returned non-numeric value: null; returning INFINITY
WARNING: [GdPAI] ObjectRef(124621163998): object was freed before callback; returning Nil.
   at: gdplanningai_rust::logger::process_logs (src\logger.rs:66)
   GDScript backtrace (most recent call first):
       [0] _start_plan_and_wait (res://test/integration/test_campfire_example_smoke.gd:57)
WARNING: [GdPAI] ObjectRef(124621163998): object was freed before callback; returning Nil.
   at: gdplanningai_rust::logger::process_logs (src\logger.rs:66)
   GDScript backtrace (most recent call first):
       [0] _start_plan_and_wait (res://test/integration/test_campfire_example_smoke.gd:57)
[GdPAI | debug] ApplyEffect [Before] ID=InstanceId(-9223369309886065692): agent props = {"held_item": "", "hunger": 70.0627442063492, "entity": null}
[GdPAI | debug] ApplyEffect [After] ID=InstanceId(-9223369309886065692): agent props = {"held_item": "", "hunger": 70.0627442063492, "entity": null}
[GdPAI | debug]   Snapshotting prop: held_item = Str("") (Variant type: STRING)
[GdPAI | debug]   Snapshotting prop: hunger = Float(70.0627442063492) (Variant type: FLOAT)
[GdPAI | debug]   Snapshotting prop: entity = Nil (Variant type: NIL)
WARNING: [GdPAI] ObjectRef(1382643928884): object was freed before callback; returning Nil.
   at: gdplanningai_rust::logger::process_logs (src\logger.rs:66)
   GDScript backtrace (most recent call first):
       [0] _start_plan_and_wait (res://test/integration/test_campfire_example_smoke.gd:57)
WARNING: [GdPAI] ObjectRef(1382643928884): object was freed before callback; returning Nil.
   at: gdplanningai_rust::logger::process_logs (src\logger.rs:66)
   GDScript backtrace (most recent call first):
       [0] _start_plan_and_wait (res://test/integration/test_campfire_example_smoke.gd:57)
[GdPAI | debug] ApplyEffect [Before] ID=InstanceId(-9223369309315640348): agent props = {"held_item": "", "entity": null, "hunger": 95.0603725}
[GdPAI | debug] ApplyEffect [After] ID=InstanceId(-9223369309315640348): agent props = {"held_item": "", "entity": null, "hunger": 95.0603725}
[GdPAI | debug]   Snapshotting prop: held_item = Str("") (Variant type: STRING)
[GdPAI | debug]   Snapshotting prop: entity = Nil (Variant type: NIL)
[GdPAI | debug]   Snapshotting prop: hunger = Float(95.0603725) (Variant type: FLOAT)
[GdPAI | debug] Discovery: Simulation success for Pick Up Wood. Agent props: {"entity": Nil, "held_item": Str(""), "hunger": Float(95.0603725)}
[GdPAI | debug] Discovery: Action Pick Up Wood satisfied precond Builtin { target: Agent, operation: Equal, property_name: "held_item", value: Some(Str("")) }
[GdPAI | debug] Found candidate: Pick Up Wood (satisfied preconds: [0], requirements: [])
[GdPAI | debug] Discovery: Starting simulation for action Pick Up Wood
WARNING: [GdPAI] ObjectRef(124621163998): object was freed before callback; returning Nil.
   at: gdplanningai_rust::logger::process_logs (src\logger.rs:66)
   GDScript backtrace (most recent call first):
       [0] _process (res://addons/GdPlanningAI/gdpai_autoload.gd:21)
[GdPAI | debug] GetCost: callable returned non-numeric value: null; returning INFINITY
WARNING: [GdPAI] ObjectRef(1382643928884): object was freed before callback; returning Nil.
   at: gdplanningai_rust::logger::process_logs (src\logger.rs:66)
   GDScript backtrace (most recent call first):
       [0] _process (res://addons/GdPlanningAI/gdpai_autoload.gd:21)
WARNING: [GdPAI] ObjectRef(1382643928884): object was freed before callback; returning Nil.
   at: gdplanningai_rust::logger::process_logs (src\logger.rs:66)
   GDScript backtrace (most recent call first):
       [0] _process (res://addons/GdPlanningAI/gdpai_autoload.gd:21)
[GdPAI | debug] GetCost: callable returned non-numeric value: null; returning INFINITY
WARNING: [GdPAI] ObjectRef(124621163998): object was freed before callback; returning Nil.
   at: gdplanningai_rust::logger::process_logs (src\logger.rs:66)
   GDScript backtrace (most recent call first):
       [0] _start_plan_and_wait (res://test/integration/test_campfire_example_smoke.gd:57)
[GdPAI | debug] ApplyEffect [Before] ID=InstanceId(-9223369307235265547): agent props = {"held_item": "", "hunger": 70.0627442063492, "entity": null}
[GdPAI | debug] ApplyEffect [After] ID=InstanceId(-9223369307235265547): agent props = {"held_item": "", "hunger": 70.0627442063492, "entity": null}
[GdPAI | debug]   Snapshotting prop: held_item = Str("") (Variant type: STRING)
[GdPAI | debug]   Snapshotting prop: hunger = Float(70.0627442063492) (Variant type: FLOAT)
[GdPAI | debug]   Snapshotting prop: entity = Nil (Variant type: NIL)
WARNING: [GdPAI] ObjectRef(1382643928884): object was freed before callback; returning Nil.
   at: gdplanningai_rust::logger::process_logs (src\logger.rs:66)
   GDScript backtrace (most recent call first):
       [0] _start_plan_and_wait (res://test/integration/test_campfire_example_smoke.gd:57)
WARNING: [GdPAI] ObjectRef(1382643928884): object was freed before callback; returning Nil.
   at: gdplanningai_rust::logger::process_logs (src\logger.rs:66)
   GDScript backtrace (most recent call first):
       [0] _start_plan_and_wait (res://test/integration/test_campfire_example_smoke.gd:57)
[GdPAI | debug] ApplyEffect [Before] ID=InstanceId(-9223369306664840203): agent props = {"entity": null, "hunger": 95.0603725, "held_item": ""}
[GdPAI | debug] ApplyEffect [After] ID=InstanceId(-9223369306664840203): agent props = {"entity": null, "hunger": 95.0603725, "held_item": ""}
[GdPAI | debug]   Snapshotting prop: entity = Nil (Variant type: NIL)
[GdPAI | debug]   Snapshotting prop: hunger = Float(95.0603725) (Variant type: FLOAT)
[GdPAI | debug]   Snapshotting prop: held_item = Str("") (Variant type: STRING)
[GdPAI | debug] Discovery: Simulation success for Pick Up Wood. Agent props: {"held_item": Str(""), "entity": Nil, "hunger": Float(95.0603725)}
[GdPAI | debug] Discovery: Action Pick Up Wood satisfied precond Builtin { target: Agent, operation: Equal, property_name: "held_item", value: Some(Str("")) }
[GdPAI | debug] Found candidate: Pick Up Wood (satisfied preconds: [0], requirements: [])
[GdPAI | debug] Discovery: Starting simulation for action Pick Up Wood
WARNING: [GdPAI] ObjectRef(124621163998): object was freed before callback; returning Nil.
   at: gdplanningai_rust::logger::process_logs (src\logger.rs:66)
   GDScript backtrace (most recent call first):
       [0] _process (res://addons/GdPlanningAI/gdpai_autoload.gd:21)
[GdPAI | debug] GetCost: callable returned non-numeric value: null; returning INFINITY
WARNING: [GdPAI] ObjectRef(1382643928884): object was freed before callback; returning Nil.
   at: gdplanningai_rust::logger::process_logs (src\logger.rs:66)
   GDScript backtrace (most recent call first):
       [0] _process (res://addons/GdPlanningAI/gdpai_autoload.gd:21)
WARNING: [GdPAI] ObjectRef(1382643928884): object was freed before callback; returning Nil.
   at: gdplanningai_rust::logger::process_logs (src\logger.rs:66)
   GDScript backtrace (most recent call first):
       [0] _process (res://addons/GdPlanningAI/gdpai_autoload.gd:21)
[GdPAI | debug] GetCost: callable returned non-numeric value: null; returning INFINITY
WARNING: [GdPAI] ObjectRef(124621163998): object was freed before callback; returning Nil.
   at: gdplanningai_rust::logger::process_logs (src\logger.rs:66)
   GDScript backtrace (most recent call first):
       [0] _start_plan_and_wait (res://test/integration/test_campfire_example_smoke.gd:57)
[GdPAI | debug] ApplyEffect [Before] ID=InstanceId(-9223369304634797056): agent props = {"hunger": 70.0627442063492, "entity": null, "held_item": ""}
[GdPAI | debug] ApplyEffect [After] ID=InstanceId(-9223369304634797056): agent props = {"hunger": 70.0627442063492, "entity": null, "held_item": ""}
[GdPAI | debug]   Snapshotting prop: hunger = Float(70.0627442063492) (Variant type: FLOAT)
[GdPAI | debug]   Snapshotting prop: entity = Nil (Variant type: NIL)
[GdPAI | debug]   Snapshotting prop: held_item = Str("") (Variant type: STRING)
WARNING: [GdPAI] ObjectRef(1382643928884): object was freed before callback; returning Nil.
   at: gdplanningai_rust::logger::process_logs (src\logger.rs:66)
   GDScript backtrace (most recent call first):
       [0] _start_plan_and_wait (res://test/integration/test_campfire_example_smoke.gd:57)
WARNING: [GdPAI] ObjectRef(1382643928884): object was freed before callback; returning Nil.
   at: gdplanningai_rust::logger::process_logs (src\logger.rs:66)
   GDScript backtrace (most recent call first):
       [0] _start_plan_and_wait (res://test/integration/test_campfire_example_smoke.gd:57)
[GdPAI | debug] ApplyEffect [Before] ID=InstanceId(-9223369304064371712): agent props = {"held_item": "", "entity": null, "hunger": 95.0603725}
[GdPAI | debug] ApplyEffect [After] ID=InstanceId(-9223369304064371712): agent props = {"held_item": "", "entity": null, "hunger": 95.0603725}
[GdPAI | debug]   Snapshotting prop: held_item = Str("") (Variant type: STRING)
[GdPAI | debug]   Snapshotting prop: entity = Nil (Variant type: NIL)
[GdPAI | debug]   Snapshotting prop: hunger = Float(95.0603725) (Variant type: FLOAT)
[GdPAI | debug] Discovery: Simulation success for Pick Up Wood. Agent props: {"hunger": Float(95.0603725), "held_item": Str(""), "entity": Nil}
[GdPAI | debug] Discovery: Action Pick Up Wood satisfied precond Builtin { target: Agent, operation: Equal, property_name: "held_item", value: Some(Str("")) }
[GdPAI | debug] Found candidate: Pick Up Wood (satisfied preconds: [0], requirements: [])
[GdPAI | debug] Discovery: Starting simulation for action Pick Up Wood
WARNING: [GdPAI] ObjectRef(124621163998): object was freed before callback; returning Nil.
   at: gdplanningai_rust::logger::process_logs (src\logger.rs:66)
   GDScript backtrace (most recent call first):
       [0] _process (res://addons/GdPlanningAI/gdpai_autoload.gd:21)
WARNING: [GdPAI] ObjectRef(124134624705): object was freed before callback; returning Nil.
   at: gdplanningai_rust::logger::process_logs (src\logger.rs:66)
   GDScript backtrace (most recent call first):
       [0] _process (res://addons/GdPlanningAI/gdpai_autoload.gd:21)
WARNING: [GdPAI] ObjectRef(124134624705): object was freed before callback; returning Nil.
   at: gdplanningai_rust::logger::process_logs (src\logger.rs:66)
   GDScript backtrace (most recent call first):
       [0] _process (res://addons/GdPlanningAI/gdpai_autoload.gd:21)
[GdPAI | debug] GetCost: callable returned non-numeric value: null; returning INFINITY
WARNING: [GdPAI] ObjectRef(1382643928884): object was freed before callback; returning Nil.
   at: gdplanningai_rust::logger::process_logs (src\logger.rs:66)
   GDScript backtrace (most recent call first):
       [0] _process (res://addons/GdPlanningAI/gdpai_autoload.gd:21)
WARNING: [GdPAI] ObjectRef(1382643928884): object was freed before callback; returning Nil.
   at: gdplanningai_rust::logger::process_logs (src\logger.rs:66)
   GDScript backtrace (most recent call first):
       [0] _process (res://addons/GdPlanningAI/gdpai_autoload.gd:21)
[GdPAI | debug] GetCost: callable returned non-numeric value: null; returning INFINITY
WARNING: [GdPAI] ObjectRef(124621163998): object was freed before callback; returning Nil.
   at: gdplanningai_rust::logger::process_logs (src\logger.rs:66)
   GDScript backtrace (most recent call first):
       [0] _start_plan_and_wait (res://test/integration/test_campfire_example_smoke.gd:57)
WARNING: [GdPAI] ObjectRef(124134624705): object was freed before callback; returning Nil.
   at: gdplanningai_rust::logger::process_logs (src\logger.rs:66)
   GDScript backtrace (most recent call first):
       [0] _start_plan_and_wait (res://test/integration/test_campfire_example_smoke.gd:57)
WARNING: [GdPAI] ObjectRef(124134624705): object was freed before callback; returning Nil.
   at: gdplanningai_rust::logger::process_logs (src\logger.rs:66)
   GDScript backtrace (most recent call first):
       [0] _start_plan_and_wait (res://test/integration/test_campfire_example_smoke.gd:57)
[GdPAI | debug] ApplyEffect [Before] ID=InstanceId(-9223369301933665244): agent props = {"hunger": 70.0627442063492, "held_item": "", "at_target": null, "entity": null}
[GdPAI | debug] ApplyEffect [After] ID=InstanceId(-9223369301933665244): agent props = {"hunger": 70.0627442063492, "held_item": "", "at_target": null, "entity": null}
[GdPAI | debug]   Snapshotting prop: hunger = Float(70.0627442063492) (Variant type: FLOAT)
[GdPAI | debug]   Snapshotting prop: held_item = Str("") (Variant type: STRING)
[GdPAI | debug]   Snapshotting prop: at_target = Nil (Variant type: NIL)
[GdPAI | debug]   Snapshotting prop: entity = Nil (Variant type: NIL)
WARNING: [GdPAI] ObjectRef(1382643928884): object was freed before callback; returning Nil.
   at: gdplanningai_rust::logger::process_logs (src\logger.rs:66)
   GDScript backtrace (most recent call first):
       [0] _start_plan_and_wait (res://test/integration/test_campfire_example_smoke.gd:57)
WARNING: [GdPAI] ObjectRef(1382643928884): object was freed before callback; returning Nil.
   at: gdplanningai_rust::logger::process_logs (src\logger.rs:66)
   GDScript backtrace (most recent call first):
       [0] _start_plan_and_wait (res://test/integration/test_campfire_example_smoke.gd:57)
[GdPAI | debug] ApplyEffect [Before] ID=InstanceId(-9223369301363239900): agent props = {"hunger": 95.0603725, "entity": null, "held_item": ""}
[GdPAI | debug] ApplyEffect [After] ID=InstanceId(-9223369301363239900): agent props = {"hunger": 95.0603725, "entity": null, "held_item": ""}
[GdPAI | debug]   Snapshotting prop: hunger = Float(95.0603725) (Variant type: FLOAT)
[GdPAI | debug]   Snapshotting prop: entity = Nil (Variant type: NIL)
[GdPAI | debug]   Snapshotting prop: held_item = Str("") (Variant type: STRING)
[GdPAI | debug] Discovery: Simulation success for Pick Up Wood. Agent props: {"held_item": Str(""), "entity": Nil, "hunger": Float(95.0603725)}
[GdPAI | debug] Discovery: Action Pick Up Wood satisfied precond Builtin { target: Agent, operation: Equal, property_name: "held_item", value: Some(Str("")) }
[GdPAI | debug] Found candidate: Pick Up Wood (satisfied preconds: [0], requirements: [])
WARNING: [GdPAI] ObjectRef(124621163998): object was freed before callback; returning Nil.
   at: gdplanningai_rust::logger::process_logs (src\logger.rs:66)
   GDScript backtrace (most recent call first):
       [0] _process (res://addons/GdPlanningAI/gdpai_autoload.gd:21)
WARNING: [GdPAI] ObjectRef(124134624705): object was freed before callback; returning Nil.
   at: gdplanningai_rust::logger::process_logs (src\logger.rs:66)
   GDScript backtrace (most recent call first):
       [0] _process (res://addons/GdPlanningAI/gdpai_autoload.gd:21)
WARNING: [GdPAI] ObjectRef(124134624705): object was freed before callback; returning Nil.
   at: gdplanningai_rust::logger::process_logs (src\logger.rs:66)
   GDScript backtrace (most recent call first):
       [0] _process (res://addons/GdPlanningAI/gdpai_autoload.gd:21)
[GdPAI | debug] GetCost: callable returned non-numeric value: null; returning INFINITY
WARNING: [GdPAI] ObjectRef(1382643928884): object was freed before callback; returning Nil.
   at: gdplanningai_rust::logger::process_logs (src\logger.rs:66)
   GDScript backtrace (most recent call first):
       [0] _process (res://addons/GdPlanningAI/gdpai_autoload.gd:21)
WARNING: [GdPAI] ObjectRef(1382643928884): object was freed before callback; returning Nil.
   at: gdplanningai_rust::logger::process_logs (src\logger.rs:66)
   GDScript backtrace (most recent call first):
       [0] _process (res://addons/GdPlanningAI/gdpai_autoload.gd:21)
[GdPAI | debug] Discovery: Action Dig Potato failed validity check, skipping
WARNING: [GdPAI] ObjectRef(124621163998): object was freed before callback; returning Nil.
   at: gdplanningai_rust::logger::process_logs (src\logger.rs:66)
   GDScript backtrace (most recent call first):
       [0] _start_plan_and_wait (res://test/integration/test_campfire_example_smoke.gd:57)
WARNING: [GdPAI] ObjectRef(124134624705): object was freed before callback; returning Nil.
   at: gdplanningai_rust::logger::process_logs (src\logger.rs:66)
   GDScript backtrace (most recent call first):
       [0] _start_plan_and_wait (res://test/integration/test_campfire_example_smoke.gd:57)
WARNING: [GdPAI] ObjectRef(124134624705): object was freed before callback; returning Nil.
   at: gdplanningai_rust::logger::process_logs (src\logger.rs:66)
   GDScript backtrace (most recent call first):
       [0] _start_plan_and_wait (res://test/integration/test_campfire_example_smoke.gd:57)
[GdPAI | debug] ApplyEffect [Before] ID=InstanceId(-9223369299131870124): agent props = {"hunger": 70.0627442063492, "held_item": "", "entity": null, "at_target": null}
[GdPAI | debug] ApplyEffect [After] ID=InstanceId(-9223369299131870124): agent props = {"hunger": 70.0627442063492, "held_item": "", "entity": null, "at_target": null}
[GdPAI | debug]   Snapshotting prop: hunger = Float(70.0627442063492) (Variant type: FLOAT)
[GdPAI | debug]   Snapshotting prop: held_item = Str("") (Variant type: STRING)
[GdPAI | debug]   Snapshotting prop: entity = Nil (Variant type: NIL)
[GdPAI | debug]   Snapshotting prop: at_target = Nil (Variant type: NIL)
WARNING: [GdPAI] ObjectRef(1382643928884): object was freed before callback; returning Nil.
   at: gdplanningai_rust::logger::process_logs (src\logger.rs:66)
   GDScript backtrace (most recent call first):
       [0] _start_plan_and_wait (res://test/integration/test_campfire_example_smoke.gd:57)
WARNING: [GdPAI] ObjectRef(1382643928884): object was freed before callback; returning Nil.
   at: gdplanningai_rust::logger::process_logs (src\logger.rs:66)
   GDScript backtrace (most recent call first):
       [0] _start_plan_and_wait (res://test/integration/test_campfire_example_smoke.gd:57)
[GdPAI | debug] Discovery: Action Dig Potato failed validity check, skipping
WARNING: [GdPAI] ObjectRef(124621163998): object was freed before callback; returning Nil.
   at: gdplanningai_rust::logger::process_logs (src\logger.rs:66)
   GDScript backtrace (most recent call first):
       [0] _process (res://addons/GdPlanningAI/gdpai_autoload.gd:21)
[GdPAI | debug] GetCost: callable returned non-numeric value: null; returning INFINITY
WARNING: [GdPAI] ObjectRef(1382643928884): object was freed before callback; returning Nil.
   at: gdplanningai_rust::logger::process_logs (src\logger.rs:66)
   GDScript backtrace (most recent call first):
       [0] _process (res://addons/GdPlanningAI/gdpai_autoload.gd:21)
WARNING: [GdPAI] ObjectRef(1382643928884): object was freed before callback; returning Nil.
   at: gdplanningai_rust::logger::process_logs (src\logger.rs:66)
   GDScript backtrace (most recent call first):
       [0] _process (res://addons/GdPlanningAI/gdpai_autoload.gd:21)
[GdPAI | debug] Discovery: Action Dig Potato failed validity check, skipping
WARNING: [GdPAI] ObjectRef(124621163998): object was freed before callback; returning Nil.
   at: gdplanningai_rust::logger::process_logs (src\logger.rs:66)
   GDScript backtrace (most recent call first):
       [0] _start_plan_and_wait (res://test/integration/test_campfire_example_smoke.gd:57)
[GdPAI | debug] ApplyEffect [Before] ID=InstanceId(-9223369296430738323): agent props = {"entity": null, "hunger": 70.0627442063492, "held_item": "wood", "at_target": null}
[GdPAI | debug] ApplyEffect [After] ID=InstanceId(-9223369296430738323): agent props = {"entity": null, "hunger": 70.0627442063492, "held_item": "wood", "at_target": null}
[GdPAI | debug]   Snapshotting prop: entity = Nil (Variant type: NIL)
[GdPAI | debug]   Snapshotting prop: hunger = Float(70.0627442063492) (Variant type: FLOAT)
[GdPAI | debug]   Snapshotting prop: held_item = Str("wood") (Variant type: STRING)
[GdPAI | debug]   Snapshotting prop: at_target = Nil (Variant type: NIL)
WARNING: [GdPAI] ObjectRef(1382643928884): object was freed before callback; returning Nil.
   at: gdplanningai_rust::logger::process_logs (src\logger.rs:66)
   GDScript backtrace (most recent call first):
       [0] _start_plan_and_wait (res://test/integration/test_campfire_example_smoke.gd:57)
WARNING: [GdPAI] ObjectRef(1382643928884): object was freed before callback; returning Nil.
   at: gdplanningai_rust::logger::process_logs (src\logger.rs:66)
   GDScript backtrace (most recent call first):
       [0] _start_plan_and_wait (res://test/integration/test_campfire_example_smoke.gd:57)
[GdPAI | debug] Discovery: Action Dig Potato failed validity check, skipping
WARNING: [GdPAI] ObjectRef(124621163998): object was freed before callback; returning Nil.
   at: gdplanningai_rust::logger::process_logs (src\logger.rs:66)
   GDScript backtrace (most recent call first):
       [0] _process (res://addons/GdPlanningAI/gdpai_autoload.gd:21)
WARNING: [GdPAI] ObjectRef(124621163998): object was freed before callback; returning Nil.
   at: gdplanningai_rust::logger::process_logs (src\logger.rs:66)
   GDScript backtrace (most recent call first):
       [0] _process (res://addons/GdPlanningAI/gdpai_autoload.gd:21)
[GdPAI | debug] GetCost: callable returned non-numeric value: null; returning INFINITY
WARNING: [GdPAI] ObjectRef(1382643928884): object was freed before callback; returning Nil.
   at: gdplanningai_rust::logger::process_logs (src\logger.rs:66)
   GDScript backtrace (most recent call first):
       [0] _process (res://addons/GdPlanningAI/gdpai_autoload.gd:21)
WARNING: [GdPAI] ObjectRef(1382643928884): object was freed before callback; returning Nil.
   at: gdplanningai_rust::logger::process_logs (src\logger.rs:66)
   GDScript backtrace (most recent call first):
       [0] _process (res://addons/GdPlanningAI/gdpai_autoload.gd:21)
[GdPAI | debug] Discovery: Action Dig Potato failed validity check, skipping
WARNING: [GdPAI] ObjectRef(124621163998): object was freed before callback; returning Nil.
   at: gdplanningai_rust::logger::process_logs (src\logger.rs:66)
   GDScript backtrace (most recent call first):
       [0] _start_plan_and_wait (res://test/integration/test_campfire_example_smoke.gd:57)
WARNING: [GdPAI] ObjectRef(124621163998): object was freed before callback; returning Nil.
   at: gdplanningai_rust::logger::process_logs (src\logger.rs:66)
   GDScript backtrace (most recent call first):
       [0] _start_plan_and_wait (res://test/integration/test_campfire_example_smoke.gd:57)
[GdPAI | debug] ApplyEffect [Before] ID=InstanceId(-9223369293779938305): agent props = {"held_item": "", "hunger": 70.0627442063492, "entity": null}
[GdPAI | debug] ApplyEffect [After] ID=InstanceId(-9223369293779938305): agent props = {"held_item": "", "hunger": 70.0627442063492, "entity": null}
[GdPAI | debug]   Snapshotting prop: held_item = Str("") (Variant type: STRING)
[GdPAI | debug]   Snapshotting prop: hunger = Float(70.0627442063492) (Variant type: FLOAT)
[GdPAI | debug]   Snapshotting prop: entity = Nil (Variant type: NIL)
WARNING: [GdPAI] ObjectRef(1382643928884): object was freed before callback; returning Nil.
   at: gdplanningai_rust::logger::process_logs (src\logger.rs:66)
   GDScript backtrace (most recent call first):
       [0] _start_plan_and_wait (res://test/integration/test_campfire_example_smoke.gd:57)
WARNING: [GdPAI] ObjectRef(1382643928884): object was freed before callback; returning Nil.
   at: gdplanningai_rust::logger::process_logs (src\logger.rs:66)
   GDScript backtrace (most recent call first):
       [0] _start_plan_and_wait (res://test/integration/test_campfire_example_smoke.gd:57)
WARNING: [GdPAI] ObjectRef(1383499573091): object was freed before callback; returning Nil.
   at: gdplanningai_rust::logger::process_logs (src\logger.rs:66)
   GDScript backtrace (most recent call first):
       [0] _start_plan_and_wait (res://test/integration/test_campfire_example_smoke.gd:57)
WARNING: [GdPAI] ObjectRef(1383499573091): object was freed before callback; returning Nil.
   at: gdplanningai_rust::logger::process_logs (src\logger.rs:66)
   GDScript backtrace (most recent call first):
       [0] _start_plan_and_wait (res://test/integration/test_campfire_example_smoke.gd:57)
[GdPAI | debug] GetCost: callable returned non-numeric value: null; returning INFINITY
WARNING: [GdPAI] ObjectRef(124621163998): object was freed before callback; returning Nil.
   at: gdplanningai_rust::logger::process_logs (src\logger.rs:66)
   GDScript backtrace (most recent call first):
       [0] _process (res://addons/GdPlanningAI/gdpai_autoload.gd:21)
[GdPAI | debug] GetCost: callable returned non-numeric value: null; returning INFINITY
WARNING: [GdPAI] ObjectRef(1382643928884): object was freed before callback; returning Nil.
   at: gdplanningai_rust::logger::process_logs (src\logger.rs:66)
   GDScript backtrace (most recent call first):
       [0] _process (res://addons/GdPlanningAI/gdpai_autoload.gd:21)
WARNING: [GdPAI] ObjectRef(1382643928884): object was freed before callback; returning Nil.
   at: gdplanningai_rust::logger::process_logs (src\logger.rs:66)
   GDScript backtrace (most recent call first):
       [0] _process (res://addons/GdPlanningAI/gdpai_autoload.gd:21)
WARNING: [GdPAI] ObjectRef(1383499573091): object was freed before callback; returning Nil.
   at: gdplanningai_rust::logger::process_logs (src\logger.rs:66)
   GDScript backtrace (most recent call first):
       [0] _process (res://addons/GdPlanningAI/gdpai_autoload.gd:21)
WARNING: [GdPAI] ObjectRef(1383499573091): object was freed before callback; returning Nil.
   at: gdplanningai_rust::logger::process_logs (src\logger.rs:66)
   GDScript backtrace (most recent call first):
       [0] _process (res://addons/GdPlanningAI/gdpai_autoload.gd:21)
[GdPAI | debug] ApplyEffect [Before] ID=InstanceId(-9223369291749895043): agent props = {"hunger": 95.0603725, "at_target": null, "entity": null, "held_item": ""}
[GdPAI | debug] ApplyEffect [After] ID=InstanceId(-9223369291749895043): agent props = {"hunger": 95.0603725, "at_target": null, "entity": null, "held_item": ""}
[GdPAI | debug]   Snapshotting prop: hunger = Float(95.0603725) (Variant type: FLOAT)
[GdPAI | debug]   Snapshotting prop: at_target = Nil (Variant type: NIL)
[GdPAI | debug]   Snapshotting prop: entity = Nil (Variant type: NIL)
[GdPAI | debug]   Snapshotting prop: held_item = Str("") (Variant type: STRING)
WARNING: [GdPAI] ObjectRef(124621163998): object was freed before callback; returning Nil.
   at: gdplanningai_rust::logger::process_logs (src\logger.rs:66)
   GDScript backtrace (most recent call first):
       [0] _start_plan_and_wait (res://test/integration/test_campfire_example_smoke.gd:57)
[GdPAI | debug] ApplyEffect [Before] ID=InstanceId(-9223369290927811428): agent props = {"entity": null, "held_item": "", "hunger": 70.0627442063492}
[GdPAI | debug] ApplyEffect [After] ID=InstanceId(-9223369290927811428): agent props = {"entity": null, "held_item": "", "hunger": 70.0627442063492}
[GdPAI | debug]   Snapshotting prop: entity = Nil (Variant type: NIL)
[GdPAI | debug]   Snapshotting prop: held_item = Str("") (Variant type: STRING)
[GdPAI | debug]   Snapshotting prop: hunger = Float(70.0627442063492) (Variant type: FLOAT)
WARNING: [GdPAI] ObjectRef(1382643928884): object was freed before callback; returning Nil.
   at: gdplanningai_rust::logger::process_logs (src\logger.rs:66)
   GDScript backtrace (most recent call first):
       [0] _start_plan_and_wait (res://test/integration/test_campfire_example_smoke.gd:57)
WARNING: [GdPAI] ObjectRef(1383499573091): object was freed before callback; returning Nil.
   at: gdplanningai_rust::logger::process_logs (src\logger.rs:66)
   GDScript backtrace (most recent call first):
       [0] _start_plan_and_wait (res://test/integration/test_campfire_example_smoke.gd:57)
WARNING: [GdPAI] ObjectRef(1383499573091): object was freed before callback; returning Nil.
   at: gdplanningai_rust::logger::process_logs (src\logger.rs:66)
   GDScript backtrace (most recent call first):
       [0] _start_plan_and_wait (res://test/integration/test_campfire_example_smoke.gd:57)
[GdPAI | debug] GetCost: callable returned non-numeric value: null; returning INFINITY
WARNING: [GdPAI] ObjectRef(124621163998): object was freed before callback; returning Nil.
   at: gdplanningai_rust::logger::process_logs (src\logger.rs:66)
   GDScript backtrace (most recent call first):
       [0] _process (res://addons/GdPlanningAI/gdpai_autoload.gd:21)
[GdPAI | debug] GetCost: callable returned non-numeric value: null; returning INFINITY
WARNING: [GdPAI] ObjectRef(1382643928884): object was freed before callback; returning Nil.
   at: gdplanningai_rust::logger::process_logs (src\logger.rs:66)
   GDScript backtrace (most recent call first):
       [0] _process (res://addons/GdPlanningAI/gdpai_autoload.gd:21)
WARNING: [GdPAI] ObjectRef(1383499573091): object was freed before callback; returning Nil.
   at: gdplanningai_rust::logger::process_logs (src\logger.rs:66)
   GDScript backtrace (most recent call first):
       [0] _process (res://addons/GdPlanningAI/gdpai_autoload.gd:21)
WARNING: [GdPAI] ObjectRef(1383499573091): object was freed before callback; returning Nil.
   at: gdplanningai_rust::logger::process_logs (src\logger.rs:66)
   GDScript backtrace (most recent call first):
       [0] _process (res://addons/GdPlanningAI/gdpai_autoload.gd:21)
[GdPAI | debug] ApplyEffect [Before] ID=InstanceId(-9223369288998431651): agent props = {"hunger": 95.0603725, "entity": null, "at_target": null, "held_item": ""}
[GdPAI | debug] ApplyEffect [After] ID=InstanceId(-9223369288998431651): agent props = {"hunger": 95.0603725, "entity": null, "at_target": null, "held_item": ""}
[GdPAI | debug]   Snapshotting prop: hunger = Float(95.0603725) (Variant type: FLOAT)
[GdPAI | debug]   Snapshotting prop: entity = Nil (Variant type: NIL)
[GdPAI | debug]   Snapshotting prop: at_target = Nil (Variant type: NIL)
[GdPAI | debug]   Snapshotting prop: held_item = Str("") (Variant type: STRING)
WARNING: [GdPAI] ObjectRef(124621163998): object was freed before callback; returning Nil.
   at: gdplanningai_rust::logger::process_logs (src\logger.rs:66)
   GDScript backtrace (most recent call first):
       [0] _start_plan_and_wait (res://test/integration/test_campfire_example_smoke.gd:57)
[GdPAI | debug] ApplyEffect [Before] ID=InstanceId(-9223369288226679624): agent props = {"entity": null, "held_item": "", "hunger": 70.0627442063492}
[GdPAI | debug] ApplyEffect [After] ID=InstanceId(-9223369288226679624): agent props = {"entity": null, "held_item": "", "hunger": 70.0627442063492}
[GdPAI | debug]   Snapshotting prop: entity = Nil (Variant type: NIL)
[GdPAI | debug]   Snapshotting prop: held_item = Str("") (Variant type: STRING)
[GdPAI | debug]   Snapshotting prop: hunger = Float(70.0627442063492) (Variant type: FLOAT)
WARNING: [GdPAI] ObjectRef(1382643928884): object was freed before callback; returning Nil.
   at: gdplanningai_rust::logger::process_logs (src\logger.rs:66)
   GDScript backtrace (most recent call first):
       [0] _start_plan_and_wait (res://test/integration/test_campfire_example_smoke.gd:57)
WARNING: [GdPAI] ObjectRef(1382157389614): object was freed before callback; returning Nil.
   at: gdplanningai_rust::logger::process_logs (src\logger.rs:66)
   GDScript backtrace (most recent call first):
       [0] _start_plan_and_wait (res://test/integration/test_campfire_example_smoke.gd:57)
WARNING: [GdPAI] ObjectRef(1382157389614): object was freed before callback; returning Nil.
   at: gdplanningai_rust::logger::process_logs (src\logger.rs:66)
   GDScript backtrace (most recent call first):
       [0] _start_plan_and_wait (res://test/integration/test_campfire_example_smoke.gd:57)
[GdPAI | debug] GetCost: callable returned non-numeric value: null; returning INFINITY
WARNING: [GdPAI] ObjectRef(124621163998): object was freed before callback; returning Nil.
   at: gdplanningai_rust::logger::process_logs (src\logger.rs:66)
   GDScript backtrace (most recent call first):
       [0] _process (res://addons/GdPlanningAI/gdpai_autoload.gd:21)
WARNING: [GdPAI] ObjectRef(124134624705): object was freed before callback; returning Nil.
   at: gdplanningai_rust::logger::process_logs (src\logger.rs:66)
   GDScript backtrace (most recent call first):
       [0] _process (res://addons/GdPlanningAI/gdpai_autoload.gd:21)
WARNING: [GdPAI] ObjectRef(124134624705): object was freed before callback; returning Nil.
   at: gdplanningai_rust::logger::process_logs (src\logger.rs:66)
   GDScript backtrace (most recent call first):
       [0] _process (res://addons/GdPlanningAI/gdpai_autoload.gd:21)
[GdPAI | debug] GetCost: callable returned non-numeric value: null; returning INFINITY
WARNING: [GdPAI] ObjectRef(1382643928884): object was freed before callback; returning Nil.
   at: gdplanningai_rust::logger::process_logs (src\logger.rs:66)
   GDScript backtrace (most recent call first):
       [0] _process (res://addons/GdPlanningAI/gdpai_autoload.gd:21)
WARNING: [GdPAI] ObjectRef(1382157389614): object was freed before callback; returning Nil.
   at: gdplanningai_rust::logger::process_logs (src\logger.rs:66)
   GDScript backtrace (most recent call first):
       [0] _process (res://addons/GdPlanningAI/gdpai_autoload.gd:21)
WARNING: [GdPAI] ObjectRef(1382157389614): object was freed before callback; returning Nil.
   at: gdplanningai_rust::logger::process_logs (src\logger.rs:66)
   GDScript backtrace (most recent call first):
       [0] _process (res://addons/GdPlanningAI/gdpai_autoload.gd:21)
[GdPAI | debug] ApplyEffect [Before] ID=InstanceId(-9223369286297299800): agent props = {"held_item": "", "entity": null, "hunger": 95.0603725, "at_target": null}
[GdPAI | debug] ApplyEffect [After] ID=InstanceId(-9223369286297299800): agent props = {"held_item": "", "entity": null, "hunger": 95.0603725, "at_target": null}
[GdPAI | debug]   Snapshotting prop: held_item = Str("") (Variant type: STRING)
[GdPAI | debug]   Snapshotting prop: entity = Nil (Variant type: NIL)
[GdPAI | debug]   Snapshotting prop: hunger = Float(95.0603725) (Variant type: FLOAT)
[GdPAI | debug]   Snapshotting prop: at_target = Nil (Variant type: NIL)
WARNING: [GdPAI] ObjectRef(124621163998): object was freed before callback; returning Nil.
   at: gdplanningai_rust::logger::process_logs (src\logger.rs:66)
   GDScript backtrace (most recent call first):
       [0] _start_plan_and_wait (res://test/integration/test_campfire_example_smoke.gd:57)
WARNING: [GdPAI] ObjectRef(124134624705): object was freed before callback; returning Nil.
   at: gdplanningai_rust::logger::process_logs (src\logger.rs:66)
   GDScript backtrace (most recent call first):
       [0] _start_plan_and_wait (res://test/integration/test_campfire_example_smoke.gd:57)
WARNING: [GdPAI] ObjectRef(124134624705): object was freed before callback; returning Nil.
   at: gdplanningai_rust::logger::process_logs (src\logger.rs:66)
   GDScript backtrace (most recent call first):
       [0] _start_plan_and_wait (res://test/integration/test_campfire_example_smoke.gd:57)
[GdPAI | debug] ApplyEffect [Before] ID=InstanceId(-9223369285424884532): agent props = {"held_item": "", "at_target": null, "hunger": 70.0627442063492, "entity": null}
[GdPAI | debug] ApplyEffect [After] ID=InstanceId(-9223369285424884532): agent props = {"held_item": "", "at_target": null, "hunger": 70.0627442063492, "entity": null}
[GdPAI | debug]   Snapshotting prop: held_item = Str("") (Variant type: STRING)
[GdPAI | debug]   Snapshotting prop: at_target = Nil (Variant type: NIL)
[GdPAI | debug]   Snapshotting prop: hunger = Float(70.0627442063492) (Variant type: FLOAT)
[GdPAI | debug]   Snapshotting prop: entity = Nil (Variant type: NIL)
WARNING: [GdPAI] ObjectRef(1382643928884): object was freed before callback; returning Nil.
   at: gdplanningai_rust::logger::process_logs (src\logger.rs:66)
   GDScript backtrace (most recent call first):
       [0] _start_plan_and_wait (res://test/integration/test_campfire_example_smoke.gd:57)
WARNING: [GdPAI] ObjectRef(1382157389614): object was freed before callback; returning Nil.
   at: gdplanningai_rust::logger::process_logs (src\logger.rs:66)
   GDScript backtrace (most recent call first):
       [0] _start_plan_and_wait (res://test/integration/test_campfire_example_smoke.gd:57)
WARNING: [GdPAI] ObjectRef(1382157389614): object was freed before callback; returning Nil.
   at: gdplanningai_rust::logger::process_logs (src\logger.rs:66)
   GDScript backtrace (most recent call first):
       [0] _start_plan_and_wait (res://test/integration/test_campfire_example_smoke.gd:57)
[GdPAI | debug] GetCost: callable returned non-numeric value: null; returning INFINITY
WARNING: [GdPAI] ObjectRef(124621163998): object was freed before callback; returning Nil.
   at: gdplanningai_rust::logger::process_logs (src\logger.rs:66)
   GDScript backtrace (most recent call first):
       [0] _process (res://addons/GdPlanningAI/gdpai_autoload.gd:21)
WARNING: [GdPAI] ObjectRef(124134624705): object was freed before callback; returning Nil.
   at: gdplanningai_rust::logger::process_logs (src\logger.rs:66)
   GDScript backtrace (most recent call first):
       [0] _process (res://addons/GdPlanningAI/gdpai_autoload.gd:21)
WARNING: [GdPAI] ObjectRef(124134624705): object was freed before callback; returning Nil.
   at: gdplanningai_rust::logger::process_logs (src\logger.rs:66)
   GDScript backtrace (most recent call first):
       [0] _process (res://addons/GdPlanningAI/gdpai_autoload.gd:21)
[GdPAI | debug] GetCost: callable returned non-numeric value: null; returning INFINITY
WARNING: [GdPAI] ObjectRef(1382643928884): object was freed before callback; returning Nil.
   at: gdplanningai_rust::logger::process_logs (src\logger.rs:66)
   GDScript backtrace (most recent call first):
       [0] _process (res://addons/GdPlanningAI/gdpai_autoload.gd:21)
WARNING: [GdPAI] ObjectRef(1382157389614): object was freed before callback; returning Nil.
   at: gdplanningai_rust::logger::process_logs (src\logger.rs:66)
   GDScript backtrace (most recent call first):
       [0] _process (res://addons/GdPlanningAI/gdpai_autoload.gd:21)
WARNING: [GdPAI] ObjectRef(1382157389614): object was freed before callback; returning Nil.
   at: gdplanningai_rust::logger::process_logs (src\logger.rs:66)
   GDScript backtrace (most recent call first):
       [0] _process (res://addons/GdPlanningAI/gdpai_autoload.gd:21)
[GdPAI | debug] ApplyEffect [Before] ID=InstanceId(-9223369283394841418): agent props = {"entity": null, "hunger": 95.0603725, "at_target": null, "held_item": ""}
[GdPAI | debug] ApplyEffect [After] ID=InstanceId(-9223369283394841418): agent props = {"entity": null, "hunger": 95.0603725, "at_target": null, "held_item": ""}
[GdPAI | debug]   Snapshotting prop: entity = Nil (Variant type: NIL)
[GdPAI | debug]   Snapshotting prop: hunger = Float(95.0603725) (Variant type: FLOAT)
[GdPAI | debug]   Snapshotting prop: at_target = Nil (Variant type: NIL)
[GdPAI | debug]   Snapshotting prop: held_item = Str("") (Variant type: STRING)
WARNING: [GdPAI] ObjectRef(124621163998): object was freed before callback; returning Nil.
   at: gdplanningai_rust::logger::process_logs (src\logger.rs:66)
   GDScript backtrace (most recent call first):
       [0] _start_plan_and_wait (res://test/integration/test_campfire_example_smoke.gd:57)
WARNING: [GdPAI] ObjectRef(124134624705): object was freed before callback; returning Nil.
   at: gdplanningai_rust::logger::process_logs (src\logger.rs:66)
   GDScript backtrace (most recent call first):
       [0] _start_plan_and_wait (res://test/integration/test_campfire_example_smoke.gd:57)
WARNING: [GdPAI] ObjectRef(124134624705): object was freed before callback; returning Nil.
   at: gdplanningai_rust::logger::process_logs (src\logger.rs:66)
   GDScript backtrace (most recent call first):
       [0] _start_plan_and_wait (res://test/integration/test_campfire_example_smoke.gd:57)
[GdPAI | debug] ApplyEffect [Before] ID=InstanceId(-9223369282522426147): agent props = {"at_target": null, "hunger": 70.0627442063492, "entity": null, "held_item": ""}
[GdPAI | debug] ApplyEffect [After] ID=InstanceId(-9223369282522426147): agent props = {"at_target": null, "hunger": 70.0627442063492, "entity": null, "held_item": ""}
[GdPAI | debug]   Snapshotting prop: at_target = Nil (Variant type: NIL)
[GdPAI | debug]   Snapshotting prop: hunger = Float(70.0627442063492) (Variant type: FLOAT)
[GdPAI | debug]   Snapshotting prop: entity = Nil (Variant type: NIL)
[GdPAI | debug]   Snapshotting prop: held_item = Str("") (Variant type: STRING)
WARNING: [GdPAI] ObjectRef(1382643928884): object was freed before callback; returning Nil.
   at: gdplanningai_rust::logger::process_logs (src\logger.rs:66)
   GDScript backtrace (most recent call first):
       [0] _start_plan_and_wait (res://test/integration/test_campfire_example_smoke.gd:57)
[GdPAI | debug] GetCost: callable returned non-numeric value: null; returning INFINITY
WARNING: [GdPAI] ObjectRef(124621163998): object was freed before callback; returning Nil.
   at: gdplanningai_rust::logger::process_logs (src\logger.rs:66)
   GDScript backtrace (most recent call first):
       [0] _process (res://addons/GdPlanningAI/gdpai_autoload.gd:21)
[GdPAI | debug] GetCost: callable returned non-numeric value: null; returning INFINITY
WARNING: [GdPAI] ObjectRef(1382643928884): object was freed before callback; returning Nil.
   at: gdplanningai_rust::logger::process_logs (src\logger.rs:66)
   GDScript backtrace (most recent call first):
       [0] _process (res://addons/GdPlanningAI/gdpai_autoload.gd:21)
[GdPAI | debug] ApplyEffect [Before] ID=InstanceId(-9223369280593046351): agent props = {"entity": null, "held_item": "wood", "hunger": 95.0603725, "at_target": null}
[GdPAI | debug] ApplyEffect [After] ID=InstanceId(-9223369280593046351): agent props = {"entity": null, "held_item": "wood", "hunger": 95.0603725, "at_target": null}
[GdPAI | debug]   Snapshotting prop: entity = Nil (Variant type: NIL)
[GdPAI | debug]   Snapshotting prop: held_item = Str("wood") (Variant type: STRING)
[GdPAI | debug]   Snapshotting prop: hunger = Float(95.0603725) (Variant type: FLOAT)
[GdPAI | debug]   Snapshotting prop: at_target = Nil (Variant type: NIL)
WARNING: [GdPAI] ObjectRef(124621163998): object was freed before callback; returning Nil.
   at: gdplanningai_rust::logger::process_logs (src\logger.rs:66)
   GDScript backtrace (most recent call first):
       [0] _start_plan_and_wait (res://test/integration/test_campfire_example_smoke.gd:57)
[GdPAI | debug] ApplyEffect [Before] ID=InstanceId(-9223369279921957607): agent props = {"hunger": 70.0627442063492, "entity": null, "held_item": "wood", "at_target": null}
[GdPAI | debug] ApplyEffect [After] ID=InstanceId(-9223369279921957607): agent props = {"hunger": 70.0627442063492, "entity": null, "held_item": "wood", "at_target": null}
[GdPAI | debug]   Snapshotting prop: hunger = Float(70.0627442063492) (Variant type: FLOAT)
[GdPAI | debug]   Snapshotting prop: entity = Nil (Variant type: NIL)
[GdPAI | debug]   Snapshotting prop: held_item = Str("wood") (Variant type: STRING)
[GdPAI | debug]   Snapshotting prop: at_target = Nil (Variant type: NIL)
WARNING: [GdPAI] ObjectRef(1382643928884): object was freed before callback; returning Nil.
   at: gdplanningai_rust::logger::process_logs (src\logger.rs:66)
   GDScript backtrace (most recent call first):
       [0] _start_plan_and_wait (res://test/integration/test_campfire_example_smoke.gd:57)
WARNING: [GdPAI] ObjectRef(1382643928884): object was freed before callback; returning Nil.
   at: gdplanningai_rust::logger::process_logs (src\logger.rs:66)
   GDScript backtrace (most recent call first):
       [0] _start_plan_and_wait (res://test/integration/test_campfire_example_smoke.gd:57)
[GdPAI | debug] GetCost: callable returned non-numeric value: null; returning INFINITY
WARNING: [GdPAI] ObjectRef(124621163998): object was freed before callback; returning Nil.
   at: gdplanningai_rust::logger::process_logs (src\logger.rs:66)
   GDScript backtrace (most recent call first):
       [0] _process (res://addons/GdPlanningAI/gdpai_autoload.gd:21)
WARNING: [GdPAI] ObjectRef(124621163998): object was freed before callback; returning Nil.
   at: gdplanningai_rust::logger::process_logs (src\logger.rs:66)
   GDScript backtrace (most recent call first):
       [0] _process (res://addons/GdPlanningAI/gdpai_autoload.gd:21)
[GdPAI | debug] GetCost: callable returned non-numeric value: null; returning INFINITY
WARNING: [GdPAI] ObjectRef(1382643928884): object was freed before callback; returning Nil.
   at: gdplanningai_rust::logger::process_logs (src\logger.rs:66)
   GDScript backtrace (most recent call first):
       [0] _process (res://addons/GdPlanningAI/gdpai_autoload.gd:21)
WARNING: [GdPAI] ObjectRef(1382643928884): object was freed before callback; returning Nil.
   at: gdplanningai_rust::logger::process_logs (src\logger.rs:66)
   GDScript backtrace (most recent call first):
       [0] _process (res://addons/GdPlanningAI/gdpai_autoload.gd:21)
[GdPAI | debug] ApplyEffect [Before] ID=InstanceId(-9223369278042909493): agent props = {"entity": null, "held_item": "", "hunger": 95.0603725}
[GdPAI | debug] ApplyEffect [After] ID=InstanceId(-9223369278042909493): agent props = {"entity": null, "held_item": "", "hunger": 95.0603725}
[GdPAI | debug]   Snapshotting prop: entity = Nil (Variant type: NIL)
[GdPAI | debug]   Snapshotting prop: held_item = Str("") (Variant type: STRING)
[GdPAI | debug]   Snapshotting prop: hunger = Float(95.0603725) (Variant type: FLOAT)
WARNING: [GdPAI] ObjectRef(124621163998): object was freed before callback; returning Nil.
   at: gdplanningai_rust::logger::process_logs (src\logger.rs:66)
   GDScript backtrace (most recent call first):
       [0] _start_plan_and_wait (res://test/integration/test_campfire_example_smoke.gd:57)
WARNING: [GdPAI] ObjectRef(124621163998): object was freed before callback; returning Nil.
   at: gdplanningai_rust::logger::process_logs (src\logger.rs:66)
   GDScript backtrace (most recent call first):
       [0] _start_plan_and_wait (res://test/integration/test_campfire_example_smoke.gd:57)
[GdPAI | debug] ApplyEffect [Before] ID=InstanceId(-9223369277271157474): agent props = {"entity": null, "held_item": "", "hunger": 70.0627442063492}
[GdPAI | debug] ApplyEffect [After] ID=InstanceId(-9223369277271157474): agent props = {"entity": null, "held_item": "", "hunger": 70.0627442063492}
[GdPAI | debug]   Snapshotting prop: entity = Nil (Variant type: NIL)
[GdPAI | debug]   Snapshotting prop: held_item = Str("") (Variant type: STRING)
[GdPAI | debug]   Snapshotting prop: hunger = Float(70.0627442063492) (Variant type: FLOAT)
WARNING: [GdPAI] ObjectRef(1382643928884): object was freed before callback; returning Nil.
   at: gdplanningai_rust::logger::process_logs (src\logger.rs:66)
   GDScript backtrace (most recent call first):
       [0] _start_plan_and_wait (res://test/integration/test_campfire_example_smoke.gd:57)
[GdPAI | debug] GetCost: callable returned non-numeric value: null; returning INFINITY
WARNING: [GdPAI] ObjectRef(124621163998): object was freed before callback; returning Nil.
   at: gdplanningai_rust::logger::process_logs (src\logger.rs:66)
   GDScript backtrace (most recent call first):
       [0] _process (res://addons/GdPlanningAI/gdpai_autoload.gd:21)
[GdPAI | debug] GetCost: callable returned non-numeric value: null; returning INFINITY
WARNING: [GdPAI] ObjectRef(1382643928884): object was freed before callback; returning Nil.
   at: gdplanningai_rust::logger::process_logs (src\logger.rs:66)
   GDScript backtrace (most recent call first):
       [0] _process (res://addons/GdPlanningAI/gdpai_autoload.gd:21)
[GdPAI | debug] ApplyEffect [Before] ID=InstanceId(-9223369275392109290): agent props = {"hunger": 95.0603725, "entity": null, "held_item": ""}
[GdPAI | debug] ApplyEffect [After] ID=InstanceId(-9223369275392109290): agent props = {"hunger": 95.0603725, "entity": null, "held_item": ""}
[GdPAI | debug]   Snapshotting prop: hunger = Float(95.0603725) (Variant type: FLOAT)
[GdPAI | debug]   Snapshotting prop: entity = Nil (Variant type: NIL)
[GdPAI | debug]   Snapshotting prop: held_item = Str("") (Variant type: STRING)
WARNING: [GdPAI] ObjectRef(124621163998): object was freed before callback; returning Nil.
   at: gdplanningai_rust::logger::process_logs (src\logger.rs:66)
   GDScript backtrace (most recent call first):
       [0] _start_plan_and_wait (res://test/integration/test_campfire_example_smoke.gd:57)
[GdPAI | debug] ApplyEffect [Before] ID=InstanceId(-9223369274721020638): agent props = {"held_item": "", "hunger": 70.0627442063492, "entity": null}
[GdPAI | debug] ApplyEffect [After] ID=InstanceId(-9223369274721020638): agent props = {"held_item": "", "hunger": 70.0627442063492, "entity": null}
[GdPAI | debug]   Snapshotting prop: held_item = Str("") (Variant type: STRING)
[GdPAI | debug]   Snapshotting prop: hunger = Float(70.0627442063492) (Variant type: FLOAT)
[GdPAI | debug]   Snapshotting prop: entity = Nil (Variant type: NIL)
WARNING: [GdPAI] ObjectRef(1382643928884): object was freed before callback; returning Nil.
   at: gdplanningai_rust::logger::process_logs (src\logger.rs:66)
   GDScript backtrace (most recent call first):
       [0] _start_plan_and_wait (res://test/integration/test_campfire_example_smoke.gd:57)
WARNING: [GdPAI] ObjectRef(1382157389614): object was freed before callback; returning Nil.
   at: gdplanningai_rust::logger::process_logs (src\logger.rs:66)
   GDScript backtrace (most recent call first):
       [0] _start_plan_and_wait (res://test/integration/test_campfire_example_smoke.gd:57)
WARNING: [GdPAI] ObjectRef(1382157389614): object was freed before callback; returning Nil.
   at: gdplanningai_rust::logger::process_logs (src\logger.rs:66)
   GDScript backtrace (most recent call first):
       [0] _start_plan_and_wait (res://test/integration/test_campfire_example_smoke.gd:57)
[GdPAI | debug] GetCost: callable returned non-numeric value: null; returning INFINITY
WARNING: [GdPAI] ObjectRef(124621163998): object was freed before callback; returning Nil.
   at: gdplanningai_rust::logger::process_logs (src\logger.rs:66)
   GDScript backtrace (most recent call first):
       [0] _process (res://addons/GdPlanningAI/gdpai_autoload.gd:21)
[GdPAI | debug] GetCost: callable returned non-numeric value: null; returning INFINITY
WARNING: [GdPAI] ObjectRef(1382643928884): object was freed before callback; returning Nil.
   at: gdplanningai_rust::logger::process_logs (src\logger.rs:66)
   GDScript backtrace (most recent call first):
       [0] _process (res://addons/GdPlanningAI/gdpai_autoload.gd:21)
WARNING: [GdPAI] ObjectRef(1382157389614): object was freed before callback; returning Nil.
   at: gdplanningai_rust::logger::process_logs (src\logger.rs:66)
   GDScript backtrace (most recent call first):
       [0] _process (res://addons/GdPlanningAI/gdpai_autoload.gd:21)
WARNING: [GdPAI] ObjectRef(1382157389614): object was freed before callback; returning Nil.
   at: gdplanningai_rust::logger::process_logs (src\logger.rs:66)
   GDScript backtrace (most recent call first):
       [0] _process (res://addons/GdPlanningAI/gdpai_autoload.gd:21)
[GdPAI | debug] ApplyEffect [Before] ID=InstanceId(-9223369272791640815): agent props = {"held_item": "", "entity": null, "hunger": 95.0603725, "at_target": null}
[GdPAI | debug] ApplyEffect [After] ID=InstanceId(-9223369272791640815): agent props = {"held_item": "", "entity": null, "hunger": 95.0603725, "at_target": null}
[GdPAI | debug]   Snapshotting prop: held_item = Str("") (Variant type: STRING)
[GdPAI | debug]   Snapshotting prop: entity = Nil (Variant type: NIL)
[GdPAI | debug]   Snapshotting prop: hunger = Float(95.0603725) (Variant type: FLOAT)
[GdPAI | debug]   Snapshotting prop: at_target = Nil (Variant type: NIL)
WARNING: [GdPAI] ObjectRef(124621163998): object was freed before callback; returning Nil.
   at: gdplanningai_rust::logger::process_logs (src\logger.rs:66)
   GDScript backtrace (most recent call first):
       [0] _start_plan_and_wait (res://test/integration/test_campfire_example_smoke.gd:57)
[GdPAI | debug] ApplyEffect [Before] ID=InstanceId(-9223369272019888821): agent props = {"entity": null, "held_item": "", "hunger": 70.0627442063492}
[GdPAI | debug] ApplyEffect [After] ID=InstanceId(-9223369272019888821): agent props = {"entity": null, "held_item": "", "hunger": 70.0627442063492}
[GdPAI | debug]   Snapshotting prop: entity = Nil (Variant type: NIL)
[GdPAI | debug]   Snapshotting prop: held_item = Str("") (Variant type: STRING)
[GdPAI | debug]   Snapshotting prop: hunger = Float(70.0627442063492) (Variant type: FLOAT)
WARNING: [GdPAI] ObjectRef(1382643928884): object was freed before callback; returning Nil.
   at: gdplanningai_rust::logger::process_logs (src\logger.rs:66)
   GDScript backtrace (most recent call first):
       [0] _start_plan_and_wait (res://test/integration/test_campfire_example_smoke.gd:57)
WARNING: [GdPAI] ObjectRef(1382157389614): object was freed before callback; returning Nil.
   at: gdplanningai_rust::logger::process_logs (src\logger.rs:66)
   GDScript backtrace (most recent call first):
       [0] _start_plan_and_wait (res://test/integration/test_campfire_example_smoke.gd:57)
WARNING: [GdPAI] ObjectRef(1382157389614): object was freed before callback; returning Nil.
   at: gdplanningai_rust::logger::process_logs (src\logger.rs:66)
   GDScript backtrace (most recent call first):
       [0] _start_plan_and_wait (res://test/integration/test_campfire_example_smoke.gd:57)
[GdPAI | debug] GetCost: callable returned non-numeric value: null; returning INFINITY
WARNING: [GdPAI] ObjectRef(124621163998): object was freed before callback; returning Nil.
   at: gdplanningai_rust::logger::process_logs (src\logger.rs:66)
   GDScript backtrace (most recent call first):
       [0] _process (res://addons/GdPlanningAI/gdpai_autoload.gd:21)
WARNING: [GdPAI] ObjectRef(124134624705): object was freed before callback; returning Nil.
   at: gdplanningai_rust::logger::process_logs (src\logger.rs:66)
   GDScript backtrace (most recent call first):
       [0] _process (res://addons/GdPlanningAI/gdpai_autoload.gd:21)
WARNING: [GdPAI] ObjectRef(124134624705): object was freed before callback; returning Nil.
   at: gdplanningai_rust::logger::process_logs (src\logger.rs:66)
   GDScript backtrace (most recent call first):
       [0] _process (res://addons/GdPlanningAI/gdpai_autoload.gd:21)
[GdPAI | debug] GetCost: callable returned non-numeric value: null; returning INFINITY
WARNING: [GdPAI] ObjectRef(1382643928884): object was freed before callback; returning Nil.
   at: gdplanningai_rust::logger::process_logs (src\logger.rs:66)
   GDScript backtrace (most recent call first):
       [0] _process (res://addons/GdPlanningAI/gdpai_autoload.gd:21)
WARNING: [GdPAI] ObjectRef(1382157389614): object was freed before callback; returning Nil.
   at: gdplanningai_rust::logger::process_logs (src\logger.rs:66)
   GDScript backtrace (most recent call first):
       [0] _process (res://addons/GdPlanningAI/gdpai_autoload.gd:21)
WARNING: [GdPAI] ObjectRef(1382157389614): object was freed before callback; returning Nil.
   at: gdplanningai_rust::logger::process_logs (src\logger.rs:66)
   GDScript backtrace (most recent call first):
       [0] _process (res://addons/GdPlanningAI/gdpai_autoload.gd:21)
[GdPAI | debug] ApplyEffect [Before] ID=InstanceId(-9223369270090508997): agent props = {"hunger": 95.0603725, "held_item": "", "entity": null, "at_target": null}
[GdPAI | debug] ApplyEffect [After] ID=InstanceId(-9223369270090508997): agent props = {"hunger": 95.0603725, "held_item": "", "entity": null, "at_target": null}
[GdPAI | debug]   Snapshotting prop: hunger = Float(95.0603725) (Variant type: FLOAT)
[GdPAI | debug]   Snapshotting prop: held_item = Str("") (Variant type: STRING)
[GdPAI | debug]   Snapshotting prop: entity = Nil (Variant type: NIL)
[GdPAI | debug]   Snapshotting prop: at_target = Nil (Variant type: NIL)
WARNING: [GdPAI] ObjectRef(124621163998): object was freed before callback; returning Nil.
   at: gdplanningai_rust::logger::process_logs (src\logger.rs:66)
   GDScript backtrace (most recent call first):
       [0] _start_plan_and_wait (res://test/integration/test_campfire_example_smoke.gd:57)
WARNING: [GdPAI] ObjectRef(124134624705): object was freed before callback; returning Nil.
   at: gdplanningai_rust::logger::process_logs (src\logger.rs:66)
   GDScript backtrace (most recent call first):
       [0] _start_plan_and_wait (res://test/integration/test_campfire_example_smoke.gd:57)
WARNING: [GdPAI] ObjectRef(124134624705): object was freed before callback; returning Nil.
   at: gdplanningai_rust::logger::process_logs (src\logger.rs:66)
   GDScript backtrace (most recent call first):
       [0] _start_plan_and_wait (res://test/integration/test_campfire_example_smoke.gd:57)
[GdPAI | debug] ApplyEffect [Before] ID=InstanceId(-9223369269218093730): agent props = {"held_item": "", "at_target": null, "entity": null, "hunger": 70.0627442063492}
[GdPAI | debug] ApplyEffect [After] ID=InstanceId(-9223369269218093730): agent props = {"held_item": "", "at_target": null, "entity": null, "hunger": 70.0627442063492}
[GdPAI | debug]   Snapshotting prop: held_item = Str("") (Variant type: STRING)
[GdPAI | debug]   Snapshotting prop: at_target = Nil (Variant type: NIL)
[GdPAI | debug]   Snapshotting prop: entity = Nil (Variant type: NIL)
[GdPAI | debug]   Snapshotting prop: hunger = Float(70.0627442063492) (Variant type: FLOAT)
WARNING: [GdPAI] ObjectRef(1382643928884): object was freed before callback; returning Nil.
   at: gdplanningai_rust::logger::process_logs (src\logger.rs:66)
   GDScript backtrace (most recent call first):
       [0] _start_plan_and_wait (res://test/integration/test_campfire_example_smoke.gd:57)
[GdPAI | debug] GetCost: callable returned non-numeric value: null; returning INFINITY
WARNING: [GdPAI] ObjectRef(124621163998): object was freed before callback; returning Nil.
   at: gdplanningai_rust::logger::process_logs (src\logger.rs:66)
   GDScript backtrace (most recent call first):
       [0] _process (res://addons/GdPlanningAI/gdpai_autoload.gd:21)
WARNING: [GdPAI] ObjectRef(124134624705): object was freed before callback; returning Nil.
   at: gdplanningai_rust::logger::process_logs (src\logger.rs:66)
   GDScript backtrace (most recent call first):
       [0] _process (res://addons/GdPlanningAI/gdpai_autoload.gd:21)
WARNING: [GdPAI] ObjectRef(124134624705): object was freed before callback; returning Nil.
   at: gdplanningai_rust::logger::process_logs (src\logger.rs:66)
   GDScript backtrace (most recent call first):
       [0] _process (res://addons/GdPlanningAI/gdpai_autoload.gd:21)
[GdPAI | debug] GetCost: callable returned non-numeric value: null; returning INFINITY
WARNING: [GdPAI] ObjectRef(1382643928884): object was freed before callback; returning Nil.
   at: gdplanningai_rust::logger::process_logs (src\logger.rs:66)
   GDScript backtrace (most recent call first):
       [0] _process (res://addons/GdPlanningAI/gdpai_autoload.gd:21)
[GdPAI | debug] ApplyEffect [Before] ID=InstanceId(-9223369267288713973): agent props = {"hunger": 95.0603725, "at_target": null, "held_item": "wood", "entity": null}
[GdPAI | debug] ApplyEffect [After] ID=InstanceId(-9223369267288713973): agent props = {"hunger": 95.0603725, "at_target": null, "held_item": "wood", "entity": null}
[GdPAI | debug]   Snapshotting prop: hunger = Float(95.0603725) (Variant type: FLOAT)
[GdPAI | debug]   Snapshotting prop: at_target = Nil (Variant type: NIL)
[GdPAI | debug]   Snapshotting prop: held_item = Str("wood") (Variant type: STRING)
[GdPAI | debug]   Snapshotting prop: entity = Nil (Variant type: NIL)
[GdPAI | debug] Numeric comparison: 95.0603725 GreaterThan 0 -> true
WARNING: [GdPAI] ObjectRef(124621163998): object was freed before callback; returning Nil.
   at: gdplanningai_rust::logger::process_logs (src\logger.rs:66)
   GDScript backtrace (most recent call first):
       [0] _start_plan_and_wait (res://test/integration/test_campfire_example_smoke.gd:57)
WARNING: [GdPAI] ObjectRef(124134624705): object was freed before callback; returning Nil.
   at: gdplanningai_rust::logger::process_logs (src\logger.rs:66)
   GDScript backtrace (most recent call first):
       [0] _start_plan_and_wait (res://test/integration/test_campfire_example_smoke.gd:57)
WARNING: [GdPAI] ObjectRef(124134624705): object was freed before callback; returning Nil.
   at: gdplanningai_rust::logger::process_logs (src\logger.rs:66)
   GDScript backtrace (most recent call first):
       [0] _start_plan_and_wait (res://test/integration/test_campfire_example_smoke.gd:57)
[GdPAI | debug] ApplyEffect [Before] ID=InstanceId(-9223369266516961924): agent props = {"hunger": 70.0627442063492, "held_item": "", "at_target": null, "entity": null}
[GdPAI | debug] ApplyEffect [After] ID=InstanceId(-9223369266516961924): agent props = {"hunger": 70.0627442063492, "held_item": "", "at_target": null, "entity": null}
[GdPAI | debug]   Snapshotting prop: hunger = Float(70.0627442063492) (Variant type: FLOAT)
[GdPAI | debug]   Snapshotting prop: held_item = Str("") (Variant type: STRING)
[GdPAI | debug]   Snapshotting prop: at_target = Nil (Variant type: NIL)
[GdPAI | debug]   Snapshotting prop: entity = Nil (Variant type: NIL)
WARNING: [GdPAI] ObjectRef(1382643928884): object was freed before callback; returning Nil.
   at: gdplanningai_rust::logger::process_logs (src\logger.rs:66)
   GDScript backtrace (most recent call first):
       [0] _start_plan_and_wait (res://test/integration/test_campfire_example_smoke.gd:57)
WARNING: [GdPAI] ObjectRef(1382643928884): object was freed before callback; returning Nil.
   at: gdplanningai_rust::logger::process_logs (src\logger.rs:66)
   GDScript backtrace (most recent call first):
       [0] _start_plan_and_wait (res://test/integration/test_campfire_example_smoke.gd:57)
WARNING: [GdPAI] ObjectRef(1383499573091): object was freed before callback; returning Nil.
   at: gdplanningai_rust::logger::process_logs (src\logger.rs:66)
   GDScript backtrace (most recent call first):
       [0] _start_plan_and_wait (res://test/integration/test_campfire_example_smoke.gd:57)
WARNING: [GdPAI] ObjectRef(1383499573091): object was freed before callback; returning Nil.
   at: gdplanningai_rust::logger::process_logs (src\logger.rs:66)
   GDScript backtrace (most recent call first):
       [0] _start_plan_and_wait (res://test/integration/test_campfire_example_smoke.gd:57)
[GdPAI | debug] GetCost: callable returned non-numeric value: null; returning INFINITY
WARNING: [GdPAI] ObjectRef(124621163998): object was freed before callback; returning Nil.
   at: gdplanningai_rust::logger::process_logs (src\logger.rs:66)
   GDScript backtrace (most recent call first):
       [0] _process (res://addons/GdPlanningAI/gdpai_autoload.gd:21)
[GdPAI | debug] GetCost: callable returned non-numeric value: null; returning INFINITY
WARNING: [GdPAI] ObjectRef(1382643928884): object was freed before callback; returning Nil.
   at: gdplanningai_rust::logger::process_logs (src\logger.rs:66)
   GDScript backtrace (most recent call first):
       [0] _process (res://addons/GdPlanningAI/gdpai_autoload.gd:21)
WARNING: [GdPAI] ObjectRef(1382643928884): object was freed before callback; returning Nil.
   at: gdplanningai_rust::logger::process_logs (src\logger.rs:66)
   GDScript backtrace (most recent call first):
       [0] _process (res://addons/GdPlanningAI/gdpai_autoload.gd:21)
WARNING: [GdPAI] ObjectRef(1383499573091): object was freed before callback; returning Nil.
   at: gdplanningai_rust::logger::process_logs (src\logger.rs:66)
   GDScript backtrace (most recent call first):
       [0] _process (res://addons/GdPlanningAI/gdpai_autoload.gd:21)
WARNING: [GdPAI] ObjectRef(1383499573091): object was freed before callback; returning Nil.
   at: gdplanningai_rust::logger::process_logs (src\logger.rs:66)
   GDScript backtrace (most recent call first):
       [0] _process (res://addons/GdPlanningAI/gdpai_autoload.gd:21)
[GdPAI | debug] ApplyEffect [Before] ID=InstanceId(-9223369264436587179): agent props = {"at_target": null, "held_item": "", "hunger": 95.0603725, "entity": null}
[GdPAI | debug] ApplyEffect [After] ID=InstanceId(-9223369264436587179): agent props = {"at_target": null, "held_item": "", "hunger": 95.0603725, "entity": null}
[GdPAI | debug]   Snapshotting prop: at_target = Nil (Variant type: NIL)
[GdPAI | debug]   Snapshotting prop: held_item = Str("") (Variant type: STRING)
[GdPAI | debug]   Snapshotting prop: hunger = Float(95.0603725) (Variant type: FLOAT)
[GdPAI | debug]   Snapshotting prop: entity = Nil (Variant type: NIL)
WARNING: [GdPAI] ObjectRef(124621163998): object was freed before callback; returning Nil.
   at: gdplanningai_rust::logger::process_logs (src\logger.rs:66)
   GDScript backtrace (most recent call first):
       [0] _start_plan_and_wait (res://test/integration/test_campfire_example_smoke.gd:57)
[GdPAI | debug] ApplyEffect [Before] ID=InstanceId(-9223369263614503529): agent props = {"at_target": null, "hunger": 70.0627442063492, "held_item": "wood", "entity": null}
[GdPAI | debug] ApplyEffect [After] ID=InstanceId(-9223369263614503529): agent props = {"at_target": null, "hunger": 70.0627442063492, "held_item": "wood", "entity": null}
[GdPAI | debug]   Snapshotting prop: at_target = Nil (Variant type: NIL)
[GdPAI | debug]   Snapshotting prop: hunger = Float(70.0627442063492) (Variant type: FLOAT)
[GdPAI | debug]   Snapshotting prop: held_item = Str("wood") (Variant type: STRING)
[GdPAI | debug]   Snapshotting prop: entity = Nil (Variant type: NIL)
WARNING: [GdPAI] ObjectRef(1382643928884): object was freed before callback; returning Nil.
   at: gdplanningai_rust::logger::process_logs (src\logger.rs:66)
   GDScript backtrace (most recent call first):
       [0] _start_plan_and_wait (res://test/integration/test_campfire_example_smoke.gd:57)
WARNING: [GdPAI] ObjectRef(1383499573091): object was freed before callback; returning Nil.
   at: gdplanningai_rust::logger::process_logs (src\logger.rs:66)
   GDScript backtrace (most recent call first):
       [0] _start_plan_and_wait (res://test/integration/test_campfire_example_smoke.gd:57)
WARNING: [GdPAI] ObjectRef(1383499573091): object was freed before callback; returning Nil.
   at: gdplanningai_rust::logger::process_logs (src\logger.rs:66)
   GDScript backtrace (most recent call first):
       [0] _start_plan_and_wait (res://test/integration/test_campfire_example_smoke.gd:57)
[GdPAI | debug] GetCost: callable returned non-numeric value: null; returning INFINITY
WARNING: [GdPAI] ObjectRef(124621163998): object was freed before callback; returning Nil.
   at: gdplanningai_rust::logger::process_logs (src\logger.rs:66)
   GDScript backtrace (most recent call first):
       [0] _process (res://addons/GdPlanningAI/gdpai_autoload.gd:21)
WARNING: [GdPAI] ObjectRef(124621163998): object was freed before callback; returning Nil.
   at: gdplanningai_rust::logger::process_logs (src\logger.rs:66)
   GDScript backtrace (most recent call first):
       [0] _process (res://addons/GdPlanningAI/gdpai_autoload.gd:21)
[GdPAI | debug] GetCost: callable returned non-numeric value: null; returning INFINITY
WARNING: [GdPAI] ObjectRef(1382643928884): object was freed before callback; returning Nil.
   at: gdplanningai_rust::logger::process_logs (src\logger.rs:66)
   GDScript backtrace (most recent call first):
       [0] _process (res://addons/GdPlanningAI/gdpai_autoload.gd:21)
WARNING: [GdPAI] ObjectRef(1383499573091): object was freed before callback; returning Nil.
   at: gdplanningai_rust::logger::process_logs (src\logger.rs:66)
   GDScript backtrace (most recent call first):
       [0] _process (res://addons/GdPlanningAI/gdpai_autoload.gd:21)
WARNING: [GdPAI] ObjectRef(1383499573091): object was freed before callback; returning Nil.
   at: gdplanningai_rust::logger::process_logs (src\logger.rs:66)
   GDScript backtrace (most recent call first):
       [0] _process (res://addons/GdPlanningAI/gdpai_autoload.gd:21)
[GdPAI | debug] ApplyEffect [Before] ID=InstanceId(-9223369261685123730): agent props = {"hunger": 95.0603725, "held_item": "", "entity": null, "at_target": null}
[GdPAI | debug] ApplyEffect [After] ID=InstanceId(-9223369261685123730): agent props = {"hunger": 95.0603725, "held_item": "", "entity": null, "at_target": null}
[GdPAI | debug]   Snapshotting prop: hunger = Float(95.0603725) (Variant type: FLOAT)
[GdPAI | debug]   Snapshotting prop: held_item = Str("") (Variant type: STRING)
[GdPAI | debug]   Snapshotting prop: entity = Nil (Variant type: NIL)
[GdPAI | debug]   Snapshotting prop: at_target = Nil (Variant type: NIL)
WARNING: [GdPAI] ObjectRef(124621163998): object was freed before callback; returning Nil.
   at: gdplanningai_rust::logger::process_logs (src\logger.rs:66)
   GDScript backtrace (most recent call first):
       [0] _start_plan_and_wait (res://test/integration/test_campfire_example_smoke.gd:57)
WARNING: [GdPAI] ObjectRef(124621163998): object was freed before callback; returning Nil.
   at: gdplanningai_rust::logger::process_logs (src\logger.rs:66)
   GDScript backtrace (most recent call first):
       [0] _start_plan_and_wait (res://test/integration/test_campfire_example_smoke.gd:57)
[GdPAI | debug] ApplyEffect [Before] ID=InstanceId(-9223369260863040065): agent props = {"hunger": 70.0627442063492, "entity": null, "held_item": ""}
[GdPAI | debug] ApplyEffect [After] ID=InstanceId(-9223369260863040065): agent props = {"hunger": 70.0627442063492, "entity": null, "held_item": ""}
[GdPAI | debug]   Snapshotting prop: hunger = Float(70.0627442063492) (Variant type: FLOAT)
[GdPAI | debug]   Snapshotting prop: entity = Nil (Variant type: NIL)
[GdPAI | debug]   Snapshotting prop: held_item = Str("") (Variant type: STRING)
WARNING: [GdPAI] ObjectRef(1382643928884): object was freed before callback; returning Nil.
   at: gdplanningai_rust::logger::process_logs (src\logger.rs:66)
   GDScript backtrace (most recent call first):
       [0] _start_plan_and_wait (res://test/integration/test_campfire_example_smoke.gd:57)
WARNING: [GdPAI] ObjectRef(1382157389614): object was freed before callback; returning Nil.
   at: gdplanningai_rust::logger::process_logs (src\logger.rs:66)
   GDScript backtrace (most recent call first):
       [0] _start_plan_and_wait (res://test/integration/test_campfire_example_smoke.gd:57)
WARNING: [GdPAI] ObjectRef(1382157389614): object was freed before callback; returning Nil.
   at: gdplanningai_rust::logger::process_logs (src\logger.rs:66)
   GDScript backtrace (most recent call first):
       [0] _start_plan_and_wait (res://test/integration/test_campfire_example_smoke.gd:57)
[GdPAI | debug] GetCost: callable returned non-numeric value: null; returning INFINITY
WARNING: [GdPAI] ObjectRef(124621163998): object was freed before callback; returning Nil.
   at: gdplanningai_rust::logger::process_logs (src\logger.rs:66)
   GDScript backtrace (most recent call first):
       [0] _process (res://addons/GdPlanningAI/gdpai_autoload.gd:21)
[GdPAI | debug] GetCost: callable returned non-numeric value: null; returning INFINITY
WARNING: [GdPAI] ObjectRef(1382643928884): object was freed before callback; returning Nil.
   at: gdplanningai_rust::logger::process_logs (src\logger.rs:66)
   GDScript backtrace (most recent call first):
       [0] _process (res://addons/GdPlanningAI/gdpai_autoload.gd:21)
WARNING: [GdPAI] ObjectRef(1382157389614): object was freed before callback; returning Nil.
   at: gdplanningai_rust::logger::process_logs (src\logger.rs:66)
   GDScript backtrace (most recent call first):
       [0] _process (res://addons/GdPlanningAI/gdpai_autoload.gd:21)
WARNING: [GdPAI] ObjectRef(1382157389614): object was freed before callback; returning Nil.
   at: gdplanningai_rust::logger::process_logs (src\logger.rs:66)
   GDScript backtrace (most recent call first):
       [0] _process (res://addons/GdPlanningAI/gdpai_autoload.gd:21)
[GdPAI | debug] ApplyEffect [Before] ID=InstanceId(-9223369258883328596): agent props = {"hunger": 95.0603725, "entity": null, "held_item": "", "at_target": null}
[GdPAI | debug] ApplyEffect [After] ID=InstanceId(-9223369258883328596): agent props = {"hunger": 95.0603725, "entity": null, "held_item": "", "at_target": null}
[GdPAI | debug]   Snapshotting prop: hunger = Float(95.0603725) (Variant type: FLOAT)
[GdPAI | debug]   Snapshotting prop: entity = Nil (Variant type: NIL)
[GdPAI | debug]   Snapshotting prop: held_item = Str("") (Variant type: STRING)
[GdPAI | debug]   Snapshotting prop: at_target = Nil (Variant type: NIL)
WARNING: [GdPAI] ObjectRef(124621163998): object was freed before callback; returning Nil.
   at: gdplanningai_rust::logger::process_logs (src\logger.rs:66)
   GDScript backtrace (most recent call first):
       [0] _start_plan_and_wait (res://test/integration/test_campfire_example_smoke.gd:57)
[GdPAI | debug] ApplyEffect [Before] ID=InstanceId(-9223369258111576628): agent props = {"entity": null, "hunger": 70.0627442063492, "held_item": ""}
[GdPAI | debug] ApplyEffect [After] ID=InstanceId(-9223369258111576628): agent props = {"entity": null, "hunger": 70.0627442063492, "held_item": ""}
[GdPAI | debug]   Snapshotting prop: entity = Nil (Variant type: NIL)
[GdPAI | debug]   Snapshotting prop: hunger = Float(70.0627442063492) (Variant type: FLOAT)
[GdPAI | debug]   Snapshotting prop: held_item = Str("") (Variant type: STRING)
WARNING: [GdPAI] ObjectRef(1382643928884): object was freed before callback; returning Nil.
   at: gdplanningai_rust::logger::process_logs (src\logger.rs:66)
   GDScript backtrace (most recent call first):
       [0] _start_plan_and_wait (res://test/integration/test_campfire_example_smoke.gd:57)
WARNING: [GdPAI] ObjectRef(1382157389614): object was freed before callback; returning Nil.
   at: gdplanningai_rust::logger::process_logs (src\logger.rs:66)
   GDScript backtrace (most recent call first):
       [0] _start_plan_and_wait (res://test/integration/test_campfire_example_smoke.gd:57)
WARNING: [GdPAI] ObjectRef(1382157389614): object was freed before callback; returning Nil.
   at: gdplanningai_rust::logger::process_logs (src\logger.rs:66)
   GDScript backtrace (most recent call first):
       [0] _start_plan_and_wait (res://test/integration/test_campfire_example_smoke.gd:57)
[GdPAI | debug] GetCost: callable returned non-numeric value: null; returning INFINITY
WARNING: [GdPAI] ObjectRef(124621163998): object was freed before callback; returning Nil.
   at: gdplanningai_rust::logger::process_logs (src\logger.rs:66)
   GDScript backtrace (most recent call first):
       [0] _process (res://addons/GdPlanningAI/gdpai_autoload.gd:21)
[GdPAI | debug] GetCost: callable returned non-numeric value: null; returning INFINITY
WARNING: [GdPAI] ObjectRef(1382643928884): object was freed before callback; returning Nil.
   at: gdplanningai_rust::logger::process_logs (src\logger.rs:66)
   GDScript backtrace (most recent call first):
       [0] _process (res://addons/GdPlanningAI/gdpai_autoload.gd:21)
WARNING: [GdPAI] ObjectRef(1382157389614): object was freed before callback; returning Nil.
   at: gdplanningai_rust::logger::process_logs (src\logger.rs:66)
   GDScript backtrace (most recent call first):
       [0] _process (res://addons/GdPlanningAI/gdpai_autoload.gd:21)
WARNING: [GdPAI] ObjectRef(1382157389614): object was freed before callback; returning Nil.
   at: gdplanningai_rust::logger::process_logs (src\logger.rs:66)
   GDScript backtrace (most recent call first):
       [0] _process (res://addons/GdPlanningAI/gdpai_autoload.gd:21)
[GdPAI | debug] ApplyEffect [Before] ID=InstanceId(-9223369256182196786): agent props = {"held_item": "", "at_target": null, "hunger": 95.0603725, "entity": null}
[GdPAI | debug] ApplyEffect [After] ID=InstanceId(-9223369256182196786): agent props = {"held_item": "", "at_target": null, "hunger": 95.0603725, "entity": null}
[GdPAI | debug]   Snapshotting prop: held_item = Str("") (Variant type: STRING)
[GdPAI | debug]   Snapshotting prop: at_target = Nil (Variant type: NIL)
[GdPAI | debug]   Snapshotting prop: hunger = Float(95.0603725) (Variant type: FLOAT)
[GdPAI | debug]   Snapshotting prop: entity = Nil (Variant type: NIL)
WARNING: [GdPAI] ObjectRef(124621163998): object was freed before callback; returning Nil.
   at: gdplanningai_rust::logger::process_logs (src\logger.rs:66)
   GDScript backtrace (most recent call first):
       [0] _start_plan_and_wait (res://test/integration/test_campfire_example_smoke.gd:57)
[GdPAI | debug] ApplyEffect [Before] ID=InstanceId(-9223369255410444813): agent props = {"entity": null, "hunger": 70.0627442063492, "held_item": ""}
[GdPAI | debug] ApplyEffect [After] ID=InstanceId(-9223369255410444813): agent props = {"entity": null, "hunger": 70.0627442063492, "held_item": ""}
[GdPAI | debug]   Snapshotting prop: entity = Nil (Variant type: NIL)
[GdPAI | debug]   Snapshotting prop: hunger = Float(70.0627442063492) (Variant type: FLOAT)
[GdPAI | debug]   Snapshotting prop: held_item = Str("") (Variant type: STRING)
WARNING: [GdPAI] ObjectRef(1382643928884): object was freed before callback; returning Nil.
   at: gdplanningai_rust::logger::process_logs (src\logger.rs:66)
   GDScript backtrace (most recent call first):
       [0] _start_plan_and_wait (res://test/integration/test_campfire_example_smoke.gd:57)
[GdPAI | debug] GetCost: callable returned non-numeric value: null; returning INFINITY
WARNING: [GdPAI] ObjectRef(124621163998): object was freed before callback; returning Nil.
   at: gdplanningai_rust::logger::process_logs (src\logger.rs:66)
   GDScript backtrace (most recent call first):
       [0] _process (res://addons/GdPlanningAI/gdpai_autoload.gd:21)
WARNING: [GdPAI] ObjectRef(124134624705): object was freed before callback; returning Nil.
   at: gdplanningai_rust::logger::process_logs (src\logger.rs:66)
   GDScript backtrace (most recent call first):
       [0] _process (res://addons/GdPlanningAI/gdpai_autoload.gd:21)
WARNING: [GdPAI] ObjectRef(124134624705): object was freed before callback; returning Nil.
   at: gdplanningai_rust::logger::process_logs (src\logger.rs:66)
   GDScript backtrace (most recent call first):
       [0] _process (res://addons/GdPlanningAI/gdpai_autoload.gd:21)
[GdPAI | debug] GetCost: callable returned non-numeric value: null; returning INFINITY
WARNING: [GdPAI] ObjectRef(1382643928884): object was freed before callback; returning Nil.
   at: gdplanningai_rust::logger::process_logs (src\logger.rs:66)
   GDScript backtrace (most recent call first):
       [0] _process (res://addons/GdPlanningAI/gdpai_autoload.gd:21)
[GdPAI | debug] ApplyEffect [Before] ID=InstanceId(-9223369253581728355): agent props = {"held_item": "wood", "hunger": 95.0603725, "at_target": null, "entity": null}
[GdPAI | debug] ApplyEffect [After] ID=InstanceId(-9223369253581728355): agent props = {"held_item": "wood", "hunger": 95.0603725, "at_target": null, "entity": null}
[GdPAI | debug]   Snapshotting prop: held_item = Str("wood") (Variant type: STRING)
[GdPAI | debug]   Snapshotting prop: hunger = Float(95.0603725) (Variant type: FLOAT)
[GdPAI | debug]   Snapshotting prop: at_target = Nil (Variant type: NIL)
[GdPAI | debug]   Snapshotting prop: entity = Nil (Variant type: NIL)
WARNING: [GdPAI] ObjectRef(124621163998): object was freed before callback; returning Nil.
   at: gdplanningai_rust::logger::process_logs (src\logger.rs:66)
   GDScript backtrace (most recent call first):
       [0] _start_plan_and_wait (res://test/integration/test_campfire_example_smoke.gd:57)
WARNING: [GdPAI] ObjectRef(124134624705): object was freed before callback; returning Nil.
   at: gdplanningai_rust::logger::process_logs (src\logger.rs:66)
   GDScript backtrace (most recent call first):
       [0] _start_plan_and_wait (res://test/integration/test_campfire_example_smoke.gd:57)
WARNING: [GdPAI] ObjectRef(124134624705): object was freed before callback; returning Nil.
   at: gdplanningai_rust::logger::process_logs (src\logger.rs:66)
   GDScript backtrace (most recent call first):
       [0] _start_plan_and_wait (res://test/integration/test_campfire_example_smoke.gd:57)
[GdPAI | debug] ApplyEffect [Before] ID=InstanceId(-9223369252809976326): agent props = {"entity": null, "at_target": null, "hunger": 70.0627442063492, "held_item": ""}
[GdPAI | debug] ApplyEffect [After] ID=InstanceId(-9223369252809976326): agent props = {"entity": null, "at_target": null, "hunger": 70.0627442063492, "held_item": ""}
[GdPAI | debug]   Snapshotting prop: entity = Nil (Variant type: NIL)
[GdPAI | debug]   Snapshotting prop: at_target = Nil (Variant type: NIL)
[GdPAI | debug]   Snapshotting prop: hunger = Float(70.0627442063492) (Variant type: FLOAT)
[GdPAI | debug]   Snapshotting prop: held_item = Str("") (Variant type: STRING)
WARNING: [GdPAI] ObjectRef(1382643928884): object was freed before callback; returning Nil.
   at: gdplanningai_rust::logger::process_logs (src\logger.rs:66)
   GDScript backtrace (most recent call first):
       [0] _start_plan_and_wait (res://test/integration/test_campfire_example_smoke.gd:57)
WARNING: [GdPAI] ObjectRef(1382643928884): object was freed before callback; returning Nil.
   at: gdplanningai_rust::logger::process_logs (src\logger.rs:66)
   GDScript backtrace (most recent call first):
       [0] _start_plan_and_wait (res://test/integration/test_campfire_example_smoke.gd:57)
[GdPAI | debug] GetCost: callable returned non-numeric value: null; returning INFINITY
WARNING: [GdPAI] ObjectRef(124621163998): object was freed before callback; returning Nil.
   at: gdplanningai_rust::logger::process_logs (src\logger.rs:66)
   GDScript backtrace (most recent call first):
       [0] _process (res://addons/GdPlanningAI/gdpai_autoload.gd:21)
WARNING: [GdPAI] ObjectRef(124134624705): object was freed before callback; returning Nil.
   at: gdplanningai_rust::logger::process_logs (src\logger.rs:66)
   GDScript backtrace (most recent call first):
       [0] _process (res://addons/GdPlanningAI/gdpai_autoload.gd:21)
WARNING: [GdPAI] ObjectRef(124134624705): object was freed before callback; returning Nil.
   at: gdplanningai_rust::logger::process_logs (src\logger.rs:66)
   GDScript backtrace (most recent call first):
       [0] _process (res://addons/GdPlanningAI/gdpai_autoload.gd:21)
[GdPAI | debug] GetCost: callable returned non-numeric value: null; returning INFINITY
WARNING: [GdPAI] ObjectRef(1382643928884): object was freed before callback; returning Nil.
   at: gdplanningai_rust::logger::process_logs (src\logger.rs:66)
   GDScript backtrace (most recent call first):
       [0] _process (res://addons/GdPlanningAI/gdpai_autoload.gd:21)
WARNING: [GdPAI] ObjectRef(1382643928884): object was freed before callback; returning Nil.
   at: gdplanningai_rust::logger::process_logs (src\logger.rs:66)
   GDScript backtrace (most recent call first):
       [0] _process (res://addons/GdPlanningAI/gdpai_autoload.gd:21)
[GdPAI | debug] ApplyEffect [Before] ID=InstanceId(-9223369250830264869): agent props = {"held_item": "", "hunger": 95.0603725, "entity": null}
[GdPAI | debug] ApplyEffect [After] ID=InstanceId(-9223369250830264869): agent props = {"held_item": "", "hunger": 95.0603725, "entity": null}
[GdPAI | debug]   Snapshotting prop: held_item = Str("") (Variant type: STRING)
[GdPAI | debug]   Snapshotting prop: hunger = Float(95.0603725) (Variant type: FLOAT)
[GdPAI | debug]   Snapshotting prop: entity = Nil (Variant type: NIL)
WARNING: [GdPAI] ObjectRef(124621163998): object was freed before callback; returning Nil.
   at: gdplanningai_rust::logger::process_logs (src\logger.rs:66)
   GDScript backtrace (most recent call first):
       [0] _start_plan_and_wait (res://test/integration/test_campfire_example_smoke.gd:57)
WARNING: [GdPAI] ObjectRef(124134624705): object was freed before callback; returning Nil.
   at: gdplanningai_rust::logger::process_logs (src\logger.rs:66)
   GDScript backtrace (most recent call first):
       [0] _start_plan_and_wait (res://test/integration/test_campfire_example_smoke.gd:57)
WARNING: [GdPAI] ObjectRef(124134624705): object was freed before callback; returning Nil.
   at: gdplanningai_rust::logger::process_logs (src\logger.rs:66)
   GDScript backtrace (most recent call first):
       [0] _start_plan_and_wait (res://test/integration/test_campfire_example_smoke.gd:57)
[GdPAI | debug] ApplyEffect [Before] ID=InstanceId(-9223369250008181214): agent props = {"held_item": "", "at_target": null, "entity": null, "hunger": 70.0627442063492}
[GdPAI | debug] ApplyEffect [After] ID=InstanceId(-9223369250008181214): agent props = {"held_item": "", "at_target": null, "entity": null, "hunger": 70.0627442063492}
[GdPAI | debug]   Snapshotting prop: held_item = Str("") (Variant type: STRING)
[GdPAI | debug]   Snapshotting prop: at_target = Nil (Variant type: NIL)
[GdPAI | debug]   Snapshotting prop: entity = Nil (Variant type: NIL)
[GdPAI | debug]   Snapshotting prop: hunger = Float(70.0627442063492) (Variant type: FLOAT)
WARNING: [GdPAI] ObjectRef(1382643928884): object was freed before callback; returning Nil.
   at: gdplanningai_rust::logger::process_logs (src\logger.rs:66)
   GDScript backtrace (most recent call first):
       [0] _start_plan_and_wait (res://test/integration/test_campfire_example_smoke.gd:57)
[GdPAI | debug] GetCost: callable returned non-numeric value: null; returning INFINITY
WARNING: [GdPAI] ObjectRef(124621163998): object was freed before callback; returning Nil.
   at: gdplanningai_rust::logger::process_logs (src\logger.rs:66)
   GDScript backtrace (most recent call first):
       [0] _process (res://addons/GdPlanningAI/gdpai_autoload.gd:21)
[GdPAI | debug] GetCost: callable returned non-numeric value: null; returning INFINITY
WARNING: [GdPAI] ObjectRef(1382643928884): object was freed before callback; returning Nil.
   at: gdplanningai_rust::logger::process_logs (src\logger.rs:66)
   GDScript backtrace (most recent call first):
       [0] _process (res://addons/GdPlanningAI/gdpai_autoload.gd:21)
[GdPAI | debug] ApplyEffect [Before] ID=InstanceId(-9223369248078801389): agent props = {"entity": null, "held_item": "", "hunger": 95.0603725}
[GdPAI | debug] ApplyEffect [After] ID=InstanceId(-9223369248078801389): agent props = {"entity": null, "held_item": "", "hunger": 95.0603725}
[GdPAI | debug]   Snapshotting prop: entity = Nil (Variant type: NIL)
[GdPAI | debug]   Snapshotting prop: held_item = Str("") (Variant type: STRING)
[GdPAI | debug]   Snapshotting prop: hunger = Float(95.0603725) (Variant type: FLOAT)
WARNING: [GdPAI] ObjectRef(124621163998): object was freed before callback; returning Nil.
   at: gdplanningai_rust::logger::process_logs (src\logger.rs:66)
   GDScript backtrace (most recent call first):
       [0] _start_plan_and_wait (res://test/integration/test_campfire_example_smoke.gd:57)
[GdPAI | debug] ApplyEffect [Before] ID=InstanceId(-9223369247407712740): agent props = {"held_item": "wood", "hunger": 70.0627442063492, "entity": null, "at_target": null}
[GdPAI | debug] ApplyEffect [After] ID=InstanceId(-9223369247407712740): agent props = {"held_item": "wood", "hunger": 70.0627442063492, "entity": null, "at_target": null}
[GdPAI | debug]   Snapshotting prop: held_item = Str("wood") (Variant type: STRING)
[GdPAI | debug]   Snapshotting prop: hunger = Float(70.0627442063492) (Variant type: FLOAT)
[GdPAI | debug]   Snapshotting prop: entity = Nil (Variant type: NIL)
[GdPAI | debug]   Snapshotting prop: at_target = Nil (Variant type: NIL)
WARNING: [GdPAI] ObjectRef(1382643928884): object was freed before callback; returning Nil.
   at: gdplanningai_rust::logger::process_logs (src\logger.rs:66)
   GDScript backtrace (most recent call first):
       [0] _start_plan_and_wait (res://test/integration/test_campfire_example_smoke.gd:57)
WARNING: [GdPAI] ObjectRef(1382157389614): object was freed before callback; returning Nil.
   at: gdplanningai_rust::logger::process_logs (src\logger.rs:66)
   GDScript backtrace (most recent call first):
       [0] _start_plan_and_wait (res://test/integration/test_campfire_example_smoke.gd:57)
WARNING: [GdPAI] ObjectRef(1382157389614): object was freed before callback; returning Nil.
   at: gdplanningai_rust::logger::process_logs (src\logger.rs:66)
   GDScript backtrace (most recent call first):
       [0] _start_plan_and_wait (res://test/integration/test_campfire_example_smoke.gd:57)
[GdPAI | debug] GetCost: callable returned non-numeric value: null; returning INFINITY
WARNING: [GdPAI] ObjectRef(124621163998): object was freed before callback; returning Nil.
   at: gdplanningai_rust::logger::process_logs (src\logger.rs:66)
   GDScript backtrace (most recent call first):
       [0] _process (res://addons/GdPlanningAI/gdpai_autoload.gd:21)
WARNING: [GdPAI] ObjectRef(124621163998): object was freed before callback; returning Nil.
   at: gdplanningai_rust::logger::process_logs (src\logger.rs:66)
   GDScript backtrace (most recent call first):
       [0] _process (res://addons/GdPlanningAI/gdpai_autoload.gd:21)
[GdPAI | debug] GetCost: callable returned non-numeric value: null; returning INFINITY
WARNING: [GdPAI] ObjectRef(1382643928884): object was freed before callback; returning Nil.
   at: gdplanningai_rust::logger::process_logs (src\logger.rs:66)
   GDScript backtrace (most recent call first):
       [0] _process (res://addons/GdPlanningAI/gdpai_autoload.gd:21)
WARNING: [GdPAI] ObjectRef(1382157389614): object was freed before callback; returning Nil.
   at: gdplanningai_rust::logger::process_logs (src\logger.rs:66)
   GDScript backtrace (most recent call first):
       [0] _process (res://addons/GdPlanningAI/gdpai_autoload.gd:21)
WARNING: [GdPAI] ObjectRef(1382157389614): object was freed before callback; returning Nil.
   at: gdplanningai_rust::logger::process_logs (src\logger.rs:66)
   GDScript backtrace (most recent call first):
       [0] _process (res://addons/GdPlanningAI/gdpai_autoload.gd:21)
[GdPAI | debug] ApplyEffect [Before] ID=InstanceId(-9223369245478332877): agent props = {"hunger": 95.0603725, "at_target": null, "held_item": "", "entity": null}
[GdPAI | debug] ApplyEffect [After] ID=InstanceId(-9223369245478332877): agent props = {"hunger": 95.0603725, "at_target": null, "held_item": "", "entity": null}
[GdPAI | debug]   Snapshotting prop: hunger = Float(95.0603725) (Variant type: FLOAT)
[GdPAI | debug]   Snapshotting prop: at_target = Nil (Variant type: NIL)
[GdPAI | debug]   Snapshotting prop: held_item = Str("") (Variant type: STRING)
[GdPAI | debug]   Snapshotting prop: entity = Nil (Variant type: NIL)
WARNING: [GdPAI] ObjectRef(124621163998): object was freed before callback; returning Nil.
   at: gdplanningai_rust::logger::process_logs (src\logger.rs:66)
   GDScript backtrace (most recent call first):
       [0] _start_plan_and_wait (res://test/integration/test_campfire_example_smoke.gd:57)
WARNING: [GdPAI] ObjectRef(124621163998): object was freed before callback; returning Nil.
   at: gdplanningai_rust::logger::process_logs (src\logger.rs:66)
   GDScript backtrace (most recent call first):
       [0] _start_plan_and_wait (res://test/integration/test_campfire_example_smoke.gd:57)
[GdPAI | debug] ApplyEffect [Before] ID=InstanceId(-9223369244656249271): agent props = {"entity": null, "held_item": "", "hunger": 70.0627442063492}
[GdPAI | debug] ApplyEffect [After] ID=InstanceId(-9223369244656249271): agent props = {"entity": null, "held_item": "", "hunger": 70.0627442063492}
[GdPAI | debug]   Snapshotting prop: entity = Nil (Variant type: NIL)
[GdPAI | debug]   Snapshotting prop: held_item = Str("") (Variant type: STRING)
[GdPAI | debug]   Snapshotting prop: hunger = Float(70.0627442063492) (Variant type: FLOAT)
WARNING: [GdPAI] ObjectRef(1382643928884): object was freed before callback; returning Nil.
   at: gdplanningai_rust::logger::process_logs (src\logger.rs:66)
   GDScript backtrace (most recent call first):
       [0] _start_plan_and_wait (res://test/integration/test_campfire_example_smoke.gd:57)
WARNING: [GdPAI] ObjectRef(1382157389614): object was freed before callback; returning Nil.
   at: gdplanningai_rust::logger::process_logs (src\logger.rs:66)
   GDScript backtrace (most recent call first):
       [0] _start_plan_and_wait (res://test/integration/test_campfire_example_smoke.gd:57)
WARNING: [GdPAI] ObjectRef(1382157389614): object was freed before callback; returning Nil.
   at: gdplanningai_rust::logger::process_logs (src\logger.rs:66)
   GDScript backtrace (most recent call first):
       [0] _start_plan_and_wait (res://test/integration/test_campfire_example_smoke.gd:57)
[GdPAI | debug] GetCost: callable returned non-numeric value: null; returning INFINITY
WARNING: [GdPAI] ObjectRef(124621163998): object was freed before callback; returning Nil.
   at: gdplanningai_rust::logger::process_logs (src\logger.rs:66)
   GDScript backtrace (most recent call first):
       [0] _process (res://addons/GdPlanningAI/gdpai_autoload.gd:21)
[GdPAI | debug] GetCost: callable returned non-numeric value: null; returning INFINITY
WARNING: [GdPAI] ObjectRef(1382643928884): object was freed before callback; returning Nil.
   at: gdplanningai_rust::logger::process_logs (src\logger.rs:66)
   GDScript backtrace (most recent call first):
       [0] _process (res://addons/GdPlanningAI/gdpai_autoload.gd:21)
WARNING: [GdPAI] ObjectRef(1382157389614): object was freed before callback; returning Nil.
   at: gdplanningai_rust::logger::process_logs (src\logger.rs:66)
   GDScript backtrace (most recent call first):
       [0] _process (res://addons/GdPlanningAI/gdpai_autoload.gd:21)
WARNING: [GdPAI] ObjectRef(1382157389614): object was freed before callback; returning Nil.
   at: gdplanningai_rust::logger::process_logs (src\logger.rs:66)
   GDScript backtrace (most recent call first):
       [0] _process (res://addons/GdPlanningAI/gdpai_autoload.gd:21)
[GdPAI | debug] ApplyEffect [Before] ID=InstanceId(-9223369242676537885): agent props = {"hunger": 95.0603725, "at_target": null, "entity": null, "held_item": ""}
[GdPAI | debug] ApplyEffect [After] ID=InstanceId(-9223369242676537885): agent props = {"hunger": 95.0603725, "at_target": null, "entity": null, "held_item": ""}
[GdPAI | debug]   Snapshotting prop: hunger = Float(95.0603725) (Variant type: FLOAT)
[GdPAI | debug]   Snapshotting prop: at_target = Nil (Variant type: NIL)
[GdPAI | debug]   Snapshotting prop: entity = Nil (Variant type: NIL)
[GdPAI | debug]   Snapshotting prop: held_item = Str("") (Variant type: STRING)
WARNING: [GdPAI] ObjectRef(124621163998): object was freed before callback; returning Nil.
   at: gdplanningai_rust::logger::process_logs (src\logger.rs:66)
   GDScript backtrace (most recent call first):
       [0] _start_plan_and_wait (res://test/integration/test_campfire_example_smoke.gd:57)
[GdPAI | debug] ApplyEffect [Before] ID=InstanceId(-9223369241904785870): agent props = {"held_item": "", "hunger": 70.0627442063492, "entity": null}
[GdPAI | debug] ApplyEffect [After] ID=InstanceId(-9223369241904785870): agent props = {"held_item": "", "hunger": 70.0627442063492, "entity": null}
[GdPAI | debug]   Snapshotting prop: held_item = Str("") (Variant type: STRING)
[GdPAI | debug]   Snapshotting prop: hunger = Float(70.0627442063492) (Variant type: FLOAT)
[GdPAI | debug]   Snapshotting prop: entity = Nil (Variant type: NIL)
WARNING: [GdPAI] ObjectRef(1382643928884): object was freed before callback; returning Nil.
   at: gdplanningai_rust::logger::process_logs (src\logger.rs:66)
   GDScript backtrace (most recent call first):
       [0] _start_plan_and_wait (res://test/integration/test_campfire_example_smoke.gd:57)
[GdPAI | debug] GetCost: callable returned non-numeric value: null; returning INFINITY
WARNING: [GdPAI] ObjectRef(124621163998): object was freed before callback; returning Nil.
   at: gdplanningai_rust::logger::process_logs (src\logger.rs:66)
   GDScript backtrace (most recent call first):
       [0] _process (res://addons/GdPlanningAI/gdpai_autoload.gd:21)
[GdPAI | debug] GetCost: callable returned non-numeric value: null; returning INFINITY
WARNING: [GdPAI] ObjectRef(1382643928884): object was freed before callback; returning Nil.
   at: gdplanningai_rust::logger::process_logs (src\logger.rs:66)
   GDScript backtrace (most recent call first):
       [0] _process (res://addons/GdPlanningAI/gdpai_autoload.gd:21)
[GdPAI | debug] ApplyEffect [Before] ID=InstanceId(-9223369240076069308): agent props = {"at_target": null, "hunger": 95.0603725, "entity": null, "held_item": "wood"}
[GdPAI | debug] ApplyEffect [After] ID=InstanceId(-9223369240076069308): agent props = {"at_target": null, "hunger": 95.0603725, "entity": null, "held_item": "wood"}
[GdPAI | debug]   Snapshotting prop: at_target = Nil (Variant type: NIL)
[GdPAI | debug]   Snapshotting prop: hunger = Float(95.0603725) (Variant type: FLOAT)
[GdPAI | debug]   Snapshotting prop: entity = Nil (Variant type: NIL)
[GdPAI | debug]   Snapshotting prop: held_item = Str("wood") (Variant type: STRING)
WARNING: [GdPAI] ObjectRef(124621163998): object was freed before callback; returning Nil.
   at: gdplanningai_rust::logger::process_logs (src\logger.rs:66)
   GDScript backtrace (most recent call first):
       [0] _start_plan_and_wait (res://test/integration/test_campfire_example_smoke.gd:57)
[GdPAI | debug] ApplyEffect [Before] ID=InstanceId(-9223369239404980608): agent props = {"entity": null, "held_item": "", "hunger": 70.0627442063492}
[GdPAI | debug] ApplyEffect [After] ID=InstanceId(-9223369239404980608): agent props = {"entity": null, "held_item": "", "hunger": 70.0627442063492}
[GdPAI | debug]   Snapshotting prop: entity = Nil (Variant type: NIL)
[GdPAI | debug]   Snapshotting prop: held_item = Str("") (Variant type: STRING)
[GdPAI | debug]   Snapshotting prop: hunger = Float(70.0627442063492) (Variant type: FLOAT)
WARNING: [GdPAI] ObjectRef(1382643928884): object was freed before callback; returning Nil.
   at: gdplanningai_rust::logger::process_logs (src\logger.rs:66)
   GDScript backtrace (most recent call first):
       [0] _start_plan_and_wait (res://test/integration/test_campfire_example_smoke.gd:57)
WARNING: [GdPAI] ObjectRef(1382643928884): object was freed before callback; returning Nil.
   at: gdplanningai_rust::logger::process_logs (src\logger.rs:66)
   GDScript backtrace (most recent call first):
       [0] _start_plan_and_wait (res://test/integration/test_campfire_example_smoke.gd:57)
[GdPAI | debug] GetCost: callable returned non-numeric value: null; returning INFINITY
WARNING: [GdPAI] ObjectRef(124621163998): object was freed before callback; returning Nil.
   at: gdplanningai_rust::logger::process_logs (src\logger.rs:66)
   GDScript backtrace (most recent call first):
       [0] _process (res://addons/GdPlanningAI/gdpai_autoload.gd:21)
WARNING: [GdPAI] ObjectRef(124134624705): object was freed before callback; returning Nil.
   at: gdplanningai_rust::logger::process_logs (src\logger.rs:66)
   GDScript backtrace (most recent call first):
       [0] _process (res://addons/GdPlanningAI/gdpai_autoload.gd:21)
WARNING: [GdPAI] ObjectRef(124134624705): object was freed before callback; returning Nil.
   at: gdplanningai_rust::logger::process_logs (src\logger.rs:66)
   GDScript backtrace (most recent call first):
       [0] _process (res://addons/GdPlanningAI/gdpai_autoload.gd:21)
[GdPAI | debug] GetCost: callable returned non-numeric value: null; returning INFINITY
WARNING: [GdPAI] ObjectRef(1382643928884): object was freed before callback; returning Nil.
   at: gdplanningai_rust::logger::process_logs (src\logger.rs:66)
   GDScript backtrace (most recent call first):
       [0] _process (res://addons/GdPlanningAI/gdpai_autoload.gd:21)
WARNING: [GdPAI] ObjectRef(1382643928884): object was freed before callback; returning Nil.
   at: gdplanningai_rust::logger::process_logs (src\logger.rs:66)
   GDScript backtrace (most recent call first):
       [0] _process (res://addons/GdPlanningAI/gdpai_autoload.gd:21)
[GdPAI | debug] ApplyEffect [Before] ID=InstanceId(-9223369237525932427): agent props = {"held_item": "", "hunger": 95.0603725, "entity": null}
[GdPAI | debug] ApplyEffect [After] ID=InstanceId(-9223369237525932427): agent props = {"held_item": "", "hunger": 95.0603725, "entity": null}
[GdPAI | debug]   Snapshotting prop: held_item = Str("") (Variant type: STRING)
[GdPAI | debug]   Snapshotting prop: hunger = Float(95.0603725) (Variant type: FLOAT)
[GdPAI | debug]   Snapshotting prop: entity = Nil (Variant type: NIL)
WARNING: [GdPAI] ObjectRef(124621163998): object was freed before callback; returning Nil.
   at: gdplanningai_rust::logger::process_logs (src\logger.rs:66)
   GDScript backtrace (most recent call first):
       [0] _start_plan_and_wait (res://test/integration/test_campfire_example_smoke.gd:57)
WARNING: [GdPAI] ObjectRef(124134624705): object was freed before callback; returning Nil.
   at: gdplanningai_rust::logger::process_logs (src\logger.rs:66)
   GDScript backtrace (most recent call first):
       [0] _start_plan_and_wait (res://test/integration/test_campfire_example_smoke.gd:57)
WARNING: [GdPAI] ObjectRef(124134624705): object was freed before callback; returning Nil.
   at: gdplanningai_rust::logger::process_logs (src\logger.rs:66)
   GDScript backtrace (most recent call first):
       [0] _start_plan_and_wait (res://test/integration/test_campfire_example_smoke.gd:57)
[GdPAI | debug] ApplyEffect [Before] ID=InstanceId(-9223369236703848820): agent props = {"at_target": null, "entity": null, "held_item": "", "hunger": 70.0627442063492}
[GdPAI | debug] ApplyEffect [After] ID=InstanceId(-9223369236703848820): agent props = {"at_target": null, "entity": null, "held_item": "", "hunger": 70.0627442063492}
[GdPAI | debug]   Snapshotting prop: at_target = Nil (Variant type: NIL)
[GdPAI | debug]   Snapshotting prop: entity = Nil (Variant type: NIL)
[GdPAI | debug]   Snapshotting prop: held_item = Str("") (Variant type: STRING)
[GdPAI | debug]   Snapshotting prop: hunger = Float(70.0627442063492) (Variant type: FLOAT)
WARNING: [GdPAI] ObjectRef(1382643928884): object was freed before callback; returning Nil.
   at: gdplanningai_rust::logger::process_logs (src\logger.rs:66)
   GDScript backtrace (most recent call first):
       [0] _start_plan_and_wait (res://test/integration/test_campfire_example_smoke.gd:57)
[GdPAI | debug] GetCost: callable returned non-numeric value: null; returning INFINITY
WARNING: [GdPAI] ObjectRef(124621163998): object was freed before callback; returning Nil.
   at: gdplanningai_rust::logger::process_logs (src\logger.rs:66)
   GDScript backtrace (most recent call first):
       [0] _process (res://addons/GdPlanningAI/gdpai_autoload.gd:21)
WARNING: [GdPAI] ObjectRef(124134624705): object was freed before callback; returning Nil.
   at: gdplanningai_rust::logger::process_logs (src\logger.rs:66)
   GDScript backtrace (most recent call first):
       [0] _process (res://addons/GdPlanningAI/gdpai_autoload.gd:21)
WARNING: [GdPAI] ObjectRef(124134624705): object was freed before callback; returning Nil.
   at: gdplanningai_rust::logger::process_logs (src\logger.rs:66)
   GDScript backtrace (most recent call first):
       [0] _process (res://addons/GdPlanningAI/gdpai_autoload.gd:21)
[GdPAI | debug] GetCost: callable returned non-numeric value: null; returning INFINITY
WARNING: [GdPAI] ObjectRef(1382643928884): object was freed before callback; returning Nil.
   at: gdplanningai_rust::logger::process_logs (src\logger.rs:66)
   GDScript backtrace (most recent call first):
       [0] _process (res://addons/GdPlanningAI/gdpai_autoload.gd:21)
[GdPAI | debug] ApplyEffect [Before] ID=InstanceId(-9223369234774468987): agent props = {"held_item": "", "hunger": 95.0603725, "entity": null}
[GdPAI | debug] ApplyEffect [After] ID=InstanceId(-9223369234774468987): agent props = {"held_item": "", "hunger": 95.0603725, "entity": null}
[GdPAI | debug]   Snapshotting prop: held_item = Str("") (Variant type: STRING)
[GdPAI | debug]   Snapshotting prop: hunger = Float(95.0603725) (Variant type: FLOAT)
[GdPAI | debug]   Snapshotting prop: entity = Nil (Variant type: NIL)
WARNING: [GdPAI] ObjectRef(124621163998): object was freed before callback; returning Nil.
   at: gdplanningai_rust::logger::process_logs (src\logger.rs:66)
   GDScript backtrace (most recent call first):
       [0] _start_plan_and_wait (res://test/integration/test_campfire_example_smoke.gd:57)
WARNING: [GdPAI] ObjectRef(124134624705): object was freed before callback; returning Nil.
   at: gdplanningai_rust::logger::process_logs (src\logger.rs:66)
   GDScript backtrace (most recent call first):
       [0] _start_plan_and_wait (res://test/integration/test_campfire_example_smoke.gd:57)
WARNING: [GdPAI] ObjectRef(124134624705): object was freed before callback; returning Nil.
   at: gdplanningai_rust::logger::process_logs (src\logger.rs:66)
   GDScript backtrace (most recent call first):
       [0] _start_plan_and_wait (res://test/integration/test_campfire_example_smoke.gd:57)
[GdPAI | debug] ApplyEffect [Before] ID=InstanceId(-9223369234002717063): agent props = {"entity": null, "held_item": "", "at_target": null, "hunger": 70.0627442063492}
[GdPAI | debug] ApplyEffect [After] ID=InstanceId(-9223369234002717063): agent props = {"entity": null, "held_item": "", "at_target": null, "hunger": 70.0627442063492}
[GdPAI | debug]   Snapshotting prop: entity = Nil (Variant type: NIL)
[GdPAI | debug]   Snapshotting prop: held_item = Str("") (Variant type: STRING)
[GdPAI | debug]   Snapshotting prop: at_target = Nil (Variant type: NIL)
[GdPAI | debug]   Snapshotting prop: hunger = Float(70.0627442063492) (Variant type: FLOAT)
WARNING: [GdPAI] ObjectRef(1382643928884): object was freed before callback; returning Nil.
   at: gdplanningai_rust::logger::process_logs (src\logger.rs:66)
   GDScript backtrace (most recent call first):
       [0] _start_plan_and_wait (res://test/integration/test_campfire_example_smoke.gd:57)
WARNING: [GdPAI] ObjectRef(1382157389614): object was freed before callback; returning Nil.
   at: gdplanningai_rust::logger::process_logs (src\logger.rs:66)
   GDScript backtrace (most recent call first):
       [0] _start_plan_and_wait (res://test/integration/test_campfire_example_smoke.gd:57)
WARNING: [GdPAI] ObjectRef(1382157389614): object was freed before callback; returning Nil.
   at: gdplanningai_rust::logger::process_logs (src\logger.rs:66)
   GDScript backtrace (most recent call first):
       [0] _start_plan_and_wait (res://test/integration/test_campfire_example_smoke.gd:57)
[GdPAI | debug] GetCost: callable returned non-numeric value: null; returning INFINITY
WARNING: [GdPAI] ObjectRef(124621163998): object was freed before callback; returning Nil.
   at: gdplanningai_rust::logger::process_logs (src\logger.rs:66)
   GDScript backtrace (most recent call first):
       [0] _process (res://addons/GdPlanningAI/gdpai_autoload.gd:21)
[GdPAI | debug] GetCost: callable returned non-numeric value: null; returning INFINITY
WARNING: [GdPAI] ObjectRef(1382643928884): object was freed before callback; returning Nil.
   at: gdplanningai_rust::logger::process_logs (src\logger.rs:66)
   GDScript backtrace (most recent call first):
       [0] _process (res://addons/GdPlanningAI/gdpai_autoload.gd:21)
WARNING: [GdPAI] ObjectRef(1382157389614): object was freed before callback; returning Nil.
   at: gdplanningai_rust::logger::process_logs (src\logger.rs:66)
   GDScript backtrace (most recent call first):
       [0] _process (res://addons/GdPlanningAI/gdpai_autoload.gd:21)
WARNING: [GdPAI] ObjectRef(1382157389614): object was freed before callback; returning Nil.
   at: gdplanningai_rust::logger::process_logs (src\logger.rs:66)
   GDScript backtrace (most recent call first):
       [0] _process (res://addons/GdPlanningAI/gdpai_autoload.gd:21)
[GdPAI | debug] ApplyEffect [Before] ID=InstanceId(-9223369231972673964): agent props = {"entity": null, "held_item": "", "at_target": null, "hunger": 95.0603725}
[GdPAI | debug] ApplyEffect [After] ID=InstanceId(-9223369231972673964): agent props = {"entity": null, "held_item": "", "at_target": null, "hunger": 95.0603725}
[GdPAI | debug]   Snapshotting prop: entity = Nil (Variant type: NIL)
[GdPAI | debug]   Snapshotting prop: held_item = Str("") (Variant type: STRING)
[GdPAI | debug]   Snapshotting prop: at_target = Nil (Variant type: NIL)
[GdPAI | debug]   Snapshotting prop: hunger = Float(95.0603725) (Variant type: FLOAT)
WARNING: [GdPAI] ObjectRef(124621163998): object was freed before callback; returning Nil.
   at: gdplanningai_rust::logger::process_logs (src\logger.rs:66)
   GDScript backtrace (most recent call first):
       [0] _start_plan_and_wait (res://test/integration/test_campfire_example_smoke.gd:57)
[GdPAI | debug] ApplyEffect [Before] ID=InstanceId(-9223369231200921923): agent props = {"at_target": null, "entity": null, "held_item": "wood", "hunger": 70.0627442063492}
[GdPAI | debug] ApplyEffect [After] ID=InstanceId(-9223369231200921923): agent props = {"at_target": null, "entity": null, "held_item": "wood", "hunger": 70.0627442063492}
[GdPAI | debug]   Snapshotting prop: at_target = Nil (Variant type: NIL)
[GdPAI | debug]   Snapshotting prop: entity = Nil (Variant type: NIL)
[GdPAI | debug]   Snapshotting prop: held_item = Str("wood") (Variant type: STRING)
[GdPAI | debug]   Snapshotting prop: hunger = Float(70.0627442063492) (Variant type: FLOAT)
WARNING: [GdPAI] ObjectRef(1382643928884): object was freed before callback; returning Nil.
   at: gdplanningai_rust::logger::process_logs (src\logger.rs:66)
   GDScript backtrace (most recent call first):
       [0] _start_plan_and_wait (res://test/integration/test_campfire_example_smoke.gd:57)
WARNING: [GdPAI] ObjectRef(1382157389614): object was freed before callback; returning Nil.
   at: gdplanningai_rust::logger::process_logs (src\logger.rs:66)
   GDScript backtrace (most recent call first):
       [0] _start_plan_and_wait (res://test/integration/test_campfire_example_smoke.gd:57)
WARNING: [GdPAI] ObjectRef(1382157389614): object was freed before callback; returning Nil.
   at: gdplanningai_rust::logger::process_logs (src\logger.rs:66)
   GDScript backtrace (most recent call first):
       [0] _start_plan_and_wait (res://test/integration/test_campfire_example_smoke.gd:57)
[GdPAI | debug] GetCost: callable returned non-numeric value: null; returning INFINITY
[GdPAI] A* Iteration: pop node with chain length 5
[GdPAI | debug] find_candidates: Checking 15 actions against 1 preconds and 2 requirements
WARNING: [GdPAI] ObjectRef(124621163998): object was freed before callback; returning Nil.
   at: gdplanningai_rust::logger::process_logs (src\logger.rs:66)
   GDScript backtrace (most recent call first):
       [0] _process (res://addons/GdPlanningAI/gdpai_autoload.gd:21)
WARNING: [GdPAI] ObjectRef(124621163998): object was freed before callback; returning Nil.
   at: gdplanningai_rust::logger::process_logs (src\logger.rs:66)
   GDScript backtrace (most recent call first):
       [0] _process (res://addons/GdPlanningAI/gdpai_autoload.gd:21)
[GdPAI | debug] Discovery: Starting simulation for action Go To
WARNING: [GdPAI] ObjectRef(1382643928884): object was freed before callback; returning Nil.
   at: gdplanningai_rust::logger::process_logs (src\logger.rs:66)
   GDScript backtrace (most recent call first):
       [0] _process (res://addons/GdPlanningAI/gdpai_autoload.gd:21)
WARNING: [GdPAI] ObjectRef(1382157389614): object was freed before callback; returning Nil.
   at: gdplanningai_rust::logger::process_logs (src\logger.rs:66)
   GDScript backtrace (most recent call first):
       [0] _process (res://addons/GdPlanningAI/gdpai_autoload.gd:21)
WARNING: [GdPAI] ObjectRef(1382157389614): object was freed before callback; returning Nil.
   at: gdplanningai_rust::logger::process_logs (src\logger.rs:66)
   GDScript backtrace (most recent call first):
       [0] _process (res://addons/GdPlanningAI/gdpai_autoload.gd:21)
[GdPAI | debug] ApplyEffect [Before] ID=InstanceId(-9223369229271542103): agent props = {"at_target": null, "entity": null, "hunger": 95.0603725, "held_item": ""}
[GdPAI | debug] ApplyEffect [After] ID=InstanceId(-9223369229271542103): agent props = {"at_target": null, "entity": null, "hunger": 95.0603725, "held_item": ""}
[GdPAI | debug]   Snapshotting prop: at_target = Nil (Variant type: NIL)
[GdPAI | debug]   Snapshotting prop: entity = Nil (Variant type: NIL)
[GdPAI | debug]   Snapshotting prop: hunger = Float(95.0603725) (Variant type: FLOAT)
[GdPAI | debug]   Snapshotting prop: held_item = Str("") (Variant type: STRING)
WARNING: [GdPAI] ObjectRef(124621163998): object was freed before callback; returning Nil.
   at: gdplanningai_rust::logger::process_logs (src\logger.rs:66)
   GDScript backtrace (most recent call first):
       [0] _start_plan_and_wait (res://test/integration/test_campfire_example_smoke.gd:57)
WARNING: [GdPAI] ObjectRef(124621163998): object was freed before callback; returning Nil.
   at: gdplanningai_rust::logger::process_logs (src\logger.rs:66)
   GDScript backtrace (most recent call first):
       [0] _start_plan_and_wait (res://test/integration/test_campfire_example_smoke.gd:57)
[GdPAI | debug] GetCost: callable returned non-numeric value: null; returning INFINITY
WARNING: [GdPAI] ObjectRef(1382643928884): object was freed before callback; returning Nil.
   at: gdplanningai_rust::logger::process_logs (src\logger.rs:66)
   GDScript backtrace (most recent call first):
       [0] _start_plan_and_wait (res://test/integration/test_campfire_example_smoke.gd:57)
[GdPAI | debug] GetCost: callable returned non-numeric value: null; returning INFINITY
WARNING: [GdPAI] ObjectRef(124621163998): object was freed before callback; returning Nil.
   at: gdplanningai_rust::logger::process_logs (src\logger.rs:66)
   GDScript backtrace (most recent call first):
       [0] _process (res://addons/GdPlanningAI/gdpai_autoload.gd:21)
WARNING: [GdPAI] ObjectRef(124621163998): object was freed before callback; returning Nil.
   at: gdplanningai_rust::logger::process_logs (src\logger.rs:66)
   GDScript backtrace (most recent call first):
       [0] _process (res://addons/GdPlanningAI/gdpai_autoload.gd:21)
[GdPAI | debug] ApplyEffect [Before] ID=InstanceId(-9223369227140835675): agent props = {"held_item": "", "hunger": 70.0627442063492, "entity": null}
[GdPAI | debug] ApplyEffect [After] ID=InstanceId(-9223369227140835675): agent props = {"held_item": "", "hunger": 70.0627442063492, "entity": null}
[GdPAI | debug]   Snapshotting prop: held_item = Str("") (Variant type: STRING)
[GdPAI | debug]   Snapshotting prop: hunger = Float(70.0627442063492) (Variant type: FLOAT)
[GdPAI | debug]   Snapshotting prop: entity = Nil (Variant type: NIL)
[GdPAI | debug] Discovery: Simulation success for Go To. Agent props: {"entity": Nil, "held_item": Str(""), "hunger": Float(70.0627442063492)}
[GdPAI | debug] Discovery: Action Go To satisfied precond Builtin { target: Agent, operation: Equal, property_name: "held_item", value: Some(Str("")) }
[GdPAI | debug] Found candidate: Go To (satisfied preconds: [0], requirements: [0, 1])
WARNING: [GdPAI] ObjectRef(1382643928884): object was freed before callback; returning Nil.
   at: gdplanningai_rust::logger::process_logs (src\logger.rs:66)
   GDScript backtrace (most recent call first):
       [0] _process (res://addons/GdPlanningAI/gdpai_autoload.gd:21)
[GdPAI | debug] ApplyEffect [Before] ID=InstanceId(-9223369226570410331): agent props = {"at_target": null, "held_item": "wood", "entity": null, "hunger": 95.0603725}
[GdPAI | debug] ApplyEffect [After] ID=InstanceId(-9223369226570410331): agent props = {"at_target": null, "held_item": "wood", "entity": null, "hunger": 95.0603725}
[GdPAI | debug]   Snapshotting prop: at_target = Nil (Variant type: NIL)
[GdPAI | debug]   Snapshotting prop: held_item = Str("wood") (Variant type: STRING)
[GdPAI | debug]   Snapshotting prop: entity = Nil (Variant type: NIL)
[GdPAI | debug]   Snapshotting prop: hunger = Float(95.0603725) (Variant type: FLOAT)
[GdPAI | debug] Discovery: Starting simulation for action Eat Held Food
WARNING: [GdPAI] ObjectRef(124621163998): object was freed before callback; returning Nil.
   at: gdplanningai_rust::logger::process_logs (src\logger.rs:66)
   GDScript backtrace (most recent call first):
       [0] _start_plan_and_wait (res://test/integration/test_campfire_example_smoke.gd:57)
WARNING: [GdPAI] ObjectRef(124621163998): object was freed before callback; returning Nil.
   at: gdplanningai_rust::logger::process_logs (src\logger.rs:66)
   GDScript backtrace (most recent call first):
       [0] _start_plan_and_wait (res://test/integration/test_campfire_example_smoke.gd:57)
[GdPAI | debug] GetCost: callable returned non-numeric value: null; returning INFINITY
WARNING: [GdPAI] ObjectRef(1382643928884): object was freed before callback; returning Nil.
   at: gdplanningai_rust::logger::process_logs (src\logger.rs:66)
   GDScript backtrace (most recent call first):
       [0] _start_plan_and_wait (res://test/integration/test_campfire_example_smoke.gd:57)
WARNING: [GdPAI] ObjectRef(1382643928884): object was freed before callback; returning Nil.
   at: gdplanningai_rust::logger::process_logs (src\logger.rs:66)
   GDScript backtrace (most recent call first):
       [0] _start_plan_and_wait (res://test/integration/test_campfire_example_smoke.gd:57)
[GdPAI | debug] GetCost: callable returned non-numeric value: null; returning INFINITY
WARNING: [GdPAI] ObjectRef(124621163998): object was freed before callback; returning Nil.
   at: gdplanningai_rust::logger::process_logs (src\logger.rs:66)
   GDScript backtrace (most recent call first):
       [0] _process (res://addons/GdPlanningAI/gdpai_autoload.gd:21)
WARNING: [GdPAI] ObjectRef(124621163998): object was freed before callback; returning Nil.
   at: gdplanningai_rust::logger::process_logs (src\logger.rs:66)
   GDScript backtrace (most recent call first):
       [0] _process (res://addons/GdPlanningAI/gdpai_autoload.gd:21)
[GdPAI | debug] ApplyEffect [Before] ID=InstanceId(-9223369224490035478): agent props = {"entity": null, "hunger": 70.0627442063492, "held_item": ""}
[GdPAI | debug] ApplyEffect [After] ID=InstanceId(-9223369224490035478): agent props = {"entity": null, "hunger": 70.0627442063492, "held_item": ""}
[GdPAI | debug]   Snapshotting prop: entity = Nil (Variant type: NIL)
[GdPAI | debug]   Snapshotting prop: hunger = Float(70.0627442063492) (Variant type: FLOAT)
[GdPAI | debug]   Snapshotting prop: held_item = Str("") (Variant type: STRING)
WARNING: [GdPAI] ObjectRef(1382643928884): object was freed before callback; returning Nil.
   at: gdplanningai_rust::logger::process_logs (src\logger.rs:66)
   GDScript backtrace (most recent call first):
       [0] _process (res://addons/GdPlanningAI/gdpai_autoload.gd:21)
[GdPAI | debug] Discovery: Simulation success for Eat Held Food. Agent props: {"entity": Nil, "hunger": Float(70.0627442063492), "held_item": Str("")}
[GdPAI | debug] Discovery: Action Eat Held Food satisfied precond Builtin { target: Agent, operation: Equal, property_name: "held_item", value: Some(Str("")) }
[GdPAI | debug] Found candidate: Eat Held Food (satisfied preconds: [0], requirements: [])
WARNING: [GdPAI] ObjectRef(1382643928884): object was freed before callback; returning Nil.
   at: gdplanningai_rust::logger::process_logs (src\logger.rs:66)
   GDScript backtrace (most recent call first):
       [0] _process (res://addons/GdPlanningAI/gdpai_autoload.gd:21)
[GdPAI | debug] ApplyEffect [Before] ID=InstanceId(-9223369223919610134): agent props = {"entity": null, "hunger": 95.0603725, "held_item": ""}
[GdPAI | debug] ApplyEffect [After] ID=InstanceId(-9223369223919610134): agent props = {"entity": null, "hunger": 95.0603725, "held_item": ""}
[GdPAI | debug]   Snapshotting prop: entity = Nil (Variant type: NIL)
[GdPAI | debug]   Snapshotting prop: hunger = Float(95.0603725) (Variant type: FLOAT)
[GdPAI | debug]   Snapshotting prop: held_item = Str("") (Variant type: STRING)
WARNING: [GdPAI] ObjectRef(124621163998): object was freed before callback; returning Nil.
   at: gdplanningai_rust::logger::process_logs (src\logger.rs:66)
   GDScript backtrace (most recent call first):
       [0] _start_plan_and_wait (res://test/integration/test_campfire_example_smoke.gd:57)
WARNING: [GdPAI] ObjectRef(124621163998): object was freed before callback; returning Nil.
   at: gdplanningai_rust::logger::process_logs (src\logger.rs:66)
   GDScript backtrace (most recent call first):
       [0] _start_plan_and_wait (res://test/integration/test_campfire_example_smoke.gd:57)
[GdPAI | debug] Discovery: Starting simulation for action Go To
WARNING: [GdPAI] ObjectRef(1382643928884): object was freed before callback; returning Nil.
   at: gdplanningai_rust::logger::process_logs (src\logger.rs:66)
   GDScript backtrace (most recent call first):
       [0] _start_plan_and_wait (res://test/integration/test_campfire_example_smoke.gd:57)
[GdPAI | debug] GetCost: callable returned non-numeric value: null; returning INFINITY
WARNING: [GdPAI] ObjectRef(124621163998): object was freed before callback; returning Nil.
   at: gdplanningai_rust::logger::process_logs (src\logger.rs:66)
   GDScript backtrace (most recent call first):
       [0] _process (res://addons/GdPlanningAI/gdpai_autoload.gd:21)
WARNING: [GdPAI] ObjectRef(124621163998): object was freed before callback; returning Nil.
   at: gdplanningai_rust::logger::process_logs (src\logger.rs:66)
   GDScript backtrace (most recent call first):
       [0] _process (res://addons/GdPlanningAI/gdpai_autoload.gd:21)
[GdPAI | debug] GetCost: callable returned non-numeric value: null; returning INFINITY
WARNING: [GdPAI] ObjectRef(1382643928884): object was freed before callback; returning Nil.
   at: gdplanningai_rust::logger::process_logs (src\logger.rs:66)
   GDScript backtrace (most recent call first):
       [0] _process (res://addons/GdPlanningAI/gdpai_autoload.gd:21)
[GdPAI | debug] ApplyEffect [Before] ID=InstanceId(-9223369221268809989): agent props = {"held_item": "", "entity": null, "hunger": 95.0603725}
[GdPAI | debug] ApplyEffect [After] ID=InstanceId(-9223369221268809989): agent props = {"held_item": "", "entity": null, "hunger": 95.0603725}
[GdPAI | debug]   Snapshotting prop: held_item = Str("") (Variant type: STRING)
[GdPAI | debug]   Snapshotting prop: entity = Nil (Variant type: NIL)
[GdPAI | debug]   Snapshotting prop: hunger = Float(95.0603725) (Variant type: FLOAT)
WARNING: [GdPAI] ObjectRef(124621163998): object was freed before callback; returning Nil.
   at: gdplanningai_rust::logger::process_logs (src\logger.rs:66)
   GDScript backtrace (most recent call first):
       [0] _start_plan_and_wait (res://test/integration/test_campfire_example_smoke.gd:57)
WARNING: [GdPAI] ObjectRef(124621163998): object was freed before callback; returning Nil.
   at: gdplanningai_rust::logger::process_logs (src\logger.rs:66)
   GDScript backtrace (most recent call first):
       [0] _start_plan_and_wait (res://test/integration/test_campfire_example_smoke.gd:57)
[GdPAI | debug] ApplyEffect [Before] ID=InstanceId(-9223369220547389707): agent props = {"held_item": "", "hunger": 70.0627442063492, "entity": null}
[GdPAI | debug] ApplyEffect [After] ID=InstanceId(-9223369220547389707): agent props = {"held_item": "", "hunger": 70.0627442063492, "entity": null}
[GdPAI | debug]   Snapshotting prop: held_item = Str("") (Variant type: STRING)
[GdPAI | debug]   Snapshotting prop: hunger = Float(70.0627442063492) (Variant type: FLOAT)
[GdPAI | debug]   Snapshotting prop: entity = Nil (Variant type: NIL)
[GdPAI | debug] Discovery: Simulation success for Go To. Agent props: {"hunger": Float(70.0627442063492), "entity": Nil, "held_item": Str("")}
[GdPAI | debug] Discovery: Action Go To satisfied precond Builtin { target: Agent, operation: Equal, property_name: "held_item", value: Some(Str("")) }
[GdPAI | debug] Found candidate: Go To (satisfied preconds: [0], requirements: [0, 1])
WARNING: [GdPAI] ObjectRef(1382643928884): object was freed before callback; returning Nil.
   at: gdplanningai_rust::logger::process_logs (src\logger.rs:66)
   GDScript backtrace (most recent call first):
       [0] _start_plan_and_wait (res://test/integration/test_campfire_example_smoke.gd:57)
WARNING: [GdPAI] ObjectRef(1382157389614): object was freed before callback; returning Nil.
   at: gdplanningai_rust::logger::process_logs (src\logger.rs:66)
   GDScript backtrace (most recent call first):
       [0] _start_plan_and_wait (res://test/integration/test_campfire_example_smoke.gd:57)
WARNING: [GdPAI] ObjectRef(1382157389614): object was freed before callback; returning Nil.
   at: gdplanningai_rust::logger::process_logs (src\logger.rs:66)
   GDScript backtrace (most recent call first):
       [0] _start_plan_and_wait (res://test/integration/test_campfire_example_smoke.gd:57)
[GdPAI | debug] GetCost: callable returned non-numeric value: null; returning INFINITY
[GdPAI | debug] Discovery: Starting simulation for action Drop Item
WARNING: [GdPAI] ObjectRef(124621163998): object was freed before callback; returning Nil.
   at: gdplanningai_rust::logger::process_logs (src\logger.rs:66)
   GDScript backtrace (most recent call first):
       [0] _process (res://addons/GdPlanningAI/gdpai_autoload.gd:21)
WARNING: [GdPAI] ObjectRef(124621163998): object was freed before callback; returning Nil.
   at: gdplanningai_rust::logger::process_logs (src\logger.rs:66)
   GDScript backtrace (most recent call first):
       [0] _process (res://addons/GdPlanningAI/gdpai_autoload.gd:21)
[GdPAI | debug] GetCost: callable returned non-numeric value: null; returning INFINITY
WARNING: [GdPAI] ObjectRef(1382643928884): object was freed before callback; returning Nil.
   at: gdplanningai_rust::logger::process_logs (src\logger.rs:66)
   GDScript backtrace (most recent call first):
       [0] _process (res://addons/GdPlanningAI/gdpai_autoload.gd:21)
WARNING: [GdPAI] ObjectRef(1382157389614): object was freed before callback; returning Nil.
   at: gdplanningai_rust::logger::process_logs (src\logger.rs:66)
   GDScript backtrace (most recent call first):
       [0] _process (res://addons/GdPlanningAI/gdpai_autoload.gd:21)
WARNING: [GdPAI] ObjectRef(1382157389614): object was freed before callback; returning Nil.
   at: gdplanningai_rust::logger::process_logs (src\logger.rs:66)
   GDScript backtrace (most recent call first):
       [0] _process (res://addons/GdPlanningAI/gdpai_autoload.gd:21)
[GdPAI | debug] ApplyEffect [Before] ID=InstanceId(-9223369218567678206): agent props = {"held_item": "", "entity": null, "at_target": null, "hunger": 95.0603725}
[GdPAI | debug] ApplyEffect [After] ID=InstanceId(-9223369218567678206): agent props = {"held_item": "", "entity": null, "at_target": null, "hunger": 95.0603725}
[GdPAI | debug]   Snapshotting prop: held_item = Str("") (Variant type: STRING)
[GdPAI | debug]   Snapshotting prop: entity = Nil (Variant type: NIL)
[GdPAI | debug]   Snapshotting prop: at_target = Nil (Variant type: NIL)
[GdPAI | debug]   Snapshotting prop: hunger = Float(95.0603725) (Variant type: FLOAT)
WARNING: [GdPAI] ObjectRef(124621163998): object was freed before callback; returning Nil.
   at: gdplanningai_rust::logger::process_logs (src\logger.rs:66)
   GDScript backtrace (most recent call first):
       [0] _start_plan_and_wait (res://test/integration/test_campfire_example_smoke.gd:57)
WARNING: [GdPAI] ObjectRef(124621163998): object was freed before callback; returning Nil.
   at: gdplanningai_rust::logger::process_logs (src\logger.rs:66)
   GDScript backtrace (most recent call first):
       [0] _start_plan_and_wait (res://test/integration/test_campfire_example_smoke.gd:57)
[GdPAI | debug] ApplyEffect [Before] ID=InstanceId(-9223369217745594566): agent props = {"held_item": "", "hunger": 70.0627442063492, "entity": null}
[GdPAI | debug] ApplyEffect [After] ID=InstanceId(-9223369217745594566): agent props = {"held_item": "", "hunger": 70.0627442063492, "entity": null}
[GdPAI | debug]   Snapshotting prop: held_item = Str("") (Variant type: STRING)
[GdPAI | debug]   Snapshotting prop: hunger = Float(70.0627442063492) (Variant type: FLOAT)
[GdPAI | debug]   Snapshotting prop: entity = Nil (Variant type: NIL)
[GdPAI | debug] Discovery: Simulation success for Drop Item. Agent props: {"hunger": Float(70.0627442063492), "held_item": Str(""), "entity": Nil}
[GdPAI | debug] Discovery: Action Drop Item satisfied precond Builtin { target: Agent, operation: Equal, property_name: "held_item", value: Some(Str("")) }
[GdPAI | debug] Found candidate: Drop Item (satisfied preconds: [0], requirements: [])
WARNING: [GdPAI] ObjectRef(1382643928884): object was freed before callback; returning Nil.
   at: gdplanningai_rust::logger::process_logs (src\logger.rs:66)
   GDScript backtrace (most recent call first):
       [0] _start_plan_and_wait (res://test/integration/test_campfire_example_smoke.gd:57)
WARNING: [GdPAI] ObjectRef(1382157389614): object was freed before callback; returning Nil.
   at: gdplanningai_rust::logger::process_logs (src\logger.rs:66)
   GDScript backtrace (most recent call first):
       [0] _start_plan_and_wait (res://test/integration/test_campfire_example_smoke.gd:57)
WARNING: [GdPAI] ObjectRef(1382157389614): object was freed before callback; returning Nil.
   at: gdplanningai_rust::logger::process_logs (src\logger.rs:66)
   GDScript backtrace (most recent call first):
       [0] _start_plan_and_wait (res://test/integration/test_campfire_example_smoke.gd:57)
[GdPAI | debug] GetCost: callable returned non-numeric value: null; returning INFINITY
[GdPAI | debug] Discovery: Starting simulation for action Add Fuel
WARNING: [GdPAI] ObjectRef(124621163998): object was freed before callback; returning Nil.
   at: gdplanningai_rust::logger::process_logs (src\logger.rs:66)
   GDScript backtrace (most recent call first):
       [0] _process (res://addons/GdPlanningAI/gdpai_autoload.gd:21)
WARNING: [GdPAI] ObjectRef(124621163998): object was freed before callback; returning Nil.
   at: gdplanningai_rust::logger::process_logs (src\logger.rs:66)
   GDScript backtrace (most recent call first):
       [0] _process (res://addons/GdPlanningAI/gdpai_autoload.gd:21)
[GdPAI | debug] GetCost: callable returned non-numeric value: null; returning INFINITY
WARNING: [GdPAI] ObjectRef(1382643928884): object was freed before callback; returning Nil.
   at: gdplanningai_rust::logger::process_logs (src\logger.rs:66)
   GDScript backtrace (most recent call first):
       [0] _process (res://addons/GdPlanningAI/gdpai_autoload.gd:21)
WARNING: [GdPAI] ObjectRef(1382157389614): object was freed before callback; returning Nil.
   at: gdplanningai_rust::logger::process_logs (src\logger.rs:66)
   GDScript backtrace (most recent call first):
       [0] _process (res://addons/GdPlanningAI/gdpai_autoload.gd:21)
WARNING: [GdPAI] ObjectRef(1382157389614): object was freed before callback; returning Nil.
   at: gdplanningai_rust::logger::process_logs (src\logger.rs:66)
   GDScript backtrace (most recent call first):
       [0] _process (res://addons/GdPlanningAI/gdpai_autoload.gd:21)
[GdPAI | debug] ApplyEffect [Before] ID=InstanceId(-9223369215765883116): agent props = {"entity": null, "at_target": null, "hunger": 95.0603725, "held_item": ""}
[GdPAI | debug] ApplyEffect [After] ID=InstanceId(-9223369215765883116): agent props = {"entity": null, "at_target": null, "hunger": 95.0603725, "held_item": ""}
[GdPAI | debug]   Snapshotting prop: entity = Nil (Variant type: NIL)
[GdPAI | debug]   Snapshotting prop: at_target = Nil (Variant type: NIL)
[GdPAI | debug]   Snapshotting prop: hunger = Float(95.0603725) (Variant type: FLOAT)
[GdPAI | debug]   Snapshotting prop: held_item = Str("") (Variant type: STRING)
WARNING: [GdPAI] ObjectRef(124621163998): object was freed before callback; returning Nil.
   at: gdplanningai_rust::logger::process_logs (src\logger.rs:66)
   GDScript backtrace (most recent call first):
       [0] _start_plan_and_wait (res://test/integration/test_campfire_example_smoke.gd:57)
WARNING: [GdPAI] ObjectRef(124621163998): object was freed before callback; returning Nil.
   at: gdplanningai_rust::logger::process_logs (src\logger.rs:66)
   GDScript backtrace (most recent call first):
       [0] _start_plan_and_wait (res://test/integration/test_campfire_example_smoke.gd:57)
[GdPAI | debug] ApplyEffect [Before] ID=InstanceId(-9223369214943799471): agent props = {"held_item": "wood", "hunger": 70.0627442063492, "entity": null}
[GdPAI | debug] ApplyEffect [After] ID=InstanceId(-9223369214943799471): agent props = {"held_item": "wood", "hunger": 70.0627442063492, "entity": null}
[GdPAI | debug]   Snapshotting prop: held_item = Str("wood") (Variant type: STRING)
[GdPAI | debug]   Snapshotting prop: hunger = Float(70.0627442063492) (Variant type: FLOAT)
[GdPAI | debug]   Snapshotting prop: entity = Nil (Variant type: NIL)
[GdPAI | debug] Discovery: Simulation success for Add Fuel. Agent props: {"hunger": Float(70.0627442063492), "held_item": Str("wood"), "entity": Nil}
[GdPAI | debug] Discovery: Action Add Fuel did NOT satisfy precond Builtin { target: Agent, operation: Equal, property_name: "held_item", value: Some(Str("")) }
WARNING: [GdPAI] ObjectRef(1382643928884): object was freed before callback; returning Nil.
   at: gdplanningai_rust::logger::process_logs (src\logger.rs:66)
   GDScript backtrace (most recent call first):
       [0] _start_plan_and_wait (res://test/integration/test_campfire_example_smoke.gd:57)
[GdPAI | debug] GetCost: callable returned non-numeric value: null; returning INFINITY
WARNING: [GdPAI] ObjectRef(124621163998): object was freed before callback; returning Nil.
   at: gdplanningai_rust::logger::process_logs (src\logger.rs:66)
   GDScript backtrace (most recent call first):
       [0] _process (res://addons/GdPlanningAI/gdpai_autoload.gd:21)
WARNING: [GdPAI] ObjectRef(124621163998): object was freed before callback; returning Nil.
   at: gdplanningai_rust::logger::process_logs (src\logger.rs:66)
   GDScript backtrace (most recent call first):
       [0] _process (res://addons/GdPlanningAI/gdpai_autoload.gd:21)
[GdPAI | debug] Discovery: Action Cook Potato failed validity check, skipping
[GdPAI | debug] Discovery: Starting simulation for action Pick Up Wood
WARNING: [GdPAI] ObjectRef(1382643928884): object was freed before callback; returning Nil.
   at: gdplanningai_rust::logger::process_logs (src\logger.rs:66)
   GDScript backtrace (most recent call first):
       [0] _process (res://addons/GdPlanningAI/gdpai_autoload.gd:21)
[GdPAI | debug] ApplyEffect [Before] ID=InstanceId(-9223369213064751299): agent props = {"at_target": null, "held_item": "wood", "hunger": 95.0603725, "entity": null}
[GdPAI | debug] ApplyEffect [After] ID=InstanceId(-9223369213064751299): agent props = {"at_target": null, "held_item": "wood", "hunger": 95.0603725, "entity": null}
[GdPAI | debug]   Snapshotting prop: at_target = Nil (Variant type: NIL)
[GdPAI | debug]   Snapshotting prop: held_item = Str("wood") (Variant type: STRING)
[GdPAI | debug]   Snapshotting prop: hunger = Float(95.0603725) (Variant type: FLOAT)
[GdPAI | debug]   Snapshotting prop: entity = Nil (Variant type: NIL)
WARNING: [GdPAI] ObjectRef(124621163998): object was freed before callback; returning Nil.
   at: gdplanningai_rust::logger::process_logs (src\logger.rs:66)
   GDScript backtrace (most recent call first):
       [0] _start_plan_and_wait (res://test/integration/test_campfire_example_smoke.gd:57)
WARNING: [GdPAI] ObjectRef(124621163998): object was freed before callback; returning Nil.
   at: gdplanningai_rust::logger::process_logs (src\logger.rs:66)
   GDScript backtrace (most recent call first):
       [0] _start_plan_and_wait (res://test/integration/test_campfire_example_smoke.gd:57)
[GdPAI | debug] GetCost: callable returned non-numeric value: null; returning INFINITY
WARNING: [GdPAI] ObjectRef(1382643928884): object was freed before callback; returning Nil.
   at: gdplanningai_rust::logger::process_logs (src\logger.rs:66)
   GDScript backtrace (most recent call first):
       [0] _start_plan_and_wait (res://test/integration/test_campfire_example_smoke.gd:57)
WARNING: [GdPAI] ObjectRef(1382643928884): object was freed before callback; returning Nil.
   at: gdplanningai_rust::logger::process_logs (src\logger.rs:66)
   GDScript backtrace (most recent call first):
       [0] _start_plan_and_wait (res://test/integration/test_campfire_example_smoke.gd:57)
[GdPAI | debug] GetCost: callable returned non-numeric value: null; returning INFINITY
WARNING: [GdPAI] ObjectRef(124621163998): object was freed before callback; returning Nil.
   at: gdplanningai_rust::logger::process_logs (src\logger.rs:66)
   GDScript backtrace (most recent call first):
       [0] _process (res://addons/GdPlanningAI/gdpai_autoload.gd:21)
WARNING: [GdPAI] ObjectRef(124621163998): object was freed before callback; returning Nil.
   at: gdplanningai_rust::logger::process_logs (src\logger.rs:66)
   GDScript backtrace (most recent call first):
       [0] _process (res://addons/GdPlanningAI/gdpai_autoload.gd:21)
[GdPAI | debug] ApplyEffect [Before] ID=InstanceId(-9223369210984376539): agent props = {"entity": null, "held_item": "", "hunger": 70.0627442063492}
[GdPAI | debug] ApplyEffect [After] ID=InstanceId(-9223369210984376539): agent props = {"entity": null, "held_item": "", "hunger": 70.0627442063492}
[GdPAI | debug]   Snapshotting prop: entity = Nil (Variant type: NIL)
[GdPAI | debug]   Snapshotting prop: held_item = Str("") (Variant type: STRING)
[GdPAI | debug]   Snapshotting prop: hunger = Float(70.0627442063492) (Variant type: FLOAT)
WARNING: [GdPAI] ObjectRef(1382643928884): object was freed before callback; returning Nil.
   at: gdplanningai_rust::logger::process_logs (src\logger.rs:66)
   GDScript backtrace (most recent call first):
       [0] _process (res://addons/GdPlanningAI/gdpai_autoload.gd:21)
[GdPAI | debug] Discovery: Simulation success for Pick Up Wood. Agent props: {"hunger": Float(70.0627442063492), "entity": Nil, "held_item": Str("")}
[GdPAI | debug] Discovery: Action Pick Up Wood satisfied precond Builtin { target: Agent, operation: Equal, property_name: "held_item", value: Some(Str("")) }
[GdPAI | debug] Found candidate: Pick Up Wood (satisfied preconds: [0], requirements: [])
WARNING: [GdPAI] ObjectRef(1382643928884): object was freed before callback; returning Nil.
   at: gdplanningai_rust::logger::process_logs (src\logger.rs:66)
   GDScript backtrace (most recent call first):
       [0] _process (res://addons/GdPlanningAI/gdpai_autoload.gd:21)
[GdPAI | debug] ApplyEffect [Before] ID=InstanceId(-9223369210413951195): agent props = {"hunger": 95.0603725, "entity": null, "held_item": ""}
[GdPAI | debug] ApplyEffect [After] ID=InstanceId(-9223369210413951195): agent props = {"hunger": 95.0603725, "entity": null, "held_item": ""}
[GdPAI | debug]   Snapshotting prop: hunger = Float(95.0603725) (Variant type: FLOAT)
[GdPAI | debug]   Snapshotting prop: entity = Nil (Variant type: NIL)
[GdPAI | debug]   Snapshotting prop: held_item = Str("") (Variant type: STRING)
[GdPAI | debug] Discovery: Starting simulation for action Pick Up Wood
WARNING: [GdPAI] ObjectRef(124621163998): object was freed before callback; returning Nil.
   at: gdplanningai_rust::logger::process_logs (src\logger.rs:66)
   GDScript backtrace (most recent call first):
       [0] _start_plan_and_wait (res://test/integration/test_campfire_example_smoke.gd:57)
WARNING: [GdPAI] ObjectRef(124621163998): object was freed before callback; returning Nil.
   at: gdplanningai_rust::logger::process_logs (src\logger.rs:66)
   GDScript backtrace (most recent call first):
       [0] _start_plan_and_wait (res://test/integration/test_campfire_example_smoke.gd:57)
[GdPAI | debug] GetCost: callable returned non-numeric value: null; returning INFINITY
WARNING: [GdPAI] ObjectRef(1382643928884): object was freed before callback; returning Nil.
   at: gdplanningai_rust::logger::process_logs (src\logger.rs:66)
   GDScript backtrace (most recent call first):
       [0] _start_plan_and_wait (res://test/integration/test_campfire_example_smoke.gd:57)
[GdPAI | debug] GetCost: callable returned non-numeric value: null; returning INFINITY
WARNING: [GdPAI] ObjectRef(124621163998): object was freed before callback; returning Nil.
   at: gdplanningai_rust::logger::process_logs (src\logger.rs:66)
   GDScript backtrace (most recent call first):
       [0] _process (res://addons/GdPlanningAI/gdpai_autoload.gd:21)
WARNING: [GdPAI] ObjectRef(124621163998): object was freed before callback; returning Nil.
   at: gdplanningai_rust::logger::process_logs (src\logger.rs:66)
   GDScript backtrace (most recent call first):
       [0] _process (res://addons/GdPlanningAI/gdpai_autoload.gd:21)
[GdPAI | debug] ApplyEffect [Before] ID=InstanceId(-9223369208333576368): agent props = {"held_item": "", "hunger": 70.0627442063492, "entity": null}
[GdPAI | debug] ApplyEffect [After] ID=InstanceId(-9223369208333576368): agent props = {"held_item": "", "hunger": 70.0627442063492, "entity": null}
[GdPAI | debug]   Snapshotting prop: held_item = Str("") (Variant type: STRING)
[GdPAI | debug]   Snapshotting prop: hunger = Float(70.0627442063492) (Variant type: FLOAT)
[GdPAI | debug]   Snapshotting prop: entity = Nil (Variant type: NIL)
[GdPAI | debug] Discovery: Simulation success for Pick Up Wood. Agent props: {"held_item": Str(""), "hunger": Float(70.0627442063492), "entity": Nil}
[GdPAI | debug] Discovery: Action Pick Up Wood satisfied precond Builtin { target: Agent, operation: Equal, property_name: "held_item", value: Some(Str("")) }
[GdPAI | debug] Found candidate: Pick Up Wood (satisfied preconds: [0], requirements: [])
WARNING: [GdPAI] ObjectRef(1382643928884): object was freed before callback; returning Nil.
   at: gdplanningai_rust::logger::process_logs (src\logger.rs:66)
   GDScript backtrace (most recent call first):
       [0] _process (res://addons/GdPlanningAI/gdpai_autoload.gd:21)
[GdPAI | debug] ApplyEffect [Before] ID=InstanceId(-9223369207763151024): agent props = {"held_item": "", "hunger": 95.0603725, "entity": null}
[GdPAI | debug] ApplyEffect [After] ID=InstanceId(-9223369207763151024): agent props = {"held_item": "", "hunger": 95.0603725, "entity": null}
[GdPAI | debug]   Snapshotting prop: held_item = Str("") (Variant type: STRING)
[GdPAI | debug]   Snapshotting prop: hunger = Float(95.0603725) (Variant type: FLOAT)
[GdPAI | debug]   Snapshotting prop: entity = Nil (Variant type: NIL)
[GdPAI | debug] Discovery: Starting simulation for action Pick Up Wood
WARNING: [GdPAI] ObjectRef(124621163998): object was freed before callback; returning Nil.
   at: gdplanningai_rust::logger::process_logs (src\logger.rs:66)
   GDScript backtrace (most recent call first):
       [0] _start_plan_and_wait (res://test/integration/test_campfire_example_smoke.gd:57)
WARNING: [GdPAI] ObjectRef(124621163998): object was freed before callback; returning Nil.
   at: gdplanningai_rust::logger::process_logs (src\logger.rs:66)
   GDScript backtrace (most recent call first):
       [0] _start_plan_and_wait (res://test/integration/test_campfire_example_smoke.gd:57)
[GdPAI | debug] GetCost: callable returned non-numeric value: null; returning INFINITY
WARNING: [GdPAI] ObjectRef(1382643928884): object was freed before callback; returning Nil.
   at: gdplanningai_rust::logger::process_logs (src\logger.rs:66)
   GDScript backtrace (most recent call first):
       [0] _start_plan_and_wait (res://test/integration/test_campfire_example_smoke.gd:57)
WARNING: [GdPAI] ObjectRef(1382157389614): object was freed before callback; returning Nil.
   at: gdplanningai_rust::logger::process_logs (src\logger.rs:66)
   GDScript backtrace (most recent call first):
       [0] _start_plan_and_wait (res://test/integration/test_campfire_example_smoke.gd:57)
WARNING: [GdPAI] ObjectRef(1382157389614): object was freed before callback; returning Nil.
   at: gdplanningai_rust::logger::process_logs (src\logger.rs:66)
   GDScript backtrace (most recent call first):
       [0] _start_plan_and_wait (res://test/integration/test_campfire_example_smoke.gd:57)
[GdPAI | debug] GetCost: callable returned non-numeric value: null; returning INFINITY
WARNING: [GdPAI] ObjectRef(124621163998): object was freed before callback; returning Nil.
   at: gdplanningai_rust::logger::process_logs (src\logger.rs:66)
   GDScript backtrace (most recent call first):
       [0] _process (res://addons/GdPlanningAI/gdpai_autoload.gd:21)
WARNING: [GdPAI] ObjectRef(124621163998): object was freed before callback; returning Nil.
   at: gdplanningai_rust::logger::process_logs (src\logger.rs:66)
   GDScript backtrace (most recent call first):
       [0] _process (res://addons/GdPlanningAI/gdpai_autoload.gd:21)
[GdPAI | debug] ApplyEffect [Before] ID=InstanceId(-9223369205632444558): agent props = {"held_item": "", "hunger": 70.0627442063492, "entity": null}
[GdPAI | debug] ApplyEffect [After] ID=InstanceId(-9223369205632444558): agent props = {"held_item": "", "hunger": 70.0627442063492, "entity": null}
[GdPAI | debug]   Snapshotting prop: held_item = Str("") (Variant type: STRING)
[GdPAI | debug]   Snapshotting prop: hunger = Float(70.0627442063492) (Variant type: FLOAT)
[GdPAI | debug]   Snapshotting prop: entity = Nil (Variant type: NIL)
[GdPAI | debug] Discovery: Simulation success for Pick Up Wood. Agent props: {"held_item": Str(""), "hunger": Float(70.0627442063492), "entity": Nil}
[GdPAI | debug] Discovery: Action Pick Up Wood satisfied precond Builtin { target: Agent, operation: Equal, property_name: "held_item", value: Some(Str("")) }
[GdPAI | debug] Found candidate: Pick Up Wood (satisfied preconds: [0], requirements: [])
WARNING: [GdPAI] ObjectRef(1382643928884): object was freed before callback; returning Nil.
   at: gdplanningai_rust::logger::process_logs (src\logger.rs:66)
   GDScript backtrace (most recent call first):
       [0] _process (res://addons/GdPlanningAI/gdpai_autoload.gd:21)
WARNING: [GdPAI] ObjectRef(1382157389614): object was freed before callback; returning Nil.
   at: gdplanningai_rust::logger::process_logs (src\logger.rs:66)
   GDScript backtrace (most recent call first):
       [0] _process (res://addons/GdPlanningAI/gdpai_autoload.gd:21)
WARNING: [GdPAI] ObjectRef(1382157389614): object was freed before callback; returning Nil.
   at: gdplanningai_rust::logger::process_logs (src\logger.rs:66)
   GDScript backtrace (most recent call first):
       [0] _process (res://addons/GdPlanningAI/gdpai_autoload.gd:21)
[GdPAI | debug] ApplyEffect [Before] ID=InstanceId(-9223369205062019214): agent props = {"entity": null, "held_item": "", "hunger": 95.0603725, "at_target": null}
[GdPAI | debug] ApplyEffect [After] ID=InstanceId(-9223369205062019214): agent props = {"entity": null, "held_item": "", "hunger": 95.0603725, "at_target": null}
[GdPAI | debug]   Snapshotting prop: entity = Nil (Variant type: NIL)
[GdPAI | debug]   Snapshotting prop: held_item = Str("") (Variant type: STRING)
[GdPAI | debug]   Snapshotting prop: hunger = Float(95.0603725) (Variant type: FLOAT)
[GdPAI | debug]   Snapshotting prop: at_target = Nil (Variant type: NIL)
[GdPAI | debug] Discovery: Starting simulation for action Pick Up Wood
WARNING: [GdPAI] ObjectRef(124621163998): object was freed before callback; returning Nil.
   at: gdplanningai_rust::logger::process_logs (src\logger.rs:66)
   GDScript backtrace (most recent call first):
       [0] _start_plan_and_wait (res://test/integration/test_campfire_example_smoke.gd:57)
WARNING: [GdPAI] ObjectRef(124621163998): object was freed before callback; returning Nil.
   at: gdplanningai_rust::logger::process_logs (src\logger.rs:66)
   GDScript backtrace (most recent call first):
       [0] _start_plan_and_wait (res://test/integration/test_campfire_example_smoke.gd:57)
[GdPAI | debug] GetCost: callable returned non-numeric value: null; returning INFINITY
WARNING: [GdPAI] ObjectRef(1382643928884): object was freed before callback; returning Nil.
   at: gdplanningai_rust::logger::process_logs (src\logger.rs:66)
   GDScript backtrace (most recent call first):
       [0] _start_plan_and_wait (res://test/integration/test_campfire_example_smoke.gd:57)
WARNING: [GdPAI] ObjectRef(1382157389614): object was freed before callback; returning Nil.
   at: gdplanningai_rust::logger::process_logs (src\logger.rs:66)
   GDScript backtrace (most recent call first):
       [0] _start_plan_and_wait (res://test/integration/test_campfire_example_smoke.gd:57)
WARNING: [GdPAI] ObjectRef(1382157389614): object was freed before callback; returning Nil.
   at: gdplanningai_rust::logger::process_logs (src\logger.rs:66)
   GDScript backtrace (most recent call first):
       [0] _start_plan_and_wait (res://test/integration/test_campfire_example_smoke.gd:57)
[GdPAI | debug] GetCost: callable returned non-numeric value: null; returning INFINITY
WARNING: [GdPAI] ObjectRef(124621163998): object was freed before callback; returning Nil.
   at: gdplanningai_rust::logger::process_logs (src\logger.rs:66)
   GDScript backtrace (most recent call first):
       [0] _process (res://addons/GdPlanningAI/gdpai_autoload.gd:21)
WARNING: [GdPAI] ObjectRef(124621163998): object was freed before callback; returning Nil.
   at: gdplanningai_rust::logger::process_logs (src\logger.rs:66)
   GDScript backtrace (most recent call first):
       [0] _process (res://addons/GdPlanningAI/gdpai_autoload.gd:21)
[GdPAI | debug] ApplyEffect [Before] ID=InstanceId(-9223369202830649508): agent props = {"entity": null, "held_item": "", "hunger": 70.0627442063492}
[GdPAI | debug] ApplyEffect [After] ID=InstanceId(-9223369202830649508): agent props = {"entity": null, "held_item": "", "hunger": 70.0627442063492}
[GdPAI | debug]   Snapshotting prop: entity = Nil (Variant type: NIL)
[GdPAI | debug]   Snapshotting prop: held_item = Str("") (Variant type: STRING)
[GdPAI | debug]   Snapshotting prop: hunger = Float(70.0627442063492) (Variant type: FLOAT)
[GdPAI | debug] Discovery: Simulation success for Pick Up Wood. Agent props: {"held_item": Str(""), "hunger": Float(70.0627442063492), "entity": Nil}
[GdPAI | debug] Discovery: Action Pick Up Wood satisfied precond Builtin { target: Agent, operation: Equal, property_name: "held_item", value: Some(Str("")) }
[GdPAI | debug] Found candidate: Pick Up Wood (satisfied preconds: [0], requirements: [])
WARNING: [GdPAI] ObjectRef(1382643928884): object was freed before callback; returning Nil.
   at: gdplanningai_rust::logger::process_logs (src\logger.rs:66)
   GDScript backtrace (most recent call first):
       [0] _process (res://addons/GdPlanningAI/gdpai_autoload.gd:21)
WARNING: [GdPAI] ObjectRef(1382157389614): object was freed before callback; returning Nil.
   at: gdplanningai_rust::logger::process_logs (src\logger.rs:66)
   GDScript backtrace (most recent call first):
       [0] _process (res://addons/GdPlanningAI/gdpai_autoload.gd:21)
WARNING: [GdPAI] ObjectRef(1382157389614): object was freed before callback; returning Nil.
   at: gdplanningai_rust::logger::process_logs (src\logger.rs:66)
   GDScript backtrace (most recent call first):
       [0] _process (res://addons/GdPlanningAI/gdpai_autoload.gd:21)
[GdPAI | debug] ApplyEffect [Before] ID=InstanceId(-9223369202260224164): agent props = {"entity": null, "held_item": "", "hunger": 95.0603725, "at_target": null}
[GdPAI | debug] ApplyEffect [After] ID=InstanceId(-9223369202260224164): agent props = {"entity": null, "held_item": "", "hunger": 95.0603725, "at_target": null}
[GdPAI | debug]   Snapshotting prop: entity = Nil (Variant type: NIL)
[GdPAI | debug]   Snapshotting prop: held_item = Str("") (Variant type: STRING)
[GdPAI | debug]   Snapshotting prop: hunger = Float(95.0603725) (Variant type: FLOAT)
[GdPAI | debug]   Snapshotting prop: at_target = Nil (Variant type: NIL)
WARNING: [GdPAI] ObjectRef(124621163998): object was freed before callback; returning Nil.
   at: gdplanningai_rust::logger::process_logs (src\logger.rs:66)
   GDScript backtrace (most recent call first):
       [0] _start_plan_and_wait (res://test/integration/test_campfire_example_smoke.gd:57)
WARNING: [GdPAI] ObjectRef(124621163998): object was freed before callback; returning Nil.
   at: gdplanningai_rust::logger::process_logs (src\logger.rs:66)
   GDScript backtrace (most recent call first):
       [0] _start_plan_and_wait (res://test/integration/test_campfire_example_smoke.gd:57)
[GdPAI | debug] Discovery: Action Dig Potato failed validity check, skipping
WARNING: [GdPAI] ObjectRef(1382643928884): object was freed before callback; returning Nil.
   at: gdplanningai_rust::logger::process_logs (src\logger.rs:66)
   GDScript backtrace (most recent call first):
       [0] _start_plan_and_wait (res://test/integration/test_campfire_example_smoke.gd:57)
[GdPAI | debug] GetCost: callable returned non-numeric value: null; returning INFINITY
WARNING: [GdPAI] ObjectRef(124621163998): object was freed before callback; returning Nil.
   at: gdplanningai_rust::logger::process_logs (src\logger.rs:66)
   GDScript backtrace (most recent call first):
       [0] _process (res://addons/GdPlanningAI/gdpai_autoload.gd:21)
WARNING: [GdPAI] ObjectRef(124621163998): object was freed before callback; returning Nil.
   at: gdplanningai_rust::logger::process_logs (src\logger.rs:66)
   GDScript backtrace (most recent call first):
       [0] _process (res://addons/GdPlanningAI/gdpai_autoload.gd:21)
[GdPAI | debug] Discovery: Action Dig Potato failed validity check, skipping
WARNING: [GdPAI] ObjectRef(1382643928884): object was freed before callback; returning Nil.
   at: gdplanningai_rust::logger::process_logs (src\logger.rs:66)
   GDScript backtrace (most recent call first):
       [0] _process (res://addons/GdPlanningAI/gdpai_autoload.gd:21)
[GdPAI | debug] ApplyEffect [Before] ID=InstanceId(-9223369199559092351): agent props = {"held_item": "wood", "at_target": null, "entity": null, "hunger": 95.0603725}
[GdPAI | debug] ApplyEffect [After] ID=InstanceId(-9223369199559092351): agent props = {"held_item": "wood", "at_target": null, "entity": null, "hunger": 95.0603725}
[GdPAI | debug]   Snapshotting prop: held_item = Str("wood") (Variant type: STRING)
[GdPAI | debug]   Snapshotting prop: at_target = Nil (Variant type: NIL)
[GdPAI | debug]   Snapshotting prop: entity = Nil (Variant type: NIL)
[GdPAI | debug]   Snapshotting prop: hunger = Float(95.0603725) (Variant type: FLOAT)
WARNING: [GdPAI] ObjectRef(124621163998): object was freed before callback; returning Nil.
   at: gdplanningai_rust::logger::process_logs (src\logger.rs:66)
   GDScript backtrace (most recent call first):
       [0] _start_plan_and_wait (res://test/integration/test_campfire_example_smoke.gd:57)
WARNING: [GdPAI] ObjectRef(124621163998): object was freed before callback; returning Nil.
   at: gdplanningai_rust::logger::process_logs (src\logger.rs:66)
   GDScript backtrace (most recent call first):
       [0] _start_plan_and_wait (res://test/integration/test_campfire_example_smoke.gd:57)
WARNING: [GdPAI] ObjectRef(1382643928884): object was freed before callback; returning Nil.
   at: gdplanningai_rust::logger::process_logs (src\logger.rs:66)
   GDScript backtrace (most recent call first):
       [0] _start_plan_and_wait (res://test/integration/test_campfire_example_smoke.gd:57)
[GdPAI | debug] Discovery: Action Dig Potato failed validity check, skipping
WARNING: [GdPAI] ObjectRef(1382643928884): object was freed before callback; returning Nil.
   at: gdplanningai_rust::logger::process_logs (src\logger.rs:66)
   GDScript backtrace (most recent call first):
       [0] _start_plan_and_wait (res://test/integration/test_campfire_example_smoke.gd:57)
[GdPAI | debug] GetCost: callable returned non-numeric value: null; returning INFINITY
WARNING: [GdPAI] ObjectRef(124621163998): object was freed before callback; returning Nil.
   at: gdplanningai_rust::logger::process_logs (src\logger.rs:66)
   GDScript backtrace (most recent call first):
       [0] _process (res://addons/GdPlanningAI/gdpai_autoload.gd:21)
WARNING: [GdPAI] ObjectRef(124621163998): object was freed before callback; returning Nil.
   at: gdplanningai_rust::logger::process_logs (src\logger.rs:66)
   GDScript backtrace (most recent call first):
       [0] _process (res://addons/GdPlanningAI/gdpai_autoload.gd:21)
WARNING: [GdPAI] ObjectRef(1382643928884): object was freed before callback; returning Nil.
   at: gdplanningai_rust::logger::process_logs (src\logger.rs:66)
   GDScript backtrace (most recent call first):
       [0] _process (res://addons/GdPlanningAI/gdpai_autoload.gd:21)
[GdPAI | debug] Discovery: Action Dig Potato failed validity check, skipping
WARNING: [GdPAI] ObjectRef(1382643928884): object was freed before callback; returning Nil.
   at: gdplanningai_rust::logger::process_logs (src\logger.rs:66)
   GDScript backtrace (most recent call first):
       [0] _process (res://addons/GdPlanningAI/gdpai_autoload.gd:21)
[GdPAI | debug] ApplyEffect [Before] ID=InstanceId(-9223369196908292153): agent props = {"entity": null, "hunger": 95.0603725, "held_item": ""}
[GdPAI | debug] ApplyEffect [After] ID=InstanceId(-9223369196908292153): agent props = {"entity": null, "hunger": 95.0603725, "held_item": ""}
[GdPAI | debug]   Snapshotting prop: entity = Nil (Variant type: NIL)
[GdPAI | debug]   Snapshotting prop: hunger = Float(95.0603725) (Variant type: FLOAT)
[GdPAI | debug]   Snapshotting prop: held_item = Str("") (Variant type: STRING)
WARNING: [GdPAI] ObjectRef(124621163998): object was freed before callback; returning Nil.
   at: gdplanningai_rust::logger::process_logs (src\logger.rs:66)
   GDScript backtrace (most recent call first):
       [0] _start_plan_and_wait (res://test/integration/test_campfire_example_smoke.gd:57)
WARNING: [GdPAI] ObjectRef(124621163998): object was freed before callback; returning Nil.
   at: gdplanningai_rust::logger::process_logs (src\logger.rs:66)
   GDScript backtrace (most recent call first):
       [0] _start_plan_and_wait (res://test/integration/test_campfire_example_smoke.gd:57)
[GdPAI | debug] Discovery: Action Dig Potato failed validity check, skipping
WARNING: [GdPAI] ObjectRef(1382643928884): object was freed before callback; returning Nil.
   at: gdplanningai_rust::logger::process_logs (src\logger.rs:66)
   GDScript backtrace (most recent call first):
       [0] _start_plan_and_wait (res://test/integration/test_campfire_example_smoke.gd:57)
[GdPAI | debug] GetCost: callable returned non-numeric value: null; returning INFINITY
WARNING: [GdPAI] ObjectRef(124621163998): object was freed before callback; returning Nil.
   at: gdplanningai_rust::logger::process_logs (src\logger.rs:66)
   GDScript backtrace (most recent call first):
       [0] _process (res://addons/GdPlanningAI/gdpai_autoload.gd:21)
WARNING: [GdPAI] ObjectRef(124621163998): object was freed before callback; returning Nil.
   at: gdplanningai_rust::logger::process_logs (src\logger.rs:66)
   GDScript backtrace (most recent call first):
       [0] _process (res://addons/GdPlanningAI/gdpai_autoload.gd:21)
WARNING: [GdPAI] ObjectRef(125359361544): object was freed before callback; returning Nil.
   at: gdplanningai_rust::logger::process_logs (src\logger.rs:66)
   GDScript backtrace (most recent call first):
       [0] _process (res://addons/GdPlanningAI/gdpai_autoload.gd:21)
WARNING: [GdPAI] ObjectRef(124587609564): object was freed before callback; returning Nil.
   at: gdplanningai_rust::logger::process_logs (src\logger.rs:66)
   GDScript backtrace (most recent call first):
       [0] _process (res://addons/GdPlanningAI/gdpai_autoload.gd:21)
WARNING: [GdPAI] ObjectRef(125359361544): object was freed before callback; returning Nil.
   at: gdplanningai_rust::logger::process_logs (src\logger.rs:66)
   GDScript backtrace (most recent call first):
       [0] _process (res://addons/GdPlanningAI/gdpai_autoload.gd:21)
WARNING: [GdPAI] ObjectRef(124587609564): object was freed before callback; returning Nil.
   at: gdplanningai_rust::logger::process_logs (src\logger.rs:66)
   GDScript backtrace (most recent call first):
       [0] _process (res://addons/GdPlanningAI/gdpai_autoload.gd:21)
[GdPAI | debug] GetCost: callable returned non-numeric value: null; returning INFINITY
WARNING: [GdPAI] ObjectRef(1382643928884): object was freed before callback; returning Nil.
   at: gdplanningai_rust::logger::process_logs (src\logger.rs:66)
   GDScript backtrace (most recent call first):
       [0] _process (res://addons/GdPlanningAI/gdpai_autoload.gd:21)
[GdPAI | debug] ApplyEffect [Before] ID=InstanceId(-9223369194257492075): agent props = {"entity": null, "hunger": 95.0603725, "held_item": ""}
[GdPAI | debug] ApplyEffect [After] ID=InstanceId(-9223369194257492075): agent props = {"entity": null, "hunger": 95.0603725, "held_item": ""}
[GdPAI | debug]   Snapshotting prop: entity = Nil (Variant type: NIL)
[GdPAI | debug]   Snapshotting prop: hunger = Float(95.0603725) (Variant type: FLOAT)
[GdPAI | debug]   Snapshotting prop: held_item = Str("") (Variant type: STRING)
WARNING: [GdPAI] ObjectRef(124621163998): object was freed before callback; returning Nil.
   at: gdplanningai_rust::logger::process_logs (src\logger.rs:66)
   GDScript backtrace (most recent call first):
       [0] _start_plan_and_wait (res://test/integration/test_campfire_example_smoke.gd:57)
WARNING: [GdPAI] ObjectRef(124621163998): object was freed before callback; returning Nil.
   at: gdplanningai_rust::logger::process_logs (src\logger.rs:66)
   GDScript backtrace (most recent call first):
       [0] _start_plan_and_wait (res://test/integration/test_campfire_example_smoke.gd:57)
WARNING: [GdPAI] ObjectRef(125359361544): object was freed before callback; returning Nil.
   at: gdplanningai_rust::logger::process_logs (src\logger.rs:66)
   GDScript backtrace (most recent call first):
       [0] _start_plan_and_wait (res://test/integration/test_campfire_example_smoke.gd:57)
WARNING: [GdPAI] ObjectRef(124587609564): object was freed before callback; returning Nil.
   at: gdplanningai_rust::logger::process_logs (src\logger.rs:66)
   GDScript backtrace (most recent call first):
       [0] _start_plan_and_wait (res://test/integration/test_campfire_example_smoke.gd:57)
WARNING: [GdPAI] ObjectRef(125359361544): object was freed before callback; returning Nil.
   at: gdplanningai_rust::logger::process_logs (src\logger.rs:66)
   GDScript backtrace (most recent call first):
       [0] _start_plan_and_wait (res://test/integration/test_campfire_example_smoke.gd:57)
WARNING: [GdPAI] ObjectRef(124587609564): object was freed before callback; returning Nil.
   at: gdplanningai_rust::logger::process_logs (src\logger.rs:66)
   GDScript backtrace (most recent call first):
       [0] _start_plan_and_wait (res://test/integration/test_campfire_example_smoke.gd:57)
[GdPAI | debug] ApplyEffect [Before] ID=InstanceId(-9223369193334745098): agent props = {"held_item": "", "entity": null, "at_target": null, "hunger": 70.0627442063492}
[GdPAI | debug] ApplyEffect [After] ID=InstanceId(-9223369193334745098): agent props = {"held_item": "", "entity": null, "at_target": null, "hunger": 70.0627442063492}
[GdPAI | debug]   Snapshotting prop: held_item = Str("") (Variant type: STRING)
[GdPAI | debug]   Snapshotting prop: entity = Nil (Variant type: NIL)
[GdPAI | debug]   Snapshotting prop: at_target = Nil (Variant type: NIL)
[GdPAI | debug]   Snapshotting prop: hunger = Float(70.0627442063492) (Variant type: FLOAT)
WARNING: [GdPAI] ObjectRef(1382643928884): object was freed before callback; returning Nil.
   at: gdplanningai_rust::logger::process_logs (src\logger.rs:66)
   GDScript backtrace (most recent call first):
       [0] _start_plan_and_wait (res://test/integration/test_campfire_example_smoke.gd:57)
WARNING: [GdPAI] ObjectRef(1382157389614): object was freed before callback; returning Nil.
   at: gdplanningai_rust::logger::process_logs (src\logger.rs:66)
   GDScript backtrace (most recent call first):
       [0] _start_plan_and_wait (res://test/integration/test_campfire_example_smoke.gd:57)
WARNING: [GdPAI] ObjectRef(1382157389614): object was freed before callback; returning Nil.
   at: gdplanningai_rust::logger::process_logs (src\logger.rs:66)
   GDScript backtrace (most recent call first):
       [0] _start_plan_and_wait (res://test/integration/test_campfire_example_smoke.gd:57)
[GdPAI | debug] GetCost: callable returned non-numeric value: null; returning INFINITY
WARNING: [GdPAI] ObjectRef(124621163998): object was freed before callback; returning Nil.
   at: gdplanningai_rust::logger::process_logs (src\logger.rs:66)
   GDScript backtrace (most recent call first):
       [0] _process (res://addons/GdPlanningAI/gdpai_autoload.gd:21)
WARNING: [GdPAI] ObjectRef(124587609564): object was freed before callback; returning Nil.
   at: gdplanningai_rust::logger::process_logs (src\logger.rs:66)
   GDScript backtrace (most recent call first):
       [0] _process (res://addons/GdPlanningAI/gdpai_autoload.gd:21)
WARNING: [GdPAI] ObjectRef(124587609564): object was freed before callback; returning Nil.
   at: gdplanningai_rust::logger::process_logs (src\logger.rs:66)
   GDScript backtrace (most recent call first):
       [0] _process (res://addons/GdPlanningAI/gdpai_autoload.gd:21)
[GdPAI | debug] GetCost: callable returned non-numeric value: null; returning INFINITY
WARNING: [GdPAI] ObjectRef(1382643928884): object was freed before callback; returning Nil.
   at: gdplanningai_rust::logger::process_logs (src\logger.rs:66)
   GDScript backtrace (most recent call first):
       [0] _process (res://addons/GdPlanningAI/gdpai_autoload.gd:21)
WARNING: [GdPAI] ObjectRef(1382157389614): object was freed before callback; returning Nil.
   at: gdplanningai_rust::logger::process_logs (src\logger.rs:66)
   GDScript backtrace (most recent call first):
       [0] _process (res://addons/GdPlanningAI/gdpai_autoload.gd:21)
WARNING: [GdPAI] ObjectRef(1382157389614): object was freed before callback; returning Nil.
   at: gdplanningai_rust::logger::process_logs (src\logger.rs:66)
   GDScript backtrace (most recent call first):
       [0] _process (res://addons/GdPlanningAI/gdpai_autoload.gd:21)
[GdPAI | debug] ApplyEffect [Before] ID=InstanceId(-9223369191153707012): agent props = {"entity": null, "held_item": "", "hunger": 95.0603725, "at_target": null}
[GdPAI | debug] ApplyEffect [After] ID=InstanceId(-9223369191153707012): agent props = {"entity": null, "held_item": "", "hunger": 95.0603725, "at_target": null}
[GdPAI | debug]   Snapshotting prop: entity = Nil (Variant type: NIL)
[GdPAI | debug]   Snapshotting prop: held_item = Str("") (Variant type: STRING)
[GdPAI | debug]   Snapshotting prop: hunger = Float(95.0603725) (Variant type: FLOAT)
[GdPAI | debug]   Snapshotting prop: at_target = Nil (Variant type: NIL)
WARNING: [GdPAI] ObjectRef(124621163998): object was freed before callback; returning Nil.
   at: gdplanningai_rust::logger::process_logs (src\logger.rs:66)
   GDScript backtrace (most recent call first):
       [0] _start_plan_and_wait (res://test/integration/test_campfire_example_smoke.gd:57)
WARNING: [GdPAI] ObjectRef(124587609564): object was freed before callback; returning Nil.
   at: gdplanningai_rust::logger::process_logs (src\logger.rs:66)
   GDScript backtrace (most recent call first):
       [0] _start_plan_and_wait (res://test/integration/test_campfire_example_smoke.gd:57)
WARNING: [GdPAI] ObjectRef(124587609564): object was freed before callback; returning Nil.
   at: gdplanningai_rust::logger::process_logs (src\logger.rs:66)
   GDScript backtrace (most recent call first):
       [0] _start_plan_and_wait (res://test/integration/test_campfire_example_smoke.gd:57)
[GdPAI | debug] ApplyEffect [Before] ID=InstanceId(-9223369190281291712): agent props = {"held_item": "", "at_target": null, "hunger": 70.0627442063492, "entity": null}
[GdPAI | debug] ApplyEffect [After] ID=InstanceId(-9223369190281291712): agent props = {"held_item": "", "at_target": null, "hunger": 70.0627442063492, "entity": null}
[GdPAI | debug]   Snapshotting prop: held_item = Str("") (Variant type: STRING)
[GdPAI | debug]   Snapshotting prop: at_target = Nil (Variant type: NIL)
[GdPAI | debug]   Snapshotting prop: hunger = Float(70.0627442063492) (Variant type: FLOAT)
[GdPAI | debug]   Snapshotting prop: entity = Nil (Variant type: NIL)
WARNING: [GdPAI] ObjectRef(1382643928884): object was freed before callback; returning Nil.
   at: gdplanningai_rust::logger::process_logs (src\logger.rs:66)
   GDScript backtrace (most recent call first):
       [0] _start_plan_and_wait (res://test/integration/test_campfire_example_smoke.gd:57)
WARNING: [GdPAI] ObjectRef(1382157389614): object was freed before callback; returning Nil.
   at: gdplanningai_rust::logger::process_logs (src\logger.rs:66)
   GDScript backtrace (most recent call first):
       [0] _start_plan_and_wait (res://test/integration/test_campfire_example_smoke.gd:57)
WARNING: [GdPAI] ObjectRef(1382157389614): object was freed before callback; returning Nil.
   at: gdplanningai_rust::logger::process_logs (src\logger.rs:66)
   GDScript backtrace (most recent call first):
       [0] _start_plan_and_wait (res://test/integration/test_campfire_example_smoke.gd:57)
[GdPAI | debug] GetCost: callable returned non-numeric value: null; returning INFINITY
WARNING: [GdPAI] ObjectRef(124621163998): object was freed before callback; returning Nil.
   at: gdplanningai_rust::logger::process_logs (src\logger.rs:66)
   GDScript backtrace (most recent call first):
       [0] _process (res://addons/GdPlanningAI/gdpai_autoload.gd:21)
WARNING: [GdPAI] ObjectRef(125359361544): object was freed before callback; returning Nil.
   at: gdplanningai_rust::logger::process_logs (src\logger.rs:66)
   GDScript backtrace (most recent call first):
       [0] _process (res://addons/GdPlanningAI/gdpai_autoload.gd:21)
WARNING: [GdPAI] ObjectRef(125359361544): object was freed before callback; returning Nil.
   at: gdplanningai_rust::logger::process_logs (src\logger.rs:66)
   GDScript backtrace (most recent call first):
       [0] _process (res://addons/GdPlanningAI/gdpai_autoload.gd:21)
[GdPAI | debug] GetCost: callable returned non-numeric value: null; returning INFINITY
WARNING: [GdPAI] ObjectRef(1382643928884): object was freed before callback; returning Nil.
   at: gdplanningai_rust::logger::process_logs (src\logger.rs:66)
   GDScript backtrace (most recent call first):
       [0] _process (res://addons/GdPlanningAI/gdpai_autoload.gd:21)
WARNING: [GdPAI] ObjectRef(1382157389614): object was freed before callback; returning Nil.
   at: gdplanningai_rust::logger::process_logs (src\logger.rs:66)
   GDScript backtrace (most recent call first):
       [0] _process (res://addons/GdPlanningAI/gdpai_autoload.gd:21)
WARNING: [GdPAI] ObjectRef(1382157389614): object was freed before callback; returning Nil.
   at: gdplanningai_rust::logger::process_logs (src\logger.rs:66)
   GDScript backtrace (most recent call first):
       [0] _process (res://addons/GdPlanningAI/gdpai_autoload.gd:21)
[GdPAI | debug] ApplyEffect [Before] ID=InstanceId(-9223369188251248606): agent props = {"held_item": "", "at_target": null, "entity": null, "hunger": 95.0603725}
[GdPAI | debug] ApplyEffect [After] ID=InstanceId(-9223369188251248606): agent props = {"held_item": "", "at_target": null, "entity": null, "hunger": 95.0603725}
[GdPAI | debug]   Snapshotting prop: held_item = Str("") (Variant type: STRING)
[GdPAI | debug]   Snapshotting prop: at_target = Nil (Variant type: NIL)
[GdPAI | debug]   Snapshotting prop: entity = Nil (Variant type: NIL)
[GdPAI | debug]   Snapshotting prop: hunger = Float(95.0603725) (Variant type: FLOAT)
WARNING: [GdPAI] ObjectRef(124621163998): object was freed before callback; returning Nil.
   at: gdplanningai_rust::logger::process_logs (src\logger.rs:66)
   GDScript backtrace (most recent call first):
       [0] _start_plan_and_wait (res://test/integration/test_campfire_example_smoke.gd:57)
WARNING: [GdPAI] ObjectRef(125359361544): object was freed before callback; returning Nil.
   at: gdplanningai_rust::logger::process_logs (src\logger.rs:66)
   GDScript backtrace (most recent call first):
       [0] _start_plan_and_wait (res://test/integration/test_campfire_example_smoke.gd:57)
WARNING: [GdPAI] ObjectRef(125359361544): object was freed before callback; returning Nil.
   at: gdplanningai_rust::logger::process_logs (src\logger.rs:66)
   GDScript backtrace (most recent call first):
       [0] _start_plan_and_wait (res://test/integration/test_campfire_example_smoke.gd:57)
[GdPAI | debug] ApplyEffect [Before] ID=InstanceId(-9223369187378833310): agent props = {"hunger": 70.0627442063492, "at_target": null, "held_item": "", "entity": null}
[GdPAI | debug] ApplyEffect [After] ID=InstanceId(-9223369187378833310): agent props = {"hunger": 70.0627442063492, "at_target": null, "held_item": "", "entity": null}
[GdPAI | debug]   Snapshotting prop: hunger = Float(70.0627442063492) (Variant type: FLOAT)
[GdPAI | debug]   Snapshotting prop: at_target = Nil (Variant type: NIL)
[GdPAI | debug]   Snapshotting prop: held_item = Str("") (Variant type: STRING)
[GdPAI | debug]   Snapshotting prop: entity = Nil (Variant type: NIL)
WARNING: [GdPAI] ObjectRef(1382643928884): object was freed before callback; returning Nil.
   at: gdplanningai_rust::logger::process_logs (src\logger.rs:66)
   GDScript backtrace (most recent call first):
       [0] _start_plan_and_wait (res://test/integration/test_campfire_example_smoke.gd:57)
[GdPAI | debug] GetCost: callable returned non-numeric value: null; returning INFINITY
WARNING: [GdPAI] ObjectRef(124621163998): object was freed before callback; returning Nil.
   at: gdplanningai_rust::logger::process_logs (src\logger.rs:66)
   GDScript backtrace (most recent call first):
       [0] _process (res://addons/GdPlanningAI/gdpai_autoload.gd:21)
WARNING: [GdPAI] ObjectRef(124134624705): object was freed before callback; returning Nil.
   at: gdplanningai_rust::logger::process_logs (src\logger.rs:66)
   GDScript backtrace (most recent call first):
       [0] _process (res://addons/GdPlanningAI/gdpai_autoload.gd:21)
WARNING: [GdPAI] ObjectRef(124134624705): object was freed before callback; returning Nil.
   at: gdplanningai_rust::logger::process_logs (src\logger.rs:66)
   GDScript backtrace (most recent call first):
       [0] _process (res://addons/GdPlanningAI/gdpai_autoload.gd:21)
[GdPAI | debug] GetCost: callable returned non-numeric value: null; returning INFINITY
WARNING: [GdPAI] ObjectRef(1382643928884): object was freed before callback; returning Nil.
   at: gdplanningai_rust::logger::process_logs (src\logger.rs:66)
   GDScript backtrace (most recent call first):
       [0] _process (res://addons/GdPlanningAI/gdpai_autoload.gd:21)
[GdPAI | debug] ApplyEffect [Before] ID=InstanceId(-9223369185449453510): agent props = {"at_target": null, "held_item": "wood", "entity": null, "hunger": 95.0603725}
[GdPAI | debug] ApplyEffect [After] ID=InstanceId(-9223369185449453510): agent props = {"at_target": null, "held_item": "wood", "entity": null, "hunger": 95.0603725}
[GdPAI | debug]   Snapshotting prop: at_target = Nil (Variant type: NIL)
[GdPAI | debug]   Snapshotting prop: held_item = Str("wood") (Variant type: STRING)
[GdPAI | debug]   Snapshotting prop: entity = Nil (Variant type: NIL)
[GdPAI | debug]   Snapshotting prop: hunger = Float(95.0603725) (Variant type: FLOAT)
[GdPAI] A* Iteration: pop node with chain length 4
[GdPAI | debug] find_candidates: Checking 15 actions against 1 preconds and 1 requirements
WARNING: [GdPAI] ObjectRef(124621163998): object was freed before callback; returning Nil.
   at: gdplanningai_rust::logger::process_logs (src\logger.rs:66)
   GDScript backtrace (most recent call first):
       [0] _start_plan_and_wait (res://test/integration/test_campfire_example_smoke.gd:57)
WARNING: [GdPAI] ObjectRef(124134624705): object was freed before callback; returning Nil.
   at: gdplanningai_rust::logger::process_logs (src\logger.rs:66)
   GDScript backtrace (most recent call first):
       [0] _start_plan_and_wait (res://test/integration/test_campfire_example_smoke.gd:57)
WARNING: [GdPAI] ObjectRef(124134624705): object was freed before callback; returning Nil.
   at: gdplanningai_rust::logger::process_logs (src\logger.rs:66)
   GDScript backtrace (most recent call first):
       [0] _start_plan_and_wait (res://test/integration/test_campfire_example_smoke.gd:57)
[GdPAI | debug] ApplyEffect [Before] ID=InstanceId(-9223369184677701526): agent props = {"held_item": "", "hunger": 70.0627442063492, "at_target": null, "entity": null}
[GdPAI | debug] ApplyEffect [After] ID=InstanceId(-9223369184677701526): agent props = {"held_item": "", "hunger": 70.0627442063492, "at_target": null, "entity": null}
[GdPAI | debug]   Snapshotting prop: held_item = Str("") (Variant type: STRING)
[GdPAI | debug]   Snapshotting prop: hunger = Float(70.0627442063492) (Variant type: FLOAT)
[GdPAI | debug]   Snapshotting prop: at_target = Nil (Variant type: NIL)
[GdPAI | debug]   Snapshotting prop: entity = Nil (Variant type: NIL)
WARNING: [GdPAI] ObjectRef(1382643928884): object was freed before callback; returning Nil.
   at: gdplanningai_rust::logger::process_logs (src\logger.rs:66)
   GDScript backtrace (most recent call first):
       [0] _start_plan_and_wait (res://test/integration/test_campfire_example_smoke.gd:57)
WARNING: [GdPAI] ObjectRef(1382643928884): object was freed before callback; returning Nil.
   at: gdplanningai_rust::logger::process_logs (src\logger.rs:66)
   GDScript backtrace (most recent call first):
       [0] _start_plan_and_wait (res://test/integration/test_campfire_example_smoke.gd:57)
[GdPAI | debug] Discovery: Starting simulation for action Go To
WARNING: [GdPAI] ObjectRef(124621163998): object was freed before callback; returning Nil.
   at: gdplanningai_rust::logger::process_logs (src\logger.rs:66)
   GDScript backtrace (most recent call first):
       [0] _process (res://addons/GdPlanningAI/gdpai_autoload.gd:21)
WARNING: [GdPAI] ObjectRef(124134624705): object was freed before callback; returning Nil.
   at: gdplanningai_rust::logger::process_logs (src\logger.rs:66)
   GDScript backtrace (most recent call first):
       [0] _process (res://addons/GdPlanningAI/gdpai_autoload.gd:21)
WARNING: [GdPAI] ObjectRef(124134624705): object was freed before callback; returning Nil.
   at: gdplanningai_rust::logger::process_logs (src\logger.rs:66)
   GDScript backtrace (most recent call first):
       [0] _process (res://addons/GdPlanningAI/gdpai_autoload.gd:21)
[GdPAI | debug] GetCost: callable returned non-numeric value: null; returning INFINITY
WARNING: [GdPAI] ObjectRef(1382643928884): object was freed before callback; returning Nil.
   at: gdplanningai_rust::logger::process_logs (src\logger.rs:66)
   GDScript backtrace (most recent call first):
       [0] _process (res://addons/GdPlanningAI/gdpai_autoload.gd:21)
WARNING: [GdPAI] ObjectRef(1382643928884): object was freed before callback; returning Nil.
   at: gdplanningai_rust::logger::process_logs (src\logger.rs:66)
   GDScript backtrace (most recent call first):
       [0] _process (res://addons/GdPlanningAI/gdpai_autoload.gd:21)
[GdPAI | debug] GetCost: callable returned non-numeric value: null; returning INFINITY
WARNING: [GdPAI] ObjectRef(124621163998): object was freed before callback; returning Nil.
   at: gdplanningai_rust::logger::process_logs (src\logger.rs:66)
   GDScript backtrace (most recent call first):
       [0] _start_plan_and_wait (res://test/integration/test_campfire_example_smoke.gd:57)
WARNING: [GdPAI] ObjectRef(124134624705): object was freed before callback; returning Nil.
   at: gdplanningai_rust::logger::process_logs (src\logger.rs:66)
   GDScript backtrace (most recent call first):
       [0] _start_plan_and_wait (res://test/integration/test_campfire_example_smoke.gd:57)
WARNING: [GdPAI] ObjectRef(124134624705): object was freed before callback; returning Nil.
   at: gdplanningai_rust::logger::process_logs (src\logger.rs:66)
   GDScript backtrace (most recent call first):
       [0] _start_plan_and_wait (res://test/integration/test_campfire_example_smoke.gd:57)
[GdPAI | debug] ApplyEffect [Before] ID=InstanceId(-9223369181875906488): agent props = {"at_target": null, "hunger": 70.0627442063492, "entity": null, "held_item": ""}
[GdPAI | debug] ApplyEffect [After] ID=InstanceId(-9223369181875906488): agent props = {"at_target": null, "hunger": 70.0627442063492, "entity": null, "held_item": ""}
[GdPAI | debug]   Snapshotting prop: at_target = Nil (Variant type: NIL)
[GdPAI | debug]   Snapshotting prop: hunger = Float(70.0627442063492) (Variant type: FLOAT)
[GdPAI | debug]   Snapshotting prop: entity = Nil (Variant type: NIL)
[GdPAI | debug]   Snapshotting prop: held_item = Str("") (Variant type: STRING)
WARNING: [GdPAI] ObjectRef(1382643928884): object was freed before callback; returning Nil.
   at: gdplanningai_rust::logger::process_logs (src\logger.rs:66)
   GDScript backtrace (most recent call first):
       [0] _start_plan_and_wait (res://test/integration/test_campfire_example_smoke.gd:57)
WARNING: [GdPAI] ObjectRef(1382643928884): object was freed before callback; returning Nil.
   at: gdplanningai_rust::logger::process_logs (src\logger.rs:66)
   GDScript backtrace (most recent call first):
       [0] _start_plan_and_wait (res://test/integration/test_campfire_example_smoke.gd:57)
[GdPAI | debug] ApplyEffect [Before] ID=InstanceId(-9223369181305481144): agent props = {"hunger": 95.0603725, "entity": null, "held_item": ""}
[GdPAI | debug] ApplyEffect [After] ID=InstanceId(-9223369181305481144): agent props = {"hunger": 95.0603725, "entity": null, "held_item": ""}
[GdPAI | debug]   Snapshotting prop: hunger = Float(95.0603725) (Variant type: FLOAT)
[GdPAI | debug]   Snapshotting prop: entity = Nil (Variant type: NIL)
[GdPAI | debug]   Snapshotting prop: held_item = Str("") (Variant type: STRING)
[GdPAI | debug] Discovery: Simulation success for Go To. Agent props: {"entity": Nil, "held_item": Str(""), "hunger": Float(95.0603725)}
[GdPAI | debug] Discovery: Action Go To satisfied precond Builtin { target: Agent, operation: Equal, property_name: "held_item", value: Some(Str("")) }
[GdPAI | debug] Found candidate: Go To (satisfied preconds: [0], requirements: [0])
[GdPAI | debug] Discovery: Starting simulation for action Eat Held Food
WARNING: [GdPAI] ObjectRef(124621163998): object was freed before callback; returning Nil.
   at: gdplanningai_rust::logger::process_logs (src\logger.rs:66)
   GDScript backtrace (most recent call first):
       [0] _process (res://addons/GdPlanningAI/gdpai_autoload.gd:21)
[GdPAI | debug] GetCost: callable returned non-numeric value: null; returning INFINITY
WARNING: [GdPAI] ObjectRef(1382643928884): object was freed before callback; returning Nil.
   at: gdplanningai_rust::logger::process_logs (src\logger.rs:66)
   GDScript backtrace (most recent call first):
       [0] _process (res://addons/GdPlanningAI/gdpai_autoload.gd:21)
WARNING: [GdPAI] ObjectRef(1382643928884): object was freed before callback; returning Nil.
   at: gdplanningai_rust::logger::process_logs (src\logger.rs:66)
   GDScript backtrace (most recent call first):
       [0] _process (res://addons/GdPlanningAI/gdpai_autoload.gd:21)
[GdPAI | debug] GetCost: callable returned non-numeric value: null; returning INFINITY
WARNING: [GdPAI] ObjectRef(124621163998): object was freed before callback; returning Nil.
   at: gdplanningai_rust::logger::process_logs (src\logger.rs:66)
   GDScript backtrace (most recent call first):
       [0] _start_plan_and_wait (res://test/integration/test_campfire_example_smoke.gd:57)
[GdPAI | debug] ApplyEffect [Before] ID=InstanceId(-9223369179174774600): agent props = {"at_target": null, "held_item": "wood", "hunger": 70.0627442063492, "entity": null}
[GdPAI | debug] ApplyEffect [After] ID=InstanceId(-9223369179174774600): agent props = {"at_target": null, "held_item": "wood", "hunger": 70.0627442063492, "entity": null}
[GdPAI | debug]   Snapshotting prop: at_target = Nil (Variant type: NIL)
[GdPAI | debug]   Snapshotting prop: held_item = Str("wood") (Variant type: STRING)
[GdPAI | debug]   Snapshotting prop: hunger = Float(70.0627442063492) (Variant type: FLOAT)
[GdPAI | debug]   Snapshotting prop: entity = Nil (Variant type: NIL)
WARNING: [GdPAI] ObjectRef(1382643928884): object was freed before callback; returning Nil.
   at: gdplanningai_rust::logger::process_logs (src\logger.rs:66)
   GDScript backtrace (most recent call first):
       [0] _start_plan_and_wait (res://test/integration/test_campfire_example_smoke.gd:57)
WARNING: [GdPAI] ObjectRef(1382643928884): object was freed before callback; returning Nil.
   at: gdplanningai_rust::logger::process_logs (src\logger.rs:66)
   GDScript backtrace (most recent call first):
       [0] _start_plan_and_wait (res://test/integration/test_campfire_example_smoke.gd:57)
[GdPAI | debug] ApplyEffect [Before] ID=InstanceId(-9223369178604349256): agent props = {"hunger": 95.0603725, "entity": null, "held_item": ""}
[GdPAI | debug] ApplyEffect [After] ID=InstanceId(-9223369178604349256): agent props = {"hunger": 95.0603725, "entity": null, "held_item": ""}
[GdPAI | debug]   Snapshotting prop: hunger = Float(95.0603725) (Variant type: FLOAT)
[GdPAI | debug]   Snapshotting prop: entity = Nil (Variant type: NIL)
[GdPAI | debug]   Snapshotting prop: held_item = Str("") (Variant type: STRING)
[GdPAI | debug] Discovery: Simulation success for Eat Held Food. Agent props: {"entity": Nil, "held_item": Str(""), "hunger": Float(95.0603725)}
[GdPAI | debug] Discovery: Action Eat Held Food satisfied precond Builtin { target: Agent, operation: Equal, property_name: "held_item", value: Some(Str("")) }
[GdPAI | debug] Found candidate: Eat Held Food (satisfied preconds: [0], requirements: [])
WARNING: [GdPAI] ObjectRef(124621163998): object was freed before callback; returning Nil.
   at: gdplanningai_rust::logger::process_logs (src\logger.rs:66)
   GDScript backtrace (most recent call first):
       [0] _process (res://addons/GdPlanningAI/gdpai_autoload.gd:21)
WARNING: [GdPAI] ObjectRef(124621163998): object was freed before callback; returning Nil.
   at: gdplanningai_rust::logger::process_logs (src\logger.rs:66)
   GDScript backtrace (most recent call first):
       [0] _process (res://addons/GdPlanningAI/gdpai_autoload.gd:21)
[GdPAI | debug] GetCost: callable returned non-numeric value: null; returning INFINITY
WARNING: [GdPAI] ObjectRef(1382643928884): object was freed before callback; returning Nil.
   at: gdplanningai_rust::logger::process_logs (src\logger.rs:66)
   GDScript backtrace (most recent call first):
       [0] _process (res://addons/GdPlanningAI/gdpai_autoload.gd:21)
WARNING: [GdPAI] ObjectRef(1382643928884): object was freed before callback; returning Nil.
   at: gdplanningai_rust::logger::process_logs (src\logger.rs:66)
   GDScript backtrace (most recent call first):
       [0] _process (res://addons/GdPlanningAI/gdpai_autoload.gd:21)
[GdPAI | debug] Discovery: Starting simulation for action Go To
WARNING: [GdPAI] ObjectRef(124621163998): object was freed before callback; returning Nil.
   at: gdplanningai_rust::logger::process_logs (src\logger.rs:66)
   GDScript backtrace (most recent call first):
       [0] _start_plan_and_wait (res://test/integration/test_campfire_example_smoke.gd:57)
WARNING: [GdPAI] ObjectRef(124621163998): object was freed before callback; returning Nil.
   at: gdplanningai_rust::logger::process_logs (src\logger.rs:66)
   GDScript backtrace (most recent call first):
       [0] _start_plan_and_wait (res://test/integration/test_campfire_example_smoke.gd:57)
[GdPAI | debug] ApplyEffect [Before] ID=InstanceId(-9223369176523974497): agent props = {"entity": null, "hunger": 70.0627442063492, "held_item": ""}
[GdPAI | debug] ApplyEffect [After] ID=InstanceId(-9223369176523974497): agent props = {"entity": null, "hunger": 70.0627442063492, "held_item": ""}
[GdPAI | debug]   Snapshotting prop: entity = Nil (Variant type: NIL)
[GdPAI | debug]   Snapshotting prop: hunger = Float(70.0627442063492) (Variant type: FLOAT)
[GdPAI | debug]   Snapshotting prop: held_item = Str("") (Variant type: STRING)
WARNING: [GdPAI] ObjectRef(1382643928884): object was freed before callback; returning Nil.
   at: gdplanningai_rust::logger::process_logs (src\logger.rs:66)
   GDScript backtrace (most recent call first):
       [0] _start_plan_and_wait (res://test/integration/test_campfire_example_smoke.gd:57)
WARNING: [GdPAI] ObjectRef(1382643928884): object was freed before callback; returning Nil.
   at: gdplanningai_rust::logger::process_logs (src\logger.rs:66)
   GDScript backtrace (most recent call first):
       [0] _start_plan_and_wait (res://test/integration/test_campfire_example_smoke.gd:57)
[GdPAI | debug] GetCost: callable returned non-numeric value: null; returning INFINITY
WARNING: [GdPAI] ObjectRef(124621163998): object was freed before callback; returning Nil.
   at: gdplanningai_rust::logger::process_logs (src\logger.rs:66)
   GDScript backtrace (most recent call first):
       [0] _process (res://addons/GdPlanningAI/gdpai_autoload.gd:21)
[GdPAI | debug] GetCost: callable returned non-numeric value: null; returning INFINITY
WARNING: [GdPAI] ObjectRef(1382643928884): object was freed before callback; returning Nil.
   at: gdplanningai_rust::logger::process_logs (src\logger.rs:66)
   GDScript backtrace (most recent call first):
       [0] _process (res://addons/GdPlanningAI/gdpai_autoload.gd:21)
WARNING: [GdPAI] ObjectRef(1382643928884): object was freed before callback; returning Nil.
   at: gdplanningai_rust::logger::process_logs (src\logger.rs:66)
   GDScript backtrace (most recent call first):
       [0] _process (res://addons/GdPlanningAI/gdpai_autoload.gd:21)
[GdPAI | debug] ApplyEffect [Before] ID=InstanceId(-9223369174594594635): agent props = {"hunger": 95.0603725, "held_item": "", "entity": null}
[GdPAI | debug] ApplyEffect [After] ID=InstanceId(-9223369174594594635): agent props = {"hunger": 95.0603725, "held_item": "", "entity": null}
[GdPAI | debug]   Snapshotting prop: hunger = Float(95.0603725) (Variant type: FLOAT)
[GdPAI | debug]   Snapshotting prop: held_item = Str("") (Variant type: STRING)
[GdPAI | debug]   Snapshotting prop: entity = Nil (Variant type: NIL)
[GdPAI | debug] Discovery: Simulation success for Go To. Agent props: {"hunger": Float(95.0603725), "held_item": Str(""), "entity": Nil}
[GdPAI | debug] Discovery: Action Go To satisfied precond Builtin { target: Agent, operation: Equal, property_name: "held_item", value: Some(Str("")) }
[GdPAI | debug] Found candidate: Go To (satisfied preconds: [0], requirements: [0])
[GdPAI | debug] Discovery: Starting simulation for action Drop Item
WARNING: [GdPAI] ObjectRef(124621163998): object was freed before callback; returning Nil.
   at: gdplanningai_rust::logger::process_logs (src\logger.rs:66)
   GDScript backtrace (most recent call first):
       [0] _start_plan_and_wait (res://test/integration/test_campfire_example_smoke.gd:57)
[GdPAI | debug] ApplyEffect [Before] ID=InstanceId(-9223369173873174407): agent props = {"entity": null, "held_item": "", "hunger": 70.0627442063492}
[GdPAI | debug] ApplyEffect [After] ID=InstanceId(-9223369173873174407): agent props = {"entity": null, "held_item": "", "hunger": 70.0627442063492}
[GdPAI | debug]   Snapshotting prop: entity = Nil (Variant type: NIL)
[GdPAI | debug]   Snapshotting prop: held_item = Str("") (Variant type: STRING)
[GdPAI | debug]   Snapshotting prop: hunger = Float(70.0627442063492) (Variant type: FLOAT)
WARNING: [GdPAI] ObjectRef(1382643928884): object was freed before callback; returning Nil.
   at: gdplanningai_rust::logger::process_logs (src\logger.rs:66)
   GDScript backtrace (most recent call first):
       [0] _start_plan_and_wait (res://test/integration/test_campfire_example_smoke.gd:57)
WARNING: [GdPAI] ObjectRef(1382643928884): object was freed before callback; returning Nil.
   at: gdplanningai_rust::logger::process_logs (src\logger.rs:66)
   GDScript backtrace (most recent call first):
       [0] _start_plan_and_wait (res://test/integration/test_campfire_example_smoke.gd:57)
[GdPAI | debug] GetCost: callable returned non-numeric value: null; returning INFINITY
WARNING: [GdPAI] ObjectRef(124621163998): object was freed before callback; returning Nil.
   at: gdplanningai_rust::logger::process_logs (src\logger.rs:66)
   GDScript backtrace (most recent call first):
       [0] _process (res://addons/GdPlanningAI/gdpai_autoload.gd:21)
[GdPAI | debug] GetCost: callable returned non-numeric value: null; returning INFINITY
WARNING: [GdPAI] ObjectRef(1382643928884): object was freed before callback; returning Nil.
   at: gdplanningai_rust::logger::process_logs (src\logger.rs:66)
   GDScript backtrace (most recent call first):
       [0] _process (res://addons/GdPlanningAI/gdpai_autoload.gd:21)
WARNING: [GdPAI] ObjectRef(1382643928884): object was freed before callback; returning Nil.
   at: gdplanningai_rust::logger::process_logs (src\logger.rs:66)
   GDScript backtrace (most recent call first):
       [0] _process (res://addons/GdPlanningAI/gdpai_autoload.gd:21)
[GdPAI | debug] ApplyEffect [Before] ID=InstanceId(-9223369171994126186): agent props = {"hunger": 95.0603725, "entity": null, "held_item": ""}
[GdPAI | debug] ApplyEffect [After] ID=InstanceId(-9223369171994126186): agent props = {"hunger": 95.0603725, "entity": null, "held_item": ""}
[GdPAI | debug]   Snapshotting prop: hunger = Float(95.0603725) (Variant type: FLOAT)
[GdPAI | debug]   Snapshotting prop: entity = Nil (Variant type: NIL)
[GdPAI | debug]   Snapshotting prop: held_item = Str("") (Variant type: STRING)
[GdPAI | debug] Discovery: Simulation success for Drop Item. Agent props: {"held_item": Str(""), "hunger": Float(95.0603725), "entity": Nil}
[GdPAI | debug] Discovery: Action Drop Item satisfied precond Builtin { target: Agent, operation: Equal, property_name: "held_item", value: Some(Str("")) }
[GdPAI | debug] Found candidate: Drop Item (satisfied preconds: [0], requirements: [])
[GdPAI | debug] Discovery: Starting simulation for action Add Fuel
WARNING: [GdPAI] ObjectRef(124621163998): object was freed before callback; returning Nil.
   at: gdplanningai_rust::logger::process_logs (src\logger.rs:66)
   GDScript backtrace (most recent call first):
       [0] _start_plan_and_wait (res://test/integration/test_campfire_example_smoke.gd:57)
[GdPAI | debug] ApplyEffect [Before] ID=InstanceId(-9223369171272705840): agent props = {"entity": null, "hunger": 70.0627442063492, "held_item": ""}
[GdPAI | debug] ApplyEffect [After] ID=InstanceId(-9223369171272705840): agent props = {"entity": null, "hunger": 70.0627442063492, "held_item": ""}
[GdPAI | debug]   Snapshotting prop: entity = Nil (Variant type: NIL)
[GdPAI | debug]   Snapshotting prop: hunger = Float(70.0627442063492) (Variant type: FLOAT)
[GdPAI | debug]   Snapshotting prop: held_item = Str("") (Variant type: STRING)
WARNING: [GdPAI] ObjectRef(1382643928884): object was freed before callback; returning Nil.
   at: gdplanningai_rust::logger::process_logs (src\logger.rs:66)
   GDScript backtrace (most recent call first):
       [0] _start_plan_and_wait (res://test/integration/test_campfire_example_smoke.gd:57)
WARNING: [GdPAI] ObjectRef(1382643928884): object was freed before callback; returning Nil.
   at: gdplanningai_rust::logger::process_logs (src\logger.rs:66)
   GDScript backtrace (most recent call first):
       [0] _start_plan_and_wait (res://test/integration/test_campfire_example_smoke.gd:57)
[GdPAI | debug] GetCost: callable returned non-numeric value: null; returning INFINITY
WARNING: [GdPAI] ObjectRef(124621163998): object was freed before callback; returning Nil.
   at: gdplanningai_rust::logger::process_logs (src\logger.rs:66)
   GDScript backtrace (most recent call first):
       [0] _process (res://addons/GdPlanningAI/gdpai_autoload.gd:21)
WARNING: [GdPAI] ObjectRef(124134624705): object was freed before callback; returning Nil.
   at: gdplanningai_rust::logger::process_logs (src\logger.rs:66)
   GDScript backtrace (most recent call first):
       [0] _process (res://addons/GdPlanningAI/gdpai_autoload.gd:21)
WARNING: [GdPAI] ObjectRef(124134624705): object was freed before callback; returning Nil.
   at: gdplanningai_rust::logger::process_logs (src\logger.rs:66)
   GDScript backtrace (most recent call first):
       [0] _process (res://addons/GdPlanningAI/gdpai_autoload.gd:21)
[GdPAI | debug] GetCost: callable returned non-numeric value: null; returning INFINITY
WARNING: [GdPAI] ObjectRef(1382643928884): object was freed before callback; returning Nil.
   at: gdplanningai_rust::logger::process_logs (src\logger.rs:66)
   GDScript backtrace (most recent call first):
       [0] _process (res://addons/GdPlanningAI/gdpai_autoload.gd:21)
WARNING: [GdPAI] ObjectRef(1382643928884): object was freed before callback; returning Nil.
   at: gdplanningai_rust::logger::process_logs (src\logger.rs:66)
   GDScript backtrace (most recent call first):
       [0] _process (res://addons/GdPlanningAI/gdpai_autoload.gd:21)
[GdPAI | debug] ApplyEffect [Before] ID=InstanceId(-9223369169393657676): agent props = {"held_item": "wood", "hunger": 95.0603725, "entity": null}
[GdPAI | debug] ApplyEffect [After] ID=InstanceId(-9223369169393657676): agent props = {"held_item": "wood", "hunger": 95.0603725, "entity": null}
[GdPAI | debug]   Snapshotting prop: held_item = Str("wood") (Variant type: STRING)
[GdPAI | debug]   Snapshotting prop: hunger = Float(95.0603725) (Variant type: FLOAT)
[GdPAI | debug]   Snapshotting prop: entity = Nil (Variant type: NIL)
[GdPAI | debug] Discovery: Simulation success for Add Fuel. Agent props: {"entity": Nil, "hunger": Float(95.0603725), "held_item": Str("wood")}
[GdPAI | debug] Discovery: Action Add Fuel did NOT satisfy precond Builtin { target: Agent, operation: Equal, property_name: "held_item", value: Some(Str("")) }
WARNING: [GdPAI] ObjectRef(124621163998): object was freed before callback; returning Nil.
   at: gdplanningai_rust::logger::process_logs (src\logger.rs:66)
   GDScript backtrace (most recent call first):
       [0] _start_plan_and_wait (res://test/integration/test_campfire_example_smoke.gd:57)
WARNING: [GdPAI] ObjectRef(124134624705): object was freed before callback; returning Nil.
   at: gdplanningai_rust::logger::process_logs (src\logger.rs:66)
   GDScript backtrace (most recent call first):
       [0] _start_plan_and_wait (res://test/integration/test_campfire_example_smoke.gd:57)
WARNING: [GdPAI] ObjectRef(124134624705): object was freed before callback; returning Nil.
   at: gdplanningai_rust::logger::process_logs (src\logger.rs:66)
   GDScript backtrace (most recent call first):
       [0] _start_plan_and_wait (res://test/integration/test_campfire_example_smoke.gd:57)
[GdPAI | debug] ApplyEffect [Before] ID=InstanceId(-9223369168571574017): agent props = {"hunger": 70.0627442063492, "at_target": null, "entity": null, "held_item": ""}
[GdPAI | debug] ApplyEffect [After] ID=InstanceId(-9223369168571574017): agent props = {"hunger": 70.0627442063492, "at_target": null, "entity": null, "held_item": ""}
[GdPAI | debug]   Snapshotting prop: hunger = Float(70.0627442063492) (Variant type: FLOAT)
[GdPAI | debug]   Snapshotting prop: at_target = Nil (Variant type: NIL)
[GdPAI | debug]   Snapshotting prop: entity = Nil (Variant type: NIL)
[GdPAI | debug]   Snapshotting prop: held_item = Str("") (Variant type: STRING)
WARNING: [GdPAI] ObjectRef(1382643928884): object was freed before callback; returning Nil.
   at: gdplanningai_rust::logger::process_logs (src\logger.rs:66)
   GDScript backtrace (most recent call first):
       [0] _start_plan_and_wait (res://test/integration/test_campfire_example_smoke.gd:57)
WARNING: [GdPAI] ObjectRef(1382643928884): object was freed before callback; returning Nil.
   at: gdplanningai_rust::logger::process_logs (src\logger.rs:66)
   GDScript backtrace (most recent call first):
       [0] _start_plan_and_wait (res://test/integration/test_campfire_example_smoke.gd:57)
[GdPAI | debug] Discovery: Action Cook Potato failed validity check, skipping
[GdPAI | debug] Discovery: Starting simulation for action Pick Up Wood
WARNING: [GdPAI] ObjectRef(124621163998): object was freed before callback; returning Nil.
   at: gdplanningai_rust::logger::process_logs (src\logger.rs:66)
   GDScript backtrace (most recent call first):
       [0] _process (res://addons/GdPlanningAI/gdpai_autoload.gd:21)
WARNING: [GdPAI] ObjectRef(124134624705): object was freed before callback; returning Nil.
   at: gdplanningai_rust::logger::process_logs (src\logger.rs:66)
   GDScript backtrace (most recent call first):
       [0] _process (res://addons/GdPlanningAI/gdpai_autoload.gd:21)
WARNING: [GdPAI] ObjectRef(124134624705): object was freed before callback; returning Nil.
   at: gdplanningai_rust::logger::process_logs (src\logger.rs:66)
   GDScript backtrace (most recent call first):
       [0] _process (res://addons/GdPlanningAI/gdpai_autoload.gd:21)
[GdPAI | debug] GetCost: callable returned non-numeric value: null; returning INFINITY
WARNING: [GdPAI] ObjectRef(1382643928884): object was freed before callback; returning Nil.
   at: gdplanningai_rust::logger::process_logs (src\logger.rs:66)
   GDScript backtrace (most recent call first):
       [0] _process (res://addons/GdPlanningAI/gdpai_autoload.gd:21)
WARNING: [GdPAI] ObjectRef(1382643928884): object was freed before callback; returning Nil.
   at: gdplanningai_rust::logger::process_logs (src\logger.rs:66)
   GDScript backtrace (most recent call first):
       [0] _process (res://addons/GdPlanningAI/gdpai_autoload.gd:21)
[GdPAI | debug] GetCost: callable returned non-numeric value: null; returning INFINITY
WARNING: [GdPAI] ObjectRef(124621163998): object was freed before callback; returning Nil.
   at: gdplanningai_rust::logger::process_logs (src\logger.rs:66)
   GDScript backtrace (most recent call first):
       [0] _start_plan_and_wait (res://test/integration/test_campfire_example_smoke.gd:57)
WARNING: [GdPAI] ObjectRef(124134624705): object was freed before callback; returning Nil.
   at: gdplanningai_rust::logger::process_logs (src\logger.rs:66)
   GDScript backtrace (most recent call first):
       [0] _start_plan_and_wait (res://test/integration/test_campfire_example_smoke.gd:57)
WARNING: [GdPAI] ObjectRef(124134624705): object was freed before callback; returning Nil.
   at: gdplanningai_rust::logger::process_logs (src\logger.rs:66)
   GDScript backtrace (most recent call first):
       [0] _start_plan_and_wait (res://test/integration/test_campfire_example_smoke.gd:57)
[GdPAI | debug] ApplyEffect [Before] ID=InstanceId(-9223369165769778902): agent props = {"hunger": 70.0627442063492, "at_target": null, "entity": null, "held_item": ""}
[GdPAI | debug] ApplyEffect [After] ID=InstanceId(-9223369165769778902): agent props = {"hunger": 70.0627442063492, "at_target": null, "entity": null, "held_item": ""}
[GdPAI | debug]   Snapshotting prop: hunger = Float(70.0627442063492) (Variant type: FLOAT)
[GdPAI | debug]   Snapshotting prop: at_target = Nil (Variant type: NIL)
[GdPAI | debug]   Snapshotting prop: entity = Nil (Variant type: NIL)
[GdPAI | debug]   Snapshotting prop: held_item = Str("") (Variant type: STRING)
WARNING: [GdPAI] ObjectRef(1382643928884): object was freed before callback; returning Nil.
   at: gdplanningai_rust::logger::process_logs (src\logger.rs:66)
   GDScript backtrace (most recent call first):
       [0] _start_plan_and_wait (res://test/integration/test_campfire_example_smoke.gd:57)
WARNING: [GdPAI] ObjectRef(1382643928884): object was freed before callback; returning Nil.
   at: gdplanningai_rust::logger::process_logs (src\logger.rs:66)
   GDScript backtrace (most recent call first):
       [0] _start_plan_and_wait (res://test/integration/test_campfire_example_smoke.gd:57)
[GdPAI | debug] ApplyEffect [Before] ID=InstanceId(-9223369165199353558): agent props = {"hunger": 95.0603725, "held_item": "", "entity": null}
[GdPAI | debug] ApplyEffect [After] ID=InstanceId(-9223369165199353558): agent props = {"hunger": 95.0603725, "held_item": "", "entity": null}
[GdPAI | debug]   Snapshotting prop: hunger = Float(95.0603725) (Variant type: FLOAT)
[GdPAI | debug]   Snapshotting prop: held_item = Str("") (Variant type: STRING)
[GdPAI | debug]   Snapshotting prop: entity = Nil (Variant type: NIL)
[GdPAI | debug] Discovery: Simulation success for Pick Up Wood. Agent props: {"held_item": Str(""), "hunger": Float(95.0603725), "entity": Nil}
[GdPAI | debug] Discovery: Action Pick Up Wood satisfied precond Builtin { target: Agent, operation: Equal, property_name: "held_item", value: Some(Str("")) }
[GdPAI | debug] Found candidate: Pick Up Wood (satisfied preconds: [0], requirements: [])
[GdPAI | debug] Discovery: Starting simulation for action Pick Up Wood
WARNING: [GdPAI] ObjectRef(124621163998): object was freed before callback; returning Nil.
   at: gdplanningai_rust::logger::process_logs (src\logger.rs:66)
   GDScript backtrace (most recent call first):
       [0] _process (res://addons/GdPlanningAI/gdpai_autoload.gd:21)
[GdPAI | debug] GetCost: callable returned non-numeric value: null; returning INFINITY
WARNING: [GdPAI] ObjectRef(1382643928884): object was freed before callback; returning Nil.
   at: gdplanningai_rust::logger::process_logs (src\logger.rs:66)
   GDScript backtrace (most recent call first):
       [0] _process (res://addons/GdPlanningAI/gdpai_autoload.gd:21)
WARNING: [GdPAI] ObjectRef(1382643928884): object was freed before callback; returning Nil.
   at: gdplanningai_rust::logger::process_logs (src\logger.rs:66)
   GDScript backtrace (most recent call first):
       [0] _process (res://addons/GdPlanningAI/gdpai_autoload.gd:21)
[GdPAI | debug] GetCost: callable returned non-numeric value: null; returning INFINITY
WARNING: [GdPAI] ObjectRef(124621163998): object was freed before callback; returning Nil.
   at: gdplanningai_rust::logger::process_logs (src\logger.rs:66)
   GDScript backtrace (most recent call first):
       [0] _start_plan_and_wait (res://test/integration/test_campfire_example_smoke.gd:57)
[GdPAI | debug] ApplyEffect [Before] ID=InstanceId(-9223369163068647098): agent props = {"at_target": null, "hunger": 70.0627442063492, "entity": null, "held_item": "wood"}
[GdPAI | debug] ApplyEffect [After] ID=InstanceId(-9223369163068647098): agent props = {"at_target": null, "hunger": 70.0627442063492, "entity": null, "held_item": "wood"}
[GdPAI | debug]   Snapshotting prop: at_target = Nil (Variant type: NIL)
[GdPAI | debug]   Snapshotting prop: hunger = Float(70.0627442063492) (Variant type: FLOAT)
[GdPAI | debug]   Snapshotting prop: entity = Nil (Variant type: NIL)
[GdPAI | debug]   Snapshotting prop: held_item = Str("wood") (Variant type: STRING)
WARNING: [GdPAI] ObjectRef(1382643928884): object was freed before callback; returning Nil.
   at: gdplanningai_rust::logger::process_logs (src\logger.rs:66)
   GDScript backtrace (most recent call first):
       [0] _start_plan_and_wait (res://test/integration/test_campfire_example_smoke.gd:57)
WARNING: [GdPAI] ObjectRef(1382643928884): object was freed before callback; returning Nil.
   at: gdplanningai_rust::logger::process_logs (src\logger.rs:66)
   GDScript backtrace (most recent call first):
       [0] _start_plan_and_wait (res://test/integration/test_campfire_example_smoke.gd:57)
[GdPAI | debug] ApplyEffect [Before] ID=InstanceId(-9223369162498221754): agent props = {"held_item": "", "hunger": 95.0603725, "entity": null}
[GdPAI | debug] ApplyEffect [After] ID=InstanceId(-9223369162498221754): agent props = {"held_item": "", "hunger": 95.0603725, "entity": null}
[GdPAI | debug]   Snapshotting prop: held_item = Str("") (Variant type: STRING)
[GdPAI | debug]   Snapshotting prop: hunger = Float(95.0603725) (Variant type: FLOAT)
[GdPAI | debug]   Snapshotting prop: entity = Nil (Variant type: NIL)
[GdPAI | debug] Numeric comparison: 70.0627442063492 GreaterThan 0 -> true
[GdPAI | debug] Discovery: Simulation success for Pick Up Wood. Agent props: {"held_item": Str(""), "hunger": Float(95.0603725), "entity": Nil}
[GdPAI | debug] Discovery: Action Pick Up Wood satisfied precond Builtin { target: Agent, operation: Equal, property_name: "held_item", value: Some(Str("")) }
[GdPAI | debug] Found candidate: Pick Up Wood (satisfied preconds: [0], requirements: [])
[GdPAI | debug] Discovery: Starting simulation for action Pick Up Wood
WARNING: [GdPAI] ObjectRef(124621163998): object was freed before callback; returning Nil.
   at: gdplanningai_rust::logger::process_logs (src\logger.rs:66)
   GDScript backtrace (most recent call first):
       [0] _process (res://addons/GdPlanningAI/gdpai_autoload.gd:21)
WARNING: [GdPAI] ObjectRef(124621163998): object was freed before callback; returning Nil.
   at: gdplanningai_rust::logger::process_logs (src\logger.rs:66)
   GDScript backtrace (most recent call first):
       [0] _process (res://addons/GdPlanningAI/gdpai_autoload.gd:21)
WARNING: [GdPAI] ObjectRef(125359361544): object was freed before callback; returning Nil.
   at: gdplanningai_rust::logger::process_logs (src\logger.rs:66)
   GDScript backtrace (most recent call first):
       [0] _process (res://addons/GdPlanningAI/gdpai_autoload.gd:21)
WARNING: [GdPAI] ObjectRef(124587609564): object was freed before callback; returning Nil.
   at: gdplanningai_rust::logger::process_logs (src\logger.rs:66)
   GDScript backtrace (most recent call first):
       [0] _process (res://addons/GdPlanningAI/gdpai_autoload.gd:21)
WARNING: [GdPAI] ObjectRef(125359361544): object was freed before callback; returning Nil.
   at: gdplanningai_rust::logger::process_logs (src\logger.rs:66)
   GDScript backtrace (most recent call first):
       [0] _process (res://addons/GdPlanningAI/gdpai_autoload.gd:21)
WARNING: [GdPAI] ObjectRef(124587609564): object was freed before callback; returning Nil.
   at: gdplanningai_rust::logger::process_logs (src\logger.rs:66)
   GDScript backtrace (most recent call first):
       [0] _process (res://addons/GdPlanningAI/gdpai_autoload.gd:21)
[GdPAI | debug] GetCost: callable returned non-numeric value: null; returning INFINITY
WARNING: [GdPAI] ObjectRef(1382643928884): object was freed before callback; returning Nil.
   at: gdplanningai_rust::logger::process_logs (src\logger.rs:66)
   GDScript backtrace (most recent call first):
       [0] _process (res://addons/GdPlanningAI/gdpai_autoload.gd:21)
WARNING: [GdPAI] ObjectRef(1382643928884): object was freed before callback; returning Nil.
   at: gdplanningai_rust::logger::process_logs (src\logger.rs:66)
   GDScript backtrace (most recent call first):
       [0] _process (res://addons/GdPlanningAI/gdpai_autoload.gd:21)
[GdPAI | debug] GetCost: callable returned non-numeric value: null; returning INFINITY
WARNING: [GdPAI] ObjectRef(124621163998): object was freed before callback; returning Nil.
   at: gdplanningai_rust::logger::process_logs (src\logger.rs:66)
   GDScript backtrace (most recent call first):
       [0] _start_plan_and_wait (res://test/integration/test_campfire_example_smoke.gd:57)
WARNING: [GdPAI] ObjectRef(124621163998): object was freed before callback; returning Nil.
   at: gdplanningai_rust::logger::process_logs (src\logger.rs:66)
   GDScript backtrace (most recent call first):
       [0] _start_plan_and_wait (res://test/integration/test_campfire_example_smoke.gd:57)
WARNING: [GdPAI] ObjectRef(125359361544): object was freed before callback; returning Nil.
   at: gdplanningai_rust::logger::process_logs (src\logger.rs:66)
   GDScript backtrace (most recent call first):
       [0] _start_plan_and_wait (res://test/integration/test_campfire_example_smoke.gd:57)
WARNING: [GdPAI] ObjectRef(124587609564): object was freed before callback; returning Nil.
   at: gdplanningai_rust::logger::process_logs (src\logger.rs:66)
   GDScript backtrace (most recent call first):
       [0] _start_plan_and_wait (res://test/integration/test_campfire_example_smoke.gd:57)
WARNING: [GdPAI] ObjectRef(125359361544): object was freed before callback; returning Nil.
   at: gdplanningai_rust::logger::process_logs (src\logger.rs:66)
   GDScript backtrace (most recent call first):
       [0] _start_plan_and_wait (res://test/integration/test_campfire_example_smoke.gd:57)
WARNING: [GdPAI] ObjectRef(124587609564): object was freed before callback; returning Nil.
   at: gdplanningai_rust::logger::process_logs (src\logger.rs:66)
   GDScript backtrace (most recent call first):
       [0] _start_plan_and_wait (res://test/integration/test_campfire_example_smoke.gd:57)
[GdPAI | debug] ApplyEffect [Before] ID=InstanceId(-9223369160216520366): agent props = {"hunger": 70.0627442063492, "entity": null, "held_item": "", "at_target": null}
[GdPAI | debug] ApplyEffect [After] ID=InstanceId(-9223369160216520366): agent props = {"hunger": 70.0627442063492, "entity": null, "held_item": "", "at_target": null}
[GdPAI | debug]   Snapshotting prop: hunger = Float(70.0627442063492) (Variant type: FLOAT)
[GdPAI | debug]   Snapshotting prop: entity = Nil (Variant type: NIL)
[GdPAI | debug]   Snapshotting prop: held_item = Str("") (Variant type: STRING)
[GdPAI | debug]   Snapshotting prop: at_target = Nil (Variant type: NIL)
WARNING: [GdPAI] ObjectRef(1382643928884): object was freed before callback; returning Nil.
   at: gdplanningai_rust::logger::process_logs (src\logger.rs:66)
   GDScript backtrace (most recent call first):
       [0] _start_plan_and_wait (res://test/integration/test_campfire_example_smoke.gd:57)
WARNING: [GdPAI] ObjectRef(1382643928884): object was freed before callback; returning Nil.
   at: gdplanningai_rust::logger::process_logs (src\logger.rs:66)
   GDScript backtrace (most recent call first):
       [0] _start_plan_and_wait (res://test/integration/test_campfire_example_smoke.gd:57)
[GdPAI | debug] ApplyEffect [Before] ID=InstanceId(-9223369159646095022): agent props = {"held_item": "", "hunger": 95.0603725, "entity": null}
[GdPAI | debug] ApplyEffect [After] ID=InstanceId(-9223369159646095022): agent props = {"held_item": "", "hunger": 95.0603725, "entity": null}
[GdPAI | debug]   Snapshotting prop: held_item = Str("") (Variant type: STRING)
[GdPAI | debug]   Snapshotting prop: hunger = Float(95.0603725) (Variant type: FLOAT)
[GdPAI | debug]   Snapshotting prop: entity = Nil (Variant type: NIL)
[GdPAI | debug] Discovery: Simulation success for Pick Up Wood. Agent props: {"held_item": Str(""), "hunger": Float(95.0603725), "entity": Nil}
[GdPAI | debug] Discovery: Action Pick Up Wood satisfied precond Builtin { target: Agent, operation: Equal, property_name: "held_item", value: Some(Str("")) }
[GdPAI | debug] Found candidate: Pick Up Wood (satisfied preconds: [0], requirements: [])
[GdPAI | debug] Discovery: Starting simulation for action Pick Up Wood
WARNING: [GdPAI] ObjectRef(124621163998): object was freed before callback; returning Nil.
   at: gdplanningai_rust::logger::process_logs (src\logger.rs:66)
   GDScript backtrace (most recent call first):
       [0] _process (res://addons/GdPlanningAI/gdpai_autoload.gd:21)
WARNING: [GdPAI] ObjectRef(124587609564): object was freed before callback; returning Nil.
   at: gdplanningai_rust::logger::process_logs (src\logger.rs:66)
   GDScript backtrace (most recent call first):
       [0] _process (res://addons/GdPlanningAI/gdpai_autoload.gd:21)
WARNING: [GdPAI] ObjectRef(124587609564): object was freed before callback; returning Nil.
   at: gdplanningai_rust::logger::process_logs (src\logger.rs:66)
   GDScript backtrace (most recent call first):
       [0] _process (res://addons/GdPlanningAI/gdpai_autoload.gd:21)
[GdPAI | debug] GetCost: callable returned non-numeric value: null; returning INFINITY
WARNING: [GdPAI] ObjectRef(1382643928884): object was freed before callback; returning Nil.
   at: gdplanningai_rust::logger::process_logs (src\logger.rs:66)
   GDScript backtrace (most recent call first):
       [0] _process (res://addons/GdPlanningAI/gdpai_autoload.gd:21)
WARNING: [GdPAI] ObjectRef(1382643928884): object was freed before callback; returning Nil.
   at: gdplanningai_rust::logger::process_logs (src\logger.rs:66)
   GDScript backtrace (most recent call first):
       [0] _process (res://addons/GdPlanningAI/gdpai_autoload.gd:21)
[GdPAI | debug] GetCost: callable returned non-numeric value: null; returning INFINITY
WARNING: [GdPAI] ObjectRef(124621163998): object was freed before callback; returning Nil.
   at: gdplanningai_rust::logger::process_logs (src\logger.rs:66)
   GDScript backtrace (most recent call first):
       [0] _start_plan_and_wait (res://test/integration/test_campfire_example_smoke.gd:57)
WARNING: [GdPAI] ObjectRef(124587609564): object was freed before callback; returning Nil.
   at: gdplanningai_rust::logger::process_logs (src\logger.rs:66)
   GDScript backtrace (most recent call first):
       [0] _start_plan_and_wait (res://test/integration/test_campfire_example_smoke.gd:57)
WARNING: [GdPAI] ObjectRef(124587609564): object was freed before callback; returning Nil.
   at: gdplanningai_rust::logger::process_logs (src\logger.rs:66)
   GDScript backtrace (most recent call first):
       [0] _start_plan_and_wait (res://test/integration/test_campfire_example_smoke.gd:57)
[GdPAI | debug] ApplyEffect [Before] ID=InstanceId(-9223369157263730317): agent props = {"at_target": null, "held_item": "", "entity": null, "hunger": 70.0627442063492}
[GdPAI | debug] ApplyEffect [After] ID=InstanceId(-9223369157263730317): agent props = {"at_target": null, "held_item": "", "entity": null, "hunger": 70.0627442063492}
[GdPAI | debug]   Snapshotting prop: at_target = Nil (Variant type: NIL)
[GdPAI | debug]   Snapshotting prop: held_item = Str("") (Variant type: STRING)
[GdPAI | debug]   Snapshotting prop: entity = Nil (Variant type: NIL)
[GdPAI | debug]   Snapshotting prop: hunger = Float(70.0627442063492) (Variant type: FLOAT)
WARNING: [GdPAI] ObjectRef(1382643928884): object was freed before callback; returning Nil.
   at: gdplanningai_rust::logger::process_logs (src\logger.rs:66)
   GDScript backtrace (most recent call first):
       [0] _start_plan_and_wait (res://test/integration/test_campfire_example_smoke.gd:57)
WARNING: [GdPAI] ObjectRef(1382643928884): object was freed before callback; returning Nil.
   at: gdplanningai_rust::logger::process_logs (src\logger.rs:66)
   GDScript backtrace (most recent call first):
       [0] _start_plan_and_wait (res://test/integration/test_campfire_example_smoke.gd:57)
[GdPAI | debug] ApplyEffect [Before] ID=InstanceId(-9223369156693304973): agent props = {"hunger": 95.0603725, "held_item": "", "entity": null}
[GdPAI | debug] ApplyEffect [After] ID=InstanceId(-9223369156693304973): agent props = {"hunger": 95.0603725, "held_item": "", "entity": null}
[GdPAI | debug]   Snapshotting prop: hunger = Float(95.0603725) (Variant type: FLOAT)
[GdPAI | debug]   Snapshotting prop: held_item = Str("") (Variant type: STRING)
[GdPAI | debug]   Snapshotting prop: entity = Nil (Variant type: NIL)
[GdPAI | debug] Discovery: Simulation success for Pick Up Wood. Agent props: {"hunger": Float(95.0603725), "entity": Nil, "held_item": Str("")}
[GdPAI | debug] Discovery: Action Pick Up Wood satisfied precond Builtin { target: Agent, operation: Equal, property_name: "held_item", value: Some(Str("")) }
[GdPAI | debug] Found candidate: Pick Up Wood (satisfied preconds: [0], requirements: [])
WARNING: [GdPAI] ObjectRef(124621163998): object was freed before callback; returning Nil.
   at: gdplanningai_rust::logger::process_logs (src\logger.rs:66)
   GDScript backtrace (most recent call first):
       [0] _process (res://addons/GdPlanningAI/gdpai_autoload.gd:21)
WARNING: [GdPAI] ObjectRef(125359361544): object was freed before callback; returning Nil.
   at: gdplanningai_rust::logger::process_logs (src\logger.rs:66)
   GDScript backtrace (most recent call first):
       [0] _process (res://addons/GdPlanningAI/gdpai_autoload.gd:21)
WARNING: [GdPAI] ObjectRef(125359361544): object was freed before callback; returning Nil.
   at: gdplanningai_rust::logger::process_logs (src\logger.rs:66)
   GDScript backtrace (most recent call first):
       [0] _process (res://addons/GdPlanningAI/gdpai_autoload.gd:21)
[GdPAI | debug] GetCost: callable returned non-numeric value: null; returning INFINITY
WARNING: [GdPAI] ObjectRef(1382643928884): object was freed before callback; returning Nil.
   at: gdplanningai_rust::logger::process_logs (src\logger.rs:66)
   GDScript backtrace (most recent call first):
       [0] _process (res://addons/GdPlanningAI/gdpai_autoload.gd:21)
WARNING: [GdPAI] ObjectRef(1382643928884): object was freed before callback; returning Nil.
   at: gdplanningai_rust::logger::process_logs (src\logger.rs:66)
   GDScript backtrace (most recent call first):
       [0] _process (res://addons/GdPlanningAI/gdpai_autoload.gd:21)
[GdPAI | debug] Discovery: Action Dig Potato failed validity check, skipping
WARNING: [GdPAI] ObjectRef(124621163998): object was freed before callback; returning Nil.
   at: gdplanningai_rust::logger::process_logs (src\logger.rs:66)
   GDScript backtrace (most recent call first):
       [0] _start_plan_and_wait (res://test/integration/test_campfire_example_smoke.gd:57)
WARNING: [GdPAI] ObjectRef(125359361544): object was freed before callback; returning Nil.
   at: gdplanningai_rust::logger::process_logs (src\logger.rs:66)
   GDScript backtrace (most recent call first):
       [0] _start_plan_and_wait (res://test/integration/test_campfire_example_smoke.gd:57)
WARNING: [GdPAI] ObjectRef(125359361544): object was freed before callback; returning Nil.
   at: gdplanningai_rust::logger::process_logs (src\logger.rs:66)
   GDScript backtrace (most recent call first):
       [0] _start_plan_and_wait (res://test/integration/test_campfire_example_smoke.gd:57)
[GdPAI | debug] ApplyEffect [Before] ID=InstanceId(-9223369154461935202): agent props = {"entity": null, "held_item": "", "at_target": null, "hunger": 70.0627442063492}
[GdPAI | debug] ApplyEffect [After] ID=InstanceId(-9223369154461935202): agent props = {"entity": null, "held_item": "", "at_target": null, "hunger": 70.0627442063492}
[GdPAI | debug]   Snapshotting prop: entity = Nil (Variant type: NIL)
[GdPAI | debug]   Snapshotting prop: held_item = Str("") (Variant type: STRING)
[GdPAI | debug]   Snapshotting prop: at_target = Nil (Variant type: NIL)
[GdPAI | debug]   Snapshotting prop: hunger = Float(70.0627442063492) (Variant type: FLOAT)
WARNING: [GdPAI] ObjectRef(1382643928884): object was freed before callback; returning Nil.
   at: gdplanningai_rust::logger::process_logs (src\logger.rs:66)
   GDScript backtrace (most recent call first):
       [0] _start_plan_and_wait (res://test/integration/test_campfire_example_smoke.gd:57)
WARNING: [GdPAI] ObjectRef(1382643928884): object was freed before callback; returning Nil.
   at: gdplanningai_rust::logger::process_logs (src\logger.rs:66)
   GDScript backtrace (most recent call first):
       [0] _start_plan_and_wait (res://test/integration/test_campfire_example_smoke.gd:57)
[GdPAI | debug] Discovery: Action Dig Potato failed validity check, skipping
WARNING: [GdPAI] ObjectRef(124621163998): object was freed before callback; returning Nil.
   at: gdplanningai_rust::logger::process_logs (src\logger.rs:66)
   GDScript backtrace (most recent call first):
       [0] _process (res://addons/GdPlanningAI/gdpai_autoload.gd:21)
WARNING: [GdPAI] ObjectRef(124134624705): object was freed before callback; returning Nil.
   at: gdplanningai_rust::logger::process_logs (src\logger.rs:66)
   GDScript backtrace (most recent call first):
       [0] _process (res://addons/GdPlanningAI/gdpai_autoload.gd:21)
WARNING: [GdPAI] ObjectRef(124134624705): object was freed before callback; returning Nil.
   at: gdplanningai_rust::logger::process_logs (src\logger.rs:66)
   GDScript backtrace (most recent call first):
       [0] _process (res://addons/GdPlanningAI/gdpai_autoload.gd:21)
[GdPAI | debug] GetCost: callable returned non-numeric value: null; returning INFINITY
WARNING: [GdPAI] ObjectRef(1382643928884): object was freed before callback; returning Nil.
   at: gdplanningai_rust::logger::process_logs (src\logger.rs:66)
   GDScript backtrace (most recent call first):
       [0] _process (res://addons/GdPlanningAI/gdpai_autoload.gd:21)
WARNING: [GdPAI] ObjectRef(1382643928884): object was freed before callback; returning Nil.
   at: gdplanningai_rust::logger::process_logs (src\logger.rs:66)
   GDScript backtrace (most recent call first):
       [0] _process (res://addons/GdPlanningAI/gdpai_autoload.gd:21)
[GdPAI | debug] Discovery: Action Dig Potato failed validity check, skipping
WARNING: [GdPAI] ObjectRef(124621163998): object was freed before callback; returning Nil.
   at: gdplanningai_rust::logger::process_logs (src\logger.rs:66)
   GDScript backtrace (most recent call first):
       [0] _start_plan_and_wait (res://test/integration/test_campfire_example_smoke.gd:57)
WARNING: [GdPAI] ObjectRef(124134624705): object was freed before callback; returning Nil.
   at: gdplanningai_rust::logger::process_logs (src\logger.rs:66)
   GDScript backtrace (most recent call first):
       [0] _start_plan_and_wait (res://test/integration/test_campfire_example_smoke.gd:57)
WARNING: [GdPAI] ObjectRef(124134624705): object was freed before callback; returning Nil.
   at: gdplanningai_rust::logger::process_logs (src\logger.rs:66)
   GDScript backtrace (most recent call first):
       [0] _start_plan_and_wait (res://test/integration/test_campfire_example_smoke.gd:57)
[GdPAI | debug] ApplyEffect [Before] ID=InstanceId(-9223369151660140111): agent props = {"entity": null, "held_item": "", "at_target": null, "hunger": 70.0627442063492}
[GdPAI | debug] ApplyEffect [After] ID=InstanceId(-9223369151660140111): agent props = {"entity": null, "held_item": "", "at_target": null, "hunger": 70.0627442063492}
[GdPAI | debug]   Snapshotting prop: entity = Nil (Variant type: NIL)
[GdPAI | debug]   Snapshotting prop: held_item = Str("") (Variant type: STRING)
[GdPAI | debug]   Snapshotting prop: at_target = Nil (Variant type: NIL)
[GdPAI | debug]   Snapshotting prop: hunger = Float(70.0627442063492) (Variant type: FLOAT)
WARNING: [GdPAI] ObjectRef(1382643928884): object was freed before callback; returning Nil.
   at: gdplanningai_rust::logger::process_logs (src\logger.rs:66)
   GDScript backtrace (most recent call first):
       [0] _start_plan_and_wait (res://test/integration/test_campfire_example_smoke.gd:57)
WARNING: [GdPAI] ObjectRef(1382643928884): object was freed before callback; returning Nil.
   at: gdplanningai_rust::logger::process_logs (src\logger.rs:66)
   GDScript backtrace (most recent call first):
       [0] _start_plan_and_wait (res://test/integration/test_campfire_example_smoke.gd:57)
[GdPAI | debug] Discovery: Action Dig Potato failed validity check, skipping
WARNING: [GdPAI] ObjectRef(124621163998): object was freed before callback; returning Nil.
   at: gdplanningai_rust::logger::process_logs (src\logger.rs:66)
   GDScript backtrace (most recent call first):
       [0] _process (res://addons/GdPlanningAI/gdpai_autoload.gd:21)
WARNING: [GdPAI] ObjectRef(124134624705): object was freed before callback; returning Nil.
   at: gdplanningai_rust::logger::process_logs (src\logger.rs:66)
   GDScript backtrace (most recent call first):
       [0] _process (res://addons/GdPlanningAI/gdpai_autoload.gd:21)
WARNING: [GdPAI] ObjectRef(124134624705): object was freed before callback; returning Nil.
   at: gdplanningai_rust::logger::process_logs (src\logger.rs:66)
   GDScript backtrace (most recent call first):
       [0] _process (res://addons/GdPlanningAI/gdpai_autoload.gd:21)
[GdPAI | debug] GetCost: callable returned non-numeric value: null; returning INFINITY
WARNING: [GdPAI] ObjectRef(1382643928884): object was freed before callback; returning Nil.
   at: gdplanningai_rust::logger::process_logs (src\logger.rs:66)
   GDScript backtrace (most recent call first):
       [0] _process (res://addons/GdPlanningAI/gdpai_autoload.gd:21)
WARNING: [GdPAI] ObjectRef(1382643928884): object was freed before callback; returning Nil.
   at: gdplanningai_rust::logger::process_logs (src\logger.rs:66)
   GDScript backtrace (most recent call first):
       [0] _process (res://addons/GdPlanningAI/gdpai_autoload.gd:21)
[GdPAI | debug] Discovery: Action Dig Potato failed validity check, skipping
WARNING: [GdPAI] ObjectRef(124621163998): object was freed before callback; returning Nil.
   at: gdplanningai_rust::logger::process_logs (src\logger.rs:66)
   GDScript backtrace (most recent call first):
       [0] _start_plan_and_wait (res://test/integration/test_campfire_example_smoke.gd:57)
WARNING: [GdPAI] ObjectRef(124134624705): object was freed before callback; returning Nil.
   at: gdplanningai_rust::logger::process_logs (src\logger.rs:66)
   GDScript backtrace (most recent call first):
       [0] _start_plan_and_wait (res://test/integration/test_campfire_example_smoke.gd:57)
WARNING: [GdPAI] ObjectRef(124134624705): object was freed before callback; returning Nil.
   at: gdplanningai_rust::logger::process_logs (src\logger.rs:66)
   GDScript backtrace (most recent call first):
       [0] _start_plan_and_wait (res://test/integration/test_campfire_example_smoke.gd:57)
[GdPAI | debug] ApplyEffect [Before] ID=InstanceId(-9223369148858345040): agent props = {"at_target": null, "hunger": 70.0627442063492, "entity": null, "held_item": ""}
[GdPAI | debug] ApplyEffect [After] ID=InstanceId(-9223369148858345040): agent props = {"at_target": null, "hunger": 70.0627442063492, "entity": null, "held_item": ""}
[GdPAI | debug]   Snapshotting prop: at_target = Nil (Variant type: NIL)
[GdPAI | debug]   Snapshotting prop: hunger = Float(70.0627442063492) (Variant type: FLOAT)
[GdPAI | debug]   Snapshotting prop: entity = Nil (Variant type: NIL)
[GdPAI | debug]   Snapshotting prop: held_item = Str("") (Variant type: STRING)
WARNING: [GdPAI] ObjectRef(1382643928884): object was freed before callback; returning Nil.
   at: gdplanningai_rust::logger::process_logs (src\logger.rs:66)
   GDScript backtrace (most recent call first):
       [0] _start_plan_and_wait (res://test/integration/test_campfire_example_smoke.gd:57)
WARNING: [GdPAI] ObjectRef(1382643928884): object was freed before callback; returning Nil.
   at: gdplanningai_rust::logger::process_logs (src\logger.rs:66)
   GDScript backtrace (most recent call first):
       [0] _start_plan_and_wait (res://test/integration/test_campfire_example_smoke.gd:57)
WARNING: [GdPAI] ObjectRef(1383650561484): object was freed before callback; returning Nil.
   at: gdplanningai_rust::logger::process_logs (src\logger.rs:66)
   GDScript backtrace (most recent call first):
       [0] _start_plan_and_wait (res://test/integration/test_campfire_example_smoke.gd:57)
WARNING: [GdPAI] ObjectRef(1383650561484): object was freed before callback; returning Nil.
   at: gdplanningai_rust::logger::process_logs (src\logger.rs:66)
   GDScript backtrace (most recent call first):
       [0] _start_plan_and_wait (res://test/integration/test_campfire_example_smoke.gd:57)
[GdPAI | debug] GetCost: callable returned non-numeric value: null; returning INFINITY
WARNING: [GdPAI] ObjectRef(124621163998): object was freed before callback; returning Nil.
   at: gdplanningai_rust::logger::process_logs (src\logger.rs:66)
   GDScript backtrace (most recent call first):
       [0] _process (res://addons/GdPlanningAI/gdpai_autoload.gd:21)
[GdPAI | debug] GetCost: callable returned non-numeric value: null; returning INFINITY
WARNING: [GdPAI] ObjectRef(1382643928884): object was freed before callback; returning Nil.
   at: gdplanningai_rust::logger::process_logs (src\logger.rs:66)
   GDScript backtrace (most recent call first):
       [0] _process (res://addons/GdPlanningAI/gdpai_autoload.gd:21)
WARNING: [GdPAI] ObjectRef(1382643928884): object was freed before callback; returning Nil.
   at: gdplanningai_rust::logger::process_logs (src\logger.rs:66)
   GDScript backtrace (most recent call first):
       [0] _process (res://addons/GdPlanningAI/gdpai_autoload.gd:21)
WARNING: [GdPAI] ObjectRef(1383650561484): object was freed before callback; returning Nil.
   at: gdplanningai_rust::logger::process_logs (src\logger.rs:66)
   GDScript backtrace (most recent call first):
       [0] _process (res://addons/GdPlanningAI/gdpai_autoload.gd:21)
WARNING: [GdPAI] ObjectRef(1383650561484): object was freed before callback; returning Nil.
   at: gdplanningai_rust::logger::process_logs (src\logger.rs:66)
   GDScript backtrace (most recent call first):
       [0] _process (res://addons/GdPlanningAI/gdpai_autoload.gd:21)
[GdPAI | debug] ApplyEffect [Before] ID=InstanceId(-9223369146777970222): agent props = {"held_item": "", "at_target": null, "hunger": 95.0603725, "entity": null}
[GdPAI | debug] ApplyEffect [After] ID=InstanceId(-9223369146777970222): agent props = {"held_item": "", "at_target": null, "hunger": 95.0603725, "entity": null}
[GdPAI | debug]   Snapshotting prop: held_item = Str("") (Variant type: STRING)
[GdPAI | debug]   Snapshotting prop: at_target = Nil (Variant type: NIL)
[GdPAI | debug]   Snapshotting prop: hunger = Float(95.0603725) (Variant type: FLOAT)
[GdPAI | debug]   Snapshotting prop: entity = Nil (Variant type: NIL)
WARNING: [GdPAI] ObjectRef(124621163998): object was freed before callback; returning Nil.
   at: gdplanningai_rust::logger::process_logs (src\logger.rs:66)
   GDScript backtrace (most recent call first):
       [0] _start_plan_and_wait (res://test/integration/test_campfire_example_smoke.gd:57)
[GdPAI | debug] ApplyEffect [Before] ID=InstanceId(-9223369145955886584): agent props = {"hunger": 70.0627442063492, "entity": null, "at_target": null, "held_item": "wood"}
[GdPAI | debug] ApplyEffect [After] ID=InstanceId(-9223369145955886584): agent props = {"hunger": 70.0627442063492, "entity": null, "at_target": null, "held_item": "wood"}
[GdPAI | debug]   Snapshotting prop: hunger = Float(70.0627442063492) (Variant type: FLOAT)
[GdPAI | debug]   Snapshotting prop: entity = Nil (Variant type: NIL)
[GdPAI | debug]   Snapshotting prop: at_target = Nil (Variant type: NIL)
[GdPAI | debug]   Snapshotting prop: held_item = Str("wood") (Variant type: STRING)
WARNING: [GdPAI] ObjectRef(1382643928884): object was freed before callback; returning Nil.
   at: gdplanningai_rust::logger::process_logs (src\logger.rs:66)
   GDScript backtrace (most recent call first):
       [0] _start_plan_and_wait (res://test/integration/test_campfire_example_smoke.gd:57)
WARNING: [GdPAI] ObjectRef(1383650561484): object was freed before callback; returning Nil.
   at: gdplanningai_rust::logger::process_logs (src\logger.rs:66)
   GDScript backtrace (most recent call first):
       [0] _start_plan_and_wait (res://test/integration/test_campfire_example_smoke.gd:57)
WARNING: [GdPAI] ObjectRef(1383650561484): object was freed before callback; returning Nil.
   at: gdplanningai_rust::logger::process_logs (src\logger.rs:66)
   GDScript backtrace (most recent call first):
       [0] _start_plan_and_wait (res://test/integration/test_campfire_example_smoke.gd:57)
[GdPAI | debug] GetCost: callable returned non-numeric value: null; returning INFINITY
WARNING: [GdPAI] ObjectRef(124621163998): object was freed before callback; returning Nil.
   at: gdplanningai_rust::logger::process_logs (src\logger.rs:66)
   GDScript backtrace (most recent call first):
       [0] _process (res://addons/GdPlanningAI/gdpai_autoload.gd:21)
WARNING: [GdPAI] ObjectRef(124621163998): object was freed before callback; returning Nil.
   at: gdplanningai_rust::logger::process_logs (src\logger.rs:66)
   GDScript backtrace (most recent call first):
       [0] _process (res://addons/GdPlanningAI/gdpai_autoload.gd:21)
[GdPAI | debug] GetCost: callable returned non-numeric value: null; returning INFINITY
WARNING: [GdPAI] ObjectRef(1382643928884): object was freed before callback; returning Nil.
   at: gdplanningai_rust::logger::process_logs (src\logger.rs:66)
   GDScript backtrace (most recent call first):
       [0] _process (res://addons/GdPlanningAI/gdpai_autoload.gd:21)
WARNING: [GdPAI] ObjectRef(1383650561484): object was freed before callback; returning Nil.
   at: gdplanningai_rust::logger::process_logs (src\logger.rs:66)
   GDScript backtrace (most recent call first):
       [0] _process (res://addons/GdPlanningAI/gdpai_autoload.gd:21)
WARNING: [GdPAI] ObjectRef(1383650561484): object was freed before callback; returning Nil.
   at: gdplanningai_rust::logger::process_logs (src\logger.rs:66)
   GDScript backtrace (most recent call first):
       [0] _process (res://addons/GdPlanningAI/gdpai_autoload.gd:21)
[GdPAI | debug] ApplyEffect [Before] ID=InstanceId(-9223369144026506796): agent props = {"at_target": null, "held_item": "", "entity": null, "hunger": 95.0603725}
[GdPAI | debug] ApplyEffect [After] ID=InstanceId(-9223369144026506796): agent props = {"at_target": null, "held_item": "", "entity": null, "hunger": 95.0603725}
[GdPAI | debug]   Snapshotting prop: at_target = Nil (Variant type: NIL)
[GdPAI | debug]   Snapshotting prop: held_item = Str("") (Variant type: STRING)
[GdPAI | debug]   Snapshotting prop: entity = Nil (Variant type: NIL)
[GdPAI | debug]   Snapshotting prop: hunger = Float(95.0603725) (Variant type: FLOAT)
WARNING: [GdPAI] ObjectRef(124621163998): object was freed before callback; returning Nil.
   at: gdplanningai_rust::logger::process_logs (src\logger.rs:66)
   GDScript backtrace (most recent call first):
       [0] _start_plan_and_wait (res://test/integration/test_campfire_example_smoke.gd:57)
WARNING: [GdPAI] ObjectRef(124621163998): object was freed before callback; returning Nil.
   at: gdplanningai_rust::logger::process_logs (src\logger.rs:66)
   GDScript backtrace (most recent call first):
       [0] _start_plan_and_wait (res://test/integration/test_campfire_example_smoke.gd:57)
[GdPAI | debug] ApplyEffect [Before] ID=InstanceId(-9223369143204423141): agent props = {"held_item": "", "hunger": 70.0627442063492, "entity": null}
[GdPAI | debug] ApplyEffect [After] ID=InstanceId(-9223369143204423141): agent props = {"held_item": "", "hunger": 70.0627442063492, "entity": null}
[GdPAI | debug]   Snapshotting prop: held_item = Str("") (Variant type: STRING)
[GdPAI | debug]   Snapshotting prop: hunger = Float(70.0627442063492) (Variant type: FLOAT)
[GdPAI | debug]   Snapshotting prop: entity = Nil (Variant type: NIL)
WARNING: [GdPAI] ObjectRef(1382643928884): object was freed before callback; returning Nil.
   at: gdplanningai_rust::logger::process_logs (src\logger.rs:66)
   GDScript backtrace (most recent call first):
       [0] _start_plan_and_wait (res://test/integration/test_campfire_example_smoke.gd:57)
WARNING: [GdPAI] ObjectRef(1382157389614): object was freed before callback; returning Nil.
   at: gdplanningai_rust::logger::process_logs (src\logger.rs:66)
   GDScript backtrace (most recent call first):
       [0] _start_plan_and_wait (res://test/integration/test_campfire_example_smoke.gd:57)
WARNING: [GdPAI] ObjectRef(1382157389614): object was freed before callback; returning Nil.
   at: gdplanningai_rust::logger::process_logs (src\logger.rs:66)
   GDScript backtrace (most recent call first):
       [0] _start_plan_and_wait (res://test/integration/test_campfire_example_smoke.gd:57)
[GdPAI | debug] GetCost: callable returned non-numeric value: null; returning INFINITY
WARNING: [GdPAI] ObjectRef(124621163998): object was freed before callback; returning Nil.
   at: gdplanningai_rust::logger::process_logs (src\logger.rs:66)
   GDScript backtrace (most recent call first):
       [0] _process (res://addons/GdPlanningAI/gdpai_autoload.gd:21)
[GdPAI | debug] GetCost: callable returned non-numeric value: null; returning INFINITY
WARNING: [GdPAI] ObjectRef(1382643928884): object was freed before callback; returning Nil.
   at: gdplanningai_rust::logger::process_logs (src\logger.rs:66)
   GDScript backtrace (most recent call first):
       [0] _process (res://addons/GdPlanningAI/gdpai_autoload.gd:21)
WARNING: [GdPAI] ObjectRef(1382157389614): object was freed before callback; returning Nil.
   at: gdplanningai_rust::logger::process_logs (src\logger.rs:66)
   GDScript backtrace (most recent call first):
       [0] _process (res://addons/GdPlanningAI/gdpai_autoload.gd:21)
WARNING: [GdPAI] ObjectRef(1382157389614): object was freed before callback; returning Nil.
   at: gdplanningai_rust::logger::process_logs (src\logger.rs:66)
   GDScript backtrace (most recent call first):
       [0] _process (res://addons/GdPlanningAI/gdpai_autoload.gd:21)
[GdPAI | debug] ApplyEffect [Before] ID=InstanceId(-9223369141224711660): agent props = {"at_target": null, "held_item": "", "entity": null, "hunger": 95.0603725}
[GdPAI | debug] ApplyEffect [After] ID=InstanceId(-9223369141224711660): agent props = {"at_target": null, "held_item": "", "entity": null, "hunger": 95.0603725}
[GdPAI | debug]   Snapshotting prop: at_target = Nil (Variant type: NIL)
[GdPAI | debug]   Snapshotting prop: held_item = Str("") (Variant type: STRING)
[GdPAI | debug]   Snapshotting prop: entity = Nil (Variant type: NIL)
[GdPAI | debug]   Snapshotting prop: hunger = Float(95.0603725) (Variant type: FLOAT)
WARNING: [GdPAI] ObjectRef(124621163998): object was freed before callback; returning Nil.
   at: gdplanningai_rust::logger::process_logs (src\logger.rs:66)
   GDScript backtrace (most recent call first):
       [0] _start_plan_and_wait (res://test/integration/test_campfire_example_smoke.gd:57)
[GdPAI | debug] ApplyEffect [Before] ID=InstanceId(-9223369140452959683): agent props = {"hunger": 70.0627442063492, "entity": null, "held_item": ""}
[GdPAI | debug] ApplyEffect [After] ID=InstanceId(-9223369140452959683): agent props = {"hunger": 70.0627442063492, "entity": null, "held_item": ""}
[GdPAI | debug]   Snapshotting prop: hunger = Float(70.0627442063492) (Variant type: FLOAT)
[GdPAI | debug]   Snapshotting prop: entity = Nil (Variant type: NIL)
[GdPAI | debug]   Snapshotting prop: held_item = Str("") (Variant type: STRING)
WARNING: [GdPAI] ObjectRef(1382643928884): object was freed before callback; returning Nil.
   at: gdplanningai_rust::logger::process_logs (src\logger.rs:66)
   GDScript backtrace (most recent call first):
       [0] _start_plan_and_wait (res://test/integration/test_campfire_example_smoke.gd:57)
WARNING: [GdPAI] ObjectRef(1382157389614): object was freed before callback; returning Nil.
   at: gdplanningai_rust::logger::process_logs (src\logger.rs:66)
   GDScript backtrace (most recent call first):
       [0] _start_plan_and_wait (res://test/integration/test_campfire_example_smoke.gd:57)
WARNING: [GdPAI] ObjectRef(1382157389614): object was freed before callback; returning Nil.
   at: gdplanningai_rust::logger::process_logs (src\logger.rs:66)
   GDScript backtrace (most recent call first):
       [0] _start_plan_and_wait (res://test/integration/test_campfire_example_smoke.gd:57)
[GdPAI | debug] GetCost: callable returned non-numeric value: null; returning INFINITY
WARNING: [GdPAI] ObjectRef(124621163998): object was freed before callback; returning Nil.
   at: gdplanningai_rust::logger::process_logs (src\logger.rs:66)
   GDScript backtrace (most recent call first):
       [0] _process (res://addons/GdPlanningAI/gdpai_autoload.gd:21)
[GdPAI | debug] GetCost: callable returned non-numeric value: null; returning INFINITY
WARNING: [GdPAI] ObjectRef(1382643928884): object was freed before callback; returning Nil.
   at: gdplanningai_rust::logger::process_logs (src\logger.rs:66)
   GDScript backtrace (most recent call first):
       [0] _process (res://addons/GdPlanningAI/gdpai_autoload.gd:21)
WARNING: [GdPAI] ObjectRef(1382157389614): object was freed before callback; returning Nil.
   at: gdplanningai_rust::logger::process_logs (src\logger.rs:66)
   GDScript backtrace (most recent call first):
       [0] _process (res://addons/GdPlanningAI/gdpai_autoload.gd:21)
WARNING: [GdPAI] ObjectRef(1382157389614): object was freed before callback; returning Nil.
   at: gdplanningai_rust::logger::process_logs (src\logger.rs:66)
   GDScript backtrace (most recent call first):
       [0] _process (res://addons/GdPlanningAI/gdpai_autoload.gd:21)
[GdPAI | debug] ApplyEffect [Before] ID=InstanceId(-9223369138523579888): agent props = {"at_target": null, "held_item": "", "hunger": 95.0603725, "entity": null}
[GdPAI | debug] ApplyEffect [After] ID=InstanceId(-9223369138523579888): agent props = {"at_target": null, "held_item": "", "hunger": 95.0603725, "entity": null}
[GdPAI | debug]   Snapshotting prop: at_target = Nil (Variant type: NIL)
[GdPAI | debug]   Snapshotting prop: held_item = Str("") (Variant type: STRING)
[GdPAI | debug]   Snapshotting prop: hunger = Float(95.0603725) (Variant type: FLOAT)
[GdPAI | debug]   Snapshotting prop: entity = Nil (Variant type: NIL)
WARNING: [GdPAI] ObjectRef(124621163998): object was freed before callback; returning Nil.
   at: gdplanningai_rust::logger::process_logs (src\logger.rs:66)
   GDScript backtrace (most recent call first):
       [0] _start_plan_and_wait (res://test/integration/test_campfire_example_smoke.gd:57)
[GdPAI | debug] ApplyEffect [Before] ID=InstanceId(-9223369137751827889): agent props = {"hunger": 70.0627442063492, "entity": null, "held_item": ""}
[GdPAI | debug] ApplyEffect [After] ID=InstanceId(-9223369137751827889): agent props = {"hunger": 70.0627442063492, "entity": null, "held_item": ""}
[GdPAI | debug]   Snapshotting prop: hunger = Float(70.0627442063492) (Variant type: FLOAT)
[GdPAI | debug]   Snapshotting prop: entity = Nil (Variant type: NIL)
[GdPAI | debug]   Snapshotting prop: held_item = Str("") (Variant type: STRING)
WARNING: [GdPAI] ObjectRef(1382643928884): object was freed before callback; returning Nil.
   at: gdplanningai_rust::logger::process_logs (src\logger.rs:66)
   GDScript backtrace (most recent call first):
       [0] _start_plan_and_wait (res://test/integration/test_campfire_example_smoke.gd:57)
[GdPAI | debug] GetCost: callable returned non-numeric value: null; returning INFINITY
WARNING: [GdPAI] ObjectRef(124621163998): object was freed before callback; returning Nil.
   at: gdplanningai_rust::logger::process_logs (src\logger.rs:66)
   GDScript backtrace (most recent call first):
       [0] _process (res://addons/GdPlanningAI/gdpai_autoload.gd:21)
WARNING: [GdPAI] ObjectRef(124134624705): object was freed before callback; returning Nil.
   at: gdplanningai_rust::logger::process_logs (src\logger.rs:66)
   GDScript backtrace (most recent call first):
       [0] _process (res://addons/GdPlanningAI/gdpai_autoload.gd:21)
WARNING: [GdPAI] ObjectRef(124134624705): object was freed before callback; returning Nil.
   at: gdplanningai_rust::logger::process_logs (src\logger.rs:66)
   GDScript backtrace (most recent call first):
       [0] _process (res://addons/GdPlanningAI/gdpai_autoload.gd:21)
[GdPAI | debug] GetCost: callable returned non-numeric value: null; returning INFINITY
WARNING: [GdPAI] ObjectRef(1382643928884): object was freed before callback; returning Nil.
   at: gdplanningai_rust::logger::process_logs (src\logger.rs:66)
   GDScript backtrace (most recent call first):
       [0] _process (res://addons/GdPlanningAI/gdpai_autoload.gd:21)
[GdPAI | debug] ApplyEffect [Before] ID=InstanceId(-9223369135923111367): agent props = {"hunger": 95.0603725, "entity": null, "held_item": "wood", "at_target": null}
[GdPAI | debug] ApplyEffect [After] ID=InstanceId(-9223369135923111367): agent props = {"hunger": 95.0603725, "entity": null, "held_item": "wood", "at_target": null}
[GdPAI | debug]   Snapshotting prop: hunger = Float(95.0603725) (Variant type: FLOAT)
[GdPAI | debug]   Snapshotting prop: entity = Nil (Variant type: NIL)
[GdPAI | debug]   Snapshotting prop: held_item = Str("wood") (Variant type: STRING)
[GdPAI | debug]   Snapshotting prop: at_target = Nil (Variant type: NIL)
WARNING: [GdPAI] ObjectRef(124621163998): object was freed before callback; returning Nil.
   at: gdplanningai_rust::logger::process_logs (src\logger.rs:66)
   GDScript backtrace (most recent call first):
       [0] _start_plan_and_wait (res://test/integration/test_campfire_example_smoke.gd:57)
WARNING: [GdPAI] ObjectRef(124134624705): object was freed before callback; returning Nil.
   at: gdplanningai_rust::logger::process_logs (src\logger.rs:66)
   GDScript backtrace (most recent call first):
       [0] _start_plan_and_wait (res://test/integration/test_campfire_example_smoke.gd:57)
WARNING: [GdPAI] ObjectRef(124134624705): object was freed before callback; returning Nil.
   at: gdplanningai_rust::logger::process_logs (src\logger.rs:66)
   GDScript backtrace (most recent call first):
       [0] _start_plan_and_wait (res://test/integration/test_campfire_example_smoke.gd:57)
[GdPAI | debug] ApplyEffect [Before] ID=InstanceId(-9223369135151359419): agent props = {"held_item": "", "hunger": 70.0627442063492, "at_target": null, "entity": null}
[GdPAI | debug] ApplyEffect [After] ID=InstanceId(-9223369135151359419): agent props = {"held_item": "", "hunger": 70.0627442063492, "at_target": null, "entity": null}
[GdPAI | debug]   Snapshotting prop: held_item = Str("") (Variant type: STRING)
[GdPAI | debug]   Snapshotting prop: hunger = Float(70.0627442063492) (Variant type: FLOAT)
[GdPAI | debug]   Snapshotting prop: at_target = Nil (Variant type: NIL)
[GdPAI | debug]   Snapshotting prop: entity = Nil (Variant type: NIL)
WARNING: [GdPAI] ObjectRef(1382643928884): object was freed before callback; returning Nil.
   at: gdplanningai_rust::logger::process_logs (src\logger.rs:66)
   GDScript backtrace (most recent call first):
       [0] _start_plan_and_wait (res://test/integration/test_campfire_example_smoke.gd:57)
WARNING: [GdPAI] ObjectRef(1382643928884): object was freed before callback; returning Nil.
   at: gdplanningai_rust::logger::process_logs (src\logger.rs:66)
   GDScript backtrace (most recent call first):
       [0] _start_plan_and_wait (res://test/integration/test_campfire_example_smoke.gd:57)
[GdPAI | debug] GetCost: callable returned non-numeric value: null; returning INFINITY
WARNING: [GdPAI] ObjectRef(124621163998): object was freed before callback; returning Nil.
   at: gdplanningai_rust::logger::process_logs (src\logger.rs:66)
   GDScript backtrace (most recent call first):
       [0] _process (res://addons/GdPlanningAI/gdpai_autoload.gd:21)
WARNING: [GdPAI] ObjectRef(124134624705): object was freed before callback; returning Nil.
   at: gdplanningai_rust::logger::process_logs (src\logger.rs:66)
   GDScript backtrace (most recent call first):
       [0] _process (res://addons/GdPlanningAI/gdpai_autoload.gd:21)
WARNING: [GdPAI] ObjectRef(124134624705): object was freed before callback; returning Nil.
   at: gdplanningai_rust::logger::process_logs (src\logger.rs:66)
   GDScript backtrace (most recent call first):
       [0] _process (res://addons/GdPlanningAI/gdpai_autoload.gd:21)
[GdPAI | debug] GetCost: callable returned non-numeric value: null; returning INFINITY
WARNING: [GdPAI] ObjectRef(1382643928884): object was freed before callback; returning Nil.
   at: gdplanningai_rust::logger::process_logs (src\logger.rs:66)
   GDScript backtrace (most recent call first):
       [0] _process (res://addons/GdPlanningAI/gdpai_autoload.gd:21)
WARNING: [GdPAI] ObjectRef(1382643928884): object was freed before callback; returning Nil.
   at: gdplanningai_rust::logger::process_logs (src\logger.rs:66)
   GDScript backtrace (most recent call first):
       [0] _process (res://addons/GdPlanningAI/gdpai_autoload.gd:21)
[GdPAI | debug] ApplyEffect [Before] ID=InstanceId(-9223369133171647951): agent props = {"held_item": "", "hunger": 95.0603725, "entity": null}
[GdPAI | debug] ApplyEffect [After] ID=InstanceId(-9223369133171647951): agent props = {"held_item": "", "hunger": 95.0603725, "entity": null}
[GdPAI | debug]   Snapshotting prop: held_item = Str("") (Variant type: STRING)
[GdPAI | debug]   Snapshotting prop: hunger = Float(95.0603725) (Variant type: FLOAT)
[GdPAI | debug]   Snapshotting prop: entity = Nil (Variant type: NIL)
WARNING: [GdPAI] ObjectRef(124621163998): object was freed before callback; returning Nil.
   at: gdplanningai_rust::logger::process_logs (src\logger.rs:66)
   GDScript backtrace (most recent call first):
       [0] _start_plan_and_wait (res://test/integration/test_campfire_example_smoke.gd:57)
WARNING: [GdPAI] ObjectRef(124134624705): object was freed before callback; returning Nil.
   at: gdplanningai_rust::logger::process_logs (src\logger.rs:66)
   GDScript backtrace (most recent call first):
       [0] _start_plan_and_wait (res://test/integration/test_campfire_example_smoke.gd:57)
WARNING: [GdPAI] ObjectRef(124134624705): object was freed before callback; returning Nil.
   at: gdplanningai_rust::logger::process_logs (src\logger.rs:66)
   GDScript backtrace (most recent call first):
       [0] _start_plan_and_wait (res://test/integration/test_campfire_example_smoke.gd:57)
[GdPAI | debug] ApplyEffect [Before] ID=InstanceId(-9223369132349564296): agent props = {"hunger": 70.0627442063492, "at_target": null, "held_item": "", "entity": null}
[GdPAI | debug] ApplyEffect [After] ID=InstanceId(-9223369132349564296): agent props = {"hunger": 70.0627442063492, "at_target": null, "held_item": "", "entity": null}
[GdPAI | debug]   Snapshotting prop: hunger = Float(70.0627442063492) (Variant type: FLOAT)
[GdPAI | debug]   Snapshotting prop: at_target = Nil (Variant type: NIL)
[GdPAI | debug]   Snapshotting prop: held_item = Str("") (Variant type: STRING)
[GdPAI | debug]   Snapshotting prop: entity = Nil (Variant type: NIL)
WARNING: [GdPAI] ObjectRef(1382643928884): object was freed before callback; returning Nil.
   at: gdplanningai_rust::logger::process_logs (src\logger.rs:66)
   GDScript backtrace (most recent call first):
       [0] _start_plan_and_wait (res://test/integration/test_campfire_example_smoke.gd:57)
[GdPAI | debug] GetCost: callable returned non-numeric value: null; returning INFINITY
WARNING: [GdPAI] ObjectRef(124621163998): object was freed before callback; returning Nil.
   at: gdplanningai_rust::logger::process_logs (src\logger.rs:66)
   GDScript backtrace (most recent call first):
       [0] _process (res://addons/GdPlanningAI/gdpai_autoload.gd:21)
[GdPAI | debug] GetCost: callable returned non-numeric value: null; returning INFINITY
WARNING: [GdPAI] ObjectRef(1382643928884): object was freed before callback; returning Nil.
   at: gdplanningai_rust::logger::process_logs (src\logger.rs:66)
   GDScript backtrace (most recent call first):
       [0] _process (res://addons/GdPlanningAI/gdpai_autoload.gd:21)
[GdPAI | debug] ApplyEffect [Before] ID=InstanceId(-9223369130420184460): agent props = {"hunger": 95.0603725, "entity": null, "held_item": ""}
[GdPAI | debug] ApplyEffect [After] ID=InstanceId(-9223369130420184460): agent props = {"hunger": 95.0603725, "entity": null, "held_item": ""}
[GdPAI | debug]   Snapshotting prop: hunger = Float(95.0603725) (Variant type: FLOAT)
[GdPAI | debug]   Snapshotting prop: entity = Nil (Variant type: NIL)
[GdPAI | debug]   Snapshotting prop: held_item = Str("") (Variant type: STRING)
WARNING: [GdPAI] ObjectRef(124621163998): object was freed before callback; returning Nil.
   at: gdplanningai_rust::logger::process_logs (src\logger.rs:66)
   GDScript backtrace (most recent call first):
       [0] _start_plan_and_wait (res://test/integration/test_campfire_example_smoke.gd:57)
[GdPAI | debug] ApplyEffect [Before] ID=InstanceId(-9223369129749095784): agent props = {"hunger": 70.0627442063492, "entity": null, "held_item": "wood", "at_target": null}
[GdPAI | debug] ApplyEffect [After] ID=InstanceId(-9223369129749095784): agent props = {"hunger": 70.0627442063492, "entity": null, "held_item": "wood", "at_target": null}
[GdPAI | debug]   Snapshotting prop: hunger = Float(70.0627442063492) (Variant type: FLOAT)
[GdPAI | debug]   Snapshotting prop: entity = Nil (Variant type: NIL)
[GdPAI | debug]   Snapshotting prop: held_item = Str("wood") (Variant type: STRING)
[GdPAI | debug]   Snapshotting prop: at_target = Nil (Variant type: NIL)
WARNING: [GdPAI] ObjectRef(1382643928884): object was freed before callback; returning Nil.
   at: gdplanningai_rust::logger::process_logs (src\logger.rs:66)
   GDScript backtrace (most recent call first):
       [0] _start_plan_and_wait (res://test/integration/test_campfire_example_smoke.gd:57)
WARNING: [GdPAI] ObjectRef(1382157389614): object was freed before callback; returning Nil.
   at: gdplanningai_rust::logger::process_logs (src\logger.rs:66)
   GDScript backtrace (most recent call first):
       [0] _start_plan_and_wait (res://test/integration/test_campfire_example_smoke.gd:57)
WARNING: [GdPAI] ObjectRef(1382157389614): object was freed before callback; returning Nil.
   at: gdplanningai_rust::logger::process_logs (src\logger.rs:66)
   GDScript backtrace (most recent call first):
       [0] _start_plan_and_wait (res://test/integration/test_campfire_example_smoke.gd:57)
[GdPAI | debug] GetCost: callable returned non-numeric value: null; returning INFINITY
WARNING: [GdPAI] ObjectRef(124621163998): object was freed before callback; returning Nil.
   at: gdplanningai_rust::logger::process_logs (src\logger.rs:66)
   GDScript backtrace (most recent call first):
       [0] _process (res://addons/GdPlanningAI/gdpai_autoload.gd:21)
WARNING: [GdPAI] ObjectRef(124621163998): object was freed before callback; returning Nil.
   at: gdplanningai_rust::logger::process_logs (src\logger.rs:66)
   GDScript backtrace (most recent call first):
       [0] _process (res://addons/GdPlanningAI/gdpai_autoload.gd:21)
[GdPAI | debug] GetCost: callable returned non-numeric value: null; returning INFINITY
WARNING: [GdPAI] ObjectRef(1382643928884): object was freed before callback; returning Nil.
   at: gdplanningai_rust::logger::process_logs (src\logger.rs:66)
   GDScript backtrace (most recent call first):
       [0] _process (res://addons/GdPlanningAI/gdpai_autoload.gd:21)
WARNING: [GdPAI] ObjectRef(1382157389614): object was freed before callback; returning Nil.
   at: gdplanningai_rust::logger::process_logs (src\logger.rs:66)
   GDScript backtrace (most recent call first):
       [0] _process (res://addons/GdPlanningAI/gdpai_autoload.gd:21)
WARNING: [GdPAI] ObjectRef(1382157389614): object was freed before callback; returning Nil.
   at: gdplanningai_rust::logger::process_logs (src\logger.rs:66)
   GDScript backtrace (most recent call first):
       [0] _process (res://addons/GdPlanningAI/gdpai_autoload.gd:21)
[GdPAI | debug] ApplyEffect [Before] ID=InstanceId(-9223369127819715947): agent props = {"hunger": 95.0603725, "entity": null, "at_target": null, "held_item": ""}
[GdPAI | debug] ApplyEffect [After] ID=InstanceId(-9223369127819715947): agent props = {"hunger": 95.0603725, "entity": null, "at_target": null, "held_item": ""}
[GdPAI | debug]   Snapshotting prop: hunger = Float(95.0603725) (Variant type: FLOAT)
[GdPAI | debug]   Snapshotting prop: entity = Nil (Variant type: NIL)
[GdPAI | debug]   Snapshotting prop: at_target = Nil (Variant type: NIL)
[GdPAI | debug]   Snapshotting prop: held_item = Str("") (Variant type: STRING)
WARNING: [GdPAI] ObjectRef(124621163998): object was freed before callback; returning Nil.
   at: gdplanningai_rust::logger::process_logs (src\logger.rs:66)
   GDScript backtrace (most recent call first):
       [0] _start_plan_and_wait (res://test/integration/test_campfire_example_smoke.gd:57)
WARNING: [GdPAI] ObjectRef(124621163998): object was freed before callback; returning Nil.
   at: gdplanningai_rust::logger::process_logs (src\logger.rs:66)
   GDScript backtrace (most recent call first):
       [0] _start_plan_and_wait (res://test/integration/test_campfire_example_smoke.gd:57)
[GdPAI | debug] ApplyEffect [Before] ID=InstanceId(-9223369126997632390): agent props = {"held_item": "", "hunger": 70.0627442063492, "entity": null}
[GdPAI | debug] ApplyEffect [After] ID=InstanceId(-9223369126997632390): agent props = {"held_item": "", "hunger": 70.0627442063492, "entity": null}
[GdPAI | debug]   Snapshotting prop: held_item = Str("") (Variant type: STRING)
[GdPAI | debug]   Snapshotting prop: hunger = Float(70.0627442063492) (Variant type: FLOAT)
[GdPAI | debug]   Snapshotting prop: entity = Nil (Variant type: NIL)
WARNING: [GdPAI] ObjectRef(1382643928884): object was freed before callback; returning Nil.
   at: gdplanningai_rust::logger::process_logs (src\logger.rs:66)
   GDScript backtrace (most recent call first):
       [0] _start_plan_and_wait (res://test/integration/test_campfire_example_smoke.gd:57)
WARNING: [GdPAI] ObjectRef(1382157389614): object was freed before callback; returning Nil.
   at: gdplanningai_rust::logger::process_logs (src\logger.rs:66)
   GDScript backtrace (most recent call first):
       [0] _start_plan_and_wait (res://test/integration/test_campfire_example_smoke.gd:57)
WARNING: [GdPAI] ObjectRef(1382157389614): object was freed before callback; returning Nil.
   at: gdplanningai_rust::logger::process_logs (src\logger.rs:66)
   GDScript backtrace (most recent call first):
       [0] _start_plan_and_wait (res://test/integration/test_campfire_example_smoke.gd:57)
[GdPAI | debug] GetCost: callable returned non-numeric value: null; returning INFINITY
WARNING: [GdPAI] ObjectRef(124621163998): object was freed before callback; returning Nil.
   at: gdplanningai_rust::logger::process_logs (src\logger.rs:66)
   GDScript backtrace (most recent call first):
       [0] _process (res://addons/GdPlanningAI/gdpai_autoload.gd:21)
[GdPAI | debug] GetCost: callable returned non-numeric value: null; returning INFINITY
WARNING: [GdPAI] ObjectRef(1382643928884): object was freed before callback; returning Nil.
   at: gdplanningai_rust::logger::process_logs (src\logger.rs:66)
   GDScript backtrace (most recent call first):
       [0] _process (res://addons/GdPlanningAI/gdpai_autoload.gd:21)
WARNING: [GdPAI] ObjectRef(1382157389614): object was freed before callback; returning Nil.
   at: gdplanningai_rust::logger::process_logs (src\logger.rs:66)
   GDScript backtrace (most recent call first):
       [0] _process (res://addons/GdPlanningAI/gdpai_autoload.gd:21)
WARNING: [GdPAI] ObjectRef(1382157389614): object was freed before callback; returning Nil.
   at: gdplanningai_rust::logger::process_logs (src\logger.rs:66)
   GDScript backtrace (most recent call first):
       [0] _process (res://addons/GdPlanningAI/gdpai_autoload.gd:21)
[GdPAI | debug] ApplyEffect [Before] ID=InstanceId(-9223369125017920916): agent props = {"held_item": "", "hunger": 95.0603725, "entity": null, "at_target": null}
[GdPAI | debug] ApplyEffect [After] ID=InstanceId(-9223369125017920916): agent props = {"held_item": "", "hunger": 95.0603725, "entity": null, "at_target": null}
[GdPAI | debug]   Snapshotting prop: held_item = Str("") (Variant type: STRING)
[GdPAI | debug]   Snapshotting prop: hunger = Float(95.0603725) (Variant type: FLOAT)
[GdPAI | debug]   Snapshotting prop: entity = Nil (Variant type: NIL)
[GdPAI | debug]   Snapshotting prop: at_target = Nil (Variant type: NIL)
WARNING: [GdPAI] ObjectRef(124621163998): object was freed before callback; returning Nil.
   at: gdplanningai_rust::logger::process_logs (src\logger.rs:66)
   GDScript backtrace (most recent call first):
       [0] _start_plan_and_wait (res://test/integration/test_campfire_example_smoke.gd:57)
[GdPAI | debug] ApplyEffect [Before] ID=InstanceId(-9223369124246168893): agent props = {"entity": null, "held_item": "", "hunger": 70.0627442063492}
[GdPAI | debug] ApplyEffect [After] ID=InstanceId(-9223369124246168893): agent props = {"entity": null, "held_item": "", "hunger": 70.0627442063492}
[GdPAI | debug]   Snapshotting prop: entity = Nil (Variant type: NIL)
[GdPAI | debug]   Snapshotting prop: held_item = Str("") (Variant type: STRING)
[GdPAI | debug]   Snapshotting prop: hunger = Float(70.0627442063492) (Variant type: FLOAT)
WARNING: [GdPAI] ObjectRef(1382643928884): object was freed before callback; returning Nil.
   at: gdplanningai_rust::logger::process_logs (src\logger.rs:66)
   GDScript backtrace (most recent call first):
       [0] _start_plan_and_wait (res://test/integration/test_campfire_example_smoke.gd:57)
[GdPAI | debug] GetCost: callable returned non-numeric value: null; returning INFINITY
WARNING: [GdPAI] ObjectRef(124621163998): object was freed before callback; returning Nil.
   at: gdplanningai_rust::logger::process_logs (src\logger.rs:66)
   GDScript backtrace (most recent call first):
       [0] _process (res://addons/GdPlanningAI/gdpai_autoload.gd:21)
[GdPAI | debug] GetCost: callable returned non-numeric value: null; returning INFINITY
WARNING: [GdPAI] ObjectRef(1382643928884): object was freed before callback; returning Nil.
   at: gdplanningai_rust::logger::process_logs (src\logger.rs:66)
   GDScript backtrace (most recent call first):
       [0] _process (res://addons/GdPlanningAI/gdpai_autoload.gd:21)
[GdPAI | debug] ApplyEffect [Before] ID=InstanceId(-9223369122417452408): agent props = {"hunger": 95.0603725, "entity": null, "at_target": null, "held_item": "wood"}
[GdPAI | debug] ApplyEffect [After] ID=InstanceId(-9223369122417452408): agent props = {"hunger": 95.0603725, "entity": null, "at_target": null, "held_item": "wood"}
[GdPAI | debug]   Snapshotting prop: hunger = Float(95.0603725) (Variant type: FLOAT)
[GdPAI | debug]   Snapshotting prop: entity = Nil (Variant type: NIL)
[GdPAI | debug]   Snapshotting prop: at_target = Nil (Variant type: NIL)
[GdPAI | debug]   Snapshotting prop: held_item = Str("wood") (Variant type: STRING)
[GdPAI | debug] Numeric comparison: 95.0603725 GreaterThan 0 -> true
WARNING: [GdPAI] ObjectRef(124621163998): object was freed before callback; returning Nil.
   at: gdplanningai_rust::logger::process_logs (src\logger.rs:66)
   GDScript backtrace (most recent call first):
       [0] _start_plan_and_wait (res://test/integration/test_campfire_example_smoke.gd:57)
[GdPAI | debug] ApplyEffect [Before] ID=InstanceId(-9223369121746363732): agent props = {"hunger": 70.0627442063492, "held_item": "", "entity": null}
[GdPAI | debug] ApplyEffect [After] ID=InstanceId(-9223369121746363732): agent props = {"hunger": 70.0627442063492, "held_item": "", "entity": null}
[GdPAI | debug]   Snapshotting prop: hunger = Float(70.0627442063492) (Variant type: FLOAT)
[GdPAI | debug]   Snapshotting prop: held_item = Str("") (Variant type: STRING)
[GdPAI | debug]   Snapshotting prop: entity = Nil (Variant type: NIL)
WARNING: [GdPAI] ObjectRef(1382643928884): object was freed before callback; returning Nil.
   at: gdplanningai_rust::logger::process_logs (src\logger.rs:66)
   GDScript backtrace (most recent call first):
       [0] _start_plan_and_wait (res://test/integration/test_campfire_example_smoke.gd:57)
WARNING: [GdPAI] ObjectRef(1382643928884): object was freed before callback; returning Nil.
   at: gdplanningai_rust::logger::process_logs (src\logger.rs:66)
   GDScript backtrace (most recent call first):
       [0] _start_plan_and_wait (res://test/integration/test_campfire_example_smoke.gd:57)
WARNING: [GdPAI] ObjectRef(1383650561484): object was freed before callback; returning Nil.
   at: gdplanningai_rust::logger::process_logs (src\logger.rs:66)
   GDScript backtrace (most recent call first):
       [0] _start_plan_and_wait (res://test/integration/test_campfire_example_smoke.gd:57)
WARNING: [GdPAI] ObjectRef(1383650561484): object was freed before callback; returning Nil.
   at: gdplanningai_rust::logger::process_logs (src\logger.rs:66)
   GDScript backtrace (most recent call first):
       [0] _start_plan_and_wait (res://test/integration/test_campfire_example_smoke.gd:57)
[GdPAI | debug] GetCost: callable returned non-numeric value: null; returning INFINITY
WARNING: [GdPAI] ObjectRef(124621163998): object was freed before callback; returning Nil.
   at: gdplanningai_rust::logger::process_logs (src\logger.rs:66)
   GDScript backtrace (most recent call first):
       [0] _process (res://addons/GdPlanningAI/gdpai_autoload.gd:21)
WARNING: [GdPAI] ObjectRef(124134624705): object was freed before callback; returning Nil.
   at: gdplanningai_rust::logger::process_logs (src\logger.rs:66)
   GDScript backtrace (most recent call first):
       [0] _process (res://addons/GdPlanningAI/gdpai_autoload.gd:21)
WARNING: [GdPAI] ObjectRef(124134624705): object was freed before callback; returning Nil.
   at: gdplanningai_rust::logger::process_logs (src\logger.rs:66)
   GDScript backtrace (most recent call first):
       [0] _process (res://addons/GdPlanningAI/gdpai_autoload.gd:21)
[GdPAI | debug] GetCost: callable returned non-numeric value: null; returning INFINITY
WARNING: [GdPAI] ObjectRef(1382643928884): object was freed before callback; returning Nil.
   at: gdplanningai_rust::logger::process_logs (src\logger.rs:66)
   GDScript backtrace (most recent call first):
       [0] _process (res://addons/GdPlanningAI/gdpai_autoload.gd:21)
WARNING: [GdPAI] ObjectRef(1382643928884): object was freed before callback; returning Nil.
   at: gdplanningai_rust::logger::process_logs (src\logger.rs:66)
   GDScript backtrace (most recent call first):
       [0] _process (res://addons/GdPlanningAI/gdpai_autoload.gd:21)
WARNING: [GdPAI] ObjectRef(1383650561484): object was freed before callback; returning Nil.
   at: gdplanningai_rust::logger::process_logs (src\logger.rs:66)
   GDScript backtrace (most recent call first):
       [0] _process (res://addons/GdPlanningAI/gdpai_autoload.gd:21)
WARNING: [GdPAI] ObjectRef(1383650561484): object was freed before callback; returning Nil.
   at: gdplanningai_rust::logger::process_logs (src\logger.rs:66)
   GDScript backtrace (most recent call first):
       [0] _process (res://addons/GdPlanningAI/gdpai_autoload.gd:21)
[GdPAI | debug] ApplyEffect [Before] ID=InstanceId(-9223369119766652201): agent props = {"held_item": "", "at_target": null, "hunger": 95.0603725, "entity": null}
[GdPAI | debug] ApplyEffect [After] ID=InstanceId(-9223369119766652201): agent props = {"held_item": "", "at_target": null, "hunger": 95.0603725, "entity": null}
[GdPAI | debug]   Snapshotting prop: held_item = Str("") (Variant type: STRING)
[GdPAI | debug]   Snapshotting prop: at_target = Nil (Variant type: NIL)
[GdPAI | debug]   Snapshotting prop: hunger = Float(95.0603725) (Variant type: FLOAT)
[GdPAI | debug]   Snapshotting prop: entity = Nil (Variant type: NIL)
WARNING: [GdPAI] ObjectRef(124621163998): object was freed before callback; returning Nil.
   at: gdplanningai_rust::logger::process_logs (src\logger.rs:66)
   GDScript backtrace (most recent call first):
       [0] _start_plan_and_wait (res://test/integration/test_campfire_example_smoke.gd:57)
WARNING: [GdPAI] ObjectRef(124134624705): object was freed before callback; returning Nil.
   at: gdplanningai_rust::logger::process_logs (src\logger.rs:66)
   GDScript backtrace (most recent call first):
       [0] _start_plan_and_wait (res://test/integration/test_campfire_example_smoke.gd:57)
WARNING: [GdPAI] ObjectRef(124134624705): object was freed before callback; returning Nil.
   at: gdplanningai_rust::logger::process_logs (src\logger.rs:66)
   GDScript backtrace (most recent call first):
       [0] _start_plan_and_wait (res://test/integration/test_campfire_example_smoke.gd:57)
[GdPAI | debug] ApplyEffect [Before] ID=InstanceId(-9223369118843905298): agent props = {"held_item": "", "entity": null, "hunger": 70.0627442063492, "at_target": null}
[GdPAI | debug] ApplyEffect [After] ID=InstanceId(-9223369118843905298): agent props = {"held_item": "", "entity": null, "hunger": 70.0627442063492, "at_target": null}
[GdPAI | debug]   Snapshotting prop: held_item = Str("") (Variant type: STRING)
[GdPAI | debug]   Snapshotting prop: entity = Nil (Variant type: NIL)
[GdPAI | debug]   Snapshotting prop: hunger = Float(70.0627442063492) (Variant type: FLOAT)
[GdPAI | debug]   Snapshotting prop: at_target = Nil (Variant type: NIL)
WARNING: [GdPAI] ObjectRef(1382643928884): object was freed before callback; returning Nil.
   at: gdplanningai_rust::logger::process_logs (src\logger.rs:66)
   GDScript backtrace (most recent call first):
       [0] _start_plan_and_wait (res://test/integration/test_campfire_example_smoke.gd:57)
WARNING: [GdPAI] ObjectRef(1383650561484): object was freed before callback; returning Nil.
   at: gdplanningai_rust::logger::process_logs (src\logger.rs:66)
   GDScript backtrace (most recent call first):
       [0] _start_plan_and_wait (res://test/integration/test_campfire_example_smoke.gd:57)
WARNING: [GdPAI] ObjectRef(1383650561484): object was freed before callback; returning Nil.
   at: gdplanningai_rust::logger::process_logs (src\logger.rs:66)
   GDScript backtrace (most recent call first):
       [0] _start_plan_and_wait (res://test/integration/test_campfire_example_smoke.gd:57)
[GdPAI | debug] GetCost: callable returned non-numeric value: null; returning INFINITY
WARNING: [GdPAI] ObjectRef(124621163998): object was freed before callback; returning Nil.
   at: gdplanningai_rust::logger::process_logs (src\logger.rs:66)
   GDScript backtrace (most recent call first):
       [0] _process (res://addons/GdPlanningAI/gdpai_autoload.gd:21)
WARNING: [GdPAI] ObjectRef(124134624705): object was freed before callback; returning Nil.
   at: gdplanningai_rust::logger::process_logs (src\logger.rs:66)
   GDScript backtrace (most recent call first):
       [0] _process (res://addons/GdPlanningAI/gdpai_autoload.gd:21)
WARNING: [GdPAI] ObjectRef(124134624705): object was freed before callback; returning Nil.
   at: gdplanningai_rust::logger::process_logs (src\logger.rs:66)
   GDScript backtrace (most recent call first):
       [0] _process (res://addons/GdPlanningAI/gdpai_autoload.gd:21)
[GdPAI | debug] GetCost: callable returned non-numeric value: null; returning INFINITY
WARNING: [GdPAI] ObjectRef(1382643928884): object was freed before callback; returning Nil.
   at: gdplanningai_rust::logger::process_logs (src\logger.rs:66)
   GDScript backtrace (most recent call first):
       [0] _process (res://addons/GdPlanningAI/gdpai_autoload.gd:21)
WARNING: [GdPAI] ObjectRef(1383650561484): object was freed before callback; returning Nil.
   at: gdplanningai_rust::logger::process_logs (src\logger.rs:66)
   GDScript backtrace (most recent call first):
       [0] _process (res://addons/GdPlanningAI/gdpai_autoload.gd:21)
WARNING: [GdPAI] ObjectRef(1383650561484): object was freed before callback; returning Nil.
   at: gdplanningai_rust::logger::process_logs (src\logger.rs:66)
   GDScript backtrace (most recent call first):
       [0] _process (res://addons/GdPlanningAI/gdpai_autoload.gd:21)
[GdPAI | debug] ApplyEffect [Before] ID=InstanceId(-9223369116813862168): agent props = {"held_item": "", "hunger": 95.0603725, "at_target": null, "entity": null}
[GdPAI | debug] ApplyEffect [After] ID=InstanceId(-9223369116813862168): agent props = {"held_item": "", "hunger": 95.0603725, "at_target": null, "entity": null}
[GdPAI | debug]   Snapshotting prop: held_item = Str("") (Variant type: STRING)
[GdPAI | debug]   Snapshotting prop: hunger = Float(95.0603725) (Variant type: FLOAT)
[GdPAI | debug]   Snapshotting prop: at_target = Nil (Variant type: NIL)
[GdPAI | debug]   Snapshotting prop: entity = Nil (Variant type: NIL)
WARNING: [GdPAI] ObjectRef(124621163998): object was freed before callback; returning Nil.
   at: gdplanningai_rust::logger::process_logs (src\logger.rs:66)
   GDScript backtrace (most recent call first):
       [0] _start_plan_and_wait (res://test/integration/test_campfire_example_smoke.gd:57)
WARNING: [GdPAI] ObjectRef(124134624705): object was freed before callback; returning Nil.
   at: gdplanningai_rust::logger::process_logs (src\logger.rs:66)
   GDScript backtrace (most recent call first):
       [0] _start_plan_and_wait (res://test/integration/test_campfire_example_smoke.gd:57)
WARNING: [GdPAI] ObjectRef(124134624705): object was freed before callback; returning Nil.
   at: gdplanningai_rust::logger::process_logs (src\logger.rs:66)
   GDScript backtrace (most recent call first):
       [0] _start_plan_and_wait (res://test/integration/test_campfire_example_smoke.gd:57)
[GdPAI | debug] ApplyEffect [Before] ID=InstanceId(-9223369115941446895): agent props = {"hunger": 70.0627442063492, "entity": null, "held_item": "", "at_target": null}
[GdPAI | debug] ApplyEffect [After] ID=InstanceId(-9223369115941446895): agent props = {"hunger": 70.0627442063492, "entity": null, "held_item": "", "at_target": null}
[GdPAI | debug]   Snapshotting prop: hunger = Float(70.0627442063492) (Variant type: FLOAT)
[GdPAI | debug]   Snapshotting prop: entity = Nil (Variant type: NIL)
[GdPAI | debug]   Snapshotting prop: held_item = Str("") (Variant type: STRING)
[GdPAI | debug]   Snapshotting prop: at_target = Nil (Variant type: NIL)
WARNING: [GdPAI] ObjectRef(1382643928884): object was freed before callback; returning Nil.
   at: gdplanningai_rust::logger::process_logs (src\logger.rs:66)
   GDScript backtrace (most recent call first):
       [0] _start_plan_and_wait (res://test/integration/test_campfire_example_smoke.gd:57)
WARNING: [GdPAI] ObjectRef(1382157389614): object was freed before callback; returning Nil.
   at: gdplanningai_rust::logger::process_logs (src\logger.rs:66)
   GDScript backtrace (most recent call first):
       [0] _start_plan_and_wait (res://test/integration/test_campfire_example_smoke.gd:57)
WARNING: [GdPAI] ObjectRef(1382157389614): object was freed before callback; returning Nil.
   at: gdplanningai_rust::logger::process_logs (src\logger.rs:66)
   GDScript backtrace (most recent call first):
       [0] _start_plan_and_wait (res://test/integration/test_campfire_example_smoke.gd:57)
[GdPAI | debug] GetCost: callable returned non-numeric value: null; returning INFINITY
WARNING: [GdPAI] ObjectRef(124621163998): object was freed before callback; returning Nil.
   at: gdplanningai_rust::logger::process_logs (src\logger.rs:66)
   GDScript backtrace (most recent call first):
       [0] _process (res://addons/GdPlanningAI/gdpai_autoload.gd:21)
[GdPAI | debug] GetCost: callable returned non-numeric value: null; returning INFINITY
WARNING: [GdPAI] ObjectRef(1382643928884): object was freed before callback; returning Nil.
   at: gdplanningai_rust::logger::process_logs (src\logger.rs:66)
   GDScript backtrace (most recent call first):
       [0] _process (res://addons/GdPlanningAI/gdpai_autoload.gd:21)
WARNING: [GdPAI] ObjectRef(1382157389614): object was freed before callback; returning Nil.
   at: gdplanningai_rust::logger::process_logs (src\logger.rs:66)
   GDScript backtrace (most recent call first):
       [0] _process (res://addons/GdPlanningAI/gdpai_autoload.gd:21)
WARNING: [GdPAI] ObjectRef(1382157389614): object was freed before callback; returning Nil.
   at: gdplanningai_rust::logger::process_logs (src\logger.rs:66)
   GDScript backtrace (most recent call first):
       [0] _process (res://addons/GdPlanningAI/gdpai_autoload.gd:21)
[GdPAI | debug] ApplyEffect [Before] ID=InstanceId(-9223369113911403783): agent props = {"hunger": 95.0603725, "held_item": "", "at_target": null, "entity": null}
[GdPAI | debug] ApplyEffect [After] ID=InstanceId(-9223369113911403783): agent props = {"hunger": 95.0603725, "held_item": "", "at_target": null, "entity": null}
[GdPAI | debug]   Snapshotting prop: hunger = Float(95.0603725) (Variant type: FLOAT)
[GdPAI | debug]   Snapshotting prop: held_item = Str("") (Variant type: STRING)
[GdPAI | debug]   Snapshotting prop: at_target = Nil (Variant type: NIL)
[GdPAI | debug]   Snapshotting prop: entity = Nil (Variant type: NIL)
WARNING: [GdPAI] ObjectRef(124621163998): object was freed before callback; returning Nil.
   at: gdplanningai_rust::logger::process_logs (src\logger.rs:66)
   GDScript backtrace (most recent call first):
       [0] _start_plan_and_wait (res://test/integration/test_campfire_example_smoke.gd:57)
[GdPAI | debug] ApplyEffect [Before] ID=InstanceId(-9223369113139651802): agent props = {"hunger": 70.0627442063492, "held_item": "wood", "entity": null, "at_target": null}
[GdPAI | debug] ApplyEffect [After] ID=InstanceId(-9223369113139651802): agent props = {"hunger": 70.0627442063492, "held_item": "wood", "entity": null, "at_target": null}
[GdPAI | debug]   Snapshotting prop: hunger = Float(70.0627442063492) (Variant type: FLOAT)
[GdPAI | debug]   Snapshotting prop: held_item = Str("wood") (Variant type: STRING)
[GdPAI | debug]   Snapshotting prop: entity = Nil (Variant type: NIL)
[GdPAI | debug]   Snapshotting prop: at_target = Nil (Variant type: NIL)
WARNING: [GdPAI] ObjectRef(1382643928884): object was freed before callback; returning Nil.
   at: gdplanningai_rust::logger::process_logs (src\logger.rs:66)
   GDScript backtrace (most recent call first):
       [0] _start_plan_and_wait (res://test/integration/test_campfire_example_smoke.gd:57)
WARNING: [GdPAI] ObjectRef(1382157389614): object was freed before callback; returning Nil.
   at: gdplanningai_rust::logger::process_logs (src\logger.rs:66)
   GDScript backtrace (most recent call first):
       [0] _start_plan_and_wait (res://test/integration/test_campfire_example_smoke.gd:57)
WARNING: [GdPAI] ObjectRef(1382157389614): object was freed before callback; returning Nil.
   at: gdplanningai_rust::logger::process_logs (src\logger.rs:66)
   GDScript backtrace (most recent call first):
       [0] _start_plan_and_wait (res://test/integration/test_campfire_example_smoke.gd:57)
[GdPAI | debug] GetCost: callable returned non-numeric value: null; returning INFINITY
WARNING: [GdPAI] ObjectRef(124621163998): object was freed before callback; returning Nil.
   at: gdplanningai_rust::logger::process_logs (src\logger.rs:66)
   GDScript backtrace (most recent call first):
       [0] _process (res://addons/GdPlanningAI/gdpai_autoload.gd:21)
WARNING: [GdPAI] ObjectRef(124621163998): object was freed before callback; returning Nil.
   at: gdplanningai_rust::logger::process_logs (src\logger.rs:66)
   GDScript backtrace (most recent call first):
       [0] _process (res://addons/GdPlanningAI/gdpai_autoload.gd:21)
[GdPAI | debug] GetCost: callable returned non-numeric value: null; returning INFINITY
WARNING: [GdPAI] ObjectRef(1382643928884): object was freed before callback; returning Nil.
   at: gdplanningai_rust::logger::process_logs (src\logger.rs:66)
   GDScript backtrace (most recent call first):
       [0] _process (res://addons/GdPlanningAI/gdpai_autoload.gd:21)
WARNING: [GdPAI] ObjectRef(1382157389614): object was freed before callback; returning Nil.
   at: gdplanningai_rust::logger::process_logs (src\logger.rs:66)
   GDScript backtrace (most recent call first):
       [0] _process (res://addons/GdPlanningAI/gdpai_autoload.gd:21)
WARNING: [GdPAI] ObjectRef(1382157389614): object was freed before callback; returning Nil.
   at: gdplanningai_rust::logger::process_logs (src\logger.rs:66)
   GDScript backtrace (most recent call first):
       [0] _process (res://addons/GdPlanningAI/gdpai_autoload.gd:21)
[GdPAI | debug] ApplyEffect [Before] ID=InstanceId(-9223369111210272001): agent props = {"at_target": null, "held_item": "", "entity": null, "hunger": 95.0603725}
[GdPAI | debug] ApplyEffect [After] ID=InstanceId(-9223369111210272001): agent props = {"at_target": null, "held_item": "", "entity": null, "hunger": 95.0603725}
[GdPAI | debug]   Snapshotting prop: at_target = Nil (Variant type: NIL)
[GdPAI | debug]   Snapshotting prop: held_item = Str("") (Variant type: STRING)
[GdPAI | debug]   Snapshotting prop: entity = Nil (Variant type: NIL)
[GdPAI | debug]   Snapshotting prop: hunger = Float(95.0603725) (Variant type: FLOAT)
WARNING: [GdPAI] ObjectRef(124621163998): object was freed before callback; returning Nil.
   at: gdplanningai_rust::logger::process_logs (src\logger.rs:66)
   GDScript backtrace (most recent call first):
       [0] _start_plan_and_wait (res://test/integration/test_campfire_example_smoke.gd:57)
WARNING: [GdPAI] ObjectRef(124621163998): object was freed before callback; returning Nil.
   at: gdplanningai_rust::logger::process_logs (src\logger.rs:66)
   GDScript backtrace (most recent call first):
       [0] _start_plan_and_wait (res://test/integration/test_campfire_example_smoke.gd:57)
[GdPAI | debug] ApplyEffect [Before] ID=InstanceId(-9223369110388188332): agent props = {"entity": null, "hunger": 70.0627442063492, "held_item": ""}
[GdPAI | debug] ApplyEffect [After] ID=InstanceId(-9223369110388188332): agent props = {"entity": null, "hunger": 70.0627442063492, "held_item": ""}
[GdPAI | debug]   Snapshotting prop: entity = Nil (Variant type: NIL)
[GdPAI | debug]   Snapshotting prop: hunger = Float(70.0627442063492) (Variant type: FLOAT)
[GdPAI | debug]   Snapshotting prop: held_item = Str("") (Variant type: STRING)
WARNING: [GdPAI] ObjectRef(1382643928884): object was freed before callback; returning Nil.
   at: gdplanningai_rust::logger::process_logs (src\logger.rs:66)
   GDScript backtrace (most recent call first):
       [0] _start_plan_and_wait (res://test/integration/test_campfire_example_smoke.gd:57)
[GdPAI | debug] GetCost: callable returned non-numeric value: null; returning INFINITY
WARNING: [GdPAI] ObjectRef(124621163998): object was freed before callback; returning Nil.
   at: gdplanningai_rust::logger::process_logs (src\logger.rs:66)
   GDScript backtrace (most recent call first):
       [0] _process (res://addons/GdPlanningAI/gdpai_autoload.gd:21)
[GdPAI | debug] GetCost: callable returned non-numeric value: null; returning INFINITY
WARNING: [GdPAI] ObjectRef(1382643928884): object was freed before callback; returning Nil.
   at: gdplanningai_rust::logger::process_logs (src\logger.rs:66)
   GDScript backtrace (most recent call first):
       [0] _process (res://addons/GdPlanningAI/gdpai_autoload.gd:21)
[GdPAI | debug] ApplyEffect [Before] ID=InstanceId(-9223369108509140162): agent props = {"entity": null, "hunger": 95.0603725, "held_item": "wood", "at_target": null}
[GdPAI | debug] ApplyEffect [After] ID=InstanceId(-9223369108509140162): agent props = {"entity": null, "hunger": 95.0603725, "held_item": "wood", "at_target": null}
[GdPAI | debug]   Snapshotting prop: entity = Nil (Variant type: NIL)
[GdPAI | debug]   Snapshotting prop: hunger = Float(95.0603725) (Variant type: FLOAT)
[GdPAI | debug]   Snapshotting prop: held_item = Str("wood") (Variant type: STRING)
[GdPAI | debug]   Snapshotting prop: at_target = Nil (Variant type: NIL)
WARNING: [GdPAI] ObjectRef(124621163998): object was freed before callback; returning Nil.
   at: gdplanningai_rust::logger::process_logs (src\logger.rs:66)
   GDScript backtrace (most recent call first):
       [0] _start_plan_and_wait (res://test/integration/test_campfire_example_smoke.gd:57)
[GdPAI | debug] ApplyEffect [Before] ID=InstanceId(-9223369107838051476): agent props = {"entity": null, "hunger": 70.0627442063492, "held_item": ""}
[GdPAI | debug] ApplyEffect [After] ID=InstanceId(-9223369107838051476): agent props = {"entity": null, "hunger": 70.0627442063492, "held_item": ""}
[GdPAI | debug]   Snapshotting prop: entity = Nil (Variant type: NIL)
[GdPAI | debug]   Snapshotting prop: hunger = Float(70.0627442063492) (Variant type: FLOAT)
[GdPAI | debug]   Snapshotting prop: held_item = Str("") (Variant type: STRING)
WARNING: [GdPAI] ObjectRef(1382643928884): object was freed before callback; returning Nil.
   at: gdplanningai_rust::logger::process_logs (src\logger.rs:66)
   GDScript backtrace (most recent call first):
       [0] _start_plan_and_wait (res://test/integration/test_campfire_example_smoke.gd:57)
WARNING: [GdPAI] ObjectRef(1382643928884): object was freed before callback; returning Nil.
   at: gdplanningai_rust::logger::process_logs (src\logger.rs:66)
   GDScript backtrace (most recent call first):
       [0] _start_plan_and_wait (res://test/integration/test_campfire_example_smoke.gd:57)
[GdPAI | debug] GetCost: callable returned non-numeric value: null; returning INFINITY
WARNING: [GdPAI] ObjectRef(124621163998): object was freed before callback; returning Nil.
   at: gdplanningai_rust::logger::process_logs (src\logger.rs:66)
   GDScript backtrace (most recent call first):
       [0] _process (res://addons/GdPlanningAI/gdpai_autoload.gd:21)
[GdPAI | debug] GetCost: callable returned non-numeric value: null; returning INFINITY
WARNING: [GdPAI] ObjectRef(1382643928884): object was freed before callback; returning Nil.
   at: gdplanningai_rust::logger::process_logs (src\logger.rs:66)
   GDScript backtrace (most recent call first):
       [0] _process (res://addons/GdPlanningAI/gdpai_autoload.gd:21)
WARNING: [GdPAI] ObjectRef(1382643928884): object was freed before callback; returning Nil.
   at: gdplanningai_rust::logger::process_logs (src\logger.rs:66)
   GDScript backtrace (most recent call first):
       [0] _process (res://addons/GdPlanningAI/gdpai_autoload.gd:21)
[GdPAI | debug] ApplyEffect [Before] ID=InstanceId(-9223369105959003298): agent props = {"held_item": "", "hunger": 95.0603725, "entity": null}
[GdPAI | debug] ApplyEffect [After] ID=InstanceId(-9223369105959003298): agent props = {"held_item": "", "hunger": 95.0603725, "entity": null}
[GdPAI | debug]   Snapshotting prop: held_item = Str("") (Variant type: STRING)
[GdPAI | debug]   Snapshotting prop: hunger = Float(95.0603725) (Variant type: FLOAT)
[GdPAI | debug]   Snapshotting prop: entity = Nil (Variant type: NIL)
WARNING: [GdPAI] ObjectRef(124621163998): object was freed before callback; returning Nil.
   at: gdplanningai_rust::logger::process_logs (src\logger.rs:66)
   GDScript backtrace (most recent call first):
       [0] _start_plan_and_wait (res://test/integration/test_campfire_example_smoke.gd:57)
[GdPAI | debug] ApplyEffect [Before] ID=InstanceId(-9223369105237583027): agent props = {"held_item": "", "hunger": 70.0627442063492, "entity": null}
[GdPAI | debug] ApplyEffect [After] ID=InstanceId(-9223369105237583027): agent props = {"held_item": "", "hunger": 70.0627442063492, "entity": null}
[GdPAI | debug]   Snapshotting prop: held_item = Str("") (Variant type: STRING)
[GdPAI | debug]   Snapshotting prop: hunger = Float(70.0627442063492) (Variant type: FLOAT)
[GdPAI | debug]   Snapshotting prop: entity = Nil (Variant type: NIL)
WARNING: [GdPAI] ObjectRef(1382643928884): object was freed before callback; returning Nil.
   at: gdplanningai_rust::logger::process_logs (src\logger.rs:66)
   GDScript backtrace (most recent call first):
       [0] _start_plan_and_wait (res://test/integration/test_campfire_example_smoke.gd:57)
[GdPAI | debug] GetCost: callable returned non-numeric value: null; returning INFINITY
WARNING: [GdPAI] ObjectRef(124621163998): object was freed before callback; returning Nil.
   at: gdplanningai_rust::logger::process_logs (src\logger.rs:66)
   GDScript backtrace (most recent call first):
       [0] _process (res://addons/GdPlanningAI/gdpai_autoload.gd:21)
WARNING: [GdPAI] ObjectRef(124134624705): object was freed before callback; returning Nil.
   at: gdplanningai_rust::logger::process_logs (src\logger.rs:66)
   GDScript backtrace (most recent call first):
       [0] _process (res://addons/GdPlanningAI/gdpai_autoload.gd:21)
WARNING: [GdPAI] ObjectRef(124134624705): object was freed before callback; returning Nil.
   at: gdplanningai_rust::logger::process_logs (src\logger.rs:66)
   GDScript backtrace (most recent call first):
       [0] _process (res://addons/GdPlanningAI/gdpai_autoload.gd:21)
[GdPAI | debug] GetCost: callable returned non-numeric value: null; returning INFINITY
WARNING: [GdPAI] ObjectRef(1382643928884): object was freed before callback; returning Nil.
   at: gdplanningai_rust::logger::process_logs (src\logger.rs:66)
   GDScript backtrace (most recent call first):
       [0] _process (res://addons/GdPlanningAI/gdpai_autoload.gd:21)
[GdPAI | debug] ApplyEffect [Before] ID=InstanceId(-9223369103408866463): agent props = {"entity": null, "held_item": "", "hunger": 95.0603725}
[GdPAI | debug] ApplyEffect [After] ID=InstanceId(-9223369103408866463): agent props = {"entity": null, "held_item": "", "hunger": 95.0603725}
[GdPAI | debug]   Snapshotting prop: entity = Nil (Variant type: NIL)
[GdPAI | debug]   Snapshotting prop: held_item = Str("") (Variant type: STRING)
[GdPAI | debug]   Snapshotting prop: hunger = Float(95.0603725) (Variant type: FLOAT)
WARNING: [GdPAI] ObjectRef(124621163998): object was freed before callback; returning Nil.
   at: gdplanningai_rust::logger::process_logs (src\logger.rs:66)
   GDScript backtrace (most recent call first):
       [0] _start_plan_and_wait (res://test/integration/test_campfire_example_smoke.gd:57)
WARNING: [GdPAI] ObjectRef(124134624705): object was freed before callback; returning Nil.
   at: gdplanningai_rust::logger::process_logs (src\logger.rs:66)
   GDScript backtrace (most recent call first):
       [0] _start_plan_and_wait (res://test/integration/test_campfire_example_smoke.gd:57)
WARNING: [GdPAI] ObjectRef(124134624705): object was freed before callback; returning Nil.
   at: gdplanningai_rust::logger::process_logs (src\logger.rs:66)
   GDScript backtrace (most recent call first):
       [0] _start_plan_and_wait (res://test/integration/test_campfire_example_smoke.gd:57)
[GdPAI | debug] ApplyEffect [Before] ID=InstanceId(-9223369102637114531): agent props = {"held_item": "", "hunger": 70.0627442063492, "entity": null, "at_target": null}
[GdPAI | debug] ApplyEffect [After] ID=InstanceId(-9223369102637114531): agent props = {"held_item": "", "hunger": 70.0627442063492, "entity": null, "at_target": null}
[GdPAI | debug]   Snapshotting prop: held_item = Str("") (Variant type: STRING)
[GdPAI | debug]   Snapshotting prop: hunger = Float(70.0627442063492) (Variant type: FLOAT)
[GdPAI | debug]   Snapshotting prop: entity = Nil (Variant type: NIL)
[GdPAI | debug]   Snapshotting prop: at_target = Nil (Variant type: NIL)
WARNING: [GdPAI] ObjectRef(1382643928884): object was freed before callback; returning Nil.
   at: gdplanningai_rust::logger::process_logs (src\logger.rs:66)
   GDScript backtrace (most recent call first):
       [0] _start_plan_and_wait (res://test/integration/test_campfire_example_smoke.gd:57)
WARNING: [GdPAI] ObjectRef(1382157389614): object was freed before callback; returning Nil.
   at: gdplanningai_rust::logger::process_logs (src\logger.rs:66)
   GDScript backtrace (most recent call first):
       [0] _start_plan_and_wait (res://test/integration/test_campfire_example_smoke.gd:57)
WARNING: [GdPAI] ObjectRef(1382157389614): object was freed before callback; returning Nil.
   at: gdplanningai_rust::logger::process_logs (src\logger.rs:66)
   GDScript backtrace (most recent call first):
       [0] _start_plan_and_wait (res://test/integration/test_campfire_example_smoke.gd:57)
[GdPAI | debug] GetCost: callable returned non-numeric value: null; returning INFINITY
WARNING: [GdPAI] ObjectRef(124621163998): object was freed before callback; returning Nil.
   at: gdplanningai_rust::logger::process_logs (src\logger.rs:66)
   GDScript backtrace (most recent call first):
       [0] _process (res://addons/GdPlanningAI/gdpai_autoload.gd:21)
WARNING: [GdPAI] ObjectRef(124134624705): object was freed before callback; returning Nil.
   at: gdplanningai_rust::logger::process_logs (src\logger.rs:66)
   GDScript backtrace (most recent call first):
       [0] _process (res://addons/GdPlanningAI/gdpai_autoload.gd:21)
WARNING: [GdPAI] ObjectRef(124134624705): object was freed before callback; returning Nil.
   at: gdplanningai_rust::logger::process_logs (src\logger.rs:66)
   GDScript backtrace (most recent call first):
       [0] _process (res://addons/GdPlanningAI/gdpai_autoload.gd:21)
[GdPAI | debug] GetCost: callable returned non-numeric value: null; returning INFINITY
WARNING: [GdPAI] ObjectRef(1382643928884): object was freed before callback; returning Nil.
   at: gdplanningai_rust::logger::process_logs (src\logger.rs:66)
   GDScript backtrace (most recent call first):
       [0] _process (res://addons/GdPlanningAI/gdpai_autoload.gd:21)
WARNING: [GdPAI] ObjectRef(1382157389614): object was freed before callback; returning Nil.
   at: gdplanningai_rust::logger::process_logs (src\logger.rs:66)
   GDScript backtrace (most recent call first):
       [0] _process (res://addons/GdPlanningAI/gdpai_autoload.gd:21)
WARNING: [GdPAI] ObjectRef(1382157389614): object was freed before callback; returning Nil.
   at: gdplanningai_rust::logger::process_logs (src\logger.rs:66)
   GDScript backtrace (most recent call first):
       [0] _process (res://addons/GdPlanningAI/gdpai_autoload.gd:21)
[GdPAI | debug] ApplyEffect [Before] ID=InstanceId(-9223369100607071403): agent props = {"entity": null, "at_target": null, "held_item": "", "hunger": 95.0603725}
[GdPAI | debug] ApplyEffect [After] ID=InstanceId(-9223369100607071403): agent props = {"entity": null, "at_target": null, "held_item": "", "hunger": 95.0603725}
[GdPAI | debug]   Snapshotting prop: entity = Nil (Variant type: NIL)
[GdPAI | debug]   Snapshotting prop: at_target = Nil (Variant type: NIL)
[GdPAI | debug]   Snapshotting prop: held_item = Str("") (Variant type: STRING)
[GdPAI | debug]   Snapshotting prop: hunger = Float(95.0603725) (Variant type: FLOAT)
WARNING: [GdPAI] ObjectRef(124621163998): object was freed before callback; returning Nil.
   at: gdplanningai_rust::logger::process_logs (src\logger.rs:66)
   GDScript backtrace (most recent call first):
       [0] _start_plan_and_wait (res://test/integration/test_campfire_example_smoke.gd:57)
WARNING: [GdPAI] ObjectRef(124134624705): object was freed before callback; returning Nil.
   at: gdplanningai_rust::logger::process_logs (src\logger.rs:66)
   GDScript backtrace (most recent call first):
       [0] _start_plan_and_wait (res://test/integration/test_campfire_example_smoke.gd:57)
WARNING: [GdPAI] ObjectRef(124134624705): object was freed before callback; returning Nil.
   at: gdplanningai_rust::logger::process_logs (src\logger.rs:66)
   GDScript backtrace (most recent call first):
       [0] _start_plan_and_wait (res://test/integration/test_campfire_example_smoke.gd:57)
[GdPAI | debug] ApplyEffect [Before] ID=InstanceId(-9223369099734656094): agent props = {"entity": null, "hunger": 70.0627442063492, "held_item": "", "at_target": null}
[GdPAI | debug] ApplyEffect [After] ID=InstanceId(-9223369099734656094): agent props = {"entity": null, "hunger": 70.0627442063492, "held_item": "", "at_target": null}
[GdPAI | debug]   Snapshotting prop: entity = Nil (Variant type: NIL)
[GdPAI | debug]   Snapshotting prop: hunger = Float(70.0627442063492) (Variant type: FLOAT)
[GdPAI | debug]   Snapshotting prop: held_item = Str("") (Variant type: STRING)
[GdPAI | debug]   Snapshotting prop: at_target = Nil (Variant type: NIL)
WARNING: [GdPAI] ObjectRef(1382643928884): object was freed before callback; returning Nil.
   at: gdplanningai_rust::logger::process_logs (src\logger.rs:66)
   GDScript backtrace (most recent call first):
       [0] _start_plan_and_wait (res://test/integration/test_campfire_example_smoke.gd:57)
WARNING: [GdPAI] ObjectRef(1382157389614): object was freed before callback; returning Nil.
   at: gdplanningai_rust::logger::process_logs (src\logger.rs:66)
   GDScript backtrace (most recent call first):
       [0] _start_plan_and_wait (res://test/integration/test_campfire_example_smoke.gd:57)
WARNING: [GdPAI] ObjectRef(1382157389614): object was freed before callback; returning Nil.
   at: gdplanningai_rust::logger::process_logs (src\logger.rs:66)
   GDScript backtrace (most recent call first):
       [0] _start_plan_and_wait (res://test/integration/test_campfire_example_smoke.gd:57)
[GdPAI | debug] GetCost: callable returned non-numeric value: null; returning INFINITY
WARNING: [GdPAI] ObjectRef(124621163998): object was freed before callback; returning Nil.
   at: gdplanningai_rust::logger::process_logs (src\logger.rs:66)
   GDScript backtrace (most recent call first):
       [0] _process (res://addons/GdPlanningAI/gdpai_autoload.gd:21)
[GdPAI | debug] GetCost: callable returned non-numeric value: null; returning INFINITY
WARNING: [GdPAI] ObjectRef(1382643928884): object was freed before callback; returning Nil.
   at: gdplanningai_rust::logger::process_logs (src\logger.rs:66)
   GDScript backtrace (most recent call first):
       [0] _process (res://addons/GdPlanningAI/gdpai_autoload.gd:21)
WARNING: [GdPAI] ObjectRef(1382157389614): object was freed before callback; returning Nil.
   at: gdplanningai_rust::logger::process_logs (src\logger.rs:66)
   GDScript backtrace (most recent call first):
       [0] _process (res://addons/GdPlanningAI/gdpai_autoload.gd:21)
WARNING: [GdPAI] ObjectRef(1382157389614): object was freed before callback; returning Nil.
   at: gdplanningai_rust::logger::process_logs (src\logger.rs:66)
   GDScript backtrace (most recent call first):
       [0] _process (res://addons/GdPlanningAI/gdpai_autoload.gd:21)
[GdPAI | debug] ApplyEffect [Before] ID=InstanceId(-9223369097704612976): agent props = {"held_item": "", "hunger": 95.0603725, "at_target": null, "entity": null}
[GdPAI | debug] ApplyEffect [After] ID=InstanceId(-9223369097704612976): agent props = {"held_item": "", "hunger": 95.0603725, "at_target": null, "entity": null}
[GdPAI | debug]   Snapshotting prop: held_item = Str("") (Variant type: STRING)
[GdPAI | debug]   Snapshotting prop: hunger = Float(95.0603725) (Variant type: FLOAT)
[GdPAI | debug]   Snapshotting prop: at_target = Nil (Variant type: NIL)
[GdPAI | debug]   Snapshotting prop: entity = Nil (Variant type: NIL)
WARNING: [GdPAI] ObjectRef(124621163998): object was freed before callback; returning Nil.
   at: gdplanningai_rust::logger::process_logs (src\logger.rs:66)
   GDScript backtrace (most recent call first):
       [0] _start_plan_and_wait (res://test/integration/test_campfire_example_smoke.gd:57)
[GdPAI | debug] ApplyEffect [Before] ID=InstanceId(-9223369096932860986): agent props = {"entity": null, "held_item": "wood", "at_target": null, "hunger": 70.0627442063492}
[GdPAI | debug] ApplyEffect [After] ID=InstanceId(-9223369096932860986): agent props = {"entity": null, "held_item": "wood", "at_target": null, "hunger": 70.0627442063492}
[GdPAI | debug]   Snapshotting prop: entity = Nil (Variant type: NIL)
[GdPAI | debug]   Snapshotting prop: held_item = Str("wood") (Variant type: STRING)
[GdPAI | debug]   Snapshotting prop: at_target = Nil (Variant type: NIL)
[GdPAI | debug]   Snapshotting prop: hunger = Float(70.0627442063492) (Variant type: FLOAT)
WARNING: [GdPAI] ObjectRef(1382643928884): object was freed before callback; returning Nil.
   at: gdplanningai_rust::logger::process_logs (src\logger.rs:66)
   GDScript backtrace (most recent call first):
       [0] _start_plan_and_wait (res://test/integration/test_campfire_example_smoke.gd:57)
[GdPAI | debug] GetCost: callable returned non-numeric value: null; returning INFINITY
WARNING: [GdPAI] ObjectRef(124621163998): object was freed before callback; returning Nil.
   at: gdplanningai_rust::logger::process_logs (src\logger.rs:66)
   GDScript backtrace (most recent call first):
       [0] _process (res://addons/GdPlanningAI/gdpai_autoload.gd:21)
WARNING: [GdPAI] ObjectRef(124621163998): object was freed before callback; returning Nil.
   at: gdplanningai_rust::logger::process_logs (src\logger.rs:66)
   GDScript backtrace (most recent call first):
       [0] _process (res://addons/GdPlanningAI/gdpai_autoload.gd:21)
[GdPAI | debug] GetCost: callable returned non-numeric value: null; returning INFINITY
WARNING: [GdPAI] ObjectRef(1382643928884): object was freed before callback; returning Nil.
   at: gdplanningai_rust::logger::process_logs (src\logger.rs:66)
   GDScript backtrace (most recent call first):
       [0] _process (res://addons/GdPlanningAI/gdpai_autoload.gd:21)
[GdPAI | debug] ApplyEffect [Before] ID=InstanceId(-9223369095104144447): agent props = {"hunger": 95.0603725, "entity": null, "held_item": "wood", "at_target": null}
[GdPAI | debug] ApplyEffect [After] ID=InstanceId(-9223369095104144447): agent props = {"hunger": 95.0603725, "entity": null, "held_item": "wood", "at_target": null}
[GdPAI | debug]   Snapshotting prop: hunger = Float(95.0603725) (Variant type: FLOAT)
[GdPAI | debug]   Snapshotting prop: entity = Nil (Variant type: NIL)
[GdPAI | debug]   Snapshotting prop: held_item = Str("wood") (Variant type: STRING)
[GdPAI | debug]   Snapshotting prop: at_target = Nil (Variant type: NIL)
WARNING: [GdPAI] ObjectRef(124621163998): object was freed before callback; returning Nil.
   at: gdplanningai_rust::logger::process_logs (src\logger.rs:66)
   GDScript backtrace (most recent call first):
       [0] _start_plan_and_wait (res://test/integration/test_campfire_example_smoke.gd:57)
WARNING: [GdPAI] ObjectRef(124621163998): object was freed before callback; returning Nil.
   at: gdplanningai_rust::logger::process_logs (src\logger.rs:66)
   GDScript backtrace (most recent call first):
       [0] _start_plan_and_wait (res://test/integration/test_campfire_example_smoke.gd:57)
[GdPAI | debug] ApplyEffect [Before] ID=InstanceId(-9223369094382724161): agent props = {"held_item": "", "entity": null, "hunger": 70.0627442063492}
[GdPAI | debug] ApplyEffect [After] ID=InstanceId(-9223369094382724161): agent props = {"held_item": "", "entity": null, "hunger": 70.0627442063492}
[GdPAI | debug]   Snapshotting prop: held_item = Str("") (Variant type: STRING)
[GdPAI | debug]   Snapshotting prop: entity = Nil (Variant type: NIL)
[GdPAI | debug]   Snapshotting prop: hunger = Float(70.0627442063492) (Variant type: FLOAT)
WARNING: [GdPAI] ObjectRef(1382643928884): object was freed before callback; returning Nil.
   at: gdplanningai_rust::logger::process_logs (src\logger.rs:66)
   GDScript backtrace (most recent call first):
       [0] _start_plan_and_wait (res://test/integration/test_campfire_example_smoke.gd:57)
WARNING: [GdPAI] ObjectRef(1382643928884): object was freed before callback; returning Nil.
   at: gdplanningai_rust::logger::process_logs (src\logger.rs:66)
   GDScript backtrace (most recent call first):
       [0] _start_plan_and_wait (res://test/integration/test_campfire_example_smoke.gd:57)
[GdPAI | debug] GetCost: callable returned non-numeric value: null; returning INFINITY
WARNING: [GdPAI] ObjectRef(124621163998): object was freed before callback; returning Nil.
   at: gdplanningai_rust::logger::process_logs (src\logger.rs:66)
   GDScript backtrace (most recent call first):
       [0] _process (res://addons/GdPlanningAI/gdpai_autoload.gd:21)
[GdPAI | debug] GetCost: callable returned non-numeric value: null; returning INFINITY
WARNING: [GdPAI] ObjectRef(1382643928884): object was freed before callback; returning Nil.
   at: gdplanningai_rust::logger::process_logs (src\logger.rs:66)
   GDScript backtrace (most recent call first):
       [0] _process (res://addons/GdPlanningAI/gdpai_autoload.gd:21)
WARNING: [GdPAI] ObjectRef(1382643928884): object was freed before callback; returning Nil.
   at: gdplanningai_rust::logger::process_logs (src\logger.rs:66)
   GDScript backtrace (most recent call first):
       [0] _process (res://addons/GdPlanningAI/gdpai_autoload.gd:21)
[GdPAI | debug] ApplyEffect [Before] ID=InstanceId(-9223369092453344326): agent props = {"entity": null, "held_item": "", "hunger": 95.0603725}
[GdPAI | debug] ApplyEffect [After] ID=InstanceId(-9223369092453344326): agent props = {"entity": null, "held_item": "", "hunger": 95.0603725}
[GdPAI | debug]   Snapshotting prop: entity = Nil (Variant type: NIL)
[GdPAI | debug]   Snapshotting prop: held_item = Str("") (Variant type: STRING)
[GdPAI | debug]   Snapshotting prop: hunger = Float(95.0603725) (Variant type: FLOAT)
WARNING: [GdPAI] ObjectRef(124621163998): object was freed before callback; returning Nil.
   at: gdplanningai_rust::logger::process_logs (src\logger.rs:66)
   GDScript backtrace (most recent call first):
       [0] _start_plan_and_wait (res://test/integration/test_campfire_example_smoke.gd:57)
[GdPAI | debug] ApplyEffect [Before] ID=InstanceId(-9223369091731924029): agent props = {"entity": null, "hunger": 70.0627442063492, "held_item": ""}
[GdPAI | debug] ApplyEffect [After] ID=InstanceId(-9223369091731924029): agent props = {"entity": null, "hunger": 70.0627442063492, "held_item": ""}
[GdPAI | debug]   Snapshotting prop: entity = Nil (Variant type: NIL)
[GdPAI | debug]   Snapshotting prop: hunger = Float(70.0627442063492) (Variant type: FLOAT)
[GdPAI | debug]   Snapshotting prop: held_item = Str("") (Variant type: STRING)
WARNING: [GdPAI] ObjectRef(1382643928884): object was freed before callback; returning Nil.
   at: gdplanningai_rust::logger::process_logs (src\logger.rs:66)
   GDScript backtrace (most recent call first):
       [0] _start_plan_and_wait (res://test/integration/test_campfire_example_smoke.gd:57)
[GdPAI | debug] GetCost: callable returned non-numeric value: null; returning INFINITY
WARNING: [GdPAI] ObjectRef(124621163998): object was freed before callback; returning Nil.
   at: gdplanningai_rust::logger::process_logs (src\logger.rs:66)
   GDScript backtrace (most recent call first):
       [0] _process (res://addons/GdPlanningAI/gdpai_autoload.gd:21)
[GdPAI | debug] GetCost: callable returned non-numeric value: null; returning INFINITY
WARNING: [GdPAI] ObjectRef(1382643928884): object was freed before callback; returning Nil.
   at: gdplanningai_rust::logger::process_logs (src\logger.rs:66)
   GDScript backtrace (most recent call first):
       [0] _process (res://addons/GdPlanningAI/gdpai_autoload.gd:21)
[GdPAI | debug] ApplyEffect [Before] ID=InstanceId(-9223369089903207445): agent props = {"entity": null, "hunger": 95.0603725, "held_item": ""}
[GdPAI | debug] ApplyEffect [After] ID=InstanceId(-9223369089903207445): agent props = {"entity": null, "hunger": 95.0603725, "held_item": ""}
[GdPAI | debug]   Snapshotting prop: entity = Nil (Variant type: NIL)
[GdPAI | debug]   Snapshotting prop: hunger = Float(95.0603725) (Variant type: FLOAT)
[GdPAI | debug]   Snapshotting prop: held_item = Str("") (Variant type: STRING)
WARNING: [GdPAI] ObjectRef(124621163998): object was freed before callback; returning Nil.
   at: gdplanningai_rust::logger::process_logs (src\logger.rs:66)
   GDScript backtrace (most recent call first):
       [0] _start_plan_and_wait (res://test/integration/test_campfire_example_smoke.gd:57)
[GdPAI | debug] ApplyEffect [Before] ID=InstanceId(-9223369089232118795): agent props = {"hunger": 70.0627442063492, "held_item": "", "entity": null}
[GdPAI | debug] ApplyEffect [After] ID=InstanceId(-9223369089232118795): agent props = {"hunger": 70.0627442063492, "held_item": "", "entity": null}
[GdPAI | debug]   Snapshotting prop: hunger = Float(70.0627442063492) (Variant type: FLOAT)
[GdPAI | debug]   Snapshotting prop: held_item = Str("") (Variant type: STRING)
[GdPAI | debug]   Snapshotting prop: entity = Nil (Variant type: NIL)
WARNING: [GdPAI] ObjectRef(1382643928884): object was freed before callback; returning Nil.
   at: gdplanningai_rust::logger::process_logs (src\logger.rs:66)
   GDScript backtrace (most recent call first):
       [0] _start_plan_and_wait (res://test/integration/test_campfire_example_smoke.gd:57)
WARNING: [GdPAI] ObjectRef(1382157389614): object was freed before callback; returning Nil.
   at: gdplanningai_rust::logger::process_logs (src\logger.rs:66)
   GDScript backtrace (most recent call first):
       [0] _start_plan_and_wait (res://test/integration/test_campfire_example_smoke.gd:57)
WARNING: [GdPAI] ObjectRef(1382157389614): object was freed before callback; returning Nil.
   at: gdplanningai_rust::logger::process_logs (src\logger.rs:66)
   GDScript backtrace (most recent call first):
       [0] _start_plan_and_wait (res://test/integration/test_campfire_example_smoke.gd:57)
[GdPAI | debug] GetCost: callable returned non-numeric value: null; returning INFINITY
WARNING: [GdPAI] ObjectRef(124621163998): object was freed before callback; returning Nil.
   at: gdplanningai_rust::logger::process_logs (src\logger.rs:66)
   GDScript backtrace (most recent call first):
       [0] _process (res://addons/GdPlanningAI/gdpai_autoload.gd:21)
WARNING: [GdPAI] ObjectRef(124134624705): object was freed before callback; returning Nil.
   at: gdplanningai_rust::logger::process_logs (src\logger.rs:66)
   GDScript backtrace (most recent call first):
       [0] _process (res://addons/GdPlanningAI/gdpai_autoload.gd:21)
WARNING: [GdPAI] ObjectRef(124134624705): object was freed before callback; returning Nil.
   at: gdplanningai_rust::logger::process_logs (src\logger.rs:66)
   GDScript backtrace (most recent call first):
       [0] _process (res://addons/GdPlanningAI/gdpai_autoload.gd:21)
[GdPAI | debug] GetCost: callable returned non-numeric value: null; returning INFINITY
WARNING: [GdPAI] ObjectRef(1382643928884): object was freed before callback; returning Nil.
   at: gdplanningai_rust::logger::process_logs (src\logger.rs:66)
   GDScript backtrace (most recent call first):
       [0] _process (res://addons/GdPlanningAI/gdpai_autoload.gd:21)
WARNING: [GdPAI] ObjectRef(1382157389614): object was freed before callback; returning Nil.
   at: gdplanningai_rust::logger::process_logs (src\logger.rs:66)
   GDScript backtrace (most recent call first):
       [0] _process (res://addons/GdPlanningAI/gdpai_autoload.gd:21)
WARNING: [GdPAI] ObjectRef(1382157389614): object was freed before callback; returning Nil.
   at: gdplanningai_rust::logger::process_logs (src\logger.rs:66)
   GDScript backtrace (most recent call first):
       [0] _process (res://addons/GdPlanningAI/gdpai_autoload.gd:21)
[GdPAI | debug] ApplyEffect [Before] ID=InstanceId(-9223369087302738949): agent props = {"entity": null, "held_item": "", "at_target": null, "hunger": 95.0603725}
[GdPAI | debug] ApplyEffect [After] ID=InstanceId(-9223369087302738949): agent props = {"entity": null, "held_item": "", "at_target": null, "hunger": 95.0603725}
[GdPAI | debug]   Snapshotting prop: entity = Nil (Variant type: NIL)
[GdPAI | debug]   Snapshotting prop: held_item = Str("") (Variant type: STRING)
[GdPAI | debug]   Snapshotting prop: at_target = Nil (Variant type: NIL)
[GdPAI | debug]   Snapshotting prop: hunger = Float(95.0603725) (Variant type: FLOAT)
WARNING: [GdPAI] ObjectRef(124621163998): object was freed before callback; returning Nil.
   at: gdplanningai_rust::logger::process_logs (src\logger.rs:66)
   GDScript backtrace (most recent call first):
       [0] _start_plan_and_wait (res://test/integration/test_campfire_example_smoke.gd:57)
WARNING: [GdPAI] ObjectRef(124134624705): object was freed before callback; returning Nil.
   at: gdplanningai_rust::logger::process_logs (src\logger.rs:66)
   GDScript backtrace (most recent call first):
       [0] _start_plan_and_wait (res://test/integration/test_campfire_example_smoke.gd:57)
WARNING: [GdPAI] ObjectRef(124134624705): object was freed before callback; returning Nil.
   at: gdplanningai_rust::logger::process_logs (src\logger.rs:66)
   GDScript backtrace (most recent call first):
       [0] _start_plan_and_wait (res://test/integration/test_campfire_example_smoke.gd:57)
[GdPAI | debug] ApplyEffect [Before] ID=InstanceId(-9223369086430323686): agent props = {"held_item": "", "at_target": null, "entity": null, "hunger": 70.0627442063492}
[GdPAI | debug] ApplyEffect [After] ID=InstanceId(-9223369086430323686): agent props = {"held_item": "", "at_target": null, "entity": null, "hunger": 70.0627442063492}
[GdPAI | debug]   Snapshotting prop: held_item = Str("") (Variant type: STRING)
[GdPAI | debug]   Snapshotting prop: at_target = Nil (Variant type: NIL)
[GdPAI | debug]   Snapshotting prop: entity = Nil (Variant type: NIL)
[GdPAI | debug]   Snapshotting prop: hunger = Float(70.0627442063492) (Variant type: FLOAT)
WARNING: [GdPAI] ObjectRef(1382643928884): object was freed before callback; returning Nil.
   at: gdplanningai_rust::logger::process_logs (src\logger.rs:66)
   GDScript backtrace (most recent call first):
       [0] _start_plan_and_wait (res://test/integration/test_campfire_example_smoke.gd:57)
WARNING: [GdPAI] ObjectRef(1382157389614): object was freed before callback; returning Nil.
   at: gdplanningai_rust::logger::process_logs (src\logger.rs:66)
   GDScript backtrace (most recent call first):
       [0] _start_plan_and_wait (res://test/integration/test_campfire_example_smoke.gd:57)
WARNING: [GdPAI] ObjectRef(1382157389614): object was freed before callback; returning Nil.
   at: gdplanningai_rust::logger::process_logs (src\logger.rs:66)
   GDScript backtrace (most recent call first):
       [0] _start_plan_and_wait (res://test/integration/test_campfire_example_smoke.gd:57)
[GdPAI | debug] GetCost: callable returned non-numeric value: null; returning INFINITY
WARNING: [GdPAI] ObjectRef(124621163998): object was freed before callback; returning Nil.
   at: gdplanningai_rust::logger::process_logs (src\logger.rs:66)
   GDScript backtrace (most recent call first):
       [0] _process (res://addons/GdPlanningAI/gdpai_autoload.gd:21)
WARNING: [GdPAI] ObjectRef(124134624705): object was freed before callback; returning Nil.
   at: gdplanningai_rust::logger::process_logs (src\logger.rs:66)
   GDScript backtrace (most recent call first):
       [0] _process (res://addons/GdPlanningAI/gdpai_autoload.gd:21)
WARNING: [GdPAI] ObjectRef(124134624705): object was freed before callback; returning Nil.
   at: gdplanningai_rust::logger::process_logs (src\logger.rs:66)
   GDScript backtrace (most recent call first):
       [0] _process (res://addons/GdPlanningAI/gdpai_autoload.gd:21)
[GdPAI | debug] GetCost: callable returned non-numeric value: null; returning INFINITY
WARNING: [GdPAI] ObjectRef(1382643928884): object was freed before callback; returning Nil.
   at: gdplanningai_rust::logger::process_logs (src\logger.rs:66)
   GDScript backtrace (most recent call first):
       [0] _process (res://addons/GdPlanningAI/gdpai_autoload.gd:21)
WARNING: [GdPAI] ObjectRef(1382157389614): object was freed before callback; returning Nil.
   at: gdplanningai_rust::logger::process_logs (src\logger.rs:66)
   GDScript backtrace (most recent call first):
       [0] _process (res://addons/GdPlanningAI/gdpai_autoload.gd:21)
WARNING: [GdPAI] ObjectRef(1382157389614): object was freed before callback; returning Nil.
   at: gdplanningai_rust::logger::process_logs (src\logger.rs:66)
   GDScript backtrace (most recent call first):
       [0] _process (res://addons/GdPlanningAI/gdpai_autoload.gd:21)
[GdPAI | debug] ApplyEffect [Before] ID=InstanceId(-9223369084400280621): agent props = {"held_item": "", "at_target": null, "entity": null, "hunger": 95.0603725}
[GdPAI | debug] ApplyEffect [After] ID=InstanceId(-9223369084400280621): agent props = {"held_item": "", "at_target": null, "entity": null, "hunger": 95.0603725}
[GdPAI | debug]   Snapshotting prop: held_item = Str("") (Variant type: STRING)
[GdPAI | debug]   Snapshotting prop: at_target = Nil (Variant type: NIL)
[GdPAI | debug]   Snapshotting prop: entity = Nil (Variant type: NIL)
[GdPAI | debug]   Snapshotting prop: hunger = Float(95.0603725) (Variant type: FLOAT)
WARNING: [GdPAI] ObjectRef(124621163998): object was freed before callback; returning Nil.
   at: gdplanningai_rust::logger::process_logs (src\logger.rs:66)
   GDScript backtrace (most recent call first):
       [0] _start_plan_and_wait (res://test/integration/test_campfire_example_smoke.gd:57)
WARNING: [GdPAI] ObjectRef(124134624705): object was freed before callback; returning Nil.
   at: gdplanningai_rust::logger::process_logs (src\logger.rs:66)
   GDScript backtrace (most recent call first):
       [0] _start_plan_and_wait (res://test/integration/test_campfire_example_smoke.gd:57)
WARNING: [GdPAI] ObjectRef(124134624705): object was freed before callback; returning Nil.
   at: gdplanningai_rust::logger::process_logs (src\logger.rs:66)
   GDScript backtrace (most recent call first):
       [0] _start_plan_and_wait (res://test/integration/test_campfire_example_smoke.gd:57)
[GdPAI | debug] ApplyEffect [Before] ID=InstanceId(-9223369083527865290): agent props = {"held_item": "", "at_target": null, "hunger": 70.0627442063492, "entity": null}
[GdPAI | debug] ApplyEffect [After] ID=InstanceId(-9223369083527865290): agent props = {"held_item": "", "at_target": null, "hunger": 70.0627442063492, "entity": null}
[GdPAI | debug]   Snapshotting prop: held_item = Str("") (Variant type: STRING)
[GdPAI | debug]   Snapshotting prop: at_target = Nil (Variant type: NIL)
[GdPAI | debug]   Snapshotting prop: hunger = Float(70.0627442063492) (Variant type: FLOAT)
[GdPAI | debug]   Snapshotting prop: entity = Nil (Variant type: NIL)
WARNING: [GdPAI] ObjectRef(1382643928884): object was freed before callback; returning Nil.
   at: gdplanningai_rust::logger::process_logs (src\logger.rs:66)
   GDScript backtrace (most recent call first):
       [0] _start_plan_and_wait (res://test/integration/test_campfire_example_smoke.gd:57)
[GdPAI | debug] GetCost: callable returned non-numeric value: null; returning INFINITY
WARNING: [GdPAI] ObjectRef(124621163998): object was freed before callback; returning Nil.
   at: gdplanningai_rust::logger::process_logs (src\logger.rs:66)
   GDScript backtrace (most recent call first):
       [0] _process (res://addons/GdPlanningAI/gdpai_autoload.gd:21)
[GdPAI | debug] GetCost: callable returned non-numeric value: null; returning INFINITY
WARNING: [GdPAI] ObjectRef(1382643928884): object was freed before callback; returning Nil.
   at: gdplanningai_rust::logger::process_logs (src\logger.rs:66)
   GDScript backtrace (most recent call first):
       [0] _process (res://addons/GdPlanningAI/gdpai_autoload.gd:21)
[GdPAI | debug] ApplyEffect [Before] ID=InstanceId(-9223369081598485479): agent props = {"entity": null, "held_item": "wood", "at_target": null, "hunger": 95.0603725}
[GdPAI | debug] ApplyEffect [After] ID=InstanceId(-9223369081598485479): agent props = {"entity": null, "held_item": "wood", "at_target": null, "hunger": 95.0603725}
[GdPAI | debug]   Snapshotting prop: entity = Nil (Variant type: NIL)
[GdPAI | debug]   Snapshotting prop: held_item = Str("wood") (Variant type: STRING)
[GdPAI | debug]   Snapshotting prop: at_target = Nil (Variant type: NIL)
[GdPAI | debug]   Snapshotting prop: hunger = Float(95.0603725) (Variant type: FLOAT)
WARNING: [GdPAI] ObjectRef(124621163998): object was freed before callback; returning Nil.
   at: gdplanningai_rust::logger::process_logs (src\logger.rs:66)
   GDScript backtrace (most recent call first):
       [0] _start_plan_and_wait (res://test/integration/test_campfire_example_smoke.gd:57)
[GdPAI | debug] ApplyEffect [Before] ID=InstanceId(-9223369080927396778): agent props = {"hunger": 70.0627442063492, "held_item": "wood", "at_target": null, "entity": null}
[GdPAI | debug] ApplyEffect [After] ID=InstanceId(-9223369080927396778): agent props = {"hunger": 70.0627442063492, "held_item": "wood", "at_target": null, "entity": null}
[GdPAI | debug]   Snapshotting prop: hunger = Float(70.0627442063492) (Variant type: FLOAT)
[GdPAI | debug]   Snapshotting prop: held_item = Str("wood") (Variant type: STRING)
[GdPAI | debug]   Snapshotting prop: at_target = Nil (Variant type: NIL)
[GdPAI | debug]   Snapshotting prop: entity = Nil (Variant type: NIL)
WARNING: [GdPAI] ObjectRef(1382643928884): object was freed before callback; returning Nil.
   at: gdplanningai_rust::logger::process_logs (src\logger.rs:66)
   GDScript backtrace (most recent call first):
       [0] _start_plan_and_wait (res://test/integration/test_campfire_example_smoke.gd:57)
WARNING: [GdPAI] ObjectRef(1382643928884): object was freed before callback; returning Nil.
   at: gdplanningai_rust::logger::process_logs (src\logger.rs:66)
   GDScript backtrace (most recent call first):
       [0] _start_plan_and_wait (res://test/integration/test_campfire_example_smoke.gd:57)
[GdPAI | debug] GetCost: callable returned non-numeric value: null; returning INFINITY
WARNING: [GdPAI] ObjectRef(124621163998): object was freed before callback; returning Nil.
   at: gdplanningai_rust::logger::process_logs (src\logger.rs:66)
   GDScript backtrace (most recent call first):
       [0] _process (res://addons/GdPlanningAI/gdpai_autoload.gd:21)
WARNING: [GdPAI] ObjectRef(124621163998): object was freed before callback; returning Nil.
   at: gdplanningai_rust::logger::process_logs (src\logger.rs:66)
   GDScript backtrace (most recent call first):
       [0] _process (res://addons/GdPlanningAI/gdpai_autoload.gd:21)
[GdPAI | debug] GetCost: callable returned non-numeric value: null; returning INFINITY
WARNING: [GdPAI] ObjectRef(1382643928884): object was freed before callback; returning Nil.
   at: gdplanningai_rust::logger::process_logs (src\logger.rs:66)
   GDScript backtrace (most recent call first):
       [0] _process (res://addons/GdPlanningAI/gdpai_autoload.gd:21)
WARNING: [GdPAI] ObjectRef(1382643928884): object was freed before callback; returning Nil.
   at: gdplanningai_rust::logger::process_logs (src\logger.rs:66)
   GDScript backtrace (most recent call first):
       [0] _process (res://addons/GdPlanningAI/gdpai_autoload.gd:21)
[GdPAI | debug] ApplyEffect [Before] ID=InstanceId(-9223369079048348591): agent props = {"held_item": "", "hunger": 95.0603725, "entity": null}
[GdPAI | debug] ApplyEffect [After] ID=InstanceId(-9223369079048348591): agent props = {"held_item": "", "hunger": 95.0603725, "entity": null}
[GdPAI | debug]   Snapshotting prop: held_item = Str("") (Variant type: STRING)
[GdPAI | debug]   Snapshotting prop: hunger = Float(95.0603725) (Variant type: FLOAT)
[GdPAI | debug]   Snapshotting prop: entity = Nil (Variant type: NIL)
WARNING: [GdPAI] ObjectRef(124621163998): object was freed before callback; returning Nil.
   at: gdplanningai_rust::logger::process_logs (src\logger.rs:66)
   GDScript backtrace (most recent call first):
       [0] _start_plan_and_wait (res://test/integration/test_campfire_example_smoke.gd:57)
WARNING: [GdPAI] ObjectRef(124621163998): object was freed before callback; returning Nil.
   at: gdplanningai_rust::logger::process_logs (src\logger.rs:66)
   GDScript backtrace (most recent call first):
       [0] _start_plan_and_wait (res://test/integration/test_campfire_example_smoke.gd:57)
[GdPAI | debug] ApplyEffect [Before] ID=InstanceId(-9223369078276596629): agent props = {"held_item": "", "hunger": 70.0627442063492, "entity": null}
[GdPAI | debug] ApplyEffect [After] ID=InstanceId(-9223369078276596629): agent props = {"held_item": "", "hunger": 70.0627442063492, "entity": null}
[GdPAI | debug]   Snapshotting prop: held_item = Str("") (Variant type: STRING)
[GdPAI | debug]   Snapshotting prop: hunger = Float(70.0627442063492) (Variant type: FLOAT)
[GdPAI | debug]   Snapshotting prop: entity = Nil (Variant type: NIL)
WARNING: [GdPAI] ObjectRef(1382643928884): object was freed before callback; returning Nil.
   at: gdplanningai_rust::logger::process_logs (src\logger.rs:66)
   GDScript backtrace (most recent call first):
       [0] _start_plan_and_wait (res://test/integration/test_campfire_example_smoke.gd:57)
[GdPAI | debug] GetCost: callable returned non-numeric value: null; returning INFINITY
WARNING: [GdPAI] ObjectRef(124621163998): object was freed before callback; returning Nil.
   at: gdplanningai_rust::logger::process_logs (src\logger.rs:66)
   GDScript backtrace (most recent call first):
       [0] _process (res://addons/GdPlanningAI/gdpai_autoload.gd:21)
[GdPAI | debug] GetCost: callable returned non-numeric value: null; returning INFINITY
WARNING: [GdPAI] ObjectRef(1382643928884): object was freed before callback; returning Nil.
   at: gdplanningai_rust::logger::process_logs (src\logger.rs:66)
   GDScript backtrace (most recent call first):
       [0] _process (res://addons/GdPlanningAI/gdpai_autoload.gd:21)
[GdPAI | debug] ApplyEffect [Before] ID=InstanceId(-9223369076397548447): agent props = {"entity": null, "held_item": "", "hunger": 95.0603725}
[GdPAI | debug] ApplyEffect [After] ID=InstanceId(-9223369076397548447): agent props = {"entity": null, "held_item": "", "hunger": 95.0603725}
[GdPAI | debug]   Snapshotting prop: entity = Nil (Variant type: NIL)
[GdPAI | debug]   Snapshotting prop: held_item = Str("") (Variant type: STRING)
[GdPAI | debug]   Snapshotting prop: hunger = Float(95.0603725) (Variant type: FLOAT)
WARNING: [GdPAI] ObjectRef(124621163998): object was freed before callback; returning Nil.
   at: gdplanningai_rust::logger::process_logs (src\logger.rs:66)
   GDScript backtrace (most recent call first):
       [0] _start_plan_and_wait (res://test/integration/test_campfire_example_smoke.gd:57)
[GdPAI | debug] ApplyEffect [Before] ID=InstanceId(-9223369075726459820): agent props = {"hunger": 70.0627442063492, "held_item": "", "entity": null}
[GdPAI | debug] ApplyEffect [After] ID=InstanceId(-9223369075726459820): agent props = {"hunger": 70.0627442063492, "held_item": "", "entity": null}
[GdPAI | debug]   Snapshotting prop: hunger = Float(70.0627442063492) (Variant type: FLOAT)
[GdPAI | debug]   Snapshotting prop: held_item = Str("") (Variant type: STRING)
[GdPAI | debug]   Snapshotting prop: entity = Nil (Variant type: NIL)
WARNING: [GdPAI] ObjectRef(1382643928884): object was freed before callback; returning Nil.
   at: gdplanningai_rust::logger::process_logs (src\logger.rs:66)
   GDScript backtrace (most recent call first):
       [0] _start_plan_and_wait (res://test/integration/test_campfire_example_smoke.gd:57)
WARNING: [GdPAI] ObjectRef(1382157389614): object was freed before callback; returning Nil.
   at: gdplanningai_rust::logger::process_logs (src\logger.rs:66)
   GDScript backtrace (most recent call first):
       [0] _start_plan_and_wait (res://test/integration/test_campfire_example_smoke.gd:57)
WARNING: [GdPAI] ObjectRef(1382157389614): object was freed before callback; returning Nil.
   at: gdplanningai_rust::logger::process_logs (src\logger.rs:66)
   GDScript backtrace (most recent call first):
       [0] _start_plan_and_wait (res://test/integration/test_campfire_example_smoke.gd:57)
[GdPAI | debug] GetCost: callable returned non-numeric value: null; returning INFINITY
WARNING: [GdPAI] ObjectRef(124621163998): object was freed before callback; returning Nil.
   at: gdplanningai_rust::logger::process_logs (src\logger.rs:66)
   GDScript backtrace (most recent call first):
       [0] _process (res://addons/GdPlanningAI/gdpai_autoload.gd:21)
[GdPAI | debug] GetCost: callable returned non-numeric value: null; returning INFINITY
WARNING: [GdPAI] ObjectRef(1382643928884): object was freed before callback; returning Nil.
   at: gdplanningai_rust::logger::process_logs (src\logger.rs:66)
   GDScript backtrace (most recent call first):
       [0] _process (res://addons/GdPlanningAI/gdpai_autoload.gd:21)
WARNING: [GdPAI] ObjectRef(1382157389614): object was freed before callback; returning Nil.
   at: gdplanningai_rust::logger::process_logs (src\logger.rs:66)
   GDScript backtrace (most recent call first):
       [0] _process (res://addons/GdPlanningAI/gdpai_autoload.gd:21)
WARNING: [GdPAI] ObjectRef(1382157389614): object was freed before callback; returning Nil.
   at: gdplanningai_rust::logger::process_logs (src\logger.rs:66)
   GDScript backtrace (most recent call first):
       [0] _process (res://addons/GdPlanningAI/gdpai_autoload.gd:21)
[GdPAI | debug] ApplyEffect [Before] ID=InstanceId(-9223369073797079947): agent props = {"held_item": "", "hunger": 95.0603725, "at_target": null, "entity": null}
[GdPAI | debug] ApplyEffect [After] ID=InstanceId(-9223369073797079947): agent props = {"held_item": "", "hunger": 95.0603725, "at_target": null, "entity": null}
[GdPAI | debug]   Snapshotting prop: held_item = Str("") (Variant type: STRING)
[GdPAI | debug]   Snapshotting prop: hunger = Float(95.0603725) (Variant type: FLOAT)
[GdPAI | debug]   Snapshotting prop: at_target = Nil (Variant type: NIL)
[GdPAI | debug]   Snapshotting prop: entity = Nil (Variant type: NIL)
WARNING: [GdPAI] ObjectRef(124621163998): object was freed before callback; returning Nil.
   at: gdplanningai_rust::logger::process_logs (src\logger.rs:66)
   GDScript backtrace (most recent call first):
       [0] _start_plan_and_wait (res://test/integration/test_campfire_example_smoke.gd:57)
[GdPAI | debug] ApplyEffect [Before] ID=InstanceId(-9223369073025327982): agent props = {"held_item": "", "entity": null, "hunger": 70.0627442063492}
[GdPAI | debug] ApplyEffect [After] ID=InstanceId(-9223369073025327982): agent props = {"held_item": "", "entity": null, "hunger": 70.0627442063492}
[GdPAI | debug]   Snapshotting prop: held_item = Str("") (Variant type: STRING)
[GdPAI | debug]   Snapshotting prop: entity = Nil (Variant type: NIL)
[GdPAI | debug]   Snapshotting prop: hunger = Float(70.0627442063492) (Variant type: FLOAT)
WARNING: [GdPAI] ObjectRef(1382643928884): object was freed before callback; returning Nil.
   at: gdplanningai_rust::logger::process_logs (src\logger.rs:66)
   GDScript backtrace (most recent call first):
       [0] _start_plan_and_wait (res://test/integration/test_campfire_example_smoke.gd:57)
WARNING: [GdPAI] ObjectRef(1382157389614): object was freed before callback; returning Nil.
   at: gdplanningai_rust::logger::process_logs (src\logger.rs:66)
   GDScript backtrace (most recent call first):
       [0] _start_plan_and_wait (res://test/integration/test_campfire_example_smoke.gd:57)
WARNING: [GdPAI] ObjectRef(1382157389614): object was freed before callback; returning Nil.
   at: gdplanningai_rust::logger::process_logs (src\logger.rs:66)
   GDScript backtrace (most recent call first):
       [0] _start_plan_and_wait (res://test/integration/test_campfire_example_smoke.gd:57)
[GdPAI | debug] GetCost: callable returned non-numeric value: null; returning INFINITY
WARNING: [GdPAI] ObjectRef(124621163998): object was freed before callback; returning Nil.
   at: gdplanningai_rust::logger::process_logs (src\logger.rs:66)
   GDScript backtrace (most recent call first):
       [0] _process (res://addons/GdPlanningAI/gdpai_autoload.gd:21)
WARNING: [GdPAI] ObjectRef(124134624705): object was freed before callback; returning Nil.
   at: gdplanningai_rust::logger::process_logs (src\logger.rs:66)
   GDScript backtrace (most recent call first):
       [0] _process (res://addons/GdPlanningAI/gdpai_autoload.gd:21)
WARNING: [GdPAI] ObjectRef(124134624705): object was freed before callback; returning Nil.
   at: gdplanningai_rust::logger::process_logs (src\logger.rs:66)
   GDScript backtrace (most recent call first):
       [0] _process (res://addons/GdPlanningAI/gdpai_autoload.gd:21)
[GdPAI | debug] GetCost: callable returned non-numeric value: null; returning INFINITY
WARNING: [GdPAI] ObjectRef(1382643928884): object was freed before callback; returning Nil.
   at: gdplanningai_rust::logger::process_logs (src\logger.rs:66)
   GDScript backtrace (most recent call first):
       [0] _process (res://addons/GdPlanningAI/gdpai_autoload.gd:21)
WARNING: [GdPAI] ObjectRef(1382157389614): object was freed before callback; returning Nil.
   at: gdplanningai_rust::logger::process_logs (src\logger.rs:66)
   GDScript backtrace (most recent call first):
       [0] _process (res://addons/GdPlanningAI/gdpai_autoload.gd:21)
WARNING: [GdPAI] ObjectRef(1382157389614): object was freed before callback; returning Nil.
   at: gdplanningai_rust::logger::process_logs (src\logger.rs:66)
   GDScript backtrace (most recent call first):
       [0] _process (res://addons/GdPlanningAI/gdpai_autoload.gd:21)
[GdPAI | debug] ApplyEffect [Before] ID=InstanceId(-9223369071095948174): agent props = {"held_item": "", "entity": null, "at_target": null, "hunger": 95.0603725}
[GdPAI | debug] ApplyEffect [After] ID=InstanceId(-9223369071095948174): agent props = {"held_item": "", "entity": null, "at_target": null, "hunger": 95.0603725}
[GdPAI | debug]   Snapshotting prop: held_item = Str("") (Variant type: STRING)
[GdPAI | debug]   Snapshotting prop: entity = Nil (Variant type: NIL)
[GdPAI | debug]   Snapshotting prop: at_target = Nil (Variant type: NIL)
[GdPAI | debug]   Snapshotting prop: hunger = Float(95.0603725) (Variant type: FLOAT)
WARNING: [GdPAI] ObjectRef(124621163998): object was freed before callback; returning Nil.
   at: gdplanningai_rust::logger::process_logs (src\logger.rs:66)
   GDScript backtrace (most recent call first):
       [0] _start_plan_and_wait (res://test/integration/test_campfire_example_smoke.gd:57)
WARNING: [GdPAI] ObjectRef(124134624705): object was freed before callback; returning Nil.
   at: gdplanningai_rust::logger::process_logs (src\logger.rs:66)
   GDScript backtrace (most recent call first):
       [0] _start_plan_and_wait (res://test/integration/test_campfire_example_smoke.gd:57)
WARNING: [GdPAI] ObjectRef(124134624705): object was freed before callback; returning Nil.
   at: gdplanningai_rust::logger::process_logs (src\logger.rs:66)
   GDScript backtrace (most recent call first):
       [0] _start_plan_and_wait (res://test/integration/test_campfire_example_smoke.gd:57)
[GdPAI | debug] ApplyEffect [Before] ID=InstanceId(-9223369070223532891): agent props = {"entity": null, "at_target": null, "held_item": "", "hunger": 70.0627442063492}
[GdPAI | debug] ApplyEffect [After] ID=InstanceId(-9223369070223532891): agent props = {"entity": null, "at_target": null, "held_item": "", "hunger": 70.0627442063492}
[GdPAI | debug]   Snapshotting prop: entity = Nil (Variant type: NIL)
[GdPAI | debug]   Snapshotting prop: at_target = Nil (Variant type: NIL)
[GdPAI | debug]   Snapshotting prop: held_item = Str("") (Variant type: STRING)
[GdPAI | debug]   Snapshotting prop: hunger = Float(70.0627442063492) (Variant type: FLOAT)
WARNING: [GdPAI] ObjectRef(1382643928884): object was freed before callback; returning Nil.
   at: gdplanningai_rust::logger::process_logs (src\logger.rs:66)
   GDScript backtrace (most recent call first):
       [0] _start_plan_and_wait (res://test/integration/test_campfire_example_smoke.gd:57)
[GdPAI | debug] GetCost: callable returned non-numeric value: null; returning INFINITY
WARNING: [GdPAI] ObjectRef(124621163998): object was freed before callback; returning Nil.
   at: gdplanningai_rust::logger::process_logs (src\logger.rs:66)
   GDScript backtrace (most recent call first):
       [0] _process (res://addons/GdPlanningAI/gdpai_autoload.gd:21)
WARNING: [GdPAI] ObjectRef(124134624705): object was freed before callback; returning Nil.
   at: gdplanningai_rust::logger::process_logs (src\logger.rs:66)
   GDScript backtrace (most recent call first):
       [0] _process (res://addons/GdPlanningAI/gdpai_autoload.gd:21)
WARNING: [GdPAI] ObjectRef(124134624705): object was freed before callback; returning Nil.
   at: gdplanningai_rust::logger::process_logs (src\logger.rs:66)
   GDScript backtrace (most recent call first):
       [0] _process (res://addons/GdPlanningAI/gdpai_autoload.gd:21)
[GdPAI | debug] GetCost: callable returned non-numeric value: null; returning INFINITY
WARNING: [GdPAI] ObjectRef(1382643928884): object was freed before callback; returning Nil.
   at: gdplanningai_rust::logger::process_logs (src\logger.rs:66)
   GDScript backtrace (most recent call first):
       [0] _process (res://addons/GdPlanningAI/gdpai_autoload.gd:21)
[GdPAI | debug] ApplyEffect [Before] ID=InstanceId(-9223369068294153096): agent props = {"at_target": null, "entity": null, "hunger": 95.0603725, "held_item": "wood"}
[GdPAI | debug] ApplyEffect [After] ID=InstanceId(-9223369068294153096): agent props = {"at_target": null, "entity": null, "hunger": 95.0603725, "held_item": "wood"}
[GdPAI | debug]   Snapshotting prop: at_target = Nil (Variant type: NIL)
[GdPAI | debug]   Snapshotting prop: entity = Nil (Variant type: NIL)
[GdPAI | debug]   Snapshotting prop: hunger = Float(95.0603725) (Variant type: FLOAT)
[GdPAI | debug]   Snapshotting prop: held_item = Str("wood") (Variant type: STRING)
WARNING: [GdPAI] ObjectRef(124621163998): object was freed before callback; returning Nil.
   at: gdplanningai_rust::logger::process_logs (src\logger.rs:66)
   GDScript backtrace (most recent call first):
       [0] _start_plan_and_wait (res://test/integration/test_campfire_example_smoke.gd:57)
WARNING: [GdPAI] ObjectRef(124134624705): object was freed before callback; returning Nil.
   at: gdplanningai_rust::logger::process_logs (src\logger.rs:66)
   GDScript backtrace (most recent call first):
       [0] _start_plan_and_wait (res://test/integration/test_campfire_example_smoke.gd:57)
WARNING: [GdPAI] ObjectRef(124134624705): object was freed before callback; returning Nil.
   at: gdplanningai_rust::logger::process_logs (src\logger.rs:66)
   GDScript backtrace (most recent call first):
       [0] _start_plan_and_wait (res://test/integration/test_campfire_example_smoke.gd:57)
[GdPAI | debug] ApplyEffect [Before] ID=InstanceId(-9223369067522401081): agent props = {"hunger": 70.0627442063492, "entity": null, "held_item": "", "at_target": null}
[GdPAI | debug] ApplyEffect [After] ID=InstanceId(-9223369067522401081): agent props = {"hunger": 70.0627442063492, "entity": null, "held_item": "", "at_target": null}
[GdPAI | debug]   Snapshotting prop: hunger = Float(70.0627442063492) (Variant type: FLOAT)
[GdPAI | debug]   Snapshotting prop: entity = Nil (Variant type: NIL)
[GdPAI | debug]   Snapshotting prop: held_item = Str("") (Variant type: STRING)
[GdPAI | debug]   Snapshotting prop: at_target = Nil (Variant type: NIL)
WARNING: [GdPAI] ObjectRef(1382643928884): object was freed before callback; returning Nil.
   at: gdplanningai_rust::logger::process_logs (src\logger.rs:66)
   GDScript backtrace (most recent call first):
       [0] _start_plan_and_wait (res://test/integration/test_campfire_example_smoke.gd:57)
WARNING: [GdPAI] ObjectRef(1382643928884): object was freed before callback; returning Nil.
   at: gdplanningai_rust::logger::process_logs (src\logger.rs:66)
   GDScript backtrace (most recent call first):
       [0] _start_plan_and_wait (res://test/integration/test_campfire_example_smoke.gd:57)
[GdPAI | debug] GetCost: callable returned non-numeric value: null; returning INFINITY
WARNING: [GdPAI] ObjectRef(124621163998): object was freed before callback; returning Nil.
   at: gdplanningai_rust::logger::process_logs (src\logger.rs:66)
   GDScript backtrace (most recent call first):
       [0] _process (res://addons/GdPlanningAI/gdpai_autoload.gd:21)
[GdPAI | debug] GetCost: callable returned non-numeric value: null; returning INFINITY
WARNING: [GdPAI] ObjectRef(1382643928884): object was freed before callback; returning Nil.
   at: gdplanningai_rust::logger::process_logs (src\logger.rs:66)
   GDScript backtrace (most recent call first):
       [0] _process (res://addons/GdPlanningAI/gdpai_autoload.gd:21)
WARNING: [GdPAI] ObjectRef(1382643928884): object was freed before callback; returning Nil.
   at: gdplanningai_rust::logger::process_logs (src\logger.rs:66)
   GDScript backtrace (most recent call first):
       [0] _process (res://addons/GdPlanningAI/gdpai_autoload.gd:21)
[GdPAI | debug] ApplyEffect [Before] ID=InstanceId(-9223369065542689671): agent props = {"held_item": "", "hunger": 95.0603725, "entity": null}
[GdPAI | debug] ApplyEffect [After] ID=InstanceId(-9223369065542689671): agent props = {"held_item": "", "hunger": 95.0603725, "entity": null}
[GdPAI | debug]   Snapshotting prop: held_item = Str("") (Variant type: STRING)
[GdPAI | debug]   Snapshotting prop: hunger = Float(95.0603725) (Variant type: FLOAT)
[GdPAI | debug]   Snapshotting prop: entity = Nil (Variant type: NIL)
WARNING: [GdPAI] ObjectRef(124621163998): object was freed before callback; returning Nil.
   at: gdplanningai_rust::logger::process_logs (src\logger.rs:66)
   GDScript backtrace (most recent call first):
       [0] _start_plan_and_wait (res://test/integration/test_campfire_example_smoke.gd:57)
[GdPAI | debug] ApplyEffect [Before] ID=InstanceId(-9223369064821269285): agent props = {"entity": null, "held_item": "wood", "at_target": null, "hunger": 70.0627442063492}
[GdPAI | debug] ApplyEffect [After] ID=InstanceId(-9223369064821269285): agent props = {"entity": null, "held_item": "wood", "at_target": null, "hunger": 70.0627442063492}
[GdPAI | debug]   Snapshotting prop: entity = Nil (Variant type: NIL)
[GdPAI | debug]   Snapshotting prop: held_item = Str("wood") (Variant type: STRING)
[GdPAI | debug]   Snapshotting prop: at_target = Nil (Variant type: NIL)
[GdPAI | debug]   Snapshotting prop: hunger = Float(70.0627442063492) (Variant type: FLOAT)
WARNING: [GdPAI] ObjectRef(1382643928884): object was freed before callback; returning Nil.
   at: gdplanningai_rust::logger::process_logs (src\logger.rs:66)
   GDScript backtrace (most recent call first):
       [0] _start_plan_and_wait (res://test/integration/test_campfire_example_smoke.gd:57)
[GdPAI | debug] GetCost: callable returned non-numeric value: null; returning INFINITY
[GdPAI] A* Iteration: pop node with chain length 5
[GdPAI | debug] find_candidates: Checking 15 actions against 1 preconds and 2 requirements
WARNING: [GdPAI] ObjectRef(124621163998): object was freed before callback; returning Nil.
   at: gdplanningai_rust::logger::process_logs (src\logger.rs:66)
   GDScript backtrace (most recent call first):
       [0] _process (res://addons/GdPlanningAI/gdpai_autoload.gd:21)
WARNING: [GdPAI] ObjectRef(124621163998): object was freed before callback; returning Nil.
   at: gdplanningai_rust::logger::process_logs (src\logger.rs:66)
   GDScript backtrace (most recent call first):
       [0] _process (res://addons/GdPlanningAI/gdpai_autoload.gd:21)
[GdPAI | debug] Discovery: Starting simulation for action Go To
WARNING: [GdPAI] ObjectRef(1382643928884): object was freed before callback; returning Nil.
   at: gdplanningai_rust::logger::process_logs (src\logger.rs:66)
   GDScript backtrace (most recent call first):
       [0] _process (res://addons/GdPlanningAI/gdpai_autoload.gd:21)
[GdPAI | debug] ApplyEffect [Before] ID=InstanceId(-9223369062992552769): agent props = {"entity": null, "hunger": 95.0603725, "held_item": ""}
[GdPAI | debug] ApplyEffect [After] ID=InstanceId(-9223369062992552769): agent props = {"entity": null, "hunger": 95.0603725, "held_item": ""}
[GdPAI | debug]   Snapshotting prop: entity = Nil (Variant type: NIL)
[GdPAI | debug]   Snapshotting prop: hunger = Float(95.0603725) (Variant type: FLOAT)
[GdPAI | debug]   Snapshotting prop: held_item = Str("") (Variant type: STRING)
WARNING: [GdPAI] ObjectRef(124621163998): object was freed before callback; returning Nil.
   at: gdplanningai_rust::logger::process_logs (src\logger.rs:66)
   GDScript backtrace (most recent call first):
       [0] _start_plan_and_wait (res://test/integration/test_campfire_example_smoke.gd:57)
WARNING: [GdPAI] ObjectRef(124621163998): object was freed before callback; returning Nil.
   at: gdplanningai_rust::logger::process_logs (src\logger.rs:66)
   GDScript backtrace (most recent call first):
       [0] _start_plan_and_wait (res://test/integration/test_campfire_example_smoke.gd:57)
[GdPAI | debug] GetCost: callable returned non-numeric value: null; returning INFINITY
WARNING: [GdPAI] ObjectRef(1382643928884): object was freed before callback; returning Nil.
   at: gdplanningai_rust::logger::process_logs (src\logger.rs:66)
   GDScript backtrace (most recent call first):
       [0] _start_plan_and_wait (res://test/integration/test_campfire_example_smoke.gd:57)
WARNING: [GdPAI] ObjectRef(1382157389614): object was freed before callback; returning Nil.
   at: gdplanningai_rust::logger::process_logs (src\logger.rs:66)
   GDScript backtrace (most recent call first):
       [0] _start_plan_and_wait (res://test/integration/test_campfire_example_smoke.gd:57)
WARNING: [GdPAI] ObjectRef(1382157389614): object was freed before callback; returning Nil.
   at: gdplanningai_rust::logger::process_logs (src\logger.rs:66)
   GDScript backtrace (most recent call first):
       [0] _start_plan_and_wait (res://test/integration/test_campfire_example_smoke.gd:57)
[GdPAI | debug] GetCost: callable returned non-numeric value: null; returning INFINITY
WARNING: [GdPAI] ObjectRef(124621163998): object was freed before callback; returning Nil.
   at: gdplanningai_rust::logger::process_logs (src\logger.rs:66)
   GDScript backtrace (most recent call first):
       [0] _process (res://addons/GdPlanningAI/gdpai_autoload.gd:21)
WARNING: [GdPAI] ObjectRef(124621163998): object was freed before callback; returning Nil.
   at: gdplanningai_rust::logger::process_logs (src\logger.rs:66)
   GDScript backtrace (most recent call first):
       [0] _process (res://addons/GdPlanningAI/gdpai_autoload.gd:21)
[GdPAI | debug] ApplyEffect [Before] ID=InstanceId(-9223369060861846322): agent props = {"hunger": 70.0627442063492, "held_item": "", "entity": null}
[GdPAI | debug] ApplyEffect [After] ID=InstanceId(-9223369060861846322): agent props = {"hunger": 70.0627442063492, "held_item": "", "entity": null}
[GdPAI | debug]   Snapshotting prop: hunger = Float(70.0627442063492) (Variant type: FLOAT)
[GdPAI | debug]   Snapshotting prop: held_item = Str("") (Variant type: STRING)
[GdPAI | debug]   Snapshotting prop: entity = Nil (Variant type: NIL)
[GdPAI | debug] Discovery: Simulation success for Go To. Agent props: {"held_item": Str(""), "hunger": Float(70.0627442063492), "entity": Nil}
[GdPAI | debug] Discovery: Action Go To satisfied precond Builtin { target: Agent, operation: Equal, property_name: "held_item", value: Some(Str("")) }
[GdPAI | debug] Found candidate: Go To (satisfied preconds: [0], requirements: [0, 1])
WARNING: [GdPAI] ObjectRef(1382643928884): object was freed before callback; returning Nil.
   at: gdplanningai_rust::logger::process_logs (src\logger.rs:66)
   GDScript backtrace (most recent call first):
       [0] _process (res://addons/GdPlanningAI/gdpai_autoload.gd:21)
WARNING: [GdPAI] ObjectRef(1382157389614): object was freed before callback; returning Nil.
   at: gdplanningai_rust::logger::process_logs (src\logger.rs:66)
   GDScript backtrace (most recent call first):
       [0] _process (res://addons/GdPlanningAI/gdpai_autoload.gd:21)
WARNING: [GdPAI] ObjectRef(1382157389614): object was freed before callback; returning Nil.
   at: gdplanningai_rust::logger::process_logs (src\logger.rs:66)
   GDScript backtrace (most recent call first):
       [0] _process (res://addons/GdPlanningAI/gdpai_autoload.gd:21)
[GdPAI | debug] ApplyEffect [Before] ID=InstanceId(-9223369060291420978): agent props = {"at_target": null, "entity": null, "held_item": "", "hunger": 95.0603725}
[GdPAI | debug] ApplyEffect [After] ID=InstanceId(-9223369060291420978): agent props = {"at_target": null, "entity": null, "held_item": "", "hunger": 95.0603725}
[GdPAI | debug]   Snapshotting prop: at_target = Nil (Variant type: NIL)
[GdPAI | debug]   Snapshotting prop: entity = Nil (Variant type: NIL)
[GdPAI | debug]   Snapshotting prop: held_item = Str("") (Variant type: STRING)
[GdPAI | debug]   Snapshotting prop: hunger = Float(95.0603725) (Variant type: FLOAT)
[GdPAI | debug] Discovery: Starting simulation for action Eat Held Food
WARNING: [GdPAI] ObjectRef(124621163998): object was freed before callback; returning Nil.
   at: gdplanningai_rust::logger::process_logs (src\logger.rs:66)
   GDScript backtrace (most recent call first):
       [0] _start_plan_and_wait (res://test/integration/test_campfire_example_smoke.gd:57)
WARNING: [GdPAI] ObjectRef(124621163998): object was freed before callback; returning Nil.
   at: gdplanningai_rust::logger::process_logs (src\logger.rs:66)
   GDScript backtrace (most recent call first):
       [0] _start_plan_and_wait (res://test/integration/test_campfire_example_smoke.gd:57)
[GdPAI | debug] GetCost: callable returned non-numeric value: null; returning INFINITY
WARNING: [GdPAI] ObjectRef(1382643928884): object was freed before callback; returning Nil.
   at: gdplanningai_rust::logger::process_logs (src\logger.rs:66)
   GDScript backtrace (most recent call first):
       [0] _start_plan_and_wait (res://test/integration/test_campfire_example_smoke.gd:57)
WARNING: [GdPAI] ObjectRef(1382157389614): object was freed before callback; returning Nil.
   at: gdplanningai_rust::logger::process_logs (src\logger.rs:66)
   GDScript backtrace (most recent call first):
       [0] _start_plan_and_wait (res://test/integration/test_campfire_example_smoke.gd:57)
WARNING: [GdPAI] ObjectRef(1382157389614): object was freed before callback; returning Nil.
   at: gdplanningai_rust::logger::process_logs (src\logger.rs:66)
   GDScript backtrace (most recent call first):
       [0] _start_plan_and_wait (res://test/integration/test_campfire_example_smoke.gd:57)
[GdPAI | debug] GetCost: callable returned non-numeric value: null; returning INFINITY
WARNING: [GdPAI] ObjectRef(124621163998): object was freed before callback; returning Nil.
   at: gdplanningai_rust::logger::process_logs (src\logger.rs:66)
   GDScript backtrace (most recent call first):
       [0] _process (res://addons/GdPlanningAI/gdpai_autoload.gd:21)
WARNING: [GdPAI] ObjectRef(124621163998): object was freed before callback; returning Nil.
   at: gdplanningai_rust::logger::process_logs (src\logger.rs:66)
   GDScript backtrace (most recent call first):
       [0] _process (res://addons/GdPlanningAI/gdpai_autoload.gd:21)
[GdPAI | debug] ApplyEffect [Before] ID=InstanceId(-9223369058060051246): agent props = {"held_item": "", "entity": null, "hunger": 70.0627442063492}
[GdPAI | debug] ApplyEffect [After] ID=InstanceId(-9223369058060051246): agent props = {"held_item": "", "entity": null, "hunger": 70.0627442063492}
[GdPAI | debug]   Snapshotting prop: held_item = Str("") (Variant type: STRING)
[GdPAI | debug]   Snapshotting prop: entity = Nil (Variant type: NIL)
[GdPAI | debug]   Snapshotting prop: hunger = Float(70.0627442063492) (Variant type: FLOAT)
[GdPAI | debug] Discovery: Simulation success for Eat Held Food. Agent props: {"held_item": Str(""), "hunger": Float(70.0627442063492), "entity": Nil}
[GdPAI | debug] Discovery: Action Eat Held Food satisfied precond Builtin { target: Agent, operation: Equal, property_name: "held_item", value: Some(Str("")) }
[GdPAI | debug] Found candidate: Eat Held Food (satisfied preconds: [0], requirements: [])
WARNING: [GdPAI] ObjectRef(1382643928884): object was freed before callback; returning Nil.
   at: gdplanningai_rust::logger::process_logs (src\logger.rs:66)
   GDScript backtrace (most recent call first):
       [0] _process (res://addons/GdPlanningAI/gdpai_autoload.gd:21)
WARNING: [GdPAI] ObjectRef(1382157389614): object was freed before callback; returning Nil.
   at: gdplanningai_rust::logger::process_logs (src\logger.rs:66)
   GDScript backtrace (most recent call first):
       [0] _process (res://addons/GdPlanningAI/gdpai_autoload.gd:21)
WARNING: [GdPAI] ObjectRef(1382157389614): object was freed before callback; returning Nil.
   at: gdplanningai_rust::logger::process_logs (src\logger.rs:66)
   GDScript backtrace (most recent call first):
       [0] _process (res://addons/GdPlanningAI/gdpai_autoload.gd:21)
[GdPAI | debug] ApplyEffect [Before] ID=InstanceId(-9223369057489625902): agent props = {"hunger": 95.0603725, "at_target": null, "entity": null, "held_item": ""}
[GdPAI | debug] ApplyEffect [After] ID=InstanceId(-9223369057489625902): agent props = {"hunger": 95.0603725, "at_target": null, "entity": null, "held_item": ""}
[GdPAI | debug]   Snapshotting prop: hunger = Float(95.0603725) (Variant type: FLOAT)
[GdPAI | debug]   Snapshotting prop: at_target = Nil (Variant type: NIL)
[GdPAI | debug]   Snapshotting prop: entity = Nil (Variant type: NIL)
[GdPAI | debug]   Snapshotting prop: held_item = Str("") (Variant type: STRING)
WARNING: [GdPAI] ObjectRef(124621163998): object was freed before callback; returning Nil.
   at: gdplanningai_rust::logger::process_logs (src\logger.rs:66)
   GDScript backtrace (most recent call first):
       [0] _start_plan_and_wait (res://test/integration/test_campfire_example_smoke.gd:57)
WARNING: [GdPAI] ObjectRef(124621163998): object was freed before callback; returning Nil.
   at: gdplanningai_rust::logger::process_logs (src\logger.rs:66)
   GDScript backtrace (most recent call first):
       [0] _start_plan_and_wait (res://test/integration/test_campfire_example_smoke.gd:57)
[GdPAI | debug] Discovery: Starting simulation for action Go To
WARNING: [GdPAI] ObjectRef(1382643928884): object was freed before callback; returning Nil.
   at: gdplanningai_rust::logger::process_logs (src\logger.rs:66)
   GDScript backtrace (most recent call first):
       [0] _start_plan_and_wait (res://test/integration/test_campfire_example_smoke.gd:57)
[GdPAI | debug] GetCost: callable returned non-numeric value: null; returning INFINITY
WARNING: [GdPAI] ObjectRef(124621163998): object was freed before callback; returning Nil.
   at: gdplanningai_rust::logger::process_logs (src\logger.rs:66)
   GDScript backtrace (most recent call first):
       [0] _process (res://addons/GdPlanningAI/gdpai_autoload.gd:21)
WARNING: [GdPAI] ObjectRef(124621163998): object was freed before callback; returning Nil.
   at: gdplanningai_rust::logger::process_logs (src\logger.rs:66)
   GDScript backtrace (most recent call first):
       [0] _process (res://addons/GdPlanningAI/gdpai_autoload.gd:21)
[GdPAI | debug] GetCost: callable returned non-numeric value: null; returning INFINITY
WARNING: [GdPAI] ObjectRef(1382643928884): object was freed before callback; returning Nil.
   at: gdplanningai_rust::logger::process_logs (src\logger.rs:66)
   GDScript backtrace (most recent call first):
       [0] _process (res://addons/GdPlanningAI/gdpai_autoload.gd:21)
[GdPAI | debug] ApplyEffect [Before] ID=InstanceId(-9223369054788494067): agent props = {"at_target": null, "held_item": "wood", "hunger": 95.0603725, "entity": null}
[GdPAI | debug] ApplyEffect [After] ID=InstanceId(-9223369054788494067): agent props = {"at_target": null, "held_item": "wood", "hunger": 95.0603725, "entity": null}
[GdPAI | debug]   Snapshotting prop: at_target = Nil (Variant type: NIL)
[GdPAI | debug]   Snapshotting prop: held_item = Str("wood") (Variant type: STRING)
[GdPAI | debug]   Snapshotting prop: hunger = Float(95.0603725) (Variant type: FLOAT)
[GdPAI | debug]   Snapshotting prop: entity = Nil (Variant type: NIL)
WARNING: [GdPAI] ObjectRef(124621163998): object was freed before callback; returning Nil.
   at: gdplanningai_rust::logger::process_logs (src\logger.rs:66)
   GDScript backtrace (most recent call first):
       [0] _start_plan_and_wait (res://test/integration/test_campfire_example_smoke.gd:57)
WARNING: [GdPAI] ObjectRef(124621163998): object was freed before callback; returning Nil.
   at: gdplanningai_rust::logger::process_logs (src\logger.rs:66)
   GDScript backtrace (most recent call first):
       [0] _start_plan_and_wait (res://test/integration/test_campfire_example_smoke.gd:57)
[GdPAI | debug] ApplyEffect [Before] ID=InstanceId(-9223369054067073745): agent props = {"held_item": "", "hunger": 70.0627442063492, "entity": null}
[GdPAI | debug] ApplyEffect [After] ID=InstanceId(-9223369054067073745): agent props = {"held_item": "", "hunger": 70.0627442063492, "entity": null}
[GdPAI | debug]   Snapshotting prop: held_item = Str("") (Variant type: STRING)
[GdPAI | debug]   Snapshotting prop: hunger = Float(70.0627442063492) (Variant type: FLOAT)
[GdPAI | debug]   Snapshotting prop: entity = Nil (Variant type: NIL)
WARNING: [GdPAI] ObjectRef(1382643928884): object was freed before callback; returning Nil.
   at: gdplanningai_rust::logger::process_logs (src\logger.rs:66)
   GDScript backtrace (most recent call first):
       [0] _start_plan_and_wait (res://test/integration/test_campfire_example_smoke.gd:57)
[GdPAI | debug] Discovery: Simulation success for Go To. Agent props: {"held_item": Str(""), "entity": Nil, "hunger": Float(70.0627442063492)}
[GdPAI | debug] Discovery: Action Go To satisfied precond Builtin { target: Agent, operation: Equal, property_name: "held_item", value: Some(Str("")) }
[GdPAI | debug] Found candidate: Go To (satisfied preconds: [0], requirements: [0, 1])
WARNING: [GdPAI] ObjectRef(1382643928884): object was freed before callback; returning Nil.
   at: gdplanningai_rust::logger::process_logs (src\logger.rs:66)
   GDScript backtrace (most recent call first):
       [0] _start_plan_and_wait (res://test/integration/test_campfire_example_smoke.gd:57)
[GdPAI | debug] GetCost: callable returned non-numeric value: null; returning INFINITY
[GdPAI | debug] Discovery: Starting simulation for action Drop Item
WARNING: [GdPAI] ObjectRef(124621163998): object was freed before callback; returning Nil.
   at: gdplanningai_rust::logger::process_logs (src\logger.rs:66)
   GDScript backtrace (most recent call first):
       [0] _process (res://addons/GdPlanningAI/gdpai_autoload.gd:21)
WARNING: [GdPAI] ObjectRef(124621163998): object was freed before callback; returning Nil.
   at: gdplanningai_rust::logger::process_logs (src\logger.rs:66)
   GDScript backtrace (most recent call first):
       [0] _process (res://addons/GdPlanningAI/gdpai_autoload.gd:21)
[GdPAI | debug] GetCost: callable returned non-numeric value: null; returning INFINITY
WARNING: [GdPAI] ObjectRef(1382643928884): object was freed before callback; returning Nil.
   at: gdplanningai_rust::logger::process_logs (src\logger.rs:66)
   GDScript backtrace (most recent call first):
       [0] _process (res://addons/GdPlanningAI/gdpai_autoload.gd:21)
WARNING: [GdPAI] ObjectRef(1382643928884): object was freed before callback; returning Nil.
   at: gdplanningai_rust::logger::process_logs (src\logger.rs:66)
   GDScript backtrace (most recent call first):
       [0] _process (res://addons/GdPlanningAI/gdpai_autoload.gd:21)
[GdPAI | debug] ApplyEffect [Before] ID=InstanceId(-9223369052137693902): agent props = {"entity": null, "hunger": 95.0603725, "held_item": ""}
[GdPAI | debug] ApplyEffect [After] ID=InstanceId(-9223369052137693902): agent props = {"entity": null, "hunger": 95.0603725, "held_item": ""}
[GdPAI | debug]   Snapshotting prop: entity = Nil (Variant type: NIL)
[GdPAI | debug]   Snapshotting prop: hunger = Float(95.0603725) (Variant type: FLOAT)
[GdPAI | debug]   Snapshotting prop: held_item = Str("") (Variant type: STRING)
WARNING: [GdPAI] ObjectRef(124621163998): object was freed before callback; returning Nil.
   at: gdplanningai_rust::logger::process_logs (src\logger.rs:66)
   GDScript backtrace (most recent call first):
       [0] _start_plan_and_wait (res://test/integration/test_campfire_example_smoke.gd:57)
WARNING: [GdPAI] ObjectRef(124621163998): object was freed before callback; returning Nil.
   at: gdplanningai_rust::logger::process_logs (src\logger.rs:66)
   GDScript backtrace (most recent call first):
       [0] _start_plan_and_wait (res://test/integration/test_campfire_example_smoke.gd:57)
[GdPAI | debug] ApplyEffect [Before] ID=InstanceId(-9223369051365941933): agent props = {"held_item": "", "hunger": 70.0627442063492, "entity": null}
[GdPAI | debug] ApplyEffect [After] ID=InstanceId(-9223369051365941933): agent props = {"held_item": "", "hunger": 70.0627442063492, "entity": null}
[GdPAI | debug]   Snapshotting prop: held_item = Str("") (Variant type: STRING)
[GdPAI | debug]   Snapshotting prop: hunger = Float(70.0627442063492) (Variant type: FLOAT)
[GdPAI | debug]   Snapshotting prop: entity = Nil (Variant type: NIL)
[GdPAI | debug] Discovery: Simulation success for Drop Item. Agent props: {"entity": Nil, "held_item": Str(""), "hunger": Float(70.0627442063492)}
[GdPAI | debug] Discovery: Action Drop Item satisfied precond Builtin { target: Agent, operation: Equal, property_name: "held_item", value: Some(Str("")) }
[GdPAI | debug] Found candidate: Drop Item (satisfied preconds: [0], requirements: [])
WARNING: [GdPAI] ObjectRef(1382643928884): object was freed before callback; returning Nil.
   at: gdplanningai_rust::logger::process_logs (src\logger.rs:66)
   GDScript backtrace (most recent call first):
       [0] _start_plan_and_wait (res://test/integration/test_campfire_example_smoke.gd:57)
[GdPAI | debug] GetCost: callable returned non-numeric value: null; returning INFINITY
[GdPAI | debug] Discovery: Starting simulation for action Add Fuel
WARNING: [GdPAI] ObjectRef(124621163998): object was freed before callback; returning Nil.
   at: gdplanningai_rust::logger::process_logs (src\logger.rs:66)
   GDScript backtrace (most recent call first):
       [0] _process (res://addons/GdPlanningAI/gdpai_autoload.gd:21)
WARNING: [GdPAI] ObjectRef(124621163998): object was freed before callback; returning Nil.
   at: gdplanningai_rust::logger::process_logs (src\logger.rs:66)
   GDScript backtrace (most recent call first):
       [0] _process (res://addons/GdPlanningAI/gdpai_autoload.gd:21)
[GdPAI | debug] GetCost: callable returned non-numeric value: null; returning INFINITY
WARNING: [GdPAI] ObjectRef(1382643928884): object was freed before callback; returning Nil.
   at: gdplanningai_rust::logger::process_logs (src\logger.rs:66)
   GDScript backtrace (most recent call first):
       [0] _process (res://addons/GdPlanningAI/gdpai_autoload.gd:21)
[GdPAI | debug] ApplyEffect [Before] ID=InstanceId(-9223369049486893760): agent props = {"entity": null, "held_item": "", "hunger": 95.0603725}
[GdPAI | debug] ApplyEffect [After] ID=InstanceId(-9223369049486893760): agent props = {"entity": null, "held_item": "", "hunger": 95.0603725}
[GdPAI | debug]   Snapshotting prop: entity = Nil (Variant type: NIL)
[GdPAI | debug]   Snapshotting prop: held_item = Str("") (Variant type: STRING)
[GdPAI | debug]   Snapshotting prop: hunger = Float(95.0603725) (Variant type: FLOAT)
WARNING: [GdPAI] ObjectRef(124621163998): object was freed before callback; returning Nil.
   at: gdplanningai_rust::logger::process_logs (src\logger.rs:66)
   GDScript backtrace (most recent call first):
       [0] _start_plan_and_wait (res://test/integration/test_campfire_example_smoke.gd:57)
WARNING: [GdPAI] ObjectRef(124621163998): object was freed before callback; returning Nil.
   at: gdplanningai_rust::logger::process_logs (src\logger.rs:66)
   GDScript backtrace (most recent call first):
       [0] _start_plan_and_wait (res://test/integration/test_campfire_example_smoke.gd:57)
[GdPAI | debug] ApplyEffect [Before] ID=InstanceId(-9223369048765473436): agent props = {"held_item": "wood", "hunger": 70.0627442063492, "entity": null}
[GdPAI | debug] ApplyEffect [After] ID=InstanceId(-9223369048765473436): agent props = {"held_item": "wood", "hunger": 70.0627442063492, "entity": null}
[GdPAI | debug]   Snapshotting prop: held_item = Str("wood") (Variant type: STRING)
[GdPAI | debug]   Snapshotting prop: hunger = Float(70.0627442063492) (Variant type: FLOAT)
[GdPAI | debug]   Snapshotting prop: entity = Nil (Variant type: NIL)
[GdPAI | debug] Discovery: Simulation success for Add Fuel. Agent props: {"held_item": Str("wood"), "hunger": Float(70.0627442063492), "entity": Nil}
[GdPAI | debug] Discovery: Action Add Fuel did NOT satisfy precond Builtin { target: Agent, operation: Equal, property_name: "held_item", value: Some(Str("")) }
WARNING: [GdPAI] ObjectRef(1382643928884): object was freed before callback; returning Nil.
   at: gdplanningai_rust::logger::process_logs (src\logger.rs:66)
   GDScript backtrace (most recent call first):
       [0] _start_plan_and_wait (res://test/integration/test_campfire_example_smoke.gd:57)
WARNING: [GdPAI] ObjectRef(1382157389614): object was freed before callback; returning Nil.
   at: gdplanningai_rust::logger::process_logs (src\logger.rs:66)
   GDScript backtrace (most recent call first):
       [0] _start_plan_and_wait (res://test/integration/test_campfire_example_smoke.gd:57)
WARNING: [GdPAI] ObjectRef(1382157389614): object was freed before callback; returning Nil.
   at: gdplanningai_rust::logger::process_logs (src\logger.rs:66)
   GDScript backtrace (most recent call first):
       [0] _start_plan_and_wait (res://test/integration/test_campfire_example_smoke.gd:57)
[GdPAI | debug] GetCost: callable returned non-numeric value: null; returning INFINITY
WARNING: [GdPAI] ObjectRef(124621163998): object was freed before callback; returning Nil.
   at: gdplanningai_rust::logger::process_logs (src\logger.rs:66)
   GDScript backtrace (most recent call first):
       [0] _process (res://addons/GdPlanningAI/gdpai_autoload.gd:21)
WARNING: [GdPAI] ObjectRef(124621163998): object was freed before callback; returning Nil.
   at: gdplanningai_rust::logger::process_logs (src\logger.rs:66)
   GDScript backtrace (most recent call first):
       [0] _process (res://addons/GdPlanningAI/gdpai_autoload.gd:21)
[GdPAI | debug] Discovery: Action Cook Potato failed validity check, skipping
[GdPAI | debug] Discovery: Starting simulation for action Pick Up Wood
WARNING: [GdPAI] ObjectRef(1382643928884): object was freed before callback; returning Nil.
   at: gdplanningai_rust::logger::process_logs (src\logger.rs:66)
   GDScript backtrace (most recent call first):
       [0] _process (res://addons/GdPlanningAI/gdpai_autoload.gd:21)
WARNING: [GdPAI] ObjectRef(1382157389614): object was freed before callback; returning Nil.
   at: gdplanningai_rust::logger::process_logs (src\logger.rs:66)
   GDScript backtrace (most recent call first):
       [0] _process (res://addons/GdPlanningAI/gdpai_autoload.gd:21)
WARNING: [GdPAI] ObjectRef(1382157389614): object was freed before callback; returning Nil.
   at: gdplanningai_rust::logger::process_logs (src\logger.rs:66)
   GDScript backtrace (most recent call first):
       [0] _process (res://addons/GdPlanningAI/gdpai_autoload.gd:21)
[GdPAI | debug] ApplyEffect [Before] ID=InstanceId(-9223369046785761975): agent props = {"held_item": "", "entity": null, "at_target": null, "hunger": 95.0603725}
[GdPAI | debug] ApplyEffect [After] ID=InstanceId(-9223369046785761975): agent props = {"held_item": "", "entity": null, "at_target": null, "hunger": 95.0603725}
[GdPAI | debug]   Snapshotting prop: held_item = Str("") (Variant type: STRING)
[GdPAI | debug]   Snapshotting prop: entity = Nil (Variant type: NIL)
[GdPAI | debug]   Snapshotting prop: at_target = Nil (Variant type: NIL)
[GdPAI | debug]   Snapshotting prop: hunger = Float(95.0603725) (Variant type: FLOAT)
WARNING: [GdPAI] ObjectRef(124621163998): object was freed before callback; returning Nil.
   at: gdplanningai_rust::logger::process_logs (src\logger.rs:66)
   GDScript backtrace (most recent call first):
       [0] _start_plan_and_wait (res://test/integration/test_campfire_example_smoke.gd:57)
WARNING: [GdPAI] ObjectRef(124621163998): object was freed before callback; returning Nil.
   at: gdplanningai_rust::logger::process_logs (src\logger.rs:66)
   GDScript backtrace (most recent call first):
       [0] _start_plan_and_wait (res://test/integration/test_campfire_example_smoke.gd:57)
[GdPAI | debug] GetCost: callable returned non-numeric value: null; returning INFINITY
WARNING: [GdPAI] ObjectRef(1382643928884): object was freed before callback; returning Nil.
   at: gdplanningai_rust::logger::process_logs (src\logger.rs:66)
   GDScript backtrace (most recent call first):
       [0] _start_plan_and_wait (res://test/integration/test_campfire_example_smoke.gd:57)
WARNING: [GdPAI] ObjectRef(1382157389614): object was freed before callback; returning Nil.
   at: gdplanningai_rust::logger::process_logs (src\logger.rs:66)
   GDScript backtrace (most recent call first):
       [0] _start_plan_and_wait (res://test/integration/test_campfire_example_smoke.gd:57)
WARNING: [GdPAI] ObjectRef(1382157389614): object was freed before callback; returning Nil.
   at: gdplanningai_rust::logger::process_logs (src\logger.rs:66)
   GDScript backtrace (most recent call first):
       [0] _start_plan_and_wait (res://test/integration/test_campfire_example_smoke.gd:57)
[GdPAI | debug] GetCost: callable returned non-numeric value: null; returning INFINITY
WARNING: [GdPAI] ObjectRef(124621163998): object was freed before callback; returning Nil.
   at: gdplanningai_rust::logger::process_logs (src\logger.rs:66)
   GDScript backtrace (most recent call first):
       [0] _process (res://addons/GdPlanningAI/gdpai_autoload.gd:21)
WARNING: [GdPAI] ObjectRef(124621163998): object was freed before callback; returning Nil.
   at: gdplanningai_rust::logger::process_logs (src\logger.rs:66)
   GDScript backtrace (most recent call first):
       [0] _process (res://addons/GdPlanningAI/gdpai_autoload.gd:21)
[GdPAI | debug] ApplyEffect [Before] ID=InstanceId(-9223369044554392304): agent props = {"hunger": 70.0627442063492, "entity": null, "held_item": ""}
[GdPAI | debug] ApplyEffect [After] ID=InstanceId(-9223369044554392304): agent props = {"hunger": 70.0627442063492, "entity": null, "held_item": ""}
[GdPAI | debug]   Snapshotting prop: hunger = Float(70.0627442063492) (Variant type: FLOAT)
[GdPAI | debug]   Snapshotting prop: entity = Nil (Variant type: NIL)
[GdPAI | debug]   Snapshotting prop: held_item = Str("") (Variant type: STRING)
[GdPAI | debug] Discovery: Simulation success for Pick Up Wood. Agent props: {"held_item": Str(""), "hunger": Float(70.0627442063492), "entity": Nil}
[GdPAI | debug] Discovery: Action Pick Up Wood satisfied precond Builtin { target: Agent, operation: Equal, property_name: "held_item", value: Some(Str("")) }
[GdPAI | debug] Found candidate: Pick Up Wood (satisfied preconds: [0], requirements: [])
WARNING: [GdPAI] ObjectRef(1382643928884): object was freed before callback; returning Nil.
   at: gdplanningai_rust::logger::process_logs (src\logger.rs:66)
   GDScript backtrace (most recent call first):
       [0] _process (res://addons/GdPlanningAI/gdpai_autoload.gd:21)
WARNING: [GdPAI] ObjectRef(1382157389614): object was freed before callback; returning Nil.
   at: gdplanningai_rust::logger::process_logs (src\logger.rs:66)
   GDScript backtrace (most recent call first):
       [0] _process (res://addons/GdPlanningAI/gdpai_autoload.gd:21)
WARNING: [GdPAI] ObjectRef(1382157389614): object was freed before callback; returning Nil.
   at: gdplanningai_rust::logger::process_logs (src\logger.rs:66)
   GDScript backtrace (most recent call first):
       [0] _process (res://addons/GdPlanningAI/gdpai_autoload.gd:21)
[GdPAI | debug] ApplyEffect [Before] ID=InstanceId(-9223369043983966960): agent props = {"entity": null, "at_target": null, "hunger": 95.0603725, "held_item": ""}
[GdPAI | debug] ApplyEffect [After] ID=InstanceId(-9223369043983966960): agent props = {"entity": null, "at_target": null, "hunger": 95.0603725, "held_item": ""}
[GdPAI | debug]   Snapshotting prop: entity = Nil (Variant type: NIL)
[GdPAI | debug]   Snapshotting prop: at_target = Nil (Variant type: NIL)
[GdPAI | debug]   Snapshotting prop: hunger = Float(95.0603725) (Variant type: FLOAT)
[GdPAI | debug]   Snapshotting prop: held_item = Str("") (Variant type: STRING)
[GdPAI | debug] Discovery: Starting simulation for action Pick Up Wood
WARNING: [GdPAI] ObjectRef(124621163998): object was freed before callback; returning Nil.
   at: gdplanningai_rust::logger::process_logs (src\logger.rs:66)
   GDScript backtrace (most recent call first):
       [0] _start_plan_and_wait (res://test/integration/test_campfire_example_smoke.gd:57)
WARNING: [GdPAI] ObjectRef(124621163998): object was freed before callback; returning Nil.
   at: gdplanningai_rust::logger::process_logs (src\logger.rs:66)
   GDScript backtrace (most recent call first):
       [0] _start_plan_and_wait (res://test/integration/test_campfire_example_smoke.gd:57)
[GdPAI | debug] GetCost: callable returned non-numeric value: null; returning INFINITY
WARNING: [GdPAI] ObjectRef(1382643928884): object was freed before callback; returning Nil.
   at: gdplanningai_rust::logger::process_logs (src\logger.rs:66)
   GDScript backtrace (most recent call first):
       [0] _start_plan_and_wait (res://test/integration/test_campfire_example_smoke.gd:57)
[GdPAI | debug] GetCost: callable returned non-numeric value: null; returning INFINITY
WARNING: [GdPAI] ObjectRef(124621163998): object was freed before callback; returning Nil.
   at: gdplanningai_rust::logger::process_logs (src\logger.rs:66)
   GDScript backtrace (most recent call first):
       [0] _process (res://addons/GdPlanningAI/gdpai_autoload.gd:21)
WARNING: [GdPAI] ObjectRef(124621163998): object was freed before callback; returning Nil.
   at: gdplanningai_rust::logger::process_logs (src\logger.rs:66)
   GDScript backtrace (most recent call first):
       [0] _process (res://addons/GdPlanningAI/gdpai_autoload.gd:21)
[GdPAI | debug] ApplyEffect [Before] ID=InstanceId(-9223369041853260421): agent props = {"held_item": "", "hunger": 70.0627442063492, "entity": null}
[GdPAI | debug] ApplyEffect [After] ID=InstanceId(-9223369041853260421): agent props = {"held_item": "", "hunger": 70.0627442063492, "entity": null}
[GdPAI | debug]   Snapshotting prop: held_item = Str("") (Variant type: STRING)
[GdPAI | debug]   Snapshotting prop: hunger = Float(70.0627442063492) (Variant type: FLOAT)
[GdPAI | debug]   Snapshotting prop: entity = Nil (Variant type: NIL)
[GdPAI | debug] Discovery: Simulation success for Pick Up Wood. Agent props: {"hunger": Float(70.0627442063492), "entity": Nil, "held_item": Str("")}
[GdPAI | debug] Discovery: Action Pick Up Wood satisfied precond Builtin { target: Agent, operation: Equal, property_name: "held_item", value: Some(Str("")) }
[GdPAI | debug] Found candidate: Pick Up Wood (satisfied preconds: [0], requirements: [])
WARNING: [GdPAI] ObjectRef(1382643928884): object was freed before callback; returning Nil.
   at: gdplanningai_rust::logger::process_logs (src\logger.rs:66)
   GDScript backtrace (most recent call first):
       [0] _process (res://addons/GdPlanningAI/gdpai_autoload.gd:21)
[GdPAI | debug] ApplyEffect [Before] ID=InstanceId(-9223369041282835077): agent props = {"held_item": "wood", "hunger": 95.0603725, "at_target": null, "entity": null}
[GdPAI | debug] ApplyEffect [After] ID=InstanceId(-9223369041282835077): agent props = {"held_item": "wood", "hunger": 95.0603725, "at_target": null, "entity": null}
[GdPAI | debug]   Snapshotting prop: held_item = Str("wood") (Variant type: STRING)
[GdPAI | debug]   Snapshotting prop: hunger = Float(95.0603725) (Variant type: FLOAT)
[GdPAI | debug]   Snapshotting prop: at_target = Nil (Variant type: NIL)
[GdPAI | debug]   Snapshotting prop: entity = Nil (Variant type: NIL)
[GdPAI | debug] Discovery: Starting simulation for action Pick Up Wood
[GdPAI] A* Iteration: pop node with chain length 4
[GdPAI | debug] find_candidates: Checking 15 actions against 1 preconds and 1 requirements
WARNING: [GdPAI] ObjectRef(124621163998): object was freed before callback; returning Nil.
   at: gdplanningai_rust::logger::process_logs (src\logger.rs:66)
   GDScript backtrace (most recent call first):
       [0] _start_plan_and_wait (res://test/integration/test_campfire_example_smoke.gd:57)
WARNING: [GdPAI] ObjectRef(124621163998): object was freed before callback; returning Nil.
   at: gdplanningai_rust::logger::process_logs (src\logger.rs:66)
   GDScript backtrace (most recent call first):
       [0] _start_plan_and_wait (res://test/integration/test_campfire_example_smoke.gd:57)
[GdPAI | debug] GetCost: callable returned non-numeric value: null; returning INFINITY
WARNING: [GdPAI] ObjectRef(1382643928884): object was freed before callback; returning Nil.
   at: gdplanningai_rust::logger::process_logs (src\logger.rs:66)
   GDScript backtrace (most recent call first):
       [0] _start_plan_and_wait (res://test/integration/test_campfire_example_smoke.gd:57)
WARNING: [GdPAI] ObjectRef(1382643928884): object was freed before callback; returning Nil.
   at: gdplanningai_rust::logger::process_logs (src\logger.rs:66)
   GDScript backtrace (most recent call first):
       [0] _start_plan_and_wait (res://test/integration/test_campfire_example_smoke.gd:57)
[GdPAI | debug] Discovery: Starting simulation for action Go To
WARNING: [GdPAI] ObjectRef(124621163998): object was freed before callback; returning Nil.
   at: gdplanningai_rust::logger::process_logs (src\logger.rs:66)
   GDScript backtrace (most recent call first):
       [0] _process (res://addons/GdPlanningAI/gdpai_autoload.gd:21)
WARNING: [GdPAI] ObjectRef(124621163998): object was freed before callback; returning Nil.
   at: gdplanningai_rust::logger::process_logs (src\logger.rs:66)
   GDScript backtrace (most recent call first):
       [0] _process (res://addons/GdPlanningAI/gdpai_autoload.gd:21)
[GdPAI | debug] ApplyEffect [Before] ID=InstanceId(-9223369039202460273): agent props = {"hunger": 70.0627442063492, "entity": null, "held_item": ""}
[GdPAI | debug] ApplyEffect [After] ID=InstanceId(-9223369039202460273): agent props = {"hunger": 70.0627442063492, "entity": null, "held_item": ""}
[GdPAI | debug]   Snapshotting prop: hunger = Float(70.0627442063492) (Variant type: FLOAT)
[GdPAI | debug]   Snapshotting prop: entity = Nil (Variant type: NIL)
[GdPAI | debug]   Snapshotting prop: held_item = Str("") (Variant type: STRING)
WARNING: [GdPAI] ObjectRef(1382643928884): object was freed before callback; returning Nil.
   at: gdplanningai_rust::logger::process_logs (src\logger.rs:66)
   GDScript backtrace (most recent call first):
       [0] _process (res://addons/GdPlanningAI/gdpai_autoload.gd:21)
[GdPAI | debug] Discovery: Simulation success for Pick Up Wood. Agent props: {"hunger": Float(70.0627442063492), "held_item": Str(""), "entity": Nil}
[GdPAI | debug] Discovery: Action Pick Up Wood satisfied precond Builtin { target: Agent, operation: Equal, property_name: "held_item", value: Some(Str("")) }
[GdPAI | debug] Found candidate: Pick Up Wood (satisfied preconds: [0], requirements: [])
WARNING: [GdPAI] ObjectRef(1382643928884): object was freed before callback; returning Nil.
   at: gdplanningai_rust::logger::process_logs (src\logger.rs:66)
   GDScript backtrace (most recent call first):
       [0] _process (res://addons/GdPlanningAI/gdpai_autoload.gd:21)
[GdPAI | debug] GetCost: callable returned non-numeric value: null; returning INFINITY
[GdPAI | debug] Discovery: Starting simulation for action Pick Up Wood
WARNING: [GdPAI] ObjectRef(124621163998): object was freed before callback; returning Nil.
   at: gdplanningai_rust::logger::process_logs (src\logger.rs:66)
   GDScript backtrace (most recent call first):
       [0] _start_plan_and_wait (res://test/integration/test_campfire_example_smoke.gd:57)
WARNING: [GdPAI] ObjectRef(124621163998): object was freed before callback; returning Nil.
   at: gdplanningai_rust::logger::process_logs (src\logger.rs:66)
   GDScript backtrace (most recent call first):
       [0] _start_plan_and_wait (res://test/integration/test_campfire_example_smoke.gd:57)
[GdPAI | debug] GetCost: callable returned non-numeric value: null; returning INFINITY
WARNING: [GdPAI] ObjectRef(1382643928884): object was freed before callback; returning Nil.
   at: gdplanningai_rust::logger::process_logs (src\logger.rs:66)
   GDScript backtrace (most recent call first):
       [0] _start_plan_and_wait (res://test/integration/test_campfire_example_smoke.gd:57)
WARNING: [GdPAI] ObjectRef(1382643928884): object was freed before callback; returning Nil.
   at: gdplanningai_rust::logger::process_logs (src\logger.rs:66)
   GDScript backtrace (most recent call first):
       [0] _start_plan_and_wait (res://test/integration/test_campfire_example_smoke.gd:57)
[GdPAI | debug] ApplyEffect [Before] ID=InstanceId(-9223369037289857622): agent props = {"hunger": 95.0603725, "entity": null, "held_item": ""}
[GdPAI | debug] ApplyEffect [After] ID=InstanceId(-9223369037289857622): agent props = {"hunger": 95.0603725, "entity": null, "held_item": ""}
[GdPAI | debug]   Snapshotting prop: hunger = Float(95.0603725) (Variant type: FLOAT)
[GdPAI | debug]   Snapshotting prop: entity = Nil (Variant type: NIL)
[GdPAI | debug]   Snapshotting prop: held_item = Str("") (Variant type: STRING)
[GdPAI | debug] Discovery: Simulation success for Go To. Agent props: {"entity": Nil, "hunger": Float(95.0603725), "held_item": Str("")}
[GdPAI | debug] Discovery: Action Go To satisfied precond Builtin { target: Agent, operation: Equal, property_name: "held_item", value: Some(Str("")) }
[GdPAI | debug] Found candidate: Go To (satisfied preconds: [0], requirements: [0])
[GdPAI | debug] Discovery: Starting simulation for action Eat Held Food
WARNING: [GdPAI] ObjectRef(124621163998): object was freed before callback; returning Nil.
   at: gdplanningai_rust::logger::process_logs (src\logger.rs:66)
   GDScript backtrace (most recent call first):
       [0] _process (res://addons/GdPlanningAI/gdpai_autoload.gd:21)
WARNING: [GdPAI] ObjectRef(124621163998): object was freed before callback; returning Nil.
   at: gdplanningai_rust::logger::process_logs (src\logger.rs:66)
   GDScript backtrace (most recent call first):
       [0] _process (res://addons/GdPlanningAI/gdpai_autoload.gd:21)
[GdPAI | debug] ApplyEffect [Before] ID=InstanceId(-9223369036501328461): agent props = {"entity": null, "hunger": 70.0627442063492, "held_item": ""}
[GdPAI | debug] ApplyEffect [After] ID=InstanceId(-9223369036501328461): agent props = {"entity": null, "hunger": 70.0627442063492, "held_item": ""}
[GdPAI | debug]   Snapshotting prop: entity = Nil (Variant type: NIL)
[GdPAI | debug]   Snapshotting prop: hunger = Float(70.0627442063492) (Variant type: FLOAT)
[GdPAI | debug]   Snapshotting prop: held_item = Str("") (Variant type: STRING)
WARNING: [GdPAI] ObjectRef(1382643928884): object was freed before callback; returning Nil.
   at: gdplanningai_rust::logger::process_logs (src\logger.rs:66)
   GDScript backtrace (most recent call first):
       [0] _process (res://addons/GdPlanningAI/gdpai_autoload.gd:21)
[GdPAI | debug] Discovery: Simulation success for Pick Up Wood. Agent props: {"hunger": Float(70.0627442063492), "entity": Nil, "held_item": Str("")}
[GdPAI | debug] Discovery: Action Pick Up Wood satisfied precond Builtin { target: Agent, operation: Equal, property_name: "held_item", value: Some(Str("")) }
[GdPAI | debug] Found candidate: Pick Up Wood (satisfied preconds: [0], requirements: [])
WARNING: [GdPAI] ObjectRef(1382643928884): object was freed before callback; returning Nil.
   at: gdplanningai_rust::logger::process_logs (src\logger.rs:66)
   GDScript backtrace (most recent call first):
       [0] _process (res://addons/GdPlanningAI/gdpai_autoload.gd:21)
[GdPAI | debug] GetCost: callable returned non-numeric value: null; returning INFINITY
WARNING: [GdPAI] ObjectRef(124621163998): object was freed before callback; returning Nil.
   at: gdplanningai_rust::logger::process_logs (src\logger.rs:66)
   GDScript backtrace (most recent call first):
       [0] _start_plan_and_wait (res://test/integration/test_campfire_example_smoke.gd:57)
WARNING: [GdPAI] ObjectRef(124621163998): object was freed before callback; returning Nil.
   at: gdplanningai_rust::logger::process_logs (src\logger.rs:66)
   GDScript backtrace (most recent call first):
       [0] _start_plan_and_wait (res://test/integration/test_campfire_example_smoke.gd:57)
WARNING: [GdPAI] ObjectRef(1382643928884): object was freed before callback; returning Nil.
   at: gdplanningai_rust::logger::process_logs (src\logger.rs:66)
   GDScript backtrace (most recent call first):
       [0] _start_plan_and_wait (res://test/integration/test_campfire_example_smoke.gd:57)
[GdPAI | debug] Discovery: Action Dig Potato failed validity check, skipping
WARNING: [GdPAI] ObjectRef(1382643928884): object was freed before callback; returning Nil.
   at: gdplanningai_rust::logger::process_logs (src\logger.rs:66)
   GDScript backtrace (most recent call first):
       [0] _start_plan_and_wait (res://test/integration/test_campfire_example_smoke.gd:57)
[GdPAI | debug] ApplyEffect [Before] ID=InstanceId(-9223369034588725793): agent props = {"entity": null, "held_item": "", "hunger": 95.0603725}
[GdPAI | debug] ApplyEffect [After] ID=InstanceId(-9223369034588725793): agent props = {"entity": null, "held_item": "", "hunger": 95.0603725}
[GdPAI | debug]   Snapshotting prop: entity = Nil (Variant type: NIL)
[GdPAI | debug]   Snapshotting prop: held_item = Str("") (Variant type: STRING)
[GdPAI | debug]   Snapshotting prop: hunger = Float(95.0603725) (Variant type: FLOAT)
[GdPAI | debug] Discovery: Simulation success for Eat Held Food. Agent props: {"held_item": Str(""), "hunger": Float(95.0603725), "entity": Nil}
[GdPAI | debug] Discovery: Action Eat Held Food satisfied precond Builtin { target: Agent, operation: Equal, property_name: "held_item", value: Some(Str("")) }
[GdPAI | debug] Found candidate: Eat Held Food (satisfied preconds: [0], requirements: [])
WARNING: [GdPAI] ObjectRef(124621163998): object was freed before callback; returning Nil.
   at: gdplanningai_rust::logger::process_logs (src\logger.rs:66)
   GDScript backtrace (most recent call first):
       [0] _process (res://addons/GdPlanningAI/gdpai_autoload.gd:21)
WARNING: [GdPAI] ObjectRef(124621163998): object was freed before callback; returning Nil.
   at: gdplanningai_rust::logger::process_logs (src\logger.rs:66)
   GDScript backtrace (most recent call first):
       [0] _process (res://addons/GdPlanningAI/gdpai_autoload.gd:21)
WARNING: [GdPAI] ObjectRef(1382643928884): object was freed before callback; returning Nil.
   at: gdplanningai_rust::logger::process_logs (src\logger.rs:66)
   GDScript backtrace (most recent call first):
       [0] _process (res://addons/GdPlanningAI/gdpai_autoload.gd:21)
[GdPAI | debug] Discovery: Action Dig Potato failed validity check, skipping
WARNING: [GdPAI] ObjectRef(1382643928884): object was freed before callback; returning Nil.
   at: gdplanningai_rust::logger::process_logs (src\logger.rs:66)
   GDScript backtrace (most recent call first):
       [0] _process (res://addons/GdPlanningAI/gdpai_autoload.gd:21)
[GdPAI | debug] Discovery: Starting simulation for action Go To
WARNING: [GdPAI] ObjectRef(124621163998): object was freed before callback; returning Nil.
   at: gdplanningai_rust::logger::process_logs (src\logger.rs:66)
   GDScript backtrace (most recent call first):
       [0] _start_plan_and_wait (res://test/integration/test_campfire_example_smoke.gd:57)
WARNING: [GdPAI] ObjectRef(124621163998): object was freed before callback; returning Nil.
   at: gdplanningai_rust::logger::process_logs (src\logger.rs:66)
   GDScript backtrace (most recent call first):
       [0] _start_plan_and_wait (res://test/integration/test_campfire_example_smoke.gd:57)
WARNING: [GdPAI] ObjectRef(1382643928884): object was freed before callback; returning Nil.
   at: gdplanningai_rust::logger::process_logs (src\logger.rs:66)
   GDScript backtrace (most recent call first):
       [0] _start_plan_and_wait (res://test/integration/test_campfire_example_smoke.gd:57)
[GdPAI | debug] Discovery: Action Dig Potato failed validity check, skipping
WARNING: [GdPAI] ObjectRef(1382643928884): object was freed before callback; returning Nil.
   at: gdplanningai_rust::logger::process_logs (src\logger.rs:66)
   GDScript backtrace (most recent call first):
       [0] _start_plan_and_wait (res://test/integration/test_campfire_example_smoke.gd:57)
[GdPAI | debug] GetCost: callable returned non-numeric value: null; returning INFINITY
WARNING: [GdPAI] ObjectRef(124621163998): object was freed before callback; returning Nil.
   at: gdplanningai_rust::logger::process_logs (src\logger.rs:66)
   GDScript backtrace (most recent call first):
       [0] _process (res://addons/GdPlanningAI/gdpai_autoload.gd:21)
WARNING: [GdPAI] ObjectRef(124621163998): object was freed before callback; returning Nil.
   at: gdplanningai_rust::logger::process_logs (src\logger.rs:66)
   GDScript backtrace (most recent call first):
       [0] _process (res://addons/GdPlanningAI/gdpai_autoload.gd:21)
WARNING: [GdPAI] ObjectRef(1382643928884): object was freed before callback; returning Nil.
   at: gdplanningai_rust::logger::process_logs (src\logger.rs:66)
   GDScript backtrace (most recent call first):
       [0] _process (res://addons/GdPlanningAI/gdpai_autoload.gd:21)
[GdPAI | debug] Discovery: Action Dig Potato failed validity check, skipping
WARNING: [GdPAI] ObjectRef(1382643928884): object was freed before callback; returning Nil.
   at: gdplanningai_rust::logger::process_logs (src\logger.rs:66)
   GDScript backtrace (most recent call first):
       [0] _process (res://addons/GdPlanningAI/gdpai_autoload.gd:21)
[GdPAI | debug] ApplyEffect [Before] ID=InstanceId(-9223369030528639506): agent props = {"held_item": "", "entity": null, "hunger": 95.0603725}
[GdPAI | debug] ApplyEffect [After] ID=InstanceId(-9223369030528639506): agent props = {"held_item": "", "entity": null, "hunger": 95.0603725}
[GdPAI | debug]   Snapshotting prop: held_item = Str("") (Variant type: STRING)
[GdPAI | debug]   Snapshotting prop: entity = Nil (Variant type: NIL)
[GdPAI | debug]   Snapshotting prop: hunger = Float(95.0603725) (Variant type: FLOAT)
[GdPAI | debug] Discovery: Simulation success for Go To. Agent props: {"entity": Nil, "hunger": Float(95.0603725), "held_item": Str("")}
[GdPAI | debug] Discovery: Action Go To satisfied precond Builtin { target: Agent, operation: Equal, property_name: "held_item", value: Some(Str("")) }
[GdPAI | debug] Found candidate: Go To (satisfied preconds: [0], requirements: [0])
[GdPAI | debug] Discovery: Starting simulation for action Drop Item
WARNING: [GdPAI] ObjectRef(124621163998): object was freed before callback; returning Nil.
   at: gdplanningai_rust::logger::process_logs (src\logger.rs:66)
   GDScript backtrace (most recent call first):
       [0] _start_plan_and_wait (res://test/integration/test_campfire_example_smoke.gd:57)
WARNING: [GdPAI] ObjectRef(124621163998): object was freed before callback; returning Nil.
   at: gdplanningai_rust::logger::process_logs (src\logger.rs:66)
   GDScript backtrace (most recent call first):
       [0] _start_plan_and_wait (res://test/integration/test_campfire_example_smoke.gd:57)
WARNING: [GdPAI] ObjectRef(1382643928884): object was freed before callback; returning Nil.
   at: gdplanningai_rust::logger::process_logs (src\logger.rs:66)
   GDScript backtrace (most recent call first):
       [0] _start_plan_and_wait (res://test/integration/test_campfire_example_smoke.gd:57)
[GdPAI | debug] Discovery: Action Dig Potato failed validity check, skipping
WARNING: [GdPAI] ObjectRef(1382643928884): object was freed before callback; returning Nil.
   at: gdplanningai_rust::logger::process_logs (src\logger.rs:66)
   GDScript backtrace (most recent call first):
       [0] _start_plan_and_wait (res://test/integration/test_campfire_example_smoke.gd:57)
[GdPAI | debug] GetCost: callable returned non-numeric value: null; returning INFINITY
WARNING: [GdPAI] ObjectRef(124621163998): object was freed before callback; returning Nil.
   at: gdplanningai_rust::logger::process_logs (src\logger.rs:66)
   GDScript backtrace (most recent call first):
       [0] _process (res://addons/GdPlanningAI/gdpai_autoload.gd:21)
WARNING: [GdPAI] ObjectRef(124621163998): object was freed before callback; returning Nil.
   at: gdplanningai_rust::logger::process_logs (src\logger.rs:66)
   GDScript backtrace (most recent call first):
       [0] _process (res://addons/GdPlanningAI/gdpai_autoload.gd:21)
WARNING: [GdPAI] ObjectRef(125359361544): object was freed before callback; returning Nil.
   at: gdplanningai_rust::logger::process_logs (src\logger.rs:66)
   GDScript backtrace (most recent call first):
       [0] _process (res://addons/GdPlanningAI/gdpai_autoload.gd:21)
WARNING: [GdPAI] ObjectRef(124436614611): object was freed before callback; returning Nil.
   at: gdplanningai_rust::logger::process_logs (src\logger.rs:66)
   GDScript backtrace (most recent call first):
       [0] _process (res://addons/GdPlanningAI/gdpai_autoload.gd:21)
WARNING: [GdPAI] ObjectRef(125359361544): object was freed before callback; returning Nil.
   at: gdplanningai_rust::logger::process_logs (src\logger.rs:66)
   GDScript backtrace (most recent call first):
       [0] _process (res://addons/GdPlanningAI/gdpai_autoload.gd:21)
WARNING: [GdPAI] ObjectRef(124436614611): object was freed before callback; returning Nil.
   at: gdplanningai_rust::logger::process_logs (src\logger.rs:66)
   GDScript backtrace (most recent call first):
       [0] _process (res://addons/GdPlanningAI/gdpai_autoload.gd:21)
[GdPAI | debug] GetCost: callable returned non-numeric value: null; returning INFINITY
WARNING: [GdPAI] ObjectRef(1382643928884): object was freed before callback; returning Nil.
   at: gdplanningai_rust::logger::process_logs (src\logger.rs:66)
   GDScript backtrace (most recent call first):
       [0] _process (res://addons/GdPlanningAI/gdpai_autoload.gd:21)
WARNING: [GdPAI] ObjectRef(1382643928884): object was freed before callback; returning Nil.
   at: gdplanningai_rust::logger::process_logs (src\logger.rs:66)
   GDScript backtrace (most recent call first):
       [0] _process (res://addons/GdPlanningAI/gdpai_autoload.gd:21)
[GdPAI | debug] ApplyEffect [Before] ID=InstanceId(-9223369027827507715): agent props = {"hunger": 95.0603725, "entity": null, "held_item": ""}
[GdPAI | debug] ApplyEffect [After] ID=InstanceId(-9223369027827507715): agent props = {"hunger": 95.0603725, "entity": null, "held_item": ""}
[GdPAI | debug]   Snapshotting prop: hunger = Float(95.0603725) (Variant type: FLOAT)
[GdPAI | debug]   Snapshotting prop: entity = Nil (Variant type: NIL)
[GdPAI | debug]   Snapshotting prop: held_item = Str("") (Variant type: STRING)
[GdPAI | debug] Discovery: Simulation success for Drop Item. Agent props: {"held_item": Str(""), "hunger": Float(95.0603725), "entity": Nil}
[GdPAI | debug] Discovery: Action Drop Item satisfied precond Builtin { target: Agent, operation: Equal, property_name: "held_item", value: Some(Str("")) }
[GdPAI | debug] Found candidate: Drop Item (satisfied preconds: [0], requirements: [])
[GdPAI | debug] Discovery: Starting simulation for action Add Fuel
WARNING: [GdPAI] ObjectRef(124621163998): object was freed before callback; returning Nil.
   at: gdplanningai_rust::logger::process_logs (src\logger.rs:66)
   GDScript backtrace (most recent call first):
       [0] _start_plan_and_wait (res://test/integration/test_campfire_example_smoke.gd:57)
WARNING: [GdPAI] ObjectRef(124621163998): object was freed before callback; returning Nil.
   at: gdplanningai_rust::logger::process_logs (src\logger.rs:66)
   GDScript backtrace (most recent call first):
       [0] _start_plan_and_wait (res://test/integration/test_campfire_example_smoke.gd:57)
WARNING: [GdPAI] ObjectRef(125359361544): object was freed before callback; returning Nil.
   at: gdplanningai_rust::logger::process_logs (src\logger.rs:66)
   GDScript backtrace (most recent call first):
       [0] _start_plan_and_wait (res://test/integration/test_campfire_example_smoke.gd:57)
WARNING: [GdPAI] ObjectRef(124436614611): object was freed before callback; returning Nil.
   at: gdplanningai_rust::logger::process_logs (src\logger.rs:66)
   GDScript backtrace (most recent call first):
       [0] _start_plan_and_wait (res://test/integration/test_campfire_example_smoke.gd:57)
WARNING: [GdPAI] ObjectRef(125359361544): object was freed before callback; returning Nil.
   at: gdplanningai_rust::logger::process_logs (src\logger.rs:66)
   GDScript backtrace (most recent call first):
       [0] _start_plan_and_wait (res://test/integration/test_campfire_example_smoke.gd:57)
WARNING: [GdPAI] ObjectRef(124436614611): object was freed before callback; returning Nil.
   at: gdplanningai_rust::logger::process_logs (src\logger.rs:66)
   GDScript backtrace (most recent call first):
       [0] _start_plan_and_wait (res://test/integration/test_campfire_example_smoke.gd:57)
[GdPAI | debug] ApplyEffect [Before] ID=InstanceId(-9223369026854429166): agent props = {"held_item": "", "entity": null, "hunger": 70.0627442063492, "at_target": null}
[GdPAI | debug] ApplyEffect [After] ID=InstanceId(-9223369026854429166): agent props = {"held_item": "", "entity": null, "hunger": 70.0627442063492, "at_target": null}
[GdPAI | debug]   Snapshotting prop: held_item = Str("") (Variant type: STRING)
[GdPAI | debug]   Snapshotting prop: entity = Nil (Variant type: NIL)
[GdPAI | debug]   Snapshotting prop: hunger = Float(70.0627442063492) (Variant type: FLOAT)
[GdPAI | debug]   Snapshotting prop: at_target = Nil (Variant type: NIL)
WARNING: [GdPAI] ObjectRef(1382643928884): object was freed before callback; returning Nil.
   at: gdplanningai_rust::logger::process_logs (src\logger.rs:66)
   GDScript backtrace (most recent call first):
       [0] _start_plan_and_wait (res://test/integration/test_campfire_example_smoke.gd:57)
WARNING: [GdPAI] ObjectRef(1382643928884): object was freed before callback; returning Nil.
   at: gdplanningai_rust::logger::process_logs (src\logger.rs:66)
   GDScript backtrace (most recent call first):
       [0] _start_plan_and_wait (res://test/integration/test_campfire_example_smoke.gd:57)
[GdPAI | debug] GetCost: callable returned non-numeric value: null; returning INFINITY
WARNING: [GdPAI] ObjectRef(124621163998): object was freed before callback; returning Nil.
   at: gdplanningai_rust::logger::process_logs (src\logger.rs:66)
   GDScript backtrace (most recent call first):
       [0] _process (res://addons/GdPlanningAI/gdpai_autoload.gd:21)
WARNING: [GdPAI] ObjectRef(124436614611): object was freed before callback; returning Nil.
   at: gdplanningai_rust::logger::process_logs (src\logger.rs:66)
   GDScript backtrace (most recent call first):
       [0] _process (res://addons/GdPlanningAI/gdpai_autoload.gd:21)
WARNING: [GdPAI] ObjectRef(124436614611): object was freed before callback; returning Nil.
   at: gdplanningai_rust::logger::process_logs (src\logger.rs:66)
   GDScript backtrace (most recent call first):
       [0] _process (res://addons/GdPlanningAI/gdpai_autoload.gd:21)
[GdPAI | debug] GetCost: callable returned non-numeric value: null; returning INFINITY
WARNING: [GdPAI] ObjectRef(1382643928884): object was freed before callback; returning Nil.
   at: gdplanningai_rust::logger::process_logs (src\logger.rs:66)
   GDScript backtrace (most recent call first):
       [0] _process (res://addons/GdPlanningAI/gdpai_autoload.gd:21)
WARNING: [GdPAI] ObjectRef(1382643928884): object was freed before callback; returning Nil.
   at: gdplanningai_rust::logger::process_logs (src\logger.rs:66)
   GDScript backtrace (most recent call first):
       [0] _process (res://addons/GdPlanningAI/gdpai_autoload.gd:21)
[GdPAI | debug] ApplyEffect [Before] ID=InstanceId(-9223369024723722731): agent props = {"held_item": "wood", "hunger": 95.0603725, "entity": null}
[GdPAI | debug] ApplyEffect [After] ID=InstanceId(-9223369024723722731): agent props = {"held_item": "wood", "hunger": 95.0603725, "entity": null}
[GdPAI | debug]   Snapshotting prop: held_item = Str("wood") (Variant type: STRING)
[GdPAI | debug]   Snapshotting prop: hunger = Float(95.0603725) (Variant type: FLOAT)
[GdPAI | debug]   Snapshotting prop: entity = Nil (Variant type: NIL)
[GdPAI | debug] Discovery: Simulation success for Add Fuel. Agent props: {"hunger": Float(95.0603725), "entity": Nil, "held_item": Str("wood")}
[GdPAI | debug] Discovery: Action Add Fuel did NOT satisfy precond Builtin { target: Agent, operation: Equal, property_name: "held_item", value: Some(Str("")) }
WARNING: [GdPAI] ObjectRef(124621163998): object was freed before callback; returning Nil.
   at: gdplanningai_rust::logger::process_logs (src\logger.rs:66)
   GDScript backtrace (most recent call first):
       [0] _start_plan_and_wait (res://test/integration/test_campfire_example_smoke.gd:57)
WARNING: [GdPAI] ObjectRef(124436614611): object was freed before callback; returning Nil.
   at: gdplanningai_rust::logger::process_logs (src\logger.rs:66)
   GDScript backtrace (most recent call first):
       [0] _start_plan_and_wait (res://test/integration/test_campfire_example_smoke.gd:57)
WARNING: [GdPAI] ObjectRef(124436614611): object was freed before callback; returning Nil.
   at: gdplanningai_rust::logger::process_logs (src\logger.rs:66)
   GDScript backtrace (most recent call first):
       [0] _start_plan_and_wait (res://test/integration/test_campfire_example_smoke.gd:57)
[GdPAI | debug] ApplyEffect [Before] ID=InstanceId(-9223369023901639078): agent props = {"hunger": 70.0627442063492, "held_item": "", "at_target": null, "entity": null}
[GdPAI | debug] ApplyEffect [After] ID=InstanceId(-9223369023901639078): agent props = {"hunger": 70.0627442063492, "held_item": "", "at_target": null, "entity": null}
[GdPAI | debug]   Snapshotting prop: hunger = Float(70.0627442063492) (Variant type: FLOAT)
[GdPAI | debug]   Snapshotting prop: held_item = Str("") (Variant type: STRING)
[GdPAI | debug]   Snapshotting prop: at_target = Nil (Variant type: NIL)
[GdPAI | debug]   Snapshotting prop: entity = Nil (Variant type: NIL)
WARNING: [GdPAI] ObjectRef(1382643928884): object was freed before callback; returning Nil.
   at: gdplanningai_rust::logger::process_logs (src\logger.rs:66)
   GDScript backtrace (most recent call first):
       [0] _start_plan_and_wait (res://test/integration/test_campfire_example_smoke.gd:57)
WARNING: [GdPAI] ObjectRef(1382643928884): object was freed before callback; returning Nil.
   at: gdplanningai_rust::logger::process_logs (src\logger.rs:66)
   GDScript backtrace (most recent call first):
       [0] _start_plan_and_wait (res://test/integration/test_campfire_example_smoke.gd:57)
[GdPAI | debug] Discovery: Action Cook Potato failed validity check, skipping
[GdPAI | debug] Discovery: Starting simulation for action Pick Up Wood
WARNING: [GdPAI] ObjectRef(124621163998): object was freed before callback; returning Nil.
   at: gdplanningai_rust::logger::process_logs (src\logger.rs:66)
   GDScript backtrace (most recent call first):
       [0] _process (res://addons/GdPlanningAI/gdpai_autoload.gd:21)
WARNING: [GdPAI] ObjectRef(125359361544): object was freed before callback; returning Nil.
   at: gdplanningai_rust::logger::process_logs (src\logger.rs:66)
   GDScript backtrace (most recent call first):
       [0] _process (res://addons/GdPlanningAI/gdpai_autoload.gd:21)
WARNING: [GdPAI] ObjectRef(125359361544): object was freed before callback; returning Nil.
   at: gdplanningai_rust::logger::process_logs (src\logger.rs:66)
   GDScript backtrace (most recent call first):
       [0] _process (res://addons/GdPlanningAI/gdpai_autoload.gd:21)
[GdPAI | debug] GetCost: callable returned non-numeric value: null; returning INFINITY
WARNING: [GdPAI] ObjectRef(1382643928884): object was freed before callback; returning Nil.
   at: gdplanningai_rust::logger::process_logs (src\logger.rs:66)
   GDScript backtrace (most recent call first):
       [0] _process (res://addons/GdPlanningAI/gdpai_autoload.gd:21)
WARNING: [GdPAI] ObjectRef(1382643928884): object was freed before callback; returning Nil.
   at: gdplanningai_rust::logger::process_logs (src\logger.rs:66)
   GDScript backtrace (most recent call first):
       [0] _process (res://addons/GdPlanningAI/gdpai_autoload.gd:21)
[GdPAI | debug] GetCost: callable returned non-numeric value: null; returning INFINITY
WARNING: [GdPAI] ObjectRef(124621163998): object was freed before callback; returning Nil.
   at: gdplanningai_rust::logger::process_logs (src\logger.rs:66)
   GDScript backtrace (most recent call first):
       [0] _start_plan_and_wait (res://test/integration/test_campfire_example_smoke.gd:57)
WARNING: [GdPAI] ObjectRef(125359361544): object was freed before callback; returning Nil.
   at: gdplanningai_rust::logger::process_logs (src\logger.rs:66)
   GDScript backtrace (most recent call first):
       [0] _start_plan_and_wait (res://test/integration/test_campfire_example_smoke.gd:57)
WARNING: [GdPAI] ObjectRef(125359361544): object was freed before callback; returning Nil.
   at: gdplanningai_rust::logger::process_logs (src\logger.rs:66)
   GDScript backtrace (most recent call first):
       [0] _start_plan_and_wait (res://test/integration/test_campfire_example_smoke.gd:57)
[GdPAI | debug] ApplyEffect [Before] ID=InstanceId(-9223369021099843975): agent props = {"entity": null, "at_target": null, "hunger": 70.0627442063492, "held_item": ""}
[GdPAI | debug] ApplyEffect [After] ID=InstanceId(-9223369021099843975): agent props = {"entity": null, "at_target": null, "hunger": 70.0627442063492, "held_item": ""}
[GdPAI | debug]   Snapshotting prop: entity = Nil (Variant type: NIL)
[GdPAI | debug]   Snapshotting prop: at_target = Nil (Variant type: NIL)
[GdPAI | debug]   Snapshotting prop: hunger = Float(70.0627442063492) (Variant type: FLOAT)
[GdPAI | debug]   Snapshotting prop: held_item = Str("") (Variant type: STRING)
WARNING: [GdPAI] ObjectRef(1382643928884): object was freed before callback; returning Nil.
   at: gdplanningai_rust::logger::process_logs (src\logger.rs:66)
   GDScript backtrace (most recent call first):
       [0] _start_plan_and_wait (res://test/integration/test_campfire_example_smoke.gd:57)
WARNING: [GdPAI] ObjectRef(1382643928884): object was freed before callback; returning Nil.
   at: gdplanningai_rust::logger::process_logs (src\logger.rs:66)
   GDScript backtrace (most recent call first):
       [0] _start_plan_and_wait (res://test/integration/test_campfire_example_smoke.gd:57)
[GdPAI | debug] ApplyEffect [Before] ID=InstanceId(-9223369020529418631): agent props = {"held_item": "", "entity": null, "hunger": 95.0603725}
[GdPAI | debug] ApplyEffect [After] ID=InstanceId(-9223369020529418631): agent props = {"held_item": "", "entity": null, "hunger": 95.0603725}
[GdPAI | debug]   Snapshotting prop: held_item = Str("") (Variant type: STRING)
[GdPAI | debug]   Snapshotting prop: entity = Nil (Variant type: NIL)
[GdPAI | debug]   Snapshotting prop: hunger = Float(95.0603725) (Variant type: FLOAT)
[GdPAI | debug] Discovery: Simulation success for Pick Up Wood. Agent props: {"held_item": Str(""), "entity": Nil, "hunger": Float(95.0603725)}
[GdPAI | debug] Discovery: Action Pick Up Wood satisfied precond Builtin { target: Agent, operation: Equal, property_name: "held_item", value: Some(Str("")) }
[GdPAI | debug] Found candidate: Pick Up Wood (satisfied preconds: [0], requirements: [])
[GdPAI | debug] Discovery: Starting simulation for action Pick Up Wood
WARNING: [GdPAI] ObjectRef(124621163998): object was freed before callback; returning Nil.
   at: gdplanningai_rust::logger::process_logs (src\logger.rs:66)
   GDScript backtrace (most recent call first):
       [0] _process (res://addons/GdPlanningAI/gdpai_autoload.gd:21)
WARNING: [GdPAI] ObjectRef(124134624705): object was freed before callback; returning Nil.
   at: gdplanningai_rust::logger::process_logs (src\logger.rs:66)
   GDScript backtrace (most recent call first):
       [0] _process (res://addons/GdPlanningAI/gdpai_autoload.gd:21)
WARNING: [GdPAI] ObjectRef(124134624705): object was freed before callback; returning Nil.
   at: gdplanningai_rust::logger::process_logs (src\logger.rs:66)
   GDScript backtrace (most recent call first):
       [0] _process (res://addons/GdPlanningAI/gdpai_autoload.gd:21)
[GdPAI | debug] GetCost: callable returned non-numeric value: null; returning INFINITY
WARNING: [GdPAI] ObjectRef(1382643928884): object was freed before callback; returning Nil.
   at: gdplanningai_rust::logger::process_logs (src\logger.rs:66)
   GDScript backtrace (most recent call first):
       [0] _process (res://addons/GdPlanningAI/gdpai_autoload.gd:21)
WARNING: [GdPAI] ObjectRef(1382643928884): object was freed before callback; returning Nil.
   at: gdplanningai_rust::logger::process_logs (src\logger.rs:66)
   GDScript backtrace (most recent call first):
       [0] _process (res://addons/GdPlanningAI/gdpai_autoload.gd:21)
[GdPAI | debug] GetCost: callable returned non-numeric value: null; returning INFINITY
WARNING: [GdPAI] ObjectRef(124621163998): object was freed before callback; returning Nil.
   at: gdplanningai_rust::logger::process_logs (src\logger.rs:66)
   GDScript backtrace (most recent call first):
       [0] _start_plan_and_wait (res://test/integration/test_campfire_example_smoke.gd:57)
WARNING: [GdPAI] ObjectRef(124134624705): object was freed before callback; returning Nil.
   at: gdplanningai_rust::logger::process_logs (src\logger.rs:66)
   GDScript backtrace (most recent call first):
       [0] _start_plan_and_wait (res://test/integration/test_campfire_example_smoke.gd:57)
WARNING: [GdPAI] ObjectRef(124134624705): object was freed before callback; returning Nil.
   at: gdplanningai_rust::logger::process_logs (src\logger.rs:66)
   GDScript backtrace (most recent call first):
       [0] _start_plan_and_wait (res://test/integration/test_campfire_example_smoke.gd:57)
[GdPAI | debug] ApplyEffect [Before] ID=InstanceId(-9223369018298048894): agent props = {"at_target": null, "held_item": "", "entity": null, "hunger": 70.0627442063492}
[GdPAI | debug] ApplyEffect [After] ID=InstanceId(-9223369018298048894): agent props = {"at_target": null, "held_item": "", "entity": null, "hunger": 70.0627442063492}
[GdPAI | debug]   Snapshotting prop: at_target = Nil (Variant type: NIL)
[GdPAI | debug]   Snapshotting prop: held_item = Str("") (Variant type: STRING)
[GdPAI | debug]   Snapshotting prop: entity = Nil (Variant type: NIL)
[GdPAI | debug]   Snapshotting prop: hunger = Float(70.0627442063492) (Variant type: FLOAT)
WARNING: [GdPAI] ObjectRef(1382643928884): object was freed before callback; returning Nil.
   at: gdplanningai_rust::logger::process_logs (src\logger.rs:66)
   GDScript backtrace (most recent call first):
       [0] _start_plan_and_wait (res://test/integration/test_campfire_example_smoke.gd:57)
WARNING: [GdPAI] ObjectRef(1382643928884): object was freed before callback; returning Nil.
   at: gdplanningai_rust::logger::process_logs (src\logger.rs:66)
   GDScript backtrace (most recent call first):
       [0] _start_plan_and_wait (res://test/integration/test_campfire_example_smoke.gd:57)
[GdPAI | debug] ApplyEffect [Before] ID=InstanceId(-9223369017727623550): agent props = {"hunger": 95.0603725, "held_item": "", "entity": null}
[GdPAI | debug] ApplyEffect [After] ID=InstanceId(-9223369017727623550): agent props = {"hunger": 95.0603725, "held_item": "", "entity": null}
[GdPAI | debug]   Snapshotting prop: hunger = Float(95.0603725) (Variant type: FLOAT)
[GdPAI | debug]   Snapshotting prop: held_item = Str("") (Variant type: STRING)
[GdPAI | debug]   Snapshotting prop: entity = Nil (Variant type: NIL)
[GdPAI | debug] Discovery: Simulation success for Pick Up Wood. Agent props: {"entity": Nil, "held_item": Str(""), "hunger": Float(95.0603725)}
[GdPAI | debug] Discovery: Action Pick Up Wood satisfied precond Builtin { target: Agent, operation: Equal, property_name: "held_item", value: Some(Str("")) }
[GdPAI | debug] Found candidate: Pick Up Wood (satisfied preconds: [0], requirements: [])
[GdPAI | debug] Discovery: Starting simulation for action Pick Up Wood
WARNING: [GdPAI] ObjectRef(124621163998): object was freed before callback; returning Nil.
   at: gdplanningai_rust::logger::process_logs (src\logger.rs:66)
   GDScript backtrace (most recent call first):
       [0] _process (res://addons/GdPlanningAI/gdpai_autoload.gd:21)
WARNING: [GdPAI] ObjectRef(124134624705): object was freed before callback; returning Nil.
   at: gdplanningai_rust::logger::process_logs (src\logger.rs:66)
   GDScript backtrace (most recent call first):
       [0] _process (res://addons/GdPlanningAI/gdpai_autoload.gd:21)
WARNING: [GdPAI] ObjectRef(124134624705): object was freed before callback; returning Nil.
   at: gdplanningai_rust::logger::process_logs (src\logger.rs:66)
   GDScript backtrace (most recent call first):
       [0] _process (res://addons/GdPlanningAI/gdpai_autoload.gd:21)
[GdPAI | debug] GetCost: callable returned non-numeric value: null; returning INFINITY
WARNING: [GdPAI] ObjectRef(1382643928884): object was freed before callback; returning Nil.
   at: gdplanningai_rust::logger::process_logs (src\logger.rs:66)
   GDScript backtrace (most recent call first):
       [0] _process (res://addons/GdPlanningAI/gdpai_autoload.gd:21)
WARNING: [GdPAI] ObjectRef(1382643928884): object was freed before callback; returning Nil.
   at: gdplanningai_rust::logger::process_logs (src\logger.rs:66)
   GDScript backtrace (most recent call first):
       [0] _process (res://addons/GdPlanningAI/gdpai_autoload.gd:21)
[GdPAI | debug] GetCost: callable returned non-numeric value: null; returning INFINITY
WARNING: [GdPAI] ObjectRef(124621163998): object was freed before callback; returning Nil.
   at: gdplanningai_rust::logger::process_logs (src\logger.rs:66)
   GDScript backtrace (most recent call first):
       [0] _start_plan_and_wait (res://test/integration/test_campfire_example_smoke.gd:57)
WARNING: [GdPAI] ObjectRef(124134624705): object was freed before callback; returning Nil.
   at: gdplanningai_rust::logger::process_logs (src\logger.rs:66)
   GDScript backtrace (most recent call first):
       [0] _start_plan_and_wait (res://test/integration/test_campfire_example_smoke.gd:57)
WARNING: [GdPAI] ObjectRef(124134624705): object was freed before callback; returning Nil.
   at: gdplanningai_rust::logger::process_logs (src\logger.rs:66)
   GDScript backtrace (most recent call first):
       [0] _start_plan_and_wait (res://test/integration/test_campfire_example_smoke.gd:57)
[GdPAI | debug] ApplyEffect [Before] ID=InstanceId(-9223369015496253827): agent props = {"held_item": "", "at_target": null, "entity": null, "hunger": 70.0627442063492}
[GdPAI | debug] ApplyEffect [After] ID=InstanceId(-9223369015496253827): agent props = {"held_item": "", "at_target": null, "entity": null, "hunger": 70.0627442063492}
[GdPAI | debug]   Snapshotting prop: held_item = Str("") (Variant type: STRING)
[GdPAI | debug]   Snapshotting prop: at_target = Nil (Variant type: NIL)
[GdPAI | debug]   Snapshotting prop: entity = Nil (Variant type: NIL)
[GdPAI | debug]   Snapshotting prop: hunger = Float(70.0627442063492) (Variant type: FLOAT)
WARNING: [GdPAI] ObjectRef(1382643928884): object was freed before callback; returning Nil.
   at: gdplanningai_rust::logger::process_logs (src\logger.rs:66)
   GDScript backtrace (most recent call first):
       [0] _start_plan_and_wait (res://test/integration/test_campfire_example_smoke.gd:57)
WARNING: [GdPAI] ObjectRef(1382643928884): object was freed before callback; returning Nil.
   at: gdplanningai_rust::logger::process_logs (src\logger.rs:66)
   GDScript backtrace (most recent call first):
       [0] _start_plan_and_wait (res://test/integration/test_campfire_example_smoke.gd:57)
[GdPAI | debug] ApplyEffect [Before] ID=InstanceId(-9223369014925828483): agent props = {"hunger": 95.0603725, "entity": null, "held_item": ""}
[GdPAI | debug] ApplyEffect [After] ID=InstanceId(-9223369014925828483): agent props = {"hunger": 95.0603725, "entity": null, "held_item": ""}
[GdPAI | debug]   Snapshotting prop: hunger = Float(95.0603725) (Variant type: FLOAT)
[GdPAI | debug]   Snapshotting prop: entity = Nil (Variant type: NIL)
[GdPAI | debug]   Snapshotting prop: held_item = Str("") (Variant type: STRING)
[GdPAI | debug] Discovery: Simulation success for Pick Up Wood. Agent props: {"hunger": Float(95.0603725), "entity": Nil, "held_item": Str("")}
[GdPAI | debug] Discovery: Action Pick Up Wood satisfied precond Builtin { target: Agent, operation: Equal, property_name: "held_item", value: Some(Str("")) }
[GdPAI | debug] Found candidate: Pick Up Wood (satisfied preconds: [0], requirements: [])
[GdPAI | debug] Discovery: Starting simulation for action Pick Up Wood
WARNING: [GdPAI] ObjectRef(124621163998): object was freed before callback; returning Nil.
   at: gdplanningai_rust::logger::process_logs (src\logger.rs:66)
   GDScript backtrace (most recent call first):
       [0] _process (res://addons/GdPlanningAI/gdpai_autoload.gd:21)
[GdPAI | debug] GetCost: callable returned non-numeric value: null; returning INFINITY
WARNING: [GdPAI] ObjectRef(1382643928884): object was freed before callback; returning Nil.
   at: gdplanningai_rust::logger::process_logs (src\logger.rs:66)
   GDScript backtrace (most recent call first):
       [0] _process (res://addons/GdPlanningAI/gdpai_autoload.gd:21)
WARNING: [GdPAI] ObjectRef(1382643928884): object was freed before callback; returning Nil.
   at: gdplanningai_rust::logger::process_logs (src\logger.rs:66)
   GDScript backtrace (most recent call first):
       [0] _process (res://addons/GdPlanningAI/gdpai_autoload.gd:21)
[GdPAI | debug] GetCost: callable returned non-numeric value: null; returning INFINITY
WARNING: [GdPAI] ObjectRef(124621163998): object was freed before callback; returning Nil.
   at: gdplanningai_rust::logger::process_logs (src\logger.rs:66)
   GDScript backtrace (most recent call first):
       [0] _start_plan_and_wait (res://test/integration/test_campfire_example_smoke.gd:57)
[GdPAI | debug] ApplyEffect [Before] ID=InstanceId(-9223369012795121971): agent props = {"at_target": null, "entity": null, "held_item": "wood", "hunger": 70.0627442063492}
[GdPAI | debug] ApplyEffect [After] ID=InstanceId(-9223369012795121971): agent props = {"at_target": null, "entity": null, "held_item": "wood", "hunger": 70.0627442063492}
[GdPAI | debug]   Snapshotting prop: at_target = Nil (Variant type: NIL)
[GdPAI | debug]   Snapshotting prop: entity = Nil (Variant type: NIL)
[GdPAI | debug]   Snapshotting prop: held_item = Str("wood") (Variant type: STRING)
[GdPAI | debug]   Snapshotting prop: hunger = Float(70.0627442063492) (Variant type: FLOAT)
WARNING: [GdPAI] ObjectRef(1382643928884): object was freed before callback; returning Nil.
   at: gdplanningai_rust::logger::process_logs (src\logger.rs:66)
   GDScript backtrace (most recent call first):
       [0] _start_plan_and_wait (res://test/integration/test_campfire_example_smoke.gd:57)
WARNING: [GdPAI] ObjectRef(1382643928884): object was freed before callback; returning Nil.
   at: gdplanningai_rust::logger::process_logs (src\logger.rs:66)
   GDScript backtrace (most recent call first):
       [0] _start_plan_and_wait (res://test/integration/test_campfire_example_smoke.gd:57)
[GdPAI | debug] ApplyEffect [Before] ID=InstanceId(-9223369012224696627): agent props = {"held_item": "", "entity": null, "hunger": 95.0603725}
[GdPAI | debug] ApplyEffect [After] ID=InstanceId(-9223369012224696627): agent props = {"held_item": "", "entity": null, "hunger": 95.0603725}
[GdPAI | debug]   Snapshotting prop: held_item = Str("") (Variant type: STRING)
[GdPAI | debug]   Snapshotting prop: entity = Nil (Variant type: NIL)
[GdPAI | debug]   Snapshotting prop: hunger = Float(95.0603725) (Variant type: FLOAT)
[GdPAI | debug] Discovery: Simulation success for Pick Up Wood. Agent props: {"held_item": Str(""), "entity": Nil, "hunger": Float(95.0603725)}
[GdPAI | debug] Discovery: Action Pick Up Wood satisfied precond Builtin { target: Agent, operation: Equal, property_name: "held_item", value: Some(Str("")) }
[GdPAI | debug] Found candidate: Pick Up Wood (satisfied preconds: [0], requirements: [])
WARNING: [GdPAI] ObjectRef(124621163998): object was freed before callback; returning Nil.
   at: gdplanningai_rust::logger::process_logs (src\logger.rs:66)
   GDScript backtrace (most recent call first):
       [0] _process (res://addons/GdPlanningAI/gdpai_autoload.gd:21)
WARNING: [GdPAI] ObjectRef(124621163998): object was freed before callback; returning Nil.
   at: gdplanningai_rust::logger::process_logs (src\logger.rs:66)
   GDScript backtrace (most recent call first):
       [0] _process (res://addons/GdPlanningAI/gdpai_autoload.gd:21)
[GdPAI | debug] GetCost: callable returned non-numeric value: null; returning INFINITY
WARNING: [GdPAI] ObjectRef(1382643928884): object was freed before callback; returning Nil.
   at: gdplanningai_rust::logger::process_logs (src\logger.rs:66)
   GDScript backtrace (most recent call first):
       [0] _process (res://addons/GdPlanningAI/gdpai_autoload.gd:21)
WARNING: [GdPAI] ObjectRef(1382643928884): object was freed before callback; returning Nil.
   at: gdplanningai_rust::logger::process_logs (src\logger.rs:66)
   GDScript backtrace (most recent call first):
       [0] _process (res://addons/GdPlanningAI/gdpai_autoload.gd:21)
[GdPAI | debug] Discovery: Action Dig Potato failed validity check, skipping
WARNING: [GdPAI] ObjectRef(124621163998): object was freed before callback; returning Nil.
   at: gdplanningai_rust::logger::process_logs (src\logger.rs:66)
   GDScript backtrace (most recent call first):
       [0] _start_plan_and_wait (res://test/integration/test_campfire_example_smoke.gd:57)
WARNING: [GdPAI] ObjectRef(124621163998): object was freed before callback; returning Nil.
   at: gdplanningai_rust::logger::process_logs (src\logger.rs:66)
   GDScript backtrace (most recent call first):
       [0] _start_plan_and_wait (res://test/integration/test_campfire_example_smoke.gd:57)
[GdPAI | debug] ApplyEffect [Before] ID=InstanceId(-9223369010144321844): agent props = {"hunger": 70.0627442063492, "entity": null, "held_item": ""}
[GdPAI | debug] ApplyEffect [After] ID=InstanceId(-9223369010144321844): agent props = {"hunger": 70.0627442063492, "entity": null, "held_item": ""}
[GdPAI | debug]   Snapshotting prop: hunger = Float(70.0627442063492) (Variant type: FLOAT)
[GdPAI | debug]   Snapshotting prop: entity = Nil (Variant type: NIL)
[GdPAI | debug]   Snapshotting prop: held_item = Str("") (Variant type: STRING)
WARNING: [GdPAI] ObjectRef(1382643928884): object was freed before callback; returning Nil.
   at: gdplanningai_rust::logger::process_logs (src\logger.rs:66)
   GDScript backtrace (most recent call first):
       [0] _start_plan_and_wait (res://test/integration/test_campfire_example_smoke.gd:57)
WARNING: [GdPAI] ObjectRef(1382643928884): object was freed before callback; returning Nil.
   at: gdplanningai_rust::logger::process_logs (src\logger.rs:66)
   GDScript backtrace (most recent call first):
       [0] _start_plan_and_wait (res://test/integration/test_campfire_example_smoke.gd:57)
[GdPAI | debug] Discovery: Action Dig Potato failed validity check, skipping
WARNING: [GdPAI] ObjectRef(124621163998): object was freed before callback; returning Nil.
   at: gdplanningai_rust::logger::process_logs (src\logger.rs:66)
   GDScript backtrace (most recent call first):
       [0] _process (res://addons/GdPlanningAI/gdpai_autoload.gd:21)
[GdPAI | debug] GetCost: callable returned non-numeric value: null; returning INFINITY
WARNING: [GdPAI] ObjectRef(1382643928884): object was freed before callback; returning Nil.
   at: gdplanningai_rust::logger::process_logs (src\logger.rs:66)
   GDScript backtrace (most recent call first):
       [0] _process (res://addons/GdPlanningAI/gdpai_autoload.gd:21)
WARNING: [GdPAI] ObjectRef(1382643928884): object was freed before callback; returning Nil.
   at: gdplanningai_rust::logger::process_logs (src\logger.rs:66)
   GDScript backtrace (most recent call first):
       [0] _process (res://addons/GdPlanningAI/gdpai_autoload.gd:21)
[GdPAI | debug] Discovery: Action Dig Potato failed validity check, skipping
WARNING: [GdPAI] ObjectRef(124621163998): object was freed before callback; returning Nil.
   at: gdplanningai_rust::logger::process_logs (src\logger.rs:66)
   GDScript backtrace (most recent call first):
       [0] _start_plan_and_wait (res://test/integration/test_campfire_example_smoke.gd:57)
[GdPAI | debug] ApplyEffect [Before] ID=InstanceId(-9223369007493521712): agent props = {"hunger": 70.0627442063492, "entity": null, "held_item": ""}
[GdPAI | debug] ApplyEffect [After] ID=InstanceId(-9223369007493521712): agent props = {"hunger": 70.0627442063492, "entity": null, "held_item": ""}
[GdPAI | debug]   Snapshotting prop: hunger = Float(70.0627442063492) (Variant type: FLOAT)
[GdPAI | debug]   Snapshotting prop: entity = Nil (Variant type: NIL)
[GdPAI | debug]   Snapshotting prop: held_item = Str("") (Variant type: STRING)
WARNING: [GdPAI] ObjectRef(1382643928884): object was freed before callback; returning Nil.
   at: gdplanningai_rust::logger::process_logs (src\logger.rs:66)
   GDScript backtrace (most recent call first):
       [0] _start_plan_and_wait (res://test/integration/test_campfire_example_smoke.gd:57)
WARNING: [GdPAI] ObjectRef(1382643928884): object was freed before callback; returning Nil.
   at: gdplanningai_rust::logger::process_logs (src\logger.rs:66)
   GDScript backtrace (most recent call first):
       [0] _start_plan_and_wait (res://test/integration/test_campfire_example_smoke.gd:57)
[GdPAI | debug] Discovery: Action Dig Potato failed validity check, skipping
WARNING: [GdPAI] ObjectRef(124621163998): object was freed before callback; returning Nil.
   at: gdplanningai_rust::logger::process_logs (src\logger.rs:66)
   GDScript backtrace (most recent call first):
       [0] _process (res://addons/GdPlanningAI/gdpai_autoload.gd:21)
[GdPAI | debug] GetCost: callable returned non-numeric value: null; returning INFINITY
WARNING: [GdPAI] ObjectRef(1382643928884): object was freed before callback; returning Nil.
   at: gdplanningai_rust::logger::process_logs (src\logger.rs:66)
   GDScript backtrace (most recent call first):
       [0] _process (res://addons/GdPlanningAI/gdpai_autoload.gd:21)
WARNING: [GdPAI] ObjectRef(1382643928884): object was freed before callback; returning Nil.
   at: gdplanningai_rust::logger::process_logs (src\logger.rs:66)
   GDScript backtrace (most recent call first):
       [0] _process (res://addons/GdPlanningAI/gdpai_autoload.gd:21)
[GdPAI | debug] Discovery: Action Dig Potato failed validity check, skipping
WARNING: [GdPAI] ObjectRef(124621163998): object was freed before callback; returning Nil.
   at: gdplanningai_rust::logger::process_logs (src\logger.rs:66)
   GDScript backtrace (most recent call first):
       [0] _start_plan_and_wait (res://test/integration/test_campfire_example_smoke.gd:57)
[GdPAI | debug] ApplyEffect [Before] ID=InstanceId(-9223369004893053174): agent props = {"hunger": 70.0627442063492, "entity": null, "held_item": ""}
[GdPAI | debug] ApplyEffect [After] ID=InstanceId(-9223369004893053174): agent props = {"hunger": 70.0627442063492, "entity": null, "held_item": ""}
[GdPAI | debug]   Snapshotting prop: hunger = Float(70.0627442063492) (Variant type: FLOAT)
[GdPAI | debug]   Snapshotting prop: entity = Nil (Variant type: NIL)
[GdPAI | debug]   Snapshotting prop: held_item = Str("") (Variant type: STRING)
WARNING: [GdPAI] ObjectRef(1382643928884): object was freed before callback; returning Nil.
   at: gdplanningai_rust::logger::process_logs (src\logger.rs:66)
   GDScript backtrace (most recent call first):
       [0] _start_plan_and_wait (res://test/integration/test_campfire_example_smoke.gd:57)
WARNING: [GdPAI] ObjectRef(1382643928884): object was freed before callback; returning Nil.
   at: gdplanningai_rust::logger::process_logs (src\logger.rs:66)
   GDScript backtrace (most recent call first):
       [0] _start_plan_and_wait (res://test/integration/test_campfire_example_smoke.gd:57)
WARNING: [GdPAI] ObjectRef(1383197576744): object was freed before callback; returning Nil.
   at: gdplanningai_rust::logger::process_logs (src\logger.rs:66)
   GDScript backtrace (most recent call first):
       [0] _start_plan_and_wait (res://test/integration/test_campfire_example_smoke.gd:57)
WARNING: [GdPAI] ObjectRef(1383197576744): object was freed before callback; returning Nil.
   at: gdplanningai_rust::logger::process_logs (src\logger.rs:66)
   GDScript backtrace (most recent call first):
       [0] _start_plan_and_wait (res://test/integration/test_campfire_example_smoke.gd:57)
[GdPAI | debug] GetCost: callable returned non-numeric value: null; returning INFINITY
WARNING: [GdPAI] ObjectRef(124621163998): object was freed before callback; returning Nil.
   at: gdplanningai_rust::logger::process_logs (src\logger.rs:66)
   GDScript backtrace (most recent call first):
       [0] _process (res://addons/GdPlanningAI/gdpai_autoload.gd:21)
WARNING: [GdPAI] ObjectRef(124134624705): object was freed before callback; returning Nil.
   at: gdplanningai_rust::logger::process_logs (src\logger.rs:66)
   GDScript backtrace (most recent call first):
       [0] _process (res://addons/GdPlanningAI/gdpai_autoload.gd:21)
WARNING: [GdPAI] ObjectRef(124134624705): object was freed before callback; returning Nil.
   at: gdplanningai_rust::logger::process_logs (src\logger.rs:66)
   GDScript backtrace (most recent call first):
       [0] _process (res://addons/GdPlanningAI/gdpai_autoload.gd:21)
[GdPAI | debug] GetCost: callable returned non-numeric value: null; returning INFINITY
WARNING: [GdPAI] ObjectRef(1382643928884): object was freed before callback; returning Nil.
   at: gdplanningai_rust::logger::process_logs (src\logger.rs:66)
   GDScript backtrace (most recent call first):
       [0] _process (res://addons/GdPlanningAI/gdpai_autoload.gd:21)
WARNING: [GdPAI] ObjectRef(1382643928884): object was freed before callback; returning Nil.
   at: gdplanningai_rust::logger::process_logs (src\logger.rs:66)
   GDScript backtrace (most recent call first):
       [0] _process (res://addons/GdPlanningAI/gdpai_autoload.gd:21)
WARNING: [GdPAI] ObjectRef(1383197576744): object was freed before callback; returning Nil.
   at: gdplanningai_rust::logger::process_logs (src\logger.rs:66)
   GDScript backtrace (most recent call first):
       [0] _process (res://addons/GdPlanningAI/gdpai_autoload.gd:21)
WARNING: [GdPAI] ObjectRef(1383197576744): object was freed before callback; returning Nil.
   at: gdplanningai_rust::logger::process_logs (src\logger.rs:66)
   GDScript backtrace (most recent call first):
       [0] _process (res://addons/GdPlanningAI/gdpai_autoload.gd:21)
[GdPAI | debug] ApplyEffect [Before] ID=InstanceId(-9223369002913341730): agent props = {"entity": null, "at_target": null, "hunger": 95.0603725, "held_item": ""}
[GdPAI | debug] ApplyEffect [After] ID=InstanceId(-9223369002913341730): agent props = {"entity": null, "at_target": null, "hunger": 95.0603725, "held_item": ""}
[GdPAI | debug]   Snapshotting prop: entity = Nil (Variant type: NIL)
[GdPAI | debug]   Snapshotting prop: at_target = Nil (Variant type: NIL)
[GdPAI | debug]   Snapshotting prop: hunger = Float(95.0603725) (Variant type: FLOAT)
[GdPAI | debug]   Snapshotting prop: held_item = Str("") (Variant type: STRING)
WARNING: [GdPAI] ObjectRef(124621163998): object was freed before callback; returning Nil.
   at: gdplanningai_rust::logger::process_logs (src\logger.rs:66)
   GDScript backtrace (most recent call first):
       [0] _start_plan_and_wait (res://test/integration/test_campfire_example_smoke.gd:57)
WARNING: [GdPAI] ObjectRef(124134624705): object was freed before callback; returning Nil.
   at: gdplanningai_rust::logger::process_logs (src\logger.rs:66)
   GDScript backtrace (most recent call first):
       [0] _start_plan_and_wait (res://test/integration/test_campfire_example_smoke.gd:57)
WARNING: [GdPAI] ObjectRef(124134624705): object was freed before callback; returning Nil.
   at: gdplanningai_rust::logger::process_logs (src\logger.rs:66)
   GDScript backtrace (most recent call first):
       [0] _start_plan_and_wait (res://test/integration/test_campfire_example_smoke.gd:57)
[GdPAI | debug] ApplyEffect [Before] ID=InstanceId(-9223369001990594795): agent props = {"entity": null, "hunger": 70.0627442063492, "held_item": "", "at_target": null}
[GdPAI | debug] ApplyEffect [After] ID=InstanceId(-9223369001990594795): agent props = {"entity": null, "hunger": 70.0627442063492, "held_item": "", "at_target": null}
[GdPAI | debug]   Snapshotting prop: entity = Nil (Variant type: NIL)
[GdPAI | debug]   Snapshotting prop: hunger = Float(70.0627442063492) (Variant type: FLOAT)
[GdPAI | debug]   Snapshotting prop: held_item = Str("") (Variant type: STRING)
[GdPAI | debug]   Snapshotting prop: at_target = Nil (Variant type: NIL)
WARNING: [GdPAI] ObjectRef(1382643928884): object was freed before callback; returning Nil.
   at: gdplanningai_rust::logger::process_logs (src\logger.rs:66)
   GDScript backtrace (most recent call first):
       [0] _start_plan_and_wait (res://test/integration/test_campfire_example_smoke.gd:57)
WARNING: [GdPAI] ObjectRef(1383197576744): object was freed before callback; returning Nil.
   at: gdplanningai_rust::logger::process_logs (src\logger.rs:66)
   GDScript backtrace (most recent call first):
       [0] _start_plan_and_wait (res://test/integration/test_campfire_example_smoke.gd:57)
WARNING: [GdPAI] ObjectRef(1383197576744): object was freed before callback; returning Nil.
   at: gdplanningai_rust::logger::process_logs (src\logger.rs:66)
   GDScript backtrace (most recent call first):
       [0] _start_plan_and_wait (res://test/integration/test_campfire_example_smoke.gd:57)
[GdPAI | debug] GetCost: callable returned non-numeric value: null; returning INFINITY
WARNING: [GdPAI] ObjectRef(124621163998): object was freed before callback; returning Nil.
   at: gdplanningai_rust::logger::process_logs (src\logger.rs:66)
   GDScript backtrace (most recent call first):
       [0] _process (res://addons/GdPlanningAI/gdpai_autoload.gd:21)
WARNING: [GdPAI] ObjectRef(124134624705): object was freed before callback; returning Nil.
   at: gdplanningai_rust::logger::process_logs (src\logger.rs:66)
   GDScript backtrace (most recent call first):
       [0] _process (res://addons/GdPlanningAI/gdpai_autoload.gd:21)
WARNING: [GdPAI] ObjectRef(124134624705): object was freed before callback; returning Nil.
   at: gdplanningai_rust::logger::process_logs (src\logger.rs:66)
   GDScript backtrace (most recent call first):
       [0] _process (res://addons/GdPlanningAI/gdpai_autoload.gd:21)
[GdPAI | debug] GetCost: callable returned non-numeric value: null; returning INFINITY
WARNING: [GdPAI] ObjectRef(1382643928884): object was freed before callback; returning Nil.
   at: gdplanningai_rust::logger::process_logs (src\logger.rs:66)
   GDScript backtrace (most recent call first):
       [0] _process (res://addons/GdPlanningAI/gdpai_autoload.gd:21)
WARNING: [GdPAI] ObjectRef(1383197576744): object was freed before callback; returning Nil.
   at: gdplanningai_rust::logger::process_logs (src\logger.rs:66)
   GDScript backtrace (most recent call first):
       [0] _process (res://addons/GdPlanningAI/gdpai_autoload.gd:21)
WARNING: [GdPAI] ObjectRef(1383197576744): object was freed before callback; returning Nil.
   at: gdplanningai_rust::logger::process_logs (src\logger.rs:66)
   GDScript backtrace (most recent call first):
       [0] _process (res://addons/GdPlanningAI/gdpai_autoload.gd:21)
[GdPAI | debug] ApplyEffect [Before] ID=InstanceId(-9223368999960551664): agent props = {"held_item": "", "at_target": null, "hunger": 95.0603725, "entity": null}
[GdPAI | debug] ApplyEffect [After] ID=InstanceId(-9223368999960551664): agent props = {"held_item": "", "at_target": null, "hunger": 95.0603725, "entity": null}
[GdPAI | debug]   Snapshotting prop: held_item = Str("") (Variant type: STRING)
[GdPAI | debug]   Snapshotting prop: at_target = Nil (Variant type: NIL)
[GdPAI | debug]   Snapshotting prop: hunger = Float(95.0603725) (Variant type: FLOAT)
[GdPAI | debug]   Snapshotting prop: entity = Nil (Variant type: NIL)
WARNING: [GdPAI] ObjectRef(124621163998): object was freed before callback; returning Nil.
   at: gdplanningai_rust::logger::process_logs (src\logger.rs:66)
   GDScript backtrace (most recent call first):
       [0] _start_plan_and_wait (res://test/integration/test_campfire_example_smoke.gd:57)
WARNING: [GdPAI] ObjectRef(124134624705): object was freed before callback; returning Nil.
   at: gdplanningai_rust::logger::process_logs (src\logger.rs:66)
   GDScript backtrace (most recent call first):
       [0] _start_plan_and_wait (res://test/integration/test_campfire_example_smoke.gd:57)
WARNING: [GdPAI] ObjectRef(124134624705): object was freed before callback; returning Nil.
   at: gdplanningai_rust::logger::process_logs (src\logger.rs:66)
   GDScript backtrace (most recent call first):
       [0] _start_plan_and_wait (res://test/integration/test_campfire_example_smoke.gd:57)
[GdPAI | debug] ApplyEffect [Before] ID=InstanceId(-9223368999088136370): agent props = {"hunger": 70.0627442063492, "at_target": null, "held_item": "", "entity": null}
[GdPAI | debug] ApplyEffect [After] ID=InstanceId(-9223368999088136370): agent props = {"hunger": 70.0627442063492, "at_target": null, "held_item": "", "entity": null}
[GdPAI | debug]   Snapshotting prop: hunger = Float(70.0627442063492) (Variant type: FLOAT)
[GdPAI | debug]   Snapshotting prop: at_target = Nil (Variant type: NIL)
[GdPAI | debug]   Snapshotting prop: held_item = Str("") (Variant type: STRING)
[GdPAI | debug]   Snapshotting prop: entity = Nil (Variant type: NIL)
WARNING: [GdPAI] ObjectRef(1382643928884): object was freed before callback; returning Nil.
   at: gdplanningai_rust::logger::process_logs (src\logger.rs:66)
   GDScript backtrace (most recent call first):
       [0] _start_plan_and_wait (res://test/integration/test_campfire_example_smoke.gd:57)
WARNING: [GdPAI] ObjectRef(1382157389614): object was freed before callback; returning Nil.
   at: gdplanningai_rust::logger::process_logs (src\logger.rs:66)
   GDScript backtrace (most recent call first):
       [0] _start_plan_and_wait (res://test/integration/test_campfire_example_smoke.gd:57)
WARNING: [GdPAI] ObjectRef(1382157389614): object was freed before callback; returning Nil.
   at: gdplanningai_rust::logger::process_logs (src\logger.rs:66)
   GDScript backtrace (most recent call first):
       [0] _start_plan_and_wait (res://test/integration/test_campfire_example_smoke.gd:57)
[GdPAI | debug] GetCost: callable returned non-numeric value: null; returning INFINITY
WARNING: [GdPAI] ObjectRef(124621163998): object was freed before callback; returning Nil.
   at: gdplanningai_rust::logger::process_logs (src\logger.rs:66)
   GDScript backtrace (most recent call first):
       [0] _process (res://addons/GdPlanningAI/gdpai_autoload.gd:21)
[GdPAI | debug] GetCost: callable returned non-numeric value: null; returning INFINITY
WARNING: [GdPAI] ObjectRef(1382643928884): object was freed before callback; returning Nil.
   at: gdplanningai_rust::logger::process_logs (src\logger.rs:66)
   GDScript backtrace (most recent call first):
       [0] _process (res://addons/GdPlanningAI/gdpai_autoload.gd:21)
WARNING: [GdPAI] ObjectRef(1382157389614): object was freed before callback; returning Nil.
   at: gdplanningai_rust::logger::process_logs (src\logger.rs:66)
   GDScript backtrace (most recent call first):
       [0] _process (res://addons/GdPlanningAI/gdpai_autoload.gd:21)
WARNING: [GdPAI] ObjectRef(1382157389614): object was freed before callback; returning Nil.
   at: gdplanningai_rust::logger::process_logs (src\logger.rs:66)
   GDScript backtrace (most recent call first):
       [0] _process (res://addons/GdPlanningAI/gdpai_autoload.gd:21)
[GdPAI | debug] ApplyEffect [Before] ID=InstanceId(-9223368997058093251): agent props = {"held_item": "", "hunger": 95.0603725, "entity": null, "at_target": null}
[GdPAI | debug] ApplyEffect [After] ID=InstanceId(-9223368997058093251): agent props = {"held_item": "", "hunger": 95.0603725, "entity": null, "at_target": null}
[GdPAI | debug]   Snapshotting prop: held_item = Str("") (Variant type: STRING)
[GdPAI | debug]   Snapshotting prop: hunger = Float(95.0603725) (Variant type: FLOAT)
[GdPAI | debug]   Snapshotting prop: entity = Nil (Variant type: NIL)
[GdPAI | debug]   Snapshotting prop: at_target = Nil (Variant type: NIL)
WARNING: [GdPAI] ObjectRef(124621163998): object was freed before callback; returning Nil.
   at: gdplanningai_rust::logger::process_logs (src\logger.rs:66)
   GDScript backtrace (most recent call first):
       [0] _start_plan_and_wait (res://test/integration/test_campfire_example_smoke.gd:57)
[GdPAI | debug] ApplyEffect [Before] ID=InstanceId(-9223368996286341284): agent props = {"held_item": "wood", "entity": null, "hunger": 70.0627442063492, "at_target": null}
[GdPAI | debug] ApplyEffect [After] ID=InstanceId(-9223368996286341284): agent props = {"held_item": "wood", "entity": null, "hunger": 70.0627442063492, "at_target": null}
[GdPAI | debug]   Snapshotting prop: held_item = Str("wood") (Variant type: STRING)
[GdPAI | debug]   Snapshotting prop: entity = Nil (Variant type: NIL)
[GdPAI | debug]   Snapshotting prop: hunger = Float(70.0627442063492) (Variant type: FLOAT)
[GdPAI | debug]   Snapshotting prop: at_target = Nil (Variant type: NIL)
WARNING: [GdPAI] ObjectRef(1382643928884): object was freed before callback; returning Nil.
   at: gdplanningai_rust::logger::process_logs (src\logger.rs:66)
   GDScript backtrace (most recent call first):
       [0] _start_plan_and_wait (res://test/integration/test_campfire_example_smoke.gd:57)
WARNING: [GdPAI] ObjectRef(1382157389614): object was freed before callback; returning Nil.
   at: gdplanningai_rust::logger::process_logs (src\logger.rs:66)
   GDScript backtrace (most recent call first):
       [0] _start_plan_and_wait (res://test/integration/test_campfire_example_smoke.gd:57)
WARNING: [GdPAI] ObjectRef(1382157389614): object was freed before callback; returning Nil.
   at: gdplanningai_rust::logger::process_logs (src\logger.rs:66)
   GDScript backtrace (most recent call first):
       [0] _start_plan_and_wait (res://test/integration/test_campfire_example_smoke.gd:57)
[GdPAI | debug] GetCost: callable returned non-numeric value: null; returning INFINITY
[GdPAI | debug] Numeric comparison: 70.0627442063492 GreaterThan 0 -> true
WARNING: [GdPAI] ObjectRef(124621163998): object was freed before callback; returning Nil.
   at: gdplanningai_rust::logger::process_logs (src\logger.rs:66)
   GDScript backtrace (most recent call first):
       [0] _process (res://addons/GdPlanningAI/gdpai_autoload.gd:21)
WARNING: [GdPAI] ObjectRef(124621163998): object was freed before callback; returning Nil.
   at: gdplanningai_rust::logger::process_logs (src\logger.rs:66)
   GDScript backtrace (most recent call first):
       [0] _process (res://addons/GdPlanningAI/gdpai_autoload.gd:21)
WARNING: [GdPAI] ObjectRef(125359361544): object was freed before callback; returning Nil.
   at: gdplanningai_rust::logger::process_logs (src\logger.rs:66)
   GDScript backtrace (most recent call first):
       [0] _process (res://addons/GdPlanningAI/gdpai_autoload.gd:21)
WARNING: [GdPAI] ObjectRef(124436614611): object was freed before callback; returning Nil.
   at: gdplanningai_rust::logger::process_logs (src\logger.rs:66)
   GDScript backtrace (most recent call first):
       [0] _process (res://addons/GdPlanningAI/gdpai_autoload.gd:21)
WARNING: [GdPAI] ObjectRef(125359361544): object was freed before callback; returning Nil.
   at: gdplanningai_rust::logger::process_logs (src\logger.rs:66)
   GDScript backtrace (most recent call first):
       [0] _process (res://addons/GdPlanningAI/gdpai_autoload.gd:21)
WARNING: [GdPAI] ObjectRef(124436614611): object was freed before callback; returning Nil.
   at: gdplanningai_rust::logger::process_logs (src\logger.rs:66)
   GDScript backtrace (most recent call first):
       [0] _process (res://addons/GdPlanningAI/gdpai_autoload.gd:21)
[GdPAI | debug] GetCost: callable returned non-numeric value: null; returning INFINITY
WARNING: [GdPAI] ObjectRef(1382643928884): object was freed before callback; returning Nil.
   at: gdplanningai_rust::logger::process_logs (src\logger.rs:66)
   GDScript backtrace (most recent call first):
       [0] _process (res://addons/GdPlanningAI/gdpai_autoload.gd:21)
WARNING: [GdPAI] ObjectRef(1382157389614): object was freed before callback; returning Nil.
   at: gdplanningai_rust::logger::process_logs (src\logger.rs:66)
   GDScript backtrace (most recent call first):
       [0] _process (res://addons/GdPlanningAI/gdpai_autoload.gd:21)
WARNING: [GdPAI] ObjectRef(1382157389614): object was freed before callback; returning Nil.
   at: gdplanningai_rust::logger::process_logs (src\logger.rs:66)
   GDScript backtrace (most recent call first):
       [0] _process (res://addons/GdPlanningAI/gdpai_autoload.gd:21)
[GdPAI | debug] ApplyEffect [Before] ID=InstanceId(-9223368994356961451): agent props = {"entity": null, "hunger": 95.0603725, "at_target": null, "held_item": ""}
[GdPAI | debug] ApplyEffect [After] ID=InstanceId(-9223368994356961451): agent props = {"entity": null, "hunger": 95.0603725, "at_target": null, "held_item": ""}
[GdPAI | debug]   Snapshotting prop: entity = Nil (Variant type: NIL)
[GdPAI | debug]   Snapshotting prop: hunger = Float(95.0603725) (Variant type: FLOAT)
[GdPAI | debug]   Snapshotting prop: at_target = Nil (Variant type: NIL)
[GdPAI | debug]   Snapshotting prop: held_item = Str("") (Variant type: STRING)
WARNING: [GdPAI] ObjectRef(124621163998): object was freed before callback; returning Nil.
   at: gdplanningai_rust::logger::process_logs (src\logger.rs:66)
   GDScript backtrace (most recent call first):
       [0] _start_plan_and_wait (res://test/integration/test_campfire_example_smoke.gd:57)
WARNING: [GdPAI] ObjectRef(124621163998): object was freed before callback; returning Nil.
   at: gdplanningai_rust::logger::process_logs (src\logger.rs:66)
   GDScript backtrace (most recent call first):
       [0] _start_plan_and_wait (res://test/integration/test_campfire_example_smoke.gd:57)
WARNING: [GdPAI] ObjectRef(125359361544): object was freed before callback; returning Nil.
   at: gdplanningai_rust::logger::process_logs (src\logger.rs:66)
   GDScript backtrace (most recent call first):
       [0] _start_plan_and_wait (res://test/integration/test_campfire_example_smoke.gd:57)
WARNING: [GdPAI] ObjectRef(124436614611): object was freed before callback; returning Nil.
   at: gdplanningai_rust::logger::process_logs (src\logger.rs:66)
   GDScript backtrace (most recent call first):
       [0] _start_plan_and_wait (res://test/integration/test_campfire_example_smoke.gd:57)
WARNING: [GdPAI] ObjectRef(125359361544): object was freed before callback; returning Nil.
   at: gdplanningai_rust::logger::process_logs (src\logger.rs:66)
   GDScript backtrace (most recent call first):
       [0] _start_plan_and_wait (res://test/integration/test_campfire_example_smoke.gd:57)
WARNING: [GdPAI] ObjectRef(124436614611): object was freed before callback; returning Nil.
   at: gdplanningai_rust::logger::process_logs (src\logger.rs:66)
   GDScript backtrace (most recent call first):
       [0] _start_plan_and_wait (res://test/integration/test_campfire_example_smoke.gd:57)
[GdPAI | debug] ApplyEffect [Before] ID=InstanceId(-9223368993333551223): agent props = {"held_item": "", "at_target": null, "hunger": 70.0627442063492, "entity": null}
[GdPAI | debug] ApplyEffect [After] ID=InstanceId(-9223368993333551223): agent props = {"held_item": "", "at_target": null, "hunger": 70.0627442063492, "entity": null}
[GdPAI | debug]   Snapshotting prop: held_item = Str("") (Variant type: STRING)
[GdPAI | debug]   Snapshotting prop: at_target = Nil (Variant type: NIL)
[GdPAI | debug]   Snapshotting prop: hunger = Float(70.0627442063492) (Variant type: FLOAT)
[GdPAI | debug]   Snapshotting prop: entity = Nil (Variant type: NIL)
WARNING: [GdPAI] ObjectRef(1382643928884): object was freed before callback; returning Nil.
   at: gdplanningai_rust::logger::process_logs (src\logger.rs:66)
   GDScript backtrace (most recent call first):
       [0] _start_plan_and_wait (res://test/integration/test_campfire_example_smoke.gd:57)
[GdPAI | debug] GetCost: callable returned non-numeric value: null; returning INFINITY
WARNING: [GdPAI] ObjectRef(124621163998): object was freed before callback; returning Nil.
   at: gdplanningai_rust::logger::process_logs (src\logger.rs:66)
   GDScript backtrace (most recent call first):
       [0] _process (res://addons/GdPlanningAI/gdpai_autoload.gd:21)
WARNING: [GdPAI] ObjectRef(124436614611): object was freed before callback; returning Nil.
   at: gdplanningai_rust::logger::process_logs (src\logger.rs:66)
   GDScript backtrace (most recent call first):
       [0] _process (res://addons/GdPlanningAI/gdpai_autoload.gd:21)
WARNING: [GdPAI] ObjectRef(124436614611): object was freed before callback; returning Nil.
   at: gdplanningai_rust::logger::process_logs (src\logger.rs:66)
   GDScript backtrace (most recent call first):
       [0] _process (res://addons/GdPlanningAI/gdpai_autoload.gd:21)
[GdPAI | debug] GetCost: callable returned non-numeric value: null; returning INFINITY
WARNING: [GdPAI] ObjectRef(1382643928884): object was freed before callback; returning Nil.
   at: gdplanningai_rust::logger::process_logs (src\logger.rs:66)
   GDScript backtrace (most recent call first):
       [0] _process (res://addons/GdPlanningAI/gdpai_autoload.gd:21)
[GdPAI | debug] ApplyEffect [Before] ID=InstanceId(-9223368991253176456): agent props = {"at_target": null, "held_item": "wood", "entity": null, "hunger": 95.0603725}
[GdPAI | debug] ApplyEffect [After] ID=InstanceId(-9223368991253176456): agent props = {"at_target": null, "held_item": "wood", "entity": null, "hunger": 95.0603725}
[GdPAI | debug]   Snapshotting prop: at_target = Nil (Variant type: NIL)
[GdPAI | debug]   Snapshotting prop: held_item = Str("wood") (Variant type: STRING)
[GdPAI | debug]   Snapshotting prop: entity = Nil (Variant type: NIL)
[GdPAI | debug]   Snapshotting prop: hunger = Float(95.0603725) (Variant type: FLOAT)
WARNING: [GdPAI] ObjectRef(124621163998): object was freed before callback; returning Nil.
   at: gdplanningai_rust::logger::process_logs (src\logger.rs:66)
   GDScript backtrace (most recent call first):
       [0] _start_plan_and_wait (res://test/integration/test_campfire_example_smoke.gd:57)
WARNING: [GdPAI] ObjectRef(124436614611): object was freed before callback; returning Nil.
   at: gdplanningai_rust::logger::process_logs (src\logger.rs:66)
   GDScript backtrace (most recent call first):
       [0] _start_plan_and_wait (res://test/integration/test_campfire_example_smoke.gd:57)
WARNING: [GdPAI] ObjectRef(124436614611): object was freed before callback; returning Nil.
   at: gdplanningai_rust::logger::process_logs (src\logger.rs:66)
   GDScript backtrace (most recent call first):
       [0] _start_plan_and_wait (res://test/integration/test_campfire_example_smoke.gd:57)
[GdPAI | debug] ApplyEffect [Before] ID=InstanceId(-9223368990481424459): agent props = {"hunger": 70.0627442063492, "at_target": null, "held_item": "", "entity": null}
[GdPAI | debug] ApplyEffect [After] ID=InstanceId(-9223368990481424459): agent props = {"hunger": 70.0627442063492, "at_target": null, "held_item": "", "entity": null}
[GdPAI | debug]   Snapshotting prop: hunger = Float(70.0627442063492) (Variant type: FLOAT)
[GdPAI | debug]   Snapshotting prop: at_target = Nil (Variant type: NIL)
[GdPAI | debug]   Snapshotting prop: held_item = Str("") (Variant type: STRING)
[GdPAI | debug]   Snapshotting prop: entity = Nil (Variant type: NIL)
WARNING: [GdPAI] ObjectRef(1382643928884): object was freed before callback; returning Nil.
   at: gdplanningai_rust::logger::process_logs (src\logger.rs:66)
   GDScript backtrace (most recent call first):
       [0] _start_plan_and_wait (res://test/integration/test_campfire_example_smoke.gd:57)
WARNING: [GdPAI] ObjectRef(1382643928884): object was freed before callback; returning Nil.
   at: gdplanningai_rust::logger::process_logs (src\logger.rs:66)
   GDScript backtrace (most recent call first):
       [0] _start_plan_and_wait (res://test/integration/test_campfire_example_smoke.gd:57)
[GdPAI | debug] GetCost: callable returned non-numeric value: null; returning INFINITY
WARNING: [GdPAI] ObjectRef(124621163998): object was freed before callback; returning Nil.
   at: gdplanningai_rust::logger::process_logs (src\logger.rs:66)
   GDScript backtrace (most recent call first):
       [0] _process (res://addons/GdPlanningAI/gdpai_autoload.gd:21)
WARNING: [GdPAI] ObjectRef(125359361544): object was freed before callback; returning Nil.
   at: gdplanningai_rust::logger::process_logs (src\logger.rs:66)
   GDScript backtrace (most recent call first):
       [0] _process (res://addons/GdPlanningAI/gdpai_autoload.gd:21)
WARNING: [GdPAI] ObjectRef(125359361544): object was freed before callback; returning Nil.
   at: gdplanningai_rust::logger::process_logs (src\logger.rs:66)
   GDScript backtrace (most recent call first):
       [0] _process (res://addons/GdPlanningAI/gdpai_autoload.gd:21)
[GdPAI | debug] GetCost: callable returned non-numeric value: null; returning INFINITY
WARNING: [GdPAI] ObjectRef(1382643928884): object was freed before callback; returning Nil.
   at: gdplanningai_rust::logger::process_logs (src\logger.rs:66)
   GDScript backtrace (most recent call first):
       [0] _process (res://addons/GdPlanningAI/gdpai_autoload.gd:21)
WARNING: [GdPAI] ObjectRef(1382643928884): object was freed before callback; returning Nil.
   at: gdplanningai_rust::logger::process_logs (src\logger.rs:66)
   GDScript backtrace (most recent call first):
       [0] _process (res://addons/GdPlanningAI/gdpai_autoload.gd:21)
[GdPAI | debug] ApplyEffect [Before] ID=InstanceId(-9223368988501713008): agent props = {"hunger": 95.0603725, "held_item": "", "entity": null}
[GdPAI | debug] ApplyEffect [After] ID=InstanceId(-9223368988501713008): agent props = {"hunger": 95.0603725, "held_item": "", "entity": null}
[GdPAI | debug]   Snapshotting prop: hunger = Float(95.0603725) (Variant type: FLOAT)
[GdPAI | debug]   Snapshotting prop: held_item = Str("") (Variant type: STRING)
[GdPAI | debug]   Snapshotting prop: entity = Nil (Variant type: NIL)
WARNING: [GdPAI] ObjectRef(124621163998): object was freed before callback; returning Nil.
   at: gdplanningai_rust::logger::process_logs (src\logger.rs:66)
   GDScript backtrace (most recent call first):
       [0] _start_plan_and_wait (res://test/integration/test_campfire_example_smoke.gd:57)
WARNING: [GdPAI] ObjectRef(125359361544): object was freed before callback; returning Nil.
   at: gdplanningai_rust::logger::process_logs (src\logger.rs:66)
   GDScript backtrace (most recent call first):
       [0] _start_plan_and_wait (res://test/integration/test_campfire_example_smoke.gd:57)
WARNING: [GdPAI] ObjectRef(125359361544): object was freed before callback; returning Nil.
   at: gdplanningai_rust::logger::process_logs (src\logger.rs:66)
   GDScript backtrace (most recent call first):
       [0] _start_plan_and_wait (res://test/integration/test_campfire_example_smoke.gd:57)
[GdPAI | debug] ApplyEffect [Before] ID=InstanceId(-9223368987679629359): agent props = {"entity": null, "held_item": "", "at_target": null, "hunger": 70.0627442063492}
[GdPAI | debug] ApplyEffect [After] ID=InstanceId(-9223368987679629359): agent props = {"entity": null, "held_item": "", "at_target": null, "hunger": 70.0627442063492}
[GdPAI | debug]   Snapshotting prop: entity = Nil (Variant type: NIL)
[GdPAI | debug]   Snapshotting prop: held_item = Str("") (Variant type: STRING)
[GdPAI | debug]   Snapshotting prop: at_target = Nil (Variant type: NIL)
[GdPAI | debug]   Snapshotting prop: hunger = Float(70.0627442063492) (Variant type: FLOAT)
WARNING: [GdPAI] ObjectRef(1382643928884): object was freed before callback; returning Nil.
   at: gdplanningai_rust::logger::process_logs (src\logger.rs:66)
   GDScript backtrace (most recent call first):
       [0] _start_plan_and_wait (res://test/integration/test_campfire_example_smoke.gd:57)
[GdPAI | debug] GetCost: callable returned non-numeric value: null; returning INFINITY
WARNING: [GdPAI] ObjectRef(124621163998): object was freed before callback; returning Nil.
   at: gdplanningai_rust::logger::process_logs (src\logger.rs:66)
   GDScript backtrace (most recent call first):
       [0] _process (res://addons/GdPlanningAI/gdpai_autoload.gd:21)
WARNING: [GdPAI] ObjectRef(124134624705): object was freed before callback; returning Nil.
   at: gdplanningai_rust::logger::process_logs (src\logger.rs:66)
   GDScript backtrace (most recent call first):
       [0] _process (res://addons/GdPlanningAI/gdpai_autoload.gd:21)
WARNING: [GdPAI] ObjectRef(124134624705): object was freed before callback; returning Nil.
   at: gdplanningai_rust::logger::process_logs (src\logger.rs:66)
   GDScript backtrace (most recent call first):
       [0] _process (res://addons/GdPlanningAI/gdpai_autoload.gd:21)
[GdPAI | debug] GetCost: callable returned non-numeric value: null; returning INFINITY
WARNING: [GdPAI] ObjectRef(1382643928884): object was freed before callback; returning Nil.
   at: gdplanningai_rust::logger::process_logs (src\logger.rs:66)
   GDScript backtrace (most recent call first):
       [0] _process (res://addons/GdPlanningAI/gdpai_autoload.gd:21)
[GdPAI | debug] ApplyEffect [Before] ID=InstanceId(-9223368985750249543): agent props = {"entity": null, "hunger": 95.0603725, "held_item": ""}
[GdPAI | debug] ApplyEffect [After] ID=InstanceId(-9223368985750249543): agent props = {"entity": null, "hunger": 95.0603725, "held_item": ""}
[GdPAI | debug]   Snapshotting prop: entity = Nil (Variant type: NIL)
[GdPAI | debug]   Snapshotting prop: hunger = Float(95.0603725) (Variant type: FLOAT)
[GdPAI | debug]   Snapshotting prop: held_item = Str("") (Variant type: STRING)
WARNING: [GdPAI] ObjectRef(124621163998): object was freed before callback; returning Nil.
   at: gdplanningai_rust::logger::process_logs (src\logger.rs:66)
   GDScript backtrace (most recent call first):
       [0] _start_plan_and_wait (res://test/integration/test_campfire_example_smoke.gd:57)
WARNING: [GdPAI] ObjectRef(124134624705): object was freed before callback; returning Nil.
   at: gdplanningai_rust::logger::process_logs (src\logger.rs:66)
   GDScript backtrace (most recent call first):
       [0] _start_plan_and_wait (res://test/integration/test_campfire_example_smoke.gd:57)
WARNING: [GdPAI] ObjectRef(124134624705): object was freed before callback; returning Nil.
   at: gdplanningai_rust::logger::process_logs (src\logger.rs:66)
   GDScript backtrace (most recent call first):
       [0] _start_plan_and_wait (res://test/integration/test_campfire_example_smoke.gd:57)
[GdPAI | debug] ApplyEffect [Before] ID=InstanceId(-9223368984978497588): agent props = {"hunger": 70.0627442063492, "entity": null, "held_item": "", "at_target": null}
[GdPAI | debug] ApplyEffect [After] ID=InstanceId(-9223368984978497588): agent props = {"hunger": 70.0627442063492, "entity": null, "held_item": "", "at_target": null}
[GdPAI | debug]   Snapshotting prop: hunger = Float(70.0627442063492) (Variant type: FLOAT)
[GdPAI | debug]   Snapshotting prop: entity = Nil (Variant type: NIL)
[GdPAI | debug]   Snapshotting prop: held_item = Str("") (Variant type: STRING)
[GdPAI | debug]   Snapshotting prop: at_target = Nil (Variant type: NIL)
WARNING: [GdPAI] ObjectRef(1382643928884): object was freed before callback; returning Nil.
   at: gdplanningai_rust::logger::process_logs (src\logger.rs:66)
   GDScript backtrace (most recent call first):
       [0] _start_plan_and_wait (res://test/integration/test_campfire_example_smoke.gd:57)
WARNING: [GdPAI] ObjectRef(1382157389614): object was freed before callback; returning Nil.
   at: gdplanningai_rust::logger::process_logs (src\logger.rs:66)
   GDScript backtrace (most recent call first):
       [0] _start_plan_and_wait (res://test/integration/test_campfire_example_smoke.gd:57)
WARNING: [GdPAI] ObjectRef(1382157389614): object was freed before callback; returning Nil.
   at: gdplanningai_rust::logger::process_logs (src\logger.rs:66)
   GDScript backtrace (most recent call first):
       [0] _start_plan_and_wait (res://test/integration/test_campfire_example_smoke.gd:57)
[GdPAI | debug] GetCost: callable returned non-numeric value: null; returning INFINITY
WARNING: [GdPAI] ObjectRef(124621163998): object was freed before callback; returning Nil.
   at: gdplanningai_rust::logger::process_logs (src\logger.rs:66)
   GDScript backtrace (most recent call first):
       [0] _process (res://addons/GdPlanningAI/gdpai_autoload.gd:21)
WARNING: [GdPAI] ObjectRef(124134624705): object was freed before callback; returning Nil.
   at: gdplanningai_rust::logger::process_logs (src\logger.rs:66)
   GDScript backtrace (most recent call first):
       [0] _process (res://addons/GdPlanningAI/gdpai_autoload.gd:21)
WARNING: [GdPAI] ObjectRef(124134624705): object was freed before callback; returning Nil.
   at: gdplanningai_rust::logger::process_logs (src\logger.rs:66)
   GDScript backtrace (most recent call first):
       [0] _process (res://addons/GdPlanningAI/gdpai_autoload.gd:21)
[GdPAI | debug] GetCost: callable returned non-numeric value: null; returning INFINITY
WARNING: [GdPAI] ObjectRef(1382643928884): object was freed before callback; returning Nil.
   at: gdplanningai_rust::logger::process_logs (src\logger.rs:66)
   GDScript backtrace (most recent call first):
       [0] _process (res://addons/GdPlanningAI/gdpai_autoload.gd:21)
WARNING: [GdPAI] ObjectRef(1382157389614): object was freed before callback; returning Nil.
   at: gdplanningai_rust::logger::process_logs (src\logger.rs:66)
   GDScript backtrace (most recent call first):
       [0] _process (res://addons/GdPlanningAI/gdpai_autoload.gd:21)
WARNING: [GdPAI] ObjectRef(1382157389614): object was freed before callback; returning Nil.
   at: gdplanningai_rust::logger::process_logs (src\logger.rs:66)
   GDScript backtrace (most recent call first):
       [0] _process (res://addons/GdPlanningAI/gdpai_autoload.gd:21)
[GdPAI | debug] ApplyEffect [Before] ID=InstanceId(-9223368982948454430): agent props = {"entity": null, "at_target": null, "hunger": 95.0603725, "held_item": ""}
[GdPAI | debug] ApplyEffect [After] ID=InstanceId(-9223368982948454430): agent props = {"entity": null, "at_target": null, "hunger": 95.0603725, "held_item": ""}
[GdPAI | debug]   Snapshotting prop: entity = Nil (Variant type: NIL)
[GdPAI | debug]   Snapshotting prop: at_target = Nil (Variant type: NIL)
[GdPAI | debug]   Snapshotting prop: hunger = Float(95.0603725) (Variant type: FLOAT)
[GdPAI | debug]   Snapshotting prop: held_item = Str("") (Variant type: STRING)
WARNING: [GdPAI] ObjectRef(124621163998): object was freed before callback; returning Nil.
   at: gdplanningai_rust::logger::process_logs (src\logger.rs:66)
   GDScript backtrace (most recent call first):
       [0] _start_plan_and_wait (res://test/integration/test_campfire_example_smoke.gd:57)
WARNING: [GdPAI] ObjectRef(124134624705): object was freed before callback; returning Nil.
   at: gdplanningai_rust::logger::process_logs (src\logger.rs:66)
   GDScript backtrace (most recent call first):
       [0] _start_plan_and_wait (res://test/integration/test_campfire_example_smoke.gd:57)
WARNING: [GdPAI] ObjectRef(124134624705): object was freed before callback; returning Nil.
   at: gdplanningai_rust::logger::process_logs (src\logger.rs:66)
   GDScript backtrace (most recent call first):
       [0] _start_plan_and_wait (res://test/integration/test_campfire_example_smoke.gd:57)
[GdPAI | debug] ApplyEffect [Before] ID=InstanceId(-9223368982076039152): agent props = {"entity": null, "hunger": 70.0627442063492, "at_target": null, "held_item": ""}
[GdPAI | debug] ApplyEffect [After] ID=InstanceId(-9223368982076039152): agent props = {"entity": null, "hunger": 70.0627442063492, "at_target": null, "held_item": ""}
[GdPAI | debug]   Snapshotting prop: entity = Nil (Variant type: NIL)
[GdPAI | debug]   Snapshotting prop: hunger = Float(70.0627442063492) (Variant type: FLOAT)
[GdPAI | debug]   Snapshotting prop: at_target = Nil (Variant type: NIL)
[GdPAI | debug]   Snapshotting prop: held_item = Str("") (Variant type: STRING)
WARNING: [GdPAI] ObjectRef(1382643928884): object was freed before callback; returning Nil.
   at: gdplanningai_rust::logger::process_logs (src\logger.rs:66)
   GDScript backtrace (most recent call first):
       [0] _start_plan_and_wait (res://test/integration/test_campfire_example_smoke.gd:57)
WARNING: [GdPAI] ObjectRef(1382157389614): object was freed before callback; returning Nil.
   at: gdplanningai_rust::logger::process_logs (src\logger.rs:66)
   GDScript backtrace (most recent call first):
       [0] _start_plan_and_wait (res://test/integration/test_campfire_example_smoke.gd:57)
WARNING: [GdPAI] ObjectRef(1382157389614): object was freed before callback; returning Nil.
   at: gdplanningai_rust::logger::process_logs (src\logger.rs:66)
   GDScript backtrace (most recent call first):
       [0] _start_plan_and_wait (res://test/integration/test_campfire_example_smoke.gd:57)
[GdPAI | debug] GetCost: callable returned non-numeric value: null; returning INFINITY
WARNING: [GdPAI] ObjectRef(124621163998): object was freed before callback; returning Nil.
   at: gdplanningai_rust::logger::process_logs (src\logger.rs:66)
   GDScript backtrace (most recent call first):
       [0] _process (res://addons/GdPlanningAI/gdpai_autoload.gd:21)
[GdPAI | debug] GetCost: callable returned non-numeric value: null; returning INFINITY
WARNING: [GdPAI] ObjectRef(1382643928884): object was freed before callback; returning Nil.
   at: gdplanningai_rust::logger::process_logs (src\logger.rs:66)
   GDScript backtrace (most recent call first):
       [0] _process (res://addons/GdPlanningAI/gdpai_autoload.gd:21)
WARNING: [GdPAI] ObjectRef(1382157389614): object was freed before callback; returning Nil.
   at: gdplanningai_rust::logger::process_logs (src\logger.rs:66)
   GDScript backtrace (most recent call first):
       [0] _process (res://addons/GdPlanningAI/gdpai_autoload.gd:21)
WARNING: [GdPAI] ObjectRef(1382157389614): object was freed before callback; returning Nil.
   at: gdplanningai_rust::logger::process_logs (src\logger.rs:66)
   GDScript backtrace (most recent call first):
       [0] _process (res://addons/GdPlanningAI/gdpai_autoload.gd:21)
[GdPAI | debug] ApplyEffect [Before] ID=InstanceId(-9223368980045996055): agent props = {"held_item": "", "entity": null, "at_target": null, "hunger": 95.0603725}
[GdPAI | debug] ApplyEffect [After] ID=InstanceId(-9223368980045996055): agent props = {"held_item": "", "entity": null, "at_target": null, "hunger": 95.0603725}
[GdPAI | debug]   Snapshotting prop: held_item = Str("") (Variant type: STRING)
[GdPAI | debug]   Snapshotting prop: entity = Nil (Variant type: NIL)
[GdPAI | debug]   Snapshotting prop: at_target = Nil (Variant type: NIL)
[GdPAI | debug]   Snapshotting prop: hunger = Float(95.0603725) (Variant type: FLOAT)
WARNING: [GdPAI] ObjectRef(124621163998): object was freed before callback; returning Nil.
   at: gdplanningai_rust::logger::process_logs (src\logger.rs:66)
   GDScript backtrace (most recent call first):
       [0] _start_plan_and_wait (res://test/integration/test_campfire_example_smoke.gd:57)
[GdPAI | debug] ApplyEffect [Before] ID=InstanceId(-9223368979274244090): agent props = {"hunger": 70.0627442063492, "at_target": null, "entity": null, "held_item": "wood"}
[GdPAI | debug] ApplyEffect [After] ID=InstanceId(-9223368979274244090): agent props = {"hunger": 70.0627442063492, "at_target": null, "entity": null, "held_item": "wood"}
[GdPAI | debug]   Snapshotting prop: hunger = Float(70.0627442063492) (Variant type: FLOAT)
[GdPAI | debug]   Snapshotting prop: at_target = Nil (Variant type: NIL)
[GdPAI | debug]   Snapshotting prop: entity = Nil (Variant type: NIL)
[GdPAI | debug]   Snapshotting prop: held_item = Str("wood") (Variant type: STRING)
WARNING: [GdPAI] ObjectRef(1382643928884): object was freed before callback; returning Nil.
   at: gdplanningai_rust::logger::process_logs (src\logger.rs:66)
   GDScript backtrace (most recent call first):
       [0] _start_plan_and_wait (res://test/integration/test_campfire_example_smoke.gd:57)
[GdPAI | debug] GetCost: callable returned non-numeric value: null; returning INFINITY
WARNING: [GdPAI] ObjectRef(124621163998): object was freed before callback; returning Nil.
   at: gdplanningai_rust::logger::process_logs (src\logger.rs:66)
   GDScript backtrace (most recent call first):
       [0] _process (res://addons/GdPlanningAI/gdpai_autoload.gd:21)
WARNING: [GdPAI] ObjectRef(124621163998): object was freed before callback; returning Nil.
   at: gdplanningai_rust::logger::process_logs (src\logger.rs:66)
   GDScript backtrace (most recent call first):
       [0] _process (res://addons/GdPlanningAI/gdpai_autoload.gd:21)
[GdPAI | debug] GetCost: callable returned non-numeric value: null; returning INFINITY
WARNING: [GdPAI] ObjectRef(1382643928884): object was freed before callback; returning Nil.
   at: gdplanningai_rust::logger::process_logs (src\logger.rs:66)
   GDScript backtrace (most recent call first):
       [0] _process (res://addons/GdPlanningAI/gdpai_autoload.gd:21)
[GdPAI | debug] ApplyEffect [Before] ID=InstanceId(-9223368977445527529): agent props = {"entity": null, "at_target": null, "hunger": 95.0603725, "held_item": "wood"}
[GdPAI | debug] ApplyEffect [After] ID=InstanceId(-9223368977445527529): agent props = {"entity": null, "at_target": null, "hunger": 95.0603725, "held_item": "wood"}
[GdPAI | debug]   Snapshotting prop: entity = Nil (Variant type: NIL)
[GdPAI | debug]   Snapshotting prop: at_target = Nil (Variant type: NIL)
[GdPAI | debug]   Snapshotting prop: hunger = Float(95.0603725) (Variant type: FLOAT)
[GdPAI | debug]   Snapshotting prop: held_item = Str("wood") (Variant type: STRING)
[GdPAI | debug] Numeric comparison: 95.0603725 GreaterThan 0 -> true
WARNING: [GdPAI] ObjectRef(124621163998): object was freed before callback; returning Nil.
   at: gdplanningai_rust::logger::process_logs (src\logger.rs:66)
   GDScript backtrace (most recent call first):
       [0] _start_plan_and_wait (res://test/integration/test_campfire_example_smoke.gd:57)
WARNING: [GdPAI] ObjectRef(124621163998): object was freed before callback; returning Nil.
   at: gdplanningai_rust::logger::process_logs (src\logger.rs:66)
   GDScript backtrace (most recent call first):
       [0] _start_plan_and_wait (res://test/integration/test_campfire_example_smoke.gd:57)
[GdPAI | debug] ApplyEffect [Before] ID=InstanceId(-9223368976724107227): agent props = {"held_item": "", "hunger": 70.0627442063492, "entity": null}
[GdPAI | debug] ApplyEffect [After] ID=InstanceId(-9223368976724107227): agent props = {"held_item": "", "hunger": 70.0627442063492, "entity": null}
[GdPAI | debug]   Snapshotting prop: held_item = Str("") (Variant type: STRING)
[GdPAI | debug]   Snapshotting prop: hunger = Float(70.0627442063492) (Variant type: FLOAT)
[GdPAI | debug]   Snapshotting prop: entity = Nil (Variant type: NIL)
WARNING: [GdPAI] ObjectRef(1382643928884): object was freed before callback; returning Nil.
   at: gdplanningai_rust::logger::process_logs (src\logger.rs:66)
   GDScript backtrace (most recent call first):
       [0] _start_plan_and_wait (res://test/integration/test_campfire_example_smoke.gd:57)
WARNING: [GdPAI] ObjectRef(1382643928884): object was freed before callback; returning Nil.
   at: gdplanningai_rust::logger::process_logs (src\logger.rs:66)
   GDScript backtrace (most recent call first):
       [0] _start_plan_and_wait (res://test/integration/test_campfire_example_smoke.gd:57)
WARNING: [GdPAI] ObjectRef(1383197576744): object was freed before callback; returning Nil.
   at: gdplanningai_rust::logger::process_logs (src\logger.rs:66)
   GDScript backtrace (most recent call first):
       [0] _start_plan_and_wait (res://test/integration/test_campfire_example_smoke.gd:57)
WARNING: [GdPAI] ObjectRef(1383197576744): object was freed before callback; returning Nil.
   at: gdplanningai_rust::logger::process_logs (src\logger.rs:66)
   GDScript backtrace (most recent call first):
       [0] _start_plan_and_wait (res://test/integration/test_campfire_example_smoke.gd:57)
[GdPAI | debug] GetCost: callable returned non-numeric value: null; returning INFINITY
WARNING: [GdPAI] ObjectRef(124621163998): object was freed before callback; returning Nil.
   at: gdplanningai_rust::logger::process_logs (src\logger.rs:66)
   GDScript backtrace (most recent call first):
       [0] _process (res://addons/GdPlanningAI/gdpai_autoload.gd:21)
[GdPAI | debug] GetCost: callable returned non-numeric value: null; returning INFINITY
WARNING: [GdPAI] ObjectRef(1382643928884): object was freed before callback; returning Nil.
   at: gdplanningai_rust::logger::process_logs (src\logger.rs:66)
   GDScript backtrace (most recent call first):
       [0] _process (res://addons/GdPlanningAI/gdpai_autoload.gd:21)
WARNING: [GdPAI] ObjectRef(1382643928884): object was freed before callback; returning Nil.
   at: gdplanningai_rust::logger::process_logs (src\logger.rs:66)
   GDScript backtrace (most recent call first):
       [0] _process (res://addons/GdPlanningAI/gdpai_autoload.gd:21)
WARNING: [GdPAI] ObjectRef(1383197576744): object was freed before callback; returning Nil.
   at: gdplanningai_rust::logger::process_logs (src\logger.rs:66)
   GDScript backtrace (most recent call first):
       [0] _process (res://addons/GdPlanningAI/gdpai_autoload.gd:21)
WARNING: [GdPAI] ObjectRef(1383197576744): object was freed before callback; returning Nil.
   at: gdplanningai_rust::logger::process_logs (src\logger.rs:66)
   GDScript backtrace (most recent call first):
       [0] _process (res://addons/GdPlanningAI/gdpai_autoload.gd:21)
[GdPAI | debug] ApplyEffect [Before] ID=InstanceId(-9223368974694064079): agent props = {"entity": null, "at_target": null, "held_item": "", "hunger": 95.0603725}
[GdPAI | debug] ApplyEffect [After] ID=InstanceId(-9223368974694064079): agent props = {"entity": null, "at_target": null, "held_item": "", "hunger": 95.0603725}
[GdPAI | debug]   Snapshotting prop: entity = Nil (Variant type: NIL)
[GdPAI | debug]   Snapshotting prop: at_target = Nil (Variant type: NIL)
[GdPAI | debug]   Snapshotting prop: held_item = Str("") (Variant type: STRING)
[GdPAI | debug]   Snapshotting prop: hunger = Float(95.0603725) (Variant type: FLOAT)
WARNING: [GdPAI] ObjectRef(124621163998): object was freed before callback; returning Nil.
   at: gdplanningai_rust::logger::process_logs (src\logger.rs:66)
   GDScript backtrace (most recent call first):
       [0] _start_plan_and_wait (res://test/integration/test_campfire_example_smoke.gd:57)
[GdPAI | debug] ApplyEffect [Before] ID=InstanceId(-9223368973871980475): agent props = {"hunger": 70.0627442063492, "entity": null, "held_item": ""}
[GdPAI | debug] ApplyEffect [After] ID=InstanceId(-9223368973871980475): agent props = {"hunger": 70.0627442063492, "entity": null, "held_item": ""}
[GdPAI | debug]   Snapshotting prop: hunger = Float(70.0627442063492) (Variant type: FLOAT)
[GdPAI | debug]   Snapshotting prop: entity = Nil (Variant type: NIL)
[GdPAI | debug]   Snapshotting prop: held_item = Str("") (Variant type: STRING)
WARNING: [GdPAI] ObjectRef(1382643928884): object was freed before callback; returning Nil.
   at: gdplanningai_rust::logger::process_logs (src\logger.rs:66)
   GDScript backtrace (most recent call first):
       [0] _start_plan_and_wait (res://test/integration/test_campfire_example_smoke.gd:57)
WARNING: [GdPAI] ObjectRef(1383197576744): object was freed before callback; returning Nil.
   at: gdplanningai_rust::logger::process_logs (src\logger.rs:66)
   GDScript backtrace (most recent call first):
       [0] _start_plan_and_wait (res://test/integration/test_campfire_example_smoke.gd:57)
WARNING: [GdPAI] ObjectRef(1383197576744): object was freed before callback; returning Nil.
   at: gdplanningai_rust::logger::process_logs (src\logger.rs:66)
   GDScript backtrace (most recent call first):
       [0] _start_plan_and_wait (res://test/integration/test_campfire_example_smoke.gd:57)
[GdPAI | debug] GetCost: callable returned non-numeric value: null; returning INFINITY
WARNING: [GdPAI] ObjectRef(124621163998): object was freed before callback; returning Nil.
   at: gdplanningai_rust::logger::process_logs (src\logger.rs:66)
   GDScript backtrace (most recent call first):
       [0] _process (res://addons/GdPlanningAI/gdpai_autoload.gd:21)
[GdPAI | debug] GetCost: callable returned non-numeric value: null; returning INFINITY
WARNING: [GdPAI] ObjectRef(1382643928884): object was freed before callback; returning Nil.
   at: gdplanningai_rust::logger::process_logs (src\logger.rs:66)
   GDScript backtrace (most recent call first):
       [0] _process (res://addons/GdPlanningAI/gdpai_autoload.gd:21)
WARNING: [GdPAI] ObjectRef(1383197576744): object was freed before callback; returning Nil.
   at: gdplanningai_rust::logger::process_logs (src\logger.rs:66)
   GDScript backtrace (most recent call first):
       [0] _process (res://addons/GdPlanningAI/gdpai_autoload.gd:21)
WARNING: [GdPAI] ObjectRef(1383197576744): object was freed before callback; returning Nil.
   at: gdplanningai_rust::logger::process_logs (src\logger.rs:66)
   GDScript backtrace (most recent call first):
       [0] _process (res://addons/GdPlanningAI/gdpai_autoload.gd:21)
[GdPAI | debug] ApplyEffect [Before] ID=InstanceId(-9223368971942600629): agent props = {"at_target": null, "hunger": 95.0603725, "held_item": "", "entity": null}
[GdPAI | debug] ApplyEffect [After] ID=InstanceId(-9223368971942600629): agent props = {"at_target": null, "hunger": 95.0603725, "held_item": "", "entity": null}
[GdPAI | debug]   Snapshotting prop: at_target = Nil (Variant type: NIL)
[GdPAI | debug]   Snapshotting prop: hunger = Float(95.0603725) (Variant type: FLOAT)
[GdPAI | debug]   Snapshotting prop: held_item = Str("") (Variant type: STRING)
[GdPAI | debug]   Snapshotting prop: entity = Nil (Variant type: NIL)
WARNING: [GdPAI] ObjectRef(124621163998): object was freed before callback; returning Nil.
   at: gdplanningai_rust::logger::process_logs (src\logger.rs:66)
   GDScript backtrace (most recent call first):
       [0] _start_plan_and_wait (res://test/integration/test_campfire_example_smoke.gd:57)
[GdPAI | debug] ApplyEffect [Before] ID=InstanceId(-9223368971170848676): agent props = {"hunger": 70.0627442063492, "held_item": "", "entity": null}
[GdPAI | debug] ApplyEffect [After] ID=InstanceId(-9223368971170848676): agent props = {"hunger": 70.0627442063492, "held_item": "", "entity": null}
[GdPAI | debug]   Snapshotting prop: hunger = Float(70.0627442063492) (Variant type: FLOAT)
[GdPAI | debug]   Snapshotting prop: held_item = Str("") (Variant type: STRING)
[GdPAI | debug]   Snapshotting prop: entity = Nil (Variant type: NIL)
WARNING: [GdPAI] ObjectRef(1382643928884): object was freed before callback; returning Nil.
   at: gdplanningai_rust::logger::process_logs (src\logger.rs:66)
   GDScript backtrace (most recent call first):
       [0] _start_plan_and_wait (res://test/integration/test_campfire_example_smoke.gd:57)
WARNING: [GdPAI] ObjectRef(1382157389614): object was freed before callback; returning Nil.
   at: gdplanningai_rust::logger::process_logs (src\logger.rs:66)
   GDScript backtrace (most recent call first):
       [0] _start_plan_and_wait (res://test/integration/test_campfire_example_smoke.gd:57)
WARNING: [GdPAI] ObjectRef(1382157389614): object was freed before callback; returning Nil.
   at: gdplanningai_rust::logger::process_logs (src\logger.rs:66)
   GDScript backtrace (most recent call first):
       [0] _start_plan_and_wait (res://test/integration/test_campfire_example_smoke.gd:57)
[GdPAI | debug] GetCost: callable returned non-numeric value: null; returning INFINITY
WARNING: [GdPAI] ObjectRef(124621163998): object was freed before callback; returning Nil.
   at: gdplanningai_rust::logger::process_logs (src\logger.rs:66)
   GDScript backtrace (most recent call first):
       [0] _process (res://addons/GdPlanningAI/gdpai_autoload.gd:21)
WARNING: [GdPAI] ObjectRef(124134624705): object was freed before callback; returning Nil.
   at: gdplanningai_rust::logger::process_logs (src\logger.rs:66)
   GDScript backtrace (most recent call first):
       [0] _process (res://addons/GdPlanningAI/gdpai_autoload.gd:21)
WARNING: [GdPAI] ObjectRef(124134624705): object was freed before callback; returning Nil.
   at: gdplanningai_rust::logger::process_logs (src\logger.rs:66)
   GDScript backtrace (most recent call first):
       [0] _process (res://addons/GdPlanningAI/gdpai_autoload.gd:21)
[GdPAI | debug] GetCost: callable returned non-numeric value: null; returning INFINITY
WARNING: [GdPAI] ObjectRef(1382643928884): object was freed before callback; returning Nil.
   at: gdplanningai_rust::logger::process_logs (src\logger.rs:66)
   GDScript backtrace (most recent call first):
       [0] _process (res://addons/GdPlanningAI/gdpai_autoload.gd:21)
WARNING: [GdPAI] ObjectRef(1382157389614): object was freed before callback; returning Nil.
   at: gdplanningai_rust::logger::process_logs (src\logger.rs:66)
   GDScript backtrace (most recent call first):
       [0] _process (res://addons/GdPlanningAI/gdpai_autoload.gd:21)
WARNING: [GdPAI] ObjectRef(1382157389614): object was freed before callback; returning Nil.
   at: gdplanningai_rust::logger::process_logs (src\logger.rs:66)
   GDScript backtrace (most recent call first):
       [0] _process (res://addons/GdPlanningAI/gdpai_autoload.gd:21)
[GdPAI | debug] ApplyEffect [Before] ID=InstanceId(-9223368969241468834): agent props = {"entity": null, "at_target": null, "held_item": "", "hunger": 95.0603725}
[GdPAI | debug] ApplyEffect [After] ID=InstanceId(-9223368969241468834): agent props = {"entity": null, "at_target": null, "held_item": "", "hunger": 95.0603725}
[GdPAI | debug]   Snapshotting prop: entity = Nil (Variant type: NIL)
[GdPAI | debug]   Snapshotting prop: at_target = Nil (Variant type: NIL)
[GdPAI | debug]   Snapshotting prop: held_item = Str("") (Variant type: STRING)
[GdPAI | debug]   Snapshotting prop: hunger = Float(95.0603725) (Variant type: FLOAT)
WARNING: [GdPAI] ObjectRef(124621163998): object was freed before callback; returning Nil.
   at: gdplanningai_rust::logger::process_logs (src\logger.rs:66)
   GDScript backtrace (most recent call first):
       [0] _start_plan_and_wait (res://test/integration/test_campfire_example_smoke.gd:57)
WARNING: [GdPAI] ObjectRef(124134624705): object was freed before callback; returning Nil.
   at: gdplanningai_rust::logger::process_logs (src\logger.rs:66)
   GDScript backtrace (most recent call first):
       [0] _start_plan_and_wait (res://test/integration/test_campfire_example_smoke.gd:57)
WARNING: [GdPAI] ObjectRef(124134624705): object was freed before callback; returning Nil.
   at: gdplanningai_rust::logger::process_logs (src\logger.rs:66)
   GDScript backtrace (most recent call first):
       [0] _start_plan_and_wait (res://test/integration/test_campfire_example_smoke.gd:57)
[GdPAI | debug] ApplyEffect [Before] ID=InstanceId(-9223368968369053561): agent props = {"held_item": "", "entity": null, "at_target": null, "hunger": 70.0627442063492}
[GdPAI | debug] ApplyEffect [After] ID=InstanceId(-9223368968369053561): agent props = {"held_item": "", "entity": null, "at_target": null, "hunger": 70.0627442063492}
[GdPAI | debug]   Snapshotting prop: held_item = Str("") (Variant type: STRING)
[GdPAI | debug]   Snapshotting prop: entity = Nil (Variant type: NIL)
[GdPAI | debug]   Snapshotting prop: at_target = Nil (Variant type: NIL)
[GdPAI | debug]   Snapshotting prop: hunger = Float(70.0627442063492) (Variant type: FLOAT)
WARNING: [GdPAI] ObjectRef(1382643928884): object was freed before callback; returning Nil.
   at: gdplanningai_rust::logger::process_logs (src\logger.rs:66)
   GDScript backtrace (most recent call first):
       [0] _start_plan_and_wait (res://test/integration/test_campfire_example_smoke.gd:57)
WARNING: [GdPAI] ObjectRef(1382157389614): object was freed before callback; returning Nil.
   at: gdplanningai_rust::logger::process_logs (src\logger.rs:66)
   GDScript backtrace (most recent call first):
       [0] _start_plan_and_wait (res://test/integration/test_campfire_example_smoke.gd:57)
WARNING: [GdPAI] ObjectRef(1382157389614): object was freed before callback; returning Nil.
   at: gdplanningai_rust::logger::process_logs (src\logger.rs:66)
   GDScript backtrace (most recent call first):
       [0] _start_plan_and_wait (res://test/integration/test_campfire_example_smoke.gd:57)
[GdPAI | debug] GetCost: callable returned non-numeric value: null; returning INFINITY
WARNING: [GdPAI] ObjectRef(124621163998): object was freed before callback; returning Nil.
   at: gdplanningai_rust::logger::process_logs (src\logger.rs:66)
   GDScript backtrace (most recent call first):
       [0] _process (res://addons/GdPlanningAI/gdpai_autoload.gd:21)
WARNING: [GdPAI] ObjectRef(124134624705): object was freed before callback; returning Nil.
   at: gdplanningai_rust::logger::process_logs (src\logger.rs:66)
   GDScript backtrace (most recent call first):
       [0] _process (res://addons/GdPlanningAI/gdpai_autoload.gd:21)
WARNING: [GdPAI] ObjectRef(124134624705): object was freed before callback; returning Nil.
   at: gdplanningai_rust::logger::process_logs (src\logger.rs:66)
   GDScript backtrace (most recent call first):
       [0] _process (res://addons/GdPlanningAI/gdpai_autoload.gd:21)
[GdPAI | debug] GetCost: callable returned non-numeric value: null; returning INFINITY
WARNING: [GdPAI] ObjectRef(1382643928884): object was freed before callback; returning Nil.
   at: gdplanningai_rust::logger::process_logs (src\logger.rs:66)
   GDScript backtrace (most recent call first):
       [0] _process (res://addons/GdPlanningAI/gdpai_autoload.gd:21)
WARNING: [GdPAI] ObjectRef(1382157389614): object was freed before callback; returning Nil.
   at: gdplanningai_rust::logger::process_logs (src\logger.rs:66)
   GDScript backtrace (most recent call first):
       [0] _process (res://addons/GdPlanningAI/gdpai_autoload.gd:21)
WARNING: [GdPAI] ObjectRef(1382157389614): object was freed before callback; returning Nil.
   at: gdplanningai_rust::logger::process_logs (src\logger.rs:66)
   GDScript backtrace (most recent call first):
       [0] _process (res://addons/GdPlanningAI/gdpai_autoload.gd:21)
[GdPAI | debug] ApplyEffect [Before] ID=InstanceId(-9223368966339010457): agent props = {"held_item": "", "entity": null, "hunger": 95.0603725, "at_target": null}
[GdPAI | debug] ApplyEffect [After] ID=InstanceId(-9223368966339010457): agent props = {"held_item": "", "entity": null, "hunger": 95.0603725, "at_target": null}
[GdPAI | debug]   Snapshotting prop: held_item = Str("") (Variant type: STRING)
[GdPAI | debug]   Snapshotting prop: entity = Nil (Variant type: NIL)
[GdPAI | debug]   Snapshotting prop: hunger = Float(95.0603725) (Variant type: FLOAT)
[GdPAI | debug]   Snapshotting prop: at_target = Nil (Variant type: NIL)
WARNING: [GdPAI] ObjectRef(124621163998): object was freed before callback; returning Nil.
   at: gdplanningai_rust::logger::process_logs (src\logger.rs:66)
   GDScript backtrace (most recent call first):
       [0] _start_plan_and_wait (res://test/integration/test_campfire_example_smoke.gd:57)
WARNING: [GdPAI] ObjectRef(124134624705): object was freed before callback; returning Nil.
   at: gdplanningai_rust::logger::process_logs (src\logger.rs:66)
   GDScript backtrace (most recent call first):
       [0] _start_plan_and_wait (res://test/integration/test_campfire_example_smoke.gd:57)
WARNING: [GdPAI] ObjectRef(124134624705): object was freed before callback; returning Nil.
   at: gdplanningai_rust::logger::process_logs (src\logger.rs:66)
   GDScript backtrace (most recent call first):
       [0] _start_plan_and_wait (res://test/integration/test_campfire_example_smoke.gd:57)
[GdPAI | debug] ApplyEffect [Before] ID=InstanceId(-9223368965466595162): agent props = {"at_target": null, "held_item": "", "hunger": 70.0627442063492, "entity": null}
[GdPAI | debug] ApplyEffect [After] ID=InstanceId(-9223368965466595162): agent props = {"at_target": null, "held_item": "", "hunger": 70.0627442063492, "entity": null}
[GdPAI | debug]   Snapshotting prop: at_target = Nil (Variant type: NIL)
[GdPAI | debug]   Snapshotting prop: held_item = Str("") (Variant type: STRING)
[GdPAI | debug]   Snapshotting prop: hunger = Float(70.0627442063492) (Variant type: FLOAT)
[GdPAI | debug]   Snapshotting prop: entity = Nil (Variant type: NIL)
WARNING: [GdPAI] ObjectRef(1382643928884): object was freed before callback; returning Nil.
   at: gdplanningai_rust::logger::process_logs (src\logger.rs:66)
   GDScript backtrace (most recent call first):
       [0] _start_plan_and_wait (res://test/integration/test_campfire_example_smoke.gd:57)
[GdPAI | debug] GetCost: callable returned non-numeric value: null; returning INFINITY
WARNING: [GdPAI] ObjectRef(124621163998): object was freed before callback; returning Nil.
   at: gdplanningai_rust::logger::process_logs (src\logger.rs:66)
   GDScript backtrace (most recent call first):
       [0] _process (res://addons/GdPlanningAI/gdpai_autoload.gd:21)
[GdPAI | debug] GetCost: callable returned non-numeric value: null; returning INFINITY
WARNING: [GdPAI] ObjectRef(1382643928884): object was freed before callback; returning Nil.
   at: gdplanningai_rust::logger::process_logs (src\logger.rs:66)
   GDScript backtrace (most recent call first):
       [0] _process (res://addons/GdPlanningAI/gdpai_autoload.gd:21)
[GdPAI | debug] ApplyEffect [Before] ID=InstanceId(-9223368963537215441): agent props = {"held_item": "wood", "entity": null, "at_target": null, "hunger": 95.0603725}
[GdPAI | debug] ApplyEffect [After] ID=InstanceId(-9223368963537215441): agent props = {"held_item": "wood", "entity": null, "at_target": null, "hunger": 95.0603725}
[GdPAI | debug]   Snapshotting prop: held_item = Str("wood") (Variant type: STRING)
[GdPAI | debug]   Snapshotting prop: entity = Nil (Variant type: NIL)
[GdPAI | debug]   Snapshotting prop: at_target = Nil (Variant type: NIL)
[GdPAI | debug]   Snapshotting prop: hunger = Float(95.0603725) (Variant type: FLOAT)
WARNING: [GdPAI] ObjectRef(124621163998): object was freed before callback; returning Nil.
   at: gdplanningai_rust::logger::process_logs (src\logger.rs:66)
   GDScript backtrace (most recent call first):
       [0] _start_plan_and_wait (res://test/integration/test_campfire_example_smoke.gd:57)
[GdPAI | debug] ApplyEffect [Before] ID=InstanceId(-9223368962866126665): agent props = {"held_item": "wood", "entity": null, "hunger": 70.0627442063492, "at_target": null}
[GdPAI | debug] ApplyEffect [After] ID=InstanceId(-9223368962866126665): agent props = {"held_item": "wood", "entity": null, "hunger": 70.0627442063492, "at_target": null}
[GdPAI | debug]   Snapshotting prop: held_item = Str("wood") (Variant type: STRING)
[GdPAI | debug]   Snapshotting prop: entity = Nil (Variant type: NIL)
[GdPAI | debug]   Snapshotting prop: hunger = Float(70.0627442063492) (Variant type: FLOAT)
[GdPAI | debug]   Snapshotting prop: at_target = Nil (Variant type: NIL)
WARNING: [GdPAI] ObjectRef(1382643928884): object was freed before callback; returning Nil.
   at: gdplanningai_rust::logger::process_logs (src\logger.rs:66)
   GDScript backtrace (most recent call first):
       [0] _start_plan_and_wait (res://test/integration/test_campfire_example_smoke.gd:57)
WARNING: [GdPAI] ObjectRef(1382643928884): object was freed before callback; returning Nil.
   at: gdplanningai_rust::logger::process_logs (src\logger.rs:66)
   GDScript backtrace (most recent call first):
       [0] _start_plan_and_wait (res://test/integration/test_campfire_example_smoke.gd:57)
[GdPAI | debug] GetCost: callable returned non-numeric value: null; returning INFINITY
WARNING: [GdPAI] ObjectRef(124621163998): object was freed before callback; returning Nil.
   at: gdplanningai_rust::logger::process_logs (src\logger.rs:66)
   GDScript backtrace (most recent call first):
       [0] _process (res://addons/GdPlanningAI/gdpai_autoload.gd:21)
WARNING: [GdPAI] ObjectRef(124621163998): object was freed before callback; returning Nil.
   at: gdplanningai_rust::logger::process_logs (src\logger.rs:66)
   GDScript backtrace (most recent call first):
       [0] _process (res://addons/GdPlanningAI/gdpai_autoload.gd:21)
[GdPAI | debug] GetCost: callable returned non-numeric value: null; returning INFINITY
WARNING: [GdPAI] ObjectRef(1382643928884): object was freed before callback; returning Nil.
   at: gdplanningai_rust::logger::process_logs (src\logger.rs:66)
   GDScript backtrace (most recent call first):
       [0] _process (res://addons/GdPlanningAI/gdpai_autoload.gd:21)
WARNING: [GdPAI] ObjectRef(1382643928884): object was freed before callback; returning Nil.
   at: gdplanningai_rust::logger::process_logs (src\logger.rs:66)
   GDScript backtrace (most recent call first):
       [0] _process (res://addons/GdPlanningAI/gdpai_autoload.gd:21)
[GdPAI | debug] ApplyEffect [Before] ID=InstanceId(-9223368960987078482): agent props = {"entity": null, "hunger": 95.0603725, "held_item": ""}
[GdPAI | debug] ApplyEffect [After] ID=InstanceId(-9223368960987078482): agent props = {"entity": null, "hunger": 95.0603725, "held_item": ""}
[GdPAI | debug]   Snapshotting prop: entity = Nil (Variant type: NIL)
[GdPAI | debug]   Snapshotting prop: hunger = Float(95.0603725) (Variant type: FLOAT)
[GdPAI | debug]   Snapshotting prop: held_item = Str("") (Variant type: STRING)
WARNING: [GdPAI] ObjectRef(124621163998): object was freed before callback; returning Nil.
   at: gdplanningai_rust::logger::process_logs (src\logger.rs:66)
   GDScript backtrace (most recent call first):
       [0] _start_plan_and_wait (res://test/integration/test_campfire_example_smoke.gd:57)
WARNING: [GdPAI] ObjectRef(124621163998): object was freed before callback; returning Nil.
   at: gdplanningai_rust::logger::process_logs (src\logger.rs:66)
   GDScript backtrace (most recent call first):
       [0] _start_plan_and_wait (res://test/integration/test_campfire_example_smoke.gd:57)
[GdPAI | debug] ApplyEffect [Before] ID=InstanceId(-9223368960215326541): agent props = {"entity": null, "held_item": "", "hunger": 70.0627442063492}
[GdPAI | debug] ApplyEffect [After] ID=InstanceId(-9223368960215326541): agent props = {"entity": null, "held_item": "", "hunger": 70.0627442063492}
[GdPAI | debug]   Snapshotting prop: entity = Nil (Variant type: NIL)
[GdPAI | debug]   Snapshotting prop: held_item = Str("") (Variant type: STRING)
[GdPAI | debug]   Snapshotting prop: hunger = Float(70.0627442063492) (Variant type: FLOAT)
WARNING: [GdPAI] ObjectRef(1382643928884): object was freed before callback; returning Nil.
   at: gdplanningai_rust::logger::process_logs (src\logger.rs:66)
   GDScript backtrace (most recent call first):
       [0] _start_plan_and_wait (res://test/integration/test_campfire_example_smoke.gd:57)
[GdPAI | debug] GetCost: callable returned non-numeric value: null; returning INFINITY
WARNING: [GdPAI] ObjectRef(124621163998): object was freed before callback; returning Nil.
   at: gdplanningai_rust::logger::process_logs (src\logger.rs:66)
   GDScript backtrace (most recent call first):
       [0] _process (res://addons/GdPlanningAI/gdpai_autoload.gd:21)
[GdPAI | debug] GetCost: callable returned non-numeric value: null; returning INFINITY
WARNING: [GdPAI] ObjectRef(1382643928884): object was freed before callback; returning Nil.
   at: gdplanningai_rust::logger::process_logs (src\logger.rs:66)
   GDScript backtrace (most recent call first):
       [0] _process (res://addons/GdPlanningAI/gdpai_autoload.gd:21)
[GdPAI | debug] ApplyEffect [Before] ID=InstanceId(-9223368958336278361): agent props = {"hunger": 95.0603725, "entity": null, "held_item": ""}
[GdPAI | debug] ApplyEffect [After] ID=InstanceId(-9223368958336278361): agent props = {"hunger": 95.0603725, "entity": null, "held_item": ""}
[GdPAI | debug]   Snapshotting prop: hunger = Float(95.0603725) (Variant type: FLOAT)
[GdPAI | debug]   Snapshotting prop: entity = Nil (Variant type: NIL)
[GdPAI | debug]   Snapshotting prop: held_item = Str("") (Variant type: STRING)
WARNING: [GdPAI] ObjectRef(124621163998): object was freed before callback; returning Nil.
   at: gdplanningai_rust::logger::process_logs (src\logger.rs:66)
   GDScript backtrace (most recent call first):
       [0] _start_plan_and_wait (res://test/integration/test_campfire_example_smoke.gd:57)
[GdPAI | debug] ApplyEffect [Before] ID=InstanceId(-9223368957665189641): agent props = {"entity": null, "hunger": 70.0627442063492, "held_item": ""}
[GdPAI | debug] ApplyEffect [After] ID=InstanceId(-9223368957665189641): agent props = {"entity": null, "hunger": 70.0627442063492, "held_item": ""}
[GdPAI | debug]   Snapshotting prop: entity = Nil (Variant type: NIL)
[GdPAI | debug]   Snapshotting prop: hunger = Float(70.0627442063492) (Variant type: FLOAT)
[GdPAI | debug]   Snapshotting prop: held_item = Str("") (Variant type: STRING)
WARNING: [GdPAI] ObjectRef(1382643928884): object was freed before callback; returning Nil.
   at: gdplanningai_rust::logger::process_logs (src\logger.rs:66)
   GDScript backtrace (most recent call first):
       [0] _start_plan_and_wait (res://test/integration/test_campfire_example_smoke.gd:57)
WARNING: [GdPAI] ObjectRef(1382157389614): object was freed before callback; returning Nil.
   at: gdplanningai_rust::logger::process_logs (src\logger.rs:66)
   GDScript backtrace (most recent call first):
       [0] _start_plan_and_wait (res://test/integration/test_campfire_example_smoke.gd:57)
WARNING: [GdPAI] ObjectRef(1382157389614): object was freed before callback; returning Nil.
   at: gdplanningai_rust::logger::process_logs (src\logger.rs:66)
   GDScript backtrace (most recent call first):
       [0] _start_plan_and_wait (res://test/integration/test_campfire_example_smoke.gd:57)
[GdPAI | debug] GetCost: callable returned non-numeric value: null; returning INFINITY
WARNING: [GdPAI] ObjectRef(124621163998): object was freed before callback; returning Nil.
   at: gdplanningai_rust::logger::process_logs (src\logger.rs:66)
   GDScript backtrace (most recent call first):
       [0] _process (res://addons/GdPlanningAI/gdpai_autoload.gd:21)
[GdPAI | debug] GetCost: callable returned non-numeric value: null; returning INFINITY
WARNING: [GdPAI] ObjectRef(1382643928884): object was freed before callback; returning Nil.
   at: gdplanningai_rust::logger::process_logs (src\logger.rs:66)
   GDScript backtrace (most recent call first):
       [0] _process (res://addons/GdPlanningAI/gdpai_autoload.gd:21)
WARNING: [GdPAI] ObjectRef(1382157389614): object was freed before callback; returning Nil.
   at: gdplanningai_rust::logger::process_logs (src\logger.rs:66)
   GDScript backtrace (most recent call first):
       [0] _process (res://addons/GdPlanningAI/gdpai_autoload.gd:21)
WARNING: [GdPAI] ObjectRef(1382157389614): object was freed before callback; returning Nil.
   at: gdplanningai_rust::logger::process_logs (src\logger.rs:66)
   GDScript backtrace (most recent call first):
       [0] _process (res://addons/GdPlanningAI/gdpai_autoload.gd:21)
[GdPAI | debug] ApplyEffect [Before] ID=InstanceId(-9223368955735809822): agent props = {"hunger": 95.0603725, "at_target": null, "held_item": "", "entity": null}
[GdPAI | debug] ApplyEffect [After] ID=InstanceId(-9223368955735809822): agent props = {"hunger": 95.0603725, "at_target": null, "held_item": "", "entity": null}
[GdPAI | debug]   Snapshotting prop: hunger = Float(95.0603725) (Variant type: FLOAT)
[GdPAI | debug]   Snapshotting prop: at_target = Nil (Variant type: NIL)
[GdPAI | debug]   Snapshotting prop: held_item = Str("") (Variant type: STRING)
[GdPAI | debug]   Snapshotting prop: entity = Nil (Variant type: NIL)
WARNING: [GdPAI] ObjectRef(124621163998): object was freed before callback; returning Nil.
   at: gdplanningai_rust::logger::process_logs (src\logger.rs:66)
   GDScript backtrace (most recent call first):
       [0] _start_plan_and_wait (res://test/integration/test_campfire_example_smoke.gd:57)
[GdPAI | debug] ApplyEffect [Before] ID=InstanceId(-9223368954964057888): agent props = {"hunger": 70.0627442063492, "held_item": "", "entity": null}
[GdPAI | debug] ApplyEffect [After] ID=InstanceId(-9223368954964057888): agent props = {"hunger": 70.0627442063492, "held_item": "", "entity": null}
[GdPAI | debug]   Snapshotting prop: hunger = Float(70.0627442063492) (Variant type: FLOAT)
[GdPAI | debug]   Snapshotting prop: held_item = Str("") (Variant type: STRING)
[GdPAI | debug]   Snapshotting prop: entity = Nil (Variant type: NIL)
WARNING: [GdPAI] ObjectRef(1382643928884): object was freed before callback; returning Nil.
   at: gdplanningai_rust::logger::process_logs (src\logger.rs:66)
   GDScript backtrace (most recent call first):
       [0] _start_plan_and_wait (res://test/integration/test_campfire_example_smoke.gd:57)
WARNING: [GdPAI] ObjectRef(1382157389614): object was freed before callback; returning Nil.
   at: gdplanningai_rust::logger::process_logs (src\logger.rs:66)
   GDScript backtrace (most recent call first):
       [0] _start_plan_and_wait (res://test/integration/test_campfire_example_smoke.gd:57)
WARNING: [GdPAI] ObjectRef(1382157389614): object was freed before callback; returning Nil.
   at: gdplanningai_rust::logger::process_logs (src\logger.rs:66)
   GDScript backtrace (most recent call first):
       [0] _start_plan_and_wait (res://test/integration/test_campfire_example_smoke.gd:57)
[GdPAI | debug] GetCost: callable returned non-numeric value: null; returning INFINITY
WARNING: [GdPAI] ObjectRef(124621163998): object was freed before callback; returning Nil.
   at: gdplanningai_rust::logger::process_logs (src\logger.rs:66)
   GDScript backtrace (most recent call first):
       [0] _process (res://addons/GdPlanningAI/gdpai_autoload.gd:21)
WARNING: [GdPAI] ObjectRef(124134624705): object was freed before callback; returning Nil.
   at: gdplanningai_rust::logger::process_logs (src\logger.rs:66)
   GDScript backtrace (most recent call first):
       [0] _process (res://addons/GdPlanningAI/gdpai_autoload.gd:21)
WARNING: [GdPAI] ObjectRef(124134624705): object was freed before callback; returning Nil.
   at: gdplanningai_rust::logger::process_logs (src\logger.rs:66)
   GDScript backtrace (most recent call first):
       [0] _process (res://addons/GdPlanningAI/gdpai_autoload.gd:21)
[GdPAI | debug] GetCost: callable returned non-numeric value: null; returning INFINITY
WARNING: [GdPAI] ObjectRef(1382643928884): object was freed before callback; returning Nil.
   at: gdplanningai_rust::logger::process_logs (src\logger.rs:66)
   GDScript backtrace (most recent call first):
       [0] _process (res://addons/GdPlanningAI/gdpai_autoload.gd:21)
WARNING: [GdPAI] ObjectRef(1382157389614): object was freed before callback; returning Nil.
   at: gdplanningai_rust::logger::process_logs (src\logger.rs:66)
   GDScript backtrace (most recent call first):
       [0] _process (res://addons/GdPlanningAI/gdpai_autoload.gd:21)
WARNING: [GdPAI] ObjectRef(1382157389614): object was freed before callback; returning Nil.
   at: gdplanningai_rust::logger::process_logs (src\logger.rs:66)
   GDScript backtrace (most recent call first):
       [0] _process (res://addons/GdPlanningAI/gdpai_autoload.gd:21)
[GdPAI | debug] ApplyEffect [Before] ID=InstanceId(-9223368953034678027): agent props = {"at_target": null, "hunger": 95.0603725, "entity": null, "held_item": ""}
[GdPAI | debug] ApplyEffect [After] ID=InstanceId(-9223368953034678027): agent props = {"at_target": null, "hunger": 95.0603725, "entity": null, "held_item": ""}
[GdPAI | debug]   Snapshotting prop: at_target = Nil (Variant type: NIL)
[GdPAI | debug]   Snapshotting prop: hunger = Float(95.0603725) (Variant type: FLOAT)
[GdPAI | debug]   Snapshotting prop: entity = Nil (Variant type: NIL)
[GdPAI | debug]   Snapshotting prop: held_item = Str("") (Variant type: STRING)
WARNING: [GdPAI] ObjectRef(124621163998): object was freed before callback; returning Nil.
   at: gdplanningai_rust::logger::process_logs (src\logger.rs:66)
   GDScript backtrace (most recent call first):
       [0] _start_plan_and_wait (res://test/integration/test_campfire_example_smoke.gd:57)
WARNING: [GdPAI] ObjectRef(124134624705): object was freed before callback; returning Nil.
   at: gdplanningai_rust::logger::process_logs (src\logger.rs:66)
   GDScript backtrace (most recent call first):
       [0] _start_plan_and_wait (res://test/integration/test_campfire_example_smoke.gd:57)
WARNING: [GdPAI] ObjectRef(124134624705): object was freed before callback; returning Nil.
   at: gdplanningai_rust::logger::process_logs (src\logger.rs:66)
   GDScript backtrace (most recent call first):
       [0] _start_plan_and_wait (res://test/integration/test_campfire_example_smoke.gd:57)
[GdPAI | debug] ApplyEffect [Before] ID=InstanceId(-9223368952162262778): agent props = {"held_item": "", "entity": null, "hunger": 70.0627442063492, "at_target": null}
[GdPAI | debug] ApplyEffect [After] ID=InstanceId(-9223368952162262778): agent props = {"held_item": "", "entity": null, "hunger": 70.0627442063492, "at_target": null}
[GdPAI | debug]   Snapshotting prop: held_item = Str("") (Variant type: STRING)
[GdPAI | debug]   Snapshotting prop: entity = Nil (Variant type: NIL)
[GdPAI | debug]   Snapshotting prop: hunger = Float(70.0627442063492) (Variant type: FLOAT)
[GdPAI | debug]   Snapshotting prop: at_target = Nil (Variant type: NIL)
WARNING: [GdPAI] ObjectRef(1382643928884): object was freed before callback; returning Nil.
   at: gdplanningai_rust::logger::process_logs (src\logger.rs:66)
   GDScript backtrace (most recent call first):
       [0] _start_plan_and_wait (res://test/integration/test_campfire_example_smoke.gd:57)
[GdPAI | debug] GetCost: callable returned non-numeric value: null; returning INFINITY
WARNING: [GdPAI] ObjectRef(124621163998): object was freed before callback; returning Nil.
   at: gdplanningai_rust::logger::process_logs (src\logger.rs:66)
   GDScript backtrace (most recent call first):
       [0] _process (res://addons/GdPlanningAI/gdpai_autoload.gd:21)
WARNING: [GdPAI] ObjectRef(124134624705): object was freed before callback; returning Nil.
   at: gdplanningai_rust::logger::process_logs (src\logger.rs:66)
   GDScript backtrace (most recent call first):
       [0] _process (res://addons/GdPlanningAI/gdpai_autoload.gd:21)
WARNING: [GdPAI] ObjectRef(124134624705): object was freed before callback; returning Nil.
   at: gdplanningai_rust::logger::process_logs (src\logger.rs:66)
   GDScript backtrace (most recent call first):
       [0] _process (res://addons/GdPlanningAI/gdpai_autoload.gd:21)
[GdPAI | debug] GetCost: callable returned non-numeric value: null; returning INFINITY
WARNING: [GdPAI] ObjectRef(1382643928884): object was freed before callback; returning Nil.
   at: gdplanningai_rust::logger::process_logs (src\logger.rs:66)
   GDScript backtrace (most recent call first):
       [0] _process (res://addons/GdPlanningAI/gdpai_autoload.gd:21)
[GdPAI | debug] ApplyEffect [Before] ID=InstanceId(-9223368950232882977): agent props = {"hunger": 95.0603725, "held_item": "wood", "at_target": null, "entity": null}
[GdPAI | debug] ApplyEffect [After] ID=InstanceId(-9223368950232882977): agent props = {"hunger": 95.0603725, "held_item": "wood", "at_target": null, "entity": null}
[GdPAI | debug]   Snapshotting prop: hunger = Float(95.0603725) (Variant type: FLOAT)
[GdPAI | debug]   Snapshotting prop: held_item = Str("wood") (Variant type: STRING)
[GdPAI | debug]   Snapshotting prop: at_target = Nil (Variant type: NIL)
[GdPAI | debug]   Snapshotting prop: entity = Nil (Variant type: NIL)
WARNING: [GdPAI] ObjectRef(124621163998): object was freed before callback; returning Nil.
   at: gdplanningai_rust::logger::process_logs (src\logger.rs:66)
   GDScript backtrace (most recent call first):
       [0] _start_plan_and_wait (res://test/integration/test_campfire_example_smoke.gd:57)
WARNING: [GdPAI] ObjectRef(124134624705): object was freed before callback; returning Nil.
   at: gdplanningai_rust::logger::process_logs (src\logger.rs:66)
   GDScript backtrace (most recent call first):
       [0] _start_plan_and_wait (res://test/integration/test_campfire_example_smoke.gd:57)
WARNING: [GdPAI] ObjectRef(124134624705): object was freed before callback; returning Nil.
   at: gdplanningai_rust::logger::process_logs (src\logger.rs:66)
   GDScript backtrace (most recent call first):
       [0] _start_plan_and_wait (res://test/integration/test_campfire_example_smoke.gd:57)
[GdPAI | debug] ApplyEffect [Before] ID=InstanceId(-9223368949461131000): agent props = {"at_target": null, "held_item": "", "entity": null, "hunger": 70.0627442063492}
[GdPAI | debug] ApplyEffect [After] ID=InstanceId(-9223368949461131000): agent props = {"at_target": null, "held_item": "", "entity": null, "hunger": 70.0627442063492}
[GdPAI | debug]   Snapshotting prop: at_target = Nil (Variant type: NIL)
[GdPAI | debug]   Snapshotting prop: held_item = Str("") (Variant type: STRING)
[GdPAI | debug]   Snapshotting prop: entity = Nil (Variant type: NIL)
[GdPAI | debug]   Snapshotting prop: hunger = Float(70.0627442063492) (Variant type: FLOAT)
WARNING: [GdPAI] ObjectRef(1382643928884): object was freed before callback; returning Nil.
   at: gdplanningai_rust::logger::process_logs (src\logger.rs:66)
   GDScript backtrace (most recent call first):
       [0] _start_plan_and_wait (res://test/integration/test_campfire_example_smoke.gd:57)
WARNING: [GdPAI] ObjectRef(1382643928884): object was freed before callback; returning Nil.
   at: gdplanningai_rust::logger::process_logs (src\logger.rs:66)
   GDScript backtrace (most recent call first):
       [0] _start_plan_and_wait (res://test/integration/test_campfire_example_smoke.gd:57)
[GdPAI | debug] GetCost: callable returned non-numeric value: null; returning INFINITY
WARNING: [GdPAI] ObjectRef(124621163998): object was freed before callback; returning Nil.
   at: gdplanningai_rust::logger::process_logs (src\logger.rs:66)
   GDScript backtrace (most recent call first):
       [0] _process (res://addons/GdPlanningAI/gdpai_autoload.gd:21)
[GdPAI | debug] GetCost: callable returned non-numeric value: null; returning INFINITY
WARNING: [GdPAI] ObjectRef(1382643928884): object was freed before callback; returning Nil.
   at: gdplanningai_rust::logger::process_logs (src\logger.rs:66)
   GDScript backtrace (most recent call first):
       [0] _process (res://addons/GdPlanningAI/gdpai_autoload.gd:21)
WARNING: [GdPAI] ObjectRef(1382643928884): object was freed before callback; returning Nil.
   at: gdplanningai_rust::logger::process_logs (src\logger.rs:66)
   GDScript backtrace (most recent call first):
       [0] _process (res://addons/GdPlanningAI/gdpai_autoload.gd:21)
[GdPAI | debug] ApplyEffect [Before] ID=InstanceId(-9223368947481419498): agent props = {"hunger": 95.0603725, "entity": null, "held_item": ""}
[GdPAI | debug] ApplyEffect [After] ID=InstanceId(-9223368947481419498): agent props = {"hunger": 95.0603725, "entity": null, "held_item": ""}
[GdPAI | debug]   Snapshotting prop: hunger = Float(95.0603725) (Variant type: FLOAT)
[GdPAI | debug]   Snapshotting prop: entity = Nil (Variant type: NIL)
[GdPAI | debug]   Snapshotting prop: held_item = Str("") (Variant type: STRING)
WARNING: [GdPAI] ObjectRef(124621163998): object was freed before callback; returning Nil.
   at: gdplanningai_rust::logger::process_logs (src\logger.rs:66)
   GDScript backtrace (most recent call first):
       [0] _start_plan_and_wait (res://test/integration/test_campfire_example_smoke.gd:57)
[GdPAI | debug] ApplyEffect [Before] ID=InstanceId(-9223368946759999139): agent props = {"entity": null, "hunger": 70.0627442063492, "held_item": "wood", "at_target": null}
[GdPAI | debug] ApplyEffect [After] ID=InstanceId(-9223368946759999139): agent props = {"entity": null, "hunger": 70.0627442063492, "held_item": "wood", "at_target": null}
[GdPAI | debug]   Snapshotting prop: entity = Nil (Variant type: NIL)
[GdPAI | debug]   Snapshotting prop: hunger = Float(70.0627442063492) (Variant type: FLOAT)
[GdPAI | debug]   Snapshotting prop: held_item = Str("wood") (Variant type: STRING)
[GdPAI | debug]   Snapshotting prop: at_target = Nil (Variant type: NIL)
WARNING: [GdPAI] ObjectRef(1382643928884): object was freed before callback; returning Nil.
   at: gdplanningai_rust::logger::process_logs (src\logger.rs:66)
   GDScript backtrace (most recent call first):
       [0] _start_plan_and_wait (res://test/integration/test_campfire_example_smoke.gd:57)
[GdPAI | debug] GetCost: callable returned non-numeric value: null; returning INFINITY
WARNING: [GdPAI] ObjectRef(124621163998): object was freed before callback; returning Nil.
   at: gdplanningai_rust::logger::process_logs (src\logger.rs:66)
   GDScript backtrace (most recent call first):
       [0] _process (res://addons/GdPlanningAI/gdpai_autoload.gd:21)
WARNING: [GdPAI] ObjectRef(124621163998): object was freed before callback; returning Nil.
   at: gdplanningai_rust::logger::process_logs (src\logger.rs:66)
   GDScript backtrace (most recent call first):
       [0] _process (res://addons/GdPlanningAI/gdpai_autoload.gd:21)
[GdPAI | debug] GetCost: callable returned non-numeric value: null; returning INFINITY
WARNING: [GdPAI] ObjectRef(1382643928884): object was freed before callback; returning Nil.
   at: gdplanningai_rust::logger::process_logs (src\logger.rs:66)
   GDScript backtrace (most recent call first):
       [0] _process (res://addons/GdPlanningAI/gdpai_autoload.gd:21)
[GdPAI | debug] ApplyEffect [Before] ID=InstanceId(-9223368944931282648): agent props = {"entity": null, "held_item": "", "hunger": 95.0603725}
[GdPAI | debug] ApplyEffect [After] ID=InstanceId(-9223368944931282648): agent props = {"entity": null, "held_item": "", "hunger": 95.0603725}
[GdPAI | debug]   Snapshotting prop: entity = Nil (Variant type: NIL)
[GdPAI | debug]   Snapshotting prop: held_item = Str("") (Variant type: STRING)
[GdPAI | debug]   Snapshotting prop: hunger = Float(95.0603725) (Variant type: FLOAT)
WARNING: [GdPAI] ObjectRef(124621163998): object was freed before callback; returning Nil.
   at: gdplanningai_rust::logger::process_logs (src\logger.rs:66)
   GDScript backtrace (most recent call first):
       [0] _start_plan_and_wait (res://test/integration/test_campfire_example_smoke.gd:57)
WARNING: [GdPAI] ObjectRef(124621163998): object was freed before callback; returning Nil.
   at: gdplanningai_rust::logger::process_logs (src\logger.rs:66)
   GDScript backtrace (most recent call first):
       [0] _start_plan_and_wait (res://test/integration/test_campfire_example_smoke.gd:57)
[GdPAI | debug] ApplyEffect [Before] ID=InstanceId(-9223368944209862304): agent props = {"hunger": 70.0627442063492, "held_item": "", "entity": null}
[GdPAI | debug] ApplyEffect [After] ID=InstanceId(-9223368944209862304): agent props = {"hunger": 70.0627442063492, "held_item": "", "entity": null}
[GdPAI | debug]   Snapshotting prop: hunger = Float(70.0627442063492) (Variant type: FLOAT)
[GdPAI | debug]   Snapshotting prop: held_item = Str("") (Variant type: STRING)
[GdPAI | debug]   Snapshotting prop: entity = Nil (Variant type: NIL)
WARNING: [GdPAI] ObjectRef(1382643928884): object was freed before callback; returning Nil.
   at: gdplanningai_rust::logger::process_logs (src\logger.rs:66)
   GDScript backtrace (most recent call first):
       [0] _start_plan_and_wait (res://test/integration/test_campfire_example_smoke.gd:57)
WARNING: [GdPAI] ObjectRef(1382157389614): object was freed before callback; returning Nil.
   at: gdplanningai_rust::logger::process_logs (src\logger.rs:66)
   GDScript backtrace (most recent call first):
       [0] _start_plan_and_wait (res://test/integration/test_campfire_example_smoke.gd:57)
WARNING: [GdPAI] ObjectRef(1382157389614): object was freed before callback; returning Nil.
   at: gdplanningai_rust::logger::process_logs (src\logger.rs:66)
   GDScript backtrace (most recent call first):
       [0] _start_plan_and_wait (res://test/integration/test_campfire_example_smoke.gd:57)
[GdPAI | debug] GetCost: callable returned non-numeric value: null; returning INFINITY
WARNING: [GdPAI] ObjectRef(124621163998): object was freed before callback; returning Nil.
   at: gdplanningai_rust::logger::process_logs (src\logger.rs:66)
   GDScript backtrace (most recent call first):
       [0] _process (res://addons/GdPlanningAI/gdpai_autoload.gd:21)
[GdPAI | debug] GetCost: callable returned non-numeric value: null; returning INFINITY
WARNING: [GdPAI] ObjectRef(1382643928884): object was freed before callback; returning Nil.
   at: gdplanningai_rust::logger::process_logs (src\logger.rs:66)
   GDScript backtrace (most recent call first):
       [0] _process (res://addons/GdPlanningAI/gdpai_autoload.gd:21)
WARNING: [GdPAI] ObjectRef(1382157389614): object was freed before callback; returning Nil.
   at: gdplanningai_rust::logger::process_logs (src\logger.rs:66)
   GDScript backtrace (most recent call first):
       [0] _process (res://addons/GdPlanningAI/gdpai_autoload.gd:21)
WARNING: [GdPAI] ObjectRef(1382157389614): object was freed before callback; returning Nil.
   at: gdplanningai_rust::logger::process_logs (src\logger.rs:66)
   GDScript backtrace (most recent call first):
       [0] _process (res://addons/GdPlanningAI/gdpai_autoload.gd:21)
[GdPAI | debug] ApplyEffect [Before] ID=InstanceId(-9223368942230150828): agent props = {"entity": null, "held_item": "", "at_target": null, "hunger": 95.0603725}
[GdPAI | debug] ApplyEffect [After] ID=InstanceId(-9223368942230150828): agent props = {"entity": null, "held_item": "", "at_target": null, "hunger": 95.0603725}
[GdPAI | debug]   Snapshotting prop: entity = Nil (Variant type: NIL)
[GdPAI | debug]   Snapshotting prop: held_item = Str("") (Variant type: STRING)
[GdPAI | debug]   Snapshotting prop: at_target = Nil (Variant type: NIL)
[GdPAI | debug]   Snapshotting prop: hunger = Float(95.0603725) (Variant type: FLOAT)
WARNING: [GdPAI] ObjectRef(124621163998): object was freed before callback; returning Nil.
   at: gdplanningai_rust::logger::process_logs (src\logger.rs:66)
   GDScript backtrace (most recent call first):
       [0] _start_plan_and_wait (res://test/integration/test_campfire_example_smoke.gd:57)
[GdPAI | debug] ApplyEffect [Before] ID=InstanceId(-9223368941458398872): agent props = {"entity": null, "held_item": "", "hunger": 70.0627442063492}
[GdPAI | debug] ApplyEffect [After] ID=InstanceId(-9223368941458398872): agent props = {"entity": null, "held_item": "", "hunger": 70.0627442063492}
[GdPAI | debug]   Snapshotting prop: entity = Nil (Variant type: NIL)
[GdPAI | debug]   Snapshotting prop: held_item = Str("") (Variant type: STRING)
[GdPAI | debug]   Snapshotting prop: hunger = Float(70.0627442063492) (Variant type: FLOAT)
WARNING: [GdPAI] ObjectRef(1382643928884): object was freed before callback; returning Nil.
   at: gdplanningai_rust::logger::process_logs (src\logger.rs:66)
   GDScript backtrace (most recent call first):
       [0] _start_plan_and_wait (res://test/integration/test_campfire_example_smoke.gd:57)
WARNING: [GdPAI] ObjectRef(1382157389614): object was freed before callback; returning Nil.
   at: gdplanningai_rust::logger::process_logs (src\logger.rs:66)
   GDScript backtrace (most recent call first):
       [0] _start_plan_and_wait (res://test/integration/test_campfire_example_smoke.gd:57)
WARNING: [GdPAI] ObjectRef(1382157389614): object was freed before callback; returning Nil.
   at: gdplanningai_rust::logger::process_logs (src\logger.rs:66)
   GDScript backtrace (most recent call first):
       [0] _start_plan_and_wait (res://test/integration/test_campfire_example_smoke.gd:57)
[GdPAI | debug] GetCost: callable returned non-numeric value: null; returning INFINITY
WARNING: [GdPAI] ObjectRef(124621163998): object was freed before callback; returning Nil.
   at: gdplanningai_rust::logger::process_logs (src\logger.rs:66)
   GDScript backtrace (most recent call first):
       [0] _process (res://addons/GdPlanningAI/gdpai_autoload.gd:21)
[GdPAI | debug] GetCost: callable returned non-numeric value: null; returning INFINITY
WARNING: [GdPAI] ObjectRef(1382643928884): object was freed before callback; returning Nil.
   at: gdplanningai_rust::logger::process_logs (src\logger.rs:66)
   GDScript backtrace (most recent call first):
       [0] _process (res://addons/GdPlanningAI/gdpai_autoload.gd:21)
WARNING: [GdPAI] ObjectRef(1382157389614): object was freed before callback; returning Nil.
   at: gdplanningai_rust::logger::process_logs (src\logger.rs:66)
   GDScript backtrace (most recent call first):
       [0] _process (res://addons/GdPlanningAI/gdpai_autoload.gd:21)
WARNING: [GdPAI] ObjectRef(1382157389614): object was freed before callback; returning Nil.
   at: gdplanningai_rust::logger::process_logs (src\logger.rs:66)
   GDScript backtrace (most recent call first):
       [0] _process (res://addons/GdPlanningAI/gdpai_autoload.gd:21)
[GdPAI | debug] ApplyEffect [Before] ID=InstanceId(-9223368939529019019): agent props = {"held_item": "", "hunger": 95.0603725, "entity": null, "at_target": null}
[GdPAI | debug] ApplyEffect [After] ID=InstanceId(-9223368939529019019): agent props = {"held_item": "", "hunger": 95.0603725, "entity": null, "at_target": null}
[GdPAI | debug]   Snapshotting prop: held_item = Str("") (Variant type: STRING)
[GdPAI | debug]   Snapshotting prop: hunger = Float(95.0603725) (Variant type: FLOAT)
[GdPAI | debug]   Snapshotting prop: entity = Nil (Variant type: NIL)
[GdPAI | debug]   Snapshotting prop: at_target = Nil (Variant type: NIL)
WARNING: [GdPAI] ObjectRef(124621163998): object was freed before callback; returning Nil.
   at: gdplanningai_rust::logger::process_logs (src\logger.rs:66)
   GDScript backtrace (most recent call first):
       [0] _start_plan_and_wait (res://test/integration/test_campfire_example_smoke.gd:57)
[GdPAI | debug] ApplyEffect [Before] ID=InstanceId(-9223368938757267080): agent props = {"entity": null, "hunger": 70.0627442063492, "held_item": ""}
[GdPAI | debug] ApplyEffect [After] ID=InstanceId(-9223368938757267080): agent props = {"entity": null, "hunger": 70.0627442063492, "held_item": ""}
[GdPAI | debug]   Snapshotting prop: entity = Nil (Variant type: NIL)
[GdPAI | debug]   Snapshotting prop: hunger = Float(70.0627442063492) (Variant type: FLOAT)
[GdPAI | debug]   Snapshotting prop: held_item = Str("") (Variant type: STRING)
WARNING: [GdPAI] ObjectRef(1382643928884): object was freed before callback; returning Nil.
   at: gdplanningai_rust::logger::process_logs (src\logger.rs:66)
   GDScript backtrace (most recent call first):
       [0] _start_plan_and_wait (res://test/integration/test_campfire_example_smoke.gd:57)
[GdPAI | debug] GetCost: callable returned non-numeric value: null; returning INFINITY
WARNING: [GdPAI] ObjectRef(124621163998): object was freed before callback; returning Nil.
   at: gdplanningai_rust::logger::process_logs (src\logger.rs:66)
   GDScript backtrace (most recent call first):
       [0] _process (res://addons/GdPlanningAI/gdpai_autoload.gd:21)
WARNING: [GdPAI] ObjectRef(124134624705): object was freed before callback; returning Nil.
   at: gdplanningai_rust::logger::process_logs (src\logger.rs:66)
   GDScript backtrace (most recent call first):
       [0] _process (res://addons/GdPlanningAI/gdpai_autoload.gd:21)
WARNING: [GdPAI] ObjectRef(124134624705): object was freed before callback; returning Nil.
   at: gdplanningai_rust::logger::process_logs (src\logger.rs:66)
   GDScript backtrace (most recent call first):
       [0] _process (res://addons/GdPlanningAI/gdpai_autoload.gd:21)
[GdPAI | debug] GetCost: callable returned non-numeric value: null; returning INFINITY
WARNING: [GdPAI] ObjectRef(1382643928884): object was freed before callback; returning Nil.
   at: gdplanningai_rust::logger::process_logs (src\logger.rs:66)
   GDScript backtrace (most recent call first):
       [0] _process (res://addons/GdPlanningAI/gdpai_autoload.gd:21)
[GdPAI | debug] ApplyEffect [Before] ID=InstanceId(-9223368936928550519): agent props = {"at_target": null, "entity": null, "held_item": "wood", "hunger": 95.0603725}
[GdPAI | debug] ApplyEffect [After] ID=InstanceId(-9223368936928550519): agent props = {"at_target": null, "entity": null, "held_item": "wood", "hunger": 95.0603725}
[GdPAI | debug]   Snapshotting prop: at_target = Nil (Variant type: NIL)
[GdPAI | debug]   Snapshotting prop: entity = Nil (Variant type: NIL)
[GdPAI | debug]   Snapshotting prop: held_item = Str("wood") (Variant type: STRING)
[GdPAI | debug]   Snapshotting prop: hunger = Float(95.0603725) (Variant type: FLOAT)
WARNING: [GdPAI] ObjectRef(124621163998): object was freed before callback; returning Nil.
   at: gdplanningai_rust::logger::process_logs (src\logger.rs:66)
   GDScript backtrace (most recent call first):
       [0] _start_plan_and_wait (res://test/integration/test_campfire_example_smoke.gd:57)
WARNING: [GdPAI] ObjectRef(124134624705): object was freed before callback; returning Nil.
   at: gdplanningai_rust::logger::process_logs (src\logger.rs:66)
   GDScript backtrace (most recent call first):
       [0] _start_plan_and_wait (res://test/integration/test_campfire_example_smoke.gd:57)
WARNING: [GdPAI] ObjectRef(124134624705): object was freed before callback; returning Nil.
   at: gdplanningai_rust::logger::process_logs (src\logger.rs:66)
   GDScript backtrace (most recent call first):
       [0] _start_plan_and_wait (res://test/integration/test_campfire_example_smoke.gd:57)
[GdPAI | debug] ApplyEffect [Before] ID=InstanceId(-9223368936156798596): agent props = {"hunger": 70.0627442063492, "held_item": "", "entity": null, "at_target": null}
[GdPAI | debug] ApplyEffect [After] ID=InstanceId(-9223368936156798596): agent props = {"hunger": 70.0627442063492, "held_item": "", "entity": null, "at_target": null}
[GdPAI | debug]   Snapshotting prop: hunger = Float(70.0627442063492) (Variant type: FLOAT)
[GdPAI | debug]   Snapshotting prop: held_item = Str("") (Variant type: STRING)
[GdPAI | debug]   Snapshotting prop: entity = Nil (Variant type: NIL)
[GdPAI | debug]   Snapshotting prop: at_target = Nil (Variant type: NIL)
WARNING: [GdPAI] ObjectRef(1382643928884): object was freed before callback; returning Nil.
   at: gdplanningai_rust::logger::process_logs (src\logger.rs:66)
   GDScript backtrace (most recent call first):
       [0] _start_plan_and_wait (res://test/integration/test_campfire_example_smoke.gd:57)
WARNING: [GdPAI] ObjectRef(1382643928884): object was freed before callback; returning Nil.
   at: gdplanningai_rust::logger::process_logs (src\logger.rs:66)
   GDScript backtrace (most recent call first):
       [0] _start_plan_and_wait (res://test/integration/test_campfire_example_smoke.gd:57)
[GdPAI | debug] GetCost: callable returned non-numeric value: null; returning INFINITY
WARNING: [GdPAI] ObjectRef(124621163998): object was freed before callback; returning Nil.
   at: gdplanningai_rust::logger::process_logs (src\logger.rs:66)
   GDScript backtrace (most recent call first):
       [0] _process (res://addons/GdPlanningAI/gdpai_autoload.gd:21)
WARNING: [GdPAI] ObjectRef(124134624705): object was freed before callback; returning Nil.
   at: gdplanningai_rust::logger::process_logs (src\logger.rs:66)
   GDScript backtrace (most recent call first):
       [0] _process (res://addons/GdPlanningAI/gdpai_autoload.gd:21)
WARNING: [GdPAI] ObjectRef(124134624705): object was freed before callback; returning Nil.
   at: gdplanningai_rust::logger::process_logs (src\logger.rs:66)
   GDScript backtrace (most recent call first):
       [0] _process (res://addons/GdPlanningAI/gdpai_autoload.gd:21)
[GdPAI | debug] GetCost: callable returned non-numeric value: null; returning INFINITY
WARNING: [GdPAI] ObjectRef(1382643928884): object was freed before callback; returning Nil.
   at: gdplanningai_rust::logger::process_logs (src\logger.rs:66)
   GDScript backtrace (most recent call first):
       [0] _process (res://addons/GdPlanningAI/gdpai_autoload.gd:21)
WARNING: [GdPAI] ObjectRef(1382643928884): object was freed before callback; returning Nil.
   at: gdplanningai_rust::logger::process_logs (src\logger.rs:66)
   GDScript backtrace (most recent call first):
       [0] _process (res://addons/GdPlanningAI/gdpai_autoload.gd:21)
[GdPAI | debug] ApplyEffect [Before] ID=InstanceId(-9223368934177087066): agent props = {"hunger": 95.0603725, "entity": null, "held_item": ""}
[GdPAI | debug] ApplyEffect [After] ID=InstanceId(-9223368934177087066): agent props = {"hunger": 95.0603725, "entity": null, "held_item": ""}
[GdPAI | debug]   Snapshotting prop: hunger = Float(95.0603725) (Variant type: FLOAT)
[GdPAI | debug]   Snapshotting prop: entity = Nil (Variant type: NIL)
[GdPAI | debug]   Snapshotting prop: held_item = Str("") (Variant type: STRING)
WARNING: [GdPAI] ObjectRef(124621163998): object was freed before callback; returning Nil.
   at: gdplanningai_rust::logger::process_logs (src\logger.rs:66)
   GDScript backtrace (most recent call first):
       [0] _start_plan_and_wait (res://test/integration/test_campfire_example_smoke.gd:57)
WARNING: [GdPAI] ObjectRef(124134624705): object was freed before callback; returning Nil.
   at: gdplanningai_rust::logger::process_logs (src\logger.rs:66)
   GDScript backtrace (most recent call first):
       [0] _start_plan_and_wait (res://test/integration/test_campfire_example_smoke.gd:57)
WARNING: [GdPAI] ObjectRef(124134624705): object was freed before callback; returning Nil.
   at: gdplanningai_rust::logger::process_logs (src\logger.rs:66)
   GDScript backtrace (most recent call first):
       [0] _start_plan_and_wait (res://test/integration/test_campfire_example_smoke.gd:57)
[GdPAI | debug] ApplyEffect [Before] ID=InstanceId(-9223368933355003493): agent props = {"hunger": 70.0627442063492, "held_item": "", "entity": null, "at_target": null}
[GdPAI | debug] ApplyEffect [After] ID=InstanceId(-9223368933355003493): agent props = {"hunger": 70.0627442063492, "held_item": "", "entity": null, "at_target": null}
[GdPAI | debug]   Snapshotting prop: hunger = Float(70.0627442063492) (Variant type: FLOAT)
[GdPAI | debug]   Snapshotting prop: held_item = Str("") (Variant type: STRING)
[GdPAI | debug]   Snapshotting prop: entity = Nil (Variant type: NIL)
[GdPAI | debug]   Snapshotting prop: at_target = Nil (Variant type: NIL)
WARNING: [GdPAI] ObjectRef(1382643928884): object was freed before callback; returning Nil.
   at: gdplanningai_rust::logger::process_logs (src\logger.rs:66)
   GDScript backtrace (most recent call first):
       [0] _start_plan_and_wait (res://test/integration/test_campfire_example_smoke.gd:57)
[GdPAI | debug] GetCost: callable returned non-numeric value: null; returning INFINITY
WARNING: [GdPAI] ObjectRef(124621163998): object was freed before callback; returning Nil.
   at: gdplanningai_rust::logger::process_logs (src\logger.rs:66)
   GDScript backtrace (most recent call first):
       [0] _process (res://addons/GdPlanningAI/gdpai_autoload.gd:21)
[GdPAI | debug] GetCost: callable returned non-numeric value: null; returning INFINITY
WARNING: [GdPAI] ObjectRef(1382643928884): object was freed before callback; returning Nil.
   at: gdplanningai_rust::logger::process_logs (src\logger.rs:66)
   GDScript backtrace (most recent call first):
       [0] _process (res://addons/GdPlanningAI/gdpai_autoload.gd:21)
[GdPAI | debug] ApplyEffect [Before] ID=InstanceId(-9223368931425623628): agent props = {"hunger": 95.0603725, "held_item": "", "entity": null}
[GdPAI | debug] ApplyEffect [After] ID=InstanceId(-9223368931425623628): agent props = {"hunger": 95.0603725, "held_item": "", "entity": null}
[GdPAI | debug]   Snapshotting prop: hunger = Float(95.0603725) (Variant type: FLOAT)
[GdPAI | debug]   Snapshotting prop: held_item = Str("") (Variant type: STRING)
[GdPAI | debug]   Snapshotting prop: entity = Nil (Variant type: NIL)
WARNING: [GdPAI] ObjectRef(124621163998): object was freed before callback; returning Nil.
   at: gdplanningai_rust::logger::process_logs (src\logger.rs:66)
   GDScript backtrace (most recent call first):
       [0] _start_plan_and_wait (res://test/integration/test_campfire_example_smoke.gd:57)
[GdPAI | debug] ApplyEffect [Before] ID=InstanceId(-9223368930754534967): agent props = {"entity": null, "at_target": null, "hunger": 70.0627442063492, "held_item": "wood"}
[GdPAI | debug] ApplyEffect [After] ID=InstanceId(-9223368930754534967): agent props = {"entity": null, "at_target": null, "hunger": 70.0627442063492, "held_item": "wood"}
[GdPAI | debug]   Snapshotting prop: entity = Nil (Variant type: NIL)
[GdPAI | debug]   Snapshotting prop: at_target = Nil (Variant type: NIL)
[GdPAI | debug]   Snapshotting prop: hunger = Float(70.0627442063492) (Variant type: FLOAT)
[GdPAI | debug]   Snapshotting prop: held_item = Str("wood") (Variant type: STRING)
WARNING: [GdPAI] ObjectRef(1382643928884): object was freed before callback; returning Nil.
   at: gdplanningai_rust::logger::process_logs (src\logger.rs:66)
   GDScript backtrace (most recent call first):
       [0] _start_plan_and_wait (res://test/integration/test_campfire_example_smoke.gd:57)
WARNING: [GdPAI] ObjectRef(1382157389614): object was freed before callback; returning Nil.
   at: gdplanningai_rust::logger::process_logs (src\logger.rs:66)
   GDScript backtrace (most recent call first):
       [0] _start_plan_and_wait (res://test/integration/test_campfire_example_smoke.gd:57)
WARNING: [GdPAI] ObjectRef(1382157389614): object was freed before callback; returning Nil.
   at: gdplanningai_rust::logger::process_logs (src\logger.rs:66)
   GDScript backtrace (most recent call first):
       [0] _start_plan_and_wait (res://test/integration/test_campfire_example_smoke.gd:57)
[GdPAI | debug] GetCost: callable returned non-numeric value: null; returning INFINITY
WARNING: [GdPAI] ObjectRef(124621163998): object was freed before callback; returning Nil.
   at: gdplanningai_rust::logger::process_logs (src\logger.rs:66)
   GDScript backtrace (most recent call first):
       [0] _process (res://addons/GdPlanningAI/gdpai_autoload.gd:21)
WARNING: [GdPAI] ObjectRef(124621163998): object was freed before callback; returning Nil.
   at: gdplanningai_rust::logger::process_logs (src\logger.rs:66)
   GDScript backtrace (most recent call first):
       [0] _process (res://addons/GdPlanningAI/gdpai_autoload.gd:21)
[GdPAI | debug] GetCost: callable returned non-numeric value: null; returning INFINITY
WARNING: [GdPAI] ObjectRef(1382643928884): object was freed before callback; returning Nil.
   at: gdplanningai_rust::logger::process_logs (src\logger.rs:66)
   GDScript backtrace (most recent call first):
       [0] _process (res://addons/GdPlanningAI/gdpai_autoload.gd:21)
WARNING: [GdPAI] ObjectRef(1382157389614): object was freed before callback; returning Nil.
   at: gdplanningai_rust::logger::process_logs (src\logger.rs:66)
   GDScript backtrace (most recent call first):
       [0] _process (res://addons/GdPlanningAI/gdpai_autoload.gd:21)
WARNING: [GdPAI] ObjectRef(1382157389614): object was freed before callback; returning Nil.
   at: gdplanningai_rust::logger::process_logs (src\logger.rs:66)
   GDScript backtrace (most recent call first):
       [0] _process (res://addons/GdPlanningAI/gdpai_autoload.gd:21)
[GdPAI | debug] ApplyEffect [Before] ID=InstanceId(-9223368928825155141): agent props = {"at_target": null, "hunger": 95.0603725, "held_item": "", "entity": null}
[GdPAI | debug] ApplyEffect [After] ID=InstanceId(-9223368928825155141): agent props = {"at_target": null, "hunger": 95.0603725, "held_item": "", "entity": null}
[GdPAI | debug]   Snapshotting prop: at_target = Nil (Variant type: NIL)
[GdPAI | debug]   Snapshotting prop: hunger = Float(95.0603725) (Variant type: FLOAT)
[GdPAI | debug]   Snapshotting prop: held_item = Str("") (Variant type: STRING)
[GdPAI | debug]   Snapshotting prop: entity = Nil (Variant type: NIL)
WARNING: [GdPAI] ObjectRef(124621163998): object was freed before callback; returning Nil.
   at: gdplanningai_rust::logger::process_logs (src\logger.rs:66)
   GDScript backtrace (most recent call first):
       [0] _start_plan_and_wait (res://test/integration/test_campfire_example_smoke.gd:57)
WARNING: [GdPAI] ObjectRef(124621163998): object was freed before callback; returning Nil.
   at: gdplanningai_rust::logger::process_logs (src\logger.rs:66)
   GDScript backtrace (most recent call first):
       [0] _start_plan_and_wait (res://test/integration/test_campfire_example_smoke.gd:57)
[GdPAI | debug] ApplyEffect [Before] ID=InstanceId(-9223368928003071643): agent props = {"hunger": 70.0627442063492, "entity": null, "held_item": ""}
[GdPAI | debug] ApplyEffect [After] ID=InstanceId(-9223368928003071643): agent props = {"hunger": 70.0627442063492, "entity": null, "held_item": ""}
[GdPAI | debug]   Snapshotting prop: hunger = Float(70.0627442063492) (Variant type: FLOAT)
[GdPAI | debug]   Snapshotting prop: entity = Nil (Variant type: NIL)
[GdPAI | debug]   Snapshotting prop: held_item = Str("") (Variant type: STRING)
WARNING: [GdPAI] ObjectRef(1382643928884): object was freed before callback; returning Nil.
   at: gdplanningai_rust::logger::process_logs (src\logger.rs:66)
   GDScript backtrace (most recent call first):
       [0] _start_plan_and_wait (res://test/integration/test_campfire_example_smoke.gd:57)
WARNING: [GdPAI] ObjectRef(1382157389614): object was freed before callback; returning Nil.
   at: gdplanningai_rust::logger::process_logs (src\logger.rs:66)
   GDScript backtrace (most recent call first):
       [0] _start_plan_and_wait (res://test/integration/test_campfire_example_smoke.gd:57)
WARNING: [GdPAI] ObjectRef(1382157389614): object was freed before callback; returning Nil.
   at: gdplanningai_rust::logger::process_logs (src\logger.rs:66)
   GDScript backtrace (most recent call first):
       [0] _start_plan_and_wait (res://test/integration/test_campfire_example_smoke.gd:57)
[GdPAI | debug] GetCost: callable returned non-numeric value: null; returning INFINITY
WARNING: [GdPAI] ObjectRef(124621163998): object was freed before callback; returning Nil.
   at: gdplanningai_rust::logger::process_logs (src\logger.rs:66)
   GDScript backtrace (most recent call first):
       [0] _process (res://addons/GdPlanningAI/gdpai_autoload.gd:21)
[GdPAI | debug] GetCost: callable returned non-numeric value: null; returning INFINITY
WARNING: [GdPAI] ObjectRef(1382643928884): object was freed before callback; returning Nil.
   at: gdplanningai_rust::logger::process_logs (src\logger.rs:66)
   GDScript backtrace (most recent call first):
       [0] _process (res://addons/GdPlanningAI/gdpai_autoload.gd:21)
WARNING: [GdPAI] ObjectRef(1382157389614): object was freed before callback; returning Nil.
   at: gdplanningai_rust::logger::process_logs (src\logger.rs:66)
   GDScript backtrace (most recent call first):
       [0] _process (res://addons/GdPlanningAI/gdpai_autoload.gd:21)
WARNING: [GdPAI] ObjectRef(1382157389614): object was freed before callback; returning Nil.
   at: gdplanningai_rust::logger::process_logs (src\logger.rs:66)
   GDScript backtrace (most recent call first):
       [0] _process (res://addons/GdPlanningAI/gdpai_autoload.gd:21)
[GdPAI | debug] ApplyEffect [Before] ID=InstanceId(-9223368926023360051): agent props = {"hunger": 95.0603725, "at_target": null, "entity": null, "held_item": ""}
[GdPAI | debug] ApplyEffect [After] ID=InstanceId(-9223368926023360051): agent props = {"hunger": 95.0603725, "at_target": null, "entity": null, "held_item": ""}
[GdPAI | debug]   Snapshotting prop: hunger = Float(95.0603725) (Variant type: FLOAT)
[GdPAI | debug]   Snapshotting prop: at_target = Nil (Variant type: NIL)
[GdPAI | debug]   Snapshotting prop: entity = Nil (Variant type: NIL)
[GdPAI | debug]   Snapshotting prop: held_item = Str("") (Variant type: STRING)
WARNING: [GdPAI] ObjectRef(124621163998): object was freed before callback; returning Nil.
   at: gdplanningai_rust::logger::process_logs (src\logger.rs:66)
   GDScript backtrace (most recent call first):
       [0] _start_plan_and_wait (res://test/integration/test_campfire_example_smoke.gd:57)
[GdPAI | debug] ApplyEffect [Before] ID=InstanceId(-9223368925251608047): agent props = {"entity": null, "hunger": 70.0627442063492, "held_item": ""}
[GdPAI | debug] ApplyEffect [After] ID=InstanceId(-9223368925251608047): agent props = {"entity": null, "hunger": 70.0627442063492, "held_item": ""}
[GdPAI | debug]   Snapshotting prop: entity = Nil (Variant type: NIL)
[GdPAI | debug]   Snapshotting prop: hunger = Float(70.0627442063492) (Variant type: FLOAT)
[GdPAI | debug]   Snapshotting prop: held_item = Str("") (Variant type: STRING)
WARNING: [GdPAI] ObjectRef(1382643928884): object was freed before callback; returning Nil.
   at: gdplanningai_rust::logger::process_logs (src\logger.rs:66)
   GDScript backtrace (most recent call first):
       [0] _start_plan_and_wait (res://test/integration/test_campfire_example_smoke.gd:57)
[GdPAI | debug] GetCost: callable returned non-numeric value: null; returning INFINITY
WARNING: [GdPAI] ObjectRef(124621163998): object was freed before callback; returning Nil.
   at: gdplanningai_rust::logger::process_logs (src\logger.rs:66)
   GDScript backtrace (most recent call first):
       [0] _process (res://addons/GdPlanningAI/gdpai_autoload.gd:21)
[GdPAI | debug] GetCost: callable returned non-numeric value: null; returning INFINITY
WARNING: [GdPAI] ObjectRef(1382643928884): object was freed before callback; returning Nil.
   at: gdplanningai_rust::logger::process_logs (src\logger.rs:66)
   GDScript backtrace (most recent call first):
       [0] _process (res://addons/GdPlanningAI/gdpai_autoload.gd:21)
[GdPAI | debug] ApplyEffect [Before] ID=InstanceId(-9223368923422891536): agent props = {"entity": null, "hunger": 95.0603725, "held_item": "wood", "at_target": null}
[GdPAI | debug] ApplyEffect [After] ID=InstanceId(-9223368923422891536): agent props = {"entity": null, "hunger": 95.0603725, "held_item": "wood", "at_target": null}
[GdPAI | debug]   Snapshotting prop: entity = Nil (Variant type: NIL)
[GdPAI | debug]   Snapshotting prop: hunger = Float(95.0603725) (Variant type: FLOAT)
[GdPAI | debug]   Snapshotting prop: held_item = Str("wood") (Variant type: STRING)
[GdPAI | debug]   Snapshotting prop: at_target = Nil (Variant type: NIL)
WARNING: [GdPAI] ObjectRef(124621163998): object was freed before callback; returning Nil.
   at: gdplanningai_rust::logger::process_logs (src\logger.rs:66)
   GDScript backtrace (most recent call first):
       [0] _start_plan_and_wait (res://test/integration/test_campfire_example_smoke.gd:57)
[GdPAI | debug] ApplyEffect [Before] ID=InstanceId(-9223368922751802867): agent props = {"entity": null, "hunger": 70.0627442063492, "held_item": ""}
[GdPAI | debug] ApplyEffect [After] ID=InstanceId(-9223368922751802867): agent props = {"entity": null, "hunger": 70.0627442063492, "held_item": ""}
[GdPAI | debug]   Snapshotting prop: entity = Nil (Variant type: NIL)
[GdPAI | debug]   Snapshotting prop: hunger = Float(70.0627442063492) (Variant type: FLOAT)
[GdPAI | debug]   Snapshotting prop: held_item = Str("") (Variant type: STRING)
WARNING: [GdPAI] ObjectRef(1382643928884): object was freed before callback; returning Nil.
   at: gdplanningai_rust::logger::process_logs (src\logger.rs:66)
   GDScript backtrace (most recent call first):
       [0] _start_plan_and_wait (res://test/integration/test_campfire_example_smoke.gd:57)
WARNING: [GdPAI] ObjectRef(1382643928884): object was freed before callback; returning Nil.
   at: gdplanningai_rust::logger::process_logs (src\logger.rs:66)
   GDScript backtrace (most recent call first):
       [0] _start_plan_and_wait (res://test/integration/test_campfire_example_smoke.gd:57)
[GdPAI | debug] GetCost: callable returned non-numeric value: null; returning INFINITY
WARNING: [GdPAI] ObjectRef(124621163998): object was freed before callback; returning Nil.
   at: gdplanningai_rust::logger::process_logs (src\logger.rs:66)
   GDScript backtrace (most recent call first):
       [0] _process (res://addons/GdPlanningAI/gdpai_autoload.gd:21)
WARNING: [GdPAI] ObjectRef(124134624705): object was freed before callback; returning Nil.
   at: gdplanningai_rust::logger::process_logs (src\logger.rs:66)
   GDScript backtrace (most recent call first):
       [0] _process (res://addons/GdPlanningAI/gdpai_autoload.gd:21)
WARNING: [GdPAI] ObjectRef(124134624705): object was freed before callback; returning Nil.
   at: gdplanningai_rust::logger::process_logs (src\logger.rs:66)
   GDScript backtrace (most recent call first):
       [0] _process (res://addons/GdPlanningAI/gdpai_autoload.gd:21)
[GdPAI | debug] GetCost: callable returned non-numeric value: null; returning INFINITY
WARNING: [GdPAI] ObjectRef(1382643928884): object was freed before callback; returning Nil.
   at: gdplanningai_rust::logger::process_logs (src\logger.rs:66)
   GDScript backtrace (most recent call first):
       [0] _process (res://addons/GdPlanningAI/gdpai_autoload.gd:21)
WARNING: [GdPAI] ObjectRef(1382643928884): object was freed before callback; returning Nil.
   at: gdplanningai_rust::logger::process_logs (src\logger.rs:66)
   GDScript backtrace (most recent call first):
       [0] _process (res://addons/GdPlanningAI/gdpai_autoload.gd:21)
[GdPAI | debug] ApplyEffect [Before] ID=InstanceId(-9223368920872754660): agent props = {"hunger": 95.0603725, "held_item": "", "entity": null}
[GdPAI | debug] ApplyEffect [After] ID=InstanceId(-9223368920872754660): agent props = {"hunger": 95.0603725, "held_item": "", "entity": null}
[GdPAI | debug]   Snapshotting prop: hunger = Float(95.0603725) (Variant type: FLOAT)
[GdPAI | debug]   Snapshotting prop: held_item = Str("") (Variant type: STRING)
[GdPAI | debug]   Snapshotting prop: entity = Nil (Variant type: NIL)
WARNING: [GdPAI] ObjectRef(124621163998): object was freed before callback; returning Nil.
   at: gdplanningai_rust::logger::process_logs (src\logger.rs:66)
   GDScript backtrace (most recent call first):
       [0] _start_plan_and_wait (res://test/integration/test_campfire_example_smoke.gd:57)
WARNING: [GdPAI] ObjectRef(124134624705): object was freed before callback; returning Nil.
   at: gdplanningai_rust::logger::process_logs (src\logger.rs:66)
   GDScript backtrace (most recent call first):
       [0] _start_plan_and_wait (res://test/integration/test_campfire_example_smoke.gd:57)
WARNING: [GdPAI] ObjectRef(124134624705): object was freed before callback; returning Nil.
   at: gdplanningai_rust::logger::process_logs (src\logger.rs:66)
   GDScript backtrace (most recent call first):
       [0] _start_plan_and_wait (res://test/integration/test_campfire_example_smoke.gd:57)
[GdPAI | debug] ApplyEffect [Before] ID=InstanceId(-9223368920050671093): agent props = {"hunger": 70.0627442063492, "held_item": "", "at_target": null, "entity": null}
[GdPAI | debug] ApplyEffect [After] ID=InstanceId(-9223368920050671093): agent props = {"hunger": 70.0627442063492, "held_item": "", "at_target": null, "entity": null}
[GdPAI | debug]   Snapshotting prop: hunger = Float(70.0627442063492) (Variant type: FLOAT)
[GdPAI | debug]   Snapshotting prop: held_item = Str("") (Variant type: STRING)
[GdPAI | debug]   Snapshotting prop: at_target = Nil (Variant type: NIL)
[GdPAI | debug]   Snapshotting prop: entity = Nil (Variant type: NIL)
WARNING: [GdPAI] ObjectRef(1382643928884): object was freed before callback; returning Nil.
   at: gdplanningai_rust::logger::process_logs (src\logger.rs:66)
   GDScript backtrace (most recent call first):
       [0] _start_plan_and_wait (res://test/integration/test_campfire_example_smoke.gd:57)
[GdPAI | debug] GetCost: callable returned non-numeric value: null; returning INFINITY
WARNING: [GdPAI] ObjectRef(124621163998): object was freed before callback; returning Nil.
   at: gdplanningai_rust::logger::process_logs (src\logger.rs:66)
   GDScript backtrace (most recent call first):
       [0] _process (res://addons/GdPlanningAI/gdpai_autoload.gd:21)
WARNING: [GdPAI] ObjectRef(124134624705): object was freed before callback; returning Nil.
   at: gdplanningai_rust::logger::process_logs (src\logger.rs:66)
   GDScript backtrace (most recent call first):
       [0] _process (res://addons/GdPlanningAI/gdpai_autoload.gd:21)
WARNING: [GdPAI] ObjectRef(124134624705): object was freed before callback; returning Nil.
   at: gdplanningai_rust::logger::process_logs (src\logger.rs:66)
   GDScript backtrace (most recent call first):
       [0] _process (res://addons/GdPlanningAI/gdpai_autoload.gd:21)
[GdPAI | debug] GetCost: callable returned non-numeric value: null; returning INFINITY
WARNING: [GdPAI] ObjectRef(1382643928884): object was freed before callback; returning Nil.
   at: gdplanningai_rust::logger::process_logs (src\logger.rs:66)
   GDScript backtrace (most recent call first):
       [0] _process (res://addons/GdPlanningAI/gdpai_autoload.gd:21)
[GdPAI | debug] ApplyEffect [Before] ID=InstanceId(-9223368918121291238): agent props = {"held_item": "", "hunger": 95.0603725, "entity": null}
[GdPAI | debug] ApplyEffect [After] ID=InstanceId(-9223368918121291238): agent props = {"held_item": "", "hunger": 95.0603725, "entity": null}
[GdPAI | debug]   Snapshotting prop: held_item = Str("") (Variant type: STRING)
[GdPAI | debug]   Snapshotting prop: hunger = Float(95.0603725) (Variant type: FLOAT)
[GdPAI | debug]   Snapshotting prop: entity = Nil (Variant type: NIL)
WARNING: [GdPAI] ObjectRef(124621163998): object was freed before callback; returning Nil.
   at: gdplanningai_rust::logger::process_logs (src\logger.rs:66)
   GDScript backtrace (most recent call first):
       [0] _start_plan_and_wait (res://test/integration/test_campfire_example_smoke.gd:57)
WARNING: [GdPAI] ObjectRef(124134624705): object was freed before callback; returning Nil.
   at: gdplanningai_rust::logger::process_logs (src\logger.rs:66)
   GDScript backtrace (most recent call first):
       [0] _start_plan_and_wait (res://test/integration/test_campfire_example_smoke.gd:57)
WARNING: [GdPAI] ObjectRef(124134624705): object was freed before callback; returning Nil.
   at: gdplanningai_rust::logger::process_logs (src\logger.rs:66)
   GDScript backtrace (most recent call first):
       [0] _start_plan_and_wait (res://test/integration/test_campfire_example_smoke.gd:57)
[GdPAI | debug] ApplyEffect [Before] ID=InstanceId(-9223368917349539298): agent props = {"hunger": 70.0627442063492, "held_item": "", "at_target": null, "entity": null}
[GdPAI | debug] ApplyEffect [After] ID=InstanceId(-9223368917349539298): agent props = {"hunger": 70.0627442063492, "held_item": "", "at_target": null, "entity": null}
[GdPAI | debug]   Snapshotting prop: hunger = Float(70.0627442063492) (Variant type: FLOAT)
[GdPAI | debug]   Snapshotting prop: held_item = Str("") (Variant type: STRING)
[GdPAI | debug]   Snapshotting prop: at_target = Nil (Variant type: NIL)
[GdPAI | debug]   Snapshotting prop: entity = Nil (Variant type: NIL)
WARNING: [GdPAI] ObjectRef(1382643928884): object was freed before callback; returning Nil.
   at: gdplanningai_rust::logger::process_logs (src\logger.rs:66)
   GDScript backtrace (most recent call first):
       [0] _start_plan_and_wait (res://test/integration/test_campfire_example_smoke.gd:57)
WARNING: [GdPAI] ObjectRef(1382157389614): object was freed before callback; returning Nil.
   at: gdplanningai_rust::logger::process_logs (src\logger.rs:66)
   GDScript backtrace (most recent call first):
       [0] _start_plan_and_wait (res://test/integration/test_campfire_example_smoke.gd:57)
WARNING: [GdPAI] ObjectRef(1382157389614): object was freed before callback; returning Nil.
   at: gdplanningai_rust::logger::process_logs (src\logger.rs:66)
   GDScript backtrace (most recent call first):
       [0] _start_plan_and_wait (res://test/integration/test_campfire_example_smoke.gd:57)
[GdPAI | debug] GetCost: callable returned non-numeric value: null; returning INFINITY
WARNING: [GdPAI] ObjectRef(124621163998): object was freed before callback; returning Nil.
   at: gdplanningai_rust::logger::process_logs (src\logger.rs:66)
   GDScript backtrace (most recent call first):
       [0] _process (res://addons/GdPlanningAI/gdpai_autoload.gd:21)
[GdPAI | debug] GetCost: callable returned non-numeric value: null; returning INFINITY
WARNING: [GdPAI] ObjectRef(1382643928884): object was freed before callback; returning Nil.
   at: gdplanningai_rust::logger::process_logs (src\logger.rs:66)
   GDScript backtrace (most recent call first):
       [0] _process (res://addons/GdPlanningAI/gdpai_autoload.gd:21)
WARNING: [GdPAI] ObjectRef(1382157389614): object was freed before callback; returning Nil.
   at: gdplanningai_rust::logger::process_logs (src\logger.rs:66)
   GDScript backtrace (most recent call first):
       [0] _process (res://addons/GdPlanningAI/gdpai_autoload.gd:21)
WARNING: [GdPAI] ObjectRef(1382157389614): object was freed before callback; returning Nil.
   at: gdplanningai_rust::logger::process_logs (src\logger.rs:66)
   GDScript backtrace (most recent call first):
       [0] _process (res://addons/GdPlanningAI/gdpai_autoload.gd:21)
[GdPAI | debug] ApplyEffect [Before] ID=InstanceId(-9223368915319496156): agent props = {"hunger": 95.0603725, "entity": null, "held_item": "", "at_target": null}
[GdPAI | debug] ApplyEffect [After] ID=InstanceId(-9223368915319496156): agent props = {"hunger": 95.0603725, "entity": null, "held_item": "", "at_target": null}
[GdPAI | debug]   Snapshotting prop: hunger = Float(95.0603725) (Variant type: FLOAT)
[GdPAI | debug]   Snapshotting prop: entity = Nil (Variant type: NIL)
[GdPAI | debug]   Snapshotting prop: held_item = Str("") (Variant type: STRING)
[GdPAI | debug]   Snapshotting prop: at_target = Nil (Variant type: NIL)
WARNING: [GdPAI] ObjectRef(124621163998): object was freed before callback; returning Nil.
   at: gdplanningai_rust::logger::process_logs (src\logger.rs:66)
   GDScript backtrace (most recent call first):
       [0] _start_plan_and_wait (res://test/integration/test_campfire_example_smoke.gd:57)
[GdPAI | debug] ApplyEffect [Before] ID=InstanceId(-9223368914547744244): agent props = {"held_item": "wood", "hunger": 70.0627442063492, "at_target": null, "entity": null}
[GdPAI | debug] ApplyEffect [After] ID=InstanceId(-9223368914547744244): agent props = {"held_item": "wood", "hunger": 70.0627442063492, "at_target": null, "entity": null}
[GdPAI | debug]   Snapshotting prop: held_item = Str("wood") (Variant type: STRING)
[GdPAI | debug]   Snapshotting prop: hunger = Float(70.0627442063492) (Variant type: FLOAT)
[GdPAI | debug]   Snapshotting prop: at_target = Nil (Variant type: NIL)
[GdPAI | debug]   Snapshotting prop: entity = Nil (Variant type: NIL)
WARNING: [GdPAI] ObjectRef(1382643928884): object was freed before callback; returning Nil.
   at: gdplanningai_rust::logger::process_logs (src\logger.rs:66)
   GDScript backtrace (most recent call first):
       [0] _start_plan_and_wait (res://test/integration/test_campfire_example_smoke.gd:57)
WARNING: [GdPAI] ObjectRef(1382157389614): object was freed before callback; returning Nil.
   at: gdplanningai_rust::logger::process_logs (src\logger.rs:66)
   GDScript backtrace (most recent call first):
       [0] _start_plan_and_wait (res://test/integration/test_campfire_example_smoke.gd:57)
WARNING: [GdPAI] ObjectRef(1382157389614): object was freed before callback; returning Nil.
   at: gdplanningai_rust::logger::process_logs (src\logger.rs:66)
   GDScript backtrace (most recent call first):
       [0] _start_plan_and_wait (res://test/integration/test_campfire_example_smoke.gd:57)
[GdPAI | debug] GetCost: callable returned non-numeric value: null; returning INFINITY
WARNING: [GdPAI] ObjectRef(124621163998): object was freed before callback; returning Nil.
   at: gdplanningai_rust::logger::process_logs (src\logger.rs:66)
   GDScript backtrace (most recent call first):
       [0] _process (res://addons/GdPlanningAI/gdpai_autoload.gd:21)
WARNING: [GdPAI] ObjectRef(124621163998): object was freed before callback; returning Nil.
   at: gdplanningai_rust::logger::process_logs (src\logger.rs:66)
   GDScript backtrace (most recent call first):
       [0] _process (res://addons/GdPlanningAI/gdpai_autoload.gd:21)
[GdPAI | debug] GetCost: callable returned non-numeric value: null; returning INFINITY
WARNING: [GdPAI] ObjectRef(1382643928884): object was freed before callback; returning Nil.
   at: gdplanningai_rust::logger::process_logs (src\logger.rs:66)
   GDScript backtrace (most recent call first):
       [0] _process (res://addons/GdPlanningAI/gdpai_autoload.gd:21)
WARNING: [GdPAI] ObjectRef(1382157389614): object was freed before callback; returning Nil.
   at: gdplanningai_rust::logger::process_logs (src\logger.rs:66)
   GDScript backtrace (most recent call first):
       [0] _process (res://addons/GdPlanningAI/gdpai_autoload.gd:21)
WARNING: [GdPAI] ObjectRef(1382157389614): object was freed before callback; returning Nil.
   at: gdplanningai_rust::logger::process_logs (src\logger.rs:66)
   GDScript backtrace (most recent call first):
       [0] _process (res://addons/GdPlanningAI/gdpai_autoload.gd:21)
[GdPAI | debug] ApplyEffect [Before] ID=InstanceId(-9223368912618364359): agent props = {"at_target": null, "held_item": "", "hunger": 95.0603725, "entity": null}
[GdPAI | debug] ApplyEffect [After] ID=InstanceId(-9223368912618364359): agent props = {"at_target": null, "held_item": "", "hunger": 95.0603725, "entity": null}
[GdPAI | debug]   Snapshotting prop: at_target = Nil (Variant type: NIL)
[GdPAI | debug]   Snapshotting prop: held_item = Str("") (Variant type: STRING)
[GdPAI | debug]   Snapshotting prop: hunger = Float(95.0603725) (Variant type: FLOAT)
[GdPAI | debug]   Snapshotting prop: entity = Nil (Variant type: NIL)
WARNING: [GdPAI] ObjectRef(124621163998): object was freed before callback; returning Nil.
   at: gdplanningai_rust::logger::process_logs (src\logger.rs:66)
   GDScript backtrace (most recent call first):
       [0] _start_plan_and_wait (res://test/integration/test_campfire_example_smoke.gd:57)
WARNING: [GdPAI] ObjectRef(124621163998): object was freed before callback; returning Nil.
   at: gdplanningai_rust::logger::process_logs (src\logger.rs:66)
   GDScript backtrace (most recent call first):
       [0] _start_plan_and_wait (res://test/integration/test_campfire_example_smoke.gd:57)
[GdPAI | debug] ApplyEffect [Before] ID=InstanceId(-9223368911796280702): agent props = {"entity": null, "held_item": "", "hunger": 70.0627442063492}
[GdPAI | debug] ApplyEffect [After] ID=InstanceId(-9223368911796280702): agent props = {"entity": null, "held_item": "", "hunger": 70.0627442063492}
[GdPAI | debug]   Snapshotting prop: entity = Nil (Variant type: NIL)
[GdPAI | debug]   Snapshotting prop: held_item = Str("") (Variant type: STRING)
[GdPAI | debug]   Snapshotting prop: hunger = Float(70.0627442063492) (Variant type: FLOAT)
WARNING: [GdPAI] ObjectRef(1382643928884): object was freed before callback; returning Nil.
   at: gdplanningai_rust::logger::process_logs (src\logger.rs:66)
   GDScript backtrace (most recent call first):
       [0] _start_plan_and_wait (res://test/integration/test_campfire_example_smoke.gd:57)
[GdPAI | debug] GetCost: callable returned non-numeric value: null; returning INFINITY
WARNING: [GdPAI] ObjectRef(124621163998): object was freed before callback; returning Nil.
   at: gdplanningai_rust::logger::process_logs (src\logger.rs:66)
   GDScript backtrace (most recent call first):
       [0] _process (res://addons/GdPlanningAI/gdpai_autoload.gd:21)
[GdPAI | debug] GetCost: callable returned non-numeric value: null; returning INFINITY
WARNING: [GdPAI] ObjectRef(1382643928884): object was freed before callback; returning Nil.
   at: gdplanningai_rust::logger::process_logs (src\logger.rs:66)
   GDScript backtrace (most recent call first):
       [0] _process (res://addons/GdPlanningAI/gdpai_autoload.gd:21)
[GdPAI | debug] ApplyEffect [Before] ID=InstanceId(-9223368909917232519): agent props = {"entity": null, "held_item": "wood", "hunger": 95.0603725, "at_target": null}
[GdPAI | debug] ApplyEffect [After] ID=InstanceId(-9223368909917232519): agent props = {"entity": null, "held_item": "wood", "hunger": 95.0603725, "at_target": null}
[GdPAI | debug]   Snapshotting prop: entity = Nil (Variant type: NIL)
[GdPAI | debug]   Snapshotting prop: held_item = Str("wood") (Variant type: STRING)
[GdPAI | debug]   Snapshotting prop: hunger = Float(95.0603725) (Variant type: FLOAT)
[GdPAI | debug]   Snapshotting prop: at_target = Nil (Variant type: NIL)
WARNING: [GdPAI] ObjectRef(124621163998): object was freed before callback; returning Nil.
   at: gdplanningai_rust::logger::process_logs (src\logger.rs:66)
   GDScript backtrace (most recent call first):
       [0] _start_plan_and_wait (res://test/integration/test_campfire_example_smoke.gd:57)
[GdPAI | debug] ApplyEffect [Before] ID=InstanceId(-9223368909246143852): agent props = {"held_item": "", "hunger": 70.0627442063492, "entity": null}
[GdPAI | debug] ApplyEffect [After] ID=InstanceId(-9223368909246143852): agent props = {"held_item": "", "hunger": 70.0627442063492, "entity": null}
[GdPAI | debug]   Snapshotting prop: held_item = Str("") (Variant type: STRING)
[GdPAI | debug]   Snapshotting prop: hunger = Float(70.0627442063492) (Variant type: FLOAT)
[GdPAI | debug]   Snapshotting prop: entity = Nil (Variant type: NIL)
WARNING: [GdPAI] ObjectRef(1382643928884): object was freed before callback; returning Nil.
   at: gdplanningai_rust::logger::process_logs (src\logger.rs:66)
   GDScript backtrace (most recent call first):
       [0] _start_plan_and_wait (res://test/integration/test_campfire_example_smoke.gd:57)
WARNING: [GdPAI] ObjectRef(1382643928884): object was freed before callback; returning Nil.
   at: gdplanningai_rust::logger::process_logs (src\logger.rs:66)
   GDScript backtrace (most recent call first):
       [0] _start_plan_and_wait (res://test/integration/test_campfire_example_smoke.gd:57)
[GdPAI | debug] GetCost: callable returned non-numeric value: null; returning INFINITY
WARNING: [GdPAI] ObjectRef(124621163998): object was freed before callback; returning Nil.
   at: gdplanningai_rust::logger::process_logs (src\logger.rs:66)
   GDScript backtrace (most recent call first):
       [0] _process (res://addons/GdPlanningAI/gdpai_autoload.gd:21)
[GdPAI | debug] GetCost: callable returned non-numeric value: null; returning INFINITY
WARNING: [GdPAI] ObjectRef(1382643928884): object was freed before callback; returning Nil.
   at: gdplanningai_rust::logger::process_logs (src\logger.rs:66)
   GDScript backtrace (most recent call first):
       [0] _process (res://addons/GdPlanningAI/gdpai_autoload.gd:21)
WARNING: [GdPAI] ObjectRef(1382643928884): object was freed before callback; returning Nil.
   at: gdplanningai_rust::logger::process_logs (src\logger.rs:66)
   GDScript backtrace (most recent call first):
       [0] _process (res://addons/GdPlanningAI/gdpai_autoload.gd:21)
[GdPAI | debug] ApplyEffect [Before] ID=InstanceId(-9223368907367095666): agent props = {"hunger": 95.0603725, "entity": null, "held_item": ""}
[GdPAI | debug] ApplyEffect [After] ID=InstanceId(-9223368907367095666): agent props = {"hunger": 95.0603725, "entity": null, "held_item": ""}
[GdPAI | debug]   Snapshotting prop: hunger = Float(95.0603725) (Variant type: FLOAT)
[GdPAI | debug]   Snapshotting prop: entity = Nil (Variant type: NIL)
[GdPAI | debug]   Snapshotting prop: held_item = Str("") (Variant type: STRING)
WARNING: [GdPAI] ObjectRef(124621163998): object was freed before callback; returning Nil.
   at: gdplanningai_rust::logger::process_logs (src\logger.rs:66)
   GDScript backtrace (most recent call first):
       [0] _start_plan_and_wait (res://test/integration/test_campfire_example_smoke.gd:57)
[GdPAI | debug] ApplyEffect [Before] ID=InstanceId(-9223368906645675379): agent props = {"held_item": "", "entity": null, "hunger": 70.0627442063492}
[GdPAI | debug] ApplyEffect [After] ID=InstanceId(-9223368906645675379): agent props = {"held_item": "", "entity": null, "hunger": 70.0627442063492}
[GdPAI | debug]   Snapshotting prop: held_item = Str("") (Variant type: STRING)
[GdPAI | debug]   Snapshotting prop: entity = Nil (Variant type: NIL)
[GdPAI | debug]   Snapshotting prop: hunger = Float(70.0627442063492) (Variant type: FLOAT)
WARNING: [GdPAI] ObjectRef(1382643928884): object was freed before callback; returning Nil.
   at: gdplanningai_rust::logger::process_logs (src\logger.rs:66)
   GDScript backtrace (most recent call first):
       [0] _start_plan_and_wait (res://test/integration/test_campfire_example_smoke.gd:57)
[GdPAI | debug] GetCost: callable returned non-numeric value: null; returning INFINITY
WARNING: [GdPAI] ObjectRef(124621163998): object was freed before callback; returning Nil.
   at: gdplanningai_rust::logger::process_logs (src\logger.rs:66)
   GDScript backtrace (most recent call first):
       [0] _process (res://addons/GdPlanningAI/gdpai_autoload.gd:21)
WARNING: [GdPAI] ObjectRef(124134624705): object was freed before callback; returning Nil.
   at: gdplanningai_rust::logger::process_logs (src\logger.rs:66)
   GDScript backtrace (most recent call first):
       [0] _process (res://addons/GdPlanningAI/gdpai_autoload.gd:21)
WARNING: [GdPAI] ObjectRef(124134624705): object was freed before callback; returning Nil.
   at: gdplanningai_rust::logger::process_logs (src\logger.rs:66)
   GDScript backtrace (most recent call first):
       [0] _process (res://addons/GdPlanningAI/gdpai_autoload.gd:21)
[GdPAI | debug] GetCost: callable returned non-numeric value: null; returning INFINITY
WARNING: [GdPAI] ObjectRef(1382643928884): object was freed before callback; returning Nil.
   at: gdplanningai_rust::logger::process_logs (src\logger.rs:66)
   GDScript backtrace (most recent call first):
       [0] _process (res://addons/GdPlanningAI/gdpai_autoload.gd:21)
[GdPAI | debug] ApplyEffect [Before] ID=InstanceId(-9223368904816958843): agent props = {"entity": null, "held_item": "", "hunger": 95.0603725}
[GdPAI | debug] ApplyEffect [After] ID=InstanceId(-9223368904816958843): agent props = {"entity": null, "held_item": "", "hunger": 95.0603725}
[GdPAI | debug]   Snapshotting prop: entity = Nil (Variant type: NIL)
[GdPAI | debug]   Snapshotting prop: held_item = Str("") (Variant type: STRING)
[GdPAI | debug]   Snapshotting prop: hunger = Float(95.0603725) (Variant type: FLOAT)
WARNING: [GdPAI] ObjectRef(124621163998): object was freed before callback; returning Nil.
   at: gdplanningai_rust::logger::process_logs (src\logger.rs:66)
   GDScript backtrace (most recent call first):
       [0] _start_plan_and_wait (res://test/integration/test_campfire_example_smoke.gd:57)
WARNING: [GdPAI] ObjectRef(124134624705): object was freed before callback; returning Nil.
   at: gdplanningai_rust::logger::process_logs (src\logger.rs:66)
   GDScript backtrace (most recent call first):
       [0] _start_plan_and_wait (res://test/integration/test_campfire_example_smoke.gd:57)
WARNING: [GdPAI] ObjectRef(124134624705): object was freed before callback; returning Nil.
   at: gdplanningai_rust::logger::process_logs (src\logger.rs:66)
   GDScript backtrace (most recent call first):
       [0] _start_plan_and_wait (res://test/integration/test_campfire_example_smoke.gd:57)
[GdPAI | debug] ApplyEffect [Before] ID=InstanceId(-9223368904045206872): agent props = {"hunger": 70.0627442063492, "entity": null, "held_item": "", "at_target": null}
[GdPAI | debug] ApplyEffect [After] ID=InstanceId(-9223368904045206872): agent props = {"hunger": 70.0627442063492, "entity": null, "held_item": "", "at_target": null}
[GdPAI | debug]   Snapshotting prop: hunger = Float(70.0627442063492) (Variant type: FLOAT)
[GdPAI | debug]   Snapshotting prop: entity = Nil (Variant type: NIL)
[GdPAI | debug]   Snapshotting prop: held_item = Str("") (Variant type: STRING)
[GdPAI | debug]   Snapshotting prop: at_target = Nil (Variant type: NIL)
WARNING: [GdPAI] ObjectRef(1382643928884): object was freed before callback; returning Nil.
   at: gdplanningai_rust::logger::process_logs (src\logger.rs:66)
   GDScript backtrace (most recent call first):
       [0] _start_plan_and_wait (res://test/integration/test_campfire_example_smoke.gd:57)
WARNING: [GdPAI] ObjectRef(1382157389614): object was freed before callback; returning Nil.
   at: gdplanningai_rust::logger::process_logs (src\logger.rs:66)
   GDScript backtrace (most recent call first):
       [0] _start_plan_and_wait (res://test/integration/test_campfire_example_smoke.gd:57)
WARNING: [GdPAI] ObjectRef(1382157389614): object was freed before callback; returning Nil.
   at: gdplanningai_rust::logger::process_logs (src\logger.rs:66)
   GDScript backtrace (most recent call first):
       [0] _start_plan_and_wait (res://test/integration/test_campfire_example_smoke.gd:57)
[GdPAI | debug] GetCost: callable returned non-numeric value: null; returning INFINITY
WARNING: [GdPAI] ObjectRef(124621163998): object was freed before callback; returning Nil.
   at: gdplanningai_rust::logger::process_logs (src\logger.rs:66)
   GDScript backtrace (most recent call first):
       [0] _process (res://addons/GdPlanningAI/gdpai_autoload.gd:21)
WARNING: [GdPAI] ObjectRef(124134624705): object was freed before callback; returning Nil.
   at: gdplanningai_rust::logger::process_logs (src\logger.rs:66)
   GDScript backtrace (most recent call first):
       [0] _process (res://addons/GdPlanningAI/gdpai_autoload.gd:21)
WARNING: [GdPAI] ObjectRef(124134624705): object was freed before callback; returning Nil.
   at: gdplanningai_rust::logger::process_logs (src\logger.rs:66)
   GDScript backtrace (most recent call first):
       [0] _process (res://addons/GdPlanningAI/gdpai_autoload.gd:21)
[GdPAI | debug] GetCost: callable returned non-numeric value: null; returning INFINITY
WARNING: [GdPAI] ObjectRef(1382643928884): object was freed before callback; returning Nil.
   at: gdplanningai_rust::logger::process_logs (src\logger.rs:66)
   GDScript backtrace (most recent call first):
       [0] _process (res://addons/GdPlanningAI/gdpai_autoload.gd:21)
WARNING: [GdPAI] ObjectRef(1382157389614): object was freed before callback; returning Nil.
   at: gdplanningai_rust::logger::process_logs (src\logger.rs:66)
   GDScript backtrace (most recent call first):
       [0] _process (res://addons/GdPlanningAI/gdpai_autoload.gd:21)
WARNING: [GdPAI] ObjectRef(1382157389614): object was freed before callback; returning Nil.
   at: gdplanningai_rust::logger::process_logs (src\logger.rs:66)
   GDScript backtrace (most recent call first):
       [0] _process (res://addons/GdPlanningAI/gdpai_autoload.gd:21)
[GdPAI | debug] ApplyEffect [Before] ID=InstanceId(-9223368902015163772): agent props = {"entity": null, "hunger": 95.0603725, "at_target": null, "held_item": ""}
[GdPAI | debug] ApplyEffect [After] ID=InstanceId(-9223368902015163772): agent props = {"entity": null, "hunger": 95.0603725, "at_target": null, "held_item": ""}
[GdPAI | debug]   Snapshotting prop: entity = Nil (Variant type: NIL)
[GdPAI | debug]   Snapshotting prop: hunger = Float(95.0603725) (Variant type: FLOAT)
[GdPAI | debug]   Snapshotting prop: at_target = Nil (Variant type: NIL)
[GdPAI | debug]   Snapshotting prop: held_item = Str("") (Variant type: STRING)
WARNING: [GdPAI] ObjectRef(124621163998): object was freed before callback; returning Nil.
   at: gdplanningai_rust::logger::process_logs (src\logger.rs:66)
   GDScript backtrace (most recent call first):
       [0] _start_plan_and_wait (res://test/integration/test_campfire_example_smoke.gd:57)
WARNING: [GdPAI] ObjectRef(124134624705): object was freed before callback; returning Nil.
   at: gdplanningai_rust::logger::process_logs (src\logger.rs:66)
   GDScript backtrace (most recent call first):
       [0] _start_plan_and_wait (res://test/integration/test_campfire_example_smoke.gd:57)
WARNING: [GdPAI] ObjectRef(124134624705): object was freed before callback; returning Nil.
   at: gdplanningai_rust::logger::process_logs (src\logger.rs:66)
   GDScript backtrace (most recent call first):
       [0] _start_plan_and_wait (res://test/integration/test_campfire_example_smoke.gd:57)
[GdPAI | debug] ApplyEffect [Before] ID=InstanceId(-9223368901142748497): agent props = {"held_item": "", "hunger": 70.0627442063492, "entity": null, "at_target": null}
[GdPAI | debug] ApplyEffect [After] ID=InstanceId(-9223368901142748497): agent props = {"held_item": "", "hunger": 70.0627442063492, "entity": null, "at_target": null}
[GdPAI | debug]   Snapshotting prop: held_item = Str("") (Variant type: STRING)
[GdPAI | debug]   Snapshotting prop: hunger = Float(70.0627442063492) (Variant type: FLOAT)
[GdPAI | debug]   Snapshotting prop: entity = Nil (Variant type: NIL)
[GdPAI | debug]   Snapshotting prop: at_target = Nil (Variant type: NIL)
WARNING: [GdPAI] ObjectRef(1382643928884): object was freed before callback; returning Nil.
   at: gdplanningai_rust::logger::process_logs (src\logger.rs:66)
   GDScript backtrace (most recent call first):
       [0] _start_plan_and_wait (res://test/integration/test_campfire_example_smoke.gd:57)
WARNING: [GdPAI] ObjectRef(1382157389614): object was freed before callback; returning Nil.
   at: gdplanningai_rust::logger::process_logs (src\logger.rs:66)
   GDScript backtrace (most recent call first):
       [0] _start_plan_and_wait (res://test/integration/test_campfire_example_smoke.gd:57)
WARNING: [GdPAI] ObjectRef(1382157389614): object was freed before callback; returning Nil.
   at: gdplanningai_rust::logger::process_logs (src\logger.rs:66)
   GDScript backtrace (most recent call first):
       [0] _start_plan_and_wait (res://test/integration/test_campfire_example_smoke.gd:57)
[GdPAI | debug] GetCost: callable returned non-numeric value: null; returning INFINITY
WARNING: [GdPAI] ObjectRef(124621163998): object was freed before callback; returning Nil.
   at: gdplanningai_rust::logger::process_logs (src\logger.rs:66)
   GDScript backtrace (most recent call first):
       [0] _process (res://addons/GdPlanningAI/gdpai_autoload.gd:21)
[GdPAI | debug] GetCost: callable returned non-numeric value: null; returning INFINITY
WARNING: [GdPAI] ObjectRef(1382643928884): object was freed before callback; returning Nil.
   at: gdplanningai_rust::logger::process_logs (src\logger.rs:66)
   GDScript backtrace (most recent call first):
       [0] _process (res://addons/GdPlanningAI/gdpai_autoload.gd:21)
WARNING: [GdPAI] ObjectRef(1382157389614): object was freed before callback; returning Nil.
   at: gdplanningai_rust::logger::process_logs (src\logger.rs:66)
   GDScript backtrace (most recent call first):
       [0] _process (res://addons/GdPlanningAI/gdpai_autoload.gd:21)
WARNING: [GdPAI] ObjectRef(1382157389614): object was freed before callback; returning Nil.
   at: gdplanningai_rust::logger::process_logs (src\logger.rs:66)
   GDScript backtrace (most recent call first):
       [0] _process (res://addons/GdPlanningAI/gdpai_autoload.gd:21)
[GdPAI | debug] ApplyEffect [Before] ID=InstanceId(-9223368899112705358): agent props = {"hunger": 95.0603725, "at_target": null, "entity": null, "held_item": ""}
[GdPAI | debug] ApplyEffect [After] ID=InstanceId(-9223368899112705358): agent props = {"hunger": 95.0603725, "at_target": null, "entity": null, "held_item": ""}
[GdPAI | debug]   Snapshotting prop: hunger = Float(95.0603725) (Variant type: FLOAT)
[GdPAI | debug]   Snapshotting prop: at_target = Nil (Variant type: NIL)
[GdPAI | debug]   Snapshotting prop: entity = Nil (Variant type: NIL)
[GdPAI | debug]   Snapshotting prop: held_item = Str("") (Variant type: STRING)
WARNING: [GdPAI] ObjectRef(124621163998): object was freed before callback; returning Nil.
   at: gdplanningai_rust::logger::process_logs (src\logger.rs:66)
   GDScript backtrace (most recent call first):
       [0] _start_plan_and_wait (res://test/integration/test_campfire_example_smoke.gd:57)
[GdPAI | debug] ApplyEffect [Before] ID=InstanceId(-9223368898340953376): agent props = {"hunger": 70.0627442063492, "at_target": null, "held_item": "wood", "entity": null}
[GdPAI | debug] ApplyEffect [After] ID=InstanceId(-9223368898340953376): agent props = {"hunger": 70.0627442063492, "at_target": null, "held_item": "wood", "entity": null}
[GdPAI | debug]   Snapshotting prop: hunger = Float(70.0627442063492) (Variant type: FLOAT)
[GdPAI | debug]   Snapshotting prop: at_target = Nil (Variant type: NIL)
[GdPAI | debug]   Snapshotting prop: held_item = Str("wood") (Variant type: STRING)
[GdPAI | debug]   Snapshotting prop: entity = Nil (Variant type: NIL)
WARNING: [GdPAI] ObjectRef(1382643928884): object was freed before callback; returning Nil.
   at: gdplanningai_rust::logger::process_logs (src\logger.rs:66)
   GDScript backtrace (most recent call first):
       [0] _start_plan_and_wait (res://test/integration/test_campfire_example_smoke.gd:57)
[GdPAI | debug] GetCost: callable returned non-numeric value: null; returning INFINITY
[GdPAI] A* Iteration: pop node with chain length 5
[GdPAI | debug] find_candidates: Checking 15 actions against 1 preconds and 4 requirements
WARNING: [GdPAI] ObjectRef(124621163998): object was freed before callback; returning Nil.
   at: gdplanningai_rust::logger::process_logs (src\logger.rs:66)
   GDScript backtrace (most recent call first):
       [0] _process (res://addons/GdPlanningAI/gdpai_autoload.gd:21)
WARNING: [GdPAI] ObjectRef(124621163998): object was freed before callback; returning Nil.
   at: gdplanningai_rust::logger::process_logs (src\logger.rs:66)
   GDScript backtrace (most recent call first):
       [0] _process (res://addons/GdPlanningAI/gdpai_autoload.gd:21)
[GdPAI | debug] Discovery: Starting simulation for action Go To
WARNING: [GdPAI] ObjectRef(1382643928884): object was freed before callback; returning Nil.
   at: gdplanningai_rust::logger::process_logs (src\logger.rs:66)
   GDScript backtrace (most recent call first):
       [0] _process (res://addons/GdPlanningAI/gdpai_autoload.gd:21)
[GdPAI | debug] ApplyEffect [Before] ID=InstanceId(-9223368896512236847): agent props = {"hunger": 95.0603725, "at_target": null, "held_item": "wood", "entity": null}
[GdPAI | debug] ApplyEffect [After] ID=InstanceId(-9223368896512236847): agent props = {"hunger": 95.0603725, "at_target": null, "held_item": "wood", "entity": null}
[GdPAI | debug]   Snapshotting prop: hunger = Float(95.0603725) (Variant type: FLOAT)
[GdPAI | debug]   Snapshotting prop: at_target = Nil (Variant type: NIL)
[GdPAI | debug]   Snapshotting prop: held_item = Str("wood") (Variant type: STRING)
[GdPAI | debug]   Snapshotting prop: entity = Nil (Variant type: NIL)
[GdPAI] A* Iteration: pop node with chain length 4
[GdPAI | debug] find_candidates: Checking 15 actions against 1 preconds and 1 requirements
WARNING: [GdPAI] ObjectRef(124621163998): object was freed before callback; returning Nil.
   at: gdplanningai_rust::logger::process_logs (src\logger.rs:66)
   GDScript backtrace (most recent call first):
       [0] _start_plan_and_wait (res://test/integration/test_campfire_example_smoke.gd:57)
WARNING: [GdPAI] ObjectRef(124621163998): object was freed before callback; returning Nil.
   at: gdplanningai_rust::logger::process_logs (src\logger.rs:66)
   GDScript backtrace (most recent call first):
       [0] _start_plan_and_wait (res://test/integration/test_campfire_example_smoke.gd:57)
[GdPAI | debug] GetCost: callable returned non-numeric value: null; returning INFINITY
WARNING: [GdPAI] ObjectRef(1382643928884): object was freed before callback; returning Nil.
   at: gdplanningai_rust::logger::process_logs (src\logger.rs:66)
   GDScript backtrace (most recent call first):
       [0] _start_plan_and_wait (res://test/integration/test_campfire_example_smoke.gd:57)
WARNING: [GdPAI] ObjectRef(1382643928884): object was freed before callback; returning Nil.
   at: gdplanningai_rust::logger::process_logs (src\logger.rs:66)
   GDScript backtrace (most recent call first):
       [0] _start_plan_and_wait (res://test/integration/test_campfire_example_smoke.gd:57)
[GdPAI | debug] Discovery: Starting simulation for action Go To
WARNING: [GdPAI] ObjectRef(124621163998): object was freed before callback; returning Nil.
   at: gdplanningai_rust::logger::process_logs (src\logger.rs:66)
   GDScript backtrace (most recent call first):
       [0] _process (res://addons/GdPlanningAI/gdpai_autoload.gd:21)
WARNING: [GdPAI] ObjectRef(124621163998): object was freed before callback; returning Nil.
   at: gdplanningai_rust::logger::process_logs (src\logger.rs:66)
   GDScript backtrace (most recent call first):
       [0] _process (res://addons/GdPlanningAI/gdpai_autoload.gd:21)
[GdPAI | debug] ApplyEffect [Before] ID=InstanceId(-9223368894431862036): agent props = {"hunger": 70.0627442063492, "entity": null, "held_item": ""}
[GdPAI | debug] ApplyEffect [After] ID=InstanceId(-9223368894431862036): agent props = {"hunger": 70.0627442063492, "entity": null, "held_item": ""}
[GdPAI | debug]   Snapshotting prop: hunger = Float(70.0627442063492) (Variant type: FLOAT)
[GdPAI | debug]   Snapshotting prop: entity = Nil (Variant type: NIL)
[GdPAI | debug]   Snapshotting prop: held_item = Str("") (Variant type: STRING)
WARNING: [GdPAI] ObjectRef(1382643928884): object was freed before callback; returning Nil.
   at: gdplanningai_rust::logger::process_logs (src\logger.rs:66)
   GDScript backtrace (most recent call first):
       [0] _process (res://addons/GdPlanningAI/gdpai_autoload.gd:21)
[GdPAI | debug] Discovery: Simulation success for Go To. Agent props: {"held_item": Str(""), "hunger": Float(70.0627442063492), "entity": Nil}
[GdPAI | debug] Discovery: Action Go To satisfied precond Builtin { target: Agent, operation: Equal, property_name: "held_item", value: Some(Str("")) }
[GdPAI | debug] Found candidate: Go To (satisfied preconds: [0], requirements: [0, 1, 3])
WARNING: [GdPAI] ObjectRef(1382643928884): object was freed before callback; returning Nil.
   at: gdplanningai_rust::logger::process_logs (src\logger.rs:66)
   GDScript backtrace (most recent call first):
       [0] _process (res://addons/GdPlanningAI/gdpai_autoload.gd:21)
[GdPAI | debug] GetCost: callable returned non-numeric value: null; returning INFINITY
[GdPAI | debug] Discovery: Starting simulation for action Eat Held Food
WARNING: [GdPAI] ObjectRef(124621163998): object was freed before callback; returning Nil.
   at: gdplanningai_rust::logger::process_logs (src\logger.rs:66)
   GDScript backtrace (most recent call first):
       [0] _start_plan_and_wait (res://test/integration/test_campfire_example_smoke.gd:57)
WARNING: [GdPAI] ObjectRef(124621163998): object was freed before callback; returning Nil.
   at: gdplanningai_rust::logger::process_logs (src\logger.rs:66)
   GDScript backtrace (most recent call first):
       [0] _start_plan_and_wait (res://test/integration/test_campfire_example_smoke.gd:57)
[GdPAI | debug] GetCost: callable returned non-numeric value: null; returning INFINITY
WARNING: [GdPAI] ObjectRef(1382643928884): object was freed before callback; returning Nil.
   at: gdplanningai_rust::logger::process_logs (src\logger.rs:66)
   GDScript backtrace (most recent call first):
       [0] _start_plan_and_wait (res://test/integration/test_campfire_example_smoke.gd:57)
WARNING: [GdPAI] ObjectRef(1382643928884): object was freed before callback; returning Nil.
   at: gdplanningai_rust::logger::process_logs (src\logger.rs:66)
   GDScript backtrace (most recent call first):
       [0] _start_plan_and_wait (res://test/integration/test_campfire_example_smoke.gd:57)
[GdPAI | debug] ApplyEffect [Before] ID=InstanceId(-9223368892519259390): agent props = {"held_item": "", "hunger": 95.0603725, "entity": null}
[GdPAI | debug] ApplyEffect [After] ID=InstanceId(-9223368892519259390): agent props = {"held_item": "", "hunger": 95.0603725, "entity": null}
[GdPAI | debug]   Snapshotting prop: held_item = Str("") (Variant type: STRING)
[GdPAI | debug]   Snapshotting prop: hunger = Float(95.0603725) (Variant type: FLOAT)
[GdPAI | debug]   Snapshotting prop: entity = Nil (Variant type: NIL)
[GdPAI | debug] Discovery: Simulation success for Go To. Agent props: {"hunger": Float(95.0603725), "entity": Nil, "held_item": Str("")}
[GdPAI | debug] Discovery: Action Go To satisfied precond Builtin { target: Agent, operation: Equal, property_name: "held_item", value: Some(Str("")) }
[GdPAI | debug] Found candidate: Go To (satisfied preconds: [0], requirements: [0])
[GdPAI | debug] Discovery: Starting simulation for action Eat Held Food
WARNING: [GdPAI] ObjectRef(124621163998): object was freed before callback; returning Nil.
   at: gdplanningai_rust::logger::process_logs (src\logger.rs:66)
   GDScript backtrace (most recent call first):
       [0] _process (res://addons/GdPlanningAI/gdpai_autoload.gd:21)
WARNING: [GdPAI] ObjectRef(124621163998): object was freed before callback; returning Nil.
   at: gdplanningai_rust::logger::process_logs (src\logger.rs:66)
   GDScript backtrace (most recent call first):
       [0] _process (res://addons/GdPlanningAI/gdpai_autoload.gd:21)
[GdPAI | debug] ApplyEffect [Before] ID=InstanceId(-9223368891730730223): agent props = {"held_item": "", "entity": null, "hunger": 70.0627442063492}
[GdPAI | debug] ApplyEffect [After] ID=InstanceId(-9223368891730730223): agent props = {"held_item": "", "entity": null, "hunger": 70.0627442063492}
[GdPAI | debug]   Snapshotting prop: held_item = Str("") (Variant type: STRING)
[GdPAI | debug]   Snapshotting prop: entity = Nil (Variant type: NIL)
[GdPAI | debug]   Snapshotting prop: hunger = Float(70.0627442063492) (Variant type: FLOAT)
WARNING: [GdPAI] ObjectRef(1382643928884): object was freed before callback; returning Nil.
   at: gdplanningai_rust::logger::process_logs (src\logger.rs:66)
   GDScript backtrace (most recent call first):
       [0] _process (res://addons/GdPlanningAI/gdpai_autoload.gd:21)
[GdPAI | debug] Discovery: Simulation success for Eat Held Food. Agent props: {"entity": Nil, "hunger": Float(70.0627442063492), "held_item": Str("")}
[GdPAI | debug] Discovery: Action Eat Held Food satisfied precond Builtin { target: Agent, operation: Equal, property_name: "held_item", value: Some(Str("")) }
[GdPAI | debug] Found candidate: Eat Held Food (satisfied preconds: [0], requirements: [])
WARNING: [GdPAI] ObjectRef(1382643928884): object was freed before callback; returning Nil.
   at: gdplanningai_rust::logger::process_logs (src\logger.rs:66)
   GDScript backtrace (most recent call first):
       [0] _process (res://addons/GdPlanningAI/gdpai_autoload.gd:21)
[GdPAI | debug] GetCost: callable returned non-numeric value: null; returning INFINITY
WARNING: [GdPAI] ObjectRef(124621163998): object was freed before callback; returning Nil.
   at: gdplanningai_rust::logger::process_logs (src\logger.rs:66)
   GDScript backtrace (most recent call first):
       [0] _start_plan_and_wait (res://test/integration/test_campfire_example_smoke.gd:57)
WARNING: [GdPAI] ObjectRef(124621163998): object was freed before callback; returning Nil.
   at: gdplanningai_rust::logger::process_logs (src\logger.rs:66)
   GDScript backtrace (most recent call first):
       [0] _start_plan_and_wait (res://test/integration/test_campfire_example_smoke.gd:57)
WARNING: [GdPAI] ObjectRef(1382643928884): object was freed before callback; returning Nil.
   at: gdplanningai_rust::logger::process_logs (src\logger.rs:66)
   GDScript backtrace (most recent call first):
       [0] _start_plan_and_wait (res://test/integration/test_campfire_example_smoke.gd:57)
[GdPAI | debug] Discovery: Starting simulation for action Go To
WARNING: [GdPAI] ObjectRef(1382643928884): object was freed before callback; returning Nil.
   at: gdplanningai_rust::logger::process_logs (src\logger.rs:66)
   GDScript backtrace (most recent call first):
       [0] _start_plan_and_wait (res://test/integration/test_campfire_example_smoke.gd:57)
[GdPAI | debug] ApplyEffect [Before] ID=InstanceId(-9223368889818127560): agent props = {"entity": null, "hunger": 95.0603725, "held_item": ""}
[GdPAI | debug] ApplyEffect [After] ID=InstanceId(-9223368889818127560): agent props = {"entity": null, "hunger": 95.0603725, "held_item": ""}
[GdPAI | debug]   Snapshotting prop: entity = Nil (Variant type: NIL)
[GdPAI | debug]   Snapshotting prop: hunger = Float(95.0603725) (Variant type: FLOAT)
[GdPAI | debug]   Snapshotting prop: held_item = Str("") (Variant type: STRING)
[GdPAI | debug] Discovery: Simulation success for Eat Held Food. Agent props: {"entity": Nil, "hunger": Float(95.0603725), "held_item": Str("")}
[GdPAI | debug] Discovery: Action Eat Held Food satisfied precond Builtin { target: Agent, operation: Equal, property_name: "held_item", value: Some(Str("")) }
[GdPAI | debug] Found candidate: Eat Held Food (satisfied preconds: [0], requirements: [])
WARNING: [GdPAI] ObjectRef(124621163998): object was freed before callback; returning Nil.
   at: gdplanningai_rust::logger::process_logs (src\logger.rs:66)
   GDScript backtrace (most recent call first):
       [0] _process (res://addons/GdPlanningAI/gdpai_autoload.gd:21)
WARNING: [GdPAI] ObjectRef(124621163998): object was freed before callback; returning Nil.
   at: gdplanningai_rust::logger::process_logs (src\logger.rs:66)
   GDScript backtrace (most recent call first):
       [0] _process (res://addons/GdPlanningAI/gdpai_autoload.gd:21)
[GdPAI | debug] GetCost: callable returned non-numeric value: null; returning INFINITY
WARNING: [GdPAI] ObjectRef(1382643928884): object was freed before callback; returning Nil.
   at: gdplanningai_rust::logger::process_logs (src\logger.rs:66)
   GDScript backtrace (most recent call first):
       [0] _process (res://addons/GdPlanningAI/gdpai_autoload.gd:21)
WARNING: [GdPAI] ObjectRef(1382643928884): object was freed before callback; returning Nil.
   at: gdplanningai_rust::logger::process_logs (src\logger.rs:66)
   GDScript backtrace (most recent call first):
       [0] _process (res://addons/GdPlanningAI/gdpai_autoload.gd:21)
[GdPAI | debug] Discovery: Starting simulation for action Go To
WARNING: [GdPAI] ObjectRef(124621163998): object was freed before callback; returning Nil.
   at: gdplanningai_rust::logger::process_logs (src\logger.rs:66)
   GDScript backtrace (most recent call first):
       [0] _start_plan_and_wait (res://test/integration/test_campfire_example_smoke.gd:57)
WARNING: [GdPAI] ObjectRef(124621163998): object was freed before callback; returning Nil.
   at: gdplanningai_rust::logger::process_logs (src\logger.rs:66)
   GDScript backtrace (most recent call first):
       [0] _start_plan_and_wait (res://test/integration/test_campfire_example_smoke.gd:57)
[GdPAI | debug] ApplyEffect [Before] ID=InstanceId(-9223368887687421114): agent props = {"entity": null, "hunger": 70.0627442063492, "held_item": ""}
[GdPAI | debug] ApplyEffect [After] ID=InstanceId(-9223368887687421114): agent props = {"entity": null, "hunger": 70.0627442063492, "held_item": ""}
[GdPAI | debug]   Snapshotting prop: entity = Nil (Variant type: NIL)
[GdPAI | debug]   Snapshotting prop: hunger = Float(70.0627442063492) (Variant type: FLOAT)
[GdPAI | debug]   Snapshotting prop: held_item = Str("") (Variant type: STRING)
WARNING: [GdPAI] ObjectRef(1382643928884): object was freed before callback; returning Nil.
   at: gdplanningai_rust::logger::process_logs (src\logger.rs:66)
   GDScript backtrace (most recent call first):
       [0] _start_plan_and_wait (res://test/integration/test_campfire_example_smoke.gd:57)
[GdPAI | debug] Discovery: Simulation success for Go To. Agent props: {"hunger": Float(70.0627442063492), "held_item": Str(""), "entity": Nil}
[GdPAI | debug] Discovery: Action Go To satisfied precond Builtin { target: Agent, operation: Equal, property_name: "held_item", value: Some(Str("")) }
[GdPAI | debug] Found candidate: Go To (satisfied preconds: [0], requirements: [0, 1, 3])
WARNING: [GdPAI] ObjectRef(1382643928884): object was freed before callback; returning Nil.
   at: gdplanningai_rust::logger::process_logs (src\logger.rs:66)
   GDScript backtrace (most recent call first):
       [0] _start_plan_and_wait (res://test/integration/test_campfire_example_smoke.gd:57)
[GdPAI | debug] GetCost: callable returned non-numeric value: null; returning INFINITY
[GdPAI | debug] Discovery: Starting simulation for action Drop Item
WARNING: [GdPAI] ObjectRef(124621163998): object was freed before callback; returning Nil.
   at: gdplanningai_rust::logger::process_logs (src\logger.rs:66)
   GDScript backtrace (most recent call first):
       [0] _process (res://addons/GdPlanningAI/gdpai_autoload.gd:21)
WARNING: [GdPAI] ObjectRef(124621163998): object was freed before callback; returning Nil.
   at: gdplanningai_rust::logger::process_logs (src\logger.rs:66)
   GDScript backtrace (most recent call first):
       [0] _process (res://addons/GdPlanningAI/gdpai_autoload.gd:21)
[GdPAI | debug] GetCost: callable returned non-numeric value: null; returning INFINITY
WARNING: [GdPAI] ObjectRef(1382643928884): object was freed before callback; returning Nil.
   at: gdplanningai_rust::logger::process_logs (src\logger.rs:66)
   GDScript backtrace (most recent call first):
       [0] _process (res://addons/GdPlanningAI/gdpai_autoload.gd:21)
WARNING: [GdPAI] ObjectRef(1382643928884): object was freed before callback; returning Nil.
   at: gdplanningai_rust::logger::process_logs (src\logger.rs:66)
   GDScript backtrace (most recent call first):
       [0] _process (res://addons/GdPlanningAI/gdpai_autoload.gd:21)
[GdPAI | debug] ApplyEffect [Before] ID=InstanceId(-9223368885758041276): agent props = {"entity": null, "held_item": "", "hunger": 95.0603725}
[GdPAI | debug] ApplyEffect [After] ID=InstanceId(-9223368885758041276): agent props = {"entity": null, "held_item": "", "hunger": 95.0603725}
[GdPAI | debug]   Snapshotting prop: entity = Nil (Variant type: NIL)
[GdPAI | debug]   Snapshotting prop: held_item = Str("") (Variant type: STRING)
[GdPAI | debug]   Snapshotting prop: hunger = Float(95.0603725) (Variant type: FLOAT)
[GdPAI | debug] Discovery: Simulation success for Go To. Agent props: {"held_item": Str(""), "hunger": Float(95.0603725), "entity": Nil}
[GdPAI | debug] Discovery: Action Go To satisfied precond Builtin { target: Agent, operation: Equal, property_name: "held_item", value: Some(Str("")) }
[GdPAI | debug] Found candidate: Go To (satisfied preconds: [0], requirements: [0])
[GdPAI | debug] Discovery: Starting simulation for action Drop Item
WARNING: [GdPAI] ObjectRef(124621163998): object was freed before callback; returning Nil.
   at: gdplanningai_rust::logger::process_logs (src\logger.rs:66)
   GDScript backtrace (most recent call first):
       [0] _start_plan_and_wait (res://test/integration/test_campfire_example_smoke.gd:57)
WARNING: [GdPAI] ObjectRef(124621163998): object was freed before callback; returning Nil.
   at: gdplanningai_rust::logger::process_logs (src\logger.rs:66)
   GDScript backtrace (most recent call first):
       [0] _start_plan_and_wait (res://test/integration/test_campfire_example_smoke.gd:57)
[GdPAI | debug] ApplyEffect [Before] ID=InstanceId(-9223368884986289331): agent props = {"held_item": "", "hunger": 70.0627442063492, "entity": null}
[GdPAI | debug] ApplyEffect [After] ID=InstanceId(-9223368884986289331): agent props = {"held_item": "", "hunger": 70.0627442063492, "entity": null}
[GdPAI | debug]   Snapshotting prop: held_item = Str("") (Variant type: STRING)
[GdPAI | debug]   Snapshotting prop: hunger = Float(70.0627442063492) (Variant type: FLOAT)
[GdPAI | debug]   Snapshotting prop: entity = Nil (Variant type: NIL)
WARNING: [GdPAI] ObjectRef(1382643928884): object was freed before callback; returning Nil.
   at: gdplanningai_rust::logger::process_logs (src\logger.rs:66)
   GDScript backtrace (most recent call first):
       [0] _start_plan_and_wait (res://test/integration/test_campfire_example_smoke.gd:57)
[GdPAI | debug] Discovery: Simulation success for Drop Item. Agent props: {"held_item": Str(""), "hunger": Float(70.0627442063492), "entity": Nil}
[GdPAI | debug] Discovery: Action Drop Item satisfied precond Builtin { target: Agent, operation: Equal, property_name: "held_item", value: Some(Str("")) }
WARNING: [GdPAI] ObjectRef(1382643928884): object was freed before callback; returning Nil.
   at: gdplanningai_rust::logger::process_logs (src\logger.rs:66)
   GDScript backtrace (most recent call first):
       [0] _start_plan_and_wait (res://test/integration/test_campfire_example_smoke.gd:57)
[GdPAI | debug] Found candidate: Drop Item (satisfied preconds: [0], requirements: [])
[GdPAI | debug] GetCost: callable returned non-numeric value: null; returning INFINITY
[GdPAI | debug] Discovery: Starting simulation for action Add Fuel
WARNING: [GdPAI] ObjectRef(124621163998): object was freed before callback; returning Nil.
   at: gdplanningai_rust::logger::process_logs (src\logger.rs:66)
   GDScript backtrace (most recent call first):
       [0] _process (res://addons/GdPlanningAI/gdpai_autoload.gd:21)
WARNING: [GdPAI] ObjectRef(124621163998): object was freed before callback; returning Nil.
   at: gdplanningai_rust::logger::process_logs (src\logger.rs:66)
   GDScript backtrace (most recent call first):
       [0] _process (res://addons/GdPlanningAI/gdpai_autoload.gd:21)
[GdPAI | debug] GetCost: callable returned non-numeric value: null; returning INFINITY
WARNING: [GdPAI] ObjectRef(1382643928884): object was freed before callback; returning Nil.
   at: gdplanningai_rust::logger::process_logs (src\logger.rs:66)
   GDScript backtrace (most recent call first):
       [0] _process (res://addons/GdPlanningAI/gdpai_autoload.gd:21)
WARNING: [GdPAI] ObjectRef(1382643928884): object was freed before callback; returning Nil.
   at: gdplanningai_rust::logger::process_logs (src\logger.rs:66)
   GDScript backtrace (most recent call first):
       [0] _process (res://addons/GdPlanningAI/gdpai_autoload.gd:21)
[GdPAI | debug] ApplyEffect [Before] ID=InstanceId(-9223368883056909471): agent props = {"held_item": "", "hunger": 95.0603725, "entity": null}
[GdPAI | debug] ApplyEffect [After] ID=InstanceId(-9223368883056909471): agent props = {"held_item": "", "hunger": 95.0603725, "entity": null}
[GdPAI | debug]   Snapshotting prop: held_item = Str("") (Variant type: STRING)
[GdPAI | debug]   Snapshotting prop: hunger = Float(95.0603725) (Variant type: FLOAT)
[GdPAI | debug]   Snapshotting prop: entity = Nil (Variant type: NIL)
[GdPAI | debug] Discovery: Simulation success for Drop Item. Agent props: {"entity": Nil, "held_item": Str(""), "hunger": Float(95.0603725)}
[GdPAI | debug] Discovery: Action Drop Item satisfied precond Builtin { target: Agent, operation: Equal, property_name: "held_item", value: Some(Str("")) }
[GdPAI | debug] Found candidate: Drop Item (satisfied preconds: [0], requirements: [])
[GdPAI | debug] Discovery: Starting simulation for action Add Fuel
WARNING: [GdPAI] ObjectRef(124621163998): object was freed before callback; returning Nil.
   at: gdplanningai_rust::logger::process_logs (src\logger.rs:66)
   GDScript backtrace (most recent call first):
       [0] _start_plan_and_wait (res://test/integration/test_campfire_example_smoke.gd:57)
WARNING: [GdPAI] ObjectRef(124621163998): object was freed before callback; returning Nil.
   at: gdplanningai_rust::logger::process_logs (src\logger.rs:66)
   GDScript backtrace (most recent call first):
       [0] _start_plan_and_wait (res://test/integration/test_campfire_example_smoke.gd:57)
[GdPAI | debug] ApplyEffect [Before] ID=InstanceId(-9223368882285157520): agent props = {"entity": null, "held_item": "wood", "hunger": 70.0627442063492}
[GdPAI | debug] ApplyEffect [After] ID=InstanceId(-9223368882285157520): agent props = {"entity": null, "held_item": "wood", "hunger": 70.0627442063492}
[GdPAI | debug]   Snapshotting prop: entity = Nil (Variant type: NIL)
[GdPAI | debug]   Snapshotting prop: held_item = Str("wood") (Variant type: STRING)
[GdPAI | debug]   Snapshotting prop: hunger = Float(70.0627442063492) (Variant type: FLOAT)
WARNING: [GdPAI] ObjectRef(1382643928884): object was freed before callback; returning Nil.
   at: gdplanningai_rust::logger::process_logs (src\logger.rs:66)
   GDScript backtrace (most recent call first):
       [0] _start_plan_and_wait (res://test/integration/test_campfire_example_smoke.gd:57)
[GdPAI | debug] Discovery: Simulation success for Add Fuel. Agent props: {"entity": Nil, "held_item": Str("wood"), "hunger": Float(70.0627442063492)}
[GdPAI | debug] Discovery: Action Add Fuel did NOT satisfy precond Builtin { target: Agent, operation: Equal, property_name: "held_item", value: Some(Str("")) }
WARNING: [GdPAI] ObjectRef(1382643928884): object was freed before callback; returning Nil.
   at: gdplanningai_rust::logger::process_logs (src\logger.rs:66)
   GDScript backtrace (most recent call first):
       [0] _start_plan_and_wait (res://test/integration/test_campfire_example_smoke.gd:57)
[GdPAI | debug] GetCost: callable returned non-numeric value: null; returning INFINITY
WARNING: [GdPAI] ObjectRef(124621163998): object was freed before callback; returning Nil.
   at: gdplanningai_rust::logger::process_logs (src\logger.rs:66)
   GDScript backtrace (most recent call first):
       [0] _process (res://addons/GdPlanningAI/gdpai_autoload.gd:21)
WARNING: [GdPAI] ObjectRef(124621163998): object was freed before callback; returning Nil.
   at: gdplanningai_rust::logger::process_logs (src\logger.rs:66)
   GDScript backtrace (most recent call first):
       [0] _process (res://addons/GdPlanningAI/gdpai_autoload.gd:21)
WARNING: [GdPAI] ObjectRef(1382643928884): object was freed before callback; returning Nil.
   at: gdplanningai_rust::logger::process_logs (src\logger.rs:66)
   GDScript backtrace (most recent call first):
       [0] _process (res://addons/GdPlanningAI/gdpai_autoload.gd:21)
[GdPAI | debug] Discovery: Action Cook Potato failed validity check, skipping
[GdPAI | debug] Discovery: Starting simulation for action Pick Up Wood
WARNING: [GdPAI] ObjectRef(1382643928884): object was freed before callback; returning Nil.
   at: gdplanningai_rust::logger::process_logs (src\logger.rs:66)
   GDScript backtrace (most recent call first):
       [0] _process (res://addons/GdPlanningAI/gdpai_autoload.gd:21)
[GdPAI | debug] ApplyEffect [Before] ID=InstanceId(-9223368880355777675): agent props = {"held_item": "wood", "entity": null, "hunger": 95.0603725}
[GdPAI | debug] ApplyEffect [After] ID=InstanceId(-9223368880355777675): agent props = {"held_item": "wood", "entity": null, "hunger": 95.0603725}
[GdPAI | debug]   Snapshotting prop: held_item = Str("wood") (Variant type: STRING)
[GdPAI | debug]   Snapshotting prop: entity = Nil (Variant type: NIL)
[GdPAI | debug]   Snapshotting prop: hunger = Float(95.0603725) (Variant type: FLOAT)
[GdPAI | debug] Discovery: Simulation success for Add Fuel. Agent props: {"hunger": Float(95.0603725), "held_item": Str("wood"), "entity": Nil}
[GdPAI | debug] Discovery: Action Add Fuel did NOT satisfy precond Builtin { target: Agent, operation: Equal, property_name: "held_item", value: Some(Str("")) }
WARNING: [GdPAI] ObjectRef(124621163998): object was freed before callback; returning Nil.
   at: gdplanningai_rust::logger::process_logs (src\logger.rs:66)
   GDScript backtrace (most recent call first):
       [0] _start_plan_and_wait (res://test/integration/test_campfire_example_smoke.gd:57)
WARNING: [GdPAI] ObjectRef(124621163998): object was freed before callback; returning Nil.
   at: gdplanningai_rust::logger::process_logs (src\logger.rs:66)
   GDScript backtrace (most recent call first):
       [0] _start_plan_and_wait (res://test/integration/test_campfire_example_smoke.gd:57)
[GdPAI | debug] GetCost: callable returned non-numeric value: null; returning INFINITY
WARNING: [GdPAI] ObjectRef(1382643928884): object was freed before callback; returning Nil.
   at: gdplanningai_rust::logger::process_logs (src\logger.rs:66)
   GDScript backtrace (most recent call first):
       [0] _start_plan_and_wait (res://test/integration/test_campfire_example_smoke.gd:57)
WARNING: [GdPAI] ObjectRef(1382643928884): object was freed before callback; returning Nil.
   at: gdplanningai_rust::logger::process_logs (src\logger.rs:66)
   GDScript backtrace (most recent call first):
       [0] _start_plan_and_wait (res://test/integration/test_campfire_example_smoke.gd:57)
[GdPAI | debug] Discovery: Action Cook Potato failed validity check, skipping
[GdPAI | debug] Discovery: Starting simulation for action Pick Up Wood
WARNING: [GdPAI] ObjectRef(124621163998): object was freed before callback; returning Nil.
   at: gdplanningai_rust::logger::process_logs (src\logger.rs:66)
   GDScript backtrace (most recent call first):
       [0] _process (res://addons/GdPlanningAI/gdpai_autoload.gd:21)
WARNING: [GdPAI] ObjectRef(124621163998): object was freed before callback; returning Nil.
   at: gdplanningai_rust::logger::process_logs (src\logger.rs:66)
   GDScript backtrace (most recent call first):
       [0] _process (res://addons/GdPlanningAI/gdpai_autoload.gd:21)
[GdPAI | debug] ApplyEffect [Before] ID=InstanceId(-9223368878225071246): agent props = {"held_item": "", "entity": null, "hunger": 70.0627442063492}
[GdPAI | debug] ApplyEffect [After] ID=InstanceId(-9223368878225071246): agent props = {"held_item": "", "entity": null, "hunger": 70.0627442063492}
[GdPAI | debug]   Snapshotting prop: held_item = Str("") (Variant type: STRING)
[GdPAI | debug]   Snapshotting prop: entity = Nil (Variant type: NIL)
[GdPAI | debug]   Snapshotting prop: hunger = Float(70.0627442063492) (Variant type: FLOAT)
WARNING: [GdPAI] ObjectRef(1382643928884): object was freed before callback; returning Nil.
   at: gdplanningai_rust::logger::process_logs (src\logger.rs:66)
   GDScript backtrace (most recent call first):
       [0] _process (res://addons/GdPlanningAI/gdpai_autoload.gd:21)
[GdPAI | debug] Discovery: Simulation success for Pick Up Wood. Agent props: {"entity": Nil, "held_item": Str(""), "hunger": Float(70.0627442063492)}
[GdPAI | debug] Discovery: Action Pick Up Wood satisfied precond Builtin { target: Agent, operation: Equal, property_name: "held_item", value: Some(Str("")) }
[GdPAI | debug] Found candidate: Pick Up Wood (satisfied preconds: [0], requirements: [])
WARNING: [GdPAI] ObjectRef(1382643928884): object was freed before callback; returning Nil.
   at: gdplanningai_rust::logger::process_logs (src\logger.rs:66)
   GDScript backtrace (most recent call first):
       [0] _process (res://addons/GdPlanningAI/gdpai_autoload.gd:21)
[GdPAI | debug] GetCost: callable returned non-numeric value: null; returning INFINITY
[GdPAI | debug] Discovery: Starting simulation for action Pick Up Wood
WARNING: [GdPAI] ObjectRef(124621163998): object was freed before callback; returning Nil.
   at: gdplanningai_rust::logger::process_logs (src\logger.rs:66)
   GDScript backtrace (most recent call first):
       [0] _start_plan_and_wait (res://test/integration/test_campfire_example_smoke.gd:57)
WARNING: [GdPAI] ObjectRef(124621163998): object was freed before callback; returning Nil.
   at: gdplanningai_rust::logger::process_logs (src\logger.rs:66)
   GDScript backtrace (most recent call first):
       [0] _start_plan_and_wait (res://test/integration/test_campfire_example_smoke.gd:57)
[GdPAI | debug] GetCost: callable returned non-numeric value: null; returning INFINITY
WARNING: [GdPAI] ObjectRef(1382643928884): object was freed before callback; returning Nil.
   at: gdplanningai_rust::logger::process_logs (src\logger.rs:66)
   GDScript backtrace (most recent call first):
       [0] _start_plan_and_wait (res://test/integration/test_campfire_example_smoke.gd:57)
WARNING: [GdPAI] ObjectRef(1382643928884): object was freed before callback; returning Nil.
   at: gdplanningai_rust::logger::process_logs (src\logger.rs:66)
   GDScript backtrace (most recent call first):
       [0] _start_plan_and_wait (res://test/integration/test_campfire_example_smoke.gd:57)
[GdPAI | debug] ApplyEffect [Before] ID=InstanceId(-9223368876312468578): agent props = {"held_item": "", "entity": null, "hunger": 95.0603725}
[GdPAI | debug] ApplyEffect [After] ID=InstanceId(-9223368876312468578): agent props = {"held_item": "", "entity": null, "hunger": 95.0603725}
[GdPAI | debug]   Snapshotting prop: held_item = Str("") (Variant type: STRING)
[GdPAI | debug]   Snapshotting prop: entity = Nil (Variant type: NIL)
[GdPAI | debug]   Snapshotting prop: hunger = Float(95.0603725) (Variant type: FLOAT)
[GdPAI | debug] Discovery: Simulation success for Pick Up Wood. Agent props: {"entity": Nil, "hunger": Float(95.0603725), "held_item": Str("")}
[GdPAI | debug] Discovery: Action Pick Up Wood satisfied precond Builtin { target: Agent, operation: Equal, property_name: "held_item", value: Some(Str("")) }
[GdPAI | debug] Found candidate: Pick Up Wood (satisfied preconds: [0], requirements: [])
[GdPAI | debug] Discovery: Starting simulation for action Pick Up Wood
WARNING: [GdPAI] ObjectRef(124621163998): object was freed before callback; returning Nil.
   at: gdplanningai_rust::logger::process_logs (src\logger.rs:66)
   GDScript backtrace (most recent call first):
       [0] _process (res://addons/GdPlanningAI/gdpai_autoload.gd:21)
WARNING: [GdPAI] ObjectRef(124621163998): object was freed before callback; returning Nil.
   at: gdplanningai_rust::logger::process_logs (src\logger.rs:66)
   GDScript backtrace (most recent call first):
       [0] _process (res://addons/GdPlanningAI/gdpai_autoload.gd:21)
[GdPAI | debug] ApplyEffect [Before] ID=InstanceId(-9223368875523939416): agent props = {"entity": null, "hunger": 70.0627442063492, "held_item": ""}
[GdPAI | debug] ApplyEffect [After] ID=InstanceId(-9223368875523939416): agent props = {"entity": null, "hunger": 70.0627442063492, "held_item": ""}
[GdPAI | debug]   Snapshotting prop: entity = Nil (Variant type: NIL)
[GdPAI | debug]   Snapshotting prop: hunger = Float(70.0627442063492) (Variant type: FLOAT)
[GdPAI | debug]   Snapshotting prop: held_item = Str("") (Variant type: STRING)
WARNING: [GdPAI] ObjectRef(1382643928884): object was freed before callback; returning Nil.
   at: gdplanningai_rust::logger::process_logs (src\logger.rs:66)
   GDScript backtrace (most recent call first):
       [0] _process (res://addons/GdPlanningAI/gdpai_autoload.gd:21)
[GdPAI | debug] Discovery: Simulation success for Pick Up Wood. Agent props: {"entity": Nil, "hunger": Float(70.0627442063492), "held_item": Str("")}
[GdPAI | debug] Discovery: Action Pick Up Wood satisfied precond Builtin { target: Agent, operation: Equal, property_name: "held_item", value: Some(Str("")) }
[GdPAI | debug] Found candidate: Pick Up Wood (satisfied preconds: [0], requirements: [])
WARNING: [GdPAI] ObjectRef(1382643928884): object was freed before callback; returning Nil.
   at: gdplanningai_rust::logger::process_logs (src\logger.rs:66)
   GDScript backtrace (most recent call first):
       [0] _process (res://addons/GdPlanningAI/gdpai_autoload.gd:21)
[GdPAI | debug] GetCost: callable returned non-numeric value: null; returning INFINITY
[GdPAI | debug] Discovery: Starting simulation for action Pick Up Wood
WARNING: [GdPAI] ObjectRef(124621163998): object was freed before callback; returning Nil.
   at: gdplanningai_rust::logger::process_logs (src\logger.rs:66)
   GDScript backtrace (most recent call first):
       [0] _start_plan_and_wait (res://test/integration/test_campfire_example_smoke.gd:57)
WARNING: [GdPAI] ObjectRef(124621163998): object was freed before callback; returning Nil.
   at: gdplanningai_rust::logger::process_logs (src\logger.rs:66)
   GDScript backtrace (most recent call first):
       [0] _start_plan_and_wait (res://test/integration/test_campfire_example_smoke.gd:57)
[GdPAI | debug] GetCost: callable returned non-numeric value: null; returning INFINITY
WARNING: [GdPAI] ObjectRef(1382643928884): object was freed before callback; returning Nil.
   at: gdplanningai_rust::logger::process_logs (src\logger.rs:66)
   GDScript backtrace (most recent call first):
       [0] _start_plan_and_wait (res://test/integration/test_campfire_example_smoke.gd:57)
WARNING: [GdPAI] ObjectRef(1382643928884): object was freed before callback; returning Nil.
   at: gdplanningai_rust::logger::process_logs (src\logger.rs:66)
   GDScript backtrace (most recent call first):
       [0] _start_plan_and_wait (res://test/integration/test_campfire_example_smoke.gd:57)
[GdPAI | debug] ApplyEffect [Before] ID=InstanceId(-9223368873611336765): agent props = {"held_item": "", "hunger": 95.0603725, "entity": null}
[GdPAI | debug] ApplyEffect [After] ID=InstanceId(-9223368873611336765): agent props = {"held_item": "", "hunger": 95.0603725, "entity": null}
[GdPAI | debug]   Snapshotting prop: held_item = Str("") (Variant type: STRING)
[GdPAI | debug]   Snapshotting prop: hunger = Float(95.0603725) (Variant type: FLOAT)
[GdPAI | debug]   Snapshotting prop: entity = Nil (Variant type: NIL)
[GdPAI | debug] Discovery: Simulation success for Pick Up Wood. Agent props: {"hunger": Float(95.0603725), "held_item": Str(""), "entity": Nil}
[GdPAI | debug] Discovery: Action Pick Up Wood satisfied precond Builtin { target: Agent, operation: Equal, property_name: "held_item", value: Some(Str("")) }
[GdPAI | debug] Found candidate: Pick Up Wood (satisfied preconds: [0], requirements: [])
[GdPAI | debug] Discovery: Starting simulation for action Pick Up Wood
WARNING: [GdPAI] ObjectRef(124621163998): object was freed before callback; returning Nil.
   at: gdplanningai_rust::logger::process_logs (src\logger.rs:66)
   GDScript backtrace (most recent call first):
       [0] _process (res://addons/GdPlanningAI/gdpai_autoload.gd:21)
WARNING: [GdPAI] ObjectRef(124621163998): object was freed before callback; returning Nil.
   at: gdplanningai_rust::logger::process_logs (src\logger.rs:66)
   GDScript backtrace (most recent call first):
       [0] _process (res://addons/GdPlanningAI/gdpai_autoload.gd:21)
[GdPAI | debug] ApplyEffect [Before] ID=InstanceId(-9223368872822807617): agent props = {"hunger": 70.0627442063492, "entity": null, "held_item": ""}
[GdPAI | debug] ApplyEffect [After] ID=InstanceId(-9223368872822807617): agent props = {"hunger": 70.0627442063492, "entity": null, "held_item": ""}
[GdPAI | debug]   Snapshotting prop: hunger = Float(70.0627442063492) (Variant type: FLOAT)
[GdPAI | debug]   Snapshotting prop: entity = Nil (Variant type: NIL)
[GdPAI | debug]   Snapshotting prop: held_item = Str("") (Variant type: STRING)
WARNING: [GdPAI] ObjectRef(1382643928884): object was freed before callback; returning Nil.
   at: gdplanningai_rust::logger::process_logs (src\logger.rs:66)
   GDScript backtrace (most recent call first):
       [0] _process (res://addons/GdPlanningAI/gdpai_autoload.gd:21)
[GdPAI | debug] Discovery: Simulation success for Pick Up Wood. Agent props: {"hunger": Float(70.0627442063492), "entity": Nil, "held_item": Str("")}
[GdPAI | debug] Discovery: Action Pick Up Wood satisfied precond Builtin { target: Agent, operation: Equal, property_name: "held_item", value: Some(Str("")) }
[GdPAI | debug] Found candidate: Pick Up Wood (satisfied preconds: [0], requirements: [])
WARNING: [GdPAI] ObjectRef(1382643928884): object was freed before callback; returning Nil.
   at: gdplanningai_rust::logger::process_logs (src\logger.rs:66)
   GDScript backtrace (most recent call first):
       [0] _process (res://addons/GdPlanningAI/gdpai_autoload.gd:21)
[GdPAI | debug] GetCost: callable returned non-numeric value: null; returning INFINITY
[GdPAI | debug] Discovery: Starting simulation for action Pick Up Wood
WARNING: [GdPAI] ObjectRef(124621163998): object was freed before callback; returning Nil.
   at: gdplanningai_rust::logger::process_logs (src\logger.rs:66)
   GDScript backtrace (most recent call first):
       [0] _start_plan_and_wait (res://test/integration/test_campfire_example_smoke.gd:57)
WARNING: [GdPAI] ObjectRef(124621163998): object was freed before callback; returning Nil.
   at: gdplanningai_rust::logger::process_logs (src\logger.rs:66)
   GDScript backtrace (most recent call first):
       [0] _start_plan_and_wait (res://test/integration/test_campfire_example_smoke.gd:57)
[GdPAI | debug] GetCost: callable returned non-numeric value: null; returning INFINITY
WARNING: [GdPAI] ObjectRef(1382643928884): object was freed before callback; returning Nil.
   at: gdplanningai_rust::logger::process_logs (src\logger.rs:66)
   GDScript backtrace (most recent call first):
       [0] _start_plan_and_wait (res://test/integration/test_campfire_example_smoke.gd:57)
WARNING: [GdPAI] ObjectRef(1382643928884): object was freed before callback; returning Nil.
   at: gdplanningai_rust::logger::process_logs (src\logger.rs:66)
   GDScript backtrace (most recent call first):
       [0] _start_plan_and_wait (res://test/integration/test_campfire_example_smoke.gd:57)
[GdPAI | debug] ApplyEffect [Before] ID=InstanceId(-9223368870910204975): agent props = {"held_item": "", "entity": null, "hunger": 95.0603725}
[GdPAI | debug] ApplyEffect [After] ID=InstanceId(-9223368870910204975): agent props = {"held_item": "", "entity": null, "hunger": 95.0603725}
[GdPAI | debug]   Snapshotting prop: held_item = Str("") (Variant type: STRING)
[GdPAI | debug]   Snapshotting prop: entity = Nil (Variant type: NIL)
[GdPAI | debug]   Snapshotting prop: hunger = Float(95.0603725) (Variant type: FLOAT)
[GdPAI | debug] Discovery: Simulation success for Pick Up Wood. Agent props: {"held_item": Str(""), "entity": Nil, "hunger": Float(95.0603725)}
[GdPAI | debug] Discovery: Action Pick Up Wood satisfied precond Builtin { target: Agent, operation: Equal, property_name: "held_item", value: Some(Str("")) }
[GdPAI | debug] Found candidate: Pick Up Wood (satisfied preconds: [0], requirements: [])
[GdPAI | debug] Discovery: Starting simulation for action Pick Up Wood
WARNING: [GdPAI] ObjectRef(124621163998): object was freed before callback; returning Nil.
   at: gdplanningai_rust::logger::process_logs (src\logger.rs:66)
   GDScript backtrace (most recent call first):
       [0] _process (res://addons/GdPlanningAI/gdpai_autoload.gd:21)
WARNING: [GdPAI] ObjectRef(124621163998): object was freed before callback; returning Nil.
   at: gdplanningai_rust::logger::process_logs (src\logger.rs:66)
   GDScript backtrace (most recent call first):
       [0] _process (res://addons/GdPlanningAI/gdpai_autoload.gd:21)
[GdPAI | debug] ApplyEffect [Before] ID=InstanceId(-9223368870121675831): agent props = {"held_item": "", "entity": null, "hunger": 70.0627442063492}
[GdPAI | debug] ApplyEffect [After] ID=InstanceId(-9223368870121675831): agent props = {"held_item": "", "entity": null, "hunger": 70.0627442063492}
[GdPAI | debug]   Snapshotting prop: held_item = Str("") (Variant type: STRING)
[GdPAI | debug]   Snapshotting prop: entity = Nil (Variant type: NIL)
[GdPAI | debug]   Snapshotting prop: hunger = Float(70.0627442063492) (Variant type: FLOAT)
WARNING: [GdPAI] ObjectRef(1382643928884): object was freed before callback; returning Nil.
   at: gdplanningai_rust::logger::process_logs (src\logger.rs:66)
   GDScript backtrace (most recent call first):
       [0] _process (res://addons/GdPlanningAI/gdpai_autoload.gd:21)
[GdPAI | debug] Discovery: Simulation success for Pick Up Wood. Agent props: {"held_item": Str(""), "hunger": Float(70.0627442063492), "entity": Nil}
[GdPAI | debug] Discovery: Action Pick Up Wood satisfied precond Builtin { target: Agent, operation: Equal, property_name: "held_item", value: Some(Str("")) }
[GdPAI | debug] Found candidate: Pick Up Wood (satisfied preconds: [0], requirements: [])
WARNING: [GdPAI] ObjectRef(1382643928884): object was freed before callback; returning Nil.
   at: gdplanningai_rust::logger::process_logs (src\logger.rs:66)
   GDScript backtrace (most recent call first):
       [0] _process (res://addons/GdPlanningAI/gdpai_autoload.gd:21)
[GdPAI | debug] GetCost: callable returned non-numeric value: null; returning INFINITY
WARNING: [GdPAI] ObjectRef(124621163998): object was freed before callback; returning Nil.
   at: gdplanningai_rust::logger::process_logs (src\logger.rs:66)
   GDScript backtrace (most recent call first):
       [0] _start_plan_and_wait (res://test/integration/test_campfire_example_smoke.gd:57)
WARNING: [GdPAI] ObjectRef(124621163998): object was freed before callback; returning Nil.
   at: gdplanningai_rust::logger::process_logs (src\logger.rs:66)
   GDScript backtrace (most recent call first):
       [0] _start_plan_and_wait (res://test/integration/test_campfire_example_smoke.gd:57)
WARNING: [GdPAI] ObjectRef(1382643928884): object was freed before callback; returning Nil.
   at: gdplanningai_rust::logger::process_logs (src\logger.rs:66)
   GDScript backtrace (most recent call first):
       [0] _start_plan_and_wait (res://test/integration/test_campfire_example_smoke.gd:57)
[GdPAI | debug] Discovery: Action Dig Potato failed validity check, skipping
WARNING: [GdPAI] ObjectRef(1382643928884): object was freed before callback; returning Nil.
   at: gdplanningai_rust::logger::process_logs (src\logger.rs:66)
   GDScript backtrace (most recent call first):
       [0] _start_plan_and_wait (res://test/integration/test_campfire_example_smoke.gd:57)
[GdPAI | debug] ApplyEffect [Before] ID=InstanceId(-9223368868209073174): agent props = {"held_item": "", "hunger": 95.0603725, "entity": null}
[GdPAI | debug] ApplyEffect [After] ID=InstanceId(-9223368868209073174): agent props = {"held_item": "", "hunger": 95.0603725, "entity": null}
[GdPAI | debug]   Snapshotting prop: held_item = Str("") (Variant type: STRING)
[GdPAI | debug]   Snapshotting prop: hunger = Float(95.0603725) (Variant type: FLOAT)
[GdPAI | debug]   Snapshotting prop: entity = Nil (Variant type: NIL)
[GdPAI | debug] Discovery: Simulation success for Pick Up Wood. Agent props: {"held_item": Str(""), "entity": Nil, "hunger": Float(95.0603725)}
[GdPAI | debug] Discovery: Action Pick Up Wood satisfied precond Builtin { target: Agent, operation: Equal, property_name: "held_item", value: Some(Str("")) }
[GdPAI | debug] Found candidate: Pick Up Wood (satisfied preconds: [0], requirements: [])
WARNING: [GdPAI] ObjectRef(124621163998): object was freed before callback; returning Nil.
   at: gdplanningai_rust::logger::process_logs (src\logger.rs:66)
   GDScript backtrace (most recent call first):
       [0] _process (res://addons/GdPlanningAI/gdpai_autoload.gd:21)
WARNING: [GdPAI] ObjectRef(124621163998): object was freed before callback; returning Nil.
   at: gdplanningai_rust::logger::process_logs (src\logger.rs:66)
   GDScript backtrace (most recent call first):
       [0] _process (res://addons/GdPlanningAI/gdpai_autoload.gd:21)
WARNING: [GdPAI] ObjectRef(1382643928884): object was freed before callback; returning Nil.
   at: gdplanningai_rust::logger::process_logs (src\logger.rs:66)
   GDScript backtrace (most recent call first):
       [0] _process (res://addons/GdPlanningAI/gdpai_autoload.gd:21)
[GdPAI | debug] Discovery: Action Dig Potato failed validity check, skipping
WARNING: [GdPAI] ObjectRef(1382643928884): object was freed before callback; returning Nil.
   at: gdplanningai_rust::logger::process_logs (src\logger.rs:66)
   GDScript backtrace (most recent call first):
       [0] _process (res://addons/GdPlanningAI/gdpai_autoload.gd:21)
[GdPAI | debug] Discovery: Action Dig Potato failed validity check, skipping
WARNING: [GdPAI] ObjectRef(124621163998): object was freed before callback; returning Nil.
   at: gdplanningai_rust::logger::process_logs (src\logger.rs:66)
   GDScript backtrace (most recent call first):
       [0] _start_plan_and_wait (res://test/integration/test_campfire_example_smoke.gd:57)
WARNING: [GdPAI] ObjectRef(124621163998): object was freed before callback; returning Nil.
   at: gdplanningai_rust::logger::process_logs (src\logger.rs:66)
   GDScript backtrace (most recent call first):
       [0] _start_plan_and_wait (res://test/integration/test_campfire_example_smoke.gd:57)
WARNING: [GdPAI] ObjectRef(1382643928884): object was freed before callback; returning Nil.
   at: gdplanningai_rust::logger::process_logs (src\logger.rs:66)
   GDScript backtrace (most recent call first):
       [0] _start_plan_and_wait (res://test/integration/test_campfire_example_smoke.gd:57)
[GdPAI | debug] Discovery: Action Dig Potato failed validity check, skipping
WARNING: [GdPAI] ObjectRef(1382643928884): object was freed before callback; returning Nil.
   at: gdplanningai_rust::logger::process_logs (src\logger.rs:66)
   GDScript backtrace (most recent call first):
       [0] _start_plan_and_wait (res://test/integration/test_campfire_example_smoke.gd:57)
[GdPAI | debug] Discovery: Action Dig Potato failed validity check, skipping
WARNING: [GdPAI] ObjectRef(124621163998): object was freed before callback; returning Nil.
   at: gdplanningai_rust::logger::process_logs (src\logger.rs:66)
   GDScript backtrace (most recent call first):
       [0] _process (res://addons/GdPlanningAI/gdpai_autoload.gd:21)
WARNING: [GdPAI] ObjectRef(124621163998): object was freed before callback; returning Nil.
   at: gdplanningai_rust::logger::process_logs (src\logger.rs:66)
   GDScript backtrace (most recent call first):
       [0] _process (res://addons/GdPlanningAI/gdpai_autoload.gd:21)
WARNING: [GdPAI] ObjectRef(1382643928884): object was freed before callback; returning Nil.
   at: gdplanningai_rust::logger::process_logs (src\logger.rs:66)
   GDScript backtrace (most recent call first):
       [0] _process (res://addons/GdPlanningAI/gdpai_autoload.gd:21)
[GdPAI | debug] Discovery: Action Dig Potato failed validity check, skipping
WARNING: [GdPAI] ObjectRef(1382643928884): object was freed before callback; returning Nil.
   at: gdplanningai_rust::logger::process_logs (src\logger.rs:66)
   GDScript backtrace (most recent call first):
       [0] _process (res://addons/GdPlanningAI/gdpai_autoload.gd:21)
[GdPAI | debug] Discovery: Action Dig Potato failed validity check, skipping
WARNING: [GdPAI] ObjectRef(124621163998): object was freed before callback; returning Nil.
   at: gdplanningai_rust::logger::process_logs (src\logger.rs:66)
   GDScript backtrace (most recent call first):
       [0] _start_plan_and_wait (res://test/integration/test_campfire_example_smoke.gd:57)
WARNING: [GdPAI] ObjectRef(124621163998): object was freed before callback; returning Nil.
   at: gdplanningai_rust::logger::process_logs (src\logger.rs:66)
   GDScript backtrace (most recent call first):
       [0] _start_plan_and_wait (res://test/integration/test_campfire_example_smoke.gd:57)
WARNING: [GdPAI] ObjectRef(1382643928884): object was freed before callback; returning Nil.
   at: gdplanningai_rust::logger::process_logs (src\logger.rs:66)
   GDScript backtrace (most recent call first):
       [0] _start_plan_and_wait (res://test/integration/test_campfire_example_smoke.gd:57)
[GdPAI | debug] Discovery: Action Dig Potato failed validity check, skipping
WARNING: [GdPAI] ObjectRef(1382643928884): object was freed before callback; returning Nil.
   at: gdplanningai_rust::logger::process_logs (src\logger.rs:66)
   GDScript backtrace (most recent call first):
       [0] _start_plan_and_wait (res://test/integration/test_campfire_example_smoke.gd:57)
[GdPAI | debug] Discovery: Action Dig Potato failed validity check, skipping
WARNING: [GdPAI] ObjectRef(124621163998): object was freed before callback; returning Nil.
   at: gdplanningai_rust::logger::process_logs (src\logger.rs:66)
   GDScript backtrace (most recent call first):
       [0] _process (res://addons/GdPlanningAI/gdpai_autoload.gd:21)
WARNING: [GdPAI] ObjectRef(124621163998): object was freed before callback; returning Nil.
   at: gdplanningai_rust::logger::process_logs (src\logger.rs:66)
   GDScript backtrace (most recent call first):
       [0] _process (res://addons/GdPlanningAI/gdpai_autoload.gd:21)
WARNING: [GdPAI] ObjectRef(124134624705): object was freed before callback; returning Nil.
   at: gdplanningai_rust::logger::process_logs (src\logger.rs:66)
   GDScript backtrace (most recent call first):
       [0] _process (res://addons/GdPlanningAI/gdpai_autoload.gd:21)
WARNING: [GdPAI] ObjectRef(125510356497): object was freed before callback; returning Nil.
   at: gdplanningai_rust::logger::process_logs (src\logger.rs:66)
   GDScript backtrace (most recent call first):
       [0] _process (res://addons/GdPlanningAI/gdpai_autoload.gd:21)
WARNING: [GdPAI] ObjectRef(124587609564): object was freed before callback; returning Nil.
   at: gdplanningai_rust::logger::process_logs (src\logger.rs:66)
   GDScript backtrace (most recent call first):
       [0] _process (res://addons/GdPlanningAI/gdpai_autoload.gd:21)
WARNING: [GdPAI] ObjectRef(124134624705): object was freed before callback; returning Nil.
   at: gdplanningai_rust::logger::process_logs (src\logger.rs:66)
   GDScript backtrace (most recent call first):
       [0] _process (res://addons/GdPlanningAI/gdpai_autoload.gd:21)
WARNING: [GdPAI] ObjectRef(125510356497): object was freed before callback; returning Nil.
   at: gdplanningai_rust::logger::process_logs (src\logger.rs:66)
   GDScript backtrace (most recent call first):
       [0] _process (res://addons/GdPlanningAI/gdpai_autoload.gd:21)
WARNING: [GdPAI] ObjectRef(124587609564): object was freed before callback; returning Nil.
   at: gdplanningai_rust::logger::process_logs (src\logger.rs:66)
   GDScript backtrace (most recent call first):
       [0] _process (res://addons/GdPlanningAI/gdpai_autoload.gd:21)
[GdPAI | debug] GetCost: callable returned non-numeric value: null; returning INFINITY
WARNING: [GdPAI] ObjectRef(1382643928884): object was freed before callback; returning Nil.
   at: gdplanningai_rust::logger::process_logs (src\logger.rs:66)
   GDScript backtrace (most recent call first):
       [0] _process (res://addons/GdPlanningAI/gdpai_autoload.gd:21)
WARNING: [GdPAI] ObjectRef(1382643928884): object was freed before callback; returning Nil.
   at: gdplanningai_rust::logger::process_logs (src\logger.rs:66)
   GDScript backtrace (most recent call first):
       [0] _process (res://addons/GdPlanningAI/gdpai_autoload.gd:21)
[GdPAI | debug] Discovery: Action Dig Potato failed validity check, skipping
WARNING: [GdPAI] ObjectRef(124621163998): object was freed before callback; returning Nil.
   at: gdplanningai_rust::logger::process_logs (src\logger.rs:66)
   GDScript backtrace (most recent call first):
       [0] _start_plan_and_wait (res://test/integration/test_campfire_example_smoke.gd:57)
WARNING: [GdPAI] ObjectRef(124621163998): object was freed before callback; returning Nil.
   at: gdplanningai_rust::logger::process_logs (src\logger.rs:66)
   GDScript backtrace (most recent call first):
       [0] _start_plan_and_wait (res://test/integration/test_campfire_example_smoke.gd:57)
WARNING: [GdPAI] ObjectRef(124134624705): object was freed before callback; returning Nil.
   at: gdplanningai_rust::logger::process_logs (src\logger.rs:66)
   GDScript backtrace (most recent call first):
       [0] _start_plan_and_wait (res://test/integration/test_campfire_example_smoke.gd:57)
WARNING: [GdPAI] ObjectRef(125510356497): object was freed before callback; returning Nil.
   at: gdplanningai_rust::logger::process_logs (src\logger.rs:66)
   GDScript backtrace (most recent call first):
       [0] _start_plan_and_wait (res://test/integration/test_campfire_example_smoke.gd:57)
WARNING: [GdPAI] ObjectRef(124587609564): object was freed before callback; returning Nil.
   at: gdplanningai_rust::logger::process_logs (src\logger.rs:66)
   GDScript backtrace (most recent call first):
       [0] _start_plan_and_wait (res://test/integration/test_campfire_example_smoke.gd:57)
WARNING: [GdPAI] ObjectRef(124134624705): object was freed before callback; returning Nil.
   at: gdplanningai_rust::logger::process_logs (src\logger.rs:66)
   GDScript backtrace (most recent call first):
       [0] _start_plan_and_wait (res://test/integration/test_campfire_example_smoke.gd:57)
WARNING: [GdPAI] ObjectRef(125510356497): object was freed before callback; returning Nil.
   at: gdplanningai_rust::logger::process_logs (src\logger.rs:66)
   GDScript backtrace (most recent call first):
       [0] _start_plan_and_wait (res://test/integration/test_campfire_example_smoke.gd:57)
WARNING: [GdPAI] ObjectRef(124587609564): object was freed before callback; returning Nil.
   at: gdplanningai_rust::logger::process_logs (src\logger.rs:66)
   GDScript backtrace (most recent call first):
       [0] _start_plan_and_wait (res://test/integration/test_campfire_example_smoke.gd:57)
[GdPAI | debug] ApplyEffect [Before] ID=InstanceId(-9223368860374113233): agent props = {"entity": null, "hunger": 70.0627442063492, "at_target": null, "held_item": ""}
[GdPAI | debug] ApplyEffect [After] ID=InstanceId(-9223368860374113233): agent props = {"entity": null, "hunger": 70.0627442063492, "at_target": null, "held_item": ""}
[GdPAI | debug]   Snapshotting prop: entity = Nil (Variant type: NIL)
[GdPAI | debug]   Snapshotting prop: hunger = Float(70.0627442063492) (Variant type: FLOAT)
[GdPAI | debug]   Snapshotting prop: at_target = Nil (Variant type: NIL)
[GdPAI | debug]   Snapshotting prop: held_item = Str("") (Variant type: STRING)
WARNING: [GdPAI] ObjectRef(1382643928884): object was freed before callback; returning Nil.
   at: gdplanningai_rust::logger::process_logs (src\logger.rs:66)
   GDScript backtrace (most recent call first):
       [0] _start_plan_and_wait (res://test/integration/test_campfire_example_smoke.gd:57)
WARNING: [GdPAI] ObjectRef(1382643928884): object was freed before callback; returning Nil.
   at: gdplanningai_rust::logger::process_logs (src\logger.rs:66)
   GDScript backtrace (most recent call first):
       [0] _start_plan_and_wait (res://test/integration/test_campfire_example_smoke.gd:57)
WARNING: [GdPAI] ObjectRef(1383046581817): object was freed before callback; returning Nil.
   at: gdplanningai_rust::logger::process_logs (src\logger.rs:66)
   GDScript backtrace (most recent call first):
       [0] _start_plan_and_wait (res://test/integration/test_campfire_example_smoke.gd:57)
WARNING: [GdPAI] ObjectRef(1383046581817): object was freed before callback; returning Nil.
   at: gdplanningai_rust::logger::process_logs (src\logger.rs:66)
   GDScript backtrace (most recent call first):
       [0] _start_plan_and_wait (res://test/integration/test_campfire_example_smoke.gd:57)
[GdPAI | debug] GetCost: callable returned non-numeric value: null; returning INFINITY
WARNING: [GdPAI] ObjectRef(124621163998): object was freed before callback; returning Nil.
   at: gdplanningai_rust::logger::process_logs (src\logger.rs:66)
   GDScript backtrace (most recent call first):
       [0] _process (res://addons/GdPlanningAI/gdpai_autoload.gd:21)
WARNING: [GdPAI] ObjectRef(124587609564): object was freed before callback; returning Nil.
   at: gdplanningai_rust::logger::process_logs (src\logger.rs:66)
   GDScript backtrace (most recent call first):
       [0] _process (res://addons/GdPlanningAI/gdpai_autoload.gd:21)
WARNING: [GdPAI] ObjectRef(124587609564): object was freed before callback; returning Nil.
   at: gdplanningai_rust::logger::process_logs (src\logger.rs:66)
   GDScript backtrace (most recent call first):
       [0] _process (res://addons/GdPlanningAI/gdpai_autoload.gd:21)
[GdPAI | debug] GetCost: callable returned non-numeric value: null; returning INFINITY
WARNING: [GdPAI] ObjectRef(1382643928884): object was freed before callback; returning Nil.
   at: gdplanningai_rust::logger::process_logs (src\logger.rs:66)
   GDScript backtrace (most recent call first):
       [0] _process (res://addons/GdPlanningAI/gdpai_autoload.gd:21)
WARNING: [GdPAI] ObjectRef(1382643928884): object was freed before callback; returning Nil.
   at: gdplanningai_rust::logger::process_logs (src\logger.rs:66)
   GDScript backtrace (most recent call first):
       [0] _process (res://addons/GdPlanningAI/gdpai_autoload.gd:21)
WARNING: [GdPAI] ObjectRef(1383046581817): object was freed before callback; returning Nil.
   at: gdplanningai_rust::logger::process_logs (src\logger.rs:66)
   GDScript backtrace (most recent call first):
       [0] _process (res://addons/GdPlanningAI/gdpai_autoload.gd:21)
WARNING: [GdPAI] ObjectRef(1383046581817): object was freed before callback; returning Nil.
   at: gdplanningai_rust::logger::process_logs (src\logger.rs:66)
   GDScript backtrace (most recent call first):
       [0] _process (res://addons/GdPlanningAI/gdpai_autoload.gd:21)
[GdPAI | debug] ApplyEffect [Before] ID=InstanceId(-9223368858042080249): agent props = {"held_item": "", "entity": null, "hunger": 95.0603725, "at_target": null}
[GdPAI | debug] ApplyEffect [After] ID=InstanceId(-9223368858042080249): agent props = {"held_item": "", "entity": null, "hunger": 95.0603725, "at_target": null}
[GdPAI | debug]   Snapshotting prop: held_item = Str("") (Variant type: STRING)
[GdPAI | debug]   Snapshotting prop: entity = Nil (Variant type: NIL)
[GdPAI | debug]   Snapshotting prop: hunger = Float(95.0603725) (Variant type: FLOAT)
[GdPAI | debug]   Snapshotting prop: at_target = Nil (Variant type: NIL)
WARNING: [GdPAI] ObjectRef(124621163998): object was freed before callback; returning Nil.
   at: gdplanningai_rust::logger::process_logs (src\logger.rs:66)
   GDScript backtrace (most recent call first):
       [0] _start_plan_and_wait (res://test/integration/test_campfire_example_smoke.gd:57)
WARNING: [GdPAI] ObjectRef(124587609564): object was freed before callback; returning Nil.
   at: gdplanningai_rust::logger::process_logs (src\logger.rs:66)
   GDScript backtrace (most recent call first):
       [0] _start_plan_and_wait (res://test/integration/test_campfire_example_smoke.gd:57)
WARNING: [GdPAI] ObjectRef(124587609564): object was freed before callback; returning Nil.
   at: gdplanningai_rust::logger::process_logs (src\logger.rs:66)
   GDScript backtrace (most recent call first):
       [0] _start_plan_and_wait (res://test/integration/test_campfire_example_smoke.gd:57)
[GdPAI | debug] ApplyEffect [Before] ID=InstanceId(-9223368857119333247): agent props = {"held_item": "", "at_target": null, "hunger": 70.0627442063492, "entity": null}
[GdPAI | debug] ApplyEffect [After] ID=InstanceId(-9223368857119333247): agent props = {"held_item": "", "at_target": null, "hunger": 70.0627442063492, "entity": null}
[GdPAI | debug]   Snapshotting prop: held_item = Str("") (Variant type: STRING)
[GdPAI | debug]   Snapshotting prop: at_target = Nil (Variant type: NIL)
[GdPAI | debug]   Snapshotting prop: hunger = Float(70.0627442063492) (Variant type: FLOAT)
[GdPAI | debug]   Snapshotting prop: entity = Nil (Variant type: NIL)
WARNING: [GdPAI] ObjectRef(1382643928884): object was freed before callback; returning Nil.
   at: gdplanningai_rust::logger::process_logs (src\logger.rs:66)
   GDScript backtrace (most recent call first):
       [0] _start_plan_and_wait (res://test/integration/test_campfire_example_smoke.gd:57)
WARNING: [GdPAI] ObjectRef(1383046581817): object was freed before callback; returning Nil.
   at: gdplanningai_rust::logger::process_logs (src\logger.rs:66)
   GDScript backtrace (most recent call first):
       [0] _start_plan_and_wait (res://test/integration/test_campfire_example_smoke.gd:57)
WARNING: [GdPAI] ObjectRef(1383046581817): object was freed before callback; returning Nil.
   at: gdplanningai_rust::logger::process_logs (src\logger.rs:66)
   GDScript backtrace (most recent call first):
       [0] _start_plan_and_wait (res://test/integration/test_campfire_example_smoke.gd:57)
[GdPAI | debug] GetCost: callable returned non-numeric value: null; returning INFINITY
WARNING: [GdPAI] ObjectRef(124621163998): object was freed before callback; returning Nil.
   at: gdplanningai_rust::logger::process_logs (src\logger.rs:66)
   GDScript backtrace (most recent call first):
       [0] _process (res://addons/GdPlanningAI/gdpai_autoload.gd:21)
[GdPAI | debug] GetCost: callable returned non-numeric value: null; returning INFINITY
WARNING: [GdPAI] ObjectRef(1382643928884): object was freed before callback; returning Nil.
   at: gdplanningai_rust::logger::process_logs (src\logger.rs:66)
   GDScript backtrace (most recent call first):
       [0] _process (res://addons/GdPlanningAI/gdpai_autoload.gd:21)
WARNING: [GdPAI] ObjectRef(1383046581817): object was freed before callback; returning Nil.
   at: gdplanningai_rust::logger::process_logs (src\logger.rs:66)
   GDScript backtrace (most recent call first):
       [0] _process (res://addons/GdPlanningAI/gdpai_autoload.gd:21)
WARNING: [GdPAI] ObjectRef(1383046581817): object was freed before callback; returning Nil.
   at: gdplanningai_rust::logger::process_logs (src\logger.rs:66)
   GDScript backtrace (most recent call first):
       [0] _process (res://addons/GdPlanningAI/gdpai_autoload.gd:21)
[GdPAI | debug] ApplyEffect [Before] ID=InstanceId(-9223368855089290137): agent props = {"held_item": "", "at_target": null, "entity": null, "hunger": 95.0603725}
[GdPAI | debug] ApplyEffect [After] ID=InstanceId(-9223368855089290137): agent props = {"held_item": "", "at_target": null, "entity": null, "hunger": 95.0603725}
[GdPAI | debug]   Snapshotting prop: held_item = Str("") (Variant type: STRING)
[GdPAI | debug]   Snapshotting prop: at_target = Nil (Variant type: NIL)
[GdPAI | debug]   Snapshotting prop: entity = Nil (Variant type: NIL)
[GdPAI | debug]   Snapshotting prop: hunger = Float(95.0603725) (Variant type: FLOAT)
WARNING: [GdPAI] ObjectRef(124621163998): object was freed before callback; returning Nil.
   at: gdplanningai_rust::logger::process_logs (src\logger.rs:66)
   GDScript backtrace (most recent call first):
       [0] _start_plan_and_wait (res://test/integration/test_campfire_example_smoke.gd:57)
[GdPAI | debug] ApplyEffect [Before] ID=InstanceId(-9223368854317538130): agent props = {"held_item": "wood", "entity": null, "at_target": null, "hunger": 70.0627442063492}
[GdPAI | debug] ApplyEffect [After] ID=InstanceId(-9223368854317538130): agent props = {"held_item": "wood", "entity": null, "at_target": null, "hunger": 70.0627442063492}
[GdPAI | debug]   Snapshotting prop: held_item = Str("wood") (Variant type: STRING)
[GdPAI | debug]   Snapshotting prop: entity = Nil (Variant type: NIL)
[GdPAI | debug]   Snapshotting prop: at_target = Nil (Variant type: NIL)
[GdPAI | debug]   Snapshotting prop: hunger = Float(70.0627442063492) (Variant type: FLOAT)
WARNING: [GdPAI] ObjectRef(1382643928884): object was freed before callback; returning Nil.
   at: gdplanningai_rust::logger::process_logs (src\logger.rs:66)
   GDScript backtrace (most recent call first):
       [0] _start_plan_and_wait (res://test/integration/test_campfire_example_smoke.gd:57)
WARNING: [GdPAI] ObjectRef(1382157389614): object was freed before callback; returning Nil.
   at: gdplanningai_rust::logger::process_logs (src\logger.rs:66)
   GDScript backtrace (most recent call first):
       [0] _start_plan_and_wait (res://test/integration/test_campfire_example_smoke.gd:57)
WARNING: [GdPAI] ObjectRef(1382157389614): object was freed before callback; returning Nil.
   at: gdplanningai_rust::logger::process_logs (src\logger.rs:66)
   GDScript backtrace (most recent call first):
       [0] _start_plan_and_wait (res://test/integration/test_campfire_example_smoke.gd:57)
[GdPAI | debug] GetCost: callable returned non-numeric value: null; returning INFINITY
WARNING: [GdPAI] ObjectRef(124621163998): object was freed before callback; returning Nil.
   at: gdplanningai_rust::logger::process_logs (src\logger.rs:66)
   GDScript backtrace (most recent call first):
       [0] _process (res://addons/GdPlanningAI/gdpai_autoload.gd:21)
WARNING: [GdPAI] ObjectRef(125510356497): object was freed before callback; returning Nil.
   at: gdplanningai_rust::logger::process_logs (src\logger.rs:66)
   GDScript backtrace (most recent call first):
       [0] _process (res://addons/GdPlanningAI/gdpai_autoload.gd:21)
WARNING: [GdPAI] ObjectRef(125510356497): object was freed before callback; returning Nil.
   at: gdplanningai_rust::logger::process_logs (src\logger.rs:66)
   GDScript backtrace (most recent call first):
       [0] _process (res://addons/GdPlanningAI/gdpai_autoload.gd:21)
[GdPAI | debug] GetCost: callable returned non-numeric value: null; returning INFINITY
WARNING: [GdPAI] ObjectRef(1382643928884): object was freed before callback; returning Nil.
   at: gdplanningai_rust::logger::process_logs (src\logger.rs:66)
   GDScript backtrace (most recent call first):
       [0] _process (res://addons/GdPlanningAI/gdpai_autoload.gd:21)
WARNING: [GdPAI] ObjectRef(1382157389614): object was freed before callback; returning Nil.
   at: gdplanningai_rust::logger::process_logs (src\logger.rs:66)
   GDScript backtrace (most recent call first):
       [0] _process (res://addons/GdPlanningAI/gdpai_autoload.gd:21)
WARNING: [GdPAI] ObjectRef(1382157389614): object was freed before callback; returning Nil.
   at: gdplanningai_rust::logger::process_logs (src\logger.rs:66)
   GDScript backtrace (most recent call first):
       [0] _process (res://addons/GdPlanningAI/gdpai_autoload.gd:21)
[GdPAI | debug] ApplyEffect [Before] ID=InstanceId(-9223368852388158329): agent props = {"hunger": 95.0603725, "held_item": "", "at_target": null, "entity": null}
[GdPAI | debug] ApplyEffect [After] ID=InstanceId(-9223368852388158329): agent props = {"hunger": 95.0603725, "held_item": "", "at_target": null, "entity": null}
[GdPAI | debug]   Snapshotting prop: hunger = Float(95.0603725) (Variant type: FLOAT)
[GdPAI | debug]   Snapshotting prop: held_item = Str("") (Variant type: STRING)
[GdPAI | debug]   Snapshotting prop: at_target = Nil (Variant type: NIL)
[GdPAI | debug]   Snapshotting prop: entity = Nil (Variant type: NIL)
WARNING: [GdPAI] ObjectRef(124621163998): object was freed before callback; returning Nil.
   at: gdplanningai_rust::logger::process_logs (src\logger.rs:66)
   GDScript backtrace (most recent call first):
       [0] _start_plan_and_wait (res://test/integration/test_campfire_example_smoke.gd:57)
WARNING: [GdPAI] ObjectRef(125510356497): object was freed before callback; returning Nil.
   at: gdplanningai_rust::logger::process_logs (src\logger.rs:66)
   GDScript backtrace (most recent call first):
       [0] _start_plan_and_wait (res://test/integration/test_campfire_example_smoke.gd:57)
WARNING: [GdPAI] ObjectRef(125510356497): object was freed before callback; returning Nil.
   at: gdplanningai_rust::logger::process_logs (src\logger.rs:66)
   GDScript backtrace (most recent call first):
       [0] _start_plan_and_wait (res://test/integration/test_campfire_example_smoke.gd:57)
[GdPAI | debug] ApplyEffect [Before] ID=InstanceId(-9223368851515743033): agent props = {"at_target": null, "entity": null, "held_item": "wood", "hunger": 70.0627442063492}
[GdPAI | debug] ApplyEffect [After] ID=InstanceId(-9223368851515743033): agent props = {"at_target": null, "entity": null, "held_item": "wood", "hunger": 70.0627442063492}
[GdPAI | debug]   Snapshotting prop: at_target = Nil (Variant type: NIL)
[GdPAI | debug]   Snapshotting prop: entity = Nil (Variant type: NIL)
[GdPAI | debug]   Snapshotting prop: held_item = Str("wood") (Variant type: STRING)
[GdPAI | debug]   Snapshotting prop: hunger = Float(70.0627442063492) (Variant type: FLOAT)
WARNING: [GdPAI] ObjectRef(1382643928884): object was freed before callback; returning Nil.
   at: gdplanningai_rust::logger::process_logs (src\logger.rs:66)
   GDScript backtrace (most recent call first):
       [0] _start_plan_and_wait (res://test/integration/test_campfire_example_smoke.gd:57)
WARNING: [GdPAI] ObjectRef(1382157389614): object was freed before callback; returning Nil.
   at: gdplanningai_rust::logger::process_logs (src\logger.rs:66)
   GDScript backtrace (most recent call first):
       [0] _start_plan_and_wait (res://test/integration/test_campfire_example_smoke.gd:57)
WARNING: [GdPAI] ObjectRef(1382157389614): object was freed before callback; returning Nil.
   at: gdplanningai_rust::logger::process_logs (src\logger.rs:66)
   GDScript backtrace (most recent call first):
       [0] _start_plan_and_wait (res://test/integration/test_campfire_example_smoke.gd:57)
[GdPAI | debug] GetCost: callable returned non-numeric value: null; returning INFINITY
WARNING: [GdPAI] ObjectRef(124621163998): object was freed before callback; returning Nil.
   at: gdplanningai_rust::logger::process_logs (src\logger.rs:66)
   GDScript backtrace (most recent call first):
       [0] _process (res://addons/GdPlanningAI/gdpai_autoload.gd:21)
WARNING: [GdPAI] ObjectRef(124134624705): object was freed before callback; returning Nil.
   at: gdplanningai_rust::logger::process_logs (src\logger.rs:66)
   GDScript backtrace (most recent call first):
       [0] _process (res://addons/GdPlanningAI/gdpai_autoload.gd:21)
WARNING: [GdPAI] ObjectRef(124134624705): object was freed before callback; returning Nil.
   at: gdplanningai_rust::logger::process_logs (src\logger.rs:66)
   GDScript backtrace (most recent call first):
       [0] _process (res://addons/GdPlanningAI/gdpai_autoload.gd:21)
[GdPAI | debug] GetCost: callable returned non-numeric value: null; returning INFINITY
WARNING: [GdPAI] ObjectRef(1382643928884): object was freed before callback; returning Nil.
   at: gdplanningai_rust::logger::process_logs (src\logger.rs:66)
   GDScript backtrace (most recent call first):
       [0] _process (res://addons/GdPlanningAI/gdpai_autoload.gd:21)
WARNING: [GdPAI] ObjectRef(1382157389614): object was freed before callback; returning Nil.
   at: gdplanningai_rust::logger::process_logs (src\logger.rs:66)
   GDScript backtrace (most recent call first):
       [0] _process (res://addons/GdPlanningAI/gdpai_autoload.gd:21)
WARNING: [GdPAI] ObjectRef(1382157389614): object was freed before callback; returning Nil.
   at: gdplanningai_rust::logger::process_logs (src\logger.rs:66)
   GDScript backtrace (most recent call first):
       [0] _process (res://addons/GdPlanningAI/gdpai_autoload.gd:21)
[GdPAI | debug] ApplyEffect [Before] ID=InstanceId(-9223368849485699952): agent props = {"hunger": 95.0603725, "at_target": null, "held_item": "", "entity": null}
[GdPAI | debug] ApplyEffect [After] ID=InstanceId(-9223368849485699952): agent props = {"hunger": 95.0603725, "at_target": null, "held_item": "", "entity": null}
[GdPAI | debug]   Snapshotting prop: hunger = Float(95.0603725) (Variant type: FLOAT)
[GdPAI | debug]   Snapshotting prop: at_target = Nil (Variant type: NIL)
[GdPAI | debug]   Snapshotting prop: held_item = Str("") (Variant type: STRING)
[GdPAI | debug]   Snapshotting prop: entity = Nil (Variant type: NIL)
WARNING: [GdPAI] ObjectRef(124621163998): object was freed before callback; returning Nil.
   at: gdplanningai_rust::logger::process_logs (src\logger.rs:66)
   GDScript backtrace (most recent call first):
       [0] _start_plan_and_wait (res://test/integration/test_campfire_example_smoke.gd:57)
WARNING: [GdPAI] ObjectRef(124134624705): object was freed before callback; returning Nil.
   at: gdplanningai_rust::logger::process_logs (src\logger.rs:66)
   GDScript backtrace (most recent call first):
       [0] _start_plan_and_wait (res://test/integration/test_campfire_example_smoke.gd:57)
WARNING: [GdPAI] ObjectRef(124134624705): object was freed before callback; returning Nil.
   at: gdplanningai_rust::logger::process_logs (src\logger.rs:66)
   GDScript backtrace (most recent call first):
       [0] _start_plan_and_wait (res://test/integration/test_campfire_example_smoke.gd:57)
[GdPAI | debug] ApplyEffect [Before] ID=InstanceId(-9223368848613284637): agent props = {"held_item": "wood", "hunger": 70.0627442063492, "at_target": null, "entity": null}
[GdPAI | debug] ApplyEffect [After] ID=InstanceId(-9223368848613284637): agent props = {"held_item": "wood", "hunger": 70.0627442063492, "at_target": null, "entity": null}
[GdPAI | debug]   Snapshotting prop: held_item = Str("wood") (Variant type: STRING)
[GdPAI | debug]   Snapshotting prop: hunger = Float(70.0627442063492) (Variant type: FLOAT)
[GdPAI | debug]   Snapshotting prop: at_target = Nil (Variant type: NIL)
[GdPAI | debug]   Snapshotting prop: entity = Nil (Variant type: NIL)
WARNING: [GdPAI] ObjectRef(1382643928884): object was freed before callback; returning Nil.
   at: gdplanningai_rust::logger::process_logs (src\logger.rs:66)
   GDScript backtrace (most recent call first):
       [0] _start_plan_and_wait (res://test/integration/test_campfire_example_smoke.gd:57)
[GdPAI | debug] GetCost: callable returned non-numeric value: null; returning INFINITY
WARNING: [GdPAI] ObjectRef(124621163998): object was freed before callback; returning Nil.
   at: gdplanningai_rust::logger::process_logs (src\logger.rs:66)
   GDScript backtrace (most recent call first):
       [0] _process (res://addons/GdPlanningAI/gdpai_autoload.gd:21)
[GdPAI | debug] GetCost: callable returned non-numeric value: null; returning INFINITY
WARNING: [GdPAI] ObjectRef(1382643928884): object was freed before callback; returning Nil.
   at: gdplanningai_rust::logger::process_logs (src\logger.rs:66)
   GDScript backtrace (most recent call first):
       [0] _process (res://addons/GdPlanningAI/gdpai_autoload.gd:21)
[GdPAI | debug] ApplyEffect [Before] ID=InstanceId(-9223368846683904831): agent props = {"held_item": "wood", "entity": null, "hunger": 95.0603725, "at_target": null}
[GdPAI | debug] ApplyEffect [After] ID=InstanceId(-9223368846683904831): agent props = {"held_item": "wood", "entity": null, "hunger": 95.0603725, "at_target": null}
[GdPAI | debug]   Snapshotting prop: held_item = Str("wood") (Variant type: STRING)
[GdPAI | debug]   Snapshotting prop: entity = Nil (Variant type: NIL)
[GdPAI | debug]   Snapshotting prop: hunger = Float(95.0603725) (Variant type: FLOAT)
[GdPAI | debug]   Snapshotting prop: at_target = Nil (Variant type: NIL)
WARNING: [GdPAI] ObjectRef(124621163998): object was freed before callback; returning Nil.
   at: gdplanningai_rust::logger::process_logs (src\logger.rs:66)
   GDScript backtrace (most recent call first):
       [0] _start_plan_and_wait (res://test/integration/test_campfire_example_smoke.gd:57)
[GdPAI | debug] ApplyEffect [Before] ID=InstanceId(-9223368846012816147): agent props = {"hunger": 70.0627442063492, "entity": null, "held_item": "wood", "at_target": null}
[GdPAI | debug] ApplyEffect [After] ID=InstanceId(-9223368846012816147): agent props = {"hunger": 70.0627442063492, "entity": null, "held_item": "wood", "at_target": null}
[GdPAI | debug]   Snapshotting prop: hunger = Float(70.0627442063492) (Variant type: FLOAT)
[GdPAI | debug]   Snapshotting prop: entity = Nil (Variant type: NIL)
[GdPAI | debug]   Snapshotting prop: held_item = Str("wood") (Variant type: STRING)
[GdPAI | debug]   Snapshotting prop: at_target = Nil (Variant type: NIL)
WARNING: [GdPAI] ObjectRef(1382643928884): object was freed before callback; returning Nil.
   at: gdplanningai_rust::logger::process_logs (src\logger.rs:66)
   GDScript backtrace (most recent call first):
       [0] _start_plan_and_wait (res://test/integration/test_campfire_example_smoke.gd:57)
WARNING: [GdPAI] ObjectRef(1382643928884): object was freed before callback; returning Nil.
   at: gdplanningai_rust::logger::process_logs (src\logger.rs:66)
   GDScript backtrace (most recent call first):
       [0] _start_plan_and_wait (res://test/integration/test_campfire_example_smoke.gd:57)
[GdPAI | debug] GetCost: callable returned non-numeric value: null; returning INFINITY
WARNING: [GdPAI] ObjectRef(124621163998): object was freed before callback; returning Nil.
   at: gdplanningai_rust::logger::process_logs (src\logger.rs:66)
   GDScript backtrace (most recent call first):
       [0] _process (res://addons/GdPlanningAI/gdpai_autoload.gd:21)
WARNING: [GdPAI] ObjectRef(124621163998): object was freed before callback; returning Nil.
   at: gdplanningai_rust::logger::process_logs (src\logger.rs:66)
   GDScript backtrace (most recent call first):
       [0] _process (res://addons/GdPlanningAI/gdpai_autoload.gd:21)
[GdPAI | debug] GetCost: callable returned non-numeric value: null; returning INFINITY
WARNING: [GdPAI] ObjectRef(1382643928884): object was freed before callback; returning Nil.
   at: gdplanningai_rust::logger::process_logs (src\logger.rs:66)
   GDScript backtrace (most recent call first):
       [0] _process (res://addons/GdPlanningAI/gdpai_autoload.gd:21)
WARNING: [GdPAI] ObjectRef(1382643928884): object was freed before callback; returning Nil.
   at: gdplanningai_rust::logger::process_logs (src\logger.rs:66)
   GDScript backtrace (most recent call first):
       [0] _process (res://addons/GdPlanningAI/gdpai_autoload.gd:21)
[GdPAI | debug] ApplyEffect [Before] ID=InstanceId(-9223368844133767941): agent props = {"hunger": 95.0603725, "held_item": "", "entity": null}
[GdPAI | debug] ApplyEffect [After] ID=InstanceId(-9223368844133767941): agent props = {"hunger": 95.0603725, "held_item": "", "entity": null}
[GdPAI | debug]   Snapshotting prop: hunger = Float(95.0603725) (Variant type: FLOAT)
[GdPAI | debug]   Snapshotting prop: held_item = Str("") (Variant type: STRING)
[GdPAI | debug]   Snapshotting prop: entity = Nil (Variant type: NIL)
WARNING: [GdPAI] ObjectRef(124621163998): object was freed before callback; returning Nil.
   at: gdplanningai_rust::logger::process_logs (src\logger.rs:66)
   GDScript backtrace (most recent call first):
       [0] _start_plan_and_wait (res://test/integration/test_campfire_example_smoke.gd:57)
WARNING: [GdPAI] ObjectRef(124621163998): object was freed before callback; returning Nil.
   at: gdplanningai_rust::logger::process_logs (src\logger.rs:66)
   GDScript backtrace (most recent call first):
       [0] _start_plan_and_wait (res://test/integration/test_campfire_example_smoke.gd:57)
[GdPAI | debug] ApplyEffect [Before] ID=InstanceId(-9223368843362015981): agent props = {"entity": null, "held_item": "", "hunger": 70.0627442063492}
[GdPAI | debug] ApplyEffect [After] ID=InstanceId(-9223368843362015981): agent props = {"entity": null, "held_item": "", "hunger": 70.0627442063492}
[GdPAI | debug]   Snapshotting prop: entity = Nil (Variant type: NIL)
[GdPAI | debug]   Snapshotting prop: held_item = Str("") (Variant type: STRING)
[GdPAI | debug]   Snapshotting prop: hunger = Float(70.0627442063492) (Variant type: FLOAT)
WARNING: [GdPAI] ObjectRef(1382643928884): object was freed before callback; returning Nil.
   at: gdplanningai_rust::logger::process_logs (src\logger.rs:66)
   GDScript backtrace (most recent call first):
       [0] _start_plan_and_wait (res://test/integration/test_campfire_example_smoke.gd:57)
[GdPAI | debug] GetCost: callable returned non-numeric value: null; returning INFINITY
WARNING: [GdPAI] ObjectRef(124621163998): object was freed before callback; returning Nil.
   at: gdplanningai_rust::logger::process_logs (src\logger.rs:66)
   GDScript backtrace (most recent call first):
       [0] _process (res://addons/GdPlanningAI/gdpai_autoload.gd:21)
[GdPAI | debug] GetCost: callable returned non-numeric value: null; returning INFINITY
WARNING: [GdPAI] ObjectRef(1382643928884): object was freed before callback; returning Nil.
   at: gdplanningai_rust::logger::process_logs (src\logger.rs:66)
   GDScript backtrace (most recent call first):
       [0] _process (res://addons/GdPlanningAI/gdpai_autoload.gd:21)
[GdPAI | debug] ApplyEffect [Before] ID=InstanceId(-9223368841482967822): agent props = {"held_item": "", "entity": null, "hunger": 95.0603725}
[GdPAI | debug] ApplyEffect [After] ID=InstanceId(-9223368841482967822): agent props = {"held_item": "", "entity": null, "hunger": 95.0603725}
[GdPAI | debug]   Snapshotting prop: held_item = Str("") (Variant type: STRING)
[GdPAI | debug]   Snapshotting prop: entity = Nil (Variant type: NIL)
[GdPAI | debug]   Snapshotting prop: hunger = Float(95.0603725) (Variant type: FLOAT)
WARNING: [GdPAI] ObjectRef(124621163998): object was freed before callback; returning Nil.
   at: gdplanningai_rust::logger::process_logs (src\logger.rs:66)
   GDScript backtrace (most recent call first):
       [0] _start_plan_and_wait (res://test/integration/test_campfire_example_smoke.gd:57)
[GdPAI | debug] ApplyEffect [Before] ID=InstanceId(-9223368840811879131): agent props = {"held_item": "", "hunger": 70.0627442063492, "entity": null}
[GdPAI | debug] ApplyEffect [After] ID=InstanceId(-9223368840811879131): agent props = {"held_item": "", "hunger": 70.0627442063492, "entity": null}
[GdPAI | debug]   Snapshotting prop: held_item = Str("") (Variant type: STRING)
[GdPAI | debug]   Snapshotting prop: hunger = Float(70.0627442063492) (Variant type: FLOAT)
[GdPAI | debug]   Snapshotting prop: entity = Nil (Variant type: NIL)
WARNING: [GdPAI] ObjectRef(1382643928884): object was freed before callback; returning Nil.
   at: gdplanningai_rust::logger::process_logs (src\logger.rs:66)
   GDScript backtrace (most recent call first):
       [0] _start_plan_and_wait (res://test/integration/test_campfire_example_smoke.gd:57)
WARNING: [GdPAI] ObjectRef(1382157389614): object was freed before callback; returning Nil.
   at: gdplanningai_rust::logger::process_logs (src\logger.rs:66)
   GDScript backtrace (most recent call first):
       [0] _start_plan_and_wait (res://test/integration/test_campfire_example_smoke.gd:57)
WARNING: [GdPAI] ObjectRef(1382157389614): object was freed before callback; returning Nil.
   at: gdplanningai_rust::logger::process_logs (src\logger.rs:66)
   GDScript backtrace (most recent call first):
       [0] _start_plan_and_wait (res://test/integration/test_campfire_example_smoke.gd:57)
[GdPAI | debug] GetCost: callable returned non-numeric value: null; returning INFINITY
WARNING: [GdPAI] ObjectRef(124621163998): object was freed before callback; returning Nil.
   at: gdplanningai_rust::logger::process_logs (src\logger.rs:66)
   GDScript backtrace (most recent call first):
       [0] _process (res://addons/GdPlanningAI/gdpai_autoload.gd:21)
[GdPAI | debug] GetCost: callable returned non-numeric value: null; returning INFINITY
WARNING: [GdPAI] ObjectRef(1382643928884): object was freed before callback; returning Nil.
   at: gdplanningai_rust::logger::process_logs (src\logger.rs:66)
   GDScript backtrace (most recent call first):
       [0] _process (res://addons/GdPlanningAI/gdpai_autoload.gd:21)
WARNING: [GdPAI] ObjectRef(1382157389614): object was freed before callback; returning Nil.
   at: gdplanningai_rust::logger::process_logs (src\logger.rs:66)
   GDScript backtrace (most recent call first):
       [0] _process (res://addons/GdPlanningAI/gdpai_autoload.gd:21)
WARNING: [GdPAI] ObjectRef(1382157389614): object was freed before callback; returning Nil.
   at: gdplanningai_rust::logger::process_logs (src\logger.rs:66)
   GDScript backtrace (most recent call first):
       [0] _process (res://addons/GdPlanningAI/gdpai_autoload.gd:21)
[GdPAI | debug] ApplyEffect [Before] ID=InstanceId(-9223368838882499324): agent props = {"hunger": 95.0603725, "at_target": null, "entity": null, "held_item": ""}
[GdPAI | debug] ApplyEffect [After] ID=InstanceId(-9223368838882499324): agent props = {"hunger": 95.0603725, "at_target": null, "entity": null, "held_item": ""}
[GdPAI | debug]   Snapshotting prop: hunger = Float(95.0603725) (Variant type: FLOAT)
[GdPAI | debug]   Snapshotting prop: at_target = Nil (Variant type: NIL)
[GdPAI | debug]   Snapshotting prop: entity = Nil (Variant type: NIL)
[GdPAI | debug]   Snapshotting prop: held_item = Str("") (Variant type: STRING)
WARNING: [GdPAI] ObjectRef(124621163998): object was freed before callback; returning Nil.
   at: gdplanningai_rust::logger::process_logs (src\logger.rs:66)
   GDScript backtrace (most recent call first):
       [0] _start_plan_and_wait (res://test/integration/test_campfire_example_smoke.gd:57)
[GdPAI | debug] ApplyEffect [Before] ID=InstanceId(-9223368838110747381): agent props = {"entity": null, "hunger": 70.0627442063492, "held_item": "wood"}
[GdPAI | debug] ApplyEffect [After] ID=InstanceId(-9223368838110747381): agent props = {"entity": null, "hunger": 70.0627442063492, "held_item": "wood"}
[GdPAI | debug]   Snapshotting prop: entity = Nil (Variant type: NIL)
[GdPAI | debug]   Snapshotting prop: hunger = Float(70.0627442063492) (Variant type: FLOAT)
[GdPAI | debug]   Snapshotting prop: held_item = Str("wood") (Variant type: STRING)
WARNING: [GdPAI] ObjectRef(1382643928884): object was freed before callback; returning Nil.
   at: gdplanningai_rust::logger::process_logs (src\logger.rs:66)
   GDScript backtrace (most recent call first):
       [0] _start_plan_and_wait (res://test/integration/test_campfire_example_smoke.gd:57)
WARNING: [GdPAI] ObjectRef(1382157389614): object was freed before callback; returning Nil.
   at: gdplanningai_rust::logger::process_logs (src\logger.rs:66)
   GDScript backtrace (most recent call first):
       [0] _start_plan_and_wait (res://test/integration/test_campfire_example_smoke.gd:57)
WARNING: [GdPAI] ObjectRef(1382157389614): object was freed before callback; returning Nil.
   at: gdplanningai_rust::logger::process_logs (src\logger.rs:66)
   GDScript backtrace (most recent call first):
       [0] _start_plan_and_wait (res://test/integration/test_campfire_example_smoke.gd:57)
[GdPAI | debug] GetCost: callable returned non-numeric value: null; returning INFINITY
WARNING: [GdPAI] ObjectRef(124621163998): object was freed before callback; returning Nil.
   at: gdplanningai_rust::logger::process_logs (src\logger.rs:66)
   GDScript backtrace (most recent call first):
       [0] _process (res://addons/GdPlanningAI/gdpai_autoload.gd:21)
[GdPAI | debug] GetCost: callable returned non-numeric value: null; returning INFINITY
WARNING: [GdPAI] ObjectRef(1382643928884): object was freed before callback; returning Nil.
   at: gdplanningai_rust::logger::process_logs (src\logger.rs:66)
   GDScript backtrace (most recent call first):
       [0] _process (res://addons/GdPlanningAI/gdpai_autoload.gd:21)
WARNING: [GdPAI] ObjectRef(1382157389614): object was freed before callback; returning Nil.
   at: gdplanningai_rust::logger::process_logs (src\logger.rs:66)
   GDScript backtrace (most recent call first):
       [0] _process (res://addons/GdPlanningAI/gdpai_autoload.gd:21)
WARNING: [GdPAI] ObjectRef(1382157389614): object was freed before callback; returning Nil.
   at: gdplanningai_rust::logger::process_logs (src\logger.rs:66)
   GDScript backtrace (most recent call first):
       [0] _process (res://addons/GdPlanningAI/gdpai_autoload.gd:21)
[GdPAI | debug] ApplyEffect [Before] ID=InstanceId(-9223368836181367507): agent props = {"at_target": null, "entity": null, "held_item": "", "hunger": 95.0603725}
[GdPAI | debug] ApplyEffect [After] ID=InstanceId(-9223368836181367507): agent props = {"at_target": null, "entity": null, "held_item": "", "hunger": 95.0603725}
[GdPAI | debug]   Snapshotting prop: at_target = Nil (Variant type: NIL)
[GdPAI | debug]   Snapshotting prop: entity = Nil (Variant type: NIL)
[GdPAI | debug]   Snapshotting prop: held_item = Str("") (Variant type: STRING)
[GdPAI | debug]   Snapshotting prop: hunger = Float(95.0603725) (Variant type: FLOAT)
WARNING: [GdPAI] ObjectRef(124621163998): object was freed before callback; returning Nil.
   at: gdplanningai_rust::logger::process_logs (src\logger.rs:66)
   GDScript backtrace (most recent call first):
       [0] _start_plan_and_wait (res://test/integration/test_campfire_example_smoke.gd:57)
[GdPAI | debug] ApplyEffect [Before] ID=InstanceId(-9223368835409615563): agent props = {"entity": null, "held_item": "wood", "hunger": 70.0627442063492}
[GdPAI | debug] ApplyEffect [After] ID=InstanceId(-9223368835409615563): agent props = {"entity": null, "held_item": "wood", "hunger": 70.0627442063492}
[GdPAI | debug]   Snapshotting prop: entity = Nil (Variant type: NIL)
[GdPAI | debug]   Snapshotting prop: held_item = Str("wood") (Variant type: STRING)
[GdPAI | debug]   Snapshotting prop: hunger = Float(70.0627442063492) (Variant type: FLOAT)
WARNING: [GdPAI] ObjectRef(1382643928884): object was freed before callback; returning Nil.
   at: gdplanningai_rust::logger::process_logs (src\logger.rs:66)
   GDScript backtrace (most recent call first):
       [0] _start_plan_and_wait (res://test/integration/test_campfire_example_smoke.gd:57)
[GdPAI | debug] GetCost: callable returned non-numeric value: null; returning INFINITY
WARNING: [GdPAI] ObjectRef(124621163998): object was freed before callback; returning Nil.
   at: gdplanningai_rust::logger::process_logs (src\logger.rs:66)
   GDScript backtrace (most recent call first):
       [0] _process (res://addons/GdPlanningAI/gdpai_autoload.gd:21)
[GdPAI | debug] GetCost: callable returned non-numeric value: null; returning INFINITY
WARNING: [GdPAI] ObjectRef(1382643928884): object was freed before callback; returning Nil.
   at: gdplanningai_rust::logger::process_logs (src\logger.rs:66)
   GDScript backtrace (most recent call first):
       [0] _process (res://addons/GdPlanningAI/gdpai_autoload.gd:21)
[GdPAI | debug] ApplyEffect [Before] ID=InstanceId(-9223368833580899021): agent props = {"entity": null, "held_item": "wood", "hunger": 95.0603725, "at_target": null}
[GdPAI | debug] ApplyEffect [After] ID=InstanceId(-9223368833580899021): agent props = {"entity": null, "held_item": "wood", "hunger": 95.0603725, "at_target": null}
[GdPAI | debug]   Snapshotting prop: entity = Nil (Variant type: NIL)
[GdPAI | debug]   Snapshotting prop: held_item = Str("wood") (Variant type: STRING)
[GdPAI | debug]   Snapshotting prop: hunger = Float(95.0603725) (Variant type: FLOAT)
[GdPAI | debug]   Snapshotting prop: at_target = Nil (Variant type: NIL)
[GdPAI | debug] Numeric comparison: 95.0603725 GreaterThan 0 -> true
WARNING: [GdPAI] ObjectRef(124621163998): object was freed before callback; returning Nil.
   at: gdplanningai_rust::logger::process_logs (src\logger.rs:66)
   GDScript backtrace (most recent call first):
       [0] _start_plan_and_wait (res://test/integration/test_campfire_example_smoke.gd:57)
[GdPAI | debug] ApplyEffect [Before] ID=InstanceId(-9223368832909810349): agent props = {"entity": null, "hunger": 70.0627442063492, "held_item": "wood"}
[GdPAI | debug] ApplyEffect [After] ID=InstanceId(-9223368832909810349): agent props = {"entity": null, "hunger": 70.0627442063492, "held_item": "wood"}
[GdPAI | debug]   Snapshotting prop: entity = Nil (Variant type: NIL)
[GdPAI | debug]   Snapshotting prop: hunger = Float(70.0627442063492) (Variant type: FLOAT)
[GdPAI | debug]   Snapshotting prop: held_item = Str("wood") (Variant type: STRING)
WARNING: [GdPAI] ObjectRef(1382643928884): object was freed before callback; returning Nil.
   at: gdplanningai_rust::logger::process_logs (src\logger.rs:66)
   GDScript backtrace (most recent call first):
       [0] _start_plan_and_wait (res://test/integration/test_campfire_example_smoke.gd:57)
WARNING: [GdPAI] ObjectRef(1382643928884): object was freed before callback; returning Nil.
   at: gdplanningai_rust::logger::process_logs (src\logger.rs:66)
   GDScript backtrace (most recent call first):
       [0] _start_plan_and_wait (res://test/integration/test_campfire_example_smoke.gd:57)
WARNING: [GdPAI] ObjectRef(1383046581817): object was freed before callback; returning Nil.
   at: gdplanningai_rust::logger::process_logs (src\logger.rs:66)
   GDScript backtrace (most recent call first):
       [0] _start_plan_and_wait (res://test/integration/test_campfire_example_smoke.gd:57)
WARNING: [GdPAI] ObjectRef(1383046581817): object was freed before callback; returning Nil.
   at: gdplanningai_rust::logger::process_logs (src\logger.rs:66)
   GDScript backtrace (most recent call first):
       [0] _start_plan_and_wait (res://test/integration/test_campfire_example_smoke.gd:57)
[GdPAI | debug] GetCost: callable returned non-numeric value: null; returning INFINITY
WARNING: [GdPAI] ObjectRef(124621163998): object was freed before callback; returning Nil.
   at: gdplanningai_rust::logger::process_logs (src\logger.rs:66)
   GDScript backtrace (most recent call first):
       [0] _process (res://addons/GdPlanningAI/gdpai_autoload.gd:21)
[GdPAI | debug] GetCost: callable returned non-numeric value: null; returning INFINITY
WARNING: [GdPAI] ObjectRef(1382643928884): object was freed before callback; returning Nil.
   at: gdplanningai_rust::logger::process_logs (src\logger.rs:66)
   GDScript backtrace (most recent call first):
       [0] _process (res://addons/GdPlanningAI/gdpai_autoload.gd:21)
WARNING: [GdPAI] ObjectRef(1382643928884): object was freed before callback; returning Nil.
   at: gdplanningai_rust::logger::process_logs (src\logger.rs:66)
   GDScript backtrace (most recent call first):
       [0] _process (res://addons/GdPlanningAI/gdpai_autoload.gd:21)
WARNING: [GdPAI] ObjectRef(1383046581817): object was freed before callback; returning Nil.
   at: gdplanningai_rust::logger::process_logs (src\logger.rs:66)
   GDScript backtrace (most recent call first):
       [0] _process (res://addons/GdPlanningAI/gdpai_autoload.gd:21)
WARNING: [GdPAI] ObjectRef(1383046581817): object was freed before callback; returning Nil.
   at: gdplanningai_rust::logger::process_logs (src\logger.rs:66)
   GDScript backtrace (most recent call first):
       [0] _process (res://addons/GdPlanningAI/gdpai_autoload.gd:21)
[GdPAI | debug] ApplyEffect [Before] ID=InstanceId(-9223368830930098857): agent props = {"hunger": 95.0603725, "at_target": null, "held_item": "", "entity": null}
[GdPAI | debug] ApplyEffect [After] ID=InstanceId(-9223368830930098857): agent props = {"hunger": 95.0603725, "at_target": null, "held_item": "", "entity": null}
[GdPAI | debug]   Snapshotting prop: hunger = Float(95.0603725) (Variant type: FLOAT)
[GdPAI | debug]   Snapshotting prop: at_target = Nil (Variant type: NIL)
[GdPAI | debug]   Snapshotting prop: held_item = Str("") (Variant type: STRING)
[GdPAI | debug]   Snapshotting prop: entity = Nil (Variant type: NIL)
WARNING: [GdPAI] ObjectRef(124621163998): object was freed before callback; returning Nil.
   at: gdplanningai_rust::logger::process_logs (src\logger.rs:66)
   GDScript backtrace (most recent call first):
       [0] _start_plan_and_wait (res://test/integration/test_campfire_example_smoke.gd:57)
[GdPAI | debug] ApplyEffect [Before] ID=InstanceId(-9223368830108015247): agent props = {"held_item": "wood", "hunger": 70.0627442063492, "entity": null}
[GdPAI | debug] ApplyEffect [After] ID=InstanceId(-9223368830108015247): agent props = {"held_item": "wood", "hunger": 70.0627442063492, "entity": null}
[GdPAI | debug]   Snapshotting prop: held_item = Str("wood") (Variant type: STRING)
[GdPAI | debug]   Snapshotting prop: hunger = Float(70.0627442063492) (Variant type: FLOAT)
[GdPAI | debug]   Snapshotting prop: entity = Nil (Variant type: NIL)
WARNING: [GdPAI] ObjectRef(1382643928884): object was freed before callback; returning Nil.
   at: gdplanningai_rust::logger::process_logs (src\logger.rs:66)
   GDScript backtrace (most recent call first):
       [0] _start_plan_and_wait (res://test/integration/test_campfire_example_smoke.gd:57)
WARNING: [GdPAI] ObjectRef(1383046581817): object was freed before callback; returning Nil.
   at: gdplanningai_rust::logger::process_logs (src\logger.rs:66)
   GDScript backtrace (most recent call first):
       [0] _start_plan_and_wait (res://test/integration/test_campfire_example_smoke.gd:57)
WARNING: [GdPAI] ObjectRef(1383046581817): object was freed before callback; returning Nil.
   at: gdplanningai_rust::logger::process_logs (src\logger.rs:66)
   GDScript backtrace (most recent call first):
       [0] _start_plan_and_wait (res://test/integration/test_campfire_example_smoke.gd:57)
[GdPAI | debug] GetCost: callable returned non-numeric value: null; returning INFINITY
[GdPAI | debug] Numeric comparison: 70.0627442063492 GreaterThan 0 -> true
WARNING: [GdPAI] ObjectRef(124621163998): object was freed before callback; returning Nil.
   at: gdplanningai_rust::logger::process_logs (src\logger.rs:66)
   GDScript backtrace (most recent call first):
       [0] _process (res://addons/GdPlanningAI/gdpai_autoload.gd:21)
WARNING: [GdPAI] ObjectRef(124621163998): object was freed before callback; returning Nil.
   at: gdplanningai_rust::logger::process_logs (src\logger.rs:66)
   GDScript backtrace (most recent call first):
       [0] _process (res://addons/GdPlanningAI/gdpai_autoload.gd:21)
WARNING: [GdPAI] ObjectRef(124134624705): object was freed before callback; returning Nil.
   at: gdplanningai_rust::logger::process_logs (src\logger.rs:66)
   GDScript backtrace (most recent call first):
       [0] _process (res://addons/GdPlanningAI/gdpai_autoload.gd:21)
WARNING: [GdPAI] ObjectRef(125510356497): object was freed before callback; returning Nil.
   at: gdplanningai_rust::logger::process_logs (src\logger.rs:66)
   GDScript backtrace (most recent call first):
       [0] _process (res://addons/GdPlanningAI/gdpai_autoload.gd:21)
WARNING: [GdPAI] ObjectRef(124587609564): object was freed before callback; returning Nil.
   at: gdplanningai_rust::logger::process_logs (src\logger.rs:66)
   GDScript backtrace (most recent call first):
       [0] _process (res://addons/GdPlanningAI/gdpai_autoload.gd:21)
WARNING: [GdPAI] ObjectRef(124134624705): object was freed before callback; returning Nil.
   at: gdplanningai_rust::logger::process_logs (src\logger.rs:66)
   GDScript backtrace (most recent call first):
       [0] _process (res://addons/GdPlanningAI/gdpai_autoload.gd:21)
WARNING: [GdPAI] ObjectRef(125510356497): object was freed before callback; returning Nil.
   at: gdplanningai_rust::logger::process_logs (src\logger.rs:66)
   GDScript backtrace (most recent call first):
       [0] _process (res://addons/GdPlanningAI/gdpai_autoload.gd:21)
WARNING: [GdPAI] ObjectRef(124587609564): object was freed before callback; returning Nil.
   at: gdplanningai_rust::logger::process_logs (src\logger.rs:66)
   GDScript backtrace (most recent call first):
       [0] _process (res://addons/GdPlanningAI/gdpai_autoload.gd:21)
[GdPAI | debug] GetCost: callable returned non-numeric value: null; returning INFINITY
WARNING: [GdPAI] ObjectRef(1382643928884): object was freed before callback; returning Nil.
   at: gdplanningai_rust::logger::process_logs (src\logger.rs:66)
   GDScript backtrace (most recent call first):
       [0] _process (res://addons/GdPlanningAI/gdpai_autoload.gd:21)
WARNING: [GdPAI] ObjectRef(1383046581817): object was freed before callback; returning Nil.
   at: gdplanningai_rust::logger::process_logs (src\logger.rs:66)
   GDScript backtrace (most recent call first):
       [0] _process (res://addons/GdPlanningAI/gdpai_autoload.gd:21)
WARNING: [GdPAI] ObjectRef(1383046581817): object was freed before callback; returning Nil.
   at: gdplanningai_rust::logger::process_logs (src\logger.rs:66)
   GDScript backtrace (most recent call first):
       [0] _process (res://addons/GdPlanningAI/gdpai_autoload.gd:21)
[GdPAI | debug] ApplyEffect [Before] ID=InstanceId(-9223368828178635414): agent props = {"at_target": null, "entity": null, "hunger": 95.0603725, "held_item": ""}
[GdPAI | debug] ApplyEffect [After] ID=InstanceId(-9223368828178635414): agent props = {"at_target": null, "entity": null, "hunger": 95.0603725, "held_item": ""}
[GdPAI | debug]   Snapshotting prop: at_target = Nil (Variant type: NIL)
[GdPAI | debug]   Snapshotting prop: entity = Nil (Variant type: NIL)
[GdPAI | debug]   Snapshotting prop: hunger = Float(95.0603725) (Variant type: FLOAT)
[GdPAI | debug]   Snapshotting prop: held_item = Str("") (Variant type: STRING)
WARNING: [GdPAI] ObjectRef(124621163998): object was freed before callback; returning Nil.
   at: gdplanningai_rust::logger::process_logs (src\logger.rs:66)
   GDScript backtrace (most recent call first):
       [0] _start_plan_and_wait (res://test/integration/test_campfire_example_smoke.gd:57)
WARNING: [GdPAI] ObjectRef(124621163998): object was freed before callback; returning Nil.
   at: gdplanningai_rust::logger::process_logs (src\logger.rs:66)
   GDScript backtrace (most recent call first):
       [0] _start_plan_and_wait (res://test/integration/test_campfire_example_smoke.gd:57)
WARNING: [GdPAI] ObjectRef(124134624705): object was freed before callback; returning Nil.
   at: gdplanningai_rust::logger::process_logs (src\logger.rs:66)
   GDScript backtrace (most recent call first):
       [0] _start_plan_and_wait (res://test/integration/test_campfire_example_smoke.gd:57)
WARNING: [GdPAI] ObjectRef(125510356497): object was freed before callback; returning Nil.
   at: gdplanningai_rust::logger::process_logs (src\logger.rs:66)
   GDScript backtrace (most recent call first):
       [0] _start_plan_and_wait (res://test/integration/test_campfire_example_smoke.gd:57)
WARNING: [GdPAI] ObjectRef(124587609564): object was freed before callback; returning Nil.
   at: gdplanningai_rust::logger::process_logs (src\logger.rs:66)
   GDScript backtrace (most recent call first):
       [0] _start_plan_and_wait (res://test/integration/test_campfire_example_smoke.gd:57)
WARNING: [GdPAI] ObjectRef(124134624705): object was freed before callback; returning Nil.
   at: gdplanningai_rust::logger::process_logs (src\logger.rs:66)
   GDScript backtrace (most recent call first):
       [0] _start_plan_and_wait (res://test/integration/test_campfire_example_smoke.gd:57)
WARNING: [GdPAI] ObjectRef(125510356497): object was freed before callback; returning Nil.
   at: gdplanningai_rust::logger::process_logs (src\logger.rs:66)
   GDScript backtrace (most recent call first):
       [0] _start_plan_and_wait (res://test/integration/test_campfire_example_smoke.gd:57)
WARNING: [GdPAI] ObjectRef(124587609564): object was freed before callback; returning Nil.
   at: gdplanningai_rust::logger::process_logs (src\logger.rs:66)
   GDScript backtrace (most recent call first):
       [0] _start_plan_and_wait (res://test/integration/test_campfire_example_smoke.gd:57)
[GdPAI | debug] ApplyEffect [Before] ID=InstanceId(-9223368827054561933): agent props = {"hunger": 70.0627442063492, "entity": null, "at_target": null, "held_item": ""}
[GdPAI | debug] ApplyEffect [After] ID=InstanceId(-9223368827054561933): agent props = {"hunger": 70.0627442063492, "entity": null, "at_target": null, "held_item": ""}
[GdPAI | debug]   Snapshotting prop: hunger = Float(70.0627442063492) (Variant type: FLOAT)
[GdPAI | debug]   Snapshotting prop: entity = Nil (Variant type: NIL)
[GdPAI | debug]   Snapshotting prop: at_target = Nil (Variant type: NIL)
[GdPAI | debug]   Snapshotting prop: held_item = Str("") (Variant type: STRING)
WARNING: [GdPAI] ObjectRef(1382643928884): object was freed before callback; returning Nil.
   at: gdplanningai_rust::logger::process_logs (src\logger.rs:66)
   GDScript backtrace (most recent call first):
       [0] _start_plan_and_wait (res://test/integration/test_campfire_example_smoke.gd:57)
WARNING: [GdPAI] ObjectRef(1382157389614): object was freed before callback; returning Nil.
   at: gdplanningai_rust::logger::process_logs (src\logger.rs:66)
   GDScript backtrace (most recent call first):
       [0] _start_plan_and_wait (res://test/integration/test_campfire_example_smoke.gd:57)
WARNING: [GdPAI] ObjectRef(1382157389614): object was freed before callback; returning Nil.
   at: gdplanningai_rust::logger::process_logs (src\logger.rs:66)
   GDScript backtrace (most recent call first):
       [0] _start_plan_and_wait (res://test/integration/test_campfire_example_smoke.gd:57)
[GdPAI | debug] GetCost: callable returned non-numeric value: null; returning INFINITY
WARNING: [GdPAI] ObjectRef(124621163998): object was freed before callback; returning Nil.
   at: gdplanningai_rust::logger::process_logs (src\logger.rs:66)
   GDScript backtrace (most recent call first):
       [0] _process (res://addons/GdPlanningAI/gdpai_autoload.gd:21)
WARNING: [GdPAI] ObjectRef(124587609564): object was freed before callback; returning Nil.
   at: gdplanningai_rust::logger::process_logs (src\logger.rs:66)
   GDScript backtrace (most recent call first):
       [0] _process (res://addons/GdPlanningAI/gdpai_autoload.gd:21)
WARNING: [GdPAI] ObjectRef(124587609564): object was freed before callback; returning Nil.
   at: gdplanningai_rust::logger::process_logs (src\logger.rs:66)
   GDScript backtrace (most recent call first):
       [0] _process (res://addons/GdPlanningAI/gdpai_autoload.gd:21)
[GdPAI | debug] GetCost: callable returned non-numeric value: null; returning INFINITY
WARNING: [GdPAI] ObjectRef(1382643928884): object was freed before callback; returning Nil.
   at: gdplanningai_rust::logger::process_logs (src\logger.rs:66)
   GDScript backtrace (most recent call first):
       [0] _process (res://addons/GdPlanningAI/gdpai_autoload.gd:21)
WARNING: [GdPAI] ObjectRef(1382157389614): object was freed before callback; returning Nil.
   at: gdplanningai_rust::logger::process_logs (src\logger.rs:66)
   GDScript backtrace (most recent call first):
       [0] _process (res://addons/GdPlanningAI/gdpai_autoload.gd:21)
WARNING: [GdPAI] ObjectRef(1382157389614): object was freed before callback; returning Nil.
   at: gdplanningai_rust::logger::process_logs (src\logger.rs:66)
   GDScript backtrace (most recent call first):
       [0] _process (res://addons/GdPlanningAI/gdpai_autoload.gd:21)
[GdPAI | debug] ApplyEffect [Before] ID=InstanceId(-9223368824772860547): agent props = {"at_target": null, "hunger": 95.0603725, "entity": null, "held_item": ""}
[GdPAI | debug] ApplyEffect [After] ID=InstanceId(-9223368824772860547): agent props = {"at_target": null, "hunger": 95.0603725, "entity": null, "held_item": ""}
[GdPAI | debug]   Snapshotting prop: at_target = Nil (Variant type: NIL)
[GdPAI | debug]   Snapshotting prop: hunger = Float(95.0603725) (Variant type: FLOAT)
[GdPAI | debug]   Snapshotting prop: entity = Nil (Variant type: NIL)
[GdPAI | debug]   Snapshotting prop: held_item = Str("") (Variant type: STRING)
WARNING: [GdPAI] ObjectRef(124621163998): object was freed before callback; returning Nil.
   at: gdplanningai_rust::logger::process_logs (src\logger.rs:66)
   GDScript backtrace (most recent call first):
       [0] _start_plan_and_wait (res://test/integration/test_campfire_example_smoke.gd:57)
WARNING: [GdPAI] ObjectRef(124587609564): object was freed before callback; returning Nil.
   at: gdplanningai_rust::logger::process_logs (src\logger.rs:66)
   GDScript backtrace (most recent call first):
       [0] _start_plan_and_wait (res://test/integration/test_campfire_example_smoke.gd:57)
WARNING: [GdPAI] ObjectRef(124587609564): object was freed before callback; returning Nil.
   at: gdplanningai_rust::logger::process_logs (src\logger.rs:66)
   GDScript backtrace (most recent call first):
       [0] _start_plan_and_wait (res://test/integration/test_campfire_example_smoke.gd:57)
[GdPAI | debug] ApplyEffect [Before] ID=InstanceId(-9223368823900445233): agent props = {"entity": null, "held_item": "", "at_target": null, "hunger": 70.0627442063492}
[GdPAI | debug] ApplyEffect [After] ID=InstanceId(-9223368823900445233): agent props = {"entity": null, "held_item": "", "at_target": null, "hunger": 70.0627442063492}
[GdPAI | debug]   Snapshotting prop: entity = Nil (Variant type: NIL)
[GdPAI | debug]   Snapshotting prop: held_item = Str("") (Variant type: STRING)
[GdPAI | debug]   Snapshotting prop: at_target = Nil (Variant type: NIL)
[GdPAI | debug]   Snapshotting prop: hunger = Float(70.0627442063492) (Variant type: FLOAT)
WARNING: [GdPAI] ObjectRef(1382643928884): object was freed before callback; returning Nil.
   at: gdplanningai_rust::logger::process_logs (src\logger.rs:66)
   GDScript backtrace (most recent call first):
       [0] _start_plan_and_wait (res://test/integration/test_campfire_example_smoke.gd:57)
WARNING: [GdPAI] ObjectRef(1382157389614): object was freed before callback; returning Nil.
   at: gdplanningai_rust::logger::process_logs (src\logger.rs:66)
   GDScript backtrace (most recent call first):
       [0] _start_plan_and_wait (res://test/integration/test_campfire_example_smoke.gd:57)
WARNING: [GdPAI] ObjectRef(1382157389614): object was freed before callback; returning Nil.
   at: gdplanningai_rust::logger::process_logs (src\logger.rs:66)
   GDScript backtrace (most recent call first):
       [0] _start_plan_and_wait (res://test/integration/test_campfire_example_smoke.gd:57)
[GdPAI | debug] GetCost: callable returned non-numeric value: null; returning INFINITY
WARNING: [GdPAI] ObjectRef(124621163998): object was freed before callback; returning Nil.
   at: gdplanningai_rust::logger::process_logs (src\logger.rs:66)
   GDScript backtrace (most recent call first):
       [0] _process (res://addons/GdPlanningAI/gdpai_autoload.gd:21)
[GdPAI | debug] GetCost: callable returned non-numeric value: null; returning INFINITY
WARNING: [GdPAI] ObjectRef(1382643928884): object was freed before callback; returning Nil.
   at: gdplanningai_rust::logger::process_logs (src\logger.rs:66)
   GDScript backtrace (most recent call first):
       [0] _process (res://addons/GdPlanningAI/gdpai_autoload.gd:21)
WARNING: [GdPAI] ObjectRef(1382157389614): object was freed before callback; returning Nil.
   at: gdplanningai_rust::logger::process_logs (src\logger.rs:66)
   GDScript backtrace (most recent call first):
       [0] _process (res://addons/GdPlanningAI/gdpai_autoload.gd:21)
WARNING: [GdPAI] ObjectRef(1382157389614): object was freed before callback; returning Nil.
   at: gdplanningai_rust::logger::process_logs (src\logger.rs:66)
   GDScript backtrace (most recent call first):
       [0] _process (res://addons/GdPlanningAI/gdpai_autoload.gd:21)
[GdPAI | debug] ApplyEffect [Before] ID=InstanceId(-9223368821870402126): agent props = {"entity": null, "at_target": null, "hunger": 95.0603725, "held_item": ""}
[GdPAI | debug] ApplyEffect [After] ID=InstanceId(-9223368821870402126): agent props = {"entity": null, "at_target": null, "hunger": 95.0603725, "held_item": ""}
[GdPAI | debug]   Snapshotting prop: entity = Nil (Variant type: NIL)
[GdPAI | debug]   Snapshotting prop: at_target = Nil (Variant type: NIL)
[GdPAI | debug]   Snapshotting prop: hunger = Float(95.0603725) (Variant type: FLOAT)
[GdPAI | debug]   Snapshotting prop: held_item = Str("") (Variant type: STRING)
[31m    [Failed]:  [0mTimed out waiting for submitted agent plan
      at line -1
[32m    [Passed]:  [0mShould not plan Add Fuel when fire is full, got: 
[31m    [Failed]:  [0mUnexpected Errors:
    [1] <engine-1>[GdPAI] ObjectRef(124621163998): object was freed before callback; returning Nil.
    [2] <engine-1>[GdPAI] ObjectRef(124621163998): object was freed before callback; returning Nil.
    [3] <engine-1>[GdPAI] ObjectRef(1382643928884): object was freed before callback; returning Nil.
    [4] <engine-1>[GdPAI] ObjectRef(1382643928884): object was freed before callback; returning Nil.
    [5] <engine-1>[GdPAI] ObjectRef(124621163998): object was freed before callback; returning Nil.
    [6] <engine-1>[GdPAI] ObjectRef(124621163998): object was freed before callback; returning Nil.
    [7] <engine-1>[GdPAI] ObjectRef(1382643928884): object was freed before callback; returning Nil.
    [8] <engine-1>[GdPAI] ObjectRef(1382643928884): object was freed before callback; returning Nil.
    [9] <engine-1>[GdPAI] ObjectRef(124621163998): object was freed before callback; returning Nil.
    [10] <engine-1>[GdPAI] ObjectRef(124621163998): object was freed before callback; returning Nil.
    [11] <engine-1>[GdPAI] ObjectRef(1382643928884): object was freed before callback; returning Nil.
    [12] <engine-1>[GdPAI] ObjectRef(1382643928884): object was freed before callback; returning Nil.
    [13] <engine-1>[GdPAI] ObjectRef(124621163998): object was freed before callback; returning Nil.
    [14] <engine-1>[GdPAI] ObjectRef(124621163998): object was freed before callback; returning Nil.
    [15] <engine-1>[GdPAI] ObjectRef(1382643928884): object was freed before callback; returning Nil.
    [16] <engine-1>[GdPAI] ObjectRef(1382643928884): object was freed before callback; returning Nil.
    [17] <engine-1>[GdPAI] ObjectRef(124621163998): object was freed before callback; returning Nil.
    [18] <engine-1>[GdPAI] ObjectRef(124621163998): object was freed before callback; returning Nil.
    [19] <engine-1>[GdPAI] ObjectRef(1382643928884): object was freed before callback; returning Nil.
    [20] <engine-1>[GdPAI] ObjectRef(1382643928884): object was freed before callback; returning Nil.
    [21] <engine-1>[GdPAI] ObjectRef(124621163998): object was freed before callback; returning Nil.
    [22] <engine-1>[GdPAI] ObjectRef(124621163998): object was freed before callback; returning Nil.
    [23] <engine-1>[GdPAI] ObjectRef(1382643928884): object was freed before callback; returning Nil.
    [24] <engine-1>[GdPAI] ObjectRef(1382643928884): object was freed before callback; returning Nil.
    [25] <engine-1>[GdPAI] ObjectRef(124621163998): object was freed before callback; returning Nil.
    [26] <engine-1>[GdPAI] ObjectRef(124621163998): object was freed before callback; returning Nil.
    [27] <engine-1>[GdPAI] ObjectRef(1382643928884): object was freed before callback; returning Nil.
    [28] <engine-1>[GdPAI] ObjectRef(1382643928884): object was freed before callback; returning Nil.
    [29] <engine-1>[GdPAI] ObjectRef(124621163998): object was freed before callback; returning Nil.
    [30] <engine-1>[GdPAI] ObjectRef(124621163998): object was freed before callback; returning Nil.
    [31] <engine-1>[GdPAI] ObjectRef(1382643928884): object was freed before callback; returning Nil.
    [32] <engine-1>[GdPAI] ObjectRef(1382643928884): object was freed before callback; returning Nil.
    [33] <engine-1>[GdPAI] ObjectRef(124621163998): object was freed before callback; returning Nil.
    [34] <engine-1>[GdPAI] ObjectRef(124621163998): object was freed before callback; returning Nil.
    [35] <engine-1>[GdPAI] ObjectRef(123983629752): object was freed before callback; returning Nil.
    [36] <engine-1>[GdPAI] ObjectRef(124587609564): object was freed before callback; returning Nil.
    [37] <engine-1>[GdPAI] ObjectRef(123983629752): object was freed before callback; returning Nil.
    [38] <engine-1>[GdPAI] ObjectRef(124587609564): object was freed before callback; returning Nil.
    [39] <engine-1>[GdPAI] ObjectRef(1382643928884): object was freed before callback; returning Nil.
    [40] <engine-1>[GdPAI] ObjectRef(1382643928884): object was freed before callback; returning Nil.
    [41] <engine-1>[GdPAI] ObjectRef(124621163998): object was freed before callback; returning Nil.
    [42] <engine-1>[GdPAI] ObjectRef(124621163998): object was freed before callback; returning Nil.
    [43] <engine-1>[GdPAI] ObjectRef(123983629752): object was freed before callback; returning Nil.
    [44] <engine-1>[GdPAI] ObjectRef(124587609564): object was freed before callback; returning Nil.
    [45] <engine-1>[GdPAI] ObjectRef(123983629752): object was freed before callback; returning Nil.
    [46] <engine-1>[GdPAI] ObjectRef(124587609564): object was freed before callback; returning Nil.
    [47] <engine-1>[GdPAI] ObjectRef(1382643928884): object was freed before callback; returning Nil.
    [48] <engine-1>[GdPAI] ObjectRef(1382643928884): object was freed before callback; returning Nil.
    [49] <engine-1>[GdPAI] ObjectRef(1382459379475): object was freed before callback; returning Nil.
    [50] <engine-1>[GdPAI] ObjectRef(1382459379475): object was freed before callback; returning Nil.
    [51] <engine-1>[GdPAI] ObjectRef(124621163998): object was freed before callback; returning Nil.
    [52] <engine-1>[GdPAI] ObjectRef(124587609564): object was freed before callback; returning Nil.
    [53] <engine-1>[GdPAI] ObjectRef(124587609564): object was freed before callback; returning Nil.
    [54] <engine-1>[GdPAI] ObjectRef(1382643928884): object was freed before callback; returning Nil.
    [55] <engine-1>[GdPAI] ObjectRef(1382643928884): object was freed before callback; returning Nil.
    [56] <engine-1>[GdPAI] ObjectRef(1382459379475): object was freed before callback; returning Nil.
    [57] <engine-1>[GdPAI] ObjectRef(1382459379475): object was freed before callback; returning Nil.
    [58] <engine-1>[GdPAI] ObjectRef(124621163998): object was freed before callback; returning Nil.
    [59] <engine-1>[GdPAI] ObjectRef(124587609564): object was freed before callback; returning Nil.
    [60] <engine-1>[GdPAI] ObjectRef(124587609564): object was freed before callback; returning Nil.
    [61] <engine-1>[GdPAI] ObjectRef(1382643928884): object was freed before callback; returning Nil.
    [62] <engine-1>[GdPAI] ObjectRef(1382459379475): object was freed before callback; returning Nil.
    [63] <engine-1>[GdPAI] ObjectRef(1382459379475): object was freed before callback; returning Nil.
    [64] <engine-1>[GdPAI] ObjectRef(124621163998): object was freed before callback; returning Nil.
    [65] <engine-1>[GdPAI] ObjectRef(123983629752): object was freed before callback; returning Nil.
    [66] <engine-1>[GdPAI] ObjectRef(123983629752): object was freed before callback; returning Nil.
    [67] <engine-1>[GdPAI] ObjectRef(1382643928884): object was freed before callback; returning Nil.
    [68] <engine-1>[GdPAI] ObjectRef(1382459379475): object was freed before callback; returning Nil.
    [69] <engine-1>[GdPAI] ObjectRef(1382459379475): object was freed before callback; returning Nil.
    [70] <engine-1>[GdPAI] ObjectRef(124621163998): object was freed before callback; returning Nil.
    [71] <engine-1>[GdPAI] ObjectRef(123983629752): object was freed before callback; returning Nil.
    [72] <engine-1>[GdPAI] ObjectRef(123983629752): object was freed before callback; returning Nil.
    [73] <engine-1>[GdPAI] ObjectRef(1382643928884): object was freed before callback; returning Nil.
    [74] <engine-1>[GdPAI] ObjectRef(124621163998): object was freed before callback; returning Nil.
    [75] <engine-1>[GdPAI] ObjectRef(124134624705): object was freed before callback; returning Nil.
    [76] <engine-1>[GdPAI] ObjectRef(124134624705): object was freed before callback; returning Nil.
    [77] <engine-1>[GdPAI] ObjectRef(1382643928884): object was freed before callback; returning Nil.
    [78] <engine-1>[GdPAI] ObjectRef(124621163998): object was freed before callback; returning Nil.
    [79] <engine-1>[GdPAI] ObjectRef(124134624705): object was freed before callback; returning Nil.
    [80] <engine-1>[GdPAI] ObjectRef(124134624705): object was freed before callback; returning Nil.
    [81] <engine-1>[GdPAI] ObjectRef(1382643928884): object was freed before callback; returning Nil.
    [82] <engine-1>[GdPAI] ObjectRef(1382643928884): object was freed before callback; returning Nil.
    [83] <engine-1>[GdPAI] ObjectRef(1382459379475): object was freed before callback; returning Nil.
    [84] <engine-1>[GdPAI] ObjectRef(1382459379475): object was freed before callback; returning Nil.
    [85] <engine-1>[GdPAI] ObjectRef(124621163998): object was freed before callback; returning Nil.
    [86] <engine-1>[GdPAI] ObjectRef(124134624705): object was freed before callback; returning Nil.
    [87] <engine-1>[GdPAI] ObjectRef(124134624705): object was freed before callback; returning Nil.
    [88] <engine-1>[GdPAI] ObjectRef(1382643928884): object was freed before callback; returning Nil.
    [89] <engine-1>[GdPAI] ObjectRef(1382643928884): object was freed before callback; returning Nil.
    [90] <engine-1>[GdPAI] ObjectRef(1382459379475): object was freed before callback; returning Nil.
    [91] <engine-1>[GdPAI] ObjectRef(1382459379475): object was freed before callback; returning Nil.
    [92] <engine-1>[GdPAI] ObjectRef(124621163998): object was freed before callback; returning Nil.
    [93] <engine-1>[GdPAI] ObjectRef(124134624705): object was freed before callback; returning Nil.
    [94] <engine-1>[GdPAI] ObjectRef(124134624705): object was freed before callback; returning Nil.
    [95] <engine-1>[GdPAI] ObjectRef(1382643928884): object was freed before callback; returning Nil.
    [96] <engine-1>[GdPAI] ObjectRef(1382459379475): object was freed before callback; returning Nil.
    [97] <engine-1>[GdPAI] ObjectRef(1382459379475): object was freed before callback; returning Nil.
    [98] <engine-1>[GdPAI] ObjectRef(124621163998): object was freed before callback; returning Nil.
    [99] <engine-1>[GdPAI] ObjectRef(1382643928884): object was freed before callback; returning Nil.
    [100] <engine-1>[GdPAI] ObjectRef(1382459379475): object was freed before callback; returning Nil.
    [101] <engine-1>[GdPAI] ObjectRef(1382459379475): object was freed before callback; returning Nil.
    [102] <engine-1>[GdPAI] ObjectRef(124621163998): object was freed before callback; returning Nil.
    [103] <engine-1>[GdPAI] ObjectRef(1382643928884): object was freed before callback; returning Nil.
    [104] <engine-1>[GdPAI] ObjectRef(124621163998): object was freed before callback; returning Nil.
    [105] <engine-1>[GdPAI] ObjectRef(124621163998): object was freed before callback; returning Nil.
    [106] <engine-1>[GdPAI] ObjectRef(123983629752): object was freed before callback; returning Nil.
    [107] <engine-1>[GdPAI] ObjectRef(124587609564): object was freed before callback; returning Nil.
    [108] <engine-1>[GdPAI] ObjectRef(123983629752): object was freed before callback; returning Nil.
    [109] <engine-1>[GdPAI] ObjectRef(124587609564): object was freed before callback; returning Nil.
    [110] <engine-1>[GdPAI] ObjectRef(1382643928884): object was freed before callback; returning Nil.
    [111] <engine-1>[GdPAI] ObjectRef(124621163998): object was freed before callback; returning Nil.
    [112] <engine-1>[GdPAI] ObjectRef(124621163998): object was freed before callback; returning Nil.
    [113] <engine-1>[GdPAI] ObjectRef(123983629752): object was freed before callback; returning Nil.
    [114] <engine-1>[GdPAI] ObjectRef(124587609564): object was freed before callback; returning Nil.
    [115] <engine-1>[GdPAI] ObjectRef(123983629752): object was freed before callback; returning Nil.
    [116] <engine-1>[GdPAI] ObjectRef(124587609564): object was freed before callback; returning Nil.
    [117] <engine-1>[GdPAI] ObjectRef(1382643928884): object was freed before callback; returning Nil.
    [118] <engine-1>[GdPAI] ObjectRef(1382643928884): object was freed before callback; returning Nil.
    [119] <engine-1>[GdPAI] ObjectRef(124621163998): object was freed before callback; returning Nil.
    [120] <engine-1>[GdPAI] ObjectRef(124587609564): object was freed before callback; returning Nil.
    [121] <engine-1>[GdPAI] ObjectRef(124587609564): object was freed before callback; returning Nil.
    [122] <engine-1>[GdPAI] ObjectRef(1382643928884): object was freed before callback; returning Nil.
    [123] <engine-1>[GdPAI] ObjectRef(1382643928884): object was freed before callback; returning Nil.
    [124] <engine-1>[GdPAI] ObjectRef(124621163998): object was freed before callback; returning Nil.
    [125] <engine-1>[GdPAI] ObjectRef(124587609564): object was freed before callback; returning Nil.
    [126] <engine-1>[GdPAI] ObjectRef(124587609564): object was freed before callback; returning Nil.
    [127] <engine-1>[GdPAI] ObjectRef(1382643928884): object was freed before callback; returning Nil.
    [128] <engine-1>[GdPAI] ObjectRef(1382643928884): object was freed before callback; returning Nil.
    [129] <engine-1>[GdPAI] ObjectRef(124621163998): object was freed before callback; returning Nil.
    [130] <engine-1>[GdPAI] ObjectRef(123983629752): object was freed before callback; returning Nil.
    [131] <engine-1>[GdPAI] ObjectRef(123983629752): object was freed before callback; returning Nil.
    [132] <engine-1>[GdPAI] ObjectRef(1382643928884): object was freed before callback; returning Nil.
    [133] <engine-1>[GdPAI] ObjectRef(1382643928884): object was freed before callback; returning Nil.
    [134] <engine-1>[GdPAI] ObjectRef(124621163998): object was freed before callback; returning Nil.
    [135] <engine-1>[GdPAI] ObjectRef(123983629752): object was freed before callback; returning Nil.
    [136] <engine-1>[GdPAI] ObjectRef(123983629752): object was freed before callback; returning Nil.
    [137] <engine-1>[GdPAI] ObjectRef(1382643928884): object was freed before callback; returning Nil.
    [138] <engine-1>[GdPAI] ObjectRef(1382643928884): object was freed before callback; returning Nil.
    [139] <engine-1>[GdPAI] ObjectRef(124621163998): object was freed before callback; returning Nil.
    [140] <engine-1>[GdPAI] ObjectRef(124134624705): object was freed before callback; returning Nil.
    [141] <engine-1>[GdPAI] ObjectRef(124134624705): object was freed before callback; returning Nil.
    [142] <engine-1>[GdPAI] ObjectRef(1382643928884): object was freed before callback; returning Nil.
    [143] <engine-1>[GdPAI] ObjectRef(1382643928884): object was freed before callback; returning Nil.
    [144] <engine-1>[GdPAI] ObjectRef(124621163998): object was freed before callback; returning Nil.
    [145] <engine-1>[GdPAI] ObjectRef(124134624705): object was freed before callback; returning Nil.
    [146] <engine-1>[GdPAI] ObjectRef(124134624705): object was freed before callback; returning Nil.
    [147] <engine-1>[GdPAI] ObjectRef(1382643928884): object was freed before callback; returning Nil.
    [148] <engine-1>[GdPAI] ObjectRef(1382643928884): object was freed before callback; returning Nil.
    [149] <engine-1>[GdPAI] ObjectRef(124621163998): object was freed before callback; returning Nil.
    [150] <engine-1>[GdPAI] ObjectRef(124134624705): object was freed before callback; returning Nil.
    [151] <engine-1>[GdPAI] ObjectRef(124134624705): object was freed before callback; returning Nil.
    [152] <engine-1>[GdPAI] ObjectRef(1382643928884): object was freed before callback; returning Nil.
    [153] <engine-1>[GdPAI] ObjectRef(1382643928884): object was freed before callback; returning Nil.
    [154] <engine-1>[GdPAI] ObjectRef(124621163998): object was freed before callback; returning Nil.
    [155] <engine-1>[GdPAI] ObjectRef(124134624705): object was freed before callback; returning Nil.
    [156] <engine-1>[GdPAI] ObjectRef(124134624705): object was freed before callback; returning Nil.
    [157] <engine-1>[GdPAI] ObjectRef(1382643928884): object was freed before callback; returning Nil.
    [158] <engine-1>[GdPAI] ObjectRef(1382643928884): object was freed before callback; returning Nil.
    [159] <engine-1>[GdPAI] ObjectRef(124621163998): object was freed before callback; returning Nil.
    [160] <engine-1>[GdPAI] ObjectRef(1382643928884): object was freed before callback; returning Nil.
    [161] <engine-1>[GdPAI] ObjectRef(1382643928884): object was freed before callback; returning Nil.
    [162] <engine-1>[GdPAI] ObjectRef(124621163998): object was freed before callback; returning Nil.
    [163] <engine-1>[GdPAI] ObjectRef(1382643928884): object was freed before callback; returning Nil.
    [164] <engine-1>[GdPAI] ObjectRef(1382643928884): object was freed before callback; returning Nil.
    [165] <engine-1>[GdPAI] ObjectRef(124621163998): object was freed before callback; returning Nil.
    [166] <engine-1>[GdPAI] ObjectRef(124621163998): object was freed before callback; returning Nil.
    [167] <engine-1>[GdPAI] ObjectRef(1382643928884): object was freed before callback; returning Nil.
    [168] <engine-1>[GdPAI] ObjectRef(1382643928884): object was freed before callback; returning Nil.
    [169] <engine-1>[GdPAI] ObjectRef(124621163998): object was freed before callback; returning Nil.
    [170] <engine-1>[GdPAI] ObjectRef(124621163998): object was freed before callback; returning Nil.
    [171] <engine-1>[GdPAI] ObjectRef(1382643928884): object was freed before callback; returning Nil.
    [172] <engine-1>[GdPAI] ObjectRef(1382643928884): object was freed before callback; returning Nil.
    [173] <engine-1>[GdPAI] ObjectRef(124621163998): object was freed before callback; returning Nil.
    [174] <engine-1>[GdPAI] ObjectRef(124621163998): object was freed before callback; returning Nil.
    [175] <engine-1>[GdPAI] ObjectRef(1382643928884): object was freed before callback; returning Nil.
    [176] <engine-1>[GdPAI] ObjectRef(1382643928884): object was freed before callback; returning Nil.
    [177] <engine-1>[GdPAI] ObjectRef(124621163998): object was freed before callback; returning Nil.
    [178] <engine-1>[GdPAI] ObjectRef(124621163998): object was freed before callback; returning Nil.
    [179] <engine-1>[GdPAI] ObjectRef(1382643928884): object was freed before callback; returning Nil.
    [180] <engine-1>[GdPAI] ObjectRef(1382643928884): object was freed before callback; returning Nil.
    [181] <engine-1>[GdPAI] ObjectRef(124621163998): object was freed before callback; returning Nil.
    [182] <engine-1>[GdPAI] ObjectRef(124621163998): object was freed before callback; returning Nil.
    [183] <engine-1>[GdPAI] ObjectRef(1382643928884): object was freed before callback; returning Nil.
    [184] <engine-1>[GdPAI] ObjectRef(1382643928884): object was freed before callback; returning Nil.
    [185] <engine-1>[GdPAI] ObjectRef(124621163998): object was freed before callback; returning Nil.
    [186] <engine-1>[GdPAI] ObjectRef(124621163998): object was freed before callback; returning Nil.
    [187] <engine-1>[GdPAI] ObjectRef(1382643928884): object was freed before callback; returning Nil.
    [188] <engine-1>[GdPAI] ObjectRef(1382643928884): object was freed before callback; returning Nil.
    [189] <engine-1>[GdPAI] ObjectRef(124621163998): object was freed before callback; returning Nil.
    [190] <engine-1>[GdPAI] ObjectRef(124621163998): object was freed before callback; returning Nil.
    [191] <engine-1>[GdPAI] ObjectRef(1382643928884): object was freed before callback; returning Nil.
    [192] <engine-1>[GdPAI] ObjectRef(1382643928884): object was freed before callback; returning Nil.
    [193] <engine-1>[GdPAI] ObjectRef(124621163998): object was freed before callback; returning Nil.
    [194] <engine-1>[GdPAI] ObjectRef(124621163998): object was freed before callback; returning Nil.
    [195] <engine-1>[GdPAI] ObjectRef(1382643928884): object was freed before callback; returning Nil.
    [196] <engine-1>[GdPAI] ObjectRef(1382643928884): object was freed before callback; returning Nil.
    [197] <engine-1>[GdPAI] ObjectRef(124621163998): object was freed before callback; returning Nil.
    [198] <engine-1>[GdPAI] ObjectRef(124621163998): object was freed before callback; returning Nil.
    [199] <engine-1>[GdPAI] ObjectRef(1382643928884): object was freed before callback; returning Nil.
    [200] <engine-1>[GdPAI] ObjectRef(1382643928884): object was freed before callback; returning Nil.
    [201] <engine-1>[GdPAI] ObjectRef(124621163998): object was freed before callback; returning Nil.
    [202] <engine-1>[GdPAI] ObjectRef(124621163998): object was freed before callback; returning Nil.
    [203] <engine-1>[GdPAI] ObjectRef(1382643928884): object was freed before callback; returning Nil.
    [204] <engine-1>[GdPAI] ObjectRef(1382643928884): object was freed before callback; returning Nil.
    [205] <engine-1>[GdPAI] ObjectRef(124621163998): object was freed before callback; returning Nil.
    [206] <engine-1>[GdPAI] ObjectRef(124621163998): object was freed before callback; returning Nil.
    [207] <engine-1>[GdPAI] ObjectRef(1382643928884): object was freed before callback; returning Nil.
    [208] <engine-1>[GdPAI] ObjectRef(1382643928884): object was freed before callback; returning Nil.
    [209] <engine-1>[GdPAI] ObjectRef(124621163998): object was freed before callback; returning Nil.
    [210] <engine-1>[GdPAI] ObjectRef(124621163998): object was freed before callback; returning Nil.
    [211] <engine-1>[GdPAI] ObjectRef(1382643928884): object was freed before callback; returning Nil.
    [212] <engine-1>[GdPAI] ObjectRef(1382643928884): object was freed before callback; returning Nil.
    [213] <engine-1>[GdPAI] ObjectRef(124621163998): object was freed before callback; returning Nil.
    [214] <engine-1>[GdPAI] ObjectRef(124621163998): object was freed before callback; returning Nil.
    [215] <engine-1>[GdPAI] ObjectRef(1382643928884): object was freed before callback; returning Nil.
    [216] <engine-1>[GdPAI] ObjectRef(1382643928884): object was freed before callback; returning Nil.
    [217] <engine-1>[GdPAI] ObjectRef(124621163998): object was freed before callback; returning Nil.
    [218] <engine-1>[GdPAI] ObjectRef(124621163998): object was freed before callback; returning Nil.
    [219] <engine-1>[GdPAI] ObjectRef(1382643928884): object was freed before callback; returning Nil.
    [220] <engine-1>[GdPAI] ObjectRef(1382643928884): object was freed before callback; returning Nil.
    [221] <engine-1>[GdPAI] ObjectRef(124621163998): object was freed before callback; returning Nil.
    [222] <engine-1>[GdPAI] ObjectRef(124621163998): object was freed before callback; returning Nil.
    [223] <engine-1>[GdPAI] ObjectRef(1382643928884): object was freed before callback; returning Nil.
    [224] <engine-1>[GdPAI] ObjectRef(1382643928884): object was freed before callback; returning Nil.
    [225] <engine-1>[GdPAI] ObjectRef(124621163998): object was freed before callback; returning Nil.
    [226] <engine-1>[GdPAI] ObjectRef(124621163998): object was freed before callback; returning Nil.
    [227] <engine-1>[GdPAI] ObjectRef(1382643928884): object was freed before callback; returning Nil.
    [228] <engine-1>[GdPAI] ObjectRef(1382643928884): object was freed before callback; returning Nil.
    [229] <engine-1>[GdPAI] ObjectRef(124621163998): object was freed before callback; returning Nil.
    [230] <engine-1>[GdPAI] ObjectRef(124621163998): object was freed before callback; returning Nil.
    [231] <engine-1>[GdPAI] ObjectRef(1382643928884): object was freed before callback; returning Nil.
    [232] <engine-1>[GdPAI] ObjectRef(1382643928884): object was freed before callback; returning Nil.
    [233] <engine-1>[GdPAI] ObjectRef(124621163998): object was freed before callback; returning Nil.
    [234] <engine-1>[GdPAI] ObjectRef(124621163998): object was freed before callback; returning Nil.
    [235] <engine-1>[GdPAI] ObjectRef(1382643928884): object was freed before callback; returning Nil.
    [236] <engine-1>[GdPAI] ObjectRef(1382643928884): object was freed before callback; returning Nil.
    [237] <engine-1>[GdPAI] ObjectRef(124621163998): object was freed before callback; returning Nil.
    [238] <engine-1>[GdPAI] ObjectRef(124621163998): object was freed before callback; returning Nil.
    [239] <engine-1>[GdPAI] ObjectRef(1382643928884): object was freed before callback; returning Nil.
    [240] <engine-1>[GdPAI] ObjectRef(1382643928884): object was freed before callback; returning Nil.
    [241] <engine-1>[GdPAI] ObjectRef(124621163998): object was freed before callback; returning Nil.
    [242] <engine-1>[GdPAI] ObjectRef(124621163998): object was freed before callback; returning Nil.
    [243] <engine-1>[GdPAI] ObjectRef(1382643928884): object was freed before callback; returning Nil.
    [244] <engine-1>[GdPAI] ObjectRef(1382643928884): object was freed before callback; returning Nil.
    [245] <engine-1>[GdPAI] ObjectRef(124621163998): object was freed before callback; returning Nil.
    [246] <engine-1>[GdPAI] ObjectRef(124621163998): object was freed before callback; returning Nil.
    [247] <engine-1>[GdPAI] ObjectRef(1382643928884): object was freed before callback; returning Nil.
    [248] <engine-1>[GdPAI] ObjectRef(1382643928884): object was freed before callback; returning Nil.
    [249] <engine-1>[GdPAI] ObjectRef(124621163998): object was freed before callback; returning Nil.
    [250] <engine-1>[GdPAI] ObjectRef(124621163998): object was freed before callback; returning Nil.
    [251] <engine-1>[GdPAI] ObjectRef(1382643928884): object was freed before callback; returning Nil.
    [252] <engine-1>[GdPAI] ObjectRef(1382643928884): object was freed before callback; returning Nil.
    [253] <engine-1>[GdPAI] ObjectRef(124621163998): object was freed before callback; returning Nil.
    [254] <engine-1>[GdPAI] ObjectRef(124621163998): object was freed before callback; returning Nil.
    [255] <engine-1>[GdPAI] ObjectRef(1382643928884): object was freed before callback; returning Nil.
    [256] <engine-1>[GdPAI] ObjectRef(1382643928884): object was freed before callback; returning Nil.
    [257] <engine-1>[GdPAI] ObjectRef(124621163998): object was freed before callback; returning Nil.
    [258] <engine-1>[GdPAI] ObjectRef(124621163998): object was freed before callback; returning Nil.
    [259] <engine-1>[GdPAI] ObjectRef(1382643928884): object was freed before callback; returning Nil.
    [260] <engine-1>[GdPAI] ObjectRef(1382643928884): object was freed before callback; returning Nil.
    [261] <engine-1>[GdPAI] ObjectRef(124621163998): object was freed before callback; returning Nil.
    [262] <engine-1>[GdPAI] ObjectRef(124621163998): object was freed before callback; returning Nil.
    [263] <engine-1>[GdPAI] ObjectRef(1382643928884): object was freed before callback; returning Nil.
    [264] <engine-1>[GdPAI] ObjectRef(1382643928884): object was freed before callback; returning Nil.
    [265] <engine-1>[GdPAI] ObjectRef(124621163998): object was freed before callback; returning Nil.
    [266] <engine-1>[GdPAI] ObjectRef(124621163998): object was freed before callback; returning Nil.
    [267] <engine-1>[GdPAI] ObjectRef(1382643928884): object was freed before callback; returning Nil.
    [268] <engine-1>[GdPAI] ObjectRef(1382643928884): object was freed before callback; returning Nil.
    [269] <engine-1>[GdPAI] ObjectRef(124621163998): object was freed before callback; returning Nil.
    [270] <engine-1>[GdPAI] ObjectRef(124621163998): object was freed before callback; returning Nil.
    [271] <engine-1>[GdPAI] ObjectRef(124134624705): object was freed before callback; returning Nil.
    [272] <engine-1>[GdPAI] ObjectRef(123983629752): object was freed before callback; returning Nil.
    [273] <engine-1>[GdPAI] ObjectRef(124587609564): object was freed before callback; returning Nil.
    [274] <engine-1>[GdPAI] ObjectRef(124134624705): object was freed before callback; returning Nil.
    [275] <engine-1>[GdPAI] ObjectRef(123983629752): object was freed before callback; returning Nil.
    [276] <engine-1>[GdPAI] ObjectRef(124587609564): object was freed before callback; returning Nil.
    [277] <engine-1>[GdPAI] ObjectRef(1382643928884): object was freed before callback; returning Nil.
    [278] <engine-1>[GdPAI] ObjectRef(1382643928884): object was freed before callback; returning Nil.
    [279] <engine-1>[GdPAI] ObjectRef(124621163998): object was freed before callback; returning Nil.
    [280] <engine-1>[GdPAI] ObjectRef(124621163998): object was freed before callback; returning Nil.
    [281] <engine-1>[GdPAI] ObjectRef(124134624705): object was freed before callback; returning Nil.
    [282] <engine-1>[GdPAI] ObjectRef(123983629752): object was freed before callback; returning Nil.
    [283] <engine-1>[GdPAI] ObjectRef(124587609564): object was freed before callback; returning Nil.
    [284] <engine-1>[GdPAI] ObjectRef(124134624705): object was freed before callback; returning Nil.
    [285] <engine-1>[GdPAI] ObjectRef(123983629752): object was freed before callback; returning Nil.
    [286] <engine-1>[GdPAI] ObjectRef(124587609564): object was freed before callback; returning Nil.
    [287] <engine-1>[GdPAI] ObjectRef(1382643928884): object was freed before callback; returning Nil.
    [288] <engine-1>[GdPAI] ObjectRef(1382643928884): object was freed before callback; returning Nil.
    [289] <engine-1>[GdPAI] ObjectRef(124621163998): object was freed before callback; returning Nil.
    [290] <engine-1>[GdPAI] ObjectRef(124587609564): object was freed before callback; returning Nil.
    [291] <engine-1>[GdPAI] ObjectRef(124587609564): object was freed before callback; returning Nil.
    [292] <engine-1>[GdPAI] ObjectRef(1382643928884): object was freed before callback; returning Nil.
    [293] <engine-1>[GdPAI] ObjectRef(1382643928884): object was freed before callback; returning Nil.
    [294] <engine-1>[GdPAI] ObjectRef(124621163998): object was freed before callback; returning Nil.
    [295] <engine-1>[GdPAI] ObjectRef(124587609564): object was freed before callback; returning Nil.
    [296] <engine-1>[GdPAI] ObjectRef(124587609564): object was freed before callback; returning Nil.
    [297] <engine-1>[GdPAI] ObjectRef(1382643928884): object was freed before callback; returning Nil.
    [298] <engine-1>[GdPAI] ObjectRef(1382643928884): object was freed before callback; returning Nil.
    [299] <engine-1>[GdPAI] ObjectRef(124621163998): object was freed before callback; returning Nil.
    [300] <engine-1>[GdPAI] ObjectRef(123983629752): object was freed before callback; returning Nil.
    [301] <engine-1>[GdPAI] ObjectRef(123983629752): object was freed before callback; returning Nil.
    [302] <engine-1>[GdPAI] ObjectRef(1382643928884): object was freed before callback; returning Nil.
    [303] <engine-1>[GdPAI] ObjectRef(1382643928884): object was freed before callback; returning Nil.
    [304] <engine-1>[GdPAI] ObjectRef(124621163998): object was freed before callback; returning Nil.
    [305] <engine-1>[GdPAI] ObjectRef(123983629752): object was freed before callback; returning Nil.
    [306] <engine-1>[GdPAI] ObjectRef(123983629752): object was freed before callback; returning Nil.
    [307] <engine-1>[GdPAI] ObjectRef(1382643928884): object was freed before callback; returning Nil.
    [308] <engine-1>[GdPAI] ObjectRef(1382643928884): object was freed before callback; returning Nil.
    [309] <engine-1>[GdPAI] ObjectRef(1383348571562): object was freed before callback; returning Nil.
    [310] <engine-1>[GdPAI] ObjectRef(1383348571562): object was freed before callback; returning Nil.
    [311] <engine-1>[GdPAI] ObjectRef(124621163998): object was freed before callback; returning Nil.
    [312] <engine-1>[GdPAI] ObjectRef(124134624705): object was freed before callback; returning Nil.
    [313] <engine-1>[GdPAI] ObjectRef(124134624705): object was freed before callback; returning Nil.
    [314] <engine-1>[GdPAI] ObjectRef(1382643928884): object was freed before callback; returning Nil.
    [315] <engine-1>[GdPAI] ObjectRef(1382643928884): object was freed before callback; returning Nil.
    [316] <engine-1>[GdPAI] ObjectRef(1383348571562): object was freed before callback; returning Nil.
    [317] <engine-1>[GdPAI] ObjectRef(1383348571562): object was freed before callback; returning Nil.
    [318] <engine-1>[GdPAI] ObjectRef(124621163998): object was freed before callback; returning Nil.
    [319] <engine-1>[GdPAI] ObjectRef(124134624705): object was freed before callback; returning Nil.
    [320] <engine-1>[GdPAI] ObjectRef(124134624705): object was freed before callback; returning Nil.
    [321] <engine-1>[GdPAI] ObjectRef(1382643928884): object was freed before callback; returning Nil.
    [322] <engine-1>[GdPAI] ObjectRef(1383348571562): object was freed before callback; returning Nil.
    [323] <engine-1>[GdPAI] ObjectRef(1383348571562): object was freed before callback; returning Nil.
    [324] <engine-1>[GdPAI] ObjectRef(124621163998): object was freed before callback; returning Nil.
    [325] <engine-1>[GdPAI] ObjectRef(1382643928884): object was freed before callback; returning Nil.
    [326] <engine-1>[GdPAI] ObjectRef(1383348571562): object was freed before callback; returning Nil.
    [327] <engine-1>[GdPAI] ObjectRef(1383348571562): object was freed before callback; returning Nil.
    [328] <engine-1>[GdPAI] ObjectRef(124621163998): object was freed before callback; returning Nil.
    [329] <engine-1>[GdPAI] ObjectRef(1382643928884): object was freed before callback; returning Nil.
    [330] <engine-1>[GdPAI] ObjectRef(1382157389614): object was freed before callback; returning Nil.
    [331] <engine-1>[GdPAI] ObjectRef(1382157389614): object was freed before callback; returning Nil.
    [332] <engine-1>[GdPAI] ObjectRef(124621163998): object was freed before callback; returning Nil.
    [333] <engine-1>[GdPAI] ObjectRef(124621163998): object was freed before callback; returning Nil.
    [334] <engine-1>[GdPAI] ObjectRef(124134624705): object was freed before callback; returning Nil.
    [335] <engine-1>[GdPAI] ObjectRef(123983629752): object was freed before callback; returning Nil.
    [336] <engine-1>[GdPAI] ObjectRef(124587609564): object was freed before callback; returning Nil.
    [337] <engine-1>[GdPAI] ObjectRef(124134624705): object was freed before callback; returning Nil.
    [338] <engine-1>[GdPAI] ObjectRef(123983629752): object was freed before callback; returning Nil.
    [339] <engine-1>[GdPAI] ObjectRef(124587609564): object was freed before callback; returning Nil.
    [340] <engine-1>[GdPAI] ObjectRef(1382643928884): object was freed before callback; returning Nil.
    [341] <engine-1>[GdPAI] ObjectRef(1382157389614): object was freed before callback; returning Nil.
    [342] <engine-1>[GdPAI] ObjectRef(1382157389614): object was freed before callback; returning Nil.
    [343] <engine-1>[GdPAI] ObjectRef(124621163998): object was freed before callback; returning Nil.
    [344] <engine-1>[GdPAI] ObjectRef(124621163998): object was freed before callback; returning Nil.
    [345] <engine-1>[GdPAI] ObjectRef(124134624705): object was freed before callback; returning Nil.
    [346] <engine-1>[GdPAI] ObjectRef(123983629752): object was freed before callback; returning Nil.
    [347] <engine-1>[GdPAI] ObjectRef(124587609564): object was freed before callback; returning Nil.
    [348] <engine-1>[GdPAI] ObjectRef(124134624705): object was freed before callback; returning Nil.
    [349] <engine-1>[GdPAI] ObjectRef(123983629752): object was freed before callback; returning Nil.
    [350] <engine-1>[GdPAI] ObjectRef(124587609564): object was freed before callback; returning Nil.
    [351] <engine-1>[GdPAI] ObjectRef(1382643928884): object was freed before callback; returning Nil.
    [352] <engine-1>[GdPAI] ObjectRef(1382157389614): object was freed before callback; returning Nil.
    [353] <engine-1>[GdPAI] ObjectRef(1382157389614): object was freed before callback; returning Nil.
    [354] <engine-1>[GdPAI] ObjectRef(124621163998): object was freed before callback; returning Nil.
    [355] <engine-1>[GdPAI] ObjectRef(124587609564): object was freed before callback; returning Nil.
    [356] <engine-1>[GdPAI] ObjectRef(124587609564): object was freed before callback; returning Nil.
    [357] <engine-1>[GdPAI] ObjectRef(1382643928884): object was freed before callback; returning Nil.
    [358] <engine-1>[GdPAI] ObjectRef(1382157389614): object was freed before callback; returning Nil.
    [359] <engine-1>[GdPAI] ObjectRef(1382157389614): object was freed before callback; returning Nil.
    [360] <engine-1>[GdPAI] ObjectRef(124621163998): object was freed before callback; returning Nil.
    [361] <engine-1>[GdPAI] ObjectRef(124587609564): object was freed before callback; returning Nil.
    [362] <engine-1>[GdPAI] ObjectRef(124587609564): object was freed before callback; returning Nil.
    [363] <engine-1>[GdPAI] ObjectRef(1382643928884): object was freed before callback; returning Nil.
    [364] <engine-1>[GdPAI] ObjectRef(124621163998): object was freed before callback; returning Nil.
    [365] <engine-1>[GdPAI] ObjectRef(123983629752): object was freed before callback; returning Nil.
    [366] <engine-1>[GdPAI] ObjectRef(123983629752): object was freed before callback; returning Nil.
    [367] <engine-1>[GdPAI] ObjectRef(1382643928884): object was freed before callback; returning Nil.
    [368] <engine-1>[GdPAI] ObjectRef(124621163998): object was freed before callback; returning Nil.
    [369] <engine-1>[GdPAI] ObjectRef(123983629752): object was freed before callback; returning Nil.
    [370] <engine-1>[GdPAI] ObjectRef(123983629752): object was freed before callback; returning Nil.
    [371] <engine-1>[GdPAI] ObjectRef(1382643928884): object was freed before callback; returning Nil.
    [372] <engine-1>[GdPAI] ObjectRef(1382643928884): object was freed before callback; returning Nil.
    [373] <engine-1>[GdPAI] ObjectRef(124621163998): object was freed before callback; returning Nil.
    [374] <engine-1>[GdPAI] ObjectRef(124134624705): object was freed before callback; returning Nil.
    [375] <engine-1>[GdPAI] ObjectRef(124134624705): object was freed before callback; returning Nil.
    [376] <engine-1>[GdPAI] ObjectRef(1382643928884): object was freed before callback; returning Nil.
    [377] <engine-1>[GdPAI] ObjectRef(1382643928884): object was freed before callback; returning Nil.
    [378] <engine-1>[GdPAI] ObjectRef(124621163998): object was freed before callback; returning Nil.
    [379] <engine-1>[GdPAI] ObjectRef(124134624705): object was freed before callback; returning Nil.
    [380] <engine-1>[GdPAI] ObjectRef(124134624705): object was freed before callback; returning Nil.
    [381] <engine-1>[GdPAI] ObjectRef(1382643928884): object was freed before callback; returning Nil.
    [382] <engine-1>[GdPAI] ObjectRef(124621163998): object was freed before callback; returning Nil.
    [383] <engine-1>[GdPAI] ObjectRef(1382643928884): object was freed before callback; returning Nil.
    [384] <engine-1>[GdPAI] ObjectRef(124621163998): object was freed before callback; returning Nil.
    [385] <engine-1>[GdPAI] ObjectRef(1382643928884): object was freed before callback; returning Nil.
    [386] <engine-1>[GdPAI] ObjectRef(1382157389614): object was freed before callback; returning Nil.
    [387] <engine-1>[GdPAI] ObjectRef(1382157389614): object was freed before callback; returning Nil.
    [388] <engine-1>[GdPAI] ObjectRef(124621163998): object was freed before callback; returning Nil.
    [389] <engine-1>[GdPAI] ObjectRef(124621163998): object was freed before callback; returning Nil.
    [390] <engine-1>[GdPAI] ObjectRef(1382643928884): object was freed before callback; returning Nil.
    [391] <engine-1>[GdPAI] ObjectRef(1382157389614): object was freed before callback; returning Nil.
    [392] <engine-1>[GdPAI] ObjectRef(1382157389614): object was freed before callback; returning Nil.
    [393] <engine-1>[GdPAI] ObjectRef(124621163998): object was freed before callback; returning Nil.
    [394] <engine-1>[GdPAI] ObjectRef(124621163998): object was freed before callback; returning Nil.
    [395] <engine-1>[GdPAI] ObjectRef(1382643928884): object was freed before callback; returning Nil.
    [396] <engine-1>[GdPAI] ObjectRef(1382157389614): object was freed before callback; returning Nil.
    [397] <engine-1>[GdPAI] ObjectRef(1382157389614): object was freed before callback; returning Nil.
    [398] <engine-1>[GdPAI] ObjectRef(124621163998): object was freed before callback; returning Nil.
    [399] <engine-1>[GdPAI] ObjectRef(124621163998): object was freed before callback; returning Nil.
    [400] <engine-1>[GdPAI] ObjectRef(1382643928884): object was freed before callback; returning Nil.
    [401] <engine-1>[GdPAI] ObjectRef(1382157389614): object was freed before callback; returning Nil.
    [402] <engine-1>[GdPAI] ObjectRef(1382157389614): object was freed before callback; returning Nil.
    [403] <engine-1>[GdPAI] ObjectRef(124621163998): object was freed before callback; returning Nil.
    [404] <engine-1>[GdPAI] ObjectRef(124621163998): object was freed before callback; returning Nil.
    [405] <engine-1>[GdPAI] ObjectRef(1382643928884): object was freed before callback; returning Nil.
    [406] <engine-1>[GdPAI] ObjectRef(124621163998): object was freed before callback; returning Nil.
    [407] <engine-1>[GdPAI] ObjectRef(124621163998): object was freed before callback; returning Nil.
    [408] <engine-1>[GdPAI] ObjectRef(1382643928884): object was freed before callback; returning Nil.
    [409] <engine-1>[GdPAI] ObjectRef(124621163998): object was freed before callback; returning Nil.
    [410] <engine-1>[GdPAI] ObjectRef(124621163998): object was freed before callback; returning Nil.
    [411] <engine-1>[GdPAI] ObjectRef(1382643928884): object was freed before callback; returning Nil.
    [412] <engine-1>[GdPAI] ObjectRef(1382643928884): object was freed before callback; returning Nil.
    [413] <engine-1>[GdPAI] ObjectRef(1383348571562): object was freed before callback; returning Nil.
    [414] <engine-1>[GdPAI] ObjectRef(1383348571562): object was freed before callback; returning Nil.
    [415] <engine-1>[GdPAI] ObjectRef(124621163998): object was freed before callback; returning Nil.
    [416] <engine-1>[GdPAI] ObjectRef(124621163998): object was freed before callback; returning Nil.
    [417] <engine-1>[GdPAI] ObjectRef(1382643928884): object was freed before callback; returning Nil.
    [418] <engine-1>[GdPAI] ObjectRef(1382643928884): object was freed before callback; returning Nil.
    [419] <engine-1>[GdPAI] ObjectRef(1383348571562): object was freed before callback; returning Nil.
    [420] <engine-1>[GdPAI] ObjectRef(1383348571562): object was freed before callback; returning Nil.
    [421] <engine-1>[GdPAI] ObjectRef(124621163998): object was freed before callback; returning Nil.
    [422] <engine-1>[GdPAI] ObjectRef(124621163998): object was freed before callback; returning Nil.
    [423] <engine-1>[GdPAI] ObjectRef(1382643928884): object was freed before callback; returning Nil.
    [424] <engine-1>[GdPAI] ObjectRef(1383348571562): object was freed before callback; returning Nil.
    [425] <engine-1>[GdPAI] ObjectRef(1383348571562): object was freed before callback; returning Nil.
    [426] <engine-1>[GdPAI] ObjectRef(124621163998): object was freed before callback; returning Nil.
    [427] <engine-1>[GdPAI] ObjectRef(124621163998): object was freed before callback; returning Nil.
    [428] <engine-1>[GdPAI] ObjectRef(1382643928884): object was freed before callback; returning Nil.
    [429] <engine-1>[GdPAI] ObjectRef(1383348571562): object was freed before callback; returning Nil.
    [430] <engine-1>[GdPAI] ObjectRef(1383348571562): object was freed before callback; returning Nil.
    [431] <engine-1>[GdPAI] ObjectRef(124621163998): object was freed before callback; returning Nil.
    [432] <engine-1>[GdPAI] ObjectRef(124621163998): object was freed before callback; returning Nil.
    [433] <engine-1>[GdPAI] ObjectRef(1382643928884): object was freed before callback; returning Nil.
    [434] <engine-1>[GdPAI] ObjectRef(1382157389614): object was freed before callback; returning Nil.
    [435] <engine-1>[GdPAI] ObjectRef(1382157389614): object was freed before callback; returning Nil.
    [436] <engine-1>[GdPAI] ObjectRef(124621163998): object was freed before callback; returning Nil.
    [437] <engine-1>[GdPAI] ObjectRef(124621163998): object was freed before callback; returning Nil.
    [438] <engine-1>[GdPAI] ObjectRef(1382643928884): object was freed before callback; returning Nil.
    [439] <engine-1>[GdPAI] ObjectRef(1382157389614): object was freed before callback; returning Nil.
    [440] <engine-1>[GdPAI] ObjectRef(1382157389614): object was freed before callback; returning Nil.
    [441] <engine-1>[GdPAI] ObjectRef(124621163998): object was freed before callback; returning Nil.
    [442] <engine-1>[GdPAI] ObjectRef(124621163998): object was freed before callback; returning Nil.
    [443] <engine-1>[GdPAI] ObjectRef(1382643928884): object was freed before callback; returning Nil.
    [444] <engine-1>[GdPAI] ObjectRef(1382157389614): object was freed before callback; returning Nil.
    [445] <engine-1>[GdPAI] ObjectRef(1382157389614): object was freed before callback; returning Nil.
    [446] <engine-1>[GdPAI] ObjectRef(124621163998): object was freed before callback; returning Nil.
    [447] <engine-1>[GdPAI] ObjectRef(124621163998): object was freed before callback; returning Nil.
    [448] <engine-1>[GdPAI] ObjectRef(1382643928884): object was freed before callback; returning Nil.
    [449] <engine-1>[GdPAI] ObjectRef(1382157389614): object was freed before callback; returning Nil.
    [450] <engine-1>[GdPAI] ObjectRef(1382157389614): object was freed before callback; returning Nil.
    [451] <engine-1>[GdPAI] ObjectRef(124621163998): object was freed before callback; returning Nil.
    [452] <engine-1>[GdPAI] ObjectRef(124621163998): object was freed before callback; returning Nil.
    [453] <engine-1>[GdPAI] ObjectRef(1382643928884): object was freed before callback; returning Nil.
    [454] <engine-1>[GdPAI] ObjectRef(124621163998): object was freed before callback; returning Nil.
    [455] <engine-1>[GdPAI] ObjectRef(124621163998): object was freed before callback; returning Nil.
    [456] <engine-1>[GdPAI] ObjectRef(1382643928884): object was freed before callback; returning Nil.
    [457] <engine-1>[GdPAI] ObjectRef(124621163998): object was freed before callback; returning Nil.
    [458] <engine-1>[GdPAI] ObjectRef(124621163998): object was freed before callback; returning Nil.
    [459] <engine-1>[GdPAI] ObjectRef(1382643928884): object was freed before callback; returning Nil.
    [460] <engine-1>[GdPAI] ObjectRef(1382643928884): object was freed before callback; returning Nil.
    [461] <engine-1>[GdPAI] ObjectRef(124621163998): object was freed before callback; returning Nil.
    [462] <engine-1>[GdPAI] ObjectRef(124621163998): object was freed before callback; returning Nil.
    [463] <engine-1>[GdPAI] ObjectRef(1382643928884): object was freed before callback; returning Nil.
    [464] <engine-1>[GdPAI] ObjectRef(1382643928884): object was freed before callback; returning Nil.
    [465] <engine-1>[GdPAI] ObjectRef(124621163998): object was freed before callback; returning Nil.
    [466] <engine-1>[GdPAI] ObjectRef(124621163998): object was freed before callback; returning Nil.
    [467] <engine-1>[GdPAI] ObjectRef(1382643928884): object was freed before callback; returning Nil.
    [468] <engine-1>[GdPAI] ObjectRef(124621163998): object was freed before callback; returning Nil.
    [469] <engine-1>[GdPAI] ObjectRef(124621163998): object was freed before callback; returning Nil.
    [470] <engine-1>[GdPAI] ObjectRef(1382643928884): object was freed before callback; returning Nil.
    [471] <engine-1>[GdPAI] ObjectRef(124621163998): object was freed before callback; returning Nil.
    [472] <engine-1>[GdPAI] ObjectRef(124621163998): object was freed before callback; returning Nil.
    [473] <engine-1>[GdPAI] ObjectRef(1382643928884): object was freed before callback; returning Nil.
    [474] <engine-1>[GdPAI] ObjectRef(1382157389614): object was freed before callback; returning Nil.
    [475] <engine-1>[GdPAI] ObjectRef(1382157389614): object was freed before callback; returning Nil.
    [476] <engine-1>[GdPAI] ObjectRef(124621163998): object was freed before callback; returning Nil.
    [477] <engine-1>[GdPAI] ObjectRef(124621163998): object was freed before callback; returning Nil.
    [478] <engine-1>[GdPAI] ObjectRef(1382643928884): object was freed before callback; returning Nil.
    [479] <engine-1>[GdPAI] ObjectRef(1382157389614): object was freed before callback; returning Nil.
    [480] <engine-1>[GdPAI] ObjectRef(1382157389614): object was freed before callback; returning Nil.
    [481] <engine-1>[GdPAI] ObjectRef(124621163998): object was freed before callback; returning Nil.
    [482] <engine-1>[GdPAI] ObjectRef(124621163998): object was freed before callback; returning Nil.
    [483] <engine-1>[GdPAI] ObjectRef(1382643928884): object was freed before callback; returning Nil.
    [484] <engine-1>[GdPAI] ObjectRef(1382157389614): object was freed before callback; returning Nil.
    [485] <engine-1>[GdPAI] ObjectRef(1382157389614): object was freed before callback; returning Nil.
    [486] <engine-1>[GdPAI] ObjectRef(124621163998): object was freed before callback; returning Nil.
    [487] <engine-1>[GdPAI] ObjectRef(124621163998): object was freed before callback; returning Nil.
    [488] <engine-1>[GdPAI] ObjectRef(1382643928884): object was freed before callback; returning Nil.
    [489] <engine-1>[GdPAI] ObjectRef(1382157389614): object was freed before callback; returning Nil.
    [490] <engine-1>[GdPAI] ObjectRef(1382157389614): object was freed before callback; returning Nil.
    [491] <engine-1>[GdPAI] ObjectRef(124621163998): object was freed before callback; returning Nil.
    [492] <engine-1>[GdPAI] ObjectRef(124621163998): object was freed before callback; returning Nil.
    [493] <engine-1>[GdPAI] ObjectRef(1382643928884): object was freed before callback; returning Nil.
    [494] <engine-1>[GdPAI] ObjectRef(124621163998): object was freed before callback; returning Nil.
    [495] <engine-1>[GdPAI] ObjectRef(124621163998): object was freed before callback; returning Nil.
    [496] <engine-1>[GdPAI] ObjectRef(1382643928884): object was freed before callback; returning Nil.
    [497] <engine-1>[GdPAI] ObjectRef(124621163998): object was freed before callback; returning Nil.
    [498] <engine-1>[GdPAI] ObjectRef(124621163998): object was freed before callback; returning Nil.
    [499] <engine-1>[GdPAI] ObjectRef(1382643928884): object was freed before callback; returning Nil.
    [500] <engine-1>[GdPAI] ObjectRef(1382643928884): object was freed before callback; returning Nil.
    [501] <engine-1>[GdPAI] ObjectRef(124621163998): object was freed before callback; returning Nil.
    [502] <engine-1>[GdPAI] ObjectRef(124621163998): object was freed before callback; returning Nil.
    [503] <engine-1>[GdPAI] ObjectRef(125510356497): object was freed before callback; returning Nil.
    [504] <engine-1>[GdPAI] ObjectRef(124587609564): object was freed before callback; returning Nil.
    [505] <engine-1>[GdPAI] ObjectRef(125510356497): object was freed before callback; returning Nil.
    [506] <engine-1>[GdPAI] ObjectRef(124587609564): object was freed before callback; returning Nil.
    [507] <engine-1>[GdPAI] ObjectRef(1382643928884): object was freed before callback; returning Nil.
    [508] <engine-1>[GdPAI] ObjectRef(1382643928884): object was freed before callback; returning Nil.
    [509] <engine-1>[GdPAI] ObjectRef(124621163998): object was freed before callback; returning Nil.
    [510] <engine-1>[GdPAI] ObjectRef(124621163998): object was freed before callback; returning Nil.
    [511] <engine-1>[GdPAI] ObjectRef(125510356497): object was freed before callback; returning Nil.
    [512] <engine-1>[GdPAI] ObjectRef(124587609564): object was freed before callback; returning Nil.
    [513] <engine-1>[GdPAI] ObjectRef(125510356497): object was freed before callback; returning Nil.
    [514] <engine-1>[GdPAI] ObjectRef(124587609564): object was freed before callback; returning Nil.
    [515] <engine-1>[GdPAI] ObjectRef(1382643928884): object was freed before callback; returning Nil.
    [516] <engine-1>[GdPAI] ObjectRef(124621163998): object was freed before callback; returning Nil.
    [517] <engine-1>[GdPAI] ObjectRef(124587609564): object was freed before callback; returning Nil.
    [518] <engine-1>[GdPAI] ObjectRef(124587609564): object was freed before callback; returning Nil.
    [519] <engine-1>[GdPAI] ObjectRef(1382643928884): object was freed before callback; returning Nil.
    [520] <engine-1>[GdPAI] ObjectRef(124621163998): object was freed before callback; returning Nil.
    [521] <engine-1>[GdPAI] ObjectRef(124587609564): object was freed before callback; returning Nil.
    [522] <engine-1>[GdPAI] ObjectRef(124587609564): object was freed before callback; returning Nil.
    [523] <engine-1>[GdPAI] ObjectRef(1382643928884): object was freed before callback; returning Nil.
    [524] <engine-1>[GdPAI] ObjectRef(1382157389614): object was freed before callback; returning Nil.
    [525] <engine-1>[GdPAI] ObjectRef(1382157389614): object was freed before callback; returning Nil.
    [526] <engine-1>[GdPAI] ObjectRef(124621163998): object was freed before callback; returning Nil.
    [527] <engine-1>[GdPAI] ObjectRef(125510356497): object was freed before callback; returning Nil.
    [528] <engine-1>[GdPAI] ObjectRef(125510356497): object was freed before callback; returning Nil.
    [529] <engine-1>[GdPAI] ObjectRef(1382643928884): object was freed before callback; returning Nil.
    [530] <engine-1>[GdPAI] ObjectRef(1382157389614): object was freed before callback; returning Nil.
    [531] <engine-1>[GdPAI] ObjectRef(1382157389614): object was freed before callback; returning Nil.
    [532] <engine-1>[GdPAI] ObjectRef(124621163998): object was freed before callback; returning Nil.
    [533] <engine-1>[GdPAI] ObjectRef(125510356497): object was freed before callback; returning Nil.
    [534] <engine-1>[GdPAI] ObjectRef(125510356497): object was freed before callback; returning Nil.
    [535] <engine-1>[GdPAI] ObjectRef(1382643928884): object was freed before callback; returning Nil.
    [536] <engine-1>[GdPAI] ObjectRef(1382157389614): object was freed before callback; returning Nil.
    [537] <engine-1>[GdPAI] ObjectRef(1382157389614): object was freed before callback; returning Nil.
    [538] <engine-1>[GdPAI] ObjectRef(124621163998): object was freed before callback; returning Nil.
    [539] <engine-1>[GdPAI] ObjectRef(124134624705): object was freed before callback; returning Nil.
    [540] <engine-1>[GdPAI] ObjectRef(124134624705): object was freed before callback; returning Nil.
    [541] <engine-1>[GdPAI] ObjectRef(1382643928884): object was freed before callback; returning Nil.
    [542] <engine-1>[GdPAI] ObjectRef(1382157389614): object was freed before callback; returning Nil.
    [543] <engine-1>[GdPAI] ObjectRef(1382157389614): object was freed before callback; returning Nil.
    [544] <engine-1>[GdPAI] ObjectRef(124621163998): object was freed before callback; returning Nil.
    [545] <engine-1>[GdPAI] ObjectRef(124134624705): object was freed before callback; returning Nil.
    [546] <engine-1>[GdPAI] ObjectRef(124134624705): object was freed before callback; returning Nil.
    [547] <engine-1>[GdPAI] ObjectRef(1382643928884): object was freed before callback; returning Nil.
    [548] <engine-1>[GdPAI] ObjectRef(124621163998): object was freed before callback; returning Nil.
    [549] <engine-1>[GdPAI] ObjectRef(124134624705): object was freed before callback; returning Nil.
    [550] <engine-1>[GdPAI] ObjectRef(124134624705): object was freed before callback; returning Nil.
    [551] <engine-1>[GdPAI] ObjectRef(1382643928884): object was freed before callback; returning Nil.
    [552] <engine-1>[GdPAI] ObjectRef(124621163998): object was freed before callback; returning Nil.
    [553] <engine-1>[GdPAI] ObjectRef(124134624705): object was freed before callback; returning Nil.
    [554] <engine-1>[GdPAI] ObjectRef(124134624705): object was freed before callback; returning Nil.
    [555] <engine-1>[GdPAI] ObjectRef(1382643928884): object was freed before callback; returning Nil.
    [556] <engine-1>[GdPAI] ObjectRef(1382643928884): object was freed before callback; returning Nil.
    [557] <engine-1>[GdPAI] ObjectRef(124621163998): object was freed before callback; returning Nil.
    [558] <engine-1>[GdPAI] ObjectRef(1382643928884): object was freed before callback; returning Nil.
    [559] <engine-1>[GdPAI] ObjectRef(1382643928884): object was freed before callback; returning Nil.
    [560] <engine-1>[GdPAI] ObjectRef(124621163998): object was freed before callback; returning Nil.
    [561] <engine-1>[GdPAI] ObjectRef(1382643928884): object was freed before callback; returning Nil.
    [562] <engine-1>[GdPAI] ObjectRef(124621163998): object was freed before callback; returning Nil.
    [563] <engine-1>[GdPAI] ObjectRef(124621163998): object was freed before callback; returning Nil.
    [564] <engine-1>[GdPAI] ObjectRef(1382643928884): object was freed before callback; returning Nil.
    [565] <engine-1>[GdPAI] ObjectRef(124621163998): object was freed before callback; returning Nil.
    [566] <engine-1>[GdPAI] ObjectRef(124621163998): object was freed before callback; returning Nil.
    [567] <engine-1>[GdPAI] ObjectRef(1382643928884): object was freed before callback; returning Nil.
    [568] <engine-1>[GdPAI] ObjectRef(1382157389614): object was freed before callback; returning Nil.
    [569] <engine-1>[GdPAI] ObjectRef(1382157389614): object was freed before callback; returning Nil.
    [570] <engine-1>[GdPAI] ObjectRef(124621163998): object was freed before callback; returning Nil.
    [571] <engine-1>[GdPAI] ObjectRef(1382643928884): object was freed before callback; returning Nil.
    [572] <engine-1>[GdPAI] ObjectRef(1382157389614): object was freed before callback; returning Nil.
    [573] <engine-1>[GdPAI] ObjectRef(1382157389614): object was freed before callback; returning Nil.
    [574] <engine-1>[GdPAI] ObjectRef(124621163998): object was freed before callback; returning Nil.
    [575] <engine-1>[GdPAI] ObjectRef(1382643928884): object was freed before callback; returning Nil.
    [576] <engine-1>[GdPAI] ObjectRef(1382157389614): object was freed before callback; returning Nil.
    [577] <engine-1>[GdPAI] ObjectRef(1382157389614): object was freed before callback; returning Nil.
    [578] <engine-1>[GdPAI] ObjectRef(124621163998): object was freed before callback; returning Nil.
    [579] <engine-1>[GdPAI] ObjectRef(1382643928884): object was freed before callback; returning Nil.
    [580] <engine-1>[GdPAI] ObjectRef(1382157389614): object was freed before callback; returning Nil.
    [581] <engine-1>[GdPAI] ObjectRef(1382157389614): object was freed before callback; returning Nil.
    [582] <engine-1>[GdPAI] ObjectRef(124621163998): object was freed before callback; returning Nil.
    [583] <engine-1>[GdPAI] ObjectRef(1382643928884): object was freed before callback; returning Nil.
    [584] <engine-1>[GdPAI] ObjectRef(124621163998): object was freed before callback; returning Nil.
    [585] <engine-1>[GdPAI] ObjectRef(124134624705): object was freed before callback; returning Nil.
    [586] <engine-1>[GdPAI] ObjectRef(124134624705): object was freed before callback; returning Nil.
    [587] <engine-1>[GdPAI] ObjectRef(1382643928884): object was freed before callback; returning Nil.
    [588] <engine-1>[GdPAI] ObjectRef(124621163998): object was freed before callback; returning Nil.
    [589] <engine-1>[GdPAI] ObjectRef(124134624705): object was freed before callback; returning Nil.
    [590] <engine-1>[GdPAI] ObjectRef(124134624705): object was freed before callback; returning Nil.
    [591] <engine-1>[GdPAI] ObjectRef(1382643928884): object was freed before callback; returning Nil.
    [592] <engine-1>[GdPAI] ObjectRef(1382643928884): object was freed before callback; returning Nil.
    [593] <engine-1>[GdPAI] ObjectRef(124621163998): object was freed before callback; returning Nil.
    [594] <engine-1>[GdPAI] ObjectRef(124134624705): object was freed before callback; returning Nil.
    [595] <engine-1>[GdPAI] ObjectRef(124134624705): object was freed before callback; returning Nil.
    [596] <engine-1>[GdPAI] ObjectRef(1382643928884): object was freed before callback; returning Nil.
    [597] <engine-1>[GdPAI] ObjectRef(1382643928884): object was freed before callback; returning Nil.
    [598] <engine-1>[GdPAI] ObjectRef(124621163998): object was freed before callback; returning Nil.
    [599] <engine-1>[GdPAI] ObjectRef(124134624705): object was freed before callback; returning Nil.
    [600] <engine-1>[GdPAI] ObjectRef(124134624705): object was freed before callback; returning Nil.
    [601] <engine-1>[GdPAI] ObjectRef(1382643928884): object was freed before callback; returning Nil.
    [602] <engine-1>[GdPAI] ObjectRef(124621163998): object was freed before callback; returning Nil.
    [603] <engine-1>[GdPAI] ObjectRef(1382643928884): object was freed before callback; returning Nil.
    [604] <engine-1>[GdPAI] ObjectRef(124621163998): object was freed before callback; returning Nil.
    [605] <engine-1>[GdPAI] ObjectRef(1382643928884): object was freed before callback; returning Nil.
    [606] <engine-1>[GdPAI] ObjectRef(1382157389614): object was freed before callback; returning Nil.
    [607] <engine-1>[GdPAI] ObjectRef(1382157389614): object was freed before callback; returning Nil.
    [608] <engine-1>[GdPAI] ObjectRef(124621163998): object was freed before callback; returning Nil.
    [609] <engine-1>[GdPAI] ObjectRef(124621163998): object was freed before callback; returning Nil.
    [610] <engine-1>[GdPAI] ObjectRef(125510356497): object was freed before callback; returning Nil.
    [611] <engine-1>[GdPAI] ObjectRef(124587609564): object was freed before callback; returning Nil.
    [612] <engine-1>[GdPAI] ObjectRef(125510356497): object was freed before callback; returning Nil.
    [613] <engine-1>[GdPAI] ObjectRef(124587609564): object was freed before callback; returning Nil.
    [614] <engine-1>[GdPAI] ObjectRef(1382643928884): object was freed before callback; returning Nil.
    [615] <engine-1>[GdPAI] ObjectRef(1382157389614): object was freed before callback; returning Nil.
    [616] <engine-1>[GdPAI] ObjectRef(1382157389614): object was freed before callback; returning Nil.
    [617] <engine-1>[GdPAI] ObjectRef(124621163998): object was freed before callback; returning Nil.
    [618] <engine-1>[GdPAI] ObjectRef(124621163998): object was freed before callback; returning Nil.
    [619] <engine-1>[GdPAI] ObjectRef(125510356497): object was freed before callback; returning Nil.
    [620] <engine-1>[GdPAI] ObjectRef(124587609564): object was freed before callback; returning Nil.
    [621] <engine-1>[GdPAI] ObjectRef(125510356497): object was freed before callback; returning Nil.
    [622] <engine-1>[GdPAI] ObjectRef(124587609564): object was freed before callback; returning Nil.
    [623] <engine-1>[GdPAI] ObjectRef(1382643928884): object was freed before callback; returning Nil.
    [624] <engine-1>[GdPAI] ObjectRef(1382157389614): object was freed before callback; returning Nil.
    [625] <engine-1>[GdPAI] ObjectRef(1382157389614): object was freed before callback; returning Nil.
    [626] <engine-1>[GdPAI] ObjectRef(124621163998): object was freed before callback; returning Nil.
    [627] <engine-1>[GdPAI] ObjectRef(124587609564): object was freed before callback; returning Nil.
    [628] <engine-1>[GdPAI] ObjectRef(124587609564): object was freed before callback; returning Nil.
    [629] <engine-1>[GdPAI] ObjectRef(1382643928884): object was freed before callback; returning Nil.
    [630] <engine-1>[GdPAI] ObjectRef(1382157389614): object was freed before callback; returning Nil.
    [631] <engine-1>[GdPAI] ObjectRef(1382157389614): object was freed before callback; returning Nil.
    [632] <engine-1>[GdPAI] ObjectRef(124621163998): object was freed before callback; returning Nil.
    [633] <engine-1>[GdPAI] ObjectRef(124587609564): object was freed before callback; returning Nil.
    [634] <engine-1>[GdPAI] ObjectRef(124587609564): object was freed before callback; returning Nil.
    [635] <engine-1>[GdPAI] ObjectRef(1382643928884): object was freed before callback; returning Nil.
    [636] <engine-1>[GdPAI] ObjectRef(124621163998): object was freed before callback; returning Nil.
    [637] <engine-1>[GdPAI] ObjectRef(125510356497): object was freed before callback; returning Nil.
    [638] <engine-1>[GdPAI] ObjectRef(125510356497): object was freed before callback; returning Nil.
    [639] <engine-1>[GdPAI] ObjectRef(1382643928884): object was freed before callback; returning Nil.
    [640] <engine-1>[GdPAI] ObjectRef(124621163998): object was freed before callback; returning Nil.
    [641] <engine-1>[GdPAI] ObjectRef(125510356497): object was freed before callback; returning Nil.
    [642] <engine-1>[GdPAI] ObjectRef(125510356497): object was freed before callback; returning Nil.
    [643] <engine-1>[GdPAI] ObjectRef(1382643928884): object was freed before callback; returning Nil.
    [644] <engine-1>[GdPAI] ObjectRef(1382643928884): object was freed before callback; returning Nil.
    [645] <engine-1>[GdPAI] ObjectRef(124621163998): object was freed before callback; returning Nil.
    [646] <engine-1>[GdPAI] ObjectRef(124134624705): object was freed before callback; returning Nil.
    [647] <engine-1>[GdPAI] ObjectRef(124134624705): object was freed before callback; returning Nil.
    [648] <engine-1>[GdPAI] ObjectRef(1382643928884): object was freed before callback; returning Nil.
    [649] <engine-1>[GdPAI] ObjectRef(1382643928884): object was freed before callback; returning Nil.
    [650] <engine-1>[GdPAI] ObjectRef(124621163998): object was freed before callback; returning Nil.
    [651] <engine-1>[GdPAI] ObjectRef(124134624705): object was freed before callback; returning Nil.
    [652] <engine-1>[GdPAI] ObjectRef(124134624705): object was freed before callback; returning Nil.
    [653] <engine-1>[GdPAI] ObjectRef(1382643928884): object was freed before callback; returning Nil.
    [654] <engine-1>[GdPAI] ObjectRef(124621163998): object was freed before callback; returning Nil.
    [655] <engine-1>[GdPAI] ObjectRef(124134624705): object was freed before callback; returning Nil.
    [656] <engine-1>[GdPAI] ObjectRef(124134624705): object was freed before callback; returning Nil.
    [657] <engine-1>[GdPAI] ObjectRef(1382643928884): object was freed before callback; returning Nil.
    [658] <engine-1>[GdPAI] ObjectRef(124621163998): object was freed before callback; returning Nil.
    [659] <engine-1>[GdPAI] ObjectRef(124134624705): object was freed before callback; returning Nil.
    [660] <engine-1>[GdPAI] ObjectRef(124134624705): object was freed before callback; returning Nil.
    [661] <engine-1>[GdPAI] ObjectRef(1382643928884): object was freed before callback; returning Nil.
    [662] <engine-1>[GdPAI] ObjectRef(1382157389614): object was freed before callback; returning Nil.
    [663] <engine-1>[GdPAI] ObjectRef(1382157389614): object was freed before callback; returning Nil.
    [664] <engine-1>[GdPAI] ObjectRef(124621163998): object was freed before callback; returning Nil.
    [665] <engine-1>[GdPAI] ObjectRef(1382643928884): object was freed before callback; returning Nil.
    [666] <engine-1>[GdPAI] ObjectRef(1382157389614): object was freed before callback; returning Nil.
    [667] <engine-1>[GdPAI] ObjectRef(1382157389614): object was freed before callback; returning Nil.
    [668] <engine-1>[GdPAI] ObjectRef(124621163998): object was freed before callback; returning Nil.
    [669] <engine-1>[GdPAI] ObjectRef(1382643928884): object was freed before callback; returning Nil.
    [670] <engine-1>[GdPAI] ObjectRef(1382157389614): object was freed before callback; returning Nil.
    [671] <engine-1>[GdPAI] ObjectRef(1382157389614): object was freed before callback; returning Nil.
    [672] <engine-1>[GdPAI] ObjectRef(124621163998): object was freed before callback; returning Nil.
    [673] <engine-1>[GdPAI] ObjectRef(124621163998): object was freed before callback; returning Nil.
    [674] <engine-1>[GdPAI] ObjectRef(1382643928884): object was freed before callback; returning Nil.
    [675] <engine-1>[GdPAI] ObjectRef(1382157389614): object was freed before callback; returning Nil.
    [676] <engine-1>[GdPAI] ObjectRef(1382157389614): object was freed before callback; returning Nil.
    [677] <engine-1>[GdPAI] ObjectRef(124621163998): object was freed before callback; returning Nil.
    [678] <engine-1>[GdPAI] ObjectRef(124621163998): object was freed before callback; returning Nil.
    [679] <engine-1>[GdPAI] ObjectRef(1382643928884): object was freed before callback; returning Nil.
    [680] <engine-1>[GdPAI] ObjectRef(124621163998): object was freed before callback; returning Nil.
    [681] <engine-1>[GdPAI] ObjectRef(1382643928884): object was freed before callback; returning Nil.
    [682] <engine-1>[GdPAI] ObjectRef(124621163998): object was freed before callback; returning Nil.
    [683] <engine-1>[GdPAI] ObjectRef(1382643928884): object was freed before callback; returning Nil.
    [684] <engine-1>[GdPAI] ObjectRef(1382643928884): object was freed before callback; returning Nil.
    [685] <engine-1>[GdPAI] ObjectRef(124621163998): object was freed before callback; returning Nil.
    [686] <engine-1>[GdPAI] ObjectRef(1382643928884): object was freed before callback; returning Nil.
    [687] <engine-1>[GdPAI] ObjectRef(1382643928884): object was freed before callback; returning Nil.
    [688] <engine-1>[GdPAI] ObjectRef(124621163998): object was freed before callback; returning Nil.
    [689] <engine-1>[GdPAI] ObjectRef(1382643928884): object was freed before callback; returning Nil.
    [690] <engine-1>[GdPAI] ObjectRef(1382643928884): object was freed before callback; returning Nil.
    [691] <engine-1>[GdPAI] ObjectRef(124621163998): object was freed before callback; returning Nil.
    [692] <engine-1>[GdPAI] ObjectRef(124134624705): object was freed before callback; returning Nil.
    [693] <engine-1>[GdPAI] ObjectRef(124134624705): object was freed before callback; returning Nil.
    [694] <engine-1>[GdPAI] ObjectRef(1382643928884): object was freed before callback; returning Nil.
    [695] <engine-1>[GdPAI] ObjectRef(1382643928884): object was freed before callback; returning Nil.
    [696] <engine-1>[GdPAI] ObjectRef(124621163998): object was freed before callback; returning Nil.
    [697] <engine-1>[GdPAI] ObjectRef(124134624705): object was freed before callback; returning Nil.
    [698] <engine-1>[GdPAI] ObjectRef(124134624705): object was freed before callback; returning Nil.
    [699] <engine-1>[GdPAI] ObjectRef(1382643928884): object was freed before callback; returning Nil.
    [700] <engine-1>[GdPAI] ObjectRef(1382643928884): object was freed before callback; returning Nil.
    [701] <engine-1>[GdPAI] ObjectRef(124621163998): object was freed before callback; returning Nil.
    [702] <engine-1>[GdPAI] ObjectRef(124134624705): object was freed before callback; returning Nil.
    [703] <engine-1>[GdPAI] ObjectRef(124134624705): object was freed before callback; returning Nil.
    [704] <engine-1>[GdPAI] ObjectRef(1382643928884): object was freed before callback; returning Nil.
    [705] <engine-1>[GdPAI] ObjectRef(1382643928884): object was freed before callback; returning Nil.
    [706] <engine-1>[GdPAI] ObjectRef(124621163998): object was freed before callback; returning Nil.
    [707] <engine-1>[GdPAI] ObjectRef(124134624705): object was freed before callback; returning Nil.
    [708] <engine-1>[GdPAI] ObjectRef(124134624705): object was freed before callback; returning Nil.
    [709] <engine-1>[GdPAI] ObjectRef(1382643928884): object was freed before callback; returning Nil.
    [710] <engine-1>[GdPAI] ObjectRef(1382643928884): object was freed before callback; returning Nil.
    [711] <engine-1>[GdPAI] ObjectRef(124621163998): object was freed before callback; returning Nil.
    [712] <engine-1>[GdPAI] ObjectRef(1382643928884): object was freed before callback; returning Nil.
    [713] <engine-1>[GdPAI] ObjectRef(1382643928884): object was freed before callback; returning Nil.
    [714] <engine-1>[GdPAI] ObjectRef(124621163998): object was freed before callback; returning Nil.
    [715] <engine-1>[GdPAI] ObjectRef(1382643928884): object was freed before callback; returning Nil.
    [716] <engine-1>[GdPAI] ObjectRef(1382643928884): object was freed before callback; returning Nil.
    [717] <engine-1>[GdPAI] ObjectRef(124621163998): object was freed before callback; returning Nil.
    [718] <engine-1>[GdPAI] ObjectRef(124621163998): object was freed before callback; returning Nil.
    [719] <engine-1>[GdPAI] ObjectRef(1382643928884): object was freed before callback; returning Nil.
    [720] <engine-1>[GdPAI] ObjectRef(1382643928884): object was freed before callback; returning Nil.
    [721] <engine-1>[GdPAI] ObjectRef(124621163998): object was freed before callback; returning Nil.
    [722] <engine-1>[GdPAI] ObjectRef(124621163998): object was freed before callback; returning Nil.
    [723] <engine-1>[GdPAI] ObjectRef(1382643928884): object was freed before callback; returning Nil.
    [724] <engine-1>[GdPAI] ObjectRef(1382643928884): object was freed before callback; returning Nil.
    [725] <engine-1>[GdPAI] ObjectRef(124621163998): object was freed before callback; returning Nil.
    [726] <engine-1>[GdPAI] ObjectRef(1382643928884): object was freed before callback; returning Nil.
    [727] <engine-1>[GdPAI] ObjectRef(1382643928884): object was freed before callback; returning Nil.
    [728] <engine-1>[GdPAI] ObjectRef(124621163998): object was freed before callback; returning Nil.
    [729] <engine-1>[GdPAI] ObjectRef(1382643928884): object was freed before callback; returning Nil.
    [730] <engine-1>[GdPAI] ObjectRef(1382643928884): object was freed before callback; returning Nil.
    [731] <engine-1>[GdPAI] ObjectRef(124621163998): object was freed before callback; returning Nil.
    [732] <engine-1>[GdPAI] ObjectRef(1382643928884): object was freed before callback; returning Nil.
    [733] <engine-1>[GdPAI] ObjectRef(1382643928884): object was freed before callback; returning Nil.
    [734] <engine-1>[GdPAI] ObjectRef(124621163998): object was freed before callback; returning Nil.
    [735] <engine-1>[GdPAI] ObjectRef(1382643928884): object was freed before callback; returning Nil.
    [736] <engine-1>[GdPAI] ObjectRef(1382643928884): object was freed before callback; returning Nil.
    [737] <engine-1>[GdPAI] ObjectRef(124621163998): object was freed before callback; returning Nil.
    [738] <engine-1>[GdPAI] ObjectRef(124134624705): object was freed before callback; returning Nil.
    [739] <engine-1>[GdPAI] ObjectRef(124134624705): object was freed before callback; returning Nil.
    [740] <engine-1>[GdPAI] ObjectRef(1382643928884): object was freed before callback; returning Nil.
    [741] <engine-1>[GdPAI] ObjectRef(1382643928884): object was freed before callback; returning Nil.
    [742] <engine-1>[GdPAI] ObjectRef(124621163998): object was freed before callback; returning Nil.
    [743] <engine-1>[GdPAI] ObjectRef(124134624705): object was freed before callback; returning Nil.
    [744] <engine-1>[GdPAI] ObjectRef(124134624705): object was freed before callback; returning Nil.
    [745] <engine-1>[GdPAI] ObjectRef(1382643928884): object was freed before callback; returning Nil.
    [746] <engine-1>[GdPAI] ObjectRef(1382643928884): object was freed before callback; returning Nil.
    [747] <engine-1>[GdPAI] ObjectRef(124621163998): object was freed before callback; returning Nil.
    [748] <engine-1>[GdPAI] ObjectRef(124134624705): object was freed before callback; returning Nil.
    [749] <engine-1>[GdPAI] ObjectRef(124134624705): object was freed before callback; returning Nil.
    [750] <engine-1>[GdPAI] ObjectRef(1382643928884): object was freed before callback; returning Nil.
    [751] <engine-1>[GdPAI] ObjectRef(1382643928884): object was freed before callback; returning Nil.
    [752] <engine-1>[GdPAI] ObjectRef(124621163998): object was freed before callback; returning Nil.
    [753] <engine-1>[GdPAI] ObjectRef(124134624705): object was freed before callback; returning Nil.
    [754] <engine-1>[GdPAI] ObjectRef(124134624705): object was freed before callback; returning Nil.
    [755] <engine-1>[GdPAI] ObjectRef(1382643928884): object was freed before callback; returning Nil.
    [756] <engine-1>[GdPAI] ObjectRef(1382643928884): object was freed before callback; returning Nil.
    [757] <engine-1>[GdPAI] ObjectRef(124621163998): object was freed before callback; returning Nil.
    [758] <engine-1>[GdPAI] ObjectRef(1382643928884): object was freed before callback; returning Nil.
    [759] <engine-1>[GdPAI] ObjectRef(1382643928884): object was freed before callback; returning Nil.
    [760] <engine-1>[GdPAI] ObjectRef(124621163998): object was freed before callback; returning Nil.
    [761] <engine-1>[GdPAI] ObjectRef(1382643928884): object was freed before callback; returning Nil.
    [762] <engine-1>[GdPAI] ObjectRef(1382643928884): object was freed before callback; returning Nil.
    [763] <engine-1>[GdPAI] ObjectRef(124621163998): object was freed before callback; returning Nil.
    [764] <engine-1>[GdPAI] ObjectRef(124621163998): object was freed before callback; returning Nil.
    [765] <engine-1>[GdPAI] ObjectRef(1382643928884): object was freed before callback; returning Nil.
    [766] <engine-1>[GdPAI] ObjectRef(1382643928884): object was freed before callback; returning Nil.
    [767] <engine-1>[GdPAI] ObjectRef(124621163998): object was freed before callback; returning Nil.
    [768] <engine-1>[GdPAI] ObjectRef(124621163998): object was freed before callback; returning Nil.
    [769] <engine-1>[GdPAI] ObjectRef(1382643928884): object was freed before callback; returning Nil.
    [770] <engine-1>[GdPAI] ObjectRef(1382643928884): object was freed before callback; returning Nil.
    [771] <engine-1>[GdPAI] ObjectRef(124621163998): object was freed before callback; returning Nil.
    [772] <engine-1>[GdPAI] ObjectRef(1382643928884): object was freed before callback; returning Nil.
    [773] <engine-1>[GdPAI] ObjectRef(1382643928884): object was freed before callback; returning Nil.
    [774] <engine-1>[GdPAI] ObjectRef(124621163998): object was freed before callback; returning Nil.
    [775] <engine-1>[GdPAI] ObjectRef(1382643928884): object was freed before callback; returning Nil.
    [776] <engine-1>[GdPAI] ObjectRef(1382643928884): object was freed before callback; returning Nil.
    [777] <engine-1>[GdPAI] ObjectRef(124621163998): object was freed before callback; returning Nil.
    [778] <engine-1>[GdPAI] ObjectRef(1382643928884): object was freed before callback; returning Nil.
    [779] <engine-1>[GdPAI] ObjectRef(1382643928884): object was freed before callback; returning Nil.
    [780] <engine-1>[GdPAI] ObjectRef(124621163998): object was freed before callback; returning Nil.
    [781] <engine-1>[GdPAI] ObjectRef(1382643928884): object was freed before callback; returning Nil.
    [782] <engine-1>[GdPAI] ObjectRef(1382643928884): object was freed before callback; returning Nil.
    [783] <engine-1>[GdPAI] ObjectRef(1383650561484): object was freed before callback; returning Nil.
    [784] <engine-1>[GdPAI] ObjectRef(1383650561484): object was freed before callback; returning Nil.
    [785] <engine-1>[GdPAI] ObjectRef(124621163998): object was freed before callback; returning Nil.
    [786] <engine-1>[GdPAI] ObjectRef(124134624705): object was freed before callback; returning Nil.
    [787] <engine-1>[GdPAI] ObjectRef(124134624705): object was freed before callback; returning Nil.
    [788] <engine-1>[GdPAI] ObjectRef(1382643928884): object was freed before callback; returning Nil.
    [789] <engine-1>[GdPAI] ObjectRef(1382643928884): object was freed before callback; returning Nil.
    [790] <engine-1>[GdPAI] ObjectRef(1383650561484): object was freed before callback; returning Nil.
    [791] <engine-1>[GdPAI] ObjectRef(1383650561484): object was freed before callback; returning Nil.
    [792] <engine-1>[GdPAI] ObjectRef(124621163998): object was freed before callback; returning Nil.
    [793] <engine-1>[GdPAI] ObjectRef(124134624705): object was freed before callback; returning Nil.
    [794] <engine-1>[GdPAI] ObjectRef(124134624705): object was freed before callback; returning Nil.
    [795] <engine-1>[GdPAI] ObjectRef(1382643928884): object was freed before callback; returning Nil.
    [796] <engine-1>[GdPAI] ObjectRef(1383650561484): object was freed before callback; returning Nil.
    [797] <engine-1>[GdPAI] ObjectRef(1383650561484): object was freed before callback; returning Nil.
    [798] <engine-1>[GdPAI] ObjectRef(124621163998): object was freed before callback; returning Nil.
    [799] <engine-1>[GdPAI] ObjectRef(124134624705): object was freed before callback; returning Nil.
    [800] <engine-1>[GdPAI] ObjectRef(124134624705): object was freed before callback; returning Nil.
    [801] <engine-1>[GdPAI] ObjectRef(1382643928884): object was freed before callback; returning Nil.
    [802] <engine-1>[GdPAI] ObjectRef(1383650561484): object was freed before callback; returning Nil.
    [803] <engine-1>[GdPAI] ObjectRef(1383650561484): object was freed before callback; returning Nil.
    [804] <engine-1>[GdPAI] ObjectRef(124621163998): object was freed before callback; returning Nil.
    [805] <engine-1>[GdPAI] ObjectRef(124134624705): object was freed before callback; returning Nil.
    [806] <engine-1>[GdPAI] ObjectRef(124134624705): object was freed before callback; returning Nil.
    [807] <engine-1>[GdPAI] ObjectRef(1382643928884): object was freed before callback; returning Nil.
    [808] <engine-1>[GdPAI] ObjectRef(1382157389614): object was freed before callback; returning Nil.
    [809] <engine-1>[GdPAI] ObjectRef(1382157389614): object was freed before callback; returning Nil.
    [810] <engine-1>[GdPAI] ObjectRef(124621163998): object was freed before callback; returning Nil.
    [811] <engine-1>[GdPAI] ObjectRef(1382643928884): object was freed before callback; returning Nil.
    [812] <engine-1>[GdPAI] ObjectRef(1382157389614): object was freed before callback; returning Nil.
    [813] <engine-1>[GdPAI] ObjectRef(1382157389614): object was freed before callback; returning Nil.
    [814] <engine-1>[GdPAI] ObjectRef(124621163998): object was freed before callback; returning Nil.
    [815] <engine-1>[GdPAI] ObjectRef(1382643928884): object was freed before callback; returning Nil.
    [816] <engine-1>[GdPAI] ObjectRef(1382157389614): object was freed before callback; returning Nil.
    [817] <engine-1>[GdPAI] ObjectRef(1382157389614): object was freed before callback; returning Nil.
    [818] <engine-1>[GdPAI] ObjectRef(124621163998): object was freed before callback; returning Nil.
    [819] <engine-1>[GdPAI] ObjectRef(124621163998): object was freed before callback; returning Nil.
    [820] <engine-1>[GdPAI] ObjectRef(1382643928884): object was freed before callback; returning Nil.
    [821] <engine-1>[GdPAI] ObjectRef(1382157389614): object was freed before callback; returning Nil.
    [822] <engine-1>[GdPAI] ObjectRef(1382157389614): object was freed before callback; returning Nil.
    [823] <engine-1>[GdPAI] ObjectRef(124621163998): object was freed before callback; returning Nil.
    [824] <engine-1>[GdPAI] ObjectRef(124621163998): object was freed before callback; returning Nil.
    [825] <engine-1>[GdPAI] ObjectRef(1382643928884): object was freed before callback; returning Nil.
    [826] <engine-1>[GdPAI] ObjectRef(124621163998): object was freed before callback; returning Nil.
    [827] <engine-1>[GdPAI] ObjectRef(1382643928884): object was freed before callback; returning Nil.
    [828] <engine-1>[GdPAI] ObjectRef(124621163998): object was freed before callback; returning Nil.
    [829] <engine-1>[GdPAI] ObjectRef(1382643928884): object was freed before callback; returning Nil.
    [830] <engine-1>[GdPAI] ObjectRef(1382643928884): object was freed before callback; returning Nil.
    [831] <engine-1>[GdPAI] ObjectRef(124621163998): object was freed before callback; returning Nil.
    [832] <engine-1>[GdPAI] ObjectRef(1382643928884): object was freed before callback; returning Nil.
    [833] <engine-1>[GdPAI] ObjectRef(1382643928884): object was freed before callback; returning Nil.
    [834] <engine-1>[GdPAI] ObjectRef(124621163998): object was freed before callback; returning Nil.
    [835] <engine-1>[GdPAI] ObjectRef(1382643928884): object was freed before callback; returning Nil.
    [836] <engine-1>[GdPAI] ObjectRef(124621163998): object was freed before callback; returning Nil.
    [837] <engine-1>[GdPAI] ObjectRef(124134624705): object was freed before callback; returning Nil.
    [838] <engine-1>[GdPAI] ObjectRef(124134624705): object was freed before callback; returning Nil.
    [839] <engine-1>[GdPAI] ObjectRef(1382643928884): object was freed before callback; returning Nil.
    [840] <engine-1>[GdPAI] ObjectRef(124621163998): object was freed before callback; returning Nil.
    [841] <engine-1>[GdPAI] ObjectRef(124134624705): object was freed before callback; returning Nil.
    [842] <engine-1>[GdPAI] ObjectRef(124134624705): object was freed before callback; returning Nil.
    [843] <engine-1>[GdPAI] ObjectRef(1382643928884): object was freed before callback; returning Nil.
    [844] <engine-1>[GdPAI] ObjectRef(1382157389614): object was freed before callback; returning Nil.
    [845] <engine-1>[GdPAI] ObjectRef(1382157389614): object was freed before callback; returning Nil.
    [846] <engine-1>[GdPAI] ObjectRef(124621163998): object was freed before callback; returning Nil.
    [847] <engine-1>[GdPAI] ObjectRef(124134624705): object was freed before callback; returning Nil.
    [848] <engine-1>[GdPAI] ObjectRef(124134624705): object was freed before callback; returning Nil.
    [849] <engine-1>[GdPAI] ObjectRef(1382643928884): object was freed before callback; returning Nil.
    [850] <engine-1>[GdPAI] ObjectRef(1382157389614): object was freed before callback; returning Nil.
    [851] <engine-1>[GdPAI] ObjectRef(1382157389614): object was freed before callback; returning Nil.
    [852] <engine-1>[GdPAI] ObjectRef(124621163998): object was freed before callback; returning Nil.
    [853] <engine-1>[GdPAI] ObjectRef(124134624705): object was freed before callback; returning Nil.
    [854] <engine-1>[GdPAI] ObjectRef(124134624705): object was freed before callback; returning Nil.
    [855] <engine-1>[GdPAI] ObjectRef(1382643928884): object was freed before callback; returning Nil.
    [856] <engine-1>[GdPAI] ObjectRef(1382157389614): object was freed before callback; returning Nil.
    [857] <engine-1>[GdPAI] ObjectRef(1382157389614): object was freed before callback; returning Nil.
    [858] <engine-1>[GdPAI] ObjectRef(124621163998): object was freed before callback; returning Nil.
    [859] <engine-1>[GdPAI] ObjectRef(1382643928884): object was freed before callback; returning Nil.
    [860] <engine-1>[GdPAI] ObjectRef(1382157389614): object was freed before callback; returning Nil.
    [861] <engine-1>[GdPAI] ObjectRef(1382157389614): object was freed before callback; returning Nil.
    [862] <engine-1>[GdPAI] ObjectRef(124621163998): object was freed before callback; returning Nil.
    [863] <engine-1>[GdPAI] ObjectRef(1382643928884): object was freed before callback; returning Nil.
    [864] <engine-1>[GdPAI] ObjectRef(124621163998): object was freed before callback; returning Nil.
    [865] <engine-1>[GdPAI] ObjectRef(124621163998): object was freed before callback; returning Nil.
    [866] <engine-1>[GdPAI] ObjectRef(1382643928884): object was freed before callback; returning Nil.
    [867] <engine-1>[GdPAI] ObjectRef(124621163998): object was freed before callback; returning Nil.
    [868] <engine-1>[GdPAI] ObjectRef(124621163998): object was freed before callback; returning Nil.
    [869] <engine-1>[GdPAI] ObjectRef(1382643928884): object was freed before callback; returning Nil.
    [870] <engine-1>[GdPAI] ObjectRef(1382643928884): object was freed before callback; returning Nil.
    [871] <engine-1>[GdPAI] ObjectRef(1383650561484): object was freed before callback; returning Nil.
    [872] <engine-1>[GdPAI] ObjectRef(1383650561484): object was freed before callback; returning Nil.
    [873] <engine-1>[GdPAI] ObjectRef(124621163998): object was freed before callback; returning Nil.
    [874] <engine-1>[GdPAI] ObjectRef(1382643928884): object was freed before callback; returning Nil.
    [875] <engine-1>[GdPAI] ObjectRef(1382643928884): object was freed before callback; returning Nil.
    [876] <engine-1>[GdPAI] ObjectRef(1383650561484): object was freed before callback; returning Nil.
    [877] <engine-1>[GdPAI] ObjectRef(1383650561484): object was freed before callback; returning Nil.
    [878] <engine-1>[GdPAI] ObjectRef(124621163998): object was freed before callback; returning Nil.
    [879] <engine-1>[GdPAI] ObjectRef(1382643928884): object was freed before callback; returning Nil.
    [880] <engine-1>[GdPAI] ObjectRef(1383650561484): object was freed before callback; returning Nil.
    [881] <engine-1>[GdPAI] ObjectRef(1383650561484): object was freed before callback; returning Nil.
    [882] <engine-1>[GdPAI] ObjectRef(124621163998): object was freed before callback; returning Nil.
    [883] <engine-1>[GdPAI] ObjectRef(1382643928884): object was freed before callback; returning Nil.
    [884] <engine-1>[GdPAI] ObjectRef(1383650561484): object was freed before callback; returning Nil.
    [885] <engine-1>[GdPAI] ObjectRef(1383650561484): object was freed before callback; returning Nil.
    [886] <engine-1>[GdPAI] ObjectRef(124621163998): object was freed before callback; returning Nil.
    [887] <engine-1>[GdPAI] ObjectRef(1382643928884): object was freed before callback; returning Nil.
    [888] <engine-1>[GdPAI] ObjectRef(1382157389614): object was freed before callback; returning Nil.
    [889] <engine-1>[GdPAI] ObjectRef(1382157389614): object was freed before callback; returning Nil.
    [890] <engine-1>[GdPAI] ObjectRef(124621163998): object was freed before callback; returning Nil.
    [891] <engine-1>[GdPAI] ObjectRef(124134624705): object was freed before callback; returning Nil.
    [892] <engine-1>[GdPAI] ObjectRef(124134624705): object was freed before callback; returning Nil.
    [893] <engine-1>[GdPAI] ObjectRef(1382643928884): object was freed before callback; returning Nil.
    [894] <engine-1>[GdPAI] ObjectRef(1382157389614): object was freed before callback; returning Nil.
    [895] <engine-1>[GdPAI] ObjectRef(1382157389614): object was freed before callback; returning Nil.
    [896] <engine-1>[GdPAI] ObjectRef(124621163998): object was freed before callback; returning Nil.
    [897] <engine-1>[GdPAI] ObjectRef(124134624705): object was freed before callback; returning Nil.
    [898] <engine-1>[GdPAI] ObjectRef(124134624705): object was freed before callback; returning Nil.
    [899] <engine-1>[GdPAI] ObjectRef(1382643928884): object was freed before callback; returning Nil.
    [900] <engine-1>[GdPAI] ObjectRef(1382157389614): object was freed before callback; returning Nil.
    [901] <engine-1>[GdPAI] ObjectRef(1382157389614): object was freed before callback; returning Nil.
    [902] <engine-1>[GdPAI] ObjectRef(124621163998): object was freed before callback; returning Nil.
    [903] <engine-1>[GdPAI] ObjectRef(124134624705): object was freed before callback; returning Nil.
    [904] <engine-1>[GdPAI] ObjectRef(124134624705): object was freed before callback; returning Nil.
    [905] <engine-1>[GdPAI] ObjectRef(1382643928884): object was freed before callback; returning Nil.
    [906] <engine-1>[GdPAI] ObjectRef(1382157389614): object was freed before callback; returning Nil.
    [907] <engine-1>[GdPAI] ObjectRef(1382157389614): object was freed before callback; returning Nil.
    [908] <engine-1>[GdPAI] ObjectRef(124621163998): object was freed before callback; returning Nil.
    [909] <engine-1>[GdPAI] ObjectRef(124134624705): object was freed before callback; returning Nil.
    [910] <engine-1>[GdPAI] ObjectRef(124134624705): object was freed before callback; returning Nil.
    [911] <engine-1>[GdPAI] ObjectRef(1382643928884): object was freed before callback; returning Nil.
    [912] <engine-1>[GdPAI] ObjectRef(124621163998): object was freed before callback; returning Nil.
    [913] <engine-1>[GdPAI] ObjectRef(1382643928884): object was freed before callback; returning Nil.
    [914] <engine-1>[GdPAI] ObjectRef(124621163998): object was freed before callback; returning Nil.
    [915] <engine-1>[GdPAI] ObjectRef(1382643928884): object was freed before callback; returning Nil.
    [916] <engine-1>[GdPAI] ObjectRef(1382643928884): object was freed before callback; returning Nil.
    [917] <engine-1>[GdPAI] ObjectRef(124621163998): object was freed before callback; returning Nil.
    [918] <engine-1>[GdPAI] ObjectRef(124621163998): object was freed before callback; returning Nil.
    [919] <engine-1>[GdPAI] ObjectRef(1382643928884): object was freed before callback; returning Nil.
    [920] <engine-1>[GdPAI] ObjectRef(1382643928884): object was freed before callback; returning Nil.
    [921] <engine-1>[GdPAI] ObjectRef(124621163998): object was freed before callback; returning Nil.
    [922] <engine-1>[GdPAI] ObjectRef(124621163998): object was freed before callback; returning Nil.
    [923] <engine-1>[GdPAI] ObjectRef(1382643928884): object was freed before callback; returning Nil.
    [924] <engine-1>[GdPAI] ObjectRef(124621163998): object was freed before callback; returning Nil.
    [925] <engine-1>[GdPAI] ObjectRef(124621163998): object was freed before callback; returning Nil.
    [926] <engine-1>[GdPAI] ObjectRef(1382643928884): object was freed before callback; returning Nil.
    [927] <engine-1>[GdPAI] ObjectRef(124621163998): object was freed before callback; returning Nil.
    [928] <engine-1>[GdPAI] ObjectRef(124621163998): object was freed before callback; returning Nil.
    [929] <engine-1>[GdPAI] ObjectRef(1382643928884): object was freed before callback; returning Nil.
    [930] <engine-1>[GdPAI] ObjectRef(1382157389614): object was freed before callback; returning Nil.
    [931] <engine-1>[GdPAI] ObjectRef(1382157389614): object was freed before callback; returning Nil.
    [932] <engine-1>[GdPAI] ObjectRef(124621163998): object was freed before callback; returning Nil.
    [933] <engine-1>[GdPAI] ObjectRef(124621163998): object was freed before callback; returning Nil.
    [934] <engine-1>[GdPAI] ObjectRef(1382643928884): object was freed before callback; returning Nil.
    [935] <engine-1>[GdPAI] ObjectRef(1382157389614): object was freed before callback; returning Nil.
    [936] <engine-1>[GdPAI] ObjectRef(1382157389614): object was freed before callback; returning Nil.
    [937] <engine-1>[GdPAI] ObjectRef(124621163998): object was freed before callback; returning Nil.
    [938] <engine-1>[GdPAI] ObjectRef(124621163998): object was freed before callback; returning Nil.
    [939] <engine-1>[GdPAI] ObjectRef(1382643928884): object was freed before callback; returning Nil.
    [940] <engine-1>[GdPAI] ObjectRef(1382157389614): object was freed before callback; returning Nil.
    [941] <engine-1>[GdPAI] ObjectRef(1382157389614): object was freed before callback; returning Nil.
    [942] <engine-1>[GdPAI] ObjectRef(124621163998): object was freed before callback; returning Nil.
    [943] <engine-1>[GdPAI] ObjectRef(124621163998): object was freed before callback; returning Nil.
    [944] <engine-1>[GdPAI] ObjectRef(1382643928884): object was freed before callback; returning Nil.
    [945] <engine-1>[GdPAI] ObjectRef(1382157389614): object was freed before callback; returning Nil.
    [946] <engine-1>[GdPAI] ObjectRef(1382157389614): object was freed before callback; returning Nil.
    [947] <engine-1>[GdPAI] ObjectRef(124621163998): object was freed before callback; returning Nil.
    [948] <engine-1>[GdPAI] ObjectRef(124621163998): object was freed before callback; returning Nil.
    [949] <engine-1>[GdPAI] ObjectRef(1382643928884): object was freed before callback; returning Nil.
    [950] <engine-1>[GdPAI] ObjectRef(124621163998): object was freed before callback; returning Nil.
    [951] <engine-1>[GdPAI] ObjectRef(124621163998): object was freed before callback; returning Nil.
    [952] <engine-1>[GdPAI] ObjectRef(1382643928884): object was freed before callback; returning Nil.
    [953] <engine-1>[GdPAI] ObjectRef(124621163998): object was freed before callback; returning Nil.
    [954] <engine-1>[GdPAI] ObjectRef(124621163998): object was freed before callback; returning Nil.
    [955] <engine-1>[GdPAI] ObjectRef(1382643928884): object was freed before callback; returning Nil.
    [956] <engine-1>[GdPAI] ObjectRef(1382643928884): object was freed before callback; returning Nil.
    [957] <engine-1>[GdPAI] ObjectRef(124621163998): object was freed before callback; returning Nil.
    [958] <engine-1>[GdPAI] ObjectRef(124621163998): object was freed before callback; returning Nil.
    [959] <engine-1>[GdPAI] ObjectRef(1382643928884): object was freed before callback; returning Nil.
    [960] <engine-1>[GdPAI] ObjectRef(1382643928884): object was freed before callback; returning Nil.
    [961] <engine-1>[GdPAI] ObjectRef(124621163998): object was freed before callback; returning Nil.
    [962] <engine-1>[GdPAI] ObjectRef(124621163998): object was freed before callback; returning Nil.
    [963] <engine-1>[GdPAI] ObjectRef(1382643928884): object was freed before callback; returning Nil.
    [964] <engine-1>[GdPAI] ObjectRef(124621163998): object was freed before callback; returning Nil.
    [965] <engine-1>[GdPAI] ObjectRef(124621163998): object was freed before callback; returning Nil.
    [966] <engine-1>[GdPAI] ObjectRef(1382643928884): object was freed before callback; returning Nil.
    [967] <engine-1>[GdPAI] ObjectRef(124621163998): object was freed before callback; returning Nil.
    [968] <engine-1>[GdPAI] ObjectRef(124621163998): object was freed before callback; returning Nil.
    [969] <engine-1>[GdPAI] ObjectRef(1382643928884): object was freed before callback; returning Nil.
    [970] <engine-1>[GdPAI] ObjectRef(1382157389614): object was freed before callback; returning Nil.
    [971] <engine-1>[GdPAI] ObjectRef(1382157389614): object was freed before callback; returning Nil.
    [972] <engine-1>[GdPAI] ObjectRef(124621163998): object was freed before callback; returning Nil.
    [973] <engine-1>[GdPAI] ObjectRef(124621163998): object was freed before callback; returning Nil.
    [974] <engine-1>[GdPAI] ObjectRef(1382643928884): object was freed before callback; returning Nil.
    [975] <engine-1>[GdPAI] ObjectRef(1382157389614): object was freed before callback; returning Nil.
    [976] <engine-1>[GdPAI] ObjectRef(1382157389614): object was freed before callback; returning Nil.
    [977] <engine-1>[GdPAI] ObjectRef(124621163998): object was freed before callback; returning Nil.
    [978] <engine-1>[GdPAI] ObjectRef(124621163998): object was freed before callback; returning Nil.
    [979] <engine-1>[GdPAI] ObjectRef(1382643928884): object was freed before callback; returning Nil.
    [980] <engine-1>[GdPAI] ObjectRef(1382157389614): object was freed before callback; returning Nil.
    [981] <engine-1>[GdPAI] ObjectRef(1382157389614): object was freed before callback; returning Nil.
    [982] <engine-1>[GdPAI] ObjectRef(124621163998): object was freed before callback; returning Nil.
    [983] <engine-1>[GdPAI] ObjectRef(124621163998): object was freed before callback; returning Nil.
    [984] <engine-1>[GdPAI] ObjectRef(1382643928884): object was freed before callback; returning Nil.
    [985] <engine-1>[GdPAI] ObjectRef(1382157389614): object was freed before callback; returning Nil.
    [986] <engine-1>[GdPAI] ObjectRef(1382157389614): object was freed before callback; returning Nil.
    [987] <engine-1>[GdPAI] ObjectRef(124621163998): object was freed before callback; returning Nil.
    [988] <engine-1>[GdPAI] ObjectRef(124621163998): object was freed before callback; returning Nil.
    [989] <engine-1>[GdPAI] ObjectRef(1382643928884): object was freed before callback; returning Nil.
    [990] <engine-1>[GdPAI] ObjectRef(124621163998): object was freed before callback; returning Nil.
    [991] <engine-1>[GdPAI] ObjectRef(124621163998): object was freed before callback; returning Nil.
    [992] <engine-1>[GdPAI] ObjectRef(1382643928884): object was freed before callback; returning Nil.
    [993] <engine-1>[GdPAI] ObjectRef(124621163998): object was freed before callback; returning Nil.
    [994] <engine-1>[GdPAI] ObjectRef(124621163998): object was freed before callback; returning Nil.
    [995] <engine-1>[GdPAI] ObjectRef(1382643928884): object was freed before callback; returning Nil.
    [996] <engine-1>[GdPAI] ObjectRef(1382643928884): object was freed before callback; returning Nil.
    [997] <engine-1>[GdPAI] ObjectRef(124621163998): object was freed before callback; returning Nil.
    [998] <engine-1>[GdPAI] ObjectRef(124621163998): object was freed before callback; returning Nil.
    [999] <engine-1>[GdPAI] ObjectRef(1382643928884): object was freed before callback; returning Nil.
    [1000] <engine-1>[GdPAI] ObjectRef(1382643928884): object was freed before callback; returning Nil.
    [1001] <engine-1>[GdPAI] ObjectRef(124621163998): object was freed before callback; returning Nil.
    [1002] <engine-1>[GdPAI] ObjectRef(124621163998): object was freed before callback; returning Nil.
    [1003] <engine-1>[GdPAI] ObjectRef(1382643928884): object was freed before callback; returning Nil.
    [1004] <engine-1>[GdPAI] ObjectRef(124621163998): object was freed before callback; returning Nil.
    [1005] <engine-1>[GdPAI] ObjectRef(124621163998): object was freed before callback; returning Nil.
    [1006] <engine-1>[GdPAI] ObjectRef(1382643928884): object was freed before callback; returning Nil.
    [1007] <engine-1>[GdPAI] ObjectRef(124621163998): object was freed before callback; returning Nil.
    [1008] <engine-1>[GdPAI] ObjectRef(124621163998): object was freed before callback; returning Nil.
    [1009] <engine-1>[GdPAI] ObjectRef(1382643928884): object was freed before callback; returning Nil.
    [1010] <engine-1>[GdPAI] ObjectRef(1382157389614): object was freed before callback; returning Nil.
    [1011] <engine-1>[GdPAI] ObjectRef(1382157389614): object was freed before callback; returning Nil.
    [1012] <engine-1>[GdPAI] ObjectRef(124621163998): object was freed before callback; returning Nil.
    [1013] <engine-1>[GdPAI] ObjectRef(124621163998): object was freed before callback; returning Nil.
    [1014] <engine-1>[GdPAI] ObjectRef(1382643928884): object was freed before callback; returning Nil.
    [1015] <engine-1>[GdPAI] ObjectRef(1382157389614): object was freed before callback; returning Nil.
    [1016] <engine-1>[GdPAI] ObjectRef(1382157389614): object was freed before callback; returning Nil.
    [1017] <engine-1>[GdPAI] ObjectRef(124621163998): object was freed before callback; returning Nil.
    [1018] <engine-1>[GdPAI] ObjectRef(124621163998): object was freed before callback; returning Nil.
    [1019] <engine-1>[GdPAI] ObjectRef(1382643928884): object was freed before callback; returning Nil.
    [1020] <engine-1>[GdPAI] ObjectRef(1382157389614): object was freed before callback; returning Nil.
    [1021] <engine-1>[GdPAI] ObjectRef(1382157389614): object was freed before callback; returning Nil.
    [1022] <engine-1>[GdPAI] ObjectRef(124621163998): object was freed before callback; returning Nil.
    [1023] <engine-1>[GdPAI] ObjectRef(124621163998): object was freed before callback; returning Nil.
    [1024] <engine-1>[GdPAI] ObjectRef(125359361544): object was freed before callback; returning Nil.
    [1025] <engine-1>[GdPAI] ObjectRef(124134624705): object was freed before callback; returning Nil.
    [1026] <engine-1>[GdPAI] ObjectRef(125359361544): object was freed before callback; returning Nil.
    [1027] <engine-1>[GdPAI] ObjectRef(124134624705): object was freed before callback; returning Nil.
    [1028] <engine-1>[GdPAI] ObjectRef(1382643928884): object was freed before callback; returning Nil.
    [1029] <engine-1>[GdPAI] ObjectRef(1382157389614): object was freed before callback; returning Nil.
    [1030] <engine-1>[GdPAI] ObjectRef(1382157389614): object was freed before callback; returning Nil.
    [1031] <engine-1>[GdPAI] ObjectRef(124621163998): object was freed before callback; returning Nil.
    [1032] <engine-1>[GdPAI] ObjectRef(124621163998): object was freed before callback; returning Nil.
    [1033] <engine-1>[GdPAI] ObjectRef(125359361544): object was freed before callback; returning Nil.
    [1034] <engine-1>[GdPAI] ObjectRef(124134624705): object was freed before callback; returning Nil.
    [1035] <engine-1>[GdPAI] ObjectRef(125359361544): object was freed before callback; returning Nil.
    [1036] <engine-1>[GdPAI] ObjectRef(124134624705): object was freed before callback; returning Nil.
    [1037] <engine-1>[GdPAI] ObjectRef(1382643928884): object was freed before callback; returning Nil.
    [1038] <engine-1>[GdPAI] ObjectRef(124621163998): object was freed before callback; returning Nil.
    [1039] <engine-1>[GdPAI] ObjectRef(124134624705): object was freed before callback; returning Nil.
    [1040] <engine-1>[GdPAI] ObjectRef(124134624705): object was freed before callback; returning Nil.
    [1041] <engine-1>[GdPAI] ObjectRef(1382643928884): object was freed before callback; returning Nil.
    [1042] <engine-1>[GdPAI] ObjectRef(124621163998): object was freed before callback; returning Nil.
    [1043] <engine-1>[GdPAI] ObjectRef(124134624705): object was freed before callback; returning Nil.
    [1044] <engine-1>[GdPAI] ObjectRef(124134624705): object was freed before callback; returning Nil.
    [1045] <engine-1>[GdPAI] ObjectRef(1382643928884): object was freed before callback; returning Nil.
    [1046] <engine-1>[GdPAI] ObjectRef(1382643928884): object was freed before callback; returning Nil.
    [1047] <engine-1>[GdPAI] ObjectRef(124621163998): object was freed before callback; returning Nil.
    [1048] <engine-1>[GdPAI] ObjectRef(125359361544): object was freed before callback; returning Nil.
    [1049] <engine-1>[GdPAI] ObjectRef(125359361544): object was freed before callback; returning Nil.
    [1050] <engine-1>[GdPAI] ObjectRef(1382643928884): object was freed before callback; returning Nil.
    [1051] <engine-1>[GdPAI] ObjectRef(1382643928884): object was freed before callback; returning Nil.
    [1052] <engine-1>[GdPAI] ObjectRef(124621163998): object was freed before callback; returning Nil.
    [1053] <engine-1>[GdPAI] ObjectRef(125359361544): object was freed before callback; returning Nil.
    [1054] <engine-1>[GdPAI] ObjectRef(125359361544): object was freed before callback; returning Nil.
    [1055] <engine-1>[GdPAI] ObjectRef(1382643928884): object was freed before callback; returning Nil.
    [1056] <engine-1>[GdPAI] ObjectRef(124621163998): object was freed before callback; returning Nil.
    [1057] <engine-1>[GdPAI] ObjectRef(124134624705): object was freed before callback; returning Nil.
    [1058] <engine-1>[GdPAI] ObjectRef(124134624705): object was freed before callback; returning Nil.
    [1059] <engine-1>[GdPAI] ObjectRef(1382643928884): object was freed before callback; returning Nil.
    [1060] <engine-1>[GdPAI] ObjectRef(124621163998): object was freed before callback; returning Nil.
    [1061] <engine-1>[GdPAI] ObjectRef(124134624705): object was freed before callback; returning Nil.
    [1062] <engine-1>[GdPAI] ObjectRef(124134624705): object was freed before callback; returning Nil.
    [1063] <engine-1>[GdPAI] ObjectRef(1382643928884): object was freed before callback; returning Nil.
    [1064] <engine-1>[GdPAI] ObjectRef(1382157389614): object was freed before callback; returning Nil.
    [1065] <engine-1>[GdPAI] ObjectRef(1382157389614): object was freed before callback; returning Nil.
    [1066] <engine-1>[GdPAI] ObjectRef(124621163998): object was freed before callback; returning Nil.
    [1067] <engine-1>[GdPAI] ObjectRef(124134624705): object was freed before callback; returning Nil.
    [1068] <engine-1>[GdPAI] ObjectRef(124134624705): object was freed before callback; returning Nil.
    [1069] <engine-1>[GdPAI] ObjectRef(1382643928884): object was freed before callback; returning Nil.
    [1070] <engine-1>[GdPAI] ObjectRef(1382157389614): object was freed before callback; returning Nil.
    [1071] <engine-1>[GdPAI] ObjectRef(1382157389614): object was freed before callback; returning Nil.
    [1072] <engine-1>[GdPAI] ObjectRef(124621163998): object was freed before callback; returning Nil.
    [1073] <engine-1>[GdPAI] ObjectRef(124134624705): object was freed before callback; returning Nil.
    [1074] <engine-1>[GdPAI] ObjectRef(124134624705): object was freed before callback; returning Nil.
    [1075] <engine-1>[GdPAI] ObjectRef(1382643928884): object was freed before callback; returning Nil.
    [1076] <engine-1>[GdPAI] ObjectRef(1382157389614): object was freed before callback; returning Nil.
    [1077] <engine-1>[GdPAI] ObjectRef(1382157389614): object was freed before callback; returning Nil.
    [1078] <engine-1>[GdPAI] ObjectRef(124621163998): object was freed before callback; returning Nil.
    [1079] <engine-1>[GdPAI] ObjectRef(1382643928884): object was freed before callback; returning Nil.
    [1080] <engine-1>[GdPAI] ObjectRef(1382157389614): object was freed before callback; returning Nil.
    [1081] <engine-1>[GdPAI] ObjectRef(1382157389614): object was freed before callback; returning Nil.
    [1082] <engine-1>[GdPAI] ObjectRef(124621163998): object was freed before callback; returning Nil.
    [1083] <engine-1>[GdPAI] ObjectRef(1382643928884): object was freed before callback; returning Nil.
    [1084] <engine-1>[GdPAI] ObjectRef(124621163998): object was freed before callback; returning Nil.
    [1085] <engine-1>[GdPAI] ObjectRef(124621163998): object was freed before callback; returning Nil.
    [1086] <engine-1>[GdPAI] ObjectRef(1382643928884): object was freed before callback; returning Nil.
    [1087] <engine-1>[GdPAI] ObjectRef(124621163998): object was freed before callback; returning Nil.
    [1088] <engine-1>[GdPAI] ObjectRef(124621163998): object was freed before callback; returning Nil.
    [1089] <engine-1>[GdPAI] ObjectRef(1382643928884): object was freed before callback; returning Nil.
    [1090] <engine-1>[GdPAI] ObjectRef(1382643928884): object was freed before callback; returning Nil.
    [1091] <engine-1>[GdPAI] ObjectRef(124621163998): object was freed before callback; returning Nil.
    [1092] <engine-1>[GdPAI] ObjectRef(1382643928884): object was freed before callback; returning Nil.
    [1093] <engine-1>[GdPAI] ObjectRef(1382643928884): object was freed before callback; returning Nil.
    [1094] <engine-1>[GdPAI] ObjectRef(124621163998): object was freed before callback; returning Nil.
    [1095] <engine-1>[GdPAI] ObjectRef(1382643928884): object was freed before callback; returning Nil.
    [1096] <engine-1>[GdPAI] ObjectRef(124621163998): object was freed before callback; returning Nil.
    [1097] <engine-1>[GdPAI] ObjectRef(1382643928884): object was freed before callback; returning Nil.
    [1098] <engine-1>[GdPAI] ObjectRef(124621163998): object was freed before callback; returning Nil.
    [1099] <engine-1>[GdPAI] ObjectRef(1382643928884): object was freed before callback; returning Nil.
    [1100] <engine-1>[GdPAI] ObjectRef(1382157389614): object was freed before callback; returning Nil.
    [1101] <engine-1>[GdPAI] ObjectRef(1382157389614): object was freed before callback; returning Nil.
    [1102] <engine-1>[GdPAI] ObjectRef(124621163998): object was freed before callback; returning Nil.
    [1103] <engine-1>[GdPAI] ObjectRef(124134624705): object was freed before callback; returning Nil.
    [1104] <engine-1>[GdPAI] ObjectRef(124134624705): object was freed before callback; returning Nil.
    [1105] <engine-1>[GdPAI] ObjectRef(1382643928884): object was freed before callback; returning Nil.
    [1106] <engine-1>[GdPAI] ObjectRef(1382157389614): object was freed before callback; returning Nil.
    [1107] <engine-1>[GdPAI] ObjectRef(1382157389614): object was freed before callback; returning Nil.
    [1108] <engine-1>[GdPAI] ObjectRef(124621163998): object was freed before callback; returning Nil.
    [1109] <engine-1>[GdPAI] ObjectRef(124134624705): object was freed before callback; returning Nil.
    [1110] <engine-1>[GdPAI] ObjectRef(124134624705): object was freed before callback; returning Nil.
    [1111] <engine-1>[GdPAI] ObjectRef(1382643928884): object was freed before callback; returning Nil.
    [1112] <engine-1>[GdPAI] ObjectRef(1382157389614): object was freed before callback; returning Nil.
    [1113] <engine-1>[GdPAI] ObjectRef(1382157389614): object was freed before callback; returning Nil.
    [1114] <engine-1>[GdPAI] ObjectRef(124621163998): object was freed before callback; returning Nil.
    [1115] <engine-1>[GdPAI] ObjectRef(124134624705): object was freed before callback; returning Nil.
    [1116] <engine-1>[GdPAI] ObjectRef(124134624705): object was freed before callback; returning Nil.
    [1117] <engine-1>[GdPAI] ObjectRef(1382643928884): object was freed before callback; returning Nil.
    [1118] <engine-1>[GdPAI] ObjectRef(1382157389614): object was freed before callback; returning Nil.
    [1119] <engine-1>[GdPAI] ObjectRef(1382157389614): object was freed before callback; returning Nil.
    [1120] <engine-1>[GdPAI] ObjectRef(124621163998): object was freed before callback; returning Nil.
    [1121] <engine-1>[GdPAI] ObjectRef(124134624705): object was freed before callback; returning Nil.
    [1122] <engine-1>[GdPAI] ObjectRef(124134624705): object was freed before callback; returning Nil.
    [1123] <engine-1>[GdPAI] ObjectRef(1382643928884): object was freed before callback; returning Nil.
    [1124] <engine-1>[GdPAI] ObjectRef(124621163998): object was freed before callback; returning Nil.
    [1125] <engine-1>[GdPAI] ObjectRef(1382643928884): object was freed before callback; returning Nil.
    [1126] <engine-1>[GdPAI] ObjectRef(124621163998): object was freed before callback; returning Nil.
    [1127] <engine-1>[GdPAI] ObjectRef(1382643928884): object was freed before callback; returning Nil.
    [1128] <engine-1>[GdPAI] ObjectRef(1382643928884): object was freed before callback; returning Nil.
    [1129] <engine-1>[GdPAI] ObjectRef(124621163998): object was freed before callback; returning Nil.
    [1130] <engine-1>[GdPAI] ObjectRef(124621163998): object was freed before callback; returning Nil.
    [1131] <engine-1>[GdPAI] ObjectRef(125359361544): object was freed before callback; returning Nil.
    [1132] <engine-1>[GdPAI] ObjectRef(124134624705): object was freed before callback; returning Nil.
    [1133] <engine-1>[GdPAI] ObjectRef(125359361544): object was freed before callback; returning Nil.
    [1134] <engine-1>[GdPAI] ObjectRef(124134624705): object was freed before callback; returning Nil.
    [1135] <engine-1>[GdPAI] ObjectRef(1382643928884): object was freed before callback; returning Nil.
    [1136] <engine-1>[GdPAI] ObjectRef(1382643928884): object was freed before callback; returning Nil.
    [1137] <engine-1>[GdPAI] ObjectRef(124621163998): object was freed before callback; returning Nil.
    [1138] <engine-1>[GdPAI] ObjectRef(124621163998): object was freed before callback; returning Nil.
    [1139] <engine-1>[GdPAI] ObjectRef(125359361544): object was freed before callback; returning Nil.
    [1140] <engine-1>[GdPAI] ObjectRef(124134624705): object was freed before callback; returning Nil.
    [1141] <engine-1>[GdPAI] ObjectRef(125359361544): object was freed before callback; returning Nil.
    [1142] <engine-1>[GdPAI] ObjectRef(124134624705): object was freed before callback; returning Nil.
    [1143] <engine-1>[GdPAI] ObjectRef(1382643928884): object was freed before callback; returning Nil.
    [1144] <engine-1>[GdPAI] ObjectRef(1382643928884): object was freed before callback; returning Nil.
    [1145] <engine-1>[GdPAI] ObjectRef(124621163998): object was freed before callback; returning Nil.
    [1146] <engine-1>[GdPAI] ObjectRef(124134624705): object was freed before callback; returning Nil.
    [1147] <engine-1>[GdPAI] ObjectRef(124134624705): object was freed before callback; returning Nil.
    [1148] <engine-1>[GdPAI] ObjectRef(1382643928884): object was freed before callback; returning Nil.
    [1149] <engine-1>[GdPAI] ObjectRef(1382643928884): object was freed before callback; returning Nil.
    [1150] <engine-1>[GdPAI] ObjectRef(124621163998): object was freed before callback; returning Nil.
    [1151] <engine-1>[GdPAI] ObjectRef(124134624705): object was freed before callback; returning Nil.
    [1152] <engine-1>[GdPAI] ObjectRef(124134624705): object was freed before callback; returning Nil.
    [1153] <engine-1>[GdPAI] ObjectRef(1382643928884): object was freed before callback; returning Nil.
    [1154] <engine-1>[GdPAI] ObjectRef(1382643928884): object was freed before callback; returning Nil.
    [1155] <engine-1>[GdPAI] ObjectRef(124621163998): object was freed before callback; returning Nil.
    [1156] <engine-1>[GdPAI] ObjectRef(125359361544): object was freed before callback; returning Nil.
    [1157] <engine-1>[GdPAI] ObjectRef(125359361544): object was freed before callback; returning Nil.
    [1158] <engine-1>[GdPAI] ObjectRef(1382643928884): object was freed before callback; returning Nil.
    [1159] <engine-1>[GdPAI] ObjectRef(1382643928884): object was freed before callback; returning Nil.
    [1160] <engine-1>[GdPAI] ObjectRef(124621163998): object was freed before callback; returning Nil.
    [1161] <engine-1>[GdPAI] ObjectRef(125359361544): object was freed before callback; returning Nil.
    [1162] <engine-1>[GdPAI] ObjectRef(125359361544): object was freed before callback; returning Nil.
    [1163] <engine-1>[GdPAI] ObjectRef(1382643928884): object was freed before callback; returning Nil.
    [1164] <engine-1>[GdPAI] ObjectRef(1382643928884): object was freed before callback; returning Nil.
    [1165] <engine-1>[GdPAI] ObjectRef(124621163998): object was freed before callback; returning Nil.
    [1166] <engine-1>[GdPAI] ObjectRef(124134624705): object was freed before callback; returning Nil.
    [1167] <engine-1>[GdPAI] ObjectRef(124134624705): object was freed before callback; returning Nil.
    [1168] <engine-1>[GdPAI] ObjectRef(1382643928884): object was freed before callback; returning Nil.
    [1169] <engine-1>[GdPAI] ObjectRef(1382643928884): object was freed before callback; returning Nil.
    [1170] <engine-1>[GdPAI] ObjectRef(124621163998): object was freed before callback; returning Nil.
    [1171] <engine-1>[GdPAI] ObjectRef(124134624705): object was freed before callback; returning Nil.
    [1172] <engine-1>[GdPAI] ObjectRef(124134624705): object was freed before callback; returning Nil.
    [1173] <engine-1>[GdPAI] ObjectRef(1382643928884): object was freed before callback; returning Nil.
    [1174] <engine-1>[GdPAI] ObjectRef(1382643928884): object was freed before callback; returning Nil.
    [1175] <engine-1>[GdPAI] ObjectRef(124621163998): object was freed before callback; returning Nil.
    [1176] <engine-1>[GdPAI] ObjectRef(124134624705): object was freed before callback; returning Nil.
    [1177] <engine-1>[GdPAI] ObjectRef(124134624705): object was freed before callback; returning Nil.
    [1178] <engine-1>[GdPAI] ObjectRef(1382643928884): object was freed before callback; returning Nil.
    [1179] <engine-1>[GdPAI] ObjectRef(1382643928884): object was freed before callback; returning Nil.
    [1180] <engine-1>[GdPAI] ObjectRef(124621163998): object was freed before callback; returning Nil.
    [1181] <engine-1>[GdPAI] ObjectRef(124134624705): object was freed before callback; returning Nil.
    [1182] <engine-1>[GdPAI] ObjectRef(124134624705): object was freed before callback; returning Nil.
    [1183] <engine-1>[GdPAI] ObjectRef(1382643928884): object was freed before callback; returning Nil.
    [1184] <engine-1>[GdPAI] ObjectRef(1382643928884): object was freed before callback; returning Nil.
    [1185] <engine-1>[GdPAI] ObjectRef(124621163998): object was freed before callback; returning Nil.
    [1186] <engine-1>[GdPAI] ObjectRef(1382643928884): object was freed before callback; returning Nil.
    [1187] <engine-1>[GdPAI] ObjectRef(1382643928884): object was freed before callback; returning Nil.
    [1188] <engine-1>[GdPAI] ObjectRef(124621163998): object was freed before callback; returning Nil.
    [1189] <engine-1>[GdPAI] ObjectRef(1382643928884): object was freed before callback; returning Nil.
    [1190] <engine-1>[GdPAI] ObjectRef(1382643928884): object was freed before callback; returning Nil.
    [1191] <engine-1>[GdPAI] ObjectRef(124621163998): object was freed before callback; returning Nil.
    [1192] <engine-1>[GdPAI] ObjectRef(124621163998): object was freed before callback; returning Nil.
    [1193] <engine-1>[GdPAI] ObjectRef(1382643928884): object was freed before callback; returning Nil.
    [1194] <engine-1>[GdPAI] ObjectRef(1382643928884): object was freed before callback; returning Nil.
    [1195] <engine-1>[GdPAI] ObjectRef(124621163998): object was freed before callback; returning Nil.
    [1196] <engine-1>[GdPAI] ObjectRef(124621163998): object was freed before callback; returning Nil.
    [1197] <engine-1>[GdPAI] ObjectRef(1382643928884): object was freed before callback; returning Nil.
    [1198] <engine-1>[GdPAI] ObjectRef(1382643928884): object was freed before callback; returning Nil.
    [1199] <engine-1>[GdPAI] ObjectRef(124621163998): object was freed before callback; returning Nil.
    [1200] <engine-1>[GdPAI] ObjectRef(1382643928884): object was freed before callback; returning Nil.
    [1201] <engine-1>[GdPAI] ObjectRef(1382643928884): object was freed before callback; returning Nil.
    [1202] <engine-1>[GdPAI] ObjectRef(124621163998): object was freed before callback; returning Nil.
    [1203] <engine-1>[GdPAI] ObjectRef(1382643928884): object was freed before callback; returning Nil.
    [1204] <engine-1>[GdPAI] ObjectRef(1382643928884): object was freed before callback; returning Nil.
    [1205] <engine-1>[GdPAI] ObjectRef(124621163998): object was freed before callback; returning Nil.
    [1206] <engine-1>[GdPAI] ObjectRef(1382643928884): object was freed before callback; returning Nil.
    [1207] <engine-1>[GdPAI] ObjectRef(1382643928884): object was freed before callback; returning Nil.
    [1208] <engine-1>[GdPAI] ObjectRef(124621163998): object was freed before callback; returning Nil.
    [1209] <engine-1>[GdPAI] ObjectRef(1382643928884): object was freed before callback; returning Nil.
    [1210] <engine-1>[GdPAI] ObjectRef(1382643928884): object was freed before callback; returning Nil.
    [1211] <engine-1>[GdPAI] ObjectRef(124621163998): object was freed before callback; returning Nil.
    [1212] <engine-1>[GdPAI] ObjectRef(124134624705): object was freed before callback; returning Nil.
    [1213] <engine-1>[GdPAI] ObjectRef(124134624705): object was freed before callback; returning Nil.
    [1214] <engine-1>[GdPAI] ObjectRef(1382643928884): object was freed before callback; returning Nil.
    [1215] <engine-1>[GdPAI] ObjectRef(1382643928884): object was freed before callback; returning Nil.
    [1216] <engine-1>[GdPAI] ObjectRef(124621163998): object was freed before callback; returning Nil.
    [1217] <engine-1>[GdPAI] ObjectRef(124134624705): object was freed before callback; returning Nil.
    [1218] <engine-1>[GdPAI] ObjectRef(124134624705): object was freed before callback; returning Nil.
    [1219] <engine-1>[GdPAI] ObjectRef(1382643928884): object was freed before callback; returning Nil.
    [1220] <engine-1>[GdPAI] ObjectRef(1382643928884): object was freed before callback; returning Nil.
    [1221] <engine-1>[GdPAI] ObjectRef(124621163998): object was freed before callback; returning Nil.
    [1222] <engine-1>[GdPAI] ObjectRef(124134624705): object was freed before callback; returning Nil.
    [1223] <engine-1>[GdPAI] ObjectRef(124134624705): object was freed before callback; returning Nil.
    [1224] <engine-1>[GdPAI] ObjectRef(1382643928884): object was freed before callback; returning Nil.
    [1225] <engine-1>[GdPAI] ObjectRef(1382643928884): object was freed before callback; returning Nil.
    [1226] <engine-1>[GdPAI] ObjectRef(124621163998): object was freed before callback; returning Nil.
    [1227] <engine-1>[GdPAI] ObjectRef(124134624705): object was freed before callback; returning Nil.
    [1228] <engine-1>[GdPAI] ObjectRef(124134624705): object was freed before callback; returning Nil.
    [1229] <engine-1>[GdPAI] ObjectRef(1382643928884): object was freed before callback; returning Nil.
    [1230] <engine-1>[GdPAI] ObjectRef(1382643928884): object was freed before callback; returning Nil.
    [1231] <engine-1>[GdPAI] ObjectRef(124621163998): object was freed before callback; returning Nil.
    [1232] <engine-1>[GdPAI] ObjectRef(1382643928884): object was freed before callback; returning Nil.
    [1233] <engine-1>[GdPAI] ObjectRef(1382643928884): object was freed before callback; returning Nil.
    [1234] <engine-1>[GdPAI] ObjectRef(124621163998): object was freed before callback; returning Nil.
    [1235] <engine-1>[GdPAI] ObjectRef(1382643928884): object was freed before callback; returning Nil.
    [1236] <engine-1>[GdPAI] ObjectRef(1382643928884): object was freed before callback; returning Nil.
    [1237] <engine-1>[GdPAI] ObjectRef(124621163998): object was freed before callback; returning Nil.
    [1238] <engine-1>[GdPAI] ObjectRef(124621163998): object was freed before callback; returning Nil.
    [1239] <engine-1>[GdPAI] ObjectRef(1382643928884): object was freed before callback; returning Nil.
    [1240] <engine-1>[GdPAI] ObjectRef(1382643928884): object was freed before callback; returning Nil.
    [1241] <engine-1>[GdPAI] ObjectRef(124621163998): object was freed before callback; returning Nil.
    [1242] <engine-1>[GdPAI] ObjectRef(124621163998): object was freed before callback; returning Nil.
    [1243] <engine-1>[GdPAI] ObjectRef(1382643928884): object was freed before callback; returning Nil.
    [1244] <engine-1>[GdPAI] ObjectRef(1382643928884): object was freed before callback; returning Nil.
    [1245] <engine-1>[GdPAI] ObjectRef(1383499573091): object was freed before callback; returning Nil.
    [1246] <engine-1>[GdPAI] ObjectRef(1383499573091): object was freed before callback; returning Nil.
    [1247] <engine-1>[GdPAI] ObjectRef(124621163998): object was freed before callback; returning Nil.
    [1248] <engine-1>[GdPAI] ObjectRef(1382643928884): object was freed before callback; returning Nil.
    [1249] <engine-1>[GdPAI] ObjectRef(1382643928884): object was freed before callback; returning Nil.
    [1250] <engine-1>[GdPAI] ObjectRef(1383499573091): object was freed before callback; returning Nil.
    [1251] <engine-1>[GdPAI] ObjectRef(1383499573091): object was freed before callback; returning Nil.
    [1252] <engine-1>[GdPAI] ObjectRef(124621163998): object was freed before callback; returning Nil.
    [1253] <engine-1>[GdPAI] ObjectRef(1382643928884): object was freed before callback; returning Nil.
    [1254] <engine-1>[GdPAI] ObjectRef(1383499573091): object was freed before callback; returning Nil.
    [1255] <engine-1>[GdPAI] ObjectRef(1383499573091): object was freed before callback; returning Nil.
    [1256] <engine-1>[GdPAI] ObjectRef(124621163998): object was freed before callback; returning Nil.
    [1257] <engine-1>[GdPAI] ObjectRef(1382643928884): object was freed before callback; returning Nil.
    [1258] <engine-1>[GdPAI] ObjectRef(1383499573091): object was freed before callback; returning Nil.
    [1259] <engine-1>[GdPAI] ObjectRef(1383499573091): object was freed before callback; returning Nil.
    [1260] <engine-1>[GdPAI] ObjectRef(124621163998): object was freed before callback; returning Nil.
    [1261] <engine-1>[GdPAI] ObjectRef(1382643928884): object was freed before callback; returning Nil.
    [1262] <engine-1>[GdPAI] ObjectRef(1382157389614): object was freed before callback; returning Nil.
    [1263] <engine-1>[GdPAI] ObjectRef(1382157389614): object was freed before callback; returning Nil.
    [1264] <engine-1>[GdPAI] ObjectRef(124621163998): object was freed before callback; returning Nil.
    [1265] <engine-1>[GdPAI] ObjectRef(124134624705): object was freed before callback; returning Nil.
    [1266] <engine-1>[GdPAI] ObjectRef(124134624705): object was freed before callback; returning Nil.
    [1267] <engine-1>[GdPAI] ObjectRef(1382643928884): object was freed before callback; returning Nil.
    [1268] <engine-1>[GdPAI] ObjectRef(1382157389614): object was freed before callback; returning Nil.
    [1269] <engine-1>[GdPAI] ObjectRef(1382157389614): object was freed before callback; returning Nil.
    [1270] <engine-1>[GdPAI] ObjectRef(124621163998): object was freed before callback; returning Nil.
    [1271] <engine-1>[GdPAI] ObjectRef(124134624705): object was freed before callback; returning Nil.
    [1272] <engine-1>[GdPAI] ObjectRef(124134624705): object was freed before callback; returning Nil.
    [1273] <engine-1>[GdPAI] ObjectRef(1382643928884): object was freed before callback; returning Nil.
    [1274] <engine-1>[GdPAI] ObjectRef(1382157389614): object was freed before callback; returning Nil.
    [1275] <engine-1>[GdPAI] ObjectRef(1382157389614): object was freed before callback; returning Nil.
    [1276] <engine-1>[GdPAI] ObjectRef(124621163998): object was freed before callback; returning Nil.
    [1277] <engine-1>[GdPAI] ObjectRef(124134624705): object was freed before callback; returning Nil.
    [1278] <engine-1>[GdPAI] ObjectRef(124134624705): object was freed before callback; returning Nil.
    [1279] <engine-1>[GdPAI] ObjectRef(1382643928884): object was freed before callback; returning Nil.
    [1280] <engine-1>[GdPAI] ObjectRef(1382157389614): object was freed before callback; returning Nil.
    [1281] <engine-1>[GdPAI] ObjectRef(1382157389614): object was freed before callback; returning Nil.
    [1282] <engine-1>[GdPAI] ObjectRef(124621163998): object was freed before callback; returning Nil.
    [1283] <engine-1>[GdPAI] ObjectRef(124134624705): object was freed before callback; returning Nil.
    [1284] <engine-1>[GdPAI] ObjectRef(124134624705): object was freed before callback; returning Nil.
    [1285] <engine-1>[GdPAI] ObjectRef(1382643928884): object was freed before callback; returning Nil.
    [1286] <engine-1>[GdPAI] ObjectRef(124621163998): object was freed before callback; returning Nil.
    [1287] <engine-1>[GdPAI] ObjectRef(1382643928884): object was freed before callback; returning Nil.
    [1288] <engine-1>[GdPAI] ObjectRef(124621163998): object was freed before callback; returning Nil.
    [1289] <engine-1>[GdPAI] ObjectRef(1382643928884): object was freed before callback; returning Nil.
    [1290] <engine-1>[GdPAI] ObjectRef(1382643928884): object was freed before callback; returning Nil.
    [1291] <engine-1>[GdPAI] ObjectRef(124621163998): object was freed before callback; returning Nil.
    [1292] <engine-1>[GdPAI] ObjectRef(124621163998): object was freed before callback; returning Nil.
    [1293] <engine-1>[GdPAI] ObjectRef(1382643928884): object was freed before callback; returning Nil.
    [1294] <engine-1>[GdPAI] ObjectRef(1382643928884): object was freed before callback; returning Nil.
    [1295] <engine-1>[GdPAI] ObjectRef(124621163998): object was freed before callback; returning Nil.
    [1296] <engine-1>[GdPAI] ObjectRef(124621163998): object was freed before callback; returning Nil.
    [1297] <engine-1>[GdPAI] ObjectRef(1382643928884): object was freed before callback; returning Nil.
    [1298] <engine-1>[GdPAI] ObjectRef(124621163998): object was freed before callback; returning Nil.
    [1299] <engine-1>[GdPAI] ObjectRef(1382643928884): object was freed before callback; returning Nil.
    [1300] <engine-1>[GdPAI] ObjectRef(124621163998): object was freed before callback; returning Nil.
    [1301] <engine-1>[GdPAI] ObjectRef(1382643928884): object was freed before callback; returning Nil.
    [1302] <engine-1>[GdPAI] ObjectRef(1382157389614): object was freed before callback; returning Nil.
    [1303] <engine-1>[GdPAI] ObjectRef(1382157389614): object was freed before callback; returning Nil.
    [1304] <engine-1>[GdPAI] ObjectRef(124621163998): object was freed before callback; returning Nil.
    [1305] <engine-1>[GdPAI] ObjectRef(1382643928884): object was freed before callback; returning Nil.
    [1306] <engine-1>[GdPAI] ObjectRef(1382157389614): object was freed before callback; returning Nil.
    [1307] <engine-1>[GdPAI] ObjectRef(1382157389614): object was freed before callback; returning Nil.
    [1308] <engine-1>[GdPAI] ObjectRef(124621163998): object was freed before callback; returning Nil.
    [1309] <engine-1>[GdPAI] ObjectRef(1382643928884): object was freed before callback; returning Nil.
    [1310] <engine-1>[GdPAI] ObjectRef(1382157389614): object was freed before callback; returning Nil.
    [1311] <engine-1>[GdPAI] ObjectRef(1382157389614): object was freed before callback; returning Nil.
    [1312] <engine-1>[GdPAI] ObjectRef(124621163998): object was freed before callback; returning Nil.
    [1313] <engine-1>[GdPAI] ObjectRef(124134624705): object was freed before callback; returning Nil.
    [1314] <engine-1>[GdPAI] ObjectRef(124134624705): object was freed before callback; returning Nil.
    [1315] <engine-1>[GdPAI] ObjectRef(1382643928884): object was freed before callback; returning Nil.
    [1316] <engine-1>[GdPAI] ObjectRef(1382157389614): object was freed before callback; returning Nil.
    [1317] <engine-1>[GdPAI] ObjectRef(1382157389614): object was freed before callback; returning Nil.
    [1318] <engine-1>[GdPAI] ObjectRef(124621163998): object was freed before callback; returning Nil.
    [1319] <engine-1>[GdPAI] ObjectRef(124134624705): object was freed before callback; returning Nil.
    [1320] <engine-1>[GdPAI] ObjectRef(124134624705): object was freed before callback; returning Nil.
    [1321] <engine-1>[GdPAI] ObjectRef(1382643928884): object was freed before callback; returning Nil.
    [1322] <engine-1>[GdPAI] ObjectRef(124621163998): object was freed before callback; returning Nil.
    [1323] <engine-1>[GdPAI] ObjectRef(124134624705): object was freed before callback; returning Nil.
    [1324] <engine-1>[GdPAI] ObjectRef(124134624705): object was freed before callback; returning Nil.
    [1325] <engine-1>[GdPAI] ObjectRef(1382643928884): object was freed before callback; returning Nil.
    [1326] <engine-1>[GdPAI] ObjectRef(124621163998): object was freed before callback; returning Nil.
    [1327] <engine-1>[GdPAI] ObjectRef(124134624705): object was freed before callback; returning Nil.
    [1328] <engine-1>[GdPAI] ObjectRef(124134624705): object was freed before callback; returning Nil.
    [1329] <engine-1>[GdPAI] ObjectRef(1382643928884): object was freed before callback; returning Nil.
    [1330] <engine-1>[GdPAI] ObjectRef(1382643928884): object was freed before callback; returning Nil.
    [1331] <engine-1>[GdPAI] ObjectRef(1383499573091): object was freed before callback; returning Nil.
    [1332] <engine-1>[GdPAI] ObjectRef(1383499573091): object was freed before callback; returning Nil.
    [1333] <engine-1>[GdPAI] ObjectRef(124621163998): object was freed before callback; returning Nil.
    [1334] <engine-1>[GdPAI] ObjectRef(1382643928884): object was freed before callback; returning Nil.
    [1335] <engine-1>[GdPAI] ObjectRef(1382643928884): object was freed before callback; returning Nil.
    [1336] <engine-1>[GdPAI] ObjectRef(1383499573091): object was freed before callback; returning Nil.
    [1337] <engine-1>[GdPAI] ObjectRef(1383499573091): object was freed before callback; returning Nil.
    [1338] <engine-1>[GdPAI] ObjectRef(124621163998): object was freed before callback; returning Nil.
    [1339] <engine-1>[GdPAI] ObjectRef(1382643928884): object was freed before callback; returning Nil.
    [1340] <engine-1>[GdPAI] ObjectRef(1383499573091): object was freed before callback; returning Nil.
    [1341] <engine-1>[GdPAI] ObjectRef(1383499573091): object was freed before callback; returning Nil.
    [1342] <engine-1>[GdPAI] ObjectRef(124621163998): object was freed before callback; returning Nil.
    [1343] <engine-1>[GdPAI] ObjectRef(124621163998): object was freed before callback; returning Nil.
    [1344] <engine-1>[GdPAI] ObjectRef(1382643928884): object was freed before callback; returning Nil.
    [1345] <engine-1>[GdPAI] ObjectRef(1383499573091): object was freed before callback; returning Nil.
    [1346] <engine-1>[GdPAI] ObjectRef(1383499573091): object was freed before callback; returning Nil.
    [1347] <engine-1>[GdPAI] ObjectRef(124621163998): object was freed before callback; returning Nil.
    [1348] <engine-1>[GdPAI] ObjectRef(124621163998): object was freed before callback; returning Nil.
    [1349] <engine-1>[GdPAI] ObjectRef(1382643928884): object was freed before callback; returning Nil.
    [1350] <engine-1>[GdPAI] ObjectRef(1382157389614): object was freed before callback; returning Nil.
    [1351] <engine-1>[GdPAI] ObjectRef(1382157389614): object was freed before callback; returning Nil.
    [1352] <engine-1>[GdPAI] ObjectRef(124621163998): object was freed before callback; returning Nil.
    [1353] <engine-1>[GdPAI] ObjectRef(1382643928884): object was freed before callback; returning Nil.
    [1354] <engine-1>[GdPAI] ObjectRef(1382157389614): object was freed before callback; returning Nil.
    [1355] <engine-1>[GdPAI] ObjectRef(1382157389614): object was freed before callback; returning Nil.
    [1356] <engine-1>[GdPAI] ObjectRef(124621163998): object was freed before callback; returning Nil.
    [1357] <engine-1>[GdPAI] ObjectRef(1382643928884): object was freed before callback; returning Nil.
    [1358] <engine-1>[GdPAI] ObjectRef(1382157389614): object was freed before callback; returning Nil.
    [1359] <engine-1>[GdPAI] ObjectRef(1382157389614): object was freed before callback; returning Nil.
    [1360] <engine-1>[GdPAI] ObjectRef(124621163998): object was freed before callback; returning Nil.
    [1361] <engine-1>[GdPAI] ObjectRef(1382643928884): object was freed before callback; returning Nil.
    [1362] <engine-1>[GdPAI] ObjectRef(1382157389614): object was freed before callback; returning Nil.
    [1363] <engine-1>[GdPAI] ObjectRef(1382157389614): object was freed before callback; returning Nil.
    [1364] <engine-1>[GdPAI] ObjectRef(124621163998): object was freed before callback; returning Nil.
    [1365] <engine-1>[GdPAI] ObjectRef(1382643928884): object was freed before callback; returning Nil.
    [1366] <engine-1>[GdPAI] ObjectRef(124621163998): object was freed before callback; returning Nil.
    [1367] <engine-1>[GdPAI] ObjectRef(124134624705): object was freed before callback; returning Nil.
    [1368] <engine-1>[GdPAI] ObjectRef(124134624705): object was freed before callback; returning Nil.
    [1369] <engine-1>[GdPAI] ObjectRef(1382643928884): object was freed before callback; returning Nil.
    [1370] <engine-1>[GdPAI] ObjectRef(124621163998): object was freed before callback; returning Nil.
    [1371] <engine-1>[GdPAI] ObjectRef(124134624705): object was freed before callback; returning Nil.
    [1372] <engine-1>[GdPAI] ObjectRef(124134624705): object was freed before callback; returning Nil.
    [1373] <engine-1>[GdPAI] ObjectRef(1382643928884): object was freed before callback; returning Nil.
    [1374] <engine-1>[GdPAI] ObjectRef(1382643928884): object was freed before callback; returning Nil.
    [1375] <engine-1>[GdPAI] ObjectRef(124621163998): object was freed before callback; returning Nil.
    [1376] <engine-1>[GdPAI] ObjectRef(124134624705): object was freed before callback; returning Nil.
    [1377] <engine-1>[GdPAI] ObjectRef(124134624705): object was freed before callback; returning Nil.
    [1378] <engine-1>[GdPAI] ObjectRef(1382643928884): object was freed before callback; returning Nil.
    [1379] <engine-1>[GdPAI] ObjectRef(1382643928884): object was freed before callback; returning Nil.
    [1380] <engine-1>[GdPAI] ObjectRef(124621163998): object was freed before callback; returning Nil.
    [1381] <engine-1>[GdPAI] ObjectRef(124134624705): object was freed before callback; returning Nil.
    [1382] <engine-1>[GdPAI] ObjectRef(124134624705): object was freed before callback; returning Nil.
    [1383] <engine-1>[GdPAI] ObjectRef(1382643928884): object was freed before callback; returning Nil.
    [1384] <engine-1>[GdPAI] ObjectRef(124621163998): object was freed before callback; returning Nil.
    [1385] <engine-1>[GdPAI] ObjectRef(1382643928884): object was freed before callback; returning Nil.
    [1386] <engine-1>[GdPAI] ObjectRef(124621163998): object was freed before callback; returning Nil.
    [1387] <engine-1>[GdPAI] ObjectRef(1382643928884): object was freed before callback; returning Nil.
    [1388] <engine-1>[GdPAI] ObjectRef(1382157389614): object was freed before callback; returning Nil.
    [1389] <engine-1>[GdPAI] ObjectRef(1382157389614): object was freed before callback; returning Nil.
    [1390] <engine-1>[GdPAI] ObjectRef(124621163998): object was freed before callback; returning Nil.
    [1391] <engine-1>[GdPAI] ObjectRef(124621163998): object was freed before callback; returning Nil.
    [1392] <engine-1>[GdPAI] ObjectRef(1382643928884): object was freed before callback; returning Nil.
    [1393] <engine-1>[GdPAI] ObjectRef(1382157389614): object was freed before callback; returning Nil.
    [1394] <engine-1>[GdPAI] ObjectRef(1382157389614): object was freed before callback; returning Nil.
    [1395] <engine-1>[GdPAI] ObjectRef(124621163998): object was freed before callback; returning Nil.
    [1396] <engine-1>[GdPAI] ObjectRef(124621163998): object was freed before callback; returning Nil.
    [1397] <engine-1>[GdPAI] ObjectRef(1382643928884): object was freed before callback; returning Nil.
    [1398] <engine-1>[GdPAI] ObjectRef(1382157389614): object was freed before callback; returning Nil.
    [1399] <engine-1>[GdPAI] ObjectRef(1382157389614): object was freed before callback; returning Nil.
    [1400] <engine-1>[GdPAI] ObjectRef(124621163998): object was freed before callback; returning Nil.
    [1401] <engine-1>[GdPAI] ObjectRef(1382643928884): object was freed before callback; returning Nil.
    [1402] <engine-1>[GdPAI] ObjectRef(1382157389614): object was freed before callback; returning Nil.
    [1403] <engine-1>[GdPAI] ObjectRef(1382157389614): object was freed before callback; returning Nil.
    [1404] <engine-1>[GdPAI] ObjectRef(124621163998): object was freed before callback; returning Nil.
    [1405] <engine-1>[GdPAI] ObjectRef(1382643928884): object was freed before callback; returning Nil.
    [1406] <engine-1>[GdPAI] ObjectRef(124621163998): object was freed before callback; returning Nil.
    [1407] <engine-1>[GdPAI] ObjectRef(1382643928884): object was freed before callback; returning Nil.
    [1408] <engine-1>[GdPAI] ObjectRef(124621163998): object was freed before callback; returning Nil.
    [1409] <engine-1>[GdPAI] ObjectRef(1382643928884): object was freed before callback; returning Nil.
    [1410] <engine-1>[GdPAI] ObjectRef(1382643928884): object was freed before callback; returning Nil.
    [1411] <engine-1>[GdPAI] ObjectRef(124621163998): object was freed before callback; returning Nil.
    [1412] <engine-1>[GdPAI] ObjectRef(124134624705): object was freed before callback; returning Nil.
    [1413] <engine-1>[GdPAI] ObjectRef(124134624705): object was freed before callback; returning Nil.
    [1414] <engine-1>[GdPAI] ObjectRef(1382643928884): object was freed before callback; returning Nil.
    [1415] <engine-1>[GdPAI] ObjectRef(1382643928884): object was freed before callback; returning Nil.
    [1416] <engine-1>[GdPAI] ObjectRef(124621163998): object was freed before callback; returning Nil.
    [1417] <engine-1>[GdPAI] ObjectRef(124134624705): object was freed before callback; returning Nil.
    [1418] <engine-1>[GdPAI] ObjectRef(124134624705): object was freed before callback; returning Nil.
    [1419] <engine-1>[GdPAI] ObjectRef(1382643928884): object was freed before callback; returning Nil.
    [1420] <engine-1>[GdPAI] ObjectRef(124621163998): object was freed before callback; returning Nil.
    [1421] <engine-1>[GdPAI] ObjectRef(124134624705): object was freed before callback; returning Nil.
    [1422] <engine-1>[GdPAI] ObjectRef(124134624705): object was freed before callback; returning Nil.
    [1423] <engine-1>[GdPAI] ObjectRef(1382643928884): object was freed before callback; returning Nil.
    [1424] <engine-1>[GdPAI] ObjectRef(124621163998): object was freed before callback; returning Nil.
    [1425] <engine-1>[GdPAI] ObjectRef(124134624705): object was freed before callback; returning Nil.
    [1426] <engine-1>[GdPAI] ObjectRef(124134624705): object was freed before callback; returning Nil.
    [1427] <engine-1>[GdPAI] ObjectRef(1382643928884): object was freed before callback; returning Nil.
    [1428] <engine-1>[GdPAI] ObjectRef(1382157389614): object was freed before callback; returning Nil.
    [1429] <engine-1>[GdPAI] ObjectRef(1382157389614): object was freed before callback; returning Nil.
    [1430] <engine-1>[GdPAI] ObjectRef(124621163998): object was freed before callback; returning Nil.
    [1431] <engine-1>[GdPAI] ObjectRef(1382643928884): object was freed before callback; returning Nil.
    [1432] <engine-1>[GdPAI] ObjectRef(1382157389614): object was freed before callback; returning Nil.
    [1433] <engine-1>[GdPAI] ObjectRef(1382157389614): object was freed before callback; returning Nil.
    [1434] <engine-1>[GdPAI] ObjectRef(124621163998): object was freed before callback; returning Nil.
    [1435] <engine-1>[GdPAI] ObjectRef(1382643928884): object was freed before callback; returning Nil.
    [1436] <engine-1>[GdPAI] ObjectRef(1382157389614): object was freed before callback; returning Nil.
    [1437] <engine-1>[GdPAI] ObjectRef(1382157389614): object was freed before callback; returning Nil.
    [1438] <engine-1>[GdPAI] ObjectRef(124621163998): object was freed before callback; returning Nil.
    [1439] <engine-1>[GdPAI] ObjectRef(124621163998): object was freed before callback; returning Nil.
    [1440] <engine-1>[GdPAI] ObjectRef(1382643928884): object was freed before callback; returning Nil.
    [1441] <engine-1>[GdPAI] ObjectRef(1382157389614): object was freed before callback; returning Nil.
    [1442] <engine-1>[GdPAI] ObjectRef(1382157389614): object was freed before callback; returning Nil.
    [1443] <engine-1>[GdPAI] ObjectRef(124621163998): object was freed before callback; returning Nil.
    [1444] <engine-1>[GdPAI] ObjectRef(124621163998): object was freed before callback; returning Nil.
    [1445] <engine-1>[GdPAI] ObjectRef(1382643928884): object was freed before callback; returning Nil.
    [1446] <engine-1>[GdPAI] ObjectRef(124621163998): object was freed before callback; returning Nil.
    [1447] <engine-1>[GdPAI] ObjectRef(124621163998): object was freed before callback; returning Nil.
    [1448] <engine-1>[GdPAI] ObjectRef(1382643928884): object was freed before callback; returning Nil.
    [1449] <engine-1>[GdPAI] ObjectRef(124621163998): object was freed before callback; returning Nil.
    [1450] <engine-1>[GdPAI] ObjectRef(124621163998): object was freed before callback; returning Nil.
    [1451] <engine-1>[GdPAI] ObjectRef(1382643928884): object was freed before callback; returning Nil.
    [1452] <engine-1>[GdPAI] ObjectRef(1382643928884): object was freed before callback; returning Nil.
    [1453] <engine-1>[GdPAI] ObjectRef(124621163998): object was freed before callback; returning Nil.
    [1454] <engine-1>[GdPAI] ObjectRef(124621163998): object was freed before callback; returning Nil.
    [1455] <engine-1>[GdPAI] ObjectRef(1382643928884): object was freed before callback; returning Nil.
    [1456] <engine-1>[GdPAI] ObjectRef(1382643928884): object was freed before callback; returning Nil.
    [1457] <engine-1>[GdPAI] ObjectRef(124621163998): object was freed before callback; returning Nil.
    [1458] <engine-1>[GdPAI] ObjectRef(124621163998): object was freed before callback; returning Nil.
    [1459] <engine-1>[GdPAI] ObjectRef(1382643928884): object was freed before callback; returning Nil.
    [1460] <engine-1>[GdPAI] ObjectRef(124621163998): object was freed before callback; returning Nil.
    [1461] <engine-1>[GdPAI] ObjectRef(124621163998): object was freed before callback; returning Nil.
    [1462] <engine-1>[GdPAI] ObjectRef(1382643928884): object was freed before callback; returning Nil.
    [1463] <engine-1>[GdPAI] ObjectRef(124621163998): object was freed before callback; returning Nil.
    [1464] <engine-1>[GdPAI] ObjectRef(124621163998): object was freed before callback; returning Nil.
    [1465] <engine-1>[GdPAI] ObjectRef(1382643928884): object was freed before callback; returning Nil.
    [1466] <engine-1>[GdPAI] ObjectRef(1382157389614): object was freed before callback; returning Nil.
    [1467] <engine-1>[GdPAI] ObjectRef(1382157389614): object was freed before callback; returning Nil.
    [1468] <engine-1>[GdPAI] ObjectRef(124621163998): object was freed before callback; returning Nil.
    [1469] <engine-1>[GdPAI] ObjectRef(124621163998): object was freed before callback; returning Nil.
    [1470] <engine-1>[GdPAI] ObjectRef(1382643928884): object was freed before callback; returning Nil.
    [1471] <engine-1>[GdPAI] ObjectRef(1382157389614): object was freed before callback; returning Nil.
    [1472] <engine-1>[GdPAI] ObjectRef(1382157389614): object was freed before callback; returning Nil.
    [1473] <engine-1>[GdPAI] ObjectRef(124621163998): object was freed before callback; returning Nil.
    [1474] <engine-1>[GdPAI] ObjectRef(124621163998): object was freed before callback; returning Nil.
    [1475] <engine-1>[GdPAI] ObjectRef(1382643928884): object was freed before callback; returning Nil.
    [1476] <engine-1>[GdPAI] ObjectRef(1382157389614): object was freed before callback; returning Nil.
    [1477] <engine-1>[GdPAI] ObjectRef(1382157389614): object was freed before callback; returning Nil.
    [1478] <engine-1>[GdPAI] ObjectRef(124621163998): object was freed before callback; returning Nil.
    [1479] <engine-1>[GdPAI] ObjectRef(124621163998): object was freed before callback; returning Nil.
    [1480] <engine-1>[GdPAI] ObjectRef(1382643928884): object was freed before callback; returning Nil.
    [1481] <engine-1>[GdPAI] ObjectRef(1382157389614): object was freed before callback; returning Nil.
    [1482] <engine-1>[GdPAI] ObjectRef(1382157389614): object was freed before callback; returning Nil.
    [1483] <engine-1>[GdPAI] ObjectRef(124621163998): object was freed before callback; returning Nil.
    [1484] <engine-1>[GdPAI] ObjectRef(124621163998): object was freed before callback; returning Nil.
    [1485] <engine-1>[GdPAI] ObjectRef(1382643928884): object was freed before callback; returning Nil.
    [1486] <engine-1>[GdPAI] ObjectRef(124621163998): object was freed before callback; returning Nil.
    [1487] <engine-1>[GdPAI] ObjectRef(124621163998): object was freed before callback; returning Nil.
    [1488] <engine-1>[GdPAI] ObjectRef(1382643928884): object was freed before callback; returning Nil.
    [1489] <engine-1>[GdPAI] ObjectRef(124621163998): object was freed before callback; returning Nil.
    [1490] <engine-1>[GdPAI] ObjectRef(124621163998): object was freed before callback; returning Nil.
    [1491] <engine-1>[GdPAI] ObjectRef(1382643928884): object was freed before callback; returning Nil.
    [1492] <engine-1>[GdPAI] ObjectRef(1382643928884): object was freed before callback; returning Nil.
    [1493] <engine-1>[GdPAI] ObjectRef(124621163998): object was freed before callback; returning Nil.
    [1494] <engine-1>[GdPAI] ObjectRef(124621163998): object was freed before callback; returning Nil.
    [1495] <engine-1>[GdPAI] ObjectRef(1382643928884): object was freed before callback; returning Nil.
    [1496] <engine-1>[GdPAI] ObjectRef(1382643928884): object was freed before callback; returning Nil.
    [1497] <engine-1>[GdPAI] ObjectRef(124621163998): object was freed before callback; returning Nil.
    [1498] <engine-1>[GdPAI] ObjectRef(124621163998): object was freed before callback; returning Nil.
    [1499] <engine-1>[GdPAI] ObjectRef(1382643928884): object was freed before callback; returning Nil.
    [1500] <engine-1>[GdPAI] ObjectRef(124621163998): object was freed before callback; returning Nil.
    [1501] <engine-1>[GdPAI] ObjectRef(124621163998): object was freed before callback; returning Nil.
    [1502] <engine-1>[GdPAI] ObjectRef(1382643928884): object was freed before callback; returning Nil.
    [1503] <engine-1>[GdPAI] ObjectRef(124621163998): object was freed before callback; returning Nil.
    [1504] <engine-1>[GdPAI] ObjectRef(124621163998): object was freed before callback; returning Nil.
    [1505] <engine-1>[GdPAI] ObjectRef(1382643928884): object was freed before callback; returning Nil.
    [1506] <engine-1>[GdPAI] ObjectRef(1382157389614): object was freed before callback; returning Nil.
    [1507] <engine-1>[GdPAI] ObjectRef(1382157389614): object was freed before callback; returning Nil.
    [1508] <engine-1>[GdPAI] ObjectRef(124621163998): object was freed before callback; returning Nil.
    [1509] <engine-1>[GdPAI] ObjectRef(124621163998): object was freed before callback; returning Nil.
    [1510] <engine-1>[GdPAI] ObjectRef(1382643928884): object was freed before callback; returning Nil.
    [1511] <engine-1>[GdPAI] ObjectRef(1382157389614): object was freed before callback; returning Nil.
    [1512] <engine-1>[GdPAI] ObjectRef(1382157389614): object was freed before callback; returning Nil.
    [1513] <engine-1>[GdPAI] ObjectRef(124621163998): object was freed before callback; returning Nil.
    [1514] <engine-1>[GdPAI] ObjectRef(124621163998): object was freed before callback; returning Nil.
    [1515] <engine-1>[GdPAI] ObjectRef(1382643928884): object was freed before callback; returning Nil.
    [1516] <engine-1>[GdPAI] ObjectRef(1382157389614): object was freed before callback; returning Nil.
    [1517] <engine-1>[GdPAI] ObjectRef(1382157389614): object was freed before callback; returning Nil.
    [1518] <engine-1>[GdPAI] ObjectRef(124621163998): object was freed before callback; returning Nil.
    [1519] <engine-1>[GdPAI] ObjectRef(124621163998): object was freed before callback; returning Nil.
    [1520] <engine-1>[GdPAI] ObjectRef(1382643928884): object was freed before callback; returning Nil.
    [1521] <engine-1>[GdPAI] ObjectRef(1382157389614): object was freed before callback; returning Nil.
    [1522] <engine-1>[GdPAI] ObjectRef(1382157389614): object was freed before callback; returning Nil.
    [1523] <engine-1>[GdPAI] ObjectRef(124621163998): object was freed before callback; returning Nil.
    [1524] <engine-1>[GdPAI] ObjectRef(124621163998): object was freed before callback; returning Nil.
    [1525] <engine-1>[GdPAI] ObjectRef(1382643928884): object was freed before callback; returning Nil.
    [1526] <engine-1>[GdPAI] ObjectRef(124621163998): object was freed before callback; returning Nil.
    [1527] <engine-1>[GdPAI] ObjectRef(124621163998): object was freed before callback; returning Nil.
    [1528] <engine-1>[GdPAI] ObjectRef(1382643928884): object was freed before callback; returning Nil.
    [1529] <engine-1>[GdPAI] ObjectRef(124621163998): object was freed before callback; returning Nil.
    [1530] <engine-1>[GdPAI] ObjectRef(124621163998): object was freed before callback; returning Nil.
    [1531] <engine-1>[GdPAI] ObjectRef(1382643928884): object was freed before callback; returning Nil.
    [1532] <engine-1>[GdPAI] ObjectRef(1382643928884): object was freed before callback; returning Nil.
    [1533] <engine-1>[GdPAI] ObjectRef(124621163998): object was freed before callback; returning Nil.
    [1534] <engine-1>[GdPAI] ObjectRef(124621163998): object was freed before callback; returning Nil.
    [1535] <engine-1>[GdPAI] ObjectRef(1382643928884): object was freed before callback; returning Nil.
    [1536] <engine-1>[GdPAI] ObjectRef(1382643928884): object was freed before callback; returning Nil.
    [1537] <engine-1>[GdPAI] ObjectRef(124621163998): object was freed before callback; returning Nil.
    [1538] <engine-1>[GdPAI] ObjectRef(124621163998): object was freed before callback; returning Nil.
    [1539] <engine-1>[GdPAI] ObjectRef(1382643928884): object was freed before callback; returning Nil.
    [1540] <engine-1>[GdPAI] ObjectRef(124621163998): object was freed before callback; returning Nil.
    [1541] <engine-1>[GdPAI] ObjectRef(124621163998): object was freed before callback; returning Nil.
    [1542] <engine-1>[GdPAI] ObjectRef(125359361544): object was freed before callback; returning Nil.
    [1543] <engine-1>[GdPAI] ObjectRef(124587609564): object was freed before callback; returning Nil.
    [1544] <engine-1>[GdPAI] ObjectRef(125359361544): object was freed before callback; returning Nil.
    [1545] <engine-1>[GdPAI] ObjectRef(124587609564): object was freed before callback; returning Nil.
    [1546] <engine-1>[GdPAI] ObjectRef(1382643928884): object was freed before callback; returning Nil.
    [1547] <engine-1>[GdPAI] ObjectRef(124621163998): object was freed before callback; returning Nil.
    [1548] <engine-1>[GdPAI] ObjectRef(124621163998): object was freed before callback; returning Nil.
    [1549] <engine-1>[GdPAI] ObjectRef(125359361544): object was freed before callback; returning Nil.
    [1550] <engine-1>[GdPAI] ObjectRef(124587609564): object was freed before callback; returning Nil.
    [1551] <engine-1>[GdPAI] ObjectRef(125359361544): object was freed before callback; returning Nil.
    [1552] <engine-1>[GdPAI] ObjectRef(124587609564): object was freed before callback; returning Nil.
    [1553] <engine-1>[GdPAI] ObjectRef(1382643928884): object was freed before callback; returning Nil.
    [1554] <engine-1>[GdPAI] ObjectRef(1382157389614): object was freed before callback; returning Nil.
    [1555] <engine-1>[GdPAI] ObjectRef(1382157389614): object was freed before callback; returning Nil.
    [1556] <engine-1>[GdPAI] ObjectRef(124621163998): object was freed before callback; returning Nil.
    [1557] <engine-1>[GdPAI] ObjectRef(124587609564): object was freed before callback; returning Nil.
    [1558] <engine-1>[GdPAI] ObjectRef(124587609564): object was freed before callback; returning Nil.
    [1559] <engine-1>[GdPAI] ObjectRef(1382643928884): object was freed before callback; returning Nil.
    [1560] <engine-1>[GdPAI] ObjectRef(1382157389614): object was freed before callback; returning Nil.
    [1561] <engine-1>[GdPAI] ObjectRef(1382157389614): object was freed before callback; returning Nil.
    [1562] <engine-1>[GdPAI] ObjectRef(124621163998): object was freed before callback; returning Nil.
    [1563] <engine-1>[GdPAI] ObjectRef(124587609564): object was freed before callback; returning Nil.
    [1564] <engine-1>[GdPAI] ObjectRef(124587609564): object was freed before callback; returning Nil.
    [1565] <engine-1>[GdPAI] ObjectRef(1382643928884): object was freed before callback; returning Nil.
    [1566] <engine-1>[GdPAI] ObjectRef(1382157389614): object was freed before callback; returning Nil.
    [1567] <engine-1>[GdPAI] ObjectRef(1382157389614): object was freed before callback; returning Nil.
    [1568] <engine-1>[GdPAI] ObjectRef(124621163998): object was freed before callback; returning Nil.
    [1569] <engine-1>[GdPAI] ObjectRef(125359361544): object was freed before callback; returning Nil.
    [1570] <engine-1>[GdPAI] ObjectRef(125359361544): object was freed before callback; returning Nil.
    [1571] <engine-1>[GdPAI] ObjectRef(1382643928884): object was freed before callback; returning Nil.
    [1572] <engine-1>[GdPAI] ObjectRef(1382157389614): object was freed before callback; returning Nil.
    [1573] <engine-1>[GdPAI] ObjectRef(1382157389614): object was freed before callback; returning Nil.
    [1574] <engine-1>[GdPAI] ObjectRef(124621163998): object was freed before callback; returning Nil.
    [1575] <engine-1>[GdPAI] ObjectRef(125359361544): object was freed before callback; returning Nil.
    [1576] <engine-1>[GdPAI] ObjectRef(125359361544): object was freed before callback; returning Nil.
    [1577] <engine-1>[GdPAI] ObjectRef(1382643928884): object was freed before callback; returning Nil.
    [1578] <engine-1>[GdPAI] ObjectRef(124621163998): object was freed before callback; returning Nil.
    [1579] <engine-1>[GdPAI] ObjectRef(124134624705): object was freed before callback; returning Nil.
    [1580] <engine-1>[GdPAI] ObjectRef(124134624705): object was freed before callback; returning Nil.
    [1581] <engine-1>[GdPAI] ObjectRef(1382643928884): object was freed before callback; returning Nil.
    [1582] <engine-1>[GdPAI] ObjectRef(124621163998): object was freed before callback; returning Nil.
    [1583] <engine-1>[GdPAI] ObjectRef(124134624705): object was freed before callback; returning Nil.
    [1584] <engine-1>[GdPAI] ObjectRef(124134624705): object was freed before callback; returning Nil.
    [1585] <engine-1>[GdPAI] ObjectRef(1382643928884): object was freed before callback; returning Nil.
    [1586] <engine-1>[GdPAI] ObjectRef(1382643928884): object was freed before callback; returning Nil.
    [1587] <engine-1>[GdPAI] ObjectRef(124621163998): object was freed before callback; returning Nil.
    [1588] <engine-1>[GdPAI] ObjectRef(124134624705): object was freed before callback; returning Nil.
    [1589] <engine-1>[GdPAI] ObjectRef(124134624705): object was freed before callback; returning Nil.
    [1590] <engine-1>[GdPAI] ObjectRef(1382643928884): object was freed before callback; returning Nil.
    [1591] <engine-1>[GdPAI] ObjectRef(1382643928884): object was freed before callback; returning Nil.
    [1592] <engine-1>[GdPAI] ObjectRef(124621163998): object was freed before callback; returning Nil.
    [1593] <engine-1>[GdPAI] ObjectRef(124134624705): object was freed before callback; returning Nil.
    [1594] <engine-1>[GdPAI] ObjectRef(124134624705): object was freed before callback; returning Nil.
    [1595] <engine-1>[GdPAI] ObjectRef(1382643928884): object was freed before callback; returning Nil.
    [1596] <engine-1>[GdPAI] ObjectRef(1382643928884): object was freed before callback; returning Nil.
    [1597] <engine-1>[GdPAI] ObjectRef(124621163998): object was freed before callback; returning Nil.
    [1598] <engine-1>[GdPAI] ObjectRef(1382643928884): object was freed before callback; returning Nil.
    [1599] <engine-1>[GdPAI] ObjectRef(1382643928884): object was freed before callback; returning Nil.
    [1600] <engine-1>[GdPAI] ObjectRef(124621163998): object was freed before callback; returning Nil.
    [1601] <engine-1>[GdPAI] ObjectRef(1382643928884): object was freed before callback; returning Nil.
    [1602] <engine-1>[GdPAI] ObjectRef(1382643928884): object was freed before callback; returning Nil.
    [1603] <engine-1>[GdPAI] ObjectRef(124621163998): object was freed before callback; returning Nil.
    [1604] <engine-1>[GdPAI] ObjectRef(124621163998): object was freed before callback; returning Nil.
    [1605] <engine-1>[GdPAI] ObjectRef(1382643928884): object was freed before callback; returning Nil.
    [1606] <engine-1>[GdPAI] ObjectRef(1382643928884): object was freed before callback; returning Nil.
    [1607] <engine-1>[GdPAI] ObjectRef(124621163998): object was freed before callback; returning Nil.
    [1608] <engine-1>[GdPAI] ObjectRef(124621163998): object was freed before callback; returning Nil.
    [1609] <engine-1>[GdPAI] ObjectRef(1382643928884): object was freed before callback; returning Nil.
    [1610] <engine-1>[GdPAI] ObjectRef(1382643928884): object was freed before callback; returning Nil.
    [1611] <engine-1>[GdPAI] ObjectRef(124621163998): object was freed before callback; returning Nil.
    [1612] <engine-1>[GdPAI] ObjectRef(1382643928884): object was freed before callback; returning Nil.
    [1613] <engine-1>[GdPAI] ObjectRef(1382643928884): object was freed before callback; returning Nil.
    [1614] <engine-1>[GdPAI] ObjectRef(124621163998): object was freed before callback; returning Nil.
    [1615] <engine-1>[GdPAI] ObjectRef(1382643928884): object was freed before callback; returning Nil.
    [1616] <engine-1>[GdPAI] ObjectRef(1382643928884): object was freed before callback; returning Nil.
    [1617] <engine-1>[GdPAI] ObjectRef(124621163998): object was freed before callback; returning Nil.
    [1618] <engine-1>[GdPAI] ObjectRef(1382643928884): object was freed before callback; returning Nil.
    [1619] <engine-1>[GdPAI] ObjectRef(1382643928884): object was freed before callback; returning Nil.
    [1620] <engine-1>[GdPAI] ObjectRef(124621163998): object was freed before callback; returning Nil.
    [1621] <engine-1>[GdPAI] ObjectRef(1382643928884): object was freed before callback; returning Nil.
    [1622] <engine-1>[GdPAI] ObjectRef(1382643928884): object was freed before callback; returning Nil.
    [1623] <engine-1>[GdPAI] ObjectRef(124621163998): object was freed before callback; returning Nil.
    [1624] <engine-1>[GdPAI] ObjectRef(124134624705): object was freed before callback; returning Nil.
    [1625] <engine-1>[GdPAI] ObjectRef(124134624705): object was freed before callback; returning Nil.
    [1626] <engine-1>[GdPAI] ObjectRef(1382643928884): object was freed before callback; returning Nil.
    [1627] <engine-1>[GdPAI] ObjectRef(1382643928884): object was freed before callback; returning Nil.
    [1628] <engine-1>[GdPAI] ObjectRef(124621163998): object was freed before callback; returning Nil.
    [1629] <engine-1>[GdPAI] ObjectRef(124134624705): object was freed before callback; returning Nil.
    [1630] <engine-1>[GdPAI] ObjectRef(124134624705): object was freed before callback; returning Nil.
    [1631] <engine-1>[GdPAI] ObjectRef(1382643928884): object was freed before callback; returning Nil.
    [1632] <engine-1>[GdPAI] ObjectRef(1382643928884): object was freed before callback; returning Nil.
    [1633] <engine-1>[GdPAI] ObjectRef(124621163998): object was freed before callback; returning Nil.
    [1634] <engine-1>[GdPAI] ObjectRef(124134624705): object was freed before callback; returning Nil.
    [1635] <engine-1>[GdPAI] ObjectRef(124134624705): object was freed before callback; returning Nil.
    [1636] <engine-1>[GdPAI] ObjectRef(1382643928884): object was freed before callback; returning Nil.
    [1637] <engine-1>[GdPAI] ObjectRef(1382643928884): object was freed before callback; returning Nil.
    [1638] <engine-1>[GdPAI] ObjectRef(124621163998): object was freed before callback; returning Nil.
    [1639] <engine-1>[GdPAI] ObjectRef(124134624705): object was freed before callback; returning Nil.
    [1640] <engine-1>[GdPAI] ObjectRef(124134624705): object was freed before callback; returning Nil.
    [1641] <engine-1>[GdPAI] ObjectRef(1382643928884): object was freed before callback; returning Nil.
    [1642] <engine-1>[GdPAI] ObjectRef(1382643928884): object was freed before callback; returning Nil.
    [1643] <engine-1>[GdPAI] ObjectRef(124621163998): object was freed before callback; returning Nil.
    [1644] <engine-1>[GdPAI] ObjectRef(1382643928884): object was freed before callback; returning Nil.
    [1645] <engine-1>[GdPAI] ObjectRef(1382643928884): object was freed before callback; returning Nil.
    [1646] <engine-1>[GdPAI] ObjectRef(124621163998): object was freed before callback; returning Nil.
    [1647] <engine-1>[GdPAI] ObjectRef(1382643928884): object was freed before callback; returning Nil.
    [1648] <engine-1>[GdPAI] ObjectRef(1382643928884): object was freed before callback; returning Nil.
    [1649] <engine-1>[GdPAI] ObjectRef(124621163998): object was freed before callback; returning Nil.
    [1650] <engine-1>[GdPAI] ObjectRef(124621163998): object was freed before callback; returning Nil.
    [1651] <engine-1>[GdPAI] ObjectRef(125359361544): object was freed before callback; returning Nil.
    [1652] <engine-1>[GdPAI] ObjectRef(124587609564): object was freed before callback; returning Nil.
    [1653] <engine-1>[GdPAI] ObjectRef(125359361544): object was freed before callback; returning Nil.
    [1654] <engine-1>[GdPAI] ObjectRef(124587609564): object was freed before callback; returning Nil.
    [1655] <engine-1>[GdPAI] ObjectRef(1382643928884): object was freed before callback; returning Nil.
    [1656] <engine-1>[GdPAI] ObjectRef(1382643928884): object was freed before callback; returning Nil.
    [1657] <engine-1>[GdPAI] ObjectRef(124621163998): object was freed before callback; returning Nil.
    [1658] <engine-1>[GdPAI] ObjectRef(124621163998): object was freed before callback; returning Nil.
    [1659] <engine-1>[GdPAI] ObjectRef(125359361544): object was freed before callback; returning Nil.
    [1660] <engine-1>[GdPAI] ObjectRef(124587609564): object was freed before callback; returning Nil.
    [1661] <engine-1>[GdPAI] ObjectRef(125359361544): object was freed before callback; returning Nil.
    [1662] <engine-1>[GdPAI] ObjectRef(124587609564): object was freed before callback; returning Nil.
    [1663] <engine-1>[GdPAI] ObjectRef(1382643928884): object was freed before callback; returning Nil.
    [1664] <engine-1>[GdPAI] ObjectRef(1382643928884): object was freed before callback; returning Nil.
    [1665] <engine-1>[GdPAI] ObjectRef(124621163998): object was freed before callback; returning Nil.
    [1666] <engine-1>[GdPAI] ObjectRef(124587609564): object was freed before callback; returning Nil.
    [1667] <engine-1>[GdPAI] ObjectRef(124587609564): object was freed before callback; returning Nil.
    [1668] <engine-1>[GdPAI] ObjectRef(1382643928884): object was freed before callback; returning Nil.
    [1669] <engine-1>[GdPAI] ObjectRef(1382643928884): object was freed before callback; returning Nil.
    [1670] <engine-1>[GdPAI] ObjectRef(124621163998): object was freed before callback; returning Nil.
    [1671] <engine-1>[GdPAI] ObjectRef(124587609564): object was freed before callback; returning Nil.
    [1672] <engine-1>[GdPAI] ObjectRef(124587609564): object was freed before callback; returning Nil.
    [1673] <engine-1>[GdPAI] ObjectRef(1382643928884): object was freed before callback; returning Nil.
    [1674] <engine-1>[GdPAI] ObjectRef(1382643928884): object was freed before callback; returning Nil.
    [1675] <engine-1>[GdPAI] ObjectRef(124621163998): object was freed before callback; returning Nil.
    [1676] <engine-1>[GdPAI] ObjectRef(125359361544): object was freed before callback; returning Nil.
    [1677] <engine-1>[GdPAI] ObjectRef(125359361544): object was freed before callback; returning Nil.
    [1678] <engine-1>[GdPAI] ObjectRef(1382643928884): object was freed before callback; returning Nil.
    [1679] <engine-1>[GdPAI] ObjectRef(1382643928884): object was freed before callback; returning Nil.
    [1680] <engine-1>[GdPAI] ObjectRef(124621163998): object was freed before callback; returning Nil.
    [1681] <engine-1>[GdPAI] ObjectRef(125359361544): object was freed before callback; returning Nil.
    [1682] <engine-1>[GdPAI] ObjectRef(125359361544): object was freed before callback; returning Nil.
    [1683] <engine-1>[GdPAI] ObjectRef(1382643928884): object was freed before callback; returning Nil.
    [1684] <engine-1>[GdPAI] ObjectRef(1382643928884): object was freed before callback; returning Nil.
    [1685] <engine-1>[GdPAI] ObjectRef(124621163998): object was freed before callback; returning Nil.
    [1686] <engine-1>[GdPAI] ObjectRef(124134624705): object was freed before callback; returning Nil.
    [1687] <engine-1>[GdPAI] ObjectRef(124134624705): object was freed before callback; returning Nil.
    [1688] <engine-1>[GdPAI] ObjectRef(1382643928884): object was freed before callback; returning Nil.
    [1689] <engine-1>[GdPAI] ObjectRef(1382643928884): object was freed before callback; returning Nil.
    [1690] <engine-1>[GdPAI] ObjectRef(124621163998): object was freed before callback; returning Nil.
    [1691] <engine-1>[GdPAI] ObjectRef(124134624705): object was freed before callback; returning Nil.
    [1692] <engine-1>[GdPAI] ObjectRef(124134624705): object was freed before callback; returning Nil.
    [1693] <engine-1>[GdPAI] ObjectRef(1382643928884): object was freed before callback; returning Nil.
    [1694] <engine-1>[GdPAI] ObjectRef(1382643928884): object was freed before callback; returning Nil.
    [1695] <engine-1>[GdPAI] ObjectRef(124621163998): object was freed before callback; returning Nil.
    [1696] <engine-1>[GdPAI] ObjectRef(124134624705): object was freed before callback; returning Nil.
    [1697] <engine-1>[GdPAI] ObjectRef(124134624705): object was freed before callback; returning Nil.
    [1698] <engine-1>[GdPAI] ObjectRef(1382643928884): object was freed before callback; returning Nil.
    [1699] <engine-1>[GdPAI] ObjectRef(1382643928884): object was freed before callback; returning Nil.
    [1700] <engine-1>[GdPAI] ObjectRef(124621163998): object was freed before callback; returning Nil.
    [1701] <engine-1>[GdPAI] ObjectRef(124134624705): object was freed before callback; returning Nil.
    [1702] <engine-1>[GdPAI] ObjectRef(124134624705): object was freed before callback; returning Nil.
    [1703] <engine-1>[GdPAI] ObjectRef(1382643928884): object was freed before callback; returning Nil.
    [1704] <engine-1>[GdPAI] ObjectRef(1382643928884): object was freed before callback; returning Nil.
    [1705] <engine-1>[GdPAI] ObjectRef(1383650561484): object was freed before callback; returning Nil.
    [1706] <engine-1>[GdPAI] ObjectRef(1383650561484): object was freed before callback; returning Nil.
    [1707] <engine-1>[GdPAI] ObjectRef(124621163998): object was freed before callback; returning Nil.
    [1708] <engine-1>[GdPAI] ObjectRef(1382643928884): object was freed before callback; returning Nil.
    [1709] <engine-1>[GdPAI] ObjectRef(1382643928884): object was freed before callback; returning Nil.
    [1710] <engine-1>[GdPAI] ObjectRef(1383650561484): object was freed before callback; returning Nil.
    [1711] <engine-1>[GdPAI] ObjectRef(1383650561484): object was freed before callback; returning Nil.
    [1712] <engine-1>[GdPAI] ObjectRef(124621163998): object was freed before callback; returning Nil.
    [1713] <engine-1>[GdPAI] ObjectRef(1382643928884): object was freed before callback; returning Nil.
    [1714] <engine-1>[GdPAI] ObjectRef(1383650561484): object was freed before callback; returning Nil.
    [1715] <engine-1>[GdPAI] ObjectRef(1383650561484): object was freed before callback; returning Nil.
    [1716] <engine-1>[GdPAI] ObjectRef(124621163998): object was freed before callback; returning Nil.
    [1717] <engine-1>[GdPAI] ObjectRef(124621163998): object was freed before callback; returning Nil.
    [1718] <engine-1>[GdPAI] ObjectRef(1382643928884): object was freed before callback; returning Nil.
    [1719] <engine-1>[GdPAI] ObjectRef(1383650561484): object was freed before callback; returning Nil.
    [1720] <engine-1>[GdPAI] ObjectRef(1383650561484): object was freed before callback; returning Nil.
    [1721] <engine-1>[GdPAI] ObjectRef(124621163998): object was freed before callback; returning Nil.
    [1722] <engine-1>[GdPAI] ObjectRef(124621163998): object was freed before callback; returning Nil.
    [1723] <engine-1>[GdPAI] ObjectRef(1382643928884): object was freed before callback; returning Nil.
    [1724] <engine-1>[GdPAI] ObjectRef(1382157389614): object was freed before callback; returning Nil.
    [1725] <engine-1>[GdPAI] ObjectRef(1382157389614): object was freed before callback; returning Nil.
    [1726] <engine-1>[GdPAI] ObjectRef(124621163998): object was freed before callback; returning Nil.
    [1727] <engine-1>[GdPAI] ObjectRef(1382643928884): object was freed before callback; returning Nil.
    [1728] <engine-1>[GdPAI] ObjectRef(1382157389614): object was freed before callback; returning Nil.
    [1729] <engine-1>[GdPAI] ObjectRef(1382157389614): object was freed before callback; returning Nil.
    [1730] <engine-1>[GdPAI] ObjectRef(124621163998): object was freed before callback; returning Nil.
    [1731] <engine-1>[GdPAI] ObjectRef(1382643928884): object was freed before callback; returning Nil.
    [1732] <engine-1>[GdPAI] ObjectRef(1382157389614): object was freed before callback; returning Nil.
    [1733] <engine-1>[GdPAI] ObjectRef(1382157389614): object was freed before callback; returning Nil.
    [1734] <engine-1>[GdPAI] ObjectRef(124621163998): object was freed before callback; returning Nil.
    [1735] <engine-1>[GdPAI] ObjectRef(1382643928884): object was freed before callback; returning Nil.
    [1736] <engine-1>[GdPAI] ObjectRef(1382157389614): object was freed before callback; returning Nil.
    [1737] <engine-1>[GdPAI] ObjectRef(1382157389614): object was freed before callback; returning Nil.
    [1738] <engine-1>[GdPAI] ObjectRef(124621163998): object was freed before callback; returning Nil.
    [1739] <engine-1>[GdPAI] ObjectRef(1382643928884): object was freed before callback; returning Nil.
    [1740] <engine-1>[GdPAI] ObjectRef(124621163998): object was freed before callback; returning Nil.
    [1741] <engine-1>[GdPAI] ObjectRef(124134624705): object was freed before callback; returning Nil.
    [1742] <engine-1>[GdPAI] ObjectRef(124134624705): object was freed before callback; returning Nil.
    [1743] <engine-1>[GdPAI] ObjectRef(1382643928884): object was freed before callback; returning Nil.
    [1744] <engine-1>[GdPAI] ObjectRef(124621163998): object was freed before callback; returning Nil.
    [1745] <engine-1>[GdPAI] ObjectRef(124134624705): object was freed before callback; returning Nil.
    [1746] <engine-1>[GdPAI] ObjectRef(124134624705): object was freed before callback; returning Nil.
    [1747] <engine-1>[GdPAI] ObjectRef(1382643928884): object was freed before callback; returning Nil.
    [1748] <engine-1>[GdPAI] ObjectRef(1382643928884): object was freed before callback; returning Nil.
    [1749] <engine-1>[GdPAI] ObjectRef(124621163998): object was freed before callback; returning Nil.
    [1750] <engine-1>[GdPAI] ObjectRef(124134624705): object was freed before callback; returning Nil.
    [1751] <engine-1>[GdPAI] ObjectRef(124134624705): object was freed before callback; returning Nil.
    [1752] <engine-1>[GdPAI] ObjectRef(1382643928884): object was freed before callback; returning Nil.
    [1753] <engine-1>[GdPAI] ObjectRef(1382643928884): object was freed before callback; returning Nil.
    [1754] <engine-1>[GdPAI] ObjectRef(124621163998): object was freed before callback; returning Nil.
    [1755] <engine-1>[GdPAI] ObjectRef(124134624705): object was freed before callback; returning Nil.
    [1756] <engine-1>[GdPAI] ObjectRef(124134624705): object was freed before callback; returning Nil.
    [1757] <engine-1>[GdPAI] ObjectRef(1382643928884): object was freed before callback; returning Nil.
    [1758] <engine-1>[GdPAI] ObjectRef(124621163998): object was freed before callback; returning Nil.
    [1759] <engine-1>[GdPAI] ObjectRef(1382643928884): object was freed before callback; returning Nil.
    [1760] <engine-1>[GdPAI] ObjectRef(124621163998): object was freed before callback; returning Nil.
    [1761] <engine-1>[GdPAI] ObjectRef(1382643928884): object was freed before callback; returning Nil.
    [1762] <engine-1>[GdPAI] ObjectRef(1382157389614): object was freed before callback; returning Nil.
    [1763] <engine-1>[GdPAI] ObjectRef(1382157389614): object was freed before callback; returning Nil.
    [1764] <engine-1>[GdPAI] ObjectRef(124621163998): object was freed before callback; returning Nil.
    [1765] <engine-1>[GdPAI] ObjectRef(124621163998): object was freed before callback; returning Nil.
    [1766] <engine-1>[GdPAI] ObjectRef(1382643928884): object was freed before callback; returning Nil.
    [1767] <engine-1>[GdPAI] ObjectRef(1382157389614): object was freed before callback; returning Nil.
    [1768] <engine-1>[GdPAI] ObjectRef(1382157389614): object was freed before callback; returning Nil.
    [1769] <engine-1>[GdPAI] ObjectRef(124621163998): object was freed before callback; returning Nil.
    [1770] <engine-1>[GdPAI] ObjectRef(124621163998): object was freed before callback; returning Nil.
    [1771] <engine-1>[GdPAI] ObjectRef(1382643928884): object was freed before callback; returning Nil.
    [1772] <engine-1>[GdPAI] ObjectRef(1382157389614): object was freed before callback; returning Nil.
    [1773] <engine-1>[GdPAI] ObjectRef(1382157389614): object was freed before callback; returning Nil.
    [1774] <engine-1>[GdPAI] ObjectRef(124621163998): object was freed before callback; returning Nil.
    [1775] <engine-1>[GdPAI] ObjectRef(1382643928884): object was freed before callback; returning Nil.
    [1776] <engine-1>[GdPAI] ObjectRef(1382157389614): object was freed before callback; returning Nil.
    [1777] <engine-1>[GdPAI] ObjectRef(1382157389614): object was freed before callback; returning Nil.
    [1778] <engine-1>[GdPAI] ObjectRef(124621163998): object was freed before callback; returning Nil.
    [1779] <engine-1>[GdPAI] ObjectRef(1382643928884): object was freed before callback; returning Nil.
    [1780] <engine-1>[GdPAI] ObjectRef(124621163998): object was freed before callback; returning Nil.
    [1781] <engine-1>[GdPAI] ObjectRef(1382643928884): object was freed before callback; returning Nil.
    [1782] <engine-1>[GdPAI] ObjectRef(124621163998): object was freed before callback; returning Nil.
    [1783] <engine-1>[GdPAI] ObjectRef(1382643928884): object was freed before callback; returning Nil.
    [1784] <engine-1>[GdPAI] ObjectRef(1382643928884): object was freed before callback; returning Nil.
    [1785] <engine-1>[GdPAI] ObjectRef(1383650561484): object was freed before callback; returning Nil.
    [1786] <engine-1>[GdPAI] ObjectRef(1383650561484): object was freed before callback; returning Nil.
    [1787] <engine-1>[GdPAI] ObjectRef(124621163998): object was freed before callback; returning Nil.
    [1788] <engine-1>[GdPAI] ObjectRef(124134624705): object was freed before callback; returning Nil.
    [1789] <engine-1>[GdPAI] ObjectRef(124134624705): object was freed before callback; returning Nil.
    [1790] <engine-1>[GdPAI] ObjectRef(1382643928884): object was freed before callback; returning Nil.
    [1791] <engine-1>[GdPAI] ObjectRef(1382643928884): object was freed before callback; returning Nil.
    [1792] <engine-1>[GdPAI] ObjectRef(1383650561484): object was freed before callback; returning Nil.
    [1793] <engine-1>[GdPAI] ObjectRef(1383650561484): object was freed before callback; returning Nil.
    [1794] <engine-1>[GdPAI] ObjectRef(124621163998): object was freed before callback; returning Nil.
    [1795] <engine-1>[GdPAI] ObjectRef(124134624705): object was freed before callback; returning Nil.
    [1796] <engine-1>[GdPAI] ObjectRef(124134624705): object was freed before callback; returning Nil.
    [1797] <engine-1>[GdPAI] ObjectRef(1382643928884): object was freed before callback; returning Nil.
    [1798] <engine-1>[GdPAI] ObjectRef(1383650561484): object was freed before callback; returning Nil.
    [1799] <engine-1>[GdPAI] ObjectRef(1383650561484): object was freed before callback; returning Nil.
    [1800] <engine-1>[GdPAI] ObjectRef(124621163998): object was freed before callback; returning Nil.
    [1801] <engine-1>[GdPAI] ObjectRef(124134624705): object was freed before callback; returning Nil.
    [1802] <engine-1>[GdPAI] ObjectRef(124134624705): object was freed before callback; returning Nil.
    [1803] <engine-1>[GdPAI] ObjectRef(1382643928884): object was freed before callback; returning Nil.
    [1804] <engine-1>[GdPAI] ObjectRef(1383650561484): object was freed before callback; returning Nil.
    [1805] <engine-1>[GdPAI] ObjectRef(1383650561484): object was freed before callback; returning Nil.
    [1806] <engine-1>[GdPAI] ObjectRef(124621163998): object was freed before callback; returning Nil.
    [1807] <engine-1>[GdPAI] ObjectRef(124134624705): object was freed before callback; returning Nil.
    [1808] <engine-1>[GdPAI] ObjectRef(124134624705): object was freed before callback; returning Nil.
    [1809] <engine-1>[GdPAI] ObjectRef(1382643928884): object was freed before callback; returning Nil.
    [1810] <engine-1>[GdPAI] ObjectRef(1382157389614): object was freed before callback; returning Nil.
    [1811] <engine-1>[GdPAI] ObjectRef(1382157389614): object was freed before callback; returning Nil.
    [1812] <engine-1>[GdPAI] ObjectRef(124621163998): object was freed before callback; returning Nil.
    [1813] <engine-1>[GdPAI] ObjectRef(1382643928884): object was freed before callback; returning Nil.
    [1814] <engine-1>[GdPAI] ObjectRef(1382157389614): object was freed before callback; returning Nil.
    [1815] <engine-1>[GdPAI] ObjectRef(1382157389614): object was freed before callback; returning Nil.
    [1816] <engine-1>[GdPAI] ObjectRef(124621163998): object was freed before callback; returning Nil.
    [1817] <engine-1>[GdPAI] ObjectRef(1382643928884): object was freed before callback; returning Nil.
    [1818] <engine-1>[GdPAI] ObjectRef(1382157389614): object was freed before callback; returning Nil.
    [1819] <engine-1>[GdPAI] ObjectRef(1382157389614): object was freed before callback; returning Nil.
    [1820] <engine-1>[GdPAI] ObjectRef(124621163998): object was freed before callback; returning Nil.
    [1821] <engine-1>[GdPAI] ObjectRef(124621163998): object was freed before callback; returning Nil.
    [1822] <engine-1>[GdPAI] ObjectRef(1382643928884): object was freed before callback; returning Nil.
    [1823] <engine-1>[GdPAI] ObjectRef(1382157389614): object was freed before callback; returning Nil.
    [1824] <engine-1>[GdPAI] ObjectRef(1382157389614): object was freed before callback; returning Nil.
    [1825] <engine-1>[GdPAI] ObjectRef(124621163998): object was freed before callback; returning Nil.
    [1826] <engine-1>[GdPAI] ObjectRef(124621163998): object was freed before callback; returning Nil.
    [1827] <engine-1>[GdPAI] ObjectRef(1382643928884): object was freed before callback; returning Nil.
    [1828] <engine-1>[GdPAI] ObjectRef(124621163998): object was freed before callback; returning Nil.
    [1829] <engine-1>[GdPAI] ObjectRef(1382643928884): object was freed before callback; returning Nil.
    [1830] <engine-1>[GdPAI] ObjectRef(124621163998): object was freed before callback; returning Nil.
    [1831] <engine-1>[GdPAI] ObjectRef(1382643928884): object was freed before callback; returning Nil.
    [1832] <engine-1>[GdPAI] ObjectRef(1382643928884): object was freed before callback; returning Nil.
    [1833] <engine-1>[GdPAI] ObjectRef(124621163998): object was freed before callback; returning Nil.
    [1834] <engine-1>[GdPAI] ObjectRef(1382643928884): object was freed before callback; returning Nil.
    [1835] <engine-1>[GdPAI] ObjectRef(1382643928884): object was freed before callback; returning Nil.
    [1836] <engine-1>[GdPAI] ObjectRef(124621163998): object was freed before callback; returning Nil.
    [1837] <engine-1>[GdPAI] ObjectRef(1382643928884): object was freed before callback; returning Nil.
    [1838] <engine-1>[GdPAI] ObjectRef(124621163998): object was freed before callback; returning Nil.
    [1839] <engine-1>[GdPAI] ObjectRef(124134624705): object was freed before callback; returning Nil.
    [1840] <engine-1>[GdPAI] ObjectRef(124134624705): object was freed before callback; returning Nil.
    [1841] <engine-1>[GdPAI] ObjectRef(1382643928884): object was freed before callback; returning Nil.
    [1842] <engine-1>[GdPAI] ObjectRef(124621163998): object was freed before callback; returning Nil.
    [1843] <engine-1>[GdPAI] ObjectRef(124134624705): object was freed before callback; returning Nil.
    [1844] <engine-1>[GdPAI] ObjectRef(124134624705): object was freed before callback; returning Nil.
    [1845] <engine-1>[GdPAI] ObjectRef(1382643928884): object was freed before callback; returning Nil.
    [1846] <engine-1>[GdPAI] ObjectRef(1382157389614): object was freed before callback; returning Nil.
    [1847] <engine-1>[GdPAI] ObjectRef(1382157389614): object was freed before callback; returning Nil.
    [1848] <engine-1>[GdPAI] ObjectRef(124621163998): object was freed before callback; returning Nil.
    [1849] <engine-1>[GdPAI] ObjectRef(124134624705): object was freed before callback; returning Nil.
    [1850] <engine-1>[GdPAI] ObjectRef(124134624705): object was freed before callback; returning Nil.
    [1851] <engine-1>[GdPAI] ObjectRef(1382643928884): object was freed before callback; returning Nil.
    [1852] <engine-1>[GdPAI] ObjectRef(1382157389614): object was freed before callback; returning Nil.
    [1853] <engine-1>[GdPAI] ObjectRef(1382157389614): object was freed before callback; returning Nil.
    [1854] <engine-1>[GdPAI] ObjectRef(124621163998): object was freed before callback; returning Nil.
    [1855] <engine-1>[GdPAI] ObjectRef(124134624705): object was freed before callback; returning Nil.
    [1856] <engine-1>[GdPAI] ObjectRef(124134624705): object was freed before callback; returning Nil.
    [1857] <engine-1>[GdPAI] ObjectRef(1382643928884): object was freed before callback; returning Nil.
    [1858] <engine-1>[GdPAI] ObjectRef(1382157389614): object was freed before callback; returning Nil.
    [1859] <engine-1>[GdPAI] ObjectRef(1382157389614): object was freed before callback; returning Nil.
    [1860] <engine-1>[GdPAI] ObjectRef(124621163998): object was freed before callback; returning Nil.
    [1861] <engine-1>[GdPAI] ObjectRef(1382643928884): object was freed before callback; returning Nil.
    [1862] <engine-1>[GdPAI] ObjectRef(1382157389614): object was freed before callback; returning Nil.
    [1863] <engine-1>[GdPAI] ObjectRef(1382157389614): object was freed before callback; returning Nil.
    [1864] <engine-1>[GdPAI] ObjectRef(124621163998): object was freed before callback; returning Nil.
    [1865] <engine-1>[GdPAI] ObjectRef(1382643928884): object was freed before callback; returning Nil.
    [1866] <engine-1>[GdPAI] ObjectRef(124621163998): object was freed before callback; returning Nil.
    [1867] <engine-1>[GdPAI] ObjectRef(124621163998): object was freed before callback; returning Nil.
    [1868] <engine-1>[GdPAI] ObjectRef(1382643928884): object was freed before callback; returning Nil.
    [1869] <engine-1>[GdPAI] ObjectRef(124621163998): object was freed before callback; returning Nil.
    [1870] <engine-1>[GdPAI] ObjectRef(124621163998): object was freed before callback; returning Nil.
    [1871] <engine-1>[GdPAI] ObjectRef(1382643928884): object was freed before callback; returning Nil.
    [1872] <engine-1>[GdPAI] ObjectRef(1382643928884): object was freed before callback; returning Nil.
    [1873] <engine-1>[GdPAI] ObjectRef(124621163998): object was freed before callback; returning Nil.
    [1874] <engine-1>[GdPAI] ObjectRef(1382643928884): object was freed before callback; returning Nil.
    [1875] <engine-1>[GdPAI] ObjectRef(1382643928884): object was freed before callback; returning Nil.
    [1876] <engine-1>[GdPAI] ObjectRef(124621163998): object was freed before callback; returning Nil.
    [1877] <engine-1>[GdPAI] ObjectRef(1382643928884): object was freed before callback; returning Nil.
    [1878] <engine-1>[GdPAI] ObjectRef(124621163998): object was freed before callback; returning Nil.
    [1879] <engine-1>[GdPAI] ObjectRef(1382643928884): object was freed before callback; returning Nil.
    [1880] <engine-1>[GdPAI] ObjectRef(124621163998): object was freed before callback; returning Nil.
    [1881] <engine-1>[GdPAI] ObjectRef(1382643928884): object was freed before callback; returning Nil.
    [1882] <engine-1>[GdPAI] ObjectRef(1382157389614): object was freed before callback; returning Nil.
    [1883] <engine-1>[GdPAI] ObjectRef(1382157389614): object was freed before callback; returning Nil.
    [1884] <engine-1>[GdPAI] ObjectRef(124621163998): object was freed before callback; returning Nil.
    [1885] <engine-1>[GdPAI] ObjectRef(124134624705): object was freed before callback; returning Nil.
    [1886] <engine-1>[GdPAI] ObjectRef(124134624705): object was freed before callback; returning Nil.
    [1887] <engine-1>[GdPAI] ObjectRef(1382643928884): object was freed before callback; returning Nil.
    [1888] <engine-1>[GdPAI] ObjectRef(1382157389614): object was freed before callback; returning Nil.
    [1889] <engine-1>[GdPAI] ObjectRef(1382157389614): object was freed before callback; returning Nil.
    [1890] <engine-1>[GdPAI] ObjectRef(124621163998): object was freed before callback; returning Nil.
    [1891] <engine-1>[GdPAI] ObjectRef(124134624705): object was freed before callback; returning Nil.
    [1892] <engine-1>[GdPAI] ObjectRef(124134624705): object was freed before callback; returning Nil.
    [1893] <engine-1>[GdPAI] ObjectRef(1382643928884): object was freed before callback; returning Nil.
    [1894] <engine-1>[GdPAI] ObjectRef(1382157389614): object was freed before callback; returning Nil.
    [1895] <engine-1>[GdPAI] ObjectRef(1382157389614): object was freed before callback; returning Nil.
    [1896] <engine-1>[GdPAI] ObjectRef(124621163998): object was freed before callback; returning Nil.
    [1897] <engine-1>[GdPAI] ObjectRef(124134624705): object was freed before callback; returning Nil.
    [1898] <engine-1>[GdPAI] ObjectRef(124134624705): object was freed before callback; returning Nil.
    [1899] <engine-1>[GdPAI] ObjectRef(1382643928884): object was freed before callback; returning Nil.
    [1900] <engine-1>[GdPAI] ObjectRef(1382157389614): object was freed before callback; returning Nil.
    [1901] <engine-1>[GdPAI] ObjectRef(1382157389614): object was freed before callback; returning Nil.
    [1902] <engine-1>[GdPAI] ObjectRef(124621163998): object was freed before callback; returning Nil.
    [1903] <engine-1>[GdPAI] ObjectRef(124134624705): object was freed before callback; returning Nil.
    [1904] <engine-1>[GdPAI] ObjectRef(124134624705): object was freed before callback; returning Nil.
    [1905] <engine-1>[GdPAI] ObjectRef(1382643928884): object was freed before callback; returning Nil.
    [1906] <engine-1>[GdPAI] ObjectRef(124621163998): object was freed before callback; returning Nil.
    [1907] <engine-1>[GdPAI] ObjectRef(1382643928884): object was freed before callback; returning Nil.
    [1908] <engine-1>[GdPAI] ObjectRef(124621163998): object was freed before callback; returning Nil.
    [1909] <engine-1>[GdPAI] ObjectRef(1382643928884): object was freed before callback; returning Nil.
    [1910] <engine-1>[GdPAI] ObjectRef(1382643928884): object was freed before callback; returning Nil.
    [1911] <engine-1>[GdPAI] ObjectRef(124621163998): object was freed before callback; returning Nil.
    [1912] <engine-1>[GdPAI] ObjectRef(124621163998): object was freed before callback; returning Nil.
    [1913] <engine-1>[GdPAI] ObjectRef(1382643928884): object was freed before callback; returning Nil.
    [1914] <engine-1>[GdPAI] ObjectRef(1382643928884): object was freed before callback; returning Nil.
    [1915] <engine-1>[GdPAI] ObjectRef(124621163998): object was freed before callback; returning Nil.
    [1916] <engine-1>[GdPAI] ObjectRef(124621163998): object was freed before callback; returning Nil.
    [1917] <engine-1>[GdPAI] ObjectRef(1382643928884): object was freed before callback; returning Nil.
    [1918] <engine-1>[GdPAI] ObjectRef(124621163998): object was freed before callback; returning Nil.
    [1919] <engine-1>[GdPAI] ObjectRef(1382643928884): object was freed before callback; returning Nil.
    [1920] <engine-1>[GdPAI] ObjectRef(124621163998): object was freed before callback; returning Nil.
    [1921] <engine-1>[GdPAI] ObjectRef(1382643928884): object was freed before callback; returning Nil.
    [1922] <engine-1>[GdPAI] ObjectRef(1382157389614): object was freed before callback; returning Nil.
    [1923] <engine-1>[GdPAI] ObjectRef(1382157389614): object was freed before callback; returning Nil.
    [1924] <engine-1>[GdPAI] ObjectRef(124621163998): object was freed before callback; returning Nil.
    [1925] <engine-1>[GdPAI] ObjectRef(1382643928884): object was freed before callback; returning Nil.
    [1926] <engine-1>[GdPAI] ObjectRef(1382157389614): object was freed before callback; returning Nil.
    [1927] <engine-1>[GdPAI] ObjectRef(1382157389614): object was freed before callback; returning Nil.
    [1928] <engine-1>[GdPAI] ObjectRef(124621163998): object was freed before callback; returning Nil.
    [1929] <engine-1>[GdPAI] ObjectRef(1382643928884): object was freed before callback; returning Nil.
    [1930] <engine-1>[GdPAI] ObjectRef(1382157389614): object was freed before callback; returning Nil.
    [1931] <engine-1>[GdPAI] ObjectRef(1382157389614): object was freed before callback; returning Nil.
    [1932] <engine-1>[GdPAI] ObjectRef(124621163998): object was freed before callback; returning Nil.
    [1933] <engine-1>[GdPAI] ObjectRef(124134624705): object was freed before callback; returning Nil.
    [1934] <engine-1>[GdPAI] ObjectRef(124134624705): object was freed before callback; returning Nil.
    [1935] <engine-1>[GdPAI] ObjectRef(1382643928884): object was freed before callback; returning Nil.
    [1936] <engine-1>[GdPAI] ObjectRef(1382157389614): object was freed before callback; returning Nil.
    [1937] <engine-1>[GdPAI] ObjectRef(1382157389614): object was freed before callback; returning Nil.
    [1938] <engine-1>[GdPAI] ObjectRef(124621163998): object was freed before callback; returning Nil.
    [1939] <engine-1>[GdPAI] ObjectRef(124134624705): object was freed before callback; returning Nil.
    [1940] <engine-1>[GdPAI] ObjectRef(124134624705): object was freed before callback; returning Nil.
    [1941] <engine-1>[GdPAI] ObjectRef(1382643928884): object was freed before callback; returning Nil.
    [1942] <engine-1>[GdPAI] ObjectRef(124621163998): object was freed before callback; returning Nil.
    [1943] <engine-1>[GdPAI] ObjectRef(124134624705): object was freed before callback; returning Nil.
    [1944] <engine-1>[GdPAI] ObjectRef(124134624705): object was freed before callback; returning Nil.
    [1945] <engine-1>[GdPAI] ObjectRef(1382643928884): object was freed before callback; returning Nil.
    [1946] <engine-1>[GdPAI] ObjectRef(124621163998): object was freed before callback; returning Nil.
    [1947] <engine-1>[GdPAI] ObjectRef(124134624705): object was freed before callback; returning Nil.
    [1948] <engine-1>[GdPAI] ObjectRef(124134624705): object was freed before callback; returning Nil.
    [1949] <engine-1>[GdPAI] ObjectRef(1382643928884): object was freed before callback; returning Nil.
    [1950] <engine-1>[GdPAI] ObjectRef(1382643928884): object was freed before callback; returning Nil.
    [1951] <engine-1>[GdPAI] ObjectRef(124621163998): object was freed before callback; returning Nil.
    [1952] <engine-1>[GdPAI] ObjectRef(1382643928884): object was freed before callback; returning Nil.
    [1953] <engine-1>[GdPAI] ObjectRef(1382643928884): object was freed before callback; returning Nil.
    [1954] <engine-1>[GdPAI] ObjectRef(124621163998): object was freed before callback; returning Nil.
    [1955] <engine-1>[GdPAI] ObjectRef(1382643928884): object was freed before callback; returning Nil.
    [1956] <engine-1>[GdPAI] ObjectRef(124621163998): object was freed before callback; returning Nil.
    [1957] <engine-1>[GdPAI] ObjectRef(124621163998): object was freed before callback; returning Nil.
    [1958] <engine-1>[GdPAI] ObjectRef(1382643928884): object was freed before callback; returning Nil.
    [1959] <engine-1>[GdPAI] ObjectRef(124621163998): object was freed before callback; returning Nil.
    [1960] <engine-1>[GdPAI] ObjectRef(124621163998): object was freed before callback; returning Nil.
    [1961] <engine-1>[GdPAI] ObjectRef(1382643928884): object was freed before callback; returning Nil.
    [1962] <engine-1>[GdPAI] ObjectRef(1382157389614): object was freed before callback; returning Nil.
    [1963] <engine-1>[GdPAI] ObjectRef(1382157389614): object was freed before callback; returning Nil.
    [1964] <engine-1>[GdPAI] ObjectRef(124621163998): object was freed before callback; returning Nil.
    [1965] <engine-1>[GdPAI] ObjectRef(124621163998): object was freed before callback; returning Nil.
    [1966] <engine-1>[GdPAI] ObjectRef(1382643928884): object was freed before callback; returning Nil.
    [1967] <engine-1>[GdPAI] ObjectRef(1382157389614): object was freed before callback; returning Nil.
    [1968] <engine-1>[GdPAI] ObjectRef(1382157389614): object was freed before callback; returning Nil.
    [1969] <engine-1>[GdPAI] ObjectRef(124621163998): object was freed before callback; returning Nil.
    [1970] <engine-1>[GdPAI] ObjectRef(124621163998): object was freed before callback; returning Nil.
    [1971] <engine-1>[GdPAI] ObjectRef(1382643928884): object was freed before callback; returning Nil.
    [1972] <engine-1>[GdPAI] ObjectRef(1382157389614): object was freed before callback; returning Nil.
    [1973] <engine-1>[GdPAI] ObjectRef(1382157389614): object was freed before callback; returning Nil.
    [1974] <engine-1>[GdPAI] ObjectRef(124621163998): object was freed before callback; returning Nil.
    [1975] <engine-1>[GdPAI] ObjectRef(124621163998): object was freed before callback; returning Nil.
    [1976] <engine-1>[GdPAI] ObjectRef(1382643928884): object was freed before callback; returning Nil.
    [1977] <engine-1>[GdPAI] ObjectRef(1382157389614): object was freed before callback; returning Nil.
    [1978] <engine-1>[GdPAI] ObjectRef(1382157389614): object was freed before callback; returning Nil.
    [1979] <engine-1>[GdPAI] ObjectRef(124621163998): object was freed before callback; returning Nil.
    [1980] <engine-1>[GdPAI] ObjectRef(124621163998): object was freed before callback; returning Nil.
    [1981] <engine-1>[GdPAI] ObjectRef(1382643928884): object was freed before callback; returning Nil.
    [1982] <engine-1>[GdPAI] ObjectRef(124621163998): object was freed before callback; returning Nil.
    [1983] <engine-1>[GdPAI] ObjectRef(124621163998): object was freed before callback; returning Nil.
    [1984] <engine-1>[GdPAI] ObjectRef(1382643928884): object was freed before callback; returning Nil.
    [1985] <engine-1>[GdPAI] ObjectRef(124621163998): object was freed before callback; returning Nil.
    [1986] <engine-1>[GdPAI] ObjectRef(124621163998): object was freed before callback; returning Nil.
    [1987] <engine-1>[GdPAI] ObjectRef(1382643928884): object was freed before callback; returning Nil.
    [1988] <engine-1>[GdPAI] ObjectRef(1382643928884): object was freed before callback; returning Nil.
    [1989] <engine-1>[GdPAI] ObjectRef(124621163998): object was freed before callback; returning Nil.
    [1990] <engine-1>[GdPAI] ObjectRef(124621163998): object was freed before callback; returning Nil.
    [1991] <engine-1>[GdPAI] ObjectRef(1382643928884): object was freed before callback; returning Nil.
    [1992] <engine-1>[GdPAI] ObjectRef(1382643928884): object was freed before callback; returning Nil.
    [1993] <engine-1>[GdPAI] ObjectRef(124621163998): object was freed before callback; returning Nil.
    [1994] <engine-1>[GdPAI] ObjectRef(124621163998): object was freed before callback; returning Nil.
    [1995] <engine-1>[GdPAI] ObjectRef(1382643928884): object was freed before callback; returning Nil.
    [1996] <engine-1>[GdPAI] ObjectRef(124621163998): object was freed before callback; returning Nil.
    [1997] <engine-1>[GdPAI] ObjectRef(124621163998): object was freed before callback; returning Nil.
    [1998] <engine-1>[GdPAI] ObjectRef(1382643928884): object was freed before callback; returning Nil.
    [1999] <engine-1>[GdPAI] ObjectRef(124621163998): object was freed before callback; returning Nil.
    [2000] <engine-1>[GdPAI] ObjectRef(124621163998): object was freed before callback; returning Nil.
    [2001] <engine-1>[GdPAI] ObjectRef(1382643928884): object was freed before callback; returning Nil.
    [2002] <engine-1>[GdPAI] ObjectRef(1382157389614): object was freed before callback; returning Nil.
    [2003] <engine-1>[GdPAI] ObjectRef(1382157389614): object was freed before callback; returning Nil.
    [2004] <engine-1>[GdPAI] ObjectRef(124621163998): object was freed before callback; returning Nil.
    [2005] <engine-1>[GdPAI] ObjectRef(124621163998): object was freed before callback; returning Nil.
    [2006] <engine-1>[GdPAI] ObjectRef(1382643928884): object was freed before callback; returning Nil.
    [2007] <engine-1>[GdPAI] ObjectRef(1382157389614): object was freed before callback; returning Nil.
    [2008] <engine-1>[GdPAI] ObjectRef(1382157389614): object was freed before callback; returning Nil.
    [2009] <engine-1>[GdPAI] ObjectRef(124621163998): object was freed before callback; returning Nil.
    [2010] <engine-1>[GdPAI] ObjectRef(124621163998): object was freed before callback; returning Nil.
    [2011] <engine-1>[GdPAI] ObjectRef(1382643928884): object was freed before callback; returning Nil.
    [2012] <engine-1>[GdPAI] ObjectRef(1382157389614): object was freed before callback; returning Nil.
    [2013] <engine-1>[GdPAI] ObjectRef(1382157389614): object was freed before callback; returning Nil.
    [2014] <engine-1>[GdPAI] ObjectRef(124621163998): object was freed before callback; returning Nil.
    [2015] <engine-1>[GdPAI] ObjectRef(124621163998): object was freed before callback; returning Nil.
    [2016] <engine-1>[GdPAI] ObjectRef(1382643928884): object was freed before callback; returning Nil.
    [2017] <engine-1>[GdPAI] ObjectRef(1382157389614): object was freed before callback; returning Nil.
    [2018] <engine-1>[GdPAI] ObjectRef(1382157389614): object was freed before callback; returning Nil.
    [2019] <engine-1>[GdPAI] ObjectRef(124621163998): object was freed before callback; returning Nil.
    [2020] <engine-1>[GdPAI] ObjectRef(124621163998): object was freed before callback; returning Nil.
    [2021] <engine-1>[GdPAI] ObjectRef(1382643928884): object was freed before callback; returning Nil.
    [2022] <engine-1>[GdPAI] ObjectRef(124621163998): object was freed before callback; returning Nil.
    [2023] <engine-1>[GdPAI] ObjectRef(124621163998): object was freed before callback; returning Nil.
    [2024] <engine-1>[GdPAI] ObjectRef(1382643928884): object was freed before callback; returning Nil.
    [2025] <engine-1>[GdPAI] ObjectRef(124621163998): object was freed before callback; returning Nil.
    [2026] <engine-1>[GdPAI] ObjectRef(124621163998): object was freed before callback; returning Nil.
    [2027] <engine-1>[GdPAI] ObjectRef(1382643928884): object was freed before callback; returning Nil.
    [2028] <engine-1>[GdPAI] ObjectRef(1382643928884): object was freed before callback; returning Nil.
    [2029] <engine-1>[GdPAI] ObjectRef(124621163998): object was freed before callback; returning Nil.
    [2030] <engine-1>[GdPAI] ObjectRef(124621163998): object was freed before callback; returning Nil.
    [2031] <engine-1>[GdPAI] ObjectRef(1382643928884): object was freed before callback; returning Nil.
    [2032] <engine-1>[GdPAI] ObjectRef(1382643928884): object was freed before callback; returning Nil.
    [2033] <engine-1>[GdPAI] ObjectRef(124621163998): object was freed before callback; returning Nil.
    [2034] <engine-1>[GdPAI] ObjectRef(124621163998): object was freed before callback; returning Nil.
    [2035] <engine-1>[GdPAI] ObjectRef(1382643928884): object was freed before callback; returning Nil.
    [2036] <engine-1>[GdPAI] ObjectRef(1382643928884): object was freed before callback; returning Nil.
    [2037] <engine-1>[GdPAI] ObjectRef(124621163998): object was freed before callback; returning Nil.
    [2038] <engine-1>[GdPAI] ObjectRef(124621163998): object was freed before callback; returning Nil.
    [2039] <engine-1>[GdPAI] ObjectRef(1382643928884): object was freed before callback; returning Nil.
    [2040] <engine-1>[GdPAI] ObjectRef(1382643928884): object was freed before callback; returning Nil.
    [2041] <engine-1>[GdPAI] ObjectRef(124621163998): object was freed before callback; returning Nil.
    [2042] <engine-1>[GdPAI] ObjectRef(124621163998): object was freed before callback; returning Nil.
    [2043] <engine-1>[GdPAI] ObjectRef(1382643928884): object was freed before callback; returning Nil.
    [2044] <engine-1>[GdPAI] ObjectRef(1382643928884): object was freed before callback; returning Nil.
    [2045] <engine-1>[GdPAI] ObjectRef(124621163998): object was freed before callback; returning Nil.
    [2046] <engine-1>[GdPAI] ObjectRef(124621163998): object was freed before callback; returning Nil.
    [2047] <engine-1>[GdPAI] ObjectRef(1382643928884): object was freed before callback; returning Nil.
    [2048] <engine-1>[GdPAI] ObjectRef(1382643928884): object was freed before callback; returning Nil.
    [2049] <engine-1>[GdPAI] ObjectRef(124621163998): object was freed before callback; returning Nil.
    [2050] <engine-1>[GdPAI] ObjectRef(124621163998): object was freed before callback; returning Nil.
    [2051] <engine-1>[GdPAI] ObjectRef(1382643928884): object was freed before callback; returning Nil.
    [2052] <engine-1>[GdPAI] ObjectRef(1382643928884): object was freed before callback; returning Nil.
    [2053] <engine-1>[GdPAI] ObjectRef(124621163998): object was freed before callback; returning Nil.
    [2054] <engine-1>[GdPAI] ObjectRef(124621163998): object was freed before callback; returning Nil.
    [2055] <engine-1>[GdPAI] ObjectRef(1382643928884): object was freed before callback; returning Nil.
    [2056] <engine-1>[GdPAI] ObjectRef(1382643928884): object was freed before callback; returning Nil.
    [2057] <engine-1>[GdPAI] ObjectRef(124621163998): object was freed before callback; returning Nil.
    [2058] <engine-1>[GdPAI] ObjectRef(124621163998): object was freed before callback; returning Nil.
    [2059] <engine-1>[GdPAI] ObjectRef(1382643928884): object was freed before callback; returning Nil.
    [2060] <engine-1>[GdPAI] ObjectRef(1382643928884): object was freed before callback; returning Nil.
    [2061] <engine-1>[GdPAI] ObjectRef(124621163998): object was freed before callback; returning Nil.
    [2062] <engine-1>[GdPAI] ObjectRef(124621163998): object was freed before callback; returning Nil.
    [2063] <engine-1>[GdPAI] ObjectRef(125359361544): object was freed before callback; returning Nil.
    [2064] <engine-1>[GdPAI] ObjectRef(124436614611): object was freed before callback; returning Nil.
    [2065] <engine-1>[GdPAI] ObjectRef(125359361544): object was freed before callback; returning Nil.
    [2066] <engine-1>[GdPAI] ObjectRef(124436614611): object was freed before callback; returning Nil.
    [2067] <engine-1>[GdPAI] ObjectRef(1382643928884): object was freed before callback; returning Nil.
    [2068] <engine-1>[GdPAI] ObjectRef(1382643928884): object was freed before callback; returning Nil.
    [2069] <engine-1>[GdPAI] ObjectRef(124621163998): object was freed before callback; returning Nil.
    [2070] <engine-1>[GdPAI] ObjectRef(124621163998): object was freed before callback; returning Nil.
    [2071] <engine-1>[GdPAI] ObjectRef(125359361544): object was freed before callback; returning Nil.
    [2072] <engine-1>[GdPAI] ObjectRef(124436614611): object was freed before callback; returning Nil.
    [2073] <engine-1>[GdPAI] ObjectRef(125359361544): object was freed before callback; returning Nil.
    [2074] <engine-1>[GdPAI] ObjectRef(124436614611): object was freed before callback; returning Nil.
    [2075] <engine-1>[GdPAI] ObjectRef(1382643928884): object was freed before callback; returning Nil.
    [2076] <engine-1>[GdPAI] ObjectRef(1382643928884): object was freed before callback; returning Nil.
    [2077] <engine-1>[GdPAI] ObjectRef(124621163998): object was freed before callback; returning Nil.
    [2078] <engine-1>[GdPAI] ObjectRef(124436614611): object was freed before callback; returning Nil.
    [2079] <engine-1>[GdPAI] ObjectRef(124436614611): object was freed before callback; returning Nil.
    [2080] <engine-1>[GdPAI] ObjectRef(1382643928884): object was freed before callback; returning Nil.
    [2081] <engine-1>[GdPAI] ObjectRef(1382643928884): object was freed before callback; returning Nil.
    [2082] <engine-1>[GdPAI] ObjectRef(124621163998): object was freed before callback; returning Nil.
    [2083] <engine-1>[GdPAI] ObjectRef(124436614611): object was freed before callback; returning Nil.
    [2084] <engine-1>[GdPAI] ObjectRef(124436614611): object was freed before callback; returning Nil.
    [2085] <engine-1>[GdPAI] ObjectRef(1382643928884): object was freed before callback; returning Nil.
    [2086] <engine-1>[GdPAI] ObjectRef(1382643928884): object was freed before callback; returning Nil.
    [2087] <engine-1>[GdPAI] ObjectRef(124621163998): object was freed before callback; returning Nil.
    [2088] <engine-1>[GdPAI] ObjectRef(125359361544): object was freed before callback; returning Nil.
    [2089] <engine-1>[GdPAI] ObjectRef(125359361544): object was freed before callback; returning Nil.
    [2090] <engine-1>[GdPAI] ObjectRef(1382643928884): object was freed before callback; returning Nil.
    [2091] <engine-1>[GdPAI] ObjectRef(1382643928884): object was freed before callback; returning Nil.
    [2092] <engine-1>[GdPAI] ObjectRef(124621163998): object was freed before callback; returning Nil.
    [2093] <engine-1>[GdPAI] ObjectRef(125359361544): object was freed before callback; returning Nil.
    [2094] <engine-1>[GdPAI] ObjectRef(125359361544): object was freed before callback; returning Nil.
    [2095] <engine-1>[GdPAI] ObjectRef(1382643928884): object was freed before callback; returning Nil.
    [2096] <engine-1>[GdPAI] ObjectRef(1382643928884): object was freed before callback; returning Nil.
    [2097] <engine-1>[GdPAI] ObjectRef(124621163998): object was freed before callback; returning Nil.
    [2098] <engine-1>[GdPAI] ObjectRef(124134624705): object was freed before callback; returning Nil.
    [2099] <engine-1>[GdPAI] ObjectRef(124134624705): object was freed before callback; returning Nil.
    [2100] <engine-1>[GdPAI] ObjectRef(1382643928884): object was freed before callback; returning Nil.
    [2101] <engine-1>[GdPAI] ObjectRef(1382643928884): object was freed before callback; returning Nil.
    [2102] <engine-1>[GdPAI] ObjectRef(124621163998): object was freed before callback; returning Nil.
    [2103] <engine-1>[GdPAI] ObjectRef(124134624705): object was freed before callback; returning Nil.
    [2104] <engine-1>[GdPAI] ObjectRef(124134624705): object was freed before callback; returning Nil.
    [2105] <engine-1>[GdPAI] ObjectRef(1382643928884): object was freed before callback; returning Nil.
    [2106] <engine-1>[GdPAI] ObjectRef(1382643928884): object was freed before callback; returning Nil.
    [2107] <engine-1>[GdPAI] ObjectRef(124621163998): object was freed before callback; returning Nil.
    [2108] <engine-1>[GdPAI] ObjectRef(124134624705): object was freed before callback; returning Nil.
    [2109] <engine-1>[GdPAI] ObjectRef(124134624705): object was freed before callback; returning Nil.
    [2110] <engine-1>[GdPAI] ObjectRef(1382643928884): object was freed before callback; returning Nil.
    [2111] <engine-1>[GdPAI] ObjectRef(1382643928884): object was freed before callback; returning Nil.
    [2112] <engine-1>[GdPAI] ObjectRef(124621163998): object was freed before callback; returning Nil.
    [2113] <engine-1>[GdPAI] ObjectRef(124134624705): object was freed before callback; returning Nil.
    [2114] <engine-1>[GdPAI] ObjectRef(124134624705): object was freed before callback; returning Nil.
    [2115] <engine-1>[GdPAI] ObjectRef(1382643928884): object was freed before callback; returning Nil.
    [2116] <engine-1>[GdPAI] ObjectRef(1382643928884): object was freed before callback; returning Nil.
    [2117] <engine-1>[GdPAI] ObjectRef(124621163998): object was freed before callback; returning Nil.
    [2118] <engine-1>[GdPAI] ObjectRef(1382643928884): object was freed before callback; returning Nil.
    [2119] <engine-1>[GdPAI] ObjectRef(1382643928884): object was freed before callback; returning Nil.
    [2120] <engine-1>[GdPAI] ObjectRef(124621163998): object was freed before callback; returning Nil.
    [2121] <engine-1>[GdPAI] ObjectRef(1382643928884): object was freed before callback; returning Nil.
    [2122] <engine-1>[GdPAI] ObjectRef(1382643928884): object was freed before callback; returning Nil.
    [2123] <engine-1>[GdPAI] ObjectRef(124621163998): object was freed before callback; returning Nil.
    [2124] <engine-1>[GdPAI] ObjectRef(124621163998): object was freed before callback; returning Nil.
    [2125] <engine-1>[GdPAI] ObjectRef(1382643928884): object was freed before callback; returning Nil.
    [2126] <engine-1>[GdPAI] ObjectRef(1382643928884): object was freed before callback; returning Nil.
    [2127] <engine-1>[GdPAI] ObjectRef(124621163998): object was freed before callback; returning Nil.
    [2128] <engine-1>[GdPAI] ObjectRef(124621163998): object was freed before callback; returning Nil.
    [2129] <engine-1>[GdPAI] ObjectRef(1382643928884): object was freed before callback; returning Nil.
    [2130] <engine-1>[GdPAI] ObjectRef(1382643928884): object was freed before callback; returning Nil.
    [2131] <engine-1>[GdPAI] ObjectRef(124621163998): object was freed before callback; returning Nil.
    [2132] <engine-1>[GdPAI] ObjectRef(1382643928884): object was freed before callback; returning Nil.
    [2133] <engine-1>[GdPAI] ObjectRef(1382643928884): object was freed before callback; returning Nil.
    [2134] <engine-1>[GdPAI] ObjectRef(124621163998): object was freed before callback; returning Nil.
    [2135] <engine-1>[GdPAI] ObjectRef(1382643928884): object was freed before callback; returning Nil.
    [2136] <engine-1>[GdPAI] ObjectRef(1382643928884): object was freed before callback; returning Nil.
    [2137] <engine-1>[GdPAI] ObjectRef(124621163998): object was freed before callback; returning Nil.
    [2138] <engine-1>[GdPAI] ObjectRef(1382643928884): object was freed before callback; returning Nil.
    [2139] <engine-1>[GdPAI] ObjectRef(1382643928884): object was freed before callback; returning Nil.
    [2140] <engine-1>[GdPAI] ObjectRef(124621163998): object was freed before callback; returning Nil.
    [2141] <engine-1>[GdPAI] ObjectRef(1382643928884): object was freed before callback; returning Nil.
    [2142] <engine-1>[GdPAI] ObjectRef(1382643928884): object was freed before callback; returning Nil.
    [2143] <engine-1>[GdPAI] ObjectRef(1383197576744): object was freed before callback; returning Nil.
    [2144] <engine-1>[GdPAI] ObjectRef(1383197576744): object was freed before callback; returning Nil.
    [2145] <engine-1>[GdPAI] ObjectRef(124621163998): object was freed before callback; returning Nil.
    [2146] <engine-1>[GdPAI] ObjectRef(124134624705): object was freed before callback; returning Nil.
    [2147] <engine-1>[GdPAI] ObjectRef(124134624705): object was freed before callback; returning Nil.
    [2148] <engine-1>[GdPAI] ObjectRef(1382643928884): object was freed before callback; returning Nil.
    [2149] <engine-1>[GdPAI] ObjectRef(1382643928884): object was freed before callback; returning Nil.
    [2150] <engine-1>[GdPAI] ObjectRef(1383197576744): object was freed before callback; returning Nil.
    [2151] <engine-1>[GdPAI] ObjectRef(1383197576744): object was freed before callback; returning Nil.
    [2152] <engine-1>[GdPAI] ObjectRef(124621163998): object was freed before callback; returning Nil.
    [2153] <engine-1>[GdPAI] ObjectRef(124134624705): object was freed before callback; returning Nil.
    [2154] <engine-1>[GdPAI] ObjectRef(124134624705): object was freed before callback; returning Nil.
    [2155] <engine-1>[GdPAI] ObjectRef(1382643928884): object was freed before callback; returning Nil.
    [2156] <engine-1>[GdPAI] ObjectRef(1383197576744): object was freed before callback; returning Nil.
    [2157] <engine-1>[GdPAI] ObjectRef(1383197576744): object was freed before callback; returning Nil.
    [2158] <engine-1>[GdPAI] ObjectRef(124621163998): object was freed before callback; returning Nil.
    [2159] <engine-1>[GdPAI] ObjectRef(124134624705): object was freed before callback; returning Nil.
    [2160] <engine-1>[GdPAI] ObjectRef(124134624705): object was freed before callback; returning Nil.
    [2161] <engine-1>[GdPAI] ObjectRef(1382643928884): object was freed before callback; returning Nil.
    [2162] <engine-1>[GdPAI] ObjectRef(1383197576744): object was freed before callback; returning Nil.
    [2163] <engine-1>[GdPAI] ObjectRef(1383197576744): object was freed before callback; returning Nil.
    [2164] <engine-1>[GdPAI] ObjectRef(124621163998): object was freed before callback; returning Nil.
    [2165] <engine-1>[GdPAI] ObjectRef(124134624705): object was freed before callback; returning Nil.
    [2166] <engine-1>[GdPAI] ObjectRef(124134624705): object was freed before callback; returning Nil.
    [2167] <engine-1>[GdPAI] ObjectRef(1382643928884): object was freed before callback; returning Nil.
    [2168] <engine-1>[GdPAI] ObjectRef(1382157389614): object was freed before callback; returning Nil.
    [2169] <engine-1>[GdPAI] ObjectRef(1382157389614): object was freed before callback; returning Nil.
    [2170] <engine-1>[GdPAI] ObjectRef(124621163998): object was freed before callback; returning Nil.
    [2171] <engine-1>[GdPAI] ObjectRef(1382643928884): object was freed before callback; returning Nil.
    [2172] <engine-1>[GdPAI] ObjectRef(1382157389614): object was freed before callback; returning Nil.
    [2173] <engine-1>[GdPAI] ObjectRef(1382157389614): object was freed before callback; returning Nil.
    [2174] <engine-1>[GdPAI] ObjectRef(124621163998): object was freed before callback; returning Nil.
    [2175] <engine-1>[GdPAI] ObjectRef(1382643928884): object was freed before callback; returning Nil.
    [2176] <engine-1>[GdPAI] ObjectRef(1382157389614): object was freed before callback; returning Nil.
    [2177] <engine-1>[GdPAI] ObjectRef(1382157389614): object was freed before callback; returning Nil.
    [2178] <engine-1>[GdPAI] ObjectRef(124621163998): object was freed before callback; returning Nil.
    [2179] <engine-1>[GdPAI] ObjectRef(124621163998): object was freed before callback; returning Nil.
    [2180] <engine-1>[GdPAI] ObjectRef(125359361544): object was freed before callback; returning Nil.
    [2181] <engine-1>[GdPAI] ObjectRef(124436614611): object was freed before callback; returning Nil.
    [2182] <engine-1>[GdPAI] ObjectRef(125359361544): object was freed before callback; returning Nil.
    [2183] <engine-1>[GdPAI] ObjectRef(124436614611): object was freed before callback; returning Nil.
    [2184] <engine-1>[GdPAI] ObjectRef(1382643928884): object was freed before callback; returning Nil.
    [2185] <engine-1>[GdPAI] ObjectRef(1382157389614): object was freed before callback; returning Nil.
    [2186] <engine-1>[GdPAI] ObjectRef(1382157389614): object was freed before callback; returning Nil.
    [2187] <engine-1>[GdPAI] ObjectRef(124621163998): object was freed before callback; returning Nil.
    [2188] <engine-1>[GdPAI] ObjectRef(124621163998): object was freed before callback; returning Nil.
    [2189] <engine-1>[GdPAI] ObjectRef(125359361544): object was freed before callback; returning Nil.
    [2190] <engine-1>[GdPAI] ObjectRef(124436614611): object was freed before callback; returning Nil.
    [2191] <engine-1>[GdPAI] ObjectRef(125359361544): object was freed before callback; returning Nil.
    [2192] <engine-1>[GdPAI] ObjectRef(124436614611): object was freed before callback; returning Nil.
    [2193] <engine-1>[GdPAI] ObjectRef(1382643928884): object was freed before callback; returning Nil.
    [2194] <engine-1>[GdPAI] ObjectRef(124621163998): object was freed before callback; returning Nil.
    [2195] <engine-1>[GdPAI] ObjectRef(124436614611): object was freed before callback; returning Nil.
    [2196] <engine-1>[GdPAI] ObjectRef(124436614611): object was freed before callback; returning Nil.
    [2197] <engine-1>[GdPAI] ObjectRef(1382643928884): object was freed before callback; returning Nil.
    [2198] <engine-1>[GdPAI] ObjectRef(124621163998): object was freed before callback; returning Nil.
    [2199] <engine-1>[GdPAI] ObjectRef(124436614611): object was freed before callback; returning Nil.
    [2200] <engine-1>[GdPAI] ObjectRef(124436614611): object was freed before callback; returning Nil.
    [2201] <engine-1>[GdPAI] ObjectRef(1382643928884): object was freed before callback; returning Nil.
    [2202] <engine-1>[GdPAI] ObjectRef(1382643928884): object was freed before callback; returning Nil.
    [2203] <engine-1>[GdPAI] ObjectRef(124621163998): object was freed before callback; returning Nil.
    [2204] <engine-1>[GdPAI] ObjectRef(125359361544): object was freed before callback; returning Nil.
    [2205] <engine-1>[GdPAI] ObjectRef(125359361544): object was freed before callback; returning Nil.
    [2206] <engine-1>[GdPAI] ObjectRef(1382643928884): object was freed before callback; returning Nil.
    [2207] <engine-1>[GdPAI] ObjectRef(1382643928884): object was freed before callback; returning Nil.
    [2208] <engine-1>[GdPAI] ObjectRef(124621163998): object was freed before callback; returning Nil.
    [2209] <engine-1>[GdPAI] ObjectRef(125359361544): object was freed before callback; returning Nil.
    [2210] <engine-1>[GdPAI] ObjectRef(125359361544): object was freed before callback; returning Nil.
    [2211] <engine-1>[GdPAI] ObjectRef(1382643928884): object was freed before callback; returning Nil.
    [2212] <engine-1>[GdPAI] ObjectRef(124621163998): object was freed before callback; returning Nil.
    [2213] <engine-1>[GdPAI] ObjectRef(124134624705): object was freed before callback; returning Nil.
    [2214] <engine-1>[GdPAI] ObjectRef(124134624705): object was freed before callback; returning Nil.
    [2215] <engine-1>[GdPAI] ObjectRef(1382643928884): object was freed before callback; returning Nil.
    [2216] <engine-1>[GdPAI] ObjectRef(124621163998): object was freed before callback; returning Nil.
    [2217] <engine-1>[GdPAI] ObjectRef(124134624705): object was freed before callback; returning Nil.
    [2218] <engine-1>[GdPAI] ObjectRef(124134624705): object was freed before callback; returning Nil.
    [2219] <engine-1>[GdPAI] ObjectRef(1382643928884): object was freed before callback; returning Nil.
    [2220] <engine-1>[GdPAI] ObjectRef(1382157389614): object was freed before callback; returning Nil.
    [2221] <engine-1>[GdPAI] ObjectRef(1382157389614): object was freed before callback; returning Nil.
    [2222] <engine-1>[GdPAI] ObjectRef(124621163998): object was freed before callback; returning Nil.
    [2223] <engine-1>[GdPAI] ObjectRef(124134624705): object was freed before callback; returning Nil.
    [2224] <engine-1>[GdPAI] ObjectRef(124134624705): object was freed before callback; returning Nil.
    [2225] <engine-1>[GdPAI] ObjectRef(1382643928884): object was freed before callback; returning Nil.
    [2226] <engine-1>[GdPAI] ObjectRef(1382157389614): object was freed before callback; returning Nil.
    [2227] <engine-1>[GdPAI] ObjectRef(1382157389614): object was freed before callback; returning Nil.
    [2228] <engine-1>[GdPAI] ObjectRef(124621163998): object was freed before callback; returning Nil.
    [2229] <engine-1>[GdPAI] ObjectRef(124134624705): object was freed before callback; returning Nil.
    [2230] <engine-1>[GdPAI] ObjectRef(124134624705): object was freed before callback; returning Nil.
    [2231] <engine-1>[GdPAI] ObjectRef(1382643928884): object was freed before callback; returning Nil.
    [2232] <engine-1>[GdPAI] ObjectRef(1382157389614): object was freed before callback; returning Nil.
    [2233] <engine-1>[GdPAI] ObjectRef(1382157389614): object was freed before callback; returning Nil.
    [2234] <engine-1>[GdPAI] ObjectRef(124621163998): object was freed before callback; returning Nil.
    [2235] <engine-1>[GdPAI] ObjectRef(1382643928884): object was freed before callback; returning Nil.
    [2236] <engine-1>[GdPAI] ObjectRef(1382157389614): object was freed before callback; returning Nil.
    [2237] <engine-1>[GdPAI] ObjectRef(1382157389614): object was freed before callback; returning Nil.
    [2238] <engine-1>[GdPAI] ObjectRef(124621163998): object was freed before callback; returning Nil.
    [2239] <engine-1>[GdPAI] ObjectRef(1382643928884): object was freed before callback; returning Nil.
    [2240] <engine-1>[GdPAI] ObjectRef(124621163998): object was freed before callback; returning Nil.
    [2241] <engine-1>[GdPAI] ObjectRef(124621163998): object was freed before callback; returning Nil.
    [2242] <engine-1>[GdPAI] ObjectRef(1382643928884): object was freed before callback; returning Nil.
    [2243] <engine-1>[GdPAI] ObjectRef(124621163998): object was freed before callback; returning Nil.
    [2244] <engine-1>[GdPAI] ObjectRef(124621163998): object was freed before callback; returning Nil.
    [2245] <engine-1>[GdPAI] ObjectRef(1382643928884): object was freed before callback; returning Nil.
    [2246] <engine-1>[GdPAI] ObjectRef(1382643928884): object was freed before callback; returning Nil.
    [2247] <engine-1>[GdPAI] ObjectRef(1383197576744): object was freed before callback; returning Nil.
    [2248] <engine-1>[GdPAI] ObjectRef(1383197576744): object was freed before callback; returning Nil.
    [2249] <engine-1>[GdPAI] ObjectRef(124621163998): object was freed before callback; returning Nil.
    [2250] <engine-1>[GdPAI] ObjectRef(1382643928884): object was freed before callback; returning Nil.
    [2251] <engine-1>[GdPAI] ObjectRef(1382643928884): object was freed before callback; returning Nil.
    [2252] <engine-1>[GdPAI] ObjectRef(1383197576744): object was freed before callback; returning Nil.
    [2253] <engine-1>[GdPAI] ObjectRef(1383197576744): object was freed before callback; returning Nil.
    [2254] <engine-1>[GdPAI] ObjectRef(124621163998): object was freed before callback; returning Nil.
    [2255] <engine-1>[GdPAI] ObjectRef(1382643928884): object was freed before callback; returning Nil.
    [2256] <engine-1>[GdPAI] ObjectRef(1383197576744): object was freed before callback; returning Nil.
    [2257] <engine-1>[GdPAI] ObjectRef(1383197576744): object was freed before callback; returning Nil.
    [2258] <engine-1>[GdPAI] ObjectRef(124621163998): object was freed before callback; returning Nil.
    [2259] <engine-1>[GdPAI] ObjectRef(1382643928884): object was freed before callback; returning Nil.
    [2260] <engine-1>[GdPAI] ObjectRef(1383197576744): object was freed before callback; returning Nil.
    [2261] <engine-1>[GdPAI] ObjectRef(1383197576744): object was freed before callback; returning Nil.
    [2262] <engine-1>[GdPAI] ObjectRef(124621163998): object was freed before callback; returning Nil.
    [2263] <engine-1>[GdPAI] ObjectRef(1382643928884): object was freed before callback; returning Nil.
    [2264] <engine-1>[GdPAI] ObjectRef(1382157389614): object was freed before callback; returning Nil.
    [2265] <engine-1>[GdPAI] ObjectRef(1382157389614): object was freed before callback; returning Nil.
    [2266] <engine-1>[GdPAI] ObjectRef(124621163998): object was freed before callback; returning Nil.
    [2267] <engine-1>[GdPAI] ObjectRef(124134624705): object was freed before callback; returning Nil.
    [2268] <engine-1>[GdPAI] ObjectRef(124134624705): object was freed before callback; returning Nil.
    [2269] <engine-1>[GdPAI] ObjectRef(1382643928884): object was freed before callback; returning Nil.
    [2270] <engine-1>[GdPAI] ObjectRef(1382157389614): object was freed before callback; returning Nil.
    [2271] <engine-1>[GdPAI] ObjectRef(1382157389614): object was freed before callback; returning Nil.
    [2272] <engine-1>[GdPAI] ObjectRef(124621163998): object was freed before callback; returning Nil.
    [2273] <engine-1>[GdPAI] ObjectRef(124134624705): object was freed before callback; returning Nil.
    [2274] <engine-1>[GdPAI] ObjectRef(124134624705): object was freed before callback; returning Nil.
    [2275] <engine-1>[GdPAI] ObjectRef(1382643928884): object was freed before callback; returning Nil.
    [2276] <engine-1>[GdPAI] ObjectRef(1382157389614): object was freed before callback; returning Nil.
    [2277] <engine-1>[GdPAI] ObjectRef(1382157389614): object was freed before callback; returning Nil.
    [2278] <engine-1>[GdPAI] ObjectRef(124621163998): object was freed before callback; returning Nil.
    [2279] <engine-1>[GdPAI] ObjectRef(124134624705): object was freed before callback; returning Nil.
    [2280] <engine-1>[GdPAI] ObjectRef(124134624705): object was freed before callback; returning Nil.
    [2281] <engine-1>[GdPAI] ObjectRef(1382643928884): object was freed before callback; returning Nil.
    [2282] <engine-1>[GdPAI] ObjectRef(1382157389614): object was freed before callback; returning Nil.
    [2283] <engine-1>[GdPAI] ObjectRef(1382157389614): object was freed before callback; returning Nil.
    [2284] <engine-1>[GdPAI] ObjectRef(124621163998): object was freed before callback; returning Nil.
    [2285] <engine-1>[GdPAI] ObjectRef(124134624705): object was freed before callback; returning Nil.
    [2286] <engine-1>[GdPAI] ObjectRef(124134624705): object was freed before callback; returning Nil.
    [2287] <engine-1>[GdPAI] ObjectRef(1382643928884): object was freed before callback; returning Nil.
    [2288] <engine-1>[GdPAI] ObjectRef(124621163998): object was freed before callback; returning Nil.
    [2289] <engine-1>[GdPAI] ObjectRef(1382643928884): object was freed before callback; returning Nil.
    [2290] <engine-1>[GdPAI] ObjectRef(124621163998): object was freed before callback; returning Nil.
    [2291] <engine-1>[GdPAI] ObjectRef(1382643928884): object was freed before callback; returning Nil.
    [2292] <engine-1>[GdPAI] ObjectRef(1382643928884): object was freed before callback; returning Nil.
    [2293] <engine-1>[GdPAI] ObjectRef(124621163998): object was freed before callback; returning Nil.
    [2294] <engine-1>[GdPAI] ObjectRef(124621163998): object was freed before callback; returning Nil.
    [2295] <engine-1>[GdPAI] ObjectRef(1382643928884): object was freed before callback; returning Nil.
    [2296] <engine-1>[GdPAI] ObjectRef(1382643928884): object was freed before callback; returning Nil.
    [2297] <engine-1>[GdPAI] ObjectRef(124621163998): object was freed before callback; returning Nil.
    [2298] <engine-1>[GdPAI] ObjectRef(124621163998): object was freed before callback; returning Nil.
    [2299] <engine-1>[GdPAI] ObjectRef(1382643928884): object was freed before callback; returning Nil.
    [2300] <engine-1>[GdPAI] ObjectRef(124621163998): object was freed before callback; returning Nil.
    [2301] <engine-1>[GdPAI] ObjectRef(1382643928884): object was freed before callback; returning Nil.
    [2302] <engine-1>[GdPAI] ObjectRef(124621163998): object was freed before callback; returning Nil.
    [2303] <engine-1>[GdPAI] ObjectRef(1382643928884): object was freed before callback; returning Nil.
    [2304] <engine-1>[GdPAI] ObjectRef(1382157389614): object was freed before callback; returning Nil.
    [2305] <engine-1>[GdPAI] ObjectRef(1382157389614): object was freed before callback; returning Nil.
    [2306] <engine-1>[GdPAI] ObjectRef(124621163998): object was freed before callback; returning Nil.
    [2307] <engine-1>[GdPAI] ObjectRef(1382643928884): object was freed before callback; returning Nil.
    [2308] <engine-1>[GdPAI] ObjectRef(1382157389614): object was freed before callback; returning Nil.
    [2309] <engine-1>[GdPAI] ObjectRef(1382157389614): object was freed before callback; returning Nil.
    [2310] <engine-1>[GdPAI] ObjectRef(124621163998): object was freed before callback; returning Nil.
    [2311] <engine-1>[GdPAI] ObjectRef(1382643928884): object was freed before callback; returning Nil.
    [2312] <engine-1>[GdPAI] ObjectRef(1382157389614): object was freed before callback; returning Nil.
    [2313] <engine-1>[GdPAI] ObjectRef(1382157389614): object was freed before callback; returning Nil.
    [2314] <engine-1>[GdPAI] ObjectRef(124621163998): object was freed before callback; returning Nil.
    [2315] <engine-1>[GdPAI] ObjectRef(124134624705): object was freed before callback; returning Nil.
    [2316] <engine-1>[GdPAI] ObjectRef(124134624705): object was freed before callback; returning Nil.
    [2317] <engine-1>[GdPAI] ObjectRef(1382643928884): object was freed before callback; returning Nil.
    [2318] <engine-1>[GdPAI] ObjectRef(1382157389614): object was freed before callback; returning Nil.
    [2319] <engine-1>[GdPAI] ObjectRef(1382157389614): object was freed before callback; returning Nil.
    [2320] <engine-1>[GdPAI] ObjectRef(124621163998): object was freed before callback; returning Nil.
    [2321] <engine-1>[GdPAI] ObjectRef(124134624705): object was freed before callback; returning Nil.
    [2322] <engine-1>[GdPAI] ObjectRef(124134624705): object was freed before callback; returning Nil.
    [2323] <engine-1>[GdPAI] ObjectRef(1382643928884): object was freed before callback; returning Nil.
    [2324] <engine-1>[GdPAI] ObjectRef(124621163998): object was freed before callback; returning Nil.
    [2325] <engine-1>[GdPAI] ObjectRef(124134624705): object was freed before callback; returning Nil.
    [2326] <engine-1>[GdPAI] ObjectRef(124134624705): object was freed before callback; returning Nil.
    [2327] <engine-1>[GdPAI] ObjectRef(1382643928884): object was freed before callback; returning Nil.
    [2328] <engine-1>[GdPAI] ObjectRef(124621163998): object was freed before callback; returning Nil.
    [2329] <engine-1>[GdPAI] ObjectRef(124134624705): object was freed before callback; returning Nil.
    [2330] <engine-1>[GdPAI] ObjectRef(124134624705): object was freed before callback; returning Nil.
    [2331] <engine-1>[GdPAI] ObjectRef(1382643928884): object was freed before callback; returning Nil.
    [2332] <engine-1>[GdPAI] ObjectRef(1382643928884): object was freed before callback; returning Nil.
    [2333] <engine-1>[GdPAI] ObjectRef(124621163998): object was freed before callback; returning Nil.
    [2334] <engine-1>[GdPAI] ObjectRef(1382643928884): object was freed before callback; returning Nil.
    [2335] <engine-1>[GdPAI] ObjectRef(1382643928884): object was freed before callback; returning Nil.
    [2336] <engine-1>[GdPAI] ObjectRef(124621163998): object was freed before callback; returning Nil.
    [2337] <engine-1>[GdPAI] ObjectRef(1382643928884): object was freed before callback; returning Nil.
    [2338] <engine-1>[GdPAI] ObjectRef(124621163998): object was freed before callback; returning Nil.
    [2339] <engine-1>[GdPAI] ObjectRef(124621163998): object was freed before callback; returning Nil.
    [2340] <engine-1>[GdPAI] ObjectRef(1382643928884): object was freed before callback; returning Nil.
    [2341] <engine-1>[GdPAI] ObjectRef(124621163998): object was freed before callback; returning Nil.
    [2342] <engine-1>[GdPAI] ObjectRef(124621163998): object was freed before callback; returning Nil.
    [2343] <engine-1>[GdPAI] ObjectRef(1382643928884): object was freed before callback; returning Nil.
    [2344] <engine-1>[GdPAI] ObjectRef(1382157389614): object was freed before callback; returning Nil.
    [2345] <engine-1>[GdPAI] ObjectRef(1382157389614): object was freed before callback; returning Nil.
    [2346] <engine-1>[GdPAI] ObjectRef(124621163998): object was freed before callback; returning Nil.
    [2347] <engine-1>[GdPAI] ObjectRef(1382643928884): object was freed before callback; returning Nil.
    [2348] <engine-1>[GdPAI] ObjectRef(1382157389614): object was freed before callback; returning Nil.
    [2349] <engine-1>[GdPAI] ObjectRef(1382157389614): object was freed before callback; returning Nil.
    [2350] <engine-1>[GdPAI] ObjectRef(124621163998): object was freed before callback; returning Nil.
    [2351] <engine-1>[GdPAI] ObjectRef(1382643928884): object was freed before callback; returning Nil.
    [2352] <engine-1>[GdPAI] ObjectRef(1382157389614): object was freed before callback; returning Nil.
    [2353] <engine-1>[GdPAI] ObjectRef(1382157389614): object was freed before callback; returning Nil.
    [2354] <engine-1>[GdPAI] ObjectRef(124621163998): object was freed before callback; returning Nil.
    [2355] <engine-1>[GdPAI] ObjectRef(1382643928884): object was freed before callback; returning Nil.
    [2356] <engine-1>[GdPAI] ObjectRef(1382157389614): object was freed before callback; returning Nil.
    [2357] <engine-1>[GdPAI] ObjectRef(1382157389614): object was freed before callback; returning Nil.
    [2358] <engine-1>[GdPAI] ObjectRef(124621163998): object was freed before callback; returning Nil.
    [2359] <engine-1>[GdPAI] ObjectRef(1382643928884): object was freed before callback; returning Nil.
    [2360] <engine-1>[GdPAI] ObjectRef(124621163998): object was freed before callback; returning Nil.
    [2361] <engine-1>[GdPAI] ObjectRef(124134624705): object was freed before callback; returning Nil.
    [2362] <engine-1>[GdPAI] ObjectRef(124134624705): object was freed before callback; returning Nil.
    [2363] <engine-1>[GdPAI] ObjectRef(1382643928884): object was freed before callback; returning Nil.
    [2364] <engine-1>[GdPAI] ObjectRef(124621163998): object was freed before callback; returning Nil.
    [2365] <engine-1>[GdPAI] ObjectRef(124134624705): object was freed before callback; returning Nil.
    [2366] <engine-1>[GdPAI] ObjectRef(124134624705): object was freed before callback; returning Nil.
    [2367] <engine-1>[GdPAI] ObjectRef(1382643928884): object was freed before callback; returning Nil.
    [2368] <engine-1>[GdPAI] ObjectRef(1382643928884): object was freed before callback; returning Nil.
    [2369] <engine-1>[GdPAI] ObjectRef(124621163998): object was freed before callback; returning Nil.
    [2370] <engine-1>[GdPAI] ObjectRef(124134624705): object was freed before callback; returning Nil.
    [2371] <engine-1>[GdPAI] ObjectRef(124134624705): object was freed before callback; returning Nil.
    [2372] <engine-1>[GdPAI] ObjectRef(1382643928884): object was freed before callback; returning Nil.
    [2373] <engine-1>[GdPAI] ObjectRef(1382643928884): object was freed before callback; returning Nil.
    [2374] <engine-1>[GdPAI] ObjectRef(124621163998): object was freed before callback; returning Nil.
    [2375] <engine-1>[GdPAI] ObjectRef(124134624705): object was freed before callback; returning Nil.
    [2376] <engine-1>[GdPAI] ObjectRef(124134624705): object was freed before callback; returning Nil.
    [2377] <engine-1>[GdPAI] ObjectRef(1382643928884): object was freed before callback; returning Nil.
    [2378] <engine-1>[GdPAI] ObjectRef(124621163998): object was freed before callback; returning Nil.
    [2379] <engine-1>[GdPAI] ObjectRef(1382643928884): object was freed before callback; returning Nil.
    [2380] <engine-1>[GdPAI] ObjectRef(124621163998): object was freed before callback; returning Nil.
    [2381] <engine-1>[GdPAI] ObjectRef(1382643928884): object was freed before callback; returning Nil.
    [2382] <engine-1>[GdPAI] ObjectRef(1382157389614): object was freed before callback; returning Nil.
    [2383] <engine-1>[GdPAI] ObjectRef(1382157389614): object was freed before callback; returning Nil.
    [2384] <engine-1>[GdPAI] ObjectRef(124621163998): object was freed before callback; returning Nil.
    [2385] <engine-1>[GdPAI] ObjectRef(124621163998): object was freed before callback; returning Nil.
    [2386] <engine-1>[GdPAI] ObjectRef(1382643928884): object was freed before callback; returning Nil.
    [2387] <engine-1>[GdPAI] ObjectRef(1382157389614): object was freed before callback; returning Nil.
    [2388] <engine-1>[GdPAI] ObjectRef(1382157389614): object was freed before callback; returning Nil.
    [2389] <engine-1>[GdPAI] ObjectRef(124621163998): object was freed before callback; returning Nil.
    [2390] <engine-1>[GdPAI] ObjectRef(124621163998): object was freed before callback; returning Nil.
    [2391] <engine-1>[GdPAI] ObjectRef(1382643928884): object was freed before callback; returning Nil.
    [2392] <engine-1>[GdPAI] ObjectRef(1382157389614): object was freed before callback; returning Nil.
    [2393] <engine-1>[GdPAI] ObjectRef(1382157389614): object was freed before callback; returning Nil.
    [2394] <engine-1>[GdPAI] ObjectRef(124621163998): object was freed before callback; returning Nil.
    [2395] <engine-1>[GdPAI] ObjectRef(1382643928884): object was freed before callback; returning Nil.
    [2396] <engine-1>[GdPAI] ObjectRef(1382157389614): object was freed before callback; returning Nil.
    [2397] <engine-1>[GdPAI] ObjectRef(1382157389614): object was freed before callback; returning Nil.
    [2398] <engine-1>[GdPAI] ObjectRef(124621163998): object was freed before callback; returning Nil.
    [2399] <engine-1>[GdPAI] ObjectRef(1382643928884): object was freed before callback; returning Nil.
    [2400] <engine-1>[GdPAI] ObjectRef(124621163998): object was freed before callback; returning Nil.
    [2401] <engine-1>[GdPAI] ObjectRef(1382643928884): object was freed before callback; returning Nil.
    [2402] <engine-1>[GdPAI] ObjectRef(124621163998): object was freed before callback; returning Nil.
    [2403] <engine-1>[GdPAI] ObjectRef(1382643928884): object was freed before callback; returning Nil.
    [2404] <engine-1>[GdPAI] ObjectRef(1382643928884): object was freed before callback; returning Nil.
    [2405] <engine-1>[GdPAI] ObjectRef(124621163998): object was freed before callback; returning Nil.
    [2406] <engine-1>[GdPAI] ObjectRef(124134624705): object was freed before callback; returning Nil.
    [2407] <engine-1>[GdPAI] ObjectRef(124134624705): object was freed before callback; returning Nil.
    [2408] <engine-1>[GdPAI] ObjectRef(1382643928884): object was freed before callback; returning Nil.
    [2409] <engine-1>[GdPAI] ObjectRef(1382643928884): object was freed before callback; returning Nil.
    [2410] <engine-1>[GdPAI] ObjectRef(124621163998): object was freed before callback; returning Nil.
    [2411] <engine-1>[GdPAI] ObjectRef(124134624705): object was freed before callback; returning Nil.
    [2412] <engine-1>[GdPAI] ObjectRef(124134624705): object was freed before callback; returning Nil.
    [2413] <engine-1>[GdPAI] ObjectRef(1382643928884): object was freed before callback; returning Nil.
    [2414] <engine-1>[GdPAI] ObjectRef(124621163998): object was freed before callback; returning Nil.
    [2415] <engine-1>[GdPAI] ObjectRef(124134624705): object was freed before callback; returning Nil.
    [2416] <engine-1>[GdPAI] ObjectRef(124134624705): object was freed before callback; returning Nil.
    [2417] <engine-1>[GdPAI] ObjectRef(1382643928884): object was freed before callback; returning Nil.
    [2418] <engine-1>[GdPAI] ObjectRef(124621163998): object was freed before callback; returning Nil.
    [2419] <engine-1>[GdPAI] ObjectRef(124134624705): object was freed before callback; returning Nil.
    [2420] <engine-1>[GdPAI] ObjectRef(124134624705): object was freed before callback; returning Nil.
    [2421] <engine-1>[GdPAI] ObjectRef(1382643928884): object was freed before callback; returning Nil.
    [2422] <engine-1>[GdPAI] ObjectRef(1382157389614): object was freed before callback; returning Nil.
    [2423] <engine-1>[GdPAI] ObjectRef(1382157389614): object was freed before callback; returning Nil.
    [2424] <engine-1>[GdPAI] ObjectRef(124621163998): object was freed before callback; returning Nil.
    [2425] <engine-1>[GdPAI] ObjectRef(1382643928884): object was freed before callback; returning Nil.
    [2426] <engine-1>[GdPAI] ObjectRef(1382157389614): object was freed before callback; returning Nil.
    [2427] <engine-1>[GdPAI] ObjectRef(1382157389614): object was freed before callback; returning Nil.
    [2428] <engine-1>[GdPAI] ObjectRef(124621163998): object was freed before callback; returning Nil.
    [2429] <engine-1>[GdPAI] ObjectRef(1382643928884): object was freed before callback; returning Nil.
    [2430] <engine-1>[GdPAI] ObjectRef(1382157389614): object was freed before callback; returning Nil.
    [2431] <engine-1>[GdPAI] ObjectRef(1382157389614): object was freed before callback; returning Nil.
    [2432] <engine-1>[GdPAI] ObjectRef(124621163998): object was freed before callback; returning Nil.
    [2433] <engine-1>[GdPAI] ObjectRef(124621163998): object was freed before callback; returning Nil.
    [2434] <engine-1>[GdPAI] ObjectRef(1382643928884): object was freed before callback; returning Nil.
    [2435] <engine-1>[GdPAI] ObjectRef(1382157389614): object was freed before callback; returning Nil.
    [2436] <engine-1>[GdPAI] ObjectRef(1382157389614): object was freed before callback; returning Nil.
    [2437] <engine-1>[GdPAI] ObjectRef(124621163998): object was freed before callback; returning Nil.
    [2438] <engine-1>[GdPAI] ObjectRef(124621163998): object was freed before callback; returning Nil.
    [2439] <engine-1>[GdPAI] ObjectRef(1382643928884): object was freed before callback; returning Nil.
    [2440] <engine-1>[GdPAI] ObjectRef(124621163998): object was freed before callback; returning Nil.
    [2441] <engine-1>[GdPAI] ObjectRef(1382643928884): object was freed before callback; returning Nil.
    [2442] <engine-1>[GdPAI] ObjectRef(124621163998): object was freed before callback; returning Nil.
    [2443] <engine-1>[GdPAI] ObjectRef(1382643928884): object was freed before callback; returning Nil.
    [2444] <engine-1>[GdPAI] ObjectRef(1382643928884): object was freed before callback; returning Nil.
    [2445] <engine-1>[GdPAI] ObjectRef(124621163998): object was freed before callback; returning Nil.
    [2446] <engine-1>[GdPAI] ObjectRef(1382643928884): object was freed before callback; returning Nil.
    [2447] <engine-1>[GdPAI] ObjectRef(1382643928884): object was freed before callback; returning Nil.
    [2448] <engine-1>[GdPAI] ObjectRef(124621163998): object was freed before callback; returning Nil.
    [2449] <engine-1>[GdPAI] ObjectRef(1382643928884): object was freed before callback; returning Nil.
    [2450] <engine-1>[GdPAI] ObjectRef(124621163998): object was freed before callback; returning Nil.
    [2451] <engine-1>[GdPAI] ObjectRef(124134624705): object was freed before callback; returning Nil.
    [2452] <engine-1>[GdPAI] ObjectRef(124134624705): object was freed before callback; returning Nil.
    [2453] <engine-1>[GdPAI] ObjectRef(1382643928884): object was freed before callback; returning Nil.
    [2454] <engine-1>[GdPAI] ObjectRef(124621163998): object was freed before callback; returning Nil.
    [2455] <engine-1>[GdPAI] ObjectRef(124134624705): object was freed before callback; returning Nil.
    [2456] <engine-1>[GdPAI] ObjectRef(124134624705): object was freed before callback; returning Nil.
    [2457] <engine-1>[GdPAI] ObjectRef(1382643928884): object was freed before callback; returning Nil.
    [2458] <engine-1>[GdPAI] ObjectRef(1382157389614): object was freed before callback; returning Nil.
    [2459] <engine-1>[GdPAI] ObjectRef(1382157389614): object was freed before callback; returning Nil.
    [2460] <engine-1>[GdPAI] ObjectRef(124621163998): object was freed before callback; returning Nil.
    [2461] <engine-1>[GdPAI] ObjectRef(124134624705): object was freed before callback; returning Nil.
    [2462] <engine-1>[GdPAI] ObjectRef(124134624705): object was freed before callback; returning Nil.
    [2463] <engine-1>[GdPAI] ObjectRef(1382643928884): object was freed before callback; returning Nil.
    [2464] <engine-1>[GdPAI] ObjectRef(1382157389614): object was freed before callback; returning Nil.
    [2465] <engine-1>[GdPAI] ObjectRef(1382157389614): object was freed before callback; returning Nil.
    [2466] <engine-1>[GdPAI] ObjectRef(124621163998): object was freed before callback; returning Nil.
    [2467] <engine-1>[GdPAI] ObjectRef(124134624705): object was freed before callback; returning Nil.
    [2468] <engine-1>[GdPAI] ObjectRef(124134624705): object was freed before callback; returning Nil.
    [2469] <engine-1>[GdPAI] ObjectRef(1382643928884): object was freed before callback; returning Nil.
    [2470] <engine-1>[GdPAI] ObjectRef(1382157389614): object was freed before callback; returning Nil.
    [2471] <engine-1>[GdPAI] ObjectRef(1382157389614): object was freed before callback; returning Nil.
    [2472] <engine-1>[GdPAI] ObjectRef(124621163998): object was freed before callback; returning Nil.
    [2473] <engine-1>[GdPAI] ObjectRef(1382643928884): object was freed before callback; returning Nil.
    [2474] <engine-1>[GdPAI] ObjectRef(1382157389614): object was freed before callback; returning Nil.
    [2475] <engine-1>[GdPAI] ObjectRef(1382157389614): object was freed before callback; returning Nil.
    [2476] <engine-1>[GdPAI] ObjectRef(124621163998): object was freed before callback; returning Nil.
    [2477] <engine-1>[GdPAI] ObjectRef(1382643928884): object was freed before callback; returning Nil.
    [2478] <engine-1>[GdPAI] ObjectRef(124621163998): object was freed before callback; returning Nil.
    [2479] <engine-1>[GdPAI] ObjectRef(124621163998): object was freed before callback; returning Nil.
    [2480] <engine-1>[GdPAI] ObjectRef(1382643928884): object was freed before callback; returning Nil.
    [2481] <engine-1>[GdPAI] ObjectRef(124621163998): object was freed before callback; returning Nil.
    [2482] <engine-1>[GdPAI] ObjectRef(124621163998): object was freed before callback; returning Nil.
    [2483] <engine-1>[GdPAI] ObjectRef(1382643928884): object was freed before callback; returning Nil.
    [2484] <engine-1>[GdPAI] ObjectRef(1382643928884): object was freed before callback; returning Nil.
    [2485] <engine-1>[GdPAI] ObjectRef(124621163998): object was freed before callback; returning Nil.
    [2486] <engine-1>[GdPAI] ObjectRef(124621163998): object was freed before callback; returning Nil.
    [2487] <engine-1>[GdPAI] ObjectRef(1382643928884): object was freed before callback; returning Nil.
    [2488] <engine-1>[GdPAI] ObjectRef(1382643928884): object was freed before callback; returning Nil.
    [2489] <engine-1>[GdPAI] ObjectRef(124621163998): object was freed before callback; returning Nil.
    [2490] <engine-1>[GdPAI] ObjectRef(124621163998): object was freed before callback; returning Nil.
    [2491] <engine-1>[GdPAI] ObjectRef(1382643928884): object was freed before callback; returning Nil.
    [2492] <engine-1>[GdPAI] ObjectRef(1382643928884): object was freed before callback; returning Nil.
    [2493] <engine-1>[GdPAI] ObjectRef(124621163998): object was freed before callback; returning Nil.
    [2494] <engine-1>[GdPAI] ObjectRef(124621163998): object was freed before callback; returning Nil.
    [2495] <engine-1>[GdPAI] ObjectRef(1382643928884): object was freed before callback; returning Nil.
    [2496] <engine-1>[GdPAI] ObjectRef(1382643928884): object was freed before callback; returning Nil.
    [2497] <engine-1>[GdPAI] ObjectRef(124621163998): object was freed before callback; returning Nil.
    [2498] <engine-1>[GdPAI] ObjectRef(124621163998): object was freed before callback; returning Nil.
    [2499] <engine-1>[GdPAI] ObjectRef(1382643928884): object was freed before callback; returning Nil.
    [2500] <engine-1>[GdPAI] ObjectRef(1382643928884): object was freed before callback; returning Nil.
    [2501] <engine-1>[GdPAI] ObjectRef(124621163998): object was freed before callback; returning Nil.
    [2502] <engine-1>[GdPAI] ObjectRef(124621163998): object was freed before callback; returning Nil.
    [2503] <engine-1>[GdPAI] ObjectRef(1382643928884): object was freed before callback; returning Nil.
    [2504] <engine-1>[GdPAI] ObjectRef(1382643928884): object was freed before callback; returning Nil.
    [2505] <engine-1>[GdPAI] ObjectRef(124621163998): object was freed before callback; returning Nil.
    [2506] <engine-1>[GdPAI] ObjectRef(124621163998): object was freed before callback; returning Nil.
    [2507] <engine-1>[GdPAI] ObjectRef(1382643928884): object was freed before callback; returning Nil.
    [2508] <engine-1>[GdPAI] ObjectRef(1382643928884): object was freed before callback; returning Nil.
    [2509] <engine-1>[GdPAI] ObjectRef(124621163998): object was freed before callback; returning Nil.
    [2510] <engine-1>[GdPAI] ObjectRef(124621163998): object was freed before callback; returning Nil.
    [2511] <engine-1>[GdPAI] ObjectRef(1382643928884): object was freed before callback; returning Nil.
    [2512] <engine-1>[GdPAI] ObjectRef(1382643928884): object was freed before callback; returning Nil.
    [2513] <engine-1>[GdPAI] ObjectRef(124621163998): object was freed before callback; returning Nil.
    [2514] <engine-1>[GdPAI] ObjectRef(124621163998): object was freed before callback; returning Nil.
    [2515] <engine-1>[GdPAI] ObjectRef(1382643928884): object was freed before callback; returning Nil.
    [2516] <engine-1>[GdPAI] ObjectRef(1382643928884): object was freed before callback; returning Nil.
    [2517] <engine-1>[GdPAI] ObjectRef(124621163998): object was freed before callback; returning Nil.
    [2518] <engine-1>[GdPAI] ObjectRef(124621163998): object was freed before callback; returning Nil.
    [2519] <engine-1>[GdPAI] ObjectRef(1382643928884): object was freed before callback; returning Nil.
    [2520] <engine-1>[GdPAI] ObjectRef(1382643928884): object was freed before callback; returning Nil.
    [2521] <engine-1>[GdPAI] ObjectRef(124621163998): object was freed before callback; returning Nil.
    [2522] <engine-1>[GdPAI] ObjectRef(124621163998): object was freed before callback; returning Nil.
    [2523] <engine-1>[GdPAI] ObjectRef(1382643928884): object was freed before callback; returning Nil.
    [2524] <engine-1>[GdPAI] ObjectRef(1382643928884): object was freed before callback; returning Nil.
    [2525] <engine-1>[GdPAI] ObjectRef(124621163998): object was freed before callback; returning Nil.
    [2526] <engine-1>[GdPAI] ObjectRef(124621163998): object was freed before callback; returning Nil.
    [2527] <engine-1>[GdPAI] ObjectRef(1382643928884): object was freed before callback; returning Nil.
    [2528] <engine-1>[GdPAI] ObjectRef(1382643928884): object was freed before callback; returning Nil.
    [2529] <engine-1>[GdPAI] ObjectRef(124621163998): object was freed before callback; returning Nil.
    [2530] <engine-1>[GdPAI] ObjectRef(124621163998): object was freed before callback; returning Nil.
    [2531] <engine-1>[GdPAI] ObjectRef(1382643928884): object was freed before callback; returning Nil.
    [2532] <engine-1>[GdPAI] ObjectRef(1382643928884): object was freed before callback; returning Nil.
    [2533] <engine-1>[GdPAI] ObjectRef(124621163998): object was freed before callback; returning Nil.
    [2534] <engine-1>[GdPAI] ObjectRef(124621163998): object was freed before callback; returning Nil.
    [2535] <engine-1>[GdPAI] ObjectRef(1382643928884): object was freed before callback; returning Nil.
    [2536] <engine-1>[GdPAI] ObjectRef(1382643928884): object was freed before callback; returning Nil.
    [2537] <engine-1>[GdPAI] ObjectRef(124621163998): object was freed before callback; returning Nil.
    [2538] <engine-1>[GdPAI] ObjectRef(124621163998): object was freed before callback; returning Nil.
    [2539] <engine-1>[GdPAI] ObjectRef(1382643928884): object was freed before callback; returning Nil.
    [2540] <engine-1>[GdPAI] ObjectRef(1382643928884): object was freed before callback; returning Nil.
    [2541] <engine-1>[GdPAI] ObjectRef(124621163998): object was freed before callback; returning Nil.
    [2542] <engine-1>[GdPAI] ObjectRef(124621163998): object was freed before callback; returning Nil.
    [2543] <engine-1>[GdPAI] ObjectRef(1382643928884): object was freed before callback; returning Nil.
    [2544] <engine-1>[GdPAI] ObjectRef(1382643928884): object was freed before callback; returning Nil.
    [2545] <engine-1>[GdPAI] ObjectRef(124621163998): object was freed before callback; returning Nil.
    [2546] <engine-1>[GdPAI] ObjectRef(124621163998): object was freed before callback; returning Nil.
    [2547] <engine-1>[GdPAI] ObjectRef(1382643928884): object was freed before callback; returning Nil.
    [2548] <engine-1>[GdPAI] ObjectRef(1382643928884): object was freed before callback; returning Nil.
    [2549] <engine-1>[GdPAI] ObjectRef(124621163998): object was freed before callback; returning Nil.
    [2550] <engine-1>[GdPAI] ObjectRef(124621163998): object was freed before callback; returning Nil.
    [2551] <engine-1>[GdPAI] ObjectRef(1382643928884): object was freed before callback; returning Nil.
    [2552] <engine-1>[GdPAI] ObjectRef(1382643928884): object was freed before callback; returning Nil.
    [2553] <engine-1>[GdPAI] ObjectRef(124621163998): object was freed before callback; returning Nil.
    [2554] <engine-1>[GdPAI] ObjectRef(124621163998): object was freed before callback; returning Nil.
    [2555] <engine-1>[GdPAI] ObjectRef(1382643928884): object was freed before callback; returning Nil.
    [2556] <engine-1>[GdPAI] ObjectRef(1382643928884): object was freed before callback; returning Nil.
    [2557] <engine-1>[GdPAI] ObjectRef(124621163998): object was freed before callback; returning Nil.
    [2558] <engine-1>[GdPAI] ObjectRef(124621163998): object was freed before callback; returning Nil.
    [2559] <engine-1>[GdPAI] ObjectRef(1382643928884): object was freed before callback; returning Nil.
    [2560] <engine-1>[GdPAI] ObjectRef(1382643928884): object was freed before callback; returning Nil.
    [2561] <engine-1>[GdPAI] ObjectRef(124621163998): object was freed before callback; returning Nil.
    [2562] <engine-1>[GdPAI] ObjectRef(124621163998): object was freed before callback; returning Nil.
    [2563] <engine-1>[GdPAI] ObjectRef(1382643928884): object was freed before callback; returning Nil.
    [2564] <engine-1>[GdPAI] ObjectRef(1382643928884): object was freed before callback; returning Nil.
    [2565] <engine-1>[GdPAI] ObjectRef(124621163998): object was freed before callback; returning Nil.
    [2566] <engine-1>[GdPAI] ObjectRef(124621163998): object was freed before callback; returning Nil.
    [2567] <engine-1>[GdPAI] ObjectRef(1382643928884): object was freed before callback; returning Nil.
    [2568] <engine-1>[GdPAI] ObjectRef(1382643928884): object was freed before callback; returning Nil.
    [2569] <engine-1>[GdPAI] ObjectRef(124621163998): object was freed before callback; returning Nil.
    [2570] <engine-1>[GdPAI] ObjectRef(124621163998): object was freed before callback; returning Nil.
    [2571] <engine-1>[GdPAI] ObjectRef(1382643928884): object was freed before callback; returning Nil.
    [2572] <engine-1>[GdPAI] ObjectRef(1382643928884): object was freed before callback; returning Nil.
    [2573] <engine-1>[GdPAI] ObjectRef(124621163998): object was freed before callback; returning Nil.
    [2574] <engine-1>[GdPAI] ObjectRef(124621163998): object was freed before callback; returning Nil.
    [2575] <engine-1>[GdPAI] ObjectRef(1382643928884): object was freed before callback; returning Nil.
    [2576] <engine-1>[GdPAI] ObjectRef(1382643928884): object was freed before callback; returning Nil.
    [2577] <engine-1>[GdPAI] ObjectRef(124621163998): object was freed before callback; returning Nil.
    [2578] <engine-1>[GdPAI] ObjectRef(124621163998): object was freed before callback; returning Nil.
    [2579] <engine-1>[GdPAI] ObjectRef(1382643928884): object was freed before callback; returning Nil.
    [2580] <engine-1>[GdPAI] ObjectRef(1382643928884): object was freed before callback; returning Nil.
    [2581] <engine-1>[GdPAI] ObjectRef(124621163998): object was freed before callback; returning Nil.
    [2582] <engine-1>[GdPAI] ObjectRef(124621163998): object was freed before callback; returning Nil.
    [2583] <engine-1>[GdPAI] ObjectRef(124134624705): object was freed before callback; returning Nil.
    [2584] <engine-1>[GdPAI] ObjectRef(125510356497): object was freed before callback; returning Nil.
    [2585] <engine-1>[GdPAI] ObjectRef(124587609564): object was freed before callback; returning Nil.
    [2586] <engine-1>[GdPAI] ObjectRef(124134624705): object was freed before callback; returning Nil.
    [2587] <engine-1>[GdPAI] ObjectRef(125510356497): object was freed before callback; returning Nil.
    [2588] <engine-1>[GdPAI] ObjectRef(124587609564): object was freed before callback; returning Nil.
    [2589] <engine-1>[GdPAI] ObjectRef(1382643928884): object was freed before callback; returning Nil.
    [2590] <engine-1>[GdPAI] ObjectRef(1382643928884): object was freed before callback; returning Nil.
    [2591] <engine-1>[GdPAI] ObjectRef(124621163998): object was freed before callback; returning Nil.
    [2592] <engine-1>[GdPAI] ObjectRef(124621163998): object was freed before callback; returning Nil.
    [2593] <engine-1>[GdPAI] ObjectRef(124134624705): object was freed before callback; returning Nil.
    [2594] <engine-1>[GdPAI] ObjectRef(125510356497): object was freed before callback; returning Nil.
    [2595] <engine-1>[GdPAI] ObjectRef(124587609564): object was freed before callback; returning Nil.
    [2596] <engine-1>[GdPAI] ObjectRef(124134624705): object was freed before callback; returning Nil.
    [2597] <engine-1>[GdPAI] ObjectRef(125510356497): object was freed before callback; returning Nil.
    [2598] <engine-1>[GdPAI] ObjectRef(124587609564): object was freed before callback; returning Nil.
    [2599] <engine-1>[GdPAI] ObjectRef(1382643928884): object was freed before callback; returning Nil.
    [2600] <engine-1>[GdPAI] ObjectRef(1382643928884): object was freed before callback; returning Nil.
    [2601] <engine-1>[GdPAI] ObjectRef(1383046581817): object was freed before callback; returning Nil.
    [2602] <engine-1>[GdPAI] ObjectRef(1383046581817): object was freed before callback; returning Nil.
    [2603] <engine-1>[GdPAI] ObjectRef(124621163998): object was freed before callback; returning Nil.
    [2604] <engine-1>[GdPAI] ObjectRef(124587609564): object was freed before callback; returning Nil.
    [2605] <engine-1>[GdPAI] ObjectRef(124587609564): object was freed before callback; returning Nil.
    [2606] <engine-1>[GdPAI] ObjectRef(1382643928884): object was freed before callback; returning Nil.
    [2607] <engine-1>[GdPAI] ObjectRef(1382643928884): object was freed before callback; returning Nil.
    [2608] <engine-1>[GdPAI] ObjectRef(1383046581817): object was freed before callback; returning Nil.
    [2609] <engine-1>[GdPAI] ObjectRef(1383046581817): object was freed before callback; returning Nil.
    [2610] <engine-1>[GdPAI] ObjectRef(124621163998): object was freed before callback; returning Nil.
    [2611] <engine-1>[GdPAI] ObjectRef(124587609564): object was freed before callback; returning Nil.
    [2612] <engine-1>[GdPAI] ObjectRef(124587609564): object was freed before callback; returning Nil.
    [2613] <engine-1>[GdPAI] ObjectRef(1382643928884): object was freed before callback; returning Nil.
    [2614] <engine-1>[GdPAI] ObjectRef(1383046581817): object was freed before callback; returning Nil.
    [2615] <engine-1>[GdPAI] ObjectRef(1383046581817): object was freed before callback; returning Nil.
    [2616] <engine-1>[GdPAI] ObjectRef(124621163998): object was freed before callback; returning Nil.
    [2617] <engine-1>[GdPAI] ObjectRef(1382643928884): object was freed before callback; returning Nil.
    [2618] <engine-1>[GdPAI] ObjectRef(1383046581817): object was freed before callback; returning Nil.
    [2619] <engine-1>[GdPAI] ObjectRef(1383046581817): object was freed before callback; returning Nil.
    [2620] <engine-1>[GdPAI] ObjectRef(124621163998): object was freed before callback; returning Nil.
    [2621] <engine-1>[GdPAI] ObjectRef(1382643928884): object was freed before callback; returning Nil.
    [2622] <engine-1>[GdPAI] ObjectRef(1382157389614): object was freed before callback; returning Nil.
    [2623] <engine-1>[GdPAI] ObjectRef(1382157389614): object was freed before callback; returning Nil.
    [2624] <engine-1>[GdPAI] ObjectRef(124621163998): object was freed before callback; returning Nil.
    [2625] <engine-1>[GdPAI] ObjectRef(125510356497): object was freed before callback; returning Nil.
    [2626] <engine-1>[GdPAI] ObjectRef(125510356497): object was freed before callback; returning Nil.
    [2627] <engine-1>[GdPAI] ObjectRef(1382643928884): object was freed before callback; returning Nil.
    [2628] <engine-1>[GdPAI] ObjectRef(1382157389614): object was freed before callback; returning Nil.
    [2629] <engine-1>[GdPAI] ObjectRef(1382157389614): object was freed before callback; returning Nil.
    [2630] <engine-1>[GdPAI] ObjectRef(124621163998): object was freed before callback; returning Nil.
    [2631] <engine-1>[GdPAI] ObjectRef(125510356497): object was freed before callback; returning Nil.
    [2632] <engine-1>[GdPAI] ObjectRef(125510356497): object was freed before callback; returning Nil.
    [2633] <engine-1>[GdPAI] ObjectRef(1382643928884): object was freed before callback; returning Nil.
    [2634] <engine-1>[GdPAI] ObjectRef(1382157389614): object was freed before callback; returning Nil.
    [2635] <engine-1>[GdPAI] ObjectRef(1382157389614): object was freed before callback; returning Nil.
    [2636] <engine-1>[GdPAI] ObjectRef(124621163998): object was freed before callback; returning Nil.
    [2637] <engine-1>[GdPAI] ObjectRef(124134624705): object was freed before callback; returning Nil.
    [2638] <engine-1>[GdPAI] ObjectRef(124134624705): object was freed before callback; returning Nil.
    [2639] <engine-1>[GdPAI] ObjectRef(1382643928884): object was freed before callback; returning Nil.
    [2640] <engine-1>[GdPAI] ObjectRef(1382157389614): object was freed before callback; returning Nil.
    [2641] <engine-1>[GdPAI] ObjectRef(1382157389614): object was freed before callback; returning Nil.
    [2642] <engine-1>[GdPAI] ObjectRef(124621163998): object was freed before callback; returning Nil.
    [2643] <engine-1>[GdPAI] ObjectRef(124134624705): object was freed before callback; returning Nil.
    [2644] <engine-1>[GdPAI] ObjectRef(124134624705): object was freed before callback; returning Nil.
    [2645] <engine-1>[GdPAI] ObjectRef(1382643928884): object was freed before callback; returning Nil.
    [2646] <engine-1>[GdPAI] ObjectRef(124621163998): object was freed before callback; returning Nil.
    [2647] <engine-1>[GdPAI] ObjectRef(1382643928884): object was freed before callback; returning Nil.
    [2648] <engine-1>[GdPAI] ObjectRef(124621163998): object was freed before callback; returning Nil.
    [2649] <engine-1>[GdPAI] ObjectRef(1382643928884): object was freed before callback; returning Nil.
    [2650] <engine-1>[GdPAI] ObjectRef(1382643928884): object was freed before callback; returning Nil.
    [2651] <engine-1>[GdPAI] ObjectRef(124621163998): object was freed before callback; returning Nil.
    [2652] <engine-1>[GdPAI] ObjectRef(124621163998): object was freed before callback; returning Nil.
    [2653] <engine-1>[GdPAI] ObjectRef(1382643928884): object was freed before callback; returning Nil.
    [2654] <engine-1>[GdPAI] ObjectRef(1382643928884): object was freed before callback; returning Nil.
    [2655] <engine-1>[GdPAI] ObjectRef(124621163998): object was freed before callback; returning Nil.
    [2656] <engine-1>[GdPAI] ObjectRef(124621163998): object was freed before callback; returning Nil.
    [2657] <engine-1>[GdPAI] ObjectRef(1382643928884): object was freed before callback; returning Nil.
    [2658] <engine-1>[GdPAI] ObjectRef(124621163998): object was freed before callback; returning Nil.
    [2659] <engine-1>[GdPAI] ObjectRef(1382643928884): object was freed before callback; returning Nil.
    [2660] <engine-1>[GdPAI] ObjectRef(124621163998): object was freed before callback; returning Nil.
    [2661] <engine-1>[GdPAI] ObjectRef(1382643928884): object was freed before callback; returning Nil.
    [2662] <engine-1>[GdPAI] ObjectRef(1382157389614): object was freed before callback; returning Nil.
    [2663] <engine-1>[GdPAI] ObjectRef(1382157389614): object was freed before callback; returning Nil.
    [2664] <engine-1>[GdPAI] ObjectRef(124621163998): object was freed before callback; returning Nil.
    [2665] <engine-1>[GdPAI] ObjectRef(1382643928884): object was freed before callback; returning Nil.
    [2666] <engine-1>[GdPAI] ObjectRef(1382157389614): object was freed before callback; returning Nil.
    [2667] <engine-1>[GdPAI] ObjectRef(1382157389614): object was freed before callback; returning Nil.
    [2668] <engine-1>[GdPAI] ObjectRef(124621163998): object was freed before callback; returning Nil.
    [2669] <engine-1>[GdPAI] ObjectRef(1382643928884): object was freed before callback; returning Nil.
    [2670] <engine-1>[GdPAI] ObjectRef(1382157389614): object was freed before callback; returning Nil.
    [2671] <engine-1>[GdPAI] ObjectRef(1382157389614): object was freed before callback; returning Nil.
    [2672] <engine-1>[GdPAI] ObjectRef(124621163998): object was freed before callback; returning Nil.
    [2673] <engine-1>[GdPAI] ObjectRef(1382643928884): object was freed before callback; returning Nil.
    [2674] <engine-1>[GdPAI] ObjectRef(1382157389614): object was freed before callback; returning Nil.
    [2675] <engine-1>[GdPAI] ObjectRef(1382157389614): object was freed before callback; returning Nil.
    [2676] <engine-1>[GdPAI] ObjectRef(124621163998): object was freed before callback; returning Nil.
    [2677] <engine-1>[GdPAI] ObjectRef(1382643928884): object was freed before callback; returning Nil.
    [2678] <engine-1>[GdPAI] ObjectRef(124621163998): object was freed before callback; returning Nil.
    [2679] <engine-1>[GdPAI] ObjectRef(1382643928884): object was freed before callback; returning Nil.
    [2680] <engine-1>[GdPAI] ObjectRef(124621163998): object was freed before callback; returning Nil.
    [2681] <engine-1>[GdPAI] ObjectRef(1382643928884): object was freed before callback; returning Nil.
    [2682] <engine-1>[GdPAI] ObjectRef(1382643928884): object was freed before callback; returning Nil.
    [2683] <engine-1>[GdPAI] ObjectRef(1383046581817): object was freed before callback; returning Nil.
    [2684] <engine-1>[GdPAI] ObjectRef(1383046581817): object was freed before callback; returning Nil.
    [2685] <engine-1>[GdPAI] ObjectRef(124621163998): object was freed before callback; returning Nil.
    [2686] <engine-1>[GdPAI] ObjectRef(1382643928884): object was freed before callback; returning Nil.
    [2687] <engine-1>[GdPAI] ObjectRef(1382643928884): object was freed before callback; returning Nil.
    [2688] <engine-1>[GdPAI] ObjectRef(1383046581817): object was freed before callback; returning Nil.
    [2689] <engine-1>[GdPAI] ObjectRef(1383046581817): object was freed before callback; returning Nil.
    [2690] <engine-1>[GdPAI] ObjectRef(124621163998): object was freed before callback; returning Nil.
    [2691] <engine-1>[GdPAI] ObjectRef(1382643928884): object was freed before callback; returning Nil.
    [2692] <engine-1>[GdPAI] ObjectRef(1383046581817): object was freed before callback; returning Nil.
    [2693] <engine-1>[GdPAI] ObjectRef(1383046581817): object was freed before callback; returning Nil.
    [2694] <engine-1>[GdPAI] ObjectRef(124621163998): object was freed before callback; returning Nil.
    [2695] <engine-1>[GdPAI] ObjectRef(124621163998): object was freed before callback; returning Nil.
    [2696] <engine-1>[GdPAI] ObjectRef(124134624705): object was freed before callback; returning Nil.
    [2697] <engine-1>[GdPAI] ObjectRef(125510356497): object was freed before callback; returning Nil.
    [2698] <engine-1>[GdPAI] ObjectRef(124587609564): object was freed before callback; returning Nil.
    [2699] <engine-1>[GdPAI] ObjectRef(124134624705): object was freed before callback; returning Nil.
    [2700] <engine-1>[GdPAI] ObjectRef(125510356497): object was freed before callback; returning Nil.
    [2701] <engine-1>[GdPAI] ObjectRef(124587609564): object was freed before callback; returning Nil.
    [2702] <engine-1>[GdPAI] ObjectRef(1382643928884): object was freed before callback; returning Nil.
    [2703] <engine-1>[GdPAI] ObjectRef(1383046581817): object was freed before callback; returning Nil.
    [2704] <engine-1>[GdPAI] ObjectRef(1383046581817): object was freed before callback; returning Nil.
    [2705] <engine-1>[GdPAI] ObjectRef(124621163998): object was freed before callback; returning Nil.
    [2706] <engine-1>[GdPAI] ObjectRef(124621163998): object was freed before callback; returning Nil.
    [2707] <engine-1>[GdPAI] ObjectRef(124134624705): object was freed before callback; returning Nil.
    [2708] <engine-1>[GdPAI] ObjectRef(125510356497): object was freed before callback; returning Nil.
    [2709] <engine-1>[GdPAI] ObjectRef(124587609564): object was freed before callback; returning Nil.
    [2710] <engine-1>[GdPAI] ObjectRef(124134624705): object was freed before callback; returning Nil.
    [2711] <engine-1>[GdPAI] ObjectRef(125510356497): object was freed before callback; returning Nil.
    [2712] <engine-1>[GdPAI] ObjectRef(124587609564): object was freed before callback; returning Nil.
    [2713] <engine-1>[GdPAI] ObjectRef(1382643928884): object was freed before callback; returning Nil.
    [2714] <engine-1>[GdPAI] ObjectRef(1382157389614): object was freed before callback; returning Nil.
    [2715] <engine-1>[GdPAI] ObjectRef(1382157389614): object was freed before callback; returning Nil.
    [2716] <engine-1>[GdPAI] ObjectRef(124621163998): object was freed before callback; returning Nil.
    [2717] <engine-1>[GdPAI] ObjectRef(124587609564): object was freed before callback; returning Nil.
    [2718] <engine-1>[GdPAI] ObjectRef(124587609564): object was freed before callback; returning Nil.
    [2719] <engine-1>[GdPAI] ObjectRef(1382643928884): object was freed before callback; returning Nil.
    [2720] <engine-1>[GdPAI] ObjectRef(1382157389614): object was freed before callback; returning Nil.
    [2721] <engine-1>[GdPAI] ObjectRef(1382157389614): object was freed before callback; returning Nil.
    [2722] <engine-1>[GdPAI] ObjectRef(124621163998): object was freed before callback; returning Nil.
    [2723] <engine-1>[GdPAI] ObjectRef(124587609564): object was freed before callback; returning Nil.
    [2724] <engine-1>[GdPAI] ObjectRef(124587609564): object was freed before callback; returning Nil.
    [2725] <engine-1>[GdPAI] ObjectRef(1382643928884): object was freed before callback; returning Nil.
    [2726] <engine-1>[GdPAI] ObjectRef(1382157389614): object was freed before callback; returning Nil.
    [2727] <engine-1>[GdPAI] ObjectRef(1382157389614): object was freed before callback; returning Nil.
    [2728] <engine-1>[GdPAI] ObjectRef(124621163998): object was freed before callback; returning Nil.
    [2729] <engine-1>[GdPAI] ObjectRef(1382643928884): object was freed before callback; returning Nil.
    [2730] <engine-1>[GdPAI] ObjectRef(1382157389614): object was freed before callback; returning Nil.
    [2731] <engine-1>[GdPAI] ObjectRef(1382157389614): object was freed before callback; returning Nil.
      at line 188
WARNING: [GdPAI] ObjectRef(124621163998): object was freed before callback; returning Nil.
   at: gdplanningai_rust::logger::process_logs (src\logger.rs:66)
   GDScript backtrace (most recent call first):
       [0] _drain_scheduler (res://test/integration/test_campfire_example_smoke.gd:27)
       [1] after_each (res://test/integration/test_campfire_example_smoke.gd:19)
       [2] _run_test (res://addons/gut/gut.gd:700)
       [3] test_cannot_add_fuel_when_full (res://test/integration/test_campfire_example_smoke.gd:188)
       [4] _start_plan_and_wait (res://test/integration/test_campfire_example_smoke.gd:65)
[GdPAI | debug] ApplyEffect [Before] ID=InstanceId(-9223368775196184422): agent props = {"hunger": 70.0627442063492, "at_target": null, "entity": null, "held_item": "wood"}
[GdPAI | debug] ApplyEffect [After] ID=InstanceId(-9223368775196184422): agent props = {"hunger": 70.0627442063492, "at_target": null, "entity": null, "held_item": "wood"}
[GdPAI | debug]   Snapshotting prop: hunger = Float(70.0627442063492) (Variant type: FLOAT)
[GdPAI | debug]   Snapshotting prop: at_target = Nil (Variant type: NIL)
[GdPAI | debug]   Snapshotting prop: entity = Nil (Variant type: NIL)
[GdPAI | debug]   Snapshotting prop: held_item = Str("wood") (Variant type: STRING)
WARNING: [GdPAI] ObjectRef(1382643928884): object was freed before callback; returning Nil.
   at: gdplanningai_rust::logger::process_logs (src\logger.rs:66)
   GDScript backtrace (most recent call first):
       [0] _drain_scheduler (res://test/integration/test_campfire_example_smoke.gd:27)
       [1] after_each (res://test/integration/test_campfire_example_smoke.gd:19)
       [2] _run_test (res://addons/gut/gut.gd:700)
       [3] test_cannot_add_fuel_when_full (res://test/integration/test_campfire_example_smoke.gd:188)
       [4] _start_plan_and_wait (res://test/integration/test_campfire_example_smoke.gd:65)
[GdPAI | debug] GetCost: callable returned non-numeric value: null; returning INFINITY
WARNING: [GdPAI] ObjectRef(124621163998): object was freed before callback; returning Nil.
   at: gdplanningai_rust::logger::process_logs (src\logger.rs:66)
   GDScript backtrace (most recent call first):
       [0] _process (res://addons/GdPlanningAI/gdpai_autoload.gd:21)
WARNING: [GdPAI] ObjectRef(125510356497): object was freed before callback; returning Nil.
   at: gdplanningai_rust::logger::process_logs (src\logger.rs:66)
   GDScript backtrace (most recent call first):
       [0] _process (res://addons/GdPlanningAI/gdpai_autoload.gd:21)
WARNING: [GdPAI] ObjectRef(125510356497): object was freed before callback; returning Nil.
   at: gdplanningai_rust::logger::process_logs (src\logger.rs:66)
   GDScript backtrace (most recent call first):
       [0] _process (res://addons/GdPlanningAI/gdpai_autoload.gd:21)
[GdPAI | debug] GetCost: callable returned non-numeric value: null; returning INFINITY
WARNING: [GdPAI] ObjectRef(1382643928884): object was freed before callback; returning Nil.
   at: gdplanningai_rust::logger::process_logs (src\logger.rs:66)
   GDScript backtrace (most recent call first):
       [0] _process (res://addons/GdPlanningAI/gdpai_autoload.gd:21)
[GdPAI | debug] ApplyEffect [Before] ID=InstanceId(-9223368773333916213): agent props = {"held_item": "wood", "entity": null, "hunger": 95.0603725, "at_target": null}
[GdPAI | debug] ApplyEffect [After] ID=InstanceId(-9223368773333916213): agent props = {"held_item": "wood", "entity": null, "hunger": 95.0603725, "at_target": null}
[GdPAI | debug]   Snapshotting prop: held_item = Str("wood") (Variant type: STRING)
[GdPAI | debug]   Snapshotting prop: entity = Nil (Variant type: NIL)
[GdPAI | debug]   Snapshotting prop: hunger = Float(95.0603725) (Variant type: FLOAT)
[GdPAI | debug]   Snapshotting prop: at_target = Nil (Variant type: NIL)
WARNING: [GdPAI] ObjectRef(124621163998): object was freed before callback; returning Nil.
   at: gdplanningai_rust::logger::process_logs (src\logger.rs:66)
   GDScript backtrace (most recent call first):
       [0] _drain_scheduler (res://test/integration/test_campfire_example_smoke.gd:27)
WARNING: [GdPAI] ObjectRef(125510356497): object was freed before callback; returning Nil.
   at: gdplanningai_rust::logger::process_logs (src\logger.rs:66)
   GDScript backtrace (most recent call first):
       [0] _drain_scheduler (res://test/integration/test_campfire_example_smoke.gd:27)
WARNING: [GdPAI] ObjectRef(125510356497): object was freed before callback; returning Nil.
   at: gdplanningai_rust::logger::process_logs (src\logger.rs:66)
   GDScript backtrace (most recent call first):
       [0] _drain_scheduler (res://test/integration/test_campfire_example_smoke.gd:27)
[GdPAI | debug] ApplyEffect [Before] ID=InstanceId(-9223368772562161488): agent props = {"entity": null, "hunger": 70.0627442063492, "at_target": null, "held_item": "wood"}
[GdPAI | debug] ApplyEffect [After] ID=InstanceId(-9223368772562161488): agent props = {"entity": null, "hunger": 70.0627442063492, "at_target": null, "held_item": "wood"}
[GdPAI | debug]   Snapshotting prop: entity = Nil (Variant type: NIL)
[GdPAI | debug]   Snapshotting prop: hunger = Float(70.0627442063492) (Variant type: FLOAT)
[GdPAI | debug]   Snapshotting prop: at_target = Nil (Variant type: NIL)
[GdPAI | debug]   Snapshotting prop: held_item = Str("wood") (Variant type: STRING)
WARNING: [GdPAI] ObjectRef(1382643928884): object was freed before callback; returning Nil.
   at: gdplanningai_rust::logger::process_logs (src\logger.rs:66)
   GDScript backtrace (most recent call first):
       [0] _drain_scheduler (res://test/integration/test_campfire_example_smoke.gd:27)
WARNING: [GdPAI] ObjectRef(1382643928884): object was freed before callback; returning Nil.
   at: gdplanningai_rust::logger::process_logs (src\logger.rs:66)
   GDScript backtrace (most recent call first):
       [0] _drain_scheduler (res://test/integration/test_campfire_example_smoke.gd:27)
[GdPAI | debug] GetCost: callable returned non-numeric value: null; returning INFINITY
WARNING: [GdPAI] ObjectRef(124621163998): object was freed before callback; returning Nil.
   at: gdplanningai_rust::logger::process_logs (src\logger.rs:66)
   GDScript backtrace (most recent call first):
       [0] _process (res://addons/GdPlanningAI/gdpai_autoload.gd:21)
WARNING: [GdPAI] ObjectRef(124134624705): object was freed before callback; returning Nil.
   at: gdplanningai_rust::logger::process_logs (src\logger.rs:66)
   GDScript backtrace (most recent call first):
       [0] _process (res://addons/GdPlanningAI/gdpai_autoload.gd:21)
WARNING: [GdPAI] ObjectRef(124134624705): object was freed before callback; returning Nil.
   at: gdplanningai_rust::logger::process_logs (src\logger.rs:66)
   GDScript backtrace (most recent call first):
       [0] _process (res://addons/GdPlanningAI/gdpai_autoload.gd:21)
[GdPAI | debug] GetCost: callable returned non-numeric value: null; returning INFINITY
WARNING: [GdPAI] ObjectRef(1382643928884): object was freed before callback; returning Nil.
   at: gdplanningai_rust::logger::process_logs (src\logger.rs:66)
   GDScript backtrace (most recent call first):
       [0] _process (res://addons/GdPlanningAI/gdpai_autoload.gd:21)
WARNING: [GdPAI] ObjectRef(1382643928884): object was freed before callback; returning Nil.
   at: gdplanningai_rust::logger::process_logs (src\logger.rs:66)
   GDScript backtrace (most recent call first):
       [0] _process (res://addons/GdPlanningAI/gdpai_autoload.gd:21)
[GdPAI | debug] ApplyEffect [Before] ID=InstanceId(-9223368770582449981): agent props = {"held_item": "", "hunger": 95.0603725, "entity": null}
[GdPAI | debug] ApplyEffect [After] ID=InstanceId(-9223368770582449981): agent props = {"held_item": "", "hunger": 95.0603725, "entity": null}
[GdPAI | debug]   Snapshotting prop: held_item = Str("") (Variant type: STRING)
[GdPAI | debug]   Snapshotting prop: hunger = Float(95.0603725) (Variant type: FLOAT)
[GdPAI | debug]   Snapshotting prop: entity = Nil (Variant type: NIL)
WARNING: [GdPAI] ObjectRef(124621163998): object was freed before callback; returning Nil.
   at: gdplanningai_rust::logger::process_logs (src\logger.rs:66)
   GDScript backtrace (most recent call first):
       [0] _drain_scheduler (res://test/integration/test_campfire_example_smoke.gd:27)
WARNING: [GdPAI] ObjectRef(124134624705): object was freed before callback; returning Nil.
   at: gdplanningai_rust::logger::process_logs (src\logger.rs:66)
   GDScript backtrace (most recent call first):
       [0] _drain_scheduler (res://test/integration/test_campfire_example_smoke.gd:27)
WARNING: [GdPAI] ObjectRef(124134624705): object was freed before callback; returning Nil.
   at: gdplanningai_rust::logger::process_logs (src\logger.rs:66)
   GDScript backtrace (most recent call first):
       [0] _drain_scheduler (res://test/integration/test_campfire_example_smoke.gd:27)
[GdPAI | debug] ApplyEffect [Before] ID=InstanceId(-9223368769760366398): agent props = {"at_target": null, "held_item": "wood", "hunger": 70.0627442063492, "entity": null}
[GdPAI | debug] ApplyEffect [After] ID=InstanceId(-9223368769760366398): agent props = {"at_target": null, "held_item": "wood", "hunger": 70.0627442063492, "entity": null}
[GdPAI | debug]   Snapshotting prop: at_target = Nil (Variant type: NIL)
[GdPAI | debug]   Snapshotting prop: held_item = Str("wood") (Variant type: STRING)
[GdPAI | debug]   Snapshotting prop: hunger = Float(70.0627442063492) (Variant type: FLOAT)
[GdPAI | debug]   Snapshotting prop: entity = Nil (Variant type: NIL)
WARNING: [GdPAI] ObjectRef(1382643928884): object was freed before callback; returning Nil.
   at: gdplanningai_rust::logger::process_logs (src\logger.rs:66)
   GDScript backtrace (most recent call first):
       [0] _drain_scheduler (res://test/integration/test_campfire_example_smoke.gd:27)
[GdPAI | debug] GetCost: callable returned non-numeric value: null; returning INFINITY
WARNING: [GdPAI] ObjectRef(124621163998): object was freed before callback; returning Nil.
   at: gdplanningai_rust::logger::process_logs (src\logger.rs:66)
   GDScript backtrace (most recent call first):
       [0] _process (res://addons/GdPlanningAI/gdpai_autoload.gd:21)
[GdPAI | debug] GetCost: callable returned non-numeric value: null; returning INFINITY
WARNING: [GdPAI] ObjectRef(1382643928884): object was freed before callback; returning Nil.
   at: gdplanningai_rust::logger::process_logs (src\logger.rs:66)
   GDScript backtrace (most recent call first):
       [0] _process (res://addons/GdPlanningAI/gdpai_autoload.gd:21)
[GdPAI | debug] ApplyEffect [Before] ID=InstanceId(-9223368767830986567): agent props = {"hunger": 95.0603725, "entity": null, "held_item": ""}
[GdPAI | debug] ApplyEffect [After] ID=InstanceId(-9223368767830986567): agent props = {"hunger": 95.0603725, "entity": null, "held_item": ""}
[GdPAI | debug]   Snapshotting prop: hunger = Float(95.0603725) (Variant type: FLOAT)
[GdPAI | debug]   Snapshotting prop: entity = Nil (Variant type: NIL)
[GdPAI | debug]   Snapshotting prop: held_item = Str("") (Variant type: STRING)
WARNING: [GdPAI] ObjectRef(124621163998): object was freed before callback; returning Nil.
   at: gdplanningai_rust::logger::process_logs (src\logger.rs:66)
   GDScript backtrace (most recent call first):
       [0] _drain_scheduler (res://test/integration/test_campfire_example_smoke.gd:27)
[GdPAI | debug] ApplyEffect [Before] ID=InstanceId(-9223368767159897868): agent props = {"hunger": 70.0627442063492, "entity": null, "held_item": "wood", "at_target": null}
[GdPAI | debug] ApplyEffect [After] ID=InstanceId(-9223368767159897868): agent props = {"hunger": 70.0627442063492, "entity": null, "held_item": "wood", "at_target": null}
[GdPAI | debug]   Snapshotting prop: hunger = Float(70.0627442063492) (Variant type: FLOAT)
[GdPAI | debug]   Snapshotting prop: entity = Nil (Variant type: NIL)
[GdPAI | debug]   Snapshotting prop: held_item = Str("wood") (Variant type: STRING)
[GdPAI | debug]   Snapshotting prop: at_target = Nil (Variant type: NIL)
WARNING: [GdPAI] ObjectRef(1382643928884): object was freed before callback; returning Nil.
   at: gdplanningai_rust::logger::process_logs (src\logger.rs:66)
   GDScript backtrace (most recent call first):
       [0] _drain_scheduler (res://test/integration/test_campfire_example_smoke.gd:27)
WARNING: [GdPAI] ObjectRef(1382157389614): object was freed before callback; returning Nil.
   at: gdplanningai_rust::logger::process_logs (src\logger.rs:66)
   GDScript backtrace (most recent call first):
       [0] _drain_scheduler (res://test/integration/test_campfire_example_smoke.gd:27)
WARNING: [GdPAI] ObjectRef(1382157389614): object was freed before callback; returning Nil.
   at: gdplanningai_rust::logger::process_logs (src\logger.rs:66)
   GDScript backtrace (most recent call first):
       [0] _drain_scheduler (res://test/integration/test_campfire_example_smoke.gd:27)
[GdPAI | debug] GetCost: callable returned non-numeric value: null; returning INFINITY
WARNING: [GdPAI] ObjectRef(124621163998): object was freed before callback; returning Nil.
   at: gdplanningai_rust::logger::process_logs (src\logger.rs:66)
   GDScript backtrace (most recent call first):
       [0] _process (res://addons/GdPlanningAI/gdpai_autoload.gd:21)
WARNING: [GdPAI] ObjectRef(124621163998): object was freed before callback; returning Nil.
   at: gdplanningai_rust::logger::process_logs (src\logger.rs:66)
   GDScript backtrace (most recent call first):
       [0] _process (res://addons/GdPlanningAI/gdpai_autoload.gd:21)
[GdPAI | debug] GetCost: callable returned non-numeric value: null; returning INFINITY
WARNING: [GdPAI] ObjectRef(1382643928884): object was freed before callback; returning Nil.
   at: gdplanningai_rust::logger::process_logs (src\logger.rs:66)
   GDScript backtrace (most recent call first):
       [0] _process (res://addons/GdPlanningAI/gdpai_autoload.gd:21)
WARNING: [GdPAI] ObjectRef(1382157389614): object was freed before callback; returning Nil.
   at: gdplanningai_rust::logger::process_logs (src\logger.rs:66)
   GDScript backtrace (most recent call first):
       [0] _process (res://addons/GdPlanningAI/gdpai_autoload.gd:21)
WARNING: [GdPAI] ObjectRef(1382157389614): object was freed before callback; returning Nil.
   at: gdplanningai_rust::logger::process_logs (src\logger.rs:66)
   GDScript backtrace (most recent call first):
       [0] _process (res://addons/GdPlanningAI/gdpai_autoload.gd:21)
[GdPAI | debug] ApplyEffect [Before] ID=InstanceId(-9223368765230518041): agent props = {"entity": null, "hunger": 95.0603725, "held_item": "", "at_target": null}
[GdPAI | debug] ApplyEffect [After] ID=InstanceId(-9223368765230518041): agent props = {"entity": null, "hunger": 95.0603725, "held_item": "", "at_target": null}
[GdPAI | debug]   Snapshotting prop: entity = Nil (Variant type: NIL)
[GdPAI | debug]   Snapshotting prop: hunger = Float(95.0603725) (Variant type: FLOAT)
[GdPAI | debug]   Snapshotting prop: held_item = Str("") (Variant type: STRING)
[GdPAI | debug]   Snapshotting prop: at_target = Nil (Variant type: NIL)
WARNING: [GdPAI] ObjectRef(124621163998): object was freed before callback; returning Nil.
   at: gdplanningai_rust::logger::process_logs (src\logger.rs:66)
   GDScript backtrace (most recent call first):
       [0] _drain_scheduler (res://test/integration/test_campfire_example_smoke.gd:27)
WARNING: [GdPAI] ObjectRef(124621163998): object was freed before callback; returning Nil.
   at: gdplanningai_rust::logger::process_logs (src\logger.rs:66)
   GDScript backtrace (most recent call first):
       [0] _drain_scheduler (res://test/integration/test_campfire_example_smoke.gd:27)
[GdPAI | debug] ApplyEffect [Before] ID=InstanceId(-9223368764408434441): agent props = {"held_item": "", "hunger": 70.0627442063492, "entity": null}
[GdPAI | debug] ApplyEffect [After] ID=InstanceId(-9223368764408434441): agent props = {"held_item": "", "hunger": 70.0627442063492, "entity": null}
[GdPAI | debug]   Snapshotting prop: held_item = Str("") (Variant type: STRING)
[GdPAI | debug]   Snapshotting prop: hunger = Float(70.0627442063492) (Variant type: FLOAT)
[GdPAI | debug]   Snapshotting prop: entity = Nil (Variant type: NIL)
WARNING: [GdPAI] ObjectRef(1382643928884): object was freed before callback; returning Nil.
   at: gdplanningai_rust::logger::process_logs (src\logger.rs:66)
   GDScript backtrace (most recent call first):
       [0] _drain_scheduler (res://test/integration/test_campfire_example_smoke.gd:27)
WARNING: [GdPAI] ObjectRef(1382157389614): object was freed before callback; returning Nil.
   at: gdplanningai_rust::logger::process_logs (src\logger.rs:66)
   GDScript backtrace (most recent call first):
       [0] _drain_scheduler (res://test/integration/test_campfire_example_smoke.gd:27)
WARNING: [GdPAI] ObjectRef(1382157389614): object was freed before callback; returning Nil.
   at: gdplanningai_rust::logger::process_logs (src\logger.rs:66)
   GDScript backtrace (most recent call first):
       [0] _drain_scheduler (res://test/integration/test_campfire_example_smoke.gd:27)
[GdPAI | debug] GetCost: callable returned non-numeric value: null; returning INFINITY
WARNING: [GdPAI] ObjectRef(124621163998): object was freed before callback; returning Nil.
   at: gdplanningai_rust::logger::process_logs (src\logger.rs:66)
   GDScript backtrace (most recent call first):
       [0] _process (res://addons/GdPlanningAI/gdpai_autoload.gd:21)
[GdPAI | debug] GetCost: callable returned non-numeric value: null; returning INFINITY
WARNING: [GdPAI] ObjectRef(1382643928884): object was freed before callback; returning Nil.
   at: gdplanningai_rust::logger::process_logs (src\logger.rs:66)
   GDScript backtrace (most recent call first):
       [0] _process (res://addons/GdPlanningAI/gdpai_autoload.gd:21)
WARNING: [GdPAI] ObjectRef(1382157389614): object was freed before callback; returning Nil.
   at: gdplanningai_rust::logger::process_logs (src\logger.rs:66)
   GDScript backtrace (most recent call first):
       [0] _process (res://addons/GdPlanningAI/gdpai_autoload.gd:21)
WARNING: [GdPAI] ObjectRef(1382157389614): object was freed before callback; returning Nil.
   at: gdplanningai_rust::logger::process_logs (src\logger.rs:66)
   GDScript backtrace (most recent call first):
       [0] _process (res://addons/GdPlanningAI/gdpai_autoload.gd:21)
[GdPAI | debug] ApplyEffect [Before] ID=InstanceId(-9223368762428722954): agent props = {"held_item": "", "at_target": null, "hunger": 95.0603725, "entity": null}
[GdPAI | debug] ApplyEffect [After] ID=InstanceId(-9223368762428722954): agent props = {"held_item": "", "at_target": null, "hunger": 95.0603725, "entity": null}
[GdPAI | debug]   Snapshotting prop: held_item = Str("") (Variant type: STRING)
[GdPAI | debug]   Snapshotting prop: at_target = Nil (Variant type: NIL)
[GdPAI | debug]   Snapshotting prop: hunger = Float(95.0603725) (Variant type: FLOAT)
[GdPAI | debug]   Snapshotting prop: entity = Nil (Variant type: NIL)
WARNING: [GdPAI] ObjectRef(124621163998): object was freed before callback; returning Nil.
   at: gdplanningai_rust::logger::process_logs (src\logger.rs:66)
   GDScript backtrace (most recent call first):
       [0] _drain_scheduler (res://test/integration/test_campfire_example_smoke.gd:27)
[GdPAI | debug] ApplyEffect [Before] ID=InstanceId(-9223368761656971003): agent props = {"entity": null, "held_item": "", "hunger": 70.0627442063492}
[GdPAI | debug] ApplyEffect [After] ID=InstanceId(-9223368761656971003): agent props = {"entity": null, "held_item": "", "hunger": 70.0627442063492}
[GdPAI | debug]   Snapshotting prop: entity = Nil (Variant type: NIL)
[GdPAI | debug]   Snapshotting prop: held_item = Str("") (Variant type: STRING)
[GdPAI | debug]   Snapshotting prop: hunger = Float(70.0627442063492) (Variant type: FLOAT)
WARNING: [GdPAI] ObjectRef(1382643928884): object was freed before callback; returning Nil.
   at: gdplanningai_rust::logger::process_logs (src\logger.rs:66)
   GDScript backtrace (most recent call first):
       [0] _drain_scheduler (res://test/integration/test_campfire_example_smoke.gd:27)
[GdPAI | debug] GetCost: callable returned non-numeric value: null; returning INFINITY
WARNING: [GdPAI] ObjectRef(124621163998): object was freed before callback; returning Nil.
   at: gdplanningai_rust::logger::process_logs (src\logger.rs:66)
   GDScript backtrace (most recent call first):
       [0] _process (res://addons/GdPlanningAI/gdpai_autoload.gd:21)
[GdPAI | debug] GetCost: callable returned non-numeric value: null; returning INFINITY
WARNING: [GdPAI] ObjectRef(1382643928884): object was freed before callback; returning Nil.
   at: gdplanningai_rust::logger::process_logs (src\logger.rs:66)
   GDScript backtrace (most recent call first):
       [0] _process (res://addons/GdPlanningAI/gdpai_autoload.gd:21)
[GdPAI | debug] ApplyEffect [Before] ID=InstanceId(-9223368759828254442): agent props = {"held_item": "wood", "hunger": 95.0603725, "entity": null, "at_target": null}
[GdPAI | debug] ApplyEffect [After] ID=InstanceId(-9223368759828254442): agent props = {"held_item": "wood", "hunger": 95.0603725, "entity": null, "at_target": null}
[GdPAI | debug]   Snapshotting prop: held_item = Str("wood") (Variant type: STRING)
[GdPAI | debug]   Snapshotting prop: hunger = Float(95.0603725) (Variant type: FLOAT)
[GdPAI | debug]   Snapshotting prop: entity = Nil (Variant type: NIL)
[GdPAI | debug]   Snapshotting prop: at_target = Nil (Variant type: NIL)
WARNING: [GdPAI] ObjectRef(124621163998): object was freed before callback; returning Nil.
   at: gdplanningai_rust::logger::process_logs (src\logger.rs:66)
   GDScript backtrace (most recent call first):
       [0] _drain_scheduler (res://test/integration/test_campfire_example_smoke.gd:27)
[GdPAI | debug] ApplyEffect [Before] ID=InstanceId(-9223368759157165784): agent props = {"hunger": 70.0627442063492, "held_item": "wood", "entity": null}
[GdPAI | debug] ApplyEffect [After] ID=InstanceId(-9223368759157165784): agent props = {"hunger": 70.0627442063492, "held_item": "wood", "entity": null}
[GdPAI | debug]   Snapshotting prop: hunger = Float(70.0627442063492) (Variant type: FLOAT)
[GdPAI | debug]   Snapshotting prop: held_item = Str("wood") (Variant type: STRING)
[GdPAI | debug]   Snapshotting prop: entity = Nil (Variant type: NIL)
WARNING: [GdPAI] ObjectRef(1382643928884): object was freed before callback; returning Nil.
   at: gdplanningai_rust::logger::process_logs (src\logger.rs:66)
   GDScript backtrace (most recent call first):
       [0] _drain_scheduler (res://test/integration/test_campfire_example_smoke.gd:27)
WARNING: [GdPAI] ObjectRef(1382643928884): object was freed before callback; returning Nil.
   at: gdplanningai_rust::logger::process_logs (src\logger.rs:66)
   GDScript backtrace (most recent call first):
       [0] _drain_scheduler (res://test/integration/test_campfire_example_smoke.gd:27)
[GdPAI | debug] GetCost: callable returned non-numeric value: null; returning INFINITY
WARNING: [GdPAI] ObjectRef(124621163998): object was freed before callback; returning Nil.
   at: gdplanningai_rust::logger::process_logs (src\logger.rs:66)
   GDScript backtrace (most recent call first):
       [0] _process (res://addons/GdPlanningAI/gdpai_autoload.gd:21)
[GdPAI | debug] GetCost: callable returned non-numeric value: null; returning INFINITY
WARNING: [GdPAI] ObjectRef(1382643928884): object was freed before callback; returning Nil.
   at: gdplanningai_rust::logger::process_logs (src\logger.rs:66)
   GDScript backtrace (most recent call first):
       [0] _process (res://addons/GdPlanningAI/gdpai_autoload.gd:21)
WARNING: [GdPAI] ObjectRef(1382643928884): object was freed before callback; returning Nil.
   at: gdplanningai_rust::logger::process_logs (src\logger.rs:66)
   GDScript backtrace (most recent call first):
       [0] _process (res://addons/GdPlanningAI/gdpai_autoload.gd:21)
[GdPAI | debug] ApplyEffect [Before] ID=InstanceId(-9223368757278117590): agent props = {"entity": null, "hunger": 95.0603725, "held_item": ""}
[GdPAI | debug] ApplyEffect [After] ID=InstanceId(-9223368757278117590): agent props = {"entity": null, "hunger": 95.0603725, "held_item": ""}
[GdPAI | debug]   Snapshotting prop: entity = Nil (Variant type: NIL)
[GdPAI | debug]   Snapshotting prop: hunger = Float(95.0603725) (Variant type: FLOAT)
[GdPAI | debug]   Snapshotting prop: held_item = Str("") (Variant type: STRING)
WARNING: [GdPAI] ObjectRef(124621163998): object was freed before callback; returning Nil.
   at: gdplanningai_rust::logger::process_logs (src\logger.rs:66)
   GDScript backtrace (most recent call first):
       [0] _drain_scheduler (res://test/integration/test_campfire_example_smoke.gd:27)
[GdPAI | debug] ApplyEffect [Before] ID=InstanceId(-9223368756556697287): agent props = {"hunger": 70.0627442063492, "entity": null, "held_item": "wood"}
[GdPAI | debug] ApplyEffect [After] ID=InstanceId(-9223368756556697287): agent props = {"hunger": 70.0627442063492, "entity": null, "held_item": "wood"}
[GdPAI | debug]   Snapshotting prop: hunger = Float(70.0627442063492) (Variant type: FLOAT)
[GdPAI | debug]   Snapshotting prop: entity = Nil (Variant type: NIL)
[GdPAI | debug]   Snapshotting prop: held_item = Str("wood") (Variant type: STRING)
WARNING: [GdPAI] ObjectRef(1382643928884): object was freed before callback; returning Nil.
   at: gdplanningai_rust::logger::process_logs (src\logger.rs:66)
   GDScript backtrace (most recent call first):
       [0] _drain_scheduler (res://test/integration/test_campfire_example_smoke.gd:27)
[GdPAI | debug] GetCost: callable returned non-numeric value: null; returning INFINITY
WARNING: [GdPAI] ObjectRef(124621163998): object was freed before callback; returning Nil.
   at: gdplanningai_rust::logger::process_logs (src\logger.rs:66)
   GDScript backtrace (most recent call first):
       [0] _process (res://addons/GdPlanningAI/gdpai_autoload.gd:21)
[GdPAI | debug] GetCost: callable returned non-numeric value: null; returning INFINITY
WARNING: [GdPAI] ObjectRef(1382643928884): object was freed before callback; returning Nil.
   at: gdplanningai_rust::logger::process_logs (src\logger.rs:66)
   GDScript backtrace (most recent call first):
       [0] _process (res://addons/GdPlanningAI/gdpai_autoload.gd:21)
[GdPAI | debug] ApplyEffect [Before] ID=InstanceId(-9223368754727980763): agent props = {"entity": null, "hunger": 95.0603725, "held_item": ""}
[GdPAI | debug] ApplyEffect [After] ID=InstanceId(-9223368754727980763): agent props = {"entity": null, "hunger": 95.0603725, "held_item": ""}
[GdPAI | debug]   Snapshotting prop: entity = Nil (Variant type: NIL)
[GdPAI | debug]   Snapshotting prop: hunger = Float(95.0603725) (Variant type: FLOAT)
[GdPAI | debug]   Snapshotting prop: held_item = Str("") (Variant type: STRING)
WARNING: [GdPAI] ObjectRef(124621163998): object was freed before callback; returning Nil.
   at: gdplanningai_rust::logger::process_logs (src\logger.rs:66)
   GDScript backtrace (most recent call first):
       [0] _drain_scheduler (res://test/integration/test_campfire_example_smoke.gd:27)
[GdPAI | debug] ApplyEffect [Before] ID=InstanceId(-9223368754056892087): agent props = {"hunger": 70.0627442063492, "held_item": "wood", "entity": null}
[GdPAI | debug] ApplyEffect [After] ID=InstanceId(-9223368754056892087): agent props = {"hunger": 70.0627442063492, "held_item": "wood", "entity": null}
[GdPAI | debug]   Snapshotting prop: hunger = Float(70.0627442063492) (Variant type: FLOAT)
[GdPAI | debug]   Snapshotting prop: held_item = Str("wood") (Variant type: STRING)
[GdPAI | debug]   Snapshotting prop: entity = Nil (Variant type: NIL)
WARNING: [GdPAI] ObjectRef(1382643928884): object was freed before callback; returning Nil.
   at: gdplanningai_rust::logger::process_logs (src\logger.rs:66)
   GDScript backtrace (most recent call first):
       [0] _drain_scheduler (res://test/integration/test_campfire_example_smoke.gd:27)
WARNING: [GdPAI] ObjectRef(1382157389614): object was freed before callback; returning Nil.
   at: gdplanningai_rust::logger::process_logs (src\logger.rs:66)
   GDScript backtrace (most recent call first):
       [0] _drain_scheduler (res://test/integration/test_campfire_example_smoke.gd:27)
WARNING: [GdPAI] ObjectRef(1382157389614): object was freed before callback; returning Nil.
   at: gdplanningai_rust::logger::process_logs (src\logger.rs:66)
   GDScript backtrace (most recent call first):
       [0] _drain_scheduler (res://test/integration/test_campfire_example_smoke.gd:27)
[GdPAI | debug] GetCost: callable returned non-numeric value: null; returning INFINITY
WARNING: [GdPAI] ObjectRef(124621163998): object was freed before callback; returning Nil.
   at: gdplanningai_rust::logger::process_logs (src\logger.rs:66)
   GDScript backtrace (most recent call first):
       [0] _process (res://addons/GdPlanningAI/gdpai_autoload.gd:21)
[GdPAI | debug] GetCost: callable returned non-numeric value: null; returning INFINITY
WARNING: [GdPAI] ObjectRef(1382643928884): object was freed before callback; returning Nil.
   at: gdplanningai_rust::logger::process_logs (src\logger.rs:66)
   GDScript backtrace (most recent call first):
       [0] _process (res://addons/GdPlanningAI/gdpai_autoload.gd:21)
WARNING: [GdPAI] ObjectRef(1382157389614): object was freed before callback; returning Nil.
   at: gdplanningai_rust::logger::process_logs (src\logger.rs:66)
   GDScript backtrace (most recent call first):
       [0] _process (res://addons/GdPlanningAI/gdpai_autoload.gd:21)
WARNING: [GdPAI] ObjectRef(1382157389614): object was freed before callback; returning Nil.
   at: gdplanningai_rust::logger::process_logs (src\logger.rs:66)
   GDScript backtrace (most recent call first):
       [0] _process (res://addons/GdPlanningAI/gdpai_autoload.gd:21)
[GdPAI | debug] ApplyEffect [Before] ID=InstanceId(-9223368752127512249): agent props = {"hunger": 95.0603725, "entity": null, "held_item": "", "at_target": null}
[GdPAI | debug] ApplyEffect [After] ID=InstanceId(-9223368752127512249): agent props = {"hunger": 95.0603725, "entity": null, "held_item": "", "at_target": null}
[GdPAI | debug]   Snapshotting prop: hunger = Float(95.0603725) (Variant type: FLOAT)
[GdPAI | debug]   Snapshotting prop: entity = Nil (Variant type: NIL)
[GdPAI | debug]   Snapshotting prop: held_item = Str("") (Variant type: STRING)
[GdPAI | debug]   Snapshotting prop: at_target = Nil (Variant type: NIL)
WARNING: [GdPAI] ObjectRef(124621163998): object was freed before callback; returning Nil.
   at: gdplanningai_rust::logger::process_logs (src\logger.rs:66)
   GDScript backtrace (most recent call first):
       [0] _drain_scheduler (res://test/integration/test_campfire_example_smoke.gd:27)
[GdPAI | debug] ApplyEffect [Before] ID=InstanceId(-9223368751355760324): agent props = {"entity": null, "hunger": 70.0627442063492, "held_item": "wood"}
[GdPAI | debug] ApplyEffect [After] ID=InstanceId(-9223368751355760324): agent props = {"entity": null, "hunger": 70.0627442063492, "held_item": "wood"}
[GdPAI | debug]   Snapshotting prop: entity = Nil (Variant type: NIL)
[GdPAI | debug]   Snapshotting prop: hunger = Float(70.0627442063492) (Variant type: FLOAT)
[GdPAI | debug]   Snapshotting prop: held_item = Str("wood") (Variant type: STRING)
WARNING: [GdPAI] ObjectRef(1382643928884): object was freed before callback; returning Nil.
   at: gdplanningai_rust::logger::process_logs (src\logger.rs:66)
   GDScript backtrace (most recent call first):
       [0] _drain_scheduler (res://test/integration/test_campfire_example_smoke.gd:27)
WARNING: [GdPAI] ObjectRef(1382157389614): object was freed before callback; returning Nil.
   at: gdplanningai_rust::logger::process_logs (src\logger.rs:66)
   GDScript backtrace (most recent call first):
       [0] _drain_scheduler (res://test/integration/test_campfire_example_smoke.gd:27)
WARNING: [GdPAI] ObjectRef(1382157389614): object was freed before callback; returning Nil.
   at: gdplanningai_rust::logger::process_logs (src\logger.rs:66)
   GDScript backtrace (most recent call first):
       [0] _drain_scheduler (res://test/integration/test_campfire_example_smoke.gd:27)
[GdPAI | debug] GetCost: callable returned non-numeric value: null; returning INFINITY
WARNING: [GdPAI] ObjectRef(124621163998): object was freed before callback; returning Nil.
   at: gdplanningai_rust::logger::process_logs (src\logger.rs:66)
   GDScript backtrace (most recent call first):
       [0] _process (res://addons/GdPlanningAI/gdpai_autoload.gd:21)
WARNING: [GdPAI] ObjectRef(124621163998): object was freed before callback; returning Nil.
   at: gdplanningai_rust::logger::process_logs (src\logger.rs:66)
   GDScript backtrace (most recent call first):
       [0] _process (res://addons/GdPlanningAI/gdpai_autoload.gd:21)
[GdPAI | debug] GetCost: callable returned non-numeric value: null; returning INFINITY
WARNING: [GdPAI] ObjectRef(1382643928884): object was freed before callback; returning Nil.
   at: gdplanningai_rust::logger::process_logs (src\logger.rs:66)
   GDScript backtrace (most recent call first):
       [0] _process (res://addons/GdPlanningAI/gdpai_autoload.gd:21)
WARNING: [GdPAI] ObjectRef(1382157389614): object was freed before callback; returning Nil.
   at: gdplanningai_rust::logger::process_logs (src\logger.rs:66)
   GDScript backtrace (most recent call first):
       [0] _process (res://addons/GdPlanningAI/gdpai_autoload.gd:21)
WARNING: [GdPAI] ObjectRef(1382157389614): object was freed before callback; returning Nil.
   at: gdplanningai_rust::logger::process_logs (src\logger.rs:66)
   GDScript backtrace (most recent call first):
       [0] _process (res://addons/GdPlanningAI/gdpai_autoload.gd:21)
[GdPAI | debug] ApplyEffect [Before] ID=InstanceId(-9223368749426380455): agent props = {"held_item": "", "at_target": null, "hunger": 95.0603725, "entity": null}
[GdPAI | debug] ApplyEffect [After] ID=InstanceId(-9223368749426380455): agent props = {"held_item": "", "at_target": null, "hunger": 95.0603725, "entity": null}
[GdPAI | debug]   Snapshotting prop: held_item = Str("") (Variant type: STRING)
[GdPAI | debug]   Snapshotting prop: at_target = Nil (Variant type: NIL)
[GdPAI | debug]   Snapshotting prop: hunger = Float(95.0603725) (Variant type: FLOAT)
[GdPAI | debug]   Snapshotting prop: entity = Nil (Variant type: NIL)
WARNING: [GdPAI] ObjectRef(124621163998): object was freed before callback; returning Nil.
   at: gdplanningai_rust::logger::process_logs (src\logger.rs:66)
   GDScript backtrace (most recent call first):
       [0] _drain_scheduler (res://test/integration/test_campfire_example_smoke.gd:27)
WARNING: [GdPAI] ObjectRef(124621163998): object was freed before callback; returning Nil.
   at: gdplanningai_rust::logger::process_logs (src\logger.rs:66)
   GDScript backtrace (most recent call first):
       [0] _drain_scheduler (res://test/integration/test_campfire_example_smoke.gd:27)
[GdPAI | debug] ApplyEffect [Before] ID=InstanceId(-9223368748604296851): agent props = {"hunger": 70.0627442063492, "entity": null, "held_item": ""}
[GdPAI | debug] ApplyEffect [After] ID=InstanceId(-9223368748604296851): agent props = {"hunger": 70.0627442063492, "entity": null, "held_item": ""}
[GdPAI | debug]   Snapshotting prop: hunger = Float(70.0627442063492) (Variant type: FLOAT)
[GdPAI | debug]   Snapshotting prop: entity = Nil (Variant type: NIL)
[GdPAI | debug]   Snapshotting prop: held_item = Str("") (Variant type: STRING)
WARNING: [GdPAI] ObjectRef(1382643928884): object was freed before callback; returning Nil.
   at: gdplanningai_rust::logger::process_logs (src\logger.rs:66)
   GDScript backtrace (most recent call first):
       [0] _drain_scheduler (res://test/integration/test_campfire_example_smoke.gd:27)
[GdPAI | debug] GetCost: callable returned non-numeric value: null; returning INFINITY
WARNING: [GdPAI] ObjectRef(124621163998): object was freed before callback; returning Nil.
   at: gdplanningai_rust::logger::process_logs (src\logger.rs:66)
   GDScript backtrace (most recent call first):
       [0] _process (res://addons/GdPlanningAI/gdpai_autoload.gd:21)
[GdPAI | debug] GetCost: callable returned non-numeric value: null; returning INFINITY
WARNING: [GdPAI] ObjectRef(1382643928884): object was freed before callback; returning Nil.
   at: gdplanningai_rust::logger::process_logs (src\logger.rs:66)
   GDScript backtrace (most recent call first):
       [0] _process (res://addons/GdPlanningAI/gdpai_autoload.gd:21)
[GdPAI | debug] ApplyEffect [Before] ID=InstanceId(-9223368746725248657): agent props = {"at_target": null, "hunger": 95.0603725, "held_item": "wood", "entity": null}
[GdPAI | debug] ApplyEffect [After] ID=InstanceId(-9223368746725248657): agent props = {"at_target": null, "hunger": 95.0603725, "held_item": "wood", "entity": null}
[GdPAI | debug]   Snapshotting prop: at_target = Nil (Variant type: NIL)
[GdPAI | debug]   Snapshotting prop: hunger = Float(95.0603725) (Variant type: FLOAT)
[GdPAI | debug]   Snapshotting prop: held_item = Str("wood") (Variant type: STRING)
[GdPAI | debug]   Snapshotting prop: entity = Nil (Variant type: NIL)
WARNING: [GdPAI] ObjectRef(124621163998): object was freed before callback; returning Nil.
   at: gdplanningai_rust::logger::process_logs (src\logger.rs:66)
   GDScript backtrace (most recent call first):
       [0] _drain_scheduler (res://test/integration/test_campfire_example_smoke.gd:27)
[GdPAI | debug] ApplyEffect [Before] ID=InstanceId(-9223368746054160078): agent props = {"entity": null, "hunger": 70.0627442063492, "held_item": ""}
[GdPAI | debug] ApplyEffect [After] ID=InstanceId(-9223368746054160078): agent props = {"entity": null, "hunger": 70.0627442063492, "held_item": ""}
[GdPAI | debug]   Snapshotting prop: entity = Nil (Variant type: NIL)
[GdPAI | debug]   Snapshotting prop: hunger = Float(70.0627442063492) (Variant type: FLOAT)
[GdPAI | debug]   Snapshotting prop: held_item = Str("") (Variant type: STRING)
WARNING: [GdPAI] ObjectRef(1382643928884): object was freed before callback; returning Nil.
   at: gdplanningai_rust::logger::process_logs (src\logger.rs:66)
   GDScript backtrace (most recent call first):
       [0] _drain_scheduler (res://test/integration/test_campfire_example_smoke.gd:27)
WARNING: [GdPAI] ObjectRef(1382643928884): object was freed before callback; returning Nil.
   at: gdplanningai_rust::logger::process_logs (src\logger.rs:66)
   GDScript backtrace (most recent call first):
       [0] _drain_scheduler (res://test/integration/test_campfire_example_smoke.gd:27)
[GdPAI | debug] GetCost: callable returned non-numeric value: null; returning INFINITY
WARNING: [GdPAI] ObjectRef(124621163998): object was freed before callback; returning Nil.
   at: gdplanningai_rust::logger::process_logs (src\logger.rs:66)
   GDScript backtrace (most recent call first):
       [0] _process (res://addons/GdPlanningAI/gdpai_autoload.gd:21)
[GdPAI | debug] GetCost: callable returned non-numeric value: null; returning INFINITY
WARNING: [GdPAI] ObjectRef(1382643928884): object was freed before callback; returning Nil.
   at: gdplanningai_rust::logger::process_logs (src\logger.rs:66)
   GDScript backtrace (most recent call first):
       [0] _process (res://addons/GdPlanningAI/gdpai_autoload.gd:21)
WARNING: [GdPAI] ObjectRef(1382643928884): object was freed before callback; returning Nil.
   at: gdplanningai_rust::logger::process_logs (src\logger.rs:66)
   GDScript backtrace (most recent call first):
       [0] _process (res://addons/GdPlanningAI/gdpai_autoload.gd:21)
[GdPAI | debug] ApplyEffect [Before] ID=InstanceId(-9223368744175111838): agent props = {"entity": null, "hunger": 95.0603725, "held_item": ""}
[GdPAI | debug] ApplyEffect [After] ID=InstanceId(-9223368744175111838): agent props = {"entity": null, "hunger": 95.0603725, "held_item": ""}
[GdPAI | debug]   Snapshotting prop: entity = Nil (Variant type: NIL)
[GdPAI | debug]   Snapshotting prop: hunger = Float(95.0603725) (Variant type: FLOAT)
[GdPAI | debug]   Snapshotting prop: held_item = Str("") (Variant type: STRING)
WARNING: [GdPAI] ObjectRef(124621163998): object was freed before callback; returning Nil.
   at: gdplanningai_rust::logger::process_logs (src\logger.rs:66)
   GDScript backtrace (most recent call first):
       [0] _drain_scheduler (res://test/integration/test_campfire_example_smoke.gd:27)
[GdPAI | debug] ApplyEffect [Before] ID=InstanceId(-9223368743453691507): agent props = {"held_item": "wood", "hunger": 70.0627442063492, "entity": null}
[GdPAI | debug] ApplyEffect [After] ID=InstanceId(-9223368743453691507): agent props = {"held_item": "wood", "hunger": 70.0627442063492, "entity": null}
[GdPAI | debug]   Snapshotting prop: held_item = Str("wood") (Variant type: STRING)
[GdPAI | debug]   Snapshotting prop: hunger = Float(70.0627442063492) (Variant type: FLOAT)
[GdPAI | debug]   Snapshotting prop: entity = Nil (Variant type: NIL)
WARNING: [GdPAI] ObjectRef(1382643928884): object was freed before callback; returning Nil.
   at: gdplanningai_rust::logger::process_logs (src\logger.rs:66)
   GDScript backtrace (most recent call first):
       [0] _drain_scheduler (res://test/integration/test_campfire_example_smoke.gd:27)
[GdPAI | debug] GetCost: callable returned non-numeric value: null; returning INFINITY
WARNING: [GdPAI] ObjectRef(124621163998): object was freed before callback; returning Nil.
   at: gdplanningai_rust::logger::process_logs (src\logger.rs:66)
   GDScript backtrace (most recent call first):
       [0] _process (res://addons/GdPlanningAI/gdpai_autoload.gd:21)
[GdPAI | debug] GetCost: callable returned non-numeric value: null; returning INFINITY
WARNING: [GdPAI] ObjectRef(1382643928884): object was freed before callback; returning Nil.
   at: gdplanningai_rust::logger::process_logs (src\logger.rs:66)
   GDScript backtrace (most recent call first):
       [0] _process (res://addons/GdPlanningAI/gdpai_autoload.gd:21)
[GdPAI | debug] ApplyEffect [Before] ID=InstanceId(-9223368741624974966): agent props = {"held_item": "", "entity": null, "hunger": 95.0603725}
[GdPAI | debug] ApplyEffect [After] ID=InstanceId(-9223368741624974966): agent props = {"held_item": "", "entity": null, "hunger": 95.0603725}
[GdPAI | debug]   Snapshotting prop: held_item = Str("") (Variant type: STRING)
[GdPAI | debug]   Snapshotting prop: entity = Nil (Variant type: NIL)
[GdPAI | debug]   Snapshotting prop: hunger = Float(95.0603725) (Variant type: FLOAT)
WARNING: [GdPAI] ObjectRef(124621163998): object was freed before callback; returning Nil.
   at: gdplanningai_rust::logger::process_logs (src\logger.rs:66)
   GDScript backtrace (most recent call first):
       [0] _drain_scheduler (res://test/integration/test_campfire_example_smoke.gd:27)
[GdPAI | debug] ApplyEffect [Before] ID=InstanceId(-9223368740953886286): agent props = {"hunger": 70.0627442063492, "entity": null, "held_item": "wood"}
[GdPAI | debug] ApplyEffect [After] ID=InstanceId(-9223368740953886286): agent props = {"hunger": 70.0627442063492, "entity": null, "held_item": "wood"}
[GdPAI | debug]   Snapshotting prop: hunger = Float(70.0627442063492) (Variant type: FLOAT)
[GdPAI | debug]   Snapshotting prop: entity = Nil (Variant type: NIL)
[GdPAI | debug]   Snapshotting prop: held_item = Str("wood") (Variant type: STRING)
WARNING: [GdPAI] ObjectRef(1382643928884): object was freed before callback; returning Nil.
   at: gdplanningai_rust::logger::process_logs (src\logger.rs:66)
   GDScript backtrace (most recent call first):
       [0] _drain_scheduler (res://test/integration/test_campfire_example_smoke.gd:27)
WARNING: [GdPAI] ObjectRef(1382157389614): object was freed before callback; returning Nil.
   at: gdplanningai_rust::logger::process_logs (src\logger.rs:66)
   GDScript backtrace (most recent call first):
       [0] _drain_scheduler (res://test/integration/test_campfire_example_smoke.gd:27)
WARNING: [GdPAI] ObjectRef(1382157389614): object was freed before callback; returning Nil.
   at: gdplanningai_rust::logger::process_logs (src\logger.rs:66)
   GDScript backtrace (most recent call first):
       [0] _drain_scheduler (res://test/integration/test_campfire_example_smoke.gd:27)
[GdPAI | debug] GetCost: callable returned non-numeric value: null; returning INFINITY
WARNING: [GdPAI] ObjectRef(124621163998): object was freed before callback; returning Nil.
   at: gdplanningai_rust::logger::process_logs (src\logger.rs:66)
   GDScript backtrace (most recent call first):
       [0] _process (res://addons/GdPlanningAI/gdpai_autoload.gd:21)
[GdPAI | debug] GetCost: callable returned non-numeric value: null; returning INFINITY
WARNING: [GdPAI] ObjectRef(1382643928884): object was freed before callback; returning Nil.
   at: gdplanningai_rust::logger::process_logs (src\logger.rs:66)
   GDScript backtrace (most recent call first):
       [0] _process (res://addons/GdPlanningAI/gdpai_autoload.gd:21)
WARNING: [GdPAI] ObjectRef(1382157389614): object was freed before callback; returning Nil.
   at: gdplanningai_rust::logger::process_logs (src\logger.rs:66)
   GDScript backtrace (most recent call first):
       [0] _process (res://addons/GdPlanningAI/gdpai_autoload.gd:21)
WARNING: [GdPAI] ObjectRef(1382157389614): object was freed before callback; returning Nil.
   at: gdplanningai_rust::logger::process_logs (src\logger.rs:66)
   GDScript backtrace (most recent call first):
       [0] _process (res://addons/GdPlanningAI/gdpai_autoload.gd:21)
[GdPAI | debug] ApplyEffect [Before] ID=InstanceId(-9223368739024506455): agent props = {"hunger": 95.0603725, "at_target": null, "entity": null, "held_item": ""}
[GdPAI | debug] ApplyEffect [After] ID=InstanceId(-9223368739024506455): agent props = {"hunger": 95.0603725, "at_target": null, "entity": null, "held_item": ""}
[GdPAI | debug]   Snapshotting prop: hunger = Float(95.0603725) (Variant type: FLOAT)
[GdPAI | debug]   Snapshotting prop: at_target = Nil (Variant type: NIL)
[GdPAI | debug]   Snapshotting prop: entity = Nil (Variant type: NIL)
[GdPAI | debug]   Snapshotting prop: held_item = Str("") (Variant type: STRING)
WARNING: [GdPAI] ObjectRef(124621163998): object was freed before callback; returning Nil.
   at: gdplanningai_rust::logger::process_logs (src\logger.rs:66)
   GDScript backtrace (most recent call first):
       [0] _drain_scheduler (res://test/integration/test_campfire_example_smoke.gd:27)
[GdPAI | debug] ApplyEffect [Before] ID=InstanceId(-9223368738252754508): agent props = {"entity": null, "held_item": "wood", "hunger": 70.0627442063492}
[GdPAI | debug] ApplyEffect [After] ID=InstanceId(-9223368738252754508): agent props = {"entity": null, "held_item": "wood", "hunger": 70.0627442063492}
[GdPAI | debug]   Snapshotting prop: entity = Nil (Variant type: NIL)
[GdPAI | debug]   Snapshotting prop: held_item = Str("wood") (Variant type: STRING)
[GdPAI | debug]   Snapshotting prop: hunger = Float(70.0627442063492) (Variant type: FLOAT)
WARNING: [GdPAI] ObjectRef(1382643928884): object was freed before callback; returning Nil.
   at: gdplanningai_rust::logger::process_logs (src\logger.rs:66)
   GDScript backtrace (most recent call first):
       [0] _drain_scheduler (res://test/integration/test_campfire_example_smoke.gd:27)
WARNING: [GdPAI] ObjectRef(1382157389614): object was freed before callback; returning Nil.
   at: gdplanningai_rust::logger::process_logs (src\logger.rs:66)
   GDScript backtrace (most recent call first):
       [0] _drain_scheduler (res://test/integration/test_campfire_example_smoke.gd:27)
WARNING: [GdPAI] ObjectRef(1382157389614): object was freed before callback; returning Nil.
   at: gdplanningai_rust::logger::process_logs (src\logger.rs:66)
   GDScript backtrace (most recent call first):
       [0] _drain_scheduler (res://test/integration/test_campfire_example_smoke.gd:27)
[GdPAI | debug] GetCost: callable returned non-numeric value: null; returning INFINITY
WARNING: [GdPAI] ObjectRef(124621163998): object was freed before callback; returning Nil.
   at: gdplanningai_rust::logger::process_logs (src\logger.rs:66)
   GDScript backtrace (most recent call first):
       [0] _process (res://addons/GdPlanningAI/gdpai_autoload.gd:21)
[GdPAI | debug] GetCost: callable returned non-numeric value: null; returning INFINITY
WARNING: [GdPAI] ObjectRef(1382643928884): object was freed before callback; returning Nil.
   at: gdplanningai_rust::logger::process_logs (src\logger.rs:66)
   GDScript backtrace (most recent call first):
       [0] _process (res://addons/GdPlanningAI/gdpai_autoload.gd:21)
WARNING: [GdPAI] ObjectRef(1382157389614): object was freed before callback; returning Nil.
   at: gdplanningai_rust::logger::process_logs (src\logger.rs:66)
   GDScript backtrace (most recent call first):
       [0] _process (res://addons/GdPlanningAI/gdpai_autoload.gd:21)
WARNING: [GdPAI] ObjectRef(1382157389614): object was freed before callback; returning Nil.
   at: gdplanningai_rust::logger::process_logs (src\logger.rs:66)
   GDScript backtrace (most recent call first):
       [0] _process (res://addons/GdPlanningAI/gdpai_autoload.gd:21)
[GdPAI | debug] ApplyEffect [Before] ID=InstanceId(-9223368736323374661): agent props = {"held_item": "", "at_target": null, "hunger": 95.0603725, "entity": null}
[GdPAI | debug] ApplyEffect [After] ID=InstanceId(-9223368736323374661): agent props = {"held_item": "", "at_target": null, "hunger": 95.0603725, "entity": null}
[GdPAI | debug]   Snapshotting prop: held_item = Str("") (Variant type: STRING)
[GdPAI | debug]   Snapshotting prop: at_target = Nil (Variant type: NIL)
[GdPAI | debug]   Snapshotting prop: hunger = Float(95.0603725) (Variant type: FLOAT)
[GdPAI | debug]   Snapshotting prop: entity = Nil (Variant type: NIL)
WARNING: [GdPAI] ObjectRef(124621163998): object was freed before callback; returning Nil.
   at: gdplanningai_rust::logger::process_logs (src\logger.rs:66)
   GDScript backtrace (most recent call first):
       [0] _drain_scheduler (res://test/integration/test_campfire_example_smoke.gd:27)
[GdPAI | debug] ApplyEffect [Before] ID=InstanceId(-9223368735551622696): agent props = {"hunger": 70.0627442063492, "held_item": "wood", "entity": null}
[GdPAI | debug] ApplyEffect [After] ID=InstanceId(-9223368735551622696): agent props = {"hunger": 70.0627442063492, "held_item": "wood", "entity": null}
[GdPAI | debug]   Snapshotting prop: hunger = Float(70.0627442063492) (Variant type: FLOAT)
[GdPAI | debug]   Snapshotting prop: held_item = Str("wood") (Variant type: STRING)
[GdPAI | debug]   Snapshotting prop: entity = Nil (Variant type: NIL)
WARNING: [GdPAI] ObjectRef(1382643928884): object was freed before callback; returning Nil.
   at: gdplanningai_rust::logger::process_logs (src\logger.rs:66)
   GDScript backtrace (most recent call first):
       [0] _drain_scheduler (res://test/integration/test_campfire_example_smoke.gd:27)
[GdPAI | debug] GetCost: callable returned non-numeric value: null; returning INFINITY
WARNING: [GdPAI] ObjectRef(124621163998): object was freed before callback; returning Nil.
   at: gdplanningai_rust::logger::process_logs (src\logger.rs:66)
   GDScript backtrace (most recent call first):
       [0] _process (res://addons/GdPlanningAI/gdpai_autoload.gd:21)
WARNING: [GdPAI] ObjectRef(124621163998): object was freed before callback; returning Nil.
   at: gdplanningai_rust::logger::process_logs (src\logger.rs:66)
   GDScript backtrace (most recent call first):
       [0] _process (res://addons/GdPlanningAI/gdpai_autoload.gd:21)
[GdPAI | debug] GetCost: callable returned non-numeric value: null; returning INFINITY
WARNING: [GdPAI] ObjectRef(1382643928884): object was freed before callback; returning Nil.
   at: gdplanningai_rust::logger::process_logs (src\logger.rs:66)
   GDScript backtrace (most recent call first):
       [0] _process (res://addons/GdPlanningAI/gdpai_autoload.gd:21)
[GdPAI | debug] ApplyEffect [Before] ID=InstanceId(-9223368733722906172): agent props = {"entity": null, "at_target": null, "hunger": 95.0603725, "held_item": "wood"}
[GdPAI | debug] ApplyEffect [After] ID=InstanceId(-9223368733722906172): agent props = {"entity": null, "at_target": null, "hunger": 95.0603725, "held_item": "wood"}
[GdPAI | debug]   Snapshotting prop: entity = Nil (Variant type: NIL)
[GdPAI | debug]   Snapshotting prop: at_target = Nil (Variant type: NIL)
[GdPAI | debug]   Snapshotting prop: hunger = Float(95.0603725) (Variant type: FLOAT)
[GdPAI | debug]   Snapshotting prop: held_item = Str("wood") (Variant type: STRING)
WARNING: [GdPAI] ObjectRef(124621163998): object was freed before callback; returning Nil.
   at: gdplanningai_rust::logger::process_logs (src\logger.rs:66)
   GDScript backtrace (most recent call first):
       [0] _drain_scheduler (res://test/integration/test_campfire_example_smoke.gd:27)
WARNING: [GdPAI] ObjectRef(124621163998): object was freed before callback; returning Nil.
   at: gdplanningai_rust::logger::process_logs (src\logger.rs:66)
   GDScript backtrace (most recent call first):
       [0] _drain_scheduler (res://test/integration/test_campfire_example_smoke.gd:27)
[GdPAI | debug] ApplyEffect [Before] ID=InstanceId(-9223368733001485842): agent props = {"entity": null, "hunger": 70.0627442063492, "held_item": ""}
[GdPAI | debug] ApplyEffect [After] ID=InstanceId(-9223368733001485842): agent props = {"entity": null, "hunger": 70.0627442063492, "held_item": ""}
[GdPAI | debug]   Snapshotting prop: entity = Nil (Variant type: NIL)
[GdPAI | debug]   Snapshotting prop: hunger = Float(70.0627442063492) (Variant type: FLOAT)
[GdPAI | debug]   Snapshotting prop: held_item = Str("") (Variant type: STRING)
WARNING: [GdPAI] ObjectRef(1382643928884): object was freed before callback; returning Nil.
   at: gdplanningai_rust::logger::process_logs (src\logger.rs:66)
   GDScript backtrace (most recent call first):
       [0] _drain_scheduler (res://test/integration/test_campfire_example_smoke.gd:27)
WARNING: [GdPAI] ObjectRef(1382643928884): object was freed before callback; returning Nil.
   at: gdplanningai_rust::logger::process_logs (src\logger.rs:66)
   GDScript backtrace (most recent call first):
       [0] _drain_scheduler (res://test/integration/test_campfire_example_smoke.gd:27)
[GdPAI | debug] GetCost: callable returned non-numeric value: null; returning INFINITY
WARNING: [GdPAI] ObjectRef(124621163998): object was freed before callback; returning Nil.
   at: gdplanningai_rust::logger::process_logs (src\logger.rs:66)
   GDScript backtrace (most recent call first):
       [0] _process (res://addons/GdPlanningAI/gdpai_autoload.gd:21)
[GdPAI | debug] GetCost: callable returned non-numeric value: null; returning INFINITY
WARNING: [GdPAI] ObjectRef(1382643928884): object was freed before callback; returning Nil.
   at: gdplanningai_rust::logger::process_logs (src\logger.rs:66)
   GDScript backtrace (most recent call first):
       [0] _process (res://addons/GdPlanningAI/gdpai_autoload.gd:21)
WARNING: [GdPAI] ObjectRef(1382643928884): object was freed before callback; returning Nil.
   at: gdplanningai_rust::logger::process_logs (src\logger.rs:66)
   GDScript backtrace (most recent call first):
       [0] _process (res://addons/GdPlanningAI/gdpai_autoload.gd:21)
[GdPAI | debug] ApplyEffect [Before] ID=InstanceId(-9223368731072106005): agent props = {"entity": null, "held_item": "", "hunger": 95.0603725}
[GdPAI | debug] ApplyEffect [After] ID=InstanceId(-9223368731072106005): agent props = {"entity": null, "held_item": "", "hunger": 95.0603725}
[GdPAI | debug]   Snapshotting prop: entity = Nil (Variant type: NIL)
[GdPAI | debug]   Snapshotting prop: held_item = Str("") (Variant type: STRING)
[GdPAI | debug]   Snapshotting prop: hunger = Float(95.0603725) (Variant type: FLOAT)
WARNING: [GdPAI] ObjectRef(124621163998): object was freed before callback; returning Nil.
   at: gdplanningai_rust::logger::process_logs (src\logger.rs:66)
   GDScript backtrace (most recent call first):
       [0] _drain_scheduler (res://test/integration/test_campfire_example_smoke.gd:27)
[GdPAI | debug] ApplyEffect [Before] ID=InstanceId(-9223368730350685689): agent props = {"hunger": 70.0627442063492, "held_item": "", "entity": null}
[GdPAI | debug] ApplyEffect [After] ID=InstanceId(-9223368730350685689): agent props = {"hunger": 70.0627442063492, "held_item": "", "entity": null}
[GdPAI | debug]   Snapshotting prop: hunger = Float(70.0627442063492) (Variant type: FLOAT)
[GdPAI | debug]   Snapshotting prop: held_item = Str("") (Variant type: STRING)
[GdPAI | debug]   Snapshotting prop: entity = Nil (Variant type: NIL)
WARNING: [GdPAI] ObjectRef(1382643928884): object was freed before callback; returning Nil.
   at: gdplanningai_rust::logger::process_logs (src\logger.rs:66)
   GDScript backtrace (most recent call first):
       [0] _drain_scheduler (res://test/integration/test_campfire_example_smoke.gd:27)
[GdPAI | debug] GetCost: callable returned non-numeric value: null; returning INFINITY
WARNING: [GdPAI] ObjectRef(124621163998): object was freed before callback; returning Nil.
   at: gdplanningai_rust::logger::process_logs (src\logger.rs:66)
   GDScript backtrace (most recent call first):
       [0] _process (res://addons/GdPlanningAI/gdpai_autoload.gd:21)
[GdPAI | debug] GetCost: callable returned non-numeric value: null; returning INFINITY
WARNING: [GdPAI] ObjectRef(1382643928884): object was freed before callback; returning Nil.
   at: gdplanningai_rust::logger::process_logs (src\logger.rs:66)
   GDScript backtrace (most recent call first):
       [0] _process (res://addons/GdPlanningAI/gdpai_autoload.gd:21)
[GdPAI | debug] ApplyEffect [Before] ID=InstanceId(-9223368728521969219): agent props = {"held_item": "", "entity": null, "hunger": 95.0603725}
[GdPAI | debug] ApplyEffect [After] ID=InstanceId(-9223368728521969219): agent props = {"held_item": "", "entity": null, "hunger": 95.0603725}
[GdPAI | debug]   Snapshotting prop: held_item = Str("") (Variant type: STRING)
[GdPAI | debug]   Snapshotting prop: entity = Nil (Variant type: NIL)
[GdPAI | debug]   Snapshotting prop: hunger = Float(95.0603725) (Variant type: FLOAT)
WARNING: [GdPAI] ObjectRef(124621163998): object was freed before callback; returning Nil.
   at: gdplanningai_rust::logger::process_logs (src\logger.rs:66)
   GDScript backtrace (most recent call first):
       [0] _drain_scheduler (res://test/integration/test_campfire_example_smoke.gd:27)
[GdPAI | debug] ApplyEffect [Before] ID=InstanceId(-9223368727850880504): agent props = {"entity": null, "hunger": 70.0627442063492, "held_item": "wood"}
[GdPAI | debug] ApplyEffect [After] ID=InstanceId(-9223368727850880504): agent props = {"entity": null, "hunger": 70.0627442063492, "held_item": "wood"}
[GdPAI | debug]   Snapshotting prop: entity = Nil (Variant type: NIL)
[GdPAI | debug]   Snapshotting prop: hunger = Float(70.0627442063492) (Variant type: FLOAT)
[GdPAI | debug]   Snapshotting prop: held_item = Str("wood") (Variant type: STRING)
WARNING: [GdPAI] ObjectRef(1382643928884): object was freed before callback; returning Nil.
   at: gdplanningai_rust::logger::process_logs (src\logger.rs:66)
   GDScript backtrace (most recent call first):
       [0] _drain_scheduler (res://test/integration/test_campfire_example_smoke.gd:27)
WARNING: [GdPAI] ObjectRef(1382157389614): object was freed before callback; returning Nil.
   at: gdplanningai_rust::logger::process_logs (src\logger.rs:66)
   GDScript backtrace (most recent call first):
       [0] _drain_scheduler (res://test/integration/test_campfire_example_smoke.gd:27)
WARNING: [GdPAI] ObjectRef(1382157389614): object was freed before callback; returning Nil.
   at: gdplanningai_rust::logger::process_logs (src\logger.rs:66)
   GDScript backtrace (most recent call first):
       [0] _drain_scheduler (res://test/integration/test_campfire_example_smoke.gd:27)
[GdPAI | debug] GetCost: callable returned non-numeric value: null; returning INFINITY
WARNING: [GdPAI] ObjectRef(124621163998): object was freed before callback; returning Nil.
   at: gdplanningai_rust::logger::process_logs (src\logger.rs:66)
   GDScript backtrace (most recent call first):
       [0] _process (res://addons/GdPlanningAI/gdpai_autoload.gd:21)
[GdPAI | debug] GetCost: callable returned non-numeric value: null; returning INFINITY
WARNING: [GdPAI] ObjectRef(1382643928884): object was freed before callback; returning Nil.
   at: gdplanningai_rust::logger::process_logs (src\logger.rs:66)
   GDScript backtrace (most recent call first):
       [0] _process (res://addons/GdPlanningAI/gdpai_autoload.gd:21)
WARNING: [GdPAI] ObjectRef(1382157389614): object was freed before callback; returning Nil.
   at: gdplanningai_rust::logger::process_logs (src\logger.rs:66)
   GDScript backtrace (most recent call first):
       [0] _process (res://addons/GdPlanningAI/gdpai_autoload.gd:21)
WARNING: [GdPAI] ObjectRef(1382157389614): object was freed before callback; returning Nil.
   at: gdplanningai_rust::logger::process_logs (src\logger.rs:66)
   GDScript backtrace (most recent call first):
       [0] _process (res://addons/GdPlanningAI/gdpai_autoload.gd:21)
[GdPAI | debug] ApplyEffect [Before] ID=InstanceId(-9223368725921500682): agent props = {"held_item": "", "entity": null, "hunger": 95.0603725, "at_target": null}
[GdPAI | debug] ApplyEffect [After] ID=InstanceId(-9223368725921500682): agent props = {"held_item": "", "entity": null, "hunger": 95.0603725, "at_target": null}
[GdPAI | debug]   Snapshotting prop: held_item = Str("") (Variant type: STRING)
[GdPAI | debug]   Snapshotting prop: entity = Nil (Variant type: NIL)
[GdPAI | debug]   Snapshotting prop: hunger = Float(95.0603725) (Variant type: FLOAT)
[GdPAI | debug]   Snapshotting prop: at_target = Nil (Variant type: NIL)
WARNING: [GdPAI] ObjectRef(124621163998): object was freed before callback; returning Nil.
   at: gdplanningai_rust::logger::process_logs (src\logger.rs:66)
   GDScript backtrace (most recent call first):
       [0] _drain_scheduler (res://test/integration/test_campfire_example_smoke.gd:27)
[GdPAI | debug] ApplyEffect [Before] ID=InstanceId(-9223368725149748696): agent props = {"hunger": 70.0627442063492, "entity": null, "held_item": "wood"}
[GdPAI | debug] ApplyEffect [After] ID=InstanceId(-9223368725149748696): agent props = {"hunger": 70.0627442063492, "entity": null, "held_item": "wood"}
[GdPAI | debug]   Snapshotting prop: hunger = Float(70.0627442063492) (Variant type: FLOAT)
[GdPAI | debug]   Snapshotting prop: entity = Nil (Variant type: NIL)
[GdPAI | debug]   Snapshotting prop: held_item = Str("wood") (Variant type: STRING)
WARNING: [GdPAI] ObjectRef(1382643928884): object was freed before callback; returning Nil.
   at: gdplanningai_rust::logger::process_logs (src\logger.rs:66)
   GDScript backtrace (most recent call first):
       [0] _drain_scheduler (res://test/integration/test_campfire_example_smoke.gd:27)
WARNING: [GdPAI] ObjectRef(1382157389614): object was freed before callback; returning Nil.
   at: gdplanningai_rust::logger::process_logs (src\logger.rs:66)
   GDScript backtrace (most recent call first):
       [0] _drain_scheduler (res://test/integration/test_campfire_example_smoke.gd:27)
WARNING: [GdPAI] ObjectRef(1382157389614): object was freed before callback; returning Nil.
   at: gdplanningai_rust::logger::process_logs (src\logger.rs:66)
   GDScript backtrace (most recent call first):
       [0] _drain_scheduler (res://test/integration/test_campfire_example_smoke.gd:27)
[GdPAI | debug] GetCost: callable returned non-numeric value: null; returning INFINITY
WARNING: [GdPAI] ObjectRef(124621163998): object was freed before callback; returning Nil.
   at: gdplanningai_rust::logger::process_logs (src\logger.rs:66)
   GDScript backtrace (most recent call first):
       [0] _process (res://addons/GdPlanningAI/gdpai_autoload.gd:21)
[GdPAI | debug] GetCost: callable returned non-numeric value: null; returning INFINITY
WARNING: [GdPAI] ObjectRef(1382643928884): object was freed before callback; returning Nil.
   at: gdplanningai_rust::logger::process_logs (src\logger.rs:66)
   GDScript backtrace (most recent call first):
       [0] _process (res://addons/GdPlanningAI/gdpai_autoload.gd:21)
WARNING: [GdPAI] ObjectRef(1382157389614): object was freed before callback; returning Nil.
   at: gdplanningai_rust::logger::process_logs (src\logger.rs:66)
   GDScript backtrace (most recent call first):
       [0] _process (res://addons/GdPlanningAI/gdpai_autoload.gd:21)
WARNING: [GdPAI] ObjectRef(1382157389614): object was freed before callback; returning Nil.
   at: gdplanningai_rust::logger::process_logs (src\logger.rs:66)
   GDScript backtrace (most recent call first):
       [0] _process (res://addons/GdPlanningAI/gdpai_autoload.gd:21)
[GdPAI | debug] ApplyEffect [Before] ID=InstanceId(-9223368723220368895): agent props = {"hunger": 95.0603725, "at_target": null, "entity": null, "held_item": ""}
[GdPAI | debug] ApplyEffect [After] ID=InstanceId(-9223368723220368895): agent props = {"hunger": 95.0603725, "at_target": null, "entity": null, "held_item": ""}
[GdPAI | debug]   Snapshotting prop: hunger = Float(95.0603725) (Variant type: FLOAT)
[GdPAI | debug]   Snapshotting prop: at_target = Nil (Variant type: NIL)
[GdPAI | debug]   Snapshotting prop: entity = Nil (Variant type: NIL)
[GdPAI | debug]   Snapshotting prop: held_item = Str("") (Variant type: STRING)
WARNING: [GdPAI] ObjectRef(124621163998): object was freed before callback; returning Nil.
   at: gdplanningai_rust::logger::process_logs (src\logger.rs:66)
   GDScript backtrace (most recent call first):
       [0] _drain_scheduler (res://test/integration/test_campfire_example_smoke.gd:27)
[GdPAI | debug] ApplyEffect [Before] ID=InstanceId(-9223368722448616923): agent props = {"hunger": 70.0627442063492, "entity": null, "held_item": "wood"}
[GdPAI | debug] ApplyEffect [After] ID=InstanceId(-9223368722448616923): agent props = {"hunger": 70.0627442063492, "entity": null, "held_item": "wood"}
[GdPAI | debug]   Snapshotting prop: hunger = Float(70.0627442063492) (Variant type: FLOAT)
[GdPAI | debug]   Snapshotting prop: entity = Nil (Variant type: NIL)
[GdPAI | debug]   Snapshotting prop: held_item = Str("wood") (Variant type: STRING)
WARNING: [GdPAI] ObjectRef(1382643928884): object was freed before callback; returning Nil.
   at: gdplanningai_rust::logger::process_logs (src\logger.rs:66)
   GDScript backtrace (most recent call first):
       [0] _drain_scheduler (res://test/integration/test_campfire_example_smoke.gd:27)
[GdPAI | debug] GetCost: callable returned non-numeric value: null; returning INFINITY
WARNING: [GdPAI] ObjectRef(124621163998): object was freed before callback; returning Nil.
   at: gdplanningai_rust::logger::process_logs (src\logger.rs:66)
   GDScript backtrace (most recent call first):
       [0] _process (res://addons/GdPlanningAI/gdpai_autoload.gd:21)
[GdPAI | debug] GetCost: callable returned non-numeric value: null; returning INFINITY
WARNING: [GdPAI] ObjectRef(1382643928884): object was freed before callback; returning Nil.
   at: gdplanningai_rust::logger::process_logs (src\logger.rs:66)
   GDScript backtrace (most recent call first):
       [0] _process (res://addons/GdPlanningAI/gdpai_autoload.gd:21)
[GdPAI | debug] ApplyEffect [Before] ID=InstanceId(-9223368720619900378): agent props = {"held_item": "wood", "at_target": null, "hunger": 95.0603725, "entity": null}
[GdPAI | debug] ApplyEffect [After] ID=InstanceId(-9223368720619900378): agent props = {"held_item": "wood", "at_target": null, "hunger": 95.0603725, "entity": null}
[GdPAI | debug]   Snapshotting prop: held_item = Str("wood") (Variant type: STRING)
[GdPAI | debug]   Snapshotting prop: at_target = Nil (Variant type: NIL)
[GdPAI | debug]   Snapshotting prop: hunger = Float(95.0603725) (Variant type: FLOAT)
[GdPAI | debug]   Snapshotting prop: entity = Nil (Variant type: NIL)
WARNING: [GdPAI] ObjectRef(124621163998): object was freed before callback; returning Nil.
   at: gdplanningai_rust::logger::process_logs (src\logger.rs:66)
   GDScript backtrace (most recent call first):
       [0] _drain_scheduler (res://test/integration/test_campfire_example_smoke.gd:27)
[GdPAI | debug] ApplyEffect [Before] ID=InstanceId(-9223368719948811709): agent props = {"hunger": 70.0627442063492, "held_item": "wood", "entity": null}
[GdPAI | debug] ApplyEffect [After] ID=InstanceId(-9223368719948811709): agent props = {"hunger": 70.0627442063492, "held_item": "wood", "entity": null}
[GdPAI | debug]   Snapshotting prop: hunger = Float(70.0627442063492) (Variant type: FLOAT)
[GdPAI | debug]   Snapshotting prop: held_item = Str("wood") (Variant type: STRING)
[GdPAI | debug]   Snapshotting prop: entity = Nil (Variant type: NIL)
WARNING: [GdPAI] ObjectRef(1382643928884): object was freed before callback; returning Nil.
   at: gdplanningai_rust::logger::process_logs (src\logger.rs:66)
   GDScript backtrace (most recent call first):
       [0] _drain_scheduler (res://test/integration/test_campfire_example_smoke.gd:27)
WARNING: [GdPAI] ObjectRef(1382643928884): object was freed before callback; returning Nil.
   at: gdplanningai_rust::logger::process_logs (src\logger.rs:66)
   GDScript backtrace (most recent call first):
       [0] _drain_scheduler (res://test/integration/test_campfire_example_smoke.gd:27)
[GdPAI | debug] GetCost: callable returned non-numeric value: null; returning INFINITY
WARNING: [GdPAI] ObjectRef(124621163998): object was freed before callback; returning Nil.
   at: gdplanningai_rust::logger::process_logs (src\logger.rs:66)
   GDScript backtrace (most recent call first):
       [0] _process (res://addons/GdPlanningAI/gdpai_autoload.gd:21)
WARNING: [GdPAI] ObjectRef(124621163998): object was freed before callback; returning Nil.
   at: gdplanningai_rust::logger::process_logs (src\logger.rs:66)
   GDScript backtrace (most recent call first):
       [0] _process (res://addons/GdPlanningAI/gdpai_autoload.gd:21)
[GdPAI | debug] GetCost: callable returned non-numeric value: null; returning INFINITY
WARNING: [GdPAI] ObjectRef(1382643928884): object was freed before callback; returning Nil.
   at: gdplanningai_rust::logger::process_logs (src\logger.rs:66)
   GDScript backtrace (most recent call first):
       [0] _process (res://addons/GdPlanningAI/gdpai_autoload.gd:21)
WARNING: [GdPAI] ObjectRef(1382643928884): object was freed before callback; returning Nil.
   at: gdplanningai_rust::logger::process_logs (src\logger.rs:66)
   GDScript backtrace (most recent call first):
       [0] _process (res://addons/GdPlanningAI/gdpai_autoload.gd:21)
[GdPAI | debug] ApplyEffect [Before] ID=InstanceId(-9223368718069763523): agent props = {"held_item": "", "hunger": 95.0603725, "entity": null}
[GdPAI | debug] ApplyEffect [After] ID=InstanceId(-9223368718069763523): agent props = {"held_item": "", "hunger": 95.0603725, "entity": null}
[GdPAI | debug]   Snapshotting prop: held_item = Str("") (Variant type: STRING)
[GdPAI | debug]   Snapshotting prop: hunger = Float(95.0603725) (Variant type: FLOAT)
[GdPAI | debug]   Snapshotting prop: entity = Nil (Variant type: NIL)
WARNING: [GdPAI] ObjectRef(124621163998): object was freed before callback; returning Nil.
   at: gdplanningai_rust::logger::process_logs (src\logger.rs:66)
   GDScript backtrace (most recent call first):
       [0] _drain_scheduler (res://test/integration/test_campfire_example_smoke.gd:27)
WARNING: [GdPAI] ObjectRef(124621163998): object was freed before callback; returning Nil.
   at: gdplanningai_rust::logger::process_logs (src\logger.rs:66)
   GDScript backtrace (most recent call first):
       [0] _drain_scheduler (res://test/integration/test_campfire_example_smoke.gd:27)
[GdPAI | debug] ApplyEffect [Before] ID=InstanceId(-9223368717298011551): agent props = {"held_item": "", "hunger": 70.0627442063492, "entity": null}
[GdPAI | debug] ApplyEffect [After] ID=InstanceId(-9223368717298011551): agent props = {"held_item": "", "hunger": 70.0627442063492, "entity": null}
[GdPAI | debug]   Snapshotting prop: held_item = Str("") (Variant type: STRING)
[GdPAI | debug]   Snapshotting prop: hunger = Float(70.0627442063492) (Variant type: FLOAT)
[GdPAI | debug]   Snapshotting prop: entity = Nil (Variant type: NIL)
WARNING: [GdPAI] ObjectRef(1382643928884): object was freed before callback; returning Nil.
   at: gdplanningai_rust::logger::process_logs (src\logger.rs:66)
   GDScript backtrace (most recent call first):
       [0] _drain_scheduler (res://test/integration/test_campfire_example_smoke.gd:27)
[GdPAI | debug] GetCost: callable returned non-numeric value: null; returning INFINITY
WARNING: [GdPAI] ObjectRef(124621163998): object was freed before callback; returning Nil.
   at: gdplanningai_rust::logger::process_logs (src\logger.rs:66)
   GDScript backtrace (most recent call first):
       [0] _process (res://addons/GdPlanningAI/gdpai_autoload.gd:21)
[GdPAI | debug] GetCost: callable returned non-numeric value: null; returning INFINITY
WARNING: [GdPAI] ObjectRef(1382643928884): object was freed before callback; returning Nil.
   at: gdplanningai_rust::logger::process_logs (src\logger.rs:66)
   GDScript backtrace (most recent call first):
       [0] _process (res://addons/GdPlanningAI/gdpai_autoload.gd:21)
[GdPAI | debug] ApplyEffect [Before] ID=InstanceId(-9223368715418963425): agent props = {"entity": null, "held_item": "", "hunger": 95.0603725}
[GdPAI | debug] ApplyEffect [After] ID=InstanceId(-9223368715418963425): agent props = {"entity": null, "held_item": "", "hunger": 95.0603725}
[GdPAI | debug]   Snapshotting prop: entity = Nil (Variant type: NIL)
[GdPAI | debug]   Snapshotting prop: held_item = Str("") (Variant type: STRING)
[GdPAI | debug]   Snapshotting prop: hunger = Float(95.0603725) (Variant type: FLOAT)
WARNING: [GdPAI] ObjectRef(124621163998): object was freed before callback; returning Nil.
   at: gdplanningai_rust::logger::process_logs (src\logger.rs:66)
   GDScript backtrace (most recent call first):
       [0] _drain_scheduler (res://test/integration/test_campfire_example_smoke.gd:27)
[GdPAI | debug] ApplyEffect [Before] ID=InstanceId(-9223368714747874737): agent props = {"entity": null, "hunger": 70.0627442063492, "held_item": ""}
[GdPAI | debug] ApplyEffect [After] ID=InstanceId(-9223368714747874737): agent props = {"entity": null, "hunger": 70.0627442063492, "held_item": ""}
[GdPAI | debug]   Snapshotting prop: entity = Nil (Variant type: NIL)
[GdPAI | debug]   Snapshotting prop: hunger = Float(70.0627442063492) (Variant type: FLOAT)
[GdPAI | debug]   Snapshotting prop: held_item = Str("") (Variant type: STRING)
WARNING: [GdPAI] ObjectRef(1382643928884): object was freed before callback; returning Nil.
   at: gdplanningai_rust::logger::process_logs (src\logger.rs:66)
   GDScript backtrace (most recent call first):
       [0] _drain_scheduler (res://test/integration/test_campfire_example_smoke.gd:27)
WARNING: [GdPAI] ObjectRef(1382157389614): object was freed before callback; returning Nil.
   at: gdplanningai_rust::logger::process_logs (src\logger.rs:66)
   GDScript backtrace (most recent call first):
       [0] _drain_scheduler (res://test/integration/test_campfire_example_smoke.gd:27)
WARNING: [GdPAI] ObjectRef(1382157389614): object was freed before callback; returning Nil.
   at: gdplanningai_rust::logger::process_logs (src\logger.rs:66)
   GDScript backtrace (most recent call first):
       [0] _drain_scheduler (res://test/integration/test_campfire_example_smoke.gd:27)
[GdPAI | debug] GetCost: callable returned non-numeric value: null; returning INFINITY
WARNING: [GdPAI] ObjectRef(124621163998): object was freed before callback; returning Nil.
   at: gdplanningai_rust::logger::process_logs (src\logger.rs:66)
   GDScript backtrace (most recent call first):
       [0] _process (res://addons/GdPlanningAI/gdpai_autoload.gd:21)
[GdPAI | debug] GetCost: callable returned non-numeric value: null; returning INFINITY
WARNING: [GdPAI] ObjectRef(1382643928884): object was freed before callback; returning Nil.
   at: gdplanningai_rust::logger::process_logs (src\logger.rs:66)
   GDScript backtrace (most recent call first):
       [0] _process (res://addons/GdPlanningAI/gdpai_autoload.gd:21)
WARNING: [GdPAI] ObjectRef(1382157389614): object was freed before callback; returning Nil.
   at: gdplanningai_rust::logger::process_logs (src\logger.rs:66)
   GDScript backtrace (most recent call first):
       [0] _process (res://addons/GdPlanningAI/gdpai_autoload.gd:21)
WARNING: [GdPAI] ObjectRef(1382157389614): object was freed before callback; returning Nil.
   at: gdplanningai_rust::logger::process_logs (src\logger.rs:66)
   GDScript backtrace (most recent call first):
       [0] _process (res://addons/GdPlanningAI/gdpai_autoload.gd:21)
[GdPAI | debug] ApplyEffect [Before] ID=InstanceId(-9223368712818494866): agent props = {"hunger": 95.0603725, "held_item": "", "at_target": null, "entity": null}
[GdPAI | debug] ApplyEffect [After] ID=InstanceId(-9223368712818494866): agent props = {"hunger": 95.0603725, "held_item": "", "at_target": null, "entity": null}
[GdPAI | debug]   Snapshotting prop: hunger = Float(95.0603725) (Variant type: FLOAT)
[GdPAI | debug]   Snapshotting prop: held_item = Str("") (Variant type: STRING)
[GdPAI | debug]   Snapshotting prop: at_target = Nil (Variant type: NIL)
[GdPAI | debug]   Snapshotting prop: entity = Nil (Variant type: NIL)
WARNING: [GdPAI] ObjectRef(124621163998): object was freed before callback; returning Nil.
   at: gdplanningai_rust::logger::process_logs (src\logger.rs:66)
   GDScript backtrace (most recent call first):
       [0] _drain_scheduler (res://test/integration/test_campfire_example_smoke.gd:27)
[GdPAI | debug] ApplyEffect [Before] ID=InstanceId(-9223368712046742912): agent props = {"entity": null, "hunger": 70.0627442063492, "held_item": "wood"}
[GdPAI | debug] ApplyEffect [After] ID=InstanceId(-9223368712046742912): agent props = {"entity": null, "hunger": 70.0627442063492, "held_item": "wood"}
[GdPAI | debug]   Snapshotting prop: entity = Nil (Variant type: NIL)
[GdPAI | debug]   Snapshotting prop: hunger = Float(70.0627442063492) (Variant type: FLOAT)
[GdPAI | debug]   Snapshotting prop: held_item = Str("wood") (Variant type: STRING)
WARNING: [GdPAI] ObjectRef(1382643928884): object was freed before callback; returning Nil.
   at: gdplanningai_rust::logger::process_logs (src\logger.rs:66)
   GDScript backtrace (most recent call first):
       [0] _drain_scheduler (res://test/integration/test_campfire_example_smoke.gd:27)
WARNING: [GdPAI] ObjectRef(1382157389614): object was freed before callback; returning Nil.
   at: gdplanningai_rust::logger::process_logs (src\logger.rs:66)
   GDScript backtrace (most recent call first):
       [0] _drain_scheduler (res://test/integration/test_campfire_example_smoke.gd:27)
WARNING: [GdPAI] ObjectRef(1382157389614): object was freed before callback; returning Nil.
   at: gdplanningai_rust::logger::process_logs (src\logger.rs:66)
   GDScript backtrace (most recent call first):
       [0] _drain_scheduler (res://test/integration/test_campfire_example_smoke.gd:27)
[GdPAI | debug] GetCost: callable returned non-numeric value: null; returning INFINITY
WARNING: [GdPAI] ObjectRef(124621163998): object was freed before callback; returning Nil.
   at: gdplanningai_rust::logger::process_logs (src\logger.rs:66)
   GDScript backtrace (most recent call first):
       [0] _process (res://addons/GdPlanningAI/gdpai_autoload.gd:21)
[GdPAI | debug] GetCost: callable returned non-numeric value: null; returning INFINITY
WARNING: [GdPAI] ObjectRef(1382643928884): object was freed before callback; returning Nil.
   at: gdplanningai_rust::logger::process_logs (src\logger.rs:66)
   GDScript backtrace (most recent call first):
       [0] _process (res://addons/GdPlanningAI/gdpai_autoload.gd:21)
WARNING: [GdPAI] ObjectRef(1382157389614): object was freed before callback; returning Nil.
   at: gdplanningai_rust::logger::process_logs (src\logger.rs:66)
   GDScript backtrace (most recent call first):
       [0] _process (res://addons/GdPlanningAI/gdpai_autoload.gd:21)
WARNING: [GdPAI] ObjectRef(1382157389614): object was freed before callback; returning Nil.
   at: gdplanningai_rust::logger::process_logs (src\logger.rs:66)
   GDScript backtrace (most recent call first):
       [0] _process (res://addons/GdPlanningAI/gdpai_autoload.gd:21)
[GdPAI | debug] ApplyEffect [Before] ID=InstanceId(-9223368710117363086): agent props = {"entity": null, "hunger": 95.0603725, "held_item": "", "at_target": null}
[GdPAI | debug] ApplyEffect [After] ID=InstanceId(-9223368710117363086): agent props = {"entity": null, "hunger": 95.0603725, "held_item": "", "at_target": null}
[GdPAI | debug]   Snapshotting prop: entity = Nil (Variant type: NIL)
[GdPAI | debug]   Snapshotting prop: hunger = Float(95.0603725) (Variant type: FLOAT)
[GdPAI | debug]   Snapshotting prop: held_item = Str("") (Variant type: STRING)
[GdPAI | debug]   Snapshotting prop: at_target = Nil (Variant type: NIL)
WARNING: [GdPAI] ObjectRef(124621163998): object was freed before callback; returning Nil.
   at: gdplanningai_rust::logger::process_logs (src\logger.rs:66)
   GDScript backtrace (most recent call first):
       [0] _drain_scheduler (res://test/integration/test_campfire_example_smoke.gd:27)
[GdPAI | debug] ApplyEffect [Before] ID=InstanceId(-9223368709345611114): agent props = {"entity": null, "held_item": "wood", "hunger": 70.0627442063492}
[GdPAI | debug] ApplyEffect [After] ID=InstanceId(-9223368709345611114): agent props = {"entity": null, "held_item": "wood", "hunger": 70.0627442063492}
[GdPAI | debug]   Snapshotting prop: entity = Nil (Variant type: NIL)
[GdPAI | debug]   Snapshotting prop: held_item = Str("wood") (Variant type: STRING)
[GdPAI | debug]   Snapshotting prop: hunger = Float(70.0627442063492) (Variant type: FLOAT)
WARNING: [GdPAI] ObjectRef(1382643928884): object was freed before callback; returning Nil.
   at: gdplanningai_rust::logger::process_logs (src\logger.rs:66)
   GDScript backtrace (most recent call first):
       [0] _drain_scheduler (res://test/integration/test_campfire_example_smoke.gd:27)
[GdPAI | debug] GetCost: callable returned non-numeric value: null; returning INFINITY
WARNING: [GdPAI] ObjectRef(124621163998): object was freed before callback; returning Nil.
   at: gdplanningai_rust::logger::process_logs (src\logger.rs:66)
   GDScript backtrace (most recent call first):
       [0] _process (res://addons/GdPlanningAI/gdpai_autoload.gd:21)
[GdPAI | debug] GetCost: callable returned non-numeric value: null; returning INFINITY
WARNING: [GdPAI] ObjectRef(1382643928884): object was freed before callback; returning Nil.
   at: gdplanningai_rust::logger::process_logs (src\logger.rs:66)
   GDScript backtrace (most recent call first):
       [0] _process (res://addons/GdPlanningAI/gdpai_autoload.gd:21)
[GdPAI | debug] ApplyEffect [Before] ID=InstanceId(-9223368707516894613): agent props = {"at_target": null, "held_item": "wood", "entity": null, "hunger": 95.0603725}
[GdPAI | debug] ApplyEffect [After] ID=InstanceId(-9223368707516894613): agent props = {"at_target": null, "held_item": "wood", "entity": null, "hunger": 95.0603725}
[GdPAI | debug]   Snapshotting prop: at_target = Nil (Variant type: NIL)
[GdPAI | debug]   Snapshotting prop: held_item = Str("wood") (Variant type: STRING)
[GdPAI | debug]   Snapshotting prop: entity = Nil (Variant type: NIL)
[GdPAI | debug]   Snapshotting prop: hunger = Float(95.0603725) (Variant type: FLOAT)
[GdPAI] A* Iteration: pop node with chain length 4
[GdPAI | debug] find_candidates: Checking 15 actions against 1 preconds and 1 requirements
WARNING: [GdPAI] ObjectRef(124621163998): object was freed before callback; returning Nil.
   at: gdplanningai_rust::logger::process_logs (src\logger.rs:66)
   GDScript backtrace (most recent call first):
       [0] _drain_scheduler (res://test/integration/test_campfire_example_smoke.gd:27)
[GdPAI | debug] ApplyEffect [Before] ID=InstanceId(-9223368706845805905): agent props = {"hunger": 70.0627442063492, "held_item": "wood", "entity": null}
[GdPAI | debug] ApplyEffect [After] ID=InstanceId(-9223368706845805905): agent props = {"hunger": 70.0627442063492, "held_item": "wood", "entity": null}
[GdPAI | debug]   Snapshotting prop: hunger = Float(70.0627442063492) (Variant type: FLOAT)
[GdPAI | debug]   Snapshotting prop: held_item = Str("wood") (Variant type: STRING)
[GdPAI | debug]   Snapshotting prop: entity = Nil (Variant type: NIL)
WARNING: [GdPAI] ObjectRef(1382643928884): object was freed before callback; returning Nil.
   at: gdplanningai_rust::logger::process_logs (src\logger.rs:66)
   GDScript backtrace (most recent call first):
       [0] _drain_scheduler (res://test/integration/test_campfire_example_smoke.gd:27)
WARNING: [GdPAI] ObjectRef(1382643928884): object was freed before callback; returning Nil.
   at: gdplanningai_rust::logger::process_logs (src\logger.rs:66)
   GDScript backtrace (most recent call first):
       [0] _drain_scheduler (res://test/integration/test_campfire_example_smoke.gd:27)
[GdPAI | debug] Discovery: Starting simulation for action Go To
WARNING: [GdPAI] ObjectRef(124621163998): object was freed before callback; returning Nil.
   at: gdplanningai_rust::logger::process_logs (src\logger.rs:66)
   GDScript backtrace (most recent call first):
       [0] _process (res://addons/GdPlanningAI/gdpai_autoload.gd:21)
[GdPAI | debug] GetCost: callable returned non-numeric value: null; returning INFINITY
WARNING: [GdPAI] ObjectRef(1382643928884): object was freed before callback; returning Nil.
   at: gdplanningai_rust::logger::process_logs (src\logger.rs:66)
   GDScript backtrace (most recent call first):
       [0] _process (res://addons/GdPlanningAI/gdpai_autoload.gd:21)
WARNING: [GdPAI] ObjectRef(1382643928884): object was freed before callback; returning Nil.
   at: gdplanningai_rust::logger::process_logs (src\logger.rs:66)
   GDScript backtrace (most recent call first):
       [0] _process (res://addons/GdPlanningAI/gdpai_autoload.gd:21)
[GdPAI | debug] GetCost: callable returned non-numeric value: null; returning INFINITY
WARNING: [GdPAI] ObjectRef(124621163998): object was freed before callback; returning Nil.
   at: gdplanningai_rust::logger::process_logs (src\logger.rs:66)
   GDScript backtrace (most recent call first):
       [0] _drain_scheduler (res://test/integration/test_campfire_example_smoke.gd:27)
[GdPAI | debug] ApplyEffect [Before] ID=InstanceId(-9223368704245337500): agent props = {"entity": null, "hunger": 70.0627442063492, "held_item": "wood"}
[GdPAI | debug] ApplyEffect [After] ID=InstanceId(-9223368704245337500): agent props = {"entity": null, "hunger": 70.0627442063492, "held_item": "wood"}
[GdPAI | debug]   Snapshotting prop: entity = Nil (Variant type: NIL)
[GdPAI | debug]   Snapshotting prop: hunger = Float(70.0627442063492) (Variant type: FLOAT)
[GdPAI | debug]   Snapshotting prop: held_item = Str("wood") (Variant type: STRING)
WARNING: [GdPAI] ObjectRef(1382643928884): object was freed before callback; returning Nil.
   at: gdplanningai_rust::logger::process_logs (src\logger.rs:66)
   GDScript backtrace (most recent call first):
       [0] _drain_scheduler (res://test/integration/test_campfire_example_smoke.gd:27)
WARNING: [GdPAI] ObjectRef(1382643928884): object was freed before callback; returning Nil.
   at: gdplanningai_rust::logger::process_logs (src\logger.rs:66)
   GDScript backtrace (most recent call first):
       [0] _drain_scheduler (res://test/integration/test_campfire_example_smoke.gd:27)
[GdPAI | debug] ApplyEffect [Before] ID=InstanceId(-9223368703674912156): agent props = {"hunger": 95.0603725, "entity": null, "held_item": ""}
[GdPAI | debug] ApplyEffect [After] ID=InstanceId(-9223368703674912156): agent props = {"hunger": 95.0603725, "entity": null, "held_item": ""}
[GdPAI | debug]   Snapshotting prop: hunger = Float(95.0603725) (Variant type: FLOAT)
[GdPAI | debug]   Snapshotting prop: entity = Nil (Variant type: NIL)
[GdPAI | debug]   Snapshotting prop: held_item = Str("") (Variant type: STRING)
[GdPAI | debug] Discovery: Simulation success for Go To. Agent props: {"entity": Nil, "held_item": Str(""), "hunger": Float(95.0603725)}
[GdPAI | debug] Discovery: Action Go To satisfied precond Builtin { target: Agent, operation: Equal, property_name: "held_item", value: Some(Str("")) }
[GdPAI | debug] Found candidate: Go To (satisfied preconds: [0], requirements: [0])
[GdPAI | debug] Discovery: Starting simulation for action Eat Held Food
WARNING: [GdPAI] ObjectRef(124621163998): object was freed before callback; returning Nil.
   at: gdplanningai_rust::logger::process_logs (src\logger.rs:66)
   GDScript backtrace (most recent call first):
       [0] _process (res://addons/GdPlanningAI/gdpai_autoload.gd:21)
WARNING: [GdPAI] ObjectRef(124621163998): object was freed before callback; returning Nil.
   at: gdplanningai_rust::logger::process_logs (src\logger.rs:66)
   GDScript backtrace (most recent call first):
       [0] _process (res://addons/GdPlanningAI/gdpai_autoload.gd:21)
[GdPAI | debug] GetCost: callable returned non-numeric value: null; returning INFINITY
WARNING: [GdPAI] ObjectRef(1382643928884): object was freed before callback; returning Nil.
   at: gdplanningai_rust::logger::process_logs (src\logger.rs:66)
   GDScript backtrace (most recent call first):
       [0] _process (res://addons/GdPlanningAI/gdpai_autoload.gd:21)
WARNING: [GdPAI] ObjectRef(1382643928884): object was freed before callback; returning Nil.
   at: gdplanningai_rust::logger::process_logs (src\logger.rs:66)
   GDScript backtrace (most recent call first):
       [0] _process (res://addons/GdPlanningAI/gdpai_autoload.gd:21)
[GdPAI | debug] GetCost: callable returned non-numeric value: null; returning INFINITY
WARNING: [GdPAI] ObjectRef(124621163998): object was freed before callback; returning Nil.
   at: gdplanningai_rust::logger::process_logs (src\logger.rs:66)
   GDScript backtrace (most recent call first):
       [0] _drain_scheduler (res://test/integration/test_campfire_example_smoke.gd:27)
WARNING: [GdPAI] ObjectRef(124621163998): object was freed before callback; returning Nil.
   at: gdplanningai_rust::logger::process_logs (src\logger.rs:66)
   GDScript backtrace (most recent call first):
       [0] _drain_scheduler (res://test/integration/test_campfire_example_smoke.gd:27)
[GdPAI | debug] ApplyEffect [Before] ID=InstanceId(-9223368701594537299): agent props = {"entity": null, "held_item": "", "hunger": 70.0627442063492}
[GdPAI | debug] ApplyEffect [After] ID=InstanceId(-9223368701594537299): agent props = {"entity": null, "held_item": "", "hunger": 70.0627442063492}
[GdPAI | debug]   Snapshotting prop: entity = Nil (Variant type: NIL)
[GdPAI | debug]   Snapshotting prop: held_item = Str("") (Variant type: STRING)
[GdPAI | debug]   Snapshotting prop: hunger = Float(70.0627442063492) (Variant type: FLOAT)
WARNING: [GdPAI] ObjectRef(1382643928884): object was freed before callback; returning Nil.
   at: gdplanningai_rust::logger::process_logs (src\logger.rs:66)
   GDScript backtrace (most recent call first):
       [0] _drain_scheduler (res://test/integration/test_campfire_example_smoke.gd:27)
WARNING: [GdPAI] ObjectRef(1382643928884): object was freed before callback; returning Nil.
   at: gdplanningai_rust::logger::process_logs (src\logger.rs:66)
   GDScript backtrace (most recent call first):
       [0] _drain_scheduler (res://test/integration/test_campfire_example_smoke.gd:27)
[GdPAI | debug] ApplyEffect [Before] ID=InstanceId(-9223368701024111955): agent props = {"hunger": 95.0603725, "held_item": "", "entity": null}
[GdPAI | debug] ApplyEffect [After] ID=InstanceId(-9223368701024111955): agent props = {"hunger": 95.0603725, "held_item": "", "entity": null}
[GdPAI | debug]   Snapshotting prop: hunger = Float(95.0603725) (Variant type: FLOAT)
[GdPAI | debug]   Snapshotting prop: held_item = Str("") (Variant type: STRING)
[GdPAI | debug]   Snapshotting prop: entity = Nil (Variant type: NIL)
[GdPAI | debug] Discovery: Simulation success for Eat Held Food. Agent props: {"hunger": Float(95.0603725), "held_item": Str(""), "entity": Nil}
[GdPAI | debug] Discovery: Action Eat Held Food satisfied precond Builtin { target: Agent, operation: Equal, property_name: "held_item", value: Some(Str("")) }
[GdPAI | debug] Found candidate: Eat Held Food (satisfied preconds: [0], requirements: [])
WARNING: [GdPAI] ObjectRef(124621163998): object was freed before callback; returning Nil.
   at: gdplanningai_rust::logger::process_logs (src\logger.rs:66)
   GDScript backtrace (most recent call first):
       [0] _process (res://addons/GdPlanningAI/gdpai_autoload.gd:21)
[GdPAI | debug] GetCost: callable returned non-numeric value: null; returning INFINITY
WARNING: [GdPAI] ObjectRef(1382643928884): object was freed before callback; returning Nil.
   at: gdplanningai_rust::logger::process_logs (src\logger.rs:66)
   GDScript backtrace (most recent call first):
       [0] _process (res://addons/GdPlanningAI/gdpai_autoload.gd:21)
WARNING: [GdPAI] ObjectRef(1382643928884): object was freed before callback; returning Nil.
   at: gdplanningai_rust::logger::process_logs (src\logger.rs:66)
   GDScript backtrace (most recent call first):
       [0] _process (res://addons/GdPlanningAI/gdpai_autoload.gd:21)
[GdPAI | debug] Discovery: Starting simulation for action Go To
WARNING: [GdPAI] ObjectRef(124621163998): object was freed before callback; returning Nil.
   at: gdplanningai_rust::logger::process_logs (src\logger.rs:66)
   GDScript backtrace (most recent call first):
       [0] _drain_scheduler (res://test/integration/test_campfire_example_smoke.gd:27)
[GdPAI | debug] ApplyEffect [Before] ID=InstanceId(-9223368698943737108): agent props = {"entity": null, "hunger": 70.0627442063492, "held_item": ""}
[GdPAI | debug] ApplyEffect [After] ID=InstanceId(-9223368698943737108): agent props = {"entity": null, "hunger": 70.0627442063492, "held_item": ""}
[GdPAI | debug]   Snapshotting prop: entity = Nil (Variant type: NIL)
[GdPAI | debug]   Snapshotting prop: hunger = Float(70.0627442063492) (Variant type: FLOAT)
[GdPAI | debug]   Snapshotting prop: held_item = Str("") (Variant type: STRING)
WARNING: [GdPAI] ObjectRef(1382643928884): object was freed before callback; returning Nil.
   at: gdplanningai_rust::logger::process_logs (src\logger.rs:66)
   GDScript backtrace (most recent call first):
       [0] _drain_scheduler (res://test/integration/test_campfire_example_smoke.gd:27)
WARNING: [GdPAI] ObjectRef(1382643928884): object was freed before callback; returning Nil.
   at: gdplanningai_rust::logger::process_logs (src\logger.rs:66)
   GDScript backtrace (most recent call first):
       [0] _drain_scheduler (res://test/integration/test_campfire_example_smoke.gd:27)
[GdPAI | debug] GetCost: callable returned non-numeric value: null; returning INFINITY
WARNING: [GdPAI] ObjectRef(124621163998): object was freed before callback; returning Nil.
   at: gdplanningai_rust::logger::process_logs (src\logger.rs:66)
   GDScript backtrace (most recent call first):
       [0] _process (res://addons/GdPlanningAI/gdpai_autoload.gd:21)
[GdPAI | debug] GetCost: callable returned non-numeric value: null; returning INFINITY
WARNING: [GdPAI] ObjectRef(1382643928884): object was freed before callback; returning Nil.
   at: gdplanningai_rust::logger::process_logs (src\logger.rs:66)
   GDScript backtrace (most recent call first):
       [0] _process (res://addons/GdPlanningAI/gdpai_autoload.gd:21)
WARNING: [GdPAI] ObjectRef(1382643928884): object was freed before callback; returning Nil.
   at: gdplanningai_rust::logger::process_logs (src\logger.rs:66)
   GDScript backtrace (most recent call first):
       [0] _process (res://addons/GdPlanningAI/gdpai_autoload.gd:21)
[GdPAI | debug] ApplyEffect [Before] ID=InstanceId(-9223368697064688940): agent props = {"entity": null, "hunger": 95.0603725, "held_item": ""}
[GdPAI | debug] ApplyEffect [After] ID=InstanceId(-9223368697064688940): agent props = {"entity": null, "hunger": 95.0603725, "held_item": ""}
[GdPAI | debug]   Snapshotting prop: entity = Nil (Variant type: NIL)
[GdPAI | debug]   Snapshotting prop: hunger = Float(95.0603725) (Variant type: FLOAT)
[GdPAI | debug]   Snapshotting prop: held_item = Str("") (Variant type: STRING)
[GdPAI | debug] Discovery: Simulation success for Go To. Agent props: {"hunger": Float(95.0603725), "held_item": Str(""), "entity": Nil}
[GdPAI | debug] Discovery: Action Go To satisfied precond Builtin { target: Agent, operation: Equal, property_name: "held_item", value: Some(Str("")) }
[GdPAI | debug] Found candidate: Go To (satisfied preconds: [0], requirements: [0])
[GdPAI | debug] Discovery: Starting simulation for action Drop Item
WARNING: [GdPAI] ObjectRef(124621163998): object was freed before callback; returning Nil.
   at: gdplanningai_rust::logger::process_logs (src\logger.rs:66)
   GDScript backtrace (most recent call first):
       [0] _drain_scheduler (res://test/integration/test_campfire_example_smoke.gd:27)
[GdPAI | debug] ApplyEffect [Before] ID=InstanceId(-9223368696343268617): agent props = {"held_item": "wood", "entity": null, "hunger": 70.0627442063492}
[GdPAI | debug] ApplyEffect [After] ID=InstanceId(-9223368696343268617): agent props = {"held_item": "wood", "entity": null, "hunger": 70.0627442063492}
[GdPAI | debug]   Snapshotting prop: held_item = Str("wood") (Variant type: STRING)
[GdPAI | debug]   Snapshotting prop: entity = Nil (Variant type: NIL)
[GdPAI | debug]   Snapshotting prop: hunger = Float(70.0627442063492) (Variant type: FLOAT)
WARNING: [GdPAI] ObjectRef(1382643928884): object was freed before callback; returning Nil.
   at: gdplanningai_rust::logger::process_logs (src\logger.rs:66)
   GDScript backtrace (most recent call first):
       [0] _drain_scheduler (res://test/integration/test_campfire_example_smoke.gd:27)
WARNING: [GdPAI] ObjectRef(1382643928884): object was freed before callback; returning Nil.
   at: gdplanningai_rust::logger::process_logs (src\logger.rs:66)
   GDScript backtrace (most recent call first):
       [0] _drain_scheduler (res://test/integration/test_campfire_example_smoke.gd:27)
[GdPAI | debug] GetCost: callable returned non-numeric value: null; returning INFINITY
WARNING: [GdPAI] ObjectRef(124621163998): object was freed before callback; returning Nil.
   at: gdplanningai_rust::logger::process_logs (src\logger.rs:66)
   GDScript backtrace (most recent call first):
       [0] _process (res://addons/GdPlanningAI/gdpai_autoload.gd:21)
[GdPAI | debug] GetCost: callable returned non-numeric value: null; returning INFINITY
WARNING: [GdPAI] ObjectRef(1382643928884): object was freed before callback; returning Nil.
   at: gdplanningai_rust::logger::process_logs (src\logger.rs:66)
   GDScript backtrace (most recent call first):
       [0] _process (res://addons/GdPlanningAI/gdpai_autoload.gd:21)
WARNING: [GdPAI] ObjectRef(1382643928884): object was freed before callback; returning Nil.
   at: gdplanningai_rust::logger::process_logs (src\logger.rs:66)
   GDScript backtrace (most recent call first):
       [0] _process (res://addons/GdPlanningAI/gdpai_autoload.gd:21)
[GdPAI | debug] ApplyEffect [Before] ID=InstanceId(-9223368694464220434): agent props = {"entity": null, "held_item": "", "hunger": 95.0603725}
[GdPAI | debug] ApplyEffect [After] ID=InstanceId(-9223368694464220434): agent props = {"entity": null, "held_item": "", "hunger": 95.0603725}
[GdPAI | debug]   Snapshotting prop: entity = Nil (Variant type: NIL)
[GdPAI | debug]   Snapshotting prop: held_item = Str("") (Variant type: STRING)
[GdPAI | debug]   Snapshotting prop: hunger = Float(95.0603725) (Variant type: FLOAT)
[GdPAI | debug] Discovery: Simulation success for Drop Item. Agent props: {"held_item": Str(""), "hunger": Float(95.0603725), "entity": Nil}
[GdPAI | debug] Discovery: Action Drop Item satisfied precond Builtin { target: Agent, operation: Equal, property_name: "held_item", value: Some(Str("")) }
[GdPAI | debug] Found candidate: Drop Item (satisfied preconds: [0], requirements: [])
[GdPAI | debug] Discovery: Starting simulation for action Add Fuel
WARNING: [GdPAI] ObjectRef(124621163998): object was freed before callback; returning Nil.
   at: gdplanningai_rust::logger::process_logs (src\logger.rs:66)
   GDScript backtrace (most recent call first):
       [0] _drain_scheduler (res://test/integration/test_campfire_example_smoke.gd:27)
[GdPAI | debug] ApplyEffect [Before] ID=InstanceId(-9223368693742800157): agent props = {"held_item": "wood", "entity": null, "hunger": 70.0627442063492}
[GdPAI | debug] ApplyEffect [After] ID=InstanceId(-9223368693742800157): agent props = {"held_item": "wood", "entity": null, "hunger": 70.0627442063492}
[GdPAI | debug]   Snapshotting prop: held_item = Str("wood") (Variant type: STRING)
[GdPAI | debug]   Snapshotting prop: entity = Nil (Variant type: NIL)
[GdPAI | debug]   Snapshotting prop: hunger = Float(70.0627442063492) (Variant type: FLOAT)
WARNING: [GdPAI] ObjectRef(1382643928884): object was freed before callback; returning Nil.
   at: gdplanningai_rust::logger::process_logs (src\logger.rs:66)
   GDScript backtrace (most recent call first):
       [0] _drain_scheduler (res://test/integration/test_campfire_example_smoke.gd:27)
WARNING: [GdPAI] ObjectRef(1382643928884): object was freed before callback; returning Nil.
   at: gdplanningai_rust::logger::process_logs (src\logger.rs:66)
   GDScript backtrace (most recent call first):
       [0] _drain_scheduler (res://test/integration/test_campfire_example_smoke.gd:27)
[GdPAI | debug] GetCost: callable returned non-numeric value: null; returning INFINITY
WARNING: [GdPAI] ObjectRef(124621163998): object was freed before callback; returning Nil.
   at: gdplanningai_rust::logger::process_logs (src\logger.rs:66)
   GDScript backtrace (most recent call first):
       [0] _process (res://addons/GdPlanningAI/gdpai_autoload.gd:21)
[GdPAI | debug] GetCost: callable returned non-numeric value: null; returning INFINITY
WARNING: [GdPAI] ObjectRef(1382643928884): object was freed before callback; returning Nil.
   at: gdplanningai_rust::logger::process_logs (src\logger.rs:66)
   GDScript backtrace (most recent call first):
       [0] _process (res://addons/GdPlanningAI/gdpai_autoload.gd:21)
WARNING: [GdPAI] ObjectRef(1382643928884): object was freed before callback; returning Nil.
   at: gdplanningai_rust::logger::process_logs (src\logger.rs:66)
   GDScript backtrace (most recent call first):
       [0] _process (res://addons/GdPlanningAI/gdpai_autoload.gd:21)
[GdPAI | debug] ApplyEffect [Before] ID=InstanceId(-9223368691863751941): agent props = {"entity": null, "held_item": "wood", "hunger": 95.0603725}
[GdPAI | debug] ApplyEffect [After] ID=InstanceId(-9223368691863751941): agent props = {"entity": null, "held_item": "wood", "hunger": 95.0603725}
[GdPAI | debug]   Snapshotting prop: entity = Nil (Variant type: NIL)
[GdPAI | debug]   Snapshotting prop: held_item = Str("wood") (Variant type: STRING)
[GdPAI | debug]   Snapshotting prop: hunger = Float(95.0603725) (Variant type: FLOAT)
[GdPAI | debug] Discovery: Simulation success for Add Fuel. Agent props: {"entity": Nil, "hunger": Float(95.0603725), "held_item": Str("wood")}
[GdPAI | debug] Discovery: Action Add Fuel did NOT satisfy precond Builtin { target: Agent, operation: Equal, property_name: "held_item", value: Some(Str("")) }
WARNING: [GdPAI] ObjectRef(124621163998): object was freed before callback; returning Nil.
   at: gdplanningai_rust::logger::process_logs (src\logger.rs:66)
   GDScript backtrace (most recent call first):
       [0] _drain_scheduler (res://test/integration/test_campfire_example_smoke.gd:27)
[GdPAI | debug] ApplyEffect [Before] ID=InstanceId(-9223368691142331622): agent props = {"held_item": "wood", "entity": null, "hunger": 70.0627442063492}
[GdPAI | debug] ApplyEffect [After] ID=InstanceId(-9223368691142331622): agent props = {"held_item": "wood", "entity": null, "hunger": 70.0627442063492}
[GdPAI | debug]   Snapshotting prop: held_item = Str("wood") (Variant type: STRING)
[GdPAI | debug]   Snapshotting prop: entity = Nil (Variant type: NIL)
[GdPAI | debug]   Snapshotting prop: hunger = Float(70.0627442063492) (Variant type: FLOAT)
WARNING: [GdPAI] ObjectRef(1382643928884): object was freed before callback; returning Nil.
   at: gdplanningai_rust::logger::process_logs (src\logger.rs:66)
   GDScript backtrace (most recent call first):
       [0] _drain_scheduler (res://test/integration/test_campfire_example_smoke.gd:27)
WARNING: [GdPAI] ObjectRef(1382643928884): object was freed before callback; returning Nil.
   at: gdplanningai_rust::logger::process_logs (src\logger.rs:66)
   GDScript backtrace (most recent call first):
       [0] _drain_scheduler (res://test/integration/test_campfire_example_smoke.gd:27)
[GdPAI | debug] Discovery: Action Cook Potato failed validity check, skipping
[GdPAI | debug] Discovery: Starting simulation for action Pick Up Wood
WARNING: [GdPAI] ObjectRef(124621163998): object was freed before callback; returning Nil.
   at: gdplanningai_rust::logger::process_logs (src\logger.rs:66)
   GDScript backtrace (most recent call first):
       [0] _process (res://addons/GdPlanningAI/gdpai_autoload.gd:21)
[GdPAI | debug] GetCost: callable returned non-numeric value: null; returning INFINITY
WARNING: [GdPAI] ObjectRef(1382643928884): object was freed before callback; returning Nil.
   at: gdplanningai_rust::logger::process_logs (src\logger.rs:66)
   GDScript backtrace (most recent call first):
       [0] _process (res://addons/GdPlanningAI/gdpai_autoload.gd:21)
WARNING: [GdPAI] ObjectRef(1382643928884): object was freed before callback; returning Nil.
   at: gdplanningai_rust::logger::process_logs (src\logger.rs:66)
   GDScript backtrace (most recent call first):
       [0] _process (res://addons/GdPlanningAI/gdpai_autoload.gd:21)
[GdPAI | debug] GetCost: callable returned non-numeric value: null; returning INFINITY
WARNING: [GdPAI] ObjectRef(124621163998): object was freed before callback; returning Nil.
   at: gdplanningai_rust::logger::process_logs (src\logger.rs:66)
   GDScript backtrace (most recent call first):
       [0] _drain_scheduler (res://test/integration/test_campfire_example_smoke.gd:27)
[GdPAI | debug] ApplyEffect [Before] ID=InstanceId(-9223368688541863158): agent props = {"hunger": 70.0627442063492, "held_item": "wood", "entity": null}
[GdPAI | debug] ApplyEffect [After] ID=InstanceId(-9223368688541863158): agent props = {"hunger": 70.0627442063492, "held_item": "wood", "entity": null}
[GdPAI | debug]   Snapshotting prop: hunger = Float(70.0627442063492) (Variant type: FLOAT)
[GdPAI | debug]   Snapshotting prop: held_item = Str("wood") (Variant type: STRING)
[GdPAI | debug]   Snapshotting prop: entity = Nil (Variant type: NIL)
WARNING: [GdPAI] ObjectRef(1382643928884): object was freed before callback; returning Nil.
   at: gdplanningai_rust::logger::process_logs (src\logger.rs:66)
   GDScript backtrace (most recent call first):
       [0] _drain_scheduler (res://test/integration/test_campfire_example_smoke.gd:27)
WARNING: [GdPAI] ObjectRef(1382643928884): object was freed before callback; returning Nil.
   at: gdplanningai_rust::logger::process_logs (src\logger.rs:66)
   GDScript backtrace (most recent call first):
       [0] _drain_scheduler (res://test/integration/test_campfire_example_smoke.gd:27)
[GdPAI | debug] ApplyEffect [Before] ID=InstanceId(-9223368687971437814): agent props = {"held_item": "", "entity": null, "hunger": 95.0603725}
[GdPAI | debug] ApplyEffect [After] ID=InstanceId(-9223368687971437814): agent props = {"held_item": "", "entity": null, "hunger": 95.0603725}
[GdPAI | debug]   Snapshotting prop: held_item = Str("") (Variant type: STRING)
[GdPAI | debug]   Snapshotting prop: entity = Nil (Variant type: NIL)
[GdPAI | debug]   Snapshotting prop: hunger = Float(95.0603725) (Variant type: FLOAT)
[GdPAI | debug] Discovery: Simulation success for Pick Up Wood. Agent props: {"hunger": Float(95.0603725), "held_item": Str(""), "entity": Nil}
[GdPAI | debug] Discovery: Action Pick Up Wood satisfied precond Builtin { target: Agent, operation: Equal, property_name: "held_item", value: Some(Str("")) }
[GdPAI | debug] Found candidate: Pick Up Wood (satisfied preconds: [0], requirements: [])
[GdPAI] A* Iteration: pop node with chain length 5
[GdPAI | debug] find_candidates: Checking 15 actions against 1 preconds and 4 requirements
[GdPAI | debug] Discovery: Starting simulation for action Pick Up Wood
WARNING: [GdPAI] ObjectRef(124621163998): object was freed before callback; returning Nil.
   at: gdplanningai_rust::logger::process_logs (src\logger.rs:66)
   GDScript backtrace (most recent call first):
       [0] _process (res://addons/GdPlanningAI/gdpai_autoload.gd:21)
WARNING: [GdPAI] ObjectRef(124621163998): object was freed before callback; returning Nil.
   at: gdplanningai_rust::logger::process_logs (src\logger.rs:66)
   GDScript backtrace (most recent call first):
       [0] _process (res://addons/GdPlanningAI/gdpai_autoload.gd:21)
WARNING: [GdPAI] ObjectRef(1382643928884): object was freed before callback; returning Nil.
   at: gdplanningai_rust::logger::process_logs (src\logger.rs:66)
   GDScript backtrace (most recent call first):
       [0] _process (res://addons/GdPlanningAI/gdpai_autoload.gd:21)
[GdPAI | debug] Discovery: Starting simulation for action Go To
WARNING: [GdPAI] ObjectRef(1382643928884): object was freed before callback; returning Nil.
   at: gdplanningai_rust::logger::process_logs (src\logger.rs:66)
   GDScript backtrace (most recent call first):
       [0] _process (res://addons/GdPlanningAI/gdpai_autoload.gd:21)
[GdPAI | debug] GetCost: callable returned non-numeric value: null; returning INFINITY
WARNING: [GdPAI] ObjectRef(124621163998): object was freed before callback; returning Nil.
   at: gdplanningai_rust::logger::process_logs (src\logger.rs:66)
   GDScript backtrace (most recent call first):
       [0] _drain_scheduler (res://test/integration/test_campfire_example_smoke.gd:27)
WARNING: [GdPAI] ObjectRef(124621163998): object was freed before callback; returning Nil.
   at: gdplanningai_rust::logger::process_logs (src\logger.rs:66)
   GDScript backtrace (most recent call first):
       [0] _drain_scheduler (res://test/integration/test_campfire_example_smoke.gd:27)
[GdPAI | debug] GetCost: callable returned non-numeric value: null; returning INFINITY
WARNING: [GdPAI] ObjectRef(1382643928884): object was freed before callback; returning Nil.
   at: gdplanningai_rust::logger::process_logs (src\logger.rs:66)
   GDScript backtrace (most recent call first):
       [0] _drain_scheduler (res://test/integration/test_campfire_example_smoke.gd:27)
WARNING: [GdPAI] ObjectRef(1382643928884): object was freed before callback; returning Nil.
   at: gdplanningai_rust::logger::process_logs (src\logger.rs:66)
   GDScript backtrace (most recent call first):
       [0] _drain_scheduler (res://test/integration/test_campfire_example_smoke.gd:27)
[GdPAI | debug] ApplyEffect [Before] ID=InstanceId(-9223368685320637630): agent props = {"held_item": "", "hunger": 95.0603725, "entity": null}
[GdPAI | debug] ApplyEffect [After] ID=InstanceId(-9223368685320637630): agent props = {"held_item": "", "hunger": 95.0603725, "entity": null}
[GdPAI | debug]   Snapshotting prop: held_item = Str("") (Variant type: STRING)
[GdPAI | debug]   Snapshotting prop: hunger = Float(95.0603725) (Variant type: FLOAT)
[GdPAI | debug]   Snapshotting prop: entity = Nil (Variant type: NIL)
[GdPAI | debug] Discovery: Simulation success for Pick Up Wood. Agent props: {"entity": Nil, "hunger": Float(95.0603725), "held_item": Str("")}
[GdPAI | debug] Discovery: Action Pick Up Wood satisfied precond Builtin { target: Agent, operation: Equal, property_name: "held_item", value: Some(Str("")) }
[GdPAI | debug] Found candidate: Pick Up Wood (satisfied preconds: [0], requirements: [])
[GdPAI | debug] Discovery: Starting simulation for action Pick Up Wood
WARNING: [GdPAI] ObjectRef(124621163998): object was freed before callback; returning Nil.
   at: gdplanningai_rust::logger::process_logs (src\logger.rs:66)
   GDScript backtrace (most recent call first):
       [0] _process (res://addons/GdPlanningAI/gdpai_autoload.gd:21)
WARNING: [GdPAI] ObjectRef(124621163998): object was freed before callback; returning Nil.
   at: gdplanningai_rust::logger::process_logs (src\logger.rs:66)
   GDScript backtrace (most recent call first):
       [0] _process (res://addons/GdPlanningAI/gdpai_autoload.gd:21)
[GdPAI | debug] ApplyEffect [Before] ID=InstanceId(-9223368684532108483): agent props = {"held_item": "", "entity": null, "hunger": 70.0627442063492}
[GdPAI | debug] ApplyEffect [After] ID=InstanceId(-9223368684532108483): agent props = {"held_item": "", "entity": null, "hunger": 70.0627442063492}
[GdPAI | debug]   Snapshotting prop: held_item = Str("") (Variant type: STRING)
[GdPAI | debug]   Snapshotting prop: entity = Nil (Variant type: NIL)
[GdPAI | debug]   Snapshotting prop: hunger = Float(70.0627442063492) (Variant type: FLOAT)
WARNING: [GdPAI] ObjectRef(1382643928884): object was freed before callback; returning Nil.
   at: gdplanningai_rust::logger::process_logs (src\logger.rs:66)
   GDScript backtrace (most recent call first):
       [0] _process (res://addons/GdPlanningAI/gdpai_autoload.gd:21)
[GdPAI | debug] Discovery: Simulation success for Go To. Agent props: {"held_item": Str(""), "hunger": Float(70.0627442063492), "entity": Nil}
[GdPAI | debug] Discovery: Action Go To satisfied precond Builtin { target: Agent, operation: Equal, property_name: "held_item", value: Some(Str("")) }
[GdPAI | debug] Found candidate: Go To (satisfied preconds: [0], requirements: [0, 1, 2, 3])
WARNING: [GdPAI] ObjectRef(1382643928884): object was freed before callback; returning Nil.
   at: gdplanningai_rust::logger::process_logs (src\logger.rs:66)
   GDScript backtrace (most recent call first):
       [0] _process (res://addons/GdPlanningAI/gdpai_autoload.gd:21)
[GdPAI | debug] GetCost: callable returned non-numeric value: null; returning INFINITY
[GdPAI | debug] Discovery: Starting simulation for action Eat Held Food
WARNING: [GdPAI] ObjectRef(124621163998): object was freed before callback; returning Nil.
   at: gdplanningai_rust::logger::process_logs (src\logger.rs:66)
   GDScript backtrace (most recent call first):
       [0] _drain_scheduler (res://test/integration/test_campfire_example_smoke.gd:27)
WARNING: [GdPAI] ObjectRef(124621163998): object was freed before callback; returning Nil.
   at: gdplanningai_rust::logger::process_logs (src\logger.rs:66)
   GDScript backtrace (most recent call first):
       [0] _drain_scheduler (res://test/integration/test_campfire_example_smoke.gd:27)
[GdPAI | debug] GetCost: callable returned non-numeric value: null; returning INFINITY
WARNING: [GdPAI] ObjectRef(1382643928884): object was freed before callback; returning Nil.
   at: gdplanningai_rust::logger::process_logs (src\logger.rs:66)
   GDScript backtrace (most recent call first):
       [0] _drain_scheduler (res://test/integration/test_campfire_example_smoke.gd:27)
WARNING: [GdPAI] ObjectRef(1382643928884): object was freed before callback; returning Nil.
   at: gdplanningai_rust::logger::process_logs (src\logger.rs:66)
   GDScript backtrace (most recent call first):
       [0] _drain_scheduler (res://test/integration/test_campfire_example_smoke.gd:27)
[GdPAI | debug] ApplyEffect [Before] ID=InstanceId(-9223368682619505888): agent props = {"entity": null, "held_item": "", "hunger": 95.0603725}
[GdPAI | debug] ApplyEffect [After] ID=InstanceId(-9223368682619505888): agent props = {"entity": null, "held_item": "", "hunger": 95.0603725}
[GdPAI | debug]   Snapshotting prop: entity = Nil (Variant type: NIL)
[GdPAI | debug]   Snapshotting prop: held_item = Str("") (Variant type: STRING)
[GdPAI | debug]   Snapshotting prop: hunger = Float(95.0603725) (Variant type: FLOAT)
[GdPAI | debug] Discovery: Simulation success for Pick Up Wood. Agent props: {"entity": Nil, "hunger": Float(95.0603725), "held_item": Str("")}
[GdPAI | debug] Discovery: Action Pick Up Wood satisfied precond Builtin { target: Agent, operation: Equal, property_name: "held_item", value: Some(Str("")) }
[GdPAI | debug] Found candidate: Pick Up Wood (satisfied preconds: [0], requirements: [])
[GdPAI | debug] Discovery: Starting simulation for action Pick Up Wood
WARNING: [GdPAI] ObjectRef(124621163998): object was freed before callback; returning Nil.
   at: gdplanningai_rust::logger::process_logs (src\logger.rs:66)
   GDScript backtrace (most recent call first):
       [0] _process (res://addons/GdPlanningAI/gdpai_autoload.gd:21)
WARNING: [GdPAI] ObjectRef(124621163998): object was freed before callback; returning Nil.
   at: gdplanningai_rust::logger::process_logs (src\logger.rs:66)
   GDScript backtrace (most recent call first):
       [0] _process (res://addons/GdPlanningAI/gdpai_autoload.gd:21)
[GdPAI | debug] ApplyEffect [Before] ID=InstanceId(-9223368681830976692): agent props = {"entity": null, "hunger": 70.0627442063492, "held_item": ""}
[GdPAI | debug] ApplyEffect [After] ID=InstanceId(-9223368681830976692): agent props = {"entity": null, "hunger": 70.0627442063492, "held_item": ""}
[GdPAI | debug]   Snapshotting prop: entity = Nil (Variant type: NIL)
[GdPAI | debug]   Snapshotting prop: hunger = Float(70.0627442063492) (Variant type: FLOAT)
[GdPAI | debug]   Snapshotting prop: held_item = Str("") (Variant type: STRING)
WARNING: [GdPAI] ObjectRef(1382643928884): object was freed before callback; returning Nil.
   at: gdplanningai_rust::logger::process_logs (src\logger.rs:66)
   GDScript backtrace (most recent call first):
       [0] _process (res://addons/GdPlanningAI/gdpai_autoload.gd:21)
[GdPAI | debug] Discovery: Simulation success for Eat Held Food. Agent props: {"held_item": Str(""), "hunger": Float(70.0627442063492), "entity": Nil}
[GdPAI | debug] Discovery: Action Eat Held Food satisfied precond Builtin { target: Agent, operation: Equal, property_name: "held_item", value: Some(Str("")) }
[GdPAI | debug] Found candidate: Eat Held Food (satisfied preconds: [0], requirements: [])
WARNING: [GdPAI] ObjectRef(1382643928884): object was freed before callback; returning Nil.
   at: gdplanningai_rust::logger::process_logs (src\logger.rs:66)
   GDScript backtrace (most recent call first):
       [0] _process (res://addons/GdPlanningAI/gdpai_autoload.gd:21)
[GdPAI | debug] GetCost: callable returned non-numeric value: null; returning INFINITY
WARNING: [GdPAI] ObjectRef(124621163998): object was freed before callback; returning Nil.
   at: gdplanningai_rust::logger::process_logs (src\logger.rs:66)
   GDScript backtrace (most recent call first):
       [0] _drain_scheduler (res://test/integration/test_campfire_example_smoke.gd:27)
WARNING: [GdPAI] ObjectRef(124621163998): object was freed before callback; returning Nil.
   at: gdplanningai_rust::logger::process_logs (src\logger.rs:66)
   GDScript backtrace (most recent call first):
       [0] _drain_scheduler (res://test/integration/test_campfire_example_smoke.gd:27)
WARNING: [GdPAI] ObjectRef(1382643928884): object was freed before callback; returning Nil.
   at: gdplanningai_rust::logger::process_logs (src\logger.rs:66)
   GDScript backtrace (most recent call first):
       [0] _drain_scheduler (res://test/integration/test_campfire_example_smoke.gd:27)
[GdPAI | debug] Discovery: Starting simulation for action Go To
WARNING: [GdPAI] ObjectRef(1382643928884): object was freed before callback; returning Nil.
   at: gdplanningai_rust::logger::process_logs (src\logger.rs:66)
   GDScript backtrace (most recent call first):
       [0] _drain_scheduler (res://test/integration/test_campfire_example_smoke.gd:27)
[GdPAI | debug] ApplyEffect [Before] ID=InstanceId(-9223368679918374034): agent props = {"hunger": 95.0603725, "entity": null, "held_item": ""}
[GdPAI | debug] ApplyEffect [After] ID=InstanceId(-9223368679918374034): agent props = {"hunger": 95.0603725, "entity": null, "held_item": ""}
[GdPAI | debug]   Snapshotting prop: hunger = Float(95.0603725) (Variant type: FLOAT)
[GdPAI | debug]   Snapshotting prop: entity = Nil (Variant type: NIL)
[GdPAI | debug]   Snapshotting prop: held_item = Str("") (Variant type: STRING)
[GdPAI | debug] Discovery: Simulation success for Pick Up Wood. Agent props: {"held_item": Str(""), "entity": Nil, "hunger": Float(95.0603725)}
[GdPAI | debug] Discovery: Action Pick Up Wood satisfied precond Builtin { target: Agent, operation: Equal, property_name: "held_item", value: Some(Str("")) }
[GdPAI | debug] Found candidate: Pick Up Wood (satisfied preconds: [0], requirements: [])
WARNING: [GdPAI] ObjectRef(124621163998): object was freed before callback; returning Nil.
   at: gdplanningai_rust::logger::process_logs (src\logger.rs:66)
   GDScript backtrace (most recent call first):
       [0] _process (res://addons/GdPlanningAI/gdpai_autoload.gd:21)
WARNING: [GdPAI] ObjectRef(124621163998): object was freed before callback; returning Nil.
   at: gdplanningai_rust::logger::process_logs (src\logger.rs:66)
   GDScript backtrace (most recent call first):
       [0] _process (res://addons/GdPlanningAI/gdpai_autoload.gd:21)
[GdPAI | debug] GetCost: callable returned non-numeric value: null; returning INFINITY
WARNING: [GdPAI] ObjectRef(1382643928884): object was freed before callback; returning Nil.
   at: gdplanningai_rust::logger::process_logs (src\logger.rs:66)
   GDScript backtrace (most recent call first):
       [0] _process (res://addons/GdPlanningAI/gdpai_autoload.gd:21)
WARNING: [GdPAI] ObjectRef(1382643928884): object was freed before callback; returning Nil.
   at: gdplanningai_rust::logger::process_logs (src\logger.rs:66)
   GDScript backtrace (most recent call first):
       [0] _process (res://addons/GdPlanningAI/gdpai_autoload.gd:21)
[GdPAI | debug] Discovery: Action Dig Potato failed validity check, skipping
WARNING: [GdPAI] ObjectRef(124621163998): object was freed before callback; returning Nil.
   at: gdplanningai_rust::logger::process_logs (src\logger.rs:66)
   GDScript backtrace (most recent call first):
       [0] _drain_scheduler (res://test/integration/test_campfire_example_smoke.gd:27)
WARNING: [GdPAI] ObjectRef(124621163998): object was freed before callback; returning Nil.
   at: gdplanningai_rust::logger::process_logs (src\logger.rs:66)
   GDScript backtrace (most recent call first):
       [0] _drain_scheduler (res://test/integration/test_campfire_example_smoke.gd:27)
[GdPAI | debug] ApplyEffect [Before] ID=InstanceId(-9223368677787667599): agent props = {"entity": null, "held_item": "", "hunger": 70.0627442063492}
[GdPAI | debug] ApplyEffect [After] ID=InstanceId(-9223368677787667599): agent props = {"entity": null, "held_item": "", "hunger": 70.0627442063492}
[GdPAI | debug]   Snapshotting prop: entity = Nil (Variant type: NIL)
[GdPAI | debug]   Snapshotting prop: held_item = Str("") (Variant type: STRING)
[GdPAI | debug]   Snapshotting prop: hunger = Float(70.0627442063492) (Variant type: FLOAT)
WARNING: [GdPAI] ObjectRef(1382643928884): object was freed before callback; returning Nil.
   at: gdplanningai_rust::logger::process_logs (src\logger.rs:66)
   GDScript backtrace (most recent call first):
       [0] _drain_scheduler (res://test/integration/test_campfire_example_smoke.gd:27)
[GdPAI | debug] Discovery: Simulation success for Go To. Agent props: {"entity": Nil, "held_item": Str(""), "hunger": Float(70.0627442063492)}
[GdPAI | debug] Discovery: Action Go To satisfied precond Builtin { target: Agent, operation: Equal, property_name: "held_item", value: Some(Str("")) }
[GdPAI | debug] Found candidate: Go To (satisfied preconds: [0], requirements: [0, 1, 2, 3])
WARNING: [GdPAI] ObjectRef(1382643928884): object was freed before callback; returning Nil.
   at: gdplanningai_rust::logger::process_logs (src\logger.rs:66)
   GDScript backtrace (most recent call first):
       [0] _drain_scheduler (res://test/integration/test_campfire_example_smoke.gd:27)
[GdPAI | debug] Discovery: Starting simulation for action Drop Item
[GdPAI | debug] Discovery: Action Dig Potato failed validity check, skipping
WARNING: [GdPAI] ObjectRef(124621163998): object was freed before callback; returning Nil.
   at: gdplanningai_rust::logger::process_logs (src\logger.rs:66)
   GDScript backtrace (most recent call first):
       [0] _process (res://addons/GdPlanningAI/gdpai_autoload.gd:21)
WARNING: [GdPAI] ObjectRef(124621163998): object was freed before callback; returning Nil.
   at: gdplanningai_rust::logger::process_logs (src\logger.rs:66)
   GDScript backtrace (most recent call first):
       [0] _process (res://addons/GdPlanningAI/gdpai_autoload.gd:21)
[GdPAI | debug] GetCost: callable returned non-numeric value: null; returning INFINITY
WARNING: [GdPAI] ObjectRef(1382643928884): object was freed before callback; returning Nil.
   at: gdplanningai_rust::logger::process_logs (src\logger.rs:66)
   GDScript backtrace (most recent call first):
       [0] _process (res://addons/GdPlanningAI/gdpai_autoload.gd:21)
WARNING: [GdPAI] ObjectRef(1382643928884): object was freed before callback; returning Nil.
   at: gdplanningai_rust::logger::process_logs (src\logger.rs:66)
   GDScript backtrace (most recent call first):
       [0] _process (res://addons/GdPlanningAI/gdpai_autoload.gd:21)
[GdPAI | debug] Discovery: Action Dig Potato failed validity check, skipping
WARNING: [GdPAI] ObjectRef(124621163998): object was freed before callback; returning Nil.
   at: gdplanningai_rust::logger::process_logs (src\logger.rs:66)
   GDScript backtrace (most recent call first):
       [0] _drain_scheduler (res://test/integration/test_campfire_example_smoke.gd:27)
WARNING: [GdPAI] ObjectRef(124621163998): object was freed before callback; returning Nil.
   at: gdplanningai_rust::logger::process_logs (src\logger.rs:66)
   GDScript backtrace (most recent call first):
       [0] _drain_scheduler (res://test/integration/test_campfire_example_smoke.gd:27)
[GdPAI | debug] ApplyEffect [Before] ID=InstanceId(-9223368675086535795): agent props = {"entity": null, "hunger": 70.0627442063492, "held_item": ""}
[GdPAI | debug] ApplyEffect [After] ID=InstanceId(-9223368675086535795): agent props = {"entity": null, "hunger": 70.0627442063492, "held_item": ""}
[GdPAI | debug]   Snapshotting prop: entity = Nil (Variant type: NIL)
[GdPAI | debug]   Snapshotting prop: hunger = Float(70.0627442063492) (Variant type: FLOAT)
[GdPAI | debug]   Snapshotting prop: held_item = Str("") (Variant type: STRING)
WARNING: [GdPAI] ObjectRef(1382643928884): object was freed before callback; returning Nil.
   at: gdplanningai_rust::logger::process_logs (src\logger.rs:66)
   GDScript backtrace (most recent call first):
       [0] _drain_scheduler (res://test/integration/test_campfire_example_smoke.gd:27)
[GdPAI | debug] Discovery: Simulation success for Drop Item. Agent props: {"hunger": Float(70.0627442063492), "entity": Nil, "held_item": Str("")}
[GdPAI | debug] Discovery: Action Drop Item satisfied precond Builtin { target: Agent, operation: Equal, property_name: "held_item", value: Some(Str("")) }
[GdPAI | debug] Found candidate: Drop Item (satisfied preconds: [0], requirements: [])
WARNING: [GdPAI] ObjectRef(1382643928884): object was freed before callback; returning Nil.
   at: gdplanningai_rust::logger::process_logs (src\logger.rs:66)
   GDScript backtrace (most recent call first):
       [0] _drain_scheduler (res://test/integration/test_campfire_example_smoke.gd:27)
[GdPAI | debug] Discovery: Starting simulation for action Add Fuel
[GdPAI | debug] Discovery: Action Dig Potato failed validity check, skipping
WARNING: [GdPAI] ObjectRef(124621163998): object was freed before callback; returning Nil.
   at: gdplanningai_rust::logger::process_logs (src\logger.rs:66)
   GDScript backtrace (most recent call first):
       [0] _process (res://addons/GdPlanningAI/gdpai_autoload.gd:21)
WARNING: [GdPAI] ObjectRef(124621163998): object was freed before callback; returning Nil.
   at: gdplanningai_rust::logger::process_logs (src\logger.rs:66)
   GDScript backtrace (most recent call first):
       [0] _process (res://addons/GdPlanningAI/gdpai_autoload.gd:21)
[GdPAI | debug] GetCost: callable returned non-numeric value: null; returning INFINITY
WARNING: [GdPAI] ObjectRef(1382643928884): object was freed before callback; returning Nil.
   at: gdplanningai_rust::logger::process_logs (src\logger.rs:66)
   GDScript backtrace (most recent call first):
       [0] _process (res://addons/GdPlanningAI/gdpai_autoload.gd:21)
WARNING: [GdPAI] ObjectRef(1382643928884): object was freed before callback; returning Nil.
   at: gdplanningai_rust::logger::process_logs (src\logger.rs:66)
   GDScript backtrace (most recent call first):
       [0] _process (res://addons/GdPlanningAI/gdpai_autoload.gd:21)
[GdPAI | debug] Discovery: Action Dig Potato failed validity check, skipping
WARNING: [GdPAI] ObjectRef(124621163998): object was freed before callback; returning Nil.
   at: gdplanningai_rust::logger::process_logs (src\logger.rs:66)
   GDScript backtrace (most recent call first):
       [0] _drain_scheduler (res://test/integration/test_campfire_example_smoke.gd:27)
WARNING: [GdPAI] ObjectRef(124621163998): object was freed before callback; returning Nil.
   at: gdplanningai_rust::logger::process_logs (src\logger.rs:66)
   GDScript backtrace (most recent call first):
       [0] _drain_scheduler (res://test/integration/test_campfire_example_smoke.gd:27)
[GdPAI | debug] ApplyEffect [Before] ID=InstanceId(-9223368672385403997): agent props = {"entity": null, "hunger": 70.0627442063492, "held_item": "wood"}
[GdPAI | debug] ApplyEffect [After] ID=InstanceId(-9223368672385403997): agent props = {"entity": null, "hunger": 70.0627442063492, "held_item": "wood"}
[GdPAI | debug]   Snapshotting prop: entity = Nil (Variant type: NIL)
[GdPAI | debug]   Snapshotting prop: hunger = Float(70.0627442063492) (Variant type: FLOAT)
[GdPAI | debug]   Snapshotting prop: held_item = Str("wood") (Variant type: STRING)
WARNING: [GdPAI] ObjectRef(1382643928884): object was freed before callback; returning Nil.
   at: gdplanningai_rust::logger::process_logs (src\logger.rs:66)
   GDScript backtrace (most recent call first):
       [0] _drain_scheduler (res://test/integration/test_campfire_example_smoke.gd:27)
[GdPAI | debug] Discovery: Simulation success for Add Fuel. Agent props: {"entity": Nil, "hunger": Float(70.0627442063492), "held_item": Str("wood")}
[GdPAI | debug] Discovery: Action Add Fuel did NOT satisfy precond Builtin { target: Agent, operation: Equal, property_name: "held_item", value: Some(Str("")) }
WARNING: [GdPAI] ObjectRef(1382643928884): object was freed before callback; returning Nil.
   at: gdplanningai_rust::logger::process_logs (src\logger.rs:66)
   GDScript backtrace (most recent call first):
       [0] _drain_scheduler (res://test/integration/test_campfire_example_smoke.gd:27)
WARNING: [GdPAI] ObjectRef(1383499573091): object was freed before callback; returning Nil.
   at: gdplanningai_rust::logger::process_logs (src\logger.rs:66)
   GDScript backtrace (most recent call first):
       [0] _drain_scheduler (res://test/integration/test_campfire_example_smoke.gd:27)
WARNING: [GdPAI] ObjectRef(1383499573091): object was freed before callback; returning Nil.
   at: gdplanningai_rust::logger::process_logs (src\logger.rs:66)
   GDScript backtrace (most recent call first):
       [0] _drain_scheduler (res://test/integration/test_campfire_example_smoke.gd:27)
[GdPAI | debug] GetCost: callable returned non-numeric value: null; returning INFINITY
WARNING: [GdPAI] ObjectRef(124621163998): object was freed before callback; returning Nil.
   at: gdplanningai_rust::logger::process_logs (src\logger.rs:66)
   GDScript backtrace (most recent call first):
       [0] _process (res://addons/GdPlanningAI/gdpai_autoload.gd:21)
WARNING: [GdPAI] ObjectRef(124621163998): object was freed before callback; returning Nil.
   at: gdplanningai_rust::logger::process_logs (src\logger.rs:66)
   GDScript backtrace (most recent call first):
       [0] _process (res://addons/GdPlanningAI/gdpai_autoload.gd:21)
WARNING: [GdPAI] ObjectRef(1382643928884): object was freed before callback; returning Nil.
   at: gdplanningai_rust::logger::process_logs (src\logger.rs:66)
   GDScript backtrace (most recent call first):
       [0] _process (res://addons/GdPlanningAI/gdpai_autoload.gd:21)
[GdPAI | debug] Discovery: Action Cook Potato failed validity check, skipping
[GdPAI | debug] Discovery: Starting simulation for action Pick Up Wood
WARNING: [GdPAI] ObjectRef(1382643928884): object was freed before callback; returning Nil.
   at: gdplanningai_rust::logger::process_logs (src\logger.rs:66)
   GDScript backtrace (most recent call first):
       [0] _process (res://addons/GdPlanningAI/gdpai_autoload.gd:21)
WARNING: [GdPAI] ObjectRef(1383499573091): object was freed before callback; returning Nil.
   at: gdplanningai_rust::logger::process_logs (src\logger.rs:66)
   GDScript backtrace (most recent call first):
       [0] _process (res://addons/GdPlanningAI/gdpai_autoload.gd:21)
WARNING: [GdPAI] ObjectRef(1383499573091): object was freed before callback; returning Nil.
   at: gdplanningai_rust::logger::process_logs (src\logger.rs:66)
   GDScript backtrace (most recent call first):
       [0] _process (res://addons/GdPlanningAI/gdpai_autoload.gd:21)
[GdPAI | debug] ApplyEffect [Before] ID=InstanceId(-9223368670355360853): agent props = {"hunger": 95.0603725, "at_target": null, "entity": null, "held_item": ""}
[GdPAI | debug] ApplyEffect [After] ID=InstanceId(-9223368670355360853): agent props = {"hunger": 95.0603725, "at_target": null, "entity": null, "held_item": ""}
[GdPAI | debug]   Snapshotting prop: hunger = Float(95.0603725) (Variant type: FLOAT)
[GdPAI | debug]   Snapshotting prop: at_target = Nil (Variant type: NIL)
[GdPAI | debug]   Snapshotting prop: entity = Nil (Variant type: NIL)
[GdPAI | debug]   Snapshotting prop: held_item = Str("") (Variant type: STRING)
WARNING: [GdPAI] ObjectRef(124621163998): object was freed before callback; returning Nil.
   at: gdplanningai_rust::logger::process_logs (src\logger.rs:66)
   GDScript backtrace (most recent call first):
       [0] _drain_scheduler (res://test/integration/test_campfire_example_smoke.gd:27)
WARNING: [GdPAI] ObjectRef(124621163998): object was freed before callback; returning Nil.
   at: gdplanningai_rust::logger::process_logs (src\logger.rs:66)
   GDScript backtrace (most recent call first):
       [0] _drain_scheduler (res://test/integration/test_campfire_example_smoke.gd:27)
[GdPAI | debug] GetCost: callable returned non-numeric value: null; returning INFINITY
WARNING: [GdPAI] ObjectRef(1382643928884): object was freed before callback; returning Nil.
   at: gdplanningai_rust::logger::process_logs (src\logger.rs:66)
   GDScript backtrace (most recent call first):
       [0] _drain_scheduler (res://test/integration/test_campfire_example_smoke.gd:27)
WARNING: [GdPAI] ObjectRef(1383499573091): object was freed before callback; returning Nil.
   at: gdplanningai_rust::logger::process_logs (src\logger.rs:66)
   GDScript backtrace (most recent call first):
       [0] _drain_scheduler (res://test/integration/test_campfire_example_smoke.gd:27)
WARNING: [GdPAI] ObjectRef(1383499573091): object was freed before callback; returning Nil.
   at: gdplanningai_rust::logger::process_logs (src\logger.rs:66)
   GDScript backtrace (most recent call first):
       [0] _drain_scheduler (res://test/integration/test_campfire_example_smoke.gd:27)
[GdPAI | debug] GetCost: callable returned non-numeric value: null; returning INFINITY
WARNING: [GdPAI] ObjectRef(124621163998): object was freed before callback; returning Nil.
   at: gdplanningai_rust::logger::process_logs (src\logger.rs:66)
   GDScript backtrace (most recent call first):
       [0] _process (res://addons/GdPlanningAI/gdpai_autoload.gd:21)
WARNING: [GdPAI] ObjectRef(124621163998): object was freed before callback; returning Nil.
   at: gdplanningai_rust::logger::process_logs (src\logger.rs:66)
   GDScript backtrace (most recent call first):
       [0] _process (res://addons/GdPlanningAI/gdpai_autoload.gd:21)
[GdPAI | debug] ApplyEffect [Before] ID=InstanceId(-9223368668073659461): agent props = {"held_item": "", "entity": null, "hunger": 70.0627442063492}
[GdPAI | debug] ApplyEffect [After] ID=InstanceId(-9223368668073659461): agent props = {"held_item": "", "entity": null, "hunger": 70.0627442063492}
[GdPAI | debug]   Snapshotting prop: held_item = Str("") (Variant type: STRING)
[GdPAI | debug]   Snapshotting prop: entity = Nil (Variant type: NIL)
[GdPAI | debug]   Snapshotting prop: hunger = Float(70.0627442063492) (Variant type: FLOAT)
[GdPAI | debug] Discovery: Simulation success for Pick Up Wood. Agent props: {"entity": Nil, "held_item": Str(""), "hunger": Float(70.0627442063492)}
[GdPAI | debug] Discovery: Action Pick Up Wood satisfied precond Builtin { target: Agent, operation: Equal, property_name: "held_item", value: Some(Str("")) }
[GdPAI | debug] Found candidate: Pick Up Wood (satisfied preconds: [0], requirements: [])
WARNING: [GdPAI] ObjectRef(1382643928884): object was freed before callback; returning Nil.
   at: gdplanningai_rust::logger::process_logs (src\logger.rs:66)
   GDScript backtrace (most recent call first):
       [0] _process (res://addons/GdPlanningAI/gdpai_autoload.gd:21)
WARNING: [GdPAI] ObjectRef(1383499573091): object was freed before callback; returning Nil.
   at: gdplanningai_rust::logger::process_logs (src\logger.rs:66)
   GDScript backtrace (most recent call first):
       [0] _process (res://addons/GdPlanningAI/gdpai_autoload.gd:21)
WARNING: [GdPAI] ObjectRef(1383499573091): object was freed before callback; returning Nil.
   at: gdplanningai_rust::logger::process_logs (src\logger.rs:66)
   GDScript backtrace (most recent call first):
       [0] _process (res://addons/GdPlanningAI/gdpai_autoload.gd:21)
[GdPAI | debug] ApplyEffect [Before] ID=InstanceId(-9223368667503234117): agent props = {"hunger": 95.0603725, "at_target": null, "held_item": "", "entity": null}
[GdPAI | debug] ApplyEffect [After] ID=InstanceId(-9223368667503234117): agent props = {"hunger": 95.0603725, "at_target": null, "held_item": "", "entity": null}
[GdPAI | debug]   Snapshotting prop: hunger = Float(95.0603725) (Variant type: FLOAT)
[GdPAI | debug]   Snapshotting prop: at_target = Nil (Variant type: NIL)
[GdPAI | debug]   Snapshotting prop: held_item = Str("") (Variant type: STRING)
[GdPAI | debug]   Snapshotting prop: entity = Nil (Variant type: NIL)
[GdPAI | debug] Discovery: Starting simulation for action Pick Up Wood
WARNING: [GdPAI] ObjectRef(124621163998): object was freed before callback; returning Nil.
   at: gdplanningai_rust::logger::process_logs (src\logger.rs:66)
   GDScript backtrace (most recent call first):
       [0] _drain_scheduler (res://test/integration/test_campfire_example_smoke.gd:27)
WARNING: [GdPAI] ObjectRef(124621163998): object was freed before callback; returning Nil.
   at: gdplanningai_rust::logger::process_logs (src\logger.rs:66)
   GDScript backtrace (most recent call first):
       [0] _drain_scheduler (res://test/integration/test_campfire_example_smoke.gd:27)
[GdPAI | debug] GetCost: callable returned non-numeric value: null; returning INFINITY
WARNING: [GdPAI] ObjectRef(1382643928884): object was freed before callback; returning Nil.
   at: gdplanningai_rust::logger::process_logs (src\logger.rs:66)
   GDScript backtrace (most recent call first):
       [0] _drain_scheduler (res://test/integration/test_campfire_example_smoke.gd:27)
WARNING: [GdPAI] ObjectRef(1382157389614): object was freed before callback; returning Nil.
   at: gdplanningai_rust::logger::process_logs (src\logger.rs:66)
   GDScript backtrace (most recent call first):
       [0] _drain_scheduler (res://test/integration/test_campfire_example_smoke.gd:27)
WARNING: [GdPAI] ObjectRef(1382157389614): object was freed before callback; returning Nil.
   at: gdplanningai_rust::logger::process_logs (src\logger.rs:66)
   GDScript backtrace (most recent call first):
       [0] _drain_scheduler (res://test/integration/test_campfire_example_smoke.gd:27)
[GdPAI | debug] GetCost: callable returned non-numeric value: null; returning INFINITY
WARNING: [GdPAI] ObjectRef(124621163998): object was freed before callback; returning Nil.
   at: gdplanningai_rust::logger::process_logs (src\logger.rs:66)
   GDScript backtrace (most recent call first):
       [0] _process (res://addons/GdPlanningAI/gdpai_autoload.gd:21)
WARNING: [GdPAI] ObjectRef(124621163998): object was freed before callback; returning Nil.
   at: gdplanningai_rust::logger::process_logs (src\logger.rs:66)
   GDScript backtrace (most recent call first):
       [0] _process (res://addons/GdPlanningAI/gdpai_autoload.gd:21)
[GdPAI | debug] ApplyEffect [Before] ID=InstanceId(-9223368665271864351): agent props = {"held_item": "", "hunger": 70.0627442063492, "entity": null}
[GdPAI | debug] ApplyEffect [After] ID=InstanceId(-9223368665271864351): agent props = {"held_item": "", "hunger": 70.0627442063492, "entity": null}
[GdPAI | debug]   Snapshotting prop: held_item = Str("") (Variant type: STRING)
[GdPAI | debug]   Snapshotting prop: hunger = Float(70.0627442063492) (Variant type: FLOAT)
[GdPAI | debug]   Snapshotting prop: entity = Nil (Variant type: NIL)
[GdPAI | debug] Discovery: Simulation success for Pick Up Wood. Agent props: {"held_item": Str(""), "hunger": Float(70.0627442063492), "entity": Nil}
[GdPAI | debug] Discovery: Action Pick Up Wood satisfied precond Builtin { target: Agent, operation: Equal, property_name: "held_item", value: Some(Str("")) }
[GdPAI | debug] Found candidate: Pick Up Wood (satisfied preconds: [0], requirements: [])
WARNING: [GdPAI] ObjectRef(1382643928884): object was freed before callback; returning Nil.
   at: gdplanningai_rust::logger::process_logs (src\logger.rs:66)
   GDScript backtrace (most recent call first):
       [0] _process (res://addons/GdPlanningAI/gdpai_autoload.gd:21)
WARNING: [GdPAI] ObjectRef(1382157389614): object was freed before callback; returning Nil.
   at: gdplanningai_rust::logger::process_logs (src\logger.rs:66)
   GDScript backtrace (most recent call first):
       [0] _process (res://addons/GdPlanningAI/gdpai_autoload.gd:21)
WARNING: [GdPAI] ObjectRef(1382157389614): object was freed before callback; returning Nil.
   at: gdplanningai_rust::logger::process_logs (src\logger.rs:66)
   GDScript backtrace (most recent call first):
       [0] _process (res://addons/GdPlanningAI/gdpai_autoload.gd:21)
[GdPAI | debug] ApplyEffect [Before] ID=InstanceId(-9223368664701439007): agent props = {"entity": null, "held_item": "", "at_target": null, "hunger": 95.0603725}
[GdPAI | debug] ApplyEffect [After] ID=InstanceId(-9223368664701439007): agent props = {"entity": null, "held_item": "", "at_target": null, "hunger": 95.0603725}
[GdPAI | debug]   Snapshotting prop: entity = Nil (Variant type: NIL)
[GdPAI | debug]   Snapshotting prop: held_item = Str("") (Variant type: STRING)
[GdPAI | debug]   Snapshotting prop: at_target = Nil (Variant type: NIL)
[GdPAI | debug]   Snapshotting prop: hunger = Float(95.0603725) (Variant type: FLOAT)
[GdPAI | debug] Discovery: Starting simulation for action Pick Up Wood
WARNING: [GdPAI] ObjectRef(124621163998): object was freed before callback; returning Nil.
   at: gdplanningai_rust::logger::process_logs (src\logger.rs:66)
   GDScript backtrace (most recent call first):
       [0] _drain_scheduler (res://test/integration/test_campfire_example_smoke.gd:27)
WARNING: [GdPAI] ObjectRef(124621163998): object was freed before callback; returning Nil.
   at: gdplanningai_rust::logger::process_logs (src\logger.rs:66)
   GDScript backtrace (most recent call first):
       [0] _drain_scheduler (res://test/integration/test_campfire_example_smoke.gd:27)
[GdPAI | debug] GetCost: callable returned non-numeric value: null; returning INFINITY
WARNING: [GdPAI] ObjectRef(1382643928884): object was freed before callback; returning Nil.
   at: gdplanningai_rust::logger::process_logs (src\logger.rs:66)
   GDScript backtrace (most recent call first):
       [0] _drain_scheduler (res://test/integration/test_campfire_example_smoke.gd:27)
WARNING: [GdPAI] ObjectRef(1382157389614): object was freed before callback; returning Nil.
   at: gdplanningai_rust::logger::process_logs (src\logger.rs:66)
   GDScript backtrace (most recent call first):
       [0] _drain_scheduler (res://test/integration/test_campfire_example_smoke.gd:27)
WARNING: [GdPAI] ObjectRef(1382157389614): object was freed before callback; returning Nil.
   at: gdplanningai_rust::logger::process_logs (src\logger.rs:66)
   GDScript backtrace (most recent call first):
       [0] _drain_scheduler (res://test/integration/test_campfire_example_smoke.gd:27)
[GdPAI | debug] GetCost: callable returned non-numeric value: null; returning INFINITY
WARNING: [GdPAI] ObjectRef(124621163998): object was freed before callback; returning Nil.
   at: gdplanningai_rust::logger::process_logs (src\logger.rs:66)
   GDScript backtrace (most recent call first):
       [0] _process (res://addons/GdPlanningAI/gdpai_autoload.gd:21)
WARNING: [GdPAI] ObjectRef(124621163998): object was freed before callback; returning Nil.
   at: gdplanningai_rust::logger::process_logs (src\logger.rs:66)
   GDScript backtrace (most recent call first):
       [0] _process (res://addons/GdPlanningAI/gdpai_autoload.gd:21)
[GdPAI | debug] ApplyEffect [Before] ID=InstanceId(-9223368662470069265): agent props = {"entity": null, "held_item": "", "hunger": 70.0627442063492}
[GdPAI | debug] ApplyEffect [After] ID=InstanceId(-9223368662470069265): agent props = {"entity": null, "held_item": "", "hunger": 70.0627442063492}
[GdPAI | debug]   Snapshotting prop: entity = Nil (Variant type: NIL)
[GdPAI | debug]   Snapshotting prop: held_item = Str("") (Variant type: STRING)
[GdPAI | debug]   Snapshotting prop: hunger = Float(70.0627442063492) (Variant type: FLOAT)
[GdPAI | debug] Discovery: Simulation success for Pick Up Wood. Agent props: {"entity": Nil, "held_item": Str(""), "hunger": Float(70.0627442063492)}
[GdPAI | debug] Discovery: Action Pick Up Wood satisfied precond Builtin { target: Agent, operation: Equal, property_name: "held_item", value: Some(Str("")) }
[GdPAI | debug] Found candidate: Pick Up Wood (satisfied preconds: [0], requirements: [])
WARNING: [GdPAI] ObjectRef(1382643928884): object was freed before callback; returning Nil.
   at: gdplanningai_rust::logger::process_logs (src\logger.rs:66)
   GDScript backtrace (most recent call first):
       [0] _process (res://addons/GdPlanningAI/gdpai_autoload.gd:21)
WARNING: [GdPAI] ObjectRef(1382157389614): object was freed before callback; returning Nil.
   at: gdplanningai_rust::logger::process_logs (src\logger.rs:66)
   GDScript backtrace (most recent call first):
       [0] _process (res://addons/GdPlanningAI/gdpai_autoload.gd:21)
WARNING: [GdPAI] ObjectRef(1382157389614): object was freed before callback; returning Nil.
   at: gdplanningai_rust::logger::process_logs (src\logger.rs:66)
   GDScript backtrace (most recent call first):
       [0] _process (res://addons/GdPlanningAI/gdpai_autoload.gd:21)
[GdPAI | debug] ApplyEffect [Before] ID=InstanceId(-9223368661899643921): agent props = {"at_target": null, "entity": null, "hunger": 95.0603725, "held_item": ""}
[GdPAI | debug] ApplyEffect [After] ID=InstanceId(-9223368661899643921): agent props = {"at_target": null, "entity": null, "hunger": 95.0603725, "held_item": ""}
[GdPAI | debug]   Snapshotting prop: at_target = Nil (Variant type: NIL)
[GdPAI | debug]   Snapshotting prop: entity = Nil (Variant type: NIL)
[GdPAI | debug]   Snapshotting prop: hunger = Float(95.0603725) (Variant type: FLOAT)
[GdPAI | debug]   Snapshotting prop: held_item = Str("") (Variant type: STRING)
[GdPAI | debug] Discovery: Starting simulation for action Pick Up Wood
WARNING: [GdPAI] ObjectRef(124621163998): object was freed before callback; returning Nil.
   at: gdplanningai_rust::logger::process_logs (src\logger.rs:66)
   GDScript backtrace (most recent call first):
       [0] _drain_scheduler (res://test/integration/test_campfire_example_smoke.gd:27)
WARNING: [GdPAI] ObjectRef(124621163998): object was freed before callback; returning Nil.
   at: gdplanningai_rust::logger::process_logs (src\logger.rs:66)
   GDScript backtrace (most recent call first):
       [0] _drain_scheduler (res://test/integration/test_campfire_example_smoke.gd:27)
[GdPAI | debug] GetCost: callable returned non-numeric value: null; returning INFINITY
WARNING: [GdPAI] ObjectRef(1382643928884): object was freed before callback; returning Nil.
   at: gdplanningai_rust::logger::process_logs (src\logger.rs:66)
   GDScript backtrace (most recent call first):
       [0] _drain_scheduler (res://test/integration/test_campfire_example_smoke.gd:27)
[GdPAI | debug] GetCost: callable returned non-numeric value: null; returning INFINITY
WARNING: [GdPAI] ObjectRef(124621163998): object was freed before callback; returning Nil.
   at: gdplanningai_rust::logger::process_logs (src\logger.rs:66)
   GDScript backtrace (most recent call first):
       [0] _process (res://addons/GdPlanningAI/gdpai_autoload.gd:21)
WARNING: [GdPAI] ObjectRef(124621163998): object was freed before callback; returning Nil.
   at: gdplanningai_rust::logger::process_logs (src\logger.rs:66)
   GDScript backtrace (most recent call first):
       [0] _process (res://addons/GdPlanningAI/gdpai_autoload.gd:21)
[GdPAI | debug] ApplyEffect [Before] ID=InstanceId(-9223368659768937436): agent props = {"held_item": "", "entity": null, "hunger": 70.0627442063492}
[GdPAI | debug] ApplyEffect [After] ID=InstanceId(-9223368659768937436): agent props = {"held_item": "", "entity": null, "hunger": 70.0627442063492}
[GdPAI | debug]   Snapshotting prop: held_item = Str("") (Variant type: STRING)
[GdPAI | debug]   Snapshotting prop: entity = Nil (Variant type: NIL)
[GdPAI | debug]   Snapshotting prop: hunger = Float(70.0627442063492) (Variant type: FLOAT)
[GdPAI | debug] Discovery: Simulation success for Pick Up Wood. Agent props: {"hunger": Float(70.0627442063492), "held_item": Str(""), "entity": Nil}
[GdPAI | debug] Discovery: Action Pick Up Wood satisfied precond Builtin { target: Agent, operation: Equal, property_name: "held_item", value: Some(Str("")) }
[GdPAI | debug] Found candidate: Pick Up Wood (satisfied preconds: [0], requirements: [])
WARNING: [GdPAI] ObjectRef(1382643928884): object was freed before callback; returning Nil.
   at: gdplanningai_rust::logger::process_logs (src\logger.rs:66)
   GDScript backtrace (most recent call first):
       [0] _process (res://addons/GdPlanningAI/gdpai_autoload.gd:21)
[GdPAI | debug] ApplyEffect [Before] ID=InstanceId(-9223368659198512092): agent props = {"at_target": null, "held_item": "wood", "hunger": 95.0603725, "entity": null}
[GdPAI | debug] ApplyEffect [After] ID=InstanceId(-9223368659198512092): agent props = {"at_target": null, "held_item": "wood", "hunger": 95.0603725, "entity": null}
[GdPAI | debug]   Snapshotting prop: at_target = Nil (Variant type: NIL)
[GdPAI | debug]   Snapshotting prop: held_item = Str("wood") (Variant type: STRING)
[GdPAI | debug]   Snapshotting prop: hunger = Float(95.0603725) (Variant type: FLOAT)
[GdPAI | debug]   Snapshotting prop: entity = Nil (Variant type: NIL)
WARNING: [GdPAI] ObjectRef(124621163998): object was freed before callback; returning Nil.
   at: gdplanningai_rust::logger::process_logs (src\logger.rs:66)
   GDScript backtrace (most recent call first):
       [0] _drain_scheduler (res://test/integration/test_campfire_example_smoke.gd:27)
WARNING: [GdPAI] ObjectRef(124621163998): object was freed before callback; returning Nil.
   at: gdplanningai_rust::logger::process_logs (src\logger.rs:66)
   GDScript backtrace (most recent call first):
       [0] _drain_scheduler (res://test/integration/test_campfire_example_smoke.gd:27)
WARNING: [GdPAI] ObjectRef(1382643928884): object was freed before callback; returning Nil.
   at: gdplanningai_rust::logger::process_logs (src\logger.rs:66)
   GDScript backtrace (most recent call first):
       [0] _drain_scheduler (res://test/integration/test_campfire_example_smoke.gd:27)
[GdPAI | debug] Discovery: Action Dig Potato failed validity check, skipping
WARNING: [GdPAI] ObjectRef(1382643928884): object was freed before callback; returning Nil.
   at: gdplanningai_rust::logger::process_logs (src\logger.rs:66)
   GDScript backtrace (most recent call first):
       [0] _drain_scheduler (res://test/integration/test_campfire_example_smoke.gd:27)
[GdPAI | debug] GetCost: callable returned non-numeric value: null; returning INFINITY
WARNING: [GdPAI] ObjectRef(124621163998): object was freed before callback; returning Nil.
   at: gdplanningai_rust::logger::process_logs (src\logger.rs:66)
   GDScript backtrace (most recent call first):
       [0] _process (res://addons/GdPlanningAI/gdpai_autoload.gd:21)
WARNING: [GdPAI] ObjectRef(124621163998): object was freed before callback; returning Nil.
   at: gdplanningai_rust::logger::process_logs (src\logger.rs:66)
   GDScript backtrace (most recent call first):
       [0] _process (res://addons/GdPlanningAI/gdpai_autoload.gd:21)
WARNING: [GdPAI] ObjectRef(1382643928884): object was freed before callback; returning Nil.
   at: gdplanningai_rust::logger::process_logs (src\logger.rs:66)
   GDScript backtrace (most recent call first):
       [0] _process (res://addons/GdPlanningAI/gdpai_autoload.gd:21)
[GdPAI | debug] Discovery: Action Dig Potato failed validity check, skipping
WARNING: [GdPAI] ObjectRef(1382643928884): object was freed before callback; returning Nil.
   at: gdplanningai_rust::logger::process_logs (src\logger.rs:66)
   GDScript backtrace (most recent call first):
       [0] _process (res://addons/GdPlanningAI/gdpai_autoload.gd:21)
[GdPAI | debug] ApplyEffect [Before] ID=InstanceId(-9223368656547711957): agent props = {"hunger": 95.0603725, "held_item": "", "entity": null}
[GdPAI | debug] ApplyEffect [After] ID=InstanceId(-9223368656547711957): agent props = {"hunger": 95.0603725, "held_item": "", "entity": null}
[GdPAI | debug]   Snapshotting prop: hunger = Float(95.0603725) (Variant type: FLOAT)
[GdPAI | debug]   Snapshotting prop: held_item = Str("") (Variant type: STRING)
[GdPAI | debug]   Snapshotting prop: entity = Nil (Variant type: NIL)
WARNING: [GdPAI] ObjectRef(124621163998): object was freed before callback; returning Nil.
   at: gdplanningai_rust::logger::process_logs (src\logger.rs:66)
   GDScript backtrace (most recent call first):
       [0] _drain_scheduler (res://test/integration/test_campfire_example_smoke.gd:27)
WARNING: [GdPAI] ObjectRef(124621163998): object was freed before callback; returning Nil.
   at: gdplanningai_rust::logger::process_logs (src\logger.rs:66)
   GDScript backtrace (most recent call first):
       [0] _drain_scheduler (res://test/integration/test_campfire_example_smoke.gd:27)
[GdPAI | debug] Discovery: Action Dig Potato failed validity check, skipping
WARNING: [GdPAI] ObjectRef(1382643928884): object was freed before callback; returning Nil.
   at: gdplanningai_rust::logger::process_logs (src\logger.rs:66)
   GDScript backtrace (most recent call first):
       [0] _drain_scheduler (res://test/integration/test_campfire_example_smoke.gd:27)
[GdPAI | debug] GetCost: callable returned non-numeric value: null; returning INFINITY
WARNING: [GdPAI] ObjectRef(124621163998): object was freed before callback; returning Nil.
   at: gdplanningai_rust::logger::process_logs (src\logger.rs:66)
   GDScript backtrace (most recent call first):
       [0] _process (res://addons/GdPlanningAI/gdpai_autoload.gd:21)
WARNING: [GdPAI] ObjectRef(124621163998): object was freed before callback; returning Nil.
   at: gdplanningai_rust::logger::process_logs (src\logger.rs:66)
   GDScript backtrace (most recent call first):
       [0] _process (res://addons/GdPlanningAI/gdpai_autoload.gd:21)
[GdPAI | debug] Discovery: Action Dig Potato failed validity check, skipping
WARNING: [GdPAI] ObjectRef(1382643928884): object was freed before callback; returning Nil.
   at: gdplanningai_rust::logger::process_logs (src\logger.rs:66)
   GDScript backtrace (most recent call first):
       [0] _process (res://addons/GdPlanningAI/gdpai_autoload.gd:21)
[GdPAI | debug] ApplyEffect [Before] ID=InstanceId(-9223368653896911816): agent props = {"entity": null, "held_item": "", "hunger": 95.0603725}
[GdPAI | debug] ApplyEffect [After] ID=InstanceId(-9223368653896911816): agent props = {"entity": null, "held_item": "", "hunger": 95.0603725}
[GdPAI | debug]   Snapshotting prop: entity = Nil (Variant type: NIL)
[GdPAI | debug]   Snapshotting prop: held_item = Str("") (Variant type: STRING)
[GdPAI | debug]   Snapshotting prop: hunger = Float(95.0603725) (Variant type: FLOAT)
WARNING: [GdPAI] ObjectRef(124621163998): object was freed before callback; returning Nil.
   at: gdplanningai_rust::logger::process_logs (src\logger.rs:66)
   GDScript backtrace (most recent call first):
       [0] _drain_scheduler (res://test/integration/test_campfire_example_smoke.gd:27)
WARNING: [GdPAI] ObjectRef(124621163998): object was freed before callback; returning Nil.
   at: gdplanningai_rust::logger::process_logs (src\logger.rs:66)
   GDScript backtrace (most recent call first):
       [0] _drain_scheduler (res://test/integration/test_campfire_example_smoke.gd:27)
[GdPAI | debug] Discovery: Action Dig Potato failed validity check, skipping
WARNING: [GdPAI] ObjectRef(1382643928884): object was freed before callback; returning Nil.
   at: gdplanningai_rust::logger::process_logs (src\logger.rs:66)
   GDScript backtrace (most recent call first):
       [0] _drain_scheduler (res://test/integration/test_campfire_example_smoke.gd:27)
WARNING: [GdPAI] ObjectRef(1382157389614): object was freed before callback; returning Nil.
   at: gdplanningai_rust::logger::process_logs (src\logger.rs:66)
   GDScript backtrace (most recent call first):
       [0] _drain_scheduler (res://test/integration/test_campfire_example_smoke.gd:27)
WARNING: [GdPAI] ObjectRef(1382157389614): object was freed before callback; returning Nil.
   at: gdplanningai_rust::logger::process_logs (src\logger.rs:66)
   GDScript backtrace (most recent call first):
       [0] _drain_scheduler (res://test/integration/test_campfire_example_smoke.gd:27)
[GdPAI | debug] GetCost: callable returned non-numeric value: null; returning INFINITY
WARNING: [GdPAI] ObjectRef(124621163998): object was freed before callback; returning Nil.
   at: gdplanningai_rust::logger::process_logs (src\logger.rs:66)
   GDScript backtrace (most recent call first):
       [0] _process (res://addons/GdPlanningAI/gdpai_autoload.gd:21)
WARNING: [GdPAI] ObjectRef(124621163998): object was freed before callback; returning Nil.
   at: gdplanningai_rust::logger::process_logs (src\logger.rs:66)
   GDScript backtrace (most recent call first):
       [0] _process (res://addons/GdPlanningAI/gdpai_autoload.gd:21)
WARNING: [GdPAI] ObjectRef(124134624705): object was freed before callback; returning Nil.
   at: gdplanningai_rust::logger::process_logs (src\logger.rs:66)
   GDScript backtrace (most recent call first):
       [0] _process (res://addons/GdPlanningAI/gdpai_autoload.gd:21)
WARNING: [GdPAI] ObjectRef(125661351450): object was freed before callback; returning Nil.
   at: gdplanningai_rust::logger::process_logs (src\logger.rs:66)
   GDScript backtrace (most recent call first):
       [0] _process (res://addons/GdPlanningAI/gdpai_autoload.gd:21)
WARNING: [GdPAI] ObjectRef(124587609564): object was freed before callback; returning Nil.
   at: gdplanningai_rust::logger::process_logs (src\logger.rs:66)
   GDScript backtrace (most recent call first):
       [0] _process (res://addons/GdPlanningAI/gdpai_autoload.gd:21)
WARNING: [GdPAI] ObjectRef(124587609564): object was freed before callback; returning Nil.
   at: gdplanningai_rust::logger::process_logs (src\logger.rs:66)
   GDScript backtrace (most recent call first):
       [0] _process (res://addons/GdPlanningAI/gdpai_autoload.gd:21)
WARNING: [GdPAI] ObjectRef(124134624705): object was freed before callback; returning Nil.
   at: gdplanningai_rust::logger::process_logs (src\logger.rs:66)
   GDScript backtrace (most recent call first):
       [0] _process (res://addons/GdPlanningAI/gdpai_autoload.gd:21)
WARNING: [GdPAI] ObjectRef(125661351450): object was freed before callback; returning Nil.
   at: gdplanningai_rust::logger::process_logs (src\logger.rs:66)
   GDScript backtrace (most recent call first):
       [0] _process (res://addons/GdPlanningAI/gdpai_autoload.gd:21)
WARNING: [GdPAI] ObjectRef(124587609564): object was freed before callback; returning Nil.
   at: gdplanningai_rust::logger::process_logs (src\logger.rs:66)
   GDScript backtrace (most recent call first):
       [0] _process (res://addons/GdPlanningAI/gdpai_autoload.gd:21)
WARNING: [GdPAI] ObjectRef(124587609564): object was freed before callback; returning Nil.
   at: gdplanningai_rust::logger::process_logs (src\logger.rs:66)
   GDScript backtrace (most recent call first):
       [0] _process (res://addons/GdPlanningAI/gdpai_autoload.gd:21)
[GdPAI | debug] GetCost: callable returned non-numeric value: null; returning INFINITY
WARNING: [GdPAI] ObjectRef(1382643928884): object was freed before callback; returning Nil.
   at: gdplanningai_rust::logger::process_logs (src\logger.rs:66)
   GDScript backtrace (most recent call first):
       [0] _process (res://addons/GdPlanningAI/gdpai_autoload.gd:21)
WARNING: [GdPAI] ObjectRef(1382157389614): object was freed before callback; returning Nil.
   at: gdplanningai_rust::logger::process_logs (src\logger.rs:66)
   GDScript backtrace (most recent call first):
       [0] _process (res://addons/GdPlanningAI/gdpai_autoload.gd:21)
WARNING: [GdPAI] ObjectRef(1382157389614): object was freed before callback; returning Nil.
   at: gdplanningai_rust::logger::process_logs (src\logger.rs:66)
   GDScript backtrace (most recent call first):
       [0] _process (res://addons/GdPlanningAI/gdpai_autoload.gd:21)
[GdPAI | debug] ApplyEffect [Before] ID=InstanceId(-9223368651195780019): agent props = {"held_item": "", "hunger": 95.0603725, "at_target": null, "entity": null}
[GdPAI | debug] ApplyEffect [After] ID=InstanceId(-9223368651195780019): agent props = {"held_item": "", "hunger": 95.0603725, "at_target": null, "entity": null}
[GdPAI | debug]   Snapshotting prop: held_item = Str("") (Variant type: STRING)
[GdPAI | debug]   Snapshotting prop: hunger = Float(95.0603725) (Variant type: FLOAT)
[GdPAI | debug]   Snapshotting prop: at_target = Nil (Variant type: NIL)
[GdPAI | debug]   Snapshotting prop: entity = Nil (Variant type: NIL)
WARNING: [GdPAI] ObjectRef(124621163998): object was freed before callback; returning Nil.
   at: gdplanningai_rust::logger::process_logs (src\logger.rs:66)
   GDScript backtrace (most recent call first):
       [0] _drain_scheduler (res://test/integration/test_campfire_example_smoke.gd:27)
WARNING: [GdPAI] ObjectRef(124621163998): object was freed before callback; returning Nil.
   at: gdplanningai_rust::logger::process_logs (src\logger.rs:66)
   GDScript backtrace (most recent call first):
       [0] _drain_scheduler (res://test/integration/test_campfire_example_smoke.gd:27)
WARNING: [GdPAI] ObjectRef(124134624705): object was freed before callback; returning Nil.
   at: gdplanningai_rust::logger::process_logs (src\logger.rs:66)
   GDScript backtrace (most recent call first):
       [0] _drain_scheduler (res://test/integration/test_campfire_example_smoke.gd:27)
WARNING: [GdPAI] ObjectRef(125661351450): object was freed before callback; returning Nil.
   at: gdplanningai_rust::logger::process_logs (src\logger.rs:66)
   GDScript backtrace (most recent call first):
       [0] _drain_scheduler (res://test/integration/test_campfire_example_smoke.gd:27)
WARNING: [GdPAI] ObjectRef(124587609564): object was freed before callback; returning Nil.
   at: gdplanningai_rust::logger::process_logs (src\logger.rs:66)
   GDScript backtrace (most recent call first):
       [0] _drain_scheduler (res://test/integration/test_campfire_example_smoke.gd:27)
WARNING: [GdPAI] ObjectRef(124587609564): object was freed before callback; returning Nil.
   at: gdplanningai_rust::logger::process_logs (src\logger.rs:66)
   GDScript backtrace (most recent call first):
       [0] _drain_scheduler (res://test/integration/test_campfire_example_smoke.gd:27)
WARNING: [GdPAI] ObjectRef(124134624705): object was freed before callback; returning Nil.
   at: gdplanningai_rust::logger::process_logs (src\logger.rs:66)
   GDScript backtrace (most recent call first):
       [0] _drain_scheduler (res://test/integration/test_campfire_example_smoke.gd:27)
WARNING: [GdPAI] ObjectRef(125661351450): object was freed before callback; returning Nil.
   at: gdplanningai_rust::logger::process_logs (src\logger.rs:66)
   GDScript backtrace (most recent call first):
       [0] _drain_scheduler (res://test/integration/test_campfire_example_smoke.gd:27)
WARNING: [GdPAI] ObjectRef(124587609564): object was freed before callback; returning Nil.
   at: gdplanningai_rust::logger::process_logs (src\logger.rs:66)
   GDScript backtrace (most recent call first):
       [0] _drain_scheduler (res://test/integration/test_campfire_example_smoke.gd:27)
WARNING: [GdPAI] ObjectRef(124587609564): object was freed before callback; returning Nil.
   at: gdplanningai_rust::logger::process_logs (src\logger.rs:66)
   GDScript backtrace (most recent call first):
       [0] _drain_scheduler (res://test/integration/test_campfire_example_smoke.gd:27)
[GdPAI | debug] ApplyEffect [Before] ID=InstanceId(-9223368649971043175): agent props = {"hunger": 70.0627442063492, "at_target": null, "entity": null, "held_item": ""}
[GdPAI | debug] ApplyEffect [After] ID=InstanceId(-9223368649971043175): agent props = {"hunger": 70.0627442063492, "at_target": null, "entity": null, "held_item": ""}
[GdPAI | debug]   Snapshotting prop: hunger = Float(70.0627442063492) (Variant type: FLOAT)
[GdPAI | debug]   Snapshotting prop: at_target = Nil (Variant type: NIL)
[GdPAI | debug]   Snapshotting prop: entity = Nil (Variant type: NIL)
[GdPAI | debug]   Snapshotting prop: held_item = Str("") (Variant type: STRING)
WARNING: [GdPAI] ObjectRef(1382643928884): object was freed before callback; returning Nil.
   at: gdplanningai_rust::logger::process_logs (src\logger.rs:66)
   GDScript backtrace (most recent call first):
       [0] _drain_scheduler (res://test/integration/test_campfire_example_smoke.gd:27)
WARNING: [GdPAI] ObjectRef(1382157389614): object was freed before callback; returning Nil.
   at: gdplanningai_rust::logger::process_logs (src\logger.rs:66)
   GDScript backtrace (most recent call first):
       [0] _drain_scheduler (res://test/integration/test_campfire_example_smoke.gd:27)
WARNING: [GdPAI] ObjectRef(1382157389614): object was freed before callback; returning Nil.
   at: gdplanningai_rust::logger::process_logs (src\logger.rs:66)
   GDScript backtrace (most recent call first):
       [0] _drain_scheduler (res://test/integration/test_campfire_example_smoke.gd:27)
[GdPAI | debug] GetCost: callable returned non-numeric value: null; returning INFINITY
WARNING: [GdPAI] ObjectRef(124621163998): object was freed before callback; returning Nil.
   at: gdplanningai_rust::logger::process_logs (src\logger.rs:66)
   GDScript backtrace (most recent call first):
       [0] _process (res://addons/GdPlanningAI/gdpai_autoload.gd:21)
WARNING: [GdPAI] ObjectRef(124587609564): object was freed before callback; returning Nil.
   at: gdplanningai_rust::logger::process_logs (src\logger.rs:66)
   GDScript backtrace (most recent call first):
       [0] _process (res://addons/GdPlanningAI/gdpai_autoload.gd:21)
WARNING: [GdPAI] ObjectRef(124587609564): object was freed before callback; returning Nil.
   at: gdplanningai_rust::logger::process_logs (src\logger.rs:66)
   GDScript backtrace (most recent call first):
       [0] _process (res://addons/GdPlanningAI/gdpai_autoload.gd:21)
[GdPAI | debug] GetCost: callable returned non-numeric value: null; returning INFINITY
WARNING: [GdPAI] ObjectRef(1382643928884): object was freed before callback; returning Nil.
   at: gdplanningai_rust::logger::process_logs (src\logger.rs:66)
   GDScript backtrace (most recent call first):
       [0] _process (res://addons/GdPlanningAI/gdpai_autoload.gd:21)
WARNING: [GdPAI] ObjectRef(1382157389614): object was freed before callback; returning Nil.
   at: gdplanningai_rust::logger::process_logs (src\logger.rs:66)
   GDScript backtrace (most recent call first):
       [0] _process (res://addons/GdPlanningAI/gdpai_autoload.gd:21)
WARNING: [GdPAI] ObjectRef(1382157389614): object was freed before callback; returning Nil.
   at: gdplanningai_rust::logger::process_logs (src\logger.rs:66)
   GDScript backtrace (most recent call first):
       [0] _process (res://addons/GdPlanningAI/gdpai_autoload.gd:21)
[GdPAI | debug] ApplyEffect [Before] ID=InstanceId(-9223368647588678551): agent props = {"entity": null, "at_target": null, "hunger": 95.0603725, "held_item": ""}
[GdPAI | debug] ApplyEffect [After] ID=InstanceId(-9223368647588678551): agent props = {"entity": null, "at_target": null, "hunger": 95.0603725, "held_item": ""}
[GdPAI | debug]   Snapshotting prop: entity = Nil (Variant type: NIL)
[GdPAI | debug]   Snapshotting prop: at_target = Nil (Variant type: NIL)
[GdPAI | debug]   Snapshotting prop: hunger = Float(95.0603725) (Variant type: FLOAT)
[GdPAI | debug]   Snapshotting prop: held_item = Str("") (Variant type: STRING)
WARNING: [GdPAI] ObjectRef(124621163998): object was freed before callback; returning Nil.
   at: gdplanningai_rust::logger::process_logs (src\logger.rs:66)
   GDScript backtrace (most recent call first):
       [0] _drain_scheduler (res://test/integration/test_campfire_example_smoke.gd:27)
WARNING: [GdPAI] ObjectRef(124587609564): object was freed before callback; returning Nil.
   at: gdplanningai_rust::logger::process_logs (src\logger.rs:66)
   GDScript backtrace (most recent call first):
       [0] _drain_scheduler (res://test/integration/test_campfire_example_smoke.gd:27)
WARNING: [GdPAI] ObjectRef(124587609564): object was freed before callback; returning Nil.
   at: gdplanningai_rust::logger::process_logs (src\logger.rs:66)
   GDScript backtrace (most recent call first):
       [0] _drain_scheduler (res://test/integration/test_campfire_example_smoke.gd:27)
[GdPAI | debug] ApplyEffect [Before] ID=InstanceId(-9223368646716263216): agent props = {"held_item": "", "entity": null, "at_target": null, "hunger": 70.0627442063492}
[GdPAI | debug] ApplyEffect [After] ID=InstanceId(-9223368646716263216): agent props = {"held_item": "", "entity": null, "at_target": null, "hunger": 70.0627442063492}
[GdPAI | debug]   Snapshotting prop: held_item = Str("") (Variant type: STRING)
[GdPAI | debug]   Snapshotting prop: entity = Nil (Variant type: NIL)
[GdPAI | debug]   Snapshotting prop: at_target = Nil (Variant type: NIL)
[GdPAI | debug]   Snapshotting prop: hunger = Float(70.0627442063492) (Variant type: FLOAT)
WARNING: [GdPAI] ObjectRef(1382643928884): object was freed before callback; returning Nil.
   at: gdplanningai_rust::logger::process_logs (src\logger.rs:66)
   GDScript backtrace (most recent call first):
       [0] _drain_scheduler (res://test/integration/test_campfire_example_smoke.gd:27)
[GdPAI | debug] GetCost: callable returned non-numeric value: null; returning INFINITY
WARNING: [GdPAI] ObjectRef(124621163998): object was freed before callback; returning Nil.
   at: gdplanningai_rust::logger::process_logs (src\logger.rs:66)
   GDScript backtrace (most recent call first):
       [0] _process (res://addons/GdPlanningAI/gdpai_autoload.gd:21)
WARNING: [GdPAI] ObjectRef(124587609564): object was freed before callback; returning Nil.
   at: gdplanningai_rust::logger::process_logs (src\logger.rs:66)
   GDScript backtrace (most recent call first):
       [0] _process (res://addons/GdPlanningAI/gdpai_autoload.gd:21)
WARNING: [GdPAI] ObjectRef(124587609564): object was freed before callback; returning Nil.
   at: gdplanningai_rust::logger::process_logs (src\logger.rs:66)
   GDScript backtrace (most recent call first):
       [0] _process (res://addons/GdPlanningAI/gdpai_autoload.gd:21)
[GdPAI | debug] GetCost: callable returned non-numeric value: null; returning INFINITY
WARNING: [GdPAI] ObjectRef(1382643928884): object was freed before callback; returning Nil.
   at: gdplanningai_rust::logger::process_logs (src\logger.rs:66)
   GDScript backtrace (most recent call first):
       [0] _process (res://addons/GdPlanningAI/gdpai_autoload.gd:21)
[GdPAI | debug] ApplyEffect [Before] ID=InstanceId(-9223368644786883392): agent props = {"entity": null, "hunger": 95.0603725, "at_target": null, "held_item": "wood"}
[GdPAI | debug] ApplyEffect [After] ID=InstanceId(-9223368644786883392): agent props = {"entity": null, "hunger": 95.0603725, "at_target": null, "held_item": "wood"}
[GdPAI | debug]   Snapshotting prop: entity = Nil (Variant type: NIL)
[GdPAI | debug]   Snapshotting prop: hunger = Float(95.0603725) (Variant type: FLOAT)
[GdPAI | debug]   Snapshotting prop: at_target = Nil (Variant type: NIL)
[GdPAI | debug]   Snapshotting prop: held_item = Str("wood") (Variant type: STRING)
[GdPAI | debug] Numeric comparison: 95.0603725 GreaterThan 0 -> true
WARNING: [GdPAI] ObjectRef(124621163998): object was freed before callback; returning Nil.
   at: gdplanningai_rust::logger::process_logs (src\logger.rs:66)
   GDScript backtrace (most recent call first):
       [0] _drain_scheduler (res://test/integration/test_campfire_example_smoke.gd:27)
WARNING: [GdPAI] ObjectRef(124587609564): object was freed before callback; returning Nil.
   at: gdplanningai_rust::logger::process_logs (src\logger.rs:66)
   GDScript backtrace (most recent call first):
       [0] _drain_scheduler (res://test/integration/test_campfire_example_smoke.gd:27)
WARNING: [GdPAI] ObjectRef(124587609564): object was freed before callback; returning Nil.
   at: gdplanningai_rust::logger::process_logs (src\logger.rs:66)
   GDScript backtrace (most recent call first):
       [0] _drain_scheduler (res://test/integration/test_campfire_example_smoke.gd:27)
[GdPAI | debug] ApplyEffect [Before] ID=InstanceId(-9223368644015131453): agent props = {"at_target": null, "hunger": 70.0627442063492, "entity": null, "held_item": ""}
[GdPAI | debug] ApplyEffect [After] ID=InstanceId(-9223368644015131453): agent props = {"at_target": null, "hunger": 70.0627442063492, "entity": null, "held_item": ""}
[GdPAI | debug]   Snapshotting prop: at_target = Nil (Variant type: NIL)
[GdPAI | debug]   Snapshotting prop: hunger = Float(70.0627442063492) (Variant type: FLOAT)
[GdPAI | debug]   Snapshotting prop: entity = Nil (Variant type: NIL)
[GdPAI | debug]   Snapshotting prop: held_item = Str("") (Variant type: STRING)
WARNING: [GdPAI] ObjectRef(1382643928884): object was freed before callback; returning Nil.
   at: gdplanningai_rust::logger::process_logs (src\logger.rs:66)
   GDScript backtrace (most recent call first):
       [0] _drain_scheduler (res://test/integration/test_campfire_example_smoke.gd:27)
WARNING: [GdPAI] ObjectRef(1382643928884): object was freed before callback; returning Nil.
   at: gdplanningai_rust::logger::process_logs (src\logger.rs:66)
   GDScript backtrace (most recent call first):
       [0] _drain_scheduler (res://test/integration/test_campfire_example_smoke.gd:27)
WARNING: [GdPAI] ObjectRef(1383499573091): object was freed before callback; returning Nil.
   at: gdplanningai_rust::logger::process_logs (src\logger.rs:66)
   GDScript backtrace (most recent call first):
       [0] _drain_scheduler (res://test/integration/test_campfire_example_smoke.gd:27)
WARNING: [GdPAI] ObjectRef(1383499573091): object was freed before callback; returning Nil.
   at: gdplanningai_rust::logger::process_logs (src\logger.rs:66)
   GDScript backtrace (most recent call first):
       [0] _drain_scheduler (res://test/integration/test_campfire_example_smoke.gd:27)
[GdPAI | debug] GetCost: callable returned non-numeric value: null; returning INFINITY
WARNING: [GdPAI] ObjectRef(124621163998): object was freed before callback; returning Nil.
   at: gdplanningai_rust::logger::process_logs (src\logger.rs:66)
   GDScript backtrace (most recent call first):
       [0] _process (res://addons/GdPlanningAI/gdpai_autoload.gd:21)
WARNING: [GdPAI] ObjectRef(125661351450): object was freed before callback; returning Nil.
   at: gdplanningai_rust::logger::process_logs (src\logger.rs:66)
   GDScript backtrace (most recent call first):
       [0] _process (res://addons/GdPlanningAI/gdpai_autoload.gd:21)
WARNING: [GdPAI] ObjectRef(125661351450): object was freed before callback; returning Nil.
   at: gdplanningai_rust::logger::process_logs (src\logger.rs:66)
   GDScript backtrace (most recent call first):
       [0] _process (res://addons/GdPlanningAI/gdpai_autoload.gd:21)
[GdPAI | debug] GetCost: callable returned non-numeric value: null; returning INFINITY
WARNING: [GdPAI] ObjectRef(1382643928884): object was freed before callback; returning Nil.
   at: gdplanningai_rust::logger::process_logs (src\logger.rs:66)
   GDScript backtrace (most recent call first):
       [0] _process (res://addons/GdPlanningAI/gdpai_autoload.gd:21)
WARNING: [GdPAI] ObjectRef(1382643928884): object was freed before callback; returning Nil.
   at: gdplanningai_rust::logger::process_logs (src\logger.rs:66)
   GDScript backtrace (most recent call first):
       [0] _process (res://addons/GdPlanningAI/gdpai_autoload.gd:21)
WARNING: [GdPAI] ObjectRef(1383499573091): object was freed before callback; returning Nil.
   at: gdplanningai_rust::logger::process_logs (src\logger.rs:66)
   GDScript backtrace (most recent call first):
       [0] _process (res://addons/GdPlanningAI/gdpai_autoload.gd:21)
WARNING: [GdPAI] ObjectRef(1383499573091): object was freed before callback; returning Nil.
   at: gdplanningai_rust::logger::process_logs (src\logger.rs:66)
   GDScript backtrace (most recent call first):
       [0] _process (res://addons/GdPlanningAI/gdpai_autoload.gd:21)
[GdPAI | debug] ApplyEffect [Before] ID=InstanceId(-9223368641934756625): agent props = {"entity": null, "at_target": null, "hunger": 95.0603725, "held_item": ""}
[GdPAI | debug] ApplyEffect [After] ID=InstanceId(-9223368641934756625): agent props = {"entity": null, "at_target": null, "hunger": 95.0603725, "held_item": ""}
[GdPAI | debug]   Snapshotting prop: entity = Nil (Variant type: NIL)
[GdPAI | debug]   Snapshotting prop: at_target = Nil (Variant type: NIL)
[GdPAI | debug]   Snapshotting prop: hunger = Float(95.0603725) (Variant type: FLOAT)
[GdPAI | debug]   Snapshotting prop: held_item = Str("") (Variant type: STRING)
WARNING: [GdPAI] ObjectRef(124621163998): object was freed before callback; returning Nil.
   at: gdplanningai_rust::logger::process_logs (src\logger.rs:66)
   GDScript backtrace (most recent call first):
       [0] _drain_scheduler (res://test/integration/test_campfire_example_smoke.gd:27)
WARNING: [GdPAI] ObjectRef(125661351450): object was freed before callback; returning Nil.
   at: gdplanningai_rust::logger::process_logs (src\logger.rs:66)
   GDScript backtrace (most recent call first):
       [0] _drain_scheduler (res://test/integration/test_campfire_example_smoke.gd:27)
WARNING: [GdPAI] ObjectRef(125661351450): object was freed before callback; returning Nil.
   at: gdplanningai_rust::logger::process_logs (src\logger.rs:66)
   GDScript backtrace (most recent call first):
       [0] _drain_scheduler (res://test/integration/test_campfire_example_smoke.gd:27)
[GdPAI | debug] ApplyEffect [Before] ID=InstanceId(-9223368641012009712): agent props = {"hunger": 70.0627442063492, "held_item": "", "at_target": null, "entity": null}
[GdPAI | debug] ApplyEffect [After] ID=InstanceId(-9223368641012009712): agent props = {"hunger": 70.0627442063492, "held_item": "", "at_target": null, "entity": null}
[GdPAI | debug]   Snapshotting prop: hunger = Float(70.0627442063492) (Variant type: FLOAT)
[GdPAI | debug]   Snapshotting prop: held_item = Str("") (Variant type: STRING)
[GdPAI | debug]   Snapshotting prop: at_target = Nil (Variant type: NIL)
[GdPAI | debug]   Snapshotting prop: entity = Nil (Variant type: NIL)
WARNING: [GdPAI] ObjectRef(1382643928884): object was freed before callback; returning Nil.
   at: gdplanningai_rust::logger::process_logs (src\logger.rs:66)
   GDScript backtrace (most recent call first):
       [0] _drain_scheduler (res://test/integration/test_campfire_example_smoke.gd:27)
WARNING: [GdPAI] ObjectRef(1383499573091): object was freed before callback; returning Nil.
   at: gdplanningai_rust::logger::process_logs (src\logger.rs:66)
   GDScript backtrace (most recent call first):
       [0] _drain_scheduler (res://test/integration/test_campfire_example_smoke.gd:27)
WARNING: [GdPAI] ObjectRef(1383499573091): object was freed before callback; returning Nil.
   at: gdplanningai_rust::logger::process_logs (src\logger.rs:66)
   GDScript backtrace (most recent call first):
       [0] _drain_scheduler (res://test/integration/test_campfire_example_smoke.gd:27)
[GdPAI | debug] GetCost: callable returned non-numeric value: null; returning INFINITY
WARNING: [GdPAI] ObjectRef(124621163998): object was freed before callback; returning Nil.
   at: gdplanningai_rust::logger::process_logs (src\logger.rs:66)
   GDScript backtrace (most recent call first):
       [0] _process (res://addons/GdPlanningAI/gdpai_autoload.gd:21)
WARNING: [GdPAI] ObjectRef(124134624705): object was freed before callback; returning Nil.
   at: gdplanningai_rust::logger::process_logs (src\logger.rs:66)
   GDScript backtrace (most recent call first):
       [0] _process (res://addons/GdPlanningAI/gdpai_autoload.gd:21)
WARNING: [GdPAI] ObjectRef(124134624705): object was freed before callback; returning Nil.
   at: gdplanningai_rust::logger::process_logs (src\logger.rs:66)
   GDScript backtrace (most recent call first):
       [0] _process (res://addons/GdPlanningAI/gdpai_autoload.gd:21)
[GdPAI | debug] GetCost: callable returned non-numeric value: null; returning INFINITY
WARNING: [GdPAI] ObjectRef(1382643928884): object was freed before callback; returning Nil.
   at: gdplanningai_rust::logger::process_logs (src\logger.rs:66)
   GDScript backtrace (most recent call first):
       [0] _process (res://addons/GdPlanningAI/gdpai_autoload.gd:21)
WARNING: [GdPAI] ObjectRef(1383499573091): object was freed before callback; returning Nil.
   at: gdplanningai_rust::logger::process_logs (src\logger.rs:66)
   GDScript backtrace (most recent call first):
       [0] _process (res://addons/GdPlanningAI/gdpai_autoload.gd:21)
WARNING: [GdPAI] ObjectRef(1383499573091): object was freed before callback; returning Nil.
   at: gdplanningai_rust::logger::process_logs (src\logger.rs:66)
   GDScript backtrace (most recent call first):
       [0] _process (res://addons/GdPlanningAI/gdpai_autoload.gd:21)
[GdPAI | debug] ApplyEffect [Before] ID=InstanceId(-9223368638981966596): agent props = {"at_target": null, "held_item": "", "entity": null, "hunger": 95.0603725}
[GdPAI | debug] ApplyEffect [After] ID=InstanceId(-9223368638981966596): agent props = {"at_target": null, "held_item": "", "entity": null, "hunger": 95.0603725}
[GdPAI | debug]   Snapshotting prop: at_target = Nil (Variant type: NIL)
[GdPAI | debug]   Snapshotting prop: held_item = Str("") (Variant type: STRING)
[GdPAI | debug]   Snapshotting prop: entity = Nil (Variant type: NIL)
[GdPAI | debug]   Snapshotting prop: hunger = Float(95.0603725) (Variant type: FLOAT)
WARNING: [GdPAI] ObjectRef(124621163998): object was freed before callback; returning Nil.
   at: gdplanningai_rust::logger::process_logs (src\logger.rs:66)
   GDScript backtrace (most recent call first):
       [0] _drain_scheduler (res://test/integration/test_campfire_example_smoke.gd:27)
WARNING: [GdPAI] ObjectRef(124134624705): object was freed before callback; returning Nil.
   at: gdplanningai_rust::logger::process_logs (src\logger.rs:66)
   GDScript backtrace (most recent call first):
       [0] _drain_scheduler (res://test/integration/test_campfire_example_smoke.gd:27)
WARNING: [GdPAI] ObjectRef(124134624705): object was freed before callback; returning Nil.
   at: gdplanningai_rust::logger::process_logs (src\logger.rs:66)
   GDScript backtrace (most recent call first):
       [0] _drain_scheduler (res://test/integration/test_campfire_example_smoke.gd:27)
[GdPAI | debug] ApplyEffect [Before] ID=InstanceId(-9223368638109551321): agent props = {"held_item": "", "hunger": 70.0627442063492, "entity": null, "at_target": null}
[GdPAI | debug] ApplyEffect [After] ID=InstanceId(-9223368638109551321): agent props = {"held_item": "", "hunger": 70.0627442063492, "entity": null, "at_target": null}
[GdPAI | debug]   Snapshotting prop: held_item = Str("") (Variant type: STRING)
[GdPAI | debug]   Snapshotting prop: hunger = Float(70.0627442063492) (Variant type: FLOAT)
[GdPAI | debug]   Snapshotting prop: entity = Nil (Variant type: NIL)
[GdPAI | debug]   Snapshotting prop: at_target = Nil (Variant type: NIL)
WARNING: [GdPAI] ObjectRef(1382643928884): object was freed before callback; returning Nil.
   at: gdplanningai_rust::logger::process_logs (src\logger.rs:66)
   GDScript backtrace (most recent call first):
       [0] _drain_scheduler (res://test/integration/test_campfire_example_smoke.gd:27)
WARNING: [GdPAI] ObjectRef(1382157389614): object was freed before callback; returning Nil.
   at: gdplanningai_rust::logger::process_logs (src\logger.rs:66)
   GDScript backtrace (most recent call first):
       [0] _drain_scheduler (res://test/integration/test_campfire_example_smoke.gd:27)
WARNING: [GdPAI] ObjectRef(1382157389614): object was freed before callback; returning Nil.
   at: gdplanningai_rust::logger::process_logs (src\logger.rs:66)
   GDScript backtrace (most recent call first):
       [0] _drain_scheduler (res://test/integration/test_campfire_example_smoke.gd:27)
[GdPAI | debug] GetCost: callable returned non-numeric value: null; returning INFINITY
WARNING: [GdPAI] ObjectRef(124621163998): object was freed before callback; returning Nil.
   at: gdplanningai_rust::logger::process_logs (src\logger.rs:66)
   GDScript backtrace (most recent call first):
       [0] _process (res://addons/GdPlanningAI/gdpai_autoload.gd:21)
[GdPAI | debug] GetCost: callable returned non-numeric value: null; returning INFINITY
WARNING: [GdPAI] ObjectRef(1382643928884): object was freed before callback; returning Nil.
   at: gdplanningai_rust::logger::process_logs (src\logger.rs:66)
   GDScript backtrace (most recent call first):
       [0] _process (res://addons/GdPlanningAI/gdpai_autoload.gd:21)
WARNING: [GdPAI] ObjectRef(1382157389614): object was freed before callback; returning Nil.
   at: gdplanningai_rust::logger::process_logs (src\logger.rs:66)
   GDScript backtrace (most recent call first):
       [0] _process (res://addons/GdPlanningAI/gdpai_autoload.gd:21)
WARNING: [GdPAI] ObjectRef(1382157389614): object was freed before callback; returning Nil.
   at: gdplanningai_rust::logger::process_logs (src\logger.rs:66)
   GDScript backtrace (most recent call first):
       [0] _process (res://addons/GdPlanningAI/gdpai_autoload.gd:21)
[GdPAI | debug] ApplyEffect [Before] ID=InstanceId(-9223368636079508182): agent props = {"at_target": null, "held_item": "", "entity": null, "hunger": 95.0603725}
[GdPAI | debug] ApplyEffect [After] ID=InstanceId(-9223368636079508182): agent props = {"at_target": null, "held_item": "", "entity": null, "hunger": 95.0603725}
[GdPAI | debug]   Snapshotting prop: at_target = Nil (Variant type: NIL)
[GdPAI | debug]   Snapshotting prop: held_item = Str("") (Variant type: STRING)
[GdPAI | debug]   Snapshotting prop: entity = Nil (Variant type: NIL)
[GdPAI | debug]   Snapshotting prop: hunger = Float(95.0603725) (Variant type: FLOAT)
WARNING: [GdPAI] ObjectRef(124621163998): object was freed before callback; returning Nil.
   at: gdplanningai_rust::logger::process_logs (src\logger.rs:66)
   GDScript backtrace (most recent call first):
       [0] _drain_scheduler (res://test/integration/test_campfire_example_smoke.gd:27)
[GdPAI | debug] ApplyEffect [Before] ID=InstanceId(-9223368635307756196): agent props = {"held_item": "wood", "entity": null, "at_target": null, "hunger": 70.0627442063492}
[GdPAI | debug] ApplyEffect [After] ID=InstanceId(-9223368635307756196): agent props = {"held_item": "wood", "entity": null, "at_target": null, "hunger": 70.0627442063492}
[GdPAI | debug]   Snapshotting prop: held_item = Str("wood") (Variant type: STRING)
[GdPAI | debug]   Snapshotting prop: entity = Nil (Variant type: NIL)
[GdPAI | debug]   Snapshotting prop: at_target = Nil (Variant type: NIL)
[GdPAI | debug]   Snapshotting prop: hunger = Float(70.0627442063492) (Variant type: FLOAT)
WARNING: [GdPAI] ObjectRef(1382643928884): object was freed before callback; returning Nil.
   at: gdplanningai_rust::logger::process_logs (src\logger.rs:66)
   GDScript backtrace (most recent call first):
       [0] _drain_scheduler (res://test/integration/test_campfire_example_smoke.gd:27)
WARNING: [GdPAI] ObjectRef(1382157389614): object was freed before callback; returning Nil.
   at: gdplanningai_rust::logger::process_logs (src\logger.rs:66)
   GDScript backtrace (most recent call first):
       [0] _drain_scheduler (res://test/integration/test_campfire_example_smoke.gd:27)
WARNING: [GdPAI] ObjectRef(1382157389614): object was freed before callback; returning Nil.
   at: gdplanningai_rust::logger::process_logs (src\logger.rs:66)
   GDScript backtrace (most recent call first):
       [0] _drain_scheduler (res://test/integration/test_campfire_example_smoke.gd:27)
[GdPAI | debug] GetCost: callable returned non-numeric value: null; returning INFINITY
WARNING: [GdPAI] ObjectRef(124621163998): object was freed before callback; returning Nil.
   at: gdplanningai_rust::logger::process_logs (src\logger.rs:66)
   GDScript backtrace (most recent call first):
       [0] _process (res://addons/GdPlanningAI/gdpai_autoload.gd:21)
WARNING: [GdPAI] ObjectRef(124621163998): object was freed before callback; returning Nil.
   at: gdplanningai_rust::logger::process_logs (src\logger.rs:66)
   GDScript backtrace (most recent call first):
       [0] _process (res://addons/GdPlanningAI/gdpai_autoload.gd:21)
[GdPAI | debug] GetCost: callable returned non-numeric value: null; returning INFINITY
WARNING: [GdPAI] ObjectRef(1382643928884): object was freed before callback; returning Nil.
   at: gdplanningai_rust::logger::process_logs (src\logger.rs:66)
   GDScript backtrace (most recent call first):
       [0] _process (res://addons/GdPlanningAI/gdpai_autoload.gd:21)
WARNING: [GdPAI] ObjectRef(1382157389614): object was freed before callback; returning Nil.
   at: gdplanningai_rust::logger::process_logs (src\logger.rs:66)
   GDScript backtrace (most recent call first):
       [0] _process (res://addons/GdPlanningAI/gdpai_autoload.gd:21)
WARNING: [GdPAI] ObjectRef(1382157389614): object was freed before callback; returning Nil.
   at: gdplanningai_rust::logger::process_logs (src\logger.rs:66)
   GDScript backtrace (most recent call first):
       [0] _process (res://addons/GdPlanningAI/gdpai_autoload.gd:21)
[GdPAI | debug] ApplyEffect [Before] ID=InstanceId(-9223368633378376364): agent props = {"hunger": 95.0603725, "at_target": null, "held_item": "", "entity": null}
[GdPAI | debug] ApplyEffect [After] ID=InstanceId(-9223368633378376364): agent props = {"hunger": 95.0603725, "at_target": null, "held_item": "", "entity": null}
[GdPAI | debug]   Snapshotting prop: hunger = Float(95.0603725) (Variant type: FLOAT)
[GdPAI | debug]   Snapshotting prop: at_target = Nil (Variant type: NIL)
[GdPAI | debug]   Snapshotting prop: held_item = Str("") (Variant type: STRING)
[GdPAI | debug]   Snapshotting prop: entity = Nil (Variant type: NIL)
WARNING: [GdPAI] ObjectRef(124621163998): object was freed before callback; returning Nil.
   at: gdplanningai_rust::logger::process_logs (src\logger.rs:66)
   GDScript backtrace (most recent call first):
       [0] _drain_scheduler (res://test/integration/test_campfire_example_smoke.gd:27)
WARNING: [GdPAI] ObjectRef(124621163998): object was freed before callback; returning Nil.
   at: gdplanningai_rust::logger::process_logs (src\logger.rs:66)
   GDScript backtrace (most recent call first):
       [0] _drain_scheduler (res://test/integration/test_campfire_example_smoke.gd:27)
[GdPAI | debug] ApplyEffect [Before] ID=InstanceId(-9223368632556292737): agent props = {"entity": null, "held_item": "", "hunger": 70.0627442063492}
[GdPAI | debug] ApplyEffect [After] ID=InstanceId(-9223368632556292737): agent props = {"entity": null, "held_item": "", "hunger": 70.0627442063492}
[GdPAI | debug]   Snapshotting prop: entity = Nil (Variant type: NIL)
[GdPAI | debug]   Snapshotting prop: held_item = Str("") (Variant type: STRING)
[GdPAI | debug]   Snapshotting prop: hunger = Float(70.0627442063492) (Variant type: FLOAT)
WARNING: [GdPAI] ObjectRef(1382643928884): object was freed before callback; returning Nil.
   at: gdplanningai_rust::logger::process_logs (src\logger.rs:66)
   GDScript backtrace (most recent call first):
       [0] _drain_scheduler (res://test/integration/test_campfire_example_smoke.gd:27)
[GdPAI | debug] GetCost: callable returned non-numeric value: null; returning INFINITY
WARNING: [GdPAI] ObjectRef(124621163998): object was freed before callback; returning Nil.
   at: gdplanningai_rust::logger::process_logs (src\logger.rs:66)
   GDScript backtrace (most recent call first):
       [0] _process (res://addons/GdPlanningAI/gdpai_autoload.gd:21)
[GdPAI | debug] GetCost: callable returned non-numeric value: null; returning INFINITY
WARNING: [GdPAI] ObjectRef(1382643928884): object was freed before callback; returning Nil.
   at: gdplanningai_rust::logger::process_logs (src\logger.rs:66)
   GDScript backtrace (most recent call first):
       [0] _process (res://addons/GdPlanningAI/gdpai_autoload.gd:21)
[GdPAI | debug] ApplyEffect [Before] ID=InstanceId(-9223368630677244649): agent props = {"entity": null, "at_target": null, "held_item": "wood", "hunger": 95.0603725}
[GdPAI | debug] ApplyEffect [After] ID=InstanceId(-9223368630677244649): agent props = {"entity": null, "at_target": null, "held_item": "wood", "hunger": 95.0603725}
[GdPAI | debug]   Snapshotting prop: entity = Nil (Variant type: NIL)
[GdPAI | debug]   Snapshotting prop: at_target = Nil (Variant type: NIL)
[GdPAI | debug]   Snapshotting prop: held_item = Str("wood") (Variant type: STRING)
[GdPAI | debug]   Snapshotting prop: hunger = Float(95.0603725) (Variant type: FLOAT)
WARNING: [GdPAI] ObjectRef(124621163998): object was freed before callback; returning Nil.
   at: gdplanningai_rust::logger::process_logs (src\logger.rs:66)
   GDScript backtrace (most recent call first):
       [0] _drain_scheduler (res://test/integration/test_campfire_example_smoke.gd:27)
[GdPAI | debug] ApplyEffect [Before] ID=InstanceId(-9223368630006155927): agent props = {"held_item": "", "hunger": 70.0627442063492, "entity": null}
[GdPAI | debug] ApplyEffect [After] ID=InstanceId(-9223368630006155927): agent props = {"held_item": "", "hunger": 70.0627442063492, "entity": null}
[GdPAI | debug]   Snapshotting prop: held_item = Str("") (Variant type: STRING)
[GdPAI | debug]   Snapshotting prop: hunger = Float(70.0627442063492) (Variant type: FLOAT)
[GdPAI | debug]   Snapshotting prop: entity = Nil (Variant type: NIL)
WARNING: [GdPAI] ObjectRef(1382643928884): object was freed before callback; returning Nil.
   at: gdplanningai_rust::logger::process_logs (src\logger.rs:66)
   GDScript backtrace (most recent call first):
       [0] _drain_scheduler (res://test/integration/test_campfire_example_smoke.gd:27)
WARNING: [GdPAI] ObjectRef(1382643928884): object was freed before callback; returning Nil.
   at: gdplanningai_rust::logger::process_logs (src\logger.rs:66)
   GDScript backtrace (most recent call first):
       [0] _drain_scheduler (res://test/integration/test_campfire_example_smoke.gd:27)
[GdPAI | debug] GetCost: callable returned non-numeric value: null; returning INFINITY
WARNING: [GdPAI] ObjectRef(124621163998): object was freed before callback; returning Nil.
   at: gdplanningai_rust::logger::process_logs (src\logger.rs:66)
   GDScript backtrace (most recent call first):
       [0] _process (res://addons/GdPlanningAI/gdpai_autoload.gd:21)
[GdPAI | debug] GetCost: callable returned non-numeric value: null; returning INFINITY
WARNING: [GdPAI] ObjectRef(1382643928884): object was freed before callback; returning Nil.
   at: gdplanningai_rust::logger::process_logs (src\logger.rs:66)
   GDScript backtrace (most recent call first):
       [0] _process (res://addons/GdPlanningAI/gdpai_autoload.gd:21)
WARNING: [GdPAI] ObjectRef(1382643928884): object was freed before callback; returning Nil.
   at: gdplanningai_rust::logger::process_logs (src\logger.rs:66)
   GDScript backtrace (most recent call first):
       [0] _process (res://addons/GdPlanningAI/gdpai_autoload.gd:21)
[GdPAI | debug] ApplyEffect [Before] ID=InstanceId(-9223368628127107759): agent props = {"hunger": 95.0603725, "held_item": "", "entity": null}
[GdPAI | debug] ApplyEffect [After] ID=InstanceId(-9223368628127107759): agent props = {"hunger": 95.0603725, "held_item": "", "entity": null}
[GdPAI | debug]   Snapshotting prop: hunger = Float(95.0603725) (Variant type: FLOAT)
[GdPAI | debug]   Snapshotting prop: held_item = Str("") (Variant type: STRING)
[GdPAI | debug]   Snapshotting prop: entity = Nil (Variant type: NIL)
WARNING: [GdPAI] ObjectRef(124621163998): object was freed before callback; returning Nil.
   at: gdplanningai_rust::logger::process_logs (src\logger.rs:66)
   GDScript backtrace (most recent call first):
       [0] _drain_scheduler (res://test/integration/test_campfire_example_smoke.gd:27)
[GdPAI | debug] ApplyEffect [Before] ID=InstanceId(-9223368627405687415): agent props = {"hunger": 70.0627442063492, "entity": null, "held_item": ""}
[GdPAI | debug] ApplyEffect [After] ID=InstanceId(-9223368627405687415): agent props = {"hunger": 70.0627442063492, "entity": null, "held_item": ""}
[GdPAI | debug]   Snapshotting prop: hunger = Float(70.0627442063492) (Variant type: FLOAT)
[GdPAI | debug]   Snapshotting prop: entity = Nil (Variant type: NIL)
[GdPAI | debug]   Snapshotting prop: held_item = Str("") (Variant type: STRING)
WARNING: [GdPAI] ObjectRef(1382643928884): object was freed before callback; returning Nil.
   at: gdplanningai_rust::logger::process_logs (src\logger.rs:66)
   GDScript backtrace (most recent call first):
       [0] _drain_scheduler (res://test/integration/test_campfire_example_smoke.gd:27)
[GdPAI | debug] GetCost: callable returned non-numeric value: null; returning INFINITY
WARNING: [GdPAI] ObjectRef(124621163998): object was freed before callback; returning Nil.
   at: gdplanningai_rust::logger::process_logs (src\logger.rs:66)
   GDScript backtrace (most recent call first):
       [0] _process (res://addons/GdPlanningAI/gdpai_autoload.gd:21)
[GdPAI | debug] GetCost: callable returned non-numeric value: null; returning INFINITY
WARNING: [GdPAI] ObjectRef(1382643928884): object was freed before callback; returning Nil.
   at: gdplanningai_rust::logger::process_logs (src\logger.rs:66)
   GDScript backtrace (most recent call first):
       [0] _process (res://addons/GdPlanningAI/gdpai_autoload.gd:21)
[GdPAI | debug] ApplyEffect [Before] ID=InstanceId(-9223368625576970892): agent props = {"hunger": 95.0603725, "entity": null, "held_item": ""}
[GdPAI | debug] ApplyEffect [After] ID=InstanceId(-9223368625576970892): agent props = {"hunger": 95.0603725, "entity": null, "held_item": ""}
[GdPAI | debug]   Snapshotting prop: hunger = Float(95.0603725) (Variant type: FLOAT)
[GdPAI | debug]   Snapshotting prop: entity = Nil (Variant type: NIL)
[GdPAI | debug]   Snapshotting prop: held_item = Str("") (Variant type: STRING)
WARNING: [GdPAI] ObjectRef(124621163998): object was freed before callback; returning Nil.
   at: gdplanningai_rust::logger::process_logs (src\logger.rs:66)
   GDScript backtrace (most recent call first):
       [0] _drain_scheduler (res://test/integration/test_campfire_example_smoke.gd:27)
[GdPAI | debug] ApplyEffect [Before] ID=InstanceId(-9223368624905882188): agent props = {"held_item": "", "entity": null, "hunger": 70.0627442063492}
[GdPAI | debug] ApplyEffect [After] ID=InstanceId(-9223368624905882188): agent props = {"held_item": "", "entity": null, "hunger": 70.0627442063492}
[GdPAI | debug]   Snapshotting prop: held_item = Str("") (Variant type: STRING)
[GdPAI | debug]   Snapshotting prop: entity = Nil (Variant type: NIL)
[GdPAI | debug]   Snapshotting prop: hunger = Float(70.0627442063492) (Variant type: FLOAT)
WARNING: [GdPAI] ObjectRef(1382643928884): object was freed before callback; returning Nil.
   at: gdplanningai_rust::logger::process_logs (src\logger.rs:66)
   GDScript backtrace (most recent call first):
       [0] _drain_scheduler (res://test/integration/test_campfire_example_smoke.gd:27)
WARNING: [GdPAI] ObjectRef(1382157389614): object was freed before callback; returning Nil.
   at: gdplanningai_rust::logger::process_logs (src\logger.rs:66)
   GDScript backtrace (most recent call first):
       [0] _drain_scheduler (res://test/integration/test_campfire_example_smoke.gd:27)
WARNING: [GdPAI] ObjectRef(1382157389614): object was freed before callback; returning Nil.
   at: gdplanningai_rust::logger::process_logs (src\logger.rs:66)
   GDScript backtrace (most recent call first):
       [0] _drain_scheduler (res://test/integration/test_campfire_example_smoke.gd:27)
[GdPAI | debug] GetCost: callable returned non-numeric value: null; returning INFINITY
WARNING: [GdPAI] ObjectRef(124621163998): object was freed before callback; returning Nil.
   at: gdplanningai_rust::logger::process_logs (src\logger.rs:66)
   GDScript backtrace (most recent call first):
       [0] _process (res://addons/GdPlanningAI/gdpai_autoload.gd:21)
[GdPAI | debug] GetCost: callable returned non-numeric value: null; returning INFINITY
WARNING: [GdPAI] ObjectRef(1382643928884): object was freed before callback; returning Nil.
   at: gdplanningai_rust::logger::process_logs (src\logger.rs:66)
   GDScript backtrace (most recent call first):
       [0] _process (res://addons/GdPlanningAI/gdpai_autoload.gd:21)
WARNING: [GdPAI] ObjectRef(1382157389614): object was freed before callback; returning Nil.
   at: gdplanningai_rust::logger::process_logs (src\logger.rs:66)
   GDScript backtrace (most recent call first):
       [0] _process (res://addons/GdPlanningAI/gdpai_autoload.gd:21)
WARNING: [GdPAI] ObjectRef(1382157389614): object was freed before callback; returning Nil.
   at: gdplanningai_rust::logger::process_logs (src\logger.rs:66)
   GDScript backtrace (most recent call first):
       [0] _process (res://addons/GdPlanningAI/gdpai_autoload.gd:21)
[GdPAI | debug] ApplyEffect [Before] ID=InstanceId(-9223368622976502378): agent props = {"held_item": "", "at_target": null, "hunger": 95.0603725, "entity": null}
[GdPAI | debug] ApplyEffect [After] ID=InstanceId(-9223368622976502378): agent props = {"held_item": "", "at_target": null, "hunger": 95.0603725, "entity": null}
[GdPAI | debug]   Snapshotting prop: held_item = Str("") (Variant type: STRING)
[GdPAI | debug]   Snapshotting prop: at_target = Nil (Variant type: NIL)
[GdPAI | debug]   Snapshotting prop: hunger = Float(95.0603725) (Variant type: FLOAT)
[GdPAI | debug]   Snapshotting prop: entity = Nil (Variant type: NIL)
WARNING: [GdPAI] ObjectRef(124621163998): object was freed before callback; returning Nil.
   at: gdplanningai_rust::logger::process_logs (src\logger.rs:66)
   GDScript backtrace (most recent call first):
       [0] _drain_scheduler (res://test/integration/test_campfire_example_smoke.gd:27)
[GdPAI | debug] ApplyEffect [Before] ID=InstanceId(-9223368622204750408): agent props = {"hunger": 70.0627442063492, "held_item": "", "entity": null}
[GdPAI | debug] ApplyEffect [After] ID=InstanceId(-9223368622204750408): agent props = {"hunger": 70.0627442063492, "held_item": "", "entity": null}
[GdPAI | debug]   Snapshotting prop: hunger = Float(70.0627442063492) (Variant type: FLOAT)
[GdPAI | debug]   Snapshotting prop: held_item = Str("") (Variant type: STRING)
[GdPAI | debug]   Snapshotting prop: entity = Nil (Variant type: NIL)
WARNING: [GdPAI] ObjectRef(1382643928884): object was freed before callback; returning Nil.
   at: gdplanningai_rust::logger::process_logs (src\logger.rs:66)
   GDScript backtrace (most recent call first):
       [0] _drain_scheduler (res://test/integration/test_campfire_example_smoke.gd:27)
WARNING: [GdPAI] ObjectRef(1382157389614): object was freed before callback; returning Nil.
   at: gdplanningai_rust::logger::process_logs (src\logger.rs:66)
   GDScript backtrace (most recent call first):
       [0] _drain_scheduler (res://test/integration/test_campfire_example_smoke.gd:27)
WARNING: [GdPAI] ObjectRef(1382157389614): object was freed before callback; returning Nil.
   at: gdplanningai_rust::logger::process_logs (src\logger.rs:66)
   GDScript backtrace (most recent call first):
       [0] _drain_scheduler (res://test/integration/test_campfire_example_smoke.gd:27)
[GdPAI | debug] GetCost: callable returned non-numeric value: null; returning INFINITY
WARNING: [GdPAI] ObjectRef(124621163998): object was freed before callback; returning Nil.
   at: gdplanningai_rust::logger::process_logs (src\logger.rs:66)
   GDScript backtrace (most recent call first):
       [0] _process (res://addons/GdPlanningAI/gdpai_autoload.gd:21)
[GdPAI | debug] GetCost: callable returned non-numeric value: null; returning INFINITY
WARNING: [GdPAI] ObjectRef(1382643928884): object was freed before callback; returning Nil.
   at: gdplanningai_rust::logger::process_logs (src\logger.rs:66)
   GDScript backtrace (most recent call first):
       [0] _process (res://addons/GdPlanningAI/gdpai_autoload.gd:21)
WARNING: [GdPAI] ObjectRef(1382157389614): object was freed before callback; returning Nil.
   at: gdplanningai_rust::logger::process_logs (src\logger.rs:66)
   GDScript backtrace (most recent call first):
       [0] _process (res://addons/GdPlanningAI/gdpai_autoload.gd:21)
WARNING: [GdPAI] ObjectRef(1382157389614): object was freed before callback; returning Nil.
   at: gdplanningai_rust::logger::process_logs (src\logger.rs:66)
   GDScript backtrace (most recent call first):
       [0] _process (res://addons/GdPlanningAI/gdpai_autoload.gd:21)
[GdPAI | debug] ApplyEffect [Before] ID=InstanceId(-9223368620275370562): agent props = {"hunger": 95.0603725, "entity": null, "held_item": "", "at_target": null}
[GdPAI | debug] ApplyEffect [After] ID=InstanceId(-9223368620275370562): agent props = {"hunger": 95.0603725, "entity": null, "held_item": "", "at_target": null}
[GdPAI | debug]   Snapshotting prop: hunger = Float(95.0603725) (Variant type: FLOAT)
[GdPAI | debug]   Snapshotting prop: entity = Nil (Variant type: NIL)
[GdPAI | debug]   Snapshotting prop: held_item = Str("") (Variant type: STRING)
[GdPAI | debug]   Snapshotting prop: at_target = Nil (Variant type: NIL)
WARNING: [GdPAI] ObjectRef(124621163998): object was freed before callback; returning Nil.
   at: gdplanningai_rust::logger::process_logs (src\logger.rs:66)
   GDScript backtrace (most recent call first):
       [0] _drain_scheduler (res://test/integration/test_campfire_example_smoke.gd:27)
[GdPAI | debug] ApplyEffect [Before] ID=InstanceId(-9223368619503618621): agent props = {"hunger": 70.0627442063492, "held_item": "wood", "entity": null}
[GdPAI | debug] ApplyEffect [After] ID=InstanceId(-9223368619503618621): agent props = {"hunger": 70.0627442063492, "held_item": "wood", "entity": null}
[GdPAI | debug]   Snapshotting prop: hunger = Float(70.0627442063492) (Variant type: FLOAT)
[GdPAI | debug]   Snapshotting prop: held_item = Str("wood") (Variant type: STRING)
[GdPAI | debug]   Snapshotting prop: entity = Nil (Variant type: NIL)
WARNING: [GdPAI] ObjectRef(1382643928884): object was freed before callback; returning Nil.
   at: gdplanningai_rust::logger::process_logs (src\logger.rs:66)
   GDScript backtrace (most recent call first):
       [0] _drain_scheduler (res://test/integration/test_campfire_example_smoke.gd:27)
[GdPAI | debug] GetCost: callable returned non-numeric value: null; returning INFINITY
[GdPAI | debug] Numeric comparison: 70.0627442063492 GreaterThan 0 -> true
WARNING: [GdPAI] ObjectRef(124621163998): object was freed before callback; returning Nil.
   at: gdplanningai_rust::logger::process_logs (src\logger.rs:66)
   GDScript backtrace (most recent call first):
       [0] _process (res://addons/GdPlanningAI/gdpai_autoload.gd:21)
WARNING: [GdPAI] ObjectRef(124621163998): object was freed before callback; returning Nil.
   at: gdplanningai_rust::logger::process_logs (src\logger.rs:66)
   GDScript backtrace (most recent call first):
       [0] _process (res://addons/GdPlanningAI/gdpai_autoload.gd:21)
WARNING: [GdPAI] ObjectRef(124134624705): object was freed before callback; returning Nil.
   at: gdplanningai_rust::logger::process_logs (src\logger.rs:66)
   GDScript backtrace (most recent call first):
       [0] _process (res://addons/GdPlanningAI/gdpai_autoload.gd:21)
WARNING: [GdPAI] ObjectRef(125661351450): object was freed before callback; returning Nil.
   at: gdplanningai_rust::logger::process_logs (src\logger.rs:66)
   GDScript backtrace (most recent call first):
       [0] _process (res://addons/GdPlanningAI/gdpai_autoload.gd:21)
WARNING: [GdPAI] ObjectRef(124587609564): object was freed before callback; returning Nil.
   at: gdplanningai_rust::logger::process_logs (src\logger.rs:66)
   GDScript backtrace (most recent call first):
       [0] _process (res://addons/GdPlanningAI/gdpai_autoload.gd:21)
WARNING: [GdPAI] ObjectRef(124587609564): object was freed before callback; returning Nil.
   at: gdplanningai_rust::logger::process_logs (src\logger.rs:66)
   GDScript backtrace (most recent call first):
       [0] _process (res://addons/GdPlanningAI/gdpai_autoload.gd:21)
WARNING: [GdPAI] ObjectRef(124134624705): object was freed before callback; returning Nil.
   at: gdplanningai_rust::logger::process_logs (src\logger.rs:66)
   GDScript backtrace (most recent call first):
       [0] _process (res://addons/GdPlanningAI/gdpai_autoload.gd:21)
WARNING: [GdPAI] ObjectRef(125661351450): object was freed before callback; returning Nil.
   at: gdplanningai_rust::logger::process_logs (src\logger.rs:66)
   GDScript backtrace (most recent call first):
       [0] _process (res://addons/GdPlanningAI/gdpai_autoload.gd:21)
WARNING: [GdPAI] ObjectRef(124587609564): object was freed before callback; returning Nil.
   at: gdplanningai_rust::logger::process_logs (src\logger.rs:66)
   GDScript backtrace (most recent call first):
       [0] _process (res://addons/GdPlanningAI/gdpai_autoload.gd:21)
WARNING: [GdPAI] ObjectRef(124587609564): object was freed before callback; returning Nil.
   at: gdplanningai_rust::logger::process_logs (src\logger.rs:66)
   GDScript backtrace (most recent call first):
       [0] _process (res://addons/GdPlanningAI/gdpai_autoload.gd:21)
[GdPAI | debug] GetCost: callable returned non-numeric value: null; returning INFINITY
WARNING: [GdPAI] ObjectRef(1382643928884): object was freed before callback; returning Nil.
   at: gdplanningai_rust::logger::process_logs (src\logger.rs:66)
   GDScript backtrace (most recent call first):
       [0] _process (res://addons/GdPlanningAI/gdpai_autoload.gd:21)
[GdPAI | debug] ApplyEffect [Before] ID=InstanceId(-9223368617674902070): agent props = {"hunger": 95.0603725, "held_item": "wood", "entity": null, "at_target": null}
[GdPAI | debug] ApplyEffect [After] ID=InstanceId(-9223368617674902070): agent props = {"hunger": 95.0603725, "held_item": "wood", "entity": null, "at_target": null}
[GdPAI | debug]   Snapshotting prop: hunger = Float(95.0603725) (Variant type: FLOAT)
[GdPAI | debug]   Snapshotting prop: held_item = Str("wood") (Variant type: STRING)
[GdPAI | debug]   Snapshotting prop: entity = Nil (Variant type: NIL)
[GdPAI | debug]   Snapshotting prop: at_target = Nil (Variant type: NIL)
WARNING: [GdPAI] ObjectRef(124621163998): object was freed before callback; returning Nil.
   at: gdplanningai_rust::logger::process_logs (src\logger.rs:66)
   GDScript backtrace (most recent call first):
       [0] _drain_scheduler (res://test/integration/test_campfire_example_smoke.gd:27)
WARNING: [GdPAI] ObjectRef(124621163998): object was freed before callback; returning Nil.
   at: gdplanningai_rust::logger::process_logs (src\logger.rs:66)
   GDScript backtrace (most recent call first):
       [0] _drain_scheduler (res://test/integration/test_campfire_example_smoke.gd:27)
WARNING: [GdPAI] ObjectRef(124134624705): object was freed before callback; returning Nil.
   at: gdplanningai_rust::logger::process_logs (src\logger.rs:66)
   GDScript backtrace (most recent call first):
       [0] _drain_scheduler (res://test/integration/test_campfire_example_smoke.gd:27)
WARNING: [GdPAI] ObjectRef(125661351450): object was freed before callback; returning Nil.
   at: gdplanningai_rust::logger::process_logs (src\logger.rs:66)
   GDScript backtrace (most recent call first):
       [0] _drain_scheduler (res://test/integration/test_campfire_example_smoke.gd:27)
WARNING: [GdPAI] ObjectRef(124587609564): object was freed before callback; returning Nil.
   at: gdplanningai_rust::logger::process_logs (src\logger.rs:66)
   GDScript backtrace (most recent call first):
       [0] _drain_scheduler (res://test/integration/test_campfire_example_smoke.gd:27)
WARNING: [GdPAI] ObjectRef(124587609564): object was freed before callback; returning Nil.
   at: gdplanningai_rust::logger::process_logs (src\logger.rs:66)
   GDScript backtrace (most recent call first):
       [0] _drain_scheduler (res://test/integration/test_campfire_example_smoke.gd:27)
WARNING: [GdPAI] ObjectRef(124134624705): object was freed before callback; returning Nil.
   at: gdplanningai_rust::logger::process_logs (src\logger.rs:66)
   GDScript backtrace (most recent call first):
       [0] _drain_scheduler (res://test/integration/test_campfire_example_smoke.gd:27)
WARNING: [GdPAI] ObjectRef(125661351450): object was freed before callback; returning Nil.
   at: gdplanningai_rust::logger::process_logs (src\logger.rs:66)
   GDScript backtrace (most recent call first):
       [0] _drain_scheduler (res://test/integration/test_campfire_example_smoke.gd:27)
WARNING: [GdPAI] ObjectRef(124587609564): object was freed before callback; returning Nil.
   at: gdplanningai_rust::logger::process_logs (src\logger.rs:66)
   GDScript backtrace (most recent call first):
       [0] _drain_scheduler (res://test/integration/test_campfire_example_smoke.gd:27)
WARNING: [GdPAI] ObjectRef(124587609564): object was freed before callback; returning Nil.
   at: gdplanningai_rust::logger::process_logs (src\logger.rs:66)
   GDScript backtrace (most recent call first):
       [0] _drain_scheduler (res://test/integration/test_campfire_example_smoke.gd:27)
[GdPAI | debug] ApplyEffect [Before] ID=InstanceId(-9223368616550828602): agent props = {"entity": null, "held_item": "", "at_target": null, "hunger": 70.0627442063492}
[GdPAI | debug] ApplyEffect [After] ID=InstanceId(-9223368616550828602): agent props = {"entity": null, "held_item": "", "at_target": null, "hunger": 70.0627442063492}
[GdPAI | debug]   Snapshotting prop: entity = Nil (Variant type: NIL)
[GdPAI | debug]   Snapshotting prop: held_item = Str("") (Variant type: STRING)
[GdPAI | debug]   Snapshotting prop: at_target = Nil (Variant type: NIL)
[GdPAI | debug]   Snapshotting prop: hunger = Float(70.0627442063492) (Variant type: FLOAT)
WARNING: [GdPAI] ObjectRef(1382643928884): object was freed before callback; returning Nil.
   at: gdplanningai_rust::logger::process_logs (src\logger.rs:66)
   GDScript backtrace (most recent call first):
       [0] _drain_scheduler (res://test/integration/test_campfire_example_smoke.gd:27)
WARNING: [GdPAI] ObjectRef(1382643928884): object was freed before callback; returning Nil.
   at: gdplanningai_rust::logger::process_logs (src\logger.rs:66)
   GDScript backtrace (most recent call first):
       [0] _drain_scheduler (res://test/integration/test_campfire_example_smoke.gd:27)
[GdPAI | debug] GetCost: callable returned non-numeric value: null; returning INFINITY
WARNING: [GdPAI] ObjectRef(124621163998): object was freed before callback; returning Nil.
   at: gdplanningai_rust::logger::process_logs (src\logger.rs:66)
   GDScript backtrace (most recent call first):
       [0] _process (res://addons/GdPlanningAI/gdpai_autoload.gd:21)
WARNING: [GdPAI] ObjectRef(124587609564): object was freed before callback; returning Nil.
   at: gdplanningai_rust::logger::process_logs (src\logger.rs:66)
   GDScript backtrace (most recent call first):
       [0] _process (res://addons/GdPlanningAI/gdpai_autoload.gd:21)
WARNING: [GdPAI] ObjectRef(124587609564): object was freed before callback; returning Nil.
   at: gdplanningai_rust::logger::process_logs (src\logger.rs:66)
   GDScript backtrace (most recent call first):
       [0] _process (res://addons/GdPlanningAI/gdpai_autoload.gd:21)
[GdPAI | debug] GetCost: callable returned non-numeric value: null; returning INFINITY
WARNING: [GdPAI] ObjectRef(1382643928884): object was freed before callback; returning Nil.
   at: gdplanningai_rust::logger::process_logs (src\logger.rs:66)
   GDScript backtrace (most recent call first):
       [0] _process (res://addons/GdPlanningAI/gdpai_autoload.gd:21)
WARNING: [GdPAI] ObjectRef(1382643928884): object was freed before callback; returning Nil.
   at: gdplanningai_rust::logger::process_logs (src\logger.rs:66)
   GDScript backtrace (most recent call first):
       [0] _process (res://addons/GdPlanningAI/gdpai_autoload.gd:21)
[GdPAI | debug] ApplyEffect [Before] ID=InstanceId(-9223368614218795577): agent props = {"entity": null, "held_item": "", "hunger": 95.0603725}
[GdPAI | debug] ApplyEffect [After] ID=InstanceId(-9223368614218795577): agent props = {"entity": null, "held_item": "", "hunger": 95.0603725}
[GdPAI | debug]   Snapshotting prop: entity = Nil (Variant type: NIL)
[GdPAI | debug]   Snapshotting prop: held_item = Str("") (Variant type: STRING)
[GdPAI | debug]   Snapshotting prop: hunger = Float(95.0603725) (Variant type: FLOAT)
WARNING: [GdPAI] ObjectRef(124621163998): object was freed before callback; returning Nil.
   at: gdplanningai_rust::logger::process_logs (src\logger.rs:66)
   GDScript backtrace (most recent call first):
       [0] _process (res://addons/GdPlanningAI/gdpai_autoload.gd:21)
WARNING: [GdPAI] ObjectRef(124587609564): object was freed before callback; returning Nil.
   at: gdplanningai_rust::logger::process_logs (src\logger.rs:66)
   GDScript backtrace (most recent call first):
       [0] _process (res://addons/GdPlanningAI/gdpai_autoload.gd:21)
WARNING: [GdPAI] ObjectRef(124587609564): object was freed before callback; returning Nil.
   at: gdplanningai_rust::logger::process_logs (src\logger.rs:66)
   GDScript backtrace (most recent call first):
       [0] _process (res://addons/GdPlanningAI/gdpai_autoload.gd:21)
[GdPAI | debug] ApplyEffect [Before] ID=InstanceId(-9223368613379934695): agent props = {"hunger": 70.0627442063492, "entity": null, "at_target": null, "held_item": ""}
[GdPAI | debug] ApplyEffect [After] ID=InstanceId(-9223368613379934695): agent props = {"hunger": 70.0627442063492, "entity": null, "at_target": null, "held_item": ""}
[GdPAI | debug]   Snapshotting prop: hunger = Float(70.0627442063492) (Variant type: FLOAT)
[GdPAI | debug]   Snapshotting prop: entity = Nil (Variant type: NIL)
[GdPAI | debug]   Snapshotting prop: at_target = Nil (Variant type: NIL)
[GdPAI | debug]   Snapshotting prop: held_item = Str("") (Variant type: STRING)
WARNING: [GdPAI] ObjectRef(1382643928884): object was freed before callback; returning Nil.
   at: gdplanningai_rust::logger::process_logs (src\logger.rs:66)
   GDScript backtrace (most recent call first):
       [0] _process (res://addons/GdPlanningAI/gdpai_autoload.gd:21)
[GdPAI | debug] GetCost: callable returned non-numeric value: null; returning INFINITY
* test_cannot_cook_without_potato
WARNING: [GdPAI] ObjectRef(124621163998): object was freed before callback; returning Nil.
   at: gdplanningai_rust::logger::process_logs (src\logger.rs:66)
   GDScript backtrace (most recent call first):
       [0] _process (res://addons/GdPlanningAI/gdpai_autoload.gd:21)
WARNING: [GdPAI] ObjectRef(124587609564): object was freed before callback; returning Nil.
   at: gdplanningai_rust::logger::process_logs (src\logger.rs:66)
   GDScript backtrace (most recent call first):
       [0] _process (res://addons/GdPlanningAI/gdpai_autoload.gd:21)
WARNING: [GdPAI] ObjectRef(124587609564): object was freed before callback; returning Nil.
   at: gdplanningai_rust::logger::process_logs (src\logger.rs:66)
   GDScript backtrace (most recent call first):
       [0] _process (res://addons/GdPlanningAI/gdpai_autoload.gd:21)
[GdPAI | debug] GetCost: callable returned non-numeric value: null; returning INFINITY
WARNING: [GdPAI] ObjectRef(1382643928884): object was freed before callback; returning Nil.
   at: gdplanningai_rust::logger::process_logs (src\logger.rs:66)
   GDScript backtrace (most recent call first):
       [0] _process (res://addons/GdPlanningAI/gdpai_autoload.gd:21)
[GdPAI | debug] ApplyEffect [Before] ID=InstanceId(-9223368609219211849): agent props = {"entity": null, "held_item": "", "hunger": 95.0603725}
[GdPAI | debug] ApplyEffect [After] ID=InstanceId(-9223368609219211849): agent props = {"entity": null, "held_item": "", "hunger": 95.0603725}
[GdPAI | debug]   Snapshotting prop: entity = Nil (Variant type: NIL)
[GdPAI | debug]   Snapshotting prop: held_item = Str("") (Variant type: STRING)
[GdPAI | debug]   Snapshotting prop: hunger = Float(95.0603725) (Variant type: FLOAT)
WARNING: [GdPAI] ObjectRef(124621163998): object was freed before callback; returning Nil.
   at: gdplanningai_rust::logger::process_logs (src\logger.rs:66)
   GDScript backtrace (most recent call first):
       [0] _process (res://addons/GdPlanningAI/gdpai_autoload.gd:21)
WARNING: [GdPAI] ObjectRef(124587609564): object was freed before callback; returning Nil.
   at: gdplanningai_rust::logger::process_logs (src\logger.rs:66)
   GDScript backtrace (most recent call first):
       [0] _process (res://addons/GdPlanningAI/gdpai_autoload.gd:21)
WARNING: [GdPAI] ObjectRef(124587609564): object was freed before callback; returning Nil.
   at: gdplanningai_rust::logger::process_logs (src\logger.rs:66)
   GDScript backtrace (most recent call first):
       [0] _process (res://addons/GdPlanningAI/gdpai_autoload.gd:21)
[GdPAI | debug] ApplyEffect [Before] ID=InstanceId(-9223368608397128237): agent props = {"held_item": "", "hunger": 70.0627442063492, "entity": null, "at_target": null}
[GdPAI | debug] ApplyEffect [After] ID=InstanceId(-9223368608397128237): agent props = {"held_item": "", "hunger": 70.0627442063492, "entity": null, "at_target": null}
[GdPAI | debug]   Snapshotting prop: held_item = Str("") (Variant type: STRING)
[GdPAI | debug]   Snapshotting prop: hunger = Float(70.0627442063492) (Variant type: FLOAT)
[GdPAI | debug]   Snapshotting prop: entity = Nil (Variant type: NIL)
[GdPAI | debug]   Snapshotting prop: at_target = Nil (Variant type: NIL)
WARNING: [GdPAI] ObjectRef(1382643928884): object was freed before callback; returning Nil.
   at: gdplanningai_rust::logger::process_logs (src\logger.rs:66)
   GDScript backtrace (most recent call first):
       [0] _process (res://addons/GdPlanningAI/gdpai_autoload.gd:21)
WARNING: [GdPAI] ObjectRef(1382157389614): object was freed before callback; returning Nil.
   at: gdplanningai_rust::logger::process_logs (src\logger.rs:66)
   GDScript backtrace (most recent call first):
       [0] _process (res://addons/GdPlanningAI/gdpai_autoload.gd:21)
WARNING: [GdPAI] ObjectRef(1382157389614): object was freed before callback; returning Nil.
   at: gdplanningai_rust::logger::process_logs (src\logger.rs:66)
   GDScript backtrace (most recent call first):
       [0] _process (res://addons/GdPlanningAI/gdpai_autoload.gd:21)
[GdPAI | debug] GetCost: callable returned non-numeric value: null; returning INFINITY
WARNING: [GdPAI] ObjectRef(124621163998): object was freed before callback; returning Nil.
   at: gdplanningai_rust::logger::process_logs (src\logger.rs:66)
   GDScript backtrace (most recent call first):
       [0] _process (res://addons/GdPlanningAI/gdpai_autoload.gd:21)
WARNING: [GdPAI] ObjectRef(125661351450): object was freed before callback; returning Nil.
   at: gdplanningai_rust::logger::process_logs (src\logger.rs:66)
   GDScript backtrace (most recent call first):
       [0] _process (res://addons/GdPlanningAI/gdpai_autoload.gd:21)
WARNING: [GdPAI] ObjectRef(125661351450): object was freed before callback; returning Nil.
   at: gdplanningai_rust::logger::process_logs (src\logger.rs:66)
   GDScript backtrace (most recent call first):
       [0] _process (res://addons/GdPlanningAI/gdpai_autoload.gd:21)
[GdPAI | debug] GetCost: callable returned non-numeric value: null; returning INFINITY
WARNING: [GdPAI] ObjectRef(1382643928884): object was freed before callback; returning Nil.
   at: gdplanningai_rust::logger::process_logs (src\logger.rs:66)
   GDScript backtrace (most recent call first):
       [0] _process (res://addons/GdPlanningAI/gdpai_autoload.gd:21)
WARNING: [GdPAI] ObjectRef(1382157389614): object was freed before callback; returning Nil.
   at: gdplanningai_rust::logger::process_logs (src\logger.rs:66)
   GDScript backtrace (most recent call first):
       [0] _process (res://addons/GdPlanningAI/gdpai_autoload.gd:21)
WARNING: [GdPAI] ObjectRef(1382157389614): object was freed before callback; returning Nil.
   at: gdplanningai_rust::logger::process_logs (src\logger.rs:66)
   GDScript backtrace (most recent call first):
       [0] _process (res://addons/GdPlanningAI/gdpai_autoload.gd:21)
[GdPAI | debug] ApplyEffect [Before] ID=InstanceId(-9223368606333503971): agent props = {"entity": null, "held_item": "", "hunger": 95.0603725, "at_target": null}
[GdPAI | debug] ApplyEffect [After] ID=InstanceId(-9223368606333503971): agent props = {"entity": null, "held_item": "", "hunger": 95.0603725, "at_target": null}
[GdPAI | debug]   Snapshotting prop: entity = Nil (Variant type: NIL)
[GdPAI | debug]   Snapshotting prop: held_item = Str("") (Variant type: STRING)
[GdPAI | debug]   Snapshotting prop: hunger = Float(95.0603725) (Variant type: FLOAT)
[GdPAI | debug]   Snapshotting prop: at_target = Nil (Variant type: NIL)
WARNING: [GdPAI] ObjectRef(124621163998): object was freed before callback; returning Nil.
   at: gdplanningai_rust::logger::process_logs (src\logger.rs:66)
   GDScript backtrace (most recent call first):
       [0] _process (res://addons/GdPlanningAI/gdpai_autoload.gd:21)
WARNING: [GdPAI] ObjectRef(125661351450): object was freed before callback; returning Nil.
   at: gdplanningai_rust::logger::process_logs (src\logger.rs:66)
   GDScript backtrace (most recent call first):
       [0] _process (res://addons/GdPlanningAI/gdpai_autoload.gd:21)
WARNING: [GdPAI] ObjectRef(125661351450): object was freed before callback; returning Nil.
   at: gdplanningai_rust::logger::process_logs (src\logger.rs:66)
   GDScript backtrace (most recent call first):
       [0] _process (res://addons/GdPlanningAI/gdpai_autoload.gd:21)
[GdPAI | debug] ApplyEffect [Before] ID=InstanceId(-9223368605427534268): agent props = {"hunger": 70.0627442063492, "at_target": null, "entity": null, "held_item": ""}
[GdPAI | debug] ApplyEffect [After] ID=InstanceId(-9223368605427534268): agent props = {"hunger": 70.0627442063492, "at_target": null, "entity": null, "held_item": ""}
[GdPAI | debug]   Snapshotting prop: hunger = Float(70.0627442063492) (Variant type: FLOAT)
[GdPAI | debug]   Snapshotting prop: at_target = Nil (Variant type: NIL)
[GdPAI | debug]   Snapshotting prop: entity = Nil (Variant type: NIL)
[GdPAI | debug]   Snapshotting prop: held_item = Str("") (Variant type: STRING)
WARNING: [GdPAI] ObjectRef(1382643928884): object was freed before callback; returning Nil.
   at: gdplanningai_rust::logger::process_logs (src\logger.rs:66)
   GDScript backtrace (most recent call first):
       [0] _process (res://addons/GdPlanningAI/gdpai_autoload.gd:21)
WARNING: [GdPAI] ObjectRef(1382157389614): object was freed before callback; returning Nil.
   at: gdplanningai_rust::logger::process_logs (src\logger.rs:66)
   GDScript backtrace (most recent call first):
       [0] _process (res://addons/GdPlanningAI/gdpai_autoload.gd:21)
WARNING: [GdPAI] ObjectRef(1382157389614): object was freed before callback; returning Nil.
   at: gdplanningai_rust::logger::process_logs (src\logger.rs:66)
   GDScript backtrace (most recent call first):
       [0] _process (res://addons/GdPlanningAI/gdpai_autoload.gd:21)
[GdPAI | debug] GetCost: callable returned non-numeric value: null; returning INFINITY
WARNING: [GdPAI] ObjectRef(124621163998): object was freed before callback; returning Nil.
   at: gdplanningai_rust::logger::process_logs (src\logger.rs:66)
   GDScript backtrace (most recent call first):
       [0] _process (res://addons/GdPlanningAI/gdpai_autoload.gd:21)
WARNING: [GdPAI] ObjectRef(124134624705): object was freed before callback; returning Nil.
   at: gdplanningai_rust::logger::process_logs (src\logger.rs:66)
   GDScript backtrace (most recent call first):
       [0] _process (res://addons/GdPlanningAI/gdpai_autoload.gd:21)
WARNING: [GdPAI] ObjectRef(124134624705): object was freed before callback; returning Nil.
   at: gdplanningai_rust::logger::process_logs (src\logger.rs:66)
   GDScript backtrace (most recent call first):
       [0] _process (res://addons/GdPlanningAI/gdpai_autoload.gd:21)
[GdPAI | debug] GetCost: callable returned non-numeric value: null; returning INFINITY
WARNING: [GdPAI] ObjectRef(1382643928884): object was freed before callback; returning Nil.
   at: gdplanningai_rust::logger::process_logs (src\logger.rs:66)
   GDScript backtrace (most recent call first):
       [0] _process (res://addons/GdPlanningAI/gdpai_autoload.gd:21)
WARNING: [GdPAI] ObjectRef(1382157389614): object was freed before callback; returning Nil.
   at: gdplanningai_rust::logger::process_logs (src\logger.rs:66)
   GDScript backtrace (most recent call first):
       [0] _process (res://addons/GdPlanningAI/gdpai_autoload.gd:21)
WARNING: [GdPAI] ObjectRef(1382157389614): object was freed before callback; returning Nil.
   at: gdplanningai_rust::logger::process_logs (src\logger.rs:66)
   GDScript backtrace (most recent call first):
       [0] _process (res://addons/GdPlanningAI/gdpai_autoload.gd:21)
[GdPAI | debug] ApplyEffect [Before] ID=InstanceId(-9223368603380713919): agent props = {"held_item": "", "entity": null, "at_target": null, "hunger": 95.0603725}
[GdPAI | debug] ApplyEffect [After] ID=InstanceId(-9223368603380713919): agent props = {"held_item": "", "entity": null, "at_target": null, "hunger": 95.0603725}
[GdPAI | debug]   Snapshotting prop: held_item = Str("") (Variant type: STRING)
[GdPAI | debug]   Snapshotting prop: entity = Nil (Variant type: NIL)
[GdPAI | debug]   Snapshotting prop: at_target = Nil (Variant type: NIL)
[GdPAI | debug]   Snapshotting prop: hunger = Float(95.0603725) (Variant type: FLOAT)
WARNING: [GdPAI] ObjectRef(124621163998): object was freed before callback; returning Nil.
   at: gdplanningai_rust::logger::process_logs (src\logger.rs:66)
   GDScript backtrace (most recent call first):
       [0] _process (res://addons/GdPlanningAI/gdpai_autoload.gd:21)
WARNING: [GdPAI] ObjectRef(124134624705): object was freed before callback; returning Nil.
   at: gdplanningai_rust::logger::process_logs (src\logger.rs:66)
   GDScript backtrace (most recent call first):
       [0] _process (res://addons/GdPlanningAI/gdpai_autoload.gd:21)
WARNING: [GdPAI] ObjectRef(124134624705): object was freed before callback; returning Nil.
   at: gdplanningai_rust::logger::process_logs (src\logger.rs:66)
   GDScript backtrace (most recent call first):
       [0] _process (res://addons/GdPlanningAI/gdpai_autoload.gd:21)
[GdPAI | debug] ApplyEffect [Before] ID=InstanceId(-9223368602508298670): agent props = {"held_item": "", "entity": null, "at_target": null, "hunger": 70.0627442063492}
[GdPAI | debug] ApplyEffect [After] ID=InstanceId(-9223368602508298670): agent props = {"held_item": "", "entity": null, "at_target": null, "hunger": 70.0627442063492}
[GdPAI | debug]   Snapshotting prop: held_item = Str("") (Variant type: STRING)
[GdPAI | debug]   Snapshotting prop: entity = Nil (Variant type: NIL)
[GdPAI | debug]   Snapshotting prop: at_target = Nil (Variant type: NIL)
[GdPAI | debug]   Snapshotting prop: hunger = Float(70.0627442063492) (Variant type: FLOAT)
WARNING: [GdPAI] ObjectRef(1382643928884): object was freed before callback; returning Nil.
   at: gdplanningai_rust::logger::process_logs (src\logger.rs:66)
   GDScript backtrace (most recent call first):
       [0] _process (res://addons/GdPlanningAI/gdpai_autoload.gd:21)
[GdPAI | debug] GetCost: callable returned non-numeric value: null; returning INFINITY
WARNING: [GdPAI] ObjectRef(124621163998): object was freed before callback; returning Nil.
   at: gdplanningai_rust::logger::process_logs (src\logger.rs:66)
   GDScript backtrace (most recent call first):
       [0] _process (res://addons/GdPlanningAI/gdpai_autoload.gd:21)
[GdPAI | debug] GetCost: callable returned non-numeric value: null; returning INFINITY
WARNING: [GdPAI] ObjectRef(1382643928884): object was freed before callback; returning Nil.
   at: gdplanningai_rust::logger::process_logs (src\logger.rs:66)
   GDScript backtrace (most recent call first):
       [0] _process (res://addons/GdPlanningAI/gdpai_autoload.gd:21)
[GdPAI | debug] ApplyEffect [Before] ID=InstanceId(-9223368600562141612): agent props = {"held_item": "wood", "hunger": 95.0603725, "entity": null, "at_target": null}
[GdPAI | debug] ApplyEffect [After] ID=InstanceId(-9223368600562141612): agent props = {"held_item": "wood", "hunger": 95.0603725, "entity": null, "at_target": null}
[GdPAI | debug]   Snapshotting prop: held_item = Str("wood") (Variant type: STRING)
[GdPAI | debug]   Snapshotting prop: hunger = Float(95.0603725) (Variant type: FLOAT)
[GdPAI | debug]   Snapshotting prop: entity = Nil (Variant type: NIL)
[GdPAI | debug]   Snapshotting prop: at_target = Nil (Variant type: NIL)
WARNING: [GdPAI] ObjectRef(124621163998): object was freed before callback; returning Nil.
   at: gdplanningai_rust::logger::process_logs (src\logger.rs:66)
   GDScript backtrace (most recent call first):
       [0] _process (res://addons/GdPlanningAI/gdpai_autoload.gd:21)
[GdPAI | debug] ApplyEffect [Before] ID=InstanceId(-9223368599891052917): agent props = {"entity": null, "held_item": "wood", "at_target": null, "hunger": 70.0627442063492}
[GdPAI | debug] ApplyEffect [After] ID=InstanceId(-9223368599891052917): agent props = {"entity": null, "held_item": "wood", "at_target": null, "hunger": 70.0627442063492}
[GdPAI | debug]   Snapshotting prop: entity = Nil (Variant type: NIL)
[GdPAI | debug]   Snapshotting prop: held_item = Str("wood") (Variant type: STRING)
[GdPAI | debug]   Snapshotting prop: at_target = Nil (Variant type: NIL)
[GdPAI | debug]   Snapshotting prop: hunger = Float(70.0627442063492) (Variant type: FLOAT)
WARNING: [GdPAI] ObjectRef(1382643928884): object was freed before callback; returning Nil.
   at: gdplanningai_rust::logger::process_logs (src\logger.rs:66)
   GDScript backtrace (most recent call first):
       [0] _process (res://addons/GdPlanningAI/gdpai_autoload.gd:21)
WARNING: [GdPAI] ObjectRef(1382643928884): object was freed before callback; returning Nil.
   at: gdplanningai_rust::logger::process_logs (src\logger.rs:66)
   GDScript backtrace (most recent call first):
       [0] _process (res://addons/GdPlanningAI/gdpai_autoload.gd:21)
[GdPAI | debug] GetCost: callable returned non-numeric value: null; returning INFINITY
WARNING: [GdPAI] ObjectRef(124621163998): object was freed before callback; returning Nil.
   at: gdplanningai_rust::logger::process_logs (src\logger.rs:66)
   GDScript backtrace (most recent call first):
       [0] _process (res://addons/GdPlanningAI/gdpai_autoload.gd:21)
WARNING: [GdPAI] ObjectRef(124621163998): object was freed before callback; returning Nil.
   at: gdplanningai_rust::logger::process_logs (src\logger.rs:66)
   GDScript backtrace (most recent call first):
       [0] _process (res://addons/GdPlanningAI/gdpai_autoload.gd:21)
[GdPAI | debug] GetCost: callable returned non-numeric value: null; returning INFINITY
WARNING: [GdPAI] ObjectRef(1382643928884): object was freed before callback; returning Nil.
   at: gdplanningai_rust::logger::process_logs (src\logger.rs:66)
   GDScript backtrace (most recent call first):
       [0] _process (res://addons/GdPlanningAI/gdpai_autoload.gd:21)
WARNING: [GdPAI] ObjectRef(1382643928884): object was freed before callback; returning Nil.
   at: gdplanningai_rust::logger::process_logs (src\logger.rs:66)
   GDScript backtrace (most recent call first):
       [0] _process (res://addons/GdPlanningAI/gdpai_autoload.gd:21)
[GdPAI | debug] ApplyEffect [Before] ID=InstanceId(-9223368598028781936): agent props = {"held_item": "", "hunger": 95.0603725, "entity": null}
[GdPAI | debug] ApplyEffect [After] ID=InstanceId(-9223368598028781936): agent props = {"held_item": "", "hunger": 95.0603725, "entity": null}
[GdPAI | debug]   Snapshotting prop: held_item = Str("") (Variant type: STRING)
[GdPAI | debug]   Snapshotting prop: hunger = Float(95.0603725) (Variant type: FLOAT)
[GdPAI | debug]   Snapshotting prop: entity = Nil (Variant type: NIL)
WARNING: [GdPAI] ObjectRef(124621163998): object was freed before callback; returning Nil.
   at: gdplanningai_rust::logger::process_logs (src\logger.rs:66)
   GDScript backtrace (most recent call first):
       [0] _process (res://addons/GdPlanningAI/gdpai_autoload.gd:21)
WARNING: [GdPAI] ObjectRef(124621163998): object was freed before callback; returning Nil.
   at: gdplanningai_rust::logger::process_logs (src\logger.rs:66)
   GDScript backtrace (most recent call first):
       [0] _process (res://addons/GdPlanningAI/gdpai_autoload.gd:21)
[GdPAI | debug] ApplyEffect [Before] ID=InstanceId(-9223368597223475621): agent props = {"entity": null, "held_item": "", "hunger": 70.0627442063492}
[GdPAI | debug] ApplyEffect [After] ID=InstanceId(-9223368597223475621): agent props = {"entity": null, "held_item": "", "hunger": 70.0627442063492}
[GdPAI | debug]   Snapshotting prop: entity = Nil (Variant type: NIL)
[GdPAI | debug]   Snapshotting prop: held_item = Str("") (Variant type: STRING)
[GdPAI | debug]   Snapshotting prop: hunger = Float(70.0627442063492) (Variant type: FLOAT)
WARNING: [GdPAI] ObjectRef(1382643928884): object was freed before callback; returning Nil.
   at: gdplanningai_rust::logger::process_logs (src\logger.rs:66)
   GDScript backtrace (most recent call first):
       [0] _process (res://addons/GdPlanningAI/gdpai_autoload.gd:21)
[GdPAI | debug] GetCost: callable returned non-numeric value: null; returning INFINITY
WARNING: [GdPAI] ObjectRef(124621163998): object was freed before callback; returning Nil.
   at: gdplanningai_rust::logger::process_logs (src\logger.rs:66)
   GDScript backtrace (most recent call first):
       [0] _process (res://addons/GdPlanningAI/gdpai_autoload.gd:21)
[GdPAI | debug] GetCost: callable returned non-numeric value: null; returning INFINITY
WARNING: [GdPAI] ObjectRef(1382643928884): object was freed before callback; returning Nil.
   at: gdplanningai_rust::logger::process_logs (src\logger.rs:66)
   GDScript backtrace (most recent call first):
       [0] _process (res://addons/GdPlanningAI/gdpai_autoload.gd:21)
[GdPAI | debug] ApplyEffect [Before] ID=InstanceId(-9223368595361204661): agent props = {"hunger": 95.0603725, "held_item": "", "entity": null}
[GdPAI | debug] ApplyEffect [After] ID=InstanceId(-9223368595361204661): agent props = {"hunger": 95.0603725, "held_item": "", "entity": null}
[GdPAI | debug]   Snapshotting prop: hunger = Float(95.0603725) (Variant type: FLOAT)
[GdPAI | debug]   Snapshotting prop: held_item = Str("") (Variant type: STRING)
[GdPAI | debug]   Snapshotting prop: entity = Nil (Variant type: NIL)
WARNING: [GdPAI] ObjectRef(124621163998): object was freed before callback; returning Nil.
   at: gdplanningai_rust::logger::process_logs (src\logger.rs:66)
   GDScript backtrace (most recent call first):
       [0] _process (res://addons/GdPlanningAI/gdpai_autoload.gd:21)
[GdPAI | debug] ApplyEffect [Before] ID=InstanceId(-9223368594656561496): agent props = {"hunger": 70.0627442063492, "entity": null, "held_item": ""}
[GdPAI | debug] ApplyEffect [After] ID=InstanceId(-9223368594656561496): agent props = {"hunger": 70.0627442063492, "entity": null, "held_item": ""}
[GdPAI | debug]   Snapshotting prop: hunger = Float(70.0627442063492) (Variant type: FLOAT)
[GdPAI | debug]   Snapshotting prop: entity = Nil (Variant type: NIL)
[GdPAI | debug]   Snapshotting prop: held_item = Str("") (Variant type: STRING)
WARNING: [GdPAI] ObjectRef(1382643928884): object was freed before callback; returning Nil.
   at: gdplanningai_rust::logger::process_logs (src\logger.rs:66)
   GDScript backtrace (most recent call first):
       [0] _process (res://addons/GdPlanningAI/gdpai_autoload.gd:21)
WARNING: [GdPAI] ObjectRef(1382157389614): object was freed before callback; returning Nil.
   at: gdplanningai_rust::logger::process_logs (src\logger.rs:66)
   GDScript backtrace (most recent call first):
       [0] _process (res://addons/GdPlanningAI/gdpai_autoload.gd:21)
WARNING: [GdPAI] ObjectRef(1382157389614): object was freed before callback; returning Nil.
   at: gdplanningai_rust::logger::process_logs (src\logger.rs:66)
   GDScript backtrace (most recent call first):
       [0] _process (res://addons/GdPlanningAI/gdpai_autoload.gd:21)
[GdPAI | debug] GetCost: callable returned non-numeric value: null; returning INFINITY
WARNING: [GdPAI] ObjectRef(124621163998): object was freed before callback; returning Nil.
   at: gdplanningai_rust::logger::process_logs (src\logger.rs:66)
   GDScript backtrace (most recent call first):
       [0] _process (res://addons/GdPlanningAI/gdpai_autoload.gd:21)
[GdPAI | debug] GetCost: callable returned non-numeric value: null; returning INFINITY
WARNING: [GdPAI] ObjectRef(1382643928884): object was freed before callback; returning Nil.
   at: gdplanningai_rust::logger::process_logs (src\logger.rs:66)
   GDScript backtrace (most recent call first):
       [0] _process (res://addons/GdPlanningAI/gdpai_autoload.gd:21)
WARNING: [GdPAI] ObjectRef(1382157389614): object was freed before callback; returning Nil.
   at: gdplanningai_rust::logger::process_logs (src\logger.rs:66)
   GDScript backtrace (most recent call first):
       [0] _process (res://addons/GdPlanningAI/gdpai_autoload.gd:21)
WARNING: [GdPAI] ObjectRef(1382157389614): object was freed before callback; returning Nil.
   at: gdplanningai_rust::logger::process_logs (src\logger.rs:66)
   GDScript backtrace (most recent call first):
       [0] _process (res://addons/GdPlanningAI/gdpai_autoload.gd:21)
[GdPAI | debug] ApplyEffect [Before] ID=InstanceId(-9223368592743958893): agent props = {"hunger": 95.0603725, "entity": null, "at_target": null, "held_item": ""}
[GdPAI | debug] ApplyEffect [After] ID=InstanceId(-9223368592743958893): agent props = {"hunger": 95.0603725, "entity": null, "at_target": null, "held_item": ""}
[GdPAI | debug]   Snapshotting prop: hunger = Float(95.0603725) (Variant type: FLOAT)
[GdPAI | debug]   Snapshotting prop: entity = Nil (Variant type: NIL)
[GdPAI | debug]   Snapshotting prop: at_target = Nil (Variant type: NIL)
[GdPAI | debug]   Snapshotting prop: held_item = Str("") (Variant type: STRING)
WARNING: [GdPAI] ObjectRef(124621163998): object was freed before callback; returning Nil.
   at: gdplanningai_rust::logger::process_logs (src\logger.rs:66)
   GDScript backtrace (most recent call first):
       [0] _process (res://addons/GdPlanningAI/gdpai_autoload.gd:21)
[GdPAI | debug] ApplyEffect [Before] ID=InstanceId(-9223368591938652510): agent props = {"entity": null, "held_item": "", "hunger": 70.0627442063492}
[GdPAI | debug] ApplyEffect [After] ID=InstanceId(-9223368591938652510): agent props = {"entity": null, "held_item": "", "hunger": 70.0627442063492}
[GdPAI | debug]   Snapshotting prop: entity = Nil (Variant type: NIL)
[GdPAI | debug]   Snapshotting prop: held_item = Str("") (Variant type: STRING)
[GdPAI | debug]   Snapshotting prop: hunger = Float(70.0627442063492) (Variant type: FLOAT)
WARNING: [GdPAI] ObjectRef(1382643928884): object was freed before callback; returning Nil.
   at: gdplanningai_rust::logger::process_logs (src\logger.rs:66)
   GDScript backtrace (most recent call first):
       [0] _process (res://addons/GdPlanningAI/gdpai_autoload.gd:21)
WARNING: [GdPAI] ObjectRef(1382157389614): object was freed before callback; returning Nil.
   at: gdplanningai_rust::logger::process_logs (src\logger.rs:66)
   GDScript backtrace (most recent call first):
       [0] _process (res://addons/GdPlanningAI/gdpai_autoload.gd:21)
WARNING: [GdPAI] ObjectRef(1382157389614): object was freed before callback; returning Nil.
   at: gdplanningai_rust::logger::process_logs (src\logger.rs:66)
   GDScript backtrace (most recent call first):
       [0] _process (res://addons/GdPlanningAI/gdpai_autoload.gd:21)
[GdPAI | debug] GetCost: callable returned non-numeric value: null; returning INFINITY
WARNING: [GdPAI] ObjectRef(124621163998): object was freed before callback; returning Nil.
   at: gdplanningai_rust::logger::process_logs (src\logger.rs:66)
   GDScript backtrace (most recent call first):
       [0] _process (res://addons/GdPlanningAI/gdpai_autoload.gd:21)
[GdPAI | debug] GetCost: callable returned non-numeric value: null; returning INFINITY
WARNING: [GdPAI] ObjectRef(1382643928884): object was freed before callback; returning Nil.
   at: gdplanningai_rust::logger::process_logs (src\logger.rs:66)
   GDScript backtrace (most recent call first):
       [0] _process (res://addons/GdPlanningAI/gdpai_autoload.gd:21)
WARNING: [GdPAI] ObjectRef(1382157389614): object was freed before callback; returning Nil.
   at: gdplanningai_rust::logger::process_logs (src\logger.rs:66)
   GDScript backtrace (most recent call first):
       [0] _process (res://addons/GdPlanningAI/gdpai_autoload.gd:21)
WARNING: [GdPAI] ObjectRef(1382157389614): object was freed before callback; returning Nil.
   at: gdplanningai_rust::logger::process_logs (src\logger.rs:66)
   GDScript backtrace (most recent call first):
       [0] _process (res://addons/GdPlanningAI/gdpai_autoload.gd:21)
[GdPAI | debug] ApplyEffect [Before] ID=InstanceId(-9223368590026049852): agent props = {"at_target": null, "held_item": "", "hunger": 95.0603725, "entity": null}
[GdPAI | debug] ApplyEffect [After] ID=InstanceId(-9223368590026049852): agent props = {"at_target": null, "held_item": "", "hunger": 95.0603725, "entity": null}
[GdPAI | debug]   Snapshotting prop: at_target = Nil (Variant type: NIL)
[GdPAI | debug]   Snapshotting prop: held_item = Str("") (Variant type: STRING)
[GdPAI | debug]   Snapshotting prop: hunger = Float(95.0603725) (Variant type: FLOAT)
[GdPAI | debug]   Snapshotting prop: entity = Nil (Variant type: NIL)
WARNING: [GdPAI] ObjectRef(124621163998): object was freed before callback; returning Nil.
   at: gdplanningai_rust::logger::process_logs (src\logger.rs:66)
   GDScript backtrace (most recent call first):
       [0] _process (res://addons/GdPlanningAI/gdpai_autoload.gd:21)
[GdPAI | debug] ApplyEffect [Before] ID=InstanceId(-9223368589254297898): agent props = {"held_item": "", "hunger": 70.0627442063492, "entity": null}
[GdPAI | debug] ApplyEffect [After] ID=InstanceId(-9223368589254297898): agent props = {"held_item": "", "hunger": 70.0627442063492, "entity": null}
[GdPAI | debug]   Snapshotting prop: held_item = Str("") (Variant type: STRING)
[GdPAI | debug]   Snapshotting prop: hunger = Float(70.0627442063492) (Variant type: FLOAT)
[GdPAI | debug]   Snapshotting prop: entity = Nil (Variant type: NIL)
WARNING: [GdPAI] ObjectRef(1382643928884): object was freed before callback; returning Nil.
   at: gdplanningai_rust::logger::process_logs (src\logger.rs:66)
   GDScript backtrace (most recent call first):
       [0] _process (res://addons/GdPlanningAI/gdpai_autoload.gd:21)
[GdPAI | debug] GetCost: callable returned non-numeric value: null; returning INFINITY
WARNING: [GdPAI] ObjectRef(124621163998): object was freed before callback; returning Nil.
   at: gdplanningai_rust::logger::process_logs (src\logger.rs:66)
   GDScript backtrace (most recent call first):
       [0] _process (res://addons/GdPlanningAI/gdpai_autoload.gd:21)
[GdPAI | debug] GetCost: callable returned non-numeric value: null; returning INFINITY
WARNING: [GdPAI] ObjectRef(1382643928884): object was freed before callback; returning Nil.
   at: gdplanningai_rust::logger::process_logs (src\logger.rs:66)
   GDScript backtrace (most recent call first):
       [0] _process (res://addons/GdPlanningAI/gdpai_autoload.gd:21)
[GdPAI | debug] ApplyEffect [Before] ID=InstanceId(-9223368587408804123): agent props = {"hunger": 95.0603725, "held_item": "wood", "entity": null, "at_target": null}
[GdPAI | debug] ApplyEffect [After] ID=InstanceId(-9223368587408804123): agent props = {"hunger": 95.0603725, "held_item": "wood", "entity": null, "at_target": null}
[GdPAI | debug]   Snapshotting prop: hunger = Float(95.0603725) (Variant type: FLOAT)
[GdPAI | debug]   Snapshotting prop: held_item = Str("wood") (Variant type: STRING)
[GdPAI | debug]   Snapshotting prop: entity = Nil (Variant type: NIL)
[GdPAI | debug]   Snapshotting prop: at_target = Nil (Variant type: NIL)
WARNING: [GdPAI] ObjectRef(124621163998): object was freed before callback; returning Nil.
   at: gdplanningai_rust::logger::process_logs (src\logger.rs:66)
   GDScript backtrace (most recent call first):
       [0] _process (res://addons/GdPlanningAI/gdpai_autoload.gd:21)
[GdPAI | debug] ApplyEffect [Before] ID=InstanceId(-9223368586737715477): agent props = {"hunger": 70.0627442063492, "held_item": "", "entity": null}
[GdPAI | debug] ApplyEffect [After] ID=InstanceId(-9223368586737715477): agent props = {"hunger": 70.0627442063492, "held_item": "", "entity": null}
[GdPAI | debug]   Snapshotting prop: hunger = Float(70.0627442063492) (Variant type: FLOAT)
[GdPAI | debug]   Snapshotting prop: held_item = Str("") (Variant type: STRING)
[GdPAI | debug]   Snapshotting prop: entity = Nil (Variant type: NIL)
WARNING: [GdPAI] ObjectRef(1382643928884): object was freed before callback; returning Nil.
   at: gdplanningai_rust::logger::process_logs (src\logger.rs:66)
   GDScript backtrace (most recent call first):
       [0] _process (res://addons/GdPlanningAI/gdpai_autoload.gd:21)
WARNING: [GdPAI] ObjectRef(1382643928884): object was freed before callback; returning Nil.
   at: gdplanningai_rust::logger::process_logs (src\logger.rs:66)
   GDScript backtrace (most recent call first):
       [0] _process (res://addons/GdPlanningAI/gdpai_autoload.gd:21)
[GdPAI | debug] GetCost: callable returned non-numeric value: null; returning INFINITY
WARNING: [GdPAI] ObjectRef(124621163998): object was freed before callback; returning Nil.
   at: gdplanningai_rust::logger::process_logs (src\logger.rs:66)
   GDScript backtrace (most recent call first):
       [0] _process (res://addons/GdPlanningAI/gdpai_autoload.gd:21)
[GdPAI | debug] GetCost: callable returned non-numeric value: null; returning INFINITY
WARNING: [GdPAI] ObjectRef(1382643928884): object was freed before callback; returning Nil.
   at: gdplanningai_rust::logger::process_logs (src\logger.rs:66)
   GDScript backtrace (most recent call first):
       [0] _process (res://addons/GdPlanningAI/gdpai_autoload.gd:21)
WARNING: [GdPAI] ObjectRef(1382643928884): object was freed before callback; returning Nil.
   at: gdplanningai_rust::logger::process_logs (src\logger.rs:66)
   GDScript backtrace (most recent call first):
       [0] _process (res://addons/GdPlanningAI/gdpai_autoload.gd:21)
[GdPAI | debug] ApplyEffect [Before] ID=InstanceId(-9223368584875444541): agent props = {"entity": null, "held_item": "", "hunger": 95.0603725}
[GdPAI | debug] ApplyEffect [After] ID=InstanceId(-9223368584875444541): agent props = {"entity": null, "held_item": "", "hunger": 95.0603725}
[GdPAI | debug]   Snapshotting prop: entity = Nil (Variant type: NIL)
[GdPAI | debug]   Snapshotting prop: held_item = Str("") (Variant type: STRING)
[GdPAI | debug]   Snapshotting prop: hunger = Float(95.0603725) (Variant type: FLOAT)
WARNING: [GdPAI] ObjectRef(124621163998): object was freed before callback; returning Nil.
   at: gdplanningai_rust::logger::process_logs (src\logger.rs:66)
   GDScript backtrace (most recent call first):
       [0] _process (res://addons/GdPlanningAI/gdpai_autoload.gd:21)
[GdPAI | debug] ApplyEffect [Before] ID=InstanceId(-9223368584103692593): agent props = {"hunger": 70.0627442063492, "held_item": "wood", "entity": null}
[GdPAI | debug] ApplyEffect [After] ID=InstanceId(-9223368584103692593): agent props = {"hunger": 70.0627442063492, "held_item": "wood", "entity": null}
[GdPAI | debug]   Snapshotting prop: hunger = Float(70.0627442063492) (Variant type: FLOAT)
[GdPAI | debug]   Snapshotting prop: held_item = Str("wood") (Variant type: STRING)
[GdPAI | debug]   Snapshotting prop: entity = Nil (Variant type: NIL)
WARNING: [GdPAI] ObjectRef(1382643928884): object was freed before callback; returning Nil.
   at: gdplanningai_rust::logger::process_logs (src\logger.rs:66)
   GDScript backtrace (most recent call first):
       [0] _process (res://addons/GdPlanningAI/gdpai_autoload.gd:21)
[GdPAI | debug] GetCost: callable returned non-numeric value: null; returning INFINITY
WARNING: [GdPAI] ObjectRef(124621163998): object was freed before callback; returning Nil.
   at: gdplanningai_rust::logger::process_logs (src\logger.rs:66)
   GDScript backtrace (most recent call first):
       [0] _process (res://addons/GdPlanningAI/gdpai_autoload.gd:21)
WARNING: [GdPAI] ObjectRef(124621163998): object was freed before callback; returning Nil.
   at: gdplanningai_rust::logger::process_logs (src\logger.rs:66)
   GDScript backtrace (most recent call first):
       [0] _process (res://addons/GdPlanningAI/gdpai_autoload.gd:21)
[GdPAI | debug] GetCost: callable returned non-numeric value: null; returning INFINITY
WARNING: [GdPAI] ObjectRef(1382643928884): object was freed before callback; returning Nil.
   at: gdplanningai_rust::logger::process_logs (src\logger.rs:66)
   GDScript backtrace (most recent call first):
       [0] _process (res://addons/GdPlanningAI/gdpai_autoload.gd:21)
[GdPAI | debug] ApplyEffect [Before] ID=InstanceId(-9223368582291753216): agent props = {"entity": null, "hunger": 95.0603725, "held_item": ""}
[GdPAI | debug] ApplyEffect [After] ID=InstanceId(-9223368582291753216): agent props = {"entity": null, "hunger": 95.0603725, "held_item": ""}
[GdPAI | debug]   Snapshotting prop: entity = Nil (Variant type: NIL)
[GdPAI | debug]   Snapshotting prop: hunger = Float(95.0603725) (Variant type: FLOAT)
[GdPAI | debug]   Snapshotting prop: held_item = Str("") (Variant type: STRING)
WARNING: [GdPAI] ObjectRef(124621163998): object was freed before callback; returning Nil.
   at: gdplanningai_rust::logger::process_logs (src\logger.rs:66)
   GDScript backtrace (most recent call first):
       [0] _process (res://addons/GdPlanningAI/gdpai_autoload.gd:21)
WARNING: [GdPAI] ObjectRef(124621163998): object was freed before callback; returning Nil.
   at: gdplanningai_rust::logger::process_logs (src\logger.rs:66)
   GDScript backtrace (most recent call first):
       [0] _process (res://addons/GdPlanningAI/gdpai_autoload.gd:21)
[GdPAI | debug] ApplyEffect [Before] ID=InstanceId(-9223368581570332971): agent props = {"hunger": 70.0627442063492, "entity": null, "held_item": ""}
[GdPAI | debug] ApplyEffect [After] ID=InstanceId(-9223368581570332971): agent props = {"hunger": 70.0627442063492, "entity": null, "held_item": ""}
[GdPAI | debug]   Snapshotting prop: hunger = Float(70.0627442063492) (Variant type: FLOAT)
[GdPAI | debug]   Snapshotting prop: entity = Nil (Variant type: NIL)
[GdPAI | debug]   Snapshotting prop: held_item = Str("") (Variant type: STRING)
WARNING: [GdPAI] ObjectRef(1382643928884): object was freed before callback; returning Nil.
   at: gdplanningai_rust::logger::process_logs (src\logger.rs:66)
   GDScript backtrace (most recent call first):
       [0] _process (res://addons/GdPlanningAI/gdpai_autoload.gd:21)
WARNING: [GdPAI] ObjectRef(1382157389614): object was freed before callback; returning Nil.
   at: gdplanningai_rust::logger::process_logs (src\logger.rs:66)
   GDScript backtrace (most recent call first):
       [0] _process (res://addons/GdPlanningAI/gdpai_autoload.gd:21)
WARNING: [GdPAI] ObjectRef(1382157389614): object was freed before callback; returning Nil.
   at: gdplanningai_rust::logger::process_logs (src\logger.rs:66)
   GDScript backtrace (most recent call first):
       [0] _process (res://addons/GdPlanningAI/gdpai_autoload.gd:21)
[GdPAI | debug] GetCost: callable returned non-numeric value: null; returning INFINITY
WARNING: [GdPAI] ObjectRef(124621163998): object was freed before callback; returning Nil.
   at: gdplanningai_rust::logger::process_logs (src\logger.rs:66)
   GDScript backtrace (most recent call first):
       [0] _process (res://addons/GdPlanningAI/gdpai_autoload.gd:21)
[GdPAI | debug] GetCost: callable returned non-numeric value: null; returning INFINITY
WARNING: [GdPAI] ObjectRef(1382643928884): object was freed before callback; returning Nil.
   at: gdplanningai_rust::logger::process_logs (src\logger.rs:66)
   GDScript backtrace (most recent call first):
       [0] _process (res://addons/GdPlanningAI/gdpai_autoload.gd:21)
WARNING: [GdPAI] ObjectRef(1382157389614): object was freed before callback; returning Nil.
   at: gdplanningai_rust::logger::process_logs (src\logger.rs:66)
   GDScript backtrace (most recent call first):
       [0] _process (res://addons/GdPlanningAI/gdpai_autoload.gd:21)
WARNING: [GdPAI] ObjectRef(1382157389614): object was freed before callback; returning Nil.
   at: gdplanningai_rust::logger::process_logs (src\logger.rs:66)
   GDScript backtrace (most recent call first):
       [0] _process (res://addons/GdPlanningAI/gdpai_autoload.gd:21)
[GdPAI | debug] ApplyEffect [Before] ID=InstanceId(-9223368579573844233): agent props = {"held_item": "", "hunger": 95.0603725, "at_target": null, "entity": null}
[GdPAI | debug] ApplyEffect [After] ID=InstanceId(-9223368579573844233): agent props = {"held_item": "", "hunger": 95.0603725, "at_target": null, "entity": null}
[GdPAI | debug]   Snapshotting prop: held_item = Str("") (Variant type: STRING)
[GdPAI | debug]   Snapshotting prop: hunger = Float(95.0603725) (Variant type: FLOAT)
[GdPAI | debug]   Snapshotting prop: at_target = Nil (Variant type: NIL)
[GdPAI | debug]   Snapshotting prop: entity = Nil (Variant type: NIL)
WARNING: [GdPAI] ObjectRef(124621163998): object was freed before callback; returning Nil.
   at: gdplanningai_rust::logger::process_logs (src\logger.rs:66)
   GDScript backtrace (most recent call first):
       [0] _process (res://addons/GdPlanningAI/gdpai_autoload.gd:21)
[GdPAI | debug] ApplyEffect [Before] ID=InstanceId(-9223368578802092278): agent props = {"held_item": "", "hunger": 70.0627442063492, "entity": null}
[GdPAI | debug] ApplyEffect [After] ID=InstanceId(-9223368578802092278): agent props = {"held_item": "", "hunger": 70.0627442063492, "entity": null}
[GdPAI | debug]   Snapshotting prop: held_item = Str("") (Variant type: STRING)
[GdPAI | debug]   Snapshotting prop: hunger = Float(70.0627442063492) (Variant type: FLOAT)
[GdPAI | debug]   Snapshotting prop: entity = Nil (Variant type: NIL)
WARNING: [GdPAI] ObjectRef(1382643928884): object was freed before callback; returning Nil.
   at: gdplanningai_rust::logger::process_logs (src\logger.rs:66)
   GDScript backtrace (most recent call first):
       [0] _process (res://addons/GdPlanningAI/gdpai_autoload.gd:21)
WARNING: [GdPAI] ObjectRef(1382157389614): object was freed before callback; returning Nil.
   at: gdplanningai_rust::logger::process_logs (src\logger.rs:66)
   GDScript backtrace (most recent call first):
       [0] _process (res://addons/GdPlanningAI/gdpai_autoload.gd:21)
WARNING: [GdPAI] ObjectRef(1382157389614): object was freed before callback; returning Nil.
   at: gdplanningai_rust::logger::process_logs (src\logger.rs:66)
   GDScript backtrace (most recent call first):
       [0] _process (res://addons/GdPlanningAI/gdpai_autoload.gd:21)
[GdPAI | debug] GetCost: callable returned non-numeric value: null; returning INFINITY
WARNING: [GdPAI] ObjectRef(124621163998): object was freed before callback; returning Nil.
   at: gdplanningai_rust::logger::process_logs (src\logger.rs:66)
   GDScript backtrace (most recent call first):
       [0] _process (res://addons/GdPlanningAI/gdpai_autoload.gd:21)
[GdPAI | debug] GetCost: callable returned non-numeric value: null; returning INFINITY
WARNING: [GdPAI] ObjectRef(1382643928884): object was freed before callback; returning Nil.
   at: gdplanningai_rust::logger::process_logs (src\logger.rs:66)
   GDScript backtrace (most recent call first):
       [0] _process (res://addons/GdPlanningAI/gdpai_autoload.gd:21)
WARNING: [GdPAI] ObjectRef(1382157389614): object was freed before callback; returning Nil.
   at: gdplanningai_rust::logger::process_logs (src\logger.rs:66)
   GDScript backtrace (most recent call first):
       [0] _process (res://addons/GdPlanningAI/gdpai_autoload.gd:21)
WARNING: [GdPAI] ObjectRef(1382157389614): object was freed before callback; returning Nil.
   at: gdplanningai_rust::logger::process_logs (src\logger.rs:66)
   GDScript backtrace (most recent call first):
       [0] _process (res://addons/GdPlanningAI/gdpai_autoload.gd:21)
[GdPAI | debug] ApplyEffect [Before] ID=InstanceId(-9223368576855935194): agent props = {"hunger": 95.0603725, "at_target": null, "held_item": "", "entity": null}
[GdPAI | debug] ApplyEffect [After] ID=InstanceId(-9223368576855935194): agent props = {"hunger": 95.0603725, "at_target": null, "held_item": "", "entity": null}
[GdPAI | debug]   Snapshotting prop: hunger = Float(95.0603725) (Variant type: FLOAT)
[GdPAI | debug]   Snapshotting prop: at_target = Nil (Variant type: NIL)
[GdPAI | debug]   Snapshotting prop: held_item = Str("") (Variant type: STRING)
[GdPAI | debug]   Snapshotting prop: entity = Nil (Variant type: NIL)
WARNING: [GdPAI] ObjectRef(124621163998): object was freed before callback; returning Nil.
   at: gdplanningai_rust::logger::process_logs (src\logger.rs:66)
   GDScript backtrace (most recent call first):
       [0] _process (res://addons/GdPlanningAI/gdpai_autoload.gd:21)
[GdPAI | debug] ApplyEffect [Before] ID=InstanceId(-9223368576084183284): agent props = {"held_item": "", "entity": null, "hunger": 70.0627442063492}
[GdPAI | debug] ApplyEffect [After] ID=InstanceId(-9223368576084183284): agent props = {"held_item": "", "entity": null, "hunger": 70.0627442063492}
[GdPAI | debug]   Snapshotting prop: held_item = Str("") (Variant type: STRING)
[GdPAI | debug]   Snapshotting prop: entity = Nil (Variant type: NIL)
[GdPAI | debug]   Snapshotting prop: hunger = Float(70.0627442063492) (Variant type: FLOAT)
WARNING: [GdPAI] ObjectRef(1382643928884): object was freed before callback; returning Nil.
   at: gdplanningai_rust::logger::process_logs (src\logger.rs:66)
   GDScript backtrace (most recent call first):
       [0] _process (res://addons/GdPlanningAI/gdpai_autoload.gd:21)
[GdPAI | debug] GetCost: callable returned non-numeric value: null; returning INFINITY
WARNING: [GdPAI] ObjectRef(124621163998): object was freed before callback; returning Nil.
   at: gdplanningai_rust::logger::process_logs (src\logger.rs:66)
   GDScript backtrace (most recent call first):
       [0] _process (res://addons/GdPlanningAI/gdpai_autoload.gd:21)
[GdPAI | debug] GetCost: callable returned non-numeric value: null; returning INFINITY
WARNING: [GdPAI] ObjectRef(1382643928884): object was freed before callback; returning Nil.
   at: gdplanningai_rust::logger::process_logs (src\logger.rs:66)
   GDScript backtrace (most recent call first):
       [0] _process (res://addons/GdPlanningAI/gdpai_autoload.gd:21)
[GdPAI | debug] ApplyEffect [Before] ID=InstanceId(-9223368574272243901): agent props = {"at_target": null, "held_item": "wood", "entity": null, "hunger": 95.0603725}
[GdPAI | debug] ApplyEffect [After] ID=InstanceId(-9223368574272243901): agent props = {"at_target": null, "held_item": "wood", "entity": null, "hunger": 95.0603725}
[GdPAI | debug]   Snapshotting prop: at_target = Nil (Variant type: NIL)
[GdPAI | debug]   Snapshotting prop: held_item = Str("wood") (Variant type: STRING)
[GdPAI | debug]   Snapshotting prop: entity = Nil (Variant type: NIL)
[GdPAI | debug]   Snapshotting prop: hunger = Float(95.0603725) (Variant type: FLOAT)
[GdPAI | debug] SimObjectProxy::is_in_group: object 3425102219032 in group CampfireObject -> true
[GdPAI | debug] SimObjectProxy::is_in_group: object 3425437757527 in group CampfireObject -> false
[GdPAI | debug] SimObjectProxy::is_in_group: object 3426612153893 in group CampfireObject -> false
[GdPAI | debug] SimObjectProxy::is_in_group: object 3425706190604 in group CampfireObject -> false
[GdPAI | debug] SimObjectProxy::is_in_group: object 3425404203016 in group CampfireObject -> false
[GdPAI | debug] SimObjectProxy::is_in_group: object 3425420980319 in group CampfireObject -> false
[GdPAI | debug] SimObjectProxy::is_in_group: object 3426175952704 in group CampfireObject -> false
[GdPAI | debug] SimObjectProxy::is_in_group: object 3426477950764 in group CampfireObject -> false
[GdPAI | debug] SimObjectProxy::is_in_group: object 3425269985380 in group CampfireObject -> false
[GdPAI | debug] SimObjectProxy::is_in_group: object 3425118996221 in group CampfireObject -> false
[GdPAI | debug] SimObjectProxy::is_in_group: object 3426293387042 in group CampfireObject -> false
[GdPAI | debug] SimObjectProxy::is_in_group: object 3426326941394 in group CampfireObject -> false
[GdPAI | debug] SimObjectProxy::is_in_group: object 3426595376551 in group CampfireObject -> false
[GdPAI | debug] SimObjectProxy::is_in_group: object 3426779926297 in group CampfireObject -> false
[GdPAI | debug] SimObjectProxy::is_in_group: object 3426142398179 in group CampfireObject -> false
[GdPAI | debug] SimObjectProxy::is_in_group: object 3426461173549 in group CampfireObject -> false
[GdPAI | debug] SimObjectProxy::is_in_group: object 3425135773450 in group CampfireObject -> false
[GdPAI | debug] SimObjectProxy::is_in_group: object 3426628930936 in group CampfireObject -> false
[GdPAI | debug] SimObjectProxy::is_in_group: object 3425555189174 in group CampfireObject -> false
[GdPAI | debug] SimObjectProxy::is_in_group: object 3425286762594 in group CampfireObject -> false
[GdPAI | debug] SimObjectProxy::is_in_group: object 3425739738583 in group CampfireObject -> false
[GdPAI | debug] SimObjectProxy::is_in_group: object 3425588752463 in group CampfireObject -> false
[GdPAI | debug] SimObjectProxy::is_in_group: object 3425974626140 in group CampfireObject -> false
[GdPAI | debug] SimObjectProxy::is_in_group: object 3425571975219 in group CampfireObject -> false
[GdPAI | debug] SimObjectProxy::is_in_group: object 3426159175466 in group CampfireObject -> false
[GdPAI | debug] SimObjectProxy::is_in_group: object 3426746371534 in group CampfireObject -> false
[GdPAI | debug] SimObjectProxy::is_in_group: object 3426444396334 in group CampfireObject -> false
[GdPAI | debug] SimObjectProxy::is_in_group: object 3426310164265 in group CampfireObject -> false
[GdPAI | debug] SimObjectProxy::is_in_group: object 3425722961329 in group CampfireObject -> false
[GdPAI | debug] SimObjectProxy::is_in_group: object 3426763149075 in group CampfireObject -> false
[GdPAI | debug] SimObjectProxy::is_in_group: object 3425253213981 in group CampfireObject -> false
[GdPAI | debug]   Snapshotting prop: entity = ObjectRef(3425773299543) (Variant type: OBJECT)
[GdPAI | debug]   Snapshotting prop: hunger = Float(70.05959003787876) (Variant type: FLOAT)
[GdPAI | debug]   Snapshotting prop: held_item = Str("wood") (Variant type: STRING)
[GdPAI] Submitting plan: 15 actions, 2 goals, 56 callables
[GdPAI | debug] PlannerEngine: Searching for goal 'Hunger' (reward: 70.05959003787876)
[GdPAI] PlannerEngine: Searching for goal 'Hunger'
[GdPAI | debug] Numeric comparison: 70.05959003787876 LessThan 55.05959003787876 -> false
[GdPAI]   Root branch: 1 open preconds, 0 open requirements
[GdPAI]     Precond 0: Builtin { target: Agent, operation: LessThan, property_name: "hunger", value: Some(Float(55.05959003787876)) }
[GdPAI] A* Iteration: pop node with chain length 0
[GdPAI | debug] find_candidates: Checking 15 actions against 1 preconds and 0 requirements
WARNING: [GdPAI] ObjectRef(124621163998): object was freed before callback; returning Nil.
   at: gdplanningai_rust::logger::process_logs (src\logger.rs:66)
   GDScript backtrace (most recent call first):
       [0] _start_plan_and_wait (res://test/integration/test_campfire_example_smoke.gd:57)
       [1] test_cannot_cook_without_potato (res://test/integration/test_campfire_example_smoke.gd:204)
       [2] _pump_frames (res://test/integration/test_campfire_example_smoke.gd:44)
[GdPAI | debug] ApplyEffect [Before] ID=InstanceId(-9223368570547701899): agent props = {"held_item": "", "hunger": 70.0627442063492, "entity": null}
[GdPAI | debug] ApplyEffect [After] ID=InstanceId(-9223368570547701899): agent props = {"held_item": "", "hunger": 70.0627442063492, "entity": null}
[GdPAI | debug]   Snapshotting prop: held_item = Str("") (Variant type: STRING)
[GdPAI | debug]   Snapshotting prop: hunger = Float(70.0627442063492) (Variant type: FLOAT)
[GdPAI | debug]   Snapshotting prop: entity = Nil (Variant type: NIL)
WARNING: [GdPAI] ObjectRef(1382643928884): object was freed before callback; returning Nil.
   at: gdplanningai_rust::logger::process_logs (src\logger.rs:66)
   GDScript backtrace (most recent call first):
       [0] _start_plan_and_wait (res://test/integration/test_campfire_example_smoke.gd:57)
       [1] test_cannot_cook_without_potato (res://test/integration/test_campfire_example_smoke.gd:204)
       [2] _pump_frames (res://test/integration/test_campfire_example_smoke.gd:44)
WARNING: [GdPAI] ObjectRef(1382643928884): object was freed before callback; returning Nil.
   at: gdplanningai_rust::logger::process_logs (src\logger.rs:66)
   GDScript backtrace (most recent call first):
       [0] _start_plan_and_wait (res://test/integration/test_campfire_example_smoke.gd:57)
       [1] test_cannot_cook_without_potato (res://test/integration/test_campfire_example_smoke.gd:204)
       [2] _pump_frames (res://test/integration/test_campfire_example_smoke.gd:44)
[GdPAI | debug] GetCost: callable returned non-numeric value: null; returning INFINITY
[GdPAI | debug] Discovery: Starting simulation for action Go To
WARNING: [GdPAI] ObjectRef(124621163998): object was freed before callback; returning Nil.
   at: gdplanningai_rust::logger::process_logs (src\logger.rs:66)
   GDScript backtrace (most recent call first):
       [0] _process (res://addons/GdPlanningAI/gdpai_autoload.gd:21)
[GdPAI | debug] GetCost: callable returned non-numeric value: null; returning INFINITY
WARNING: [GdPAI] ObjectRef(1382643928884): object was freed before callback; returning Nil.
   at: gdplanningai_rust::logger::process_logs (src\logger.rs:66)
   GDScript backtrace (most recent call first):
       [0] _process (res://addons/GdPlanningAI/gdpai_autoload.gd:21)
WARNING: [GdPAI] ObjectRef(1382643928884): object was freed before callback; returning Nil.
   at: gdplanningai_rust::logger::process_logs (src\logger.rs:66)
   GDScript backtrace (most recent call first):
       [0] _process (res://addons/GdPlanningAI/gdpai_autoload.gd:21)
[GdPAI | debug] ApplyEffect [Before] ID=InstanceId(-9223368568081451203): agent props = {"entity": null, "held_item": "", "hunger": 95.0603725}
[GdPAI | debug] ApplyEffect [After] ID=InstanceId(-9223368568081451203): agent props = {"entity": null, "held_item": "", "hunger": 95.0603725}
[GdPAI | debug]   Snapshotting prop: entity = Nil (Variant type: NIL)
[GdPAI | debug]   Snapshotting prop: held_item = Str("") (Variant type: STRING)
[GdPAI | debug]   Snapshotting prop: hunger = Float(95.0603725) (Variant type: FLOAT)
WARNING: [GdPAI] ObjectRef(124621163998): object was freed before callback; returning Nil.
   at: gdplanningai_rust::logger::process_logs (src\logger.rs:66)
   GDScript backtrace (most recent call first):
       [0] _start_plan_and_wait (res://test/integration/test_campfire_example_smoke.gd:57)
[GdPAI | debug] ApplyEffect [Before] ID=InstanceId(-9223368566789605476): agent props = {"held_item": "", "entity": null, "hunger": 70.0627442063492}
[GdPAI | debug] ApplyEffect [After] ID=InstanceId(-9223368566789605476): agent props = {"held_item": "", "entity": null, "hunger": 70.0627442063492}
[GdPAI | debug]   Snapshotting prop: held_item = Str("") (Variant type: STRING)
[GdPAI | debug]   Snapshotting prop: entity = Nil (Variant type: NIL)
[GdPAI | debug]   Snapshotting prop: hunger = Float(70.0627442063492) (Variant type: FLOAT)
WARNING: [GdPAI] ObjectRef(1382643928884): object was freed before callback; returning Nil.
   at: gdplanningai_rust::logger::process_logs (src\logger.rs:66)
   GDScript backtrace (most recent call first):
       [0] _start_plan_and_wait (res://test/integration/test_campfire_example_smoke.gd:57)
[GdPAI | debug] GetCost: callable returned non-numeric value: null; returning INFINITY
[GdPAI | debug] ApplyEffect [Before] ID=InstanceId(-9223368565648754788): agent props = {"held_item": "wood", "hunger": 70.05959003787876, "entity": VariantGd { id: 3425773299543, class: RigidBody2D }}
[GdPAI | debug] ApplyEffect [After] ID=InstanceId(-9223368565648754788): agent props = {"held_item": "wood", "hunger": 70.05959003787876, "entity": VariantGd { id: 3425773299543, class: RigidBody2D }}
[GdPAI | debug]   Snapshotting prop: held_item = Str("wood") (Variant type: STRING)
[GdPAI | debug]   Snapshotting prop: hunger = Float(70.05959003787876) (Variant type: FLOAT)
[GdPAI | debug]   Snapshotting prop: entity = ObjectRef(3425773299543) (Variant type: OBJECT)
[GdPAI | debug] Discovery: Simulation success for Go To. Agent props: {"held_item": Str("wood"), "hunger": Float(70.05959003787876), "entity": ObjectRef(3425773299543)}
[GdPAI | debug] Numeric comparison: 70.05959003787876 LessThan 55.05959003787876 -> false
[GdPAI | debug] Discovery: Action Go To did NOT satisfy precond Builtin { target: Agent, operation: LessThan, property_name: "hunger", value: Some(Float(55.05959003787876)) }
[GdPAI | debug] Discovery: Starting simulation for action Eat Held Food
WARNING: [GdPAI] ObjectRef(124621163998): object was freed before callback; returning Nil.
   at: gdplanningai_rust::logger::process_logs (src\logger.rs:66)
   GDScript backtrace (most recent call first):
       [0] _process (res://addons/GdPlanningAI/gdpai_autoload.gd:21)
[GdPAI | debug] GetCost: callable returned non-numeric value: null; returning INFINITY
WARNING: [GdPAI] ObjectRef(1382643928884): object was freed before callback; returning Nil.
   at: gdplanningai_rust::logger::process_logs (src\logger.rs:66)
   GDScript backtrace (most recent call first):
       [0] _process (res://addons/GdPlanningAI/gdpai_autoload.gd:21)
[GdPAI | debug] ApplyEffect [Before] ID=InstanceId(-9223368564390463605): agent props = {"entity": null, "held_item": "", "hunger": 95.0603725}
[GdPAI | debug] ApplyEffect [After] ID=InstanceId(-9223368564390463605): agent props = {"entity": null, "held_item": "", "hunger": 95.0603725}
[GdPAI | debug]   Snapshotting prop: entity = Nil (Variant type: NIL)
[GdPAI | debug]   Snapshotting prop: held_item = Str("") (Variant type: STRING)
[GdPAI | debug]   Snapshotting prop: hunger = Float(95.0603725) (Variant type: FLOAT)
WARNING: [GdPAI] ObjectRef(124621163998): object was freed before callback; returning Nil.
   at: gdplanningai_rust::logger::process_logs (src\logger.rs:66)
   GDScript backtrace (most recent call first):
       [0] _start_plan_and_wait (res://test/integration/test_campfire_example_smoke.gd:57)
[GdPAI | debug] ApplyEffect [Before] ID=InstanceId(-9223368563148949609): agent props = {"entity": null, "held_item": "wood", "hunger": 70.0627442063492}
[GdPAI | debug] ApplyEffect [After] ID=InstanceId(-9223368563148949609): agent props = {"entity": null, "held_item": "wood", "hunger": 70.0627442063492}
[GdPAI | debug]   Snapshotting prop: entity = Nil (Variant type: NIL)
[GdPAI | debug]   Snapshotting prop: held_item = Str("wood") (Variant type: STRING)
[GdPAI | debug]   Snapshotting prop: hunger = Float(70.0627442063492) (Variant type: FLOAT)
WARNING: [GdPAI] ObjectRef(1382643928884): object was freed before callback; returning Nil.
   at: gdplanningai_rust::logger::process_logs (src\logger.rs:66)
   GDScript backtrace (most recent call first):
       [0] _start_plan_and_wait (res://test/integration/test_campfire_example_smoke.gd:57)
WARNING: [GdPAI] ObjectRef(1382157389614): object was freed before callback; returning Nil.
   at: gdplanningai_rust::logger::process_logs (src\logger.rs:66)
   GDScript backtrace (most recent call first):
       [0] _start_plan_and_wait (res://test/integration/test_campfire_example_smoke.gd:57)
WARNING: [GdPAI] ObjectRef(1382157389614): object was freed before callback; returning Nil.
   at: gdplanningai_rust::logger::process_logs (src\logger.rs:66)
   GDScript backtrace (most recent call first):
       [0] _start_plan_and_wait (res://test/integration/test_campfire_example_smoke.gd:57)
[GdPAI | debug] GetCost: callable returned non-numeric value: null; returning INFINITY
[GdPAI | debug] ApplyEffect [Before] ID=InstanceId(-9223368562008098921): agent props = {"entity": VariantGd { id: 3425773299543, class: RigidBody2D }, "hunger": 70.05959003787876, "held_item": "wood"}
[GdPAI | debug] ApplyEffect [After] ID=InstanceId(-9223368562008098921): agent props = {"entity": VariantGd { id: 3425773299543, class: RigidBody2D }, "hunger": 70.05959003787876, "held_item": "wood"}
[GdPAI | debug]   Snapshotting prop: entity = ObjectRef(3425773299543) (Variant type: OBJECT)
[GdPAI | debug]   Snapshotting prop: hunger = Float(70.05959003787876) (Variant type: FLOAT)
[GdPAI | debug]   Snapshotting prop: held_item = Str("wood") (Variant type: STRING)
[GdPAI | debug] Discovery: Simulation success for Eat Held Food. Agent props: {"hunger": Float(70.05959003787876), "entity": ObjectRef(3425773299543), "held_item": Str("wood")}
[GdPAI | debug] Numeric comparison: 70.05959003787876 LessThan 55.05959003787876 -> false
[GdPAI | debug] Discovery: Action Eat Held Food did NOT satisfy precond Builtin { target: Agent, operation: LessThan, property_name: "hunger", value: Some(Float(55.05959003787876)) }
WARNING: [GdPAI] ObjectRef(124621163998): object was freed before callback; returning Nil.
   at: gdplanningai_rust::logger::process_logs (src\logger.rs:66)
   GDScript backtrace (most recent call first):
       [0] _process (res://addons/GdPlanningAI/gdpai_autoload.gd:21)
WARNING: [GdPAI] ObjectRef(124621163998): object was freed before callback; returning Nil.
   at: gdplanningai_rust::logger::process_logs (src\logger.rs:66)
   GDScript backtrace (most recent call first):
       [0] _process (res://addons/GdPlanningAI/gdpai_autoload.gd:21)
[GdPAI | debug] GetCost: callable returned non-numeric value: null; returning INFINITY
WARNING: [GdPAI] ObjectRef(1382643928884): object was freed before callback; returning Nil.
   at: gdplanningai_rust::logger::process_logs (src\logger.rs:66)
   GDScript backtrace (most recent call first):
       [0] _process (res://addons/GdPlanningAI/gdpai_autoload.gd:21)
WARNING: [GdPAI] ObjectRef(1382157389614): object was freed before callback; returning Nil.
   at: gdplanningai_rust::logger::process_logs (src\logger.rs:66)
   GDScript backtrace (most recent call first):
       [0] _process (res://addons/GdPlanningAI/gdpai_autoload.gd:21)
WARNING: [GdPAI] ObjectRef(1382157389614): object was freed before callback; returning Nil.
   at: gdplanningai_rust::logger::process_logs (src\logger.rs:66)
   GDScript backtrace (most recent call first):
       [0] _process (res://addons/GdPlanningAI/gdpai_autoload.gd:21)
[GdPAI | debug] ApplyEffect [Before] ID=InstanceId(-9223368560649144447): agent props = {"entity": null, "held_item": "", "hunger": 95.0603725, "at_target": null}
[GdPAI | debug] ApplyEffect [After] ID=InstanceId(-9223368560649144447): agent props = {"entity": null, "held_item": "", "hunger": 95.0603725, "at_target": null}
[GdPAI | debug]   Snapshotting prop: entity = Nil (Variant type: NIL)
[GdPAI | debug]   Snapshotting prop: held_item = Str("") (Variant type: STRING)
[GdPAI | debug]   Snapshotting prop: hunger = Float(95.0603725) (Variant type: FLOAT)
[GdPAI | debug]   Snapshotting prop: at_target = Nil (Variant type: NIL)
[GdPAI | debug] Discovery: Starting simulation for action Go To
WARNING: [GdPAI] ObjectRef(124621163998): object was freed before callback; returning Nil.
   at: gdplanningai_rust::logger::process_logs (src\logger.rs:66)
   GDScript backtrace (most recent call first):
       [0] _start_plan_and_wait (res://test/integration/test_campfire_example_smoke.gd:57)
WARNING: [GdPAI] ObjectRef(124621163998): object was freed before callback; returning Nil.
   at: gdplanningai_rust::logger::process_logs (src\logger.rs:66)
   GDScript backtrace (most recent call first):
       [0] _start_plan_and_wait (res://test/integration/test_campfire_example_smoke.gd:57)
[GdPAI | debug] ApplyEffect [Before] ID=InstanceId(-9223368559256635456): agent props = {"held_item": "", "hunger": 70.0627442063492, "entity": null}
[GdPAI | debug] ApplyEffect [After] ID=InstanceId(-9223368559256635456): agent props = {"held_item": "", "hunger": 70.0627442063492, "entity": null}
[GdPAI | debug]   Snapshotting prop: held_item = Str("") (Variant type: STRING)
[GdPAI | debug]   Snapshotting prop: hunger = Float(70.0627442063492) (Variant type: FLOAT)
[GdPAI | debug]   Snapshotting prop: entity = Nil (Variant type: NIL)
WARNING: [GdPAI] ObjectRef(1382643928884): object was freed before callback; returning Nil.
   at: gdplanningai_rust::logger::process_logs (src\logger.rs:66)
   GDScript backtrace (most recent call first):
       [0] _start_plan_and_wait (res://test/integration/test_campfire_example_smoke.gd:57)
WARNING: [GdPAI] ObjectRef(1382157389614): object was freed before callback; returning Nil.
   at: gdplanningai_rust::logger::process_logs (src\logger.rs:66)
   GDScript backtrace (most recent call first):
       [0] _start_plan_and_wait (res://test/integration/test_campfire_example_smoke.gd:57)
WARNING: [GdPAI] ObjectRef(1382157389614): object was freed before callback; returning Nil.
   at: gdplanningai_rust::logger::process_logs (src\logger.rs:66)
   GDScript backtrace (most recent call first):
       [0] _start_plan_and_wait (res://test/integration/test_campfire_example_smoke.gd:57)
[GdPAI | debug] GetCost: callable returned non-numeric value: null; returning INFINITY
WARNING: [GdPAI] ObjectRef(124621163998): object was freed before callback; returning Nil.
   at: gdplanningai_rust::logger::process_logs (src\logger.rs:66)
   GDScript backtrace (most recent call first):
       [0] _process (res://addons/GdPlanningAI/gdpai_autoload.gd:21)
[GdPAI | debug] GetCost: callable returned non-numeric value: null; returning INFINITY
WARNING: [GdPAI] ObjectRef(1382643928884): object was freed before callback; returning Nil.
   at: gdplanningai_rust::logger::process_logs (src\logger.rs:66)
   GDScript backtrace (most recent call first):
       [0] _process (res://addons/GdPlanningAI/gdpai_autoload.gd:21)
WARNING: [GdPAI] ObjectRef(1382157389614): object was freed before callback; returning Nil.
   at: gdplanningai_rust::logger::process_logs (src\logger.rs:66)
   GDScript backtrace (most recent call first):
       [0] _process (res://addons/GdPlanningAI/gdpai_autoload.gd:21)
WARNING: [GdPAI] ObjectRef(1382157389614): object was freed before callback; returning Nil.
   at: gdplanningai_rust::logger::process_logs (src\logger.rs:66)
   GDScript backtrace (most recent call first):
       [0] _process (res://addons/GdPlanningAI/gdpai_autoload.gd:21)
[GdPAI | debug] ApplyEffect [Before] ID=InstanceId(-9223368556706498655): agent props = {"hunger": 95.0603725, "held_item": "", "entity": null, "at_target": null}
[GdPAI | debug] ApplyEffect [After] ID=InstanceId(-9223368556706498655): agent props = {"hunger": 95.0603725, "held_item": "", "entity": null, "at_target": null}
[GdPAI | debug]   Snapshotting prop: hunger = Float(95.0603725) (Variant type: FLOAT)
[GdPAI | debug]   Snapshotting prop: held_item = Str("") (Variant type: STRING)
[GdPAI | debug]   Snapshotting prop: entity = Nil (Variant type: NIL)
[GdPAI | debug]   Snapshotting prop: at_target = Nil (Variant type: NIL)
[GdPAI | debug] ApplyEffect [Before] ID=InstanceId(-9223368556136073311): agent props = {"held_item": "wood", "hunger": 70.05959003787876, "entity": VariantGd { id: 3425773299543, class: RigidBody2D }}
[GdPAI | debug] ApplyEffect [After] ID=InstanceId(-9223368556136073311): agent props = {"held_item": "wood", "hunger": 70.05959003787876, "entity": VariantGd { id: 3425773299543, class: RigidBody2D }}
[GdPAI | debug]   Snapshotting prop: held_item = Str("wood") (Variant type: STRING)
[GdPAI | debug]   Snapshotting prop: hunger = Float(70.05959003787876) (Variant type: FLOAT)
[GdPAI | debug]   Snapshotting prop: entity = ObjectRef(3425773299543) (Variant type: OBJECT)
[GdPAI | debug] Discovery: Simulation success for Go To. Agent props: {"entity": ObjectRef(3425773299543), "held_item": Str("wood"), "hunger": Float(70.05959003787876)}
[GdPAI | debug] Numeric comparison: 70.05959003787876 LessThan 55.05959003787876 -> false
[GdPAI | debug] Discovery: Action Go To did NOT satisfy precond Builtin { target: Agent, operation: LessThan, property_name: "hunger", value: Some(Float(55.05959003787876)) }
[GdPAI | debug] Discovery: Starting simulation for action Drop Item
WARNING: [GdPAI] ObjectRef(124621163998): object was freed before callback; returning Nil.
   at: gdplanningai_rust::logger::process_logs (src\logger.rs:66)
   GDScript backtrace (most recent call first):
       [0] _start_plan_and_wait (res://test/integration/test_campfire_example_smoke.gd:57)
[GdPAI | debug] ApplyEffect [Before] ID=InstanceId(-9223368555364321341): agent props = {"entity": null, "held_item": "", "hunger": 70.0627442063492}
[GdPAI | debug] ApplyEffect [After] ID=InstanceId(-9223368555364321341): agent props = {"entity": null, "held_item": "", "hunger": 70.0627442063492}
[GdPAI | debug]   Snapshotting prop: entity = Nil (Variant type: NIL)
[GdPAI | debug]   Snapshotting prop: held_item = Str("") (Variant type: STRING)
[GdPAI | debug]   Snapshotting prop: hunger = Float(70.0627442063492) (Variant type: FLOAT)
WARNING: [GdPAI] ObjectRef(1382643928884): object was freed before callback; returning Nil.
   at: gdplanningai_rust::logger::process_logs (src\logger.rs:66)
   GDScript backtrace (most recent call first):
       [0] _start_plan_and_wait (res://test/integration/test_campfire_example_smoke.gd:57)
[GdPAI | debug] GetCost: callable returned non-numeric value: null; returning INFINITY
WARNING: [GdPAI] ObjectRef(124621163998): object was freed before callback; returning Nil.
   at: gdplanningai_rust::logger::process_logs (src\logger.rs:66)
   GDScript backtrace (most recent call first):
       [0] _process (res://addons/GdPlanningAI/gdpai_autoload.gd:21)
[GdPAI | debug] GetCost: callable returned non-numeric value: null; returning INFINITY
WARNING: [GdPAI] ObjectRef(1382643928884): object was freed before callback; returning Nil.
   at: gdplanningai_rust::logger::process_logs (src\logger.rs:66)
   GDScript backtrace (most recent call first):
       [0] _process (res://addons/GdPlanningAI/gdpai_autoload.gd:21)
[GdPAI | debug] ApplyEffect [Before] ID=InstanceId(-9223368552965179452): agent props = {"held_item": "wood", "hunger": 95.0603725, "entity": null, "at_target": null}
[GdPAI | debug] ApplyEffect [After] ID=InstanceId(-9223368552965179452): agent props = {"held_item": "wood", "hunger": 95.0603725, "entity": null, "at_target": null}
[GdPAI | debug]   Snapshotting prop: held_item = Str("wood") (Variant type: STRING)
[GdPAI | debug]   Snapshotting prop: hunger = Float(95.0603725) (Variant type: FLOAT)
[GdPAI | debug]   Snapshotting prop: entity = Nil (Variant type: NIL)
[GdPAI | debug]   Snapshotting prop: at_target = Nil (Variant type: NIL)
[GdPAI | debug] ApplyEffect [Before] ID=InstanceId(-9223368552394754108): agent props = {"held_item": "wood", "hunger": 70.05959003787876, "entity": VariantGd { id: 3425773299543, class: RigidBody2D }}
[GdPAI | debug] ApplyEffect [After] ID=InstanceId(-9223368552394754108): agent props = {"held_item": "", "hunger": 70.05959003787876, "entity": VariantGd { id: 3425773299543, class: RigidBody2D }}
[GdPAI | debug]   Snapshotting prop: held_item = Str("") (Variant type: STRING)
[GdPAI | debug]   Snapshotting prop: hunger = Float(70.05959003787876) (Variant type: FLOAT)
[GdPAI | debug]   Snapshotting prop: entity = ObjectRef(3425773299543) (Variant type: OBJECT)
[GdPAI] A* Iteration: pop node with chain length 4
[GdPAI | debug] find_candidates: Checking 15 actions against 1 preconds and 1 requirements
[GdPAI | debug] Discovery: Simulation success for Drop Item. Agent props: {"hunger": Float(70.05959003787876), "held_item": Str(""), "entity": ObjectRef(3425773299543)}
[GdPAI | debug] Numeric comparison: 70.05959003787876 LessThan 55.05959003787876 -> false
[GdPAI | debug] Discovery: Action Drop Item did NOT satisfy precond Builtin { target: Agent, operation: LessThan, property_name: "hunger", value: Some(Float(55.05959003787876)) }
[GdPAI | debug] Discovery: Starting simulation for action Add Fuel
WARNING: [GdPAI] ObjectRef(124621163998): object was freed before callback; returning Nil.
   at: gdplanningai_rust::logger::process_logs (src\logger.rs:66)
   GDScript backtrace (most recent call first):
       [0] _start_plan_and_wait (res://test/integration/test_campfire_example_smoke.gd:57)
[GdPAI | debug] ApplyEffect [Before] ID=InstanceId(-9223368551723665432): agent props = {"entity": null, "hunger": 70.0627442063492, "held_item": ""}
[GdPAI | debug] ApplyEffect [After] ID=InstanceId(-9223368551723665432): agent props = {"entity": null, "hunger": 70.0627442063492, "held_item": ""}
[GdPAI | debug]   Snapshotting prop: entity = Nil (Variant type: NIL)
[GdPAI | debug]   Snapshotting prop: hunger = Float(70.0627442063492) (Variant type: FLOAT)
[GdPAI | debug]   Snapshotting prop: held_item = Str("") (Variant type: STRING)
WARNING: [GdPAI] ObjectRef(1382643928884): object was freed before callback; returning Nil.
   at: gdplanningai_rust::logger::process_logs (src\logger.rs:66)
   GDScript backtrace (most recent call first):
       [0] _start_plan_and_wait (res://test/integration/test_campfire_example_smoke.gd:57)
WARNING: [GdPAI] ObjectRef(1382643928884): object was freed before callback; returning Nil.
   at: gdplanningai_rust::logger::process_logs (src\logger.rs:66)
   GDScript backtrace (most recent call first):
       [0] _start_plan_and_wait (res://test/integration/test_campfire_example_smoke.gd:57)
[GdPAI | debug] Discovery: Starting simulation for action Go To
WARNING: [GdPAI] ObjectRef(124621163998): object was freed before callback; returning Nil.
   at: gdplanningai_rust::logger::process_logs (src\logger.rs:66)
   GDScript backtrace (most recent call first):
       [0] _process (res://addons/GdPlanningAI/gdpai_autoload.gd:21)
[GdPAI | debug] GetCost: callable returned non-numeric value: null; returning INFINITY
WARNING: [GdPAI] ObjectRef(1382643928884): object was freed before callback; returning Nil.
   at: gdplanningai_rust::logger::process_logs (src\logger.rs:66)
   GDScript backtrace (most recent call first):
       [0] _process (res://addons/GdPlanningAI/gdpai_autoload.gd:21)
WARNING: [GdPAI] ObjectRef(1382643928884): object was freed before callback; returning Nil.
   at: gdplanningai_rust::logger::process_logs (src\logger.rs:66)
   GDScript backtrace (most recent call first):
       [0] _process (res://addons/GdPlanningAI/gdpai_autoload.gd:21)
[GdPAI | debug] GetCost: callable returned non-numeric value: null; returning INFINITY
[GdPAI | debug] ApplyEffect [Before] ID=InstanceId(-9223368548703766556): agent props = {"hunger": 70.05959003787876, "held_item": "wood", "entity": VariantGd { id: 3425773299543, class: RigidBody2D }}
[GdPAI | debug] ApplyEffect [After] ID=InstanceId(-9223368548703766556): agent props = {"hunger": 70.05959003787876, "held_item": "", "entity": VariantGd { id: 3425773299543, class: RigidBody2D }}
[GdPAI | debug]   Snapshotting prop: hunger = Float(70.05959003787876) (Variant type: FLOAT)
[GdPAI | debug]   Snapshotting prop: held_item = Str("") (Variant type: STRING)
[GdPAI | debug]   Snapshotting prop: entity = ObjectRef(3425773299543) (Variant type: OBJECT)
[GdPAI | debug] Discovery: Simulation success for Add Fuel. Agent props: {"held_item": Str(""), "hunger": Float(70.05959003787876), "entity": ObjectRef(3425773299543)}
[GdPAI | debug] Numeric comparison: 70.05959003787876 LessThan 55.05959003787876 -> false
[GdPAI | debug] Discovery: Action Add Fuel did NOT satisfy precond Builtin { target: Agent, operation: LessThan, property_name: "hunger", value: Some(Float(55.05959003787876)) }
WARNING: [GdPAI] ObjectRef(124621163998): object was freed before callback; returning Nil.
   at: gdplanningai_rust::logger::process_logs (src\logger.rs:66)
   GDScript backtrace (most recent call first):
       [0] _start_plan_and_wait (res://test/integration/test_campfire_example_smoke.gd:57)
[GdPAI | debug] ApplyEffect [Before] ID=InstanceId(-9223368547982346277): agent props = {"entity": null, "hunger": 70.0627442063492, "held_item": ""}
[GdPAI | debug] ApplyEffect [After] ID=InstanceId(-9223368547982346277): agent props = {"entity": null, "hunger": 70.0627442063492, "held_item": ""}
[GdPAI | debug]   Snapshotting prop: entity = Nil (Variant type: NIL)
[GdPAI | debug]   Snapshotting prop: hunger = Float(70.0627442063492) (Variant type: FLOAT)
[GdPAI | debug]   Snapshotting prop: held_item = Str("") (Variant type: STRING)
WARNING: [GdPAI] ObjectRef(1382643928884): object was freed before callback; returning Nil.
   at: gdplanningai_rust::logger::process_logs (src\logger.rs:66)
   GDScript backtrace (most recent call first):
       [0] _start_plan_and_wait (res://test/integration/test_campfire_example_smoke.gd:57)
WARNING: [GdPAI] ObjectRef(1382643928884): object was freed before callback; returning Nil.
   at: gdplanningai_rust::logger::process_logs (src\logger.rs:66)
   GDScript backtrace (most recent call first):
       [0] _start_plan_and_wait (res://test/integration/test_campfire_example_smoke.gd:57)
[GdPAI | debug] ApplyEffect [Before] ID=InstanceId(-9223368547411920933): agent props = {"entity": null, "hunger": 95.0603725, "held_item": ""}
[GdPAI | debug] ApplyEffect [After] ID=InstanceId(-9223368547411920933): agent props = {"entity": null, "hunger": 95.0603725, "held_item": ""}
[GdPAI | debug]   Snapshotting prop: entity = Nil (Variant type: NIL)
[GdPAI | debug]   Snapshotting prop: hunger = Float(95.0603725) (Variant type: FLOAT)
[GdPAI | debug]   Snapshotting prop: held_item = Str("") (Variant type: STRING)
[GdPAI | debug] Discovery: Simulation success for Go To. Agent props: {"held_item": Str(""), "hunger": Float(95.0603725), "entity": Nil}
[GdPAI | debug] Discovery: Action Go To satisfied precond Builtin { target: Agent, operation: Equal, property_name: "held_item", value: Some(Str("")) }
[GdPAI | debug] Found candidate: Go To (satisfied preconds: [0], requirements: [0])
[GdPAI | debug] Discovery: Starting simulation for action Eat Held Food
WARNING: [GdPAI] ObjectRef(124621163998): object was freed before callback; returning Nil.
   at: gdplanningai_rust::logger::process_logs (src\logger.rs:66)
   GDScript backtrace (most recent call first):
       [0] _process (res://addons/GdPlanningAI/gdpai_autoload.gd:21)
[GdPAI | debug] GetCost: callable returned non-numeric value: null; returning INFINITY
WARNING: [GdPAI] ObjectRef(1382643928884): object was freed before callback; returning Nil.
   at: gdplanningai_rust::logger::process_logs (src\logger.rs:66)
   GDScript backtrace (most recent call first):
       [0] _process (res://addons/GdPlanningAI/gdpai_autoload.gd:21)
WARNING: [GdPAI] ObjectRef(1382643928884): object was freed before callback; returning Nil.
   at: gdplanningai_rust::logger::process_logs (src\logger.rs:66)
   GDScript backtrace (most recent call first):
       [0] _process (res://addons/GdPlanningAI/gdpai_autoload.gd:21)
[GdPAI | debug] GetCost: callable returned non-numeric value: null; returning INFINITY
WARNING: [GdPAI] ObjectRef(124621163998): object was freed before callback; returning Nil.
   at: gdplanningai_rust::logger::process_logs (src\logger.rs:66)
   GDScript backtrace (most recent call first):
       [0] _start_plan_and_wait (res://test/integration/test_campfire_example_smoke.gd:57)
[GdPAI | debug] ApplyEffect [Before] ID=InstanceId(-9223368544241027080): agent props = {"held_item": "", "hunger": 70.0627442063492, "entity": null}
[GdPAI | debug] ApplyEffect [After] ID=InstanceId(-9223368544241027080): agent props = {"held_item": "", "hunger": 70.0627442063492, "entity": null}
[GdPAI | debug]   Snapshotting prop: held_item = Str("") (Variant type: STRING)
[GdPAI | debug]   Snapshotting prop: hunger = Float(70.0627442063492) (Variant type: FLOAT)
[GdPAI | debug]   Snapshotting prop: entity = Nil (Variant type: NIL)
WARNING: [GdPAI] ObjectRef(1382643928884): object was freed before callback; returning Nil.
   at: gdplanningai_rust::logger::process_logs (src\logger.rs:66)
   GDScript backtrace (most recent call first):
       [0] _start_plan_and_wait (res://test/integration/test_campfire_example_smoke.gd:57)
WARNING: [GdPAI] ObjectRef(1382643928884): object was freed before callback; returning Nil.
   at: gdplanningai_rust::logger::process_logs (src\logger.rs:66)
   GDScript backtrace (most recent call first):
       [0] _start_plan_and_wait (res://test/integration/test_campfire_example_smoke.gd:57)
[GdPAI | debug] ApplyEffect [Before] ID=InstanceId(-9223368543670601736): agent props = {"hunger": 95.0603725, "held_item": "", "entity": null}
[GdPAI | debug] ApplyEffect [After] ID=InstanceId(-9223368543670601736): agent props = {"hunger": 95.0603725, "held_item": "", "entity": null}
[GdPAI | debug]   Snapshotting prop: hunger = Float(95.0603725) (Variant type: FLOAT)
[GdPAI | debug]   Snapshotting prop: held_item = Str("") (Variant type: STRING)
[GdPAI | debug]   Snapshotting prop: entity = Nil (Variant type: NIL)
[GdPAI | debug] Discovery: Simulation success for Eat Held Food. Agent props: {"hunger": Float(95.0603725), "held_item": Str(""), "entity": Nil}
[GdPAI | debug] Discovery: Action Eat Held Food satisfied precond Builtin { target: Agent, operation: Equal, property_name: "held_item", value: Some(Str("")) }
[GdPAI | debug] Found candidate: Eat Held Food (satisfied preconds: [0], requirements: [])
[GdPAI | debug] Discovery: Starting simulation for action Cook Potato
WARNING: [GdPAI] ObjectRef(124621163998): object was freed before callback; returning Nil.
   at: gdplanningai_rust::logger::process_logs (src\logger.rs:66)
   GDScript backtrace (most recent call first):
       [0] _process (res://addons/GdPlanningAI/gdpai_autoload.gd:21)
[GdPAI | debug] GetCost: callable returned non-numeric value: null; returning INFINITY
WARNING: [GdPAI] ObjectRef(1382643928884): object was freed before callback; returning Nil.
   at: gdplanningai_rust::logger::process_logs (src\logger.rs:66)
   GDScript backtrace (most recent call first):
       [0] _process (res://addons/GdPlanningAI/gdpai_autoload.gd:21)
WARNING: [GdPAI] ObjectRef(1382643928884): object was freed before callback; returning Nil.
   at: gdplanningai_rust::logger::process_logs (src\logger.rs:66)
   GDScript backtrace (most recent call first):
       [0] _process (res://addons/GdPlanningAI/gdpai_autoload.gd:21)
[GdPAI | debug] Discovery: Starting simulation for action Go To
WARNING: [GdPAI] ObjectRef(124621163998): object was freed before callback; returning Nil.
   at: gdplanningai_rust::logger::process_logs (src\logger.rs:66)
   GDScript backtrace (most recent call first):
       [0] _start_plan_and_wait (res://test/integration/test_campfire_example_smoke.gd:57)
[GdPAI | debug] ApplyEffect [Before] ID=InstanceId(-9223368540499707914): agent props = {"entity": null, "hunger": 70.0627442063492, "held_item": "wood"}
[GdPAI | debug] ApplyEffect [After] ID=InstanceId(-9223368540499707914): agent props = {"entity": null, "hunger": 70.0627442063492, "held_item": "wood"}
[GdPAI | debug]   Snapshotting prop: entity = Nil (Variant type: NIL)
[GdPAI | debug]   Snapshotting prop: hunger = Float(70.0627442063492) (Variant type: FLOAT)
[GdPAI | debug]   Snapshotting prop: held_item = Str("wood") (Variant type: STRING)
WARNING: [GdPAI] ObjectRef(1382643928884): object was freed before callback; returning Nil.
   at: gdplanningai_rust::logger::process_logs (src\logger.rs:66)
   GDScript backtrace (most recent call first):
       [0] _start_plan_and_wait (res://test/integration/test_campfire_example_smoke.gd:57)
WARNING: [GdPAI] ObjectRef(1382643928884): object was freed before callback; returning Nil.
   at: gdplanningai_rust::logger::process_logs (src\logger.rs:66)
   GDScript backtrace (most recent call first):
       [0] _start_plan_and_wait (res://test/integration/test_campfire_example_smoke.gd:57)
[GdPAI | debug] GetCost: callable returned non-numeric value: null; returning INFINITY
[GdPAI | debug] ApplyEffect [Before] ID=InstanceId(-9223368539358857226): agent props = {"entity": VariantGd { id: 3425773299543, class: RigidBody2D }, "hunger": 70.05959003787876, "held_item": "potato"}
[GdPAI | debug] ApplyEffect [After] ID=InstanceId(-9223368539358857226): agent props = {"entity": VariantGd { id: 3425773299543, class: RigidBody2D }, "hunger": 70.05959003787876, "held_item": "cooked_potato"}
[GdPAI | debug]   Snapshotting prop: entity = ObjectRef(3425773299543) (Variant type: OBJECT)
[GdPAI | debug]   Snapshotting prop: hunger = Float(70.05959003787876) (Variant type: FLOAT)
[GdPAI | debug]   Snapshotting prop: held_item = Str("cooked_potato") (Variant type: STRING)
[GdPAI | debug] Discovery: Simulation success for Cook Potato. Agent props: {"hunger": Float(70.05959003787876), "held_item": Str("cooked_potato"), "entity": ObjectRef(3425773299543)}
[GdPAI | debug] Numeric comparison: 70.05959003787876 LessThan 55.05959003787876 -> false
[GdPAI | debug] Discovery: Action Cook Potato did NOT satisfy precond Builtin { target: Agent, operation: LessThan, property_name: "hunger", value: Some(Float(55.05959003787876)) }
[GdPAI | debug] Discovery: Starting simulation for action Pick Up Wood
WARNING: [GdPAI] ObjectRef(124621163998): object was freed before callback; returning Nil.
   at: gdplanningai_rust::logger::process_logs (src\logger.rs:66)
   GDScript backtrace (most recent call first):
       [0] _process (res://addons/GdPlanningAI/gdpai_autoload.gd:21)
WARNING: [GdPAI] ObjectRef(124621163998): object was freed before callback; returning Nil.
   at: gdplanningai_rust::logger::process_logs (src\logger.rs:66)
   GDScript backtrace (most recent call first):
       [0] _process (res://addons/GdPlanningAI/gdpai_autoload.gd:21)
[GdPAI | debug] GetCost: callable returned non-numeric value: null; returning INFINITY
WARNING: [GdPAI] ObjectRef(1382643928884): object was freed before callback; returning Nil.
   at: gdplanningai_rust::logger::process_logs (src\logger.rs:66)
   GDScript backtrace (most recent call first):
       [0] _process (res://addons/GdPlanningAI/gdpai_autoload.gd:21)
WARNING: [GdPAI] ObjectRef(1382643928884): object was freed before callback; returning Nil.
   at: gdplanningai_rust::logger::process_logs (src\logger.rs:66)
   GDScript backtrace (most recent call first):
       [0] _process (res://addons/GdPlanningAI/gdpai_autoload.gd:21)
[GdPAI | debug] ApplyEffect [Before] ID=InstanceId(-9223368538050234352): agent props = {"hunger": 95.0603725, "entity": null, "held_item": ""}
[GdPAI | debug] ApplyEffect [After] ID=InstanceId(-9223368538050234352): agent props = {"hunger": 95.0603725, "entity": null, "held_item": ""}
[GdPAI | debug]   Snapshotting prop: hunger = Float(95.0603725) (Variant type: FLOAT)
[GdPAI | debug]   Snapshotting prop: entity = Nil (Variant type: NIL)
[GdPAI | debug]   Snapshotting prop: held_item = Str("") (Variant type: STRING)
[GdPAI | debug] Discovery: Simulation success for Go To. Agent props: {"held_item": Str(""), "entity": Nil, "hunger": Float(95.0603725)}
[GdPAI | debug] Discovery: Action Go To satisfied precond Builtin { target: Agent, operation: Equal, property_name: "held_item", value: Some(Str("")) }
[GdPAI | debug] Found candidate: Go To (satisfied preconds: [0], requirements: [0])
[GdPAI | debug] Discovery: Starting simulation for action Drop Item
WARNING: [GdPAI] ObjectRef(124621163998): object was freed before callback; returning Nil.
   at: gdplanningai_rust::logger::process_logs (src\logger.rs:66)
   GDScript backtrace (most recent call first):
       [0] _start_plan_and_wait (res://test/integration/test_campfire_example_smoke.gd:57)
WARNING: [GdPAI] ObjectRef(124621163998): object was freed before callback; returning Nil.
   at: gdplanningai_rust::logger::process_logs (src\logger.rs:66)
   GDScript backtrace (most recent call first):
       [0] _start_plan_and_wait (res://test/integration/test_campfire_example_smoke.gd:57)
[GdPAI | debug] ApplyEffect [Before] ID=InstanceId(-9223368536708057047): agent props = {"held_item": "", "hunger": 70.0627442063492, "entity": null}
[GdPAI | debug] ApplyEffect [After] ID=InstanceId(-9223368536708057047): agent props = {"held_item": "", "hunger": 70.0627442063492, "entity": null}
[GdPAI | debug]   Snapshotting prop: held_item = Str("") (Variant type: STRING)
[GdPAI | debug]   Snapshotting prop: hunger = Float(70.0627442063492) (Variant type: FLOAT)
[GdPAI | debug]   Snapshotting prop: entity = Nil (Variant type: NIL)
WARNING: [GdPAI] ObjectRef(1382643928884): object was freed before callback; returning Nil.
   at: gdplanningai_rust::logger::process_logs (src\logger.rs:66)
   GDScript backtrace (most recent call first):
       [0] _start_plan_and_wait (res://test/integration/test_campfire_example_smoke.gd:57)
WARNING: [GdPAI] ObjectRef(1382643928884): object was freed before callback; returning Nil.
   at: gdplanningai_rust::logger::process_logs (src\logger.rs:66)
   GDScript backtrace (most recent call first):
       [0] _start_plan_and_wait (res://test/integration/test_campfire_example_smoke.gd:57)
[GdPAI | debug] GetCost: callable returned non-numeric value: null; returning INFINITY
[GdPAI | debug] ApplyEffect [Before] ID=InstanceId(-9223368535567206359): agent props = {"held_item": "wood", "entity": VariantGd { id: 3425773299543, class: RigidBody2D }, "hunger": 70.05959003787876}
[GdPAI | debug] ApplyEffect [After] ID=InstanceId(-9223368535567206359): agent props = {"held_item": "wood", "entity": VariantGd { id: 3425773299543, class: RigidBody2D }, "hunger": 70.05959003787876}
[GdPAI | debug]   Snapshotting prop: held_item = Str("wood") (Variant type: STRING)
[GdPAI | debug]   Snapshotting prop: entity = ObjectRef(3425773299543) (Variant type: OBJECT)
[GdPAI | debug]   Snapshotting prop: hunger = Float(70.05959003787876) (Variant type: FLOAT)
[GdPAI | debug] Discovery: Simulation success for Pick Up Wood. Agent props: {"entity": ObjectRef(3425773299543), "hunger": Float(70.05959003787876), "held_item": Str("wood")}
[GdPAI | debug] Numeric comparison: 70.05959003787876 LessThan 55.05959003787876 -> false
[GdPAI | debug] Discovery: Action Pick Up Wood did NOT satisfy precond Builtin { target: Agent, operation: LessThan, property_name: "hunger", value: Some(Float(55.05959003787876)) }
[GdPAI | debug] Discovery: Starting simulation for action Pick Up Wood
WARNING: [GdPAI] ObjectRef(124621163998): object was freed before callback; returning Nil.
   at: gdplanningai_rust::logger::process_logs (src\logger.rs:66)
   GDScript backtrace (most recent call first):
       [0] _process (res://addons/GdPlanningAI/gdpai_autoload.gd:21)
[GdPAI | debug] GetCost: callable returned non-numeric value: null; returning INFINITY
WARNING: [GdPAI] ObjectRef(1382643928884): object was freed before callback; returning Nil.
   at: gdplanningai_rust::logger::process_logs (src\logger.rs:66)
   GDScript backtrace (most recent call first):
       [0] _process (res://addons/GdPlanningAI/gdpai_autoload.gd:21)
WARNING: [GdPAI] ObjectRef(1382643928884): object was freed before callback; returning Nil.
   at: gdplanningai_rust::logger::process_logs (src\logger.rs:66)
   GDScript backtrace (most recent call first):
       [0] _process (res://addons/GdPlanningAI/gdpai_autoload.gd:21)
[GdPAI | debug] ApplyEffect [Before] ID=InstanceId(-9223368534208251911): agent props = {"held_item": "", "hunger": 95.0603725, "entity": null}
[GdPAI | debug] ApplyEffect [After] ID=InstanceId(-9223368534208251911): agent props = {"held_item": "", "hunger": 95.0603725, "entity": null}
[GdPAI | debug]   Snapshotting prop: held_item = Str("") (Variant type: STRING)
[GdPAI | debug]   Snapshotting prop: hunger = Float(95.0603725) (Variant type: FLOAT)
[GdPAI | debug]   Snapshotting prop: entity = Nil (Variant type: NIL)
[GdPAI | debug] Discovery: Simulation success for Drop Item. Agent props: {"held_item": Str(""), "hunger": Float(95.0603725), "entity": Nil}
[GdPAI | debug] Discovery: Action Drop Item satisfied precond Builtin { target: Agent, operation: Equal, property_name: "held_item", value: Some(Str("")) }
[GdPAI | debug] Found candidate: Drop Item (satisfied preconds: [0], requirements: [])
[GdPAI | debug] Discovery: Starting simulation for action Add Fuel
WARNING: [GdPAI] ObjectRef(124621163998): object was freed before callback; returning Nil.
   at: gdplanningai_rust::logger::process_logs (src\logger.rs:66)
   GDScript backtrace (most recent call first):
       [0] _start_plan_and_wait (res://test/integration/test_campfire_example_smoke.gd:57)
[GdPAI | debug] ApplyEffect [Before] ID=InstanceId(-9223368532916406361): agent props = {"held_item": "", "hunger": 70.0627442063492, "entity": null}
[GdPAI | debug] ApplyEffect [After] ID=InstanceId(-9223368532916406361): agent props = {"held_item": "", "hunger": 70.0627442063492, "entity": null}
[GdPAI | debug]   Snapshotting prop: held_item = Str("") (Variant type: STRING)
[GdPAI | debug]   Snapshotting prop: hunger = Float(70.0627442063492) (Variant type: FLOAT)
[GdPAI | debug]   Snapshotting prop: entity = Nil (Variant type: NIL)
WARNING: [GdPAI] ObjectRef(1382643928884): object was freed before callback; returning Nil.
   at: gdplanningai_rust::logger::process_logs (src\logger.rs:66)
   GDScript backtrace (most recent call first):
       [0] _start_plan_and_wait (res://test/integration/test_campfire_example_smoke.gd:57)
WARNING: [GdPAI] ObjectRef(1382643928884): object was freed before callback; returning Nil.
   at: gdplanningai_rust::logger::process_logs (src\logger.rs:66)
   GDScript backtrace (most recent call first):
       [0] _start_plan_and_wait (res://test/integration/test_campfire_example_smoke.gd:57)
[GdPAI | debug] GetCost: callable returned non-numeric value: null; returning INFINITY
[GdPAI | debug] ApplyEffect [Before] ID=InstanceId(-9223368531775555673): agent props = {"hunger": 70.05959003787876, "entity": VariantGd { id: 3425773299543, class: RigidBody2D }, "held_item": "wood"}
[GdPAI | debug] ApplyEffect [After] ID=InstanceId(-9223368531775555673): agent props = {"hunger": 70.05959003787876, "entity": VariantGd { id: 3425773299543, class: RigidBody2D }, "held_item": "wood"}
[GdPAI | debug]   Snapshotting prop: hunger = Float(70.05959003787876) (Variant type: FLOAT)
[GdPAI | debug]   Snapshotting prop: entity = ObjectRef(3425773299543) (Variant type: OBJECT)
[GdPAI | debug]   Snapshotting prop: held_item = Str("wood") (Variant type: STRING)
[GdPAI | debug] Discovery: Simulation success for Pick Up Wood. Agent props: {"entity": ObjectRef(3425773299543), "hunger": Float(70.05959003787876), "held_item": Str("wood")}
[GdPAI | debug] Numeric comparison: 70.05959003787876 LessThan 55.05959003787876 -> false
[GdPAI | debug] Discovery: Action Pick Up Wood did NOT satisfy precond Builtin { target: Agent, operation: LessThan, property_name: "hunger", value: Some(Float(55.05959003787876)) }
[GdPAI | debug] Discovery: Starting simulation for action Pick Up Wood
WARNING: [GdPAI] ObjectRef(124621163998): object was freed before callback; returning Nil.
   at: gdplanningai_rust::logger::process_logs (src\logger.rs:66)
   GDScript backtrace (most recent call first):
       [0] _process (res://addons/GdPlanningAI/gdpai_autoload.gd:21)
[GdPAI | debug] GetCost: callable returned non-numeric value: null; returning INFINITY
WARNING: [GdPAI] ObjectRef(1382643928884): object was freed before callback; returning Nil.
   at: gdplanningai_rust::logger::process_logs (src\logger.rs:66)
   GDScript backtrace (most recent call first):
       [0] _process (res://addons/GdPlanningAI/gdpai_autoload.gd:21)
WARNING: [GdPAI] ObjectRef(1382643928884): object was freed before callback; returning Nil.
   at: gdplanningai_rust::logger::process_logs (src\logger.rs:66)
   GDScript backtrace (most recent call first):
       [0] _process (res://addons/GdPlanningAI/gdpai_autoload.gd:21)
[GdPAI | debug] ApplyEffect [Before] ID=InstanceId(-9223368530466932697): agent props = {"held_item": "wood", "entity": null, "hunger": 95.0603725}
[GdPAI | debug] ApplyEffect [After] ID=InstanceId(-9223368530466932697): agent props = {"held_item": "wood", "entity": null, "hunger": 95.0603725}
[GdPAI | debug]   Snapshotting prop: held_item = Str("wood") (Variant type: STRING)
[GdPAI | debug]   Snapshotting prop: entity = Nil (Variant type: NIL)
[GdPAI | debug]   Snapshotting prop: hunger = Float(95.0603725) (Variant type: FLOAT)
[GdPAI | debug] Discovery: Simulation success for Add Fuel. Agent props: {"hunger": Float(95.0603725), "entity": Nil, "held_item": Str("wood")}
[GdPAI | debug] Discovery: Action Add Fuel did NOT satisfy precond Builtin { target: Agent, operation: Equal, property_name: "held_item", value: Some(Str("")) }
WARNING: [GdPAI] ObjectRef(124621163998): object was freed before callback; returning Nil.
   at: gdplanningai_rust::logger::process_logs (src\logger.rs:66)
   GDScript backtrace (most recent call first):
       [0] _start_plan_and_wait (res://test/integration/test_campfire_example_smoke.gd:57)
[GdPAI | debug] ApplyEffect [Before] ID=InstanceId(-9223368529175087012): agent props = {"held_item": "", "hunger": 70.0627442063492, "entity": null}
[GdPAI | debug] ApplyEffect [After] ID=InstanceId(-9223368529175087012): agent props = {"held_item": "", "hunger": 70.0627442063492, "entity": null}
[GdPAI | debug]   Snapshotting prop: held_item = Str("") (Variant type: STRING)
[GdPAI | debug]   Snapshotting prop: hunger = Float(70.0627442063492) (Variant type: FLOAT)
[GdPAI | debug]   Snapshotting prop: entity = Nil (Variant type: NIL)
WARNING: [GdPAI] ObjectRef(1382643928884): object was freed before callback; returning Nil.
   at: gdplanningai_rust::logger::process_logs (src\logger.rs:66)
   GDScript backtrace (most recent call first):
       [0] _start_plan_and_wait (res://test/integration/test_campfire_example_smoke.gd:57)
WARNING: [GdPAI] ObjectRef(1382643928884): object was freed before callback; returning Nil.
   at: gdplanningai_rust::logger::process_logs (src\logger.rs:66)
   GDScript backtrace (most recent call first):
       [0] _start_plan_and_wait (res://test/integration/test_campfire_example_smoke.gd:57)
[GdPAI | debug] Discovery: Action Cook Potato failed validity check, skipping
[GdPAI | debug] Discovery: Starting simulation for action Pick Up Wood
[GdPAI | debug] ApplyEffect [Before] ID=InstanceId(-9223368528034236324): agent props = {"hunger": 70.05959003787876, "held_item": "wood", "entity": VariantGd { id: 3425773299543, class: RigidBody2D }}
[GdPAI | debug] ApplyEffect [After] ID=InstanceId(-9223368528034236324): agent props = {"hunger": 70.05959003787876, "entity": VariantGd { id: 3425773299543, class: RigidBody2D }, "held_item": "wood"}
[GdPAI | debug]   Snapshotting prop: hunger = Float(70.05959003787876) (Variant type: FLOAT)
[GdPAI | debug]   Snapshotting prop: entity = ObjectRef(3425773299543) (Variant type: OBJECT)
[GdPAI | debug]   Snapshotting prop: held_item = Str("wood") (Variant type: STRING)
[GdPAI | debug] Discovery: Simulation success for Pick Up Wood. Agent props: {"entity": ObjectRef(3425773299543), "hunger": Float(70.05959003787876), "held_item": Str("wood")}
[GdPAI | debug] Numeric comparison: 70.05959003787876 LessThan 55.05959003787876 -> false
[GdPAI | debug] Discovery: Action Pick Up Wood did NOT satisfy precond Builtin { target: Agent, operation: LessThan, property_name: "hunger", value: Some(Float(55.05959003787876)) }
[GdPAI | debug] Discovery: Starting simulation for action Pick Up Wood
WARNING: [GdPAI] ObjectRef(124621163998): object was freed before callback; returning Nil.
   at: gdplanningai_rust::logger::process_logs (src\logger.rs:66)
   GDScript backtrace (most recent call first):
       [0] _process (res://addons/GdPlanningAI/gdpai_autoload.gd:21)
[GdPAI | debug] GetCost: callable returned non-numeric value: null; returning INFINITY
WARNING: [GdPAI] ObjectRef(1382643928884): object was freed before callback; returning Nil.
   at: gdplanningai_rust::logger::process_logs (src\logger.rs:66)
   GDScript backtrace (most recent call first):
       [0] _process (res://addons/GdPlanningAI/gdpai_autoload.gd:21)
WARNING: [GdPAI] ObjectRef(1382643928884): object was freed before callback; returning Nil.
   at: gdplanningai_rust::logger::process_logs (src\logger.rs:66)
   GDScript backtrace (most recent call first):
       [0] _process (res://addons/GdPlanningAI/gdpai_autoload.gd:21)
[GdPAI | debug] GetCost: callable returned non-numeric value: null; returning INFINITY
WARNING: [GdPAI] ObjectRef(124621163998): object was freed before callback; returning Nil.
   at: gdplanningai_rust::logger::process_logs (src\logger.rs:66)
   GDScript backtrace (most recent call first):
       [0] _start_plan_and_wait (res://test/integration/test_campfire_example_smoke.gd:57)
[GdPAI | debug] ApplyEffect [Before] ID=InstanceId(-9223368525433767855): agent props = {"held_item": "", "hunger": 70.0627442063492, "entity": null}
[GdPAI | debug] ApplyEffect [After] ID=InstanceId(-9223368525433767855): agent props = {"held_item": "", "hunger": 70.0627442063492, "entity": null}
[GdPAI | debug]   Snapshotting prop: held_item = Str("") (Variant type: STRING)
[GdPAI | debug]   Snapshotting prop: hunger = Float(70.0627442063492) (Variant type: FLOAT)
[GdPAI | debug]   Snapshotting prop: entity = Nil (Variant type: NIL)
WARNING: [GdPAI] ObjectRef(1382643928884): object was freed before callback; returning Nil.
   at: gdplanningai_rust::logger::process_logs (src\logger.rs:66)
   GDScript backtrace (most recent call first):
       [0] _start_plan_and_wait (res://test/integration/test_campfire_example_smoke.gd:57)
WARNING: [GdPAI] ObjectRef(1382643928884): object was freed before callback; returning Nil.
   at: gdplanningai_rust::logger::process_logs (src\logger.rs:66)
   GDScript backtrace (most recent call first):
       [0] _start_plan_and_wait (res://test/integration/test_campfire_example_smoke.gd:57)
[GdPAI | debug] ApplyEffect [Before] ID=InstanceId(-9223368524863342511): agent props = {"entity": null, "held_item": "", "hunger": 95.0603725}
[GdPAI | debug] ApplyEffect [After] ID=InstanceId(-9223368524863342511): agent props = {"entity": null, "held_item": "", "hunger": 95.0603725}
[GdPAI | debug]   Snapshotting prop: entity = Nil (Variant type: NIL)
[GdPAI | debug]   Snapshotting prop: held_item = Str("") (Variant type: STRING)
[GdPAI | debug]   Snapshotting prop: hunger = Float(95.0603725) (Variant type: FLOAT)
[GdPAI | debug] Discovery: Simulation success for Pick Up Wood. Agent props: {"entity": Nil, "held_item": Str(""), "hunger": Float(95.0603725)}
[GdPAI | debug] Discovery: Action Pick Up Wood satisfied precond Builtin { target: Agent, operation: Equal, property_name: "held_item", value: Some(Str("")) }
[GdPAI | debug] Found candidate: Pick Up Wood (satisfied preconds: [0], requirements: [])
[GdPAI | debug] Discovery: Starting simulation for action Pick Up Wood
[GdPAI | debug] ApplyEffect [Before] ID=InstanceId(-9223368524292917167): agent props = {"held_item": "wood", "entity": VariantGd { id: 3425773299543, class: RigidBody2D }, "hunger": 70.05959003787876}
[GdPAI | debug] ApplyEffect [After] ID=InstanceId(-9223368524292917167): agent props = {"held_item": "wood", "entity": VariantGd { id: 3425773299543, class: RigidBody2D }, "hunger": 70.05959003787876}
[GdPAI | debug]   Snapshotting prop: held_item = Str("wood") (Variant type: STRING)
[GdPAI | debug]   Snapshotting prop: entity = ObjectRef(3425773299543) (Variant type: OBJECT)
[GdPAI | debug]   Snapshotting prop: hunger = Float(70.05959003787876) (Variant type: FLOAT)
[GdPAI | debug] Discovery: Simulation success for Pick Up Wood. Agent props: {"held_item": Str("wood"), "entity": ObjectRef(3425773299543), "hunger": Float(70.05959003787876)}
[GdPAI | debug] Numeric comparison: 70.05959003787876 LessThan 55.05959003787876 -> false
[GdPAI | debug] Discovery: Action Pick Up Wood did NOT satisfy precond Builtin { target: Agent, operation: LessThan, property_name: "hunger", value: Some(Float(55.05959003787876)) }
WARNING: [GdPAI] ObjectRef(124621163998): object was freed before callback; returning Nil.
   at: gdplanningai_rust::logger::process_logs (src\logger.rs:66)
   GDScript backtrace (most recent call first):
       [0] _process (res://addons/GdPlanningAI/gdpai_autoload.gd:21)
[GdPAI | debug] GetCost: callable returned non-numeric value: null; returning INFINITY
WARNING: [GdPAI] ObjectRef(1382643928884): object was freed before callback; returning Nil.
   at: gdplanningai_rust::logger::process_logs (src\logger.rs:66)
   GDScript backtrace (most recent call first):
       [0] _process (res://addons/GdPlanningAI/gdpai_autoload.gd:21)
WARNING: [GdPAI] ObjectRef(1382643928884): object was freed before callback; returning Nil.
   at: gdplanningai_rust::logger::process_logs (src\logger.rs:66)
   GDScript backtrace (most recent call first):
       [0] _process (res://addons/GdPlanningAI/gdpai_autoload.gd:21)
[GdPAI | debug] GetCost: callable returned non-numeric value: null; returning INFINITY
WARNING: [GdPAI] ObjectRef(124621163998): object was freed before callback; returning Nil.
   at: gdplanningai_rust::logger::process_logs (src\logger.rs:66)
   GDScript backtrace (most recent call first):
       [0] _start_plan_and_wait (res://test/integration/test_campfire_example_smoke.gd:57)
[GdPAI | debug] ApplyEffect [Before] ID=InstanceId(-9223368521692448652): agent props = {"held_item": "", "entity": null, "hunger": 70.0627442063492}
[GdPAI | debug] ApplyEffect [After] ID=InstanceId(-9223368521692448652): agent props = {"held_item": "", "entity": null, "hunger": 70.0627442063492}
[GdPAI | debug]   Snapshotting prop: held_item = Str("") (Variant type: STRING)
[GdPAI | debug]   Snapshotting prop: entity = Nil (Variant type: NIL)
[GdPAI | debug]   Snapshotting prop: hunger = Float(70.0627442063492) (Variant type: FLOAT)
WARNING: [GdPAI] ObjectRef(1382643928884): object was freed before callback; returning Nil.
   at: gdplanningai_rust::logger::process_logs (src\logger.rs:66)
   GDScript backtrace (most recent call first):
       [0] _start_plan_and_wait (res://test/integration/test_campfire_example_smoke.gd:57)
WARNING: [GdPAI] ObjectRef(1382643928884): object was freed before callback; returning Nil.
   at: gdplanningai_rust::logger::process_logs (src\logger.rs:66)
   GDScript backtrace (most recent call first):
       [0] _start_plan_and_wait (res://test/integration/test_campfire_example_smoke.gd:57)
[GdPAI | debug] ApplyEffect [Before] ID=InstanceId(-9223368521122023308): agent props = {"hunger": 95.0603725, "held_item": "", "entity": null}
[GdPAI | debug] ApplyEffect [After] ID=InstanceId(-9223368521122023308): agent props = {"hunger": 95.0603725, "held_item": "", "entity": null}
[GdPAI | debug]   Snapshotting prop: hunger = Float(95.0603725) (Variant type: FLOAT)
[GdPAI | debug]   Snapshotting prop: held_item = Str("") (Variant type: STRING)
[GdPAI | debug]   Snapshotting prop: entity = Nil (Variant type: NIL)
[GdPAI | debug] Discovery: Simulation success for Pick Up Wood. Agent props: {"entity": Nil, "hunger": Float(95.0603725), "held_item": Str("")}
[GdPAI | debug] Discovery: Action Pick Up Wood satisfied precond Builtin { target: Agent, operation: Equal, property_name: "held_item", value: Some(Str("")) }
[GdPAI | debug] Found candidate: Pick Up Wood (satisfied preconds: [0], requirements: [])
[GdPAI | debug] Discovery: Starting simulation for action Pick Up Wood
WARNING: [GdPAI] ObjectRef(124621163998): object was freed before callback; returning Nil.
   at: gdplanningai_rust::logger::process_logs (src\logger.rs:66)
   GDScript backtrace (most recent call first):
       [0] _process (res://addons/GdPlanningAI/gdpai_autoload.gd:21)
[GdPAI | debug] GetCost: callable returned non-numeric value: null; returning INFINITY
WARNING: [GdPAI] ObjectRef(1382643928884): object was freed before callback; returning Nil.
   at: gdplanningai_rust::logger::process_logs (src\logger.rs:66)
   GDScript backtrace (most recent call first):
       [0] _process (res://addons/GdPlanningAI/gdpai_autoload.gd:21)
WARNING: [GdPAI] ObjectRef(1382643928884): object was freed before callback; returning Nil.
   at: gdplanningai_rust::logger::process_logs (src\logger.rs:66)
   GDScript backtrace (most recent call first):
       [0] _process (res://addons/GdPlanningAI/gdpai_autoload.gd:21)
[GdPAI | debug] GetCost: callable returned non-numeric value: null; returning INFINITY
WARNING: [GdPAI] ObjectRef(124621163998): object was freed before callback; returning Nil.
   at: gdplanningai_rust::logger::process_logs (src\logger.rs:66)
   GDScript backtrace (most recent call first):
       [0] _start_plan_and_wait (res://test/integration/test_campfire_example_smoke.gd:57)
[GdPAI | debug] ApplyEffect [Before] ID=InstanceId(-9223368517951129464): agent props = {"entity": null, "hunger": 70.0627442063492, "held_item": "wood"}
[GdPAI | debug] ApplyEffect [After] ID=InstanceId(-9223368517951129464): agent props = {"entity": null, "hunger": 70.0627442063492, "held_item": "wood"}
[GdPAI | debug]   Snapshotting prop: entity = Nil (Variant type: NIL)
[GdPAI | debug]   Snapshotting prop: hunger = Float(70.0627442063492) (Variant type: FLOAT)
[GdPAI | debug]   Snapshotting prop: held_item = Str("wood") (Variant type: STRING)
WARNING: [GdPAI] ObjectRef(1382643928884): object was freed before callback; returning Nil.
   at: gdplanningai_rust::logger::process_logs (src\logger.rs:66)
   GDScript backtrace (most recent call first):
       [0] _start_plan_and_wait (res://test/integration/test_campfire_example_smoke.gd:57)
WARNING: [GdPAI] ObjectRef(1382643928884): object was freed before callback; returning Nil.
   at: gdplanningai_rust::logger::process_logs (src\logger.rs:66)
   GDScript backtrace (most recent call first):
       [0] _start_plan_and_wait (res://test/integration/test_campfire_example_smoke.gd:57)
[GdPAI | debug] ApplyEffect [Before] ID=InstanceId(-9223368517380704120): agent props = {"held_item": "", "entity": null, "hunger": 95.0603725}
[GdPAI | debug] ApplyEffect [After] ID=InstanceId(-9223368517380704120): agent props = {"held_item": "", "entity": null, "hunger": 95.0603725}
[GdPAI | debug]   Snapshotting prop: held_item = Str("") (Variant type: STRING)
[GdPAI | debug]   Snapshotting prop: entity = Nil (Variant type: NIL)
[GdPAI | debug]   Snapshotting prop: hunger = Float(95.0603725) (Variant type: FLOAT)
[GdPAI | debug] Discovery: Simulation success for Pick Up Wood. Agent props: {"held_item": Str(""), "hunger": Float(95.0603725), "entity": Nil}
[GdPAI | debug] Discovery: Action Pick Up Wood satisfied precond Builtin { target: Agent, operation: Equal, property_name: "held_item", value: Some(Str("")) }
[GdPAI | debug] Found candidate: Pick Up Wood (satisfied preconds: [0], requirements: [])
[GdPAI | debug] Discovery: Starting simulation for action Pick Up Wood
[GdPAI | debug] Discovery: Starting simulation for action Dig Potato
WARNING: [GdPAI] ObjectRef(124621163998): object was freed before callback; returning Nil.
   at: gdplanningai_rust::logger::process_logs (src\logger.rs:66)
   GDScript backtrace (most recent call first):
       [0] _process (res://addons/GdPlanningAI/gdpai_autoload.gd:21)
WARNING: [GdPAI] ObjectRef(124621163998): object was freed before callback; returning Nil.
   at: gdplanningai_rust::logger::process_logs (src\logger.rs:66)
   GDScript backtrace (most recent call first):
       [0] _process (res://addons/GdPlanningAI/gdpai_autoload.gd:21)
[GdPAI | debug] GetCost: callable returned non-numeric value: null; returning INFINITY
WARNING: [GdPAI] ObjectRef(1382643928884): object was freed before callback; returning Nil.
   at: gdplanningai_rust::logger::process_logs (src\logger.rs:66)
   GDScript backtrace (most recent call first):
       [0] _process (res://addons/GdPlanningAI/gdpai_autoload.gd:21)
WARNING: [GdPAI] ObjectRef(1382643928884): object was freed before callback; returning Nil.
   at: gdplanningai_rust::logger::process_logs (src\logger.rs:66)
   GDScript backtrace (most recent call first):
       [0] _process (res://addons/GdPlanningAI/gdpai_autoload.gd:21)
[GdPAI | debug] GetCost: callable returned non-numeric value: null; returning INFINITY
WARNING: [GdPAI] ObjectRef(124621163998): object was freed before callback; returning Nil.
   at: gdplanningai_rust::logger::process_logs (src\logger.rs:66)
   GDScript backtrace (most recent call first):
       [0] _start_plan_and_wait (res://test/integration/test_campfire_example_smoke.gd:57)
WARNING: [GdPAI] ObjectRef(124621163998): object was freed before callback; returning Nil.
   at: gdplanningai_rust::logger::process_logs (src\logger.rs:66)
   GDScript backtrace (most recent call first):
       [0] _start_plan_and_wait (res://test/integration/test_campfire_example_smoke.gd:57)
[GdPAI | debug] ApplyEffect [Before] ID=InstanceId(-9223368514159478630): agent props = {"hunger": 70.0627442063492, "entity": null, "held_item": ""}
[GdPAI | debug] ApplyEffect [After] ID=InstanceId(-9223368514159478630): agent props = {"hunger": 70.0627442063492, "entity": null, "held_item": ""}
[GdPAI | debug]   Snapshotting prop: hunger = Float(70.0627442063492) (Variant type: FLOAT)
[GdPAI | debug]   Snapshotting prop: entity = Nil (Variant type: NIL)
[GdPAI | debug]   Snapshotting prop: held_item = Str("") (Variant type: STRING)
WARNING: [GdPAI] ObjectRef(1382643928884): object was freed before callback; returning Nil.
   at: gdplanningai_rust::logger::process_logs (src\logger.rs:66)
   GDScript backtrace (most recent call first):
       [0] _start_plan_and_wait (res://test/integration/test_campfire_example_smoke.gd:57)
WARNING: [GdPAI] ObjectRef(1382643928884): object was freed before callback; returning Nil.
   at: gdplanningai_rust::logger::process_logs (src\logger.rs:66)
   GDScript backtrace (most recent call first):
       [0] _start_plan_and_wait (res://test/integration/test_campfire_example_smoke.gd:57)
[GdPAI | debug] ApplyEffect [Before] ID=InstanceId(-9223368513589053286): agent props = {"entity": null, "hunger": 95.0603725, "held_item": ""}
[GdPAI | debug] ApplyEffect [After] ID=InstanceId(-9223368513589053286): agent props = {"entity": null, "hunger": 95.0603725, "held_item": ""}
[GdPAI | debug]   Snapshotting prop: entity = Nil (Variant type: NIL)
[GdPAI | debug]   Snapshotting prop: hunger = Float(95.0603725) (Variant type: FLOAT)
[GdPAI | debug]   Snapshotting prop: held_item = Str("") (Variant type: STRING)
[GdPAI | debug] Discovery: Simulation success for Pick Up Wood. Agent props: {"entity": Nil, "held_item": Str(""), "hunger": Float(95.0603725)}
[GdPAI | debug] Discovery: Action Pick Up Wood satisfied precond Builtin { target: Agent, operation: Equal, property_name: "held_item", value: Some(Str("")) }
[GdPAI | debug] Found candidate: Pick Up Wood (satisfied preconds: [0], requirements: [])
[GdPAI | debug] ApplyEffect [Before] ID=InstanceId(-9223368513018627942): agent props = {"hunger": 70.05959003787876, "held_item": "wood", "entity": VariantGd { id: 3425773299543, class: RigidBody2D }}
[GdPAI | debug] ApplyEffect [After] ID=InstanceId(-9223368513018627942): agent props = {"held_item": "potato", "hunger": 70.05959003787876, "entity": VariantGd { id: 3425773299543, class: RigidBody2D }}
[GdPAI | debug]   Snapshotting prop: held_item = Str("potato") (Variant type: STRING)
[GdPAI | debug]   Snapshotting prop: hunger = Float(70.05959003787876) (Variant type: FLOAT)
[GdPAI | debug]   Snapshotting prop: entity = ObjectRef(3425773299543) (Variant type: OBJECT)
[GdPAI | debug] Discovery: Simulation success for Dig Potato. Agent props: {"held_item": Str("potato"), "hunger": Float(70.05959003787876), "entity": ObjectRef(3425773299543)}
[GdPAI | debug] Numeric comparison: 70.05959003787876 LessThan 55.05959003787876 -> false
[GdPAI | debug] Discovery: Action Dig Potato did NOT satisfy precond Builtin { target: Agent, operation: LessThan, property_name: "hunger", value: Some(Float(55.05959003787876)) }
WARNING: [GdPAI] ObjectRef(124621163998): object was freed before callback; returning Nil.
   at: gdplanningai_rust::logger::process_logs (src\logger.rs:66)
   GDScript backtrace (most recent call first):
       [0] _process (res://addons/GdPlanningAI/gdpai_autoload.gd:21)
[GdPAI | debug] GetCost: callable returned non-numeric value: null; returning INFINITY
WARNING: [GdPAI] ObjectRef(1382643928884): object was freed before callback; returning Nil.
   at: gdplanningai_rust::logger::process_logs (src\logger.rs:66)
   GDScript backtrace (most recent call first):
       [0] _process (res://addons/GdPlanningAI/gdpai_autoload.gd:21)
WARNING: [GdPAI] ObjectRef(1382643928884): object was freed before callback; returning Nil.
   at: gdplanningai_rust::logger::process_logs (src\logger.rs:66)
   GDScript backtrace (most recent call first):
       [0] _process (res://addons/GdPlanningAI/gdpai_autoload.gd:21)
[GdPAI | debug] Discovery: Action Dig Potato failed validity check, skipping
WARNING: [GdPAI] ObjectRef(124621163998): object was freed before callback; returning Nil.
   at: gdplanningai_rust::logger::process_logs (src\logger.rs:66)
   GDScript backtrace (most recent call first):
       [0] _start_plan_and_wait (res://test/integration/test_campfire_example_smoke.gd:57)
[GdPAI | debug] ApplyEffect [Before] ID=InstanceId(-9223368510367827778): agent props = {"held_item": "", "entity": null, "hunger": 70.0627442063492}
[GdPAI | debug] ApplyEffect [After] ID=InstanceId(-9223368510367827778): agent props = {"held_item": "", "entity": null, "hunger": 70.0627442063492}
[GdPAI | debug]   Snapshotting prop: held_item = Str("") (Variant type: STRING)
[GdPAI | debug]   Snapshotting prop: entity = Nil (Variant type: NIL)
[GdPAI | debug]   Snapshotting prop: hunger = Float(70.0627442063492) (Variant type: FLOAT)
WARNING: [GdPAI] ObjectRef(1382643928884): object was freed before callback; returning Nil.
   at: gdplanningai_rust::logger::process_logs (src\logger.rs:66)
   GDScript backtrace (most recent call first):
       [0] _start_plan_and_wait (res://test/integration/test_campfire_example_smoke.gd:57)
WARNING: [GdPAI] ObjectRef(1382643928884): object was freed before callback; returning Nil.
   at: gdplanningai_rust::logger::process_logs (src\logger.rs:66)
   GDScript backtrace (most recent call first):
       [0] _start_plan_and_wait (res://test/integration/test_campfire_example_smoke.gd:57)
[GdPAI | debug] Discovery: Action Dig Potato failed validity check, skipping
WARNING: [GdPAI] ObjectRef(124621163998): object was freed before callback; returning Nil.
   at: gdplanningai_rust::logger::process_logs (src\logger.rs:66)
   GDScript backtrace (most recent call first):
       [0] _process (res://addons/GdPlanningAI/gdpai_autoload.gd:21)
[GdPAI | debug] GetCost: callable returned non-numeric value: null; returning INFINITY
WARNING: [GdPAI] ObjectRef(1382643928884): object was freed before callback; returning Nil.
   at: gdplanningai_rust::logger::process_logs (src\logger.rs:66)
   GDScript backtrace (most recent call first):
       [0] _process (res://addons/GdPlanningAI/gdpai_autoload.gd:21)
WARNING: [GdPAI] ObjectRef(1382643928884): object was freed before callback; returning Nil.
   at: gdplanningai_rust::logger::process_logs (src\logger.rs:66)
   GDScript backtrace (most recent call first):
       [0] _process (res://addons/GdPlanningAI/gdpai_autoload.gd:21)
[GdPAI | debug] Discovery: Action Dig Potato failed validity check, skipping
WARNING: [GdPAI] ObjectRef(124621163998): object was freed before callback; returning Nil.
   at: gdplanningai_rust::logger::process_logs (src\logger.rs:66)
   GDScript backtrace (most recent call first):
       [0] _start_plan_and_wait (res://test/integration/test_campfire_example_smoke.gd:57)
[GdPAI | debug] ApplyEffect [Before] ID=InstanceId(-9223368506626508596): agent props = {"entity": null, "held_item": "", "hunger": 70.0627442063492}
[GdPAI | debug] ApplyEffect [After] ID=InstanceId(-9223368506626508596): agent props = {"entity": null, "held_item": "", "hunger": 70.0627442063492}
[GdPAI | debug]   Snapshotting prop: entity = Nil (Variant type: NIL)
[GdPAI | debug]   Snapshotting prop: held_item = Str("") (Variant type: STRING)
[GdPAI | debug]   Snapshotting prop: hunger = Float(70.0627442063492) (Variant type: FLOAT)
WARNING: [GdPAI] ObjectRef(1382643928884): object was freed before callback; returning Nil.
   at: gdplanningai_rust::logger::process_logs (src\logger.rs:66)
   GDScript backtrace (most recent call first):
       [0] _start_plan_and_wait (res://test/integration/test_campfire_example_smoke.gd:57)
WARNING: [GdPAI] ObjectRef(1382643928884): object was freed before callback; returning Nil.
   at: gdplanningai_rust::logger::process_logs (src\logger.rs:66)
   GDScript backtrace (most recent call first):
       [0] _start_plan_and_wait (res://test/integration/test_campfire_example_smoke.gd:57)
[GdPAI | debug] Discovery: Action Dig Potato failed validity check, skipping
[GdPAI | debug] Discovery: Starting simulation for action Dig Potato
WARNING: [GdPAI] ObjectRef(124621163998): object was freed before callback; returning Nil.
   at: gdplanningai_rust::logger::process_logs (src\logger.rs:66)
   GDScript backtrace (most recent call first):
       [0] _process (res://addons/GdPlanningAI/gdpai_autoload.gd:21)
[GdPAI | debug] GetCost: callable returned non-numeric value: null; returning INFINITY
WARNING: [GdPAI] ObjectRef(1382643928884): object was freed before callback; returning Nil.
   at: gdplanningai_rust::logger::process_logs (src\logger.rs:66)
   GDScript backtrace (most recent call first):
       [0] _process (res://addons/GdPlanningAI/gdpai_autoload.gd:21)
WARNING: [GdPAI] ObjectRef(1382643928884): object was freed before callback; returning Nil.
   at: gdplanningai_rust::logger::process_logs (src\logger.rs:66)
   GDScript backtrace (most recent call first):
       [0] _process (res://addons/GdPlanningAI/gdpai_autoload.gd:21)
[GdPAI | debug] Discovery: Action Dig Potato failed validity check, skipping
WARNING: [GdPAI] ObjectRef(124621163998): object was freed before callback; returning Nil.
   at: gdplanningai_rust::logger::process_logs (src\logger.rs:66)
   GDScript backtrace (most recent call first):
       [0] _start_plan_and_wait (res://test/integration/test_campfire_example_smoke.gd:57)
[GdPAI | debug] ApplyEffect [Before] ID=InstanceId(-9223368502885189419): agent props = {"hunger": 70.0627442063492, "held_item": "", "entity": null}
[GdPAI | debug] ApplyEffect [After] ID=InstanceId(-9223368502885189419): agent props = {"hunger": 70.0627442063492, "held_item": "", "entity": null}
[GdPAI | debug]   Snapshotting prop: hunger = Float(70.0627442063492) (Variant type: FLOAT)
[GdPAI | debug]   Snapshotting prop: held_item = Str("") (Variant type: STRING)
[GdPAI | debug]   Snapshotting prop: entity = Nil (Variant type: NIL)
WARNING: [GdPAI] ObjectRef(1382643928884): object was freed before callback; returning Nil.
   at: gdplanningai_rust::logger::process_logs (src\logger.rs:66)
   GDScript backtrace (most recent call first):
       [0] _start_plan_and_wait (res://test/integration/test_campfire_example_smoke.gd:57)
WARNING: [GdPAI] ObjectRef(1382643928884): object was freed before callback; returning Nil.
   at: gdplanningai_rust::logger::process_logs (src\logger.rs:66)
   GDScript backtrace (most recent call first):
       [0] _start_plan_and_wait (res://test/integration/test_campfire_example_smoke.gd:57)
WARNING: [GdPAI] ObjectRef(1383046581817): object was freed before callback; returning Nil.
   at: gdplanningai_rust::logger::process_logs (src\logger.rs:66)
   GDScript backtrace (most recent call first):
       [0] _start_plan_and_wait (res://test/integration/test_campfire_example_smoke.gd:57)
WARNING: [GdPAI] ObjectRef(1383046581817): object was freed before callback; returning Nil.
   at: gdplanningai_rust::logger::process_logs (src\logger.rs:66)
   GDScript backtrace (most recent call first):
       [0] _start_plan_and_wait (res://test/integration/test_campfire_example_smoke.gd:57)
[GdPAI | debug] GetCost: callable returned non-numeric value: null; returning INFINITY
[GdPAI | debug] ApplyEffect [Before] ID=InstanceId(-9223368501744338731): agent props = {"hunger": 70.05959003787876, "held_item": "wood", "entity": VariantGd { id: 3425773299543, class: RigidBody2D }}
[GdPAI | debug] ApplyEffect [After] ID=InstanceId(-9223368501744338731): agent props = {"hunger": 70.05959003787876, "held_item": "potato", "entity": VariantGd { id: 3425773299543, class: RigidBody2D }}
[GdPAI | debug]   Snapshotting prop: hunger = Float(70.05959003787876) (Variant type: FLOAT)
[GdPAI | debug]   Snapshotting prop: held_item = Str("potato") (Variant type: STRING)
[GdPAI | debug]   Snapshotting prop: entity = ObjectRef(3425773299543) (Variant type: OBJECT)
[GdPAI | debug] Discovery: Simulation success for Dig Potato. Agent props: {"hunger": Float(70.05959003787876), "held_item": Str("potato"), "entity": ObjectRef(3425773299543)}
[GdPAI | debug] Numeric comparison: 70.05959003787876 LessThan 55.05959003787876 -> false
[GdPAI | debug] Discovery: Action Dig Potato did NOT satisfy precond Builtin { target: Agent, operation: LessThan, property_name: "hunger", value: Some(Float(55.05959003787876)) }
WARNING: [GdPAI] ObjectRef(124621163998): object was freed before callback; returning Nil.
   at: gdplanningai_rust::logger::process_logs (src\logger.rs:66)
   GDScript backtrace (most recent call first):
       [0] _process (res://addons/GdPlanningAI/gdpai_autoload.gd:21)
[GdPAI | debug] GetCost: callable returned non-numeric value: null; returning INFINITY
WARNING: [GdPAI] ObjectRef(1382643928884): object was freed before callback; returning Nil.
   at: gdplanningai_rust::logger::process_logs (src\logger.rs:66)
   GDScript backtrace (most recent call first):
       [0] _process (res://addons/GdPlanningAI/gdpai_autoload.gd:21)
WARNING: [GdPAI] ObjectRef(1382643928884): object was freed before callback; returning Nil.
   at: gdplanningai_rust::logger::process_logs (src\logger.rs:66)
   GDScript backtrace (most recent call first):
       [0] _process (res://addons/GdPlanningAI/gdpai_autoload.gd:21)
WARNING: [GdPAI] ObjectRef(1383046581817): object was freed before callback; returning Nil.
   at: gdplanningai_rust::logger::process_logs (src\logger.rs:66)
   GDScript backtrace (most recent call first):
       [0] _process (res://addons/GdPlanningAI/gdpai_autoload.gd:21)
WARNING: [GdPAI] ObjectRef(1383046581817): object was freed before callback; returning Nil.
   at: gdplanningai_rust::logger::process_logs (src\logger.rs:66)
   GDScript backtrace (most recent call first):
       [0] _process (res://addons/GdPlanningAI/gdpai_autoload.gd:21)
[GdPAI | debug] ApplyEffect [Before] ID=InstanceId(-9223368500335052591): agent props = {"entity": null, "at_target": null, "hunger": 95.0603725, "held_item": ""}
[GdPAI | debug] ApplyEffect [After] ID=InstanceId(-9223368500335052591): agent props = {"entity": null, "at_target": null, "hunger": 95.0603725, "held_item": ""}
[GdPAI | debug]   Snapshotting prop: entity = Nil (Variant type: NIL)
[GdPAI | debug]   Snapshotting prop: at_target = Nil (Variant type: NIL)
[GdPAI | debug]   Snapshotting prop: hunger = Float(95.0603725) (Variant type: FLOAT)
[GdPAI | debug]   Snapshotting prop: held_item = Str("") (Variant type: STRING)
WARNING: [GdPAI] ObjectRef(124621163998): object was freed before callback; returning Nil.
   at: gdplanningai_rust::logger::process_logs (src\logger.rs:66)
   GDScript backtrace (most recent call first):
       [0] _start_plan_and_wait (res://test/integration/test_campfire_example_smoke.gd:57)
[GdPAI | debug] ApplyEffect [Before] ID=InstanceId(-9223368498942543676): agent props = {"hunger": 70.0627442063492, "held_item": "", "entity": null}
[GdPAI | debug] ApplyEffect [After] ID=InstanceId(-9223368498942543676): agent props = {"hunger": 70.0627442063492, "held_item": "", "entity": null}
[GdPAI | debug]   Snapshotting prop: hunger = Float(70.0627442063492) (Variant type: FLOAT)
[GdPAI | debug]   Snapshotting prop: held_item = Str("") (Variant type: STRING)
[GdPAI | debug]   Snapshotting prop: entity = Nil (Variant type: NIL)
WARNING: [GdPAI] ObjectRef(1382643928884): object was freed before callback; returning Nil.
   at: gdplanningai_rust::logger::process_logs (src\logger.rs:66)
   GDScript backtrace (most recent call first):
       [0] _start_plan_and_wait (res://test/integration/test_campfire_example_smoke.gd:57)
WARNING: [GdPAI] ObjectRef(1383046581817): object was freed before callback; returning Nil.
   at: gdplanningai_rust::logger::process_logs (src\logger.rs:66)
   GDScript backtrace (most recent call first):
       [0] _start_plan_and_wait (res://test/integration/test_campfire_example_smoke.gd:57)
WARNING: [GdPAI] ObjectRef(1383046581817): object was freed before callback; returning Nil.
   at: gdplanningai_rust::logger::process_logs (src\logger.rs:66)
   GDScript backtrace (most recent call first):
       [0] _start_plan_and_wait (res://test/integration/test_campfire_example_smoke.gd:57)
[GdPAI | debug] GetCost: callable returned non-numeric value: null; returning INFINITY
WARNING: [GdPAI] ObjectRef(124621163998): object was freed before callback; returning Nil.
   at: gdplanningai_rust::logger::process_logs (src\logger.rs:66)
   GDScript backtrace (most recent call first):
       [0] _process (res://addons/GdPlanningAI/gdpai_autoload.gd:21)
[GdPAI | debug] GetCost: callable returned non-numeric value: null; returning INFINITY
WARNING: [GdPAI] ObjectRef(1382643928884): object was freed before callback; returning Nil.
   at: gdplanningai_rust::logger::process_logs (src\logger.rs:66)
   GDScript backtrace (most recent call first):
       [0] _process (res://addons/GdPlanningAI/gdpai_autoload.gd:21)
WARNING: [GdPAI] ObjectRef(1383046581817): object was freed before callback; returning Nil.
   at: gdplanningai_rust::logger::process_logs (src\logger.rs:66)
   GDScript backtrace (most recent call first):
       [0] _process (res://addons/GdPlanningAI/gdpai_autoload.gd:21)
WARNING: [GdPAI] ObjectRef(1383046581817): object was freed before callback; returning Nil.
   at: gdplanningai_rust::logger::process_logs (src\logger.rs:66)
   GDScript backtrace (most recent call first):
       [0] _process (res://addons/GdPlanningAI/gdpai_autoload.gd:21)
[GdPAI | debug] ApplyEffect [Before] ID=InstanceId(-9223368496442738504): agent props = {"hunger": 95.0603725, "entity": null, "at_target": null, "held_item": ""}
[GdPAI | debug] ApplyEffect [After] ID=InstanceId(-9223368496442738504): agent props = {"hunger": 95.0603725, "entity": null, "at_target": null, "held_item": ""}
[GdPAI | debug]   Snapshotting prop: hunger = Float(95.0603725) (Variant type: FLOAT)
[GdPAI | debug]   Snapshotting prop: entity = Nil (Variant type: NIL)
[GdPAI | debug]   Snapshotting prop: at_target = Nil (Variant type: NIL)
[GdPAI | debug]   Snapshotting prop: held_item = Str("") (Variant type: STRING)
WARNING: [GdPAI] ObjectRef(124621163998): object was freed before callback; returning Nil.
   at: gdplanningai_rust::logger::process_logs (src\logger.rs:66)
   GDScript backtrace (most recent call first):
       [0] _start_plan_and_wait (res://test/integration/test_campfire_example_smoke.gd:57)
[GdPAI | debug] ApplyEffect [Before] ID=InstanceId(-9223368495100561186): agent props = {"held_item": "wood", "hunger": 70.0627442063492, "entity": null}
[GdPAI | debug] ApplyEffect [After] ID=InstanceId(-9223368495100561186): agent props = {"held_item": "wood", "hunger": 70.0627442063492, "entity": null}
[GdPAI | debug]   Snapshotting prop: held_item = Str("wood") (Variant type: STRING)
[GdPAI | debug]   Snapshotting prop: hunger = Float(70.0627442063492) (Variant type: FLOAT)
[GdPAI | debug]   Snapshotting prop: entity = Nil (Variant type: NIL)
WARNING: [GdPAI] ObjectRef(1382643928884): object was freed before callback; returning Nil.
   at: gdplanningai_rust::logger::process_logs (src\logger.rs:66)
   GDScript backtrace (most recent call first):
       [0] _start_plan_and_wait (res://test/integration/test_campfire_example_smoke.gd:57)
WARNING: [GdPAI] ObjectRef(1382157389614): object was freed before callback; returning Nil.
   at: gdplanningai_rust::logger::process_logs (src\logger.rs:66)
   GDScript backtrace (most recent call first):
       [0] _start_plan_and_wait (res://test/integration/test_campfire_example_smoke.gd:57)
WARNING: [GdPAI] ObjectRef(1382157389614): object was freed before callback; returning Nil.
   at: gdplanningai_rust::logger::process_logs (src\logger.rs:66)
   GDScript backtrace (most recent call first):
       [0] _start_plan_and_wait (res://test/integration/test_campfire_example_smoke.gd:57)
[GdPAI | debug] GetCost: callable returned non-numeric value: null; returning INFINITY
[GdPAI] A* Iteration: pop node with chain length 6
[GdPAI] A* Iteration: pop node with chain length 5
[GdPAI | debug] find_candidates: Checking 15 actions against 1 preconds and 1 requirements
[GdPAI | debug] Discovery: Starting simulation for action Dig Potato
WARNING: [GdPAI] ObjectRef(124621163998): object was freed before callback; returning Nil.
   at: gdplanningai_rust::logger::process_logs (src\logger.rs:66)
   GDScript backtrace (most recent call first):
       [0] _process (res://addons/GdPlanningAI/gdpai_autoload.gd:21)
WARNING: [GdPAI] ObjectRef(124621163998): object was freed before callback; returning Nil.
   at: gdplanningai_rust::logger::process_logs (src\logger.rs:66)
   GDScript backtrace (most recent call first):
       [0] _process (res://addons/GdPlanningAI/gdpai_autoload.gd:21)
[GdPAI | debug] Discovery: Starting simulation for action Go To
WARNING: [GdPAI] ObjectRef(1382643928884): object was freed before callback; returning Nil.
   at: gdplanningai_rust::logger::process_logs (src\logger.rs:66)
   GDScript backtrace (most recent call first):
       [0] _process (res://addons/GdPlanningAI/gdpai_autoload.gd:21)
WARNING: [GdPAI] ObjectRef(1382157389614): object was freed before callback; returning Nil.
   at: gdplanningai_rust::logger::process_logs (src\logger.rs:66)
   GDScript backtrace (most recent call first):
       [0] _process (res://addons/GdPlanningAI/gdpai_autoload.gd:21)
WARNING: [GdPAI] ObjectRef(1382157389614): object was freed before callback; returning Nil.
   at: gdplanningai_rust::logger::process_logs (src\logger.rs:66)
   GDScript backtrace (most recent call first):
       [0] _process (res://addons/GdPlanningAI/gdpai_autoload.gd:21)
[GdPAI | debug] ApplyEffect [Before] ID=InstanceId(-9223368492600755971): agent props = {"hunger": 95.0603725, "entity": null, "at_target": null, "held_item": ""}
[GdPAI | debug] ApplyEffect [After] ID=InstanceId(-9223368492600755971): agent props = {"hunger": 95.0603725, "entity": null, "at_target": null, "held_item": ""}
[GdPAI | debug]   Snapshotting prop: hunger = Float(95.0603725) (Variant type: FLOAT)
[GdPAI | debug]   Snapshotting prop: entity = Nil (Variant type: NIL)
[GdPAI | debug]   Snapshotting prop: at_target = Nil (Variant type: NIL)
[GdPAI | debug]   Snapshotting prop: held_item = Str("") (Variant type: STRING)
WARNING: [GdPAI] ObjectRef(124621163998): object was freed before callback; returning Nil.
   at: gdplanningai_rust::logger::process_logs (src\logger.rs:66)
   GDScript backtrace (most recent call first):
       [0] _start_plan_and_wait (res://test/integration/test_campfire_example_smoke.gd:57)
WARNING: [GdPAI] ObjectRef(124621163998): object was freed before callback; returning Nil.
   at: gdplanningai_rust::logger::process_logs (src\logger.rs:66)
   GDScript backtrace (most recent call first):
       [0] _start_plan_and_wait (res://test/integration/test_campfire_example_smoke.gd:57)
[GdPAI | debug] GetCost: callable returned non-numeric value: null; returning INFINITY
WARNING: [GdPAI] ObjectRef(1382643928884): object was freed before callback; returning Nil.
   at: gdplanningai_rust::logger::process_logs (src\logger.rs:66)
   GDScript backtrace (most recent call first):
       [0] _start_plan_and_wait (res://test/integration/test_campfire_example_smoke.gd:57)
WARNING: [GdPAI] ObjectRef(1382157389614): object was freed before callback; returning Nil.
   at: gdplanningai_rust::logger::process_logs (src\logger.rs:66)
   GDScript backtrace (most recent call first):
       [0] _start_plan_and_wait (res://test/integration/test_campfire_example_smoke.gd:57)
WARNING: [GdPAI] ObjectRef(1382157389614): object was freed before callback; returning Nil.
   at: gdplanningai_rust::logger::process_logs (src\logger.rs:66)
   GDScript backtrace (most recent call first):
       [0] _start_plan_and_wait (res://test/integration/test_campfire_example_smoke.gd:57)
[GdPAI | debug] GetCost: callable returned non-numeric value: null; returning INFINITY
[GdPAI | debug] ApplyEffect [Before] ID=InstanceId(-9223368490067396308): agent props = {"held_item": "wood", "entity": VariantGd { id: 3425773299543, class: RigidBody2D }, "hunger": 70.05959003787876}
[GdPAI | debug] ApplyEffect [After] ID=InstanceId(-9223368490067396308): agent props = {"hunger": 70.05959003787876, "held_item": "potato", "entity": VariantGd { id: 3425773299543, class: RigidBody2D }}
[GdPAI | debug]   Snapshotting prop: hunger = Float(70.05959003787876) (Variant type: FLOAT)
[GdPAI | debug]   Snapshotting prop: held_item = Str("potato") (Variant type: STRING)
[GdPAI | debug]   Snapshotting prop: entity = ObjectRef(3425773299543) (Variant type: OBJECT)
[GdPAI | debug] Discovery: Simulation success for Dig Potato. Agent props: {"held_item": Str("potato"), "entity": ObjectRef(3425773299543), "hunger": Float(70.05959003787876)}
[GdPAI | debug] Numeric comparison: 70.05959003787876 LessThan 55.05959003787876 -> false
[GdPAI | debug] Discovery: Action Dig Potato did NOT satisfy precond Builtin { target: Agent, operation: LessThan, property_name: "hunger", value: Some(Float(55.05959003787876)) }
WARNING: [GdPAI] ObjectRef(124621163998): object was freed before callback; returning Nil.
   at: gdplanningai_rust::logger::process_logs (src\logger.rs:66)
   GDScript backtrace (most recent call first):
       [0] _process (res://addons/GdPlanningAI/gdpai_autoload.gd:21)
WARNING: [GdPAI] ObjectRef(124621163998): object was freed before callback; returning Nil.
   at: gdplanningai_rust::logger::process_logs (src\logger.rs:66)
   GDScript backtrace (most recent call first):
       [0] _process (res://addons/GdPlanningAI/gdpai_autoload.gd:21)
[GdPAI | debug] ApplyEffect [Before] ID=InstanceId(-9223368489228535520): agent props = {"hunger": 70.0627442063492, "held_item": "potato", "entity": null}
[GdPAI | debug] ApplyEffect [After] ID=InstanceId(-9223368489228535520): agent props = {"hunger": 70.0627442063492, "held_item": "potato", "entity": null}
[GdPAI | debug]   Snapshotting prop: hunger = Float(70.0627442063492) (Variant type: FLOAT)
[GdPAI | debug]   Snapshotting prop: held_item = Str("potato") (Variant type: STRING)
[GdPAI | debug]   Snapshotting prop: entity = Nil (Variant type: NIL)
[GdPAI | debug] Discovery: Simulation success for Go To. Agent props: {"hunger": Float(70.0627442063492), "entity": Nil, "held_item": Str("potato")}
[GdPAI | debug] Discovery: Action Go To did NOT satisfy precond Builtin { target: Agent, operation: Equal, property_name: "held_item", value: Some(Str("")) }
WARNING: [GdPAI] ObjectRef(1382643928884): object was freed before callback; returning Nil.
   at: gdplanningai_rust::logger::process_logs (src\logger.rs:66)
   GDScript backtrace (most recent call first):
       [0] _process (res://addons/GdPlanningAI/gdpai_autoload.gd:21)
WARNING: [GdPAI] ObjectRef(1382157389614): object was freed before callback; returning Nil.
   at: gdplanningai_rust::logger::process_logs (src\logger.rs:66)
   GDScript backtrace (most recent call first):
       [0] _process (res://addons/GdPlanningAI/gdpai_autoload.gd:21)
WARNING: [GdPAI] ObjectRef(1382157389614): object was freed before callback; returning Nil.
   at: gdplanningai_rust::logger::process_logs (src\logger.rs:66)
   GDScript backtrace (most recent call first):
       [0] _process (res://addons/GdPlanningAI/gdpai_autoload.gd:21)
[GdPAI | debug] ApplyEffect [Before] ID=InstanceId(-9223368488658110176): agent props = {"held_item": "", "entity": null, "hunger": 95.0603725, "at_target": null}
[GdPAI | debug] ApplyEffect [After] ID=InstanceId(-9223368488658110176): agent props = {"held_item": "", "entity": null, "hunger": 95.0603725, "at_target": null}
[GdPAI | debug]   Snapshotting prop: held_item = Str("") (Variant type: STRING)
[GdPAI | debug]   Snapshotting prop: entity = Nil (Variant type: NIL)
[GdPAI | debug]   Snapshotting prop: hunger = Float(95.0603725) (Variant type: FLOAT)
[GdPAI | debug]   Snapshotting prop: at_target = Nil (Variant type: NIL)
[GdPAI | debug] Discovery: Starting simulation for action Eat Held Food
WARNING: [GdPAI] ObjectRef(124621163998): object was freed before callback; returning Nil.
   at: gdplanningai_rust::logger::process_logs (src\logger.rs:66)
   GDScript backtrace (most recent call first):
       [0] _start_plan_and_wait (res://test/integration/test_campfire_example_smoke.gd:57)
WARNING: [GdPAI] ObjectRef(124621163998): object was freed before callback; returning Nil.
   at: gdplanningai_rust::logger::process_logs (src\logger.rs:66)
   GDScript backtrace (most recent call first):
       [0] _start_plan_and_wait (res://test/integration/test_campfire_example_smoke.gd:57)
[GdPAI | debug] GetCost: callable returned non-numeric value: null; returning INFINITY
WARNING: [GdPAI] ObjectRef(1382643928884): object was freed before callback; returning Nil.
   at: gdplanningai_rust::logger::process_logs (src\logger.rs:66)
   GDScript backtrace (most recent call first):
       [0] _start_plan_and_wait (res://test/integration/test_campfire_example_smoke.gd:57)
[GdPAI | debug] GetCost: callable returned non-numeric value: null; returning INFINITY
WARNING: [GdPAI] ObjectRef(124621163998): object was freed before callback; returning Nil.
   at: gdplanningai_rust::logger::process_logs (src\logger.rs:66)
   GDScript backtrace (most recent call first):
       [0] _process (res://addons/GdPlanningAI/gdpai_autoload.gd:21)
WARNING: [GdPAI] ObjectRef(124621163998): object was freed before callback; returning Nil.
   at: gdplanningai_rust::logger::process_logs (src\logger.rs:66)
   GDScript backtrace (most recent call first):
       [0] _process (res://addons/GdPlanningAI/gdpai_autoload.gd:21)
[GdPAI | debug] ApplyEffect [Before] ID=InstanceId(-9223368485386553052): agent props = {"entity": null, "held_item": "potato", "hunger": 70.0627442063492}
[GdPAI | debug] ApplyEffect [After] ID=InstanceId(-9223368485386553052): agent props = {"entity": null, "held_item": "potato", "hunger": 70.0627442063492}
[GdPAI | debug]   Snapshotting prop: entity = Nil (Variant type: NIL)
[GdPAI | debug]   Snapshotting prop: held_item = Str("potato") (Variant type: STRING)
[GdPAI | debug]   Snapshotting prop: hunger = Float(70.0627442063492) (Variant type: FLOAT)
[GdPAI | debug] Discovery: Simulation success for Eat Held Food. Agent props: {"held_item": Str("potato"), "hunger": Float(70.0627442063492), "entity": Nil}
[GdPAI | debug] Discovery: Action Eat Held Food did NOT satisfy precond Builtin { target: Agent, operation: Equal, property_name: "held_item", value: Some(Str("")) }
WARNING: [GdPAI] ObjectRef(1382643928884): object was freed before callback; returning Nil.
   at: gdplanningai_rust::logger::process_logs (src\logger.rs:66)
   GDScript backtrace (most recent call first):
       [0] _process (res://addons/GdPlanningAI/gdpai_autoload.gd:21)
[GdPAI | debug] ApplyEffect [Before] ID=InstanceId(-9223368484816127708): agent props = {"held_item": "wood", "entity": null, "hunger": 95.0603725, "at_target": null}
[GdPAI | debug] ApplyEffect [After] ID=InstanceId(-9223368484816127708): agent props = {"held_item": "wood", "entity": null, "hunger": 95.0603725, "at_target": null}
[GdPAI | debug]   Snapshotting prop: held_item = Str("wood") (Variant type: STRING)
[GdPAI | debug]   Snapshotting prop: entity = Nil (Variant type: NIL)
[GdPAI | debug]   Snapshotting prop: hunger = Float(95.0603725) (Variant type: FLOAT)
[GdPAI | debug]   Snapshotting prop: at_target = Nil (Variant type: NIL)
WARNING: [GdPAI] ObjectRef(124621163998): object was freed before callback; returning Nil.
   at: gdplanningai_rust::logger::process_logs (src\logger.rs:66)
   GDScript backtrace (most recent call first):
       [0] _start_plan_and_wait (res://test/integration/test_campfire_example_smoke.gd:57)
WARNING: [GdPAI] ObjectRef(124621163998): object was freed before callback; returning Nil.
   at: gdplanningai_rust::logger::process_logs (src\logger.rs:66)
   GDScript backtrace (most recent call first):
       [0] _start_plan_and_wait (res://test/integration/test_campfire_example_smoke.gd:57)
WARNING: [GdPAI] ObjectRef(1382643928884): object was freed before callback; returning Nil.
   at: gdplanningai_rust::logger::process_logs (src\logger.rs:66)
   GDScript backtrace (most recent call first):
       [0] _start_plan_and_wait (res://test/integration/test_campfire_example_smoke.gd:57)
[GdPAI | debug] Discovery: Starting simulation for action Go To
WARNING: [GdPAI] ObjectRef(1382643928884): object was freed before callback; returning Nil.
   at: gdplanningai_rust::logger::process_logs (src\logger.rs:66)
   GDScript backtrace (most recent call first):
       [0] _start_plan_and_wait (res://test/integration/test_campfire_example_smoke.gd:57)
[GdPAI | debug] GetCost: callable returned non-numeric value: null; returning INFINITY
[GdPAI | debug] Discovery: Starting simulation for action Dig Potato
WARNING: [GdPAI] ObjectRef(124621163998): object was freed before callback; returning Nil.
   at: gdplanningai_rust::logger::process_logs (src\logger.rs:66)
   GDScript backtrace (most recent call first):
       [0] _process (res://addons/GdPlanningAI/gdpai_autoload.gd:21)
WARNING: [GdPAI] ObjectRef(124621163998): object was freed before callback; returning Nil.
   at: gdplanningai_rust::logger::process_logs (src\logger.rs:66)
   GDScript backtrace (most recent call first):
       [0] _process (res://addons/GdPlanningAI/gdpai_autoload.gd:21)
[GdPAI | debug] GetCost: callable returned non-numeric value: null; returning INFINITY
WARNING: [GdPAI] ObjectRef(1382643928884): object was freed before callback; returning Nil.
   at: gdplanningai_rust::logger::process_logs (src\logger.rs:66)
   GDScript backtrace (most recent call first):
       [0] _process (res://addons/GdPlanningAI/gdpai_autoload.gd:21)
WARNING: [GdPAI] ObjectRef(1382643928884): object was freed before callback; returning Nil.
   at: gdplanningai_rust::logger::process_logs (src\logger.rs:66)
   GDScript backtrace (most recent call first):
       [0] _process (res://addons/GdPlanningAI/gdpai_autoload.gd:21)
[GdPAI | debug] ApplyEffect [Before] ID=InstanceId(-9223368481024476862): agent props = {"held_item": "", "hunger": 95.0603725, "entity": null}
[GdPAI | debug] ApplyEffect [After] ID=InstanceId(-9223368481024476862): agent props = {"held_item": "", "hunger": 95.0603725, "entity": null}
[GdPAI | debug]   Snapshotting prop: held_item = Str("") (Variant type: STRING)
[GdPAI | debug]   Snapshotting prop: hunger = Float(95.0603725) (Variant type: FLOAT)
[GdPAI | debug]   Snapshotting prop: entity = Nil (Variant type: NIL)
WARNING: [GdPAI] ObjectRef(124621163998): object was freed before callback; returning Nil.
   at: gdplanningai_rust::logger::process_logs (src\logger.rs:66)
   GDScript backtrace (most recent call first):
       [0] _start_plan_and_wait (res://test/integration/test_campfire_example_smoke.gd:57)
WARNING: [GdPAI] ObjectRef(124621163998): object was freed before callback; returning Nil.
   at: gdplanningai_rust::logger::process_logs (src\logger.rs:66)
   GDScript backtrace (most recent call first):
       [0] _start_plan_and_wait (res://test/integration/test_campfire_example_smoke.gd:57)
[GdPAI | debug] ApplyEffect [Before] ID=InstanceId(-9223368479682299560): agent props = {"hunger": 70.0627442063492, "held_item": "potato", "entity": null}
[GdPAI | debug] ApplyEffect [After] ID=InstanceId(-9223368479682299560): agent props = {"hunger": 70.0627442063492, "held_item": "potato", "entity": null}
[GdPAI | debug]   Snapshotting prop: hunger = Float(70.0627442063492) (Variant type: FLOAT)
[GdPAI | debug]   Snapshotting prop: held_item = Str("potato") (Variant type: STRING)
[GdPAI | debug]   Snapshotting prop: entity = Nil (Variant type: NIL)
[GdPAI | debug] Discovery: Simulation success for Go To. Agent props: {"hunger": Float(70.0627442063492), "held_item": Str("potato"), "entity": Nil}
[GdPAI | debug] Discovery: Action Go To did NOT satisfy precond Builtin { target: Agent, operation: Equal, property_name: "held_item", value: Some(Str("")) }
WARNING: [GdPAI] ObjectRef(1382643928884): object was freed before callback; returning Nil.
   at: gdplanningai_rust::logger::process_logs (src\logger.rs:66)
   GDScript backtrace (most recent call first):
       [0] _start_plan_and_wait (res://test/integration/test_campfire_example_smoke.gd:57)
[GdPAI | debug] GetCost: callable returned non-numeric value: null; returning INFINITY
[GdPAI | debug] Discovery: Starting simulation for action Drop Item
[GdPAI | debug] ApplyEffect [Before] ID=InstanceId(-9223368478541448872): agent props = {"entity": VariantGd { id: 3425773299543, class: RigidBody2D }, "hunger": 70.05959003787876, "held_item": "wood"}
[GdPAI | debug] ApplyEffect [After] ID=InstanceId(-9223368478541448872): agent props = {"entity": VariantGd { id: 3425773299543, class: RigidBody2D }, "hunger": 70.05959003787876, "held_item": "potato"}
[GdPAI | debug]   Snapshotting prop: entity = ObjectRef(3425773299543) (Variant type: OBJECT)
[GdPAI | debug]   Snapshotting prop: hunger = Float(70.05959003787876) (Variant type: FLOAT)
[GdPAI | debug]   Snapshotting prop: held_item = Str("potato") (Variant type: STRING)
[GdPAI | debug] Discovery: Simulation success for Dig Potato. Agent props: {"hunger": Float(70.05959003787876), "held_item": Str("potato"), "entity": ObjectRef(3425773299543)}
[GdPAI | debug] Numeric comparison: 70.05959003787876 LessThan 55.05959003787876 -> false
[GdPAI | debug] Discovery: Action Dig Potato did NOT satisfy precond Builtin { target: Agent, operation: LessThan, property_name: "hunger", value: Some(Float(55.05959003787876)) }
WARNING: [GdPAI] ObjectRef(124621163998): object was freed before callback; returning Nil.
   at: gdplanningai_rust::logger::process_logs (src\logger.rs:66)
   GDScript backtrace (most recent call first):
       [0] _process (res://addons/GdPlanningAI/gdpai_autoload.gd:21)
WARNING: [GdPAI] ObjectRef(124621163998): object was freed before callback; returning Nil.
   at: gdplanningai_rust::logger::process_logs (src\logger.rs:66)
   GDScript backtrace (most recent call first):
       [0] _process (res://addons/GdPlanningAI/gdpai_autoload.gd:21)
[GdPAI | debug] GetCost: callable returned non-numeric value: null; returning INFINITY
WARNING: [GdPAI] ObjectRef(1382643928884): object was freed before callback; returning Nil.
   at: gdplanningai_rust::logger::process_logs (src\logger.rs:66)
   GDScript backtrace (most recent call first):
       [0] _process (res://addons/GdPlanningAI/gdpai_autoload.gd:21)
[GdPAI | debug] ApplyEffect [Before] ID=InstanceId(-9223368477232826020): agent props = {"entity": null, "hunger": 95.0603725, "held_item": ""}
[GdPAI | debug] ApplyEffect [After] ID=InstanceId(-9223368477232826020): agent props = {"entity": null, "hunger": 95.0603725, "held_item": ""}
[GdPAI | debug]   Snapshotting prop: entity = Nil (Variant type: NIL)
[GdPAI | debug]   Snapshotting prop: hunger = Float(95.0603725) (Variant type: FLOAT)
[GdPAI | debug]   Snapshotting prop: held_item = Str("") (Variant type: STRING)
WARNING: [GdPAI] ObjectRef(124621163998): object was freed before callback; returning Nil.
   at: gdplanningai_rust::logger::process_logs (src\logger.rs:66)
   GDScript backtrace (most recent call first):
       [0] _start_plan_and_wait (res://test/integration/test_campfire_example_smoke.gd:57)
WARNING: [GdPAI] ObjectRef(124621163998): object was freed before callback; returning Nil.
   at: gdplanningai_rust::logger::process_logs (src\logger.rs:66)
   GDScript backtrace (most recent call first):
       [0] _start_plan_and_wait (res://test/integration/test_campfire_example_smoke.gd:57)
[GdPAI | debug] ApplyEffect [Before] ID=InstanceId(-9223368475940980390): agent props = {"hunger": 70.0627442063492, "entity": null, "held_item": "potato"}
[GdPAI | debug] ApplyEffect [After] ID=InstanceId(-9223368475940980390): agent props = {"hunger": 70.0627442063492, "entity": null, "held_item": "potato"}
[GdPAI | debug]   Snapshotting prop: hunger = Float(70.0627442063492) (Variant type: FLOAT)
[GdPAI | debug]   Snapshotting prop: entity = Nil (Variant type: NIL)
[GdPAI | debug]   Snapshotting prop: held_item = Str("potato") (Variant type: STRING)
[GdPAI | debug] Discovery: Simulation success for Drop Item. Agent props: {"entity": Nil, "hunger": Float(70.0627442063492), "held_item": Str("potato")}
[GdPAI | debug] Discovery: Action Drop Item did NOT satisfy precond Builtin { target: Agent, operation: Equal, property_name: "held_item", value: Some(Str("")) }
WARNING: [GdPAI] ObjectRef(1382643928884): object was freed before callback; returning Nil.
   at: gdplanningai_rust::logger::process_logs (src\logger.rs:66)
   GDScript backtrace (most recent call first):
       [0] _start_plan_and_wait (res://test/integration/test_campfire_example_smoke.gd:57)
WARNING: [GdPAI] ObjectRef(1382157389614): object was freed before callback; returning Nil.
   at: gdplanningai_rust::logger::process_logs (src\logger.rs:66)
   GDScript backtrace (most recent call first):
       [0] _start_plan_and_wait (res://test/integration/test_campfire_example_smoke.gd:57)
WARNING: [GdPAI] ObjectRef(1382157389614): object was freed before callback; returning Nil.
   at: gdplanningai_rust::logger::process_logs (src\logger.rs:66)
   GDScript backtrace (most recent call first):
       [0] _start_plan_and_wait (res://test/integration/test_campfire_example_smoke.gd:57)
[GdPAI | debug] GetCost: callable returned non-numeric value: null; returning INFINITY
[GdPAI | debug] Discovery: Starting simulation for action Add Fuel
WARNING: [GdPAI] ObjectRef(124621163998): object was freed before callback; returning Nil.
   at: gdplanningai_rust::logger::process_logs (src\logger.rs:66)
   GDScript backtrace (most recent call first):
       [0] _process (res://addons/GdPlanningAI/gdpai_autoload.gd:21)
WARNING: [GdPAI] ObjectRef(124621163998): object was freed before callback; returning Nil.
   at: gdplanningai_rust::logger::process_logs (src\logger.rs:66)
   GDScript backtrace (most recent call first):
       [0] _process (res://addons/GdPlanningAI/gdpai_autoload.gd:21)
[GdPAI | debug] GetCost: callable returned non-numeric value: null; returning INFINITY
WARNING: [GdPAI] ObjectRef(1382643928884): object was freed before callback; returning Nil.
   at: gdplanningai_rust::logger::process_logs (src\logger.rs:66)
   GDScript backtrace (most recent call first):
       [0] _process (res://addons/GdPlanningAI/gdpai_autoload.gd:21)
WARNING: [GdPAI] ObjectRef(1382157389614): object was freed before callback; returning Nil.
   at: gdplanningai_rust::logger::process_logs (src\logger.rs:66)
   GDScript backtrace (most recent call first):
       [0] _process (res://addons/GdPlanningAI/gdpai_autoload.gd:21)
WARNING: [GdPAI] ObjectRef(1382157389614): object was freed before callback; returning Nil.
   at: gdplanningai_rust::logger::process_logs (src\logger.rs:66)
   GDScript backtrace (most recent call first):
       [0] _process (res://addons/GdPlanningAI/gdpai_autoload.gd:21)
[GdPAI | debug] ApplyEffect [Before] ID=InstanceId(-9223368473390843520): agent props = {"entity": null, "hunger": 95.0603725, "at_target": null, "held_item": ""}
[GdPAI | debug] ApplyEffect [After] ID=InstanceId(-9223368473390843520): agent props = {"entity": null, "hunger": 95.0603725, "at_target": null, "held_item": ""}
[GdPAI | debug]   Snapshotting prop: entity = Nil (Variant type: NIL)
[GdPAI | debug]   Snapshotting prop: hunger = Float(95.0603725) (Variant type: FLOAT)
[GdPAI | debug]   Snapshotting prop: at_target = Nil (Variant type: NIL)
[GdPAI | debug]   Snapshotting prop: held_item = Str("") (Variant type: STRING)
WARNING: [GdPAI] ObjectRef(124621163998): object was freed before callback; returning Nil.
   at: gdplanningai_rust::logger::process_logs (src\logger.rs:66)
   GDScript backtrace (most recent call first):
       [0] _start_plan_and_wait (res://test/integration/test_campfire_example_smoke.gd:57)
WARNING: [GdPAI] ObjectRef(124621163998): object was freed before callback; returning Nil.
   at: gdplanningai_rust::logger::process_logs (src\logger.rs:66)
   GDScript backtrace (most recent call first):
       [0] _start_plan_and_wait (res://test/integration/test_campfire_example_smoke.gd:57)
[GdPAI | debug] ApplyEffect [Before] ID=InstanceId(-9223368471998334577): agent props = {"entity": null, "hunger": 70.0627442063492, "held_item": "wood"}
[GdPAI | debug] ApplyEffect [After] ID=InstanceId(-9223368471998334577): agent props = {"entity": null, "hunger": 70.0627442063492, "held_item": "wood"}
[GdPAI | debug]   Snapshotting prop: entity = Nil (Variant type: NIL)
[GdPAI | debug]   Snapshotting prop: hunger = Float(70.0627442063492) (Variant type: FLOAT)
[GdPAI | debug]   Snapshotting prop: held_item = Str("wood") (Variant type: STRING)
[GdPAI | debug] Discovery: Simulation success for Add Fuel. Agent props: {"hunger": Float(70.0627442063492), "held_item": Str("wood"), "entity": Nil}
[GdPAI | debug] Discovery: Action Add Fuel did NOT satisfy precond Builtin { target: Agent, operation: Equal, property_name: "held_item", value: Some(Str("")) }
WARNING: [GdPAI] ObjectRef(1382643928884): object was freed before callback; returning Nil.
   at: gdplanningai_rust::logger::process_logs (src\logger.rs:66)
   GDScript backtrace (most recent call first):
       [0] _start_plan_and_wait (res://test/integration/test_campfire_example_smoke.gd:57)
WARNING: [GdPAI] ObjectRef(1382157389614): object was freed before callback; returning Nil.
   at: gdplanningai_rust::logger::process_logs (src\logger.rs:66)
   GDScript backtrace (most recent call first):
       [0] _start_plan_and_wait (res://test/integration/test_campfire_example_smoke.gd:57)
WARNING: [GdPAI] ObjectRef(1382157389614): object was freed before callback; returning Nil.
   at: gdplanningai_rust::logger::process_logs (src\logger.rs:66)
   GDScript backtrace (most recent call first):
       [0] _start_plan_and_wait (res://test/integration/test_campfire_example_smoke.gd:57)
[GdPAI | debug] GetCost: callable returned non-numeric value: null; returning INFINITY
[GdPAI | debug] Discovery: Starting simulation for action Dig Potato
WARNING: [GdPAI] ObjectRef(124621163998): object was freed before callback; returning Nil.
   at: gdplanningai_rust::logger::process_logs (src\logger.rs:66)
   GDScript backtrace (most recent call first):
       [0] _process (res://addons/GdPlanningAI/gdpai_autoload.gd:21)
WARNING: [GdPAI] ObjectRef(124621163998): object was freed before callback; returning Nil.
   at: gdplanningai_rust::logger::process_logs (src\logger.rs:66)
   GDScript backtrace (most recent call first):
       [0] _process (res://addons/GdPlanningAI/gdpai_autoload.gd:21)
[GdPAI | debug] Discovery: Action Cook Potato failed validity check, skipping
[GdPAI | debug] Discovery: Starting simulation for action Pick Up Wood
WARNING: [GdPAI] ObjectRef(1382643928884): object was freed before callback; returning Nil.
   at: gdplanningai_rust::logger::process_logs (src\logger.rs:66)
   GDScript backtrace (most recent call first):
       [0] _process (res://addons/GdPlanningAI/gdpai_autoload.gd:21)
WARNING: [GdPAI] ObjectRef(1382157389614): object was freed before callback; returning Nil.
   at: gdplanningai_rust::logger::process_logs (src\logger.rs:66)
   GDScript backtrace (most recent call first):
       [0] _process (res://addons/GdPlanningAI/gdpai_autoload.gd:21)
WARNING: [GdPAI] ObjectRef(1382157389614): object was freed before callback; returning Nil.
   at: gdplanningai_rust::logger::process_logs (src\logger.rs:66)
   GDScript backtrace (most recent call first):
       [0] _process (res://addons/GdPlanningAI/gdpai_autoload.gd:21)
[GdPAI | debug] ApplyEffect [Before] ID=InstanceId(-9223368469448197737): agent props = {"hunger": 95.0603725, "held_item": "", "entity": null, "at_target": null}
[GdPAI | debug] ApplyEffect [After] ID=InstanceId(-9223368469448197737): agent props = {"hunger": 95.0603725, "held_item": "", "entity": null, "at_target": null}
[GdPAI | debug]   Snapshotting prop: hunger = Float(95.0603725) (Variant type: FLOAT)
[GdPAI | debug]   Snapshotting prop: held_item = Str("") (Variant type: STRING)
[GdPAI | debug]   Snapshotting prop: entity = Nil (Variant type: NIL)
[GdPAI | debug]   Snapshotting prop: at_target = Nil (Variant type: NIL)
WARNING: [GdPAI] ObjectRef(124621163998): object was freed before callback; returning Nil.
   at: gdplanningai_rust::logger::process_logs (src\logger.rs:66)
   GDScript backtrace (most recent call first):
       [0] _start_plan_and_wait (res://test/integration/test_campfire_example_smoke.gd:57)
WARNING: [GdPAI] ObjectRef(124621163998): object was freed before callback; returning Nil.
   at: gdplanningai_rust::logger::process_logs (src\logger.rs:66)
   GDScript backtrace (most recent call first):
       [0] _start_plan_and_wait (res://test/integration/test_campfire_example_smoke.gd:57)
[GdPAI | debug] GetCost: callable returned non-numeric value: null; returning INFINITY
WARNING: [GdPAI] ObjectRef(1382643928884): object was freed before callback; returning Nil.
   at: gdplanningai_rust::logger::process_logs (src\logger.rs:66)
   GDScript backtrace (most recent call first):
       [0] _start_plan_and_wait (res://test/integration/test_campfire_example_smoke.gd:57)
[GdPAI | debug] GetCost: callable returned non-numeric value: null; returning INFINITY
[GdPAI | debug] ApplyEffect [Before] ID=InstanceId(-9223368466914838095): agent props = {"hunger": 70.05959003787876, "held_item": "wood", "entity": VariantGd { id: 3425773299543, class: RigidBody2D }}
[GdPAI | debug] ApplyEffect [After] ID=InstanceId(-9223368466914838095): agent props = {"entity": VariantGd { id: 3425773299543, class: RigidBody2D }, "hunger": 70.05959003787876, "held_item": "potato"}
[GdPAI | debug]   Snapshotting prop: entity = ObjectRef(3425773299543) (Variant type: OBJECT)
[GdPAI | debug]   Snapshotting prop: hunger = Float(70.05959003787876) (Variant type: FLOAT)
[GdPAI | debug]   Snapshotting prop: held_item = Str("potato") (Variant type: STRING)
[GdPAI | debug] Discovery: Simulation success for Dig Potato. Agent props: {"hunger": Float(70.05959003787876), "held_item": Str("potato"), "entity": ObjectRef(3425773299543)}
[GdPAI | debug] Numeric comparison: 70.05959003787876 LessThan 55.05959003787876 -> false
[GdPAI | debug] Discovery: Action Dig Potato did NOT satisfy precond Builtin { target: Agent, operation: LessThan, property_name: "hunger", value: Some(Float(55.05959003787876)) }
[GdPAI | debug] No candidates found for branch with 1 preconds and 0 requirements
WARNING: [GdPAI] ObjectRef(124621163998): object was freed before callback; returning Nil.
   at: gdplanningai_rust::logger::process_logs (src\logger.rs:66)
   GDScript backtrace (most recent call first):
       [0] _process (res://addons/GdPlanningAI/gdpai_autoload.gd:21)
WARNING: [GdPAI] ObjectRef(124621163998): object was freed before callback; returning Nil.
   at: gdplanningai_rust::logger::process_logs (src\logger.rs:66)
   GDScript backtrace (most recent call first):
       [0] _process (res://addons/GdPlanningAI/gdpai_autoload.gd:21)
[GdPAI | debug] ApplyEffect [Before] ID=InstanceId(-9223368466176640709): agent props = {"entity": null, "held_item": "potato", "hunger": 70.0627442063492}
[GdPAI | debug] ApplyEffect [After] ID=InstanceId(-9223368466176640709): agent props = {"entity": null, "held_item": "potato", "hunger": 70.0627442063492}
[GdPAI | debug]   Snapshotting prop: entity = Nil (Variant type: NIL)
[GdPAI | debug]   Snapshotting prop: held_item = Str("potato") (Variant type: STRING)
[GdPAI | debug]   Snapshotting prop: hunger = Float(70.0627442063492) (Variant type: FLOAT)
[GdPAI | debug] Discovery: Simulation success for Pick Up Wood. Agent props: {"held_item": Str("potato"), "hunger": Float(70.0627442063492), "entity": Nil}
[GdPAI | debug] Discovery: Action Pick Up Wood did NOT satisfy precond Builtin { target: Agent, operation: Equal, property_name: "held_item", value: Some(Str("")) }
WARNING: [GdPAI] ObjectRef(1382643928884): object was freed before callback; returning Nil.
   at: gdplanningai_rust::logger::process_logs (src\logger.rs:66)
   GDScript backtrace (most recent call first):
       [0] _process (res://addons/GdPlanningAI/gdpai_autoload.gd:21)
[GdPAI | debug] ApplyEffect [Before] ID=InstanceId(-9223368465606215365): agent props = {"entity": null, "hunger": 95.0603725, "at_target": null, "held_item": "wood"}
[GdPAI | debug] ApplyEffect [After] ID=InstanceId(-9223368465606215365): agent props = {"entity": null, "hunger": 95.0603725, "at_target": null, "held_item": "wood"}
[GdPAI | debug]   Snapshotting prop: entity = Nil (Variant type: NIL)
[GdPAI | debug]   Snapshotting prop: hunger = Float(95.0603725) (Variant type: FLOAT)
[GdPAI | debug]   Snapshotting prop: at_target = Nil (Variant type: NIL)
[GdPAI | debug]   Snapshotting prop: held_item = Str("wood") (Variant type: STRING)
[GdPAI | debug] Discovery: Starting simulation for action Pick Up Wood
[GdPAI] Plan complete: success=false, actions=0, cost=0.0, action_chain=[]
[GdPAI | debug] Numeric comparison: 95.0603725 GreaterThan 0 -> true
WARNING: [GdPAI] ObjectRef(124621163998): object was freed before callback; returning Nil.
   at: gdplanningai_rust::logger::process_logs (src\logger.rs:66)
   GDScript backtrace (most recent call first):
       [0] _start_plan_and_wait (res://test/integration/test_campfire_example_smoke.gd:57)
WARNING: [GdPAI] ObjectRef(124621163998): object was freed before callback; returning Nil.
   at: gdplanningai_rust::logger::process_logs (src\logger.rs:66)
   GDScript backtrace (most recent call first):
       [0] _start_plan_and_wait (res://test/integration/test_campfire_example_smoke.gd:57)
[GdPAI | debug] GetCost: callable returned non-numeric value: null; returning INFINITY
WARNING: [GdPAI] ObjectRef(1382643928884): object was freed before callback; returning Nil.
   at: gdplanningai_rust::logger::process_logs (src\logger.rs:66)
   GDScript backtrace (most recent call first):
       [0] _start_plan_and_wait (res://test/integration/test_campfire_example_smoke.gd:57)
WARNING: [GdPAI] ObjectRef(1382643928884): object was freed before callback; returning Nil.
   at: gdplanningai_rust::logger::process_logs (src\logger.rs:66)
   GDScript backtrace (most recent call first):
       [0] _start_plan_and_wait (res://test/integration/test_campfire_example_smoke.gd:57)
WARNING: [GdPAI] ObjectRef(1383046581817): object was freed before callback; returning Nil.
   at: gdplanningai_rust::logger::process_logs (src\logger.rs:66)
   GDScript backtrace (most recent call first):
       [0] _start_plan_and_wait (res://test/integration/test_campfire_example_smoke.gd:57)
WARNING: [GdPAI] ObjectRef(1383046581817): object was freed before callback; returning Nil.
   at: gdplanningai_rust::logger::process_logs (src\logger.rs:66)
   GDScript backtrace (most recent call first):
       [0] _start_plan_and_wait (res://test/integration/test_campfire_example_smoke.gd:57)
[GdPAI | debug] GetCost: callable returned non-numeric value: null; returning INFINITY
WARNING: [GdPAI] ObjectRef(124621163998): object was freed before callback; returning Nil.
   at: gdplanningai_rust::logger::process_logs (src\logger.rs:66)
   GDScript backtrace (most recent call first):
       [0] _process (res://addons/GdPlanningAI/gdpai_autoload.gd:21)
WARNING: [GdPAI] ObjectRef(124621163998): object was freed before callback; returning Nil.
   at: gdplanningai_rust::logger::process_logs (src\logger.rs:66)
   GDScript backtrace (most recent call first):
       [0] _process (res://addons/GdPlanningAI/gdpai_autoload.gd:21)
[GdPAI | debug] ApplyEffect [Before] ID=InstanceId(-9223368463425177157): agent props = {"held_item": "potato", "entity": null, "hunger": 70.0627442063492}
[GdPAI | debug] ApplyEffect [After] ID=InstanceId(-9223368463425177157): agent props = {"held_item": "potato", "entity": null, "hunger": 70.0627442063492}
[GdPAI | debug]   Snapshotting prop: held_item = Str("potato") (Variant type: STRING)
[GdPAI | debug]   Snapshotting prop: entity = Nil (Variant type: NIL)
[GdPAI | debug]   Snapshotting prop: hunger = Float(70.0627442063492) (Variant type: FLOAT)
WARNING: [GdPAI] ObjectRef(1382643928884): object was freed before callback; returning Nil.
   at: gdplanningai_rust::logger::process_logs (src\logger.rs:66)
   GDScript backtrace (most recent call first):
       [0] _process (res://addons/GdPlanningAI/gdpai_autoload.gd:21)
[GdPAI | debug] Discovery: Simulation success for Pick Up Wood. Agent props: {"held_item": Str("potato"), "entity": Nil, "hunger": Float(70.0627442063492)}
[GdPAI | debug] Discovery: Action Pick Up Wood did NOT satisfy precond Builtin { target: Agent, operation: Equal, property_name: "held_item", value: Some(Str("")) }
WARNING: [GdPAI] ObjectRef(1382643928884): object was freed before callback; returning Nil.
   at: gdplanningai_rust::logger::process_logs (src\logger.rs:66)
   GDScript backtrace (most recent call first):
       [0] _process (res://addons/GdPlanningAI/gdpai_autoload.gd:21)
WARNING: [GdPAI] ObjectRef(1383046581817): object was freed before callback; returning Nil.
   at: gdplanningai_rust::logger::process_logs (src\logger.rs:66)
   GDScript backtrace (most recent call first):
       [0] _process (res://addons/GdPlanningAI/gdpai_autoload.gd:21)
WARNING: [GdPAI] ObjectRef(1383046581817): object was freed before callback; returning Nil.
   at: gdplanningai_rust::logger::process_logs (src\logger.rs:66)
   GDScript backtrace (most recent call first):
       [0] _process (res://addons/GdPlanningAI/gdpai_autoload.gd:21)
[GdPAI | debug] ApplyEffect [Before] ID=InstanceId(-9223368462854751813): agent props = {"entity": null, "held_item": "", "hunger": 95.0603725, "at_target": null}
[GdPAI | debug] ApplyEffect [After] ID=InstanceId(-9223368462854751813): agent props = {"entity": null, "held_item": "", "hunger": 95.0603725, "at_target": null}
[GdPAI | debug]   Snapshotting prop: entity = Nil (Variant type: NIL)
[GdPAI | debug]   Snapshotting prop: held_item = Str("") (Variant type: STRING)
[GdPAI | debug]   Snapshotting prop: hunger = Float(95.0603725) (Variant type: FLOAT)
[GdPAI | debug] Discovery: Starting simulation for action Pick Up Wood
[GdPAI | debug]   Snapshotting prop: at_target = Nil (Variant type: NIL)
WARNING: [GdPAI] ObjectRef(124621163998): object was freed before callback; returning Nil.
   at: gdplanningai_rust::logger::process_logs (src\logger.rs:66)
   GDScript backtrace (most recent call first):
       [0] _start_plan_and_wait (res://test/integration/test_campfire_example_smoke.gd:57)
WARNING: [GdPAI] ObjectRef(124621163998): object was freed before callback; returning Nil.
   at: gdplanningai_rust::logger::process_logs (src\logger.rs:66)
   GDScript backtrace (most recent call first):
       [0] _start_plan_and_wait (res://test/integration/test_campfire_example_smoke.gd:57)
[GdPAI | debug] GetCost: callable returned non-numeric value: null; returning INFINITY
WARNING: [GdPAI] ObjectRef(1382643928884): object was freed before callback; returning Nil.
   at: gdplanningai_rust::logger::process_logs (src\logger.rs:66)
   GDScript backtrace (most recent call first):
       [0] _start_plan_and_wait (res://test/integration/test_campfire_example_smoke.gd:57)
WARNING: [GdPAI] ObjectRef(1383046581817): object was freed before callback; returning Nil.
   at: gdplanningai_rust::logger::process_logs (src\logger.rs:66)
   GDScript backtrace (most recent call first):
       [0] _start_plan_and_wait (res://test/integration/test_campfire_example_smoke.gd:57)
WARNING: [GdPAI] ObjectRef(1383046581817): object was freed before callback; returning Nil.
   at: gdplanningai_rust::logger::process_logs (src\logger.rs:66)
   GDScript backtrace (most recent call first):
       [0] _start_plan_and_wait (res://test/integration/test_campfire_example_smoke.gd:57)
[GdPAI | debug] GetCost: callable returned non-numeric value: null; returning INFINITY
WARNING: [GdPAI] ObjectRef(124621163998): object was freed before callback; returning Nil.
   at: gdplanningai_rust::logger::process_logs (src\logger.rs:66)
   GDScript backtrace (most recent call first):
       [0] _process (res://addons/GdPlanningAI/gdpai_autoload.gd:21)
WARNING: [GdPAI] ObjectRef(124621163998): object was freed before callback; returning Nil.
   at: gdplanningai_rust::logger::process_logs (src\logger.rs:66)
   GDScript backtrace (most recent call first):
       [0] _process (res://addons/GdPlanningAI/gdpai_autoload.gd:21)
[GdPAI | debug] ApplyEffect [Before] ID=InstanceId(-9223368460573051033): agent props = {"hunger": 70.0627442063492, "held_item": "potato", "entity": null}
[GdPAI | debug] ApplyEffect [After] ID=InstanceId(-9223368460573051033): agent props = {"hunger": 70.0627442063492, "held_item": "potato", "entity": null}
[GdPAI | debug]   Snapshotting prop: hunger = Float(70.0627442063492) (Variant type: FLOAT)
[GdPAI | debug]   Snapshotting prop: held_item = Str("potato") (Variant type: STRING)
[GdPAI | debug]   Snapshotting prop: entity = Nil (Variant type: NIL)
[GdPAI | debug] Discovery: Simulation success for Pick Up Wood. Agent props: {"held_item": Str("potato"), "hunger": Float(70.0627442063492), "entity": Nil}
[GdPAI | debug] Discovery: Action Pick Up Wood did NOT satisfy precond Builtin { target: Agent, operation: Equal, property_name: "held_item", value: Some(Str("")) }
WARNING: [GdPAI] ObjectRef(1382643928884): object was freed before callback; returning Nil.
   at: gdplanningai_rust::logger::process_logs (src\logger.rs:66)
   GDScript backtrace (most recent call first):
       [0] _process (res://addons/GdPlanningAI/gdpai_autoload.gd:21)
WARNING: [GdPAI] ObjectRef(1383046581817): object was freed before callback; returning Nil.
   at: gdplanningai_rust::logger::process_logs (src\logger.rs:66)
   GDScript backtrace (most recent call first):
       [0] _process (res://addons/GdPlanningAI/gdpai_autoload.gd:21)
WARNING: [GdPAI] ObjectRef(1383046581817): object was freed before callback; returning Nil.
   at: gdplanningai_rust::logger::process_logs (src\logger.rs:66)
   GDScript backtrace (most recent call first):
       [0] _process (res://addons/GdPlanningAI/gdpai_autoload.gd:21)
[GdPAI | debug] Discovery: Starting simulation for action Pick Up Wood
[GdPAI | debug] ApplyEffect [Before] ID=InstanceId(-9223368460002625689): agent props = {"at_target": null, "hunger": 95.0603725, "held_item": "", "entity": null}
[GdPAI | debug] ApplyEffect [After] ID=InstanceId(-9223368460002625689): agent props = {"at_target": null, "hunger": 95.0603725, "held_item": "", "entity": null}
[GdPAI | debug]   Snapshotting prop: at_target = Nil (Variant type: NIL)
[GdPAI | debug]   Snapshotting prop: hunger = Float(95.0603725) (Variant type: FLOAT)
[GdPAI | debug]   Snapshotting prop: held_item = Str("") (Variant type: STRING)
[GdPAI | debug]   Snapshotting prop: entity = Nil (Variant type: NIL)
WARNING: [GdPAI] ObjectRef(124621163998): object was freed before callback; returning Nil.
   at: gdplanningai_rust::logger::process_logs (src\logger.rs:66)
   GDScript backtrace (most recent call first):
       [0] _start_plan_and_wait (res://test/integration/test_campfire_example_smoke.gd:57)
WARNING: [GdPAI] ObjectRef(124621163998): object was freed before callback; returning Nil.
   at: gdplanningai_rust::logger::process_logs (src\logger.rs:66)
   GDScript backtrace (most recent call first):
       [0] _start_plan_and_wait (res://test/integration/test_campfire_example_smoke.gd:57)
[GdPAI | debug] GetCost: callable returned non-numeric value: null; returning INFINITY
WARNING: [GdPAI] ObjectRef(1382643928884): object was freed before callback; returning Nil.
   at: gdplanningai_rust::logger::process_logs (src\logger.rs:66)
   GDScript backtrace (most recent call first):
       [0] _start_plan_and_wait (res://test/integration/test_campfire_example_smoke.gd:57)
WARNING: [GdPAI] ObjectRef(1382157389614): object was freed before callback; returning Nil.
   at: gdplanningai_rust::logger::process_logs (src\logger.rs:66)
   GDScript backtrace (most recent call first):
       [0] _start_plan_and_wait (res://test/integration/test_campfire_example_smoke.gd:57)
WARNING: [GdPAI] ObjectRef(1382157389614): object was freed before callback; returning Nil.
   at: gdplanningai_rust::logger::process_logs (src\logger.rs:66)
   GDScript backtrace (most recent call first):
       [0] _start_plan_and_wait (res://test/integration/test_campfire_example_smoke.gd:57)
[GdPAI | debug] GetCost: callable returned non-numeric value: null; returning INFINITY
WARNING: [GdPAI] ObjectRef(124621163998): object was freed before callback; returning Nil.
   at: gdplanningai_rust::logger::process_logs (src\logger.rs:66)
   GDScript backtrace (most recent call first):
       [0] _process (res://addons/GdPlanningAI/gdpai_autoload.gd:21)
WARNING: [GdPAI] ObjectRef(124621163998): object was freed before callback; returning Nil.
   at: gdplanningai_rust::logger::process_logs (src\logger.rs:66)
   GDScript backtrace (most recent call first):
       [0] _process (res://addons/GdPlanningAI/gdpai_autoload.gd:21)
[GdPAI | debug] ApplyEffect [Before] ID=InstanceId(-9223368457771255325): agent props = {"entity": null, "held_item": "potato", "hunger": 70.0627442063492}
[GdPAI | debug] ApplyEffect [After] ID=InstanceId(-9223368457771255325): agent props = {"entity": null, "held_item": "potato", "hunger": 70.0627442063492}
[GdPAI | debug]   Snapshotting prop: entity = Nil (Variant type: NIL)
[GdPAI | debug]   Snapshotting prop: held_item = Str("potato") (Variant type: STRING)
[GdPAI | debug]   Snapshotting prop: hunger = Float(70.0627442063492) (Variant type: FLOAT)
[GdPAI | debug] Discovery: Simulation success for Pick Up Wood. Agent props: {"entity": Nil, "hunger": Float(70.0627442063492), "held_item": Str("potato")}
[GdPAI | debug] Discovery: Action Pick Up Wood did NOT satisfy precond Builtin { target: Agent, operation: Equal, property_name: "held_item", value: Some(Str("")) }
WARNING: [GdPAI] ObjectRef(1382643928884): object was freed before callback; returning Nil.
   at: gdplanningai_rust::logger::process_logs (src\logger.rs:66)
   GDScript backtrace (most recent call first):
       [0] _process (res://addons/GdPlanningAI/gdpai_autoload.gd:21)
WARNING: [GdPAI] ObjectRef(1382157389614): object was freed before callback; returning Nil.
   at: gdplanningai_rust::logger::process_logs (src\logger.rs:66)
   GDScript backtrace (most recent call first):
       [0] _process (res://addons/GdPlanningAI/gdpai_autoload.gd:21)
WARNING: [GdPAI] ObjectRef(1382157389614): object was freed before callback; returning Nil.
   at: gdplanningai_rust::logger::process_logs (src\logger.rs:66)
   GDScript backtrace (most recent call first):
       [0] _process (res://addons/GdPlanningAI/gdpai_autoload.gd:21)
[GdPAI | debug] ApplyEffect [Before] ID=InstanceId(-9223368457200829981): agent props = {"entity": null, "at_target": null, "hunger": 95.0603725, "held_item": ""}
[GdPAI | debug] ApplyEffect [After] ID=InstanceId(-9223368457200829981): agent props = {"entity": null, "at_target": null, "hunger": 95.0603725, "held_item": ""}
[GdPAI | debug]   Snapshotting prop: entity = Nil (Variant type: NIL)
[GdPAI | debug]   Snapshotting prop: at_target = Nil (Variant type: NIL)
[GdPAI | debug]   Snapshotting prop: hunger = Float(95.0603725) (Variant type: FLOAT)
[GdPAI | debug]   Snapshotting prop: held_item = Str("") (Variant type: STRING)
WARNING: [GdPAI] ObjectRef(124621163998): object was freed before callback; returning Nil.
   at: gdplanningai_rust::logger::process_logs (src\logger.rs:66)
   GDScript backtrace (most recent call first):
       [0] _start_plan_and_wait (res://test/integration/test_campfire_example_smoke.gd:57)
WARNING: [GdPAI] ObjectRef(124621163998): object was freed before callback; returning Nil.
   at: gdplanningai_rust::logger::process_logs (src\logger.rs:66)
   GDScript backtrace (most recent call first):
       [0] _start_plan_and_wait (res://test/integration/test_campfire_example_smoke.gd:57)
[GdPAI | debug] Discovery: Action Dig Potato failed validity check, skipping
WARNING: [GdPAI] ObjectRef(1382643928884): object was freed before callback; returning Nil.
   at: gdplanningai_rust::logger::process_logs (src\logger.rs:66)
   GDScript backtrace (most recent call first):
       [0] _start_plan_and_wait (res://test/integration/test_campfire_example_smoke.gd:57)
WARNING: [GdPAI] ObjectRef(1382157389614): object was freed before callback; returning Nil.
   at: gdplanningai_rust::logger::process_logs (src\logger.rs:66)
   GDScript backtrace (most recent call first):
       [0] _start_plan_and_wait (res://test/integration/test_campfire_example_smoke.gd:57)
WARNING: [GdPAI] ObjectRef(1382157389614): object was freed before callback; returning Nil.
   at: gdplanningai_rust::logger::process_logs (src\logger.rs:66)
   GDScript backtrace (most recent call first):
       [0] _start_plan_and_wait (res://test/integration/test_campfire_example_smoke.gd:57)
[GdPAI | debug] GetCost: callable returned non-numeric value: null; returning INFINITY
WARNING: [GdPAI] ObjectRef(124621163998): object was freed before callback; returning Nil.
   at: gdplanningai_rust::logger::process_logs (src\logger.rs:66)
   GDScript backtrace (most recent call first):
       [0] _process (res://addons/GdPlanningAI/gdpai_autoload.gd:21)
WARNING: [GdPAI] ObjectRef(124621163998): object was freed before callback; returning Nil.
   at: gdplanningai_rust::logger::process_logs (src\logger.rs:66)
   GDScript backtrace (most recent call first):
       [0] _process (res://addons/GdPlanningAI/gdpai_autoload.gd:21)
[GdPAI | debug] Discovery: Action Dig Potato failed validity check, skipping
WARNING: [GdPAI] ObjectRef(1382643928884): object was freed before callback; returning Nil.
   at: gdplanningai_rust::logger::process_logs (src\logger.rs:66)
   GDScript backtrace (most recent call first):
       [0] _process (res://addons/GdPlanningAI/gdpai_autoload.gd:21)
WARNING: [GdPAI] ObjectRef(1382157389614): object was freed before callback; returning Nil.
   at: gdplanningai_rust::logger::process_logs (src\logger.rs:66)
   GDScript backtrace (most recent call first):
       [0] _process (res://addons/GdPlanningAI/gdpai_autoload.gd:21)
WARNING: [GdPAI] ObjectRef(1382157389614): object was freed before callback; returning Nil.
   at: gdplanningai_rust::logger::process_logs (src\logger.rs:66)
   GDScript backtrace (most recent call first):
       [0] _process (res://addons/GdPlanningAI/gdpai_autoload.gd:21)
[GdPAI | debug] ApplyEffect [Before] ID=InstanceId(-9223368454399034878): agent props = {"held_item": "", "hunger": 95.0603725, "at_target": null, "entity": null}
[GdPAI | debug] ApplyEffect [After] ID=InstanceId(-9223368454399034878): agent props = {"held_item": "", "hunger": 95.0603725, "at_target": null, "entity": null}
[GdPAI | debug]   Snapshotting prop: held_item = Str("") (Variant type: STRING)
[GdPAI | debug]   Snapshotting prop: hunger = Float(95.0603725) (Variant type: FLOAT)
[GdPAI | debug]   Snapshotting prop: at_target = Nil (Variant type: NIL)
[GdPAI | debug]   Snapshotting prop: entity = Nil (Variant type: NIL)
WARNING: [GdPAI] ObjectRef(124621163998): object was freed before callback; returning Nil.
   at: gdplanningai_rust::logger::process_logs (src\logger.rs:66)
   GDScript backtrace (most recent call first):
       [0] _start_plan_and_wait (res://test/integration/test_campfire_example_smoke.gd:57)
WARNING: [GdPAI] ObjectRef(124621163998): object was freed before callback; returning Nil.
   at: gdplanningai_rust::logger::process_logs (src\logger.rs:66)
   GDScript backtrace (most recent call first):
       [0] _start_plan_and_wait (res://test/integration/test_campfire_example_smoke.gd:57)
[GdPAI | debug] Discovery: Action Dig Potato failed validity check, skipping
WARNING: [GdPAI] ObjectRef(1382643928884): object was freed before callback; returning Nil.
   at: gdplanningai_rust::logger::process_logs (src\logger.rs:66)
   GDScript backtrace (most recent call first):
       [0] _start_plan_and_wait (res://test/integration/test_campfire_example_smoke.gd:57)
[GdPAI | debug] GetCost: callable returned non-numeric value: null; returning INFINITY
WARNING: [GdPAI] ObjectRef(124621163998): object was freed before callback; returning Nil.
   at: gdplanningai_rust::logger::process_logs (src\logger.rs:66)
   GDScript backtrace (most recent call first):
       [0] _process (res://addons/GdPlanningAI/gdpai_autoload.gd:21)
WARNING: [GdPAI] ObjectRef(124621163998): object was freed before callback; returning Nil.
   at: gdplanningai_rust::logger::process_logs (src\logger.rs:66)
   GDScript backtrace (most recent call first):
       [0] _process (res://addons/GdPlanningAI/gdpai_autoload.gd:21)
[GdPAI | debug] Discovery: Action Dig Potato failed validity check, skipping
WARNING: [GdPAI] ObjectRef(1382643928884): object was freed before callback; returning Nil.
   at: gdplanningai_rust::logger::process_logs (src\logger.rs:66)
   GDScript backtrace (most recent call first):
       [0] _process (res://addons/GdPlanningAI/gdpai_autoload.gd:21)
[GdPAI | debug] ApplyEffect [Before] ID=InstanceId(-9223368451697903114): agent props = {"held_item": "wood", "entity": null, "hunger": 95.0603725, "at_target": null}
[GdPAI | debug] ApplyEffect [After] ID=InstanceId(-9223368451697903114): agent props = {"held_item": "wood", "entity": null, "hunger": 95.0603725, "at_target": null}
[GdPAI | debug]   Snapshotting prop: held_item = Str("wood") (Variant type: STRING)
[GdPAI | debug]   Snapshotting prop: entity = Nil (Variant type: NIL)
[GdPAI | debug]   Snapshotting prop: hunger = Float(95.0603725) (Variant type: FLOAT)
[GdPAI | debug]   Snapshotting prop: at_target = Nil (Variant type: NIL)
WARNING: [GdPAI] ObjectRef(124621163998): object was freed before callback; returning Nil.
   at: gdplanningai_rust::logger::process_logs (src\logger.rs:66)
   GDScript backtrace (most recent call first):
       [0] _start_plan_and_wait (res://test/integration/test_campfire_example_smoke.gd:57)
WARNING: [GdPAI] ObjectRef(124621163998): object was freed before callback; returning Nil.
   at: gdplanningai_rust::logger::process_logs (src\logger.rs:66)
   GDScript backtrace (most recent call first):
       [0] _start_plan_and_wait (res://test/integration/test_campfire_example_smoke.gd:57)
WARNING: [GdPAI] ObjectRef(1382643928884): object was freed before callback; returning Nil.
   at: gdplanningai_rust::logger::process_logs (src\logger.rs:66)
   GDScript backtrace (most recent call first):
       [0] _start_plan_and_wait (res://test/integration/test_campfire_example_smoke.gd:57)
[GdPAI | debug] Discovery: Action Dig Potato failed validity check, skipping
[GdPAI | debug] No candidates found for branch with 1 preconds and 1 requirements
WARNING: [GdPAI] ObjectRef(1382643928884): object was freed before callback; returning Nil.
   at: gdplanningai_rust::logger::process_logs (src\logger.rs:66)
   GDScript backtrace (most recent call first):
       [0] _start_plan_and_wait (res://test/integration/test_campfire_example_smoke.gd:57)
[GdPAI | debug] GetCost: callable returned non-numeric value: null; returning INFINITY
[GdPAI] A* Iteration: pop node with chain length 6
[GdPAI] A* Iteration: pop node with chain length 6
[GdPAI] A* Iteration: pop node with chain length 6
[GdPAI] A* Iteration: pop node with chain length 6
[GdPAI] A* Iteration: pop node with chain length 6
[GdPAI] A* Iteration: pop node with chain length 6
[GdPAI] A* Iteration: pop node with chain length 6
[GdPAI] A* Iteration: pop node with chain length 6
[GdPAI] A* Iteration: pop node with chain length 6
[GdPAI] A* Iteration: pop node with chain length 6
[GdPAI] A* Iteration: pop node with chain length 6
[GdPAI | debug] Numeric comparison: 70.0627442063492 LessThan 55.062744206349194 -> false
[GdPAI] A* Iteration: pop node with chain length 6
[GdPAI] A* Iteration: pop node with chain length 6
[GdPAI | debug] Numeric comparison: 70.0627442063492 LessThan 55.062744206349194 -> false
[GdPAI] A* Iteration: pop node with chain length 6
[GdPAI] A* Iteration: pop node with chain length 6
[GdPAI] A* Iteration: pop node with chain length 6
[GdPAI] A* Iteration: pop node with chain length 6
[GdPAI] A* Iteration: pop node with chain length 6
[GdPAI] A* Iteration: pop node with chain length 6
[GdPAI] A* Iteration: pop node with chain length 6
[GdPAI] A* Iteration: pop node with chain length 6
[GdPAI] A* Iteration: pop node with chain length 6
[GdPAI] A* Iteration: pop node with chain length 6
[GdPAI] A* Iteration: pop node with chain length 6
[GdPAI] A* Iteration: pop node with chain length 6
[GdPAI | debug] Numeric comparison: 70.0627442063492 LessThan 55.062744206349194 -> false
[GdPAI] A* Iteration: pop node with chain length 6
[GdPAI] A* Iteration: pop node with chain length 6
[GdPAI | debug] Numeric comparison: 70.0627442063492 LessThan 55.062744206349194 -> false
[GdPAI] A* Iteration: pop node with chain length 6
[GdPAI] A* Iteration: pop node with chain length 6
[GdPAI] A* Iteration: pop node with chain length 6
[GdPAI] A* Iteration: pop node with chain length 6
[GdPAI] A* Iteration: pop node with chain length 6
[GdPAI | debug] Numeric comparison: 70.0627442063492 LessThan 55.062744206349194 -> false
[GdPAI] A* Iteration: pop node with chain length 6
[GdPAI] A* Iteration: pop node with chain length 6
[GdPAI | debug] Numeric comparison: 70.0627442063492 LessThan 55.062744206349194 -> false
[GdPAI] A* Iteration: pop node with chain length 6
[GdPAI] A* Iteration: pop node with chain length 6
[GdPAI] A* Iteration: pop node with chain length 6
[GdPAI] A* Iteration: pop node with chain length 6
[GdPAI] A* Iteration: pop node with chain length 6
[GdPAI | debug] Numeric comparison: 70.0627442063492 LessThan 55.062744206349194 -> false
[GdPAI] A* Iteration: pop node with chain length 6
[GdPAI] A* Iteration: pop node with chain length 6
[GdPAI | debug] Numeric comparison: 70.0627442063492 LessThan 55.062744206349194 -> false
[GdPAI] A* Iteration: pop node with chain length 6
[GdPAI] A* Iteration: pop node with chain length 6
[GdPAI] A* Iteration: pop node with chain length 6
[GdPAI] A* Iteration: pop node with chain length 6
[GdPAI] A* Iteration: pop node with chain length 6
[GdPAI | debug] Numeric comparison: 70.0627442063492 LessThan 55.062744206349194 -> false
[GdPAI] A* Iteration: pop node with chain length 6
[GdPAI] A* Iteration: pop node with chain length 6
[GdPAI | debug] Numeric comparison: 70.0627442063492 LessThan 55.062744206349194 -> false
[GdPAI] A* Iteration: pop node with chain length 5
[GdPAI | debug] find_candidates: Checking 15 actions against 1 preconds and 1 requirements
WARNING: [GdPAI] ObjectRef(124621163998): object was freed before callback; returning Nil.
   at: gdplanningai_rust::logger::process_logs (src\logger.rs:66)
   GDScript backtrace (most recent call first):
       [0] _process (res://addons/GdPlanningAI/gdpai_autoload.gd:21)
WARNING: [GdPAI] ObjectRef(124621163998): object was freed before callback; returning Nil.
   at: gdplanningai_rust::logger::process_logs (src\logger.rs:66)
   GDScript backtrace (most recent call first):
       [0] _process (res://addons/GdPlanningAI/gdpai_autoload.gd:21)
WARNING: [GdPAI] ObjectRef(1382643928884): object was freed before callback; returning Nil.
   at: gdplanningai_rust::logger::process_logs (src\logger.rs:66)
   GDScript backtrace (most recent call first):
       [0] _process (res://addons/GdPlanningAI/gdpai_autoload.gd:21)
[GdPAI | debug] Discovery: Starting simulation for action Go To
WARNING: [GdPAI] ObjectRef(1382643928884): object was freed before callback; returning Nil.
   at: gdplanningai_rust::logger::process_logs (src\logger.rs:66)
   GDScript backtrace (most recent call first):
       [0] _process (res://addons/GdPlanningAI/gdpai_autoload.gd:21)
[GdPAI | debug] ApplyEffect [Before] ID=InstanceId(-9223368449047102941): agent props = {"entity": null, "held_item": "", "hunger": 95.0603725}
[GdPAI | debug] ApplyEffect [After] ID=InstanceId(-9223368449047102941): agent props = {"entity": null, "held_item": "", "hunger": 95.0603725}
[GdPAI | debug]   Snapshotting prop: entity = Nil (Variant type: NIL)
[GdPAI | debug]   Snapshotting prop: held_item = Str("") (Variant type: STRING)
[GdPAI | debug]   Snapshotting prop: hunger = Float(95.0603725) (Variant type: FLOAT)
WARNING: [GdPAI] ObjectRef(124621163998): object was freed before callback; returning Nil.
   at: gdplanningai_rust::logger::process_logs (src\logger.rs:66)
   GDScript backtrace (most recent call first):
       [0] _start_plan_and_wait (res://test/integration/test_campfire_example_smoke.gd:57)
WARNING: [GdPAI] ObjectRef(124621163998): object was freed before callback; returning Nil.
   at: gdplanningai_rust::logger::process_logs (src\logger.rs:66)
   GDScript backtrace (most recent call first):
       [0] _start_plan_and_wait (res://test/integration/test_campfire_example_smoke.gd:57)
[GdPAI | debug] GetCost: callable returned non-numeric value: null; returning INFINITY
WARNING: [GdPAI] ObjectRef(1382643928884): object was freed before callback; returning Nil.
   at: gdplanningai_rust::logger::process_logs (src\logger.rs:66)
   GDScript backtrace (most recent call first):
       [0] _start_plan_and_wait (res://test/integration/test_campfire_example_smoke.gd:57)
[GdPAI | debug] GetCost: callable returned non-numeric value: null; returning INFINITY
WARNING: [GdPAI] ObjectRef(124621163998): object was freed before callback; returning Nil.
   at: gdplanningai_rust::logger::process_logs (src\logger.rs:66)
   GDScript backtrace (most recent call first):
       [0] _process (res://addons/GdPlanningAI/gdpai_autoload.gd:21)
WARNING: [GdPAI] ObjectRef(124621163998): object was freed before callback; returning Nil.
   at: gdplanningai_rust::logger::process_logs (src\logger.rs:66)
   GDScript backtrace (most recent call first):
       [0] _process (res://addons/GdPlanningAI/gdpai_autoload.gd:21)
[GdPAI | debug] ApplyEffect [Before] ID=InstanceId(-9223368446966728176): agent props = {"held_item": "potato", "hunger": 70.0627442063492, "entity": null}
[GdPAI | debug] ApplyEffect [After] ID=InstanceId(-9223368446966728176): agent props = {"held_item": "potato", "hunger": 70.0627442063492, "entity": null}
[GdPAI | debug]   Snapshotting prop: held_item = Str("potato") (Variant type: STRING)
[GdPAI | debug]   Snapshotting prop: hunger = Float(70.0627442063492) (Variant type: FLOAT)
[GdPAI | debug]   Snapshotting prop: entity = Nil (Variant type: NIL)
[GdPAI | debug] Discovery: Simulation success for Go To. Agent props: {"held_item": Str("potato"), "entity": Nil, "hunger": Float(70.0627442063492)}
[GdPAI | debug] Discovery: Action Go To did NOT satisfy precond Builtin { target: Agent, operation: Equal, property_name: "held_item", value: Some(Str("")) }
WARNING: [GdPAI] ObjectRef(1382643928884): object was freed before callback; returning Nil.
   at: gdplanningai_rust::logger::process_logs (src\logger.rs:66)
   GDScript backtrace (most recent call first):
       [0] _process (res://addons/GdPlanningAI/gdpai_autoload.gd:21)
[GdPAI | debug] ApplyEffect [Before] ID=InstanceId(-9223368446396302832): agent props = {"hunger": 95.0603725, "entity": null, "held_item": ""}
[GdPAI | debug] ApplyEffect [After] ID=InstanceId(-9223368446396302832): agent props = {"hunger": 95.0603725, "entity": null, "held_item": ""}
[GdPAI | debug]   Snapshotting prop: hunger = Float(95.0603725) (Variant type: FLOAT)
[GdPAI | debug]   Snapshotting prop: entity = Nil (Variant type: NIL)
[GdPAI | debug]   Snapshotting prop: held_item = Str("") (Variant type: STRING)
[GdPAI | debug] Discovery: Starting simulation for action Eat Held Food
WARNING: [GdPAI] ObjectRef(124621163998): object was freed before callback; returning Nil.
   at: gdplanningai_rust::logger::process_logs (src\logger.rs:66)
   GDScript backtrace (most recent call first):
       [0] _start_plan_and_wait (res://test/integration/test_campfire_example_smoke.gd:57)
WARNING: [GdPAI] ObjectRef(124621163998): object was freed before callback; returning Nil.
   at: gdplanningai_rust::logger::process_logs (src\logger.rs:66)
   GDScript backtrace (most recent call first):
       [0] _start_plan_and_wait (res://test/integration/test_campfire_example_smoke.gd:57)
[GdPAI | debug] GetCost: callable returned non-numeric value: null; returning INFINITY
WARNING: [GdPAI] ObjectRef(1382643928884): object was freed before callback; returning Nil.
   at: gdplanningai_rust::logger::process_logs (src\logger.rs:66)
   GDScript backtrace (most recent call first):
       [0] _start_plan_and_wait (res://test/integration/test_campfire_example_smoke.gd:57)
WARNING: [GdPAI] ObjectRef(1382157389614): object was freed before callback; returning Nil.
   at: gdplanningai_rust::logger::process_logs (src\logger.rs:66)
   GDScript backtrace (most recent call first):
       [0] _start_plan_and_wait (res://test/integration/test_campfire_example_smoke.gd:57)
WARNING: [GdPAI] ObjectRef(1382157389614): object was freed before callback; returning Nil.
   at: gdplanningai_rust::logger::process_logs (src\logger.rs:66)
   GDScript backtrace (most recent call first):
       [0] _start_plan_and_wait (res://test/integration/test_campfire_example_smoke.gd:57)
[GdPAI | debug] GetCost: callable returned non-numeric value: null; returning INFINITY
WARNING: [GdPAI] ObjectRef(124621163998): object was freed before callback; returning Nil.
   at: gdplanningai_rust::logger::process_logs (src\logger.rs:66)
   GDScript backtrace (most recent call first):
       [0] _process (res://addons/GdPlanningAI/gdpai_autoload.gd:21)
WARNING: [GdPAI] ObjectRef(124621163998): object was freed before callback; returning Nil.
   at: gdplanningai_rust::logger::process_logs (src\logger.rs:66)
   GDScript backtrace (most recent call first):
       [0] _process (res://addons/GdPlanningAI/gdpai_autoload.gd:21)
[GdPAI | debug] ApplyEffect [Before] ID=InstanceId(-9223368444265596312): agent props = {"hunger": 70.0627442063492, "entity": null, "held_item": "potato"}
[GdPAI | debug] ApplyEffect [After] ID=InstanceId(-9223368444265596312): agent props = {"hunger": 70.0627442063492, "entity": null, "held_item": "potato"}
[GdPAI | debug]   Snapshotting prop: hunger = Float(70.0627442063492) (Variant type: FLOAT)
[GdPAI | debug]   Snapshotting prop: entity = Nil (Variant type: NIL)
[GdPAI | debug]   Snapshotting prop: held_item = Str("potato") (Variant type: STRING)
[GdPAI | debug] Discovery: Simulation success for Eat Held Food. Agent props: {"hunger": Float(70.0627442063492), "held_item": Str("potato"), "entity": Nil}
[GdPAI | debug] Discovery: Action Eat Held Food did NOT satisfy precond Builtin { target: Agent, operation: Equal, property_name: "held_item", value: Some(Str("")) }
WARNING: [GdPAI] ObjectRef(1382643928884): object was freed before callback; returning Nil.
   at: gdplanningai_rust::logger::process_logs (src\logger.rs:66)
   GDScript backtrace (most recent call first):
       [0] _process (res://addons/GdPlanningAI/gdpai_autoload.gd:21)
WARNING: [GdPAI] ObjectRef(1382157389614): object was freed before callback; returning Nil.
   at: gdplanningai_rust::logger::process_logs (src\logger.rs:66)
   GDScript backtrace (most recent call first):
       [0] _process (res://addons/GdPlanningAI/gdpai_autoload.gd:21)
WARNING: [GdPAI] ObjectRef(1382157389614): object was freed before callback; returning Nil.
   at: gdplanningai_rust::logger::process_logs (src\logger.rs:66)
   GDScript backtrace (most recent call first):
       [0] _process (res://addons/GdPlanningAI/gdpai_autoload.gd:21)
[GdPAI | debug] ApplyEffect [Before] ID=InstanceId(-9223368443695170968): agent props = {"held_item": "", "entity": null, "at_target": null, "hunger": 95.0603725}
[GdPAI | debug] ApplyEffect [After] ID=InstanceId(-9223368443695170968): agent props = {"held_item": "", "entity": null, "at_target": null, "hunger": 95.0603725}
[GdPAI | debug]   Snapshotting prop: held_item = Str("") (Variant type: STRING)
[GdPAI | debug]   Snapshotting prop: entity = Nil (Variant type: NIL)
[GdPAI | debug]   Snapshotting prop: at_target = Nil (Variant type: NIL)
[GdPAI | debug]   Snapshotting prop: hunger = Float(95.0603725) (Variant type: FLOAT)
WARNING: [GdPAI] ObjectRef(124621163998): object was freed before callback; returning Nil.
   at: gdplanningai_rust::logger::process_logs (src\logger.rs:66)
   GDScript backtrace (most recent call first):
       [0] _start_plan_and_wait (res://test/integration/test_campfire_example_smoke.gd:57)
WARNING: [GdPAI] ObjectRef(124621163998): object was freed before callback; returning Nil.
   at: gdplanningai_rust::logger::process_logs (src\logger.rs:66)
   GDScript backtrace (most recent call first):
       [0] _start_plan_and_wait (res://test/integration/test_campfire_example_smoke.gd:57)
[GdPAI | debug] Discovery: Starting simulation for action Go To
WARNING: [GdPAI] ObjectRef(1382643928884): object was freed before callback; returning Nil.
   at: gdplanningai_rust::logger::process_logs (src\logger.rs:66)
   GDScript backtrace (most recent call first):
       [0] _start_plan_and_wait (res://test/integration/test_campfire_example_smoke.gd:57)
WARNING: [GdPAI] ObjectRef(1382157389614): object was freed before callback; returning Nil.
   at: gdplanningai_rust::logger::process_logs (src\logger.rs:66)
   GDScript backtrace (most recent call first):
       [0] _start_plan_and_wait (res://test/integration/test_campfire_example_smoke.gd:57)
WARNING: [GdPAI] ObjectRef(1382157389614): object was freed before callback; returning Nil.
   at: gdplanningai_rust::logger::process_logs (src\logger.rs:66)
   GDScript backtrace (most recent call first):
       [0] _start_plan_and_wait (res://test/integration/test_campfire_example_smoke.gd:57)
[GdPAI | debug] GetCost: callable returned non-numeric value: null; returning INFINITY
WARNING: [GdPAI] ObjectRef(124621163998): object was freed before callback; returning Nil.
   at: gdplanningai_rust::logger::process_logs (src\logger.rs:66)
   GDScript backtrace (most recent call first):
       [0] _process (res://addons/GdPlanningAI/gdpai_autoload.gd:21)
WARNING: [GdPAI] ObjectRef(124621163998): object was freed before callback; returning Nil.
   at: gdplanningai_rust::logger::process_logs (src\logger.rs:66)
   GDScript backtrace (most recent call first):
       [0] _process (res://addons/GdPlanningAI/gdpai_autoload.gd:21)
[GdPAI | debug] GetCost: callable returned non-numeric value: null; returning INFINITY
WARNING: [GdPAI] ObjectRef(1382643928884): object was freed before callback; returning Nil.
   at: gdplanningai_rust::logger::process_logs (src\logger.rs:66)
   GDScript backtrace (most recent call first):
       [0] _process (res://addons/GdPlanningAI/gdpai_autoload.gd:21)
WARNING: [GdPAI] ObjectRef(1382157389614): object was freed before callback; returning Nil.
   at: gdplanningai_rust::logger::process_logs (src\logger.rs:66)
   GDScript backtrace (most recent call first):
       [0] _process (res://addons/GdPlanningAI/gdpai_autoload.gd:21)
WARNING: [GdPAI] ObjectRef(1382157389614): object was freed before callback; returning Nil.
   at: gdplanningai_rust::logger::process_logs (src\logger.rs:66)
   GDScript backtrace (most recent call first):
       [0] _process (res://addons/GdPlanningAI/gdpai_autoload.gd:21)
[GdPAI | debug] ApplyEffect [Before] ID=InstanceId(-9223368440893375867): agent props = {"entity": null, "held_item": "", "hunger": 95.0603725, "at_target": null}
[GdPAI | debug] ApplyEffect [After] ID=InstanceId(-9223368440893375867): agent props = {"entity": null, "held_item": "", "hunger": 95.0603725, "at_target": null}
[GdPAI | debug]   Snapshotting prop: entity = Nil (Variant type: NIL)
[GdPAI | debug]   Snapshotting prop: held_item = Str("") (Variant type: STRING)
[GdPAI | debug]   Snapshotting prop: hunger = Float(95.0603725) (Variant type: FLOAT)
[GdPAI | debug]   Snapshotting prop: at_target = Nil (Variant type: NIL)
WARNING: [GdPAI] ObjectRef(124621163998): object was freed before callback; returning Nil.
   at: gdplanningai_rust::logger::process_logs (src\logger.rs:66)
   GDScript backtrace (most recent call first):
       [0] _start_plan_and_wait (res://test/integration/test_campfire_example_smoke.gd:57)
WARNING: [GdPAI] ObjectRef(124621163998): object was freed before callback; returning Nil.
   at: gdplanningai_rust::logger::process_logs (src\logger.rs:66)
   GDScript backtrace (most recent call first):
       [0] _start_plan_and_wait (res://test/integration/test_campfire_example_smoke.gd:57)
[GdPAI | debug] ApplyEffect [Before] ID=InstanceId(-9223368440071292247): agent props = {"hunger": 70.0627442063492, "entity": null, "held_item": "potato"}
[GdPAI | debug] ApplyEffect [After] ID=InstanceId(-9223368440071292247): agent props = {"hunger": 70.0627442063492, "entity": null, "held_item": "potato"}
[GdPAI | debug]   Snapshotting prop: hunger = Float(70.0627442063492) (Variant type: FLOAT)
[GdPAI | debug]   Snapshotting prop: entity = Nil (Variant type: NIL)
[GdPAI | debug]   Snapshotting prop: held_item = Str("potato") (Variant type: STRING)
[GdPAI | debug] Discovery: Simulation success for Go To. Agent props: {"hunger": Float(70.0627442063492), "held_item": Str("potato"), "entity": Nil}
[GdPAI | debug] Discovery: Action Go To did NOT satisfy precond Builtin { target: Agent, operation: Equal, property_name: "held_item", value: Some(Str("")) }
WARNING: [GdPAI] ObjectRef(1382643928884): object was freed before callback; returning Nil.
   at: gdplanningai_rust::logger::process_logs (src\logger.rs:66)
   GDScript backtrace (most recent call first):
       [0] _start_plan_and_wait (res://test/integration/test_campfire_example_smoke.gd:57)
[GdPAI | debug] GetCost: callable returned non-numeric value: null; returning INFINITY
[GdPAI | debug] Discovery: Starting simulation for action Drop Item
WARNING: [GdPAI] ObjectRef(124621163998): object was freed before callback; returning Nil.
   at: gdplanningai_rust::logger::process_logs (src\logger.rs:66)
   GDScript backtrace (most recent call first):
       [0] _process (res://addons/GdPlanningAI/gdpai_autoload.gd:21)
WARNING: [GdPAI] ObjectRef(124621163998): object was freed before callback; returning Nil.
   at: gdplanningai_rust::logger::process_logs (src\logger.rs:66)
   GDScript backtrace (most recent call first):
       [0] _process (res://addons/GdPlanningAI/gdpai_autoload.gd:21)
[GdPAI | debug] GetCost: callable returned non-numeric value: null; returning INFINITY
WARNING: [GdPAI] ObjectRef(1382643928884): object was freed before callback; returning Nil.
   at: gdplanningai_rust::logger::process_logs (src\logger.rs:66)
   GDScript backtrace (most recent call first):
       [0] _process (res://addons/GdPlanningAI/gdpai_autoload.gd:21)
[GdPAI | debug] ApplyEffect [Before] ID=InstanceId(-9223368438192244112): agent props = {"held_item": "wood", "entity": null, "hunger": 95.0603725, "at_target": null}
[GdPAI | debug] ApplyEffect [After] ID=InstanceId(-9223368438192244112): agent props = {"held_item": "wood", "entity": null, "hunger": 95.0603725, "at_target": null}
[GdPAI | debug]   Snapshotting prop: held_item = Str("wood") (Variant type: STRING)
[GdPAI | debug]   Snapshotting prop: entity = Nil (Variant type: NIL)
[GdPAI | debug]   Snapshotting prop: hunger = Float(95.0603725) (Variant type: FLOAT)
[GdPAI | debug]   Snapshotting prop: at_target = Nil (Variant type: NIL)
WARNING: [GdPAI] ObjectRef(124621163998): object was freed before callback; returning Nil.
   at: gdplanningai_rust::logger::process_logs (src\logger.rs:66)
   GDScript backtrace (most recent call first):
       [0] _start_plan_and_wait (res://test/integration/test_campfire_example_smoke.gd:57)
WARNING: [GdPAI] ObjectRef(124621163998): object was freed before callback; returning Nil.
   at: gdplanningai_rust::logger::process_logs (src\logger.rs:66)
   GDScript backtrace (most recent call first):
       [0] _start_plan_and_wait (res://test/integration/test_campfire_example_smoke.gd:57)
[GdPAI | debug] ApplyEffect [Before] ID=InstanceId(-9223368437470823784): agent props = {"entity": null, "held_item": "potato", "hunger": 70.0627442063492}
[GdPAI | debug] ApplyEffect [After] ID=InstanceId(-9223368437470823784): agent props = {"entity": null, "held_item": "potato", "hunger": 70.0627442063492}
[GdPAI | debug]   Snapshotting prop: entity = Nil (Variant type: NIL)
[GdPAI | debug]   Snapshotting prop: held_item = Str("potato") (Variant type: STRING)
[GdPAI | debug]   Snapshotting prop: hunger = Float(70.0627442063492) (Variant type: FLOAT)
WARNING: [GdPAI] ObjectRef(1382643928884): object was freed before callback; returning Nil.
   at: gdplanningai_rust::logger::process_logs (src\logger.rs:66)
   GDScript backtrace (most recent call first):
       [0] _start_plan_and_wait (res://test/integration/test_campfire_example_smoke.gd:57)
[GdPAI | debug] Discovery: Simulation success for Drop Item. Agent props: {"held_item": Str("potato"), "hunger": Float(70.0627442063492), "entity": Nil}
[GdPAI | debug] Discovery: Action Drop Item did NOT satisfy precond Builtin { target: Agent, operation: Equal, property_name: "held_item", value: Some(Str("")) }
WARNING: [GdPAI] ObjectRef(1382643928884): object was freed before callback; returning Nil.
   at: gdplanningai_rust::logger::process_logs (src\logger.rs:66)
   GDScript backtrace (most recent call first):
       [0] _start_plan_and_wait (res://test/integration/test_campfire_example_smoke.gd:57)
[GdPAI | debug] GetCost: callable returned non-numeric value: null; returning INFINITY
[GdPAI | debug] Discovery: Starting simulation for action Add Fuel
WARNING: [GdPAI] ObjectRef(124621163998): object was freed before callback; returning Nil.
   at: gdplanningai_rust::logger::process_logs (src\logger.rs:66)
   GDScript backtrace (most recent call first):
       [0] _process (res://addons/GdPlanningAI/gdpai_autoload.gd:21)
WARNING: [GdPAI] ObjectRef(124621163998): object was freed before callback; returning Nil.
   at: gdplanningai_rust::logger::process_logs (src\logger.rs:66)
   GDScript backtrace (most recent call first):
       [0] _process (res://addons/GdPlanningAI/gdpai_autoload.gd:21)
[GdPAI | debug] GetCost: callable returned non-numeric value: null; returning INFINITY
WARNING: [GdPAI] ObjectRef(1382643928884): object was freed before callback; returning Nil.
   at: gdplanningai_rust::logger::process_logs (src\logger.rs:66)
   GDScript backtrace (most recent call first):
       [0] _process (res://addons/GdPlanningAI/gdpai_autoload.gd:21)
WARNING: [GdPAI] ObjectRef(1382643928884): object was freed before callback; returning Nil.
   at: gdplanningai_rust::logger::process_logs (src\logger.rs:66)
   GDScript backtrace (most recent call first):
       [0] _process (res://addons/GdPlanningAI/gdpai_autoload.gd:21)
[GdPAI | debug] ApplyEffect [Before] ID=InstanceId(-9223368435541443914): agent props = {"hunger": 95.0603725, "entity": null, "held_item": ""}
[GdPAI | debug] ApplyEffect [After] ID=InstanceId(-9223368435541443914): agent props = {"hunger": 95.0603725, "entity": null, "held_item": ""}
[GdPAI | debug]   Snapshotting prop: hunger = Float(95.0603725) (Variant type: FLOAT)
[GdPAI | debug]   Snapshotting prop: entity = Nil (Variant type: NIL)
[GdPAI | debug]   Snapshotting prop: held_item = Str("") (Variant type: STRING)
WARNING: [GdPAI] ObjectRef(124621163998): object was freed before callback; returning Nil.
   at: gdplanningai_rust::logger::process_logs (src\logger.rs:66)
   GDScript backtrace (most recent call first):
       [0] _start_plan_and_wait (res://test/integration/test_campfire_example_smoke.gd:57)
WARNING: [GdPAI] ObjectRef(124621163998): object was freed before callback; returning Nil.
   at: gdplanningai_rust::logger::process_logs (src\logger.rs:66)
   GDScript backtrace (most recent call first):
       [0] _start_plan_and_wait (res://test/integration/test_campfire_example_smoke.gd:57)
[GdPAI | debug] ApplyEffect [Before] ID=InstanceId(-9223368434769691941): agent props = {"entity": null, "held_item": "wood", "hunger": 70.0627442063492}
[GdPAI | debug] ApplyEffect [After] ID=InstanceId(-9223368434769691941): agent props = {"entity": null, "held_item": "wood", "hunger": 70.0627442063492}
[GdPAI | debug]   Snapshotting prop: entity = Nil (Variant type: NIL)
[GdPAI | debug]   Snapshotting prop: held_item = Str("wood") (Variant type: STRING)
[GdPAI | debug]   Snapshotting prop: hunger = Float(70.0627442063492) (Variant type: FLOAT)
[GdPAI | debug] Discovery: Simulation success for Add Fuel. Agent props: {"entity": Nil, "held_item": Str("wood"), "hunger": Float(70.0627442063492)}
[GdPAI | debug] Discovery: Action Add Fuel did NOT satisfy precond Builtin { target: Agent, operation: Equal, property_name: "held_item", value: Some(Str("")) }
WARNING: [GdPAI] ObjectRef(1382643928884): object was freed before callback; returning Nil.
   at: gdplanningai_rust::logger::process_logs (src\logger.rs:66)
   GDScript backtrace (most recent call first):
       [0] _start_plan_and_wait (res://test/integration/test_campfire_example_smoke.gd:57)
[GdPAI | debug] GetCost: callable returned non-numeric value: null; returning INFINITY
WARNING: [GdPAI] ObjectRef(124621163998): object was freed before callback; returning Nil.
   at: gdplanningai_rust::logger::process_logs (src\logger.rs:66)
   GDScript backtrace (most recent call first):
       [0] _process (res://addons/GdPlanningAI/gdpai_autoload.gd:21)
WARNING: [GdPAI] ObjectRef(124621163998): object was freed before callback; returning Nil.
   at: gdplanningai_rust::logger::process_logs (src\logger.rs:66)
   GDScript backtrace (most recent call first):
       [0] _process (res://addons/GdPlanningAI/gdpai_autoload.gd:21)
[GdPAI | debug] Discovery: Action Cook Potato failed validity check, skipping
[GdPAI | debug] Discovery: Starting simulation for action Pick Up Wood
WARNING: [GdPAI] ObjectRef(1382643928884): object was freed before callback; returning Nil.
   at: gdplanningai_rust::logger::process_logs (src\logger.rs:66)
   GDScript backtrace (most recent call first):
       [0] _process (res://addons/GdPlanningAI/gdpai_autoload.gd:21)
[GdPAI | debug] ApplyEffect [Before] ID=InstanceId(-9223368432890643771): agent props = {"held_item": "", "entity": null, "hunger": 95.0603725}
[GdPAI | debug] ApplyEffect [After] ID=InstanceId(-9223368432890643771): agent props = {"held_item": "", "entity": null, "hunger": 95.0603725}
[GdPAI | debug]   Snapshotting prop: held_item = Str("") (Variant type: STRING)
[GdPAI | debug]   Snapshotting prop: entity = Nil (Variant type: NIL)
[GdPAI | debug]   Snapshotting prop: hunger = Float(95.0603725) (Variant type: FLOAT)
WARNING: [GdPAI] ObjectRef(124621163998): object was freed before callback; returning Nil.
   at: gdplanningai_rust::logger::process_logs (src\logger.rs:66)
   GDScript backtrace (most recent call first):
       [0] _start_plan_and_wait (res://test/integration/test_campfire_example_smoke.gd:57)
WARNING: [GdPAI] ObjectRef(124621163998): object was freed before callback; returning Nil.
   at: gdplanningai_rust::logger::process_logs (src\logger.rs:66)
   GDScript backtrace (most recent call first):
       [0] _start_plan_and_wait (res://test/integration/test_campfire_example_smoke.gd:57)
[GdPAI | debug] GetCost: callable returned non-numeric value: null; returning INFINITY
WARNING: [GdPAI] ObjectRef(1382643928884): object was freed before callback; returning Nil.
   at: gdplanningai_rust::logger::process_logs (src\logger.rs:66)
   GDScript backtrace (most recent call first):
       [0] _start_plan_and_wait (res://test/integration/test_campfire_example_smoke.gd:57)
WARNING: [GdPAI] ObjectRef(1382157389614): object was freed before callback; returning Nil.
   at: gdplanningai_rust::logger::process_logs (src\logger.rs:66)
   GDScript backtrace (most recent call first):
       [0] _start_plan_and_wait (res://test/integration/test_campfire_example_smoke.gd:57)
WARNING: [GdPAI] ObjectRef(1382157389614): object was freed before callback; returning Nil.
   at: gdplanningai_rust::logger::process_logs (src\logger.rs:66)
   GDScript backtrace (most recent call first):
       [0] _start_plan_and_wait (res://test/integration/test_campfire_example_smoke.gd:57)
[GdPAI | debug] GetCost: callable returned non-numeric value: null; returning INFINITY
WARNING: [GdPAI] ObjectRef(124621163998): object was freed before callback; returning Nil.
   at: gdplanningai_rust::logger::process_logs (src\logger.rs:66)
   GDScript backtrace (most recent call first):
       [0] _process (res://addons/GdPlanningAI/gdpai_autoload.gd:21)
WARNING: [GdPAI] ObjectRef(124621163998): object was freed before callback; returning Nil.
   at: gdplanningai_rust::logger::process_logs (src\logger.rs:66)
   GDScript backtrace (most recent call first):
       [0] _process (res://addons/GdPlanningAI/gdpai_autoload.gd:21)
[GdPAI | debug] ApplyEffect [Before] ID=InstanceId(-9223368430759937402): agent props = {"held_item": "potato", "entity": null, "hunger": 70.0627442063492}
[GdPAI | debug] ApplyEffect [After] ID=InstanceId(-9223368430759937402): agent props = {"held_item": "potato", "entity": null, "hunger": 70.0627442063492}
[GdPAI | debug]   Snapshotting prop: held_item = Str("potato") (Variant type: STRING)
[GdPAI | debug]   Snapshotting prop: entity = Nil (Variant type: NIL)
[GdPAI | debug]   Snapshotting prop: hunger = Float(70.0627442063492) (Variant type: FLOAT)
[GdPAI | debug] Discovery: Simulation success for Pick Up Wood. Agent props: {"held_item": Str("potato"), "entity": Nil, "hunger": Float(70.0627442063492)}
[GdPAI | debug] Discovery: Action Pick Up Wood did NOT satisfy precond Builtin { target: Agent, operation: Equal, property_name: "held_item", value: Some(Str("")) }
WARNING: [GdPAI] ObjectRef(1382643928884): object was freed before callback; returning Nil.
   at: gdplanningai_rust::logger::process_logs (src\logger.rs:66)
   GDScript backtrace (most recent call first):
       [0] _process (res://addons/GdPlanningAI/gdpai_autoload.gd:21)
WARNING: [GdPAI] ObjectRef(1382157389614): object was freed before callback; returning Nil.
   at: gdplanningai_rust::logger::process_logs (src\logger.rs:66)
   GDScript backtrace (most recent call first):
       [0] _process (res://addons/GdPlanningAI/gdpai_autoload.gd:21)
WARNING: [GdPAI] ObjectRef(1382157389614): object was freed before callback; returning Nil.
   at: gdplanningai_rust::logger::process_logs (src\logger.rs:66)
   GDScript backtrace (most recent call first):
       [0] _process (res://addons/GdPlanningAI/gdpai_autoload.gd:21)
[GdPAI | debug] ApplyEffect [Before] ID=InstanceId(-9223368430189512058): agent props = {"held_item": "", "at_target": null, "hunger": 95.0603725, "entity": null}
[GdPAI | debug] ApplyEffect [After] ID=InstanceId(-9223368430189512058): agent props = {"held_item": "", "at_target": null, "hunger": 95.0603725, "entity": null}
[GdPAI | debug]   Snapshotting prop: held_item = Str("") (Variant type: STRING)
[GdPAI | debug]   Snapshotting prop: at_target = Nil (Variant type: NIL)
[GdPAI | debug]   Snapshotting prop: hunger = Float(95.0603725) (Variant type: FLOAT)
[GdPAI | debug]   Snapshotting prop: entity = Nil (Variant type: NIL)
[GdPAI | debug] Discovery: Starting simulation for action Pick Up Wood
WARNING: [GdPAI] ObjectRef(124621163998): object was freed before callback; returning Nil.
   at: gdplanningai_rust::logger::process_logs (src\logger.rs:66)
   GDScript backtrace (most recent call first):
       [0] _start_plan_and_wait (res://test/integration/test_campfire_example_smoke.gd:57)
WARNING: [GdPAI] ObjectRef(124621163998): object was freed before callback; returning Nil.
   at: gdplanningai_rust::logger::process_logs (src\logger.rs:66)
   GDScript backtrace (most recent call first):
       [0] _start_plan_and_wait (res://test/integration/test_campfire_example_smoke.gd:57)
[GdPAI | debug] GetCost: callable returned non-numeric value: null; returning INFINITY
WARNING: [GdPAI] ObjectRef(1382643928884): object was freed before callback; returning Nil.
   at: gdplanningai_rust::logger::process_logs (src\logger.rs:66)
   GDScript backtrace (most recent call first):
       [0] _start_plan_and_wait (res://test/integration/test_campfire_example_smoke.gd:57)
WARNING: [GdPAI] ObjectRef(1382157389614): object was freed before callback; returning Nil.
   at: gdplanningai_rust::logger::process_logs (src\logger.rs:66)
   GDScript backtrace (most recent call first):
       [0] _start_plan_and_wait (res://test/integration/test_campfire_example_smoke.gd:57)
WARNING: [GdPAI] ObjectRef(1382157389614): object was freed before callback; returning Nil.
   at: gdplanningai_rust::logger::process_logs (src\logger.rs:66)
   GDScript backtrace (most recent call first):
       [0] _start_plan_and_wait (res://test/integration/test_campfire_example_smoke.gd:57)
[GdPAI | debug] GetCost: callable returned non-numeric value: null; returning INFINITY
WARNING: [GdPAI] ObjectRef(124621163998): object was freed before callback; returning Nil.
   at: gdplanningai_rust::logger::process_logs (src\logger.rs:66)
   GDScript backtrace (most recent call first):
       [0] _process (res://addons/GdPlanningAI/gdpai_autoload.gd:21)
WARNING: [GdPAI] ObjectRef(124621163998): object was freed before callback; returning Nil.
   at: gdplanningai_rust::logger::process_logs (src\logger.rs:66)
   GDScript backtrace (most recent call first):
       [0] _process (res://addons/GdPlanningAI/gdpai_autoload.gd:21)
[GdPAI | debug] ApplyEffect [Before] ID=InstanceId(-9223368427958142218): agent props = {"held_item": "potato", "hunger": 70.0627442063492, "entity": null}
[GdPAI | debug] ApplyEffect [After] ID=InstanceId(-9223368427958142218): agent props = {"held_item": "potato", "hunger": 70.0627442063492, "entity": null}
[GdPAI | debug]   Snapshotting prop: held_item = Str("potato") (Variant type: STRING)
[GdPAI | debug]   Snapshotting prop: hunger = Float(70.0627442063492) (Variant type: FLOAT)
[GdPAI | debug]   Snapshotting prop: entity = Nil (Variant type: NIL)
[GdPAI | debug] Discovery: Simulation success for Pick Up Wood. Agent props: {"held_item": Str("potato"), "hunger": Float(70.0627442063492), "entity": Nil}
[GdPAI | debug] Discovery: Action Pick Up Wood did NOT satisfy precond Builtin { target: Agent, operation: Equal, property_name: "held_item", value: Some(Str("")) }
WARNING: [GdPAI] ObjectRef(1382643928884): object was freed before callback; returning Nil.
   at: gdplanningai_rust::logger::process_logs (src\logger.rs:66)
   GDScript backtrace (most recent call first):
       [0] _process (res://addons/GdPlanningAI/gdpai_autoload.gd:21)
WARNING: [GdPAI] ObjectRef(1382157389614): object was freed before callback; returning Nil.
   at: gdplanningai_rust::logger::process_logs (src\logger.rs:66)
   GDScript backtrace (most recent call first):
       [0] _process (res://addons/GdPlanningAI/gdpai_autoload.gd:21)
WARNING: [GdPAI] ObjectRef(1382157389614): object was freed before callback; returning Nil.
   at: gdplanningai_rust::logger::process_logs (src\logger.rs:66)
   GDScript backtrace (most recent call first):
       [0] _process (res://addons/GdPlanningAI/gdpai_autoload.gd:21)
[GdPAI | debug] ApplyEffect [Before] ID=InstanceId(-9223368427387716874): agent props = {"held_item": "", "at_target": null, "entity": null, "hunger": 95.0603725}
[GdPAI | debug] ApplyEffect [After] ID=InstanceId(-9223368427387716874): agent props = {"held_item": "", "at_target": null, "entity": null, "hunger": 95.0603725}
[GdPAI | debug]   Snapshotting prop: held_item = Str("") (Variant type: STRING)
[GdPAI | debug]   Snapshotting prop: at_target = Nil (Variant type: NIL)
[GdPAI | debug]   Snapshotting prop: entity = Nil (Variant type: NIL)
[GdPAI | debug]   Snapshotting prop: hunger = Float(95.0603725) (Variant type: FLOAT)
[GdPAI | debug] Discovery: Starting simulation for action Pick Up Wood
WARNING: [GdPAI] ObjectRef(124621163998): object was freed before callback; returning Nil.
   at: gdplanningai_rust::logger::process_logs (src\logger.rs:66)
   GDScript backtrace (most recent call first):
       [0] _start_plan_and_wait (res://test/integration/test_campfire_example_smoke.gd:57)
WARNING: [GdPAI] ObjectRef(124621163998): object was freed before callback; returning Nil.
   at: gdplanningai_rust::logger::process_logs (src\logger.rs:66)
   GDScript backtrace (most recent call first):
       [0] _start_plan_and_wait (res://test/integration/test_campfire_example_smoke.gd:57)
[GdPAI | debug] GetCost: callable returned non-numeric value: null; returning INFINITY
WARNING: [GdPAI] ObjectRef(1382643928884): object was freed before callback; returning Nil.
   at: gdplanningai_rust::logger::process_logs (src\logger.rs:66)
   GDScript backtrace (most recent call first):
       [0] _start_plan_and_wait (res://test/integration/test_campfire_example_smoke.gd:57)
[GdPAI | debug] GetCost: callable returned non-numeric value: null; returning INFINITY
WARNING: [GdPAI] ObjectRef(124621163998): object was freed before callback; returning Nil.
   at: gdplanningai_rust::logger::process_logs (src\logger.rs:66)
   GDScript backtrace (most recent call first):
       [0] _process (res://addons/GdPlanningAI/gdpai_autoload.gd:21)
WARNING: [GdPAI] ObjectRef(124621163998): object was freed before callback; returning Nil.
   at: gdplanningai_rust::logger::process_logs (src\logger.rs:66)
   GDScript backtrace (most recent call first):
       [0] _process (res://addons/GdPlanningAI/gdpai_autoload.gd:21)
[GdPAI | debug] ApplyEffect [Before] ID=InstanceId(-9223368425257010417): agent props = {"held_item": "potato", "hunger": 70.0627442063492, "entity": null}
[GdPAI | debug] ApplyEffect [After] ID=InstanceId(-9223368425257010417): agent props = {"held_item": "potato", "hunger": 70.0627442063492, "entity": null}
[GdPAI | debug]   Snapshotting prop: held_item = Str("potato") (Variant type: STRING)
[GdPAI | debug]   Snapshotting prop: hunger = Float(70.0627442063492) (Variant type: FLOAT)
[GdPAI | debug]   Snapshotting prop: entity = Nil (Variant type: NIL)
[GdPAI | debug] Discovery: Simulation success for Pick Up Wood. Agent props: {"hunger": Float(70.0627442063492), "held_item": Str("potato"), "entity": Nil}
[GdPAI | debug] Discovery: Action Pick Up Wood did NOT satisfy precond Builtin { target: Agent, operation: Equal, property_name: "held_item", value: Some(Str("")) }
WARNING: [GdPAI] ObjectRef(1382643928884): object was freed before callback; returning Nil.
   at: gdplanningai_rust::logger::process_logs (src\logger.rs:66)
   GDScript backtrace (most recent call first):
       [0] _process (res://addons/GdPlanningAI/gdpai_autoload.gd:21)
[GdPAI | debug] ApplyEffect [Before] ID=InstanceId(-9223368424686585073): agent props = {"held_item": "wood", "hunger": 95.0603725, "entity": null, "at_target": null}
[GdPAI | debug] ApplyEffect [After] ID=InstanceId(-9223368424686585073): agent props = {"held_item": "wood", "hunger": 95.0603725, "entity": null, "at_target": null}
[GdPAI | debug]   Snapshotting prop: held_item = Str("wood") (Variant type: STRING)
[GdPAI | debug]   Snapshotting prop: hunger = Float(95.0603725) (Variant type: FLOAT)
[GdPAI | debug]   Snapshotting prop: entity = Nil (Variant type: NIL)
[GdPAI | debug]   Snapshotting prop: at_target = Nil (Variant type: NIL)
[GdPAI | debug] Discovery: Starting simulation for action Pick Up Wood
WARNING: [GdPAI] ObjectRef(124621163998): object was freed before callback; returning Nil.
   at: gdplanningai_rust::logger::process_logs (src\logger.rs:66)
   GDScript backtrace (most recent call first):
       [0] _start_plan_and_wait (res://test/integration/test_campfire_example_smoke.gd:57)
WARNING: [GdPAI] ObjectRef(124621163998): object was freed before callback; returning Nil.
   at: gdplanningai_rust::logger::process_logs (src\logger.rs:66)
   GDScript backtrace (most recent call first):
       [0] _start_plan_and_wait (res://test/integration/test_campfire_example_smoke.gd:57)
[GdPAI | debug] GetCost: callable returned non-numeric value: null; returning INFINITY
WARNING: [GdPAI] ObjectRef(1382643928884): object was freed before callback; returning Nil.
   at: gdplanningai_rust::logger::process_logs (src\logger.rs:66)
   GDScript backtrace (most recent call first):
       [0] _start_plan_and_wait (res://test/integration/test_campfire_example_smoke.gd:57)
WARNING: [GdPAI] ObjectRef(1382643928884): object was freed before callback; returning Nil.
   at: gdplanningai_rust::logger::process_logs (src\logger.rs:66)
   GDScript backtrace (most recent call first):
       [0] _start_plan_and_wait (res://test/integration/test_campfire_example_smoke.gd:57)
[GdPAI | debug] GetCost: callable returned non-numeric value: null; returning INFINITY
WARNING: [GdPAI] ObjectRef(124621163998): object was freed before callback; returning Nil.
   at: gdplanningai_rust::logger::process_logs (src\logger.rs:66)
   GDScript backtrace (most recent call first):
       [0] _process (res://addons/GdPlanningAI/gdpai_autoload.gd:21)
WARNING: [GdPAI] ObjectRef(124621163998): object was freed before callback; returning Nil.
   at: gdplanningai_rust::logger::process_logs (src\logger.rs:66)
   GDScript backtrace (most recent call first):
       [0] _process (res://addons/GdPlanningAI/gdpai_autoload.gd:21)
[GdPAI | debug] ApplyEffect [Before] ID=InstanceId(-9223368422606210285): agent props = {"hunger": 70.0627442063492, "held_item": "potato", "entity": null}
[GdPAI | debug] ApplyEffect [After] ID=InstanceId(-9223368422606210285): agent props = {"hunger": 70.0627442063492, "held_item": "potato", "entity": null}
[GdPAI | debug]   Snapshotting prop: hunger = Float(70.0627442063492) (Variant type: FLOAT)
[GdPAI | debug]   Snapshotting prop: held_item = Str("potato") (Variant type: STRING)
[GdPAI | debug]   Snapshotting prop: entity = Nil (Variant type: NIL)
WARNING: [GdPAI] ObjectRef(1382643928884): object was freed before callback; returning Nil.
   at: gdplanningai_rust::logger::process_logs (src\logger.rs:66)
   GDScript backtrace (most recent call first):
       [0] _process (res://addons/GdPlanningAI/gdpai_autoload.gd:21)
[GdPAI | debug] Discovery: Simulation success for Pick Up Wood. Agent props: {"entity": Nil, "hunger": Float(70.0627442063492), "held_item": Str("potato")}
[GdPAI | debug] Discovery: Action Pick Up Wood did NOT satisfy precond Builtin { target: Agent, operation: Equal, property_name: "held_item", value: Some(Str("")) }
WARNING: [GdPAI] ObjectRef(1382643928884): object was freed before callback; returning Nil.
   at: gdplanningai_rust::logger::process_logs (src\logger.rs:66)
   GDScript backtrace (most recent call first):
       [0] _process (res://addons/GdPlanningAI/gdpai_autoload.gd:21)
[GdPAI | debug] ApplyEffect [Before] ID=InstanceId(-9223368422035784941): agent props = {"entity": null, "held_item": "", "hunger": 95.0603725}
[GdPAI | debug] ApplyEffect [After] ID=InstanceId(-9223368422035784941): agent props = {"entity": null, "held_item": "", "hunger": 95.0603725}
[GdPAI | debug]   Snapshotting prop: entity = Nil (Variant type: NIL)
[GdPAI | debug]   Snapshotting prop: held_item = Str("") (Variant type: STRING)
[GdPAI | debug]   Snapshotting prop: hunger = Float(95.0603725) (Variant type: FLOAT)
WARNING: [GdPAI] ObjectRef(124621163998): object was freed before callback; returning Nil.
   at: gdplanningai_rust::logger::process_logs (src\logger.rs:66)
   GDScript backtrace (most recent call first):
       [0] _start_plan_and_wait (res://test/integration/test_campfire_example_smoke.gd:57)
WARNING: [GdPAI] ObjectRef(124621163998): object was freed before callback; returning Nil.
   at: gdplanningai_rust::logger::process_logs (src\logger.rs:66)
   GDScript backtrace (most recent call first):
       [0] _start_plan_and_wait (res://test/integration/test_campfire_example_smoke.gd:57)
[GdPAI | debug] Discovery: Action Dig Potato failed validity check, skipping
WARNING: [GdPAI] ObjectRef(1382643928884): object was freed before callback; returning Nil.
   at: gdplanningai_rust::logger::process_logs (src\logger.rs:66)
   GDScript backtrace (most recent call first):
       [0] _start_plan_and_wait (res://test/integration/test_campfire_example_smoke.gd:57)
[GdPAI | debug] GetCost: callable returned non-numeric value: null; returning INFINITY
WARNING: [GdPAI] ObjectRef(124621163998): object was freed before callback; returning Nil.
   at: gdplanningai_rust::logger::process_logs (src\logger.rs:66)
   GDScript backtrace (most recent call first):
       [0] _process (res://addons/GdPlanningAI/gdpai_autoload.gd:21)
WARNING: [GdPAI] ObjectRef(124621163998): object was freed before callback; returning Nil.
   at: gdplanningai_rust::logger::process_logs (src\logger.rs:66)
   GDScript backtrace (most recent call first):
       [0] _process (res://addons/GdPlanningAI/gdpai_autoload.gd:21)
[GdPAI | debug] Discovery: Action Dig Potato failed validity check, skipping
WARNING: [GdPAI] ObjectRef(1382643928884): object was freed before callback; returning Nil.
   at: gdplanningai_rust::logger::process_logs (src\logger.rs:66)
   GDScript backtrace (most recent call first):
       [0] _process (res://addons/GdPlanningAI/gdpai_autoload.gd:21)
[GdPAI | debug] ApplyEffect [Before] ID=InstanceId(-9223368419384984788): agent props = {"hunger": 95.0603725, "entity": null, "held_item": ""}
[GdPAI | debug] ApplyEffect [After] ID=InstanceId(-9223368419384984788): agent props = {"hunger": 95.0603725, "entity": null, "held_item": ""}
[GdPAI | debug]   Snapshotting prop: hunger = Float(95.0603725) (Variant type: FLOAT)
[GdPAI | debug]   Snapshotting prop: entity = Nil (Variant type: NIL)
[GdPAI | debug]   Snapshotting prop: held_item = Str("") (Variant type: STRING)
WARNING: [GdPAI] ObjectRef(124621163998): object was freed before callback; returning Nil.
   at: gdplanningai_rust::logger::process_logs (src\logger.rs:66)
   GDScript backtrace (most recent call first):
       [0] _start_plan_and_wait (res://test/integration/test_campfire_example_smoke.gd:57)
WARNING: [GdPAI] ObjectRef(124621163998): object was freed before callback; returning Nil.
   at: gdplanningai_rust::logger::process_logs (src\logger.rs:66)
   GDScript backtrace (most recent call first):
       [0] _start_plan_and_wait (res://test/integration/test_campfire_example_smoke.gd:57)
[GdPAI | debug] Discovery: Action Dig Potato failed validity check, skipping
WARNING: [GdPAI] ObjectRef(1382643928884): object was freed before callback; returning Nil.
   at: gdplanningai_rust::logger::process_logs (src\logger.rs:66)
   GDScript backtrace (most recent call first):
       [0] _start_plan_and_wait (res://test/integration/test_campfire_example_smoke.gd:57)
WARNING: [GdPAI] ObjectRef(1382157389614): object was freed before callback; returning Nil.
   at: gdplanningai_rust::logger::process_logs (src\logger.rs:66)
   GDScript backtrace (most recent call first):
       [0] _start_plan_and_wait (res://test/integration/test_campfire_example_smoke.gd:57)
WARNING: [GdPAI] ObjectRef(1382157389614): object was freed before callback; returning Nil.
   at: gdplanningai_rust::logger::process_logs (src\logger.rs:66)
   GDScript backtrace (most recent call first):
       [0] _start_plan_and_wait (res://test/integration/test_campfire_example_smoke.gd:57)
[GdPAI | debug] GetCost: callable returned non-numeric value: null; returning INFINITY
WARNING: [GdPAI] ObjectRef(124621163998): object was freed before callback; returning Nil.
   at: gdplanningai_rust::logger::process_logs (src\logger.rs:66)
   GDScript backtrace (most recent call first):
       [0] _process (res://addons/GdPlanningAI/gdpai_autoload.gd:21)
WARNING: [GdPAI] ObjectRef(124621163998): object was freed before callback; returning Nil.
   at: gdplanningai_rust::logger::process_logs (src\logger.rs:66)
   GDScript backtrace (most recent call first):
       [0] _process (res://addons/GdPlanningAI/gdpai_autoload.gd:21)
[GdPAI | debug] Discovery: Action Dig Potato failed validity check, skipping
WARNING: [GdPAI] ObjectRef(1382643928884): object was freed before callback; returning Nil.
   at: gdplanningai_rust::logger::process_logs (src\logger.rs:66)
   GDScript backtrace (most recent call first):
       [0] _process (res://addons/GdPlanningAI/gdpai_autoload.gd:21)
WARNING: [GdPAI] ObjectRef(1382157389614): object was freed before callback; returning Nil.
   at: gdplanningai_rust::logger::process_logs (src\logger.rs:66)
   GDScript backtrace (most recent call first):
       [0] _process (res://addons/GdPlanningAI/gdpai_autoload.gd:21)
WARNING: [GdPAI] ObjectRef(1382157389614): object was freed before callback; returning Nil.
   at: gdplanningai_rust::logger::process_logs (src\logger.rs:66)
   GDScript backtrace (most recent call first):
       [0] _process (res://addons/GdPlanningAI/gdpai_autoload.gd:21)
[GdPAI | debug] ApplyEffect [Before] ID=InstanceId(-9223368416683852961): agent props = {"entity": null, "held_item": "", "hunger": 95.0603725, "at_target": null}
[GdPAI | debug] ApplyEffect [After] ID=InstanceId(-9223368416683852961): agent props = {"entity": null, "held_item": "", "hunger": 95.0603725, "at_target": null}
[GdPAI | debug]   Snapshotting prop: entity = Nil (Variant type: NIL)
[GdPAI | debug]   Snapshotting prop: held_item = Str("") (Variant type: STRING)
[GdPAI | debug]   Snapshotting prop: hunger = Float(95.0603725) (Variant type: FLOAT)
[GdPAI | debug]   Snapshotting prop: at_target = Nil (Variant type: NIL)
WARNING: [GdPAI] ObjectRef(124621163998): object was freed before callback; returning Nil.
   at: gdplanningai_rust::logger::process_logs (src\logger.rs:66)
   GDScript backtrace (most recent call first):
       [0] _start_plan_and_wait (res://test/integration/test_campfire_example_smoke.gd:57)
WARNING: [GdPAI] ObjectRef(124621163998): object was freed before callback; returning Nil.
   at: gdplanningai_rust::logger::process_logs (src\logger.rs:66)
   GDScript backtrace (most recent call first):
       [0] _start_plan_and_wait (res://test/integration/test_campfire_example_smoke.gd:57)
[GdPAI | debug] Discovery: Action Dig Potato failed validity check, skipping
[GdPAI | debug] No candidates found for branch with 1 preconds and 1 requirements
[GdPAI] A* Iteration: pop node with chain length 6
WARNING: [GdPAI] ObjectRef(1382643928884): object was freed before callback; returning Nil.
   at: gdplanningai_rust::logger::process_logs (src\logger.rs:66)
   GDScript backtrace (most recent call first):
       [0] _start_plan_and_wait (res://test/integration/test_campfire_example_smoke.gd:57)
WARNING: [GdPAI] ObjectRef(1382157389614): object was freed before callback; returning Nil.
   at: gdplanningai_rust::logger::process_logs (src\logger.rs:66)
   GDScript backtrace (most recent call first):
       [0] _start_plan_and_wait (res://test/integration/test_campfire_example_smoke.gd:57)
[GdPAI] A* Iteration: pop node with chain length 5
[GdPAI | debug] find_candidates: Checking 15 actions against 1 preconds and 4 requirements
WARNING: [GdPAI] ObjectRef(1382157389614): object was freed before callback; returning Nil.
   at: gdplanningai_rust::logger::process_logs (src\logger.rs:66)
   GDScript backtrace (most recent call first):
       [0] _start_plan_and_wait (res://test/integration/test_campfire_example_smoke.gd:57)
[GdPAI | debug] GetCost: callable returned non-numeric value: null; returning INFINITY
WARNING: [GdPAI] ObjectRef(124621163998): object was freed before callback; returning Nil.
   at: gdplanningai_rust::logger::process_logs (src\logger.rs:66)
   GDScript backtrace (most recent call first):
       [0] _process (res://addons/GdPlanningAI/gdpai_autoload.gd:21)
WARNING: [GdPAI] ObjectRef(124621163998): object was freed before callback; returning Nil.
   at: gdplanningai_rust::logger::process_logs (src\logger.rs:66)
   GDScript backtrace (most recent call first):
       [0] _process (res://addons/GdPlanningAI/gdpai_autoload.gd:21)
[GdPAI | debug] Discovery: Starting simulation for action Go To
WARNING: [GdPAI] ObjectRef(1382643928884): object was freed before callback; returning Nil.
   at: gdplanningai_rust::logger::process_logs (src\logger.rs:66)
   GDScript backtrace (most recent call first):
       [0] _process (res://addons/GdPlanningAI/gdpai_autoload.gd:21)
WARNING: [GdPAI] ObjectRef(1382157389614): object was freed before callback; returning Nil.
   at: gdplanningai_rust::logger::process_logs (src\logger.rs:66)
   GDScript backtrace (most recent call first):
       [0] _process (res://addons/GdPlanningAI/gdpai_autoload.gd:21)
WARNING: [GdPAI] ObjectRef(1382157389614): object was freed before callback; returning Nil.
   at: gdplanningai_rust::logger::process_logs (src\logger.rs:66)
   GDScript backtrace (most recent call first):
       [0] _process (res://addons/GdPlanningAI/gdpai_autoload.gd:21)
[GdPAI | debug] ApplyEffect [Before] ID=InstanceId(-9223368413882057874): agent props = {"at_target": null, "hunger": 95.0603725, "held_item": "", "entity": null}
[GdPAI | debug] ApplyEffect [After] ID=InstanceId(-9223368413882057874): agent props = {"at_target": null, "hunger": 95.0603725, "held_item": "", "entity": null}
[GdPAI | debug]   Snapshotting prop: at_target = Nil (Variant type: NIL)
[GdPAI | debug]   Snapshotting prop: hunger = Float(95.0603725) (Variant type: FLOAT)
[GdPAI | debug]   Snapshotting prop: held_item = Str("") (Variant type: STRING)
[GdPAI | debug]   Snapshotting prop: entity = Nil (Variant type: NIL)
WARNING: [GdPAI] ObjectRef(124621163998): object was freed before callback; returning Nil.
   at: gdplanningai_rust::logger::process_logs (src\logger.rs:66)
   GDScript backtrace (most recent call first):
       [0] _start_plan_and_wait (res://test/integration/test_campfire_example_smoke.gd:57)
WARNING: [GdPAI] ObjectRef(124621163998): object was freed before callback; returning Nil.
   at: gdplanningai_rust::logger::process_logs (src\logger.rs:66)
   GDScript backtrace (most recent call first):
       [0] _start_plan_and_wait (res://test/integration/test_campfire_example_smoke.gd:57)
[GdPAI | debug] GetCost: callable returned non-numeric value: null; returning INFINITY
WARNING: [GdPAI] ObjectRef(1382643928884): object was freed before callback; returning Nil.
   at: gdplanningai_rust::logger::process_logs (src\logger.rs:66)
   GDScript backtrace (most recent call first):
       [0] _start_plan_and_wait (res://test/integration/test_campfire_example_smoke.gd:57)
[GdPAI | debug] GetCost: callable returned non-numeric value: null; returning INFINITY
WARNING: [GdPAI] ObjectRef(124621163998): object was freed before callback; returning Nil.
   at: gdplanningai_rust::logger::process_logs (src\logger.rs:66)
   GDScript backtrace (most recent call first):
       [0] _process (res://addons/GdPlanningAI/gdpai_autoload.gd:21)
WARNING: [GdPAI] ObjectRef(124621163998): object was freed before callback; returning Nil.
   at: gdplanningai_rust::logger::process_logs (src\logger.rs:66)
   GDScript backtrace (most recent call first):
       [0] _process (res://addons/GdPlanningAI/gdpai_autoload.gd:21)
[GdPAI | debug] ApplyEffect [Before] ID=InstanceId(-9223368411751351405): agent props = {"held_item": "", "entity": null, "hunger": 70.0627442063492}
[GdPAI | debug] ApplyEffect [After] ID=InstanceId(-9223368411751351405): agent props = {"held_item": "", "entity": null, "hunger": 70.0627442063492}
[GdPAI | debug]   Snapshotting prop: held_item = Str("") (Variant type: STRING)
[GdPAI | debug]   Snapshotting prop: entity = Nil (Variant type: NIL)
[GdPAI | debug]   Snapshotting prop: hunger = Float(70.0627442063492) (Variant type: FLOAT)
[GdPAI | debug] Discovery: Simulation success for Go To. Agent props: {"held_item": Str(""), "entity": Nil, "hunger": Float(70.0627442063492)}
[GdPAI | debug] Discovery: Action Go To satisfied precond Builtin { target: Agent, operation: Equal, property_name: "held_item", value: Some(Str("")) }
[GdPAI | debug] Found candidate: Go To (satisfied preconds: [0], requirements: [0, 1, 2, 3])
WARNING: [GdPAI] ObjectRef(1382643928884): object was freed before callback; returning Nil.
   at: gdplanningai_rust::logger::process_logs (src\logger.rs:66)
   GDScript backtrace (most recent call first):
       [0] _process (res://addons/GdPlanningAI/gdpai_autoload.gd:21)
[GdPAI | debug] ApplyEffect [Before] ID=InstanceId(-9223368411180926061): agent props = {"entity": null, "hunger": 95.0603725, "at_target": null, "held_item": "wood"}
[GdPAI | debug] ApplyEffect [After] ID=InstanceId(-9223368411180926061): agent props = {"entity": null, "hunger": 95.0603725, "at_target": null, "held_item": "wood"}
[GdPAI | debug]   Snapshotting prop: entity = Nil (Variant type: NIL)
[GdPAI | debug]   Snapshotting prop: hunger = Float(95.0603725) (Variant type: FLOAT)
[GdPAI | debug]   Snapshotting prop: at_target = Nil (Variant type: NIL)
[GdPAI | debug]   Snapshotting prop: held_item = Str("wood") (Variant type: STRING)
[GdPAI | debug] Discovery: Starting simulation for action Eat Held Food
WARNING: [GdPAI] ObjectRef(124621163998): object was freed before callback; returning Nil.
   at: gdplanningai_rust::logger::process_logs (src\logger.rs:66)
   GDScript backtrace (most recent call first):
       [0] _start_plan_and_wait (res://test/integration/test_campfire_example_smoke.gd:57)
WARNING: [GdPAI] ObjectRef(124621163998): object was freed before callback; returning Nil.
   at: gdplanningai_rust::logger::process_logs (src\logger.rs:66)
   GDScript backtrace (most recent call first):
       [0] _start_plan_and_wait (res://test/integration/test_campfire_example_smoke.gd:57)
[GdPAI | debug] GetCost: callable returned non-numeric value: null; returning INFINITY
WARNING: [GdPAI] ObjectRef(1382643928884): object was freed before callback; returning Nil.
   at: gdplanningai_rust::logger::process_logs (src\logger.rs:66)
   GDScript backtrace (most recent call first):
       [0] _start_plan_and_wait (res://test/integration/test_campfire_example_smoke.gd:57)
WARNING: [GdPAI] ObjectRef(1382643928884): object was freed before callback; returning Nil.
   at: gdplanningai_rust::logger::process_logs (src\logger.rs:66)
   GDScript backtrace (most recent call first):
       [0] _start_plan_and_wait (res://test/integration/test_campfire_example_smoke.gd:57)
[GdPAI | debug] GetCost: callable returned non-numeric value: null; returning INFINITY
WARNING: [GdPAI] ObjectRef(124621163998): object was freed before callback; returning Nil.
   at: gdplanningai_rust::logger::process_logs (src\logger.rs:66)
   GDScript backtrace (most recent call first):
       [0] _process (res://addons/GdPlanningAI/gdpai_autoload.gd:21)
WARNING: [GdPAI] ObjectRef(124621163998): object was freed before callback; returning Nil.
   at: gdplanningai_rust::logger::process_logs (src\logger.rs:66)
   GDScript backtrace (most recent call first):
       [0] _process (res://addons/GdPlanningAI/gdpai_autoload.gd:21)
[GdPAI | debug] ApplyEffect [Before] ID=InstanceId(-9223368409100551256): agent props = {"held_item": "", "hunger": 70.0627442063492, "entity": null}
[GdPAI | debug] ApplyEffect [After] ID=InstanceId(-9223368409100551256): agent props = {"held_item": "", "hunger": 70.0627442063492, "entity": null}
[GdPAI | debug]   Snapshotting prop: held_item = Str("") (Variant type: STRING)
[GdPAI | debug]   Snapshotting prop: hunger = Float(70.0627442063492) (Variant type: FLOAT)
[GdPAI | debug]   Snapshotting prop: entity = Nil (Variant type: NIL)
WARNING: [GdPAI] ObjectRef(1382643928884): object was freed before callback; returning Nil.
   at: gdplanningai_rust::logger::process_logs (src\logger.rs:66)
   GDScript backtrace (most recent call first):
       [0] _process (res://addons/GdPlanningAI/gdpai_autoload.gd:21)
[GdPAI | debug] Discovery: Simulation success for Eat Held Food. Agent props: {"hunger": Float(70.0627442063492), "held_item": Str(""), "entity": Nil}
[GdPAI | debug] Discovery: Action Eat Held Food satisfied precond Builtin { target: Agent, operation: Equal, property_name: "held_item", value: Some(Str("")) }
[GdPAI | debug] Found candidate: Eat Held Food (satisfied preconds: [0], requirements: [])
WARNING: [GdPAI] ObjectRef(1382643928884): object was freed before callback; returning Nil.
   at: gdplanningai_rust::logger::process_logs (src\logger.rs:66)
   GDScript backtrace (most recent call first):
       [0] _process (res://addons/GdPlanningAI/gdpai_autoload.gd:21)
[GdPAI | debug] ApplyEffect [Before] ID=InstanceId(-9223368408530125912): agent props = {"entity": null, "held_item": "", "hunger": 95.0603725}
[GdPAI | debug] ApplyEffect [After] ID=InstanceId(-9223368408530125912): agent props = {"entity": null, "held_item": "", "hunger": 95.0603725}
[GdPAI | debug]   Snapshotting prop: entity = Nil (Variant type: NIL)
[GdPAI | debug]   Snapshotting prop: held_item = Str("") (Variant type: STRING)
[GdPAI | debug]   Snapshotting prop: hunger = Float(95.0603725) (Variant type: FLOAT)
WARNING: [GdPAI] ObjectRef(124621163998): object was freed before callback; returning Nil.
   at: gdplanningai_rust::logger::process_logs (src\logger.rs:66)
   GDScript backtrace (most recent call first):
       [0] _start_plan_and_wait (res://test/integration/test_campfire_example_smoke.gd:57)
WARNING: [GdPAI] ObjectRef(124621163998): object was freed before callback; returning Nil.
   at: gdplanningai_rust::logger::process_logs (src\logger.rs:66)
   GDScript backtrace (most recent call first):
       [0] _start_plan_and_wait (res://test/integration/test_campfire_example_smoke.gd:57)
[GdPAI | debug] Discovery: Starting simulation for action Go To
WARNING: [GdPAI] ObjectRef(1382643928884): object was freed before callback; returning Nil.
   at: gdplanningai_rust::logger::process_logs (src\logger.rs:66)
   GDScript backtrace (most recent call first):
       [0] _start_plan_and_wait (res://test/integration/test_campfire_example_smoke.gd:57)
[GdPAI | debug] GetCost: callable returned non-numeric value: null; returning INFINITY
WARNING: [GdPAI] ObjectRef(124621163998): object was freed before callback; returning Nil.
   at: gdplanningai_rust::logger::process_logs (src\logger.rs:66)
   GDScript backtrace (most recent call first):
       [0] _process (res://addons/GdPlanningAI/gdpai_autoload.gd:21)
WARNING: [GdPAI] ObjectRef(124621163998): object was freed before callback; returning Nil.
   at: gdplanningai_rust::logger::process_logs (src\logger.rs:66)
   GDScript backtrace (most recent call first):
       [0] _process (res://addons/GdPlanningAI/gdpai_autoload.gd:21)
[GdPAI | debug] GetCost: callable returned non-numeric value: null; returning INFINITY
WARNING: [GdPAI] ObjectRef(1382643928884): object was freed before callback; returning Nil.
   at: gdplanningai_rust::logger::process_logs (src\logger.rs:66)
   GDScript backtrace (most recent call first):
       [0] _process (res://addons/GdPlanningAI/gdpai_autoload.gd:21)
[GdPAI | debug] ApplyEffect [Before] ID=InstanceId(-9223368405879325801): agent props = {"hunger": 95.0603725, "held_item": "", "entity": null}
[GdPAI | debug] ApplyEffect [After] ID=InstanceId(-9223368405879325801): agent props = {"hunger": 95.0603725, "held_item": "", "entity": null}
[GdPAI | debug]   Snapshotting prop: hunger = Float(95.0603725) (Variant type: FLOAT)
[GdPAI | debug]   Snapshotting prop: held_item = Str("") (Variant type: STRING)
[GdPAI | debug]   Snapshotting prop: entity = Nil (Variant type: NIL)
WARNING: [GdPAI] ObjectRef(124621163998): object was freed before callback; returning Nil.
   at: gdplanningai_rust::logger::process_logs (src\logger.rs:66)
   GDScript backtrace (most recent call first):
       [0] _start_plan_and_wait (res://test/integration/test_campfire_example_smoke.gd:57)
WARNING: [GdPAI] ObjectRef(124621163998): object was freed before callback; returning Nil.
   at: gdplanningai_rust::logger::process_logs (src\logger.rs:66)
   GDScript backtrace (most recent call first):
       [0] _start_plan_and_wait (res://test/integration/test_campfire_example_smoke.gd:57)
[GdPAI | debug] ApplyEffect [Before] ID=InstanceId(-9223368405157905478): agent props = {"hunger": 70.0627442063492, "entity": null, "held_item": ""}
[GdPAI | debug] ApplyEffect [After] ID=InstanceId(-9223368405157905478): agent props = {"hunger": 70.0627442063492, "entity": null, "held_item": ""}
[GdPAI | debug]   Snapshotting prop: hunger = Float(70.0627442063492) (Variant type: FLOAT)
[GdPAI | debug]   Snapshotting prop: entity = Nil (Variant type: NIL)
[GdPAI | debug]   Snapshotting prop: held_item = Str("") (Variant type: STRING)
[GdPAI | debug] Discovery: Simulation success for Go To. Agent props: {"entity": Nil, "hunger": Float(70.0627442063492), "held_item": Str("")}
[GdPAI | debug] Discovery: Action Go To satisfied precond Builtin { target: Agent, operation: Equal, property_name: "held_item", value: Some(Str("")) }
[GdPAI | debug] Found candidate: Go To (satisfied preconds: [0], requirements: [0, 1, 2, 3])
WARNING: [GdPAI] ObjectRef(1382643928884): object was freed before callback; returning Nil.
   at: gdplanningai_rust::logger::process_logs (src\logger.rs:66)
   GDScript backtrace (most recent call first):
       [0] _start_plan_and_wait (res://test/integration/test_campfire_example_smoke.gd:57)
WARNING: [GdPAI] ObjectRef(1382157389614): object was freed before callback; returning Nil.
   at: gdplanningai_rust::logger::process_logs (src\logger.rs:66)
   GDScript backtrace (most recent call first):
       [0] _start_plan_and_wait (res://test/integration/test_campfire_example_smoke.gd:57)
WARNING: [GdPAI] ObjectRef(1382157389614): object was freed before callback; returning Nil.
   at: gdplanningai_rust::logger::process_logs (src\logger.rs:66)
   GDScript backtrace (most recent call first):
       [0] _start_plan_and_wait (res://test/integration/test_campfire_example_smoke.gd:57)
[GdPAI | debug] GetCost: callable returned non-numeric value: null; returning INFINITY
[GdPAI | debug] Discovery: Starting simulation for action Drop Item
WARNING: [GdPAI] ObjectRef(124621163998): object was freed before callback; returning Nil.
   at: gdplanningai_rust::logger::process_logs (src\logger.rs:66)
   GDScript backtrace (most recent call first):
       [0] _process (res://addons/GdPlanningAI/gdpai_autoload.gd:21)
WARNING: [GdPAI] ObjectRef(124621163998): object was freed before callback; returning Nil.
   at: gdplanningai_rust::logger::process_logs (src\logger.rs:66)
   GDScript backtrace (most recent call first):
       [0] _process (res://addons/GdPlanningAI/gdpai_autoload.gd:21)
[GdPAI | debug] GetCost: callable returned non-numeric value: null; returning INFINITY
WARNING: [GdPAI] ObjectRef(1382643928884): object was freed before callback; returning Nil.
   at: gdplanningai_rust::logger::process_logs (src\logger.rs:66)
   GDScript backtrace (most recent call first):
       [0] _process (res://addons/GdPlanningAI/gdpai_autoload.gd:21)
WARNING: [GdPAI] ObjectRef(1382157389614): object was freed before callback; returning Nil.
   at: gdplanningai_rust::logger::process_logs (src\logger.rs:66)
   GDScript backtrace (most recent call first):
       [0] _process (res://addons/GdPlanningAI/gdpai_autoload.gd:21)
WARNING: [GdPAI] ObjectRef(1382157389614): object was freed before callback; returning Nil.
   at: gdplanningai_rust::logger::process_logs (src\logger.rs:66)
   GDScript backtrace (most recent call first):
       [0] _process (res://addons/GdPlanningAI/gdpai_autoload.gd:21)
[GdPAI | debug] ApplyEffect [Before] ID=InstanceId(-9223368403178193965): agent props = {"at_target": null, "entity": null, "hunger": 95.0603725, "held_item": ""}
[GdPAI | debug] ApplyEffect [After] ID=InstanceId(-9223368403178193965): agent props = {"at_target": null, "entity": null, "hunger": 95.0603725, "held_item": ""}
[GdPAI | debug]   Snapshotting prop: at_target = Nil (Variant type: NIL)
[GdPAI | debug]   Snapshotting prop: entity = Nil (Variant type: NIL)
[GdPAI | debug]   Snapshotting prop: hunger = Float(95.0603725) (Variant type: FLOAT)
[GdPAI | debug]   Snapshotting prop: held_item = Str("") (Variant type: STRING)
WARNING: [GdPAI] ObjectRef(124621163998): object was freed before callback; returning Nil.
   at: gdplanningai_rust::logger::process_logs (src\logger.rs:66)
   GDScript backtrace (most recent call first):
       [0] _start_plan_and_wait (res://test/integration/test_campfire_example_smoke.gd:57)
WARNING: [GdPAI] ObjectRef(124621163998): object was freed before callback; returning Nil.
   at: gdplanningai_rust::logger::process_logs (src\logger.rs:66)
   GDScript backtrace (most recent call first):
       [0] _start_plan_and_wait (res://test/integration/test_campfire_example_smoke.gd:57)
[GdPAI | debug] ApplyEffect [Before] ID=InstanceId(-9223368402356110359): agent props = {"held_item": "", "hunger": 70.0627442063492, "entity": null}
[GdPAI | debug] ApplyEffect [After] ID=InstanceId(-9223368402356110359): agent props = {"held_item": "", "hunger": 70.0627442063492, "entity": null}
[GdPAI | debug]   Snapshotting prop: held_item = Str("") (Variant type: STRING)
[GdPAI | debug]   Snapshotting prop: hunger = Float(70.0627442063492) (Variant type: FLOAT)
[GdPAI | debug]   Snapshotting prop: entity = Nil (Variant type: NIL)
[GdPAI | debug] Discovery: Simulation success for Drop Item. Agent props: {"hunger": Float(70.0627442063492), "entity": Nil, "held_item": Str("")}
[GdPAI | debug] Discovery: Action Drop Item satisfied precond Builtin { target: Agent, operation: Equal, property_name: "held_item", value: Some(Str("")) }
[GdPAI | debug] Found candidate: Drop Item (satisfied preconds: [0], requirements: [])
WARNING: [GdPAI] ObjectRef(1382643928884): object was freed before callback; returning Nil.
   at: gdplanningai_rust::logger::process_logs (src\logger.rs:66)
   GDScript backtrace (most recent call first):
       [0] _start_plan_and_wait (res://test/integration/test_campfire_example_smoke.gd:57)
WARNING: [GdPAI] ObjectRef(1382157389614): object was freed before callback; returning Nil.
   at: gdplanningai_rust::logger::process_logs (src\logger.rs:66)
   GDScript backtrace (most recent call first):
       [0] _start_plan_and_wait (res://test/integration/test_campfire_example_smoke.gd:57)
WARNING: [GdPAI] ObjectRef(1382157389614): object was freed before callback; returning Nil.
   at: gdplanningai_rust::logger::process_logs (src\logger.rs:66)
   GDScript backtrace (most recent call first):
       [0] _start_plan_and_wait (res://test/integration/test_campfire_example_smoke.gd:57)
[GdPAI | debug] GetCost: callable returned non-numeric value: null; returning INFINITY
[GdPAI | debug] Discovery: Starting simulation for action Add Fuel
WARNING: [GdPAI] ObjectRef(124621163998): object was freed before callback; returning Nil.
   at: gdplanningai_rust::logger::process_logs (src\logger.rs:66)
   GDScript backtrace (most recent call first):
       [0] _process (res://addons/GdPlanningAI/gdpai_autoload.gd:21)
WARNING: [GdPAI] ObjectRef(124621163998): object was freed before callback; returning Nil.
   at: gdplanningai_rust::logger::process_logs (src\logger.rs:66)
   GDScript backtrace (most recent call first):
       [0] _process (res://addons/GdPlanningAI/gdpai_autoload.gd:21)
[GdPAI | debug] GetCost: callable returned non-numeric value: null; returning INFINITY
WARNING: [GdPAI] ObjectRef(1382643928884): object was freed before callback; returning Nil.
   at: gdplanningai_rust::logger::process_logs (src\logger.rs:66)
   GDScript backtrace (most recent call first):
       [0] _process (res://addons/GdPlanningAI/gdpai_autoload.gd:21)
WARNING: [GdPAI] ObjectRef(1382157389614): object was freed before callback; returning Nil.
   at: gdplanningai_rust::logger::process_logs (src\logger.rs:66)
   GDScript backtrace (most recent call first):
       [0] _process (res://addons/GdPlanningAI/gdpai_autoload.gd:21)
WARNING: [GdPAI] ObjectRef(1382157389614): object was freed before callback; returning Nil.
   at: gdplanningai_rust::logger::process_logs (src\logger.rs:66)
   GDScript backtrace (most recent call first):
       [0] _process (res://addons/GdPlanningAI/gdpai_autoload.gd:21)
[GdPAI | debug] ApplyEffect [Before] ID=InstanceId(-9223368400376398899): agent props = {"entity": null, "hunger": 95.0603725, "at_target": null, "held_item": ""}
[GdPAI | debug] ApplyEffect [After] ID=InstanceId(-9223368400376398899): agent props = {"entity": null, "hunger": 95.0603725, "at_target": null, "held_item": ""}
[GdPAI | debug]   Snapshotting prop: entity = Nil (Variant type: NIL)
[GdPAI | debug]   Snapshotting prop: hunger = Float(95.0603725) (Variant type: FLOAT)
[GdPAI | debug]   Snapshotting prop: at_target = Nil (Variant type: NIL)
[GdPAI | debug]   Snapshotting prop: held_item = Str("") (Variant type: STRING)
WARNING: [GdPAI] ObjectRef(124621163998): object was freed before callback; returning Nil.
   at: gdplanningai_rust::logger::process_logs (src\logger.rs:66)
   GDScript backtrace (most recent call first):
       [0] _start_plan_and_wait (res://test/integration/test_campfire_example_smoke.gd:57)
WARNING: [GdPAI] ObjectRef(124621163998): object was freed before callback; returning Nil.
   at: gdplanningai_rust::logger::process_logs (src\logger.rs:66)
   GDScript backtrace (most recent call first):
       [0] _start_plan_and_wait (res://test/integration/test_campfire_example_smoke.gd:57)
[GdPAI | debug] ApplyEffect [Before] ID=InstanceId(-9223368399554315279): agent props = {"held_item": "wood", "entity": null, "hunger": 70.0627442063492}
[GdPAI | debug] ApplyEffect [After] ID=InstanceId(-9223368399554315279): agent props = {"held_item": "wood", "entity": null, "hunger": 70.0627442063492}
[GdPAI | debug]   Snapshotting prop: held_item = Str("wood") (Variant type: STRING)
[GdPAI | debug]   Snapshotting prop: entity = Nil (Variant type: NIL)
[GdPAI | debug]   Snapshotting prop: hunger = Float(70.0627442063492) (Variant type: FLOAT)
[GdPAI | debug] Discovery: Simulation success for Add Fuel. Agent props: {"held_item": Str("wood"), "hunger": Float(70.0627442063492), "entity": Nil}
[GdPAI | debug] Discovery: Action Add Fuel did NOT satisfy precond Builtin { target: Agent, operation: Equal, property_name: "held_item", value: Some(Str("")) }
WARNING: [GdPAI] ObjectRef(1382643928884): object was freed before callback; returning Nil.
   at: gdplanningai_rust::logger::process_logs (src\logger.rs:66)
   GDScript backtrace (most recent call first):
       [0] _start_plan_and_wait (res://test/integration/test_campfire_example_smoke.gd:57)
[GdPAI | debug] GetCost: callable returned non-numeric value: null; returning INFINITY
WARNING: [GdPAI] ObjectRef(124621163998): object was freed before callback; returning Nil.
   at: gdplanningai_rust::logger::process_logs (src\logger.rs:66)
   GDScript backtrace (most recent call first):
       [0] _process (res://addons/GdPlanningAI/gdpai_autoload.gd:21)
WARNING: [GdPAI] ObjectRef(124621163998): object was freed before callback; returning Nil.
   at: gdplanningai_rust::logger::process_logs (src\logger.rs:66)
   GDScript backtrace (most recent call first):
       [0] _process (res://addons/GdPlanningAI/gdpai_autoload.gd:21)
[GdPAI | debug] Discovery: Action Cook Potato failed validity check, skipping
[GdPAI | debug] Discovery: Starting simulation for action Pick Up Wood
WARNING: [GdPAI] ObjectRef(1382643928884): object was freed before callback; returning Nil.
   at: gdplanningai_rust::logger::process_logs (src\logger.rs:66)
   GDScript backtrace (most recent call first):
       [0] _process (res://addons/GdPlanningAI/gdpai_autoload.gd:21)
[GdPAI | debug] ApplyEffect [Before] ID=InstanceId(-9223368397675267064): agent props = {"at_target": null, "entity": null, "held_item": "wood", "hunger": 95.0603725}
[GdPAI | debug] ApplyEffect [After] ID=InstanceId(-9223368397675267064): agent props = {"at_target": null, "entity": null, "held_item": "wood", "hunger": 95.0603725}
[GdPAI | debug]   Snapshotting prop: at_target = Nil (Variant type: NIL)
[GdPAI | debug]   Snapshotting prop: entity = Nil (Variant type: NIL)
[GdPAI | debug]   Snapshotting prop: held_item = Str("wood") (Variant type: STRING)
[GdPAI | debug]   Snapshotting prop: hunger = Float(95.0603725) (Variant type: FLOAT)
WARNING: [GdPAI] ObjectRef(124621163998): object was freed before callback; returning Nil.
   at: gdplanningai_rust::logger::process_logs (src\logger.rs:66)
   GDScript backtrace (most recent call first):
       [0] _start_plan_and_wait (res://test/integration/test_campfire_example_smoke.gd:57)
WARNING: [GdPAI] ObjectRef(124621163998): object was freed before callback; returning Nil.
   at: gdplanningai_rust::logger::process_logs (src\logger.rs:66)
   GDScript backtrace (most recent call first):
       [0] _start_plan_and_wait (res://test/integration/test_campfire_example_smoke.gd:57)
[GdPAI | debug] GetCost: callable returned non-numeric value: null; returning INFINITY
WARNING: [GdPAI] ObjectRef(1382643928884): object was freed before callback; returning Nil.
   at: gdplanningai_rust::logger::process_logs (src\logger.rs:66)
   GDScript backtrace (most recent call first):
       [0] _start_plan_and_wait (res://test/integration/test_campfire_example_smoke.gd:57)
WARNING: [GdPAI] ObjectRef(1382643928884): object was freed before callback; returning Nil.
   at: gdplanningai_rust::logger::process_logs (src\logger.rs:66)
   GDScript backtrace (most recent call first):
       [0] _start_plan_and_wait (res://test/integration/test_campfire_example_smoke.gd:57)
[GdPAI | debug] GetCost: callable returned non-numeric value: null; returning INFINITY
WARNING: [GdPAI] ObjectRef(124621163998): object was freed before callback; returning Nil.
   at: gdplanningai_rust::logger::process_logs (src\logger.rs:66)
   GDScript backtrace (most recent call first):
       [0] _process (res://addons/GdPlanningAI/gdpai_autoload.gd:21)
WARNING: [GdPAI] ObjectRef(124621163998): object was freed before callback; returning Nil.
   at: gdplanningai_rust::logger::process_logs (src\logger.rs:66)
   GDScript backtrace (most recent call first):
       [0] _process (res://addons/GdPlanningAI/gdpai_autoload.gd:21)
[GdPAI | debug] ApplyEffect [Before] ID=InstanceId(-9223368395594892327): agent props = {"held_item": "", "entity": null, "hunger": 70.0627442063492}
[GdPAI | debug] ApplyEffect [After] ID=InstanceId(-9223368395594892327): agent props = {"held_item": "", "entity": null, "hunger": 70.0627442063492}
[GdPAI | debug]   Snapshotting prop: held_item = Str("") (Variant type: STRING)
[GdPAI | debug]   Snapshotting prop: entity = Nil (Variant type: NIL)
[GdPAI | debug]   Snapshotting prop: hunger = Float(70.0627442063492) (Variant type: FLOAT)
WARNING: [GdPAI] ObjectRef(1382643928884): object was freed before callback; returning Nil.
   at: gdplanningai_rust::logger::process_logs (src\logger.rs:66)
   GDScript backtrace (most recent call first):
       [0] _process (res://addons/GdPlanningAI/gdpai_autoload.gd:21)
[GdPAI | debug] Discovery: Simulation success for Pick Up Wood. Agent props: {"hunger": Float(70.0627442063492), "held_item": Str(""), "entity": Nil}
[GdPAI | debug] Discovery: Action Pick Up Wood satisfied precond Builtin { target: Agent, operation: Equal, property_name: "held_item", value: Some(Str("")) }
[GdPAI | debug] Found candidate: Pick Up Wood (satisfied preconds: [0], requirements: [])
WARNING: [GdPAI] ObjectRef(1382643928884): object was freed before callback; returning Nil.
   at: gdplanningai_rust::logger::process_logs (src\logger.rs:66)
   GDScript backtrace (most recent call first):
       [0] _process (res://addons/GdPlanningAI/gdpai_autoload.gd:21)
[GdPAI | debug] ApplyEffect [Before] ID=InstanceId(-9223368395024466983): agent props = {"hunger": 95.0603725, "held_item": "", "entity": null}
[GdPAI | debug] ApplyEffect [After] ID=InstanceId(-9223368395024466983): agent props = {"hunger": 95.0603725, "held_item": "", "entity": null}
[GdPAI | debug]   Snapshotting prop: hunger = Float(95.0603725) (Variant type: FLOAT)
[GdPAI | debug]   Snapshotting prop: held_item = Str("") (Variant type: STRING)
[GdPAI | debug]   Snapshotting prop: entity = Nil (Variant type: NIL)
[GdPAI | debug] Discovery: Starting simulation for action Pick Up Wood
WARNING: [GdPAI] ObjectRef(124621163998): object was freed before callback; returning Nil.
   at: gdplanningai_rust::logger::process_logs (src\logger.rs:66)
   GDScript backtrace (most recent call first):
       [0] _start_plan_and_wait (res://test/integration/test_campfire_example_smoke.gd:57)
WARNING: [GdPAI] ObjectRef(124621163998): object was freed before callback; returning Nil.
   at: gdplanningai_rust::logger::process_logs (src\logger.rs:66)
   GDScript backtrace (most recent call first):
       [0] _start_plan_and_wait (res://test/integration/test_campfire_example_smoke.gd:57)
[GdPAI | debug] GetCost: callable returned non-numeric value: null; returning INFINITY
WARNING: [GdPAI] ObjectRef(1382643928884): object was freed before callback; returning Nil.
   at: gdplanningai_rust::logger::process_logs (src\logger.rs:66)
   GDScript backtrace (most recent call first):
       [0] _start_plan_and_wait (res://test/integration/test_campfire_example_smoke.gd:57)
[GdPAI | debug] GetCost: callable returned non-numeric value: null; returning INFINITY
WARNING: [GdPAI] ObjectRef(124621163998): object was freed before callback; returning Nil.
   at: gdplanningai_rust::logger::process_logs (src\logger.rs:66)
   GDScript backtrace (most recent call first):
       [0] _process (res://addons/GdPlanningAI/gdpai_autoload.gd:21)
WARNING: [GdPAI] ObjectRef(124621163998): object was freed before callback; returning Nil.
   at: gdplanningai_rust::logger::process_logs (src\logger.rs:66)
   GDScript backtrace (most recent call first):
       [0] _process (res://addons/GdPlanningAI/gdpai_autoload.gd:21)
[GdPAI | debug] ApplyEffect [Before] ID=InstanceId(-9223368392944092119): agent props = {"entity": null, "hunger": 70.0627442063492, "held_item": ""}
[GdPAI | debug] ApplyEffect [After] ID=InstanceId(-9223368392944092119): agent props = {"entity": null, "hunger": 70.0627442063492, "held_item": ""}
[GdPAI | debug]   Snapshotting prop: entity = Nil (Variant type: NIL)
[GdPAI | debug]   Snapshotting prop: hunger = Float(70.0627442063492) (Variant type: FLOAT)
[GdPAI | debug]   Snapshotting prop: held_item = Str("") (Variant type: STRING)
[GdPAI | debug] Discovery: Simulation success for Pick Up Wood. Agent props: {"hunger": Float(70.0627442063492), "held_item": Str(""), "entity": Nil}
[GdPAI | debug] Discovery: Action Pick Up Wood satisfied precond Builtin { target: Agent, operation: Equal, property_name: "held_item", value: Some(Str("")) }
[GdPAI | debug] Found candidate: Pick Up Wood (satisfied preconds: [0], requirements: [])
WARNING: [GdPAI] ObjectRef(1382643928884): object was freed before callback; returning Nil.
   at: gdplanningai_rust::logger::process_logs (src\logger.rs:66)
   GDScript backtrace (most recent call first):
       [0] _process (res://addons/GdPlanningAI/gdpai_autoload.gd:21)
[GdPAI | debug] ApplyEffect [Before] ID=InstanceId(-9223368392373666775): agent props = {"entity": null, "hunger": 95.0603725, "held_item": ""}
[GdPAI | debug] ApplyEffect [After] ID=InstanceId(-9223368392373666775): agent props = {"entity": null, "hunger": 95.0603725, "held_item": ""}
[GdPAI | debug]   Snapshotting prop: entity = Nil (Variant type: NIL)
[GdPAI | debug]   Snapshotting prop: hunger = Float(95.0603725) (Variant type: FLOAT)
[GdPAI | debug]   Snapshotting prop: held_item = Str("") (Variant type: STRING)
[GdPAI | debug] Discovery: Starting simulation for action Pick Up Wood
WARNING: [GdPAI] ObjectRef(124621163998): object was freed before callback; returning Nil.
   at: gdplanningai_rust::logger::process_logs (src\logger.rs:66)
   GDScript backtrace (most recent call first):
       [0] _start_plan_and_wait (res://test/integration/test_campfire_example_smoke.gd:57)
WARNING: [GdPAI] ObjectRef(124621163998): object was freed before callback; returning Nil.
   at: gdplanningai_rust::logger::process_logs (src\logger.rs:66)
   GDScript backtrace (most recent call first):
       [0] _start_plan_and_wait (res://test/integration/test_campfire_example_smoke.gd:57)
[GdPAI | debug] GetCost: callable returned non-numeric value: null; returning INFINITY
WARNING: [GdPAI] ObjectRef(1382643928884): object was freed before callback; returning Nil.
   at: gdplanningai_rust::logger::process_logs (src\logger.rs:66)
   GDScript backtrace (most recent call first):
       [0] _start_plan_and_wait (res://test/integration/test_campfire_example_smoke.gd:57)
WARNING: [GdPAI] ObjectRef(1382157389614): object was freed before callback; returning Nil.
   at: gdplanningai_rust::logger::process_logs (src\logger.rs:66)
   GDScript backtrace (most recent call first):
       [0] _start_plan_and_wait (res://test/integration/test_campfire_example_smoke.gd:57)
WARNING: [GdPAI] ObjectRef(1382157389614): object was freed before callback; returning Nil.
   at: gdplanningai_rust::logger::process_logs (src\logger.rs:66)
   GDScript backtrace (most recent call first):
       [0] _start_plan_and_wait (res://test/integration/test_campfire_example_smoke.gd:57)
[GdPAI | debug] GetCost: callable returned non-numeric value: null; returning INFINITY
WARNING: [GdPAI] ObjectRef(124621163998): object was freed before callback; returning Nil.
   at: gdplanningai_rust::logger::process_logs (src\logger.rs:66)
   GDScript backtrace (most recent call first):
       [0] _process (res://addons/GdPlanningAI/gdpai_autoload.gd:21)
WARNING: [GdPAI] ObjectRef(124621163998): object was freed before callback; returning Nil.
   at: gdplanningai_rust::logger::process_logs (src\logger.rs:66)
   GDScript backtrace (most recent call first):
       [0] _process (res://addons/GdPlanningAI/gdpai_autoload.gd:21)
[GdPAI | debug] ApplyEffect [Before] ID=InstanceId(-9223368390242960336): agent props = {"hunger": 70.0627442063492, "held_item": "", "entity": null}
[GdPAI | debug] ApplyEffect [After] ID=InstanceId(-9223368390242960336): agent props = {"hunger": 70.0627442063492, "held_item": "", "entity": null}
[GdPAI | debug]   Snapshotting prop: hunger = Float(70.0627442063492) (Variant type: FLOAT)
[GdPAI | debug]   Snapshotting prop: held_item = Str("") (Variant type: STRING)
[GdPAI | debug]   Snapshotting prop: entity = Nil (Variant type: NIL)
[GdPAI | debug] Discovery: Simulation success for Pick Up Wood. Agent props: {"entity": Nil, "held_item": Str(""), "hunger": Float(70.0627442063492)}
[GdPAI | debug] Discovery: Action Pick Up Wood satisfied precond Builtin { target: Agent, operation: Equal, property_name: "held_item", value: Some(Str("")) }
[GdPAI | debug] Found candidate: Pick Up Wood (satisfied preconds: [0], requirements: [])
WARNING: [GdPAI] ObjectRef(1382643928884): object was freed before callback; returning Nil.
   at: gdplanningai_rust::logger::process_logs (src\logger.rs:66)
   GDScript backtrace (most recent call first):
       [0] _process (res://addons/GdPlanningAI/gdpai_autoload.gd:21)
WARNING: [GdPAI] ObjectRef(1382157389614): object was freed before callback; returning Nil.
   at: gdplanningai_rust::logger::process_logs (src\logger.rs:66)
   GDScript backtrace (most recent call first):
       [0] _process (res://addons/GdPlanningAI/gdpai_autoload.gd:21)
WARNING: [GdPAI] ObjectRef(1382157389614): object was freed before callback; returning Nil.
   at: gdplanningai_rust::logger::process_logs (src\logger.rs:66)
   GDScript backtrace (most recent call first):
       [0] _process (res://addons/GdPlanningAI/gdpai_autoload.gd:21)
[GdPAI | debug] ApplyEffect [Before] ID=InstanceId(-9223368389672534992): agent props = {"at_target": null, "held_item": "", "entity": null, "hunger": 95.0603725}
[GdPAI | debug] ApplyEffect [After] ID=InstanceId(-9223368389672534992): agent props = {"at_target": null, "held_item": "", "entity": null, "hunger": 95.0603725}
[GdPAI | debug]   Snapshotting prop: at_target = Nil (Variant type: NIL)
[GdPAI | debug]   Snapshotting prop: held_item = Str("") (Variant type: STRING)
[GdPAI | debug]   Snapshotting prop: entity = Nil (Variant type: NIL)
[GdPAI | debug]   Snapshotting prop: hunger = Float(95.0603725) (Variant type: FLOAT)
[GdPAI | debug] Discovery: Starting simulation for action Pick Up Wood
WARNING: [GdPAI] ObjectRef(124621163998): object was freed before callback; returning Nil.
   at: gdplanningai_rust::logger::process_logs (src\logger.rs:66)
   GDScript backtrace (most recent call first):
       [0] _start_plan_and_wait (res://test/integration/test_campfire_example_smoke.gd:57)
WARNING: [GdPAI] ObjectRef(124621163998): object was freed before callback; returning Nil.
   at: gdplanningai_rust::logger::process_logs (src\logger.rs:66)
   GDScript backtrace (most recent call first):
       [0] _start_plan_and_wait (res://test/integration/test_campfire_example_smoke.gd:57)
[GdPAI | debug] GetCost: callable returned non-numeric value: null; returning INFINITY
WARNING: [GdPAI] ObjectRef(1382643928884): object was freed before callback; returning Nil.
   at: gdplanningai_rust::logger::process_logs (src\logger.rs:66)
   GDScript backtrace (most recent call first):
       [0] _start_plan_and_wait (res://test/integration/test_campfire_example_smoke.gd:57)
WARNING: [GdPAI] ObjectRef(1382157389614): object was freed before callback; returning Nil.
   at: gdplanningai_rust::logger::process_logs (src\logger.rs:66)
   GDScript backtrace (most recent call first):
       [0] _start_plan_and_wait (res://test/integration/test_campfire_example_smoke.gd:57)
WARNING: [GdPAI] ObjectRef(1382157389614): object was freed before callback; returning Nil.
   at: gdplanningai_rust::logger::process_logs (src\logger.rs:66)
   GDScript backtrace (most recent call first):
       [0] _start_plan_and_wait (res://test/integration/test_campfire_example_smoke.gd:57)
[GdPAI | debug] GetCost: callable returned non-numeric value: null; returning INFINITY
WARNING: [GdPAI] ObjectRef(124621163998): object was freed before callback; returning Nil.
   at: gdplanningai_rust::logger::process_logs (src\logger.rs:66)
   GDScript backtrace (most recent call first):
       [0] _process (res://addons/GdPlanningAI/gdpai_autoload.gd:21)
WARNING: [GdPAI] ObjectRef(124621163998): object was freed before callback; returning Nil.
   at: gdplanningai_rust::logger::process_logs (src\logger.rs:66)
   GDScript backtrace (most recent call first):
       [0] _process (res://addons/GdPlanningAI/gdpai_autoload.gd:21)
[GdPAI | debug] ApplyEffect [Before] ID=InstanceId(-9223368387441165213): agent props = {"entity": null, "held_item": "", "hunger": 70.0627442063492}
[GdPAI | debug] ApplyEffect [After] ID=InstanceId(-9223368387441165213): agent props = {"entity": null, "held_item": "", "hunger": 70.0627442063492}
[GdPAI | debug]   Snapshotting prop: entity = Nil (Variant type: NIL)
[GdPAI | debug]   Snapshotting prop: held_item = Str("") (Variant type: STRING)
[GdPAI | debug]   Snapshotting prop: hunger = Float(70.0627442063492) (Variant type: FLOAT)
[GdPAI | debug] Discovery: Simulation success for Pick Up Wood. Agent props: {"entity": Nil, "held_item": Str(""), "hunger": Float(70.0627442063492)}
[GdPAI | debug] Discovery: Action Pick Up Wood satisfied precond Builtin { target: Agent, operation: Equal, property_name: "held_item", value: Some(Str("")) }
[GdPAI | debug] Found candidate: Pick Up Wood (satisfied preconds: [0], requirements: [])
WARNING: [GdPAI] ObjectRef(1382643928884): object was freed before callback; returning Nil.
   at: gdplanningai_rust::logger::process_logs (src\logger.rs:66)
   GDScript backtrace (most recent call first):
       [0] _process (res://addons/GdPlanningAI/gdpai_autoload.gd:21)
WARNING: [GdPAI] ObjectRef(1382157389614): object was freed before callback; returning Nil.
   at: gdplanningai_rust::logger::process_logs (src\logger.rs:66)
   GDScript backtrace (most recent call first):
       [0] _process (res://addons/GdPlanningAI/gdpai_autoload.gd:21)
WARNING: [GdPAI] ObjectRef(1382157389614): object was freed before callback; returning Nil.
   at: gdplanningai_rust::logger::process_logs (src\logger.rs:66)
   GDScript backtrace (most recent call first):
       [0] _process (res://addons/GdPlanningAI/gdpai_autoload.gd:21)
[GdPAI | debug] ApplyEffect [Before] ID=InstanceId(-9223368386870739869): agent props = {"at_target": null, "held_item": "", "hunger": 95.0603725, "entity": null}
[GdPAI | debug] ApplyEffect [After] ID=InstanceId(-9223368386870739869): agent props = {"at_target": null, "held_item": "", "hunger": 95.0603725, "entity": null}
[GdPAI | debug]   Snapshotting prop: at_target = Nil (Variant type: NIL)
[GdPAI | debug]   Snapshotting prop: held_item = Str("") (Variant type: STRING)
[GdPAI | debug]   Snapshotting prop: hunger = Float(95.0603725) (Variant type: FLOAT)
[GdPAI | debug]   Snapshotting prop: entity = Nil (Variant type: NIL)
WARNING: [GdPAI] ObjectRef(124621163998): object was freed before callback; returning Nil.
   at: gdplanningai_rust::logger::process_logs (src\logger.rs:66)
   GDScript backtrace (most recent call first):
       [0] _start_plan_and_wait (res://test/integration/test_campfire_example_smoke.gd:57)
WARNING: [GdPAI] ObjectRef(124621163998): object was freed before callback; returning Nil.
   at: gdplanningai_rust::logger::process_logs (src\logger.rs:66)
   GDScript backtrace (most recent call first):
       [0] _start_plan_and_wait (res://test/integration/test_campfire_example_smoke.gd:57)
[GdPAI | debug] Discovery: Action Dig Potato failed validity check, skipping
WARNING: [GdPAI] ObjectRef(1382643928884): object was freed before callback; returning Nil.
   at: gdplanningai_rust::logger::process_logs (src\logger.rs:66)
   GDScript backtrace (most recent call first):
       [0] _start_plan_and_wait (res://test/integration/test_campfire_example_smoke.gd:57)
[GdPAI | debug] GetCost: callable returned non-numeric value: null; returning INFINITY
WARNING: [GdPAI] ObjectRef(124621163998): object was freed before callback; returning Nil.
   at: gdplanningai_rust::logger::process_logs (src\logger.rs:66)
   GDScript backtrace (most recent call first):
       [0] _process (res://addons/GdPlanningAI/gdpai_autoload.gd:21)
WARNING: [GdPAI] ObjectRef(124621163998): object was freed before callback; returning Nil.
   at: gdplanningai_rust::logger::process_logs (src\logger.rs:66)
   GDScript backtrace (most recent call first):
       [0] _process (res://addons/GdPlanningAI/gdpai_autoload.gd:21)
[GdPAI | debug] Discovery: Action Dig Potato failed validity check, skipping
WARNING: [GdPAI] ObjectRef(1382643928884): object was freed before callback; returning Nil.
   at: gdplanningai_rust::logger::process_logs (src\logger.rs:66)
   GDScript backtrace (most recent call first):
       [0] _process (res://addons/GdPlanningAI/gdpai_autoload.gd:21)
[GdPAI | debug] ApplyEffect [Before] ID=InstanceId(-9223368384169608061): agent props = {"entity": null, "hunger": 95.0603725, "at_target": null, "held_item": "wood"}
[GdPAI | debug] ApplyEffect [After] ID=InstanceId(-9223368384169608061): agent props = {"entity": null, "hunger": 95.0603725, "at_target": null, "held_item": "wood"}
[GdPAI | debug]   Snapshotting prop: entity = Nil (Variant type: NIL)
[GdPAI | debug]   Snapshotting prop: hunger = Float(95.0603725) (Variant type: FLOAT)
[GdPAI | debug]   Snapshotting prop: at_target = Nil (Variant type: NIL)
[GdPAI | debug]   Snapshotting prop: held_item = Str("wood") (Variant type: STRING)
[GdPAI] A* Iteration: pop node with chain length 4
[GdPAI | debug] find_candidates: Checking 15 actions against 1 preconds and 1 requirements
WARNING: [GdPAI] ObjectRef(124621163998): object was freed before callback; returning Nil.
   at: gdplanningai_rust::logger::process_logs (src\logger.rs:66)
   GDScript backtrace (most recent call first):
       [0] _start_plan_and_wait (res://test/integration/test_campfire_example_smoke.gd:57)
WARNING: [GdPAI] ObjectRef(124621163998): object was freed before callback; returning Nil.
   at: gdplanningai_rust::logger::process_logs (src\logger.rs:66)
   GDScript backtrace (most recent call first):
       [0] _start_plan_and_wait (res://test/integration/test_campfire_example_smoke.gd:57)
WARNING: [GdPAI] ObjectRef(1382643928884): object was freed before callback; returning Nil.
   at: gdplanningai_rust::logger::process_logs (src\logger.rs:66)
   GDScript backtrace (most recent call first):
       [0] _start_plan_and_wait (res://test/integration/test_campfire_example_smoke.gd:57)
[GdPAI | debug] Discovery: Action Dig Potato failed validity check, skipping
WARNING: [GdPAI] ObjectRef(1382643928884): object was freed before callback; returning Nil.
   at: gdplanningai_rust::logger::process_logs (src\logger.rs:66)
   GDScript backtrace (most recent call first):
       [0] _start_plan_and_wait (res://test/integration/test_campfire_example_smoke.gd:57)
[GdPAI | debug] Discovery: Starting simulation for action Go To
WARNING: [GdPAI] ObjectRef(124621163998): object was freed before callback; returning Nil.
   at: gdplanningai_rust::logger::process_logs (src\logger.rs:66)
   GDScript backtrace (most recent call first):
       [0] _process (res://addons/GdPlanningAI/gdpai_autoload.gd:21)
WARNING: [GdPAI] ObjectRef(124621163998): object was freed before callback; returning Nil.
   at: gdplanningai_rust::logger::process_logs (src\logger.rs:66)
   GDScript backtrace (most recent call first):
       [0] _process (res://addons/GdPlanningAI/gdpai_autoload.gd:21)
WARNING: [GdPAI] ObjectRef(1382643928884): object was freed before callback; returning Nil.
   at: gdplanningai_rust::logger::process_logs (src\logger.rs:66)
   GDScript backtrace (most recent call first):
       [0] _process (res://addons/GdPlanningAI/gdpai_autoload.gd:21)
[GdPAI | debug] Discovery: Action Dig Potato failed validity check, skipping
WARNING: [GdPAI] ObjectRef(1382643928884): object was freed before callback; returning Nil.
   at: gdplanningai_rust::logger::process_logs (src\logger.rs:66)
   GDScript backtrace (most recent call first):
       [0] _process (res://addons/GdPlanningAI/gdpai_autoload.gd:21)
[GdPAI | debug] GetCost: callable returned non-numeric value: null; returning INFINITY
WARNING: [GdPAI] ObjectRef(124621163998): object was freed before callback; returning Nil.
   at: gdplanningai_rust::logger::process_logs (src\logger.rs:66)
   GDScript backtrace (most recent call first):
       [0] _start_plan_and_wait (res://test/integration/test_campfire_example_smoke.gd:57)
WARNING: [GdPAI] ObjectRef(124621163998): object was freed before callback; returning Nil.
   at: gdplanningai_rust::logger::process_logs (src\logger.rs:66)
   GDScript backtrace (most recent call first):
       [0] _start_plan_and_wait (res://test/integration/test_campfire_example_smoke.gd:57)
WARNING: [GdPAI] ObjectRef(1382643928884): object was freed before callback; returning Nil.
   at: gdplanningai_rust::logger::process_logs (src\logger.rs:66)
   GDScript backtrace (most recent call first):
       [0] _start_plan_and_wait (res://test/integration/test_campfire_example_smoke.gd:57)
[GdPAI | debug] Discovery: Action Dig Potato failed validity check, skipping
WARNING: [GdPAI] ObjectRef(1382643928884): object was freed before callback; returning Nil.
   at: gdplanningai_rust::logger::process_logs (src\logger.rs:66)
   GDScript backtrace (most recent call first):
       [0] _start_plan_and_wait (res://test/integration/test_campfire_example_smoke.gd:57)
[GdPAI | debug] ApplyEffect [Before] ID=InstanceId(-9223368380176630596): agent props = {"hunger": 95.0603725, "held_item": "", "entity": null}
[GdPAI | debug] ApplyEffect [After] ID=InstanceId(-9223368380176630596): agent props = {"hunger": 95.0603725, "held_item": "", "entity": null}
[GdPAI | debug]   Snapshotting prop: hunger = Float(95.0603725) (Variant type: FLOAT)
[GdPAI | debug]   Snapshotting prop: held_item = Str("") (Variant type: STRING)
[GdPAI | debug]   Snapshotting prop: entity = Nil (Variant type: NIL)
[GdPAI | debug] Discovery: Simulation success for Go To. Agent props: {"entity": Nil, "hunger": Float(95.0603725), "held_item": Str("")}
[GdPAI | debug] Discovery: Action Go To satisfied precond Builtin { target: Agent, operation: Equal, property_name: "held_item", value: Some(Str("")) }
[GdPAI | debug] Found candidate: Go To (satisfied preconds: [0], requirements: [0])
[GdPAI | debug] Discovery: Starting simulation for action Eat Held Food
WARNING: [GdPAI] ObjectRef(124621163998): object was freed before callback; returning Nil.
   at: gdplanningai_rust::logger::process_logs (src\logger.rs:66)
   GDScript backtrace (most recent call first):
       [0] _process (res://addons/GdPlanningAI/gdpai_autoload.gd:21)
WARNING: [GdPAI] ObjectRef(124621163998): object was freed before callback; returning Nil.
   at: gdplanningai_rust::logger::process_logs (src\logger.rs:66)
   GDScript backtrace (most recent call first):
       [0] _process (res://addons/GdPlanningAI/gdpai_autoload.gd:21)
WARNING: [GdPAI] ObjectRef(124134624705): object was freed before callback; returning Nil.
   at: gdplanningai_rust::logger::process_logs (src\logger.rs:66)
   GDScript backtrace (most recent call first):
       [0] _process (res://addons/GdPlanningAI/gdpai_autoload.gd:21)
WARNING: [GdPAI] ObjectRef(125661351450): object was freed before callback; returning Nil.
   at: gdplanningai_rust::logger::process_logs (src\logger.rs:66)
   GDScript backtrace (most recent call first):
       [0] _process (res://addons/GdPlanningAI/gdpai_autoload.gd:21)
WARNING: [GdPAI] ObjectRef(124587609564): object was freed before callback; returning Nil.
   at: gdplanningai_rust::logger::process_logs (src\logger.rs:66)
   GDScript backtrace (most recent call first):
       [0] _process (res://addons/GdPlanningAI/gdpai_autoload.gd:21)
WARNING: [GdPAI] ObjectRef(124436614611): object was freed before callback; returning Nil.
   at: gdplanningai_rust::logger::process_logs (src\logger.rs:66)
   GDScript backtrace (most recent call first):
       [0] _process (res://addons/GdPlanningAI/gdpai_autoload.gd:21)
WARNING: [GdPAI] ObjectRef(124134624705): object was freed before callback; returning Nil.
   at: gdplanningai_rust::logger::process_logs (src\logger.rs:66)
   GDScript backtrace (most recent call first):
       [0] _process (res://addons/GdPlanningAI/gdpai_autoload.gd:21)
WARNING: [GdPAI] ObjectRef(125661351450): object was freed before callback; returning Nil.
   at: gdplanningai_rust::logger::process_logs (src\logger.rs:66)
   GDScript backtrace (most recent call first):
       [0] _process (res://addons/GdPlanningAI/gdpai_autoload.gd:21)
WARNING: [GdPAI] ObjectRef(124587609564): object was freed before callback; returning Nil.
   at: gdplanningai_rust::logger::process_logs (src\logger.rs:66)
   GDScript backtrace (most recent call first):
       [0] _process (res://addons/GdPlanningAI/gdpai_autoload.gd:21)
WARNING: [GdPAI] ObjectRef(124436614611): object was freed before callback; returning Nil.
   at: gdplanningai_rust::logger::process_logs (src\logger.rs:66)
   GDScript backtrace (most recent call first):
       [0] _process (res://addons/GdPlanningAI/gdpai_autoload.gd:21)
[GdPAI | debug] GetCost: callable returned non-numeric value: null; returning INFINITY
WARNING: [GdPAI] ObjectRef(1382643928884): object was freed before callback; returning Nil.
   at: gdplanningai_rust::logger::process_logs (src\logger.rs:66)
   GDScript backtrace (most recent call first):
       [0] _process (res://addons/GdPlanningAI/gdpai_autoload.gd:21)
WARNING: [GdPAI] ObjectRef(1382643928884): object was freed before callback; returning Nil.
   at: gdplanningai_rust::logger::process_logs (src\logger.rs:66)
   GDScript backtrace (most recent call first):
       [0] _process (res://addons/GdPlanningAI/gdpai_autoload.gd:21)
[GdPAI | debug] GetCost: callable returned non-numeric value: null; returning INFINITY
WARNING: [GdPAI] ObjectRef(124621163998): object was freed before callback; returning Nil.
   at: gdplanningai_rust::logger::process_logs (src\logger.rs:66)
   GDScript backtrace (most recent call first):
       [0] _start_plan_and_wait (res://test/integration/test_campfire_example_smoke.gd:57)
WARNING: [GdPAI] ObjectRef(124621163998): object was freed before callback; returning Nil.
   at: gdplanningai_rust::logger::process_logs (src\logger.rs:66)
   GDScript backtrace (most recent call first):
       [0] _start_plan_and_wait (res://test/integration/test_campfire_example_smoke.gd:57)
WARNING: [GdPAI] ObjectRef(124134624705): object was freed before callback; returning Nil.
   at: gdplanningai_rust::logger::process_logs (src\logger.rs:66)
   GDScript backtrace (most recent call first):
       [0] _start_plan_and_wait (res://test/integration/test_campfire_example_smoke.gd:57)
WARNING: [GdPAI] ObjectRef(125661351450): object was freed before callback; returning Nil.
   at: gdplanningai_rust::logger::process_logs (src\logger.rs:66)
   GDScript backtrace (most recent call first):
       [0] _start_plan_and_wait (res://test/integration/test_campfire_example_smoke.gd:57)
WARNING: [GdPAI] ObjectRef(124587609564): object was freed before callback; returning Nil.
   at: gdplanningai_rust::logger::process_logs (src\logger.rs:66)
   GDScript backtrace (most recent call first):
       [0] _start_plan_and_wait (res://test/integration/test_campfire_example_smoke.gd:57)
WARNING: [GdPAI] ObjectRef(124436614611): object was freed before callback; returning Nil.
   at: gdplanningai_rust::logger::process_logs (src\logger.rs:66)
   GDScript backtrace (most recent call first):
       [0] _start_plan_and_wait (res://test/integration/test_campfire_example_smoke.gd:57)
WARNING: [GdPAI] ObjectRef(124134624705): object was freed before callback; returning Nil.
   at: gdplanningai_rust::logger::process_logs (src\logger.rs:66)
   GDScript backtrace (most recent call first):
       [0] _start_plan_and_wait (res://test/integration/test_campfire_example_smoke.gd:57)
WARNING: [GdPAI] ObjectRef(125661351450): object was freed before callback; returning Nil.
   at: gdplanningai_rust::logger::process_logs (src\logger.rs:66)
   GDScript backtrace (most recent call first):
       [0] _start_plan_and_wait (res://test/integration/test_campfire_example_smoke.gd:57)
WARNING: [GdPAI] ObjectRef(124587609564): object was freed before callback; returning Nil.
   at: gdplanningai_rust::logger::process_logs (src\logger.rs:66)
   GDScript backtrace (most recent call first):
       [0] _start_plan_and_wait (res://test/integration/test_campfire_example_smoke.gd:57)
WARNING: [GdPAI] ObjectRef(124436614611): object was freed before callback; returning Nil.
   at: gdplanningai_rust::logger::process_logs (src\logger.rs:66)
   GDScript backtrace (most recent call first):
       [0] _start_plan_and_wait (res://test/integration/test_campfire_example_smoke.gd:57)
[GdPAI | debug] ApplyEffect [Before] ID=InstanceId(-9223368377643270950): agent props = {"held_item": "", "entity": null, "hunger": 70.0627442063492, "at_target": null}
[GdPAI | debug] ApplyEffect [After] ID=InstanceId(-9223368377643270950): agent props = {"held_item": "", "entity": null, "hunger": 70.0627442063492, "at_target": null}
[GdPAI | debug]   Snapshotting prop: held_item = Str("") (Variant type: STRING)
[GdPAI | debug]   Snapshotting prop: entity = Nil (Variant type: NIL)
[GdPAI | debug]   Snapshotting prop: hunger = Float(70.0627442063492) (Variant type: FLOAT)
[GdPAI | debug]   Snapshotting prop: at_target = Nil (Variant type: NIL)
WARNING: [GdPAI] ObjectRef(1382643928884): object was freed before callback; returning Nil.
   at: gdplanningai_rust::logger::process_logs (src\logger.rs:66)
   GDScript backtrace (most recent call first):
       [0] _start_plan_and_wait (res://test/integration/test_campfire_example_smoke.gd:57)
WARNING: [GdPAI] ObjectRef(1382643928884): object was freed before callback; returning Nil.
   at: gdplanningai_rust::logger::process_logs (src\logger.rs:66)
   GDScript backtrace (most recent call first):
       [0] _start_plan_and_wait (res://test/integration/test_campfire_example_smoke.gd:57)
[GdPAI | debug] ApplyEffect [Before] ID=InstanceId(-9223368377072845606): agent props = {"hunger": 95.0603725, "held_item": "", "entity": null}
[GdPAI | debug] ApplyEffect [After] ID=InstanceId(-9223368377072845606): agent props = {"hunger": 95.0603725, "held_item": "", "entity": null}
[GdPAI | debug]   Snapshotting prop: hunger = Float(95.0603725) (Variant type: FLOAT)
[GdPAI | debug]   Snapshotting prop: held_item = Str("") (Variant type: STRING)
[GdPAI | debug]   Snapshotting prop: entity = Nil (Variant type: NIL)
[GdPAI | debug] Discovery: Simulation success for Eat Held Food. Agent props: {"hunger": Float(95.0603725), "held_item": Str(""), "entity": Nil}
[GdPAI | debug] Discovery: Action Eat Held Food satisfied precond Builtin { target: Agent, operation: Equal, property_name: "held_item", value: Some(Str("")) }
[GdPAI | debug] Found candidate: Eat Held Food (satisfied preconds: [0], requirements: [])
WARNING: [GdPAI] ObjectRef(124621163998): object was freed before callback; returning Nil.
   at: gdplanningai_rust::logger::process_logs (src\logger.rs:66)
   GDScript backtrace (most recent call first):
       [0] _process (res://addons/GdPlanningAI/gdpai_autoload.gd:21)
WARNING: [GdPAI] ObjectRef(124436614611): object was freed before callback; returning Nil.
   at: gdplanningai_rust::logger::process_logs (src\logger.rs:66)
   GDScript backtrace (most recent call first):
       [0] _process (res://addons/GdPlanningAI/gdpai_autoload.gd:21)
WARNING: [GdPAI] ObjectRef(124436614611): object was freed before callback; returning Nil.
   at: gdplanningai_rust::logger::process_logs (src\logger.rs:66)
   GDScript backtrace (most recent call first):
       [0] _process (res://addons/GdPlanningAI/gdpai_autoload.gd:21)
[GdPAI | debug] GetCost: callable returned non-numeric value: null; returning INFINITY
WARNING: [GdPAI] ObjectRef(1382643928884): object was freed before callback; returning Nil.
   at: gdplanningai_rust::logger::process_logs (src\logger.rs:66)
   GDScript backtrace (most recent call first):
       [0] _process (res://addons/GdPlanningAI/gdpai_autoload.gd:21)
WARNING: [GdPAI] ObjectRef(1382643928884): object was freed before callback; returning Nil.
   at: gdplanningai_rust::logger::process_logs (src\logger.rs:66)
   GDScript backtrace (most recent call first):
       [0] _process (res://addons/GdPlanningAI/gdpai_autoload.gd:21)
[GdPAI | debug] Discovery: Starting simulation for action Go To
WARNING: [GdPAI] ObjectRef(124621163998): object was freed before callback; returning Nil.
   at: gdplanningai_rust::logger::process_logs (src\logger.rs:66)
   GDScript backtrace (most recent call first):
       [0] _start_plan_and_wait (res://test/integration/test_campfire_example_smoke.gd:57)
WARNING: [GdPAI] ObjectRef(124436614611): object was freed before callback; returning Nil.
   at: gdplanningai_rust::logger::process_logs (src\logger.rs:66)
   GDScript backtrace (most recent call first):
       [0] _start_plan_and_wait (res://test/integration/test_campfire_example_smoke.gd:57)
WARNING: [GdPAI] ObjectRef(124436614611): object was freed before callback; returning Nil.
   at: gdplanningai_rust::logger::process_logs (src\logger.rs:66)
   GDScript backtrace (most recent call first):
       [0] _start_plan_and_wait (res://test/integration/test_campfire_example_smoke.gd:57)
[GdPAI | debug] ApplyEffect [Before] ID=InstanceId(-9223368374489154276): agent props = {"entity": null, "hunger": 70.0627442063492, "at_target": null, "held_item": ""}
[GdPAI | debug] ApplyEffect [After] ID=InstanceId(-9223368374489154276): agent props = {"entity": null, "hunger": 70.0627442063492, "at_target": null, "held_item": ""}
[GdPAI | debug]   Snapshotting prop: entity = Nil (Variant type: NIL)
[GdPAI | debug]   Snapshotting prop: hunger = Float(70.0627442063492) (Variant type: FLOAT)
[GdPAI | debug]   Snapshotting prop: at_target = Nil (Variant type: NIL)
[GdPAI | debug]   Snapshotting prop: held_item = Str("") (Variant type: STRING)
WARNING: [GdPAI] ObjectRef(1382643928884): object was freed before callback; returning Nil.
   at: gdplanningai_rust::logger::process_logs (src\logger.rs:66)
   GDScript backtrace (most recent call first):
       [0] _start_plan_and_wait (res://test/integration/test_campfire_example_smoke.gd:57)
WARNING: [GdPAI] ObjectRef(1382643928884): object was freed before callback; returning Nil.
   at: gdplanningai_rust::logger::process_logs (src\logger.rs:66)
   GDScript backtrace (most recent call first):
       [0] _start_plan_and_wait (res://test/integration/test_campfire_example_smoke.gd:57)
[GdPAI | debug] GetCost: callable returned non-numeric value: null; returning INFINITY
WARNING: [GdPAI] ObjectRef(124621163998): object was freed before callback; returning Nil.
   at: gdplanningai_rust::logger::process_logs (src\logger.rs:66)
   GDScript backtrace (most recent call first):
       [0] _process (res://addons/GdPlanningAI/gdpai_autoload.gd:21)
WARNING: [GdPAI] ObjectRef(124587609564): object was freed before callback; returning Nil.
   at: gdplanningai_rust::logger::process_logs (src\logger.rs:66)
   GDScript backtrace (most recent call first):
       [0] _process (res://addons/GdPlanningAI/gdpai_autoload.gd:21)
WARNING: [GdPAI] ObjectRef(124587609564): object was freed before callback; returning Nil.
   at: gdplanningai_rust::logger::process_logs (src\logger.rs:66)
   GDScript backtrace (most recent call first):
       [0] _process (res://addons/GdPlanningAI/gdpai_autoload.gd:21)
[GdPAI | debug] GetCost: callable returned non-numeric value: null; returning INFINITY
WARNING: [GdPAI] ObjectRef(1382643928884): object was freed before callback; returning Nil.
   at: gdplanningai_rust::logger::process_logs (src\logger.rs:66)
   GDScript backtrace (most recent call first):
       [0] _process (res://addons/GdPlanningAI/gdpai_autoload.gd:21)
WARNING: [GdPAI] ObjectRef(1382643928884): object was freed before callback; returning Nil.
   at: gdplanningai_rust::logger::process_logs (src\logger.rs:66)
   GDScript backtrace (most recent call first):
       [0] _process (res://addons/GdPlanningAI/gdpai_autoload.gd:21)
[GdPAI | debug] ApplyEffect [Before] ID=InstanceId(-9223368372509442818): agent props = {"hunger": 95.0603725, "entity": null, "held_item": ""}
[GdPAI | debug] ApplyEffect [After] ID=InstanceId(-9223368372509442818): agent props = {"hunger": 95.0603725, "entity": null, "held_item": ""}
[GdPAI | debug]   Snapshotting prop: hunger = Float(95.0603725) (Variant type: FLOAT)
[GdPAI | debug]   Snapshotting prop: entity = Nil (Variant type: NIL)
[GdPAI | debug]   Snapshotting prop: held_item = Str("") (Variant type: STRING)
[GdPAI | debug] Discovery: Simulation success for Go To. Agent props: {"hunger": Float(95.0603725), "entity": Nil, "held_item": Str("")}
[GdPAI | debug] Discovery: Action Go To satisfied precond Builtin { target: Agent, operation: Equal, property_name: "held_item", value: Some(Str("")) }
[GdPAI | debug] Found candidate: Go To (satisfied preconds: [0], requirements: [0])
[GdPAI | debug] Discovery: Starting simulation for action Drop Item
WARNING: [GdPAI] ObjectRef(124621163998): object was freed before callback; returning Nil.
   at: gdplanningai_rust::logger::process_logs (src\logger.rs:66)
   GDScript backtrace (most recent call first):
       [0] _start_plan_and_wait (res://test/integration/test_campfire_example_smoke.gd:57)
WARNING: [GdPAI] ObjectRef(124587609564): object was freed before callback; returning Nil.
   at: gdplanningai_rust::logger::process_logs (src\logger.rs:66)
   GDScript backtrace (most recent call first):
       [0] _start_plan_and_wait (res://test/integration/test_campfire_example_smoke.gd:57)
WARNING: [GdPAI] ObjectRef(124587609564): object was freed before callback; returning Nil.
   at: gdplanningai_rust::logger::process_logs (src\logger.rs:66)
   GDScript backtrace (most recent call first):
       [0] _start_plan_and_wait (res://test/integration/test_campfire_example_smoke.gd:57)
[GdPAI | debug] ApplyEffect [Before] ID=InstanceId(-9223368371687359181): agent props = {"at_target": null, "entity": null, "held_item": "", "hunger": 70.0627442063492}
[GdPAI | debug] ApplyEffect [After] ID=InstanceId(-9223368371687359181): agent props = {"at_target": null, "entity": null, "held_item": "", "hunger": 70.0627442063492}
[GdPAI | debug]   Snapshotting prop: at_target = Nil (Variant type: NIL)
[GdPAI | debug]   Snapshotting prop: entity = Nil (Variant type: NIL)
[GdPAI | debug]   Snapshotting prop: held_item = Str("") (Variant type: STRING)
[GdPAI | debug]   Snapshotting prop: hunger = Float(70.0627442063492) (Variant type: FLOAT)
WARNING: [GdPAI] ObjectRef(1382643928884): object was freed before callback; returning Nil.
   at: gdplanningai_rust::logger::process_logs (src\logger.rs:66)
   GDScript backtrace (most recent call first):
       [0] _start_plan_and_wait (res://test/integration/test_campfire_example_smoke.gd:57)
WARNING: [GdPAI] ObjectRef(1382643928884): object was freed before callback; returning Nil.
   at: gdplanningai_rust::logger::process_logs (src\logger.rs:66)
   GDScript backtrace (most recent call first):
       [0] _start_plan_and_wait (res://test/integration/test_campfire_example_smoke.gd:57)
[GdPAI | debug] GetCost: callable returned non-numeric value: null; returning INFINITY
WARNING: [GdPAI] ObjectRef(124621163998): object was freed before callback; returning Nil.
   at: gdplanningai_rust::logger::process_logs (src\logger.rs:66)
   GDScript backtrace (most recent call first):
       [0] _process (res://addons/GdPlanningAI/gdpai_autoload.gd:21)
WARNING: [GdPAI] ObjectRef(125661351450): object was freed before callback; returning Nil.
   at: gdplanningai_rust::logger::process_logs (src\logger.rs:66)
   GDScript backtrace (most recent call first):
       [0] _process (res://addons/GdPlanningAI/gdpai_autoload.gd:21)
WARNING: [GdPAI] ObjectRef(125661351450): object was freed before callback; returning Nil.
   at: gdplanningai_rust::logger::process_logs (src\logger.rs:66)
   GDScript backtrace (most recent call first):
       [0] _process (res://addons/GdPlanningAI/gdpai_autoload.gd:21)
[GdPAI | debug] GetCost: callable returned non-numeric value: null; returning INFINITY
WARNING: [GdPAI] ObjectRef(1382643928884): object was freed before callback; returning Nil.
   at: gdplanningai_rust::logger::process_logs (src\logger.rs:66)
   GDScript backtrace (most recent call first):
       [0] _process (res://addons/GdPlanningAI/gdpai_autoload.gd:21)
WARNING: [GdPAI] ObjectRef(1382643928884): object was freed before callback; returning Nil.
   at: gdplanningai_rust::logger::process_logs (src\logger.rs:66)
   GDScript backtrace (most recent call first):
       [0] _process (res://addons/GdPlanningAI/gdpai_autoload.gd:21)
[GdPAI | debug] ApplyEffect [Before] ID=InstanceId(-9223368369707647742): agent props = {"held_item": "", "hunger": 95.0603725, "entity": null}
[GdPAI | debug] ApplyEffect [After] ID=InstanceId(-9223368369707647742): agent props = {"held_item": "", "hunger": 95.0603725, "entity": null}
[GdPAI | debug]   Snapshotting prop: held_item = Str("") (Variant type: STRING)
[GdPAI | debug]   Snapshotting prop: hunger = Float(95.0603725) (Variant type: FLOAT)
[GdPAI | debug]   Snapshotting prop: entity = Nil (Variant type: NIL)
[GdPAI | debug] Discovery: Simulation success for Drop Item. Agent props: {"held_item": Str(""), "hunger": Float(95.0603725), "entity": Nil}
[GdPAI | debug] Discovery: Action Drop Item satisfied precond Builtin { target: Agent, operation: Equal, property_name: "held_item", value: Some(Str("")) }
[GdPAI | debug] Found candidate: Drop Item (satisfied preconds: [0], requirements: [])
[GdPAI | debug] Discovery: Starting simulation for action Add Fuel
WARNING: [GdPAI] ObjectRef(124621163998): object was freed before callback; returning Nil.
   at: gdplanningai_rust::logger::process_logs (src\logger.rs:66)
   GDScript backtrace (most recent call first):
       [0] _start_plan_and_wait (res://test/integration/test_campfire_example_smoke.gd:57)
WARNING: [GdPAI] ObjectRef(125661351450): object was freed before callback; returning Nil.
   at: gdplanningai_rust::logger::process_logs (src\logger.rs:66)
   GDScript backtrace (most recent call first):
       [0] _start_plan_and_wait (res://test/integration/test_campfire_example_smoke.gd:57)
WARNING: [GdPAI] ObjectRef(125661351450): object was freed before callback; returning Nil.
   at: gdplanningai_rust::logger::process_logs (src\logger.rs:66)
   GDScript backtrace (most recent call first):
       [0] _start_plan_and_wait (res://test/integration/test_campfire_example_smoke.gd:57)
[GdPAI | debug] ApplyEffect [Before] ID=InstanceId(-9223368368885564076): agent props = {"entity": null, "hunger": 70.0627442063492, "at_target": null, "held_item": ""}
[GdPAI | debug] ApplyEffect [After] ID=InstanceId(-9223368368885564076): agent props = {"entity": null, "hunger": 70.0627442063492, "at_target": null, "held_item": ""}
[GdPAI | debug]   Snapshotting prop: entity = Nil (Variant type: NIL)
[GdPAI | debug]   Snapshotting prop: hunger = Float(70.0627442063492) (Variant type: FLOAT)
[GdPAI | debug]   Snapshotting prop: at_target = Nil (Variant type: NIL)
[GdPAI | debug]   Snapshotting prop: held_item = Str("") (Variant type: STRING)
WARNING: [GdPAI] ObjectRef(1382643928884): object was freed before callback; returning Nil.
   at: gdplanningai_rust::logger::process_logs (src\logger.rs:66)
   GDScript backtrace (most recent call first):
       [0] _start_plan_and_wait (res://test/integration/test_campfire_example_smoke.gd:57)
WARNING: [GdPAI] ObjectRef(1382643928884): object was freed before callback; returning Nil.
   at: gdplanningai_rust::logger::process_logs (src\logger.rs:66)
   GDScript backtrace (most recent call first):
       [0] _start_plan_and_wait (res://test/integration/test_campfire_example_smoke.gd:57)
[GdPAI | debug] GetCost: callable returned non-numeric value: null; returning INFINITY
WARNING: [GdPAI] ObjectRef(124621163998): object was freed before callback; returning Nil.
   at: gdplanningai_rust::logger::process_logs (src\logger.rs:66)
   GDScript backtrace (most recent call first):
       [0] _process (res://addons/GdPlanningAI/gdpai_autoload.gd:21)
WARNING: [GdPAI] ObjectRef(124134624705): object was freed before callback; returning Nil.
   at: gdplanningai_rust::logger::process_logs (src\logger.rs:66)
   GDScript backtrace (most recent call first):
       [0] _process (res://addons/GdPlanningAI/gdpai_autoload.gd:21)
WARNING: [GdPAI] ObjectRef(124134624705): object was freed before callback; returning Nil.
   at: gdplanningai_rust::logger::process_logs (src\logger.rs:66)
   GDScript backtrace (most recent call first):
       [0] _process (res://addons/GdPlanningAI/gdpai_autoload.gd:21)
[GdPAI | debug] GetCost: callable returned non-numeric value: null; returning INFINITY
WARNING: [GdPAI] ObjectRef(1382643928884): object was freed before callback; returning Nil.
   at: gdplanningai_rust::logger::process_logs (src\logger.rs:66)
   GDScript backtrace (most recent call first):
       [0] _process (res://addons/GdPlanningAI/gdpai_autoload.gd:21)
WARNING: [GdPAI] ObjectRef(1382643928884): object was freed before callback; returning Nil.
   at: gdplanningai_rust::logger::process_logs (src\logger.rs:66)
   GDScript backtrace (most recent call first):
       [0] _process (res://addons/GdPlanningAI/gdpai_autoload.gd:21)
[GdPAI | debug] ApplyEffect [Before] ID=InstanceId(-9223368366905852604): agent props = {"entity": null, "held_item": "wood", "hunger": 95.0603725}
[GdPAI | debug] ApplyEffect [After] ID=InstanceId(-9223368366905852604): agent props = {"entity": null, "held_item": "wood", "hunger": 95.0603725}
[GdPAI | debug]   Snapshotting prop: entity = Nil (Variant type: NIL)
[GdPAI | debug]   Snapshotting prop: held_item = Str("wood") (Variant type: STRING)
[GdPAI | debug]   Snapshotting prop: hunger = Float(95.0603725) (Variant type: FLOAT)
[GdPAI | debug] Discovery: Simulation success for Add Fuel. Agent props: {"entity": Nil, "held_item": Str("wood"), "hunger": Float(95.0603725)}
[GdPAI | debug] Discovery: Action Add Fuel did NOT satisfy precond Builtin { target: Agent, operation: Equal, property_name: "held_item", value: Some(Str("")) }
WARNING: [GdPAI] ObjectRef(124621163998): object was freed before callback; returning Nil.
   at: gdplanningai_rust::logger::process_logs (src\logger.rs:66)
   GDScript backtrace (most recent call first):
       [0] _start_plan_and_wait (res://test/integration/test_campfire_example_smoke.gd:57)
WARNING: [GdPAI] ObjectRef(124134624705): object was freed before callback; returning Nil.
   at: gdplanningai_rust::logger::process_logs (src\logger.rs:66)
   GDScript backtrace (most recent call first):
       [0] _start_plan_and_wait (res://test/integration/test_campfire_example_smoke.gd:57)
WARNING: [GdPAI] ObjectRef(124134624705): object was freed before callback; returning Nil.
   at: gdplanningai_rust::logger::process_logs (src\logger.rs:66)
   GDScript backtrace (most recent call first):
       [0] _start_plan_and_wait (res://test/integration/test_campfire_example_smoke.gd:57)
[GdPAI | debug] ApplyEffect [Before] ID=InstanceId(-9223368366083768994): agent props = {"held_item": "", "entity": null, "at_target": null, "hunger": 70.0627442063492}
[GdPAI | debug] ApplyEffect [After] ID=InstanceId(-9223368366083768994): agent props = {"held_item": "", "entity": null, "at_target": null, "hunger": 70.0627442063492}
[GdPAI | debug]   Snapshotting prop: held_item = Str("") (Variant type: STRING)
[GdPAI | debug]   Snapshotting prop: entity = Nil (Variant type: NIL)
[GdPAI | debug]   Snapshotting prop: at_target = Nil (Variant type: NIL)
[GdPAI | debug]   Snapshotting prop: hunger = Float(70.0627442063492) (Variant type: FLOAT)
WARNING: [GdPAI] ObjectRef(1382643928884): object was freed before callback; returning Nil.
   at: gdplanningai_rust::logger::process_logs (src\logger.rs:66)
   GDScript backtrace (most recent call first):
       [0] _start_plan_and_wait (res://test/integration/test_campfire_example_smoke.gd:57)
WARNING: [GdPAI] ObjectRef(1382643928884): object was freed before callback; returning Nil.
   at: gdplanningai_rust::logger::process_logs (src\logger.rs:66)
   GDScript backtrace (most recent call first):
       [0] _start_plan_and_wait (res://test/integration/test_campfire_example_smoke.gd:57)
[GdPAI | debug] Discovery: Action Cook Potato failed validity check, skipping
[GdPAI | debug] Discovery: Starting simulation for action Pick Up Wood
WARNING: [GdPAI] ObjectRef(124621163998): object was freed before callback; returning Nil.
   at: gdplanningai_rust::logger::process_logs (src\logger.rs:66)
   GDScript backtrace (most recent call first):
       [0] _process (res://addons/GdPlanningAI/gdpai_autoload.gd:21)
[GdPAI | debug] GetCost: callable returned non-numeric value: null; returning INFINITY
WARNING: [GdPAI] ObjectRef(1382643928884): object was freed before callback; returning Nil.
   at: gdplanningai_rust::logger::process_logs (src\logger.rs:66)
   GDScript backtrace (most recent call first):
       [0] _process (res://addons/GdPlanningAI/gdpai_autoload.gd:21)
WARNING: [GdPAI] ObjectRef(1382643928884): object was freed before callback; returning Nil.
   at: gdplanningai_rust::logger::process_logs (src\logger.rs:66)
   GDScript backtrace (most recent call first):
       [0] _process (res://addons/GdPlanningAI/gdpai_autoload.gd:21)
[GdPAI | debug] GetCost: callable returned non-numeric value: null; returning INFINITY
WARNING: [GdPAI] ObjectRef(124621163998): object was freed before callback; returning Nil.
   at: gdplanningai_rust::logger::process_logs (src\logger.rs:66)
   GDScript backtrace (most recent call first):
       [0] _start_plan_and_wait (res://test/integration/test_campfire_example_smoke.gd:57)
[GdPAI | debug] ApplyEffect [Before] ID=InstanceId(-9223368363382637169): agent props = {"entity": null, "hunger": 70.0627442063492, "at_target": null, "held_item": "wood"}
[GdPAI | debug] ApplyEffect [After] ID=InstanceId(-9223368363382637169): agent props = {"entity": null, "hunger": 70.0627442063492, "at_target": null, "held_item": "wood"}
[GdPAI | debug]   Snapshotting prop: entity = Nil (Variant type: NIL)
[GdPAI | debug]   Snapshotting prop: hunger = Float(70.0627442063492) (Variant type: FLOAT)
[GdPAI | debug]   Snapshotting prop: at_target = Nil (Variant type: NIL)
[GdPAI | debug]   Snapshotting prop: held_item = Str("wood") (Variant type: STRING)
WARNING: [GdPAI] ObjectRef(1382643928884): object was freed before callback; returning Nil.
   at: gdplanningai_rust::logger::process_logs (src\logger.rs:66)
   GDScript backtrace (most recent call first):
       [0] _start_plan_and_wait (res://test/integration/test_campfire_example_smoke.gd:57)
WARNING: [GdPAI] ObjectRef(1382643928884): object was freed before callback; returning Nil.
   at: gdplanningai_rust::logger::process_logs (src\logger.rs:66)
   GDScript backtrace (most recent call first):
       [0] _start_plan_and_wait (res://test/integration/test_campfire_example_smoke.gd:57)
[GdPAI | debug] ApplyEffect [Before] ID=InstanceId(-9223368362812211825): agent props = {"hunger": 95.0603725, "entity": null, "held_item": ""}
[GdPAI | debug] ApplyEffect [After] ID=InstanceId(-9223368362812211825): agent props = {"hunger": 95.0603725, "entity": null, "held_item": ""}
[GdPAI | debug]   Snapshotting prop: hunger = Float(95.0603725) (Variant type: FLOAT)
[GdPAI | debug]   Snapshotting prop: entity = Nil (Variant type: NIL)
[GdPAI | debug]   Snapshotting prop: held_item = Str("") (Variant type: STRING)
[GdPAI | debug] Discovery: Simulation success for Pick Up Wood. Agent props: {"entity": Nil, "held_item": Str(""), "hunger": Float(95.0603725)}
[GdPAI | debug] Discovery: Action Pick Up Wood satisfied precond Builtin { target: Agent, operation: Equal, property_name: "held_item", value: Some(Str("")) }
[GdPAI | debug] Found candidate: Pick Up Wood (satisfied preconds: [0], requirements: [])
[GdPAI | debug] Discovery: Starting simulation for action Pick Up Wood
WARNING: [GdPAI] ObjectRef(124621163998): object was freed before callback; returning Nil.
   at: gdplanningai_rust::logger::process_logs (src\logger.rs:66)
   GDScript backtrace (most recent call first):
       [0] _process (res://addons/GdPlanningAI/gdpai_autoload.gd:21)
WARNING: [GdPAI] ObjectRef(124621163998): object was freed before callback; returning Nil.
   at: gdplanningai_rust::logger::process_logs (src\logger.rs:66)
   GDScript backtrace (most recent call first):
       [0] _process (res://addons/GdPlanningAI/gdpai_autoload.gd:21)
[GdPAI | debug] GetCost: callable returned non-numeric value: null; returning INFINITY
WARNING: [GdPAI] ObjectRef(1382643928884): object was freed before callback; returning Nil.
   at: gdplanningai_rust::logger::process_logs (src\logger.rs:66)
   GDScript backtrace (most recent call first):
       [0] _process (res://addons/GdPlanningAI/gdpai_autoload.gd:21)
WARNING: [GdPAI] ObjectRef(1382643928884): object was freed before callback; returning Nil.
   at: gdplanningai_rust::logger::process_logs (src\logger.rs:66)
   GDScript backtrace (most recent call first):
       [0] _process (res://addons/GdPlanningAI/gdpai_autoload.gd:21)
[GdPAI | debug] GetCost: callable returned non-numeric value: null; returning INFINITY
WARNING: [GdPAI] ObjectRef(124621163998): object was freed before callback; returning Nil.
   at: gdplanningai_rust::logger::process_logs (src\logger.rs:66)
   GDScript backtrace (most recent call first):
       [0] _start_plan_and_wait (res://test/integration/test_campfire_example_smoke.gd:57)
WARNING: [GdPAI] ObjectRef(124621163998): object was freed before callback; returning Nil.
   at: gdplanningai_rust::logger::process_logs (src\logger.rs:66)
   GDScript backtrace (most recent call first):
       [0] _start_plan_and_wait (res://test/integration/test_campfire_example_smoke.gd:57)
[GdPAI | debug] ApplyEffect [Before] ID=InstanceId(-9223368360731837036): agent props = {"hunger": 70.0627442063492, "entity": null, "held_item": ""}
[GdPAI | debug] ApplyEffect [After] ID=InstanceId(-9223368360731837036): agent props = {"hunger": 70.0627442063492, "entity": null, "held_item": ""}
[GdPAI | debug]   Snapshotting prop: hunger = Float(70.0627442063492) (Variant type: FLOAT)
[GdPAI | debug]   Snapshotting prop: entity = Nil (Variant type: NIL)
[GdPAI | debug]   Snapshotting prop: held_item = Str("") (Variant type: STRING)
WARNING: [GdPAI] ObjectRef(1382643928884): object was freed before callback; returning Nil.
   at: gdplanningai_rust::logger::process_logs (src\logger.rs:66)
   GDScript backtrace (most recent call first):
       [0] _start_plan_and_wait (res://test/integration/test_campfire_example_smoke.gd:57)
WARNING: [GdPAI] ObjectRef(1382643928884): object was freed before callback; returning Nil.
   at: gdplanningai_rust::logger::process_logs (src\logger.rs:66)
   GDScript backtrace (most recent call first):
       [0] _start_plan_and_wait (res://test/integration/test_campfire_example_smoke.gd:57)
[GdPAI | debug] ApplyEffect [Before] ID=InstanceId(-9223368360161411692): agent props = {"held_item": "", "entity": null, "hunger": 95.0603725}
[GdPAI | debug] ApplyEffect [After] ID=InstanceId(-9223368360161411692): agent props = {"held_item": "", "entity": null, "hunger": 95.0603725}
[GdPAI | debug]   Snapshotting prop: held_item = Str("") (Variant type: STRING)
[GdPAI | debug]   Snapshotting prop: entity = Nil (Variant type: NIL)
[GdPAI | debug]   Snapshotting prop: hunger = Float(95.0603725) (Variant type: FLOAT)
[GdPAI | debug] Discovery: Simulation success for Pick Up Wood. Agent props: {"held_item": Str(""), "entity": Nil, "hunger": Float(95.0603725)}
[GdPAI | debug] Discovery: Action Pick Up Wood satisfied precond Builtin { target: Agent, operation: Equal, property_name: "held_item", value: Some(Str("")) }
[GdPAI | debug] Found candidate: Pick Up Wood (satisfied preconds: [0], requirements: [])
[GdPAI | debug] Discovery: Starting simulation for action Pick Up Wood
WARNING: [GdPAI] ObjectRef(124621163998): object was freed before callback; returning Nil.
   at: gdplanningai_rust::logger::process_logs (src\logger.rs:66)
   GDScript backtrace (most recent call first):
       [0] _process (res://addons/GdPlanningAI/gdpai_autoload.gd:21)
[GdPAI | debug] GetCost: callable returned non-numeric value: null; returning INFINITY
WARNING: [GdPAI] ObjectRef(1382643928884): object was freed before callback; returning Nil.
   at: gdplanningai_rust::logger::process_logs (src\logger.rs:66)
   GDScript backtrace (most recent call first):
       [0] _process (res://addons/GdPlanningAI/gdpai_autoload.gd:21)
WARNING: [GdPAI] ObjectRef(1382643928884): object was freed before callback; returning Nil.
   at: gdplanningai_rust::logger::process_logs (src\logger.rs:66)
   GDScript backtrace (most recent call first):
       [0] _process (res://addons/GdPlanningAI/gdpai_autoload.gd:21)
[GdPAI | debug] GetCost: callable returned non-numeric value: null; returning INFINITY
WARNING: [GdPAI] ObjectRef(124621163998): object was freed before callback; returning Nil.
   at: gdplanningai_rust::logger::process_logs (src\logger.rs:66)
   GDScript backtrace (most recent call first):
       [0] _start_plan_and_wait (res://test/integration/test_campfire_example_smoke.gd:57)
[GdPAI | debug] ApplyEffect [Before] ID=InstanceId(-9223368358081036873): agent props = {"hunger": 70.0627442063492, "held_item": "", "entity": null}
[GdPAI | debug] ApplyEffect [After] ID=InstanceId(-9223368358081036873): agent props = {"hunger": 70.0627442063492, "held_item": "", "entity": null}
[GdPAI | debug]   Snapshotting prop: hunger = Float(70.0627442063492) (Variant type: FLOAT)
[GdPAI | debug]   Snapshotting prop: held_item = Str("") (Variant type: STRING)
[GdPAI | debug]   Snapshotting prop: entity = Nil (Variant type: NIL)
WARNING: [GdPAI] ObjectRef(1382643928884): object was freed before callback; returning Nil.
   at: gdplanningai_rust::logger::process_logs (src\logger.rs:66)
   GDScript backtrace (most recent call first):
       [0] _start_plan_and_wait (res://test/integration/test_campfire_example_smoke.gd:57)
WARNING: [GdPAI] ObjectRef(1382643928884): object was freed before callback; returning Nil.
   at: gdplanningai_rust::logger::process_logs (src\logger.rs:66)
   GDScript backtrace (most recent call first):
       [0] _start_plan_and_wait (res://test/integration/test_campfire_example_smoke.gd:57)
[GdPAI | debug] ApplyEffect [Before] ID=InstanceId(-9223368357510611529): agent props = {"entity": null, "held_item": "", "hunger": 95.0603725}
[GdPAI | debug] ApplyEffect [After] ID=InstanceId(-9223368357510611529): agent props = {"entity": null, "held_item": "", "hunger": 95.0603725}
[GdPAI | debug]   Snapshotting prop: entity = Nil (Variant type: NIL)
[GdPAI | debug]   Snapshotting prop: held_item = Str("") (Variant type: STRING)
[GdPAI | debug]   Snapshotting prop: hunger = Float(95.0603725) (Variant type: FLOAT)
[GdPAI | debug] Discovery: Simulation success for Pick Up Wood. Agent props: {"hunger": Float(95.0603725), "held_item": Str(""), "entity": Nil}
[GdPAI | debug] Discovery: Action Pick Up Wood satisfied precond Builtin { target: Agent, operation: Equal, property_name: "held_item", value: Some(Str("")) }
[GdPAI | debug] Found candidate: Pick Up Wood (satisfied preconds: [0], requirements: [])
[GdPAI | debug] Discovery: Starting simulation for action Pick Up Wood
WARNING: [GdPAI] ObjectRef(124621163998): object was freed before callback; returning Nil.
   at: gdplanningai_rust::logger::process_logs (src\logger.rs:66)
   GDScript backtrace (most recent call first):
       [0] _process (res://addons/GdPlanningAI/gdpai_autoload.gd:21)
[GdPAI | debug] GetCost: callable returned non-numeric value: null; returning INFINITY
WARNING: [GdPAI] ObjectRef(1382643928884): object was freed before callback; returning Nil.
   at: gdplanningai_rust::logger::process_logs (src\logger.rs:66)
   GDScript backtrace (most recent call first):
       [0] _process (res://addons/GdPlanningAI/gdpai_autoload.gd:21)
WARNING: [GdPAI] ObjectRef(1382643928884): object was freed before callback; returning Nil.
   at: gdplanningai_rust::logger::process_logs (src\logger.rs:66)
   GDScript backtrace (most recent call first):
       [0] _process (res://addons/GdPlanningAI/gdpai_autoload.gd:21)
[GdPAI | debug] GetCost: callable returned non-numeric value: null; returning INFINITY
WARNING: [GdPAI] ObjectRef(124621163998): object was freed before callback; returning Nil.
   at: gdplanningai_rust::logger::process_logs (src\logger.rs:66)
   GDScript backtrace (most recent call first):
       [0] _start_plan_and_wait (res://test/integration/test_campfire_example_smoke.gd:57)
[GdPAI | debug] ApplyEffect [Before] ID=InstanceId(-9223368355480568377): agent props = {"hunger": 70.0627442063492, "held_item": "", "entity": null}
[GdPAI | debug] ApplyEffect [After] ID=InstanceId(-9223368355480568377): agent props = {"hunger": 70.0627442063492, "held_item": "", "entity": null}
[GdPAI | debug]   Snapshotting prop: hunger = Float(70.0627442063492) (Variant type: FLOAT)
[GdPAI | debug]   Snapshotting prop: held_item = Str("") (Variant type: STRING)
[GdPAI | debug]   Snapshotting prop: entity = Nil (Variant type: NIL)
WARNING: [GdPAI] ObjectRef(1382643928884): object was freed before callback; returning Nil.
   at: gdplanningai_rust::logger::process_logs (src\logger.rs:66)
   GDScript backtrace (most recent call first):
       [0] _start_plan_and_wait (res://test/integration/test_campfire_example_smoke.gd:57)
WARNING: [GdPAI] ObjectRef(1382643928884): object was freed before callback; returning Nil.
   at: gdplanningai_rust::logger::process_logs (src\logger.rs:66)
   GDScript backtrace (most recent call first):
       [0] _start_plan_and_wait (res://test/integration/test_campfire_example_smoke.gd:57)
[GdPAI | debug] ApplyEffect [Before] ID=InstanceId(-9223368354910143033): agent props = {"held_item": "", "entity": null, "hunger": 95.0603725}
[GdPAI | debug] ApplyEffect [After] ID=InstanceId(-9223368354910143033): agent props = {"held_item": "", "entity": null, "hunger": 95.0603725}
[GdPAI | debug]   Snapshotting prop: held_item = Str("") (Variant type: STRING)
[GdPAI | debug]   Snapshotting prop: entity = Nil (Variant type: NIL)
[GdPAI | debug]   Snapshotting prop: hunger = Float(95.0603725) (Variant type: FLOAT)
[GdPAI | debug] Discovery: Simulation success for Pick Up Wood. Agent props: {"held_item": Str(""), "hunger": Float(95.0603725), "entity": Nil}
[GdPAI | debug] Discovery: Action Pick Up Wood satisfied precond Builtin { target: Agent, operation: Equal, property_name: "held_item", value: Some(Str("")) }
[GdPAI | debug] Found candidate: Pick Up Wood (satisfied preconds: [0], requirements: [])
WARNING: [GdPAI] ObjectRef(124621163998): object was freed before callback; returning Nil.
   at: gdplanningai_rust::logger::process_logs (src\logger.rs:66)
   GDScript backtrace (most recent call first):
       [0] _process (res://addons/GdPlanningAI/gdpai_autoload.gd:21)
[GdPAI | debug] GetCost: callable returned non-numeric value: null; returning INFINITY
WARNING: [GdPAI] ObjectRef(1382643928884): object was freed before callback; returning Nil.
   at: gdplanningai_rust::logger::process_logs (src\logger.rs:66)
   GDScript backtrace (most recent call first):
       [0] _process (res://addons/GdPlanningAI/gdpai_autoload.gd:21)
WARNING: [GdPAI] ObjectRef(1382643928884): object was freed before callback; returning Nil.
   at: gdplanningai_rust::logger::process_logs (src\logger.rs:66)
   GDScript backtrace (most recent call first):
       [0] _process (res://addons/GdPlanningAI/gdpai_autoload.gd:21)
[GdPAI | debug] Discovery: Action Dig Potato failed validity check, skipping
WARNING: [GdPAI] ObjectRef(124621163998): object was freed before callback; returning Nil.
   at: gdplanningai_rust::logger::process_logs (src\logger.rs:66)
   GDScript backtrace (most recent call first):
       [0] _start_plan_and_wait (res://test/integration/test_campfire_example_smoke.gd:57)
[GdPAI | debug] ApplyEffect [Before] ID=InstanceId(-9223368352880099882): agent props = {"held_item": "", "hunger": 70.0627442063492, "entity": null}
[GdPAI | debug] ApplyEffect [After] ID=InstanceId(-9223368352880099882): agent props = {"held_item": "", "hunger": 70.0627442063492, "entity": null}
[GdPAI | debug]   Snapshotting prop: held_item = Str("") (Variant type: STRING)
[GdPAI | debug]   Snapshotting prop: hunger = Float(70.0627442063492) (Variant type: FLOAT)
[GdPAI | debug]   Snapshotting prop: entity = Nil (Variant type: NIL)
WARNING: [GdPAI] ObjectRef(1382643928884): object was freed before callback; returning Nil.
   at: gdplanningai_rust::logger::process_logs (src\logger.rs:66)
   GDScript backtrace (most recent call first):
       [0] _start_plan_and_wait (res://test/integration/test_campfire_example_smoke.gd:57)
WARNING: [GdPAI] ObjectRef(1382643928884): object was freed before callback; returning Nil.
   at: gdplanningai_rust::logger::process_logs (src\logger.rs:66)
   GDScript backtrace (most recent call first):
       [0] _start_plan_and_wait (res://test/integration/test_campfire_example_smoke.gd:57)
[GdPAI | debug] Discovery: Action Dig Potato failed validity check, skipping
WARNING: [GdPAI] ObjectRef(124621163998): object was freed before callback; returning Nil.
   at: gdplanningai_rust::logger::process_logs (src\logger.rs:66)
   GDScript backtrace (most recent call first):
       [0] _process (res://addons/GdPlanningAI/gdpai_autoload.gd:21)
[GdPAI | debug] GetCost: callable returned non-numeric value: null; returning INFINITY
WARNING: [GdPAI] ObjectRef(1382643928884): object was freed before callback; returning Nil.
   at: gdplanningai_rust::logger::process_logs (src\logger.rs:66)
   GDScript backtrace (most recent call first):
       [0] _process (res://addons/GdPlanningAI/gdpai_autoload.gd:21)
WARNING: [GdPAI] ObjectRef(1382643928884): object was freed before callback; returning Nil.
   at: gdplanningai_rust::logger::process_logs (src\logger.rs:66)
   GDScript backtrace (most recent call first):
       [0] _process (res://addons/GdPlanningAI/gdpai_autoload.gd:21)
[GdPAI | debug] Discovery: Action Dig Potato failed validity check, skipping
WARNING: [GdPAI] ObjectRef(124621163998): object was freed before callback; returning Nil.
   at: gdplanningai_rust::logger::process_logs (src\logger.rs:66)
   GDScript backtrace (most recent call first):
       [0] _start_plan_and_wait (res://test/integration/test_campfire_example_smoke.gd:57)
[GdPAI | debug] ApplyEffect [Before] ID=InstanceId(-9223368350279631403): agent props = {"entity": null, "hunger": 70.0627442063492, "held_item": ""}
[GdPAI | debug] ApplyEffect [After] ID=InstanceId(-9223368350279631403): agent props = {"entity": null, "hunger": 70.0627442063492, "held_item": ""}
[GdPAI | debug]   Snapshotting prop: entity = Nil (Variant type: NIL)
[GdPAI | debug]   Snapshotting prop: hunger = Float(70.0627442063492) (Variant type: FLOAT)
[GdPAI | debug]   Snapshotting prop: held_item = Str("") (Variant type: STRING)
WARNING: [GdPAI] ObjectRef(1382643928884): object was freed before callback; returning Nil.
   at: gdplanningai_rust::logger::process_logs (src\logger.rs:66)
   GDScript backtrace (most recent call first):
       [0] _start_plan_and_wait (res://test/integration/test_campfire_example_smoke.gd:57)
WARNING: [GdPAI] ObjectRef(1382643928884): object was freed before callback; returning Nil.
   at: gdplanningai_rust::logger::process_logs (src\logger.rs:66)
   GDScript backtrace (most recent call first):
       [0] _start_plan_and_wait (res://test/integration/test_campfire_example_smoke.gd:57)
[GdPAI | debug] Discovery: Action Dig Potato failed validity check, skipping
WARNING: [GdPAI] ObjectRef(124621163998): object was freed before callback; returning Nil.
   at: gdplanningai_rust::logger::process_logs (src\logger.rs:66)
   GDScript backtrace (most recent call first):
       [0] _process (res://addons/GdPlanningAI/gdpai_autoload.gd:21)
[GdPAI | debug] GetCost: callable returned non-numeric value: null; returning INFINITY
WARNING: [GdPAI] ObjectRef(1382643928884): object was freed before callback; returning Nil.
   at: gdplanningai_rust::logger::process_logs (src\logger.rs:66)
   GDScript backtrace (most recent call first):
       [0] _process (res://addons/GdPlanningAI/gdpai_autoload.gd:21)
WARNING: [GdPAI] ObjectRef(1382643928884): object was freed before callback; returning Nil.
   at: gdplanningai_rust::logger::process_logs (src\logger.rs:66)
   GDScript backtrace (most recent call first):
       [0] _process (res://addons/GdPlanningAI/gdpai_autoload.gd:21)
[GdPAI | debug] Discovery: Action Dig Potato failed validity check, skipping
WARNING: [GdPAI] ObjectRef(124621163998): object was freed before callback; returning Nil.
   at: gdplanningai_rust::logger::process_logs (src\logger.rs:66)
   GDScript backtrace (most recent call first):
       [0] _start_plan_and_wait (res://test/integration/test_campfire_example_smoke.gd:57)
[GdPAI | debug] ApplyEffect [Before] ID=InstanceId(-9223368347679162950): agent props = {"hunger": 70.0627442063492, "entity": null, "held_item": "wood"}
[GdPAI | debug] ApplyEffect [After] ID=InstanceId(-9223368347679162950): agent props = {"hunger": 70.0627442063492, "entity": null, "held_item": "wood"}
[GdPAI | debug]   Snapshotting prop: hunger = Float(70.0627442063492) (Variant type: FLOAT)
[GdPAI | debug]   Snapshotting prop: entity = Nil (Variant type: NIL)
[GdPAI | debug]   Snapshotting prop: held_item = Str("wood") (Variant type: STRING)
WARNING: [GdPAI] ObjectRef(1382643928884): object was freed before callback; returning Nil.
   at: gdplanningai_rust::logger::process_logs (src\logger.rs:66)
   GDScript backtrace (most recent call first):
       [0] _start_plan_and_wait (res://test/integration/test_campfire_example_smoke.gd:57)
WARNING: [GdPAI] ObjectRef(1382643928884): object was freed before callback; returning Nil.
   at: gdplanningai_rust::logger::process_logs (src\logger.rs:66)
   GDScript backtrace (most recent call first):
       [0] _start_plan_and_wait (res://test/integration/test_campfire_example_smoke.gd:57)
WARNING: [GdPAI] ObjectRef(1383197576744): object was freed before callback; returning Nil.
   at: gdplanningai_rust::logger::process_logs (src\logger.rs:66)
   GDScript backtrace (most recent call first):
       [0] _start_plan_and_wait (res://test/integration/test_campfire_example_smoke.gd:57)
WARNING: [GdPAI] ObjectRef(1383197576744): object was freed before callback; returning Nil.
   at: gdplanningai_rust::logger::process_logs (src\logger.rs:66)
   GDScript backtrace (most recent call first):
       [0] _start_plan_and_wait (res://test/integration/test_campfire_example_smoke.gd:57)
[GdPAI | debug] GetCost: callable returned non-numeric value: null; returning INFINITY
[GdPAI | debug] Numeric comparison: 70.0627442063492 GreaterThan 0 -> true
WARNING: [GdPAI] ObjectRef(124621163998): object was freed before callback; returning Nil.
   at: gdplanningai_rust::logger::process_logs (src\logger.rs:66)
   GDScript backtrace (most recent call first):
       [0] _process (res://addons/GdPlanningAI/gdpai_autoload.gd:21)
WARNING: [GdPAI] ObjectRef(124621163998): object was freed before callback; returning Nil.
   at: gdplanningai_rust::logger::process_logs (src\logger.rs:66)
   GDScript backtrace (most recent call first):
       [0] _process (res://addons/GdPlanningAI/gdpai_autoload.gd:21)
WARNING: [GdPAI] ObjectRef(124134624705): object was freed before callback; returning Nil.
   at: gdplanningai_rust::logger::process_logs (src\logger.rs:66)
   GDScript backtrace (most recent call first):
       [0] _process (res://addons/GdPlanningAI/gdpai_autoload.gd:21)
WARNING: [GdPAI] ObjectRef(125661351450): object was freed before callback; returning Nil.
   at: gdplanningai_rust::logger::process_logs (src\logger.rs:66)
   GDScript backtrace (most recent call first):
       [0] _process (res://addons/GdPlanningAI/gdpai_autoload.gd:21)
WARNING: [GdPAI] ObjectRef(124587609564): object was freed before callback; returning Nil.
   at: gdplanningai_rust::logger::process_logs (src\logger.rs:66)
   GDScript backtrace (most recent call first):
       [0] _process (res://addons/GdPlanningAI/gdpai_autoload.gd:21)
WARNING: [GdPAI] ObjectRef(124436614611): object was freed before callback; returning Nil.
   at: gdplanningai_rust::logger::process_logs (src\logger.rs:66)
   GDScript backtrace (most recent call first):
       [0] _process (res://addons/GdPlanningAI/gdpai_autoload.gd:21)
WARNING: [GdPAI] ObjectRef(124134624705): object was freed before callback; returning Nil.
   at: gdplanningai_rust::logger::process_logs (src\logger.rs:66)
   GDScript backtrace (most recent call first):
       [0] _process (res://addons/GdPlanningAI/gdpai_autoload.gd:21)
WARNING: [GdPAI] ObjectRef(125661351450): object was freed before callback; returning Nil.
   at: gdplanningai_rust::logger::process_logs (src\logger.rs:66)
   GDScript backtrace (most recent call first):
       [0] _process (res://addons/GdPlanningAI/gdpai_autoload.gd:21)
WARNING: [GdPAI] ObjectRef(124587609564): object was freed before callback; returning Nil.
   at: gdplanningai_rust::logger::process_logs (src\logger.rs:66)
   GDScript backtrace (most recent call first):
       [0] _process (res://addons/GdPlanningAI/gdpai_autoload.gd:21)
WARNING: [GdPAI] ObjectRef(124436614611): object was freed before callback; returning Nil.
   at: gdplanningai_rust::logger::process_logs (src\logger.rs:66)
   GDScript backtrace (most recent call first):
       [0] _process (res://addons/GdPlanningAI/gdpai_autoload.gd:21)
[GdPAI | debug] GetCost: callable returned non-numeric value: null; returning INFINITY
WARNING: [GdPAI] ObjectRef(1382643928884): object was freed before callback; returning Nil.
   at: gdplanningai_rust::logger::process_logs (src\logger.rs:66)
   GDScript backtrace (most recent call first):
       [0] _process (res://addons/GdPlanningAI/gdpai_autoload.gd:21)
WARNING: [GdPAI] ObjectRef(1382643928884): object was freed before callback; returning Nil.
   at: gdplanningai_rust::logger::process_logs (src\logger.rs:66)
   GDScript backtrace (most recent call first):
       [0] _process (res://addons/GdPlanningAI/gdpai_autoload.gd:21)
WARNING: [GdPAI] ObjectRef(1383197576744): object was freed before callback; returning Nil.
   at: gdplanningai_rust::logger::process_logs (src\logger.rs:66)
   GDScript backtrace (most recent call first):
       [0] _process (res://addons/GdPlanningAI/gdpai_autoload.gd:21)
WARNING: [GdPAI] ObjectRef(1383197576744): object was freed before callback; returning Nil.
   at: gdplanningai_rust::logger::process_logs (src\logger.rs:66)
   GDScript backtrace (most recent call first):
       [0] _process (res://addons/GdPlanningAI/gdpai_autoload.gd:21)
[GdPAI | debug] ApplyEffect [Before] ID=InstanceId(-9223368345699451507): agent props = {"hunger": 95.0603725, "at_target": null, "held_item": "", "entity": null}
[GdPAI | debug] ApplyEffect [After] ID=InstanceId(-9223368345699451507): agent props = {"hunger": 95.0603725, "at_target": null, "held_item": "", "entity": null}
[GdPAI | debug]   Snapshotting prop: hunger = Float(95.0603725) (Variant type: FLOAT)
[GdPAI | debug]   Snapshotting prop: at_target = Nil (Variant type: NIL)
[GdPAI | debug]   Snapshotting prop: held_item = Str("") (Variant type: STRING)
[GdPAI | debug]   Snapshotting prop: entity = Nil (Variant type: NIL)
WARNING: [GdPAI] ObjectRef(124621163998): object was freed before callback; returning Nil.
   at: gdplanningai_rust::logger::process_logs (src\logger.rs:66)
   GDScript backtrace (most recent call first):
       [0] _start_plan_and_wait (res://test/integration/test_campfire_example_smoke.gd:57)
WARNING: [GdPAI] ObjectRef(124621163998): object was freed before callback; returning Nil.
   at: gdplanningai_rust::logger::process_logs (src\logger.rs:66)
   GDScript backtrace (most recent call first):
       [0] _start_plan_and_wait (res://test/integration/test_campfire_example_smoke.gd:57)
WARNING: [GdPAI] ObjectRef(124134624705): object was freed before callback; returning Nil.
   at: gdplanningai_rust::logger::process_logs (src\logger.rs:66)
   GDScript backtrace (most recent call first):
       [0] _start_plan_and_wait (res://test/integration/test_campfire_example_smoke.gd:57)
WARNING: [GdPAI] ObjectRef(125661351450): object was freed before callback; returning Nil.
   at: gdplanningai_rust::logger::process_logs (src\logger.rs:66)
   GDScript backtrace (most recent call first):
       [0] _start_plan_and_wait (res://test/integration/test_campfire_example_smoke.gd:57)
WARNING: [GdPAI] ObjectRef(124587609564): object was freed before callback; returning Nil.
   at: gdplanningai_rust::logger::process_logs (src\logger.rs:66)
   GDScript backtrace (most recent call first):
       [0] _start_plan_and_wait (res://test/integration/test_campfire_example_smoke.gd:57)
WARNING: [GdPAI] ObjectRef(124436614611): object was freed before callback; returning Nil.
   at: gdplanningai_rust::logger::process_logs (src\logger.rs:66)
   GDScript backtrace (most recent call first):
       [0] _start_plan_and_wait (res://test/integration/test_campfire_example_smoke.gd:57)
WARNING: [GdPAI] ObjectRef(124134624705): object was freed before callback; returning Nil.
   at: gdplanningai_rust::logger::process_logs (src\logger.rs:66)
   GDScript backtrace (most recent call first):
       [0] _start_plan_and_wait (res://test/integration/test_campfire_example_smoke.gd:57)
WARNING: [GdPAI] ObjectRef(125661351450): object was freed before callback; returning Nil.
   at: gdplanningai_rust::logger::process_logs (src\logger.rs:66)
   GDScript backtrace (most recent call first):
       [0] _start_plan_and_wait (res://test/integration/test_campfire_example_smoke.gd:57)
WARNING: [GdPAI] ObjectRef(124587609564): object was freed before callback; returning Nil.
   at: gdplanningai_rust::logger::process_logs (src\logger.rs:66)
   GDScript backtrace (most recent call first):
       [0] _start_plan_and_wait (res://test/integration/test_campfire_example_smoke.gd:57)
WARNING: [GdPAI] ObjectRef(124436614611): object was freed before callback; returning Nil.
   at: gdplanningai_rust::logger::process_logs (src\logger.rs:66)
   GDScript backtrace (most recent call first):
       [0] _start_plan_and_wait (res://test/integration/test_campfire_example_smoke.gd:57)
[GdPAI | debug] ApplyEffect [Before] ID=InstanceId(-9223368344424382934): agent props = {"hunger": 70.0627442063492, "at_target": null, "held_item": "", "entity": null}
[GdPAI | debug] ApplyEffect [After] ID=InstanceId(-9223368344424382934): agent props = {"hunger": 70.0627442063492, "at_target": null, "held_item": "", "entity": null}
[GdPAI | debug]   Snapshotting prop: hunger = Float(70.0627442063492) (Variant type: FLOAT)
[GdPAI | debug]   Snapshotting prop: at_target = Nil (Variant type: NIL)
[GdPAI | debug]   Snapshotting prop: held_item = Str("") (Variant type: STRING)
[GdPAI | debug]   Snapshotting prop: entity = Nil (Variant type: NIL)
WARNING: [GdPAI] ObjectRef(1382643928884): object was freed before callback; returning Nil.
   at: gdplanningai_rust::logger::process_logs (src\logger.rs:66)
   GDScript backtrace (most recent call first):
       [0] _start_plan_and_wait (res://test/integration/test_campfire_example_smoke.gd:57)
WARNING: [GdPAI] ObjectRef(1383197576744): object was freed before callback; returning Nil.
   at: gdplanningai_rust::logger::process_logs (src\logger.rs:66)
   GDScript backtrace (most recent call first):
       [0] _start_plan_and_wait (res://test/integration/test_campfire_example_smoke.gd:57)
WARNING: [GdPAI] ObjectRef(1383197576744): object was freed before callback; returning Nil.
   at: gdplanningai_rust::logger::process_logs (src\logger.rs:66)
   GDScript backtrace (most recent call first):
       [0] _start_plan_and_wait (res://test/integration/test_campfire_example_smoke.gd:57)
[GdPAI | debug] GetCost: callable returned non-numeric value: null; returning INFINITY
WARNING: [GdPAI] ObjectRef(124621163998): object was freed before callback; returning Nil.
   at: gdplanningai_rust::logger::process_logs (src\logger.rs:66)
   GDScript backtrace (most recent call first):
       [0] _process (res://addons/GdPlanningAI/gdpai_autoload.gd:21)
WARNING: [GdPAI] ObjectRef(124436614611): object was freed before callback; returning Nil.
   at: gdplanningai_rust::logger::process_logs (src\logger.rs:66)
   GDScript backtrace (most recent call first):
       [0] _process (res://addons/GdPlanningAI/gdpai_autoload.gd:21)
WARNING: [GdPAI] ObjectRef(124436614611): object was freed before callback; returning Nil.
   at: gdplanningai_rust::logger::process_logs (src\logger.rs:66)
   GDScript backtrace (most recent call first):
       [0] _process (res://addons/GdPlanningAI/gdpai_autoload.gd:21)
[GdPAI | debug] GetCost: callable returned non-numeric value: null; returning INFINITY
WARNING: [GdPAI] ObjectRef(1382643928884): object was freed before callback; returning Nil.
   at: gdplanningai_rust::logger::process_logs (src\logger.rs:66)
   GDScript backtrace (most recent call first):
       [0] _process (res://addons/GdPlanningAI/gdpai_autoload.gd:21)
WARNING: [GdPAI] ObjectRef(1383197576744): object was freed before callback; returning Nil.
   at: gdplanningai_rust::logger::process_logs (src\logger.rs:66)
   GDScript backtrace (most recent call first):
       [0] _process (res://addons/GdPlanningAI/gdpai_autoload.gd:21)
WARNING: [GdPAI] ObjectRef(1383197576744): object was freed before callback; returning Nil.
   at: gdplanningai_rust::logger::process_logs (src\logger.rs:66)
   GDScript backtrace (most recent call first):
       [0] _process (res://addons/GdPlanningAI/gdpai_autoload.gd:21)
[GdPAI | debug] ApplyEffect [Before] ID=InstanceId(-9223368342042018322): agent props = {"at_target": null, "held_item": "", "hunger": 95.0603725, "entity": null}
[GdPAI | debug] ApplyEffect [After] ID=InstanceId(-9223368342042018322): agent props = {"at_target": null, "held_item": "", "hunger": 95.0603725, "entity": null}
[GdPAI | debug]   Snapshotting prop: at_target = Nil (Variant type: NIL)
[GdPAI | debug]   Snapshotting prop: held_item = Str("") (Variant type: STRING)
[GdPAI | debug]   Snapshotting prop: hunger = Float(95.0603725) (Variant type: FLOAT)
[GdPAI | debug]   Snapshotting prop: entity = Nil (Variant type: NIL)
WARNING: [GdPAI] ObjectRef(124621163998): object was freed before callback; returning Nil.
   at: gdplanningai_rust::logger::process_logs (src\logger.rs:66)
   GDScript backtrace (most recent call first):
       [0] _start_plan_and_wait (res://test/integration/test_campfire_example_smoke.gd:57)
WARNING: [GdPAI] ObjectRef(124436614611): object was freed before callback; returning Nil.
   at: gdplanningai_rust::logger::process_logs (src\logger.rs:66)
   GDScript backtrace (most recent call first):
       [0] _start_plan_and_wait (res://test/integration/test_campfire_example_smoke.gd:57)
WARNING: [GdPAI] ObjectRef(124436614611): object was freed before callback; returning Nil.
   at: gdplanningai_rust::logger::process_logs (src\logger.rs:66)
   GDScript backtrace (most recent call first):
       [0] _start_plan_and_wait (res://test/integration/test_campfire_example_smoke.gd:57)
[GdPAI | debug] ApplyEffect [Before] ID=InstanceId(-9223368341169602978): agent props = {"entity": null, "hunger": 70.0627442063492, "at_target": null, "held_item": ""}
[GdPAI | debug] ApplyEffect [After] ID=InstanceId(-9223368341169602978): agent props = {"entity": null, "hunger": 70.0627442063492, "at_target": null, "held_item": ""}
[GdPAI | debug]   Snapshotting prop: entity = Nil (Variant type: NIL)
[GdPAI | debug]   Snapshotting prop: hunger = Float(70.0627442063492) (Variant type: FLOAT)
[GdPAI | debug]   Snapshotting prop: at_target = Nil (Variant type: NIL)
[GdPAI | debug]   Snapshotting prop: held_item = Str("") (Variant type: STRING)
WARNING: [GdPAI] ObjectRef(1382643928884): object was freed before callback; returning Nil.
   at: gdplanningai_rust::logger::process_logs (src\logger.rs:66)
   GDScript backtrace (most recent call first):
       [0] _start_plan_and_wait (res://test/integration/test_campfire_example_smoke.gd:57)
WARNING: [GdPAI] ObjectRef(1382157389614): object was freed before callback; returning Nil.
   at: gdplanningai_rust::logger::process_logs (src\logger.rs:66)
   GDScript backtrace (most recent call first):
       [0] _start_plan_and_wait (res://test/integration/test_campfire_example_smoke.gd:57)
WARNING: [GdPAI] ObjectRef(1382157389614): object was freed before callback; returning Nil.
   at: gdplanningai_rust::logger::process_logs (src\logger.rs:66)
   GDScript backtrace (most recent call first):
       [0] _start_plan_and_wait (res://test/integration/test_campfire_example_smoke.gd:57)
[GdPAI | debug] GetCost: callable returned non-numeric value: null; returning INFINITY
WARNING: [GdPAI] ObjectRef(124621163998): object was freed before callback; returning Nil.
   at: gdplanningai_rust::logger::process_logs (src\logger.rs:66)
   GDScript backtrace (most recent call first):
       [0] _process (res://addons/GdPlanningAI/gdpai_autoload.gd:21)
WARNING: [GdPAI] ObjectRef(124587609564): object was freed before callback; returning Nil.
   at: gdplanningai_rust::logger::process_logs (src\logger.rs:66)
   GDScript backtrace (most recent call first):
       [0] _process (res://addons/GdPlanningAI/gdpai_autoload.gd:21)
WARNING: [GdPAI] ObjectRef(124587609564): object was freed before callback; returning Nil.
   at: gdplanningai_rust::logger::process_logs (src\logger.rs:66)
   GDScript backtrace (most recent call first):
       [0] _process (res://addons/GdPlanningAI/gdpai_autoload.gd:21)
[GdPAI | debug] GetCost: callable returned non-numeric value: null; returning INFINITY
WARNING: [GdPAI] ObjectRef(1382643928884): object was freed before callback; returning Nil.
   at: gdplanningai_rust::logger::process_logs (src\logger.rs:66)
   GDScript backtrace (most recent call first):
       [0] _process (res://addons/GdPlanningAI/gdpai_autoload.gd:21)
WARNING: [GdPAI] ObjectRef(1382157389614): object was freed before callback; returning Nil.
   at: gdplanningai_rust::logger::process_logs (src\logger.rs:66)
   GDScript backtrace (most recent call first):
       [0] _process (res://addons/GdPlanningAI/gdpai_autoload.gd:21)
WARNING: [GdPAI] ObjectRef(1382157389614): object was freed before callback; returning Nil.
   at: gdplanningai_rust::logger::process_logs (src\logger.rs:66)
   GDScript backtrace (most recent call first):
       [0] _process (res://addons/GdPlanningAI/gdpai_autoload.gd:21)
[GdPAI | debug] ApplyEffect [Before] ID=InstanceId(-9223368339139559855): agent props = {"at_target": null, "hunger": 95.0603725, "entity": null, "held_item": ""}
[GdPAI | debug] ApplyEffect [After] ID=InstanceId(-9223368339139559855): agent props = {"at_target": null, "hunger": 95.0603725, "entity": null, "held_item": ""}
[GdPAI | debug]   Snapshotting prop: at_target = Nil (Variant type: NIL)
[GdPAI | debug]   Snapshotting prop: hunger = Float(95.0603725) (Variant type: FLOAT)
[GdPAI | debug]   Snapshotting prop: entity = Nil (Variant type: NIL)
[GdPAI | debug]   Snapshotting prop: held_item = Str("") (Variant type: STRING)
WARNING: [GdPAI] ObjectRef(124621163998): object was freed before callback; returning Nil.
   at: gdplanningai_rust::logger::process_logs (src\logger.rs:66)
   GDScript backtrace (most recent call first):
       [0] _start_plan_and_wait (res://test/integration/test_campfire_example_smoke.gd:57)
WARNING: [GdPAI] ObjectRef(124587609564): object was freed before callback; returning Nil.
   at: gdplanningai_rust::logger::process_logs (src\logger.rs:66)
   GDScript backtrace (most recent call first):
       [0] _start_plan_and_wait (res://test/integration/test_campfire_example_smoke.gd:57)
WARNING: [GdPAI] ObjectRef(124587609564): object was freed before callback; returning Nil.
   at: gdplanningai_rust::logger::process_logs (src\logger.rs:66)
   GDScript backtrace (most recent call first):
       [0] _start_plan_and_wait (res://test/integration/test_campfire_example_smoke.gd:57)
[GdPAI | debug] ApplyEffect [Before] ID=InstanceId(-9223368338267144575): agent props = {"at_target": null, "entity": null, "hunger": 70.0627442063492, "held_item": ""}
[GdPAI | debug] ApplyEffect [After] ID=InstanceId(-9223368338267144575): agent props = {"at_target": null, "entity": null, "hunger": 70.0627442063492, "held_item": ""}
[GdPAI | debug]   Snapshotting prop: at_target = Nil (Variant type: NIL)
[GdPAI | debug]   Snapshotting prop: entity = Nil (Variant type: NIL)
[GdPAI | debug]   Snapshotting prop: hunger = Float(70.0627442063492) (Variant type: FLOAT)
[GdPAI | debug]   Snapshotting prop: held_item = Str("") (Variant type: STRING)
WARNING: [GdPAI] ObjectRef(1382643928884): object was freed before callback; returning Nil.
   at: gdplanningai_rust::logger::process_logs (src\logger.rs:66)
   GDScript backtrace (most recent call first):
       [0] _start_plan_and_wait (res://test/integration/test_campfire_example_smoke.gd:57)
WARNING: [GdPAI] ObjectRef(1382157389614): object was freed before callback; returning Nil.
   at: gdplanningai_rust::logger::process_logs (src\logger.rs:66)
   GDScript backtrace (most recent call first):
       [0] _start_plan_and_wait (res://test/integration/test_campfire_example_smoke.gd:57)
WARNING: [GdPAI] ObjectRef(1382157389614): object was freed before callback; returning Nil.
   at: gdplanningai_rust::logger::process_logs (src\logger.rs:66)
   GDScript backtrace (most recent call first):
       [0] _start_plan_and_wait (res://test/integration/test_campfire_example_smoke.gd:57)
[GdPAI | debug] GetCost: callable returned non-numeric value: null; returning INFINITY
WARNING: [GdPAI] ObjectRef(124621163998): object was freed before callback; returning Nil.
   at: gdplanningai_rust::logger::process_logs (src\logger.rs:66)
   GDScript backtrace (most recent call first):
       [0] _process (res://addons/GdPlanningAI/gdpai_autoload.gd:21)
WARNING: [GdPAI] ObjectRef(125661351450): object was freed before callback; returning Nil.
   at: gdplanningai_rust::logger::process_logs (src\logger.rs:66)
   GDScript backtrace (most recent call first):
       [0] _process (res://addons/GdPlanningAI/gdpai_autoload.gd:21)
WARNING: [GdPAI] ObjectRef(125661351450): object was freed before callback; returning Nil.
   at: gdplanningai_rust::logger::process_logs (src\logger.rs:66)
   GDScript backtrace (most recent call first):
       [0] _process (res://addons/GdPlanningAI/gdpai_autoload.gd:21)
[GdPAI | debug] GetCost: callable returned non-numeric value: null; returning INFINITY
WARNING: [GdPAI] ObjectRef(1382643928884): object was freed before callback; returning Nil.
   at: gdplanningai_rust::logger::process_logs (src\logger.rs:66)
   GDScript backtrace (most recent call first):
       [0] _process (res://addons/GdPlanningAI/gdpai_autoload.gd:21)
WARNING: [GdPAI] ObjectRef(1382157389614): object was freed before callback; returning Nil.
   at: gdplanningai_rust::logger::process_logs (src\logger.rs:66)
   GDScript backtrace (most recent call first):
       [0] _process (res://addons/GdPlanningAI/gdpai_autoload.gd:21)
WARNING: [GdPAI] ObjectRef(1382157389614): object was freed before callback; returning Nil.
   at: gdplanningai_rust::logger::process_logs (src\logger.rs:66)
   GDScript backtrace (most recent call first):
       [0] _process (res://addons/GdPlanningAI/gdpai_autoload.gd:21)
[GdPAI | debug] ApplyEffect [Before] ID=InstanceId(-9223368336237101451): agent props = {"held_item": "", "hunger": 95.0603725, "at_target": null, "entity": null}
[GdPAI | debug] ApplyEffect [After] ID=InstanceId(-9223368336237101451): agent props = {"held_item": "", "hunger": 95.0603725, "at_target": null, "entity": null}
[GdPAI | debug]   Snapshotting prop: held_item = Str("") (Variant type: STRING)
[GdPAI | debug]   Snapshotting prop: hunger = Float(95.0603725) (Variant type: FLOAT)
[GdPAI | debug]   Snapshotting prop: at_target = Nil (Variant type: NIL)
[GdPAI | debug]   Snapshotting prop: entity = Nil (Variant type: NIL)
WARNING: [GdPAI] ObjectRef(124621163998): object was freed before callback; returning Nil.
   at: gdplanningai_rust::logger::process_logs (src\logger.rs:66)
   GDScript backtrace (most recent call first):
       [0] _start_plan_and_wait (res://test/integration/test_campfire_example_smoke.gd:57)
WARNING: [GdPAI] ObjectRef(125661351450): object was freed before callback; returning Nil.
   at: gdplanningai_rust::logger::process_logs (src\logger.rs:66)
   GDScript backtrace (most recent call first):
       [0] _start_plan_and_wait (res://test/integration/test_campfire_example_smoke.gd:57)
WARNING: [GdPAI] ObjectRef(125661351450): object was freed before callback; returning Nil.
   at: gdplanningai_rust::logger::process_logs (src\logger.rs:66)
   GDScript backtrace (most recent call first):
       [0] _start_plan_and_wait (res://test/integration/test_campfire_example_smoke.gd:57)
[GdPAI | debug] ApplyEffect [Before] ID=InstanceId(-9223368335364686158): agent props = {"held_item": "", "entity": null, "hunger": 70.0627442063492, "at_target": null}
[GdPAI | debug] ApplyEffect [After] ID=InstanceId(-9223368335364686158): agent props = {"held_item": "", "entity": null, "hunger": 70.0627442063492, "at_target": null}
[GdPAI | debug]   Snapshotting prop: held_item = Str("") (Variant type: STRING)
[GdPAI | debug]   Snapshotting prop: entity = Nil (Variant type: NIL)
[GdPAI | debug]   Snapshotting prop: hunger = Float(70.0627442063492) (Variant type: FLOAT)
[GdPAI | debug]   Snapshotting prop: at_target = Nil (Variant type: NIL)
WARNING: [GdPAI] ObjectRef(1382643928884): object was freed before callback; returning Nil.
   at: gdplanningai_rust::logger::process_logs (src\logger.rs:66)
   GDScript backtrace (most recent call first):
       [0] _start_plan_and_wait (res://test/integration/test_campfire_example_smoke.gd:57)
[GdPAI | debug] GetCost: callable returned non-numeric value: null; returning INFINITY
WARNING: [GdPAI] ObjectRef(124621163998): object was freed before callback; returning Nil.
   at: gdplanningai_rust::logger::process_logs (src\logger.rs:66)
   GDScript backtrace (most recent call first):
       [0] _process (res://addons/GdPlanningAI/gdpai_autoload.gd:21)
WARNING: [GdPAI] ObjectRef(124134624705): object was freed before callback; returning Nil.
   at: gdplanningai_rust::logger::process_logs (src\logger.rs:66)
   GDScript backtrace (most recent call first):
       [0] _process (res://addons/GdPlanningAI/gdpai_autoload.gd:21)
WARNING: [GdPAI] ObjectRef(124134624705): object was freed before callback; returning Nil.
   at: gdplanningai_rust::logger::process_logs (src\logger.rs:66)
   GDScript backtrace (most recent call first):
       [0] _process (res://addons/GdPlanningAI/gdpai_autoload.gd:21)
[GdPAI | debug] GetCost: callable returned non-numeric value: null; returning INFINITY
WARNING: [GdPAI] ObjectRef(1382643928884): object was freed before callback; returning Nil.
   at: gdplanningai_rust::logger::process_logs (src\logger.rs:66)
   GDScript backtrace (most recent call first):
       [0] _process (res://addons/GdPlanningAI/gdpai_autoload.gd:21)
[GdPAI | debug] ApplyEffect [Before] ID=InstanceId(-9223368333435306330): agent props = {"entity": null, "hunger": 95.0603725, "held_item": "wood", "at_target": null}
[GdPAI | debug] ApplyEffect [After] ID=InstanceId(-9223368333435306330): agent props = {"entity": null, "hunger": 95.0603725, "held_item": "wood", "at_target": null}
[GdPAI | debug]   Snapshotting prop: entity = Nil (Variant type: NIL)
[GdPAI | debug]   Snapshotting prop: hunger = Float(95.0603725) (Variant type: FLOAT)
[GdPAI | debug]   Snapshotting prop: held_item = Str("wood") (Variant type: STRING)
[GdPAI | debug]   Snapshotting prop: at_target = Nil (Variant type: NIL)
WARNING: [GdPAI] ObjectRef(124621163998): object was freed before callback; returning Nil.
   at: gdplanningai_rust::logger::process_logs (src\logger.rs:66)
   GDScript backtrace (most recent call first):
       [0] _start_plan_and_wait (res://test/integration/test_campfire_example_smoke.gd:57)
WARNING: [GdPAI] ObjectRef(124134624705): object was freed before callback; returning Nil.
   at: gdplanningai_rust::logger::process_logs (src\logger.rs:66)
   GDScript backtrace (most recent call first):
       [0] _start_plan_and_wait (res://test/integration/test_campfire_example_smoke.gd:57)
WARNING: [GdPAI] ObjectRef(124134624705): object was freed before callback; returning Nil.
   at: gdplanningai_rust::logger::process_logs (src\logger.rs:66)
   GDScript backtrace (most recent call first):
       [0] _start_plan_and_wait (res://test/integration/test_campfire_example_smoke.gd:57)
[GdPAI | debug] ApplyEffect [Before] ID=InstanceId(-9223368332663554391): agent props = {"held_item": "", "entity": null, "hunger": 70.0627442063492, "at_target": null}
[GdPAI | debug] ApplyEffect [After] ID=InstanceId(-9223368332663554391): agent props = {"held_item": "", "entity": null, "hunger": 70.0627442063492, "at_target": null}
[GdPAI | debug]   Snapshotting prop: held_item = Str("") (Variant type: STRING)
[GdPAI | debug]   Snapshotting prop: entity = Nil (Variant type: NIL)
[GdPAI | debug]   Snapshotting prop: hunger = Float(70.0627442063492) (Variant type: FLOAT)
[GdPAI | debug]   Snapshotting prop: at_target = Nil (Variant type: NIL)
WARNING: [GdPAI] ObjectRef(1382643928884): object was freed before callback; returning Nil.
   at: gdplanningai_rust::logger::process_logs (src\logger.rs:66)
   GDScript backtrace (most recent call first):
       [0] _start_plan_and_wait (res://test/integration/test_campfire_example_smoke.gd:57)
WARNING: [GdPAI] ObjectRef(1382643928884): object was freed before callback; returning Nil.
   at: gdplanningai_rust::logger::process_logs (src\logger.rs:66)
   GDScript backtrace (most recent call first):
       [0] _start_plan_and_wait (res://test/integration/test_campfire_example_smoke.gd:57)
[GdPAI | debug] GetCost: callable returned non-numeric value: null; returning INFINITY
WARNING: [GdPAI] ObjectRef(124621163998): object was freed before callback; returning Nil.
   at: gdplanningai_rust::logger::process_logs (src\logger.rs:66)
   GDScript backtrace (most recent call first):
       [0] _process (res://addons/GdPlanningAI/gdpai_autoload.gd:21)
[GdPAI | debug] GetCost: callable returned non-numeric value: null; returning INFINITY
WARNING: [GdPAI] ObjectRef(1382643928884): object was freed before callback; returning Nil.
   at: gdplanningai_rust::logger::process_logs (src\logger.rs:66)
   GDScript backtrace (most recent call first):
       [0] _process (res://addons/GdPlanningAI/gdpai_autoload.gd:21)
WARNING: [GdPAI] ObjectRef(1382643928884): object was freed before callback; returning Nil.
   at: gdplanningai_rust::logger::process_logs (src\logger.rs:66)
   GDScript backtrace (most recent call first):
       [0] _process (res://addons/GdPlanningAI/gdpai_autoload.gd:21)
[GdPAI | debug] ApplyEffect [Before] ID=InstanceId(-9223368330683842879): agent props = {"hunger": 95.0603725, "held_item": "", "entity": null}
[GdPAI | debug] ApplyEffect [After] ID=InstanceId(-9223368330683842879): agent props = {"hunger": 95.0603725, "held_item": "", "entity": null}
[GdPAI | debug]   Snapshotting prop: hunger = Float(95.0603725) (Variant type: FLOAT)
[GdPAI | debug]   Snapshotting prop: held_item = Str("") (Variant type: STRING)
[GdPAI | debug]   Snapshotting prop: entity = Nil (Variant type: NIL)
WARNING: [GdPAI] ObjectRef(124621163998): object was freed before callback; returning Nil.
   at: gdplanningai_rust::logger::process_logs (src\logger.rs:66)
   GDScript backtrace (most recent call first):
       [0] _start_plan_and_wait (res://test/integration/test_campfire_example_smoke.gd:57)
[GdPAI | debug] ApplyEffect [Before] ID=InstanceId(-9223368329962422544): agent props = {"hunger": 70.0627442063492, "entity": null, "at_target": null, "held_item": "wood"}
[GdPAI | debug] ApplyEffect [After] ID=InstanceId(-9223368329962422544): agent props = {"hunger": 70.0627442063492, "entity": null, "at_target": null, "held_item": "wood"}
[GdPAI | debug]   Snapshotting prop: hunger = Float(70.0627442063492) (Variant type: FLOAT)
[GdPAI | debug]   Snapshotting prop: entity = Nil (Variant type: NIL)
[GdPAI | debug]   Snapshotting prop: at_target = Nil (Variant type: NIL)
[GdPAI | debug]   Snapshotting prop: held_item = Str("wood") (Variant type: STRING)
WARNING: [GdPAI] ObjectRef(1382643928884): object was freed before callback; returning Nil.
   at: gdplanningai_rust::logger::process_logs (src\logger.rs:66)
   GDScript backtrace (most recent call first):
       [0] _start_plan_and_wait (res://test/integration/test_campfire_example_smoke.gd:57)
[GdPAI | debug] GetCost: callable returned non-numeric value: null; returning INFINITY
WARNING: [GdPAI] ObjectRef(124621163998): object was freed before callback; returning Nil.
   at: gdplanningai_rust::logger::process_logs (src\logger.rs:66)
   GDScript backtrace (most recent call first):
       [0] _process (res://addons/GdPlanningAI/gdpai_autoload.gd:21)
WARNING: [GdPAI] ObjectRef(124621163998): object was freed before callback; returning Nil.
   at: gdplanningai_rust::logger::process_logs (src\logger.rs:66)
   GDScript backtrace (most recent call first):
       [0] _process (res://addons/GdPlanningAI/gdpai_autoload.gd:21)
[GdPAI | debug] GetCost: callable returned non-numeric value: null; returning INFINITY
WARNING: [GdPAI] ObjectRef(1382643928884): object was freed before callback; returning Nil.
   at: gdplanningai_rust::logger::process_logs (src\logger.rs:66)
   GDScript backtrace (most recent call first):
       [0] _process (res://addons/GdPlanningAI/gdpai_autoload.gd:21)
[GdPAI | debug] ApplyEffect [Before] ID=InstanceId(-9223368328133706013): agent props = {"hunger": 95.0603725, "entity": null, "held_item": ""}
[GdPAI | debug] ApplyEffect [After] ID=InstanceId(-9223368328133706013): agent props = {"hunger": 95.0603725, "entity": null, "held_item": ""}
[GdPAI | debug]   Snapshotting prop: hunger = Float(95.0603725) (Variant type: FLOAT)
[GdPAI | debug]   Snapshotting prop: entity = Nil (Variant type: NIL)
[GdPAI | debug]   Snapshotting prop: held_item = Str("") (Variant type: STRING)
WARNING: [GdPAI] ObjectRef(124621163998): object was freed before callback; returning Nil.
   at: gdplanningai_rust::logger::process_logs (src\logger.rs:66)
   GDScript backtrace (most recent call first):
       [0] _start_plan_and_wait (res://test/integration/test_campfire_example_smoke.gd:57)
WARNING: [GdPAI] ObjectRef(124621163998): object was freed before callback; returning Nil.
   at: gdplanningai_rust::logger::process_logs (src\logger.rs:66)
   GDScript backtrace (most recent call first):
       [0] _start_plan_and_wait (res://test/integration/test_campfire_example_smoke.gd:57)
[GdPAI | debug] ApplyEffect [Before] ID=InstanceId(-9223368327412285727): agent props = {"held_item": "", "entity": null, "hunger": 70.0627442063492}
[GdPAI | debug] ApplyEffect [After] ID=InstanceId(-9223368327412285727): agent props = {"held_item": "", "entity": null, "hunger": 70.0627442063492}
[GdPAI | debug]   Snapshotting prop: held_item = Str("") (Variant type: STRING)
[GdPAI | debug]   Snapshotting prop: entity = Nil (Variant type: NIL)
[GdPAI | debug]   Snapshotting prop: hunger = Float(70.0627442063492) (Variant type: FLOAT)
WARNING: [GdPAI] ObjectRef(1382643928884): object was freed before callback; returning Nil.
   at: gdplanningai_rust::logger::process_logs (src\logger.rs:66)
   GDScript backtrace (most recent call first):
       [0] _start_plan_and_wait (res://test/integration/test_campfire_example_smoke.gd:57)
WARNING: [GdPAI] ObjectRef(1382157389614): object was freed before callback; returning Nil.
   at: gdplanningai_rust::logger::process_logs (src\logger.rs:66)
   GDScript backtrace (most recent call first):
       [0] _start_plan_and_wait (res://test/integration/test_campfire_example_smoke.gd:57)
WARNING: [GdPAI] ObjectRef(1382157389614): object was freed before callback; returning Nil.
   at: gdplanningai_rust::logger::process_logs (src\logger.rs:66)
   GDScript backtrace (most recent call first):
       [0] _start_plan_and_wait (res://test/integration/test_campfire_example_smoke.gd:57)
[GdPAI | debug] GetCost: callable returned non-numeric value: null; returning INFINITY
WARNING: [GdPAI] ObjectRef(124621163998): object was freed before callback; returning Nil.
   at: gdplanningai_rust::logger::process_logs (src\logger.rs:66)
   GDScript backtrace (most recent call first):
       [0] _process (res://addons/GdPlanningAI/gdpai_autoload.gd:21)
[GdPAI | debug] GetCost: callable returned non-numeric value: null; returning INFINITY
WARNING: [GdPAI] ObjectRef(1382643928884): object was freed before callback; returning Nil.
   at: gdplanningai_rust::logger::process_logs (src\logger.rs:66)
   GDScript backtrace (most recent call first):
       [0] _process (res://addons/GdPlanningAI/gdpai_autoload.gd:21)
WARNING: [GdPAI] ObjectRef(1382157389614): object was freed before callback; returning Nil.
   at: gdplanningai_rust::logger::process_logs (src\logger.rs:66)
   GDScript backtrace (most recent call first):
       [0] _process (res://addons/GdPlanningAI/gdpai_autoload.gd:21)
WARNING: [GdPAI] ObjectRef(1382157389614): object was freed before callback; returning Nil.
   at: gdplanningai_rust::logger::process_logs (src\logger.rs:66)
   GDScript backtrace (most recent call first):
       [0] _process (res://addons/GdPlanningAI/gdpai_autoload.gd:21)
[GdPAI | debug] ApplyEffect [Before] ID=InstanceId(-9223368325432574250): agent props = {"held_item": "", "at_target": null, "entity": null, "hunger": 95.0603725}
[GdPAI | debug] ApplyEffect [After] ID=InstanceId(-9223368325432574250): agent props = {"held_item": "", "at_target": null, "entity": null, "hunger": 95.0603725}
[GdPAI | debug]   Snapshotting prop: held_item = Str("") (Variant type: STRING)
[GdPAI | debug]   Snapshotting prop: at_target = Nil (Variant type: NIL)
[GdPAI | debug]   Snapshotting prop: entity = Nil (Variant type: NIL)
[GdPAI | debug]   Snapshotting prop: hunger = Float(95.0603725) (Variant type: FLOAT)
WARNING: [GdPAI] ObjectRef(124621163998): object was freed before callback; returning Nil.
   at: gdplanningai_rust::logger::process_logs (src\logger.rs:66)
   GDScript backtrace (most recent call first):
       [0] _start_plan_and_wait (res://test/integration/test_campfire_example_smoke.gd:57)
[GdPAI | debug] ApplyEffect [Before] ID=InstanceId(-9223368324660822349): agent props = {"held_item": "", "hunger": 70.0627442063492, "entity": null}
[GdPAI | debug] ApplyEffect [After] ID=InstanceId(-9223368324660822349): agent props = {"held_item": "", "hunger": 70.0627442063492, "entity": null}
[GdPAI | debug]   Snapshotting prop: held_item = Str("") (Variant type: STRING)
[GdPAI | debug]   Snapshotting prop: hunger = Float(70.0627442063492) (Variant type: FLOAT)
[GdPAI | debug]   Snapshotting prop: entity = Nil (Variant type: NIL)
WARNING: [GdPAI] ObjectRef(1382643928884): object was freed before callback; returning Nil.
   at: gdplanningai_rust::logger::process_logs (src\logger.rs:66)
   GDScript backtrace (most recent call first):
       [0] _start_plan_and_wait (res://test/integration/test_campfire_example_smoke.gd:57)
WARNING: [GdPAI] ObjectRef(1382157389614): object was freed before callback; returning Nil.
   at: gdplanningai_rust::logger::process_logs (src\logger.rs:66)
   GDScript backtrace (most recent call first):
       [0] _start_plan_and_wait (res://test/integration/test_campfire_example_smoke.gd:57)
WARNING: [GdPAI] ObjectRef(1382157389614): object was freed before callback; returning Nil.
   at: gdplanningai_rust::logger::process_logs (src\logger.rs:66)
   GDScript backtrace (most recent call first):
       [0] _start_plan_and_wait (res://test/integration/test_campfire_example_smoke.gd:57)
[GdPAI | debug] GetCost: callable returned non-numeric value: null; returning INFINITY
WARNING: [GdPAI] ObjectRef(124621163998): object was freed before callback; returning Nil.
   at: gdplanningai_rust::logger::process_logs (src\logger.rs:66)
   GDScript backtrace (most recent call first):
       [0] _process (res://addons/GdPlanningAI/gdpai_autoload.gd:21)
[GdPAI | debug] GetCost: callable returned non-numeric value: null; returning INFINITY
WARNING: [GdPAI] ObjectRef(1382643928884): object was freed before callback; returning Nil.
   at: gdplanningai_rust::logger::process_logs (src\logger.rs:66)
   GDScript backtrace (most recent call first):
       [0] _process (res://addons/GdPlanningAI/gdpai_autoload.gd:21)
WARNING: [GdPAI] ObjectRef(1382157389614): object was freed before callback; returning Nil.
   at: gdplanningai_rust::logger::process_logs (src\logger.rs:66)
   GDScript backtrace (most recent call first):
       [0] _process (res://addons/GdPlanningAI/gdpai_autoload.gd:21)
WARNING: [GdPAI] ObjectRef(1382157389614): object was freed before callback; returning Nil.
   at: gdplanningai_rust::logger::process_logs (src\logger.rs:66)
   GDScript backtrace (most recent call first):
       [0] _process (res://addons/GdPlanningAI/gdpai_autoload.gd:21)
[GdPAI | debug] ApplyEffect [Before] ID=InstanceId(-9223368322731442450): agent props = {"hunger": 95.0603725, "entity": null, "held_item": "", "at_target": null}
[GdPAI | debug] ApplyEffect [After] ID=InstanceId(-9223368322731442450): agent props = {"hunger": 95.0603725, "entity": null, "held_item": "", "at_target": null}
[GdPAI | debug]   Snapshotting prop: hunger = Float(95.0603725) (Variant type: FLOAT)
[GdPAI | debug]   Snapshotting prop: entity = Nil (Variant type: NIL)
[GdPAI | debug]   Snapshotting prop: held_item = Str("") (Variant type: STRING)
[GdPAI | debug]   Snapshotting prop: at_target = Nil (Variant type: NIL)
WARNING: [GdPAI] ObjectRef(124621163998): object was freed before callback; returning Nil.
   at: gdplanningai_rust::logger::process_logs (src\logger.rs:66)
   GDScript backtrace (most recent call first):
       [0] _start_plan_and_wait (res://test/integration/test_campfire_example_smoke.gd:57)
[GdPAI | debug] ApplyEffect [Before] ID=InstanceId(-9223368321959690493): agent props = {"entity": null, "hunger": 70.0627442063492, "held_item": ""}
[GdPAI | debug] ApplyEffect [After] ID=InstanceId(-9223368321959690493): agent props = {"entity": null, "hunger": 70.0627442063492, "held_item": ""}
[GdPAI | debug]   Snapshotting prop: entity = Nil (Variant type: NIL)
[GdPAI | debug]   Snapshotting prop: hunger = Float(70.0627442063492) (Variant type: FLOAT)
[GdPAI | debug]   Snapshotting prop: held_item = Str("") (Variant type: STRING)
WARNING: [GdPAI] ObjectRef(1382643928884): object was freed before callback; returning Nil.
   at: gdplanningai_rust::logger::process_logs (src\logger.rs:66)
   GDScript backtrace (most recent call first):
       [0] _start_plan_and_wait (res://test/integration/test_campfire_example_smoke.gd:57)
[GdPAI | debug] GetCost: callable returned non-numeric value: null; returning INFINITY
WARNING: [GdPAI] ObjectRef(124621163998): object was freed before callback; returning Nil.
   at: gdplanningai_rust::logger::process_logs (src\logger.rs:66)
   GDScript backtrace (most recent call first):
       [0] _process (res://addons/GdPlanningAI/gdpai_autoload.gd:21)
[GdPAI | debug] GetCost: callable returned non-numeric value: null; returning INFINITY
WARNING: [GdPAI] ObjectRef(1382643928884): object was freed before callback; returning Nil.
   at: gdplanningai_rust::logger::process_logs (src\logger.rs:66)
   GDScript backtrace (most recent call first):
       [0] _process (res://addons/GdPlanningAI/gdpai_autoload.gd:21)
[GdPAI | debug] ApplyEffect [Before] ID=InstanceId(-9223368320130973921): agent props = {"entity": null, "hunger": 95.0603725, "held_item": "wood", "at_target": null}
[GdPAI | debug] ApplyEffect [After] ID=InstanceId(-9223368320130973921): agent props = {"entity": null, "hunger": 95.0603725, "held_item": "wood", "at_target": null}
[GdPAI | debug]   Snapshotting prop: entity = Nil (Variant type: NIL)
[GdPAI | debug]   Snapshotting prop: hunger = Float(95.0603725) (Variant type: FLOAT)
[GdPAI | debug]   Snapshotting prop: held_item = Str("wood") (Variant type: STRING)
[GdPAI | debug]   Snapshotting prop: at_target = Nil (Variant type: NIL)
[GdPAI | debug] Numeric comparison: 95.0603725 GreaterThan 0 -> true
WARNING: [GdPAI] ObjectRef(124621163998): object was freed before callback; returning Nil.
   at: gdplanningai_rust::logger::process_logs (src\logger.rs:66)
   GDScript backtrace (most recent call first):
       [0] _start_plan_and_wait (res://test/integration/test_campfire_example_smoke.gd:57)
[GdPAI | debug] ApplyEffect [Before] ID=InstanceId(-9223368319459885259): agent props = {"held_item": "", "entity": null, "hunger": 70.0627442063492}
[GdPAI | debug] ApplyEffect [After] ID=InstanceId(-9223368319459885259): agent props = {"held_item": "", "entity": null, "hunger": 70.0627442063492}
[GdPAI | debug]   Snapshotting prop: held_item = Str("") (Variant type: STRING)
[GdPAI | debug]   Snapshotting prop: entity = Nil (Variant type: NIL)
[GdPAI | debug]   Snapshotting prop: hunger = Float(70.0627442063492) (Variant type: FLOAT)
WARNING: [GdPAI] ObjectRef(1382643928884): object was freed before callback; returning Nil.
   at: gdplanningai_rust::logger::process_logs (src\logger.rs:66)
   GDScript backtrace (most recent call first):
       [0] _start_plan_and_wait (res://test/integration/test_campfire_example_smoke.gd:57)
WARNING: [GdPAI] ObjectRef(1382643928884): object was freed before callback; returning Nil.
   at: gdplanningai_rust::logger::process_logs (src\logger.rs:66)
   GDScript backtrace (most recent call first):
       [0] _start_plan_and_wait (res://test/integration/test_campfire_example_smoke.gd:57)
WARNING: [GdPAI] ObjectRef(1383197576744): object was freed before callback; returning Nil.
   at: gdplanningai_rust::logger::process_logs (src\logger.rs:66)
   GDScript backtrace (most recent call first):
       [0] _start_plan_and_wait (res://test/integration/test_campfire_example_smoke.gd:57)
WARNING: [GdPAI] ObjectRef(1383197576744): object was freed before callback; returning Nil.
   at: gdplanningai_rust::logger::process_logs (src\logger.rs:66)
   GDScript backtrace (most recent call first):
       [0] _start_plan_and_wait (res://test/integration/test_campfire_example_smoke.gd:57)
[GdPAI | debug] GetCost: callable returned non-numeric value: null; returning INFINITY
WARNING: [GdPAI] ObjectRef(124621163998): object was freed before callback; returning Nil.
   at: gdplanningai_rust::logger::process_logs (src\logger.rs:66)
   GDScript backtrace (most recent call first):
       [0] _process (res://addons/GdPlanningAI/gdpai_autoload.gd:21)
[GdPAI | debug] GetCost: callable returned non-numeric value: null; returning INFINITY
WARNING: [GdPAI] ObjectRef(1382643928884): object was freed before callback; returning Nil.
   at: gdplanningai_rust::logger::process_logs (src\logger.rs:66)
   GDScript backtrace (most recent call first):
       [0] _process (res://addons/GdPlanningAI/gdpai_autoload.gd:21)
WARNING: [GdPAI] ObjectRef(1382643928884): object was freed before callback; returning Nil.
   at: gdplanningai_rust::logger::process_logs (src\logger.rs:66)
   GDScript backtrace (most recent call first):
       [0] _process (res://addons/GdPlanningAI/gdpai_autoload.gd:21)
WARNING: [GdPAI] ObjectRef(1383197576744): object was freed before callback; returning Nil.
   at: gdplanningai_rust::logger::process_logs (src\logger.rs:66)
   GDScript backtrace (most recent call first):
       [0] _process (res://addons/GdPlanningAI/gdpai_autoload.gd:21)
WARNING: [GdPAI] ObjectRef(1383197576744): object was freed before callback; returning Nil.
   at: gdplanningai_rust::logger::process_logs (src\logger.rs:66)
   GDScript backtrace (most recent call first):
       [0] _process (res://addons/GdPlanningAI/gdpai_autoload.gd:21)
[GdPAI | debug] ApplyEffect [Before] ID=InstanceId(-9223368317480173766): agent props = {"held_item": "", "entity": null, "at_target": null, "hunger": 95.0603725}
[GdPAI | debug] ApplyEffect [After] ID=InstanceId(-9223368317480173766): agent props = {"held_item": "", "entity": null, "at_target": null, "hunger": 95.0603725}
[GdPAI | debug]   Snapshotting prop: held_item = Str("") (Variant type: STRING)
[GdPAI | debug]   Snapshotting prop: entity = Nil (Variant type: NIL)
[GdPAI | debug]   Snapshotting prop: at_target = Nil (Variant type: NIL)
[GdPAI | debug]   Snapshotting prop: hunger = Float(95.0603725) (Variant type: FLOAT)
WARNING: [GdPAI] ObjectRef(124621163998): object was freed before callback; returning Nil.
   at: gdplanningai_rust::logger::process_logs (src\logger.rs:66)
   GDScript backtrace (most recent call first):
       [0] _start_plan_and_wait (res://test/integration/test_campfire_example_smoke.gd:57)
[GdPAI | debug] ApplyEffect [Before] ID=InstanceId(-9223368316658090155): agent props = {"entity": null, "hunger": 70.0627442063492, "held_item": ""}
[GdPAI | debug] ApplyEffect [After] ID=InstanceId(-9223368316658090155): agent props = {"entity": null, "hunger": 70.0627442063492, "held_item": ""}
[GdPAI | debug]   Snapshotting prop: entity = Nil (Variant type: NIL)
[GdPAI | debug]   Snapshotting prop: hunger = Float(70.0627442063492) (Variant type: FLOAT)
[GdPAI | debug]   Snapshotting prop: held_item = Str("") (Variant type: STRING)
WARNING: [GdPAI] ObjectRef(1382643928884): object was freed before callback; returning Nil.
   at: gdplanningai_rust::logger::process_logs (src\logger.rs:66)
   GDScript backtrace (most recent call first):
       [0] _start_plan_and_wait (res://test/integration/test_campfire_example_smoke.gd:57)
WARNING: [GdPAI] ObjectRef(1383197576744): object was freed before callback; returning Nil.
   at: gdplanningai_rust::logger::process_logs (src\logger.rs:66)
   GDScript backtrace (most recent call first):
       [0] _start_plan_and_wait (res://test/integration/test_campfire_example_smoke.gd:57)
WARNING: [GdPAI] ObjectRef(1383197576744): object was freed before callback; returning Nil.
   at: gdplanningai_rust::logger::process_logs (src\logger.rs:66)
   GDScript backtrace (most recent call first):
       [0] _start_plan_and_wait (res://test/integration/test_campfire_example_smoke.gd:57)
[GdPAI | debug] GetCost: callable returned non-numeric value: null; returning INFINITY
WARNING: [GdPAI] ObjectRef(124621163998): object was freed before callback; returning Nil.
   at: gdplanningai_rust::logger::process_logs (src\logger.rs:66)
   GDScript backtrace (most recent call first):
       [0] _process (res://addons/GdPlanningAI/gdpai_autoload.gd:21)
[GdPAI | debug] GetCost: callable returned non-numeric value: null; returning INFINITY
WARNING: [GdPAI] ObjectRef(1382643928884): object was freed before callback; returning Nil.
   at: gdplanningai_rust::logger::process_logs (src\logger.rs:66)
   GDScript backtrace (most recent call first):
       [0] _process (res://addons/GdPlanningAI/gdpai_autoload.gd:21)
WARNING: [GdPAI] ObjectRef(1383197576744): object was freed before callback; returning Nil.
   at: gdplanningai_rust::logger::process_logs (src\logger.rs:66)
   GDScript backtrace (most recent call first):
       [0] _process (res://addons/GdPlanningAI/gdpai_autoload.gd:21)
WARNING: [GdPAI] ObjectRef(1383197576744): object was freed before callback; returning Nil.
   at: gdplanningai_rust::logger::process_logs (src\logger.rs:66)
   GDScript backtrace (most recent call first):
       [0] _process (res://addons/GdPlanningAI/gdpai_autoload.gd:21)
[GdPAI | debug] ApplyEffect [Before] ID=InstanceId(-9223368314728710351): agent props = {"at_target": null, "hunger": 95.0603725, "held_item": "", "entity": null}
[GdPAI | debug] ApplyEffect [After] ID=InstanceId(-9223368314728710351): agent props = {"at_target": null, "hunger": 95.0603725, "held_item": "", "entity": null}
[GdPAI | debug]   Snapshotting prop: at_target = Nil (Variant type: NIL)
[GdPAI | debug]   Snapshotting prop: hunger = Float(95.0603725) (Variant type: FLOAT)
[GdPAI | debug]   Snapshotting prop: held_item = Str("") (Variant type: STRING)
[GdPAI | debug]   Snapshotting prop: entity = Nil (Variant type: NIL)
WARNING: [GdPAI] ObjectRef(124621163998): object was freed before callback; returning Nil.
   at: gdplanningai_rust::logger::process_logs (src\logger.rs:66)
   GDScript backtrace (most recent call first):
       [0] _start_plan_and_wait (res://test/integration/test_campfire_example_smoke.gd:57)
[GdPAI | debug] ApplyEffect [Before] ID=InstanceId(-9223368313956958348): agent props = {"entity": null, "held_item": "wood", "hunger": 70.0627442063492}
[GdPAI | debug] ApplyEffect [After] ID=InstanceId(-9223368313956958348): agent props = {"entity": null, "held_item": "wood", "hunger": 70.0627442063492}
[GdPAI | debug]   Snapshotting prop: entity = Nil (Variant type: NIL)
[GdPAI | debug]   Snapshotting prop: held_item = Str("wood") (Variant type: STRING)
[GdPAI | debug]   Snapshotting prop: hunger = Float(70.0627442063492) (Variant type: FLOAT)
WARNING: [GdPAI] ObjectRef(1382643928884): object was freed before callback; returning Nil.
   at: gdplanningai_rust::logger::process_logs (src\logger.rs:66)
   GDScript backtrace (most recent call first):
       [0] _start_plan_and_wait (res://test/integration/test_campfire_example_smoke.gd:57)
WARNING: [GdPAI] ObjectRef(1382157389614): object was freed before callback; returning Nil.
   at: gdplanningai_rust::logger::process_logs (src\logger.rs:66)
   GDScript backtrace (most recent call first):
       [0] _start_plan_and_wait (res://test/integration/test_campfire_example_smoke.gd:57)
WARNING: [GdPAI] ObjectRef(1382157389614): object was freed before callback; returning Nil.
   at: gdplanningai_rust::logger::process_logs (src\logger.rs:66)
   GDScript backtrace (most recent call first):
       [0] _start_plan_and_wait (res://test/integration/test_campfire_example_smoke.gd:57)
[GdPAI | debug] GetCost: callable returned non-numeric value: null; returning INFINITY
WARNING: [GdPAI] ObjectRef(124621163998): object was freed before callback; returning Nil.
   at: gdplanningai_rust::logger::process_logs (src\logger.rs:66)
   GDScript backtrace (most recent call first):
       [0] _process (res://addons/GdPlanningAI/gdpai_autoload.gd:21)
WARNING: [GdPAI] ObjectRef(124621163998): object was freed before callback; returning Nil.
   at: gdplanningai_rust::logger::process_logs (src\logger.rs:66)
   GDScript backtrace (most recent call first):
       [0] _process (res://addons/GdPlanningAI/gdpai_autoload.gd:21)
[GdPAI | debug] GetCost: callable returned non-numeric value: null; returning INFINITY
WARNING: [GdPAI] ObjectRef(1382643928884): object was freed before callback; returning Nil.
   at: gdplanningai_rust::logger::process_logs (src\logger.rs:66)
   GDScript backtrace (most recent call first):
       [0] _process (res://addons/GdPlanningAI/gdpai_autoload.gd:21)
WARNING: [GdPAI] ObjectRef(1382157389614): object was freed before callback; returning Nil.
   at: gdplanningai_rust::logger::process_logs (src\logger.rs:66)
   GDScript backtrace (most recent call first):
       [0] _process (res://addons/GdPlanningAI/gdpai_autoload.gd:21)
WARNING: [GdPAI] ObjectRef(1382157389614): object was freed before callback; returning Nil.
   at: gdplanningai_rust::logger::process_logs (src\logger.rs:66)
   GDScript backtrace (most recent call first):
       [0] _process (res://addons/GdPlanningAI/gdpai_autoload.gd:21)
[GdPAI | debug] ApplyEffect [Before] ID=InstanceId(-9223368312027578543): agent props = {"at_target": null, "entity": null, "hunger": 95.0603725, "held_item": ""}
[GdPAI | debug] ApplyEffect [After] ID=InstanceId(-9223368312027578543): agent props = {"at_target": null, "entity": null, "hunger": 95.0603725, "held_item": ""}
[GdPAI | debug]   Snapshotting prop: at_target = Nil (Variant type: NIL)
[GdPAI | debug]   Snapshotting prop: entity = Nil (Variant type: NIL)
[GdPAI | debug]   Snapshotting prop: hunger = Float(95.0603725) (Variant type: FLOAT)
[GdPAI | debug]   Snapshotting prop: held_item = Str("") (Variant type: STRING)
WARNING: [GdPAI] ObjectRef(124621163998): object was freed before callback; returning Nil.
   at: gdplanningai_rust::logger::process_logs (src\logger.rs:66)
   GDScript backtrace (most recent call first):
       [0] _start_plan_and_wait (res://test/integration/test_campfire_example_smoke.gd:57)
WARNING: [GdPAI] ObjectRef(124621163998): object was freed before callback; returning Nil.
   at: gdplanningai_rust::logger::process_logs (src\logger.rs:66)
   GDScript backtrace (most recent call first):
       [0] _start_plan_and_wait (res://test/integration/test_campfire_example_smoke.gd:57)
[GdPAI | debug] ApplyEffect [Before] ID=InstanceId(-9223368311205494964): agent props = {"held_item": "", "entity": null, "hunger": 70.0627442063492}
[GdPAI | debug] ApplyEffect [After] ID=InstanceId(-9223368311205494964): agent props = {"held_item": "", "entity": null, "hunger": 70.0627442063492}
[GdPAI | debug]   Snapshotting prop: held_item = Str("") (Variant type: STRING)
[GdPAI | debug]   Snapshotting prop: entity = Nil (Variant type: NIL)
[GdPAI | debug]   Snapshotting prop: hunger = Float(70.0627442063492) (Variant type: FLOAT)
WARNING: [GdPAI] ObjectRef(1382643928884): object was freed before callback; returning Nil.
   at: gdplanningai_rust::logger::process_logs (src\logger.rs:66)
   GDScript backtrace (most recent call first):
       [0] _start_plan_and_wait (res://test/integration/test_campfire_example_smoke.gd:57)
WARNING: [GdPAI] ObjectRef(1382157389614): object was freed before callback; returning Nil.
   at: gdplanningai_rust::logger::process_logs (src\logger.rs:66)
   GDScript backtrace (most recent call first):
       [0] _start_plan_and_wait (res://test/integration/test_campfire_example_smoke.gd:57)
WARNING: [GdPAI] ObjectRef(1382157389614): object was freed before callback; returning Nil.
   at: gdplanningai_rust::logger::process_logs (src\logger.rs:66)
   GDScript backtrace (most recent call first):
       [0] _start_plan_and_wait (res://test/integration/test_campfire_example_smoke.gd:57)
[GdPAI | debug] GetCost: callable returned non-numeric value: null; returning INFINITY
WARNING: [GdPAI] ObjectRef(124621163998): object was freed before callback; returning Nil.
   at: gdplanningai_rust::logger::process_logs (src\logger.rs:66)
   GDScript backtrace (most recent call first):
       [0] _process (res://addons/GdPlanningAI/gdpai_autoload.gd:21)
[GdPAI | debug] GetCost: callable returned non-numeric value: null; returning INFINITY
WARNING: [GdPAI] ObjectRef(1382643928884): object was freed before callback; returning Nil.
   at: gdplanningai_rust::logger::process_logs (src\logger.rs:66)
   GDScript backtrace (most recent call first):
       [0] _process (res://addons/GdPlanningAI/gdpai_autoload.gd:21)
WARNING: [GdPAI] ObjectRef(1382157389614): object was freed before callback; returning Nil.
   at: gdplanningai_rust::logger::process_logs (src\logger.rs:66)
   GDScript backtrace (most recent call first):
       [0] _process (res://addons/GdPlanningAI/gdpai_autoload.gd:21)
WARNING: [GdPAI] ObjectRef(1382157389614): object was freed before callback; returning Nil.
   at: gdplanningai_rust::logger::process_logs (src\logger.rs:66)
   GDScript backtrace (most recent call first):
       [0] _process (res://addons/GdPlanningAI/gdpai_autoload.gd:21)
[GdPAI | debug] ApplyEffect [Before] ID=InstanceId(-9223368309225783430): agent props = {"entity": null, "held_item": "", "at_target": null, "hunger": 95.0603725}
[GdPAI | debug] ApplyEffect [After] ID=InstanceId(-9223368309225783430): agent props = {"entity": null, "held_item": "", "at_target": null, "hunger": 95.0603725}
[GdPAI | debug]   Snapshotting prop: entity = Nil (Variant type: NIL)
[GdPAI | debug]   Snapshotting prop: held_item = Str("") (Variant type: STRING)
[GdPAI | debug]   Snapshotting prop: at_target = Nil (Variant type: NIL)
[GdPAI | debug]   Snapshotting prop: hunger = Float(95.0603725) (Variant type: FLOAT)
WARNING: [GdPAI] ObjectRef(124621163998): object was freed before callback; returning Nil.
   at: gdplanningai_rust::logger::process_logs (src\logger.rs:66)
   GDScript backtrace (most recent call first):
       [0] _start_plan_and_wait (res://test/integration/test_campfire_example_smoke.gd:57)
[GdPAI | debug] ApplyEffect [Before] ID=InstanceId(-9223368308454031513): agent props = {"held_item": "", "entity": null, "hunger": 70.0627442063492}
[GdPAI | debug] ApplyEffect [After] ID=InstanceId(-9223368308454031513): agent props = {"held_item": "", "entity": null, "hunger": 70.0627442063492}
[GdPAI | debug]   Snapshotting prop: held_item = Str("") (Variant type: STRING)
[GdPAI | debug]   Snapshotting prop: entity = Nil (Variant type: NIL)
[GdPAI | debug]   Snapshotting prop: hunger = Float(70.0627442063492) (Variant type: FLOAT)
WARNING: [GdPAI] ObjectRef(1382643928884): object was freed before callback; returning Nil.
   at: gdplanningai_rust::logger::process_logs (src\logger.rs:66)
   GDScript backtrace (most recent call first):
       [0] _start_plan_and_wait (res://test/integration/test_campfire_example_smoke.gd:57)
[GdPAI | debug] GetCost: callable returned non-numeric value: null; returning INFINITY
WARNING: [GdPAI] ObjectRef(124621163998): object was freed before callback; returning Nil.
   at: gdplanningai_rust::logger::process_logs (src\logger.rs:66)
   GDScript backtrace (most recent call first):
       [0] _process (res://addons/GdPlanningAI/gdpai_autoload.gd:21)
[GdPAI | debug] GetCost: callable returned non-numeric value: null; returning INFINITY
WARNING: [GdPAI] ObjectRef(1382643928884): object was freed before callback; returning Nil.
   at: gdplanningai_rust::logger::process_logs (src\logger.rs:66)
   GDScript backtrace (most recent call first):
       [0] _process (res://addons/GdPlanningAI/gdpai_autoload.gd:21)
[GdPAI | debug] ApplyEffect [Before] ID=InstanceId(-9223368306625314941): agent props = {"hunger": 95.0603725, "at_target": null, "entity": null, "held_item": "wood"}
[GdPAI | debug] ApplyEffect [After] ID=InstanceId(-9223368306625314941): agent props = {"hunger": 95.0603725, "at_target": null, "entity": null, "held_item": "wood"}
[GdPAI | debug]   Snapshotting prop: hunger = Float(95.0603725) (Variant type: FLOAT)
[GdPAI | debug]   Snapshotting prop: at_target = Nil (Variant type: NIL)
[GdPAI | debug]   Snapshotting prop: entity = Nil (Variant type: NIL)
[GdPAI | debug]   Snapshotting prop: held_item = Str("wood") (Variant type: STRING)
WARNING: [GdPAI] ObjectRef(124621163998): object was freed before callback; returning Nil.
   at: gdplanningai_rust::logger::process_logs (src\logger.rs:66)
   GDScript backtrace (most recent call first):
       [0] _start_plan_and_wait (res://test/integration/test_campfire_example_smoke.gd:57)
[GdPAI | debug] ApplyEffect [Before] ID=InstanceId(-9223368305954226302): agent props = {"hunger": 70.0627442063492, "held_item": "", "entity": null}
[GdPAI | debug] ApplyEffect [After] ID=InstanceId(-9223368305954226302): agent props = {"hunger": 70.0627442063492, "held_item": "", "entity": null}
[GdPAI | debug]   Snapshotting prop: hunger = Float(70.0627442063492) (Variant type: FLOAT)
[GdPAI | debug]   Snapshotting prop: held_item = Str("") (Variant type: STRING)
[GdPAI | debug]   Snapshotting prop: entity = Nil (Variant type: NIL)
WARNING: [GdPAI] ObjectRef(1382643928884): object was freed before callback; returning Nil.
   at: gdplanningai_rust::logger::process_logs (src\logger.rs:66)
   GDScript backtrace (most recent call first):
       [0] _start_plan_and_wait (res://test/integration/test_campfire_example_smoke.gd:57)
WARNING: [GdPAI] ObjectRef(1382643928884): object was freed before callback; returning Nil.
   at: gdplanningai_rust::logger::process_logs (src\logger.rs:66)
   GDScript backtrace (most recent call first):
       [0] _start_plan_and_wait (res://test/integration/test_campfire_example_smoke.gd:57)
[GdPAI | debug] GetCost: callable returned non-numeric value: null; returning INFINITY
WARNING: [GdPAI] ObjectRef(124621163998): object was freed before callback; returning Nil.
   at: gdplanningai_rust::logger::process_logs (src\logger.rs:66)
   GDScript backtrace (most recent call first):
       [0] _process (res://addons/GdPlanningAI/gdpai_autoload.gd:21)
[GdPAI | debug] GetCost: callable returned non-numeric value: null; returning INFINITY
WARNING: [GdPAI] ObjectRef(1382643928884): object was freed before callback; returning Nil.
   at: gdplanningai_rust::logger::process_logs (src\logger.rs:66)
   GDScript backtrace (most recent call first):
       [0] _process (res://addons/GdPlanningAI/gdpai_autoload.gd:21)
WARNING: [GdPAI] ObjectRef(1382643928884): object was freed before callback; returning Nil.
   at: gdplanningai_rust::logger::process_logs (src\logger.rs:66)
   GDScript backtrace (most recent call first):
       [0] _process (res://addons/GdPlanningAI/gdpai_autoload.gd:21)
[GdPAI | debug] ApplyEffect [Before] ID=InstanceId(-9223368304075178065): agent props = {"held_item": "", "hunger": 95.0603725, "entity": null}
[GdPAI | debug] ApplyEffect [After] ID=InstanceId(-9223368304075178065): agent props = {"held_item": "", "hunger": 95.0603725, "entity": null}
[GdPAI | debug]   Snapshotting prop: held_item = Str("") (Variant type: STRING)
[GdPAI | debug]   Snapshotting prop: hunger = Float(95.0603725) (Variant type: FLOAT)
[GdPAI | debug]   Snapshotting prop: entity = Nil (Variant type: NIL)
WARNING: [GdPAI] ObjectRef(124621163998): object was freed before callback; returning Nil.
   at: gdplanningai_rust::logger::process_logs (src\logger.rs:66)
   GDScript backtrace (most recent call first):
       [0] _start_plan_and_wait (res://test/integration/test_campfire_example_smoke.gd:57)
[GdPAI | debug] ApplyEffect [Before] ID=InstanceId(-9223368303353757770): agent props = {"held_item": "", "entity": null, "hunger": 70.0627442063492}
[GdPAI | debug] ApplyEffect [After] ID=InstanceId(-9223368303353757770): agent props = {"held_item": "", "entity": null, "hunger": 70.0627442063492}
[GdPAI | debug]   Snapshotting prop: held_item = Str("") (Variant type: STRING)
[GdPAI | debug]   Snapshotting prop: entity = Nil (Variant type: NIL)
[GdPAI | debug]   Snapshotting prop: hunger = Float(70.0627442063492) (Variant type: FLOAT)
WARNING: [GdPAI] ObjectRef(1382643928884): object was freed before callback; returning Nil.
   at: gdplanningai_rust::logger::process_logs (src\logger.rs:66)
   GDScript backtrace (most recent call first):
       [0] _start_plan_and_wait (res://test/integration/test_campfire_example_smoke.gd:57)
[GdPAI | debug] GetCost: callable returned non-numeric value: null; returning INFINITY
WARNING: [GdPAI] ObjectRef(124621163998): object was freed before callback; returning Nil.
   at: gdplanningai_rust::logger::process_logs (src\logger.rs:66)
   GDScript backtrace (most recent call first):
       [0] _process (res://addons/GdPlanningAI/gdpai_autoload.gd:21)
[GdPAI | debug] GetCost: callable returned non-numeric value: null; returning INFINITY
WARNING: [GdPAI] ObjectRef(1382643928884): object was freed before callback; returning Nil.
   at: gdplanningai_rust::logger::process_logs (src\logger.rs:66)
   GDScript backtrace (most recent call first):
       [0] _process (res://addons/GdPlanningAI/gdpai_autoload.gd:21)
[GdPAI | debug] ApplyEffect [Before] ID=InstanceId(-9223368301525041272): agent props = {"held_item": "", "hunger": 95.0603725, "entity": null}
[GdPAI | debug] ApplyEffect [After] ID=InstanceId(-9223368301525041272): agent props = {"held_item": "", "hunger": 95.0603725, "entity": null}
[GdPAI | debug]   Snapshotting prop: held_item = Str("") (Variant type: STRING)
[GdPAI | debug]   Snapshotting prop: hunger = Float(95.0603725) (Variant type: FLOAT)
[GdPAI | debug]   Snapshotting prop: entity = Nil (Variant type: NIL)
WARNING: [GdPAI] ObjectRef(124621163998): object was freed before callback; returning Nil.
   at: gdplanningai_rust::logger::process_logs (src\logger.rs:66)
   GDScript backtrace (most recent call first):
       [0] _start_plan_and_wait (res://test/integration/test_campfire_example_smoke.gd:57)
[GdPAI | debug] ApplyEffect [Before] ID=InstanceId(-9223368300853952552): agent props = {"hunger": 70.0627442063492, "held_item": "", "entity": null}
[GdPAI | debug] ApplyEffect [After] ID=InstanceId(-9223368300853952552): agent props = {"hunger": 70.0627442063492, "held_item": "", "entity": null}
[GdPAI | debug]   Snapshotting prop: hunger = Float(70.0627442063492) (Variant type: FLOAT)
[GdPAI | debug]   Snapshotting prop: held_item = Str("") (Variant type: STRING)
[GdPAI | debug]   Snapshotting prop: entity = Nil (Variant type: NIL)
WARNING: [GdPAI] ObjectRef(1382643928884): object was freed before callback; returning Nil.
   at: gdplanningai_rust::logger::process_logs (src\logger.rs:66)
   GDScript backtrace (most recent call first):
       [0] _start_plan_and_wait (res://test/integration/test_campfire_example_smoke.gd:57)
WARNING: [GdPAI] ObjectRef(1382157389614): object was freed before callback; returning Nil.
   at: gdplanningai_rust::logger::process_logs (src\logger.rs:66)
   GDScript backtrace (most recent call first):
       [0] _start_plan_and_wait (res://test/integration/test_campfire_example_smoke.gd:57)
WARNING: [GdPAI] ObjectRef(1382157389614): object was freed before callback; returning Nil.
   at: gdplanningai_rust::logger::process_logs (src\logger.rs:66)
   GDScript backtrace (most recent call first):
       [0] _start_plan_and_wait (res://test/integration/test_campfire_example_smoke.gd:57)
[GdPAI | debug] GetCost: callable returned non-numeric value: null; returning INFINITY
WARNING: [GdPAI] ObjectRef(124621163998): object was freed before callback; returning Nil.
   at: gdplanningai_rust::logger::process_logs (src\logger.rs:66)
   GDScript backtrace (most recent call first):
       [0] _process (res://addons/GdPlanningAI/gdpai_autoload.gd:21)
[GdPAI | debug] GetCost: callable returned non-numeric value: null; returning INFINITY
WARNING: [GdPAI] ObjectRef(1382643928884): object was freed before callback; returning Nil.
   at: gdplanningai_rust::logger::process_logs (src\logger.rs:66)
   GDScript backtrace (most recent call first):
       [0] _process (res://addons/GdPlanningAI/gdpai_autoload.gd:21)
WARNING: [GdPAI] ObjectRef(1382157389614): object was freed before callback; returning Nil.
   at: gdplanningai_rust::logger::process_logs (src\logger.rs:66)
   GDScript backtrace (most recent call first):
       [0] _process (res://addons/GdPlanningAI/gdpai_autoload.gd:21)
WARNING: [GdPAI] ObjectRef(1382157389614): object was freed before callback; returning Nil.
   at: gdplanningai_rust::logger::process_logs (src\logger.rs:66)
   GDScript backtrace (most recent call first):
       [0] _process (res://addons/GdPlanningAI/gdpai_autoload.gd:21)
[GdPAI | debug] ApplyEffect [Before] ID=InstanceId(-9223368298924572735): agent props = {"hunger": 95.0603725, "entity": null, "at_target": null, "held_item": ""}
[GdPAI | debug] ApplyEffect [After] ID=InstanceId(-9223368298924572735): agent props = {"hunger": 95.0603725, "entity": null, "at_target": null, "held_item": ""}
[GdPAI | debug]   Snapshotting prop: hunger = Float(95.0603725) (Variant type: FLOAT)
[GdPAI | debug]   Snapshotting prop: entity = Nil (Variant type: NIL)
[GdPAI | debug]   Snapshotting prop: at_target = Nil (Variant type: NIL)
[GdPAI | debug]   Snapshotting prop: held_item = Str("") (Variant type: STRING)
WARNING: [GdPAI] ObjectRef(124621163998): object was freed before callback; returning Nil.
   at: gdplanningai_rust::logger::process_logs (src\logger.rs:66)
   GDScript backtrace (most recent call first):
       [0] _start_plan_and_wait (res://test/integration/test_campfire_example_smoke.gd:57)
[GdPAI | debug] ApplyEffect [Before] ID=InstanceId(-9223368298152820768): agent props = {"hunger": 70.0627442063492, "entity": null, "held_item": "wood"}
[GdPAI | debug] ApplyEffect [After] ID=InstanceId(-9223368298152820768): agent props = {"hunger": 70.0627442063492, "entity": null, "held_item": "wood"}
[GdPAI | debug]   Snapshotting prop: hunger = Float(70.0627442063492) (Variant type: FLOAT)
[GdPAI | debug]   Snapshotting prop: entity = Nil (Variant type: NIL)
[GdPAI | debug]   Snapshotting prop: held_item = Str("wood") (Variant type: STRING)
WARNING: [GdPAI] ObjectRef(1382643928884): object was freed before callback; returning Nil.
   at: gdplanningai_rust::logger::process_logs (src\logger.rs:66)
   GDScript backtrace (most recent call first):
       [0] _start_plan_and_wait (res://test/integration/test_campfire_example_smoke.gd:57)
WARNING: [GdPAI] ObjectRef(1382157389614): object was freed before callback; returning Nil.
   at: gdplanningai_rust::logger::process_logs (src\logger.rs:66)
   GDScript backtrace (most recent call first):
       [0] _start_plan_and_wait (res://test/integration/test_campfire_example_smoke.gd:57)
WARNING: [GdPAI] ObjectRef(1382157389614): object was freed before callback; returning Nil.
   at: gdplanningai_rust::logger::process_logs (src\logger.rs:66)
   GDScript backtrace (most recent call first):
       [0] _start_plan_and_wait (res://test/integration/test_campfire_example_smoke.gd:57)
[GdPAI | debug] GetCost: callable returned non-numeric value: null; returning INFINITY
WARNING: [GdPAI] ObjectRef(124621163998): object was freed before callback; returning Nil.
   at: gdplanningai_rust::logger::process_logs (src\logger.rs:66)
   GDScript backtrace (most recent call first):
       [0] _process (res://addons/GdPlanningAI/gdpai_autoload.gd:21)
WARNING: [GdPAI] ObjectRef(124621163998): object was freed before callback; returning Nil.
   at: gdplanningai_rust::logger::process_logs (src\logger.rs:66)
   GDScript backtrace (most recent call first):
       [0] _process (res://addons/GdPlanningAI/gdpai_autoload.gd:21)
[GdPAI | debug] GetCost: callable returned non-numeric value: null; returning INFINITY
WARNING: [GdPAI] ObjectRef(1382643928884): object was freed before callback; returning Nil.
   at: gdplanningai_rust::logger::process_logs (src\logger.rs:66)
   GDScript backtrace (most recent call first):
       [0] _process (res://addons/GdPlanningAI/gdpai_autoload.gd:21)
WARNING: [GdPAI] ObjectRef(1382157389614): object was freed before callback; returning Nil.
   at: gdplanningai_rust::logger::process_logs (src\logger.rs:66)
   GDScript backtrace (most recent call first):
       [0] _process (res://addons/GdPlanningAI/gdpai_autoload.gd:21)
WARNING: [GdPAI] ObjectRef(1382157389614): object was freed before callback; returning Nil.
   at: gdplanningai_rust::logger::process_logs (src\logger.rs:66)
   GDScript backtrace (most recent call first):
       [0] _process (res://addons/GdPlanningAI/gdpai_autoload.gd:21)
[GdPAI | debug] ApplyEffect [Before] ID=InstanceId(-9223368296223440961): agent props = {"held_item": "", "entity": null, "hunger": 95.0603725, "at_target": null}
[GdPAI | debug] ApplyEffect [After] ID=InstanceId(-9223368296223440961): agent props = {"held_item": "", "entity": null, "hunger": 95.0603725, "at_target": null}
[GdPAI | debug]   Snapshotting prop: held_item = Str("") (Variant type: STRING)
[GdPAI | debug]   Snapshotting prop: entity = Nil (Variant type: NIL)
[GdPAI | debug]   Snapshotting prop: hunger = Float(95.0603725) (Variant type: FLOAT)
[GdPAI | debug]   Snapshotting prop: at_target = Nil (Variant type: NIL)
WARNING: [GdPAI] ObjectRef(124621163998): object was freed before callback; returning Nil.
   at: gdplanningai_rust::logger::process_logs (src\logger.rs:66)
   GDScript backtrace (most recent call first):
       [0] _start_plan_and_wait (res://test/integration/test_campfire_example_smoke.gd:57)
WARNING: [GdPAI] ObjectRef(124621163998): object was freed before callback; returning Nil.
   at: gdplanningai_rust::logger::process_logs (src\logger.rs:66)
   GDScript backtrace (most recent call first):
       [0] _start_plan_and_wait (res://test/integration/test_campfire_example_smoke.gd:57)
[GdPAI | debug] ApplyEffect [Before] ID=InstanceId(-9223368295401357348): agent props = {"held_item": "", "entity": null, "hunger": 70.0627442063492}
[GdPAI | debug] ApplyEffect [After] ID=InstanceId(-9223368295401357348): agent props = {"held_item": "", "entity": null, "hunger": 70.0627442063492}
[GdPAI | debug]   Snapshotting prop: held_item = Str("") (Variant type: STRING)
[GdPAI | debug]   Snapshotting prop: entity = Nil (Variant type: NIL)
[GdPAI | debug]   Snapshotting prop: hunger = Float(70.0627442063492) (Variant type: FLOAT)
WARNING: [GdPAI] ObjectRef(1382643928884): object was freed before callback; returning Nil.
   at: gdplanningai_rust::logger::process_logs (src\logger.rs:66)
   GDScript backtrace (most recent call first):
       [0] _start_plan_and_wait (res://test/integration/test_campfire_example_smoke.gd:57)
[GdPAI | debug] GetCost: callable returned non-numeric value: null; returning INFINITY
WARNING: [GdPAI] ObjectRef(124621163998): object was freed before callback; returning Nil.
   at: gdplanningai_rust::logger::process_logs (src\logger.rs:66)
   GDScript backtrace (most recent call first):
       [0] _process (res://addons/GdPlanningAI/gdpai_autoload.gd:21)
[GdPAI | debug] GetCost: callable returned non-numeric value: null; returning INFINITY
WARNING: [GdPAI] ObjectRef(1382643928884): object was freed before callback; returning Nil.
   at: gdplanningai_rust::logger::process_logs (src\logger.rs:66)
   GDScript backtrace (most recent call first):
       [0] _process (res://addons/GdPlanningAI/gdpai_autoload.gd:21)
[GdPAI | debug] ApplyEffect [Before] ID=InstanceId(-9223368293522309154): agent props = {"held_item": "wood", "entity": null, "at_target": null, "hunger": 95.0603725}
[GdPAI | debug] ApplyEffect [After] ID=InstanceId(-9223368293522309154): agent props = {"held_item": "wood", "entity": null, "at_target": null, "hunger": 95.0603725}
[GdPAI | debug]   Snapshotting prop: held_item = Str("wood") (Variant type: STRING)
[GdPAI | debug]   Snapshotting prop: entity = Nil (Variant type: NIL)
[GdPAI | debug]   Snapshotting prop: at_target = Nil (Variant type: NIL)
[GdPAI | debug]   Snapshotting prop: hunger = Float(95.0603725) (Variant type: FLOAT)
WARNING: [GdPAI] ObjectRef(124621163998): object was freed before callback; returning Nil.
   at: gdplanningai_rust::logger::process_logs (src\logger.rs:66)
   GDScript backtrace (most recent call first):
       [0] _start_plan_and_wait (res://test/integration/test_campfire_example_smoke.gd:57)
[GdPAI | debug] ApplyEffect [Before] ID=InstanceId(-9223368292851220460): agent props = {"entity": null, "held_item": "", "hunger": 70.0627442063492}
[GdPAI | debug] ApplyEffect [After] ID=InstanceId(-9223368292851220460): agent props = {"entity": null, "held_item": "", "hunger": 70.0627442063492}
[GdPAI | debug]   Snapshotting prop: entity = Nil (Variant type: NIL)
[GdPAI | debug]   Snapshotting prop: held_item = Str("") (Variant type: STRING)
[GdPAI | debug]   Snapshotting prop: hunger = Float(70.0627442063492) (Variant type: FLOAT)
WARNING: [GdPAI] ObjectRef(1382643928884): object was freed before callback; returning Nil.
   at: gdplanningai_rust::logger::process_logs (src\logger.rs:66)
   GDScript backtrace (most recent call first):
       [0] _start_plan_and_wait (res://test/integration/test_campfire_example_smoke.gd:57)
WARNING: [GdPAI] ObjectRef(1382643928884): object was freed before callback; returning Nil.
   at: gdplanningai_rust::logger::process_logs (src\logger.rs:66)
   GDScript backtrace (most recent call first):
       [0] _start_plan_and_wait (res://test/integration/test_campfire_example_smoke.gd:57)
[GdPAI | debug] GetCost: callable returned non-numeric value: null; returning INFINITY
WARNING: [GdPAI] ObjectRef(124621163998): object was freed before callback; returning Nil.
   at: gdplanningai_rust::logger::process_logs (src\logger.rs:66)
   GDScript backtrace (most recent call first):
       [0] _process (res://addons/GdPlanningAI/gdpai_autoload.gd:21)
[GdPAI | debug] GetCost: callable returned non-numeric value: null; returning INFINITY
WARNING: [GdPAI] ObjectRef(1382643928884): object was freed before callback; returning Nil.
   at: gdplanningai_rust::logger::process_logs (src\logger.rs:66)
   GDScript backtrace (most recent call first):
       [0] _process (res://addons/GdPlanningAI/gdpai_autoload.gd:21)
WARNING: [GdPAI] ObjectRef(1382643928884): object was freed before callback; returning Nil.
   at: gdplanningai_rust::logger::process_logs (src\logger.rs:66)
   GDScript backtrace (most recent call first):
       [0] _process (res://addons/GdPlanningAI/gdpai_autoload.gd:21)
[GdPAI | debug] ApplyEffect [Before] ID=InstanceId(-9223368290972172306): agent props = {"held_item": "", "hunger": 95.0603725, "entity": null}
[GdPAI | debug] ApplyEffect [After] ID=InstanceId(-9223368290972172306): agent props = {"held_item": "", "hunger": 95.0603725, "entity": null}
[GdPAI | debug]   Snapshotting prop: held_item = Str("") (Variant type: STRING)
[GdPAI | debug]   Snapshotting prop: hunger = Float(95.0603725) (Variant type: FLOAT)
[GdPAI | debug]   Snapshotting prop: entity = Nil (Variant type: NIL)
WARNING: [GdPAI] ObjectRef(124621163998): object was freed before callback; returning Nil.
   at: gdplanningai_rust::logger::process_logs (src\logger.rs:66)
   GDScript backtrace (most recent call first):
       [0] _start_plan_and_wait (res://test/integration/test_campfire_example_smoke.gd:57)
[GdPAI | debug] ApplyEffect [Before] ID=InstanceId(-9223368290250751983): agent props = {"held_item": "", "hunger": 70.0627442063492, "entity": null}
[GdPAI | debug] ApplyEffect [After] ID=InstanceId(-9223368290250751983): agent props = {"held_item": "", "hunger": 70.0627442063492, "entity": null}
[GdPAI | debug]   Snapshotting prop: held_item = Str("") (Variant type: STRING)
[GdPAI | debug]   Snapshotting prop: hunger = Float(70.0627442063492) (Variant type: FLOAT)
[GdPAI | debug]   Snapshotting prop: entity = Nil (Variant type: NIL)
WARNING: [GdPAI] ObjectRef(1382643928884): object was freed before callback; returning Nil.
   at: gdplanningai_rust::logger::process_logs (src\logger.rs:66)
   GDScript backtrace (most recent call first):
       [0] _start_plan_and_wait (res://test/integration/test_campfire_example_smoke.gd:57)
[GdPAI | debug] GetCost: callable returned non-numeric value: null; returning INFINITY
WARNING: [GdPAI] ObjectRef(124621163998): object was freed before callback; returning Nil.
   at: gdplanningai_rust::logger::process_logs (src\logger.rs:66)
   GDScript backtrace (most recent call first):
       [0] _process (res://addons/GdPlanningAI/gdpai_autoload.gd:21)
[GdPAI | debug] GetCost: callable returned non-numeric value: null; returning INFINITY
WARNING: [GdPAI] ObjectRef(1382643928884): object was freed before callback; returning Nil.
   at: gdplanningai_rust::logger::process_logs (src\logger.rs:66)
   GDScript backtrace (most recent call first):
       [0] _process (res://addons/GdPlanningAI/gdpai_autoload.gd:21)
[GdPAI | debug] ApplyEffect [Before] ID=InstanceId(-9223368288422035447): agent props = {"entity": null, "held_item": "", "hunger": 95.0603725}
[GdPAI | debug] ApplyEffect [After] ID=InstanceId(-9223368288422035447): agent props = {"entity": null, "held_item": "", "hunger": 95.0603725}
[GdPAI | debug]   Snapshotting prop: entity = Nil (Variant type: NIL)
[GdPAI | debug]   Snapshotting prop: held_item = Str("") (Variant type: STRING)
[GdPAI | debug]   Snapshotting prop: hunger = Float(95.0603725) (Variant type: FLOAT)
WARNING: [GdPAI] ObjectRef(124621163998): object was freed before callback; returning Nil.
   at: gdplanningai_rust::logger::process_logs (src\logger.rs:66)
   GDScript backtrace (most recent call first):
       [0] _start_plan_and_wait (res://test/integration/test_campfire_example_smoke.gd:57)
[GdPAI | debug] ApplyEffect [Before] ID=InstanceId(-9223368287750946768): agent props = {"entity": null, "held_item": "", "hunger": 70.0627442063492}
[GdPAI | debug] ApplyEffect [After] ID=InstanceId(-9223368287750946768): agent props = {"entity": null, "held_item": "", "hunger": 70.0627442063492}
[GdPAI | debug]   Snapshotting prop: entity = Nil (Variant type: NIL)
[GdPAI | debug]   Snapshotting prop: held_item = Str("") (Variant type: STRING)
[GdPAI | debug]   Snapshotting prop: hunger = Float(70.0627442063492) (Variant type: FLOAT)
WARNING: [GdPAI] ObjectRef(1382643928884): object was freed before callback; returning Nil.
   at: gdplanningai_rust::logger::process_logs (src\logger.rs:66)
   GDScript backtrace (most recent call first):
       [0] _start_plan_and_wait (res://test/integration/test_campfire_example_smoke.gd:57)
WARNING: [GdPAI] ObjectRef(1382157389614): object was freed before callback; returning Nil.
   at: gdplanningai_rust::logger::process_logs (src\logger.rs:66)
   GDScript backtrace (most recent call first):
       [0] _start_plan_and_wait (res://test/integration/test_campfire_example_smoke.gd:57)
WARNING: [GdPAI] ObjectRef(1382157389614): object was freed before callback; returning Nil.
   at: gdplanningai_rust::logger::process_logs (src\logger.rs:66)
   GDScript backtrace (most recent call first):
       [0] _start_plan_and_wait (res://test/integration/test_campfire_example_smoke.gd:57)
[GdPAI | debug] GetCost: callable returned non-numeric value: null; returning INFINITY
WARNING: [GdPAI] ObjectRef(124621163998): object was freed before callback; returning Nil.
   at: gdplanningai_rust::logger::process_logs (src\logger.rs:66)
   GDScript backtrace (most recent call first):
       [0] _process (res://addons/GdPlanningAI/gdpai_autoload.gd:21)
[GdPAI | debug] GetCost: callable returned non-numeric value: null; returning INFINITY
WARNING: [GdPAI] ObjectRef(1382643928884): object was freed before callback; returning Nil.
   at: gdplanningai_rust::logger::process_logs (src\logger.rs:66)
   GDScript backtrace (most recent call first):
       [0] _process (res://addons/GdPlanningAI/gdpai_autoload.gd:21)
WARNING: [GdPAI] ObjectRef(1382157389614): object was freed before callback; returning Nil.
   at: gdplanningai_rust::logger::process_logs (src\logger.rs:66)
   GDScript backtrace (most recent call first):
       [0] _process (res://addons/GdPlanningAI/gdpai_autoload.gd:21)
WARNING: [GdPAI] ObjectRef(1382157389614): object was freed before callback; returning Nil.
   at: gdplanningai_rust::logger::process_logs (src\logger.rs:66)
   GDScript backtrace (most recent call first):
       [0] _process (res://addons/GdPlanningAI/gdpai_autoload.gd:21)
[GdPAI | debug] ApplyEffect [Before] ID=InstanceId(-9223368285821566992): agent props = {"at_target": null, "held_item": "", "hunger": 95.0603725, "entity": null}
[GdPAI | debug] ApplyEffect [After] ID=InstanceId(-9223368285821566992): agent props = {"at_target": null, "held_item": "", "hunger": 95.0603725, "entity": null}
[GdPAI | debug]   Snapshotting prop: at_target = Nil (Variant type: NIL)
[GdPAI | debug]   Snapshotting prop: held_item = Str("") (Variant type: STRING)
[GdPAI | debug]   Snapshotting prop: hunger = Float(95.0603725) (Variant type: FLOAT)
[GdPAI | debug]   Snapshotting prop: entity = Nil (Variant type: NIL)
WARNING: [GdPAI] ObjectRef(124621163998): object was freed before callback; returning Nil.
   at: gdplanningai_rust::logger::process_logs (src\logger.rs:66)
   GDScript backtrace (most recent call first):
       [0] _start_plan_and_wait (res://test/integration/test_campfire_example_smoke.gd:57)
[GdPAI | debug] ApplyEffect [Before] ID=InstanceId(-9223368285049814965): agent props = {"held_item": "", "hunger": 70.0627442063492, "entity": null}
[GdPAI | debug] ApplyEffect [After] ID=InstanceId(-9223368285049814965): agent props = {"held_item": "", "hunger": 70.0627442063492, "entity": null}
[GdPAI | debug]   Snapshotting prop: held_item = Str("") (Variant type: STRING)
[GdPAI | debug]   Snapshotting prop: hunger = Float(70.0627442063492) (Variant type: FLOAT)
[GdPAI | debug]   Snapshotting prop: entity = Nil (Variant type: NIL)
WARNING: [GdPAI] ObjectRef(1382643928884): object was freed before callback; returning Nil.
   at: gdplanningai_rust::logger::process_logs (src\logger.rs:66)
   GDScript backtrace (most recent call first):
       [0] _start_plan_and_wait (res://test/integration/test_campfire_example_smoke.gd:57)
WARNING: [GdPAI] ObjectRef(1382157389614): object was freed before callback; returning Nil.
   at: gdplanningai_rust::logger::process_logs (src\logger.rs:66)
   GDScript backtrace (most recent call first):
       [0] _start_plan_and_wait (res://test/integration/test_campfire_example_smoke.gd:57)
WARNING: [GdPAI] ObjectRef(1382157389614): object was freed before callback; returning Nil.
   at: gdplanningai_rust::logger::process_logs (src\logger.rs:66)
   GDScript backtrace (most recent call first):
       [0] _start_plan_and_wait (res://test/integration/test_campfire_example_smoke.gd:57)
[GdPAI | debug] GetCost: callable returned non-numeric value: null; returning INFINITY
WARNING: [GdPAI] ObjectRef(124621163998): object was freed before callback; returning Nil.
   at: gdplanningai_rust::logger::process_logs (src\logger.rs:66)
   GDScript backtrace (most recent call first):
       [0] _process (res://addons/GdPlanningAI/gdpai_autoload.gd:21)
[GdPAI | debug] GetCost: callable returned non-numeric value: null; returning INFINITY
WARNING: [GdPAI] ObjectRef(1382643928884): object was freed before callback; returning Nil.
   at: gdplanningai_rust::logger::process_logs (src\logger.rs:66)
   GDScript backtrace (most recent call first):
       [0] _process (res://addons/GdPlanningAI/gdpai_autoload.gd:21)
WARNING: [GdPAI] ObjectRef(1382157389614): object was freed before callback; returning Nil.
   at: gdplanningai_rust::logger::process_logs (src\logger.rs:66)
   GDScript backtrace (most recent call first):
       [0] _process (res://addons/GdPlanningAI/gdpai_autoload.gd:21)
WARNING: [GdPAI] ObjectRef(1382157389614): object was freed before callback; returning Nil.
   at: gdplanningai_rust::logger::process_logs (src\logger.rs:66)
   GDScript backtrace (most recent call first):
       [0] _process (res://addons/GdPlanningAI/gdpai_autoload.gd:21)
[GdPAI | debug] ApplyEffect [Before] ID=InstanceId(-9223368283120435238): agent props = {"entity": null, "at_target": null, "hunger": 95.0603725, "held_item": ""}
[GdPAI | debug] ApplyEffect [After] ID=InstanceId(-9223368283120435238): agent props = {"entity": null, "at_target": null, "hunger": 95.0603725, "held_item": ""}
[GdPAI | debug]   Snapshotting prop: entity = Nil (Variant type: NIL)
[GdPAI | debug]   Snapshotting prop: at_target = Nil (Variant type: NIL)
[GdPAI | debug]   Snapshotting prop: hunger = Float(95.0603725) (Variant type: FLOAT)
[GdPAI | debug]   Snapshotting prop: held_item = Str("") (Variant type: STRING)
WARNING: [GdPAI] ObjectRef(124621163998): object was freed before callback; returning Nil.
   at: gdplanningai_rust::logger::process_logs (src\logger.rs:66)
   GDScript backtrace (most recent call first):
       [0] _start_plan_and_wait (res://test/integration/test_campfire_example_smoke.gd:57)
[GdPAI | debug] ApplyEffect [Before] ID=InstanceId(-9223368282348683169): agent props = {"hunger": 70.0627442063492, "held_item": "wood", "entity": null}
[GdPAI | debug] ApplyEffect [After] ID=InstanceId(-9223368282348683169): agent props = {"hunger": 70.0627442063492, "held_item": "wood", "entity": null}
[GdPAI | debug]   Snapshotting prop: hunger = Float(70.0627442063492) (Variant type: FLOAT)
[GdPAI | debug]   Snapshotting prop: held_item = Str("wood") (Variant type: STRING)
[GdPAI | debug]   Snapshotting prop: entity = Nil (Variant type: NIL)
WARNING: [GdPAI] ObjectRef(1382643928884): object was freed before callback; returning Nil.
   at: gdplanningai_rust::logger::process_logs (src\logger.rs:66)
   GDScript backtrace (most recent call first):
       [0] _start_plan_and_wait (res://test/integration/test_campfire_example_smoke.gd:57)
[GdPAI | debug] GetCost: callable returned non-numeric value: null; returning INFINITY
WARNING: [GdPAI] ObjectRef(124621163998): object was freed before callback; returning Nil.
   at: gdplanningai_rust::logger::process_logs (src\logger.rs:66)
   GDScript backtrace (most recent call first):
       [0] _process (res://addons/GdPlanningAI/gdpai_autoload.gd:21)
WARNING: [GdPAI] ObjectRef(124621163998): object was freed before callback; returning Nil.
   at: gdplanningai_rust::logger::process_logs (src\logger.rs:66)
   GDScript backtrace (most recent call first):
       [0] _process (res://addons/GdPlanningAI/gdpai_autoload.gd:21)
[GdPAI | debug] GetCost: callable returned non-numeric value: null; returning INFINITY
WARNING: [GdPAI] ObjectRef(1382643928884): object was freed before callback; returning Nil.
   at: gdplanningai_rust::logger::process_logs (src\logger.rs:66)
   GDScript backtrace (most recent call first):
       [0] _process (res://addons/GdPlanningAI/gdpai_autoload.gd:21)
[GdPAI | debug] ApplyEffect [Before] ID=InstanceId(-9223368280519966653): agent props = {"hunger": 95.0603725, "held_item": "wood", "at_target": null, "entity": null}
[GdPAI | debug] ApplyEffect [After] ID=InstanceId(-9223368280519966653): agent props = {"hunger": 95.0603725, "held_item": "wood", "at_target": null, "entity": null}
[GdPAI | debug]   Snapshotting prop: hunger = Float(95.0603725) (Variant type: FLOAT)
[GdPAI | debug]   Snapshotting prop: held_item = Str("wood") (Variant type: STRING)
[GdPAI | debug]   Snapshotting prop: at_target = Nil (Variant type: NIL)
[GdPAI | debug]   Snapshotting prop: entity = Nil (Variant type: NIL)
WARNING: [GdPAI] ObjectRef(124621163998): object was freed before callback; returning Nil.
   at: gdplanningai_rust::logger::process_logs (src\logger.rs:66)
   GDScript backtrace (most recent call first):
       [0] _start_plan_and_wait (res://test/integration/test_campfire_example_smoke.gd:57)
WARNING: [GdPAI] ObjectRef(124621163998): object was freed before callback; returning Nil.
   at: gdplanningai_rust::logger::process_logs (src\logger.rs:66)
   GDScript backtrace (most recent call first):
       [0] _start_plan_and_wait (res://test/integration/test_campfire_example_smoke.gd:57)
[GdPAI | debug] ApplyEffect [Before] ID=InstanceId(-9223368279798546331): agent props = {"held_item": "", "hunger": 70.0627442063492, "entity": null}
[GdPAI | debug] ApplyEffect [After] ID=InstanceId(-9223368279798546331): agent props = {"held_item": "", "hunger": 70.0627442063492, "entity": null}
[GdPAI | debug]   Snapshotting prop: held_item = Str("") (Variant type: STRING)
[GdPAI | debug]   Snapshotting prop: hunger = Float(70.0627442063492) (Variant type: FLOAT)
[GdPAI | debug]   Snapshotting prop: entity = Nil (Variant type: NIL)
WARNING: [GdPAI] ObjectRef(1382643928884): object was freed before callback; returning Nil.
   at: gdplanningai_rust::logger::process_logs (src\logger.rs:66)
   GDScript backtrace (most recent call first):
       [0] _start_plan_and_wait (res://test/integration/test_campfire_example_smoke.gd:57)
WARNING: [GdPAI] ObjectRef(1382643928884): object was freed before callback; returning Nil.
   at: gdplanningai_rust::logger::process_logs (src\logger.rs:66)
   GDScript backtrace (most recent call first):
       [0] _start_plan_and_wait (res://test/integration/test_campfire_example_smoke.gd:57)
[GdPAI | debug] GetCost: callable returned non-numeric value: null; returning INFINITY
WARNING: [GdPAI] ObjectRef(124621163998): object was freed before callback; returning Nil.
   at: gdplanningai_rust::logger::process_logs (src\logger.rs:66)
   GDScript backtrace (most recent call first):
       [0] _process (res://addons/GdPlanningAI/gdpai_autoload.gd:21)
[GdPAI | debug] GetCost: callable returned non-numeric value: null; returning INFINITY
WARNING: [GdPAI] ObjectRef(1382643928884): object was freed before callback; returning Nil.
   at: gdplanningai_rust::logger::process_logs (src\logger.rs:66)
   GDScript backtrace (most recent call first):
       [0] _process (res://addons/GdPlanningAI/gdpai_autoload.gd:21)
WARNING: [GdPAI] ObjectRef(1382643928884): object was freed before callback; returning Nil.
   at: gdplanningai_rust::logger::process_logs (src\logger.rs:66)
   GDScript backtrace (most recent call first):
       [0] _process (res://addons/GdPlanningAI/gdpai_autoload.gd:21)
[GdPAI | debug] ApplyEffect [Before] ID=InstanceId(-9223368277869166483): agent props = {"hunger": 95.0603725, "entity": null, "held_item": ""}
[GdPAI | debug] ApplyEffect [After] ID=InstanceId(-9223368277869166483): agent props = {"hunger": 95.0603725, "entity": null, "held_item": ""}
[GdPAI | debug]   Snapshotting prop: hunger = Float(95.0603725) (Variant type: FLOAT)
[GdPAI | debug]   Snapshotting prop: entity = Nil (Variant type: NIL)
[GdPAI | debug]   Snapshotting prop: held_item = Str("") (Variant type: STRING)
WARNING: [GdPAI] ObjectRef(124621163998): object was freed before callback; returning Nil.
   at: gdplanningai_rust::logger::process_logs (src\logger.rs:66)
   GDScript backtrace (most recent call first):
       [0] _start_plan_and_wait (res://test/integration/test_campfire_example_smoke.gd:57)
[GdPAI | debug] ApplyEffect [Before] ID=InstanceId(-9223368277147746188): agent props = {"entity": null, "held_item": "", "hunger": 70.0627442063492}
[GdPAI | debug] ApplyEffect [After] ID=InstanceId(-9223368277147746188): agent props = {"entity": null, "held_item": "", "hunger": 70.0627442063492}
[GdPAI | debug]   Snapshotting prop: entity = Nil (Variant type: NIL)
[GdPAI | debug]   Snapshotting prop: held_item = Str("") (Variant type: STRING)
[GdPAI | debug]   Snapshotting prop: hunger = Float(70.0627442063492) (Variant type: FLOAT)
WARNING: [GdPAI] ObjectRef(1382643928884): object was freed before callback; returning Nil.
   at: gdplanningai_rust::logger::process_logs (src\logger.rs:66)
   GDScript backtrace (most recent call first):
       [0] _start_plan_and_wait (res://test/integration/test_campfire_example_smoke.gd:57)
[GdPAI | debug] GetCost: callable returned non-numeric value: null; returning INFINITY
WARNING: [GdPAI] ObjectRef(124621163998): object was freed before callback; returning Nil.
   at: gdplanningai_rust::logger::process_logs (src\logger.rs:66)
   GDScript backtrace (most recent call first):
       [0] _process (res://addons/GdPlanningAI/gdpai_autoload.gd:21)
[GdPAI | debug] GetCost: callable returned non-numeric value: null; returning INFINITY
WARNING: [GdPAI] ObjectRef(1382643928884): object was freed before callback; returning Nil.
   at: gdplanningai_rust::logger::process_logs (src\logger.rs:66)
   GDScript backtrace (most recent call first):
       [0] _process (res://addons/GdPlanningAI/gdpai_autoload.gd:21)
[GdPAI | debug] ApplyEffect [Before] ID=InstanceId(-9223368275319029657): agent props = {"held_item": "", "hunger": 95.0603725, "entity": null}
[GdPAI | debug] ApplyEffect [After] ID=InstanceId(-9223368275319029657): agent props = {"held_item": "", "hunger": 95.0603725, "entity": null}
[GdPAI | debug]   Snapshotting prop: held_item = Str("") (Variant type: STRING)
[GdPAI | debug]   Snapshotting prop: hunger = Float(95.0603725) (Variant type: FLOAT)
[GdPAI | debug]   Snapshotting prop: entity = Nil (Variant type: NIL)
WARNING: [GdPAI] ObjectRef(124621163998): object was freed before callback; returning Nil.
   at: gdplanningai_rust::logger::process_logs (src\logger.rs:66)
   GDScript backtrace (most recent call first):
       [0] _start_plan_and_wait (res://test/integration/test_campfire_example_smoke.gd:57)
[GdPAI | debug] ApplyEffect [Before] ID=InstanceId(-9223368274647940985): agent props = {"held_item": "", "entity": null, "hunger": 70.0627442063492}
[GdPAI | debug] ApplyEffect [After] ID=InstanceId(-9223368274647940985): agent props = {"held_item": "", "entity": null, "hunger": 70.0627442063492}
[GdPAI | debug]   Snapshotting prop: held_item = Str("") (Variant type: STRING)
[GdPAI | debug]   Snapshotting prop: entity = Nil (Variant type: NIL)
[GdPAI | debug]   Snapshotting prop: hunger = Float(70.0627442063492) (Variant type: FLOAT)
WARNING: [GdPAI] ObjectRef(1382643928884): object was freed before callback; returning Nil.
   at: gdplanningai_rust::logger::process_logs (src\logger.rs:66)
   GDScript backtrace (most recent call first):
       [0] _start_plan_and_wait (res://test/integration/test_campfire_example_smoke.gd:57)
WARNING: [GdPAI] ObjectRef(1382157389614): object was freed before callback; returning Nil.
   at: gdplanningai_rust::logger::process_logs (src\logger.rs:66)
   GDScript backtrace (most recent call first):
       [0] _start_plan_and_wait (res://test/integration/test_campfire_example_smoke.gd:57)
WARNING: [GdPAI] ObjectRef(1382157389614): object was freed before callback; returning Nil.
   at: gdplanningai_rust::logger::process_logs (src\logger.rs:66)
   GDScript backtrace (most recent call first):
       [0] _start_plan_and_wait (res://test/integration/test_campfire_example_smoke.gd:57)
[GdPAI | debug] GetCost: callable returned non-numeric value: null; returning INFINITY
WARNING: [GdPAI] ObjectRef(124621163998): object was freed before callback; returning Nil.
   at: gdplanningai_rust::logger::process_logs (src\logger.rs:66)
   GDScript backtrace (most recent call first):
       [0] _process (res://addons/GdPlanningAI/gdpai_autoload.gd:21)
[GdPAI | debug] GetCost: callable returned non-numeric value: null; returning INFINITY
WARNING: [GdPAI] ObjectRef(1382643928884): object was freed before callback; returning Nil.
   at: gdplanningai_rust::logger::process_logs (src\logger.rs:66)
   GDScript backtrace (most recent call first):
       [0] _process (res://addons/GdPlanningAI/gdpai_autoload.gd:21)
WARNING: [GdPAI] ObjectRef(1382157389614): object was freed before callback; returning Nil.
   at: gdplanningai_rust::logger::process_logs (src\logger.rs:66)
   GDScript backtrace (most recent call first):
       [0] _process (res://addons/GdPlanningAI/gdpai_autoload.gd:21)
WARNING: [GdPAI] ObjectRef(1382157389614): object was freed before callback; returning Nil.
   at: gdplanningai_rust::logger::process_logs (src\logger.rs:66)
   GDScript backtrace (most recent call first):
       [0] _process (res://addons/GdPlanningAI/gdpai_autoload.gd:21)
[GdPAI | debug] ApplyEffect [Before] ID=InstanceId(-9223368272718561142): agent props = {"entity": null, "at_target": null, "held_item": "", "hunger": 95.0603725}
[GdPAI | debug] ApplyEffect [After] ID=InstanceId(-9223368272718561142): agent props = {"entity": null, "at_target": null, "held_item": "", "hunger": 95.0603725}
[GdPAI | debug]   Snapshotting prop: entity = Nil (Variant type: NIL)
[GdPAI | debug]   Snapshotting prop: at_target = Nil (Variant type: NIL)
[GdPAI | debug]   Snapshotting prop: held_item = Str("") (Variant type: STRING)
[GdPAI | debug]   Snapshotting prop: hunger = Float(95.0603725) (Variant type: FLOAT)
WARNING: [GdPAI] ObjectRef(124621163998): object was freed before callback; returning Nil.
   at: gdplanningai_rust::logger::process_logs (src\logger.rs:66)
   GDScript backtrace (most recent call first):
       [0] _start_plan_and_wait (res://test/integration/test_campfire_example_smoke.gd:57)
[GdPAI | debug] ApplyEffect [Before] ID=InstanceId(-9223368271946809190): agent props = {"entity": null, "held_item": "", "hunger": 70.0627442063492}
[GdPAI | debug] ApplyEffect [After] ID=InstanceId(-9223368271946809190): agent props = {"entity": null, "held_item": "", "hunger": 70.0627442063492}
[GdPAI | debug]   Snapshotting prop: entity = Nil (Variant type: NIL)
[GdPAI | debug]   Snapshotting prop: held_item = Str("") (Variant type: STRING)
[GdPAI | debug]   Snapshotting prop: hunger = Float(70.0627442063492) (Variant type: FLOAT)
WARNING: [GdPAI] ObjectRef(1382643928884): object was freed before callback; returning Nil.
   at: gdplanningai_rust::logger::process_logs (src\logger.rs:66)
   GDScript backtrace (most recent call first):
       [0] _start_plan_and_wait (res://test/integration/test_campfire_example_smoke.gd:57)
WARNING: [GdPAI] ObjectRef(1382157389614): object was freed before callback; returning Nil.
   at: gdplanningai_rust::logger::process_logs (src\logger.rs:66)
   GDScript backtrace (most recent call first):
       [0] _start_plan_and_wait (res://test/integration/test_campfire_example_smoke.gd:57)
WARNING: [GdPAI] ObjectRef(1382157389614): object was freed before callback; returning Nil.
   at: gdplanningai_rust::logger::process_logs (src\logger.rs:66)
   GDScript backtrace (most recent call first):
       [0] _start_plan_and_wait (res://test/integration/test_campfire_example_smoke.gd:57)
[GdPAI | debug] GetCost: callable returned non-numeric value: null; returning INFINITY
WARNING: [GdPAI] ObjectRef(124621163998): object was freed before callback; returning Nil.
   at: gdplanningai_rust::logger::process_logs (src\logger.rs:66)
   GDScript backtrace (most recent call first):
       [0] _process (res://addons/GdPlanningAI/gdpai_autoload.gd:21)
[GdPAI | debug] GetCost: callable returned non-numeric value: null; returning INFINITY
WARNING: [GdPAI] ObjectRef(1382643928884): object was freed before callback; returning Nil.
   at: gdplanningai_rust::logger::process_logs (src\logger.rs:66)
   GDScript backtrace (most recent call first):
       [0] _process (res://addons/GdPlanningAI/gdpai_autoload.gd:21)
WARNING: [GdPAI] ObjectRef(1382157389614): object was freed before callback; returning Nil.
   at: gdplanningai_rust::logger::process_logs (src\logger.rs:66)
   GDScript backtrace (most recent call first):
       [0] _process (res://addons/GdPlanningAI/gdpai_autoload.gd:21)
WARNING: [GdPAI] ObjectRef(1382157389614): object was freed before callback; returning Nil.
   at: gdplanningai_rust::logger::process_logs (src\logger.rs:66)
   GDScript backtrace (most recent call first):
       [0] _process (res://addons/GdPlanningAI/gdpai_autoload.gd:21)
[GdPAI | debug] ApplyEffect [Before] ID=InstanceId(-9223368270017429363): agent props = {"hunger": 95.0603725, "entity": null, "at_target": null, "held_item": ""}
[GdPAI | debug] ApplyEffect [After] ID=InstanceId(-9223368270017429363): agent props = {"hunger": 95.0603725, "entity": null, "at_target": null, "held_item": ""}
[GdPAI | debug]   Snapshotting prop: hunger = Float(95.0603725) (Variant type: FLOAT)
[GdPAI | debug]   Snapshotting prop: entity = Nil (Variant type: NIL)
[GdPAI | debug]   Snapshotting prop: at_target = Nil (Variant type: NIL)
[GdPAI | debug]   Snapshotting prop: held_item = Str("") (Variant type: STRING)
WARNING: [GdPAI] ObjectRef(124621163998): object was freed before callback; returning Nil.
   at: gdplanningai_rust::logger::process_logs (src\logger.rs:66)
   GDScript backtrace (most recent call first):
       [0] _start_plan_and_wait (res://test/integration/test_campfire_example_smoke.gd:57)
[GdPAI | debug] ApplyEffect [Before] ID=InstanceId(-9223368269245677412): agent props = {"held_item": "", "entity": null, "hunger": 70.0627442063492}
[GdPAI | debug] ApplyEffect [After] ID=InstanceId(-9223368269245677412): agent props = {"held_item": "", "entity": null, "hunger": 70.0627442063492}
[GdPAI | debug]   Snapshotting prop: held_item = Str("") (Variant type: STRING)
[GdPAI | debug]   Snapshotting prop: entity = Nil (Variant type: NIL)
[GdPAI | debug]   Snapshotting prop: hunger = Float(70.0627442063492) (Variant type: FLOAT)
WARNING: [GdPAI] ObjectRef(1382643928884): object was freed before callback; returning Nil.
   at: gdplanningai_rust::logger::process_logs (src\logger.rs:66)
   GDScript backtrace (most recent call first):
       [0] _start_plan_and_wait (res://test/integration/test_campfire_example_smoke.gd:57)
[GdPAI | debug] GetCost: callable returned non-numeric value: null; returning INFINITY
WARNING: [GdPAI] ObjectRef(124621163998): object was freed before callback; returning Nil.
   at: gdplanningai_rust::logger::process_logs (src\logger.rs:66)
   GDScript backtrace (most recent call first):
       [0] _process (res://addons/GdPlanningAI/gdpai_autoload.gd:21)
[GdPAI | debug] GetCost: callable returned non-numeric value: null; returning INFINITY
WARNING: [GdPAI] ObjectRef(1382643928884): object was freed before callback; returning Nil.
   at: gdplanningai_rust::logger::process_logs (src\logger.rs:66)
   GDScript backtrace (most recent call first):
       [0] _process (res://addons/GdPlanningAI/gdpai_autoload.gd:21)
[GdPAI | debug] ApplyEffect [Before] ID=InstanceId(-9223368267416960843): agent props = {"hunger": 95.0603725, "held_item": "wood", "at_target": null, "entity": null}
[GdPAI | debug] ApplyEffect [After] ID=InstanceId(-9223368267416960843): agent props = {"hunger": 95.0603725, "held_item": "wood", "at_target": null, "entity": null}
[GdPAI | debug]   Snapshotting prop: hunger = Float(95.0603725) (Variant type: FLOAT)
[GdPAI | debug]   Snapshotting prop: held_item = Str("wood") (Variant type: STRING)
[GdPAI | debug]   Snapshotting prop: at_target = Nil (Variant type: NIL)
[GdPAI | debug]   Snapshotting prop: entity = Nil (Variant type: NIL)
WARNING: [GdPAI] ObjectRef(124621163998): object was freed before callback; returning Nil.
   at: gdplanningai_rust::logger::process_logs (src\logger.rs:66)
   GDScript backtrace (most recent call first):
       [0] _start_plan_and_wait (res://test/integration/test_campfire_example_smoke.gd:57)
[GdPAI | debug] ApplyEffect [Before] ID=InstanceId(-9223368266745872205): agent props = {"hunger": 70.0627442063492, "held_item": "wood", "entity": null}
[GdPAI | debug] ApplyEffect [After] ID=InstanceId(-9223368266745872205): agent props = {"hunger": 70.0627442063492, "held_item": "wood", "entity": null}
[GdPAI | debug]   Snapshotting prop: hunger = Float(70.0627442063492) (Variant type: FLOAT)
[GdPAI | debug]   Snapshotting prop: held_item = Str("wood") (Variant type: STRING)
[GdPAI | debug]   Snapshotting prop: entity = Nil (Variant type: NIL)
WARNING: [GdPAI] ObjectRef(1382643928884): object was freed before callback; returning Nil.
   at: gdplanningai_rust::logger::process_logs (src\logger.rs:66)
   GDScript backtrace (most recent call first):
       [0] _start_plan_and_wait (res://test/integration/test_campfire_example_smoke.gd:57)
WARNING: [GdPAI] ObjectRef(1382643928884): object was freed before callback; returning Nil.
   at: gdplanningai_rust::logger::process_logs (src\logger.rs:66)
   GDScript backtrace (most recent call first):
       [0] _start_plan_and_wait (res://test/integration/test_campfire_example_smoke.gd:57)
[GdPAI | debug] GetCost: callable returned non-numeric value: null; returning INFINITY
WARNING: [GdPAI] ObjectRef(124621163998): object was freed before callback; returning Nil.
   at: gdplanningai_rust::logger::process_logs (src\logger.rs:66)
   GDScript backtrace (most recent call first):
       [0] _process (res://addons/GdPlanningAI/gdpai_autoload.gd:21)
WARNING: [GdPAI] ObjectRef(124621163998): object was freed before callback; returning Nil.
   at: gdplanningai_rust::logger::process_logs (src\logger.rs:66)
   GDScript backtrace (most recent call first):
       [0] _process (res://addons/GdPlanningAI/gdpai_autoload.gd:21)
[GdPAI | debug] GetCost: callable returned non-numeric value: null; returning INFINITY
WARNING: [GdPAI] ObjectRef(1382643928884): object was freed before callback; returning Nil.
   at: gdplanningai_rust::logger::process_logs (src\logger.rs:66)
   GDScript backtrace (most recent call first):
       [0] _process (res://addons/GdPlanningAI/gdpai_autoload.gd:21)
WARNING: [GdPAI] ObjectRef(1382643928884): object was freed before callback; returning Nil.
   at: gdplanningai_rust::logger::process_logs (src\logger.rs:66)
   GDScript backtrace (most recent call first):
       [0] _process (res://addons/GdPlanningAI/gdpai_autoload.gd:21)
[GdPAI | debug] ApplyEffect [Before] ID=InstanceId(-9223368264866823985): agent props = {"held_item": "", "hunger": 95.0603725, "entity": null}
[GdPAI | debug] ApplyEffect [After] ID=InstanceId(-9223368264866823985): agent props = {"held_item": "", "hunger": 95.0603725, "entity": null}
[GdPAI | debug]   Snapshotting prop: held_item = Str("") (Variant type: STRING)
[GdPAI | debug]   Snapshotting prop: hunger = Float(95.0603725) (Variant type: FLOAT)
[GdPAI | debug]   Snapshotting prop: entity = Nil (Variant type: NIL)
WARNING: [GdPAI] ObjectRef(124621163998): object was freed before callback; returning Nil.
   at: gdplanningai_rust::logger::process_logs (src\logger.rs:66)
   GDScript backtrace (most recent call first):
       [0] _start_plan_and_wait (res://test/integration/test_campfire_example_smoke.gd:57)
WARNING: [GdPAI] ObjectRef(124621163998): object was freed before callback; returning Nil.
   at: gdplanningai_rust::logger::process_logs (src\logger.rs:66)
   GDScript backtrace (most recent call first):
       [0] _start_plan_and_wait (res://test/integration/test_campfire_example_smoke.gd:57)
[GdPAI | debug] ApplyEffect [Before] ID=InstanceId(-9223368264095072056): agent props = {"held_item": "", "hunger": 70.0627442063492, "entity": null}
[GdPAI | debug] ApplyEffect [After] ID=InstanceId(-9223368264095072056): agent props = {"held_item": "", "hunger": 70.0627442063492, "entity": null}
[GdPAI | debug]   Snapshotting prop: held_item = Str("") (Variant type: STRING)
[GdPAI | debug]   Snapshotting prop: hunger = Float(70.0627442063492) (Variant type: FLOAT)
[GdPAI | debug]   Snapshotting prop: entity = Nil (Variant type: NIL)
WARNING: [GdPAI] ObjectRef(1382643928884): object was freed before callback; returning Nil.
   at: gdplanningai_rust::logger::process_logs (src\logger.rs:66)
   GDScript backtrace (most recent call first):
       [0] _start_plan_and_wait (res://test/integration/test_campfire_example_smoke.gd:57)
[GdPAI | debug] GetCost: callable returned non-numeric value: null; returning INFINITY
WARNING: [GdPAI] ObjectRef(124621163998): object was freed before callback; returning Nil.
   at: gdplanningai_rust::logger::process_logs (src\logger.rs:66)
   GDScript backtrace (most recent call first):
       [0] _process (res://addons/GdPlanningAI/gdpai_autoload.gd:21)
[GdPAI | debug] GetCost: callable returned non-numeric value: null; returning INFINITY
WARNING: [GdPAI] ObjectRef(1382643928884): object was freed before callback; returning Nil.
   at: gdplanningai_rust::logger::process_logs (src\logger.rs:66)
   GDScript backtrace (most recent call first):
       [0] _process (res://addons/GdPlanningAI/gdpai_autoload.gd:21)
[GdPAI | debug] ApplyEffect [Before] ID=InstanceId(-9223368262216023852): agent props = {"held_item": "", "hunger": 95.0603725, "entity": null}
[GdPAI | debug] ApplyEffect [After] ID=InstanceId(-9223368262216023852): agent props = {"held_item": "", "hunger": 95.0603725, "entity": null}
[GdPAI | debug]   Snapshotting prop: held_item = Str("") (Variant type: STRING)
[GdPAI | debug]   Snapshotting prop: hunger = Float(95.0603725) (Variant type: FLOAT)
[GdPAI | debug]   Snapshotting prop: entity = Nil (Variant type: NIL)
WARNING: [GdPAI] ObjectRef(124621163998): object was freed before callback; returning Nil.
   at: gdplanningai_rust::logger::process_logs (src\logger.rs:66)
   GDScript backtrace (most recent call first):
       [0] _start_plan_and_wait (res://test/integration/test_campfire_example_smoke.gd:57)
[GdPAI | debug] ApplyEffect [Before] ID=InstanceId(-9223368261544935196): agent props = {"held_item": "", "hunger": 70.0627442063492, "entity": null}
[GdPAI | debug] ApplyEffect [After] ID=InstanceId(-9223368261544935196): agent props = {"held_item": "", "hunger": 70.0627442063492, "entity": null}
[GdPAI | debug]   Snapshotting prop: held_item = Str("") (Variant type: STRING)
[GdPAI | debug]   Snapshotting prop: hunger = Float(70.0627442063492) (Variant type: FLOAT)
[GdPAI | debug]   Snapshotting prop: entity = Nil (Variant type: NIL)
WARNING: [GdPAI] ObjectRef(1382643928884): object was freed before callback; returning Nil.
   at: gdplanningai_rust::logger::process_logs (src\logger.rs:66)
   GDScript backtrace (most recent call first):
       [0] _start_plan_and_wait (res://test/integration/test_campfire_example_smoke.gd:57)
WARNING: [GdPAI] ObjectRef(1382157389614): object was freed before callback; returning Nil.
   at: gdplanningai_rust::logger::process_logs (src\logger.rs:66)
   GDScript backtrace (most recent call first):
       [0] _start_plan_and_wait (res://test/integration/test_campfire_example_smoke.gd:57)
WARNING: [GdPAI] ObjectRef(1382157389614): object was freed before callback; returning Nil.
   at: gdplanningai_rust::logger::process_logs (src\logger.rs:66)
   GDScript backtrace (most recent call first):
       [0] _start_plan_and_wait (res://test/integration/test_campfire_example_smoke.gd:57)
[GdPAI | debug] GetCost: callable returned non-numeric value: null; returning INFINITY
WARNING: [GdPAI] ObjectRef(124621163998): object was freed before callback; returning Nil.
   at: gdplanningai_rust::logger::process_logs (src\logger.rs:66)
   GDScript backtrace (most recent call first):
       [0] _process (res://addons/GdPlanningAI/gdpai_autoload.gd:21)
[GdPAI | debug] GetCost: callable returned non-numeric value: null; returning INFINITY
WARNING: [GdPAI] ObjectRef(1382643928884): object was freed before callback; returning Nil.
   at: gdplanningai_rust::logger::process_logs (src\logger.rs:66)
   GDScript backtrace (most recent call first):
       [0] _process (res://addons/GdPlanningAI/gdpai_autoload.gd:21)
WARNING: [GdPAI] ObjectRef(1382157389614): object was freed before callback; returning Nil.
   at: gdplanningai_rust::logger::process_logs (src\logger.rs:66)
   GDScript backtrace (most recent call first):
       [0] _process (res://addons/GdPlanningAI/gdpai_autoload.gd:21)
WARNING: [GdPAI] ObjectRef(1382157389614): object was freed before callback; returning Nil.
   at: gdplanningai_rust::logger::process_logs (src\logger.rs:66)
   GDScript backtrace (most recent call first):
       [0] _process (res://addons/GdPlanningAI/gdpai_autoload.gd:21)
[GdPAI | debug] ApplyEffect [Before] ID=InstanceId(-9223368259615555380): agent props = {"entity": null, "at_target": null, "held_item": "", "hunger": 95.0603725}
[GdPAI | debug] ApplyEffect [After] ID=InstanceId(-9223368259615555380): agent props = {"entity": null, "at_target": null, "held_item": "", "hunger": 95.0603725}
[GdPAI | debug]   Snapshotting prop: entity = Nil (Variant type: NIL)
[GdPAI | debug]   Snapshotting prop: at_target = Nil (Variant type: NIL)
[GdPAI | debug]   Snapshotting prop: held_item = Str("") (Variant type: STRING)
[GdPAI | debug]   Snapshotting prop: hunger = Float(95.0603725) (Variant type: FLOAT)
WARNING: [GdPAI] ObjectRef(124621163998): object was freed before callback; returning Nil.
   at: gdplanningai_rust::logger::process_logs (src\logger.rs:66)
   GDScript backtrace (most recent call first):
       [0] _start_plan_and_wait (res://test/integration/test_campfire_example_smoke.gd:57)
[GdPAI | debug] ApplyEffect [Before] ID=InstanceId(-9223368258843803450): agent props = {"entity": null, "hunger": 70.0627442063492, "held_item": ""}
[GdPAI | debug] ApplyEffect [After] ID=InstanceId(-9223368258843803450): agent props = {"entity": null, "hunger": 70.0627442063492, "held_item": ""}
[GdPAI | debug]   Snapshotting prop: entity = Nil (Variant type: NIL)
[GdPAI | debug]   Snapshotting prop: hunger = Float(70.0627442063492) (Variant type: FLOAT)
[GdPAI | debug]   Snapshotting prop: held_item = Str("") (Variant type: STRING)
WARNING: [GdPAI] ObjectRef(1382643928884): object was freed before callback; returning Nil.
   at: gdplanningai_rust::logger::process_logs (src\logger.rs:66)
   GDScript backtrace (most recent call first):
       [0] _start_plan_and_wait (res://test/integration/test_campfire_example_smoke.gd:57)
WARNING: [GdPAI] ObjectRef(1382157389614): object was freed before callback; returning Nil.
   at: gdplanningai_rust::logger::process_logs (src\logger.rs:66)
   GDScript backtrace (most recent call first):
       [0] _start_plan_and_wait (res://test/integration/test_campfire_example_smoke.gd:57)
WARNING: [GdPAI] ObjectRef(1382157389614): object was freed before callback; returning Nil.
   at: gdplanningai_rust::logger::process_logs (src\logger.rs:66)
   GDScript backtrace (most recent call first):
       [0] _start_plan_and_wait (res://test/integration/test_campfire_example_smoke.gd:57)
[GdPAI | debug] GetCost: callable returned non-numeric value: null; returning INFINITY
WARNING: [GdPAI] ObjectRef(124621163998): object was freed before callback; returning Nil.
   at: gdplanningai_rust::logger::process_logs (src\logger.rs:66)
   GDScript backtrace (most recent call first):
       [0] _process (res://addons/GdPlanningAI/gdpai_autoload.gd:21)
[GdPAI | debug] GetCost: callable returned non-numeric value: null; returning INFINITY
WARNING: [GdPAI] ObjectRef(1382643928884): object was freed before callback; returning Nil.
   at: gdplanningai_rust::logger::process_logs (src\logger.rs:66)
   GDScript backtrace (most recent call first):
       [0] _process (res://addons/GdPlanningAI/gdpai_autoload.gd:21)
WARNING: [GdPAI] ObjectRef(1382157389614): object was freed before callback; returning Nil.
   at: gdplanningai_rust::logger::process_logs (src\logger.rs:66)
   GDScript backtrace (most recent call first):
       [0] _process (res://addons/GdPlanningAI/gdpai_autoload.gd:21)
WARNING: [GdPAI] ObjectRef(1382157389614): object was freed before callback; returning Nil.
   at: gdplanningai_rust::logger::process_logs (src\logger.rs:66)
   GDScript backtrace (most recent call first):
       [0] _process (res://addons/GdPlanningAI/gdpai_autoload.gd:21)
[GdPAI | debug] ApplyEffect [Before] ID=InstanceId(-9223368256914423559): agent props = {"hunger": 95.0603725, "held_item": "", "entity": null, "at_target": null}
[GdPAI | debug] ApplyEffect [After] ID=InstanceId(-9223368256914423559): agent props = {"hunger": 95.0603725, "held_item": "", "entity": null, "at_target": null}
[GdPAI | debug]   Snapshotting prop: hunger = Float(95.0603725) (Variant type: FLOAT)
[GdPAI | debug]   Snapshotting prop: held_item = Str("") (Variant type: STRING)
[GdPAI | debug]   Snapshotting prop: entity = Nil (Variant type: NIL)
[GdPAI | debug]   Snapshotting prop: at_target = Nil (Variant type: NIL)
WARNING: [GdPAI] ObjectRef(124621163998): object was freed before callback; returning Nil.
   at: gdplanningai_rust::logger::process_logs (src\logger.rs:66)
   GDScript backtrace (most recent call first):
       [0] _start_plan_and_wait (res://test/integration/test_campfire_example_smoke.gd:57)
[GdPAI | debug] ApplyEffect [Before] ID=InstanceId(-9223368256142671600): agent props = {"entity": null, "hunger": 70.0627442063492, "held_item": ""}
[GdPAI | debug] ApplyEffect [After] ID=InstanceId(-9223368256142671600): agent props = {"entity": null, "hunger": 70.0627442063492, "held_item": ""}
[GdPAI | debug]   Snapshotting prop: entity = Nil (Variant type: NIL)
[GdPAI | debug]   Snapshotting prop: hunger = Float(70.0627442063492) (Variant type: FLOAT)
[GdPAI | debug]   Snapshotting prop: held_item = Str("") (Variant type: STRING)
WARNING: [GdPAI] ObjectRef(1382643928884): object was freed before callback; returning Nil.
   at: gdplanningai_rust::logger::process_logs (src\logger.rs:66)
   GDScript backtrace (most recent call first):
       [0] _start_plan_and_wait (res://test/integration/test_campfire_example_smoke.gd:57)
[GdPAI | debug] GetCost: callable returned non-numeric value: null; returning INFINITY
WARNING: [GdPAI] ObjectRef(124621163998): object was freed before callback; returning Nil.
   at: gdplanningai_rust::logger::process_logs (src\logger.rs:66)
   GDScript backtrace (most recent call first):
       [0] _process (res://addons/GdPlanningAI/gdpai_autoload.gd:21)
[GdPAI | debug] GetCost: callable returned non-numeric value: null; returning INFINITY
WARNING: [GdPAI] ObjectRef(1382643928884): object was freed before callback; returning Nil.
   at: gdplanningai_rust::logger::process_logs (src\logger.rs:66)
   GDScript backtrace (most recent call first):
       [0] _process (res://addons/GdPlanningAI/gdpai_autoload.gd:21)
[GdPAI | debug] ApplyEffect [Before] ID=InstanceId(-9223368254313955170): agent props = {"entity": null, "held_item": "wood", "hunger": 95.0603725, "at_target": null}
[GdPAI | debug] ApplyEffect [After] ID=InstanceId(-9223368254313955170): agent props = {"entity": null, "held_item": "wood", "hunger": 95.0603725, "at_target": null}
[GdPAI | debug]   Snapshotting prop: entity = Nil (Variant type: NIL)
[GdPAI | debug]   Snapshotting prop: held_item = Str("wood") (Variant type: STRING)
[GdPAI | debug]   Snapshotting prop: hunger = Float(95.0603725) (Variant type: FLOAT)
[GdPAI | debug]   Snapshotting prop: at_target = Nil (Variant type: NIL)
WARNING: [GdPAI] ObjectRef(124621163998): object was freed before callback; returning Nil.
   at: gdplanningai_rust::logger::process_logs (src\logger.rs:66)
   GDScript backtrace (most recent call first):
       [0] _start_plan_and_wait (res://test/integration/test_campfire_example_smoke.gd:57)
[GdPAI | debug] ApplyEffect [Before] ID=InstanceId(-9223368253642866393): agent props = {"hunger": 70.0627442063492, "entity": null, "held_item": ""}
[GdPAI | debug] ApplyEffect [After] ID=InstanceId(-9223368253642866393): agent props = {"hunger": 70.0627442063492, "entity": null, "held_item": ""}
[GdPAI | debug]   Snapshotting prop: hunger = Float(70.0627442063492) (Variant type: FLOAT)
[GdPAI | debug]   Snapshotting prop: entity = Nil (Variant type: NIL)
[GdPAI | debug]   Snapshotting prop: held_item = Str("") (Variant type: STRING)
WARNING: [GdPAI] ObjectRef(1382643928884): object was freed before callback; returning Nil.
   at: gdplanningai_rust::logger::process_logs (src\logger.rs:66)
   GDScript backtrace (most recent call first):
       [0] _start_plan_and_wait (res://test/integration/test_campfire_example_smoke.gd:57)
WARNING: [GdPAI] ObjectRef(1382643928884): object was freed before callback; returning Nil.
   at: gdplanningai_rust::logger::process_logs (src\logger.rs:66)
   GDScript backtrace (most recent call first):
       [0] _start_plan_and_wait (res://test/integration/test_campfire_example_smoke.gd:57)
[GdPAI | debug] GetCost: callable returned non-numeric value: null; returning INFINITY
WARNING: [GdPAI] ObjectRef(124621163998): object was freed before callback; returning Nil.
   at: gdplanningai_rust::logger::process_logs (src\logger.rs:66)
   GDScript backtrace (most recent call first):
       [0] _process (res://addons/GdPlanningAI/gdpai_autoload.gd:21)
[GdPAI | debug] GetCost: callable returned non-numeric value: null; returning INFINITY
WARNING: [GdPAI] ObjectRef(1382643928884): object was freed before callback; returning Nil.
   at: gdplanningai_rust::logger::process_logs (src\logger.rs:66)
   GDScript backtrace (most recent call first):
       [0] _process (res://addons/GdPlanningAI/gdpai_autoload.gd:21)
WARNING: [GdPAI] ObjectRef(1382643928884): object was freed before callback; returning Nil.
   at: gdplanningai_rust::logger::process_logs (src\logger.rs:66)
   GDScript backtrace (most recent call first):
       [0] _process (res://addons/GdPlanningAI/gdpai_autoload.gd:21)
[GdPAI | debug] ApplyEffect [Before] ID=InstanceId(-9223368251763818196): agent props = {"entity": null, "hunger": 95.0603725, "held_item": ""}
[GdPAI | debug] ApplyEffect [After] ID=InstanceId(-9223368251763818196): agent props = {"entity": null, "hunger": 95.0603725, "held_item": ""}
[GdPAI | debug]   Snapshotting prop: entity = Nil (Variant type: NIL)
[GdPAI | debug]   Snapshotting prop: hunger = Float(95.0603725) (Variant type: FLOAT)
[GdPAI | debug]   Snapshotting prop: held_item = Str("") (Variant type: STRING)
WARNING: [GdPAI] ObjectRef(124621163998): object was freed before callback; returning Nil.
   at: gdplanningai_rust::logger::process_logs (src\logger.rs:66)
   GDScript backtrace (most recent call first):
       [0] _start_plan_and_wait (res://test/integration/test_campfire_example_smoke.gd:57)
[GdPAI | debug] ApplyEffect [Before] ID=InstanceId(-9223368251042397893): agent props = {"entity": null, "held_item": "wood", "hunger": 70.0627442063492}
[GdPAI | debug] ApplyEffect [After] ID=InstanceId(-9223368251042397893): agent props = {"entity": null, "held_item": "wood", "hunger": 70.0627442063492}
[GdPAI | debug]   Snapshotting prop: entity = Nil (Variant type: NIL)
[GdPAI | debug]   Snapshotting prop: held_item = Str("wood") (Variant type: STRING)
[GdPAI | debug]   Snapshotting prop: hunger = Float(70.0627442063492) (Variant type: FLOAT)
WARNING: [GdPAI] ObjectRef(1382643928884): object was freed before callback; returning Nil.
   at: gdplanningai_rust::logger::process_logs (src\logger.rs:66)
   GDScript backtrace (most recent call first):
       [0] _start_plan_and_wait (res://test/integration/test_campfire_example_smoke.gd:57)
[GdPAI | debug] GetCost: callable returned non-numeric value: null; returning INFINITY
[GdPAI] A* Iteration: pop node with chain length 5
[GdPAI | debug] find_candidates: Checking 15 actions against 1 preconds and 4 requirements
WARNING: [GdPAI] ObjectRef(124621163998): object was freed before callback; returning Nil.
   at: gdplanningai_rust::logger::process_logs (src\logger.rs:66)
   GDScript backtrace (most recent call first):
       [0] _process (res://addons/GdPlanningAI/gdpai_autoload.gd:21)
WARNING: [GdPAI] ObjectRef(124621163998): object was freed before callback; returning Nil.
   at: gdplanningai_rust::logger::process_logs (src\logger.rs:66)
   GDScript backtrace (most recent call first):
       [0] _process (res://addons/GdPlanningAI/gdpai_autoload.gd:21)
[GdPAI | debug] Discovery: Starting simulation for action Go To
WARNING: [GdPAI] ObjectRef(1382643928884): object was freed before callback; returning Nil.
   at: gdplanningai_rust::logger::process_logs (src\logger.rs:66)
   GDScript backtrace (most recent call first):
       [0] _process (res://addons/GdPlanningAI/gdpai_autoload.gd:21)
[GdPAI | debug] ApplyEffect [Before] ID=InstanceId(-9223368249213681355): agent props = {"hunger": 95.0603725, "entity": null, "held_item": ""}
[GdPAI | debug] ApplyEffect [After] ID=InstanceId(-9223368249213681355): agent props = {"hunger": 95.0603725, "entity": null, "held_item": ""}
[GdPAI | debug]   Snapshotting prop: hunger = Float(95.0603725) (Variant type: FLOAT)
[GdPAI | debug]   Snapshotting prop: entity = Nil (Variant type: NIL)
[GdPAI | debug]   Snapshotting prop: held_item = Str("") (Variant type: STRING)
WARNING: [GdPAI] ObjectRef(124621163998): object was freed before callback; returning Nil.
   at: gdplanningai_rust::logger::process_logs (src\logger.rs:66)
   GDScript backtrace (most recent call first):
       [0] _start_plan_and_wait (res://test/integration/test_campfire_example_smoke.gd:57)
WARNING: [GdPAI] ObjectRef(124621163998): object was freed before callback; returning Nil.
   at: gdplanningai_rust::logger::process_logs (src\logger.rs:66)
   GDScript backtrace (most recent call first):
       [0] _start_plan_and_wait (res://test/integration/test_campfire_example_smoke.gd:57)
[GdPAI | debug] GetCost: callable returned non-numeric value: null; returning INFINITY
WARNING: [GdPAI] ObjectRef(1382643928884): object was freed before callback; returning Nil.
   at: gdplanningai_rust::logger::process_logs (src\logger.rs:66)
   GDScript backtrace (most recent call first):
       [0] _start_plan_and_wait (res://test/integration/test_campfire_example_smoke.gd:57)
WARNING: [GdPAI] ObjectRef(1382157389614): object was freed before callback; returning Nil.
   at: gdplanningai_rust::logger::process_logs (src\logger.rs:66)
   GDScript backtrace (most recent call first):
       [0] _start_plan_and_wait (res://test/integration/test_campfire_example_smoke.gd:57)
WARNING: [GdPAI] ObjectRef(1382157389614): object was freed before callback; returning Nil.
   at: gdplanningai_rust::logger::process_logs (src\logger.rs:66)
   GDScript backtrace (most recent call first):
       [0] _start_plan_and_wait (res://test/integration/test_campfire_example_smoke.gd:57)
[GdPAI | debug] GetCost: callable returned non-numeric value: null; returning INFINITY
WARNING: [GdPAI] ObjectRef(124621163998): object was freed before callback; returning Nil.
   at: gdplanningai_rust::logger::process_logs (src\logger.rs:66)
   GDScript backtrace (most recent call first):
       [0] _process (res://addons/GdPlanningAI/gdpai_autoload.gd:21)
WARNING: [GdPAI] ObjectRef(124621163998): object was freed before callback; returning Nil.
   at: gdplanningai_rust::logger::process_logs (src\logger.rs:66)
   GDScript backtrace (most recent call first):
       [0] _process (res://addons/GdPlanningAI/gdpai_autoload.gd:21)
[GdPAI | debug] ApplyEffect [Before] ID=InstanceId(-9223368247082974962): agent props = {"hunger": 70.0627442063492, "entity": null, "held_item": ""}
[GdPAI | debug] ApplyEffect [After] ID=InstanceId(-9223368247082974962): agent props = {"hunger": 70.0627442063492, "entity": null, "held_item": ""}
[GdPAI | debug]   Snapshotting prop: hunger = Float(70.0627442063492) (Variant type: FLOAT)
[GdPAI | debug]   Snapshotting prop: entity = Nil (Variant type: NIL)
[GdPAI | debug]   Snapshotting prop: held_item = Str("") (Variant type: STRING)
[GdPAI | debug] Discovery: Simulation success for Go To. Agent props: {"hunger": Float(70.0627442063492), "entity": Nil, "held_item": Str("")}
[GdPAI | debug] Discovery: Action Go To satisfied precond Builtin { target: Agent, operation: Equal, property_name: "held_item", value: Some(Str("")) }
[GdPAI | debug] Found candidate: Go To (satisfied preconds: [0], requirements: [0, 1, 2, 3])
WARNING: [GdPAI] ObjectRef(1382643928884): object was freed before callback; returning Nil.
   at: gdplanningai_rust::logger::process_logs (src\logger.rs:66)
   GDScript backtrace (most recent call first):
       [0] _process (res://addons/GdPlanningAI/gdpai_autoload.gd:21)
WARNING: [GdPAI] ObjectRef(1382157389614): object was freed before callback; returning Nil.
   at: gdplanningai_rust::logger::process_logs (src\logger.rs:66)
   GDScript backtrace (most recent call first):
       [0] _process (res://addons/GdPlanningAI/gdpai_autoload.gd:21)
WARNING: [GdPAI] ObjectRef(1382157389614): object was freed before callback; returning Nil.
   at: gdplanningai_rust::logger::process_logs (src\logger.rs:66)
   GDScript backtrace (most recent call first):
       [0] _process (res://addons/GdPlanningAI/gdpai_autoload.gd:21)
[GdPAI | debug] ApplyEffect [Before] ID=InstanceId(-9223368246512549618): agent props = {"entity": null, "at_target": null, "held_item": "", "hunger": 95.0603725}
[GdPAI | debug] ApplyEffect [After] ID=InstanceId(-9223368246512549618): agent props = {"entity": null, "at_target": null, "held_item": "", "hunger": 95.0603725}
[GdPAI | debug]   Snapshotting prop: entity = Nil (Variant type: NIL)
[GdPAI | debug]   Snapshotting prop: at_target = Nil (Variant type: NIL)
[GdPAI | debug]   Snapshotting prop: held_item = Str("") (Variant type: STRING)
[GdPAI | debug]   Snapshotting prop: hunger = Float(95.0603725) (Variant type: FLOAT)
[GdPAI | debug] Discovery: Starting simulation for action Eat Held Food
WARNING: [GdPAI] ObjectRef(124621163998): object was freed before callback; returning Nil.
   at: gdplanningai_rust::logger::process_logs (src\logger.rs:66)
   GDScript backtrace (most recent call first):
       [0] _start_plan_and_wait (res://test/integration/test_campfire_example_smoke.gd:57)
WARNING: [GdPAI] ObjectRef(124621163998): object was freed before callback; returning Nil.
   at: gdplanningai_rust::logger::process_logs (src\logger.rs:66)
   GDScript backtrace (most recent call first):
       [0] _start_plan_and_wait (res://test/integration/test_campfire_example_smoke.gd:57)
[GdPAI | debug] GetCost: callable returned non-numeric value: null; returning INFINITY
WARNING: [GdPAI] ObjectRef(1382643928884): object was freed before callback; returning Nil.
   at: gdplanningai_rust::logger::process_logs (src\logger.rs:66)
   GDScript backtrace (most recent call first):
       [0] _start_plan_and_wait (res://test/integration/test_campfire_example_smoke.gd:57)
WARNING: [GdPAI] ObjectRef(1382157389614): object was freed before callback; returning Nil.
   at: gdplanningai_rust::logger::process_logs (src\logger.rs:66)
   GDScript backtrace (most recent call first):
       [0] _start_plan_and_wait (res://test/integration/test_campfire_example_smoke.gd:57)
WARNING: [GdPAI] ObjectRef(1382157389614): object was freed before callback; returning Nil.
   at: gdplanningai_rust::logger::process_logs (src\logger.rs:66)
   GDScript backtrace (most recent call first):
       [0] _start_plan_and_wait (res://test/integration/test_campfire_example_smoke.gd:57)
[GdPAI | debug] GetCost: callable returned non-numeric value: null; returning INFINITY
WARNING: [GdPAI] ObjectRef(124621163998): object was freed before callback; returning Nil.
   at: gdplanningai_rust::logger::process_logs (src\logger.rs:66)
   GDScript backtrace (most recent call first):
       [0] _process (res://addons/GdPlanningAI/gdpai_autoload.gd:21)
WARNING: [GdPAI] ObjectRef(124621163998): object was freed before callback; returning Nil.
   at: gdplanningai_rust::logger::process_logs (src\logger.rs:66)
   GDScript backtrace (most recent call first):
       [0] _process (res://addons/GdPlanningAI/gdpai_autoload.gd:21)
[GdPAI | debug] ApplyEffect [Before] ID=InstanceId(-9223368244281179834): agent props = {"hunger": 70.0627442063492, "held_item": "", "entity": null}
[GdPAI | debug] ApplyEffect [After] ID=InstanceId(-9223368244281179834): agent props = {"hunger": 70.0627442063492, "held_item": "", "entity": null}
[GdPAI | debug]   Snapshotting prop: hunger = Float(70.0627442063492) (Variant type: FLOAT)
[GdPAI | debug]   Snapshotting prop: held_item = Str("") (Variant type: STRING)
[GdPAI | debug]   Snapshotting prop: entity = Nil (Variant type: NIL)
[GdPAI | debug] Discovery: Simulation success for Eat Held Food. Agent props: {"entity": Nil, "hunger": Float(70.0627442063492), "held_item": Str("")}
[GdPAI | debug] Discovery: Action Eat Held Food satisfied precond Builtin { target: Agent, operation: Equal, property_name: "held_item", value: Some(Str("")) }
[GdPAI | debug] Found candidate: Eat Held Food (satisfied preconds: [0], requirements: [])
WARNING: [GdPAI] ObjectRef(1382643928884): object was freed before callback; returning Nil.
   at: gdplanningai_rust::logger::process_logs (src\logger.rs:66)
   GDScript backtrace (most recent call first):
       [0] _process (res://addons/GdPlanningAI/gdpai_autoload.gd:21)
WARNING: [GdPAI] ObjectRef(1382157389614): object was freed before callback; returning Nil.
   at: gdplanningai_rust::logger::process_logs (src\logger.rs:66)
   GDScript backtrace (most recent call first):
       [0] _process (res://addons/GdPlanningAI/gdpai_autoload.gd:21)
WARNING: [GdPAI] ObjectRef(1382157389614): object was freed before callback; returning Nil.
   at: gdplanningai_rust::logger::process_logs (src\logger.rs:66)
   GDScript backtrace (most recent call first):
       [0] _process (res://addons/GdPlanningAI/gdpai_autoload.gd:21)
[GdPAI | debug] ApplyEffect [Before] ID=InstanceId(-9223368243710754490): agent props = {"hunger": 95.0603725, "entity": null, "at_target": null, "held_item": ""}
[GdPAI | debug] ApplyEffect [After] ID=InstanceId(-9223368243710754490): agent props = {"hunger": 95.0603725, "entity": null, "at_target": null, "held_item": ""}
[GdPAI | debug]   Snapshotting prop: hunger = Float(95.0603725) (Variant type: FLOAT)
[GdPAI | debug]   Snapshotting prop: entity = Nil (Variant type: NIL)
[GdPAI | debug]   Snapshotting prop: at_target = Nil (Variant type: NIL)
[GdPAI | debug]   Snapshotting prop: held_item = Str("") (Variant type: STRING)
WARNING: [GdPAI] ObjectRef(124621163998): object was freed before callback; returning Nil.
   at: gdplanningai_rust::logger::process_logs (src\logger.rs:66)
   GDScript backtrace (most recent call first):
       [0] _start_plan_and_wait (res://test/integration/test_campfire_example_smoke.gd:57)
WARNING: [GdPAI] ObjectRef(124621163998): object was freed before callback; returning Nil.
   at: gdplanningai_rust::logger::process_logs (src\logger.rs:66)
   GDScript backtrace (most recent call first):
       [0] _start_plan_and_wait (res://test/integration/test_campfire_example_smoke.gd:57)
[GdPAI | debug] Discovery: Starting simulation for action Go To
WARNING: [GdPAI] ObjectRef(1382643928884): object was freed before callback; returning Nil.
   at: gdplanningai_rust::logger::process_logs (src\logger.rs:66)
   GDScript backtrace (most recent call first):
       [0] _start_plan_and_wait (res://test/integration/test_campfire_example_smoke.gd:57)
[GdPAI | debug] GetCost: callable returned non-numeric value: null; returning INFINITY
WARNING: [GdPAI] ObjectRef(124621163998): object was freed before callback; returning Nil.
   at: gdplanningai_rust::logger::process_logs (src\logger.rs:66)
   GDScript backtrace (most recent call first):
       [0] _process (res://addons/GdPlanningAI/gdpai_autoload.gd:21)
WARNING: [GdPAI] ObjectRef(124621163998): object was freed before callback; returning Nil.
   at: gdplanningai_rust::logger::process_logs (src\logger.rs:66)
   GDScript backtrace (most recent call first):
       [0] _process (res://addons/GdPlanningAI/gdpai_autoload.gd:21)
[GdPAI | debug] GetCost: callable returned non-numeric value: null; returning INFINITY
WARNING: [GdPAI] ObjectRef(1382643928884): object was freed before callback; returning Nil.
   at: gdplanningai_rust::logger::process_logs (src\logger.rs:66)
   GDScript backtrace (most recent call first):
       [0] _process (res://addons/GdPlanningAI/gdpai_autoload.gd:21)
[GdPAI | debug] ApplyEffect [Before] ID=InstanceId(-9223368241009622666): agent props = {"hunger": 95.0603725, "entity": null, "at_target": null, "held_item": "wood"}
[GdPAI | debug] ApplyEffect [After] ID=InstanceId(-9223368241009622666): agent props = {"hunger": 95.0603725, "entity": null, "at_target": null, "held_item": "wood"}
[GdPAI | debug]   Snapshotting prop: hunger = Float(95.0603725) (Variant type: FLOAT)
[GdPAI | debug]   Snapshotting prop: entity = Nil (Variant type: NIL)
[GdPAI | debug]   Snapshotting prop: at_target = Nil (Variant type: NIL)
[GdPAI | debug]   Snapshotting prop: held_item = Str("wood") (Variant type: STRING)
[GdPAI] A* Iteration: pop node with chain length 4
[GdPAI | debug] find_candidates: Checking 15 actions against 1 preconds and 1 requirements
WARNING: [GdPAI] ObjectRef(124621163998): object was freed before callback; returning Nil.
   at: gdplanningai_rust::logger::process_logs (src\logger.rs:66)
   GDScript backtrace (most recent call first):
       [0] _start_plan_and_wait (res://test/integration/test_campfire_example_smoke.gd:57)
WARNING: [GdPAI] ObjectRef(124621163998): object was freed before callback; returning Nil.
   at: gdplanningai_rust::logger::process_logs (src\logger.rs:66)
   GDScript backtrace (most recent call first):
       [0] _start_plan_and_wait (res://test/integration/test_campfire_example_smoke.gd:57)
[GdPAI | debug] ApplyEffect [Before] ID=InstanceId(-9223368240288202368): agent props = {"entity": null, "hunger": 70.0627442063492, "held_item": ""}
[GdPAI | debug] ApplyEffect [After] ID=InstanceId(-9223368240288202368): agent props = {"entity": null, "hunger": 70.0627442063492, "held_item": ""}
[GdPAI | debug]   Snapshotting prop: entity = Nil (Variant type: NIL)
[GdPAI | debug]   Snapshotting prop: hunger = Float(70.0627442063492) (Variant type: FLOAT)
[GdPAI | debug]   Snapshotting prop: held_item = Str("") (Variant type: STRING)
WARNING: [GdPAI] ObjectRef(1382643928884): object was freed before callback; returning Nil.
   at: gdplanningai_rust::logger::process_logs (src\logger.rs:66)
   GDScript backtrace (most recent call first):
       [0] _start_plan_and_wait (res://test/integration/test_campfire_example_smoke.gd:57)
[GdPAI | debug] Discovery: Simulation success for Go To. Agent props: {"held_item": Str(""), "entity": Nil, "hunger": Float(70.0627442063492)}
[GdPAI | debug] Discovery: Action Go To satisfied precond Builtin { target: Agent, operation: Equal, property_name: "held_item", value: Some(Str("")) }
[GdPAI | debug] Found candidate: Go To (satisfied preconds: [0], requirements: [0, 1, 2, 3])
WARNING: [GdPAI] ObjectRef(1382643928884): object was freed before callback; returning Nil.
   at: gdplanningai_rust::logger::process_logs (src\logger.rs:66)
   GDScript backtrace (most recent call first):
       [0] _start_plan_and_wait (res://test/integration/test_campfire_example_smoke.gd:57)
[GdPAI | debug] Discovery: Starting simulation for action Drop Item
[GdPAI | debug] Discovery: Starting simulation for action Go To
WARNING: [GdPAI] ObjectRef(124621163998): object was freed before callback; returning Nil.
   at: gdplanningai_rust::logger::process_logs (src\logger.rs:66)
   GDScript backtrace (most recent call first):
       [0] _process (res://addons/GdPlanningAI/gdpai_autoload.gd:21)
WARNING: [GdPAI] ObjectRef(124621163998): object was freed before callback; returning Nil.
   at: gdplanningai_rust::logger::process_logs (src\logger.rs:66)
   GDScript backtrace (most recent call first):
       [0] _process (res://addons/GdPlanningAI/gdpai_autoload.gd:21)
[GdPAI | debug] GetCost: callable returned non-numeric value: null; returning INFINITY
WARNING: [GdPAI] ObjectRef(1382643928884): object was freed before callback; returning Nil.
   at: gdplanningai_rust::logger::process_logs (src\logger.rs:66)
   GDScript backtrace (most recent call first):
       [0] _process (res://addons/GdPlanningAI/gdpai_autoload.gd:21)
WARNING: [GdPAI] ObjectRef(1382643928884): object was freed before callback; returning Nil.
   at: gdplanningai_rust::logger::process_logs (src\logger.rs:66)
   GDScript backtrace (most recent call first):
       [0] _process (res://addons/GdPlanningAI/gdpai_autoload.gd:21)
[GdPAI | debug] GetCost: callable returned non-numeric value: null; returning INFINITY
WARNING: [GdPAI] ObjectRef(124621163998): object was freed before callback; returning Nil.
   at: gdplanningai_rust::logger::process_logs (src\logger.rs:66)
   GDScript backtrace (most recent call first):
       [0] _start_plan_and_wait (res://test/integration/test_campfire_example_smoke.gd:57)
WARNING: [GdPAI] ObjectRef(124621163998): object was freed before callback; returning Nil.
   at: gdplanningai_rust::logger::process_logs (src\logger.rs:66)
   GDScript backtrace (most recent call first):
       [0] _start_plan_and_wait (res://test/integration/test_campfire_example_smoke.gd:57)
[GdPAI | debug] ApplyEffect [Before] ID=InstanceId(-9223368237587070541): agent props = {"held_item": "", "entity": null, "hunger": 70.0627442063492}
[GdPAI | debug] ApplyEffect [After] ID=InstanceId(-9223368237587070541): agent props = {"held_item": "", "entity": null, "hunger": 70.0627442063492}
[GdPAI | debug]   Snapshotting prop: held_item = Str("") (Variant type: STRING)
[GdPAI | debug]   Snapshotting prop: entity = Nil (Variant type: NIL)
[GdPAI | debug]   Snapshotting prop: hunger = Float(70.0627442063492) (Variant type: FLOAT)
WARNING: [GdPAI] ObjectRef(1382643928884): object was freed before callback; returning Nil.
   at: gdplanningai_rust::logger::process_logs (src\logger.rs:66)
   GDScript backtrace (most recent call first):
       [0] _start_plan_and_wait (res://test/integration/test_campfire_example_smoke.gd:57)
[GdPAI | debug] Discovery: Simulation success for Drop Item. Agent props: {"held_item": Str(""), "entity": Nil, "hunger": Float(70.0627442063492)}
[GdPAI | debug] Discovery: Action Drop Item satisfied precond Builtin { target: Agent, operation: Equal, property_name: "held_item", value: Some(Str("")) }
[GdPAI | debug] Found candidate: Drop Item (satisfied preconds: [0], requirements: [])
WARNING: [GdPAI] ObjectRef(1382643928884): object was freed before callback; returning Nil.
   at: gdplanningai_rust::logger::process_logs (src\logger.rs:66)
   GDScript backtrace (most recent call first):
       [0] _start_plan_and_wait (res://test/integration/test_campfire_example_smoke.gd:57)
[GdPAI | debug] ApplyEffect [Before] ID=InstanceId(-9223368237016645197): agent props = {"entity": null, "held_item": "", "hunger": 95.0603725}
[GdPAI | debug] ApplyEffect [After] ID=InstanceId(-9223368237016645197): agent props = {"entity": null, "held_item": "", "hunger": 95.0603725}
[GdPAI | debug]   Snapshotting prop: entity = Nil (Variant type: NIL)
[GdPAI | debug]   Snapshotting prop: held_item = Str("") (Variant type: STRING)
[GdPAI | debug]   Snapshotting prop: hunger = Float(95.0603725) (Variant type: FLOAT)
[GdPAI | debug] Discovery: Starting simulation for action Add Fuel
[GdPAI | debug] Discovery: Simulation success for Go To. Agent props: {"entity": Nil, "held_item": Str(""), "hunger": Float(95.0603725)}
[GdPAI | debug] Discovery: Action Go To satisfied precond Builtin { target: Agent, operation: Equal, property_name: "held_item", value: Some(Str("")) }
[GdPAI | debug] Found candidate: Go To (satisfied preconds: [0], requirements: [0])
[GdPAI | debug] Discovery: Starting simulation for action Eat Held Food
WARNING: [GdPAI] ObjectRef(124621163998): object was freed before callback; returning Nil.
   at: gdplanningai_rust::logger::process_logs (src\logger.rs:66)
   GDScript backtrace (most recent call first):
       [0] _process (res://addons/GdPlanningAI/gdpai_autoload.gd:21)
WARNING: [GdPAI] ObjectRef(124621163998): object was freed before callback; returning Nil.
   at: gdplanningai_rust::logger::process_logs (src\logger.rs:66)
   GDScript backtrace (most recent call first):
       [0] _process (res://addons/GdPlanningAI/gdpai_autoload.gd:21)
[GdPAI | debug] GetCost: callable returned non-numeric value: null; returning INFINITY
WARNING: [GdPAI] ObjectRef(1382643928884): object was freed before callback; returning Nil.
   at: gdplanningai_rust::logger::process_logs (src\logger.rs:66)
   GDScript backtrace (most recent call first):
       [0] _process (res://addons/GdPlanningAI/gdpai_autoload.gd:21)
WARNING: [GdPAI] ObjectRef(1382643928884): object was freed before callback; returning Nil.
   at: gdplanningai_rust::logger::process_logs (src\logger.rs:66)
   GDScript backtrace (most recent call first):
       [0] _process (res://addons/GdPlanningAI/gdpai_autoload.gd:21)
[GdPAI | debug] GetCost: callable returned non-numeric value: null; returning INFINITY
WARNING: [GdPAI] ObjectRef(124621163998): object was freed before callback; returning Nil.
   at: gdplanningai_rust::logger::process_logs (src\logger.rs:66)
   GDScript backtrace (most recent call first):
       [0] _start_plan_and_wait (res://test/integration/test_campfire_example_smoke.gd:57)
WARNING: [GdPAI] ObjectRef(124621163998): object was freed before callback; returning Nil.
   at: gdplanningai_rust::logger::process_logs (src\logger.rs:66)
   GDScript backtrace (most recent call first):
       [0] _start_plan_and_wait (res://test/integration/test_campfire_example_smoke.gd:57)
[GdPAI | debug] ApplyEffect [Before] ID=InstanceId(-9223368234885938741): agent props = {"hunger": 70.0627442063492, "entity": null, "held_item": "wood"}
[GdPAI | debug] ApplyEffect [After] ID=InstanceId(-9223368234885938741): agent props = {"hunger": 70.0627442063492, "entity": null, "held_item": "wood"}
[GdPAI | debug]   Snapshotting prop: hunger = Float(70.0627442063492) (Variant type: FLOAT)
[GdPAI | debug]   Snapshotting prop: entity = Nil (Variant type: NIL)
[GdPAI | debug]   Snapshotting prop: held_item = Str("wood") (Variant type: STRING)
WARNING: [GdPAI] ObjectRef(1382643928884): object was freed before callback; returning Nil.
   at: gdplanningai_rust::logger::process_logs (src\logger.rs:66)
   GDScript backtrace (most recent call first):
       [0] _start_plan_and_wait (res://test/integration/test_campfire_example_smoke.gd:57)
[GdPAI | debug] Discovery: Simulation success for Add Fuel. Agent props: {"hunger": Float(70.0627442063492), "held_item": Str("wood"), "entity": Nil}
[GdPAI | debug] Discovery: Action Add Fuel did NOT satisfy precond Builtin { target: Agent, operation: Equal, property_name: "held_item", value: Some(Str("")) }
WARNING: [GdPAI] ObjectRef(1382643928884): object was freed before callback; returning Nil.
   at: gdplanningai_rust::logger::process_logs (src\logger.rs:66)
   GDScript backtrace (most recent call first):
       [0] _start_plan_and_wait (res://test/integration/test_campfire_example_smoke.gd:57)
[GdPAI | debug] ApplyEffect [Before] ID=InstanceId(-9223368234315513397): agent props = {"hunger": 95.0603725, "entity": null, "held_item": ""}
[GdPAI | debug] ApplyEffect [After] ID=InstanceId(-9223368234315513397): agent props = {"hunger": 95.0603725, "entity": null, "held_item": ""}
[GdPAI | debug]   Snapshotting prop: hunger = Float(95.0603725) (Variant type: FLOAT)
[GdPAI | debug]   Snapshotting prop: entity = Nil (Variant type: NIL)
[GdPAI | debug]   Snapshotting prop: held_item = Str("") (Variant type: STRING)
[GdPAI | debug] Discovery: Simulation success for Eat Held Food. Agent props: {"entity": Nil, "hunger": Float(95.0603725), "held_item": Str("")}
[GdPAI | debug] Discovery: Action Eat Held Food satisfied precond Builtin { target: Agent, operation: Equal, property_name: "held_item", value: Some(Str("")) }
[GdPAI | debug] Found candidate: Eat Held Food (satisfied preconds: [0], requirements: [])
WARNING: [GdPAI] ObjectRef(124621163998): object was freed before callback; returning Nil.
   at: gdplanningai_rust::logger::process_logs (src\logger.rs:66)
   GDScript backtrace (most recent call first):
       [0] _process (res://addons/GdPlanningAI/gdpai_autoload.gd:21)
WARNING: [GdPAI] ObjectRef(124621163998): object was freed before callback; returning Nil.
   at: gdplanningai_rust::logger::process_logs (src\logger.rs:66)
   GDScript backtrace (most recent call first):
       [0] _process (res://addons/GdPlanningAI/gdpai_autoload.gd:21)
WARNING: [GdPAI] ObjectRef(1382643928884): object was freed before callback; returning Nil.
   at: gdplanningai_rust::logger::process_logs (src\logger.rs:66)
   GDScript backtrace (most recent call first):
       [0] _process (res://addons/GdPlanningAI/gdpai_autoload.gd:21)
[GdPAI | debug] Discovery: Action Cook Potato failed validity check, skipping
[GdPAI | debug] Discovery: Starting simulation for action Pick Up Wood
WARNING: [GdPAI] ObjectRef(1382643928884): object was freed before callback; returning Nil.
   at: gdplanningai_rust::logger::process_logs (src\logger.rs:66)
   GDScript backtrace (most recent call first):
       [0] _process (res://addons/GdPlanningAI/gdpai_autoload.gd:21)
[GdPAI | debug] Discovery: Starting simulation for action Go To
WARNING: [GdPAI] ObjectRef(124621163998): object was freed before callback; returning Nil.
   at: gdplanningai_rust::logger::process_logs (src\logger.rs:66)
   GDScript backtrace (most recent call first):
       [0] _start_plan_and_wait (res://test/integration/test_campfire_example_smoke.gd:57)
WARNING: [GdPAI] ObjectRef(124621163998): object was freed before callback; returning Nil.
   at: gdplanningai_rust::logger::process_logs (src\logger.rs:66)
   GDScript backtrace (most recent call first):
       [0] _start_plan_and_wait (res://test/integration/test_campfire_example_smoke.gd:57)
[GdPAI | debug] GetCost: callable returned non-numeric value: null; returning INFINITY
WARNING: [GdPAI] ObjectRef(1382643928884): object was freed before callback; returning Nil.
   at: gdplanningai_rust::logger::process_logs (src\logger.rs:66)
   GDScript backtrace (most recent call first):
       [0] _start_plan_and_wait (res://test/integration/test_campfire_example_smoke.gd:57)
WARNING: [GdPAI] ObjectRef(1382643928884): object was freed before callback; returning Nil.
   at: gdplanningai_rust::logger::process_logs (src\logger.rs:66)
   GDScript backtrace (most recent call first):
       [0] _start_plan_and_wait (res://test/integration/test_campfire_example_smoke.gd:57)
[GdPAI | debug] GetCost: callable returned non-numeric value: null; returning INFINITY
WARNING: [GdPAI] ObjectRef(124621163998): object was freed before callback; returning Nil.
   at: gdplanningai_rust::logger::process_logs (src\logger.rs:66)
   GDScript backtrace (most recent call first):
       [0] _process (res://addons/GdPlanningAI/gdpai_autoload.gd:21)
WARNING: [GdPAI] ObjectRef(124621163998): object was freed before callback; returning Nil.
   at: gdplanningai_rust::logger::process_logs (src\logger.rs:66)
   GDScript backtrace (most recent call first):
       [0] _process (res://addons/GdPlanningAI/gdpai_autoload.gd:21)
[GdPAI | debug] ApplyEffect [Before] ID=InstanceId(-9223368230825852506): agent props = {"held_item": "", "hunger": 70.0627442063492, "entity": null}
[GdPAI | debug] ApplyEffect [After] ID=InstanceId(-9223368230825852506): agent props = {"held_item": "", "hunger": 70.0627442063492, "entity": null}
[GdPAI | debug]   Snapshotting prop: held_item = Str("") (Variant type: STRING)
[GdPAI | debug]   Snapshotting prop: hunger = Float(70.0627442063492) (Variant type: FLOAT)
[GdPAI | debug]   Snapshotting prop: entity = Nil (Variant type: NIL)
WARNING: [GdPAI] ObjectRef(1382643928884): object was freed before callback; returning Nil.
   at: gdplanningai_rust::logger::process_logs (src\logger.rs:66)
   GDScript backtrace (most recent call first):
       [0] _process (res://addons/GdPlanningAI/gdpai_autoload.gd:21)
[GdPAI | debug] Discovery: Simulation success for Pick Up Wood. Agent props: {"held_item": Str(""), "hunger": Float(70.0627442063492), "entity": Nil}
[GdPAI | debug] Discovery: Action Pick Up Wood satisfied precond Builtin { target: Agent, operation: Equal, property_name: "held_item", value: Some(Str("")) }
[GdPAI | debug] Found candidate: Pick Up Wood (satisfied preconds: [0], requirements: [])
WARNING: [GdPAI] ObjectRef(1382643928884): object was freed before callback; returning Nil.
   at: gdplanningai_rust::logger::process_logs (src\logger.rs:66)
   GDScript backtrace (most recent call first):
       [0] _process (res://addons/GdPlanningAI/gdpai_autoload.gd:21)
[GdPAI | debug] ApplyEffect [Before] ID=InstanceId(-9223368230255427162): agent props = {"entity": null, "held_item": "", "hunger": 95.0603725}
[GdPAI | debug] ApplyEffect [After] ID=InstanceId(-9223368230255427162): agent props = {"entity": null, "held_item": "", "hunger": 95.0603725}
[GdPAI | debug]   Snapshotting prop: entity = Nil (Variant type: NIL)
[GdPAI | debug]   Snapshotting prop: held_item = Str("") (Variant type: STRING)
[GdPAI | debug]   Snapshotting prop: hunger = Float(95.0603725) (Variant type: FLOAT)
[GdPAI | debug] Discovery: Starting simulation for action Pick Up Wood
[GdPAI | debug] Discovery: Simulation success for Go To. Agent props: {"held_item": Str(""), "entity": Nil, "hunger": Float(95.0603725)}
[GdPAI | debug] Discovery: Action Go To satisfied precond Builtin { target: Agent, operation: Equal, property_name: "held_item", value: Some(Str("")) }
[GdPAI | debug] Found candidate: Go To (satisfied preconds: [0], requirements: [0])
[GdPAI | debug] Discovery: Starting simulation for action Drop Item
WARNING: [GdPAI] ObjectRef(124621163998): object was freed before callback; returning Nil.
   at: gdplanningai_rust::logger::process_logs (src\logger.rs:66)
   GDScript backtrace (most recent call first):
       [0] _start_plan_and_wait (res://test/integration/test_campfire_example_smoke.gd:57)
WARNING: [GdPAI] ObjectRef(124621163998): object was freed before callback; returning Nil.
   at: gdplanningai_rust::logger::process_logs (src\logger.rs:66)
   GDScript backtrace (most recent call first):
       [0] _start_plan_and_wait (res://test/integration/test_campfire_example_smoke.gd:57)
[GdPAI | debug] GetCost: callable returned non-numeric value: null; returning INFINITY
WARNING: [GdPAI] ObjectRef(1382643928884): object was freed before callback; returning Nil.
   at: gdplanningai_rust::logger::process_logs (src\logger.rs:66)
   GDScript backtrace (most recent call first):
       [0] _start_plan_and_wait (res://test/integration/test_campfire_example_smoke.gd:57)
WARNING: [GdPAI] ObjectRef(1382643928884): object was freed before callback; returning Nil.
   at: gdplanningai_rust::logger::process_logs (src\logger.rs:66)
   GDScript backtrace (most recent call first):
       [0] _start_plan_and_wait (res://test/integration/test_campfire_example_smoke.gd:57)
[GdPAI | debug] GetCost: callable returned non-numeric value: null; returning INFINITY
WARNING: [GdPAI] ObjectRef(124621163998): object was freed before callback; returning Nil.
   at: gdplanningai_rust::logger::process_logs (src\logger.rs:66)
   GDScript backtrace (most recent call first):
       [0] _process (res://addons/GdPlanningAI/gdpai_autoload.gd:21)
WARNING: [GdPAI] ObjectRef(124621163998): object was freed before callback; returning Nil.
   at: gdplanningai_rust::logger::process_logs (src\logger.rs:66)
   GDScript backtrace (most recent call first):
       [0] _process (res://addons/GdPlanningAI/gdpai_autoload.gd:21)
[GdPAI | debug] ApplyEffect [Before] ID=InstanceId(-9223368228124720666): agent props = {"held_item": "", "hunger": 70.0627442063492, "entity": null}
[GdPAI | debug] ApplyEffect [After] ID=InstanceId(-9223368228124720666): agent props = {"held_item": "", "hunger": 70.0627442063492, "entity": null}
[GdPAI | debug]   Snapshotting prop: held_item = Str("") (Variant type: STRING)
[GdPAI | debug]   Snapshotting prop: hunger = Float(70.0627442063492) (Variant type: FLOAT)
[GdPAI | debug]   Snapshotting prop: entity = Nil (Variant type: NIL)
WARNING: [GdPAI] ObjectRef(1382643928884): object was freed before callback; returning Nil.
   at: gdplanningai_rust::logger::process_logs (src\logger.rs:66)
   GDScript backtrace (most recent call first):
       [0] _process (res://addons/GdPlanningAI/gdpai_autoload.gd:21)
[GdPAI | debug] Discovery: Simulation success for Pick Up Wood. Agent props: {"entity": Nil, "hunger": Float(70.0627442063492), "held_item": Str("")}
[GdPAI | debug] Discovery: Action Pick Up Wood satisfied precond Builtin { target: Agent, operation: Equal, property_name: "held_item", value: Some(Str("")) }
[GdPAI | debug] Found candidate: Pick Up Wood (satisfied preconds: [0], requirements: [])
WARNING: [GdPAI] ObjectRef(1382643928884): object was freed before callback; returning Nil.
   at: gdplanningai_rust::logger::process_logs (src\logger.rs:66)
   GDScript backtrace (most recent call first):
       [0] _process (res://addons/GdPlanningAI/gdpai_autoload.gd:21)
[GdPAI | debug] ApplyEffect [Before] ID=InstanceId(-9223368227554295322): agent props = {"hunger": 95.0603725, "entity": null, "held_item": ""}
[GdPAI | debug] ApplyEffect [After] ID=InstanceId(-9223368227554295322): agent props = {"hunger": 95.0603725, "entity": null, "held_item": ""}
[GdPAI | debug]   Snapshotting prop: hunger = Float(95.0603725) (Variant type: FLOAT)
[GdPAI | debug]   Snapshotting prop: entity = Nil (Variant type: NIL)
[GdPAI | debug]   Snapshotting prop: held_item = Str("") (Variant type: STRING)
[GdPAI | debug] Discovery: Starting simulation for action Pick Up Wood
[GdPAI | debug] Discovery: Simulation success for Drop Item. Agent props: {"held_item": Str(""), "hunger": Float(95.0603725), "entity": Nil}
[GdPAI | debug] Discovery: Action Drop Item satisfied precond Builtin { target: Agent, operation: Equal, property_name: "held_item", value: Some(Str("")) }
[GdPAI | debug] Found candidate: Drop Item (satisfied preconds: [0], requirements: [])
[GdPAI | debug] Discovery: Starting simulation for action Add Fuel
WARNING: [GdPAI] ObjectRef(124621163998): object was freed before callback; returning Nil.
   at: gdplanningai_rust::logger::process_logs (src\logger.rs:66)
   GDScript backtrace (most recent call first):
       [0] _start_plan_and_wait (res://test/integration/test_campfire_example_smoke.gd:57)
WARNING: [GdPAI] ObjectRef(124621163998): object was freed before callback; returning Nil.
   at: gdplanningai_rust::logger::process_logs (src\logger.rs:66)
   GDScript backtrace (most recent call first):
       [0] _start_plan_and_wait (res://test/integration/test_campfire_example_smoke.gd:57)
[GdPAI | debug] GetCost: callable returned non-numeric value: null; returning INFINITY
WARNING: [GdPAI] ObjectRef(1382643928884): object was freed before callback; returning Nil.
   at: gdplanningai_rust::logger::process_logs (src\logger.rs:66)
   GDScript backtrace (most recent call first):
       [0] _start_plan_and_wait (res://test/integration/test_campfire_example_smoke.gd:57)
WARNING: [GdPAI] ObjectRef(1382643928884): object was freed before callback; returning Nil.
   at: gdplanningai_rust::logger::process_logs (src\logger.rs:66)
   GDScript backtrace (most recent call first):
       [0] _start_plan_and_wait (res://test/integration/test_campfire_example_smoke.gd:57)
[GdPAI | debug] GetCost: callable returned non-numeric value: null; returning INFINITY
WARNING: [GdPAI] ObjectRef(124621163998): object was freed before callback; returning Nil.
   at: gdplanningai_rust::logger::process_logs (src\logger.rs:66)
   GDScript backtrace (most recent call first):
       [0] _process (res://addons/GdPlanningAI/gdpai_autoload.gd:21)
WARNING: [GdPAI] ObjectRef(124621163998): object was freed before callback; returning Nil.
   at: gdplanningai_rust::logger::process_logs (src\logger.rs:66)
   GDScript backtrace (most recent call first):
       [0] _process (res://addons/GdPlanningAI/gdpai_autoload.gd:21)
[GdPAI | debug] ApplyEffect [Before] ID=InstanceId(-9223368225423588853): agent props = {"entity": null, "hunger": 70.0627442063492, "held_item": ""}
[GdPAI | debug] ApplyEffect [After] ID=InstanceId(-9223368225423588853): agent props = {"entity": null, "hunger": 70.0627442063492, "held_item": ""}
[GdPAI | debug]   Snapshotting prop: entity = Nil (Variant type: NIL)
[GdPAI | debug]   Snapshotting prop: hunger = Float(70.0627442063492) (Variant type: FLOAT)
[GdPAI | debug]   Snapshotting prop: held_item = Str("") (Variant type: STRING)
WARNING: [GdPAI] ObjectRef(1382643928884): object was freed before callback; returning Nil.
   at: gdplanningai_rust::logger::process_logs (src\logger.rs:66)
   GDScript backtrace (most recent call first):
       [0] _process (res://addons/GdPlanningAI/gdpai_autoload.gd:21)
[GdPAI | debug] Discovery: Simulation success for Pick Up Wood. Agent props: {"entity": Nil, "hunger": Float(70.0627442063492), "held_item": Str("")}
[GdPAI | debug] Discovery: Action Pick Up Wood satisfied precond Builtin { target: Agent, operation: Equal, property_name: "held_item", value: Some(Str("")) }
[GdPAI | debug] Found candidate: Pick Up Wood (satisfied preconds: [0], requirements: [])
WARNING: [GdPAI] ObjectRef(1382643928884): object was freed before callback; returning Nil.
   at: gdplanningai_rust::logger::process_logs (src\logger.rs:66)
   GDScript backtrace (most recent call first):
       [0] _process (res://addons/GdPlanningAI/gdpai_autoload.gd:21)
[GdPAI | debug] ApplyEffect [Before] ID=InstanceId(-9223368224853163509): agent props = {"hunger": 95.0603725, "held_item": "wood", "entity": null}
[GdPAI | debug] ApplyEffect [After] ID=InstanceId(-9223368224853163509): agent props = {"hunger": 95.0603725, "held_item": "wood", "entity": null}
[GdPAI | debug]   Snapshotting prop: hunger = Float(95.0603725) (Variant type: FLOAT)
[GdPAI | debug]   Snapshotting prop: held_item = Str("wood") (Variant type: STRING)
[GdPAI | debug]   Snapshotting prop: entity = Nil (Variant type: NIL)
[GdPAI | debug] Discovery: Starting simulation for action Pick Up Wood
[GdPAI | debug] Discovery: Simulation success for Add Fuel. Agent props: {"hunger": Float(95.0603725), "held_item": Str("wood"), "entity": Nil}
[GdPAI | debug] Discovery: Action Add Fuel did NOT satisfy precond Builtin { target: Agent, operation: Equal, property_name: "held_item", value: Some(Str("")) }
WARNING: [GdPAI] ObjectRef(124621163998): object was freed before callback; returning Nil.
   at: gdplanningai_rust::logger::process_logs (src\logger.rs:66)
   GDScript backtrace (most recent call first):
       [0] _start_plan_and_wait (res://test/integration/test_campfire_example_smoke.gd:57)
WARNING: [GdPAI] ObjectRef(124621163998): object was freed before callback; returning Nil.
   at: gdplanningai_rust::logger::process_logs (src\logger.rs:66)
   GDScript backtrace (most recent call first):
       [0] _start_plan_and_wait (res://test/integration/test_campfire_example_smoke.gd:57)
[GdPAI | debug] GetCost: callable returned non-numeric value: null; returning INFINITY
WARNING: [GdPAI] ObjectRef(1382643928884): object was freed before callback; returning Nil.
   at: gdplanningai_rust::logger::process_logs (src\logger.rs:66)
   GDScript backtrace (most recent call first):
       [0] _start_plan_and_wait (res://test/integration/test_campfire_example_smoke.gd:57)
WARNING: [GdPAI] ObjectRef(1382643928884): object was freed before callback; returning Nil.
   at: gdplanningai_rust::logger::process_logs (src\logger.rs:66)
   GDScript backtrace (most recent call first):
       [0] _start_plan_and_wait (res://test/integration/test_campfire_example_smoke.gd:57)
[GdPAI | debug] Discovery: Action Cook Potato failed validity check, skipping
[GdPAI | debug] Discovery: Starting simulation for action Pick Up Wood
WARNING: [GdPAI] ObjectRef(124621163998): object was freed before callback; returning Nil.
   at: gdplanningai_rust::logger::process_logs (src\logger.rs:66)
   GDScript backtrace (most recent call first):
       [0] _process (res://addons/GdPlanningAI/gdpai_autoload.gd:21)
WARNING: [GdPAI] ObjectRef(124621163998): object was freed before callback; returning Nil.
   at: gdplanningai_rust::logger::process_logs (src\logger.rs:66)
   GDScript backtrace (most recent call first):
       [0] _process (res://addons/GdPlanningAI/gdpai_autoload.gd:21)
[GdPAI | debug] ApplyEffect [Before] ID=InstanceId(-9223368222722457069): agent props = {"held_item": "", "hunger": 70.0627442063492, "entity": null}
[GdPAI | debug] ApplyEffect [After] ID=InstanceId(-9223368222722457069): agent props = {"held_item": "", "hunger": 70.0627442063492, "entity": null}
[GdPAI | debug]   Snapshotting prop: held_item = Str("") (Variant type: STRING)
[GdPAI | debug]   Snapshotting prop: hunger = Float(70.0627442063492) (Variant type: FLOAT)
[GdPAI | debug]   Snapshotting prop: entity = Nil (Variant type: NIL)
WARNING: [GdPAI] ObjectRef(1382643928884): object was freed before callback; returning Nil.
   at: gdplanningai_rust::logger::process_logs (src\logger.rs:66)
   GDScript backtrace (most recent call first):
       [0] _process (res://addons/GdPlanningAI/gdpai_autoload.gd:21)
[GdPAI | debug] Discovery: Simulation success for Pick Up Wood. Agent props: {"held_item": Str(""), "entity": Nil, "hunger": Float(70.0627442063492)}
[GdPAI | debug] Discovery: Action Pick Up Wood satisfied precond Builtin { target: Agent, operation: Equal, property_name: "held_item", value: Some(Str("")) }
[GdPAI | debug] Found candidate: Pick Up Wood (satisfied preconds: [0], requirements: [])
WARNING: [GdPAI] ObjectRef(1382643928884): object was freed before callback; returning Nil.
   at: gdplanningai_rust::logger::process_logs (src\logger.rs:66)
   GDScript backtrace (most recent call first):
       [0] _process (res://addons/GdPlanningAI/gdpai_autoload.gd:21)
[GdPAI | debug] GetCost: callable returned non-numeric value: null; returning INFINITY
WARNING: [GdPAI] ObjectRef(124621163998): object was freed before callback; returning Nil.
   at: gdplanningai_rust::logger::process_logs (src\logger.rs:66)
   GDScript backtrace (most recent call first):
       [0] _start_plan_and_wait (res://test/integration/test_campfire_example_smoke.gd:57)
WARNING: [GdPAI] ObjectRef(124621163998): object was freed before callback; returning Nil.
   at: gdplanningai_rust::logger::process_logs (src\logger.rs:66)
   GDScript backtrace (most recent call first):
       [0] _start_plan_and_wait (res://test/integration/test_campfire_example_smoke.gd:57)
WARNING: [GdPAI] ObjectRef(1382643928884): object was freed before callback; returning Nil.
   at: gdplanningai_rust::logger::process_logs (src\logger.rs:66)
   GDScript backtrace (most recent call first):
       [0] _start_plan_and_wait (res://test/integration/test_campfire_example_smoke.gd:57)
[GdPAI | debug] Discovery: Action Dig Potato failed validity check, skipping
WARNING: [GdPAI] ObjectRef(1382643928884): object was freed before callback; returning Nil.
   at: gdplanningai_rust::logger::process_logs (src\logger.rs:66)
   GDScript backtrace (most recent call first):
       [0] _start_plan_and_wait (res://test/integration/test_campfire_example_smoke.gd:57)
[GdPAI | debug] ApplyEffect [Before] ID=InstanceId(-9223368220809854404): agent props = {"held_item": "", "hunger": 95.0603725, "entity": null}
[GdPAI | debug] ApplyEffect [After] ID=InstanceId(-9223368220809854404): agent props = {"held_item": "", "hunger": 95.0603725, "entity": null}
[GdPAI | debug]   Snapshotting prop: held_item = Str("") (Variant type: STRING)
[GdPAI | debug]   Snapshotting prop: hunger = Float(95.0603725) (Variant type: FLOAT)
[GdPAI | debug]   Snapshotting prop: entity = Nil (Variant type: NIL)
[GdPAI | debug] Discovery: Simulation success for Pick Up Wood. Agent props: {"entity": Nil, "hunger": Float(95.0603725), "held_item": Str("")}
[GdPAI | debug] Discovery: Action Pick Up Wood satisfied precond Builtin { target: Agent, operation: Equal, property_name: "held_item", value: Some(Str("")) }
[GdPAI | debug] Found candidate: Pick Up Wood (satisfied preconds: [0], requirements: [])
[GdPAI | debug] Discovery: Starting simulation for action Pick Up Wood
WARNING: [GdPAI] ObjectRef(124621163998): object was freed before callback; returning Nil.
   at: gdplanningai_rust::logger::process_logs (src\logger.rs:66)
   GDScript backtrace (most recent call first):
       [0] _process (res://addons/GdPlanningAI/gdpai_autoload.gd:21)
WARNING: [GdPAI] ObjectRef(124621163998): object was freed before callback; returning Nil.
   at: gdplanningai_rust::logger::process_logs (src\logger.rs:66)
   GDScript backtrace (most recent call first):
       [0] _process (res://addons/GdPlanningAI/gdpai_autoload.gd:21)
WARNING: [GdPAI] ObjectRef(1382643928884): object was freed before callback; returning Nil.
   at: gdplanningai_rust::logger::process_logs (src\logger.rs:66)
   GDScript backtrace (most recent call first):
       [0] _process (res://addons/GdPlanningAI/gdpai_autoload.gd:21)
[GdPAI | debug] Discovery: Action Dig Potato failed validity check, skipping
WARNING: [GdPAI] ObjectRef(1382643928884): object was freed before callback; returning Nil.
   at: gdplanningai_rust::logger::process_logs (src\logger.rs:66)
   GDScript backtrace (most recent call first):
       [0] _process (res://addons/GdPlanningAI/gdpai_autoload.gd:21)
[GdPAI | debug] GetCost: callable returned non-numeric value: null; returning INFINITY
WARNING: [GdPAI] ObjectRef(124621163998): object was freed before callback; returning Nil.
   at: gdplanningai_rust::logger::process_logs (src\logger.rs:66)
   GDScript backtrace (most recent call first):
       [0] _start_plan_and_wait (res://test/integration/test_campfire_example_smoke.gd:57)
WARNING: [GdPAI] ObjectRef(124621163998): object was freed before callback; returning Nil.
   at: gdplanningai_rust::logger::process_logs (src\logger.rs:66)
   GDScript backtrace (most recent call first):
       [0] _start_plan_and_wait (res://test/integration/test_campfire_example_smoke.gd:57)
WARNING: [GdPAI] ObjectRef(1382643928884): object was freed before callback; returning Nil.
   at: gdplanningai_rust::logger::process_logs (src\logger.rs:66)
   GDScript backtrace (most recent call first):
       [0] _start_plan_and_wait (res://test/integration/test_campfire_example_smoke.gd:57)
[GdPAI | debug] Discovery: Action Dig Potato failed validity check, skipping
WARNING: [GdPAI] ObjectRef(1382643928884): object was freed before callback; returning Nil.
   at: gdplanningai_rust::logger::process_logs (src\logger.rs:66)
   GDScript backtrace (most recent call first):
       [0] _start_plan_and_wait (res://test/integration/test_campfire_example_smoke.gd:57)
[GdPAI | debug] ApplyEffect [Before] ID=InstanceId(-9223368218108722644): agent props = {"held_item": "", "hunger": 95.0603725, "entity": null}
[GdPAI | debug] ApplyEffect [After] ID=InstanceId(-9223368218108722644): agent props = {"held_item": "", "hunger": 95.0603725, "entity": null}
[GdPAI | debug]   Snapshotting prop: held_item = Str("") (Variant type: STRING)
[GdPAI | debug]   Snapshotting prop: hunger = Float(95.0603725) (Variant type: FLOAT)
[GdPAI | debug]   Snapshotting prop: entity = Nil (Variant type: NIL)
[GdPAI | debug] Discovery: Simulation success for Pick Up Wood. Agent props: {"entity": Nil, "hunger": Float(95.0603725), "held_item": Str("")}
[GdPAI | debug] Discovery: Action Pick Up Wood satisfied precond Builtin { target: Agent, operation: Equal, property_name: "held_item", value: Some(Str("")) }
[GdPAI | debug] Found candidate: Pick Up Wood (satisfied preconds: [0], requirements: [])
[GdPAI | debug] Discovery: Starting simulation for action Pick Up Wood
WARNING: [GdPAI] ObjectRef(124621163998): object was freed before callback; returning Nil.
   at: gdplanningai_rust::logger::process_logs (src\logger.rs:66)
   GDScript backtrace (most recent call first):
       [0] _process (res://addons/GdPlanningAI/gdpai_autoload.gd:21)
WARNING: [GdPAI] ObjectRef(124621163998): object was freed before callback; returning Nil.
   at: gdplanningai_rust::logger::process_logs (src\logger.rs:66)
   GDScript backtrace (most recent call first):
       [0] _process (res://addons/GdPlanningAI/gdpai_autoload.gd:21)
WARNING: [GdPAI] ObjectRef(1382643928884): object was freed before callback; returning Nil.
   at: gdplanningai_rust::logger::process_logs (src\logger.rs:66)
   GDScript backtrace (most recent call first):
       [0] _process (res://addons/GdPlanningAI/gdpai_autoload.gd:21)
[GdPAI | debug] Discovery: Action Dig Potato failed validity check, skipping
WARNING: [GdPAI] ObjectRef(1382643928884): object was freed before callback; returning Nil.
   at: gdplanningai_rust::logger::process_logs (src\logger.rs:66)
   GDScript backtrace (most recent call first):
       [0] _process (res://addons/GdPlanningAI/gdpai_autoload.gd:21)
[GdPAI | debug] GetCost: callable returned non-numeric value: null; returning INFINITY
WARNING: [GdPAI] ObjectRef(124621163998): object was freed before callback; returning Nil.
   at: gdplanningai_rust::logger::process_logs (src\logger.rs:66)
   GDScript backtrace (most recent call first):
       [0] _start_plan_and_wait (res://test/integration/test_campfire_example_smoke.gd:57)
WARNING: [GdPAI] ObjectRef(124621163998): object was freed before callback; returning Nil.
   at: gdplanningai_rust::logger::process_logs (src\logger.rs:66)
   GDScript backtrace (most recent call first):
       [0] _start_plan_and_wait (res://test/integration/test_campfire_example_smoke.gd:57)
WARNING: [GdPAI] ObjectRef(1382643928884): object was freed before callback; returning Nil.
   at: gdplanningai_rust::logger::process_logs (src\logger.rs:66)
   GDScript backtrace (most recent call first):
       [0] _start_plan_and_wait (res://test/integration/test_campfire_example_smoke.gd:57)
[GdPAI | debug] Discovery: Action Dig Potato failed validity check, skipping
WARNING: [GdPAI] ObjectRef(1382643928884): object was freed before callback; returning Nil.
   at: gdplanningai_rust::logger::process_logs (src\logger.rs:66)
   GDScript backtrace (most recent call first):
       [0] _start_plan_and_wait (res://test/integration/test_campfire_example_smoke.gd:57)
[GdPAI | debug] ApplyEffect [Before] ID=InstanceId(-9223368215407590796): agent props = {"entity": null, "hunger": 95.0603725, "held_item": ""}
[GdPAI | debug] ApplyEffect [After] ID=InstanceId(-9223368215407590796): agent props = {"entity": null, "hunger": 95.0603725, "held_item": ""}
[GdPAI | debug]   Snapshotting prop: entity = Nil (Variant type: NIL)
[GdPAI | debug]   Snapshotting prop: hunger = Float(95.0603725) (Variant type: FLOAT)
[GdPAI | debug]   Snapshotting prop: held_item = Str("") (Variant type: STRING)
[GdPAI | debug] Discovery: Simulation success for Pick Up Wood. Agent props: {"held_item": Str(""), "entity": Nil, "hunger": Float(95.0603725)}
[GdPAI | debug] Discovery: Action Pick Up Wood satisfied precond Builtin { target: Agent, operation: Equal, property_name: "held_item", value: Some(Str("")) }
[GdPAI | debug] Found candidate: Pick Up Wood (satisfied preconds: [0], requirements: [])
[GdPAI | debug] Discovery: Starting simulation for action Pick Up Wood
WARNING: [GdPAI] ObjectRef(124621163998): object was freed before callback; returning Nil.
   at: gdplanningai_rust::logger::process_logs (src\logger.rs:66)
   GDScript backtrace (most recent call first):
       [0] _process (res://addons/GdPlanningAI/gdpai_autoload.gd:21)
WARNING: [GdPAI] ObjectRef(124621163998): object was freed before callback; returning Nil.
   at: gdplanningai_rust::logger::process_logs (src\logger.rs:66)
   GDScript backtrace (most recent call first):
       [0] _process (res://addons/GdPlanningAI/gdpai_autoload.gd:21)
WARNING: [GdPAI] ObjectRef(124134624705): object was freed before callback; returning Nil.
   at: gdplanningai_rust::logger::process_logs (src\logger.rs:66)
   GDScript backtrace (most recent call first):
       [0] _process (res://addons/GdPlanningAI/gdpai_autoload.gd:21)
WARNING: [GdPAI] ObjectRef(125661351450): object was freed before callback; returning Nil.
   at: gdplanningai_rust::logger::process_logs (src\logger.rs:66)
   GDScript backtrace (most recent call first):
       [0] _process (res://addons/GdPlanningAI/gdpai_autoload.gd:21)
WARNING: [GdPAI] ObjectRef(124587609564): object was freed before callback; returning Nil.
   at: gdplanningai_rust::logger::process_logs (src\logger.rs:66)
   GDScript backtrace (most recent call first):
       [0] _process (res://addons/GdPlanningAI/gdpai_autoload.gd:21)
WARNING: [GdPAI] ObjectRef(124285619658): object was freed before callback; returning Nil.
   at: gdplanningai_rust::logger::process_logs (src\logger.rs:66)
   GDScript backtrace (most recent call first):
       [0] _process (res://addons/GdPlanningAI/gdpai_autoload.gd:21)
WARNING: [GdPAI] ObjectRef(124134624705): object was freed before callback; returning Nil.
   at: gdplanningai_rust::logger::process_logs (src\logger.rs:66)
   GDScript backtrace (most recent call first):
       [0] _process (res://addons/GdPlanningAI/gdpai_autoload.gd:21)
WARNING: [GdPAI] ObjectRef(125661351450): object was freed before callback; returning Nil.
   at: gdplanningai_rust::logger::process_logs (src\logger.rs:66)
   GDScript backtrace (most recent call first):
       [0] _process (res://addons/GdPlanningAI/gdpai_autoload.gd:21)
WARNING: [GdPAI] ObjectRef(124587609564): object was freed before callback; returning Nil.
   at: gdplanningai_rust::logger::process_logs (src\logger.rs:66)
   GDScript backtrace (most recent call first):
       [0] _process (res://addons/GdPlanningAI/gdpai_autoload.gd:21)
WARNING: [GdPAI] ObjectRef(124285619658): object was freed before callback; returning Nil.
   at: gdplanningai_rust::logger::process_logs (src\logger.rs:66)
   GDScript backtrace (most recent call first):
       [0] _process (res://addons/GdPlanningAI/gdpai_autoload.gd:21)
[GdPAI | debug] GetCost: callable returned non-numeric value: null; returning INFINITY
WARNING: [GdPAI] ObjectRef(1382643928884): object was freed before callback; returning Nil.
   at: gdplanningai_rust::logger::process_logs (src\logger.rs:66)
   GDScript backtrace (most recent call first):
       [0] _process (res://addons/GdPlanningAI/gdpai_autoload.gd:21)
WARNING: [GdPAI] ObjectRef(1382643928884): object was freed before callback; returning Nil.
   at: gdplanningai_rust::logger::process_logs (src\logger.rs:66)
   GDScript backtrace (most recent call first):
       [0] _process (res://addons/GdPlanningAI/gdpai_autoload.gd:21)
[GdPAI | debug] GetCost: callable returned non-numeric value: null; returning INFINITY
WARNING: [GdPAI] ObjectRef(124621163998): object was freed before callback; returning Nil.
   at: gdplanningai_rust::logger::process_logs (src\logger.rs:66)
   GDScript backtrace (most recent call first):
       [0] _start_plan_and_wait (res://test/integration/test_campfire_example_smoke.gd:57)
WARNING: [GdPAI] ObjectRef(124621163998): object was freed before callback; returning Nil.
   at: gdplanningai_rust::logger::process_logs (src\logger.rs:66)
   GDScript backtrace (most recent call first):
       [0] _start_plan_and_wait (res://test/integration/test_campfire_example_smoke.gd:57)
WARNING: [GdPAI] ObjectRef(124134624705): object was freed before callback; returning Nil.
   at: gdplanningai_rust::logger::process_logs (src\logger.rs:66)
   GDScript backtrace (most recent call first):
       [0] _start_plan_and_wait (res://test/integration/test_campfire_example_smoke.gd:57)
WARNING: [GdPAI] ObjectRef(125661351450): object was freed before callback; returning Nil.
   at: gdplanningai_rust::logger::process_logs (src\logger.rs:66)
   GDScript backtrace (most recent call first):
       [0] _start_plan_and_wait (res://test/integration/test_campfire_example_smoke.gd:57)
WARNING: [GdPAI] ObjectRef(124587609564): object was freed before callback; returning Nil.
   at: gdplanningai_rust::logger::process_logs (src\logger.rs:66)
   GDScript backtrace (most recent call first):
       [0] _start_plan_and_wait (res://test/integration/test_campfire_example_smoke.gd:57)
WARNING: [GdPAI] ObjectRef(124285619658): object was freed before callback; returning Nil.
   at: gdplanningai_rust::logger::process_logs (src\logger.rs:66)
   GDScript backtrace (most recent call first):
       [0] _start_plan_and_wait (res://test/integration/test_campfire_example_smoke.gd:57)
WARNING: [GdPAI] ObjectRef(124134624705): object was freed before callback; returning Nil.
   at: gdplanningai_rust::logger::process_logs (src\logger.rs:66)
   GDScript backtrace (most recent call first):
       [0] _start_plan_and_wait (res://test/integration/test_campfire_example_smoke.gd:57)
WARNING: [GdPAI] ObjectRef(125661351450): object was freed before callback; returning Nil.
   at: gdplanningai_rust::logger::process_logs (src\logger.rs:66)
   GDScript backtrace (most recent call first):
       [0] _start_plan_and_wait (res://test/integration/test_campfire_example_smoke.gd:57)
WARNING: [GdPAI] ObjectRef(124587609564): object was freed before callback; returning Nil.
   at: gdplanningai_rust::logger::process_logs (src\logger.rs:66)
   GDScript backtrace (most recent call first):
       [0] _start_plan_and_wait (res://test/integration/test_campfire_example_smoke.gd:57)
WARNING: [GdPAI] ObjectRef(124285619658): object was freed before callback; returning Nil.
   at: gdplanningai_rust::logger::process_logs (src\logger.rs:66)
   GDScript backtrace (most recent call first):
       [0] _start_plan_and_wait (res://test/integration/test_campfire_example_smoke.gd:57)
[GdPAI | debug] ApplyEffect [Before] ID=InstanceId(-9223368212874231150): agent props = {"hunger": 70.0627442063492, "entity": null, "held_item": "", "at_target": null}
[GdPAI | debug] ApplyEffect [After] ID=InstanceId(-9223368212874231150): agent props = {"hunger": 70.0627442063492, "entity": null, "held_item": "", "at_target": null}
[GdPAI | debug]   Snapshotting prop: hunger = Float(70.0627442063492) (Variant type: FLOAT)
[GdPAI | debug]   Snapshotting prop: entity = Nil (Variant type: NIL)
[GdPAI | debug]   Snapshotting prop: held_item = Str("") (Variant type: STRING)
[GdPAI | debug]   Snapshotting prop: at_target = Nil (Variant type: NIL)
WARNING: [GdPAI] ObjectRef(1382643928884): object was freed before callback; returning Nil.
   at: gdplanningai_rust::logger::process_logs (src\logger.rs:66)
   GDScript backtrace (most recent call first):
       [0] _start_plan_and_wait (res://test/integration/test_campfire_example_smoke.gd:57)
WARNING: [GdPAI] ObjectRef(1382643928884): object was freed before callback; returning Nil.
   at: gdplanningai_rust::logger::process_logs (src\logger.rs:66)
   GDScript backtrace (most recent call first):
       [0] _start_plan_and_wait (res://test/integration/test_campfire_example_smoke.gd:57)
[GdPAI | debug] ApplyEffect [Before] ID=InstanceId(-9223368212303805806): agent props = {"entity": null, "held_item": "", "hunger": 95.0603725}
[GdPAI | debug] ApplyEffect [After] ID=InstanceId(-9223368212303805806): agent props = {"entity": null, "held_item": "", "hunger": 95.0603725}
[GdPAI | debug]   Snapshotting prop: entity = Nil (Variant type: NIL)
[GdPAI | debug]   Snapshotting prop: held_item = Str("") (Variant type: STRING)
[GdPAI | debug]   Snapshotting prop: hunger = Float(95.0603725) (Variant type: FLOAT)
[GdPAI | debug] Discovery: Simulation success for Pick Up Wood. Agent props: {"hunger": Float(95.0603725), "entity": Nil, "held_item": Str("")}
[GdPAI | debug] Discovery: Action Pick Up Wood satisfied precond Builtin { target: Agent, operation: Equal, property_name: "held_item", value: Some(Str("")) }
[GdPAI | debug] Found candidate: Pick Up Wood (satisfied preconds: [0], requirements: [])
WARNING: [GdPAI] ObjectRef(124621163998): object was freed before callback; returning Nil.
   at: gdplanningai_rust::logger::process_logs (src\logger.rs:66)
   GDScript backtrace (most recent call first):
       [0] _process (res://addons/GdPlanningAI/gdpai_autoload.gd:21)
WARNING: [GdPAI] ObjectRef(124285619658): object was freed before callback; returning Nil.
   at: gdplanningai_rust::logger::process_logs (src\logger.rs:66)
   GDScript backtrace (most recent call first):
       [0] _process (res://addons/GdPlanningAI/gdpai_autoload.gd:21)
WARNING: [GdPAI] ObjectRef(124285619658): object was freed before callback; returning Nil.
   at: gdplanningai_rust::logger::process_logs (src\logger.rs:66)
   GDScript backtrace (most recent call first):
       [0] _process (res://addons/GdPlanningAI/gdpai_autoload.gd:21)
[GdPAI | debug] GetCost: callable returned non-numeric value: null; returning INFINITY
WARNING: [GdPAI] ObjectRef(1382643928884): object was freed before callback; returning Nil.
   at: gdplanningai_rust::logger::process_logs (src\logger.rs:66)
   GDScript backtrace (most recent call first):
       [0] _process (res://addons/GdPlanningAI/gdpai_autoload.gd:21)
WARNING: [GdPAI] ObjectRef(1382643928884): object was freed before callback; returning Nil.
   at: gdplanningai_rust::logger::process_logs (src\logger.rs:66)
   GDScript backtrace (most recent call first):
       [0] _process (res://addons/GdPlanningAI/gdpai_autoload.gd:21)
[GdPAI | debug] Discovery: Action Dig Potato failed validity check, skipping
WARNING: [GdPAI] ObjectRef(124621163998): object was freed before callback; returning Nil.
   at: gdplanningai_rust::logger::process_logs (src\logger.rs:66)
   GDScript backtrace (most recent call first):
       [0] _start_plan_and_wait (res://test/integration/test_campfire_example_smoke.gd:57)
WARNING: [GdPAI] ObjectRef(124285619658): object was freed before callback; returning Nil.
   at: gdplanningai_rust::logger::process_logs (src\logger.rs:66)
   GDScript backtrace (most recent call first):
       [0] _start_plan_and_wait (res://test/integration/test_campfire_example_smoke.gd:57)
WARNING: [GdPAI] ObjectRef(124285619658): object was freed before callback; returning Nil.
   at: gdplanningai_rust::logger::process_logs (src\logger.rs:66)
   GDScript backtrace (most recent call first):
       [0] _start_plan_and_wait (res://test/integration/test_campfire_example_smoke.gd:57)
[GdPAI | debug] ApplyEffect [Before] ID=InstanceId(-9223368209720114499): agent props = {"at_target": null, "held_item": "", "hunger": 70.0627442063492, "entity": null}
[GdPAI | debug] ApplyEffect [After] ID=InstanceId(-9223368209720114499): agent props = {"at_target": null, "held_item": "", "hunger": 70.0627442063492, "entity": null}
[GdPAI | debug]   Snapshotting prop: at_target = Nil (Variant type: NIL)
[GdPAI | debug]   Snapshotting prop: held_item = Str("") (Variant type: STRING)
[GdPAI | debug]   Snapshotting prop: hunger = Float(70.0627442063492) (Variant type: FLOAT)
[GdPAI | debug]   Snapshotting prop: entity = Nil (Variant type: NIL)
WARNING: [GdPAI] ObjectRef(1382643928884): object was freed before callback; returning Nil.
   at: gdplanningai_rust::logger::process_logs (src\logger.rs:66)
   GDScript backtrace (most recent call first):
       [0] _start_plan_and_wait (res://test/integration/test_campfire_example_smoke.gd:57)
WARNING: [GdPAI] ObjectRef(1382643928884): object was freed before callback; returning Nil.
   at: gdplanningai_rust::logger::process_logs (src\logger.rs:66)
   GDScript backtrace (most recent call first):
       [0] _start_plan_and_wait (res://test/integration/test_campfire_example_smoke.gd:57)
[GdPAI | debug] Discovery: Action Dig Potato failed validity check, skipping
WARNING: [GdPAI] ObjectRef(124621163998): object was freed before callback; returning Nil.
   at: gdplanningai_rust::logger::process_logs (src\logger.rs:66)
   GDScript backtrace (most recent call first):
       [0] _process (res://addons/GdPlanningAI/gdpai_autoload.gd:21)
WARNING: [GdPAI] ObjectRef(124587609564): object was freed before callback; returning Nil.
   at: gdplanningai_rust::logger::process_logs (src\logger.rs:66)
   GDScript backtrace (most recent call first):
       [0] _process (res://addons/GdPlanningAI/gdpai_autoload.gd:21)
WARNING: [GdPAI] ObjectRef(124587609564): object was freed before callback; returning Nil.
   at: gdplanningai_rust::logger::process_logs (src\logger.rs:66)
   GDScript backtrace (most recent call first):
       [0] _process (res://addons/GdPlanningAI/gdpai_autoload.gd:21)
[GdPAI | debug] GetCost: callable returned non-numeric value: null; returning INFINITY
WARNING: [GdPAI] ObjectRef(1382643928884): object was freed before callback; returning Nil.
   at: gdplanningai_rust::logger::process_logs (src\logger.rs:66)
   GDScript backtrace (most recent call first):
       [0] _process (res://addons/GdPlanningAI/gdpai_autoload.gd:21)
WARNING: [GdPAI] ObjectRef(1382643928884): object was freed before callback; returning Nil.
   at: gdplanningai_rust::logger::process_logs (src\logger.rs:66)
   GDScript backtrace (most recent call first):
       [0] _process (res://addons/GdPlanningAI/gdpai_autoload.gd:21)
[GdPAI | debug] Discovery: Action Dig Potato failed validity check, skipping
WARNING: [GdPAI] ObjectRef(124621163998): object was freed before callback; returning Nil.
   at: gdplanningai_rust::logger::process_logs (src\logger.rs:66)
   GDScript backtrace (most recent call first):
       [0] _start_plan_and_wait (res://test/integration/test_campfire_example_smoke.gd:57)
WARNING: [GdPAI] ObjectRef(124587609564): object was freed before callback; returning Nil.
   at: gdplanningai_rust::logger::process_logs (src\logger.rs:66)
   GDScript backtrace (most recent call first):
       [0] _start_plan_and_wait (res://test/integration/test_campfire_example_smoke.gd:57)
WARNING: [GdPAI] ObjectRef(124587609564): object was freed before callback; returning Nil.
   at: gdplanningai_rust::logger::process_logs (src\logger.rs:66)
   GDScript backtrace (most recent call first):
       [0] _start_plan_and_wait (res://test/integration/test_campfire_example_smoke.gd:57)
[GdPAI | debug] ApplyEffect [Before] ID=InstanceId(-9223368206918319400): agent props = {"held_item": "", "hunger": 70.0627442063492, "at_target": null, "entity": null}
[GdPAI | debug] ApplyEffect [After] ID=InstanceId(-9223368206918319400): agent props = {"held_item": "", "hunger": 70.0627442063492, "at_target": null, "entity": null}
[GdPAI | debug]   Snapshotting prop: held_item = Str("") (Variant type: STRING)
[GdPAI | debug]   Snapshotting prop: hunger = Float(70.0627442063492) (Variant type: FLOAT)
[GdPAI | debug]   Snapshotting prop: at_target = Nil (Variant type: NIL)
[GdPAI | debug]   Snapshotting prop: entity = Nil (Variant type: NIL)
WARNING: [GdPAI] ObjectRef(1382643928884): object was freed before callback; returning Nil.
   at: gdplanningai_rust::logger::process_logs (src\logger.rs:66)
   GDScript backtrace (most recent call first):
       [0] _start_plan_and_wait (res://test/integration/test_campfire_example_smoke.gd:57)
WARNING: [GdPAI] ObjectRef(1382643928884): object was freed before callback; returning Nil.
   at: gdplanningai_rust::logger::process_logs (src\logger.rs:66)
   GDScript backtrace (most recent call first):
       [0] _start_plan_and_wait (res://test/integration/test_campfire_example_smoke.gd:57)
[GdPAI | debug] Discovery: Action Dig Potato failed validity check, skipping
WARNING: [GdPAI] ObjectRef(124621163998): object was freed before callback; returning Nil.
   at: gdplanningai_rust::logger::process_logs (src\logger.rs:66)
   GDScript backtrace (most recent call first):
       [0] _process (res://addons/GdPlanningAI/gdpai_autoload.gd:21)
WARNING: [GdPAI] ObjectRef(125661351450): object was freed before callback; returning Nil.
   at: gdplanningai_rust::logger::process_logs (src\logger.rs:66)
   GDScript backtrace (most recent call first):
       [0] _process (res://addons/GdPlanningAI/gdpai_autoload.gd:21)
WARNING: [GdPAI] ObjectRef(125661351450): object was freed before callback; returning Nil.
   at: gdplanningai_rust::logger::process_logs (src\logger.rs:66)
   GDScript backtrace (most recent call first):
       [0] _process (res://addons/GdPlanningAI/gdpai_autoload.gd:21)
[GdPAI | debug] GetCost: callable returned non-numeric value: null; returning INFINITY
WARNING: [GdPAI] ObjectRef(1382643928884): object was freed before callback; returning Nil.
   at: gdplanningai_rust::logger::process_logs (src\logger.rs:66)
   GDScript backtrace (most recent call first):
       [0] _process (res://addons/GdPlanningAI/gdpai_autoload.gd:21)
WARNING: [GdPAI] ObjectRef(1382643928884): object was freed before callback; returning Nil.
   at: gdplanningai_rust::logger::process_logs (src\logger.rs:66)
   GDScript backtrace (most recent call first):
       [0] _process (res://addons/GdPlanningAI/gdpai_autoload.gd:21)
[GdPAI | debug] Discovery: Action Dig Potato failed validity check, skipping
WARNING: [GdPAI] ObjectRef(124621163998): object was freed before callback; returning Nil.
   at: gdplanningai_rust::logger::process_logs (src\logger.rs:66)
   GDScript backtrace (most recent call first):
       [0] _start_plan_and_wait (res://test/integration/test_campfire_example_smoke.gd:57)
WARNING: [GdPAI] ObjectRef(125661351450): object was freed before callback; returning Nil.
   at: gdplanningai_rust::logger::process_logs (src\logger.rs:66)
   GDScript backtrace (most recent call first):
       [0] _start_plan_and_wait (res://test/integration/test_campfire_example_smoke.gd:57)
WARNING: [GdPAI] ObjectRef(125661351450): object was freed before callback; returning Nil.
   at: gdplanningai_rust::logger::process_logs (src\logger.rs:66)
   GDScript backtrace (most recent call first):
       [0] _start_plan_and_wait (res://test/integration/test_campfire_example_smoke.gd:57)
[GdPAI | debug] ApplyEffect [Before] ID=InstanceId(-9223368204116524272): agent props = {"entity": null, "hunger": 70.0627442063492, "at_target": null, "held_item": ""}
[GdPAI | debug] ApplyEffect [After] ID=InstanceId(-9223368204116524272): agent props = {"entity": null, "hunger": 70.0627442063492, "at_target": null, "held_item": ""}
[GdPAI | debug]   Snapshotting prop: entity = Nil (Variant type: NIL)
[GdPAI | debug]   Snapshotting prop: hunger = Float(70.0627442063492) (Variant type: FLOAT)
[GdPAI | debug]   Snapshotting prop: at_target = Nil (Variant type: NIL)
[GdPAI | debug]   Snapshotting prop: held_item = Str("") (Variant type: STRING)
WARNING: [GdPAI] ObjectRef(1382643928884): object was freed before callback; returning Nil.
   at: gdplanningai_rust::logger::process_logs (src\logger.rs:66)
   GDScript backtrace (most recent call first):
       [0] _start_plan_and_wait (res://test/integration/test_campfire_example_smoke.gd:57)
WARNING: [GdPAI] ObjectRef(1382643928884): object was freed before callback; returning Nil.
   at: gdplanningai_rust::logger::process_logs (src\logger.rs:66)
   GDScript backtrace (most recent call first):
       [0] _start_plan_and_wait (res://test/integration/test_campfire_example_smoke.gd:57)
WARNING: [GdPAI] ObjectRef(1383348571562): object was freed before callback; returning Nil.
   at: gdplanningai_rust::logger::process_logs (src\logger.rs:66)
   GDScript backtrace (most recent call first):
       [0] _start_plan_and_wait (res://test/integration/test_campfire_example_smoke.gd:57)
WARNING: [GdPAI] ObjectRef(1383348571562): object was freed before callback; returning Nil.
   at: gdplanningai_rust::logger::process_logs (src\logger.rs:66)
   GDScript backtrace (most recent call first):
       [0] _start_plan_and_wait (res://test/integration/test_campfire_example_smoke.gd:57)
[GdPAI | debug] GetCost: callable returned non-numeric value: null; returning INFINITY
WARNING: [GdPAI] ObjectRef(124621163998): object was freed before callback; returning Nil.
   at: gdplanningai_rust::logger::process_logs (src\logger.rs:66)
   GDScript backtrace (most recent call first):
       [0] _process (res://addons/GdPlanningAI/gdpai_autoload.gd:21)
WARNING: [GdPAI] ObjectRef(124134624705): object was freed before callback; returning Nil.
   at: gdplanningai_rust::logger::process_logs (src\logger.rs:66)
   GDScript backtrace (most recent call first):
       [0] _process (res://addons/GdPlanningAI/gdpai_autoload.gd:21)
WARNING: [GdPAI] ObjectRef(124134624705): object was freed before callback; returning Nil.
   at: gdplanningai_rust::logger::process_logs (src\logger.rs:66)
   GDScript backtrace (most recent call first):
       [0] _process (res://addons/GdPlanningAI/gdpai_autoload.gd:21)
[GdPAI | debug] GetCost: callable returned non-numeric value: null; returning INFINITY
WARNING: [GdPAI] ObjectRef(1382643928884): object was freed before callback; returning Nil.
   at: gdplanningai_rust::logger::process_logs (src\logger.rs:66)
   GDScript backtrace (most recent call first):
       [0] _process (res://addons/GdPlanningAI/gdpai_autoload.gd:21)
WARNING: [GdPAI] ObjectRef(1382643928884): object was freed before callback; returning Nil.
   at: gdplanningai_rust::logger::process_logs (src\logger.rs:66)
   GDScript backtrace (most recent call first):
       [0] _process (res://addons/GdPlanningAI/gdpai_autoload.gd:21)
WARNING: [GdPAI] ObjectRef(1383348571562): object was freed before callback; returning Nil.
   at: gdplanningai_rust::logger::process_logs (src\logger.rs:66)
   GDScript backtrace (most recent call first):
       [0] _process (res://addons/GdPlanningAI/gdpai_autoload.gd:21)
WARNING: [GdPAI] ObjectRef(1383348571562): object was freed before callback; returning Nil.
   at: gdplanningai_rust::logger::process_logs (src\logger.rs:66)
   GDScript backtrace (most recent call first):
       [0] _process (res://addons/GdPlanningAI/gdpai_autoload.gd:21)
[GdPAI | debug] ApplyEffect [Before] ID=InstanceId(-9223368202036149543): agent props = {"entity": null, "held_item": "", "at_target": null, "hunger": 95.0603725}
[GdPAI | debug] ApplyEffect [After] ID=InstanceId(-9223368202036149543): agent props = {"entity": null, "held_item": "", "at_target": null, "hunger": 95.0603725}
[GdPAI | debug]   Snapshotting prop: entity = Nil (Variant type: NIL)
[GdPAI | debug]   Snapshotting prop: held_item = Str("") (Variant type: STRING)
[GdPAI | debug]   Snapshotting prop: at_target = Nil (Variant type: NIL)
[GdPAI | debug]   Snapshotting prop: hunger = Float(95.0603725) (Variant type: FLOAT)
WARNING: [GdPAI] ObjectRef(124621163998): object was freed before callback; returning Nil.
   at: gdplanningai_rust::logger::process_logs (src\logger.rs:66)
   GDScript backtrace (most recent call first):
       [0] _start_plan_and_wait (res://test/integration/test_campfire_example_smoke.gd:57)
WARNING: [GdPAI] ObjectRef(124134624705): object was freed before callback; returning Nil.
   at: gdplanningai_rust::logger::process_logs (src\logger.rs:66)
   GDScript backtrace (most recent call first):
       [0] _start_plan_and_wait (res://test/integration/test_campfire_example_smoke.gd:57)
WARNING: [GdPAI] ObjectRef(124134624705): object was freed before callback; returning Nil.
   at: gdplanningai_rust::logger::process_logs (src\logger.rs:66)
   GDScript backtrace (most recent call first):
       [0] _start_plan_and_wait (res://test/integration/test_campfire_example_smoke.gd:57)
[GdPAI | debug] ApplyEffect [Before] ID=InstanceId(-9223368201113402593): agent props = {"hunger": 70.0627442063492, "at_target": null, "entity": null, "held_item": ""}
[GdPAI | debug] ApplyEffect [After] ID=InstanceId(-9223368201113402593): agent props = {"hunger": 70.0627442063492, "at_target": null, "entity": null, "held_item": ""}
[GdPAI | debug]   Snapshotting prop: hunger = Float(70.0627442063492) (Variant type: FLOAT)
[GdPAI | debug]   Snapshotting prop: at_target = Nil (Variant type: NIL)
[GdPAI | debug]   Snapshotting prop: entity = Nil (Variant type: NIL)
[GdPAI | debug]   Snapshotting prop: held_item = Str("") (Variant type: STRING)
WARNING: [GdPAI] ObjectRef(1382643928884): object was freed before callback; returning Nil.
   at: gdplanningai_rust::logger::process_logs (src\logger.rs:66)
   GDScript backtrace (most recent call first):
       [0] _start_plan_and_wait (res://test/integration/test_campfire_example_smoke.gd:57)
WARNING: [GdPAI] ObjectRef(1383348571562): object was freed before callback; returning Nil.
   at: gdplanningai_rust::logger::process_logs (src\logger.rs:66)
   GDScript backtrace (most recent call first):
       [0] _start_plan_and_wait (res://test/integration/test_campfire_example_smoke.gd:57)
WARNING: [GdPAI] ObjectRef(1383348571562): object was freed before callback; returning Nil.
   at: gdplanningai_rust::logger::process_logs (src\logger.rs:66)
   GDScript backtrace (most recent call first):
       [0] _start_plan_and_wait (res://test/integration/test_campfire_example_smoke.gd:57)
[GdPAI | debug] GetCost: callable returned non-numeric value: null; returning INFINITY
WARNING: [GdPAI] ObjectRef(124621163998): object was freed before callback; returning Nil.
   at: gdplanningai_rust::logger::process_logs (src\logger.rs:66)
   GDScript backtrace (most recent call first):
       [0] _process (res://addons/GdPlanningAI/gdpai_autoload.gd:21)
[GdPAI | debug] GetCost: callable returned non-numeric value: null; returning INFINITY
WARNING: [GdPAI] ObjectRef(1382643928884): object was freed before callback; returning Nil.
   at: gdplanningai_rust::logger::process_logs (src\logger.rs:66)
   GDScript backtrace (most recent call first):
       [0] _process (res://addons/GdPlanningAI/gdpai_autoload.gd:21)
WARNING: [GdPAI] ObjectRef(1383348571562): object was freed before callback; returning Nil.
   at: gdplanningai_rust::logger::process_logs (src\logger.rs:66)
   GDScript backtrace (most recent call first):
       [0] _process (res://addons/GdPlanningAI/gdpai_autoload.gd:21)
WARNING: [GdPAI] ObjectRef(1383348571562): object was freed before callback; returning Nil.
   at: gdplanningai_rust::logger::process_logs (src\logger.rs:66)
   GDScript backtrace (most recent call first):
       [0] _process (res://addons/GdPlanningAI/gdpai_autoload.gd:21)
[GdPAI | debug] ApplyEffect [Before] ID=InstanceId(-9223368199083359468): agent props = {"held_item": "", "entity": null, "hunger": 95.0603725, "at_target": null}
[GdPAI | debug] ApplyEffect [After] ID=InstanceId(-9223368199083359468): agent props = {"held_item": "", "entity": null, "hunger": 95.0603725, "at_target": null}
[GdPAI | debug]   Snapshotting prop: held_item = Str("") (Variant type: STRING)
[GdPAI | debug]   Snapshotting prop: entity = Nil (Variant type: NIL)
[GdPAI | debug]   Snapshotting prop: hunger = Float(95.0603725) (Variant type: FLOAT)
[GdPAI | debug]   Snapshotting prop: at_target = Nil (Variant type: NIL)
WARNING: [GdPAI] ObjectRef(124621163998): object was freed before callback; returning Nil.
   at: gdplanningai_rust::logger::process_logs (src\logger.rs:66)
   GDScript backtrace (most recent call first):
       [0] _start_plan_and_wait (res://test/integration/test_campfire_example_smoke.gd:57)
[GdPAI | debug] ApplyEffect [Before] ID=InstanceId(-9223368198311607469): agent props = {"entity": null, "at_target": null, "hunger": 70.0627442063492, "held_item": "wood"}
[GdPAI | debug] ApplyEffect [After] ID=InstanceId(-9223368198311607469): agent props = {"entity": null, "at_target": null, "hunger": 70.0627442063492, "held_item": "wood"}
[GdPAI | debug]   Snapshotting prop: entity = Nil (Variant type: NIL)
[GdPAI | debug]   Snapshotting prop: at_target = Nil (Variant type: NIL)
[GdPAI | debug]   Snapshotting prop: hunger = Float(70.0627442063492) (Variant type: FLOAT)
[GdPAI | debug]   Snapshotting prop: held_item = Str("wood") (Variant type: STRING)
WARNING: [GdPAI] ObjectRef(1382643928884): object was freed before callback; returning Nil.
   at: gdplanningai_rust::logger::process_logs (src\logger.rs:66)
   GDScript backtrace (most recent call first):
       [0] _start_plan_and_wait (res://test/integration/test_campfire_example_smoke.gd:57)
WARNING: [GdPAI] ObjectRef(1382157389614): object was freed before callback; returning Nil.
   at: gdplanningai_rust::logger::process_logs (src\logger.rs:66)
   GDScript backtrace (most recent call first):
       [0] _start_plan_and_wait (res://test/integration/test_campfire_example_smoke.gd:57)
WARNING: [GdPAI] ObjectRef(1382157389614): object was freed before callback; returning Nil.
   at: gdplanningai_rust::logger::process_logs (src\logger.rs:66)
   GDScript backtrace (most recent call first):
       [0] _start_plan_and_wait (res://test/integration/test_campfire_example_smoke.gd:57)
[GdPAI | debug] GetCost: callable returned non-numeric value: null; returning INFINITY
WARNING: [GdPAI] ObjectRef(124621163998): object was freed before callback; returning Nil.
   at: gdplanningai_rust::logger::process_logs (src\logger.rs:66)
   GDScript backtrace (most recent call first):
       [0] _process (res://addons/GdPlanningAI/gdpai_autoload.gd:21)
WARNING: [GdPAI] ObjectRef(124621163998): object was freed before callback; returning Nil.
   at: gdplanningai_rust::logger::process_logs (src\logger.rs:66)
   GDScript backtrace (most recent call first):
       [0] _process (res://addons/GdPlanningAI/gdpai_autoload.gd:21)
[GdPAI | debug] GetCost: callable returned non-numeric value: null; returning INFINITY
WARNING: [GdPAI] ObjectRef(1382643928884): object was freed before callback; returning Nil.
   at: gdplanningai_rust::logger::process_logs (src\logger.rs:66)
   GDScript backtrace (most recent call first):
       [0] _process (res://addons/GdPlanningAI/gdpai_autoload.gd:21)
WARNING: [GdPAI] ObjectRef(1382157389614): object was freed before callback; returning Nil.
   at: gdplanningai_rust::logger::process_logs (src\logger.rs:66)
   GDScript backtrace (most recent call first):
       [0] _process (res://addons/GdPlanningAI/gdpai_autoload.gd:21)
WARNING: [GdPAI] ObjectRef(1382157389614): object was freed before callback; returning Nil.
   at: gdplanningai_rust::logger::process_logs (src\logger.rs:66)
   GDScript backtrace (most recent call first):
       [0] _process (res://addons/GdPlanningAI/gdpai_autoload.gd:21)
[GdPAI | debug] ApplyEffect [Before] ID=InstanceId(-9223368196382227637): agent props = {"held_item": "", "hunger": 95.0603725, "entity": null, "at_target": null}
[GdPAI | debug] ApplyEffect [After] ID=InstanceId(-9223368196382227637): agent props = {"held_item": "", "hunger": 95.0603725, "entity": null, "at_target": null}
[GdPAI | debug]   Snapshotting prop: held_item = Str("") (Variant type: STRING)
[GdPAI | debug]   Snapshotting prop: hunger = Float(95.0603725) (Variant type: FLOAT)
[GdPAI | debug]   Snapshotting prop: entity = Nil (Variant type: NIL)
[GdPAI | debug]   Snapshotting prop: at_target = Nil (Variant type: NIL)
WARNING: [GdPAI] ObjectRef(124621163998): object was freed before callback; returning Nil.
   at: gdplanningai_rust::logger::process_logs (src\logger.rs:66)
   GDScript backtrace (most recent call first):
       [0] _start_plan_and_wait (res://test/integration/test_campfire_example_smoke.gd:57)
WARNING: [GdPAI] ObjectRef(124621163998): object was freed before callback; returning Nil.
   at: gdplanningai_rust::logger::process_logs (src\logger.rs:66)
   GDScript backtrace (most recent call first):
       [0] _start_plan_and_wait (res://test/integration/test_campfire_example_smoke.gd:57)
[GdPAI | debug] ApplyEffect [Before] ID=InstanceId(-9223368195560144014): agent props = {"held_item": "", "hunger": 70.0627442063492, "entity": null}
[GdPAI | debug] ApplyEffect [After] ID=InstanceId(-9223368195560144014): agent props = {"held_item": "", "hunger": 70.0627442063492, "entity": null}
[GdPAI | debug]   Snapshotting prop: held_item = Str("") (Variant type: STRING)
[GdPAI | debug]   Snapshotting prop: hunger = Float(70.0627442063492) (Variant type: FLOAT)
[GdPAI | debug]   Snapshotting prop: entity = Nil (Variant type: NIL)
WARNING: [GdPAI] ObjectRef(1382643928884): object was freed before callback; returning Nil.
   at: gdplanningai_rust::logger::process_logs (src\logger.rs:66)
   GDScript backtrace (most recent call first):
       [0] _start_plan_and_wait (res://test/integration/test_campfire_example_smoke.gd:57)
WARNING: [GdPAI] ObjectRef(1382157389614): object was freed before callback; returning Nil.
   at: gdplanningai_rust::logger::process_logs (src\logger.rs:66)
   GDScript backtrace (most recent call first):
       [0] _start_plan_and_wait (res://test/integration/test_campfire_example_smoke.gd:57)
WARNING: [GdPAI] ObjectRef(1382157389614): object was freed before callback; returning Nil.
   at: gdplanningai_rust::logger::process_logs (src\logger.rs:66)
   GDScript backtrace (most recent call first):
       [0] _start_plan_and_wait (res://test/integration/test_campfire_example_smoke.gd:57)
[GdPAI | debug] GetCost: callable returned non-numeric value: null; returning INFINITY
WARNING: [GdPAI] ObjectRef(124621163998): object was freed before callback; returning Nil.
   at: gdplanningai_rust::logger::process_logs (src\logger.rs:66)
   GDScript backtrace (most recent call first):
       [0] _process (res://addons/GdPlanningAI/gdpai_autoload.gd:21)
[GdPAI | debug] GetCost: callable returned non-numeric value: null; returning INFINITY
WARNING: [GdPAI] ObjectRef(1382643928884): object was freed before callback; returning Nil.
   at: gdplanningai_rust::logger::process_logs (src\logger.rs:66)
   GDScript backtrace (most recent call first):
       [0] _process (res://addons/GdPlanningAI/gdpai_autoload.gd:21)
WARNING: [GdPAI] ObjectRef(1382157389614): object was freed before callback; returning Nil.
   at: gdplanningai_rust::logger::process_logs (src\logger.rs:66)
   GDScript backtrace (most recent call first):
       [0] _process (res://addons/GdPlanningAI/gdpai_autoload.gd:21)
WARNING: [GdPAI] ObjectRef(1382157389614): object was freed before callback; returning Nil.
   at: gdplanningai_rust::logger::process_logs (src\logger.rs:66)
   GDScript backtrace (most recent call first):
       [0] _process (res://addons/GdPlanningAI/gdpai_autoload.gd:21)
[GdPAI | debug] ApplyEffect [Before] ID=InstanceId(-9223368193580432583): agent props = {"held_item": "", "at_target": null, "entity": null, "hunger": 95.0603725}
[GdPAI | debug] ApplyEffect [After] ID=InstanceId(-9223368193580432583): agent props = {"held_item": "", "at_target": null, "entity": null, "hunger": 95.0603725}
[GdPAI | debug]   Snapshotting prop: held_item = Str("") (Variant type: STRING)
[GdPAI | debug]   Snapshotting prop: at_target = Nil (Variant type: NIL)
[GdPAI | debug]   Snapshotting prop: entity = Nil (Variant type: NIL)
[GdPAI | debug]   Snapshotting prop: hunger = Float(95.0603725) (Variant type: FLOAT)
WARNING: [GdPAI] ObjectRef(124621163998): object was freed before callback; returning Nil.
   at: gdplanningai_rust::logger::process_logs (src\logger.rs:66)
   GDScript backtrace (most recent call first):
       [0] _start_plan_and_wait (res://test/integration/test_campfire_example_smoke.gd:57)
[GdPAI | debug] ApplyEffect [Before] ID=InstanceId(-9223368192808680586): agent props = {"held_item": "", "entity": null, "hunger": 70.0627442063492}
[GdPAI | debug] ApplyEffect [After] ID=InstanceId(-9223368192808680586): agent props = {"held_item": "", "entity": null, "hunger": 70.0627442063492}
[GdPAI | debug]   Snapshotting prop: held_item = Str("") (Variant type: STRING)
[GdPAI | debug]   Snapshotting prop: entity = Nil (Variant type: NIL)
[GdPAI | debug]   Snapshotting prop: hunger = Float(70.0627442063492) (Variant type: FLOAT)
WARNING: [GdPAI] ObjectRef(1382643928884): object was freed before callback; returning Nil.
   at: gdplanningai_rust::logger::process_logs (src\logger.rs:66)
   GDScript backtrace (most recent call first):
       [0] _start_plan_and_wait (res://test/integration/test_campfire_example_smoke.gd:57)
[GdPAI | debug] GetCost: callable returned non-numeric value: null; returning INFINITY
WARNING: [GdPAI] ObjectRef(124621163998): object was freed before callback; returning Nil.
   at: gdplanningai_rust::logger::process_logs (src\logger.rs:66)
   GDScript backtrace (most recent call first):
       [0] _process (res://addons/GdPlanningAI/gdpai_autoload.gd:21)
[GdPAI | debug] GetCost: callable returned non-numeric value: null; returning INFINITY
WARNING: [GdPAI] ObjectRef(1382643928884): object was freed before callback; returning Nil.
   at: gdplanningai_rust::logger::process_logs (src\logger.rs:66)
   GDScript backtrace (most recent call first):
       [0] _process (res://addons/GdPlanningAI/gdpai_autoload.gd:21)
[GdPAI | debug] ApplyEffect [Before] ID=InstanceId(-9223368190979964191): agent props = {"hunger": 95.0603725, "entity": null, "held_item": "wood", "at_target": null}
[GdPAI | debug] ApplyEffect [After] ID=InstanceId(-9223368190979964191): agent props = {"hunger": 95.0603725, "entity": null, "held_item": "wood", "at_target": null}
[GdPAI | debug]   Snapshotting prop: hunger = Float(95.0603725) (Variant type: FLOAT)
[GdPAI | debug]   Snapshotting prop: entity = Nil (Variant type: NIL)
[GdPAI | debug]   Snapshotting prop: held_item = Str("wood") (Variant type: STRING)
[GdPAI | debug]   Snapshotting prop: at_target = Nil (Variant type: NIL)
WARNING: [GdPAI] ObjectRef(124621163998): object was freed before callback; returning Nil.
   at: gdplanningai_rust::logger::process_logs (src\logger.rs:66)
   GDScript backtrace (most recent call first):
       [0] _start_plan_and_wait (res://test/integration/test_campfire_example_smoke.gd:57)
[GdPAI | debug] ApplyEffect [Before] ID=InstanceId(-9223368190308875356): agent props = {"entity": null, "held_item": "", "hunger": 70.0627442063492}
[GdPAI | debug] ApplyEffect [After] ID=InstanceId(-9223368190308875356): agent props = {"entity": null, "held_item": "", "hunger": 70.0627442063492}
[GdPAI | debug]   Snapshotting prop: entity = Nil (Variant type: NIL)
[GdPAI | debug]   Snapshotting prop: held_item = Str("") (Variant type: STRING)
[GdPAI | debug]   Snapshotting prop: hunger = Float(70.0627442063492) (Variant type: FLOAT)
WARNING: [GdPAI] ObjectRef(1382643928884): object was freed before callback; returning Nil.
   at: gdplanningai_rust::logger::process_logs (src\logger.rs:66)
   GDScript backtrace (most recent call first):
       [0] _start_plan_and_wait (res://test/integration/test_campfire_example_smoke.gd:57)
WARNING: [GdPAI] ObjectRef(1382643928884): object was freed before callback; returning Nil.
   at: gdplanningai_rust::logger::process_logs (src\logger.rs:66)
   GDScript backtrace (most recent call first):
       [0] _start_plan_and_wait (res://test/integration/test_campfire_example_smoke.gd:57)
[GdPAI | debug] GetCost: callable returned non-numeric value: null; returning INFINITY
WARNING: [GdPAI] ObjectRef(124621163998): object was freed before callback; returning Nil.
   at: gdplanningai_rust::logger::process_logs (src\logger.rs:66)
   GDScript backtrace (most recent call first):
       [0] _process (res://addons/GdPlanningAI/gdpai_autoload.gd:21)
[GdPAI | debug] GetCost: callable returned non-numeric value: null; returning INFINITY
WARNING: [GdPAI] ObjectRef(1382643928884): object was freed before callback; returning Nil.
   at: gdplanningai_rust::logger::process_logs (src\logger.rs:66)
   GDScript backtrace (most recent call first):
       [0] _process (res://addons/GdPlanningAI/gdpai_autoload.gd:21)
WARNING: [GdPAI] ObjectRef(1382643928884): object was freed before callback; returning Nil.
   at: gdplanningai_rust::logger::process_logs (src\logger.rs:66)
   GDScript backtrace (most recent call first):
       [0] _process (res://addons/GdPlanningAI/gdpai_autoload.gd:21)
[GdPAI | debug] ApplyEffect [Before] ID=InstanceId(-9223368188429827174): agent props = {"hunger": 95.0603725, "held_item": "", "entity": null}
[GdPAI | debug] ApplyEffect [After] ID=InstanceId(-9223368188429827174): agent props = {"hunger": 95.0603725, "held_item": "", "entity": null}
[GdPAI | debug]   Snapshotting prop: hunger = Float(95.0603725) (Variant type: FLOAT)
[GdPAI | debug]   Snapshotting prop: held_item = Str("") (Variant type: STRING)
[GdPAI | debug]   Snapshotting prop: entity = Nil (Variant type: NIL)
WARNING: [GdPAI] ObjectRef(124621163998): object was freed before callback; returning Nil.
   at: gdplanningai_rust::logger::process_logs (src\logger.rs:66)
   GDScript backtrace (most recent call first):
       [0] _start_plan_and_wait (res://test/integration/test_campfire_example_smoke.gd:57)
[GdPAI | debug] ApplyEffect [Before] ID=InstanceId(-9223368187708406894): agent props = {"held_item": "", "hunger": 70.0627442063492, "entity": null}
[GdPAI | debug] ApplyEffect [After] ID=InstanceId(-9223368187708406894): agent props = {"held_item": "", "hunger": 70.0627442063492, "entity": null}
[GdPAI | debug]   Snapshotting prop: held_item = Str("") (Variant type: STRING)
[GdPAI | debug]   Snapshotting prop: hunger = Float(70.0627442063492) (Variant type: FLOAT)
[GdPAI | debug]   Snapshotting prop: entity = Nil (Variant type: NIL)
WARNING: [GdPAI] ObjectRef(1382643928884): object was freed before callback; returning Nil.
   at: gdplanningai_rust::logger::process_logs (src\logger.rs:66)
   GDScript backtrace (most recent call first):
       [0] _start_plan_and_wait (res://test/integration/test_campfire_example_smoke.gd:57)
[GdPAI | debug] GetCost: callable returned non-numeric value: null; returning INFINITY
WARNING: [GdPAI] ObjectRef(124621163998): object was freed before callback; returning Nil.
   at: gdplanningai_rust::logger::process_logs (src\logger.rs:66)
   GDScript backtrace (most recent call first):
       [0] _process (res://addons/GdPlanningAI/gdpai_autoload.gd:21)
[GdPAI | debug] GetCost: callable returned non-numeric value: null; returning INFINITY
WARNING: [GdPAI] ObjectRef(1382643928884): object was freed before callback; returning Nil.
   at: gdplanningai_rust::logger::process_logs (src\logger.rs:66)
   GDScript backtrace (most recent call first):
       [0] _process (res://addons/GdPlanningAI/gdpai_autoload.gd:21)
[GdPAI | debug] ApplyEffect [Before] ID=InstanceId(-9223368185879690345): agent props = {"held_item": "", "entity": null, "hunger": 95.0603725}
[GdPAI | debug] ApplyEffect [After] ID=InstanceId(-9223368185879690345): agent props = {"held_item": "", "entity": null, "hunger": 95.0603725}
[GdPAI | debug]   Snapshotting prop: held_item = Str("") (Variant type: STRING)
[GdPAI | debug]   Snapshotting prop: entity = Nil (Variant type: NIL)
[GdPAI | debug]   Snapshotting prop: hunger = Float(95.0603725) (Variant type: FLOAT)
WARNING: [GdPAI] ObjectRef(124621163998): object was freed before callback; returning Nil.
   at: gdplanningai_rust::logger::process_logs (src\logger.rs:66)
   GDScript backtrace (most recent call first):
       [0] _start_plan_and_wait (res://test/integration/test_campfire_example_smoke.gd:57)
[GdPAI | debug] ApplyEffect [Before] ID=InstanceId(-9223368185208601694): agent props = {"entity": null, "held_item": "", "hunger": 70.0627442063492}
[GdPAI | debug] ApplyEffect [After] ID=InstanceId(-9223368185208601694): agent props = {"entity": null, "held_item": "", "hunger": 70.0627442063492}
[GdPAI | debug]   Snapshotting prop: entity = Nil (Variant type: NIL)
[GdPAI | debug]   Snapshotting prop: held_item = Str("") (Variant type: STRING)
[GdPAI | debug]   Snapshotting prop: hunger = Float(70.0627442063492) (Variant type: FLOAT)
WARNING: [GdPAI] ObjectRef(1382643928884): object was freed before callback; returning Nil.
   at: gdplanningai_rust::logger::process_logs (src\logger.rs:66)
   GDScript backtrace (most recent call first):
       [0] _start_plan_and_wait (res://test/integration/test_campfire_example_smoke.gd:57)
WARNING: [GdPAI] ObjectRef(1382157389614): object was freed before callback; returning Nil.
   at: gdplanningai_rust::logger::process_logs (src\logger.rs:66)
   GDScript backtrace (most recent call first):
       [0] _start_plan_and_wait (res://test/integration/test_campfire_example_smoke.gd:57)
WARNING: [GdPAI] ObjectRef(1382157389614): object was freed before callback; returning Nil.
   at: gdplanningai_rust::logger::process_logs (src\logger.rs:66)
   GDScript backtrace (most recent call first):
       [0] _start_plan_and_wait (res://test/integration/test_campfire_example_smoke.gd:57)
[GdPAI | debug] GetCost: callable returned non-numeric value: null; returning INFINITY
WARNING: [GdPAI] ObjectRef(124621163998): object was freed before callback; returning Nil.
   at: gdplanningai_rust::logger::process_logs (src\logger.rs:66)
   GDScript backtrace (most recent call first):
       [0] _process (res://addons/GdPlanningAI/gdpai_autoload.gd:21)
[GdPAI | debug] GetCost: callable returned non-numeric value: null; returning INFINITY
WARNING: [GdPAI] ObjectRef(1382643928884): object was freed before callback; returning Nil.
   at: gdplanningai_rust::logger::process_logs (src\logger.rs:66)
   GDScript backtrace (most recent call first):
       [0] _process (res://addons/GdPlanningAI/gdpai_autoload.gd:21)
WARNING: [GdPAI] ObjectRef(1382157389614): object was freed before callback; returning Nil.
   at: gdplanningai_rust::logger::process_logs (src\logger.rs:66)
   GDScript backtrace (most recent call first):
       [0] _process (res://addons/GdPlanningAI/gdpai_autoload.gd:21)
WARNING: [GdPAI] ObjectRef(1382157389614): object was freed before callback; returning Nil.
   at: gdplanningai_rust::logger::process_logs (src\logger.rs:66)
   GDScript backtrace (most recent call first):
       [0] _process (res://addons/GdPlanningAI/gdpai_autoload.gd:21)
[GdPAI | debug] ApplyEffect [Before] ID=InstanceId(-9223368183279221826): agent props = {"entity": null, "held_item": "", "at_target": null, "hunger": 95.0603725}
[GdPAI | debug] ApplyEffect [After] ID=InstanceId(-9223368183279221826): agent props = {"entity": null, "held_item": "", "at_target": null, "hunger": 95.0603725}
[GdPAI | debug]   Snapshotting prop: entity = Nil (Variant type: NIL)
[GdPAI | debug]   Snapshotting prop: held_item = Str("") (Variant type: STRING)
[GdPAI | debug]   Snapshotting prop: at_target = Nil (Variant type: NIL)
[GdPAI | debug]   Snapshotting prop: hunger = Float(95.0603725) (Variant type: FLOAT)
WARNING: [GdPAI] ObjectRef(124621163998): object was freed before callback; returning Nil.
   at: gdplanningai_rust::logger::process_logs (src\logger.rs:66)
   GDScript backtrace (most recent call first):
       [0] _start_plan_and_wait (res://test/integration/test_campfire_example_smoke.gd:57)
[GdPAI | debug] ApplyEffect [Before] ID=InstanceId(-9223368182507469900): agent props = {"hunger": 70.0627442063492, "entity": null, "held_item": "wood"}
[GdPAI | debug] ApplyEffect [After] ID=InstanceId(-9223368182507469900): agent props = {"hunger": 70.0627442063492, "entity": null, "held_item": "wood"}
[GdPAI | debug]   Snapshotting prop: hunger = Float(70.0627442063492) (Variant type: FLOAT)
[GdPAI | debug]   Snapshotting prop: entity = Nil (Variant type: NIL)
[GdPAI | debug]   Snapshotting prop: held_item = Str("wood") (Variant type: STRING)
WARNING: [GdPAI] ObjectRef(1382643928884): object was freed before callback; returning Nil.
   at: gdplanningai_rust::logger::process_logs (src\logger.rs:66)
   GDScript backtrace (most recent call first):
       [0] _start_plan_and_wait (res://test/integration/test_campfire_example_smoke.gd:57)
WARNING: [GdPAI] ObjectRef(1382157389614): object was freed before callback; returning Nil.
   at: gdplanningai_rust::logger::process_logs (src\logger.rs:66)
   GDScript backtrace (most recent call first):
       [0] _start_plan_and_wait (res://test/integration/test_campfire_example_smoke.gd:57)
WARNING: [GdPAI] ObjectRef(1382157389614): object was freed before callback; returning Nil.
   at: gdplanningai_rust::logger::process_logs (src\logger.rs:66)
   GDScript backtrace (most recent call first):
       [0] _start_plan_and_wait (res://test/integration/test_campfire_example_smoke.gd:57)
[GdPAI | debug] GetCost: callable returned non-numeric value: null; returning INFINITY
[GdPAI | debug] Numeric comparison: 70.0627442063492 GreaterThan 0 -> true
WARNING: [GdPAI] ObjectRef(124621163998): object was freed before callback; returning Nil.
   at: gdplanningai_rust::logger::process_logs (src\logger.rs:66)
   GDScript backtrace (most recent call first):
       [0] _process (res://addons/GdPlanningAI/gdpai_autoload.gd:21)
WARNING: [GdPAI] ObjectRef(124621163998): object was freed before callback; returning Nil.
   at: gdplanningai_rust::logger::process_logs (src\logger.rs:66)
   GDScript backtrace (most recent call first):
       [0] _process (res://addons/GdPlanningAI/gdpai_autoload.gd:21)
WARNING: [GdPAI] ObjectRef(124134624705): object was freed before callback; returning Nil.
   at: gdplanningai_rust::logger::process_logs (src\logger.rs:66)
   GDScript backtrace (most recent call first):
       [0] _process (res://addons/GdPlanningAI/gdpai_autoload.gd:21)
WARNING: [GdPAI] ObjectRef(125661351450): object was freed before callback; returning Nil.
   at: gdplanningai_rust::logger::process_logs (src\logger.rs:66)
   GDScript backtrace (most recent call first):
       [0] _process (res://addons/GdPlanningAI/gdpai_autoload.gd:21)
WARNING: [GdPAI] ObjectRef(124587609564): object was freed before callback; returning Nil.
   at: gdplanningai_rust::logger::process_logs (src\logger.rs:66)
   GDScript backtrace (most recent call first):
       [0] _process (res://addons/GdPlanningAI/gdpai_autoload.gd:21)
WARNING: [GdPAI] ObjectRef(124285619658): object was freed before callback; returning Nil.
   at: gdplanningai_rust::logger::process_logs (src\logger.rs:66)
   GDScript backtrace (most recent call first):
       [0] _process (res://addons/GdPlanningAI/gdpai_autoload.gd:21)
WARNING: [GdPAI] ObjectRef(124134624705): object was freed before callback; returning Nil.
   at: gdplanningai_rust::logger::process_logs (src\logger.rs:66)
   GDScript backtrace (most recent call first):
       [0] _process (res://addons/GdPlanningAI/gdpai_autoload.gd:21)
WARNING: [GdPAI] ObjectRef(125661351450): object was freed before callback; returning Nil.
   at: gdplanningai_rust::logger::process_logs (src\logger.rs:66)
   GDScript backtrace (most recent call first):
       [0] _process (res://addons/GdPlanningAI/gdpai_autoload.gd:21)
WARNING: [GdPAI] ObjectRef(124587609564): object was freed before callback; returning Nil.
   at: gdplanningai_rust::logger::process_logs (src\logger.rs:66)
   GDScript backtrace (most recent call first):
       [0] _process (res://addons/GdPlanningAI/gdpai_autoload.gd:21)
WARNING: [GdPAI] ObjectRef(124285619658): object was freed before callback; returning Nil.
   at: gdplanningai_rust::logger::process_logs (src\logger.rs:66)
   GDScript backtrace (most recent call first):
       [0] _process (res://addons/GdPlanningAI/gdpai_autoload.gd:21)
[GdPAI | debug] GetCost: callable returned non-numeric value: null; returning INFINITY
WARNING: [GdPAI] ObjectRef(1382643928884): object was freed before callback; returning Nil.
   at: gdplanningai_rust::logger::process_logs (src\logger.rs:66)
   GDScript backtrace (most recent call first):
       [0] _process (res://addons/GdPlanningAI/gdpai_autoload.gd:21)
WARNING: [GdPAI] ObjectRef(1382157389614): object was freed before callback; returning Nil.
   at: gdplanningai_rust::logger::process_logs (src\logger.rs:66)
   GDScript backtrace (most recent call first):
       [0] _process (res://addons/GdPlanningAI/gdpai_autoload.gd:21)
WARNING: [GdPAI] ObjectRef(1382157389614): object was freed before callback; returning Nil.
   at: gdplanningai_rust::logger::process_logs (src\logger.rs:66)
   GDScript backtrace (most recent call first):
       [0] _process (res://addons/GdPlanningAI/gdpai_autoload.gd:21)
[GdPAI | debug] ApplyEffect [Before] ID=InstanceId(-9223368180578090039): agent props = {"entity": null, "hunger": 95.0603725, "held_item": "", "at_target": null}
[GdPAI | debug] ApplyEffect [After] ID=InstanceId(-9223368180578090039): agent props = {"entity": null, "hunger": 95.0603725, "held_item": "", "at_target": null}
[GdPAI | debug]   Snapshotting prop: entity = Nil (Variant type: NIL)
[GdPAI | debug]   Snapshotting prop: hunger = Float(95.0603725) (Variant type: FLOAT)
[GdPAI | debug]   Snapshotting prop: held_item = Str("") (Variant type: STRING)
[GdPAI | debug]   Snapshotting prop: at_target = Nil (Variant type: NIL)
WARNING: [GdPAI] ObjectRef(124621163998): object was freed before callback; returning Nil.
   at: gdplanningai_rust::logger::process_logs (src\logger.rs:66)
   GDScript backtrace (most recent call first):
       [0] _start_plan_and_wait (res://test/integration/test_campfire_example_smoke.gd:57)
WARNING: [GdPAI] ObjectRef(124621163998): object was freed before callback; returning Nil.
   at: gdplanningai_rust::logger::process_logs (src\logger.rs:66)
   GDScript backtrace (most recent call first):
       [0] _start_plan_and_wait (res://test/integration/test_campfire_example_smoke.gd:57)
WARNING: [GdPAI] ObjectRef(124134624705): object was freed before callback; returning Nil.
   at: gdplanningai_rust::logger::process_logs (src\logger.rs:66)
   GDScript backtrace (most recent call first):
       [0] _start_plan_and_wait (res://test/integration/test_campfire_example_smoke.gd:57)
WARNING: [GdPAI] ObjectRef(125661351450): object was freed before callback; returning Nil.
   at: gdplanningai_rust::logger::process_logs (src\logger.rs:66)
   GDScript backtrace (most recent call first):
       [0] _start_plan_and_wait (res://test/integration/test_campfire_example_smoke.gd:57)
WARNING: [GdPAI] ObjectRef(124587609564): object was freed before callback; returning Nil.
   at: gdplanningai_rust::logger::process_logs (src\logger.rs:66)
   GDScript backtrace (most recent call first):
       [0] _start_plan_and_wait (res://test/integration/test_campfire_example_smoke.gd:57)
WARNING: [GdPAI] ObjectRef(124285619658): object was freed before callback; returning Nil.
   at: gdplanningai_rust::logger::process_logs (src\logger.rs:66)
   GDScript backtrace (most recent call first):
       [0] _start_plan_and_wait (res://test/integration/test_campfire_example_smoke.gd:57)
WARNING: [GdPAI] ObjectRef(124134624705): object was freed before callback; returning Nil.
   at: gdplanningai_rust::logger::process_logs (src\logger.rs:66)
   GDScript backtrace (most recent call first):
       [0] _start_plan_and_wait (res://test/integration/test_campfire_example_smoke.gd:57)
WARNING: [GdPAI] ObjectRef(125661351450): object was freed before callback; returning Nil.
   at: gdplanningai_rust::logger::process_logs (src\logger.rs:66)
   GDScript backtrace (most recent call first):
       [0] _start_plan_and_wait (res://test/integration/test_campfire_example_smoke.gd:57)
WARNING: [GdPAI] ObjectRef(124587609564): object was freed before callback; returning Nil.
   at: gdplanningai_rust::logger::process_logs (src\logger.rs:66)
   GDScript backtrace (most recent call first):
       [0] _start_plan_and_wait (res://test/integration/test_campfire_example_smoke.gd:57)
WARNING: [GdPAI] ObjectRef(124285619658): object was freed before callback; returning Nil.
   at: gdplanningai_rust::logger::process_logs (src\logger.rs:66)
   GDScript backtrace (most recent call first):
       [0] _start_plan_and_wait (res://test/integration/test_campfire_example_smoke.gd:57)
[GdPAI | debug] ApplyEffect [Before] ID=InstanceId(-9223368179353353228): agent props = {"hunger": 70.0627442063492, "entity": null, "at_target": null, "held_item": ""}
[GdPAI | debug] ApplyEffect [After] ID=InstanceId(-9223368179353353228): agent props = {"hunger": 70.0627442063492, "entity": null, "at_target": null, "held_item": ""}
[GdPAI | debug]   Snapshotting prop: hunger = Float(70.0627442063492) (Variant type: FLOAT)
[GdPAI | debug]   Snapshotting prop: entity = Nil (Variant type: NIL)
[GdPAI | debug]   Snapshotting prop: at_target = Nil (Variant type: NIL)
[GdPAI | debug]   Snapshotting prop: held_item = Str("") (Variant type: STRING)
WARNING: [GdPAI] ObjectRef(1382643928884): object was freed before callback; returning Nil.
   at: gdplanningai_rust::logger::process_logs (src\logger.rs:66)
   GDScript backtrace (most recent call first):
       [0] _start_plan_and_wait (res://test/integration/test_campfire_example_smoke.gd:57)
[GdPAI | debug] GetCost: callable returned non-numeric value: null; returning INFINITY
WARNING: [GdPAI] ObjectRef(124621163998): object was freed before callback; returning Nil.
   at: gdplanningai_rust::logger::process_logs (src\logger.rs:66)
   GDScript backtrace (most recent call first):
       [0] _process (res://addons/GdPlanningAI/gdpai_autoload.gd:21)
WARNING: [GdPAI] ObjectRef(124285619658): object was freed before callback; returning Nil.
   at: gdplanningai_rust::logger::process_logs (src\logger.rs:66)
   GDScript backtrace (most recent call first):
       [0] _process (res://addons/GdPlanningAI/gdpai_autoload.gd:21)
WARNING: [GdPAI] ObjectRef(124285619658): object was freed before callback; returning Nil.
   at: gdplanningai_rust::logger::process_logs (src\logger.rs:66)
   GDScript backtrace (most recent call first):
       [0] _process (res://addons/GdPlanningAI/gdpai_autoload.gd:21)
[GdPAI | debug] GetCost: callable returned non-numeric value: null; returning INFINITY
WARNING: [GdPAI] ObjectRef(1382643928884): object was freed before callback; returning Nil.
   at: gdplanningai_rust::logger::process_logs (src\logger.rs:66)
   GDScript backtrace (most recent call first):
       [0] _process (res://addons/GdPlanningAI/gdpai_autoload.gd:21)
[GdPAI | debug] ApplyEffect [Before] ID=InstanceId(-9223368177071651892): agent props = {"hunger": 95.0603725, "held_item": "wood", "entity": null, "at_target": null}
[GdPAI | debug] ApplyEffect [After] ID=InstanceId(-9223368177071651892): agent props = {"hunger": 95.0603725, "held_item": "wood", "entity": null, "at_target": null}
[GdPAI | debug]   Snapshotting prop: hunger = Float(95.0603725) (Variant type: FLOAT)
[GdPAI | debug]   Snapshotting prop: held_item = Str("wood") (Variant type: STRING)
[GdPAI | debug]   Snapshotting prop: entity = Nil (Variant type: NIL)
[GdPAI | debug]   Snapshotting prop: at_target = Nil (Variant type: NIL)
[GdPAI | debug] Numeric comparison: 95.0603725 GreaterThan 0 -> true
WARNING: [GdPAI] ObjectRef(124621163998): object was freed before callback; returning Nil.
   at: gdplanningai_rust::logger::process_logs (src\logger.rs:66)
   GDScript backtrace (most recent call first):
       [0] _start_plan_and_wait (res://test/integration/test_campfire_example_smoke.gd:57)
WARNING: [GdPAI] ObjectRef(124285619658): object was freed before callback; returning Nil.
   at: gdplanningai_rust::logger::process_logs (src\logger.rs:66)
   GDScript backtrace (most recent call first):
       [0] _start_plan_and_wait (res://test/integration/test_campfire_example_smoke.gd:57)
WARNING: [GdPAI] ObjectRef(124285619658): object was freed before callback; returning Nil.
   at: gdplanningai_rust::logger::process_logs (src\logger.rs:66)
   GDScript backtrace (most recent call first):
       [0] _start_plan_and_wait (res://test/integration/test_campfire_example_smoke.gd:57)
[GdPAI | debug] ApplyEffect [Before] ID=InstanceId(-9223368176299899868): agent props = {"hunger": 70.0627442063492, "at_target": null, "entity": null, "held_item": ""}
[GdPAI | debug] ApplyEffect [After] ID=InstanceId(-9223368176299899868): agent props = {"hunger": 70.0627442063492, "at_target": null, "entity": null, "held_item": ""}
[GdPAI | debug]   Snapshotting prop: hunger = Float(70.0627442063492) (Variant type: FLOAT)
[GdPAI | debug]   Snapshotting prop: at_target = Nil (Variant type: NIL)
[GdPAI | debug]   Snapshotting prop: entity = Nil (Variant type: NIL)
[GdPAI | debug]   Snapshotting prop: held_item = Str("") (Variant type: STRING)
WARNING: [GdPAI] ObjectRef(1382643928884): object was freed before callback; returning Nil.
   at: gdplanningai_rust::logger::process_logs (src\logger.rs:66)
   GDScript backtrace (most recent call first):
       [0] _start_plan_and_wait (res://test/integration/test_campfire_example_smoke.gd:57)
WARNING: [GdPAI] ObjectRef(1382643928884): object was freed before callback; returning Nil.
   at: gdplanningai_rust::logger::process_logs (src\logger.rs:66)
   GDScript backtrace (most recent call first):
       [0] _start_plan_and_wait (res://test/integration/test_campfire_example_smoke.gd:57)
WARNING: [GdPAI] ObjectRef(1383348571562): object was freed before callback; returning Nil.
   at: gdplanningai_rust::logger::process_logs (src\logger.rs:66)
   GDScript backtrace (most recent call first):
       [0] _start_plan_and_wait (res://test/integration/test_campfire_example_smoke.gd:57)
WARNING: [GdPAI] ObjectRef(1383348571562): object was freed before callback; returning Nil.
   at: gdplanningai_rust::logger::process_logs (src\logger.rs:66)
   GDScript backtrace (most recent call first):
       [0] _start_plan_and_wait (res://test/integration/test_campfire_example_smoke.gd:57)
[GdPAI | debug] GetCost: callable returned non-numeric value: null; returning INFINITY
WARNING: [GdPAI] ObjectRef(124621163998): object was freed before callback; returning Nil.
   at: gdplanningai_rust::logger::process_logs (src\logger.rs:66)
   GDScript backtrace (most recent call first):
       [0] _process (res://addons/GdPlanningAI/gdpai_autoload.gd:21)
WARNING: [GdPAI] ObjectRef(124587609564): object was freed before callback; returning Nil.
   at: gdplanningai_rust::logger::process_logs (src\logger.rs:66)
   GDScript backtrace (most recent call first):
       [0] _process (res://addons/GdPlanningAI/gdpai_autoload.gd:21)
WARNING: [GdPAI] ObjectRef(124587609564): object was freed before callback; returning Nil.
   at: gdplanningai_rust::logger::process_logs (src\logger.rs:66)
   GDScript backtrace (most recent call first):
       [0] _process (res://addons/GdPlanningAI/gdpai_autoload.gd:21)
[GdPAI | debug] GetCost: callable returned non-numeric value: null; returning INFINITY
WARNING: [GdPAI] ObjectRef(1382643928884): object was freed before callback; returning Nil.
   at: gdplanningai_rust::logger::process_logs (src\logger.rs:66)
   GDScript backtrace (most recent call first):
       [0] _process (res://addons/GdPlanningAI/gdpai_autoload.gd:21)
WARNING: [GdPAI] ObjectRef(1382643928884): object was freed before callback; returning Nil.
   at: gdplanningai_rust::logger::process_logs (src\logger.rs:66)
   GDScript backtrace (most recent call first):
       [0] _process (res://addons/GdPlanningAI/gdpai_autoload.gd:21)
WARNING: [GdPAI] ObjectRef(1383348571562): object was freed before callback; returning Nil.
   at: gdplanningai_rust::logger::process_logs (src\logger.rs:66)
   GDScript backtrace (most recent call first):
       [0] _process (res://addons/GdPlanningAI/gdpai_autoload.gd:21)
WARNING: [GdPAI] ObjectRef(1383348571562): object was freed before callback; returning Nil.
   at: gdplanningai_rust::logger::process_logs (src\logger.rs:66)
   GDScript backtrace (most recent call first):
       [0] _process (res://addons/GdPlanningAI/gdpai_autoload.gd:21)
[GdPAI | debug] ApplyEffect [Before] ID=InstanceId(-9223368174219525116): agent props = {"entity": null, "hunger": 95.0603725, "at_target": null, "held_item": ""}
[GdPAI | debug] ApplyEffect [After] ID=InstanceId(-9223368174219525116): agent props = {"entity": null, "hunger": 95.0603725, "at_target": null, "held_item": ""}
[GdPAI | debug]   Snapshotting prop: entity = Nil (Variant type: NIL)
[GdPAI | debug]   Snapshotting prop: hunger = Float(95.0603725) (Variant type: FLOAT)
[GdPAI | debug]   Snapshotting prop: at_target = Nil (Variant type: NIL)
[GdPAI | debug]   Snapshotting prop: held_item = Str("") (Variant type: STRING)
WARNING: [GdPAI] ObjectRef(124621163998): object was freed before callback; returning Nil.
   at: gdplanningai_rust::logger::process_logs (src\logger.rs:66)
   GDScript backtrace (most recent call first):
       [0] _start_plan_and_wait (res://test/integration/test_campfire_example_smoke.gd:57)
WARNING: [GdPAI] ObjectRef(124587609564): object was freed before callback; returning Nil.
   at: gdplanningai_rust::logger::process_logs (src\logger.rs:66)
   GDScript backtrace (most recent call first):
       [0] _start_plan_and_wait (res://test/integration/test_campfire_example_smoke.gd:57)
WARNING: [GdPAI] ObjectRef(124587609564): object was freed before callback; returning Nil.
   at: gdplanningai_rust::logger::process_logs (src\logger.rs:66)
   GDScript backtrace (most recent call first):
       [0] _start_plan_and_wait (res://test/integration/test_campfire_example_smoke.gd:57)
[GdPAI | debug] ApplyEffect [Before] ID=InstanceId(-9223368173296778157): agent props = {"hunger": 70.0627442063492, "at_target": null, "held_item": "", "entity": null}
[GdPAI | debug] ApplyEffect [After] ID=InstanceId(-9223368173296778157): agent props = {"hunger": 70.0627442063492, "at_target": null, "held_item": "", "entity": null}
[GdPAI | debug]   Snapshotting prop: hunger = Float(70.0627442063492) (Variant type: FLOAT)
[GdPAI | debug]   Snapshotting prop: at_target = Nil (Variant type: NIL)
[GdPAI | debug]   Snapshotting prop: held_item = Str("") (Variant type: STRING)
[GdPAI | debug]   Snapshotting prop: entity = Nil (Variant type: NIL)
WARNING: [GdPAI] ObjectRef(1382643928884): object was freed before callback; returning Nil.
   at: gdplanningai_rust::logger::process_logs (src\logger.rs:66)
   GDScript backtrace (most recent call first):
       [0] _start_plan_and_wait (res://test/integration/test_campfire_example_smoke.gd:57)
WARNING: [GdPAI] ObjectRef(1383348571562): object was freed before callback; returning Nil.
   at: gdplanningai_rust::logger::process_logs (src\logger.rs:66)
   GDScript backtrace (most recent call first):
       [0] _start_plan_and_wait (res://test/integration/test_campfire_example_smoke.gd:57)
WARNING: [GdPAI] ObjectRef(1383348571562): object was freed before callback; returning Nil.
   at: gdplanningai_rust::logger::process_logs (src\logger.rs:66)
   GDScript backtrace (most recent call first):
       [0] _start_plan_and_wait (res://test/integration/test_campfire_example_smoke.gd:57)
[GdPAI | debug] GetCost: callable returned non-numeric value: null; returning INFINITY
WARNING: [GdPAI] ObjectRef(124621163998): object was freed before callback; returning Nil.
   at: gdplanningai_rust::logger::process_logs (src\logger.rs:66)
   GDScript backtrace (most recent call first):
       [0] _process (res://addons/GdPlanningAI/gdpai_autoload.gd:21)
WARNING: [GdPAI] ObjectRef(125661351450): object was freed before callback; returning Nil.
   at: gdplanningai_rust::logger::process_logs (src\logger.rs:66)
   GDScript backtrace (most recent call first):
       [0] _process (res://addons/GdPlanningAI/gdpai_autoload.gd:21)
WARNING: [GdPAI] ObjectRef(125661351450): object was freed before callback; returning Nil.
   at: gdplanningai_rust::logger::process_logs (src\logger.rs:66)
   GDScript backtrace (most recent call first):
       [0] _process (res://addons/GdPlanningAI/gdpai_autoload.gd:21)
[GdPAI | debug] GetCost: callable returned non-numeric value: null; returning INFINITY
WARNING: [GdPAI] ObjectRef(1382643928884): object was freed before callback; returning Nil.
   at: gdplanningai_rust::logger::process_logs (src\logger.rs:66)
   GDScript backtrace (most recent call first):
       [0] _process (res://addons/GdPlanningAI/gdpai_autoload.gd:21)
WARNING: [GdPAI] ObjectRef(1383348571562): object was freed before callback; returning Nil.
   at: gdplanningai_rust::logger::process_logs (src\logger.rs:66)
   GDScript backtrace (most recent call first):
       [0] _process (res://addons/GdPlanningAI/gdpai_autoload.gd:21)
WARNING: [GdPAI] ObjectRef(1383348571562): object was freed before callback; returning Nil.
   at: gdplanningai_rust::logger::process_logs (src\logger.rs:66)
   GDScript backtrace (most recent call first):
       [0] _process (res://addons/GdPlanningAI/gdpai_autoload.gd:21)
[GdPAI | debug] ApplyEffect [Before] ID=InstanceId(-9223368171266735067): agent props = {"entity": null, "hunger": 95.0603725, "held_item": "", "at_target": null}
[GdPAI | debug] ApplyEffect [After] ID=InstanceId(-9223368171266735067): agent props = {"entity": null, "hunger": 95.0603725, "held_item": "", "at_target": null}
[GdPAI | debug]   Snapshotting prop: entity = Nil (Variant type: NIL)
[GdPAI | debug]   Snapshotting prop: hunger = Float(95.0603725) (Variant type: FLOAT)
[GdPAI | debug]   Snapshotting prop: held_item = Str("") (Variant type: STRING)
[GdPAI | debug]   Snapshotting prop: at_target = Nil (Variant type: NIL)
WARNING: [GdPAI] ObjectRef(124621163998): object was freed before callback; returning Nil.
   at: gdplanningai_rust::logger::process_logs (src\logger.rs:66)
   GDScript backtrace (most recent call first):
       [0] _start_plan_and_wait (res://test/integration/test_campfire_example_smoke.gd:57)
WARNING: [GdPAI] ObjectRef(125661351450): object was freed before callback; returning Nil.
   at: gdplanningai_rust::logger::process_logs (src\logger.rs:66)
   GDScript backtrace (most recent call first):
       [0] _start_plan_and_wait (res://test/integration/test_campfire_example_smoke.gd:57)
WARNING: [GdPAI] ObjectRef(125661351450): object was freed before callback; returning Nil.
   at: gdplanningai_rust::logger::process_logs (src\logger.rs:66)
   GDScript backtrace (most recent call first):
       [0] _start_plan_and_wait (res://test/integration/test_campfire_example_smoke.gd:57)
[GdPAI | debug] ApplyEffect [Before] ID=InstanceId(-9223368170394319749): agent props = {"hunger": 70.0627442063492, "entity": null, "held_item": "", "at_target": null}
[GdPAI | debug] ApplyEffect [After] ID=InstanceId(-9223368170394319749): agent props = {"hunger": 70.0627442063492, "entity": null, "held_item": "", "at_target": null}
[GdPAI | debug]   Snapshotting prop: hunger = Float(70.0627442063492) (Variant type: FLOAT)
[GdPAI | debug]   Snapshotting prop: entity = Nil (Variant type: NIL)
[GdPAI | debug]   Snapshotting prop: held_item = Str("") (Variant type: STRING)
[GdPAI | debug]   Snapshotting prop: at_target = Nil (Variant type: NIL)
WARNING: [GdPAI] ObjectRef(1382643928884): object was freed before callback; returning Nil.
   at: gdplanningai_rust::logger::process_logs (src\logger.rs:66)
   GDScript backtrace (most recent call first):
       [0] _start_plan_and_wait (res://test/integration/test_campfire_example_smoke.gd:57)
WARNING: [GdPAI] ObjectRef(1382157389614): object was freed before callback; returning Nil.
   at: gdplanningai_rust::logger::process_logs (src\logger.rs:66)
   GDScript backtrace (most recent call first):
       [0] _start_plan_and_wait (res://test/integration/test_campfire_example_smoke.gd:57)
WARNING: [GdPAI] ObjectRef(1382157389614): object was freed before callback; returning Nil.
   at: gdplanningai_rust::logger::process_logs (src\logger.rs:66)
   GDScript backtrace (most recent call first):
       [0] _start_plan_and_wait (res://test/integration/test_campfire_example_smoke.gd:57)
[GdPAI | debug] GetCost: callable returned non-numeric value: null; returning INFINITY
WARNING: [GdPAI] ObjectRef(124621163998): object was freed before callback; returning Nil.
   at: gdplanningai_rust::logger::process_logs (src\logger.rs:66)
   GDScript backtrace (most recent call first):
       [0] _process (res://addons/GdPlanningAI/gdpai_autoload.gd:21)
WARNING: [GdPAI] ObjectRef(124134624705): object was freed before callback; returning Nil.
   at: gdplanningai_rust::logger::process_logs (src\logger.rs:66)
   GDScript backtrace (most recent call first):
       [0] _process (res://addons/GdPlanningAI/gdpai_autoload.gd:21)
WARNING: [GdPAI] ObjectRef(124134624705): object was freed before callback; returning Nil.
   at: gdplanningai_rust::logger::process_logs (src\logger.rs:66)
   GDScript backtrace (most recent call first):
       [0] _process (res://addons/GdPlanningAI/gdpai_autoload.gd:21)
[GdPAI | debug] GetCost: callable returned non-numeric value: null; returning INFINITY
WARNING: [GdPAI] ObjectRef(1382643928884): object was freed before callback; returning Nil.
   at: gdplanningai_rust::logger::process_logs (src\logger.rs:66)
   GDScript backtrace (most recent call first):
       [0] _process (res://addons/GdPlanningAI/gdpai_autoload.gd:21)
WARNING: [GdPAI] ObjectRef(1382157389614): object was freed before callback; returning Nil.
   at: gdplanningai_rust::logger::process_logs (src\logger.rs:66)
   GDScript backtrace (most recent call first):
       [0] _process (res://addons/GdPlanningAI/gdpai_autoload.gd:21)
WARNING: [GdPAI] ObjectRef(1382157389614): object was freed before callback; returning Nil.
   at: gdplanningai_rust::logger::process_logs (src\logger.rs:66)
   GDScript backtrace (most recent call first):
       [0] _process (res://addons/GdPlanningAI/gdpai_autoload.gd:21)
[GdPAI | debug] ApplyEffect [Before] ID=InstanceId(-9223368168364276636): agent props = {"entity": null, "held_item": "", "hunger": 95.0603725, "at_target": null}
[GdPAI | debug] ApplyEffect [After] ID=InstanceId(-9223368168364276636): agent props = {"entity": null, "held_item": "", "hunger": 95.0603725, "at_target": null}
[GdPAI | debug]   Snapshotting prop: entity = Nil (Variant type: NIL)
[GdPAI | debug]   Snapshotting prop: held_item = Str("") (Variant type: STRING)
[GdPAI | debug]   Snapshotting prop: hunger = Float(95.0603725) (Variant type: FLOAT)
[GdPAI | debug]   Snapshotting prop: at_target = Nil (Variant type: NIL)
WARNING: [GdPAI] ObjectRef(124621163998): object was freed before callback; returning Nil.
   at: gdplanningai_rust::logger::process_logs (src\logger.rs:66)
   GDScript backtrace (most recent call first):
       [0] _start_plan_and_wait (res://test/integration/test_campfire_example_smoke.gd:57)
WARNING: [GdPAI] ObjectRef(124134624705): object was freed before callback; returning Nil.
   at: gdplanningai_rust::logger::process_logs (src\logger.rs:66)
   GDScript backtrace (most recent call first):
       [0] _start_plan_and_wait (res://test/integration/test_campfire_example_smoke.gd:57)
WARNING: [GdPAI] ObjectRef(124134624705): object was freed before callback; returning Nil.
   at: gdplanningai_rust::logger::process_logs (src\logger.rs:66)
   GDScript backtrace (most recent call first):
       [0] _start_plan_and_wait (res://test/integration/test_campfire_example_smoke.gd:57)
[GdPAI | debug] ApplyEffect [Before] ID=InstanceId(-9223368167491861350): agent props = {"at_target": null, "hunger": 70.0627442063492, "held_item": "", "entity": null}
[GdPAI | debug] ApplyEffect [After] ID=InstanceId(-9223368167491861350): agent props = {"at_target": null, "hunger": 70.0627442063492, "held_item": "", "entity": null}
[GdPAI | debug]   Snapshotting prop: at_target = Nil (Variant type: NIL)
[GdPAI | debug]   Snapshotting prop: hunger = Float(70.0627442063492) (Variant type: FLOAT)
[GdPAI | debug]   Snapshotting prop: held_item = Str("") (Variant type: STRING)
[GdPAI | debug]   Snapshotting prop: entity = Nil (Variant type: NIL)
WARNING: [GdPAI] ObjectRef(1382643928884): object was freed before callback; returning Nil.
   at: gdplanningai_rust::logger::process_logs (src\logger.rs:66)
   GDScript backtrace (most recent call first):
       [0] _start_plan_and_wait (res://test/integration/test_campfire_example_smoke.gd:57)
WARNING: [GdPAI] ObjectRef(1382157389614): object was freed before callback; returning Nil.
   at: gdplanningai_rust::logger::process_logs (src\logger.rs:66)
   GDScript backtrace (most recent call first):
       [0] _start_plan_and_wait (res://test/integration/test_campfire_example_smoke.gd:57)
WARNING: [GdPAI] ObjectRef(1382157389614): object was freed before callback; returning Nil.
   at: gdplanningai_rust::logger::process_logs (src\logger.rs:66)
   GDScript backtrace (most recent call first):
       [0] _start_plan_and_wait (res://test/integration/test_campfire_example_smoke.gd:57)
[GdPAI | debug] GetCost: callable returned non-numeric value: null; returning INFINITY
WARNING: [GdPAI] ObjectRef(124621163998): object was freed before callback; returning Nil.
   at: gdplanningai_rust::logger::process_logs (src\logger.rs:66)
   GDScript backtrace (most recent call first):
       [0] _process (res://addons/GdPlanningAI/gdpai_autoload.gd:21)
[GdPAI | debug] GetCost: callable returned non-numeric value: null; returning INFINITY
WARNING: [GdPAI] ObjectRef(1382643928884): object was freed before callback; returning Nil.
   at: gdplanningai_rust::logger::process_logs (src\logger.rs:66)
   GDScript backtrace (most recent call first):
       [0] _process (res://addons/GdPlanningAI/gdpai_autoload.gd:21)
WARNING: [GdPAI] ObjectRef(1382157389614): object was freed before callback; returning Nil.
   at: gdplanningai_rust::logger::process_logs (src\logger.rs:66)
   GDScript backtrace (most recent call first):
       [0] _process (res://addons/GdPlanningAI/gdpai_autoload.gd:21)
WARNING: [GdPAI] ObjectRef(1382157389614): object was freed before callback; returning Nil.
   at: gdplanningai_rust::logger::process_logs (src\logger.rs:66)
   GDScript backtrace (most recent call first):
       [0] _process (res://addons/GdPlanningAI/gdpai_autoload.gd:21)
[GdPAI | debug] ApplyEffect [Before] ID=InstanceId(-9223368165461818239): agent props = {"held_item": "", "at_target": null, "hunger": 95.0603725, "entity": null}
[GdPAI | debug] ApplyEffect [After] ID=InstanceId(-9223368165461818239): agent props = {"held_item": "", "at_target": null, "hunger": 95.0603725, "entity": null}
[GdPAI | debug]   Snapshotting prop: held_item = Str("") (Variant type: STRING)
[GdPAI | debug]   Snapshotting prop: at_target = Nil (Variant type: NIL)
[GdPAI | debug]   Snapshotting prop: hunger = Float(95.0603725) (Variant type: FLOAT)
[GdPAI | debug]   Snapshotting prop: entity = Nil (Variant type: NIL)
WARNING: [GdPAI] ObjectRef(124621163998): object was freed before callback; returning Nil.
   at: gdplanningai_rust::logger::process_logs (src\logger.rs:66)
   GDScript backtrace (most recent call first):
       [0] _start_plan_and_wait (res://test/integration/test_campfire_example_smoke.gd:57)
[GdPAI | debug] ApplyEffect [Before] ID=InstanceId(-9223368164690066267): agent props = {"at_target": null, "entity": null, "hunger": 70.0627442063492, "held_item": "wood"}
[GdPAI | debug] ApplyEffect [After] ID=InstanceId(-9223368164690066267): agent props = {"at_target": null, "entity": null, "hunger": 70.0627442063492, "held_item": "wood"}
[GdPAI | debug]   Snapshotting prop: at_target = Nil (Variant type: NIL)
[GdPAI | debug]   Snapshotting prop: entity = Nil (Variant type: NIL)
[GdPAI | debug]   Snapshotting prop: hunger = Float(70.0627442063492) (Variant type: FLOAT)
[GdPAI | debug]   Snapshotting prop: held_item = Str("wood") (Variant type: STRING)
WARNING: [GdPAI] ObjectRef(1382643928884): object was freed before callback; returning Nil.
   at: gdplanningai_rust::logger::process_logs (src\logger.rs:66)
   GDScript backtrace (most recent call first):
       [0] _start_plan_and_wait (res://test/integration/test_campfire_example_smoke.gd:57)
[GdPAI | debug] GetCost: callable returned non-numeric value: null; returning INFINITY
WARNING: [GdPAI] ObjectRef(124621163998): object was freed before callback; returning Nil.
   at: gdplanningai_rust::logger::process_logs (src\logger.rs:66)
   GDScript backtrace (most recent call first):
       [0] _process (res://addons/GdPlanningAI/gdpai_autoload.gd:21)
WARNING: [GdPAI] ObjectRef(124621163998): object was freed before callback; returning Nil.
   at: gdplanningai_rust::logger::process_logs (src\logger.rs:66)
   GDScript backtrace (most recent call first):
       [0] _process (res://addons/GdPlanningAI/gdpai_autoload.gd:21)
[GdPAI | debug] GetCost: callable returned non-numeric value: null; returning INFINITY
WARNING: [GdPAI] ObjectRef(1382643928884): object was freed before callback; returning Nil.
   at: gdplanningai_rust::logger::process_logs (src\logger.rs:66)
   GDScript backtrace (most recent call first):
       [0] _process (res://addons/GdPlanningAI/gdpai_autoload.gd:21)
[GdPAI | debug] ApplyEffect [Before] ID=InstanceId(-9223368162861349742): agent props = {"entity": null, "at_target": null, "held_item": "wood", "hunger": 95.0603725}
[GdPAI | debug] ApplyEffect [After] ID=InstanceId(-9223368162861349742): agent props = {"entity": null, "at_target": null, "held_item": "wood", "hunger": 95.0603725}
[GdPAI | debug]   Snapshotting prop: entity = Nil (Variant type: NIL)
[GdPAI | debug]   Snapshotting prop: at_target = Nil (Variant type: NIL)
[GdPAI | debug]   Snapshotting prop: held_item = Str("wood") (Variant type: STRING)
[GdPAI | debug]   Snapshotting prop: hunger = Float(95.0603725) (Variant type: FLOAT)
WARNING: [GdPAI] ObjectRef(124621163998): object was freed before callback; returning Nil.
   at: gdplanningai_rust::logger::process_logs (src\logger.rs:66)
   GDScript backtrace (most recent call first):
       [0] _start_plan_and_wait (res://test/integration/test_campfire_example_smoke.gd:57)
WARNING: [GdPAI] ObjectRef(124621163998): object was freed before callback; returning Nil.
   at: gdplanningai_rust::logger::process_logs (src\logger.rs:66)
   GDScript backtrace (most recent call first):
       [0] _start_plan_and_wait (res://test/integration/test_campfire_example_smoke.gd:57)
[GdPAI | debug] ApplyEffect [Before] ID=InstanceId(-9223368162139929397): agent props = {"entity": null, "held_item": "", "hunger": 70.0627442063492}
[GdPAI | debug] ApplyEffect [After] ID=InstanceId(-9223368162139929397): agent props = {"entity": null, "held_item": "", "hunger": 70.0627442063492}
[GdPAI | debug]   Snapshotting prop: entity = Nil (Variant type: NIL)
[GdPAI | debug]   Snapshotting prop: held_item = Str("") (Variant type: STRING)
[GdPAI | debug]   Snapshotting prop: hunger = Float(70.0627442063492) (Variant type: FLOAT)
WARNING: [GdPAI] ObjectRef(1382643928884): object was freed before callback; returning Nil.
   at: gdplanningai_rust::logger::process_logs (src\logger.rs:66)
   GDScript backtrace (most recent call first):
       [0] _start_plan_and_wait (res://test/integration/test_campfire_example_smoke.gd:57)
WARNING: [GdPAI] ObjectRef(1382643928884): object was freed before callback; returning Nil.
   at: gdplanningai_rust::logger::process_logs (src\logger.rs:66)
   GDScript backtrace (most recent call first):
       [0] _start_plan_and_wait (res://test/integration/test_campfire_example_smoke.gd:57)
[GdPAI | debug] GetCost: callable returned non-numeric value: null; returning INFINITY
WARNING: [GdPAI] ObjectRef(124621163998): object was freed before callback; returning Nil.
   at: gdplanningai_rust::logger::process_logs (src\logger.rs:66)
   GDScript backtrace (most recent call first):
       [0] _process (res://addons/GdPlanningAI/gdpai_autoload.gd:21)
[GdPAI | debug] GetCost: callable returned non-numeric value: null; returning INFINITY
WARNING: [GdPAI] ObjectRef(1382643928884): object was freed before callback; returning Nil.
   at: gdplanningai_rust::logger::process_logs (src\logger.rs:66)
   GDScript backtrace (most recent call first):
       [0] _process (res://addons/GdPlanningAI/gdpai_autoload.gd:21)
WARNING: [GdPAI] ObjectRef(1382643928884): object was freed before callback; returning Nil.
   at: gdplanningai_rust::logger::process_logs (src\logger.rs:66)
   GDScript backtrace (most recent call first):
       [0] _process (res://addons/GdPlanningAI/gdpai_autoload.gd:21)
[GdPAI | debug] ApplyEffect [Before] ID=InstanceId(-9223368160210549613): agent props = {"entity": null, "held_item": "", "hunger": 95.0603725}
[GdPAI | debug] ApplyEffect [After] ID=InstanceId(-9223368160210549613): agent props = {"entity": null, "held_item": "", "hunger": 95.0603725}
[GdPAI | debug]   Snapshotting prop: entity = Nil (Variant type: NIL)
[GdPAI | debug]   Snapshotting prop: held_item = Str("") (Variant type: STRING)
[GdPAI | debug]   Snapshotting prop: hunger = Float(95.0603725) (Variant type: FLOAT)
WARNING: [GdPAI] ObjectRef(124621163998): object was freed before callback; returning Nil.
   at: gdplanningai_rust::logger::process_logs (src\logger.rs:66)
   GDScript backtrace (most recent call first):
       [0] _start_plan_and_wait (res://test/integration/test_campfire_example_smoke.gd:57)
[GdPAI | debug] ApplyEffect [Before] ID=InstanceId(-9223368159489129238): agent props = {"hunger": 70.0627442063492, "entity": null, "held_item": ""}
[GdPAI | debug] ApplyEffect [After] ID=InstanceId(-9223368159489129238): agent props = {"hunger": 70.0627442063492, "entity": null, "held_item": ""}
[GdPAI | debug]   Snapshotting prop: hunger = Float(70.0627442063492) (Variant type: FLOAT)
[GdPAI | debug]   Snapshotting prop: entity = Nil (Variant type: NIL)
[GdPAI | debug]   Snapshotting prop: held_item = Str("") (Variant type: STRING)
WARNING: [GdPAI] ObjectRef(1382643928884): object was freed before callback; returning Nil.
   at: gdplanningai_rust::logger::process_logs (src\logger.rs:66)
   GDScript backtrace (most recent call first):
       [0] _start_plan_and_wait (res://test/integration/test_campfire_example_smoke.gd:57)
[GdPAI | debug] GetCost: callable returned non-numeric value: null; returning INFINITY
WARNING: [GdPAI] ObjectRef(124621163998): object was freed before callback; returning Nil.
   at: gdplanningai_rust::logger::process_logs (src\logger.rs:66)
   GDScript backtrace (most recent call first):
       [0] _process (res://addons/GdPlanningAI/gdpai_autoload.gd:21)
[GdPAI | debug] GetCost: callable returned non-numeric value: null; returning INFINITY
WARNING: [GdPAI] ObjectRef(1382643928884): object was freed before callback; returning Nil.
   at: gdplanningai_rust::logger::process_logs (src\logger.rs:66)
   GDScript backtrace (most recent call first):
       [0] _process (res://addons/GdPlanningAI/gdpai_autoload.gd:21)
[GdPAI | debug] ApplyEffect [Before] ID=InstanceId(-9223368157660412733): agent props = {"held_item": "", "entity": null, "hunger": 95.0603725}
[GdPAI | debug] ApplyEffect [After] ID=InstanceId(-9223368157660412733): agent props = {"held_item": "", "entity": null, "hunger": 95.0603725}
[GdPAI | debug]   Snapshotting prop: held_item = Str("") (Variant type: STRING)
[GdPAI | debug]   Snapshotting prop: entity = Nil (Variant type: NIL)
[GdPAI | debug]   Snapshotting prop: hunger = Float(95.0603725) (Variant type: FLOAT)
WARNING: [GdPAI] ObjectRef(124621163998): object was freed before callback; returning Nil.
   at: gdplanningai_rust::logger::process_logs (src\logger.rs:66)
   GDScript backtrace (most recent call first):
       [0] _start_plan_and_wait (res://test/integration/test_campfire_example_smoke.gd:57)
[GdPAI | debug] ApplyEffect [Before] ID=InstanceId(-9223368156989324037): agent props = {"entity": null, "held_item": "", "hunger": 70.0627442063492}
[GdPAI | debug] ApplyEffect [After] ID=InstanceId(-9223368156989324037): agent props = {"entity": null, "held_item": "", "hunger": 70.0627442063492}
[GdPAI | debug]   Snapshotting prop: entity = Nil (Variant type: NIL)
[GdPAI | debug]   Snapshotting prop: held_item = Str("") (Variant type: STRING)
[GdPAI | debug]   Snapshotting prop: hunger = Float(70.0627442063492) (Variant type: FLOAT)
WARNING: [GdPAI] ObjectRef(1382643928884): object was freed before callback; returning Nil.
   at: gdplanningai_rust::logger::process_logs (src\logger.rs:66)
   GDScript backtrace (most recent call first):
       [0] _start_plan_and_wait (res://test/integration/test_campfire_example_smoke.gd:57)
WARNING: [GdPAI] ObjectRef(1382157389614): object was freed before callback; returning Nil.
   at: gdplanningai_rust::logger::process_logs (src\logger.rs:66)
   GDScript backtrace (most recent call first):
       [0] _start_plan_and_wait (res://test/integration/test_campfire_example_smoke.gd:57)
WARNING: [GdPAI] ObjectRef(1382157389614): object was freed before callback; returning Nil.
   at: gdplanningai_rust::logger::process_logs (src\logger.rs:66)
   GDScript backtrace (most recent call first):
       [0] _start_plan_and_wait (res://test/integration/test_campfire_example_smoke.gd:57)
[GdPAI | debug] GetCost: callable returned non-numeric value: null; returning INFINITY
WARNING: [GdPAI] ObjectRef(124621163998): object was freed before callback; returning Nil.
   at: gdplanningai_rust::logger::process_logs (src\logger.rs:66)
   GDScript backtrace (most recent call first):
       [0] _process (res://addons/GdPlanningAI/gdpai_autoload.gd:21)
[GdPAI | debug] GetCost: callable returned non-numeric value: null; returning INFINITY
WARNING: [GdPAI] ObjectRef(1382643928884): object was freed before callback; returning Nil.
   at: gdplanningai_rust::logger::process_logs (src\logger.rs:66)
   GDScript backtrace (most recent call first):
       [0] _process (res://addons/GdPlanningAI/gdpai_autoload.gd:21)
WARNING: [GdPAI] ObjectRef(1382157389614): object was freed before callback; returning Nil.
   at: gdplanningai_rust::logger::process_logs (src\logger.rs:66)
   GDScript backtrace (most recent call first):
       [0] _process (res://addons/GdPlanningAI/gdpai_autoload.gd:21)
WARNING: [GdPAI] ObjectRef(1382157389614): object was freed before callback; returning Nil.
   at: gdplanningai_rust::logger::process_logs (src\logger.rs:66)
   GDScript backtrace (most recent call first):
       [0] _process (res://addons/GdPlanningAI/gdpai_autoload.gd:21)
[GdPAI | debug] ApplyEffect [Before] ID=InstanceId(-9223368155059944252): agent props = {"hunger": 95.0603725, "held_item": "", "entity": null, "at_target": null}
[GdPAI | debug] ApplyEffect [After] ID=InstanceId(-9223368155059944252): agent props = {"hunger": 95.0603725, "held_item": "", "entity": null, "at_target": null}
[GdPAI | debug]   Snapshotting prop: hunger = Float(95.0603725) (Variant type: FLOAT)
[GdPAI | debug]   Snapshotting prop: held_item = Str("") (Variant type: STRING)
[GdPAI | debug]   Snapshotting prop: entity = Nil (Variant type: NIL)
[GdPAI | debug]   Snapshotting prop: at_target = Nil (Variant type: NIL)
WARNING: [GdPAI] ObjectRef(124621163998): object was freed before callback; returning Nil.
   at: gdplanningai_rust::logger::process_logs (src\logger.rs:66)
   GDScript backtrace (most recent call first):
       [0] _start_plan_and_wait (res://test/integration/test_campfire_example_smoke.gd:57)
[GdPAI | debug] ApplyEffect [Before] ID=InstanceId(-9223368154288192274): agent props = {"entity": null, "held_item": "", "hunger": 70.0627442063492}
[GdPAI | debug] ApplyEffect [After] ID=InstanceId(-9223368154288192274): agent props = {"entity": null, "held_item": "", "hunger": 70.0627442063492}
[GdPAI | debug]   Snapshotting prop: entity = Nil (Variant type: NIL)
[GdPAI | debug]   Snapshotting prop: held_item = Str("") (Variant type: STRING)
[GdPAI | debug]   Snapshotting prop: hunger = Float(70.0627442063492) (Variant type: FLOAT)
WARNING: [GdPAI] ObjectRef(1382643928884): object was freed before callback; returning Nil.
   at: gdplanningai_rust::logger::process_logs (src\logger.rs:66)
   GDScript backtrace (most recent call first):
       [0] _start_plan_and_wait (res://test/integration/test_campfire_example_smoke.gd:57)
WARNING: [GdPAI] ObjectRef(1382157389614): object was freed before callback; returning Nil.
   at: gdplanningai_rust::logger::process_logs (src\logger.rs:66)
   GDScript backtrace (most recent call first):
       [0] _start_plan_and_wait (res://test/integration/test_campfire_example_smoke.gd:57)
WARNING: [GdPAI] ObjectRef(1382157389614): object was freed before callback; returning Nil.
   at: gdplanningai_rust::logger::process_logs (src\logger.rs:66)
   GDScript backtrace (most recent call first):
       [0] _start_plan_and_wait (res://test/integration/test_campfire_example_smoke.gd:57)
[GdPAI | debug] GetCost: callable returned non-numeric value: null; returning INFINITY
WARNING: [GdPAI] ObjectRef(124621163998): object was freed before callback; returning Nil.
   at: gdplanningai_rust::logger::process_logs (src\logger.rs:66)
   GDScript backtrace (most recent call first):
       [0] _process (res://addons/GdPlanningAI/gdpai_autoload.gd:21)
[GdPAI | debug] GetCost: callable returned non-numeric value: null; returning INFINITY
WARNING: [GdPAI] ObjectRef(1382643928884): object was freed before callback; returning Nil.
   at: gdplanningai_rust::logger::process_logs (src\logger.rs:66)
   GDScript backtrace (most recent call first):
       [0] _process (res://addons/GdPlanningAI/gdpai_autoload.gd:21)
WARNING: [GdPAI] ObjectRef(1382157389614): object was freed before callback; returning Nil.
   at: gdplanningai_rust::logger::process_logs (src\logger.rs:66)
   GDScript backtrace (most recent call first):
       [0] _process (res://addons/GdPlanningAI/gdpai_autoload.gd:21)
WARNING: [GdPAI] ObjectRef(1382157389614): object was freed before callback; returning Nil.
   at: gdplanningai_rust::logger::process_logs (src\logger.rs:66)
   GDScript backtrace (most recent call first):
       [0] _process (res://addons/GdPlanningAI/gdpai_autoload.gd:21)
[GdPAI | debug] ApplyEffect [Before] ID=InstanceId(-9223368152358812423): agent props = {"held_item": "", "entity": null, "hunger": 95.0603725, "at_target": null}
[GdPAI | debug] ApplyEffect [After] ID=InstanceId(-9223368152358812423): agent props = {"held_item": "", "entity": null, "hunger": 95.0603725, "at_target": null}
[GdPAI | debug]   Snapshotting prop: held_item = Str("") (Variant type: STRING)
[GdPAI | debug]   Snapshotting prop: entity = Nil (Variant type: NIL)
[GdPAI | debug]   Snapshotting prop: hunger = Float(95.0603725) (Variant type: FLOAT)
[GdPAI | debug]   Snapshotting prop: at_target = Nil (Variant type: NIL)
WARNING: [GdPAI] ObjectRef(124621163998): object was freed before callback; returning Nil.
   at: gdplanningai_rust::logger::process_logs (src\logger.rs:66)
   GDScript backtrace (most recent call first):
       [0] _start_plan_and_wait (res://test/integration/test_campfire_example_smoke.gd:57)
[GdPAI | debug] ApplyEffect [Before] ID=InstanceId(-9223368151587060483): agent props = {"hunger": 70.0627442063492, "entity": null, "held_item": ""}
[GdPAI | debug] ApplyEffect [After] ID=InstanceId(-9223368151587060483): agent props = {"hunger": 70.0627442063492, "entity": null, "held_item": ""}
[GdPAI | debug]   Snapshotting prop: hunger = Float(70.0627442063492) (Variant type: FLOAT)
[GdPAI | debug]   Snapshotting prop: entity = Nil (Variant type: NIL)
[GdPAI | debug]   Snapshotting prop: held_item = Str("") (Variant type: STRING)
WARNING: [GdPAI] ObjectRef(1382643928884): object was freed before callback; returning Nil.
   at: gdplanningai_rust::logger::process_logs (src\logger.rs:66)
   GDScript backtrace (most recent call first):
       [0] _start_plan_and_wait (res://test/integration/test_campfire_example_smoke.gd:57)
[GdPAI | debug] GetCost: callable returned non-numeric value: null; returning INFINITY
WARNING: [GdPAI] ObjectRef(124621163998): object was freed before callback; returning Nil.
   at: gdplanningai_rust::logger::process_logs (src\logger.rs:66)
   GDScript backtrace (most recent call first):
       [0] _process (res://addons/GdPlanningAI/gdpai_autoload.gd:21)
[GdPAI | debug] GetCost: callable returned non-numeric value: null; returning INFINITY
WARNING: [GdPAI] ObjectRef(1382643928884): object was freed before callback; returning Nil.
   at: gdplanningai_rust::logger::process_logs (src\logger.rs:66)
   GDScript backtrace (most recent call first):
       [0] _process (res://addons/GdPlanningAI/gdpai_autoload.gd:21)
[GdPAI | debug] ApplyEffect [Before] ID=InstanceId(-9223368149758343920): agent props = {"hunger": 95.0603725, "held_item": "wood", "at_target": null, "entity": null}
[GdPAI | debug] ApplyEffect [After] ID=InstanceId(-9223368149758343920): agent props = {"hunger": 95.0603725, "held_item": "wood", "at_target": null, "entity": null}
[GdPAI | debug]   Snapshotting prop: hunger = Float(95.0603725) (Variant type: FLOAT)
[GdPAI | debug]   Snapshotting prop: held_item = Str("wood") (Variant type: STRING)
[GdPAI | debug]   Snapshotting prop: at_target = Nil (Variant type: NIL)
[GdPAI | debug]   Snapshotting prop: entity = Nil (Variant type: NIL)
WARNING: [GdPAI] ObjectRef(124621163998): object was freed before callback; returning Nil.
   at: gdplanningai_rust::logger::process_logs (src\logger.rs:66)
   GDScript backtrace (most recent call first):
       [0] _start_plan_and_wait (res://test/integration/test_campfire_example_smoke.gd:57)
[GdPAI | debug] ApplyEffect [Before] ID=InstanceId(-9223368149087255249): agent props = {"held_item": "wood", "entity": null, "hunger": 70.0627442063492}
[GdPAI | debug] ApplyEffect [After] ID=InstanceId(-9223368149087255249): agent props = {"held_item": "wood", "entity": null, "hunger": 70.0627442063492}
[GdPAI | debug]   Snapshotting prop: held_item = Str("wood") (Variant type: STRING)
[GdPAI | debug]   Snapshotting prop: entity = Nil (Variant type: NIL)
[GdPAI | debug]   Snapshotting prop: hunger = Float(70.0627442063492) (Variant type: FLOAT)
WARNING: [GdPAI] ObjectRef(1382643928884): object was freed before callback; returning Nil.
   at: gdplanningai_rust::logger::process_logs (src\logger.rs:66)
   GDScript backtrace (most recent call first):
       [0] _start_plan_and_wait (res://test/integration/test_campfire_example_smoke.gd:57)
WARNING: [GdPAI] ObjectRef(1382643928884): object was freed before callback; returning Nil.
   at: gdplanningai_rust::logger::process_logs (src\logger.rs:66)
   GDScript backtrace (most recent call first):
       [0] _start_plan_and_wait (res://test/integration/test_campfire_example_smoke.gd:57)
[GdPAI | debug] GetCost: callable returned non-numeric value: null; returning INFINITY
WARNING: [GdPAI] ObjectRef(124621163998): object was freed before callback; returning Nil.
   at: gdplanningai_rust::logger::process_logs (src\logger.rs:66)
   GDScript backtrace (most recent call first):
       [0] _process (res://addons/GdPlanningAI/gdpai_autoload.gd:21)
WARNING: [GdPAI] ObjectRef(124621163998): object was freed before callback; returning Nil.
   at: gdplanningai_rust::logger::process_logs (src\logger.rs:66)
   GDScript backtrace (most recent call first):
       [0] _process (res://addons/GdPlanningAI/gdpai_autoload.gd:21)
[GdPAI | debug] GetCost: callable returned non-numeric value: null; returning INFINITY
WARNING: [GdPAI] ObjectRef(1382643928884): object was freed before callback; returning Nil.
   at: gdplanningai_rust::logger::process_logs (src\logger.rs:66)
   GDScript backtrace (most recent call first):
       [0] _process (res://addons/GdPlanningAI/gdpai_autoload.gd:21)
WARNING: [GdPAI] ObjectRef(1382643928884): object was freed before callback; returning Nil.
   at: gdplanningai_rust::logger::process_logs (src\logger.rs:66)
   GDScript backtrace (most recent call first):
       [0] _process (res://addons/GdPlanningAI/gdpai_autoload.gd:21)
[GdPAI | debug] ApplyEffect [Before] ID=InstanceId(-9223368147208207075): agent props = {"entity": null, "hunger": 95.0603725, "held_item": ""}
[GdPAI | debug] ApplyEffect [After] ID=InstanceId(-9223368147208207075): agent props = {"entity": null, "hunger": 95.0603725, "held_item": ""}
[GdPAI | debug]   Snapshotting prop: entity = Nil (Variant type: NIL)
[GdPAI | debug]   Snapshotting prop: hunger = Float(95.0603725) (Variant type: FLOAT)
[GdPAI | debug]   Snapshotting prop: held_item = Str("") (Variant type: STRING)
WARNING: [GdPAI] ObjectRef(124621163998): object was freed before callback; returning Nil.
   at: gdplanningai_rust::logger::process_logs (src\logger.rs:66)
   GDScript backtrace (most recent call first):
       [0] _start_plan_and_wait (res://test/integration/test_campfire_example_smoke.gd:57)
WARNING: [GdPAI] ObjectRef(124621163998): object was freed before callback; returning Nil.
   at: gdplanningai_rust::logger::process_logs (src\logger.rs:66)
   GDScript backtrace (most recent call first):
       [0] _start_plan_and_wait (res://test/integration/test_campfire_example_smoke.gd:57)
[GdPAI | debug] ApplyEffect [Before] ID=InstanceId(-9223368146436455112): agent props = {"hunger": 70.0627442063492, "held_item": "", "entity": null}
[GdPAI | debug] ApplyEffect [After] ID=InstanceId(-9223368146436455112): agent props = {"hunger": 70.0627442063492, "held_item": "", "entity": null}
[GdPAI | debug]   Snapshotting prop: hunger = Float(70.0627442063492) (Variant type: FLOAT)
[GdPAI | debug]   Snapshotting prop: held_item = Str("") (Variant type: STRING)
[GdPAI | debug]   Snapshotting prop: entity = Nil (Variant type: NIL)
WARNING: [GdPAI] ObjectRef(1382643928884): object was freed before callback; returning Nil.
   at: gdplanningai_rust::logger::process_logs (src\logger.rs:66)
   GDScript backtrace (most recent call first):
       [0] _start_plan_and_wait (res://test/integration/test_campfire_example_smoke.gd:57)
[GdPAI | debug] GetCost: callable returned non-numeric value: null; returning INFINITY
WARNING: [GdPAI] ObjectRef(124621163998): object was freed before callback; returning Nil.
   at: gdplanningai_rust::logger::process_logs (src\logger.rs:66)
   GDScript backtrace (most recent call first):
       [0] _process (res://addons/GdPlanningAI/gdpai_autoload.gd:21)
[GdPAI | debug] GetCost: callable returned non-numeric value: null; returning INFINITY
WARNING: [GdPAI] ObjectRef(1382643928884): object was freed before callback; returning Nil.
   at: gdplanningai_rust::logger::process_logs (src\logger.rs:66)
   GDScript backtrace (most recent call first):
       [0] _process (res://addons/GdPlanningAI/gdpai_autoload.gd:21)
[GdPAI | debug] ApplyEffect [Before] ID=InstanceId(-9223368144557406922): agent props = {"hunger": 95.0603725, "entity": null, "held_item": ""}
[GdPAI | debug] ApplyEffect [After] ID=InstanceId(-9223368144557406922): agent props = {"hunger": 95.0603725, "entity": null, "held_item": ""}
[GdPAI | debug]   Snapshotting prop: hunger = Float(95.0603725) (Variant type: FLOAT)
[GdPAI | debug]   Snapshotting prop: entity = Nil (Variant type: NIL)
[GdPAI | debug]   Snapshotting prop: held_item = Str("") (Variant type: STRING)
WARNING: [GdPAI] ObjectRef(124621163998): object was freed before callback; returning Nil.
   at: gdplanningai_rust::logger::process_logs (src\logger.rs:66)
   GDScript backtrace (most recent call first):
       [0] _start_plan_and_wait (res://test/integration/test_campfire_example_smoke.gd:57)
[GdPAI | debug] ApplyEffect [Before] ID=InstanceId(-9223368143886318271): agent props = {"held_item": "", "entity": null, "hunger": 70.0627442063492}
[GdPAI | debug] ApplyEffect [After] ID=InstanceId(-9223368143886318271): agent props = {"held_item": "", "entity": null, "hunger": 70.0627442063492}
[GdPAI | debug]   Snapshotting prop: held_item = Str("") (Variant type: STRING)
[GdPAI | debug]   Snapshotting prop: entity = Nil (Variant type: NIL)
[GdPAI | debug]   Snapshotting prop: hunger = Float(70.0627442063492) (Variant type: FLOAT)
WARNING: [GdPAI] ObjectRef(1382643928884): object was freed before callback; returning Nil.
   at: gdplanningai_rust::logger::process_logs (src\logger.rs:66)
   GDScript backtrace (most recent call first):
       [0] _start_plan_and_wait (res://test/integration/test_campfire_example_smoke.gd:57)
WARNING: [GdPAI] ObjectRef(1382157389614): object was freed before callback; returning Nil.
   at: gdplanningai_rust::logger::process_logs (src\logger.rs:66)
   GDScript backtrace (most recent call first):
       [0] _start_plan_and_wait (res://test/integration/test_campfire_example_smoke.gd:57)
WARNING: [GdPAI] ObjectRef(1382157389614): object was freed before callback; returning Nil.
   at: gdplanningai_rust::logger::process_logs (src\logger.rs:66)
   GDScript backtrace (most recent call first):
       [0] _start_plan_and_wait (res://test/integration/test_campfire_example_smoke.gd:57)
[GdPAI | debug] GetCost: callable returned non-numeric value: null; returning INFINITY
WARNING: [GdPAI] ObjectRef(124621163998): object was freed before callback; returning Nil.
   at: gdplanningai_rust::logger::process_logs (src\logger.rs:66)
   GDScript backtrace (most recent call first):
       [0] _process (res://addons/GdPlanningAI/gdpai_autoload.gd:21)
[GdPAI | debug] GetCost: callable returned non-numeric value: null; returning INFINITY
WARNING: [GdPAI] ObjectRef(1382643928884): object was freed before callback; returning Nil.
   at: gdplanningai_rust::logger::process_logs (src\logger.rs:66)
   GDScript backtrace (most recent call first):
       [0] _process (res://addons/GdPlanningAI/gdpai_autoload.gd:21)
WARNING: [GdPAI] ObjectRef(1382157389614): object was freed before callback; returning Nil.
   at: gdplanningai_rust::logger::process_logs (src\logger.rs:66)
   GDScript backtrace (most recent call first):
       [0] _process (res://addons/GdPlanningAI/gdpai_autoload.gd:21)
WARNING: [GdPAI] ObjectRef(1382157389614): object was freed before callback; returning Nil.
   at: gdplanningai_rust::logger::process_logs (src\logger.rs:66)
   GDScript backtrace (most recent call first):
       [0] _process (res://addons/GdPlanningAI/gdpai_autoload.gd:21)
[GdPAI | debug] ApplyEffect [Before] ID=InstanceId(-9223368141956938435): agent props = {"held_item": "", "at_target": null, "hunger": 95.0603725, "entity": null}
[GdPAI | debug] ApplyEffect [After] ID=InstanceId(-9223368141956938435): agent props = {"held_item": "", "at_target": null, "hunger": 95.0603725, "entity": null}
[GdPAI | debug]   Snapshotting prop: held_item = Str("") (Variant type: STRING)
[GdPAI | debug]   Snapshotting prop: at_target = Nil (Variant type: NIL)
[GdPAI | debug]   Snapshotting prop: hunger = Float(95.0603725) (Variant type: FLOAT)
[GdPAI | debug]   Snapshotting prop: entity = Nil (Variant type: NIL)
WARNING: [GdPAI] ObjectRef(124621163998): object was freed before callback; returning Nil.
   at: gdplanningai_rust::logger::process_logs (src\logger.rs:66)
   GDScript backtrace (most recent call first):
       [0] _start_plan_and_wait (res://test/integration/test_campfire_example_smoke.gd:57)
[GdPAI | debug] ApplyEffect [Before] ID=InstanceId(-9223368141185186497): agent props = {"held_item": "", "entity": null, "hunger": 70.0627442063492}
[GdPAI | debug] ApplyEffect [After] ID=InstanceId(-9223368141185186497): agent props = {"held_item": "", "entity": null, "hunger": 70.0627442063492}
[GdPAI | debug]   Snapshotting prop: held_item = Str("") (Variant type: STRING)
[GdPAI | debug]   Snapshotting prop: entity = Nil (Variant type: NIL)
[GdPAI | debug]   Snapshotting prop: hunger = Float(70.0627442063492) (Variant type: FLOAT)
WARNING: [GdPAI] ObjectRef(1382643928884): object was freed before callback; returning Nil.
   at: gdplanningai_rust::logger::process_logs (src\logger.rs:66)
   GDScript backtrace (most recent call first):
       [0] _start_plan_and_wait (res://test/integration/test_campfire_example_smoke.gd:57)
WARNING: [GdPAI] ObjectRef(1382157389614): object was freed before callback; returning Nil.
   at: gdplanningai_rust::logger::process_logs (src\logger.rs:66)
   GDScript backtrace (most recent call first):
       [0] _start_plan_and_wait (res://test/integration/test_campfire_example_smoke.gd:57)
WARNING: [GdPAI] ObjectRef(1382157389614): object was freed before callback; returning Nil.
   at: gdplanningai_rust::logger::process_logs (src\logger.rs:66)
   GDScript backtrace (most recent call first):
       [0] _start_plan_and_wait (res://test/integration/test_campfire_example_smoke.gd:57)
[GdPAI | debug] GetCost: callable returned non-numeric value: null; returning INFINITY
WARNING: [GdPAI] ObjectRef(124621163998): object was freed before callback; returning Nil.
   at: gdplanningai_rust::logger::process_logs (src\logger.rs:66)
   GDScript backtrace (most recent call first):
       [0] _process (res://addons/GdPlanningAI/gdpai_autoload.gd:21)
[GdPAI | debug] GetCost: callable returned non-numeric value: null; returning INFINITY
WARNING: [GdPAI] ObjectRef(1382643928884): object was freed before callback; returning Nil.
   at: gdplanningai_rust::logger::process_logs (src\logger.rs:66)
   GDScript backtrace (most recent call first):
       [0] _process (res://addons/GdPlanningAI/gdpai_autoload.gd:21)
WARNING: [GdPAI] ObjectRef(1382157389614): object was freed before callback; returning Nil.
   at: gdplanningai_rust::logger::process_logs (src\logger.rs:66)
   GDScript backtrace (most recent call first):
       [0] _process (res://addons/GdPlanningAI/gdpai_autoload.gd:21)
WARNING: [GdPAI] ObjectRef(1382157389614): object was freed before callback; returning Nil.
   at: gdplanningai_rust::logger::process_logs (src\logger.rs:66)
   GDScript backtrace (most recent call first):
       [0] _process (res://addons/GdPlanningAI/gdpai_autoload.gd:21)
[GdPAI | debug] ApplyEffect [Before] ID=InstanceId(-9223368139255806645): agent props = {"hunger": 95.0603725, "at_target": null, "held_item": "", "entity": null}
[GdPAI | debug] ApplyEffect [After] ID=InstanceId(-9223368139255806645): agent props = {"hunger": 95.0603725, "at_target": null, "held_item": "", "entity": null}
[GdPAI | debug]   Snapshotting prop: hunger = Float(95.0603725) (Variant type: FLOAT)
[GdPAI | debug]   Snapshotting prop: at_target = Nil (Variant type: NIL)
[GdPAI | debug]   Snapshotting prop: held_item = Str("") (Variant type: STRING)
[GdPAI | debug]   Snapshotting prop: entity = Nil (Variant type: NIL)
WARNING: [GdPAI] ObjectRef(124621163998): object was freed before callback; returning Nil.
   at: gdplanningai_rust::logger::process_logs (src\logger.rs:66)
   GDScript backtrace (most recent call first):
       [0] _start_plan_and_wait (res://test/integration/test_campfire_example_smoke.gd:57)
[GdPAI | debug] ApplyEffect [Before] ID=InstanceId(-9223368138484054692): agent props = {"held_item": "", "entity": null, "hunger": 70.0627442063492}
[GdPAI | debug] ApplyEffect [After] ID=InstanceId(-9223368138484054692): agent props = {"held_item": "", "entity": null, "hunger": 70.0627442063492}
[GdPAI | debug]   Snapshotting prop: held_item = Str("") (Variant type: STRING)
[GdPAI | debug]   Snapshotting prop: entity = Nil (Variant type: NIL)
[GdPAI | debug]   Snapshotting prop: hunger = Float(70.0627442063492) (Variant type: FLOAT)
WARNING: [GdPAI] ObjectRef(1382643928884): object was freed before callback; returning Nil.
   at: gdplanningai_rust::logger::process_logs (src\logger.rs:66)
   GDScript backtrace (most recent call first):
       [0] _start_plan_and_wait (res://test/integration/test_campfire_example_smoke.gd:57)
[GdPAI | debug] GetCost: callable returned non-numeric value: null; returning INFINITY
WARNING: [GdPAI] ObjectRef(124621163998): object was freed before callback; returning Nil.
   at: gdplanningai_rust::logger::process_logs (src\logger.rs:66)
   GDScript backtrace (most recent call first):
       [0] _process (res://addons/GdPlanningAI/gdpai_autoload.gd:21)
[GdPAI | debug] GetCost: callable returned non-numeric value: null; returning INFINITY
WARNING: [GdPAI] ObjectRef(1382643928884): object was freed before callback; returning Nil.
   at: gdplanningai_rust::logger::process_logs (src\logger.rs:66)
   GDScript backtrace (most recent call first):
       [0] _process (res://addons/GdPlanningAI/gdpai_autoload.gd:21)
[GdPAI | debug] ApplyEffect [Before] ID=InstanceId(-9223368136655338151): agent props = {"entity": null, "at_target": null, "held_item": "wood", "hunger": 95.0603725}
[GdPAI | debug] ApplyEffect [After] ID=InstanceId(-9223368136655338151): agent props = {"entity": null, "at_target": null, "held_item": "wood", "hunger": 95.0603725}
[GdPAI | debug]   Snapshotting prop: entity = Nil (Variant type: NIL)
[GdPAI | debug]   Snapshotting prop: at_target = Nil (Variant type: NIL)
[GdPAI | debug]   Snapshotting prop: held_item = Str("wood") (Variant type: STRING)
[GdPAI | debug]   Snapshotting prop: hunger = Float(95.0603725) (Variant type: FLOAT)
WARNING: [GdPAI] ObjectRef(124621163998): object was freed before callback; returning Nil.
   at: gdplanningai_rust::logger::process_logs (src\logger.rs:66)
   GDScript backtrace (most recent call first):
       [0] _start_plan_and_wait (res://test/integration/test_campfire_example_smoke.gd:57)
[GdPAI | debug] ApplyEffect [Before] ID=InstanceId(-9223368135984249466): agent props = {"held_item": "", "entity": null, "hunger": 70.0627442063492}
[GdPAI | debug] ApplyEffect [After] ID=InstanceId(-9223368135984249466): agent props = {"held_item": "", "entity": null, "hunger": 70.0627442063492}
[GdPAI | debug]   Snapshotting prop: held_item = Str("") (Variant type: STRING)
[GdPAI | debug]   Snapshotting prop: entity = Nil (Variant type: NIL)
[GdPAI | debug]   Snapshotting prop: hunger = Float(70.0627442063492) (Variant type: FLOAT)
WARNING: [GdPAI] ObjectRef(1382643928884): object was freed before callback; returning Nil.
   at: gdplanningai_rust::logger::process_logs (src\logger.rs:66)
   GDScript backtrace (most recent call first):
       [0] _start_plan_and_wait (res://test/integration/test_campfire_example_smoke.gd:57)
WARNING: [GdPAI] ObjectRef(1382643928884): object was freed before callback; returning Nil.
   at: gdplanningai_rust::logger::process_logs (src\logger.rs:66)
   GDScript backtrace (most recent call first):
       [0] _start_plan_and_wait (res://test/integration/test_campfire_example_smoke.gd:57)
[GdPAI | debug] GetCost: callable returned non-numeric value: null; returning INFINITY
WARNING: [GdPAI] ObjectRef(124621163998): object was freed before callback; returning Nil.
   at: gdplanningai_rust::logger::process_logs (src\logger.rs:66)
   GDScript backtrace (most recent call first):
       [0] _process (res://addons/GdPlanningAI/gdpai_autoload.gd:21)
[GdPAI | debug] GetCost: callable returned non-numeric value: null; returning INFINITY
WARNING: [GdPAI] ObjectRef(1382643928884): object was freed before callback; returning Nil.
   at: gdplanningai_rust::logger::process_logs (src\logger.rs:66)
   GDScript backtrace (most recent call first):
       [0] _process (res://addons/GdPlanningAI/gdpai_autoload.gd:21)
WARNING: [GdPAI] ObjectRef(1382643928884): object was freed before callback; returning Nil.
   at: gdplanningai_rust::logger::process_logs (src\logger.rs:66)
   GDScript backtrace (most recent call first):
       [0] _process (res://addons/GdPlanningAI/gdpai_autoload.gd:21)
[GdPAI | debug] ApplyEffect [Before] ID=InstanceId(-9223368134105201268): agent props = {"hunger": 95.0603725, "held_item": "", "entity": null}
[GdPAI | debug] ApplyEffect [After] ID=InstanceId(-9223368134105201268): agent props = {"hunger": 95.0603725, "held_item": "", "entity": null}
[GdPAI | debug]   Snapshotting prop: hunger = Float(95.0603725) (Variant type: FLOAT)
[GdPAI | debug]   Snapshotting prop: held_item = Str("") (Variant type: STRING)
[GdPAI | debug]   Snapshotting prop: entity = Nil (Variant type: NIL)
WARNING: [GdPAI] ObjectRef(124621163998): object was freed before callback; returning Nil.
   at: gdplanningai_rust::logger::process_logs (src\logger.rs:66)
   GDScript backtrace (most recent call first):
       [0] _start_plan_and_wait (res://test/integration/test_campfire_example_smoke.gd:57)
[GdPAI | debug] ApplyEffect [Before] ID=InstanceId(-9223368133383780961): agent props = {"held_item": "wood", "hunger": 70.0627442063492, "entity": null}
[GdPAI | debug] ApplyEffect [After] ID=InstanceId(-9223368133383780961): agent props = {"held_item": "wood", "hunger": 70.0627442063492, "entity": null}
[GdPAI | debug]   Snapshotting prop: held_item = Str("wood") (Variant type: STRING)
[GdPAI | debug]   Snapshotting prop: hunger = Float(70.0627442063492) (Variant type: FLOAT)
[GdPAI | debug]   Snapshotting prop: entity = Nil (Variant type: NIL)
WARNING: [GdPAI] ObjectRef(1382643928884): object was freed before callback; returning Nil.
   at: gdplanningai_rust::logger::process_logs (src\logger.rs:66)
   GDScript backtrace (most recent call first):
       [0] _start_plan_and_wait (res://test/integration/test_campfire_example_smoke.gd:57)
[GdPAI | debug] GetCost: callable returned non-numeric value: null; returning INFINITY
WARNING: [GdPAI] ObjectRef(124621163998): object was freed before callback; returning Nil.
   at: gdplanningai_rust::logger::process_logs (src\logger.rs:66)
   GDScript backtrace (most recent call first):
       [0] _process (res://addons/GdPlanningAI/gdpai_autoload.gd:21)
WARNING: [GdPAI] ObjectRef(124621163998): object was freed before callback; returning Nil.
   at: gdplanningai_rust::logger::process_logs (src\logger.rs:66)
   GDScript backtrace (most recent call first):
       [0] _process (res://addons/GdPlanningAI/gdpai_autoload.gd:21)
[GdPAI | debug] GetCost: callable returned non-numeric value: null; returning INFINITY
WARNING: [GdPAI] ObjectRef(1382643928884): object was freed before callback; returning Nil.
   at: gdplanningai_rust::logger::process_logs (src\logger.rs:66)
   GDScript backtrace (most recent call first):
       [0] _process (res://addons/GdPlanningAI/gdpai_autoload.gd:21)
[GdPAI | debug] ApplyEffect [Before] ID=InstanceId(-9223368131555064418): agent props = {"hunger": 95.0603725, "held_item": "", "entity": null}
[GdPAI | debug] ApplyEffect [After] ID=InstanceId(-9223368131555064418): agent props = {"hunger": 95.0603725, "held_item": "", "entity": null}
[GdPAI | debug]   Snapshotting prop: hunger = Float(95.0603725) (Variant type: FLOAT)
[GdPAI | debug]   Snapshotting prop: held_item = Str("") (Variant type: STRING)
[GdPAI | debug]   Snapshotting prop: entity = Nil (Variant type: NIL)
WARNING: [GdPAI] ObjectRef(124621163998): object was freed before callback; returning Nil.
   at: gdplanningai_rust::logger::process_logs (src\logger.rs:66)
   GDScript backtrace (most recent call first):
       [0] _start_plan_and_wait (res://test/integration/test_campfire_example_smoke.gd:57)
WARNING: [GdPAI] ObjectRef(124621163998): object was freed before callback; returning Nil.
   at: gdplanningai_rust::logger::process_logs (src\logger.rs:66)
   GDScript backtrace (most recent call first):
       [0] _start_plan_and_wait (res://test/integration/test_campfire_example_smoke.gd:57)
[GdPAI | debug] ApplyEffect [Before] ID=InstanceId(-9223368130833644115): agent props = {"hunger": 70.0627442063492, "entity": null, "held_item": ""}
[GdPAI | debug] ApplyEffect [After] ID=InstanceId(-9223368130833644115): agent props = {"hunger": 70.0627442063492, "entity": null, "held_item": ""}
[GdPAI | debug]   Snapshotting prop: hunger = Float(70.0627442063492) (Variant type: FLOAT)
[GdPAI | debug]   Snapshotting prop: entity = Nil (Variant type: NIL)
[GdPAI | debug]   Snapshotting prop: held_item = Str("") (Variant type: STRING)
WARNING: [GdPAI] ObjectRef(1382643928884): object was freed before callback; returning Nil.
   at: gdplanningai_rust::logger::process_logs (src\logger.rs:66)
   GDScript backtrace (most recent call first):
       [0] _start_plan_and_wait (res://test/integration/test_campfire_example_smoke.gd:57)
WARNING: [GdPAI] ObjectRef(1382157389614): object was freed before callback; returning Nil.
   at: gdplanningai_rust::logger::process_logs (src\logger.rs:66)
   GDScript backtrace (most recent call first):
       [0] _start_plan_and_wait (res://test/integration/test_campfire_example_smoke.gd:57)
WARNING: [GdPAI] ObjectRef(1382157389614): object was freed before callback; returning Nil.
   at: gdplanningai_rust::logger::process_logs (src\logger.rs:66)
   GDScript backtrace (most recent call first):
       [0] _start_plan_and_wait (res://test/integration/test_campfire_example_smoke.gd:57)
[GdPAI | debug] GetCost: callable returned non-numeric value: null; returning INFINITY
WARNING: [GdPAI] ObjectRef(124621163998): object was freed before callback; returning Nil.
   at: gdplanningai_rust::logger::process_logs (src\logger.rs:66)
   GDScript backtrace (most recent call first):
       [0] _process (res://addons/GdPlanningAI/gdpai_autoload.gd:21)
[GdPAI | debug] GetCost: callable returned non-numeric value: null; returning INFINITY
WARNING: [GdPAI] ObjectRef(1382643928884): object was freed before callback; returning Nil.
   at: gdplanningai_rust::logger::process_logs (src\logger.rs:66)
   GDScript backtrace (most recent call first):
       [0] _process (res://addons/GdPlanningAI/gdpai_autoload.gd:21)
WARNING: [GdPAI] ObjectRef(1382157389614): object was freed before callback; returning Nil.
   at: gdplanningai_rust::logger::process_logs (src\logger.rs:66)
   GDScript backtrace (most recent call first):
       [0] _process (res://addons/GdPlanningAI/gdpai_autoload.gd:21)
WARNING: [GdPAI] ObjectRef(1382157389614): object was freed before callback; returning Nil.
   at: gdplanningai_rust::logger::process_logs (src\logger.rs:66)
   GDScript backtrace (most recent call first):
       [0] _process (res://addons/GdPlanningAI/gdpai_autoload.gd:21)
[GdPAI | debug] ApplyEffect [Before] ID=InstanceId(-9223368128853932686): agent props = {"held_item": "", "at_target": null, "entity": null, "hunger": 95.0603725}
[GdPAI | debug] ApplyEffect [After] ID=InstanceId(-9223368128853932686): agent props = {"held_item": "", "at_target": null, "entity": null, "hunger": 95.0603725}
[GdPAI | debug]   Snapshotting prop: held_item = Str("") (Variant type: STRING)
[GdPAI | debug]   Snapshotting prop: at_target = Nil (Variant type: NIL)
[GdPAI | debug]   Snapshotting prop: entity = Nil (Variant type: NIL)
[GdPAI | debug]   Snapshotting prop: hunger = Float(95.0603725) (Variant type: FLOAT)
WARNING: [GdPAI] ObjectRef(124621163998): object was freed before callback; returning Nil.
   at: gdplanningai_rust::logger::process_logs (src\logger.rs:66)
   GDScript backtrace (most recent call first):
       [0] _start_plan_and_wait (res://test/integration/test_campfire_example_smoke.gd:57)
[GdPAI | debug] ApplyEffect [Before] ID=InstanceId(-9223368128082180677): agent props = {"entity": null, "held_item": "", "hunger": 70.0627442063492}
[GdPAI | debug] ApplyEffect [After] ID=InstanceId(-9223368128082180677): agent props = {"entity": null, "held_item": "", "hunger": 70.0627442063492}
[GdPAI | debug]   Snapshotting prop: entity = Nil (Variant type: NIL)
[GdPAI | debug]   Snapshotting prop: held_item = Str("") (Variant type: STRING)
[GdPAI | debug]   Snapshotting prop: hunger = Float(70.0627442063492) (Variant type: FLOAT)
WARNING: [GdPAI] ObjectRef(1382643928884): object was freed before callback; returning Nil.
   at: gdplanningai_rust::logger::process_logs (src\logger.rs:66)
   GDScript backtrace (most recent call first):
       [0] _start_plan_and_wait (res://test/integration/test_campfire_example_smoke.gd:57)
WARNING: [GdPAI] ObjectRef(1382157389614): object was freed before callback; returning Nil.
   at: gdplanningai_rust::logger::process_logs (src\logger.rs:66)
   GDScript backtrace (most recent call first):
       [0] _start_plan_and_wait (res://test/integration/test_campfire_example_smoke.gd:57)
WARNING: [GdPAI] ObjectRef(1382157389614): object was freed before callback; returning Nil.
   at: gdplanningai_rust::logger::process_logs (src\logger.rs:66)
   GDScript backtrace (most recent call first):
       [0] _start_plan_and_wait (res://test/integration/test_campfire_example_smoke.gd:57)
[GdPAI | debug] GetCost: callable returned non-numeric value: null; returning INFINITY
WARNING: [GdPAI] ObjectRef(124621163998): object was freed before callback; returning Nil.
   at: gdplanningai_rust::logger::process_logs (src\logger.rs:66)
   GDScript backtrace (most recent call first):
       [0] _process (res://addons/GdPlanningAI/gdpai_autoload.gd:21)
[GdPAI | debug] GetCost: callable returned non-numeric value: null; returning INFINITY
WARNING: [GdPAI] ObjectRef(1382643928884): object was freed before callback; returning Nil.
   at: gdplanningai_rust::logger::process_logs (src\logger.rs:66)
   GDScript backtrace (most recent call first):
       [0] _process (res://addons/GdPlanningAI/gdpai_autoload.gd:21)
WARNING: [GdPAI] ObjectRef(1382157389614): object was freed before callback; returning Nil.
   at: gdplanningai_rust::logger::process_logs (src\logger.rs:66)
   GDScript backtrace (most recent call first):
       [0] _process (res://addons/GdPlanningAI/gdpai_autoload.gd:21)
WARNING: [GdPAI] ObjectRef(1382157389614): object was freed before callback; returning Nil.
   at: gdplanningai_rust::logger::process_logs (src\logger.rs:66)
   GDScript backtrace (most recent call first):
       [0] _process (res://addons/GdPlanningAI/gdpai_autoload.gd:21)
[GdPAI | debug] ApplyEffect [Before] ID=InstanceId(-9223368126152800875): agent props = {"held_item": "", "at_target": null, "hunger": 95.0603725, "entity": null}
[GdPAI | debug] ApplyEffect [After] ID=InstanceId(-9223368126152800875): agent props = {"held_item": "", "at_target": null, "hunger": 95.0603725, "entity": null}
[GdPAI | debug]   Snapshotting prop: held_item = Str("") (Variant type: STRING)
[GdPAI | debug]   Snapshotting prop: at_target = Nil (Variant type: NIL)
[GdPAI | debug]   Snapshotting prop: hunger = Float(95.0603725) (Variant type: FLOAT)
[GdPAI | debug]   Snapshotting prop: entity = Nil (Variant type: NIL)
WARNING: [GdPAI] ObjectRef(124621163998): object was freed before callback; returning Nil.
   at: gdplanningai_rust::logger::process_logs (src\logger.rs:66)
   GDScript backtrace (most recent call first):
       [0] _start_plan_and_wait (res://test/integration/test_campfire_example_smoke.gd:57)
[GdPAI | debug] ApplyEffect [Before] ID=InstanceId(-9223368125381048864): agent props = {"entity": null, "hunger": 70.0627442063492, "held_item": ""}
[GdPAI | debug] ApplyEffect [After] ID=InstanceId(-9223368125381048864): agent props = {"entity": null, "hunger": 70.0627442063492, "held_item": ""}
[GdPAI | debug]   Snapshotting prop: entity = Nil (Variant type: NIL)
[GdPAI | debug]   Snapshotting prop: hunger = Float(70.0627442063492) (Variant type: FLOAT)
[GdPAI | debug]   Snapshotting prop: held_item = Str("") (Variant type: STRING)
WARNING: [GdPAI] ObjectRef(1382643928884): object was freed before callback; returning Nil.
   at: gdplanningai_rust::logger::process_logs (src\logger.rs:66)
   GDScript backtrace (most recent call first):
       [0] _start_plan_and_wait (res://test/integration/test_campfire_example_smoke.gd:57)
[GdPAI | debug] GetCost: callable returned non-numeric value: null; returning INFINITY
WARNING: [GdPAI] ObjectRef(124621163998): object was freed before callback; returning Nil.
   at: gdplanningai_rust::logger::process_logs (src\logger.rs:66)
   GDScript backtrace (most recent call first):
       [0] _process (res://addons/GdPlanningAI/gdpai_autoload.gd:21)
[GdPAI | debug] GetCost: callable returned non-numeric value: null; returning INFINITY
WARNING: [GdPAI] ObjectRef(1382643928884): object was freed before callback; returning Nil.
   at: gdplanningai_rust::logger::process_logs (src\logger.rs:66)
   GDScript backtrace (most recent call first):
       [0] _process (res://addons/GdPlanningAI/gdpai_autoload.gd:21)
[GdPAI | debug] ApplyEffect [Before] ID=InstanceId(-9223368123552332329): agent props = {"held_item": "wood", "entity": null, "at_target": null, "hunger": 95.0603725}
[GdPAI | debug] ApplyEffect [After] ID=InstanceId(-9223368123552332329): agent props = {"held_item": "wood", "entity": null, "at_target": null, "hunger": 95.0603725}
[GdPAI | debug]   Snapshotting prop: held_item = Str("wood") (Variant type: STRING)
[GdPAI | debug]   Snapshotting prop: entity = Nil (Variant type: NIL)
[GdPAI | debug]   Snapshotting prop: at_target = Nil (Variant type: NIL)
[GdPAI | debug]   Snapshotting prop: hunger = Float(95.0603725) (Variant type: FLOAT)
WARNING: [GdPAI] ObjectRef(124621163998): object was freed before callback; returning Nil.
   at: gdplanningai_rust::logger::process_logs (src\logger.rs:66)
   GDScript backtrace (most recent call first):
       [0] _start_plan_and_wait (res://test/integration/test_campfire_example_smoke.gd:57)
[GdPAI | debug] ApplyEffect [Before] ID=InstanceId(-9223368122881243711): agent props = {"held_item": "", "hunger": 70.0627442063492, "entity": null}
[GdPAI | debug] ApplyEffect [After] ID=InstanceId(-9223368122881243711): agent props = {"held_item": "", "hunger": 70.0627442063492, "entity": null}
[GdPAI | debug]   Snapshotting prop: held_item = Str("") (Variant type: STRING)
[GdPAI | debug]   Snapshotting prop: hunger = Float(70.0627442063492) (Variant type: FLOAT)
[GdPAI | debug]   Snapshotting prop: entity = Nil (Variant type: NIL)
WARNING: [GdPAI] ObjectRef(1382643928884): object was freed before callback; returning Nil.
   at: gdplanningai_rust::logger::process_logs (src\logger.rs:66)
   GDScript backtrace (most recent call first):
       [0] _start_plan_and_wait (res://test/integration/test_campfire_example_smoke.gd:57)
WARNING: [GdPAI] ObjectRef(1382643928884): object was freed before callback; returning Nil.
   at: gdplanningai_rust::logger::process_logs (src\logger.rs:66)
   GDScript backtrace (most recent call first):
       [0] _start_plan_and_wait (res://test/integration/test_campfire_example_smoke.gd:57)
[GdPAI | debug] GetCost: callable returned non-numeric value: null; returning INFINITY
WARNING: [GdPAI] ObjectRef(124621163998): object was freed before callback; returning Nil.
   at: gdplanningai_rust::logger::process_logs (src\logger.rs:66)
   GDScript backtrace (most recent call first):
       [0] _process (res://addons/GdPlanningAI/gdpai_autoload.gd:21)
[GdPAI | debug] GetCost: callable returned non-numeric value: null; returning INFINITY
WARNING: [GdPAI] ObjectRef(1382643928884): object was freed before callback; returning Nil.
   at: gdplanningai_rust::logger::process_logs (src\logger.rs:66)
   GDScript backtrace (most recent call first):
       [0] _process (res://addons/GdPlanningAI/gdpai_autoload.gd:21)
WARNING: [GdPAI] ObjectRef(1382643928884): object was freed before callback; returning Nil.
   at: gdplanningai_rust::logger::process_logs (src\logger.rs:66)
   GDScript backtrace (most recent call first):
       [0] _process (res://addons/GdPlanningAI/gdpai_autoload.gd:21)
[GdPAI | debug] ApplyEffect [Before] ID=InstanceId(-9223368121002195470): agent props = {"held_item": "", "entity": null, "hunger": 95.0603725}
[GdPAI | debug] ApplyEffect [After] ID=InstanceId(-9223368121002195470): agent props = {"held_item": "", "entity": null, "hunger": 95.0603725}
[GdPAI | debug]   Snapshotting prop: held_item = Str("") (Variant type: STRING)
[GdPAI | debug]   Snapshotting prop: entity = Nil (Variant type: NIL)
[GdPAI | debug]   Snapshotting prop: hunger = Float(95.0603725) (Variant type: FLOAT)
WARNING: [GdPAI] ObjectRef(124621163998): object was freed before callback; returning Nil.
   at: gdplanningai_rust::logger::process_logs (src\logger.rs:66)
   GDScript backtrace (most recent call first):
       [0] _start_plan_and_wait (res://test/integration/test_campfire_example_smoke.gd:57)
[GdPAI | debug] ApplyEffect [Before] ID=InstanceId(-9223368120280775164): agent props = {"held_item": "", "hunger": 70.0627442063492, "entity": null}
[GdPAI | debug] ApplyEffect [After] ID=InstanceId(-9223368120280775164): agent props = {"held_item": "", "hunger": 70.0627442063492, "entity": null}
[GdPAI | debug]   Snapshotting prop: held_item = Str("") (Variant type: STRING)
[GdPAI | debug]   Snapshotting prop: hunger = Float(70.0627442063492) (Variant type: FLOAT)
[GdPAI | debug]   Snapshotting prop: entity = Nil (Variant type: NIL)
WARNING: [GdPAI] ObjectRef(1382643928884): object was freed before callback; returning Nil.
   at: gdplanningai_rust::logger::process_logs (src\logger.rs:66)
   GDScript backtrace (most recent call first):
       [0] _start_plan_and_wait (res://test/integration/test_campfire_example_smoke.gd:57)
[GdPAI | debug] GetCost: callable returned non-numeric value: null; returning INFINITY
WARNING: [GdPAI] ObjectRef(124621163998): object was freed before callback; returning Nil.
   at: gdplanningai_rust::logger::process_logs (src\logger.rs:66)
   GDScript backtrace (most recent call first):
       [0] _process (res://addons/GdPlanningAI/gdpai_autoload.gd:21)
[GdPAI | debug] GetCost: callable returned non-numeric value: null; returning INFINITY
WARNING: [GdPAI] ObjectRef(1382643928884): object was freed before callback; returning Nil.
   at: gdplanningai_rust::logger::process_logs (src\logger.rs:66)
   GDScript backtrace (most recent call first):
       [0] _process (res://addons/GdPlanningAI/gdpai_autoload.gd:21)
[GdPAI | debug] ApplyEffect [Before] ID=InstanceId(-9223368118452058710): agent props = {"held_item": "", "hunger": 95.0603725, "entity": null}
[GdPAI | debug] ApplyEffect [After] ID=InstanceId(-9223368118452058710): agent props = {"held_item": "", "hunger": 95.0603725, "entity": null}
[GdPAI | debug]   Snapshotting prop: held_item = Str("") (Variant type: STRING)
[GdPAI | debug]   Snapshotting prop: hunger = Float(95.0603725) (Variant type: FLOAT)
[GdPAI | debug]   Snapshotting prop: entity = Nil (Variant type: NIL)
WARNING: [GdPAI] ObjectRef(124621163998): object was freed before callback; returning Nil.
   at: gdplanningai_rust::logger::process_logs (src\logger.rs:66)
   GDScript backtrace (most recent call first):
       [0] _start_plan_and_wait (res://test/integration/test_campfire_example_smoke.gd:57)
[GdPAI | debug] ApplyEffect [Before] ID=InstanceId(-9223368117780969963): agent props = {"hunger": 70.0627442063492, "held_item": "wood", "entity": null}
[GdPAI | debug] ApplyEffect [After] ID=InstanceId(-9223368117780969963): agent props = {"hunger": 70.0627442063492, "held_item": "wood", "entity": null}
[GdPAI | debug]   Snapshotting prop: hunger = Float(70.0627442063492) (Variant type: FLOAT)
[GdPAI | debug]   Snapshotting prop: held_item = Str("wood") (Variant type: STRING)
[GdPAI | debug]   Snapshotting prop: entity = Nil (Variant type: NIL)
WARNING: [GdPAI] ObjectRef(1382643928884): object was freed before callback; returning Nil.
   at: gdplanningai_rust::logger::process_logs (src\logger.rs:66)
   GDScript backtrace (most recent call first):
       [0] _start_plan_and_wait (res://test/integration/test_campfire_example_smoke.gd:57)
WARNING: [GdPAI] ObjectRef(1382157389614): object was freed before callback; returning Nil.
   at: gdplanningai_rust::logger::process_logs (src\logger.rs:66)
   GDScript backtrace (most recent call first):
       [0] _start_plan_and_wait (res://test/integration/test_campfire_example_smoke.gd:57)
WARNING: [GdPAI] ObjectRef(1382157389614): object was freed before callback; returning Nil.
   at: gdplanningai_rust::logger::process_logs (src\logger.rs:66)
   GDScript backtrace (most recent call first):
       [0] _start_plan_and_wait (res://test/integration/test_campfire_example_smoke.gd:57)
[GdPAI | debug] GetCost: callable returned non-numeric value: null; returning INFINITY
WARNING: [GdPAI] ObjectRef(124621163998): object was freed before callback; returning Nil.
   at: gdplanningai_rust::logger::process_logs (src\logger.rs:66)
   GDScript backtrace (most recent call first):
       [0] _process (res://addons/GdPlanningAI/gdpai_autoload.gd:21)
WARNING: [GdPAI] ObjectRef(124621163998): object was freed before callback; returning Nil.
   at: gdplanningai_rust::logger::process_logs (src\logger.rs:66)
   GDScript backtrace (most recent call first):
       [0] _process (res://addons/GdPlanningAI/gdpai_autoload.gd:21)
[GdPAI | debug] GetCost: callable returned non-numeric value: null; returning INFINITY
WARNING: [GdPAI] ObjectRef(1382643928884): object was freed before callback; returning Nil.
   at: gdplanningai_rust::logger::process_logs (src\logger.rs:66)
   GDScript backtrace (most recent call first):
       [0] _process (res://addons/GdPlanningAI/gdpai_autoload.gd:21)
WARNING: [GdPAI] ObjectRef(1382157389614): object was freed before callback; returning Nil.
   at: gdplanningai_rust::logger::process_logs (src\logger.rs:66)
   GDScript backtrace (most recent call first):
       [0] _process (res://addons/GdPlanningAI/gdpai_autoload.gd:21)
WARNING: [GdPAI] ObjectRef(1382157389614): object was freed before callback; returning Nil.
   at: gdplanningai_rust::logger::process_logs (src\logger.rs:66)
   GDScript backtrace (most recent call first):
       [0] _process (res://addons/GdPlanningAI/gdpai_autoload.gd:21)
[GdPAI | debug] ApplyEffect [Before] ID=InstanceId(-9223368115851590128): agent props = {"hunger": 95.0603725, "entity": null, "held_item": "", "at_target": null}
[GdPAI | debug] ApplyEffect [After] ID=InstanceId(-9223368115851590128): agent props = {"hunger": 95.0603725, "entity": null, "held_item": "", "at_target": null}
[GdPAI | debug]   Snapshotting prop: hunger = Float(95.0603725) (Variant type: FLOAT)
[GdPAI | debug]   Snapshotting prop: entity = Nil (Variant type: NIL)
[GdPAI | debug]   Snapshotting prop: held_item = Str("") (Variant type: STRING)
[GdPAI | debug]   Snapshotting prop: at_target = Nil (Variant type: NIL)
WARNING: [GdPAI] ObjectRef(124621163998): object was freed before callback; returning Nil.
   at: gdplanningai_rust::logger::process_logs (src\logger.rs:66)
   GDScript backtrace (most recent call first):
       [0] _start_plan_and_wait (res://test/integration/test_campfire_example_smoke.gd:57)
WARNING: [GdPAI] ObjectRef(124621163998): object was freed before callback; returning Nil.
   at: gdplanningai_rust::logger::process_logs (src\logger.rs:66)
   GDScript backtrace (most recent call first):
       [0] _start_plan_and_wait (res://test/integration/test_campfire_example_smoke.gd:57)
[GdPAI | debug] ApplyEffect [Before] ID=InstanceId(-9223368115029506596): agent props = {"hunger": 70.0627442063492, "entity": null, "held_item": ""}
[GdPAI | debug] ApplyEffect [After] ID=InstanceId(-9223368115029506596): agent props = {"hunger": 70.0627442063492, "entity": null, "held_item": ""}
[GdPAI | debug]   Snapshotting prop: hunger = Float(70.0627442063492) (Variant type: FLOAT)
[GdPAI | debug]   Snapshotting prop: entity = Nil (Variant type: NIL)
[GdPAI | debug]   Snapshotting prop: held_item = Str("") (Variant type: STRING)
WARNING: [GdPAI] ObjectRef(1382643928884): object was freed before callback; returning Nil.
   at: gdplanningai_rust::logger::process_logs (src\logger.rs:66)
   GDScript backtrace (most recent call first):
       [0] _start_plan_and_wait (res://test/integration/test_campfire_example_smoke.gd:57)
WARNING: [GdPAI] ObjectRef(1382157389614): object was freed before callback; returning Nil.
   at: gdplanningai_rust::logger::process_logs (src\logger.rs:66)
   GDScript backtrace (most recent call first):
       [0] _start_plan_and_wait (res://test/integration/test_campfire_example_smoke.gd:57)
WARNING: [GdPAI] ObjectRef(1382157389614): object was freed before callback; returning Nil.
   at: gdplanningai_rust::logger::process_logs (src\logger.rs:66)
   GDScript backtrace (most recent call first):
       [0] _start_plan_and_wait (res://test/integration/test_campfire_example_smoke.gd:57)
[GdPAI | debug] GetCost: callable returned non-numeric value: null; returning INFINITY
WARNING: [GdPAI] ObjectRef(124621163998): object was freed before callback; returning Nil.
   at: gdplanningai_rust::logger::process_logs (src\logger.rs:66)
   GDScript backtrace (most recent call first):
       [0] _process (res://addons/GdPlanningAI/gdpai_autoload.gd:21)
[GdPAI | debug] GetCost: callable returned non-numeric value: null; returning INFINITY
WARNING: [GdPAI] ObjectRef(1382643928884): object was freed before callback; returning Nil.
   at: gdplanningai_rust::logger::process_logs (src\logger.rs:66)
   GDScript backtrace (most recent call first):
       [0] _process (res://addons/GdPlanningAI/gdpai_autoload.gd:21)
WARNING: [GdPAI] ObjectRef(1382157389614): object was freed before callback; returning Nil.
   at: gdplanningai_rust::logger::process_logs (src\logger.rs:66)
   GDScript backtrace (most recent call first):
       [0] _process (res://addons/GdPlanningAI/gdpai_autoload.gd:21)
WARNING: [GdPAI] ObjectRef(1382157389614): object was freed before callback; returning Nil.
   at: gdplanningai_rust::logger::process_logs (src\logger.rs:66)
   GDScript backtrace (most recent call first):
       [0] _process (res://addons/GdPlanningAI/gdpai_autoload.gd:21)
[GdPAI | debug] ApplyEffect [Before] ID=InstanceId(-9223368113049795044): agent props = {"at_target": null, "entity": null, "held_item": "", "hunger": 95.0603725}
[GdPAI | debug] ApplyEffect [After] ID=InstanceId(-9223368113049795044): agent props = {"at_target": null, "entity": null, "held_item": "", "hunger": 95.0603725}
[GdPAI | debug]   Snapshotting prop: at_target = Nil (Variant type: NIL)
[GdPAI | debug]   Snapshotting prop: entity = Nil (Variant type: NIL)
[GdPAI | debug]   Snapshotting prop: held_item = Str("") (Variant type: STRING)
[GdPAI | debug]   Snapshotting prop: hunger = Float(95.0603725) (Variant type: FLOAT)
WARNING: [GdPAI] ObjectRef(124621163998): object was freed before callback; returning Nil.
   at: gdplanningai_rust::logger::process_logs (src\logger.rs:66)
   GDScript backtrace (most recent call first):
       [0] _start_plan_and_wait (res://test/integration/test_campfire_example_smoke.gd:57)
[GdPAI | debug] ApplyEffect [Before] ID=InstanceId(-9223368112278043090): agent props = {"hunger": 70.0627442063492, "entity": null, "held_item": ""}
[GdPAI | debug] ApplyEffect [After] ID=InstanceId(-9223368112278043090): agent props = {"hunger": 70.0627442063492, "entity": null, "held_item": ""}
[GdPAI | debug]   Snapshotting prop: hunger = Float(70.0627442063492) (Variant type: FLOAT)
[GdPAI | debug]   Snapshotting prop: entity = Nil (Variant type: NIL)
[GdPAI | debug]   Snapshotting prop: held_item = Str("") (Variant type: STRING)
WARNING: [GdPAI] ObjectRef(1382643928884): object was freed before callback; returning Nil.
   at: gdplanningai_rust::logger::process_logs (src\logger.rs:66)
   GDScript backtrace (most recent call first):
       [0] _start_plan_and_wait (res://test/integration/test_campfire_example_smoke.gd:57)
[GdPAI | debug] GetCost: callable returned non-numeric value: null; returning INFINITY
WARNING: [GdPAI] ObjectRef(124621163998): object was freed before callback; returning Nil.
   at: gdplanningai_rust::logger::process_logs (src\logger.rs:66)
   GDScript backtrace (most recent call first):
       [0] _process (res://addons/GdPlanningAI/gdpai_autoload.gd:21)
[GdPAI | debug] GetCost: callable returned non-numeric value: null; returning INFINITY
WARNING: [GdPAI] ObjectRef(1382643928884): object was freed before callback; returning Nil.
   at: gdplanningai_rust::logger::process_logs (src\logger.rs:66)
   GDScript backtrace (most recent call first):
       [0] _process (res://addons/GdPlanningAI/gdpai_autoload.gd:21)
[GdPAI | debug] ApplyEffect [Before] ID=InstanceId(-9223368110449326601): agent props = {"entity": null, "held_item": "wood", "at_target": null, "hunger": 95.0603725}
[GdPAI | debug] ApplyEffect [After] ID=InstanceId(-9223368110449326601): agent props = {"entity": null, "held_item": "wood", "at_target": null, "hunger": 95.0603725}
[GdPAI | debug]   Snapshotting prop: entity = Nil (Variant type: NIL)
[GdPAI | debug]   Snapshotting prop: held_item = Str("wood") (Variant type: STRING)
[GdPAI | debug]   Snapshotting prop: at_target = Nil (Variant type: NIL)
[GdPAI | debug]   Snapshotting prop: hunger = Float(95.0603725) (Variant type: FLOAT)
WARNING: [GdPAI] ObjectRef(124621163998): object was freed before callback; returning Nil.
   at: gdplanningai_rust::logger::process_logs (src\logger.rs:66)
   GDScript backtrace (most recent call first):
       [0] _start_plan_and_wait (res://test/integration/test_campfire_example_smoke.gd:57)
[GdPAI | debug] ApplyEffect [Before] ID=InstanceId(-9223368109778237868): agent props = {"entity": null, "hunger": 70.0627442063492, "held_item": ""}
[GdPAI | debug] ApplyEffect [After] ID=InstanceId(-9223368109778237868): agent props = {"entity": null, "hunger": 70.0627442063492, "held_item": ""}
[GdPAI | debug]   Snapshotting prop: entity = Nil (Variant type: NIL)
[GdPAI | debug]   Snapshotting prop: hunger = Float(70.0627442063492) (Variant type: FLOAT)
[GdPAI | debug]   Snapshotting prop: held_item = Str("") (Variant type: STRING)
WARNING: [GdPAI] ObjectRef(1382643928884): object was freed before callback; returning Nil.
   at: gdplanningai_rust::logger::process_logs (src\logger.rs:66)
   GDScript backtrace (most recent call first):
       [0] _start_plan_and_wait (res://test/integration/test_campfire_example_smoke.gd:57)
WARNING: [GdPAI] ObjectRef(1382643928884): object was freed before callback; returning Nil.
   at: gdplanningai_rust::logger::process_logs (src\logger.rs:66)
   GDScript backtrace (most recent call first):
       [0] _start_plan_and_wait (res://test/integration/test_campfire_example_smoke.gd:57)
[GdPAI | debug] GetCost: callable returned non-numeric value: null; returning INFINITY
WARNING: [GdPAI] ObjectRef(124621163998): object was freed before callback; returning Nil.
   at: gdplanningai_rust::logger::process_logs (src\logger.rs:66)
   GDScript backtrace (most recent call first):
       [0] _process (res://addons/GdPlanningAI/gdpai_autoload.gd:21)
[GdPAI | debug] GetCost: callable returned non-numeric value: null; returning INFINITY
WARNING: [GdPAI] ObjectRef(1382643928884): object was freed before callback; returning Nil.
   at: gdplanningai_rust::logger::process_logs (src\logger.rs:66)
   GDScript backtrace (most recent call first):
       [0] _process (res://addons/GdPlanningAI/gdpai_autoload.gd:21)
WARNING: [GdPAI] ObjectRef(1382643928884): object was freed before callback; returning Nil.
   at: gdplanningai_rust::logger::process_logs (src\logger.rs:66)
   GDScript backtrace (most recent call first):
       [0] _process (res://addons/GdPlanningAI/gdpai_autoload.gd:21)
[GdPAI | debug] ApplyEffect [Before] ID=InstanceId(-9223368107899189722): agent props = {"held_item": "", "hunger": 95.0603725, "entity": null}
[GdPAI | debug] ApplyEffect [After] ID=InstanceId(-9223368107899189722): agent props = {"held_item": "", "hunger": 95.0603725, "entity": null}
[GdPAI | debug]   Snapshotting prop: held_item = Str("") (Variant type: STRING)
[GdPAI | debug]   Snapshotting prop: hunger = Float(95.0603725) (Variant type: FLOAT)
[GdPAI | debug]   Snapshotting prop: entity = Nil (Variant type: NIL)
WARNING: [GdPAI] ObjectRef(124621163998): object was freed before callback; returning Nil.
   at: gdplanningai_rust::logger::process_logs (src\logger.rs:66)
   GDScript backtrace (most recent call first):
       [0] _start_plan_and_wait (res://test/integration/test_campfire_example_smoke.gd:57)
[GdPAI | debug] ApplyEffect [Before] ID=InstanceId(-9223368107177769369): agent props = {"entity": null, "held_item": "", "hunger": 70.0627442063492}
[GdPAI | debug] ApplyEffect [After] ID=InstanceId(-9223368107177769369): agent props = {"entity": null, "held_item": "", "hunger": 70.0627442063492}
[GdPAI | debug]   Snapshotting prop: entity = Nil (Variant type: NIL)
[GdPAI | debug]   Snapshotting prop: held_item = Str("") (Variant type: STRING)
[GdPAI | debug]   Snapshotting prop: hunger = Float(70.0627442063492) (Variant type: FLOAT)
WARNING: [GdPAI] ObjectRef(1382643928884): object was freed before callback; returning Nil.
   at: gdplanningai_rust::logger::process_logs (src\logger.rs:66)
   GDScript backtrace (most recent call first):
       [0] _start_plan_and_wait (res://test/integration/test_campfire_example_smoke.gd:57)
[GdPAI | debug] GetCost: callable returned non-numeric value: null; returning INFINITY
WARNING: [GdPAI] ObjectRef(124621163998): object was freed before callback; returning Nil.
   at: gdplanningai_rust::logger::process_logs (src\logger.rs:66)
   GDScript backtrace (most recent call first):
       [0] _process (res://addons/GdPlanningAI/gdpai_autoload.gd:21)
[GdPAI | debug] GetCost: callable returned non-numeric value: null; returning INFINITY
WARNING: [GdPAI] ObjectRef(1382643928884): object was freed before callback; returning Nil.
   at: gdplanningai_rust::logger::process_logs (src\logger.rs:66)
   GDScript backtrace (most recent call first):
       [0] _process (res://addons/GdPlanningAI/gdpai_autoload.gd:21)
[GdPAI | debug] ApplyEffect [Before] ID=InstanceId(-9223368105349052841): agent props = {"hunger": 95.0603725, "held_item": "", "entity": null}
[GdPAI | debug] ApplyEffect [After] ID=InstanceId(-9223368105349052841): agent props = {"hunger": 95.0603725, "held_item": "", "entity": null}
[GdPAI | debug]   Snapshotting prop: hunger = Float(95.0603725) (Variant type: FLOAT)
[GdPAI | debug]   Snapshotting prop: held_item = Str("") (Variant type: STRING)
[GdPAI | debug]   Snapshotting prop: entity = Nil (Variant type: NIL)
WARNING: [GdPAI] ObjectRef(124621163998): object was freed before callback; returning Nil.
   at: gdplanningai_rust::logger::process_logs (src\logger.rs:66)
   GDScript backtrace (most recent call first):
       [0] _start_plan_and_wait (res://test/integration/test_campfire_example_smoke.gd:57)
[GdPAI | debug] ApplyEffect [Before] ID=InstanceId(-9223368104677964193): agent props = {"hunger": 70.0627442063492, "held_item": "", "entity": null}
[GdPAI | debug] ApplyEffect [After] ID=InstanceId(-9223368104677964193): agent props = {"hunger": 70.0627442063492, "held_item": "", "entity": null}
[GdPAI | debug]   Snapshotting prop: hunger = Float(70.0627442063492) (Variant type: FLOAT)
[GdPAI | debug]   Snapshotting prop: held_item = Str("") (Variant type: STRING)
[GdPAI | debug]   Snapshotting prop: entity = Nil (Variant type: NIL)
WARNING: [GdPAI] ObjectRef(1382643928884): object was freed before callback; returning Nil.
   at: gdplanningai_rust::logger::process_logs (src\logger.rs:66)
   GDScript backtrace (most recent call first):
       [0] _start_plan_and_wait (res://test/integration/test_campfire_example_smoke.gd:57)
WARNING: [GdPAI] ObjectRef(1382157389614): object was freed before callback; returning Nil.
   at: gdplanningai_rust::logger::process_logs (src\logger.rs:66)
   GDScript backtrace (most recent call first):
       [0] _start_plan_and_wait (res://test/integration/test_campfire_example_smoke.gd:57)
WARNING: [GdPAI] ObjectRef(1382157389614): object was freed before callback; returning Nil.
   at: gdplanningai_rust::logger::process_logs (src\logger.rs:66)
   GDScript backtrace (most recent call first):
       [0] _start_plan_and_wait (res://test/integration/test_campfire_example_smoke.gd:57)
[GdPAI | debug] GetCost: callable returned non-numeric value: null; returning INFINITY
WARNING: [GdPAI] ObjectRef(124621163998): object was freed before callback; returning Nil.
   at: gdplanningai_rust::logger::process_logs (src\logger.rs:66)
   GDScript backtrace (most recent call first):
       [0] _process (res://addons/GdPlanningAI/gdpai_autoload.gd:21)
[GdPAI | debug] GetCost: callable returned non-numeric value: null; returning INFINITY
WARNING: [GdPAI] ObjectRef(1382643928884): object was freed before callback; returning Nil.
   at: gdplanningai_rust::logger::process_logs (src\logger.rs:66)
   GDScript backtrace (most recent call first):
       [0] _process (res://addons/GdPlanningAI/gdpai_autoload.gd:21)
WARNING: [GdPAI] ObjectRef(1382157389614): object was freed before callback; returning Nil.
   at: gdplanningai_rust::logger::process_logs (src\logger.rs:66)
   GDScript backtrace (most recent call first):
       [0] _process (res://addons/GdPlanningAI/gdpai_autoload.gd:21)
WARNING: [GdPAI] ObjectRef(1382157389614): object was freed before callback; returning Nil.
   at: gdplanningai_rust::logger::process_logs (src\logger.rs:66)
   GDScript backtrace (most recent call first):
       [0] _process (res://addons/GdPlanningAI/gdpai_autoload.gd:21)
[GdPAI | debug] ApplyEffect [Before] ID=InstanceId(-9223368102748584352): agent props = {"hunger": 95.0603725, "at_target": null, "held_item": "", "entity": null}
[GdPAI | debug] ApplyEffect [After] ID=InstanceId(-9223368102748584352): agent props = {"hunger": 95.0603725, "at_target": null, "held_item": "", "entity": null}
[GdPAI | debug]   Snapshotting prop: hunger = Float(95.0603725) (Variant type: FLOAT)
[GdPAI | debug]   Snapshotting prop: at_target = Nil (Variant type: NIL)
[GdPAI | debug]   Snapshotting prop: held_item = Str("") (Variant type: STRING)
[GdPAI | debug]   Snapshotting prop: entity = Nil (Variant type: NIL)
WARNING: [GdPAI] ObjectRef(124621163998): object was freed before callback; returning Nil.
   at: gdplanningai_rust::logger::process_logs (src\logger.rs:66)
   GDScript backtrace (most recent call first):
       [0] _start_plan_and_wait (res://test/integration/test_campfire_example_smoke.gd:57)
[GdPAI | debug] ApplyEffect [Before] ID=InstanceId(-9223368101976832407): agent props = {"hunger": 70.0627442063492, "held_item": "wood", "entity": null}
[GdPAI | debug] ApplyEffect [After] ID=InstanceId(-9223368101976832407): agent props = {"hunger": 70.0627442063492, "held_item": "wood", "entity": null}
[GdPAI | debug]   Snapshotting prop: hunger = Float(70.0627442063492) (Variant type: FLOAT)
[GdPAI | debug]   Snapshotting prop: held_item = Str("wood") (Variant type: STRING)
[GdPAI | debug]   Snapshotting prop: entity = Nil (Variant type: NIL)
WARNING: [GdPAI] ObjectRef(1382643928884): object was freed before callback; returning Nil.
   at: gdplanningai_rust::logger::process_logs (src\logger.rs:66)
   GDScript backtrace (most recent call first):
       [0] _start_plan_and_wait (res://test/integration/test_campfire_example_smoke.gd:57)
WARNING: [GdPAI] ObjectRef(1382157389614): object was freed before callback; returning Nil.
   at: gdplanningai_rust::logger::process_logs (src\logger.rs:66)
   GDScript backtrace (most recent call first):
       [0] _start_plan_and_wait (res://test/integration/test_campfire_example_smoke.gd:57)
WARNING: [GdPAI] ObjectRef(1382157389614): object was freed before callback; returning Nil.
   at: gdplanningai_rust::logger::process_logs (src\logger.rs:66)
   GDScript backtrace (most recent call first):
       [0] _start_plan_and_wait (res://test/integration/test_campfire_example_smoke.gd:57)
[GdPAI | debug] GetCost: callable returned non-numeric value: null; returning INFINITY
WARNING: [GdPAI] ObjectRef(124621163998): object was freed before callback; returning Nil.
   at: gdplanningai_rust::logger::process_logs (src\logger.rs:66)
   GDScript backtrace (most recent call first):
       [0] _process (res://addons/GdPlanningAI/gdpai_autoload.gd:21)
WARNING: [GdPAI] ObjectRef(124621163998): object was freed before callback; returning Nil.
   at: gdplanningai_rust::logger::process_logs (src\logger.rs:66)
   GDScript backtrace (most recent call first):
       [0] _process (res://addons/GdPlanningAI/gdpai_autoload.gd:21)
[GdPAI | debug] GetCost: callable returned non-numeric value: null; returning INFINITY
WARNING: [GdPAI] ObjectRef(1382643928884): object was freed before callback; returning Nil.
   at: gdplanningai_rust::logger::process_logs (src\logger.rs:66)
   GDScript backtrace (most recent call first):
       [0] _process (res://addons/GdPlanningAI/gdpai_autoload.gd:21)
WARNING: [GdPAI] ObjectRef(1382157389614): object was freed before callback; returning Nil.
   at: gdplanningai_rust::logger::process_logs (src\logger.rs:66)
   GDScript backtrace (most recent call first):
       [0] _process (res://addons/GdPlanningAI/gdpai_autoload.gd:21)
WARNING: [GdPAI] ObjectRef(1382157389614): object was freed before callback; returning Nil.
   at: gdplanningai_rust::logger::process_logs (src\logger.rs:66)
   GDScript backtrace (most recent call first):
       [0] _process (res://addons/GdPlanningAI/gdpai_autoload.gd:21)
[GdPAI | debug] ApplyEffect [Before] ID=InstanceId(-9223368100047452557): agent props = {"entity": null, "hunger": 95.0603725, "held_item": "", "at_target": null}
[GdPAI | debug] ApplyEffect [After] ID=InstanceId(-9223368100047452557): agent props = {"entity": null, "hunger": 95.0603725, "held_item": "", "at_target": null}
[GdPAI | debug]   Snapshotting prop: entity = Nil (Variant type: NIL)
[GdPAI | debug]   Snapshotting prop: hunger = Float(95.0603725) (Variant type: FLOAT)
[GdPAI | debug]   Snapshotting prop: held_item = Str("") (Variant type: STRING)
[GdPAI | debug]   Snapshotting prop: at_target = Nil (Variant type: NIL)
WARNING: [GdPAI] ObjectRef(124621163998): object was freed before callback; returning Nil.
   at: gdplanningai_rust::logger::process_logs (src\logger.rs:66)
   GDScript backtrace (most recent call first):
       [0] _start_plan_and_wait (res://test/integration/test_campfire_example_smoke.gd:57)
WARNING: [GdPAI] ObjectRef(124621163998): object was freed before callback; returning Nil.
   at: gdplanningai_rust::logger::process_logs (src\logger.rs:66)
   GDScript backtrace (most recent call first):
       [0] _start_plan_and_wait (res://test/integration/test_campfire_example_smoke.gd:57)
[GdPAI | debug] ApplyEffect [Before] ID=InstanceId(-9223368099225368965): agent props = {"hunger": 70.0627442063492, "entity": null, "held_item": ""}
[GdPAI | debug] ApplyEffect [After] ID=InstanceId(-9223368099225368965): agent props = {"hunger": 70.0627442063492, "entity": null, "held_item": ""}
[GdPAI | debug]   Snapshotting prop: hunger = Float(70.0627442063492) (Variant type: FLOAT)
[GdPAI | debug]   Snapshotting prop: entity = Nil (Variant type: NIL)
[GdPAI | debug]   Snapshotting prop: held_item = Str("") (Variant type: STRING)
WARNING: [GdPAI] ObjectRef(1382643928884): object was freed before callback; returning Nil.
   at: gdplanningai_rust::logger::process_logs (src\logger.rs:66)
   GDScript backtrace (most recent call first):
       [0] _start_plan_and_wait (res://test/integration/test_campfire_example_smoke.gd:57)
[GdPAI | debug] GetCost: callable returned non-numeric value: null; returning INFINITY
WARNING: [GdPAI] ObjectRef(124621163998): object was freed before callback; returning Nil.
   at: gdplanningai_rust::logger::process_logs (src\logger.rs:66)
   GDScript backtrace (most recent call first):
       [0] _process (res://addons/GdPlanningAI/gdpai_autoload.gd:21)
[GdPAI | debug] GetCost: callable returned non-numeric value: null; returning INFINITY
WARNING: [GdPAI] ObjectRef(1382643928884): object was freed before callback; returning Nil.
   at: gdplanningai_rust::logger::process_logs (src\logger.rs:66)
   GDScript backtrace (most recent call first):
       [0] _process (res://addons/GdPlanningAI/gdpai_autoload.gd:21)
[GdPAI | debug] ApplyEffect [Before] ID=InstanceId(-9223368097346320832): agent props = {"hunger": 95.0603725, "held_item": "wood", "at_target": null, "entity": null}
[GdPAI | debug] ApplyEffect [After] ID=InstanceId(-9223368097346320832): agent props = {"hunger": 95.0603725, "held_item": "wood", "at_target": null, "entity": null}
[GdPAI | debug]   Snapshotting prop: hunger = Float(95.0603725) (Variant type: FLOAT)
[GdPAI | debug]   Snapshotting prop: held_item = Str("wood") (Variant type: STRING)
[GdPAI | debug]   Snapshotting prop: at_target = Nil (Variant type: NIL)
[GdPAI | debug]   Snapshotting prop: entity = Nil (Variant type: NIL)
[GdPAI] A* Iteration: pop node with chain length 3
[GdPAI | debug] find_candidates: Checking 15 actions against 1 preconds and 2 requirements
WARNING: [GdPAI] ObjectRef(124621163998): object was freed before callback; returning Nil.
   at: gdplanningai_rust::logger::process_logs (src\logger.rs:66)
   GDScript backtrace (most recent call first):
       [0] _start_plan_and_wait (res://test/integration/test_campfire_example_smoke.gd:57)
[GdPAI | debug] ApplyEffect [Before] ID=InstanceId(-9223368096675232074): agent props = {"hunger": 70.0627442063492, "held_item": "", "entity": null}
[GdPAI | debug] ApplyEffect [After] ID=InstanceId(-9223368096675232074): agent props = {"hunger": 70.0627442063492, "held_item": "", "entity": null}
[GdPAI | debug]   Snapshotting prop: hunger = Float(70.0627442063492) (Variant type: FLOAT)
[GdPAI | debug]   Snapshotting prop: held_item = Str("") (Variant type: STRING)
[GdPAI | debug]   Snapshotting prop: entity = Nil (Variant type: NIL)
WARNING: [GdPAI] ObjectRef(1382643928884): object was freed before callback; returning Nil.
   at: gdplanningai_rust::logger::process_logs (src\logger.rs:66)
   GDScript backtrace (most recent call first):
       [0] _start_plan_and_wait (res://test/integration/test_campfire_example_smoke.gd:57)
WARNING: [GdPAI] ObjectRef(1382643928884): object was freed before callback; returning Nil.
   at: gdplanningai_rust::logger::process_logs (src\logger.rs:66)
   GDScript backtrace (most recent call first):
       [0] _start_plan_and_wait (res://test/integration/test_campfire_example_smoke.gd:57)
[GdPAI | debug] Discovery: Starting simulation for action Go To
WARNING: [GdPAI] ObjectRef(124621163998): object was freed before callback; returning Nil.
   at: gdplanningai_rust::logger::process_logs (src\logger.rs:66)
   GDScript backtrace (most recent call first):
       [0] _process (res://addons/GdPlanningAI/gdpai_autoload.gd:21)
[GdPAI | debug] GetCost: callable returned non-numeric value: null; returning INFINITY
WARNING: [GdPAI] ObjectRef(1382643928884): object was freed before callback; returning Nil.
   at: gdplanningai_rust::logger::process_logs (src\logger.rs:66)
   GDScript backtrace (most recent call first):
       [0] _process (res://addons/GdPlanningAI/gdpai_autoload.gd:21)
WARNING: [GdPAI] ObjectRef(1382643928884): object was freed before callback; returning Nil.
   at: gdplanningai_rust::logger::process_logs (src\logger.rs:66)
   GDScript backtrace (most recent call first):
       [0] _process (res://addons/GdPlanningAI/gdpai_autoload.gd:21)
[GdPAI | debug] GetCost: callable returned non-numeric value: null; returning INFINITY
WARNING: [GdPAI] ObjectRef(124621163998): object was freed before callback; returning Nil.
   at: gdplanningai_rust::logger::process_logs (src\logger.rs:66)
   GDScript backtrace (most recent call first):
       [0] _start_plan_and_wait (res://test/integration/test_campfire_example_smoke.gd:57)
[GdPAI | debug] ApplyEffect [Before] ID=InstanceId(-9223368094074763623): agent props = {"hunger": 70.0627442063492, "held_item": "", "entity": null}
[GdPAI | debug] ApplyEffect [After] ID=InstanceId(-9223368094074763623): agent props = {"hunger": 70.0627442063492, "held_item": "", "entity": null}
[GdPAI | debug]   Snapshotting prop: hunger = Float(70.0627442063492) (Variant type: FLOAT)
[GdPAI | debug]   Snapshotting prop: held_item = Str("") (Variant type: STRING)
[GdPAI | debug]   Snapshotting prop: entity = Nil (Variant type: NIL)
WARNING: [GdPAI] ObjectRef(1382643928884): object was freed before callback; returning Nil.
   at: gdplanningai_rust::logger::process_logs (src\logger.rs:66)
   GDScript backtrace (most recent call first):
       [0] _start_plan_and_wait (res://test/integration/test_campfire_example_smoke.gd:57)
WARNING: [GdPAI] ObjectRef(1382643928884): object was freed before callback; returning Nil.
   at: gdplanningai_rust::logger::process_logs (src\logger.rs:66)
   GDScript backtrace (most recent call first):
       [0] _start_plan_and_wait (res://test/integration/test_campfire_example_smoke.gd:57)
[GdPAI | debug] ApplyEffect [Before] ID=InstanceId(-9223368093504338279): agent props = {"entity": null, "held_item": "", "hunger": 95.0603725}
[GdPAI | debug] ApplyEffect [After] ID=InstanceId(-9223368093504338279): agent props = {"entity": null, "held_item": "", "hunger": 95.0603725}
[GdPAI | debug]   Snapshotting prop: entity = Nil (Variant type: NIL)
[GdPAI | debug]   Snapshotting prop: held_item = Str("") (Variant type: STRING)
[GdPAI | debug]   Snapshotting prop: hunger = Float(95.0603725) (Variant type: FLOAT)
[GdPAI | debug] Discovery: Simulation success for Go To. Agent props: {"entity": Nil, "hunger": Float(95.0603725), "held_item": Str("")}
[GdPAI | debug] Discovery: Action Go To satisfied precond Builtin { target: Agent, operation: Equal, property_name: "held_item", value: Some(Str("")) }
[GdPAI | debug] Found candidate: Go To (satisfied preconds: [0], requirements: [0, 1])
[GdPAI | debug] Discovery: Starting simulation for action Eat Held Food
WARNING: [GdPAI] ObjectRef(124621163998): object was freed before callback; returning Nil.
   at: gdplanningai_rust::logger::process_logs (src\logger.rs:66)
   GDScript backtrace (most recent call first):
       [0] _process (res://addons/GdPlanningAI/gdpai_autoload.gd:21)
[GdPAI | debug] GetCost: callable returned non-numeric value: null; returning INFINITY
WARNING: [GdPAI] ObjectRef(1382643928884): object was freed before callback; returning Nil.
   at: gdplanningai_rust::logger::process_logs (src\logger.rs:66)
   GDScript backtrace (most recent call first):
       [0] _process (res://addons/GdPlanningAI/gdpai_autoload.gd:21)
WARNING: [GdPAI] ObjectRef(1382643928884): object was freed before callback; returning Nil.
   at: gdplanningai_rust::logger::process_logs (src\logger.rs:66)
   GDScript backtrace (most recent call first):
       [0] _process (res://addons/GdPlanningAI/gdpai_autoload.gd:21)
[GdPAI | debug] GetCost: callable returned non-numeric value: null; returning INFINITY
WARNING: [GdPAI] ObjectRef(124621163998): object was freed before callback; returning Nil.
   at: gdplanningai_rust::logger::process_logs (src\logger.rs:66)
   GDScript backtrace (most recent call first):
       [0] _start_plan_and_wait (res://test/integration/test_campfire_example_smoke.gd:57)
[GdPAI | debug] ApplyEffect [Before] ID=InstanceId(-9223368091474295087): agent props = {"hunger": 70.0627442063492, "held_item": "", "entity": null}
[GdPAI | debug] ApplyEffect [After] ID=InstanceId(-9223368091474295087): agent props = {"hunger": 70.0627442063492, "held_item": "", "entity": null}
[GdPAI | debug]   Snapshotting prop: hunger = Float(70.0627442063492) (Variant type: FLOAT)
[GdPAI | debug]   Snapshotting prop: held_item = Str("") (Variant type: STRING)
[GdPAI | debug]   Snapshotting prop: entity = Nil (Variant type: NIL)
WARNING: [GdPAI] ObjectRef(1382643928884): object was freed before callback; returning Nil.
   at: gdplanningai_rust::logger::process_logs (src\logger.rs:66)
   GDScript backtrace (most recent call first):
       [0] _start_plan_and_wait (res://test/integration/test_campfire_example_smoke.gd:57)
WARNING: [GdPAI] ObjectRef(1382643928884): object was freed before callback; returning Nil.
   at: gdplanningai_rust::logger::process_logs (src\logger.rs:66)
   GDScript backtrace (most recent call first):
       [0] _start_plan_and_wait (res://test/integration/test_campfire_example_smoke.gd:57)
[GdPAI | debug] ApplyEffect [Before] ID=InstanceId(-9223368090903869743): agent props = {"entity": null, "held_item": "", "hunger": 95.0603725}
[GdPAI | debug] ApplyEffect [After] ID=InstanceId(-9223368090903869743): agent props = {"entity": null, "held_item": "", "hunger": 95.0603725}
[GdPAI | debug]   Snapshotting prop: entity = Nil (Variant type: NIL)
[GdPAI | debug]   Snapshotting prop: held_item = Str("") (Variant type: STRING)
[GdPAI | debug]   Snapshotting prop: hunger = Float(95.0603725) (Variant type: FLOAT)
[GdPAI | debug] Discovery: Simulation success for Eat Held Food. Agent props: {"held_item": Str(""), "hunger": Float(95.0603725), "entity": Nil}
[GdPAI | debug] Discovery: Action Eat Held Food satisfied precond Builtin { target: Agent, operation: Equal, property_name: "held_item", value: Some(Str("")) }
[GdPAI | debug] Found candidate: Eat Held Food (satisfied preconds: [0], requirements: [])
WARNING: [GdPAI] ObjectRef(124621163998): object was freed before callback; returning Nil.
   at: gdplanningai_rust::logger::process_logs (src\logger.rs:66)
   GDScript backtrace (most recent call first):
       [0] _process (res://addons/GdPlanningAI/gdpai_autoload.gd:21)
[GdPAI | debug] GetCost: callable returned non-numeric value: null; returning INFINITY
WARNING: [GdPAI] ObjectRef(1382643928884): object was freed before callback; returning Nil.
   at: gdplanningai_rust::logger::process_logs (src\logger.rs:66)
   GDScript backtrace (most recent call first):
       [0] _process (res://addons/GdPlanningAI/gdpai_autoload.gd:21)
WARNING: [GdPAI] ObjectRef(1382643928884): object was freed before callback; returning Nil.
   at: gdplanningai_rust::logger::process_logs (src\logger.rs:66)
   GDScript backtrace (most recent call first):
       [0] _process (res://addons/GdPlanningAI/gdpai_autoload.gd:21)
[GdPAI | debug] Discovery: Starting simulation for action Go To
WARNING: [GdPAI] ObjectRef(124621163998): object was freed before callback; returning Nil.
   at: gdplanningai_rust::logger::process_logs (src\logger.rs:66)
   GDScript backtrace (most recent call first):
       [0] _start_plan_and_wait (res://test/integration/test_campfire_example_smoke.gd:57)
[GdPAI | debug] ApplyEffect [Before] ID=InstanceId(-9223368088873826581): agent props = {"held_item": "", "hunger": 70.0627442063492, "entity": null}
[GdPAI | debug] ApplyEffect [After] ID=InstanceId(-9223368088873826581): agent props = {"held_item": "", "hunger": 70.0627442063492, "entity": null}
[GdPAI | debug]   Snapshotting prop: held_item = Str("") (Variant type: STRING)
[GdPAI | debug]   Snapshotting prop: hunger = Float(70.0627442063492) (Variant type: FLOAT)
[GdPAI | debug]   Snapshotting prop: entity = Nil (Variant type: NIL)
WARNING: [GdPAI] ObjectRef(1382643928884): object was freed before callback; returning Nil.
   at: gdplanningai_rust::logger::process_logs (src\logger.rs:66)
   GDScript backtrace (most recent call first):
       [0] _start_plan_and_wait (res://test/integration/test_campfire_example_smoke.gd:57)
WARNING: [GdPAI] ObjectRef(1382643928884): object was freed before callback; returning Nil.
   at: gdplanningai_rust::logger::process_logs (src\logger.rs:66)
   GDScript backtrace (most recent call first):
       [0] _start_plan_and_wait (res://test/integration/test_campfire_example_smoke.gd:57)
[GdPAI | debug] GetCost: callable returned non-numeric value: null; returning INFINITY
WARNING: [GdPAI] ObjectRef(124621163998): object was freed before callback; returning Nil.
   at: gdplanningai_rust::logger::process_logs (src\logger.rs:66)
   GDScript backtrace (most recent call first):
       [0] _process (res://addons/GdPlanningAI/gdpai_autoload.gd:21)
[GdPAI | debug] GetCost: callable returned non-numeric value: null; returning INFINITY
WARNING: [GdPAI] ObjectRef(1382643928884): object was freed before callback; returning Nil.
   at: gdplanningai_rust::logger::process_logs (src\logger.rs:66)
   GDScript backtrace (most recent call first):
       [0] _process (res://addons/GdPlanningAI/gdpai_autoload.gd:21)
WARNING: [GdPAI] ObjectRef(1382643928884): object was freed before callback; returning Nil.
   at: gdplanningai_rust::logger::process_logs (src\logger.rs:66)
   GDScript backtrace (most recent call first):
       [0] _process (res://addons/GdPlanningAI/gdpai_autoload.gd:21)
[GdPAI | debug] ApplyEffect [Before] ID=InstanceId(-9223368086994778411): agent props = {"entity": null, "hunger": 95.0603725, "held_item": ""}
[GdPAI | debug] ApplyEffect [After] ID=InstanceId(-9223368086994778411): agent props = {"entity": null, "hunger": 95.0603725, "held_item": ""}
[GdPAI | debug]   Snapshotting prop: entity = Nil (Variant type: NIL)
[GdPAI | debug]   Snapshotting prop: hunger = Float(95.0603725) (Variant type: FLOAT)
[GdPAI | debug]   Snapshotting prop: held_item = Str("") (Variant type: STRING)
[GdPAI | debug] Discovery: Simulation success for Go To. Agent props: {"hunger": Float(95.0603725), "held_item": Str(""), "entity": Nil}
[GdPAI | debug] Discovery: Action Go To satisfied precond Builtin { target: Agent, operation: Equal, property_name: "held_item", value: Some(Str("")) }
[GdPAI | debug] Found candidate: Go To (satisfied preconds: [0], requirements: [0, 1])
[GdPAI | debug] Discovery: Starting simulation for action Drop Item
WARNING: [GdPAI] ObjectRef(124621163998): object was freed before callback; returning Nil.
   at: gdplanningai_rust::logger::process_logs (src\logger.rs:66)
   GDScript backtrace (most recent call first):
       [0] _start_plan_and_wait (res://test/integration/test_campfire_example_smoke.gd:57)
[GdPAI | debug] ApplyEffect [Before] ID=InstanceId(-9223368086273358109): agent props = {"hunger": 70.0627442063492, "held_item": "wood", "entity": null}
[GdPAI | debug] ApplyEffect [After] ID=InstanceId(-9223368086273358109): agent props = {"hunger": 70.0627442063492, "held_item": "wood", "entity": null}
[GdPAI | debug]   Snapshotting prop: hunger = Float(70.0627442063492) (Variant type: FLOAT)
[GdPAI | debug]   Snapshotting prop: held_item = Str("wood") (Variant type: STRING)
[GdPAI | debug]   Snapshotting prop: entity = Nil (Variant type: NIL)
WARNING: [GdPAI] ObjectRef(1382643928884): object was freed before callback; returning Nil.
   at: gdplanningai_rust::logger::process_logs (src\logger.rs:66)
   GDScript backtrace (most recent call first):
       [0] _start_plan_and_wait (res://test/integration/test_campfire_example_smoke.gd:57)
WARNING: [GdPAI] ObjectRef(1382643928884): object was freed before callback; returning Nil.
   at: gdplanningai_rust::logger::process_logs (src\logger.rs:66)
   GDScript backtrace (most recent call first):
       [0] _start_plan_and_wait (res://test/integration/test_campfire_example_smoke.gd:57)
[GdPAI | debug] GetCost: callable returned non-numeric value: null; returning INFINITY
[GdPAI] A* Iteration: pop node with chain length 5
[GdPAI | debug] find_candidates: Checking 15 actions against 1 preconds and 4 requirements
WARNING: [GdPAI] ObjectRef(124621163998): object was freed before callback; returning Nil.
   at: gdplanningai_rust::logger::process_logs (src\logger.rs:66)
   GDScript backtrace (most recent call first):
       [0] _process (res://addons/GdPlanningAI/gdpai_autoload.gd:21)
WARNING: [GdPAI] ObjectRef(124621163998): object was freed before callback; returning Nil.
   at: gdplanningai_rust::logger::process_logs (src\logger.rs:66)
   GDScript backtrace (most recent call first):
       [0] _process (res://addons/GdPlanningAI/gdpai_autoload.gd:21)
WARNING: [GdPAI] ObjectRef(1382643928884): object was freed before callback; returning Nil.
   at: gdplanningai_rust::logger::process_logs (src\logger.rs:66)
   GDScript backtrace (most recent call first):
       [0] _process (res://addons/GdPlanningAI/gdpai_autoload.gd:21)
[GdPAI | debug] Discovery: Starting simulation for action Go To
WARNING: [GdPAI] ObjectRef(1382643928884): object was freed before callback; returning Nil.
   at: gdplanningai_rust::logger::process_logs (src\logger.rs:66)
   GDScript backtrace (most recent call first):
       [0] _process (res://addons/GdPlanningAI/gdpai_autoload.gd:21)
[GdPAI | debug] ApplyEffect [Before] ID=InstanceId(-9223368084394309906): agent props = {"hunger": 95.0603725, "held_item": "", "entity": null}
[GdPAI | debug] ApplyEffect [After] ID=InstanceId(-9223368084394309906): agent props = {"hunger": 95.0603725, "held_item": "", "entity": null}
[GdPAI | debug]   Snapshotting prop: hunger = Float(95.0603725) (Variant type: FLOAT)
[GdPAI | debug]   Snapshotting prop: held_item = Str("") (Variant type: STRING)
[GdPAI | debug]   Snapshotting prop: entity = Nil (Variant type: NIL)
[GdPAI | debug] Discovery: Simulation success for Drop Item. Agent props: {"hunger": Float(95.0603725), "held_item": Str(""), "entity": Nil}
[GdPAI | debug] Discovery: Action Drop Item satisfied precond Builtin { target: Agent, operation: Equal, property_name: "held_item", value: Some(Str("")) }
[GdPAI | debug] Found candidate: Drop Item (satisfied preconds: [0], requirements: [])
[GdPAI | debug] Discovery: Starting simulation for action Add Fuel
WARNING: [GdPAI] ObjectRef(124621163998): object was freed before callback; returning Nil.
   at: gdplanningai_rust::logger::process_logs (src\logger.rs:66)
   GDScript backtrace (most recent call first):
       [0] _start_plan_and_wait (res://test/integration/test_campfire_example_smoke.gd:57)
WARNING: [GdPAI] ObjectRef(124621163998): object was freed before callback; returning Nil.
   at: gdplanningai_rust::logger::process_logs (src\logger.rs:66)
   GDScript backtrace (most recent call first):
       [0] _start_plan_and_wait (res://test/integration/test_campfire_example_smoke.gd:57)
[GdPAI | debug] GetCost: callable returned non-numeric value: null; returning INFINITY
WARNING: [GdPAI] ObjectRef(1382643928884): object was freed before callback; returning Nil.
   at: gdplanningai_rust::logger::process_logs (src\logger.rs:66)
   GDScript backtrace (most recent call first):
       [0] _start_plan_and_wait (res://test/integration/test_campfire_example_smoke.gd:57)
WARNING: [GdPAI] ObjectRef(1382643928884): object was freed before callback; returning Nil.
   at: gdplanningai_rust::logger::process_logs (src\logger.rs:66)
   GDScript backtrace (most recent call first):
       [0] _start_plan_and_wait (res://test/integration/test_campfire_example_smoke.gd:57)
[GdPAI | debug] GetCost: callable returned non-numeric value: null; returning INFINITY
WARNING: [GdPAI] ObjectRef(124621163998): object was freed before callback; returning Nil.
   at: gdplanningai_rust::logger::process_logs (src\logger.rs:66)
   GDScript backtrace (most recent call first):
       [0] _process (res://addons/GdPlanningAI/gdpai_autoload.gd:21)
WARNING: [GdPAI] ObjectRef(124621163998): object was freed before callback; returning Nil.
   at: gdplanningai_rust::logger::process_logs (src\logger.rs:66)
   GDScript backtrace (most recent call first):
       [0] _process (res://addons/GdPlanningAI/gdpai_autoload.gd:21)
[GdPAI | debug] ApplyEffect [Before] ID=InstanceId(-9223368082263603465): agent props = {"held_item": "", "hunger": 70.0627442063492, "entity": null}
[GdPAI | debug] ApplyEffect [After] ID=InstanceId(-9223368082263603465): agent props = {"held_item": "", "hunger": 70.0627442063492, "entity": null}
[GdPAI | debug]   Snapshotting prop: held_item = Str("") (Variant type: STRING)
[GdPAI | debug]   Snapshotting prop: hunger = Float(70.0627442063492) (Variant type: FLOAT)
[GdPAI | debug]   Snapshotting prop: entity = Nil (Variant type: NIL)
WARNING: [GdPAI] ObjectRef(1382643928884): object was freed before callback; returning Nil.
   at: gdplanningai_rust::logger::process_logs (src\logger.rs:66)
   GDScript backtrace (most recent call first):
       [0] _process (res://addons/GdPlanningAI/gdpai_autoload.gd:21)
[GdPAI | debug] Discovery: Simulation success for Go To. Agent props: {"held_item": Str(""), "hunger": Float(70.0627442063492), "entity": Nil}
[GdPAI | debug] Discovery: Action Go To satisfied precond Builtin { target: Agent, operation: Equal, property_name: "held_item", value: Some(Str("")) }
[GdPAI | debug] Found candidate: Go To (satisfied preconds: [0], requirements: [0, 1, 2, 3])
WARNING: [GdPAI] ObjectRef(1382643928884): object was freed before callback; returning Nil.
   at: gdplanningai_rust::logger::process_logs (src\logger.rs:66)
   GDScript backtrace (most recent call first):
       [0] _process (res://addons/GdPlanningAI/gdpai_autoload.gd:21)
[GdPAI | debug] ApplyEffect [Before] ID=InstanceId(-9223368081693178121): agent props = {"held_item": "wood", "hunger": 95.0603725, "entity": null}
[GdPAI | debug] ApplyEffect [After] ID=InstanceId(-9223368081693178121): agent props = {"held_item": "wood", "hunger": 95.0603725, "entity": null}
[GdPAI | debug]   Snapshotting prop: held_item = Str("wood") (Variant type: STRING)
[GdPAI | debug]   Snapshotting prop: hunger = Float(95.0603725) (Variant type: FLOAT)
[GdPAI | debug]   Snapshotting prop: entity = Nil (Variant type: NIL)
[GdPAI | debug] Discovery: Starting simulation for action Eat Held Food
[GdPAI | debug] Discovery: Simulation success for Add Fuel. Agent props: {"hunger": Float(95.0603725), "held_item": Str("wood"), "entity": Nil}
[GdPAI | debug] Discovery: Action Add Fuel did NOT satisfy precond Builtin { target: Agent, operation: Equal, property_name: "held_item", value: Some(Str("")) }
WARNING: [GdPAI] ObjectRef(124621163998): object was freed before callback; returning Nil.
   at: gdplanningai_rust::logger::process_logs (src\logger.rs:66)
   GDScript backtrace (most recent call first):
       [0] _start_plan_and_wait (res://test/integration/test_campfire_example_smoke.gd:57)
WARNING: [GdPAI] ObjectRef(124621163998): object was freed before callback; returning Nil.
   at: gdplanningai_rust::logger::process_logs (src\logger.rs:66)
   GDScript backtrace (most recent call first):
       [0] _start_plan_and_wait (res://test/integration/test_campfire_example_smoke.gd:57)
[GdPAI | debug] GetCost: callable returned non-numeric value: null; returning INFINITY
WARNING: [GdPAI] ObjectRef(1382643928884): object was freed before callback; returning Nil.
   at: gdplanningai_rust::logger::process_logs (src\logger.rs:66)
   GDScript backtrace (most recent call first):
       [0] _start_plan_and_wait (res://test/integration/test_campfire_example_smoke.gd:57)
WARNING: [GdPAI] ObjectRef(1382643928884): object was freed before callback; returning Nil.
   at: gdplanningai_rust::logger::process_logs (src\logger.rs:66)
   GDScript backtrace (most recent call first):
       [0] _start_plan_and_wait (res://test/integration/test_campfire_example_smoke.gd:57)
[GdPAI | debug] Discovery: Action Cook Potato failed validity check, skipping
[GdPAI | debug] Discovery: Starting simulation for action Pick Up Wood
WARNING: [GdPAI] ObjectRef(124621163998): object was freed before callback; returning Nil.
   at: gdplanningai_rust::logger::process_logs (src\logger.rs:66)
   GDScript backtrace (most recent call first):
       [0] _process (res://addons/GdPlanningAI/gdpai_autoload.gd:21)
WARNING: [GdPAI] ObjectRef(124621163998): object was freed before callback; returning Nil.
   at: gdplanningai_rust::logger::process_logs (src\logger.rs:66)
   GDScript backtrace (most recent call first):
       [0] _process (res://addons/GdPlanningAI/gdpai_autoload.gd:21)
[GdPAI | debug] ApplyEffect [Before] ID=InstanceId(-9223368079562471671): agent props = {"held_item": "", "entity": null, "hunger": 70.0627442063492}
[GdPAI | debug] ApplyEffect [After] ID=InstanceId(-9223368079562471671): agent props = {"held_item": "", "entity": null, "hunger": 70.0627442063492}
[GdPAI | debug]   Snapshotting prop: held_item = Str("") (Variant type: STRING)
[GdPAI | debug]   Snapshotting prop: entity = Nil (Variant type: NIL)
[GdPAI | debug]   Snapshotting prop: hunger = Float(70.0627442063492) (Variant type: FLOAT)
WARNING: [GdPAI] ObjectRef(1382643928884): object was freed before callback; returning Nil.
   at: gdplanningai_rust::logger::process_logs (src\logger.rs:66)
   GDScript backtrace (most recent call first):
       [0] _process (res://addons/GdPlanningAI/gdpai_autoload.gd:21)
[GdPAI | debug] Discovery: Simulation success for Eat Held Food. Agent props: {"held_item": Str(""), "entity": Nil, "hunger": Float(70.0627442063492)}
[GdPAI | debug] Discovery: Action Eat Held Food satisfied precond Builtin { target: Agent, operation: Equal, property_name: "held_item", value: Some(Str("")) }
[GdPAI | debug] Found candidate: Eat Held Food (satisfied preconds: [0], requirements: [])
WARNING: [GdPAI] ObjectRef(1382643928884): object was freed before callback; returning Nil.
   at: gdplanningai_rust::logger::process_logs (src\logger.rs:66)
   GDScript backtrace (most recent call first):
       [0] _process (res://addons/GdPlanningAI/gdpai_autoload.gd:21)
[GdPAI | debug] GetCost: callable returned non-numeric value: null; returning INFINITY
WARNING: [GdPAI] ObjectRef(124621163998): object was freed before callback; returning Nil.
   at: gdplanningai_rust::logger::process_logs (src\logger.rs:66)
   GDScript backtrace (most recent call first):
       [0] _start_plan_and_wait (res://test/integration/test_campfire_example_smoke.gd:57)
WARNING: [GdPAI] ObjectRef(124621163998): object was freed before callback; returning Nil.
   at: gdplanningai_rust::logger::process_logs (src\logger.rs:66)
   GDScript backtrace (most recent call first):
       [0] _start_plan_and_wait (res://test/integration/test_campfire_example_smoke.gd:57)
WARNING: [GdPAI] ObjectRef(1382643928884): object was freed before callback; returning Nil.
   at: gdplanningai_rust::logger::process_logs (src\logger.rs:66)
   GDScript backtrace (most recent call first):
       [0] _start_plan_and_wait (res://test/integration/test_campfire_example_smoke.gd:57)
[GdPAI | debug] Discovery: Starting simulation for action Go To
WARNING: [GdPAI] ObjectRef(1382643928884): object was freed before callback; returning Nil.
   at: gdplanningai_rust::logger::process_logs (src\logger.rs:66)
   GDScript backtrace (most recent call first):
       [0] _start_plan_and_wait (res://test/integration/test_campfire_example_smoke.gd:57)
[GdPAI | debug] ApplyEffect [Before] ID=InstanceId(-9223368077649868996): agent props = {"hunger": 95.0603725, "entity": null, "held_item": ""}
[GdPAI | debug] ApplyEffect [After] ID=InstanceId(-9223368077649868996): agent props = {"hunger": 95.0603725, "entity": null, "held_item": ""}
[GdPAI | debug]   Snapshotting prop: hunger = Float(95.0603725) (Variant type: FLOAT)
[GdPAI | debug]   Snapshotting prop: entity = Nil (Variant type: NIL)
[GdPAI | debug]   Snapshotting prop: held_item = Str("") (Variant type: STRING)
[GdPAI | debug] Discovery: Simulation success for Pick Up Wood. Agent props: {"entity": Nil, "hunger": Float(95.0603725), "held_item": Str("")}
[GdPAI | debug] Discovery: Action Pick Up Wood satisfied precond Builtin { target: Agent, operation: Equal, property_name: "held_item", value: Some(Str("")) }
[GdPAI | debug] Found candidate: Pick Up Wood (satisfied preconds: [0], requirements: [])
[GdPAI | debug] Discovery: Starting simulation for action Pick Up Wood
WARNING: [GdPAI] ObjectRef(124621163998): object was freed before callback; returning Nil.
   at: gdplanningai_rust::logger::process_logs (src\logger.rs:66)
   GDScript backtrace (most recent call first):
       [0] _process (res://addons/GdPlanningAI/gdpai_autoload.gd:21)
WARNING: [GdPAI] ObjectRef(124621163998): object was freed before callback; returning Nil.
   at: gdplanningai_rust::logger::process_logs (src\logger.rs:66)
   GDScript backtrace (most recent call first):
       [0] _process (res://addons/GdPlanningAI/gdpai_autoload.gd:21)
[GdPAI | debug] GetCost: callable returned non-numeric value: null; returning INFINITY
WARNING: [GdPAI] ObjectRef(1382643928884): object was freed before callback; returning Nil.
   at: gdplanningai_rust::logger::process_logs (src\logger.rs:66)
   GDScript backtrace (most recent call first):
       [0] _process (res://addons/GdPlanningAI/gdpai_autoload.gd:21)
WARNING: [GdPAI] ObjectRef(1382643928884): object was freed before callback; returning Nil.
   at: gdplanningai_rust::logger::process_logs (src\logger.rs:66)
   GDScript backtrace (most recent call first):
       [0] _process (res://addons/GdPlanningAI/gdpai_autoload.gd:21)
[GdPAI | debug] GetCost: callable returned non-numeric value: null; returning INFINITY
WARNING: [GdPAI] ObjectRef(124621163998): object was freed before callback; returning Nil.
   at: gdplanningai_rust::logger::process_logs (src\logger.rs:66)
   GDScript backtrace (most recent call first):
       [0] _start_plan_and_wait (res://test/integration/test_campfire_example_smoke.gd:57)
WARNING: [GdPAI] ObjectRef(124621163998): object was freed before callback; returning Nil.
   at: gdplanningai_rust::logger::process_logs (src\logger.rs:66)
   GDScript backtrace (most recent call first):
       [0] _start_plan_and_wait (res://test/integration/test_campfire_example_smoke.gd:57)
[GdPAI | debug] ApplyEffect [Before] ID=InstanceId(-9223368075519162546): agent props = {"entity": null, "hunger": 70.0627442063492, "held_item": ""}
[GdPAI | debug] ApplyEffect [After] ID=InstanceId(-9223368075519162546): agent props = {"entity": null, "hunger": 70.0627442063492, "held_item": ""}
[GdPAI | debug]   Snapshotting prop: entity = Nil (Variant type: NIL)
[GdPAI | debug]   Snapshotting prop: hunger = Float(70.0627442063492) (Variant type: FLOAT)
[GdPAI | debug]   Snapshotting prop: held_item = Str("") (Variant type: STRING)
WARNING: [GdPAI] ObjectRef(1382643928884): object was freed before callback; returning Nil.
   at: gdplanningai_rust::logger::process_logs (src\logger.rs:66)
   GDScript backtrace (most recent call first):
       [0] _start_plan_and_wait (res://test/integration/test_campfire_example_smoke.gd:57)
[GdPAI | debug] Discovery: Simulation success for Go To. Agent props: {"held_item": Str(""), "hunger": Float(70.0627442063492), "entity": Nil}
[GdPAI | debug] Discovery: Action Go To satisfied precond Builtin { target: Agent, operation: Equal, property_name: "held_item", value: Some(Str("")) }
[GdPAI | debug] Found candidate: Go To (satisfied preconds: [0], requirements: [0, 1, 2, 3])
WARNING: [GdPAI] ObjectRef(1382643928884): object was freed before callback; returning Nil.
   at: gdplanningai_rust::logger::process_logs (src\logger.rs:66)
   GDScript backtrace (most recent call first):
       [0] _start_plan_and_wait (res://test/integration/test_campfire_example_smoke.gd:57)
[GdPAI | debug] ApplyEffect [Before] ID=InstanceId(-9223368074948737202): agent props = {"hunger": 95.0603725, "entity": null, "held_item": ""}
[GdPAI | debug] ApplyEffect [After] ID=InstanceId(-9223368074948737202): agent props = {"hunger": 95.0603725, "entity": null, "held_item": ""}
[GdPAI | debug]   Snapshotting prop: hunger = Float(95.0603725) (Variant type: FLOAT)
[GdPAI | debug]   Snapshotting prop: entity = Nil (Variant type: NIL)
[GdPAI | debug]   Snapshotting prop: held_item = Str("") (Variant type: STRING)
[GdPAI | debug] Discovery: Starting simulation for action Drop Item
[GdPAI | debug] Discovery: Simulation success for Pick Up Wood. Agent props: {"entity": Nil, "hunger": Float(95.0603725), "held_item": Str("")}
[GdPAI | debug] Discovery: Action Pick Up Wood satisfied precond Builtin { target: Agent, operation: Equal, property_name: "held_item", value: Some(Str("")) }
[GdPAI | debug] Found candidate: Pick Up Wood (satisfied preconds: [0], requirements: [])
[GdPAI | debug] Discovery: Starting simulation for action Pick Up Wood
WARNING: [GdPAI] ObjectRef(124621163998): object was freed before callback; returning Nil.
   at: gdplanningai_rust::logger::process_logs (src\logger.rs:66)
   GDScript backtrace (most recent call first):
       [0] _process (res://addons/GdPlanningAI/gdpai_autoload.gd:21)
WARNING: [GdPAI] ObjectRef(124621163998): object was freed before callback; returning Nil.
   at: gdplanningai_rust::logger::process_logs (src\logger.rs:66)
   GDScript backtrace (most recent call first):
       [0] _process (res://addons/GdPlanningAI/gdpai_autoload.gd:21)
[GdPAI | debug] GetCost: callable returned non-numeric value: null; returning INFINITY
WARNING: [GdPAI] ObjectRef(1382643928884): object was freed before callback; returning Nil.
   at: gdplanningai_rust::logger::process_logs (src\logger.rs:66)
   GDScript backtrace (most recent call first):
       [0] _process (res://addons/GdPlanningAI/gdpai_autoload.gd:21)
WARNING: [GdPAI] ObjectRef(1382643928884): object was freed before callback; returning Nil.
   at: gdplanningai_rust::logger::process_logs (src\logger.rs:66)
   GDScript backtrace (most recent call first):
       [0] _process (res://addons/GdPlanningAI/gdpai_autoload.gd:21)
[GdPAI | debug] GetCost: callable returned non-numeric value: null; returning INFINITY
WARNING: [GdPAI] ObjectRef(124621163998): object was freed before callback; returning Nil.
   at: gdplanningai_rust::logger::process_logs (src\logger.rs:66)
   GDScript backtrace (most recent call first):
       [0] _start_plan_and_wait (res://test/integration/test_campfire_example_smoke.gd:57)
WARNING: [GdPAI] ObjectRef(124621163998): object was freed before callback; returning Nil.
   at: gdplanningai_rust::logger::process_logs (src\logger.rs:66)
   GDScript backtrace (most recent call first):
       [0] _start_plan_and_wait (res://test/integration/test_campfire_example_smoke.gd:57)
[GdPAI | debug] ApplyEffect [Before] ID=InstanceId(-9223368072818030742): agent props = {"hunger": 70.0627442063492, "held_item": "", "entity": null}
[GdPAI | debug] ApplyEffect [After] ID=InstanceId(-9223368072818030742): agent props = {"hunger": 70.0627442063492, "held_item": "", "entity": null}
[GdPAI | debug]   Snapshotting prop: hunger = Float(70.0627442063492) (Variant type: FLOAT)
[GdPAI | debug]   Snapshotting prop: held_item = Str("") (Variant type: STRING)
[GdPAI | debug]   Snapshotting prop: entity = Nil (Variant type: NIL)
WARNING: [GdPAI] ObjectRef(1382643928884): object was freed before callback; returning Nil.
   at: gdplanningai_rust::logger::process_logs (src\logger.rs:66)
   GDScript backtrace (most recent call first):
       [0] _start_plan_and_wait (res://test/integration/test_campfire_example_smoke.gd:57)
[GdPAI | debug] Discovery: Simulation success for Drop Item. Agent props: {"held_item": Str(""), "entity": Nil, "hunger": Float(70.0627442063492)}
[GdPAI | debug] Discovery: Action Drop Item satisfied precond Builtin { target: Agent, operation: Equal, property_name: "held_item", value: Some(Str("")) }
[GdPAI | debug] Found candidate: Drop Item (satisfied preconds: [0], requirements: [])
WARNING: [GdPAI] ObjectRef(1382643928884): object was freed before callback; returning Nil.
   at: gdplanningai_rust::logger::process_logs (src\logger.rs:66)
   GDScript backtrace (most recent call first):
       [0] _start_plan_and_wait (res://test/integration/test_campfire_example_smoke.gd:57)
[GdPAI | debug] ApplyEffect [Before] ID=InstanceId(-9223368072247605398): agent props = {"hunger": 95.0603725, "entity": null, "held_item": ""}
[GdPAI | debug] ApplyEffect [After] ID=InstanceId(-9223368072247605398): agent props = {"hunger": 95.0603725, "entity": null, "held_item": ""}
[GdPAI | debug]   Snapshotting prop: hunger = Float(95.0603725) (Variant type: FLOAT)
[GdPAI | debug]   Snapshotting prop: entity = Nil (Variant type: NIL)
[GdPAI | debug]   Snapshotting prop: held_item = Str("") (Variant type: STRING)
[GdPAI | debug] Discovery: Starting simulation for action Add Fuel
[GdPAI | debug] Discovery: Simulation success for Pick Up Wood. Agent props: {"hunger": Float(95.0603725), "entity": Nil, "held_item": Str("")}
[GdPAI | debug] Discovery: Action Pick Up Wood satisfied precond Builtin { target: Agent, operation: Equal, property_name: "held_item", value: Some(Str("")) }
[GdPAI | debug] Found candidate: Pick Up Wood (satisfied preconds: [0], requirements: [])
[GdPAI | debug] Discovery: Starting simulation for action Pick Up Wood
WARNING: [GdPAI] ObjectRef(124621163998): object was freed before callback; returning Nil.
   at: gdplanningai_rust::logger::process_logs (src\logger.rs:66)
   GDScript backtrace (most recent call first):
       [0] _process (res://addons/GdPlanningAI/gdpai_autoload.gd:21)
WARNING: [GdPAI] ObjectRef(124621163998): object was freed before callback; returning Nil.
   at: gdplanningai_rust::logger::process_logs (src\logger.rs:66)
   GDScript backtrace (most recent call first):
       [0] _process (res://addons/GdPlanningAI/gdpai_autoload.gd:21)
[GdPAI | debug] GetCost: callable returned non-numeric value: null; returning INFINITY
WARNING: [GdPAI] ObjectRef(1382643928884): object was freed before callback; returning Nil.
   at: gdplanningai_rust::logger::process_logs (src\logger.rs:66)
   GDScript backtrace (most recent call first):
       [0] _process (res://addons/GdPlanningAI/gdpai_autoload.gd:21)
WARNING: [GdPAI] ObjectRef(1382643928884): object was freed before callback; returning Nil.
   at: gdplanningai_rust::logger::process_logs (src\logger.rs:66)
   GDScript backtrace (most recent call first):
       [0] _process (res://addons/GdPlanningAI/gdpai_autoload.gd:21)
[GdPAI | debug] GetCost: callable returned non-numeric value: null; returning INFINITY
WARNING: [GdPAI] ObjectRef(124621163998): object was freed before callback; returning Nil.
   at: gdplanningai_rust::logger::process_logs (src\logger.rs:66)
   GDScript backtrace (most recent call first):
       [0] _start_plan_and_wait (res://test/integration/test_campfire_example_smoke.gd:57)
WARNING: [GdPAI] ObjectRef(124621163998): object was freed before callback; returning Nil.
   at: gdplanningai_rust::logger::process_logs (src\logger.rs:66)
   GDScript backtrace (most recent call first):
       [0] _start_plan_and_wait (res://test/integration/test_campfire_example_smoke.gd:57)
[GdPAI | debug] ApplyEffect [Before] ID=InstanceId(-9223368070116898941): agent props = {"hunger": 70.0627442063492, "entity": null, "held_item": "wood"}
[GdPAI | debug] ApplyEffect [After] ID=InstanceId(-9223368070116898941): agent props = {"hunger": 70.0627442063492, "entity": null, "held_item": "wood"}
[GdPAI | debug]   Snapshotting prop: hunger = Float(70.0627442063492) (Variant type: FLOAT)
[GdPAI | debug]   Snapshotting prop: entity = Nil (Variant type: NIL)
[GdPAI | debug]   Snapshotting prop: held_item = Str("wood") (Variant type: STRING)
WARNING: [GdPAI] ObjectRef(1382643928884): object was freed before callback; returning Nil.
   at: gdplanningai_rust::logger::process_logs (src\logger.rs:66)
   GDScript backtrace (most recent call first):
       [0] _start_plan_and_wait (res://test/integration/test_campfire_example_smoke.gd:57)
[GdPAI | debug] Discovery: Simulation success for Add Fuel. Agent props: {"held_item": Str("wood"), "hunger": Float(70.0627442063492), "entity": Nil}
[GdPAI | debug] Discovery: Action Add Fuel did NOT satisfy precond Builtin { target: Agent, operation: Equal, property_name: "held_item", value: Some(Str("")) }
WARNING: [GdPAI] ObjectRef(1382643928884): object was freed before callback; returning Nil.
   at: gdplanningai_rust::logger::process_logs (src\logger.rs:66)
   GDScript backtrace (most recent call first):
       [0] _start_plan_and_wait (res://test/integration/test_campfire_example_smoke.gd:57)
[GdPAI | debug] ApplyEffect [Before] ID=InstanceId(-9223368069546473597): agent props = {"entity": null, "held_item": "", "hunger": 95.0603725}
[GdPAI | debug] ApplyEffect [After] ID=InstanceId(-9223368069546473597): agent props = {"entity": null, "held_item": "", "hunger": 95.0603725}
[GdPAI | debug]   Snapshotting prop: entity = Nil (Variant type: NIL)
[GdPAI | debug]   Snapshotting prop: held_item = Str("") (Variant type: STRING)
[GdPAI | debug]   Snapshotting prop: hunger = Float(95.0603725) (Variant type: FLOAT)
[GdPAI | debug] Discovery: Simulation success for Pick Up Wood. Agent props: {"held_item": Str(""), "entity": Nil, "hunger": Float(95.0603725)}
[GdPAI | debug] Discovery: Action Pick Up Wood satisfied precond Builtin { target: Agent, operation: Equal, property_name: "held_item", value: Some(Str("")) }
[GdPAI | debug] Found candidate: Pick Up Wood (satisfied preconds: [0], requirements: [])
WARNING: [GdPAI] ObjectRef(124621163998): object was freed before callback; returning Nil.
   at: gdplanningai_rust::logger::process_logs (src\logger.rs:66)
   GDScript backtrace (most recent call first):
       [0] _process (res://addons/GdPlanningAI/gdpai_autoload.gd:21)
WARNING: [GdPAI] ObjectRef(124621163998): object was freed before callback; returning Nil.
   at: gdplanningai_rust::logger::process_logs (src\logger.rs:66)
   GDScript backtrace (most recent call first):
       [0] _process (res://addons/GdPlanningAI/gdpai_autoload.gd:21)
WARNING: [GdPAI] ObjectRef(1382643928884): object was freed before callback; returning Nil.
   at: gdplanningai_rust::logger::process_logs (src\logger.rs:66)
   GDScript backtrace (most recent call first):
       [0] _process (res://addons/GdPlanningAI/gdpai_autoload.gd:21)
[GdPAI | debug] Discovery: Action Cook Potato failed validity check, skipping
[GdPAI | debug] Discovery: Starting simulation for action Pick Up Wood
WARNING: [GdPAI] ObjectRef(1382643928884): object was freed before callback; returning Nil.
   at: gdplanningai_rust::logger::process_logs (src\logger.rs:66)
   GDScript backtrace (most recent call first):
       [0] _process (res://addons/GdPlanningAI/gdpai_autoload.gd:21)
[GdPAI | debug] Discovery: Action Dig Potato failed validity check, skipping
WARNING: [GdPAI] ObjectRef(124621163998): object was freed before callback; returning Nil.
   at: gdplanningai_rust::logger::process_logs (src\logger.rs:66)
   GDScript backtrace (most recent call first):
       [0] _start_plan_and_wait (res://test/integration/test_campfire_example_smoke.gd:57)
WARNING: [GdPAI] ObjectRef(124621163998): object was freed before callback; returning Nil.
   at: gdplanningai_rust::logger::process_logs (src\logger.rs:66)
   GDScript backtrace (most recent call first):
       [0] _start_plan_and_wait (res://test/integration/test_campfire_example_smoke.gd:57)
[GdPAI | debug] GetCost: callable returned non-numeric value: null; returning INFINITY
WARNING: [GdPAI] ObjectRef(1382643928884): object was freed before callback; returning Nil.
   at: gdplanningai_rust::logger::process_logs (src\logger.rs:66)
   GDScript backtrace (most recent call first):
       [0] _start_plan_and_wait (res://test/integration/test_campfire_example_smoke.gd:57)
WARNING: [GdPAI] ObjectRef(1382643928884): object was freed before callback; returning Nil.
   at: gdplanningai_rust::logger::process_logs (src\logger.rs:66)
   GDScript backtrace (most recent call first):
       [0] _start_plan_and_wait (res://test/integration/test_campfire_example_smoke.gd:57)
[GdPAI | debug] Discovery: Action Dig Potato failed validity check, skipping
WARNING: [GdPAI] ObjectRef(124621163998): object was freed before callback; returning Nil.
   at: gdplanningai_rust::logger::process_logs (src\logger.rs:66)
   GDScript backtrace (most recent call first):
       [0] _process (res://addons/GdPlanningAI/gdpai_autoload.gd:21)
WARNING: [GdPAI] ObjectRef(124621163998): object was freed before callback; returning Nil.
   at: gdplanningai_rust::logger::process_logs (src\logger.rs:66)
   GDScript backtrace (most recent call first):
       [0] _process (res://addons/GdPlanningAI/gdpai_autoload.gd:21)
[GdPAI | debug] ApplyEffect [Before] ID=InstanceId(-9223368066056812654): agent props = {"hunger": 70.0627442063492, "held_item": "", "entity": null}
[GdPAI | debug] ApplyEffect [After] ID=InstanceId(-9223368066056812654): agent props = {"hunger": 70.0627442063492, "held_item": "", "entity": null}
[GdPAI | debug]   Snapshotting prop: hunger = Float(70.0627442063492) (Variant type: FLOAT)
[GdPAI | debug]   Snapshotting prop: held_item = Str("") (Variant type: STRING)
[GdPAI | debug]   Snapshotting prop: entity = Nil (Variant type: NIL)
WARNING: [GdPAI] ObjectRef(1382643928884): object was freed before callback; returning Nil.
   at: gdplanningai_rust::logger::process_logs (src\logger.rs:66)
   GDScript backtrace (most recent call first):
       [0] _process (res://addons/GdPlanningAI/gdpai_autoload.gd:21)
[GdPAI | debug] Discovery: Simulation success for Pick Up Wood. Agent props: {"entity": Nil, "hunger": Float(70.0627442063492), "held_item": Str("")}
[GdPAI | debug] Discovery: Action Pick Up Wood satisfied precond Builtin { target: Agent, operation: Equal, property_name: "held_item", value: Some(Str("")) }
[GdPAI | debug] Found candidate: Pick Up Wood (satisfied preconds: [0], requirements: [])
WARNING: [GdPAI] ObjectRef(1382643928884): object was freed before callback; returning Nil.
   at: gdplanningai_rust::logger::process_logs (src\logger.rs:66)
   GDScript backtrace (most recent call first):
       [0] _process (res://addons/GdPlanningAI/gdpai_autoload.gd:21)
[GdPAI | debug] Discovery: Starting simulation for action Pick Up Wood
[GdPAI | debug] Discovery: Action Dig Potato failed validity check, skipping
WARNING: [GdPAI] ObjectRef(124621163998): object was freed before callback; returning Nil.
   at: gdplanningai_rust::logger::process_logs (src\logger.rs:66)
   GDScript backtrace (most recent call first):
       [0] _start_plan_and_wait (res://test/integration/test_campfire_example_smoke.gd:57)
WARNING: [GdPAI] ObjectRef(124621163998): object was freed before callback; returning Nil.
   at: gdplanningai_rust::logger::process_logs (src\logger.rs:66)
   GDScript backtrace (most recent call first):
       [0] _start_plan_and_wait (res://test/integration/test_campfire_example_smoke.gd:57)
[GdPAI | debug] GetCost: callable returned non-numeric value: null; returning INFINITY
WARNING: [GdPAI] ObjectRef(1382643928884): object was freed before callback; returning Nil.
   at: gdplanningai_rust::logger::process_logs (src\logger.rs:66)
   GDScript backtrace (most recent call first):
       [0] _start_plan_and_wait (res://test/integration/test_campfire_example_smoke.gd:57)
WARNING: [GdPAI] ObjectRef(1382643928884): object was freed before callback; returning Nil.
   at: gdplanningai_rust::logger::process_logs (src\logger.rs:66)
   GDScript backtrace (most recent call first):
       [0] _start_plan_and_wait (res://test/integration/test_campfire_example_smoke.gd:57)
[GdPAI | debug] Discovery: Action Dig Potato failed validity check, skipping
WARNING: [GdPAI] ObjectRef(124621163998): object was freed before callback; returning Nil.
   at: gdplanningai_rust::logger::process_logs (src\logger.rs:66)
   GDScript backtrace (most recent call first):
       [0] _process (res://addons/GdPlanningAI/gdpai_autoload.gd:21)
WARNING: [GdPAI] ObjectRef(124621163998): object was freed before callback; returning Nil.
   at: gdplanningai_rust::logger::process_logs (src\logger.rs:66)
   GDScript backtrace (most recent call first):
       [0] _process (res://addons/GdPlanningAI/gdpai_autoload.gd:21)
[GdPAI | debug] ApplyEffect [Before] ID=InstanceId(-9223368063355680882): agent props = {"held_item": "", "hunger": 70.0627442063492, "entity": null}
[GdPAI | debug] ApplyEffect [After] ID=InstanceId(-9223368063355680882): agent props = {"held_item": "", "hunger": 70.0627442063492, "entity": null}
[GdPAI | debug]   Snapshotting prop: held_item = Str("") (Variant type: STRING)
[GdPAI | debug]   Snapshotting prop: hunger = Float(70.0627442063492) (Variant type: FLOAT)
[GdPAI | debug]   Snapshotting prop: entity = Nil (Variant type: NIL)
WARNING: [GdPAI] ObjectRef(1382643928884): object was freed before callback; returning Nil.
   at: gdplanningai_rust::logger::process_logs (src\logger.rs:66)
   GDScript backtrace (most recent call first):
       [0] _process (res://addons/GdPlanningAI/gdpai_autoload.gd:21)
[GdPAI | debug] Discovery: Simulation success for Pick Up Wood. Agent props: {"hunger": Float(70.0627442063492), "held_item": Str(""), "entity": Nil}
[GdPAI | debug] Discovery: Action Pick Up Wood satisfied precond Builtin { target: Agent, operation: Equal, property_name: "held_item", value: Some(Str("")) }
[GdPAI | debug] Found candidate: Pick Up Wood (satisfied preconds: [0], requirements: [])
WARNING: [GdPAI] ObjectRef(1382643928884): object was freed before callback; returning Nil.
   at: gdplanningai_rust::logger::process_logs (src\logger.rs:66)
   GDScript backtrace (most recent call first):
       [0] _process (res://addons/GdPlanningAI/gdpai_autoload.gd:21)
[GdPAI | debug] Discovery: Starting simulation for action Pick Up Wood
[GdPAI | debug] Discovery: Action Dig Potato failed validity check, skipping
WARNING: [GdPAI] ObjectRef(124621163998): object was freed before callback; returning Nil.
   at: gdplanningai_rust::logger::process_logs (src\logger.rs:66)
   GDScript backtrace (most recent call first):
       [0] _start_plan_and_wait (res://test/integration/test_campfire_example_smoke.gd:57)
WARNING: [GdPAI] ObjectRef(124621163998): object was freed before callback; returning Nil.
   at: gdplanningai_rust::logger::process_logs (src\logger.rs:66)
   GDScript backtrace (most recent call first):
       [0] _start_plan_and_wait (res://test/integration/test_campfire_example_smoke.gd:57)
[GdPAI | debug] GetCost: callable returned non-numeric value: null; returning INFINITY
WARNING: [GdPAI] ObjectRef(1382643928884): object was freed before callback; returning Nil.
   at: gdplanningai_rust::logger::process_logs (src\logger.rs:66)
   GDScript backtrace (most recent call first):
       [0] _start_plan_and_wait (res://test/integration/test_campfire_example_smoke.gd:57)
WARNING: [GdPAI] ObjectRef(1382643928884): object was freed before callback; returning Nil.
   at: gdplanningai_rust::logger::process_logs (src\logger.rs:66)
   GDScript backtrace (most recent call first):
       [0] _start_plan_and_wait (res://test/integration/test_campfire_example_smoke.gd:57)
WARNING: [GdPAI] ObjectRef(1382308384561): object was freed before callback; returning Nil.
   at: gdplanningai_rust::logger::process_logs (src\logger.rs:66)
   GDScript backtrace (most recent call first):
       [0] _start_plan_and_wait (res://test/integration/test_campfire_example_smoke.gd:57)
WARNING: [GdPAI] ObjectRef(1383499573091): object was freed before callback; returning Nil.
   at: gdplanningai_rust::logger::process_logs (src\logger.rs:66)
   GDScript backtrace (most recent call first):
       [0] _start_plan_and_wait (res://test/integration/test_campfire_example_smoke.gd:57)
WARNING: [GdPAI] ObjectRef(1382308384561): object was freed before callback; returning Nil.
   at: gdplanningai_rust::logger::process_logs (src\logger.rs:66)
   GDScript backtrace (most recent call first):
       [0] _start_plan_and_wait (res://test/integration/test_campfire_example_smoke.gd:57)
WARNING: [GdPAI] ObjectRef(1383499573091): object was freed before callback; returning Nil.
   at: gdplanningai_rust::logger::process_logs (src\logger.rs:66)
   GDScript backtrace (most recent call first):
       [0] _start_plan_and_wait (res://test/integration/test_campfire_example_smoke.gd:57)
[GdPAI | debug] GetCost: callable returned non-numeric value: null; returning INFINITY
WARNING: [GdPAI] ObjectRef(124621163998): object was freed before callback; returning Nil.
   at: gdplanningai_rust::logger::process_logs (src\logger.rs:66)
   GDScript backtrace (most recent call first):
       [0] _process (res://addons/GdPlanningAI/gdpai_autoload.gd:21)
WARNING: [GdPAI] ObjectRef(124621163998): object was freed before callback; returning Nil.
   at: gdplanningai_rust::logger::process_logs (src\logger.rs:66)
   GDScript backtrace (most recent call first):
       [0] _process (res://addons/GdPlanningAI/gdpai_autoload.gd:21)
[GdPAI | debug] ApplyEffect [Before] ID=InstanceId(-9223368060453222480): agent props = {"held_item": "", "hunger": 70.0627442063492, "entity": null}
[GdPAI | debug] ApplyEffect [After] ID=InstanceId(-9223368060453222480): agent props = {"held_item": "", "hunger": 70.0627442063492, "entity": null}
[GdPAI | debug]   Snapshotting prop: held_item = Str("") (Variant type: STRING)
[GdPAI | debug]   Snapshotting prop: hunger = Float(70.0627442063492) (Variant type: FLOAT)
[GdPAI | debug]   Snapshotting prop: entity = Nil (Variant type: NIL)
WARNING: [GdPAI] ObjectRef(1382643928884): object was freed before callback; returning Nil.
   at: gdplanningai_rust::logger::process_logs (src\logger.rs:66)
   GDScript backtrace (most recent call first):
       [0] _process (res://addons/GdPlanningAI/gdpai_autoload.gd:21)
[GdPAI | debug] Discovery: Simulation success for Pick Up Wood. Agent props: {"hunger": Float(70.0627442063492), "held_item": Str(""), "entity": Nil}
[GdPAI | debug] Discovery: Action Pick Up Wood satisfied precond Builtin { target: Agent, operation: Equal, property_name: "held_item", value: Some(Str("")) }
[GdPAI | debug] Found candidate: Pick Up Wood (satisfied preconds: [0], requirements: [])
WARNING: [GdPAI] ObjectRef(1382643928884): object was freed before callback; returning Nil.
   at: gdplanningai_rust::logger::process_logs (src\logger.rs:66)
   GDScript backtrace (most recent call first):
       [0] _process (res://addons/GdPlanningAI/gdpai_autoload.gd:21)
WARNING: [GdPAI] ObjectRef(1382308384561): object was freed before callback; returning Nil.
   at: gdplanningai_rust::logger::process_logs (src\logger.rs:66)
   GDScript backtrace (most recent call first):
       [0] _process (res://addons/GdPlanningAI/gdpai_autoload.gd:21)
WARNING: [GdPAI] ObjectRef(1383499573091): object was freed before callback; returning Nil.
   at: gdplanningai_rust::logger::process_logs (src\logger.rs:66)
   GDScript backtrace (most recent call first):
       [0] _process (res://addons/GdPlanningAI/gdpai_autoload.gd:21)
WARNING: [GdPAI] ObjectRef(1382308384561): object was freed before callback; returning Nil.
   at: gdplanningai_rust::logger::process_logs (src\logger.rs:66)
   GDScript backtrace (most recent call first):
       [0] _process (res://addons/GdPlanningAI/gdpai_autoload.gd:21)
WARNING: [GdPAI] ObjectRef(1383499573091): object was freed before callback; returning Nil.
   at: gdplanningai_rust::logger::process_logs (src\logger.rs:66)
   GDScript backtrace (most recent call first):
       [0] _process (res://addons/GdPlanningAI/gdpai_autoload.gd:21)
[GdPAI | debug] ApplyEffect [Before] ID=InstanceId(-9223368059882797136): agent props = {"entity": null, "held_item": "", "at_target": null, "hunger": 95.0603725}
[GdPAI | debug] ApplyEffect [After] ID=InstanceId(-9223368059882797136): agent props = {"entity": null, "held_item": "", "at_target": null, "hunger": 95.0603725}
[GdPAI | debug]   Snapshotting prop: entity = Nil (Variant type: NIL)
[GdPAI | debug]   Snapshotting prop: held_item = Str("") (Variant type: STRING)
[GdPAI | debug]   Snapshotting prop: at_target = Nil (Variant type: NIL)
[GdPAI | debug]   Snapshotting prop: hunger = Float(95.0603725) (Variant type: FLOAT)
[GdPAI | debug] Discovery: Starting simulation for action Pick Up Wood
WARNING: [GdPAI] ObjectRef(124621163998): object was freed before callback; returning Nil.
   at: gdplanningai_rust::logger::process_logs (src\logger.rs:66)
   GDScript backtrace (most recent call first):
       [0] _start_plan_and_wait (res://test/integration/test_campfire_example_smoke.gd:57)
WARNING: [GdPAI] ObjectRef(124621163998): object was freed before callback; returning Nil.
   at: gdplanningai_rust::logger::process_logs (src\logger.rs:66)
   GDScript backtrace (most recent call first):
       [0] _start_plan_and_wait (res://test/integration/test_campfire_example_smoke.gd:57)
[GdPAI | debug] GetCost: callable returned non-numeric value: null; returning INFINITY
WARNING: [GdPAI] ObjectRef(1382643928884): object was freed before callback; returning Nil.
   at: gdplanningai_rust::logger::process_logs (src\logger.rs:66)
   GDScript backtrace (most recent call first):
       [0] _start_plan_and_wait (res://test/integration/test_campfire_example_smoke.gd:57)
WARNING: [GdPAI] ObjectRef(1383499573091): object was freed before callback; returning Nil.
   at: gdplanningai_rust::logger::process_logs (src\logger.rs:66)
   GDScript backtrace (most recent call first):
       [0] _start_plan_and_wait (res://test/integration/test_campfire_example_smoke.gd:57)
WARNING: [GdPAI] ObjectRef(1383499573091): object was freed before callback; returning Nil.
   at: gdplanningai_rust::logger::process_logs (src\logger.rs:66)
   GDScript backtrace (most recent call first):
       [0] _start_plan_and_wait (res://test/integration/test_campfire_example_smoke.gd:57)
[GdPAI | debug] GetCost: callable returned non-numeric value: null; returning INFINITY
WARNING: [GdPAI] ObjectRef(124621163998): object was freed before callback; returning Nil.
   at: gdplanningai_rust::logger::process_logs (src\logger.rs:66)
   GDScript backtrace (most recent call first):
       [0] _process (res://addons/GdPlanningAI/gdpai_autoload.gd:21)
WARNING: [GdPAI] ObjectRef(124621163998): object was freed before callback; returning Nil.
   at: gdplanningai_rust::logger::process_logs (src\logger.rs:66)
   GDScript backtrace (most recent call first):
       [0] _process (res://addons/GdPlanningAI/gdpai_autoload.gd:21)
[GdPAI | debug] ApplyEffect [Before] ID=InstanceId(-9223368057500432423): agent props = {"held_item": "", "hunger": 70.0627442063492, "entity": null}
[GdPAI | debug] ApplyEffect [After] ID=InstanceId(-9223368057500432423): agent props = {"held_item": "", "hunger": 70.0627442063492, "entity": null}
[GdPAI | debug]   Snapshotting prop: held_item = Str("") (Variant type: STRING)
[GdPAI | debug]   Snapshotting prop: hunger = Float(70.0627442063492) (Variant type: FLOAT)
[GdPAI | debug]   Snapshotting prop: entity = Nil (Variant type: NIL)
[GdPAI | debug] Discovery: Simulation success for Pick Up Wood. Agent props: {"hunger": Float(70.0627442063492), "entity": Nil, "held_item": Str("")}
[GdPAI | debug] Discovery: Action Pick Up Wood satisfied precond Builtin { target: Agent, operation: Equal, property_name: "held_item", value: Some(Str("")) }
WARNING: [GdPAI] ObjectRef(1382643928884): object was freed before callback; returning Nil.
   at: gdplanningai_rust::logger::process_logs (src\logger.rs:66)
   GDScript backtrace (most recent call first):
       [0] _process (res://addons/GdPlanningAI/gdpai_autoload.gd:21)
[GdPAI | debug] Found candidate: Pick Up Wood (satisfied preconds: [0], requirements: [])
WARNING: [GdPAI] ObjectRef(1383499573091): object was freed before callback; returning Nil.
   at: gdplanningai_rust::logger::process_logs (src\logger.rs:66)
   GDScript backtrace (most recent call first):
       [0] _process (res://addons/GdPlanningAI/gdpai_autoload.gd:21)
WARNING: [GdPAI] ObjectRef(1383499573091): object was freed before callback; returning Nil.
   at: gdplanningai_rust::logger::process_logs (src\logger.rs:66)
   GDScript backtrace (most recent call first):
       [0] _process (res://addons/GdPlanningAI/gdpai_autoload.gd:21)
[GdPAI | debug] ApplyEffect [Before] ID=InstanceId(-9223368056930007079): agent props = {"entity": null, "at_target": null, "held_item": "", "hunger": 95.0603725}
[GdPAI | debug] ApplyEffect [After] ID=InstanceId(-9223368056930007079): agent props = {"entity": null, "at_target": null, "held_item": "", "hunger": 95.0603725}
[GdPAI | debug]   Snapshotting prop: entity = Nil (Variant type: NIL)
[GdPAI | debug]   Snapshotting prop: at_target = Nil (Variant type: NIL)
[GdPAI | debug]   Snapshotting prop: held_item = Str("") (Variant type: STRING)
[GdPAI | debug]   Snapshotting prop: hunger = Float(95.0603725) (Variant type: FLOAT)
WARNING: [GdPAI] ObjectRef(124621163998): object was freed before callback; returning Nil.
   at: gdplanningai_rust::logger::process_logs (src\logger.rs:66)
   GDScript backtrace (most recent call first):
       [0] _start_plan_and_wait (res://test/integration/test_campfire_example_smoke.gd:57)
WARNING: [GdPAI] ObjectRef(124621163998): object was freed before callback; returning Nil.
   at: gdplanningai_rust::logger::process_logs (src\logger.rs:66)
   GDScript backtrace (most recent call first):
       [0] _start_plan_and_wait (res://test/integration/test_campfire_example_smoke.gd:57)
[GdPAI | debug] Discovery: Action Dig Potato failed validity check, skipping
WARNING: [GdPAI] ObjectRef(1382643928884): object was freed before callback; returning Nil.
   at: gdplanningai_rust::logger::process_logs (src\logger.rs:66)
   GDScript backtrace (most recent call first):
       [0] _start_plan_and_wait (res://test/integration/test_campfire_example_smoke.gd:57)
WARNING: [GdPAI] ObjectRef(1382308384561): object was freed before callback; returning Nil.
   at: gdplanningai_rust::logger::process_logs (src\logger.rs:66)
   GDScript backtrace (most recent call first):
       [0] _start_plan_and_wait (res://test/integration/test_campfire_example_smoke.gd:57)
WARNING: [GdPAI] ObjectRef(1382308384561): object was freed before callback; returning Nil.
   at: gdplanningai_rust::logger::process_logs (src\logger.rs:66)
   GDScript backtrace (most recent call first):
       [0] _start_plan_and_wait (res://test/integration/test_campfire_example_smoke.gd:57)
[GdPAI | debug] GetCost: callable returned non-numeric value: null; returning INFINITY
WARNING: [GdPAI] ObjectRef(124621163998): object was freed before callback; returning Nil.
   at: gdplanningai_rust::logger::process_logs (src\logger.rs:66)
   GDScript backtrace (most recent call first):
       [0] _process (res://addons/GdPlanningAI/gdpai_autoload.gd:21)
WARNING: [GdPAI] ObjectRef(124621163998): object was freed before callback; returning Nil.
   at: gdplanningai_rust::logger::process_logs (src\logger.rs:66)
   GDScript backtrace (most recent call first):
       [0] _process (res://addons/GdPlanningAI/gdpai_autoload.gd:21)
[GdPAI | debug] Discovery: Action Dig Potato failed validity check, skipping
WARNING: [GdPAI] ObjectRef(1382643928884): object was freed before callback; returning Nil.
   at: gdplanningai_rust::logger::process_logs (src\logger.rs:66)
   GDScript backtrace (most recent call first):
       [0] _process (res://addons/GdPlanningAI/gdpai_autoload.gd:21)
WARNING: [GdPAI] ObjectRef(1382308384561): object was freed before callback; returning Nil.
   at: gdplanningai_rust::logger::process_logs (src\logger.rs:66)
   GDScript backtrace (most recent call first):
       [0] _process (res://addons/GdPlanningAI/gdpai_autoload.gd:21)
WARNING: [GdPAI] ObjectRef(1382308384561): object was freed before callback; returning Nil.
   at: gdplanningai_rust::logger::process_logs (src\logger.rs:66)
   GDScript backtrace (most recent call first):
       [0] _process (res://addons/GdPlanningAI/gdpai_autoload.gd:21)
[GdPAI | debug] ApplyEffect [Before] ID=InstanceId(-9223368054128211961): agent props = {"hunger": 95.0603725, "entity": null, "at_target": null, "held_item": ""}
[GdPAI | debug] ApplyEffect [After] ID=InstanceId(-9223368054128211961): agent props = {"hunger": 95.0603725, "entity": null, "at_target": null, "held_item": ""}
[GdPAI | debug]   Snapshotting prop: hunger = Float(95.0603725) (Variant type: FLOAT)
[GdPAI | debug]   Snapshotting prop: entity = Nil (Variant type: NIL)
[GdPAI | debug]   Snapshotting prop: at_target = Nil (Variant type: NIL)
[GdPAI | debug]   Snapshotting prop: held_item = Str("") (Variant type: STRING)
WARNING: [GdPAI] ObjectRef(124621163998): object was freed before callback; returning Nil.
   at: gdplanningai_rust::logger::process_logs (src\logger.rs:66)
   GDScript backtrace (most recent call first):
       [0] _start_plan_and_wait (res://test/integration/test_campfire_example_smoke.gd:57)
WARNING: [GdPAI] ObjectRef(124621163998): object was freed before callback; returning Nil.
   at: gdplanningai_rust::logger::process_logs (src\logger.rs:66)
   GDScript backtrace (most recent call first):
       [0] _start_plan_and_wait (res://test/integration/test_campfire_example_smoke.gd:57)
[GdPAI | debug] Discovery: Action Dig Potato failed validity check, skipping
WARNING: [GdPAI] ObjectRef(1382643928884): object was freed before callback; returning Nil.
   at: gdplanningai_rust::logger::process_logs (src\logger.rs:66)
   GDScript backtrace (most recent call first):
       [0] _start_plan_and_wait (res://test/integration/test_campfire_example_smoke.gd:57)
[GdPAI | debug] GetCost: callable returned non-numeric value: null; returning INFINITY
WARNING: [GdPAI] ObjectRef(124621163998): object was freed before callback; returning Nil.
   at: gdplanningai_rust::logger::process_logs (src\logger.rs:66)
   GDScript backtrace (most recent call first):
       [0] _process (res://addons/GdPlanningAI/gdpai_autoload.gd:21)
WARNING: [GdPAI] ObjectRef(124621163998): object was freed before callback; returning Nil.
   at: gdplanningai_rust::logger::process_logs (src\logger.rs:66)
   GDScript backtrace (most recent call first):
       [0] _process (res://addons/GdPlanningAI/gdpai_autoload.gd:21)
[GdPAI | debug] Discovery: Action Dig Potato failed validity check, skipping
WARNING: [GdPAI] ObjectRef(1382643928884): object was freed before callback; returning Nil.
   at: gdplanningai_rust::logger::process_logs (src\logger.rs:66)
   GDScript backtrace (most recent call first):
       [0] _process (res://addons/GdPlanningAI/gdpai_autoload.gd:21)
[GdPAI | debug] ApplyEffect [Before] ID=InstanceId(-9223368051427080156): agent props = {"at_target": null, "hunger": 95.0603725, "held_item": "wood", "entity": null}
[GdPAI | debug] ApplyEffect [After] ID=InstanceId(-9223368051427080156): agent props = {"at_target": null, "hunger": 95.0603725, "held_item": "wood", "entity": null}
[GdPAI | debug]   Snapshotting prop: at_target = Nil (Variant type: NIL)
[GdPAI | debug]   Snapshotting prop: hunger = Float(95.0603725) (Variant type: FLOAT)
[GdPAI | debug]   Snapshotting prop: held_item = Str("wood") (Variant type: STRING)
[GdPAI | debug]   Snapshotting prop: entity = Nil (Variant type: NIL)
WARNING: [GdPAI] ObjectRef(124621163998): object was freed before callback; returning Nil.
   at: gdplanningai_rust::logger::process_logs (src\logger.rs:66)
   GDScript backtrace (most recent call first):
       [0] _start_plan_and_wait (res://test/integration/test_campfire_example_smoke.gd:57)
WARNING: [GdPAI] ObjectRef(124621163998): object was freed before callback; returning Nil.
   at: gdplanningai_rust::logger::process_logs (src\logger.rs:66)
   GDScript backtrace (most recent call first):
       [0] _start_plan_and_wait (res://test/integration/test_campfire_example_smoke.gd:57)
WARNING: [GdPAI] ObjectRef(1382643928884): object was freed before callback; returning Nil.
   at: gdplanningai_rust::logger::process_logs (src\logger.rs:66)
   GDScript backtrace (most recent call first):
       [0] _start_plan_and_wait (res://test/integration/test_campfire_example_smoke.gd:57)
[GdPAI | debug] Discovery: Action Dig Potato failed validity check, skipping
WARNING: [GdPAI] ObjectRef(1382643928884): object was freed before callback; returning Nil.
   at: gdplanningai_rust::logger::process_logs (src\logger.rs:66)
   GDScript backtrace (most recent call first):
       [0] _start_plan_and_wait (res://test/integration/test_campfire_example_smoke.gd:57)
[GdPAI | debug] GetCost: callable returned non-numeric value: null; returning INFINITY
WARNING: [GdPAI] ObjectRef(124621163998): object was freed before callback; returning Nil.
   at: gdplanningai_rust::logger::process_logs (src\logger.rs:66)
   GDScript backtrace (most recent call first):
       [0] _process (res://addons/GdPlanningAI/gdpai_autoload.gd:21)
WARNING: [GdPAI] ObjectRef(124621163998): object was freed before callback; returning Nil.
   at: gdplanningai_rust::logger::process_logs (src\logger.rs:66)
   GDScript backtrace (most recent call first):
       [0] _process (res://addons/GdPlanningAI/gdpai_autoload.gd:21)
WARNING: [GdPAI] ObjectRef(124134624705): object was freed before callback; returning Nil.
   at: gdplanningai_rust::logger::process_logs (src\logger.rs:66)
   GDScript backtrace (most recent call first):
       [0] _process (res://addons/GdPlanningAI/gdpai_autoload.gd:21)
WARNING: [GdPAI] ObjectRef(125661351450): object was freed before callback; returning Nil.
   at: gdplanningai_rust::logger::process_logs (src\logger.rs:66)
   GDScript backtrace (most recent call first):
       [0] _process (res://addons/GdPlanningAI/gdpai_autoload.gd:21)
WARNING: [GdPAI] ObjectRef(124587609564): object was freed before callback; returning Nil.
   at: gdplanningai_rust::logger::process_logs (src\logger.rs:66)
   GDScript backtrace (most recent call first):
       [0] _process (res://addons/GdPlanningAI/gdpai_autoload.gd:21)
WARNING: [GdPAI] ObjectRef(124134624705): object was freed before callback; returning Nil.
   at: gdplanningai_rust::logger::process_logs (src\logger.rs:66)
   GDScript backtrace (most recent call first):
       [0] _process (res://addons/GdPlanningAI/gdpai_autoload.gd:21)
WARNING: [GdPAI] ObjectRef(124134624705): object was freed before callback; returning Nil.
   at: gdplanningai_rust::logger::process_logs (src\logger.rs:66)
   GDScript backtrace (most recent call first):
       [0] _process (res://addons/GdPlanningAI/gdpai_autoload.gd:21)
WARNING: [GdPAI] ObjectRef(125661351450): object was freed before callback; returning Nil.
   at: gdplanningai_rust::logger::process_logs (src\logger.rs:66)
   GDScript backtrace (most recent call first):
       [0] _process (res://addons/GdPlanningAI/gdpai_autoload.gd:21)
WARNING: [GdPAI] ObjectRef(124587609564): object was freed before callback; returning Nil.
   at: gdplanningai_rust::logger::process_logs (src\logger.rs:66)
   GDScript backtrace (most recent call first):
       [0] _process (res://addons/GdPlanningAI/gdpai_autoload.gd:21)
WARNING: [GdPAI] ObjectRef(124134624705): object was freed before callback; returning Nil.
   at: gdplanningai_rust::logger::process_logs (src\logger.rs:66)
   GDScript backtrace (most recent call first):
       [0] _process (res://addons/GdPlanningAI/gdpai_autoload.gd:21)
[GdPAI | debug] GetCost: callable returned non-numeric value: null; returning INFINITY
WARNING: [GdPAI] ObjectRef(1382643928884): object was freed before callback; returning Nil.
   at: gdplanningai_rust::logger::process_logs (src\logger.rs:66)
   GDScript backtrace (most recent call first):
       [0] _process (res://addons/GdPlanningAI/gdpai_autoload.gd:21)
WARNING: [GdPAI] ObjectRef(1382643928884): object was freed before callback; returning Nil.
   at: gdplanningai_rust::logger::process_logs (src\logger.rs:66)
   GDScript backtrace (most recent call first):
       [0] _process (res://addons/GdPlanningAI/gdpai_autoload.gd:21)
[GdPAI | debug] ApplyEffect [Before] ID=InstanceId(-9223368048776280006): agent props = {"hunger": 95.0603725, "held_item": "", "entity": null}
[GdPAI | debug] ApplyEffect [After] ID=InstanceId(-9223368048776280006): agent props = {"hunger": 95.0603725, "held_item": "", "entity": null}
[GdPAI | debug]   Snapshotting prop: hunger = Float(95.0603725) (Variant type: FLOAT)
[GdPAI | debug]   Snapshotting prop: held_item = Str("") (Variant type: STRING)
[GdPAI | debug]   Snapshotting prop: entity = Nil (Variant type: NIL)
WARNING: [GdPAI] ObjectRef(124621163998): object was freed before callback; returning Nil.
   at: gdplanningai_rust::logger::process_logs (src\logger.rs:66)
   GDScript backtrace (most recent call first):
       [0] _start_plan_and_wait (res://test/integration/test_campfire_example_smoke.gd:57)
WARNING: [GdPAI] ObjectRef(124621163998): object was freed before callback; returning Nil.
   at: gdplanningai_rust::logger::process_logs (src\logger.rs:66)
   GDScript backtrace (most recent call first):
       [0] _start_plan_and_wait (res://test/integration/test_campfire_example_smoke.gd:57)
WARNING: [GdPAI] ObjectRef(124134624705): object was freed before callback; returning Nil.
   at: gdplanningai_rust::logger::process_logs (src\logger.rs:66)
   GDScript backtrace (most recent call first):
       [0] _start_plan_and_wait (res://test/integration/test_campfire_example_smoke.gd:57)
WARNING: [GdPAI] ObjectRef(125661351450): object was freed before callback; returning Nil.
   at: gdplanningai_rust::logger::process_logs (src\logger.rs:66)
   GDScript backtrace (most recent call first):
       [0] _start_plan_and_wait (res://test/integration/test_campfire_example_smoke.gd:57)
WARNING: [GdPAI] ObjectRef(124587609564): object was freed before callback; returning Nil.
   at: gdplanningai_rust::logger::process_logs (src\logger.rs:66)
   GDScript backtrace (most recent call first):
       [0] _start_plan_and_wait (res://test/integration/test_campfire_example_smoke.gd:57)
WARNING: [GdPAI] ObjectRef(124134624705): object was freed before callback; returning Nil.
   at: gdplanningai_rust::logger::process_logs (src\logger.rs:66)
   GDScript backtrace (most recent call first):
       [0] _start_plan_and_wait (res://test/integration/test_campfire_example_smoke.gd:57)
WARNING: [GdPAI] ObjectRef(124134624705): object was freed before callback; returning Nil.
   at: gdplanningai_rust::logger::process_logs (src\logger.rs:66)
   GDScript backtrace (most recent call first):
       [0] _start_plan_and_wait (res://test/integration/test_campfire_example_smoke.gd:57)
WARNING: [GdPAI] ObjectRef(125661351450): object was freed before callback; returning Nil.
   at: gdplanningai_rust::logger::process_logs (src\logger.rs:66)
   GDScript backtrace (most recent call first):
       [0] _start_plan_and_wait (res://test/integration/test_campfire_example_smoke.gd:57)
WARNING: [GdPAI] ObjectRef(124587609564): object was freed before callback; returning Nil.
   at: gdplanningai_rust::logger::process_logs (src\logger.rs:66)
   GDScript backtrace (most recent call first):
       [0] _start_plan_and_wait (res://test/integration/test_campfire_example_smoke.gd:57)
WARNING: [GdPAI] ObjectRef(124134624705): object was freed before callback; returning Nil.
   at: gdplanningai_rust::logger::process_logs (src\logger.rs:66)
   GDScript backtrace (most recent call first):
       [0] _start_plan_and_wait (res://test/integration/test_campfire_example_smoke.gd:57)
[GdPAI | debug] ApplyEffect [Before] ID=InstanceId(-9223368047601874840): agent props = {"hunger": 70.0627442063492, "entity": null, "held_item": "", "at_target": null}
[GdPAI | debug] ApplyEffect [After] ID=InstanceId(-9223368047601874840): agent props = {"hunger": 70.0627442063492, "entity": null, "held_item": "", "at_target": null}
[GdPAI | debug]   Snapshotting prop: hunger = Float(70.0627442063492) (Variant type: FLOAT)
[GdPAI | debug]   Snapshotting prop: entity = Nil (Variant type: NIL)
[GdPAI | debug]   Snapshotting prop: held_item = Str("") (Variant type: STRING)
[GdPAI | debug]   Snapshotting prop: at_target = Nil (Variant type: NIL)
WARNING: [GdPAI] ObjectRef(1382643928884): object was freed before callback; returning Nil.
   at: gdplanningai_rust::logger::process_logs (src\logger.rs:66)
   GDScript backtrace (most recent call first):
       [0] _start_plan_and_wait (res://test/integration/test_campfire_example_smoke.gd:57)
[GdPAI | debug] GetCost: callable returned non-numeric value: null; returning INFINITY
WARNING: [GdPAI] ObjectRef(124621163998): object was freed before callback; returning Nil.
   at: gdplanningai_rust::logger::process_logs (src\logger.rs:66)
   GDScript backtrace (most recent call first):
       [0] _process (res://addons/GdPlanningAI/gdpai_autoload.gd:21)
WARNING: [GdPAI] ObjectRef(124134624705): object was freed before callback; returning Nil.
   at: gdplanningai_rust::logger::process_logs (src\logger.rs:66)
   GDScript backtrace (most recent call first):
       [0] _process (res://addons/GdPlanningAI/gdpai_autoload.gd:21)
WARNING: [GdPAI] ObjectRef(124134624705): object was freed before callback; returning Nil.
   at: gdplanningai_rust::logger::process_logs (src\logger.rs:66)
   GDScript backtrace (most recent call first):
       [0] _process (res://addons/GdPlanningAI/gdpai_autoload.gd:21)
[GdPAI | debug] GetCost: callable returned non-numeric value: null; returning INFINITY
WARNING: [GdPAI] ObjectRef(1382643928884): object was freed before callback; returning Nil.
   at: gdplanningai_rust::logger::process_logs (src\logger.rs:66)
   GDScript backtrace (most recent call first):
       [0] _process (res://addons/GdPlanningAI/gdpai_autoload.gd:21)
[GdPAI | debug] ApplyEffect [Before] ID=InstanceId(-9223368045320173508): agent props = {"held_item": "", "entity": null, "hunger": 95.0603725}
[GdPAI | debug] ApplyEffect [After] ID=InstanceId(-9223368045320173508): agent props = {"held_item": "", "entity": null, "hunger": 95.0603725}
[GdPAI | debug]   Snapshotting prop: held_item = Str("") (Variant type: STRING)
[GdPAI | debug]   Snapshotting prop: entity = Nil (Variant type: NIL)
[GdPAI | debug]   Snapshotting prop: hunger = Float(95.0603725) (Variant type: FLOAT)
WARNING: [GdPAI] ObjectRef(124621163998): object was freed before callback; returning Nil.
   at: gdplanningai_rust::logger::process_logs (src\logger.rs:66)
   GDScript backtrace (most recent call first):
       [0] _start_plan_and_wait (res://test/integration/test_campfire_example_smoke.gd:57)
WARNING: [GdPAI] ObjectRef(124134624705): object was freed before callback; returning Nil.
   at: gdplanningai_rust::logger::process_logs (src\logger.rs:66)
   GDScript backtrace (most recent call first):
       [0] _start_plan_and_wait (res://test/integration/test_campfire_example_smoke.gd:57)
WARNING: [GdPAI] ObjectRef(124134624705): object was freed before callback; returning Nil.
   at: gdplanningai_rust::logger::process_logs (src\logger.rs:66)
   GDScript backtrace (most recent call first):
       [0] _start_plan_and_wait (res://test/integration/test_campfire_example_smoke.gd:57)
[GdPAI | debug] ApplyEffect [Before] ID=InstanceId(-9223368044548421485): agent props = {"at_target": null, "entity": null, "hunger": 70.0627442063492, "held_item": ""}
[GdPAI | debug] ApplyEffect [After] ID=InstanceId(-9223368044548421485): agent props = {"at_target": null, "entity": null, "hunger": 70.0627442063492, "held_item": ""}
[GdPAI | debug]   Snapshotting prop: at_target = Nil (Variant type: NIL)
[GdPAI | debug]   Snapshotting prop: entity = Nil (Variant type: NIL)
[GdPAI | debug]   Snapshotting prop: hunger = Float(70.0627442063492) (Variant type: FLOAT)
[GdPAI | debug]   Snapshotting prop: held_item = Str("") (Variant type: STRING)
WARNING: [GdPAI] ObjectRef(1382643928884): object was freed before callback; returning Nil.
   at: gdplanningai_rust::logger::process_logs (src\logger.rs:66)
   GDScript backtrace (most recent call first):
       [0] _start_plan_and_wait (res://test/integration/test_campfire_example_smoke.gd:57)
[GdPAI | debug] GetCost: callable returned non-numeric value: null; returning INFINITY
WARNING: [GdPAI] ObjectRef(124621163998): object was freed before callback; returning Nil.
   at: gdplanningai_rust::logger::process_logs (src\logger.rs:66)
   GDScript backtrace (most recent call first):
       [0] _process (res://addons/GdPlanningAI/gdpai_autoload.gd:21)
WARNING: [GdPAI] ObjectRef(124587609564): object was freed before callback; returning Nil.
   at: gdplanningai_rust::logger::process_logs (src\logger.rs:66)
   GDScript backtrace (most recent call first):
       [0] _process (res://addons/GdPlanningAI/gdpai_autoload.gd:21)
WARNING: [GdPAI] ObjectRef(124587609564): object was freed before callback; returning Nil.
   at: gdplanningai_rust::logger::process_logs (src\logger.rs:66)
   GDScript backtrace (most recent call first):
       [0] _process (res://addons/GdPlanningAI/gdpai_autoload.gd:21)
[GdPAI | debug] GetCost: callable returned non-numeric value: null; returning INFINITY
WARNING: [GdPAI] ObjectRef(1382643928884): object was freed before callback; returning Nil.
   at: gdplanningai_rust::logger::process_logs (src\logger.rs:66)
   GDScript backtrace (most recent call first):
       [0] _process (res://addons/GdPlanningAI/gdpai_autoload.gd:21)
[GdPAI | debug] ApplyEffect [Before] ID=InstanceId(-9223368042619041673): agent props = {"hunger": 95.0603725, "held_item": "", "entity": null}
[GdPAI | debug] ApplyEffect [After] ID=InstanceId(-9223368042619041673): agent props = {"hunger": 95.0603725, "held_item": "", "entity": null}
[GdPAI | debug]   Snapshotting prop: hunger = Float(95.0603725) (Variant type: FLOAT)
[GdPAI | debug]   Snapshotting prop: held_item = Str("") (Variant type: STRING)
[GdPAI | debug]   Snapshotting prop: entity = Nil (Variant type: NIL)
WARNING: [GdPAI] ObjectRef(124621163998): object was freed before callback; returning Nil.
   at: gdplanningai_rust::logger::process_logs (src\logger.rs:66)
   GDScript backtrace (most recent call first):
       [0] _start_plan_and_wait (res://test/integration/test_campfire_example_smoke.gd:57)
WARNING: [GdPAI] ObjectRef(124587609564): object was freed before callback; returning Nil.
   at: gdplanningai_rust::logger::process_logs (src\logger.rs:66)
   GDScript backtrace (most recent call first):
       [0] _start_plan_and_wait (res://test/integration/test_campfire_example_smoke.gd:57)
WARNING: [GdPAI] ObjectRef(124587609564): object was freed before callback; returning Nil.
   at: gdplanningai_rust::logger::process_logs (src\logger.rs:66)
   GDScript backtrace (most recent call first):
       [0] _start_plan_and_wait (res://test/integration/test_campfire_example_smoke.gd:57)
[GdPAI | debug] ApplyEffect [Before] ID=InstanceId(-9223368041847289667): agent props = {"held_item": "", "hunger": 70.0627442063492, "entity": null, "at_target": null}
[GdPAI | debug] ApplyEffect [After] ID=InstanceId(-9223368041847289667): agent props = {"held_item": "", "hunger": 70.0627442063492, "entity": null, "at_target": null}
[GdPAI | debug]   Snapshotting prop: held_item = Str("") (Variant type: STRING)
[GdPAI | debug]   Snapshotting prop: hunger = Float(70.0627442063492) (Variant type: FLOAT)
[GdPAI | debug]   Snapshotting prop: entity = Nil (Variant type: NIL)
[GdPAI | debug]   Snapshotting prop: at_target = Nil (Variant type: NIL)
WARNING: [GdPAI] ObjectRef(1382643928884): object was freed before callback; returning Nil.
   at: gdplanningai_rust::logger::process_logs (src\logger.rs:66)
   GDScript backtrace (most recent call first):
       [0] _start_plan_and_wait (res://test/integration/test_campfire_example_smoke.gd:57)
[GdPAI | debug] GetCost: callable returned non-numeric value: null; returning INFINITY
WARNING: [GdPAI] ObjectRef(124621163998): object was freed before callback; returning Nil.
   at: gdplanningai_rust::logger::process_logs (src\logger.rs:66)
   GDScript backtrace (most recent call first):
       [0] _process (res://addons/GdPlanningAI/gdpai_autoload.gd:21)
WARNING: [GdPAI] ObjectRef(125661351450): object was freed before callback; returning Nil.
   at: gdplanningai_rust::logger::process_logs (src\logger.rs:66)
   GDScript backtrace (most recent call first):
       [0] _process (res://addons/GdPlanningAI/gdpai_autoload.gd:21)
WARNING: [GdPAI] ObjectRef(125661351450): object was freed before callback; returning Nil.
   at: gdplanningai_rust::logger::process_logs (src\logger.rs:66)
   GDScript backtrace (most recent call first):
       [0] _process (res://addons/GdPlanningAI/gdpai_autoload.gd:21)
[GdPAI | debug] GetCost: callable returned non-numeric value: null; returning INFINITY
WARNING: [GdPAI] ObjectRef(1382643928884): object was freed before callback; returning Nil.
   at: gdplanningai_rust::logger::process_logs (src\logger.rs:66)
   GDScript backtrace (most recent call first):
       [0] _process (res://addons/GdPlanningAI/gdpai_autoload.gd:21)
[GdPAI | debug] ApplyEffect [Before] ID=InstanceId(-9223368039917909862): agent props = {"entity": null, "held_item": "wood", "hunger": 95.0603725}
[GdPAI | debug] ApplyEffect [After] ID=InstanceId(-9223368039917909862): agent props = {"entity": null, "held_item": "wood", "hunger": 95.0603725}
[GdPAI | debug]   Snapshotting prop: entity = Nil (Variant type: NIL)
[GdPAI | debug]   Snapshotting prop: held_item = Str("wood") (Variant type: STRING)
[GdPAI | debug]   Snapshotting prop: hunger = Float(95.0603725) (Variant type: FLOAT)
[GdPAI | debug] Numeric comparison: 95.0603725 GreaterThan 0 -> true
WARNING: [GdPAI] ObjectRef(124621163998): object was freed before callback; returning Nil.
   at: gdplanningai_rust::logger::process_logs (src\logger.rs:66)
   GDScript backtrace (most recent call first):
       [0] _start_plan_and_wait (res://test/integration/test_campfire_example_smoke.gd:57)
WARNING: [GdPAI] ObjectRef(125661351450): object was freed before callback; returning Nil.
   at: gdplanningai_rust::logger::process_logs (src\logger.rs:66)
   GDScript backtrace (most recent call first):
       [0] _start_plan_and_wait (res://test/integration/test_campfire_example_smoke.gd:57)
WARNING: [GdPAI] ObjectRef(125661351450): object was freed before callback; returning Nil.
   at: gdplanningai_rust::logger::process_logs (src\logger.rs:66)
   GDScript backtrace (most recent call first):
       [0] _start_plan_and_wait (res://test/integration/test_campfire_example_smoke.gd:57)
[GdPAI | debug] ApplyEffect [Before] ID=InstanceId(-9223368039146157917): agent props = {"hunger": 70.0627442063492, "entity": null, "at_target": null, "held_item": ""}
[GdPAI | debug] ApplyEffect [After] ID=InstanceId(-9223368039146157917): agent props = {"hunger": 70.0627442063492, "entity": null, "at_target": null, "held_item": ""}
[GdPAI | debug]   Snapshotting prop: hunger = Float(70.0627442063492) (Variant type: FLOAT)
[GdPAI | debug]   Snapshotting prop: entity = Nil (Variant type: NIL)
[GdPAI | debug]   Snapshotting prop: at_target = Nil (Variant type: NIL)
[GdPAI | debug]   Snapshotting prop: held_item = Str("") (Variant type: STRING)
WARNING: [GdPAI] ObjectRef(1382643928884): object was freed before callback; returning Nil.
   at: gdplanningai_rust::logger::process_logs (src\logger.rs:66)
   GDScript backtrace (most recent call first):
       [0] _start_plan_and_wait (res://test/integration/test_campfire_example_smoke.gd:57)
WARNING: [GdPAI] ObjectRef(1382643928884): object was freed before callback; returning Nil.
   at: gdplanningai_rust::logger::process_logs (src\logger.rs:66)
   GDScript backtrace (most recent call first):
       [0] _start_plan_and_wait (res://test/integration/test_campfire_example_smoke.gd:57)
WARNING: [GdPAI] ObjectRef(1382308384561): object was freed before callback; returning Nil.
   at: gdplanningai_rust::logger::process_logs (src\logger.rs:66)
   GDScript backtrace (most recent call first):
       [0] _start_plan_and_wait (res://test/integration/test_campfire_example_smoke.gd:57)
WARNING: [GdPAI] ObjectRef(1383499573091): object was freed before callback; returning Nil.
   at: gdplanningai_rust::logger::process_logs (src\logger.rs:66)
   GDScript backtrace (most recent call first):
       [0] _start_plan_and_wait (res://test/integration/test_campfire_example_smoke.gd:57)
WARNING: [GdPAI] ObjectRef(1382308384561): object was freed before callback; returning Nil.
   at: gdplanningai_rust::logger::process_logs (src\logger.rs:66)
   GDScript backtrace (most recent call first):
       [0] _start_plan_and_wait (res://test/integration/test_campfire_example_smoke.gd:57)
WARNING: [GdPAI] ObjectRef(1383499573091): object was freed before callback; returning Nil.
   at: gdplanningai_rust::logger::process_logs (src\logger.rs:66)
   GDScript backtrace (most recent call first):
       [0] _start_plan_and_wait (res://test/integration/test_campfire_example_smoke.gd:57)
[GdPAI | debug] GetCost: callable returned non-numeric value: null; returning INFINITY
WARNING: [GdPAI] ObjectRef(124621163998): object was freed before callback; returning Nil.
   at: gdplanningai_rust::logger::process_logs (src\logger.rs:66)
   GDScript backtrace (most recent call first):
       [0] _process (res://addons/GdPlanningAI/gdpai_autoload.gd:21)
WARNING: [GdPAI] ObjectRef(124134624705): object was freed before callback; returning Nil.
   at: gdplanningai_rust::logger::process_logs (src\logger.rs:66)
   GDScript backtrace (most recent call first):
       [0] _process (res://addons/GdPlanningAI/gdpai_autoload.gd:21)
WARNING: [GdPAI] ObjectRef(124134624705): object was freed before callback; returning Nil.
   at: gdplanningai_rust::logger::process_logs (src\logger.rs:66)
   GDScript backtrace (most recent call first):
       [0] _process (res://addons/GdPlanningAI/gdpai_autoload.gd:21)
[GdPAI | debug] GetCost: callable returned non-numeric value: null; returning INFINITY
WARNING: [GdPAI] ObjectRef(1382643928884): object was freed before callback; returning Nil.
   at: gdplanningai_rust::logger::process_logs (src\logger.rs:66)
   GDScript backtrace (most recent call first):
       [0] _process (res://addons/GdPlanningAI/gdpai_autoload.gd:21)
WARNING: [GdPAI] ObjectRef(1382643928884): object was freed before callback; returning Nil.
   at: gdplanningai_rust::logger::process_logs (src\logger.rs:66)
   GDScript backtrace (most recent call first):
       [0] _process (res://addons/GdPlanningAI/gdpai_autoload.gd:21)
WARNING: [GdPAI] ObjectRef(1382308384561): object was freed before callback; returning Nil.
   at: gdplanningai_rust::logger::process_logs (src\logger.rs:66)
   GDScript backtrace (most recent call first):
       [0] _process (res://addons/GdPlanningAI/gdpai_autoload.gd:21)
WARNING: [GdPAI] ObjectRef(1383499573091): object was freed before callback; returning Nil.
   at: gdplanningai_rust::logger::process_logs (src\logger.rs:66)
   GDScript backtrace (most recent call first):
       [0] _process (res://addons/GdPlanningAI/gdpai_autoload.gd:21)
WARNING: [GdPAI] ObjectRef(1382308384561): object was freed before callback; returning Nil.
   at: gdplanningai_rust::logger::process_logs (src\logger.rs:66)
   GDScript backtrace (most recent call first):
       [0] _process (res://addons/GdPlanningAI/gdpai_autoload.gd:21)
WARNING: [GdPAI] ObjectRef(1383499573091): object was freed before callback; returning Nil.
   at: gdplanningai_rust::logger::process_logs (src\logger.rs:66)
   GDScript backtrace (most recent call first):
       [0] _process (res://addons/GdPlanningAI/gdpai_autoload.gd:21)
[GdPAI | debug] ApplyEffect [Before] ID=InstanceId(-9223368036965119799): agent props = {"entity": null, "hunger": 95.0603725, "at_target": null, "held_item": ""}
[GdPAI | debug] ApplyEffect [After] ID=InstanceId(-9223368036965119799): agent props = {"entity": null, "hunger": 95.0603725, "at_target": null, "held_item": ""}
[GdPAI | debug]   Snapshotting prop: entity = Nil (Variant type: NIL)
[GdPAI | debug]   Snapshotting prop: hunger = Float(95.0603725) (Variant type: FLOAT)
[GdPAI | debug]   Snapshotting prop: at_target = Nil (Variant type: NIL)
[GdPAI | debug]   Snapshotting prop: held_item = Str("") (Variant type: STRING)
WARNING: [GdPAI] ObjectRef(124621163998): object was freed before callback; returning Nil.
   at: gdplanningai_rust::logger::process_logs (src\logger.rs:66)
   GDScript backtrace (most recent call first):
       [0] _start_plan_and_wait (res://test/integration/test_campfire_example_smoke.gd:57)
WARNING: [GdPAI] ObjectRef(124134624705): object was freed before callback; returning Nil.
   at: gdplanningai_rust::logger::process_logs (src\logger.rs:66)
   GDScript backtrace (most recent call first):
       [0] _start_plan_and_wait (res://test/integration/test_campfire_example_smoke.gd:57)
WARNING: [GdPAI] ObjectRef(124134624705): object was freed before callback; returning Nil.
   at: gdplanningai_rust::logger::process_logs (src\logger.rs:66)
   GDScript backtrace (most recent call first):
       [0] _start_plan_and_wait (res://test/integration/test_campfire_example_smoke.gd:57)
[GdPAI | debug] ApplyEffect [Before] ID=InstanceId(-9223368035941709580): agent props = {"hunger": 70.0627442063492, "entity": null, "at_target": null, "held_item": ""}
[GdPAI | debug] ApplyEffect [After] ID=InstanceId(-9223368035941709580): agent props = {"hunger": 70.0627442063492, "entity": null, "at_target": null, "held_item": ""}
[GdPAI | debug]   Snapshotting prop: hunger = Float(70.0627442063492) (Variant type: FLOAT)
[GdPAI | debug]   Snapshotting prop: entity = Nil (Variant type: NIL)
[GdPAI | debug]   Snapshotting prop: at_target = Nil (Variant type: NIL)
[GdPAI | debug]   Snapshotting prop: held_item = Str("") (Variant type: STRING)
WARNING: [GdPAI] ObjectRef(1382643928884): object was freed before callback; returning Nil.
   at: gdplanningai_rust::logger::process_logs (src\logger.rs:66)
   GDScript backtrace (most recent call first):
       [0] _start_plan_and_wait (res://test/integration/test_campfire_example_smoke.gd:57)
WARNING: [GdPAI] ObjectRef(1383499573091): object was freed before callback; returning Nil.
   at: gdplanningai_rust::logger::process_logs (src\logger.rs:66)
   GDScript backtrace (most recent call first):
       [0] _start_plan_and_wait (res://test/integration/test_campfire_example_smoke.gd:57)
WARNING: [GdPAI] ObjectRef(1383499573091): object was freed before callback; returning Nil.
   at: gdplanningai_rust::logger::process_logs (src\logger.rs:66)
   GDScript backtrace (most recent call first):
       [0] _start_plan_and_wait (res://test/integration/test_campfire_example_smoke.gd:57)
[GdPAI | debug] GetCost: callable returned non-numeric value: null; returning INFINITY
WARNING: [GdPAI] ObjectRef(124621163998): object was freed before callback; returning Nil.
   at: gdplanningai_rust::logger::process_logs (src\logger.rs:66)
   GDScript backtrace (most recent call first):
       [0] _process (res://addons/GdPlanningAI/gdpai_autoload.gd:21)
[GdPAI | debug] GetCost: callable returned non-numeric value: null; returning INFINITY
WARNING: [GdPAI] ObjectRef(1382643928884): object was freed before callback; returning Nil.
   at: gdplanningai_rust::logger::process_logs (src\logger.rs:66)
   GDScript backtrace (most recent call first):
       [0] _process (res://addons/GdPlanningAI/gdpai_autoload.gd:21)
WARNING: [GdPAI] ObjectRef(1383499573091): object was freed before callback; returning Nil.
   at: gdplanningai_rust::logger::process_logs (src\logger.rs:66)
   GDScript backtrace (most recent call first):
       [0] _process (res://addons/GdPlanningAI/gdpai_autoload.gd:21)
WARNING: [GdPAI] ObjectRef(1383499573091): object was freed before callback; returning Nil.
   at: gdplanningai_rust::logger::process_logs (src\logger.rs:66)
   GDScript backtrace (most recent call first):
       [0] _process (res://addons/GdPlanningAI/gdpai_autoload.gd:21)
[GdPAI | debug] ApplyEffect [Before] ID=InstanceId(-9223368033911666501): agent props = {"entity": null, "hunger": 95.0603725, "at_target": null, "held_item": ""}
[GdPAI | debug] ApplyEffect [After] ID=InstanceId(-9223368033911666501): agent props = {"entity": null, "hunger": 95.0603725, "at_target": null, "held_item": ""}
[GdPAI | debug]   Snapshotting prop: entity = Nil (Variant type: NIL)
[GdPAI | debug]   Snapshotting prop: hunger = Float(95.0603725) (Variant type: FLOAT)
[GdPAI | debug]   Snapshotting prop: at_target = Nil (Variant type: NIL)
[GdPAI | debug]   Snapshotting prop: held_item = Str("") (Variant type: STRING)
WARNING: [GdPAI] ObjectRef(124621163998): object was freed before callback; returning Nil.
   at: gdplanningai_rust::logger::process_logs (src\logger.rs:66)
   GDScript backtrace (most recent call first):
       [0] _start_plan_and_wait (res://test/integration/test_campfire_example_smoke.gd:57)
[GdPAI | debug] ApplyEffect [Before] ID=InstanceId(-9223368033139914488): agent props = {"at_target": null, "hunger": 70.0627442063492, "held_item": "wood", "entity": null}
[GdPAI | debug] ApplyEffect [After] ID=InstanceId(-9223368033139914488): agent props = {"at_target": null, "hunger": 70.0627442063492, "held_item": "wood", "entity": null}
[GdPAI | debug]   Snapshotting prop: at_target = Nil (Variant type: NIL)
[GdPAI | debug]   Snapshotting prop: hunger = Float(70.0627442063492) (Variant type: FLOAT)
[GdPAI | debug]   Snapshotting prop: held_item = Str("wood") (Variant type: STRING)
[GdPAI | debug]   Snapshotting prop: entity = Nil (Variant type: NIL)
WARNING: [GdPAI] ObjectRef(1382643928884): object was freed before callback; returning Nil.
   at: gdplanningai_rust::logger::process_logs (src\logger.rs:66)
   GDScript backtrace (most recent call first):
       [0] _start_plan_and_wait (res://test/integration/test_campfire_example_smoke.gd:57)
WARNING: [GdPAI] ObjectRef(1382308384561): object was freed before callback; returning Nil.
   at: gdplanningai_rust::logger::process_logs (src\logger.rs:66)
   GDScript backtrace (most recent call first):
       [0] _start_plan_and_wait (res://test/integration/test_campfire_example_smoke.gd:57)
WARNING: [GdPAI] ObjectRef(1382308384561): object was freed before callback; returning Nil.
   at: gdplanningai_rust::logger::process_logs (src\logger.rs:66)
   GDScript backtrace (most recent call first):
       [0] _start_plan_and_wait (res://test/integration/test_campfire_example_smoke.gd:57)
[GdPAI | debug] GetCost: callable returned non-numeric value: null; returning INFINITY
WARNING: [GdPAI] ObjectRef(124621163998): object was freed before callback; returning Nil.
   at: gdplanningai_rust::logger::process_logs (src\logger.rs:66)
   GDScript backtrace (most recent call first):
       [0] _process (res://addons/GdPlanningAI/gdpai_autoload.gd:21)
WARNING: [GdPAI] ObjectRef(124621163998): object was freed before callback; returning Nil.
   at: gdplanningai_rust::logger::process_logs (src\logger.rs:66)
   GDScript backtrace (most recent call first):
       [0] _process (res://addons/GdPlanningAI/gdpai_autoload.gd:21)
[GdPAI | debug] GetCost: callable returned non-numeric value: null; returning INFINITY
WARNING: [GdPAI] ObjectRef(1382643928884): object was freed before callback; returning Nil.
   at: gdplanningai_rust::logger::process_logs (src\logger.rs:66)
   GDScript backtrace (most recent call first):
       [0] _process (res://addons/GdPlanningAI/gdpai_autoload.gd:21)
WARNING: [GdPAI] ObjectRef(1382308384561): object was freed before callback; returning Nil.
   at: gdplanningai_rust::logger::process_logs (src\logger.rs:66)
   GDScript backtrace (most recent call first):
       [0] _process (res://addons/GdPlanningAI/gdpai_autoload.gd:21)
WARNING: [GdPAI] ObjectRef(1382308384561): object was freed before callback; returning Nil.
   at: gdplanningai_rust::logger::process_logs (src\logger.rs:66)
   GDScript backtrace (most recent call first):
       [0] _process (res://addons/GdPlanningAI/gdpai_autoload.gd:21)
[GdPAI | debug] ApplyEffect [Before] ID=InstanceId(-9223368031210534643): agent props = {"at_target": null, "hunger": 95.0603725, "entity": null, "held_item": ""}
[GdPAI | debug] ApplyEffect [After] ID=InstanceId(-9223368031210534643): agent props = {"at_target": null, "hunger": 95.0603725, "entity": null, "held_item": ""}
[GdPAI | debug]   Snapshotting prop: at_target = Nil (Variant type: NIL)
[GdPAI | debug]   Snapshotting prop: hunger = Float(95.0603725) (Variant type: FLOAT)
[GdPAI | debug]   Snapshotting prop: entity = Nil (Variant type: NIL)
[GdPAI | debug]   Snapshotting prop: held_item = Str("") (Variant type: STRING)
WARNING: [GdPAI] ObjectRef(124621163998): object was freed before callback; returning Nil.
   at: gdplanningai_rust::logger::process_logs (src\logger.rs:66)
   GDScript backtrace (most recent call first):
       [0] _start_plan_and_wait (res://test/integration/test_campfire_example_smoke.gd:57)
WARNING: [GdPAI] ObjectRef(124621163998): object was freed before callback; returning Nil.
   at: gdplanningai_rust::logger::process_logs (src\logger.rs:66)
   GDScript backtrace (most recent call first):
       [0] _start_plan_and_wait (res://test/integration/test_campfire_example_smoke.gd:57)
[GdPAI | debug] ApplyEffect [Before] ID=InstanceId(-9223368030388451031): agent props = {"entity": null, "held_item": "", "hunger": 70.0627442063492}
[GdPAI | debug] ApplyEffect [After] ID=InstanceId(-9223368030388451031): agent props = {"entity": null, "held_item": "", "hunger": 70.0627442063492}
[GdPAI | debug]   Snapshotting prop: entity = Nil (Variant type: NIL)
[GdPAI | debug]   Snapshotting prop: held_item = Str("") (Variant type: STRING)
[GdPAI | debug]   Snapshotting prop: hunger = Float(70.0627442063492) (Variant type: FLOAT)
WARNING: [GdPAI] ObjectRef(1382643928884): object was freed before callback; returning Nil.
   at: gdplanningai_rust::logger::process_logs (src\logger.rs:66)
   GDScript backtrace (most recent call first):
       [0] _start_plan_and_wait (res://test/integration/test_campfire_example_smoke.gd:57)
[GdPAI | debug] GetCost: callable returned non-numeric value: null; returning INFINITY
WARNING: [GdPAI] ObjectRef(124621163998): object was freed before callback; returning Nil.
   at: gdplanningai_rust::logger::process_logs (src\logger.rs:66)
   GDScript backtrace (most recent call first):
       [0] _process (res://addons/GdPlanningAI/gdpai_autoload.gd:21)
[GdPAI | debug] GetCost: callable returned non-numeric value: null; returning INFINITY
WARNING: [GdPAI] ObjectRef(1382643928884): object was freed before callback; returning Nil.
   at: gdplanningai_rust::logger::process_logs (src\logger.rs:66)
   GDScript backtrace (most recent call first):
       [0] _process (res://addons/GdPlanningAI/gdpai_autoload.gd:21)
[GdPAI | debug] ApplyEffect [Before] ID=InstanceId(-9223368028509402853): agent props = {"hunger": 95.0603725, "entity": null, "held_item": "wood", "at_target": null}
[GdPAI | debug] ApplyEffect [After] ID=InstanceId(-9223368028509402853): agent props = {"hunger": 95.0603725, "entity": null, "held_item": "wood", "at_target": null}
[GdPAI | debug]   Snapshotting prop: hunger = Float(95.0603725) (Variant type: FLOAT)
[GdPAI | debug]   Snapshotting prop: entity = Nil (Variant type: NIL)
[GdPAI | debug]   Snapshotting prop: held_item = Str("wood") (Variant type: STRING)
[GdPAI | debug]   Snapshotting prop: at_target = Nil (Variant type: NIL)
WARNING: [GdPAI] ObjectRef(124621163998): object was freed before callback; returning Nil.
   at: gdplanningai_rust::logger::process_logs (src\logger.rs:66)
   GDScript backtrace (most recent call first):
       [0] _start_plan_and_wait (res://test/integration/test_campfire_example_smoke.gd:57)
[GdPAI | debug] ApplyEffect [Before] ID=InstanceId(-9223368027838314146): agent props = {"hunger": 70.0627442063492, "held_item": "", "entity": null}
[GdPAI | debug] ApplyEffect [After] ID=InstanceId(-9223368027838314146): agent props = {"hunger": 70.0627442063492, "held_item": "", "entity": null}
[GdPAI | debug]   Snapshotting prop: hunger = Float(70.0627442063492) (Variant type: FLOAT)
[GdPAI | debug]   Snapshotting prop: held_item = Str("") (Variant type: STRING)
[GdPAI | debug]   Snapshotting prop: entity = Nil (Variant type: NIL)
WARNING: [GdPAI] ObjectRef(1382643928884): object was freed before callback; returning Nil.
   at: gdplanningai_rust::logger::process_logs (src\logger.rs:66)
   GDScript backtrace (most recent call first):
       [0] _start_plan_and_wait (res://test/integration/test_campfire_example_smoke.gd:57)
WARNING: [GdPAI] ObjectRef(1382643928884): object was freed before callback; returning Nil.
   at: gdplanningai_rust::logger::process_logs (src\logger.rs:66)
   GDScript backtrace (most recent call first):
       [0] _start_plan_and_wait (res://test/integration/test_campfire_example_smoke.gd:57)
[GdPAI | debug] GetCost: callable returned non-numeric value: null; returning INFINITY
WARNING: [GdPAI] ObjectRef(124621163998): object was freed before callback; returning Nil.
   at: gdplanningai_rust::logger::process_logs (src\logger.rs:66)
   GDScript backtrace (most recent call first):
       [0] _process (res://addons/GdPlanningAI/gdpai_autoload.gd:21)
[GdPAI | debug] GetCost: callable returned non-numeric value: null; returning INFINITY
WARNING: [GdPAI] ObjectRef(1382643928884): object was freed before callback; returning Nil.
   at: gdplanningai_rust::logger::process_logs (src\logger.rs:66)
   GDScript backtrace (most recent call first):
       [0] _process (res://addons/GdPlanningAI/gdpai_autoload.gd:21)
WARNING: [GdPAI] ObjectRef(1382643928884): object was freed before callback; returning Nil.
   at: gdplanningai_rust::logger::process_logs (src\logger.rs:66)
   GDScript backtrace (most recent call first):
       [0] _process (res://addons/GdPlanningAI/gdpai_autoload.gd:21)
[GdPAI | debug] ApplyEffect [Before] ID=InstanceId(-9223368025959265964): agent props = {"hunger": 95.0603725, "held_item": "", "entity": null}
[GdPAI | debug] ApplyEffect [After] ID=InstanceId(-9223368025959265964): agent props = {"hunger": 95.0603725, "held_item": "", "entity": null}
[GdPAI | debug]   Snapshotting prop: hunger = Float(95.0603725) (Variant type: FLOAT)
[GdPAI | debug]   Snapshotting prop: held_item = Str("") (Variant type: STRING)
[GdPAI | debug]   Snapshotting prop: entity = Nil (Variant type: NIL)
WARNING: [GdPAI] ObjectRef(124621163998): object was freed before callback; returning Nil.
   at: gdplanningai_rust::logger::process_logs (src\logger.rs:66)
   GDScript backtrace (most recent call first):
       [0] _start_plan_and_wait (res://test/integration/test_campfire_example_smoke.gd:57)
[GdPAI | debug] ApplyEffect [Before] ID=InstanceId(-9223368025237845678): agent props = {"hunger": 70.0627442063492, "held_item": "", "entity": null}
[GdPAI | debug] ApplyEffect [After] ID=InstanceId(-9223368025237845678): agent props = {"hunger": 70.0627442063492, "held_item": "", "entity": null}
[GdPAI | debug]   Snapshotting prop: hunger = Float(70.0627442063492) (Variant type: FLOAT)
[GdPAI | debug]   Snapshotting prop: held_item = Str("") (Variant type: STRING)
[GdPAI | debug]   Snapshotting prop: entity = Nil (Variant type: NIL)
WARNING: [GdPAI] ObjectRef(1382643928884): object was freed before callback; returning Nil.
   at: gdplanningai_rust::logger::process_logs (src\logger.rs:66)
   GDScript backtrace (most recent call first):
       [0] _start_plan_and_wait (res://test/integration/test_campfire_example_smoke.gd:57)
[GdPAI | debug] GetCost: callable returned non-numeric value: null; returning INFINITY
WARNING: [GdPAI] ObjectRef(124621163998): object was freed before callback; returning Nil.
   at: gdplanningai_rust::logger::process_logs (src\logger.rs:66)
   GDScript backtrace (most recent call first):
       [0] _process (res://addons/GdPlanningAI/gdpai_autoload.gd:21)
[GdPAI | debug] GetCost: callable returned non-numeric value: null; returning INFINITY
WARNING: [GdPAI] ObjectRef(1382643928884): object was freed before callback; returning Nil.
   at: gdplanningai_rust::logger::process_logs (src\logger.rs:66)
   GDScript backtrace (most recent call first):
       [0] _process (res://addons/GdPlanningAI/gdpai_autoload.gd:21)
[GdPAI | debug] ApplyEffect [Before] ID=InstanceId(-9223368023409129126): agent props = {"entity": null, "hunger": 95.0603725, "held_item": ""}
[GdPAI | debug] ApplyEffect [After] ID=InstanceId(-9223368023409129126): agent props = {"entity": null, "hunger": 95.0603725, "held_item": ""}
[GdPAI | debug]   Snapshotting prop: entity = Nil (Variant type: NIL)
[GdPAI | debug]   Snapshotting prop: hunger = Float(95.0603725) (Variant type: FLOAT)
[GdPAI | debug]   Snapshotting prop: held_item = Str("") (Variant type: STRING)
WARNING: [GdPAI] ObjectRef(124621163998): object was freed before callback; returning Nil.
   at: gdplanningai_rust::logger::process_logs (src\logger.rs:66)
   GDScript backtrace (most recent call first):
       [0] _start_plan_and_wait (res://test/integration/test_campfire_example_smoke.gd:57)
[GdPAI | debug] ApplyEffect [Before] ID=InstanceId(-9223368022738040497): agent props = {"hunger": 70.0627442063492, "entity": null, "held_item": ""}
[GdPAI | debug] ApplyEffect [After] ID=InstanceId(-9223368022738040497): agent props = {"hunger": 70.0627442063492, "entity": null, "held_item": ""}
[GdPAI | debug]   Snapshotting prop: hunger = Float(70.0627442063492) (Variant type: FLOAT)
[GdPAI | debug]   Snapshotting prop: entity = Nil (Variant type: NIL)
[GdPAI | debug]   Snapshotting prop: held_item = Str("") (Variant type: STRING)
WARNING: [GdPAI] ObjectRef(1382643928884): object was freed before callback; returning Nil.
   at: gdplanningai_rust::logger::process_logs (src\logger.rs:66)
   GDScript backtrace (most recent call first):
       [0] _start_plan_and_wait (res://test/integration/test_campfire_example_smoke.gd:57)
[GdPAI | debug] GetCost: callable returned non-numeric value: null; returning INFINITY
WARNING: [GdPAI] ObjectRef(124621163998): object was freed before callback; returning Nil.
   at: gdplanningai_rust::logger::process_logs (src\logger.rs:66)
   GDScript backtrace (most recent call first):
       [0] _process (res://addons/GdPlanningAI/gdpai_autoload.gd:21)
[GdPAI | debug] GetCost: callable returned non-numeric value: null; returning INFINITY
WARNING: [GdPAI] ObjectRef(1382643928884): object was freed before callback; returning Nil.
   at: gdplanningai_rust::logger::process_logs (src\logger.rs:66)
   GDScript backtrace (most recent call first):
       [0] _process (res://addons/GdPlanningAI/gdpai_autoload.gd:21)
[GdPAI | debug] ApplyEffect [Before] ID=InstanceId(-9223368020909323929): agent props = {"hunger": 95.0603725, "entity": null, "held_item": ""}
[GdPAI | debug] ApplyEffect [After] ID=InstanceId(-9223368020909323929): agent props = {"hunger": 95.0603725, "entity": null, "held_item": ""}
[GdPAI | debug]   Snapshotting prop: hunger = Float(95.0603725) (Variant type: FLOAT)
[GdPAI | debug]   Snapshotting prop: entity = Nil (Variant type: NIL)
[GdPAI | debug]   Snapshotting prop: held_item = Str("") (Variant type: STRING)
WARNING: [GdPAI] ObjectRef(124621163998): object was freed before callback; returning Nil.
   at: gdplanningai_rust::logger::process_logs (src\logger.rs:66)
   GDScript backtrace (most recent call first):
       [0] _start_plan_and_wait (res://test/integration/test_campfire_example_smoke.gd:57)
[GdPAI | debug] ApplyEffect [Before] ID=InstanceId(-9223368020238235280): agent props = {"held_item": "", "entity": null, "hunger": 70.0627442063492}
[GdPAI | debug] ApplyEffect [After] ID=InstanceId(-9223368020238235280): agent props = {"held_item": "", "entity": null, "hunger": 70.0627442063492}
[GdPAI | debug]   Snapshotting prop: held_item = Str("") (Variant type: STRING)
[GdPAI | debug]   Snapshotting prop: entity = Nil (Variant type: NIL)
[GdPAI | debug]   Snapshotting prop: hunger = Float(70.0627442063492) (Variant type: FLOAT)
WARNING: [GdPAI] ObjectRef(1382643928884): object was freed before callback; returning Nil.
   at: gdplanningai_rust::logger::process_logs (src\logger.rs:66)
   GDScript backtrace (most recent call first):
       [0] _start_plan_and_wait (res://test/integration/test_campfire_example_smoke.gd:57)
[GdPAI | debug] GetCost: callable returned non-numeric value: null; returning INFINITY
WARNING: [GdPAI] ObjectRef(124621163998): object was freed before callback; returning Nil.
   at: gdplanningai_rust::logger::process_logs (src\logger.rs:66)
   GDScript backtrace (most recent call first):
       [0] _process (res://addons/GdPlanningAI/gdpai_autoload.gd:21)
[GdPAI | debug] GetCost: callable returned non-numeric value: null; returning INFINITY
WARNING: [GdPAI] ObjectRef(1382643928884): object was freed before callback; returning Nil.
   at: gdplanningai_rust::logger::process_logs (src\logger.rs:66)
   GDScript backtrace (most recent call first):
       [0] _process (res://addons/GdPlanningAI/gdpai_autoload.gd:21)
[GdPAI | debug] ApplyEffect [Before] ID=InstanceId(-9223368018409518760): agent props = {"entity": null, "held_item": "wood", "hunger": 95.0603725}
[GdPAI | debug] ApplyEffect [After] ID=InstanceId(-9223368018409518760): agent props = {"entity": null, "held_item": "wood", "hunger": 95.0603725}
[GdPAI | debug]   Snapshotting prop: entity = Nil (Variant type: NIL)
[GdPAI | debug]   Snapshotting prop: held_item = Str("wood") (Variant type: STRING)
[GdPAI | debug]   Snapshotting prop: hunger = Float(95.0603725) (Variant type: FLOAT)
WARNING: [GdPAI] ObjectRef(124621163998): object was freed before callback; returning Nil.
   at: gdplanningai_rust::logger::process_logs (src\logger.rs:66)
   GDScript backtrace (most recent call first):
       [0] _start_plan_and_wait (res://test/integration/test_campfire_example_smoke.gd:57)
[GdPAI | debug] ApplyEffect [Before] ID=InstanceId(-9223368017738430116): agent props = {"held_item": "wood", "entity": null, "hunger": 70.0627442063492}
[GdPAI | debug] ApplyEffect [After] ID=InstanceId(-9223368017738430116): agent props = {"held_item": "wood", "entity": null, "hunger": 70.0627442063492}
[GdPAI | debug]   Snapshotting prop: held_item = Str("wood") (Variant type: STRING)
[GdPAI | debug]   Snapshotting prop: entity = Nil (Variant type: NIL)
[GdPAI | debug]   Snapshotting prop: hunger = Float(70.0627442063492) (Variant type: FLOAT)
WARNING: [GdPAI] ObjectRef(1382643928884): object was freed before callback; returning Nil.
   at: gdplanningai_rust::logger::process_logs (src\logger.rs:66)
   GDScript backtrace (most recent call first):
       [0] _start_plan_and_wait (res://test/integration/test_campfire_example_smoke.gd:57)
WARNING: [GdPAI] ObjectRef(1382643928884): object was freed before callback; returning Nil.
   at: gdplanningai_rust::logger::process_logs (src\logger.rs:66)
   GDScript backtrace (most recent call first):
       [0] _start_plan_and_wait (res://test/integration/test_campfire_example_smoke.gd:57)
[GdPAI | debug] GetCost: callable returned non-numeric value: null; returning INFINITY
[GdPAI | debug] Numeric comparison: 70.0627442063492 GreaterThan 0 -> true
WARNING: [GdPAI] ObjectRef(124621163998): object was freed before callback; returning Nil.
   at: gdplanningai_rust::logger::process_logs (src\logger.rs:66)
   GDScript backtrace (most recent call first):
       [0] _process (res://addons/GdPlanningAI/gdpai_autoload.gd:21)
WARNING: [GdPAI] ObjectRef(124621163998): object was freed before callback; returning Nil.
   at: gdplanningai_rust::logger::process_logs (src\logger.rs:66)
   GDScript backtrace (most recent call first):
       [0] _process (res://addons/GdPlanningAI/gdpai_autoload.gd:21)
WARNING: [GdPAI] ObjectRef(124134624705): object was freed before callback; returning Nil.
   at: gdplanningai_rust::logger::process_logs (src\logger.rs:66)
   GDScript backtrace (most recent call first):
       [0] _process (res://addons/GdPlanningAI/gdpai_autoload.gd:21)
WARNING: [GdPAI] ObjectRef(125661351450): object was freed before callback; returning Nil.
   at: gdplanningai_rust::logger::process_logs (src\logger.rs:66)
   GDScript backtrace (most recent call first):
       [0] _process (res://addons/GdPlanningAI/gdpai_autoload.gd:21)
WARNING: [GdPAI] ObjectRef(124587609564): object was freed before callback; returning Nil.
   at: gdplanningai_rust::logger::process_logs (src\logger.rs:66)
   GDScript backtrace (most recent call first):
       [0] _process (res://addons/GdPlanningAI/gdpai_autoload.gd:21)
WARNING: [GdPAI] ObjectRef(124134624705): object was freed before callback; returning Nil.
   at: gdplanningai_rust::logger::process_logs (src\logger.rs:66)
   GDScript backtrace (most recent call first):
       [0] _process (res://addons/GdPlanningAI/gdpai_autoload.gd:21)
WARNING: [GdPAI] ObjectRef(124134624705): object was freed before callback; returning Nil.
   at: gdplanningai_rust::logger::process_logs (src\logger.rs:66)
   GDScript backtrace (most recent call first):
       [0] _process (res://addons/GdPlanningAI/gdpai_autoload.gd:21)
WARNING: [GdPAI] ObjectRef(125661351450): object was freed before callback; returning Nil.
   at: gdplanningai_rust::logger::process_logs (src\logger.rs:66)
   GDScript backtrace (most recent call first):
       [0] _process (res://addons/GdPlanningAI/gdpai_autoload.gd:21)
WARNING: [GdPAI] ObjectRef(124587609564): object was freed before callback; returning Nil.
   at: gdplanningai_rust::logger::process_logs (src\logger.rs:66)
   GDScript backtrace (most recent call first):
       [0] _process (res://addons/GdPlanningAI/gdpai_autoload.gd:21)
WARNING: [GdPAI] ObjectRef(124134624705): object was freed before callback; returning Nil.
   at: gdplanningai_rust::logger::process_logs (src\logger.rs:66)
   GDScript backtrace (most recent call first):
       [0] _process (res://addons/GdPlanningAI/gdpai_autoload.gd:21)
[GdPAI | debug] GetCost: callable returned non-numeric value: null; returning INFINITY
WARNING: [GdPAI] ObjectRef(1382643928884): object was freed before callback; returning Nil.
   at: gdplanningai_rust::logger::process_logs (src\logger.rs:66)
   GDScript backtrace (most recent call first):
       [0] _process (res://addons/GdPlanningAI/gdpai_autoload.gd:21)
WARNING: [GdPAI] ObjectRef(1382643928884): object was freed before callback; returning Nil.
   at: gdplanningai_rust::logger::process_logs (src\logger.rs:66)
   GDScript backtrace (most recent call first):
       [0] _process (res://addons/GdPlanningAI/gdpai_autoload.gd:21)
[GdPAI | debug] ApplyEffect [Before] ID=InstanceId(-9223368015859381911): agent props = {"hunger": 95.0603725, "held_item": "", "entity": null}
[GdPAI | debug] ApplyEffect [After] ID=InstanceId(-9223368015859381911): agent props = {"hunger": 95.0603725, "held_item": "", "entity": null}
[GdPAI | debug]   Snapshotting prop: hunger = Float(95.0603725) (Variant type: FLOAT)
[GdPAI | debug]   Snapshotting prop: held_item = Str("") (Variant type: STRING)
[GdPAI | debug]   Snapshotting prop: entity = Nil (Variant type: NIL)
WARNING: [GdPAI] ObjectRef(124621163998): object was freed before callback; returning Nil.
   at: gdplanningai_rust::logger::process_logs (src\logger.rs:66)
   GDScript backtrace (most recent call first):
       [0] _start_plan_and_wait (res://test/integration/test_campfire_example_smoke.gd:57)
WARNING: [GdPAI] ObjectRef(124621163998): object was freed before callback; returning Nil.
   at: gdplanningai_rust::logger::process_logs (src\logger.rs:66)
   GDScript backtrace (most recent call first):
       [0] _start_plan_and_wait (res://test/integration/test_campfire_example_smoke.gd:57)
WARNING: [GdPAI] ObjectRef(124134624705): object was freed before callback; returning Nil.
   at: gdplanningai_rust::logger::process_logs (src\logger.rs:66)
   GDScript backtrace (most recent call first):
       [0] _start_plan_and_wait (res://test/integration/test_campfire_example_smoke.gd:57)
WARNING: [GdPAI] ObjectRef(125661351450): object was freed before callback; returning Nil.
   at: gdplanningai_rust::logger::process_logs (src\logger.rs:66)
   GDScript backtrace (most recent call first):
       [0] _start_plan_and_wait (res://test/integration/test_campfire_example_smoke.gd:57)
WARNING: [GdPAI] ObjectRef(124587609564): object was freed before callback; returning Nil.
   at: gdplanningai_rust::logger::process_logs (src\logger.rs:66)
   GDScript backtrace (most recent call first):
       [0] _start_plan_and_wait (res://test/integration/test_campfire_example_smoke.gd:57)
WARNING: [GdPAI] ObjectRef(124134624705): object was freed before callback; returning Nil.
   at: gdplanningai_rust::logger::process_logs (src\logger.rs:66)
   GDScript backtrace (most recent call first):
       [0] _start_plan_and_wait (res://test/integration/test_campfire_example_smoke.gd:57)
WARNING: [GdPAI] ObjectRef(124134624705): object was freed before callback; returning Nil.
   at: gdplanningai_rust::logger::process_logs (src\logger.rs:66)
   GDScript backtrace (most recent call first):
       [0] _start_plan_and_wait (res://test/integration/test_campfire_example_smoke.gd:57)
WARNING: [GdPAI] ObjectRef(125661351450): object was freed before callback; returning Nil.
   at: gdplanningai_rust::logger::process_logs (src\logger.rs:66)
   GDScript backtrace (most recent call first):
       [0] _start_plan_and_wait (res://test/integration/test_campfire_example_smoke.gd:57)
WARNING: [GdPAI] ObjectRef(124587609564): object was freed before callback; returning Nil.
   at: gdplanningai_rust::logger::process_logs (src\logger.rs:66)
   GDScript backtrace (most recent call first):
       [0] _start_plan_and_wait (res://test/integration/test_campfire_example_smoke.gd:57)
WARNING: [GdPAI] ObjectRef(124134624705): object was freed before callback; returning Nil.
   at: gdplanningai_rust::logger::process_logs (src\logger.rs:66)
   GDScript backtrace (most recent call first):
       [0] _start_plan_and_wait (res://test/integration/test_campfire_example_smoke.gd:57)
[GdPAI | debug] ApplyEffect [Before] ID=InstanceId(-9223368014684976730): agent props = {"hunger": 70.0627442063492, "entity": null, "held_item": "", "at_target": null}
[GdPAI | debug] ApplyEffect [After] ID=InstanceId(-9223368014684976730): agent props = {"hunger": 70.0627442063492, "entity": null, "held_item": "", "at_target": null}
[GdPAI | debug]   Snapshotting prop: hunger = Float(70.0627442063492) (Variant type: FLOAT)
[GdPAI | debug]   Snapshotting prop: entity = Nil (Variant type: NIL)
[GdPAI | debug]   Snapshotting prop: held_item = Str("") (Variant type: STRING)
[GdPAI | debug]   Snapshotting prop: at_target = Nil (Variant type: NIL)
WARNING: [GdPAI] ObjectRef(1382643928884): object was freed before callback; returning Nil.
   at: gdplanningai_rust::logger::process_logs (src\logger.rs:66)
   GDScript backtrace (most recent call first):
       [0] _start_plan_and_wait (res://test/integration/test_campfire_example_smoke.gd:57)
[GdPAI | debug] GetCost: callable returned non-numeric value: null; returning INFINITY
WARNING: [GdPAI] ObjectRef(124621163998): object was freed before callback; returning Nil.
   at: gdplanningai_rust::logger::process_logs (src\logger.rs:66)
   GDScript backtrace (most recent call first):
       [0] _process (res://addons/GdPlanningAI/gdpai_autoload.gd:21)
WARNING: [GdPAI] ObjectRef(124134624705): object was freed before callback; returning Nil.
   at: gdplanningai_rust::logger::process_logs (src\logger.rs:66)
   GDScript backtrace (most recent call first):
       [0] _process (res://addons/GdPlanningAI/gdpai_autoload.gd:21)
WARNING: [GdPAI] ObjectRef(124134624705): object was freed before callback; returning Nil.
   at: gdplanningai_rust::logger::process_logs (src\logger.rs:66)
   GDScript backtrace (most recent call first):
       [0] _process (res://addons/GdPlanningAI/gdpai_autoload.gd:21)
[GdPAI | debug] GetCost: callable returned non-numeric value: null; returning INFINITY
WARNING: [GdPAI] ObjectRef(1382643928884): object was freed before callback; returning Nil.
   at: gdplanningai_rust::logger::process_logs (src\logger.rs:66)
   GDScript backtrace (most recent call first):
       [0] _process (res://addons/GdPlanningAI/gdpai_autoload.gd:21)
[GdPAI | debug] ApplyEffect [Before] ID=InstanceId(-9223368012403275405): agent props = {"hunger": 95.0603725, "entity": null, "held_item": ""}
[GdPAI | debug] ApplyEffect [After] ID=InstanceId(-9223368012403275405): agent props = {"hunger": 95.0603725, "entity": null, "held_item": ""}
[GdPAI | debug]   Snapshotting prop: hunger = Float(95.0603725) (Variant type: FLOAT)
[GdPAI | debug]   Snapshotting prop: entity = Nil (Variant type: NIL)
[GdPAI | debug]   Snapshotting prop: held_item = Str("") (Variant type: STRING)
WARNING: [GdPAI] ObjectRef(124621163998): object was freed before callback; returning Nil.
   at: gdplanningai_rust::logger::process_logs (src\logger.rs:66)
   GDScript backtrace (most recent call first):
       [0] _start_plan_and_wait (res://test/integration/test_campfire_example_smoke.gd:57)
WARNING: [GdPAI] ObjectRef(124134624705): object was freed before callback; returning Nil.
   at: gdplanningai_rust::logger::process_logs (src\logger.rs:66)
   GDScript backtrace (most recent call first):
       [0] _start_plan_and_wait (res://test/integration/test_campfire_example_smoke.gd:57)
WARNING: [GdPAI] ObjectRef(124134624705): object was freed before callback; returning Nil.
   at: gdplanningai_rust::logger::process_logs (src\logger.rs:66)
   GDScript backtrace (most recent call first):
       [0] _start_plan_and_wait (res://test/integration/test_campfire_example_smoke.gd:57)
[GdPAI | debug] ApplyEffect [Before] ID=InstanceId(-9223368011631523365): agent props = {"hunger": 70.0627442063492, "entity": null, "held_item": "", "at_target": null}
[GdPAI | debug] ApplyEffect [After] ID=InstanceId(-9223368011631523365): agent props = {"hunger": 70.0627442063492, "entity": null, "held_item": "", "at_target": null}
[GdPAI | debug]   Snapshotting prop: hunger = Float(70.0627442063492) (Variant type: FLOAT)
[GdPAI | debug]   Snapshotting prop: entity = Nil (Variant type: NIL)
[GdPAI | debug]   Snapshotting prop: held_item = Str("") (Variant type: STRING)
[GdPAI | debug]   Snapshotting prop: at_target = Nil (Variant type: NIL)
WARNING: [GdPAI] ObjectRef(1382643928884): object was freed before callback; returning Nil.
   at: gdplanningai_rust::logger::process_logs (src\logger.rs:66)
   GDScript backtrace (most recent call first):
       [0] _start_plan_and_wait (res://test/integration/test_campfire_example_smoke.gd:57)
[GdPAI | debug] GetCost: callable returned non-numeric value: null; returning INFINITY
WARNING: [GdPAI] ObjectRef(124621163998): object was freed before callback; returning Nil.
   at: gdplanningai_rust::logger::process_logs (src\logger.rs:66)
   GDScript backtrace (most recent call first):
       [0] _process (res://addons/GdPlanningAI/gdpai_autoload.gd:21)
WARNING: [GdPAI] ObjectRef(124587609564): object was freed before callback; returning Nil.
   at: gdplanningai_rust::logger::process_logs (src\logger.rs:66)
   GDScript backtrace (most recent call first):
       [0] _process (res://addons/GdPlanningAI/gdpai_autoload.gd:21)
WARNING: [GdPAI] ObjectRef(124587609564): object was freed before callback; returning Nil.
   at: gdplanningai_rust::logger::process_logs (src\logger.rs:66)
   GDScript backtrace (most recent call first):
       [0] _process (res://addons/GdPlanningAI/gdpai_autoload.gd:21)
[GdPAI | debug] GetCost: callable returned non-numeric value: null; returning INFINITY
WARNING: [GdPAI] ObjectRef(1382643928884): object was freed before callback; returning Nil.
   at: gdplanningai_rust::logger::process_logs (src\logger.rs:66)
   GDScript backtrace (most recent call first):
       [0] _process (res://addons/GdPlanningAI/gdpai_autoload.gd:21)
[GdPAI | debug] ApplyEffect [Before] ID=InstanceId(-9223368009702143550): agent props = {"entity": null, "held_item": "", "hunger": 95.0603725}
[GdPAI | debug] ApplyEffect [After] ID=InstanceId(-9223368009702143550): agent props = {"entity": null, "held_item": "", "hunger": 95.0603725}
[GdPAI | debug]   Snapshotting prop: entity = Nil (Variant type: NIL)
[GdPAI | debug]   Snapshotting prop: held_item = Str("") (Variant type: STRING)
[GdPAI | debug]   Snapshotting prop: hunger = Float(95.0603725) (Variant type: FLOAT)
WARNING: [GdPAI] ObjectRef(124621163998): object was freed before callback; returning Nil.
   at: gdplanningai_rust::logger::process_logs (src\logger.rs:66)
   GDScript backtrace (most recent call first):
       [0] _start_plan_and_wait (res://test/integration/test_campfire_example_smoke.gd:57)
WARNING: [GdPAI] ObjectRef(124587609564): object was freed before callback; returning Nil.
   at: gdplanningai_rust::logger::process_logs (src\logger.rs:66)
   GDScript backtrace (most recent call first):
       [0] _start_plan_and_wait (res://test/integration/test_campfire_example_smoke.gd:57)
WARNING: [GdPAI] ObjectRef(124587609564): object was freed before callback; returning Nil.
   at: gdplanningai_rust::logger::process_logs (src\logger.rs:66)
   GDScript backtrace (most recent call first):
       [0] _start_plan_and_wait (res://test/integration/test_campfire_example_smoke.gd:57)
[GdPAI | debug] ApplyEffect [Before] ID=InstanceId(-9223368008930391552): agent props = {"held_item": "", "hunger": 70.0627442063492, "at_target": null, "entity": null}
[GdPAI | debug] ApplyEffect [After] ID=InstanceId(-9223368008930391552): agent props = {"held_item": "", "hunger": 70.0627442063492, "at_target": null, "entity": null}
[GdPAI | debug]   Snapshotting prop: held_item = Str("") (Variant type: STRING)
[GdPAI | debug]   Snapshotting prop: hunger = Float(70.0627442063492) (Variant type: FLOAT)
[GdPAI | debug]   Snapshotting prop: at_target = Nil (Variant type: NIL)
[GdPAI | debug]   Snapshotting prop: entity = Nil (Variant type: NIL)
WARNING: [GdPAI] ObjectRef(1382643928884): object was freed before callback; returning Nil.
   at: gdplanningai_rust::logger::process_logs (src\logger.rs:66)
   GDScript backtrace (most recent call first):
       [0] _start_plan_and_wait (res://test/integration/test_campfire_example_smoke.gd:57)
[GdPAI | debug] GetCost: callable returned non-numeric value: null; returning INFINITY
WARNING: [GdPAI] ObjectRef(124621163998): object was freed before callback; returning Nil.
   at: gdplanningai_rust::logger::process_logs (src\logger.rs:66)
   GDScript backtrace (most recent call first):
       [0] _process (res://addons/GdPlanningAI/gdpai_autoload.gd:21)
WARNING: [GdPAI] ObjectRef(125661351450): object was freed before callback; returning Nil.
   at: gdplanningai_rust::logger::process_logs (src\logger.rs:66)
   GDScript backtrace (most recent call first):
       [0] _process (res://addons/GdPlanningAI/gdpai_autoload.gd:21)
WARNING: [GdPAI] ObjectRef(125661351450): object was freed before callback; returning Nil.
   at: gdplanningai_rust::logger::process_logs (src\logger.rs:66)
   GDScript backtrace (most recent call first):
       [0] _process (res://addons/GdPlanningAI/gdpai_autoload.gd:21)
[GdPAI | debug] GetCost: callable returned non-numeric value: null; returning INFINITY
WARNING: [GdPAI] ObjectRef(1382643928884): object was freed before callback; returning Nil.
   at: gdplanningai_rust::logger::process_logs (src\logger.rs:66)
   GDScript backtrace (most recent call first):
       [0] _process (res://addons/GdPlanningAI/gdpai_autoload.gd:21)
[GdPAI | debug] ApplyEffect [Before] ID=InstanceId(-9223368007001011730): agent props = {"entity": null, "held_item": "wood", "hunger": 95.0603725}
[GdPAI | debug] ApplyEffect [After] ID=InstanceId(-9223368007001011730): agent props = {"entity": null, "held_item": "wood", "hunger": 95.0603725}
[GdPAI | debug]   Snapshotting prop: entity = Nil (Variant type: NIL)
[GdPAI | debug]   Snapshotting prop: held_item = Str("wood") (Variant type: STRING)
[GdPAI | debug]   Snapshotting prop: hunger = Float(95.0603725) (Variant type: FLOAT)
WARNING: [GdPAI] ObjectRef(124621163998): object was freed before callback; returning Nil.
   at: gdplanningai_rust::logger::process_logs (src\logger.rs:66)
   GDScript backtrace (most recent call first):
       [0] _start_plan_and_wait (res://test/integration/test_campfire_example_smoke.gd:57)
WARNING: [GdPAI] ObjectRef(125661351450): object was freed before callback; returning Nil.
   at: gdplanningai_rust::logger::process_logs (src\logger.rs:66)
   GDScript backtrace (most recent call first):
       [0] _start_plan_and_wait (res://test/integration/test_campfire_example_smoke.gd:57)
WARNING: [GdPAI] ObjectRef(125661351450): object was freed before callback; returning Nil.
   at: gdplanningai_rust::logger::process_logs (src\logger.rs:66)
   GDScript backtrace (most recent call first):
       [0] _start_plan_and_wait (res://test/integration/test_campfire_example_smoke.gd:57)
[GdPAI | debug] ApplyEffect [Before] ID=InstanceId(-9223368006229259756): agent props = {"at_target": null, "held_item": "", "hunger": 70.0627442063492, "entity": null}
[GdPAI | debug] ApplyEffect [After] ID=InstanceId(-9223368006229259756): agent props = {"at_target": null, "held_item": "", "hunger": 70.0627442063492, "entity": null}
[GdPAI | debug]   Snapshotting prop: at_target = Nil (Variant type: NIL)
[GdPAI | debug]   Snapshotting prop: held_item = Str("") (Variant type: STRING)
[GdPAI | debug]   Snapshotting prop: hunger = Float(70.0627442063492) (Variant type: FLOAT)
[GdPAI | debug]   Snapshotting prop: entity = Nil (Variant type: NIL)
WARNING: [GdPAI] ObjectRef(1382643928884): object was freed before callback; returning Nil.
   at: gdplanningai_rust::logger::process_logs (src\logger.rs:66)
   GDScript backtrace (most recent call first):
       [0] _start_plan_and_wait (res://test/integration/test_campfire_example_smoke.gd:57)
WARNING: [GdPAI] ObjectRef(1382643928884): object was freed before callback; returning Nil.
   at: gdplanningai_rust::logger::process_logs (src\logger.rs:66)
   GDScript backtrace (most recent call first):
       [0] _start_plan_and_wait (res://test/integration/test_campfire_example_smoke.gd:57)
[GdPAI | debug] GetCost: callable returned non-numeric value: null; returning INFINITY
WARNING: [GdPAI] ObjectRef(124621163998): object was freed before callback; returning Nil.
   at: gdplanningai_rust::logger::process_logs (src\logger.rs:66)
   GDScript backtrace (most recent call first):
       [0] _process (res://addons/GdPlanningAI/gdpai_autoload.gd:21)
WARNING: [GdPAI] ObjectRef(124134624705): object was freed before callback; returning Nil.
   at: gdplanningai_rust::logger::process_logs (src\logger.rs:66)
   GDScript backtrace (most recent call first):
       [0] _process (res://addons/GdPlanningAI/gdpai_autoload.gd:21)
WARNING: [GdPAI] ObjectRef(124134624705): object was freed before callback; returning Nil.
   at: gdplanningai_rust::logger::process_logs (src\logger.rs:66)
   GDScript backtrace (most recent call first):
       [0] _process (res://addons/GdPlanningAI/gdpai_autoload.gd:21)
[GdPAI | debug] GetCost: callable returned non-numeric value: null; returning INFINITY
WARNING: [GdPAI] ObjectRef(1382643928884): object was freed before callback; returning Nil.
   at: gdplanningai_rust::logger::process_logs (src\logger.rs:66)
   GDScript backtrace (most recent call first):
       [0] _process (res://addons/GdPlanningAI/gdpai_autoload.gd:21)
WARNING: [GdPAI] ObjectRef(1382643928884): object was freed before callback; returning Nil.
   at: gdplanningai_rust::logger::process_logs (src\logger.rs:66)
   GDScript backtrace (most recent call first):
       [0] _process (res://addons/GdPlanningAI/gdpai_autoload.gd:21)
[GdPAI | debug] ApplyEffect [Before] ID=InstanceId(-9223368004249548299): agent props = {"held_item": "", "hunger": 95.0603725, "entity": null}
[GdPAI | debug] ApplyEffect [After] ID=InstanceId(-9223368004249548299): agent props = {"held_item": "", "hunger": 95.0603725, "entity": null}
[GdPAI | debug]   Snapshotting prop: held_item = Str("") (Variant type: STRING)
[GdPAI | debug]   Snapshotting prop: hunger = Float(95.0603725) (Variant type: FLOAT)
[GdPAI | debug]   Snapshotting prop: entity = Nil (Variant type: NIL)
WARNING: [GdPAI] ObjectRef(124621163998): object was freed before callback; returning Nil.
   at: gdplanningai_rust::logger::process_logs (src\logger.rs:66)
   GDScript backtrace (most recent call first):
       [0] _start_plan_and_wait (res://test/integration/test_campfire_example_smoke.gd:57)
WARNING: [GdPAI] ObjectRef(124134624705): object was freed before callback; returning Nil.
   at: gdplanningai_rust::logger::process_logs (src\logger.rs:66)
   GDScript backtrace (most recent call first):
       [0] _start_plan_and_wait (res://test/integration/test_campfire_example_smoke.gd:57)
WARNING: [GdPAI] ObjectRef(124134624705): object was freed before callback; returning Nil.
   at: gdplanningai_rust::logger::process_logs (src\logger.rs:66)
   GDScript backtrace (most recent call first):
       [0] _start_plan_and_wait (res://test/integration/test_campfire_example_smoke.gd:57)
[GdPAI | debug] ApplyEffect [Before] ID=InstanceId(-9223368003427464728): agent props = {"hunger": 70.0627442063492, "held_item": "", "entity": null, "at_target": null}
[GdPAI | debug] ApplyEffect [After] ID=InstanceId(-9223368003427464728): agent props = {"hunger": 70.0627442063492, "held_item": "", "entity": null, "at_target": null}
[GdPAI | debug]   Snapshotting prop: hunger = Float(70.0627442063492) (Variant type: FLOAT)
[GdPAI | debug]   Snapshotting prop: held_item = Str("") (Variant type: STRING)
[GdPAI | debug]   Snapshotting prop: entity = Nil (Variant type: NIL)
[GdPAI | debug]   Snapshotting prop: at_target = Nil (Variant type: NIL)
WARNING: [GdPAI] ObjectRef(1382643928884): object was freed before callback; returning Nil.
   at: gdplanningai_rust::logger::process_logs (src\logger.rs:66)
   GDScript backtrace (most recent call first):
       [0] _start_plan_and_wait (res://test/integration/test_campfire_example_smoke.gd:57)
[GdPAI | debug] GetCost: callable returned non-numeric value: null; returning INFINITY
WARNING: [GdPAI] ObjectRef(124621163998): object was freed before callback; returning Nil.
   at: gdplanningai_rust::logger::process_logs (src\logger.rs:66)
   GDScript backtrace (most recent call first):
       [0] _process (res://addons/GdPlanningAI/gdpai_autoload.gd:21)
[GdPAI | debug] GetCost: callable returned non-numeric value: null; returning INFINITY
WARNING: [GdPAI] ObjectRef(1382643928884): object was freed before callback; returning Nil.
   at: gdplanningai_rust::logger::process_logs (src\logger.rs:66)
   GDScript backtrace (most recent call first):
       [0] _process (res://addons/GdPlanningAI/gdpai_autoload.gd:21)
[GdPAI | debug] ApplyEffect [Before] ID=InstanceId(-9223368001498084834): agent props = {"hunger": 95.0603725, "held_item": "", "entity": null}
[GdPAI | debug] ApplyEffect [After] ID=InstanceId(-9223368001498084834): agent props = {"hunger": 95.0603725, "held_item": "", "entity": null}
[GdPAI | debug]   Snapshotting prop: hunger = Float(95.0603725) (Variant type: FLOAT)
[GdPAI | debug]   Snapshotting prop: held_item = Str("") (Variant type: STRING)
[GdPAI | debug]   Snapshotting prop: entity = Nil (Variant type: NIL)
WARNING: [GdPAI] ObjectRef(124621163998): object was freed before callback; returning Nil.
   at: gdplanningai_rust::logger::process_logs (src\logger.rs:66)
   GDScript backtrace (most recent call first):
       [0] _start_plan_and_wait (res://test/integration/test_campfire_example_smoke.gd:57)
[GdPAI | debug] ApplyEffect [Before] ID=InstanceId(-9223368000826996189): agent props = {"held_item": "wood", "hunger": 70.0627442063492, "entity": null, "at_target": null}
[GdPAI | debug] ApplyEffect [After] ID=InstanceId(-9223368000826996189): agent props = {"held_item": "wood", "hunger": 70.0627442063492, "entity": null, "at_target": null}
[GdPAI | debug]   Snapshotting prop: held_item = Str("wood") (Variant type: STRING)
[GdPAI | debug]   Snapshotting prop: hunger = Float(70.0627442063492) (Variant type: FLOAT)
[GdPAI | debug]   Snapshotting prop: entity = Nil (Variant type: NIL)
[GdPAI | debug]   Snapshotting prop: at_target = Nil (Variant type: NIL)
WARNING: [GdPAI] ObjectRef(1382643928884): object was freed before callback; returning Nil.
   at: gdplanningai_rust::logger::process_logs (src\logger.rs:66)
   GDScript backtrace (most recent call first):
       [0] _start_plan_and_wait (res://test/integration/test_campfire_example_smoke.gd:57)
[GdPAI | debug] GetCost: callable returned non-numeric value: null; returning INFINITY
WARNING: [GdPAI] ObjectRef(124621163998): object was freed before callback; returning Nil.
   at: gdplanningai_rust::logger::process_logs (src\logger.rs:66)
   GDScript backtrace (most recent call first):
       [0] _process (res://addons/GdPlanningAI/gdpai_autoload.gd:21)
WARNING: [GdPAI] ObjectRef(124621163998): object was freed before callback; returning Nil.
   at: gdplanningai_rust::logger::process_logs (src\logger.rs:66)
   GDScript backtrace (most recent call first):
       [0] _process (res://addons/GdPlanningAI/gdpai_autoload.gd:21)
[GdPAI | debug] GetCost: callable returned non-numeric value: null; returning INFINITY
WARNING: [GdPAI] ObjectRef(1382643928884): object was freed before callback; returning Nil.
   at: gdplanningai_rust::logger::process_logs (src\logger.rs:66)
   GDScript backtrace (most recent call first):
       [0] _process (res://addons/GdPlanningAI/gdpai_autoload.gd:21)
[GdPAI | debug] ApplyEffect [Before] ID=InstanceId(-9223367998998279620): agent props = {"entity": null, "hunger": 95.0603725, "held_item": ""}
[GdPAI | debug] ApplyEffect [After] ID=InstanceId(-9223367998998279620): agent props = {"entity": null, "hunger": 95.0603725, "held_item": ""}
[GdPAI | debug]   Snapshotting prop: entity = Nil (Variant type: NIL)
[GdPAI | debug]   Snapshotting prop: hunger = Float(95.0603725) (Variant type: FLOAT)
[GdPAI | debug]   Snapshotting prop: held_item = Str("") (Variant type: STRING)
WARNING: [GdPAI] ObjectRef(124621163998): object was freed before callback; returning Nil.
   at: gdplanningai_rust::logger::process_logs (src\logger.rs:66)
   GDScript backtrace (most recent call first):
       [0] _start_plan_and_wait (res://test/integration/test_campfire_example_smoke.gd:57)
WARNING: [GdPAI] ObjectRef(124621163998): object was freed before callback; returning Nil.
   at: gdplanningai_rust::logger::process_logs (src\logger.rs:66)
   GDScript backtrace (most recent call first):
       [0] _start_plan_and_wait (res://test/integration/test_campfire_example_smoke.gd:57)
[GdPAI | debug] ApplyEffect [Before] ID=InstanceId(-9223367998276859378): agent props = {"entity": null, "held_item": "", "hunger": 70.0627442063492}
[GdPAI | debug] ApplyEffect [After] ID=InstanceId(-9223367998276859378): agent props = {"entity": null, "held_item": "", "hunger": 70.0627442063492}
[GdPAI | debug]   Snapshotting prop: entity = Nil (Variant type: NIL)
[GdPAI | debug]   Snapshotting prop: held_item = Str("") (Variant type: STRING)
[GdPAI | debug]   Snapshotting prop: hunger = Float(70.0627442063492) (Variant type: FLOAT)
WARNING: [GdPAI] ObjectRef(1382643928884): object was freed before callback; returning Nil.
   at: gdplanningai_rust::logger::process_logs (src\logger.rs:66)
   GDScript backtrace (most recent call first):
       [0] _start_plan_and_wait (res://test/integration/test_campfire_example_smoke.gd:57)
[GdPAI | debug] GetCost: callable returned non-numeric value: null; returning INFINITY
WARNING: [GdPAI] ObjectRef(124621163998): object was freed before callback; returning Nil.
   at: gdplanningai_rust::logger::process_logs (src\logger.rs:66)
   GDScript backtrace (most recent call first):
       [0] _process (res://addons/GdPlanningAI/gdpai_autoload.gd:21)
[GdPAI | debug] GetCost: callable returned non-numeric value: null; returning INFINITY
WARNING: [GdPAI] ObjectRef(1382643928884): object was freed before callback; returning Nil.
   at: gdplanningai_rust::logger::process_logs (src\logger.rs:66)
   GDScript backtrace (most recent call first):
       [0] _process (res://addons/GdPlanningAI/gdpai_autoload.gd:21)
[GdPAI | debug] ApplyEffect [Before] ID=InstanceId(-9223367996397811138): agent props = {"held_item": "wood", "entity": null, "hunger": 95.0603725}
[GdPAI | debug] ApplyEffect [After] ID=InstanceId(-9223367996397811138): agent props = {"held_item": "wood", "entity": null, "hunger": 95.0603725}
[GdPAI | debug]   Snapshotting prop: held_item = Str("wood") (Variant type: STRING)
[GdPAI | debug]   Snapshotting prop: entity = Nil (Variant type: NIL)
[GdPAI | debug]   Snapshotting prop: hunger = Float(95.0603725) (Variant type: FLOAT)
WARNING: [GdPAI] ObjectRef(124621163998): object was freed before callback; returning Nil.
   at: gdplanningai_rust::logger::process_logs (src\logger.rs:66)
   GDScript backtrace (most recent call first):
       [0] _start_plan_and_wait (res://test/integration/test_campfire_example_smoke.gd:57)
[GdPAI | debug] ApplyEffect [Before] ID=InstanceId(-9223367995726722506): agent props = {"entity": null, "held_item": "", "hunger": 70.0627442063492}
[GdPAI | debug] ApplyEffect [After] ID=InstanceId(-9223367995726722506): agent props = {"entity": null, "held_item": "", "hunger": 70.0627442063492}
[GdPAI | debug]   Snapshotting prop: entity = Nil (Variant type: NIL)
[GdPAI | debug]   Snapshotting prop: held_item = Str("") (Variant type: STRING)
[GdPAI | debug]   Snapshotting prop: hunger = Float(70.0627442063492) (Variant type: FLOAT)
WARNING: [GdPAI] ObjectRef(1382643928884): object was freed before callback; returning Nil.
   at: gdplanningai_rust::logger::process_logs (src\logger.rs:66)
   GDScript backtrace (most recent call first):
       [0] _start_plan_and_wait (res://test/integration/test_campfire_example_smoke.gd:57)
WARNING: [GdPAI] ObjectRef(1382643928884): object was freed before callback; returning Nil.
   at: gdplanningai_rust::logger::process_logs (src\logger.rs:66)
   GDScript backtrace (most recent call first):
       [0] _start_plan_and_wait (res://test/integration/test_campfire_example_smoke.gd:57)
[GdPAI | debug] GetCost: callable returned non-numeric value: null; returning INFINITY
WARNING: [GdPAI] ObjectRef(124621163998): object was freed before callback; returning Nil.
   at: gdplanningai_rust::logger::process_logs (src\logger.rs:66)
   GDScript backtrace (most recent call first):
       [0] _process (res://addons/GdPlanningAI/gdpai_autoload.gd:21)
[GdPAI | debug] GetCost: callable returned non-numeric value: null; returning INFINITY
WARNING: [GdPAI] ObjectRef(1382643928884): object was freed before callback; returning Nil.
   at: gdplanningai_rust::logger::process_logs (src\logger.rs:66)
   GDScript backtrace (most recent call first):
       [0] _process (res://addons/GdPlanningAI/gdpai_autoload.gd:21)
WARNING: [GdPAI] ObjectRef(1382643928884): object was freed before callback; returning Nil.
   at: gdplanningai_rust::logger::process_logs (src\logger.rs:66)
   GDScript backtrace (most recent call first):
       [0] _process (res://addons/GdPlanningAI/gdpai_autoload.gd:21)
[GdPAI | debug] ApplyEffect [Before] ID=InstanceId(-9223367993847674316): agent props = {"hunger": 95.0603725, "entity": null, "held_item": ""}
[GdPAI | debug] ApplyEffect [After] ID=InstanceId(-9223367993847674316): agent props = {"hunger": 95.0603725, "entity": null, "held_item": ""}
[GdPAI | debug]   Snapshotting prop: hunger = Float(95.0603725) (Variant type: FLOAT)
[GdPAI | debug]   Snapshotting prop: entity = Nil (Variant type: NIL)
[GdPAI | debug]   Snapshotting prop: held_item = Str("") (Variant type: STRING)
WARNING: [GdPAI] ObjectRef(124621163998): object was freed before callback; returning Nil.
   at: gdplanningai_rust::logger::process_logs (src\logger.rs:66)
   GDScript backtrace (most recent call first):
       [0] _start_plan_and_wait (res://test/integration/test_campfire_example_smoke.gd:57)
[GdPAI | debug] ApplyEffect [Before] ID=InstanceId(-9223367993126253966): agent props = {"held_item": "", "entity": null, "hunger": 70.0627442063492}
[GdPAI | debug] ApplyEffect [After] ID=InstanceId(-9223367993126253966): agent props = {"held_item": "", "entity": null, "hunger": 70.0627442063492}
[GdPAI | debug]   Snapshotting prop: held_item = Str("") (Variant type: STRING)
[GdPAI | debug]   Snapshotting prop: entity = Nil (Variant type: NIL)
[GdPAI | debug]   Snapshotting prop: hunger = Float(70.0627442063492) (Variant type: FLOAT)
WARNING: [GdPAI] ObjectRef(1382643928884): object was freed before callback; returning Nil.
   at: gdplanningai_rust::logger::process_logs (src\logger.rs:66)
   GDScript backtrace (most recent call first):
       [0] _start_plan_and_wait (res://test/integration/test_campfire_example_smoke.gd:57)
[GdPAI | debug] GetCost: callable returned non-numeric value: null; returning INFINITY
WARNING: [GdPAI] ObjectRef(124621163998): object was freed before callback; returning Nil.
   at: gdplanningai_rust::logger::process_logs (src\logger.rs:66)
   GDScript backtrace (most recent call first):
       [0] _process (res://addons/GdPlanningAI/gdpai_autoload.gd:21)
[GdPAI | debug] GetCost: callable returned non-numeric value: null; returning INFINITY
WARNING: [GdPAI] ObjectRef(1382643928884): object was freed before callback; returning Nil.
   at: gdplanningai_rust::logger::process_logs (src\logger.rs:66)
   GDScript backtrace (most recent call first):
       [0] _process (res://addons/GdPlanningAI/gdpai_autoload.gd:21)
[GdPAI | debug] ApplyEffect [Before] ID=InstanceId(-9223367991297537513): agent props = {"entity": null, "hunger": 95.0603725, "held_item": ""}
[GdPAI | debug] ApplyEffect [After] ID=InstanceId(-9223367991297537513): agent props = {"entity": null, "hunger": 95.0603725, "held_item": ""}
[GdPAI | debug]   Snapshotting prop: entity = Nil (Variant type: NIL)
[GdPAI | debug]   Snapshotting prop: hunger = Float(95.0603725) (Variant type: FLOAT)
[GdPAI | debug]   Snapshotting prop: held_item = Str("") (Variant type: STRING)
WARNING: [GdPAI] ObjectRef(124621163998): object was freed before callback; returning Nil.
   at: gdplanningai_rust::logger::process_logs (src\logger.rs:66)
   GDScript backtrace (most recent call first):
       [0] _start_plan_and_wait (res://test/integration/test_campfire_example_smoke.gd:57)
[GdPAI | debug] ApplyEffect [Before] ID=InstanceId(-9223367990626448777): agent props = {"entity": null, "hunger": 70.0627442063492, "held_item": ""}
[GdPAI | debug] ApplyEffect [After] ID=InstanceId(-9223367990626448777): agent props = {"entity": null, "hunger": 70.0627442063492, "held_item": ""}
[GdPAI | debug]   Snapshotting prop: entity = Nil (Variant type: NIL)
[GdPAI | debug]   Snapshotting prop: hunger = Float(70.0627442063492) (Variant type: FLOAT)
[GdPAI | debug]   Snapshotting prop: held_item = Str("") (Variant type: STRING)
WARNING: [GdPAI] ObjectRef(1382643928884): object was freed before callback; returning Nil.
   at: gdplanningai_rust::logger::process_logs (src\logger.rs:66)
   GDScript backtrace (most recent call first):
       [0] _start_plan_and_wait (res://test/integration/test_campfire_example_smoke.gd:57)
[GdPAI | debug] GetCost: callable returned non-numeric value: null; returning INFINITY
WARNING: [GdPAI] ObjectRef(124621163998): object was freed before callback; returning Nil.
   at: gdplanningai_rust::logger::process_logs (src\logger.rs:66)
   GDScript backtrace (most recent call first):
       [0] _process (res://addons/GdPlanningAI/gdpai_autoload.gd:21)
[GdPAI | debug] GetCost: callable returned non-numeric value: null; returning INFINITY
WARNING: [GdPAI] ObjectRef(1382643928884): object was freed before callback; returning Nil.
   at: gdplanningai_rust::logger::process_logs (src\logger.rs:66)
   GDScript backtrace (most recent call first):
       [0] _process (res://addons/GdPlanningAI/gdpai_autoload.gd:21)
[GdPAI | debug] ApplyEffect [Before] ID=InstanceId(-9223367988797732226): agent props = {"entity": null, "hunger": 95.0603725, "held_item": ""}
[GdPAI | debug] ApplyEffect [After] ID=InstanceId(-9223367988797732226): agent props = {"entity": null, "hunger": 95.0603725, "held_item": ""}
[GdPAI | debug]   Snapshotting prop: entity = Nil (Variant type: NIL)
[GdPAI | debug]   Snapshotting prop: hunger = Float(95.0603725) (Variant type: FLOAT)
[GdPAI | debug]   Snapshotting prop: held_item = Str("") (Variant type: STRING)
WARNING: [GdPAI] ObjectRef(124621163998): object was freed before callback; returning Nil.
   at: gdplanningai_rust::logger::process_logs (src\logger.rs:66)
   GDScript backtrace (most recent call first):
       [0] _start_plan_and_wait (res://test/integration/test_campfire_example_smoke.gd:57)
[GdPAI | debug] ApplyEffect [Before] ID=InstanceId(-9223367988126643599): agent props = {"held_item": "", "entity": null, "hunger": 70.0627442063492}
[GdPAI | debug] ApplyEffect [After] ID=InstanceId(-9223367988126643599): agent props = {"held_item": "", "entity": null, "hunger": 70.0627442063492}
[GdPAI | debug]   Snapshotting prop: held_item = Str("") (Variant type: STRING)
[GdPAI | debug]   Snapshotting prop: entity = Nil (Variant type: NIL)
[GdPAI | debug]   Snapshotting prop: hunger = Float(70.0627442063492) (Variant type: FLOAT)
WARNING: [GdPAI] ObjectRef(1382643928884): object was freed before callback; returning Nil.
   at: gdplanningai_rust::logger::process_logs (src\logger.rs:66)
   GDScript backtrace (most recent call first):
       [0] _start_plan_and_wait (res://test/integration/test_campfire_example_smoke.gd:57)
[GdPAI | debug] GetCost: callable returned non-numeric value: null; returning INFINITY
WARNING: [GdPAI] ObjectRef(124621163998): object was freed before callback; returning Nil.
   at: gdplanningai_rust::logger::process_logs (src\logger.rs:66)
   GDScript backtrace (most recent call first):
       [0] _process (res://addons/GdPlanningAI/gdpai_autoload.gd:21)
[GdPAI | debug] GetCost: callable returned non-numeric value: null; returning INFINITY
WARNING: [GdPAI] ObjectRef(1382643928884): object was freed before callback; returning Nil.
   at: gdplanningai_rust::logger::process_logs (src\logger.rs:66)
   GDScript backtrace (most recent call first):
       [0] _process (res://addons/GdPlanningAI/gdpai_autoload.gd:21)
[GdPAI | debug] ApplyEffect [Before] ID=InstanceId(-9223367986297927025): agent props = {"held_item": "wood", "hunger": 95.0603725, "entity": null}
[GdPAI | debug] ApplyEffect [After] ID=InstanceId(-9223367986297927025): agent props = {"held_item": "wood", "hunger": 95.0603725, "entity": null}
[GdPAI | debug]   Snapshotting prop: held_item = Str("wood") (Variant type: STRING)
[GdPAI | debug]   Snapshotting prop: hunger = Float(95.0603725) (Variant type: FLOAT)
[GdPAI | debug]   Snapshotting prop: entity = Nil (Variant type: NIL)
WARNING: [GdPAI] ObjectRef(124621163998): object was freed before callback; returning Nil.
   at: gdplanningai_rust::logger::process_logs (src\logger.rs:66)
   GDScript backtrace (most recent call first):
       [0] _start_plan_and_wait (res://test/integration/test_campfire_example_smoke.gd:57)
[GdPAI | debug] ApplyEffect [Before] ID=InstanceId(-9223367985626838422): agent props = {"held_item": "wood", "entity": null, "hunger": 70.0627442063492}
[GdPAI | debug] ApplyEffect [After] ID=InstanceId(-9223367985626838422): agent props = {"held_item": "wood", "entity": null, "hunger": 70.0627442063492}
[GdPAI | debug]   Snapshotting prop: held_item = Str("wood") (Variant type: STRING)
[GdPAI | debug]   Snapshotting prop: entity = Nil (Variant type: NIL)
[GdPAI | debug]   Snapshotting prop: hunger = Float(70.0627442063492) (Variant type: FLOAT)
WARNING: [GdPAI] ObjectRef(1382643928884): object was freed before callback; returning Nil.
   at: gdplanningai_rust::logger::process_logs (src\logger.rs:66)
   GDScript backtrace (most recent call first):
       [0] _start_plan_and_wait (res://test/integration/test_campfire_example_smoke.gd:57)
WARNING: [GdPAI] ObjectRef(1382643928884): object was freed before callback; returning Nil.
   at: gdplanningai_rust::logger::process_logs (src\logger.rs:66)
   GDScript backtrace (most recent call first):
       [0] _start_plan_and_wait (res://test/integration/test_campfire_example_smoke.gd:57)
[GdPAI | debug] GetCost: callable returned non-numeric value: null; returning INFINITY
WARNING: [GdPAI] ObjectRef(124621163998): object was freed before callback; returning Nil.
   at: gdplanningai_rust::logger::process_logs (src\logger.rs:66)
   GDScript backtrace (most recent call first):
       [0] _process (res://addons/GdPlanningAI/gdpai_autoload.gd:21)
WARNING: [GdPAI] ObjectRef(124621163998): object was freed before callback; returning Nil.
   at: gdplanningai_rust::logger::process_logs (src\logger.rs:66)
   GDScript backtrace (most recent call first):
       [0] _process (res://addons/GdPlanningAI/gdpai_autoload.gd:21)
[GdPAI | debug] GetCost: callable returned non-numeric value: null; returning INFINITY
WARNING: [GdPAI] ObjectRef(1382643928884): object was freed before callback; returning Nil.
   at: gdplanningai_rust::logger::process_logs (src\logger.rs:66)
   GDScript backtrace (most recent call first):
       [0] _process (res://addons/GdPlanningAI/gdpai_autoload.gd:21)
WARNING: [GdPAI] ObjectRef(1382643928884): object was freed before callback; returning Nil.
   at: gdplanningai_rust::logger::process_logs (src\logger.rs:66)
   GDScript backtrace (most recent call first):
       [0] _process (res://addons/GdPlanningAI/gdpai_autoload.gd:21)
[GdPAI | debug] ApplyEffect [Before] ID=InstanceId(-9223367983747790221): agent props = {"entity": null, "hunger": 95.0603725, "held_item": ""}
[GdPAI | debug] ApplyEffect [After] ID=InstanceId(-9223367983747790221): agent props = {"entity": null, "hunger": 95.0603725, "held_item": ""}
[GdPAI | debug]   Snapshotting prop: entity = Nil (Variant type: NIL)
[GdPAI | debug]   Snapshotting prop: hunger = Float(95.0603725) (Variant type: FLOAT)
[GdPAI | debug]   Snapshotting prop: held_item = Str("") (Variant type: STRING)
WARNING: [GdPAI] ObjectRef(124621163998): object was freed before callback; returning Nil.
   at: gdplanningai_rust::logger::process_logs (src\logger.rs:66)
   GDScript backtrace (most recent call first):
       [0] _start_plan_and_wait (res://test/integration/test_campfire_example_smoke.gd:57)
WARNING: [GdPAI] ObjectRef(124621163998): object was freed before callback; returning Nil.
   at: gdplanningai_rust::logger::process_logs (src\logger.rs:66)
   GDScript backtrace (most recent call first):
       [0] _start_plan_and_wait (res://test/integration/test_campfire_example_smoke.gd:57)
[GdPAI | debug] ApplyEffect [Before] ID=InstanceId(-9223367982976038239): agent props = {"held_item": "", "hunger": 70.0627442063492, "entity": null}
[GdPAI | debug] ApplyEffect [After] ID=InstanceId(-9223367982976038239): agent props = {"held_item": "", "hunger": 70.0627442063492, "entity": null}
[GdPAI | debug]   Snapshotting prop: held_item = Str("") (Variant type: STRING)
[GdPAI | debug]   Snapshotting prop: hunger = Float(70.0627442063492) (Variant type: FLOAT)
[GdPAI | debug]   Snapshotting prop: entity = Nil (Variant type: NIL)
WARNING: [GdPAI] ObjectRef(1382643928884): object was freed before callback; returning Nil.
   at: gdplanningai_rust::logger::process_logs (src\logger.rs:66)
   GDScript backtrace (most recent call first):
       [0] _start_plan_and_wait (res://test/integration/test_campfire_example_smoke.gd:57)
[GdPAI | debug] GetCost: callable returned non-numeric value: null; returning INFINITY
WARNING: [GdPAI] ObjectRef(124621163998): object was freed before callback; returning Nil.
   at: gdplanningai_rust::logger::process_logs (src\logger.rs:66)
   GDScript backtrace (most recent call first):
       [0] _process (res://addons/GdPlanningAI/gdpai_autoload.gd:21)
[GdPAI | debug] GetCost: callable returned non-numeric value: null; returning INFINITY
WARNING: [GdPAI] ObjectRef(1382643928884): object was freed before callback; returning Nil.
   at: gdplanningai_rust::logger::process_logs (src\logger.rs:66)
   GDScript backtrace (most recent call first):
       [0] _process (res://addons/GdPlanningAI/gdpai_autoload.gd:21)
[GdPAI | debug] ApplyEffect [Before] ID=InstanceId(-9223367981096990044): agent props = {"entity": null, "hunger": 95.0603725, "held_item": ""}
[GdPAI | debug] ApplyEffect [After] ID=InstanceId(-9223367981096990044): agent props = {"entity": null, "hunger": 95.0603725, "held_item": ""}
[GdPAI | debug]   Snapshotting prop: entity = Nil (Variant type: NIL)
[GdPAI | debug]   Snapshotting prop: hunger = Float(95.0603725) (Variant type: FLOAT)
[GdPAI | debug]   Snapshotting prop: held_item = Str("") (Variant type: STRING)
WARNING: [GdPAI] ObjectRef(124621163998): object was freed before callback; returning Nil.
   at: gdplanningai_rust::logger::process_logs (src\logger.rs:66)
   GDScript backtrace (most recent call first):
       [0] _start_plan_and_wait (res://test/integration/test_campfire_example_smoke.gd:57)
[GdPAI | debug] ApplyEffect [Before] ID=InstanceId(-9223367980425901424): agent props = {"entity": null, "hunger": 70.0627442063492, "held_item": ""}
[GdPAI | debug] ApplyEffect [After] ID=InstanceId(-9223367980425901424): agent props = {"entity": null, "hunger": 70.0627442063492, "held_item": ""}
[GdPAI | debug]   Snapshotting prop: entity = Nil (Variant type: NIL)
[GdPAI | debug]   Snapshotting prop: hunger = Float(70.0627442063492) (Variant type: FLOAT)
[GdPAI | debug]   Snapshotting prop: held_item = Str("") (Variant type: STRING)
WARNING: [GdPAI] ObjectRef(1382643928884): object was freed before callback; returning Nil.
   at: gdplanningai_rust::logger::process_logs (src\logger.rs:66)
   GDScript backtrace (most recent call first):
       [0] _start_plan_and_wait (res://test/integration/test_campfire_example_smoke.gd:57)
[GdPAI | debug] GetCost: callable returned non-numeric value: null; returning INFINITY
WARNING: [GdPAI] ObjectRef(124621163998): object was freed before callback; returning Nil.
   at: gdplanningai_rust::logger::process_logs (src\logger.rs:66)
   GDScript backtrace (most recent call first):
       [0] _process (res://addons/GdPlanningAI/gdpai_autoload.gd:21)
[GdPAI | debug] GetCost: callable returned non-numeric value: null; returning INFINITY
WARNING: [GdPAI] ObjectRef(1382643928884): object was freed before callback; returning Nil.
   at: gdplanningai_rust::logger::process_logs (src\logger.rs:66)
   GDScript backtrace (most recent call first):
       [0] _process (res://addons/GdPlanningAI/gdpai_autoload.gd:21)
[GdPAI | debug] ApplyEffect [Before] ID=InstanceId(-9223367978597184839): agent props = {"entity": null, "held_item": "", "hunger": 95.0603725}
[GdPAI | debug] ApplyEffect [After] ID=InstanceId(-9223367978597184839): agent props = {"entity": null, "held_item": "", "hunger": 95.0603725}
[GdPAI | debug]   Snapshotting prop: entity = Nil (Variant type: NIL)
[GdPAI | debug]   Snapshotting prop: held_item = Str("") (Variant type: STRING)
[GdPAI | debug]   Snapshotting prop: hunger = Float(95.0603725) (Variant type: FLOAT)
WARNING: [GdPAI] ObjectRef(124621163998): object was freed before callback; returning Nil.
   at: gdplanningai_rust::logger::process_logs (src\logger.rs:66)
   GDScript backtrace (most recent call first):
       [0] _start_plan_and_wait (res://test/integration/test_campfire_example_smoke.gd:57)
[GdPAI | debug] ApplyEffect [Before] ID=InstanceId(-9223367977926096196): agent props = {"hunger": 70.0627442063492, "entity": null, "held_item": ""}
[GdPAI | debug] ApplyEffect [After] ID=InstanceId(-9223367977926096196): agent props = {"hunger": 70.0627442063492, "entity": null, "held_item": ""}
[GdPAI | debug]   Snapshotting prop: hunger = Float(70.0627442063492) (Variant type: FLOAT)
[GdPAI | debug]   Snapshotting prop: entity = Nil (Variant type: NIL)
[GdPAI | debug]   Snapshotting prop: held_item = Str("") (Variant type: STRING)
WARNING: [GdPAI] ObjectRef(1382643928884): object was freed before callback; returning Nil.
   at: gdplanningai_rust::logger::process_logs (src\logger.rs:66)
   GDScript backtrace (most recent call first):
       [0] _start_plan_and_wait (res://test/integration/test_campfire_example_smoke.gd:57)
[GdPAI | debug] GetCost: callable returned non-numeric value: null; returning INFINITY
WARNING: [GdPAI] ObjectRef(124621163998): object was freed before callback; returning Nil.
   at: gdplanningai_rust::logger::process_logs (src\logger.rs:66)
   GDScript backtrace (most recent call first):
       [0] _process (res://addons/GdPlanningAI/gdpai_autoload.gd:21)
[GdPAI | debug] GetCost: callable returned non-numeric value: null; returning INFINITY
WARNING: [GdPAI] ObjectRef(1382643928884): object was freed before callback; returning Nil.
   at: gdplanningai_rust::logger::process_logs (src\logger.rs:66)
   GDScript backtrace (most recent call first):
       [0] _process (res://addons/GdPlanningAI/gdpai_autoload.gd:21)
[GdPAI | debug] ApplyEffect [Before] ID=InstanceId(-9223367976097379671): agent props = {"entity": null, "held_item": "wood", "hunger": 95.0603725}
[GdPAI | debug] ApplyEffect [After] ID=InstanceId(-9223367976097379671): agent props = {"entity": null, "held_item": "wood", "hunger": 95.0603725}
[GdPAI | debug]   Snapshotting prop: entity = Nil (Variant type: NIL)
[GdPAI | debug]   Snapshotting prop: held_item = Str("wood") (Variant type: STRING)
[GdPAI | debug]   Snapshotting prop: hunger = Float(95.0603725) (Variant type: FLOAT)
[GdPAI] A* Iteration: pop node with chain length 3
[GdPAI | debug] find_candidates: Checking 15 actions against 1 preconds and 2 requirements
WARNING: [GdPAI] ObjectRef(124621163998): object was freed before callback; returning Nil.
   at: gdplanningai_rust::logger::process_logs (src\logger.rs:66)
   GDScript backtrace (most recent call first):
       [0] _start_plan_and_wait (res://test/integration/test_campfire_example_smoke.gd:57)
[GdPAI | debug] ApplyEffect [Before] ID=InstanceId(-9223367975426290997): agent props = {"held_item": "", "hunger": 70.0627442063492, "entity": null}
[GdPAI | debug] ApplyEffect [After] ID=InstanceId(-9223367975426290997): agent props = {"held_item": "", "hunger": 70.0627442063492, "entity": null}
[GdPAI | debug]   Snapshotting prop: held_item = Str("") (Variant type: STRING)
[GdPAI | debug]   Snapshotting prop: hunger = Float(70.0627442063492) (Variant type: FLOAT)
[GdPAI | debug]   Snapshotting prop: entity = Nil (Variant type: NIL)
WARNING: [GdPAI] ObjectRef(1382643928884): object was freed before callback; returning Nil.
   at: gdplanningai_rust::logger::process_logs (src\logger.rs:66)
   GDScript backtrace (most recent call first):
       [0] _start_plan_and_wait (res://test/integration/test_campfire_example_smoke.gd:57)
WARNING: [GdPAI] ObjectRef(1382643928884): object was freed before callback; returning Nil.
   at: gdplanningai_rust::logger::process_logs (src\logger.rs:66)
   GDScript backtrace (most recent call first):
       [0] _start_plan_and_wait (res://test/integration/test_campfire_example_smoke.gd:57)
[GdPAI | debug] Discovery: Starting simulation for action Go To
WARNING: [GdPAI] ObjectRef(124621163998): object was freed before callback; returning Nil.
   at: gdplanningai_rust::logger::process_logs (src\logger.rs:66)
   GDScript backtrace (most recent call first):
       [0] _process (res://addons/GdPlanningAI/gdpai_autoload.gd:21)
[GdPAI | debug] GetCost: callable returned non-numeric value: null; returning INFINITY
WARNING: [GdPAI] ObjectRef(1382643928884): object was freed before callback; returning Nil.
   at: gdplanningai_rust::logger::process_logs (src\logger.rs:66)
   GDScript backtrace (most recent call first):
       [0] _process (res://addons/GdPlanningAI/gdpai_autoload.gd:21)
WARNING: [GdPAI] ObjectRef(1382643928884): object was freed before callback; returning Nil.
   at: gdplanningai_rust::logger::process_logs (src\logger.rs:66)
   GDScript backtrace (most recent call first):
       [0] _process (res://addons/GdPlanningAI/gdpai_autoload.gd:21)
[GdPAI | debug] GetCost: callable returned non-numeric value: null; returning INFINITY
WARNING: [GdPAI] ObjectRef(124621163998): object was freed before callback; returning Nil.
   at: gdplanningai_rust::logger::process_logs (src\logger.rs:66)
   GDScript backtrace (most recent call first):
       [0] _start_plan_and_wait (res://test/integration/test_campfire_example_smoke.gd:57)
[GdPAI | debug] ApplyEffect [Before] ID=InstanceId(-9223367972825822486): agent props = {"held_item": "", "hunger": 70.0627442063492, "entity": null}
[GdPAI | debug] ApplyEffect [After] ID=InstanceId(-9223367972825822486): agent props = {"held_item": "", "hunger": 70.0627442063492, "entity": null}
[GdPAI | debug]   Snapshotting prop: held_item = Str("") (Variant type: STRING)
[GdPAI | debug]   Snapshotting prop: hunger = Float(70.0627442063492) (Variant type: FLOAT)
[GdPAI | debug]   Snapshotting prop: entity = Nil (Variant type: NIL)
WARNING: [GdPAI] ObjectRef(1382643928884): object was freed before callback; returning Nil.
   at: gdplanningai_rust::logger::process_logs (src\logger.rs:66)
   GDScript backtrace (most recent call first):
       [0] _start_plan_and_wait (res://test/integration/test_campfire_example_smoke.gd:57)
WARNING: [GdPAI] ObjectRef(1382643928884): object was freed before callback; returning Nil.
   at: gdplanningai_rust::logger::process_logs (src\logger.rs:66)
   GDScript backtrace (most recent call first):
       [0] _start_plan_and_wait (res://test/integration/test_campfire_example_smoke.gd:57)
[GdPAI | debug] ApplyEffect [Before] ID=InstanceId(-9223367972255397142): agent props = {"hunger": 95.0603725, "entity": null, "held_item": ""}
[GdPAI | debug] ApplyEffect [After] ID=InstanceId(-9223367972255397142): agent props = {"hunger": 95.0603725, "entity": null, "held_item": ""}
[GdPAI | debug]   Snapshotting prop: hunger = Float(95.0603725) (Variant type: FLOAT)
[GdPAI | debug]   Snapshotting prop: entity = Nil (Variant type: NIL)
[GdPAI | debug]   Snapshotting prop: held_item = Str("") (Variant type: STRING)
[GdPAI | debug] Discovery: Simulation success for Go To. Agent props: {"entity": Nil, "hunger": Float(95.0603725), "held_item": Str("")}
[GdPAI | debug] Discovery: Action Go To satisfied precond Builtin { target: Agent, operation: Equal, property_name: "held_item", value: Some(Str("")) }
[GdPAI | debug] Found candidate: Go To (satisfied preconds: [0], requirements: [0, 1])
[GdPAI | debug] Discovery: Starting simulation for action Eat Held Food
WARNING: [GdPAI] ObjectRef(124621163998): object was freed before callback; returning Nil.
   at: gdplanningai_rust::logger::process_logs (src\logger.rs:66)
   GDScript backtrace (most recent call first):
       [0] _process (res://addons/GdPlanningAI/gdpai_autoload.gd:21)
[GdPAI | debug] GetCost: callable returned non-numeric value: null; returning INFINITY
WARNING: [GdPAI] ObjectRef(1382643928884): object was freed before callback; returning Nil.
   at: gdplanningai_rust::logger::process_logs (src\logger.rs:66)
   GDScript backtrace (most recent call first):
       [0] _process (res://addons/GdPlanningAI/gdpai_autoload.gd:21)
WARNING: [GdPAI] ObjectRef(1382643928884): object was freed before callback; returning Nil.
   at: gdplanningai_rust::logger::process_logs (src\logger.rs:66)
   GDScript backtrace (most recent call first):
       [0] _process (res://addons/GdPlanningAI/gdpai_autoload.gd:21)
[GdPAI | debug] GetCost: callable returned non-numeric value: null; returning INFINITY
WARNING: [GdPAI] ObjectRef(124621163998): object was freed before callback; returning Nil.
   at: gdplanningai_rust::logger::process_logs (src\logger.rs:66)
   GDScript backtrace (most recent call first):
       [0] _start_plan_and_wait (res://test/integration/test_campfire_example_smoke.gd:57)
[GdPAI | debug] ApplyEffect [Before] ID=InstanceId(-9223367970225353998): agent props = {"hunger": 70.0627442063492, "entity": null, "held_item": "wood"}
[GdPAI | debug] ApplyEffect [After] ID=InstanceId(-9223367970225353998): agent props = {"hunger": 70.0627442063492, "entity": null, "held_item": "wood"}
[GdPAI | debug]   Snapshotting prop: hunger = Float(70.0627442063492) (Variant type: FLOAT)
[GdPAI | debug]   Snapshotting prop: entity = Nil (Variant type: NIL)
[GdPAI | debug]   Snapshotting prop: held_item = Str("wood") (Variant type: STRING)
WARNING: [GdPAI] ObjectRef(1382643928884): object was freed before callback; returning Nil.
   at: gdplanningai_rust::logger::process_logs (src\logger.rs:66)
   GDScript backtrace (most recent call first):
       [0] _start_plan_and_wait (res://test/integration/test_campfire_example_smoke.gd:57)
WARNING: [GdPAI] ObjectRef(1382643928884): object was freed before callback; returning Nil.
   at: gdplanningai_rust::logger::process_logs (src\logger.rs:66)
   GDScript backtrace (most recent call first):
       [0] _start_plan_and_wait (res://test/integration/test_campfire_example_smoke.gd:57)
[GdPAI | debug] ApplyEffect [Before] ID=InstanceId(-9223367969654928654): agent props = {"hunger": 95.0603725, "held_item": "", "entity": null}
[GdPAI | debug] ApplyEffect [After] ID=InstanceId(-9223367969654928654): agent props = {"hunger": 95.0603725, "held_item": "", "entity": null}
[GdPAI | debug]   Snapshotting prop: hunger = Float(95.0603725) (Variant type: FLOAT)
[GdPAI | debug]   Snapshotting prop: held_item = Str("") (Variant type: STRING)
[GdPAI | debug]   Snapshotting prop: entity = Nil (Variant type: NIL)
[GdPAI | debug] Discovery: Simulation success for Eat Held Food. Agent props: {"entity": Nil, "held_item": Str(""), "hunger": Float(95.0603725)}
[GdPAI | debug] Discovery: Action Eat Held Food satisfied precond Builtin { target: Agent, operation: Equal, property_name: "held_item", value: Some(Str("")) }
[GdPAI | debug] Found candidate: Eat Held Food (satisfied preconds: [0], requirements: [])
WARNING: [GdPAI] ObjectRef(124621163998): object was freed before callback; returning Nil.
   at: gdplanningai_rust::logger::process_logs (src\logger.rs:66)
   GDScript backtrace (most recent call first):
       [0] _process (res://addons/GdPlanningAI/gdpai_autoload.gd:21)
WARNING: [GdPAI] ObjectRef(124621163998): object was freed before callback; returning Nil.
   at: gdplanningai_rust::logger::process_logs (src\logger.rs:66)
   GDScript backtrace (most recent call first):
       [0] _process (res://addons/GdPlanningAI/gdpai_autoload.gd:21)
[GdPAI | debug] GetCost: callable returned non-numeric value: null; returning INFINITY
WARNING: [GdPAI] ObjectRef(1382643928884): object was freed before callback; returning Nil.
   at: gdplanningai_rust::logger::process_logs (src\logger.rs:66)
   GDScript backtrace (most recent call first):
       [0] _process (res://addons/GdPlanningAI/gdpai_autoload.gd:21)
WARNING: [GdPAI] ObjectRef(1382643928884): object was freed before callback; returning Nil.
   at: gdplanningai_rust::logger::process_logs (src\logger.rs:66)
   GDScript backtrace (most recent call first):
       [0] _process (res://addons/GdPlanningAI/gdpai_autoload.gd:21)
[GdPAI | debug] Discovery: Starting simulation for action Go To
WARNING: [GdPAI] ObjectRef(124621163998): object was freed before callback; returning Nil.
   at: gdplanningai_rust::logger::process_logs (src\logger.rs:66)
   GDScript backtrace (most recent call first):
       [0] _start_plan_and_wait (res://test/integration/test_campfire_example_smoke.gd:57)
WARNING: [GdPAI] ObjectRef(124621163998): object was freed before callback; returning Nil.
   at: gdplanningai_rust::logger::process_logs (src\logger.rs:66)
   GDScript backtrace (most recent call first):
       [0] _start_plan_and_wait (res://test/integration/test_campfire_example_smoke.gd:57)
[GdPAI | debug] ApplyEffect [Before] ID=InstanceId(-9223367967574553876): agent props = {"entity": null, "held_item": "", "hunger": 70.0627442063492}
[GdPAI | debug] ApplyEffect [After] ID=InstanceId(-9223367967574553876): agent props = {"entity": null, "held_item": "", "hunger": 70.0627442063492}
[GdPAI | debug]   Snapshotting prop: entity = Nil (Variant type: NIL)
[GdPAI | debug]   Snapshotting prop: held_item = Str("") (Variant type: STRING)
[GdPAI | debug]   Snapshotting prop: hunger = Float(70.0627442063492) (Variant type: FLOAT)
WARNING: [GdPAI] ObjectRef(1382643928884): object was freed before callback; returning Nil.
   at: gdplanningai_rust::logger::process_logs (src\logger.rs:66)
   GDScript backtrace (most recent call first):
       [0] _start_plan_and_wait (res://test/integration/test_campfire_example_smoke.gd:57)
WARNING: [GdPAI] ObjectRef(1382643928884): object was freed before callback; returning Nil.
   at: gdplanningai_rust::logger::process_logs (src\logger.rs:66)
   GDScript backtrace (most recent call first):
       [0] _start_plan_and_wait (res://test/integration/test_campfire_example_smoke.gd:57)
[GdPAI | debug] GetCost: callable returned non-numeric value: null; returning INFINITY
WARNING: [GdPAI] ObjectRef(124621163998): object was freed before callback; returning Nil.
   at: gdplanningai_rust::logger::process_logs (src\logger.rs:66)
   GDScript backtrace (most recent call first):
       [0] _process (res://addons/GdPlanningAI/gdpai_autoload.gd:21)
[GdPAI | debug] GetCost: callable returned non-numeric value: null; returning INFINITY
WARNING: [GdPAI] ObjectRef(1382643928884): object was freed before callback; returning Nil.
   at: gdplanningai_rust::logger::process_logs (src\logger.rs:66)
   GDScript backtrace (most recent call first):
       [0] _process (res://addons/GdPlanningAI/gdpai_autoload.gd:21)
WARNING: [GdPAI] ObjectRef(1382643928884): object was freed before callback; returning Nil.
   at: gdplanningai_rust::logger::process_logs (src\logger.rs:66)
   GDScript backtrace (most recent call first):
       [0] _process (res://addons/GdPlanningAI/gdpai_autoload.gd:21)
[GdPAI | debug] ApplyEffect [Before] ID=InstanceId(-9223367965645174040): agent props = {"entity": null, "held_item": "", "hunger": 95.0603725}
[GdPAI | debug] ApplyEffect [After] ID=InstanceId(-9223367965645174040): agent props = {"entity": null, "held_item": "", "hunger": 95.0603725}
[GdPAI | debug]   Snapshotting prop: entity = Nil (Variant type: NIL)
[GdPAI | debug]   Snapshotting prop: held_item = Str("") (Variant type: STRING)
[GdPAI | debug]   Snapshotting prop: hunger = Float(95.0603725) (Variant type: FLOAT)
[GdPAI | debug] Discovery: Simulation success for Go To. Agent props: {"held_item": Str(""), "hunger": Float(95.0603725), "entity": Nil}
[GdPAI | debug] Discovery: Action Go To satisfied precond Builtin { target: Agent, operation: Equal, property_name: "held_item", value: Some(Str("")) }
[GdPAI | debug] Found candidate: Go To (satisfied preconds: [0], requirements: [0, 1])
[GdPAI | debug] Discovery: Starting simulation for action Drop Item
WARNING: [GdPAI] ObjectRef(124621163998): object was freed before callback; returning Nil.
   at: gdplanningai_rust::logger::process_logs (src\logger.rs:66)
   GDScript backtrace (most recent call first):
       [0] _start_plan_and_wait (res://test/integration/test_campfire_example_smoke.gd:57)
[GdPAI | debug] ApplyEffect [Before] ID=InstanceId(-9223367964923753725): agent props = {"entity": null, "held_item": "", "hunger": 70.0627442063492}
[GdPAI | debug] ApplyEffect [After] ID=InstanceId(-9223367964923753725): agent props = {"entity": null, "held_item": "", "hunger": 70.0627442063492}
[GdPAI | debug]   Snapshotting prop: entity = Nil (Variant type: NIL)
[GdPAI | debug]   Snapshotting prop: held_item = Str("") (Variant type: STRING)
[GdPAI | debug]   Snapshotting prop: hunger = Float(70.0627442063492) (Variant type: FLOAT)
WARNING: [GdPAI] ObjectRef(1382643928884): object was freed before callback; returning Nil.
   at: gdplanningai_rust::logger::process_logs (src\logger.rs:66)
   GDScript backtrace (most recent call first):
       [0] _start_plan_and_wait (res://test/integration/test_campfire_example_smoke.gd:57)
WARNING: [GdPAI] ObjectRef(1382643928884): object was freed before callback; returning Nil.
   at: gdplanningai_rust::logger::process_logs (src\logger.rs:66)
   GDScript backtrace (most recent call first):
       [0] _start_plan_and_wait (res://test/integration/test_campfire_example_smoke.gd:57)
[GdPAI | debug] GetCost: callable returned non-numeric value: null; returning INFINITY
WARNING: [GdPAI] ObjectRef(124621163998): object was freed before callback; returning Nil.
   at: gdplanningai_rust::logger::process_logs (src\logger.rs:66)
   GDScript backtrace (most recent call first):
       [0] _process (res://addons/GdPlanningAI/gdpai_autoload.gd:21)
[GdPAI | debug] GetCost: callable returned non-numeric value: null; returning INFINITY
WARNING: [GdPAI] ObjectRef(1382643928884): object was freed before callback; returning Nil.
   at: gdplanningai_rust::logger::process_logs (src\logger.rs:66)
   GDScript backtrace (most recent call first):
       [0] _process (res://addons/GdPlanningAI/gdpai_autoload.gd:21)
WARNING: [GdPAI] ObjectRef(1382643928884): object was freed before callback; returning Nil.
   at: gdplanningai_rust::logger::process_logs (src\logger.rs:66)
   GDScript backtrace (most recent call first):
       [0] _process (res://addons/GdPlanningAI/gdpai_autoload.gd:21)
[GdPAI | debug] ApplyEffect [Before] ID=InstanceId(-9223367963044705524): agent props = {"hunger": 95.0603725, "held_item": "", "entity": null}
[GdPAI | debug] ApplyEffect [After] ID=InstanceId(-9223367963044705524): agent props = {"hunger": 95.0603725, "held_item": "", "entity": null}
[GdPAI | debug]   Snapshotting prop: hunger = Float(95.0603725) (Variant type: FLOAT)
[GdPAI | debug]   Snapshotting prop: held_item = Str("") (Variant type: STRING)
[GdPAI | debug]   Snapshotting prop: entity = Nil (Variant type: NIL)
[GdPAI | debug] Discovery: Simulation success for Drop Item. Agent props: {"hunger": Float(95.0603725), "entity": Nil, "held_item": Str("")}
[GdPAI | debug] Discovery: Action Drop Item satisfied precond Builtin { target: Agent, operation: Equal, property_name: "held_item", value: Some(Str("")) }
[GdPAI | debug] Found candidate: Drop Item (satisfied preconds: [0], requirements: [])
[GdPAI | debug] Discovery: Starting simulation for action Add Fuel
WARNING: [GdPAI] ObjectRef(124621163998): object was freed before callback; returning Nil.
   at: gdplanningai_rust::logger::process_logs (src\logger.rs:66)
   GDScript backtrace (most recent call first):
       [0] _start_plan_and_wait (res://test/integration/test_campfire_example_smoke.gd:57)
[GdPAI | debug] ApplyEffect [Before] ID=InstanceId(-9223367962323285197): agent props = {"held_item": "", "entity": null, "hunger": 70.0627442063492}
[GdPAI | debug] ApplyEffect [After] ID=InstanceId(-9223367962323285197): agent props = {"held_item": "", "entity": null, "hunger": 70.0627442063492}
[GdPAI | debug]   Snapshotting prop: held_item = Str("") (Variant type: STRING)
[GdPAI | debug]   Snapshotting prop: entity = Nil (Variant type: NIL)
[GdPAI | debug]   Snapshotting prop: hunger = Float(70.0627442063492) (Variant type: FLOAT)
WARNING: [GdPAI] ObjectRef(1382643928884): object was freed before callback; returning Nil.
   at: gdplanningai_rust::logger::process_logs (src\logger.rs:66)
   GDScript backtrace (most recent call first):
       [0] _start_plan_and_wait (res://test/integration/test_campfire_example_smoke.gd:57)
WARNING: [GdPAI] ObjectRef(1382643928884): object was freed before callback; returning Nil.
   at: gdplanningai_rust::logger::process_logs (src\logger.rs:66)
   GDScript backtrace (most recent call first):
       [0] _start_plan_and_wait (res://test/integration/test_campfire_example_smoke.gd:57)
[GdPAI | debug] GetCost: callable returned non-numeric value: null; returning INFINITY
WARNING: [GdPAI] ObjectRef(124621163998): object was freed before callback; returning Nil.
   at: gdplanningai_rust::logger::process_logs (src\logger.rs:66)
   GDScript backtrace (most recent call first):
       [0] _process (res://addons/GdPlanningAI/gdpai_autoload.gd:21)
[GdPAI | debug] GetCost: callable returned non-numeric value: null; returning INFINITY
WARNING: [GdPAI] ObjectRef(1382643928884): object was freed before callback; returning Nil.
   at: gdplanningai_rust::logger::process_logs (src\logger.rs:66)
   GDScript backtrace (most recent call first):
       [0] _process (res://addons/GdPlanningAI/gdpai_autoload.gd:21)
WARNING: [GdPAI] ObjectRef(1382643928884): object was freed before callback; returning Nil.
   at: gdplanningai_rust::logger::process_logs (src\logger.rs:66)
   GDScript backtrace (most recent call first):
       [0] _process (res://addons/GdPlanningAI/gdpai_autoload.gd:21)
[GdPAI | debug] ApplyEffect [Before] ID=InstanceId(-9223367960444237239): agent props = {"hunger": 95.0603725, "entity": null, "held_item": "wood"}
[GdPAI | debug] ApplyEffect [After] ID=InstanceId(-9223367960444237239): agent props = {"hunger": 95.0603725, "entity": null, "held_item": "wood"}
[GdPAI | debug]   Snapshotting prop: hunger = Float(95.0603725) (Variant type: FLOAT)
[GdPAI | debug]   Snapshotting prop: entity = Nil (Variant type: NIL)
[GdPAI | debug]   Snapshotting prop: held_item = Str("wood") (Variant type: STRING)
[GdPAI | debug] Discovery: Simulation success for Add Fuel. Agent props: {"hunger": Float(95.0603725), "held_item": Str("wood"), "entity": Nil}
[GdPAI | debug] Discovery: Action Add Fuel did NOT satisfy precond Builtin { target: Agent, operation: Equal, property_name: "held_item", value: Some(Str("")) }
WARNING: [GdPAI] ObjectRef(124621163998): object was freed before callback; returning Nil.
   at: gdplanningai_rust::logger::process_logs (src\logger.rs:66)
   GDScript backtrace (most recent call first):
       [0] _start_plan_and_wait (res://test/integration/test_campfire_example_smoke.gd:57)
[GdPAI | debug] ApplyEffect [Before] ID=InstanceId(-9223367959722816693): agent props = {"held_item": "", "hunger": 70.0627442063492, "entity": null}
[GdPAI | debug] ApplyEffect [After] ID=InstanceId(-9223367959722816693): agent props = {"held_item": "", "hunger": 70.0627442063492, "entity": null}
[GdPAI | debug]   Snapshotting prop: held_item = Str("") (Variant type: STRING)
[GdPAI | debug]   Snapshotting prop: hunger = Float(70.0627442063492) (Variant type: FLOAT)
[GdPAI | debug]   Snapshotting prop: entity = Nil (Variant type: NIL)
WARNING: [GdPAI] ObjectRef(1382643928884): object was freed before callback; returning Nil.
   at: gdplanningai_rust::logger::process_logs (src\logger.rs:66)
   GDScript backtrace (most recent call first):
       [0] _start_plan_and_wait (res://test/integration/test_campfire_example_smoke.gd:57)
WARNING: [GdPAI] ObjectRef(1382643928884): object was freed before callback; returning Nil.
   at: gdplanningai_rust::logger::process_logs (src\logger.rs:66)
   GDScript backtrace (most recent call first):
       [0] _start_plan_and_wait (res://test/integration/test_campfire_example_smoke.gd:57)
[GdPAI | debug] Discovery: Action Cook Potato failed validity check, skipping
[GdPAI | debug] Discovery: Starting simulation for action Pick Up Wood
WARNING: [GdPAI] ObjectRef(124621163998): object was freed before callback; returning Nil.
   at: gdplanningai_rust::logger::process_logs (src\logger.rs:66)
   GDScript backtrace (most recent call first):
       [0] _process (res://addons/GdPlanningAI/gdpai_autoload.gd:21)
[GdPAI | debug] GetCost: callable returned non-numeric value: null; returning INFINITY
WARNING: [GdPAI] ObjectRef(1382643928884): object was freed before callback; returning Nil.
   at: gdplanningai_rust::logger::process_logs (src\logger.rs:66)
   GDScript backtrace (most recent call first):
       [0] _process (res://addons/GdPlanningAI/gdpai_autoload.gd:21)
WARNING: [GdPAI] ObjectRef(1382643928884): object was freed before callback; returning Nil.
   at: gdplanningai_rust::logger::process_logs (src\logger.rs:66)
   GDScript backtrace (most recent call first):
       [0] _process (res://addons/GdPlanningAI/gdpai_autoload.gd:21)
[GdPAI | debug] GetCost: callable returned non-numeric value: null; returning INFINITY
WARNING: [GdPAI] ObjectRef(124621163998): object was freed before callback; returning Nil.
   at: gdplanningai_rust::logger::process_logs (src\logger.rs:66)
   GDScript backtrace (most recent call first):
       [0] _start_plan_and_wait (res://test/integration/test_campfire_example_smoke.gd:57)
[GdPAI | debug] ApplyEffect [Before] ID=InstanceId(-9223367957122348221): agent props = {"hunger": 70.0627442063492, "entity": null, "held_item": ""}
[GdPAI | debug] ApplyEffect [After] ID=InstanceId(-9223367957122348221): agent props = {"hunger": 70.0627442063492, "entity": null, "held_item": ""}
[GdPAI | debug]   Snapshotting prop: hunger = Float(70.0627442063492) (Variant type: FLOAT)
[GdPAI | debug]   Snapshotting prop: entity = Nil (Variant type: NIL)
[GdPAI | debug]   Snapshotting prop: held_item = Str("") (Variant type: STRING)
WARNING: [GdPAI] ObjectRef(1382643928884): object was freed before callback; returning Nil.
   at: gdplanningai_rust::logger::process_logs (src\logger.rs:66)
   GDScript backtrace (most recent call first):
       [0] _start_plan_and_wait (res://test/integration/test_campfire_example_smoke.gd:57)
WARNING: [GdPAI] ObjectRef(1382643928884): object was freed before callback; returning Nil.
   at: gdplanningai_rust::logger::process_logs (src\logger.rs:66)
   GDScript backtrace (most recent call first):
       [0] _start_plan_and_wait (res://test/integration/test_campfire_example_smoke.gd:57)
[GdPAI | debug] ApplyEffect [Before] ID=InstanceId(-9223367956551922877): agent props = {"held_item": "", "hunger": 95.0603725, "entity": null}
[GdPAI | debug] ApplyEffect [After] ID=InstanceId(-9223367956551922877): agent props = {"held_item": "", "hunger": 95.0603725, "entity": null}
[GdPAI | debug]   Snapshotting prop: held_item = Str("") (Variant type: STRING)
[GdPAI | debug]   Snapshotting prop: hunger = Float(95.0603725) (Variant type: FLOAT)
[GdPAI | debug]   Snapshotting prop: entity = Nil (Variant type: NIL)
[GdPAI | debug] Discovery: Simulation success for Pick Up Wood. Agent props: {"hunger": Float(95.0603725), "held_item": Str(""), "entity": Nil}
[GdPAI | debug] Discovery: Action Pick Up Wood satisfied precond Builtin { target: Agent, operation: Equal, property_name: "held_item", value: Some(Str("")) }
[GdPAI | debug] Found candidate: Pick Up Wood (satisfied preconds: [0], requirements: [])
[GdPAI | debug] Discovery: Starting simulation for action Pick Up Wood
WARNING: [GdPAI] ObjectRef(124621163998): object was freed before callback; returning Nil.
   at: gdplanningai_rust::logger::process_logs (src\logger.rs:66)
   GDScript backtrace (most recent call first):
       [0] _process (res://addons/GdPlanningAI/gdpai_autoload.gd:21)
[GdPAI | debug] GetCost: callable returned non-numeric value: null; returning INFINITY
WARNING: [GdPAI] ObjectRef(1382643928884): object was freed before callback; returning Nil.
   at: gdplanningai_rust::logger::process_logs (src\logger.rs:66)
   GDScript backtrace (most recent call first):
       [0] _process (res://addons/GdPlanningAI/gdpai_autoload.gd:21)
WARNING: [GdPAI] ObjectRef(1382643928884): object was freed before callback; returning Nil.
   at: gdplanningai_rust::logger::process_logs (src\logger.rs:66)
   GDScript backtrace (most recent call first):
       [0] _process (res://addons/GdPlanningAI/gdpai_autoload.gd:21)
[GdPAI | debug] GetCost: callable returned non-numeric value: null; returning INFINITY
WARNING: [GdPAI] ObjectRef(124621163998): object was freed before callback; returning Nil.
   at: gdplanningai_rust::logger::process_logs (src\logger.rs:66)
   GDScript backtrace (most recent call first):
       [0] _start_plan_and_wait (res://test/integration/test_campfire_example_smoke.gd:57)
[GdPAI | debug] ApplyEffect [Before] ID=InstanceId(-9223367954521879714): agent props = {"entity": null, "held_item": "wood", "hunger": 70.0627442063492}
[GdPAI | debug] ApplyEffect [After] ID=InstanceId(-9223367954521879714): agent props = {"entity": null, "held_item": "wood", "hunger": 70.0627442063492}
[GdPAI | debug]   Snapshotting prop: entity = Nil (Variant type: NIL)
[GdPAI | debug]   Snapshotting prop: held_item = Str("wood") (Variant type: STRING)
[GdPAI | debug]   Snapshotting prop: hunger = Float(70.0627442063492) (Variant type: FLOAT)
WARNING: [GdPAI] ObjectRef(1382643928884): object was freed before callback; returning Nil.
   at: gdplanningai_rust::logger::process_logs (src\logger.rs:66)
   GDScript backtrace (most recent call first):
       [0] _start_plan_and_wait (res://test/integration/test_campfire_example_smoke.gd:57)
WARNING: [GdPAI] ObjectRef(1382643928884): object was freed before callback; returning Nil.
   at: gdplanningai_rust::logger::process_logs (src\logger.rs:66)
   GDScript backtrace (most recent call first):
       [0] _start_plan_and_wait (res://test/integration/test_campfire_example_smoke.gd:57)
[GdPAI | debug] ApplyEffect [Before] ID=InstanceId(-9223367953951454370): agent props = {"entity": null, "hunger": 95.0603725, "held_item": ""}
[GdPAI | debug] ApplyEffect [After] ID=InstanceId(-9223367953951454370): agent props = {"entity": null, "hunger": 95.0603725, "held_item": ""}
[GdPAI | debug]   Snapshotting prop: entity = Nil (Variant type: NIL)
[GdPAI | debug]   Snapshotting prop: hunger = Float(95.0603725) (Variant type: FLOAT)
[GdPAI | debug]   Snapshotting prop: held_item = Str("") (Variant type: STRING)
[GdPAI | debug] Discovery: Simulation success for Pick Up Wood. Agent props: {"entity": Nil, "hunger": Float(95.0603725), "held_item": Str("")}
[GdPAI | debug] Discovery: Action Pick Up Wood satisfied precond Builtin { target: Agent, operation: Equal, property_name: "held_item", value: Some(Str("")) }
[GdPAI | debug] Found candidate: Pick Up Wood (satisfied preconds: [0], requirements: [])
[GdPAI | debug] Discovery: Starting simulation for action Pick Up Wood
WARNING: [GdPAI] ObjectRef(124621163998): object was freed before callback; returning Nil.
   at: gdplanningai_rust::logger::process_logs (src\logger.rs:66)
   GDScript backtrace (most recent call first):
       [0] _process (res://addons/GdPlanningAI/gdpai_autoload.gd:21)
WARNING: [GdPAI] ObjectRef(124621163998): object was freed before callback; returning Nil.
   at: gdplanningai_rust::logger::process_logs (src\logger.rs:66)
   GDScript backtrace (most recent call first):
       [0] _process (res://addons/GdPlanningAI/gdpai_autoload.gd:21)
[GdPAI | debug] GetCost: callable returned non-numeric value: null; returning INFINITY
WARNING: [GdPAI] ObjectRef(1382643928884): object was freed before callback; returning Nil.
   at: gdplanningai_rust::logger::process_logs (src\logger.rs:66)
   GDScript backtrace (most recent call first):
       [0] _process (res://addons/GdPlanningAI/gdpai_autoload.gd:21)
WARNING: [GdPAI] ObjectRef(1382643928884): object was freed before callback; returning Nil.
   at: gdplanningai_rust::logger::process_logs (src\logger.rs:66)
   GDScript backtrace (most recent call first):
       [0] _process (res://addons/GdPlanningAI/gdpai_autoload.gd:21)
[GdPAI | debug] GetCost: callable returned non-numeric value: null; returning INFINITY
WARNING: [GdPAI] ObjectRef(124621163998): object was freed before callback; returning Nil.
   at: gdplanningai_rust::logger::process_logs (src\logger.rs:66)
   GDScript backtrace (most recent call first):
       [0] _start_plan_and_wait (res://test/integration/test_campfire_example_smoke.gd:57)
WARNING: [GdPAI] ObjectRef(124621163998): object was freed before callback; returning Nil.
   at: gdplanningai_rust::logger::process_logs (src\logger.rs:66)
   GDScript backtrace (most recent call first):
       [0] _start_plan_and_wait (res://test/integration/test_campfire_example_smoke.gd:57)
[GdPAI | debug] ApplyEffect [Before] ID=InstanceId(-9223367951871079553): agent props = {"held_item": "", "hunger": 70.0627442063492, "entity": null}
[GdPAI | debug] ApplyEffect [After] ID=InstanceId(-9223367951871079553): agent props = {"held_item": "", "hunger": 70.0627442063492, "entity": null}
[GdPAI | debug]   Snapshotting prop: held_item = Str("") (Variant type: STRING)
[GdPAI | debug]   Snapshotting prop: hunger = Float(70.0627442063492) (Variant type: FLOAT)
[GdPAI | debug]   Snapshotting prop: entity = Nil (Variant type: NIL)
WARNING: [GdPAI] ObjectRef(1382643928884): object was freed before callback; returning Nil.
   at: gdplanningai_rust::logger::process_logs (src\logger.rs:66)
   GDScript backtrace (most recent call first):
       [0] _start_plan_and_wait (res://test/integration/test_campfire_example_smoke.gd:57)
WARNING: [GdPAI] ObjectRef(1382643928884): object was freed before callback; returning Nil.
   at: gdplanningai_rust::logger::process_logs (src\logger.rs:66)
   GDScript backtrace (most recent call first):
       [0] _start_plan_and_wait (res://test/integration/test_campfire_example_smoke.gd:57)
[GdPAI | debug] ApplyEffect [Before] ID=InstanceId(-9223367951300654209): agent props = {"held_item": "", "hunger": 95.0603725, "entity": null}
[GdPAI | debug] ApplyEffect [After] ID=InstanceId(-9223367951300654209): agent props = {"held_item": "", "hunger": 95.0603725, "entity": null}
[GdPAI | debug]   Snapshotting prop: held_item = Str("") (Variant type: STRING)
[GdPAI | debug]   Snapshotting prop: hunger = Float(95.0603725) (Variant type: FLOAT)
[GdPAI | debug]   Snapshotting prop: entity = Nil (Variant type: NIL)
[GdPAI | debug] Discovery: Simulation success for Pick Up Wood. Agent props: {"entity": Nil, "hunger": Float(95.0603725), "held_item": Str("")}
[GdPAI | debug] Discovery: Action Pick Up Wood satisfied precond Builtin { target: Agent, operation: Equal, property_name: "held_item", value: Some(Str("")) }
[GdPAI | debug] Found candidate: Pick Up Wood (satisfied preconds: [0], requirements: [])
[GdPAI | debug] Discovery: Starting simulation for action Pick Up Wood
WARNING: [GdPAI] ObjectRef(124621163998): object was freed before callback; returning Nil.
   at: gdplanningai_rust::logger::process_logs (src\logger.rs:66)
   GDScript backtrace (most recent call first):
       [0] _process (res://addons/GdPlanningAI/gdpai_autoload.gd:21)
[GdPAI | debug] GetCost: callable returned non-numeric value: null; returning INFINITY
WARNING: [GdPAI] ObjectRef(1382643928884): object was freed before callback; returning Nil.
   at: gdplanningai_rust::logger::process_logs (src\logger.rs:66)
   GDScript backtrace (most recent call first):
       [0] _process (res://addons/GdPlanningAI/gdpai_autoload.gd:21)
WARNING: [GdPAI] ObjectRef(1382643928884): object was freed before callback; returning Nil.
   at: gdplanningai_rust::logger::process_logs (src\logger.rs:66)
   GDScript backtrace (most recent call first):
       [0] _process (res://addons/GdPlanningAI/gdpai_autoload.gd:21)
[GdPAI | debug] GetCost: callable returned non-numeric value: null; returning INFINITY
WARNING: [GdPAI] ObjectRef(124621163998): object was freed before callback; returning Nil.
   at: gdplanningai_rust::logger::process_logs (src\logger.rs:66)
   GDScript backtrace (most recent call first):
       [0] _start_plan_and_wait (res://test/integration/test_campfire_example_smoke.gd:57)
[GdPAI | debug] ApplyEffect [Before] ID=InstanceId(-9223367949220279402): agent props = {"hunger": 70.0627442063492, "entity": null, "held_item": ""}
[GdPAI | debug] ApplyEffect [After] ID=InstanceId(-9223367949220279402): agent props = {"hunger": 70.0627442063492, "entity": null, "held_item": ""}
[GdPAI | debug]   Snapshotting prop: hunger = Float(70.0627442063492) (Variant type: FLOAT)
[GdPAI | debug]   Snapshotting prop: entity = Nil (Variant type: NIL)
[GdPAI | debug]   Snapshotting prop: held_item = Str("") (Variant type: STRING)
WARNING: [GdPAI] ObjectRef(1382643928884): object was freed before callback; returning Nil.
   at: gdplanningai_rust::logger::process_logs (src\logger.rs:66)
   GDScript backtrace (most recent call first):
       [0] _start_plan_and_wait (res://test/integration/test_campfire_example_smoke.gd:57)
WARNING: [GdPAI] ObjectRef(1382643928884): object was freed before callback; returning Nil.
   at: gdplanningai_rust::logger::process_logs (src\logger.rs:66)
   GDScript backtrace (most recent call first):
       [0] _start_plan_and_wait (res://test/integration/test_campfire_example_smoke.gd:57)
[GdPAI | debug] ApplyEffect [Before] ID=InstanceId(-9223367948649854058): agent props = {"held_item": "", "hunger": 95.0603725, "entity": null}
[GdPAI | debug] ApplyEffect [After] ID=InstanceId(-9223367948649854058): agent props = {"held_item": "", "hunger": 95.0603725, "entity": null}
[GdPAI | debug]   Snapshotting prop: held_item = Str("") (Variant type: STRING)
[GdPAI | debug]   Snapshotting prop: hunger = Float(95.0603725) (Variant type: FLOAT)
[GdPAI | debug]   Snapshotting prop: entity = Nil (Variant type: NIL)
[GdPAI | debug] Discovery: Simulation success for Pick Up Wood. Agent props: {"held_item": Str(""), "hunger": Float(95.0603725), "entity": Nil}
[GdPAI | debug] Discovery: Action Pick Up Wood satisfied precond Builtin { target: Agent, operation: Equal, property_name: "held_item", value: Some(Str("")) }
[GdPAI | debug] Found candidate: Pick Up Wood (satisfied preconds: [0], requirements: [])
WARNING: [GdPAI] ObjectRef(124621163998): object was freed before callback; returning Nil.
   at: gdplanningai_rust::logger::process_logs (src\logger.rs:66)
   GDScript backtrace (most recent call first):
       [0] _process (res://addons/GdPlanningAI/gdpai_autoload.gd:21)
[GdPAI | debug] GetCost: callable returned non-numeric value: null; returning INFINITY
WARNING: [GdPAI] ObjectRef(1382643928884): object was freed before callback; returning Nil.
   at: gdplanningai_rust::logger::process_logs (src\logger.rs:66)
   GDScript backtrace (most recent call first):
       [0] _process (res://addons/GdPlanningAI/gdpai_autoload.gd:21)
WARNING: [GdPAI] ObjectRef(1382643928884): object was freed before callback; returning Nil.
   at: gdplanningai_rust::logger::process_logs (src\logger.rs:66)
   GDScript backtrace (most recent call first):
       [0] _process (res://addons/GdPlanningAI/gdpai_autoload.gd:21)
[GdPAI | debug] Discovery: Action Dig Potato failed validity check, skipping
WARNING: [GdPAI] ObjectRef(124621163998): object was freed before callback; returning Nil.
   at: gdplanningai_rust::logger::process_logs (src\logger.rs:66)
   GDScript backtrace (most recent call first):
       [0] _start_plan_and_wait (res://test/integration/test_campfire_example_smoke.gd:57)
[GdPAI | debug] ApplyEffect [Before] ID=InstanceId(-9223367946619810900): agent props = {"held_item": "", "entity": null, "hunger": 70.0627442063492}
[GdPAI | debug] ApplyEffect [After] ID=InstanceId(-9223367946619810900): agent props = {"held_item": "", "entity": null, "hunger": 70.0627442063492}
[GdPAI | debug]   Snapshotting prop: held_item = Str("") (Variant type: STRING)
[GdPAI | debug]   Snapshotting prop: entity = Nil (Variant type: NIL)
[GdPAI | debug]   Snapshotting prop: hunger = Float(70.0627442063492) (Variant type: FLOAT)
WARNING: [GdPAI] ObjectRef(1382643928884): object was freed before callback; returning Nil.
   at: gdplanningai_rust::logger::process_logs (src\logger.rs:66)
   GDScript backtrace (most recent call first):
       [0] _start_plan_and_wait (res://test/integration/test_campfire_example_smoke.gd:57)
WARNING: [GdPAI] ObjectRef(1382643928884): object was freed before callback; returning Nil.
   at: gdplanningai_rust::logger::process_logs (src\logger.rs:66)
   GDScript backtrace (most recent call first):
       [0] _start_plan_and_wait (res://test/integration/test_campfire_example_smoke.gd:57)
[GdPAI | debug] Discovery: Action Dig Potato failed validity check, skipping
WARNING: [GdPAI] ObjectRef(124621163998): object was freed before callback; returning Nil.
   at: gdplanningai_rust::logger::process_logs (src\logger.rs:66)
   GDScript backtrace (most recent call first):
       [0] _process (res://addons/GdPlanningAI/gdpai_autoload.gd:21)
[GdPAI | debug] GetCost: callable returned non-numeric value: null; returning INFINITY
WARNING: [GdPAI] ObjectRef(1382643928884): object was freed before callback; returning Nil.
   at: gdplanningai_rust::logger::process_logs (src\logger.rs:66)
   GDScript backtrace (most recent call first):
       [0] _process (res://addons/GdPlanningAI/gdpai_autoload.gd:21)
WARNING: [GdPAI] ObjectRef(1382643928884): object was freed before callback; returning Nil.
   at: gdplanningai_rust::logger::process_logs (src\logger.rs:66)
   GDScript backtrace (most recent call first):
       [0] _process (res://addons/GdPlanningAI/gdpai_autoload.gd:21)
[GdPAI | debug] Discovery: Action Dig Potato failed validity check, skipping
WARNING: [GdPAI] ObjectRef(124621163998): object was freed before callback; returning Nil.
   at: gdplanningai_rust::logger::process_logs (src\logger.rs:66)
   GDScript backtrace (most recent call first):
       [0] _start_plan_and_wait (res://test/integration/test_campfire_example_smoke.gd:57)
[GdPAI | debug] ApplyEffect [Before] ID=InstanceId(-9223367944019342408): agent props = {"entity": null, "hunger": 70.0627442063492, "held_item": ""}
[GdPAI | debug] ApplyEffect [After] ID=InstanceId(-9223367944019342408): agent props = {"entity": null, "hunger": 70.0627442063492, "held_item": ""}
[GdPAI | debug]   Snapshotting prop: entity = Nil (Variant type: NIL)
[GdPAI | debug]   Snapshotting prop: hunger = Float(70.0627442063492) (Variant type: FLOAT)
[GdPAI | debug]   Snapshotting prop: held_item = Str("") (Variant type: STRING)
WARNING: [GdPAI] ObjectRef(1382643928884): object was freed before callback; returning Nil.
   at: gdplanningai_rust::logger::process_logs (src\logger.rs:66)
   GDScript backtrace (most recent call first):
       [0] _start_plan_and_wait (res://test/integration/test_campfire_example_smoke.gd:57)
WARNING: [GdPAI] ObjectRef(1382643928884): object was freed before callback; returning Nil.
   at: gdplanningai_rust::logger::process_logs (src\logger.rs:66)
   GDScript backtrace (most recent call first):
       [0] _start_plan_and_wait (res://test/integration/test_campfire_example_smoke.gd:57)
[GdPAI | debug] Discovery: Action Dig Potato failed validity check, skipping
WARNING: [GdPAI] ObjectRef(124621163998): object was freed before callback; returning Nil.
   at: gdplanningai_rust::logger::process_logs (src\logger.rs:66)
   GDScript backtrace (most recent call first):
       [0] _process (res://addons/GdPlanningAI/gdpai_autoload.gd:21)
[GdPAI | debug] GetCost: callable returned non-numeric value: null; returning INFINITY
WARNING: [GdPAI] ObjectRef(1382643928884): object was freed before callback; returning Nil.
   at: gdplanningai_rust::logger::process_logs (src\logger.rs:66)
   GDScript backtrace (most recent call first):
       [0] _process (res://addons/GdPlanningAI/gdpai_autoload.gd:21)
WARNING: [GdPAI] ObjectRef(1382643928884): object was freed before callback; returning Nil.
   at: gdplanningai_rust::logger::process_logs (src\logger.rs:66)
   GDScript backtrace (most recent call first):
       [0] _process (res://addons/GdPlanningAI/gdpai_autoload.gd:21)
[GdPAI | debug] Discovery: Action Dig Potato failed validity check, skipping
WARNING: [GdPAI] ObjectRef(124621163998): object was freed before callback; returning Nil.
   at: gdplanningai_rust::logger::process_logs (src\logger.rs:66)
   GDScript backtrace (most recent call first):
       [0] _start_plan_and_wait (res://test/integration/test_campfire_example_smoke.gd:57)
[GdPAI | debug] ApplyEffect [Before] ID=InstanceId(-9223367941418873910): agent props = {"hunger": 70.0627442063492, "held_item": "", "entity": null}
[GdPAI | debug] ApplyEffect [After] ID=InstanceId(-9223367941418873910): agent props = {"hunger": 70.0627442063492, "held_item": "", "entity": null}
[GdPAI | debug]   Snapshotting prop: hunger = Float(70.0627442063492) (Variant type: FLOAT)
[GdPAI | debug]   Snapshotting prop: held_item = Str("") (Variant type: STRING)
[GdPAI | debug]   Snapshotting prop: entity = Nil (Variant type: NIL)
WARNING: [GdPAI] ObjectRef(1382643928884): object was freed before callback; returning Nil.
   at: gdplanningai_rust::logger::process_logs (src\logger.rs:66)
   GDScript backtrace (most recent call first):
       [0] _start_plan_and_wait (res://test/integration/test_campfire_example_smoke.gd:57)
WARNING: [GdPAI] ObjectRef(1382643928884): object was freed before callback; returning Nil.
   at: gdplanningai_rust::logger::process_logs (src\logger.rs:66)
   GDScript backtrace (most recent call first):
       [0] _start_plan_and_wait (res://test/integration/test_campfire_example_smoke.gd:57)
WARNING: [GdPAI] ObjectRef(1382157389614): object was freed before callback; returning Nil.
   at: gdplanningai_rust::logger::process_logs (src\logger.rs:66)
   GDScript backtrace (most recent call first):
       [0] _start_plan_and_wait (res://test/integration/test_campfire_example_smoke.gd:57)
WARNING: [GdPAI] ObjectRef(1383650561484): object was freed before callback; returning Nil.
   at: gdplanningai_rust::logger::process_logs (src\logger.rs:66)
   GDScript backtrace (most recent call first):
       [0] _start_plan_and_wait (res://test/integration/test_campfire_example_smoke.gd:57)
WARNING: [GdPAI] ObjectRef(1382157389614): object was freed before callback; returning Nil.
   at: gdplanningai_rust::logger::process_logs (src\logger.rs:66)
   GDScript backtrace (most recent call first):
       [0] _start_plan_and_wait (res://test/integration/test_campfire_example_smoke.gd:57)
WARNING: [GdPAI] ObjectRef(1383650561484): object was freed before callback; returning Nil.
   at: gdplanningai_rust::logger::process_logs (src\logger.rs:66)
   GDScript backtrace (most recent call first):
       [0] _start_plan_and_wait (res://test/integration/test_campfire_example_smoke.gd:57)
[GdPAI | debug] GetCost: callable returned non-numeric value: null; returning INFINITY
WARNING: [GdPAI] ObjectRef(124621163998): object was freed before callback; returning Nil.
   at: gdplanningai_rust::logger::process_logs (src\logger.rs:66)
   GDScript backtrace (most recent call first):
       [0] _process (res://addons/GdPlanningAI/gdpai_autoload.gd:21)
[GdPAI | debug] GetCost: callable returned non-numeric value: null; returning INFINITY
WARNING: [GdPAI] ObjectRef(1382643928884): object was freed before callback; returning Nil.
   at: gdplanningai_rust::logger::process_logs (src\logger.rs:66)
   GDScript backtrace (most recent call first):
       [0] _process (res://addons/GdPlanningAI/gdpai_autoload.gd:21)
WARNING: [GdPAI] ObjectRef(1382643928884): object was freed before callback; returning Nil.
   at: gdplanningai_rust::logger::process_logs (src\logger.rs:66)
   GDScript backtrace (most recent call first):
       [0] _process (res://addons/GdPlanningAI/gdpai_autoload.gd:21)
WARNING: [GdPAI] ObjectRef(1382157389614): object was freed before callback; returning Nil.
   at: gdplanningai_rust::logger::process_logs (src\logger.rs:66)
   GDScript backtrace (most recent call first):
       [0] _process (res://addons/GdPlanningAI/gdpai_autoload.gd:21)
WARNING: [GdPAI] ObjectRef(1383650561484): object was freed before callback; returning Nil.
   at: gdplanningai_rust::logger::process_logs (src\logger.rs:66)
   GDScript backtrace (most recent call first):
       [0] _process (res://addons/GdPlanningAI/gdpai_autoload.gd:21)
WARNING: [GdPAI] ObjectRef(1382157389614): object was freed before callback; returning Nil.
   at: gdplanningai_rust::logger::process_logs (src\logger.rs:66)
   GDScript backtrace (most recent call first):
       [0] _process (res://addons/GdPlanningAI/gdpai_autoload.gd:21)
WARNING: [GdPAI] ObjectRef(1383650561484): object was freed before callback; returning Nil.
   at: gdplanningai_rust::logger::process_logs (src\logger.rs:66)
   GDScript backtrace (most recent call first):
       [0] _process (res://addons/GdPlanningAI/gdpai_autoload.gd:21)
[GdPAI | debug] ApplyEffect [Before] ID=InstanceId(-9223367939338499141): agent props = {"at_target": null, "held_item": "", "hunger": 95.0603725, "entity": null}
[GdPAI | debug] ApplyEffect [After] ID=InstanceId(-9223367939338499141): agent props = {"at_target": null, "held_item": "", "hunger": 95.0603725, "entity": null}
[GdPAI | debug]   Snapshotting prop: at_target = Nil (Variant type: NIL)
[GdPAI | debug]   Snapshotting prop: held_item = Str("") (Variant type: STRING)
[GdPAI | debug]   Snapshotting prop: hunger = Float(95.0603725) (Variant type: FLOAT)
[GdPAI | debug]   Snapshotting prop: entity = Nil (Variant type: NIL)
WARNING: [GdPAI] ObjectRef(124621163998): object was freed before callback; returning Nil.
   at: gdplanningai_rust::logger::process_logs (src\logger.rs:66)
   GDScript backtrace (most recent call first):
       [0] _start_plan_and_wait (res://test/integration/test_campfire_example_smoke.gd:57)
[GdPAI | debug] ApplyEffect [Before] ID=InstanceId(-9223367938415752222): agent props = {"hunger": 70.0627442063492, "entity": null, "held_item": "wood"}
[GdPAI | debug] ApplyEffect [After] ID=InstanceId(-9223367938415752222): agent props = {"hunger": 70.0627442063492, "entity": null, "held_item": "wood"}
[GdPAI | debug]   Snapshotting prop: hunger = Float(70.0627442063492) (Variant type: FLOAT)
[GdPAI | debug]   Snapshotting prop: entity = Nil (Variant type: NIL)
[GdPAI | debug]   Snapshotting prop: held_item = Str("wood") (Variant type: STRING)
WARNING: [GdPAI] ObjectRef(1382643928884): object was freed before callback; returning Nil.
   at: gdplanningai_rust::logger::process_logs (src\logger.rs:66)
   GDScript backtrace (most recent call first):
       [0] _start_plan_and_wait (res://test/integration/test_campfire_example_smoke.gd:57)
WARNING: [GdPAI] ObjectRef(1383650561484): object was freed before callback; returning Nil.
   at: gdplanningai_rust::logger::process_logs (src\logger.rs:66)
   GDScript backtrace (most recent call first):
       [0] _start_plan_and_wait (res://test/integration/test_campfire_example_smoke.gd:57)
WARNING: [GdPAI] ObjectRef(1383650561484): object was freed before callback; returning Nil.
   at: gdplanningai_rust::logger::process_logs (src\logger.rs:66)
   GDScript backtrace (most recent call first):
       [0] _start_plan_and_wait (res://test/integration/test_campfire_example_smoke.gd:57)
[GdPAI | debug] GetCost: callable returned non-numeric value: null; returning INFINITY
WARNING: [GdPAI] ObjectRef(124621163998): object was freed before callback; returning Nil.
   at: gdplanningai_rust::logger::process_logs (src\logger.rs:66)
   GDScript backtrace (most recent call first):
       [0] _process (res://addons/GdPlanningAI/gdpai_autoload.gd:21)
WARNING: [GdPAI] ObjectRef(124621163998): object was freed before callback; returning Nil.
   at: gdplanningai_rust::logger::process_logs (src\logger.rs:66)
   GDScript backtrace (most recent call first):
       [0] _process (res://addons/GdPlanningAI/gdpai_autoload.gd:21)
[GdPAI | debug] GetCost: callable returned non-numeric value: null; returning INFINITY
WARNING: [GdPAI] ObjectRef(1382643928884): object was freed before callback; returning Nil.
   at: gdplanningai_rust::logger::process_logs (src\logger.rs:66)
   GDScript backtrace (most recent call first):
       [0] _process (res://addons/GdPlanningAI/gdpai_autoload.gd:21)
WARNING: [GdPAI] ObjectRef(1383650561484): object was freed before callback; returning Nil.
   at: gdplanningai_rust::logger::process_logs (src\logger.rs:66)
   GDScript backtrace (most recent call first):
       [0] _process (res://addons/GdPlanningAI/gdpai_autoload.gd:21)
WARNING: [GdPAI] ObjectRef(1383650561484): object was freed before callback; returning Nil.
   at: gdplanningai_rust::logger::process_logs (src\logger.rs:66)
   GDScript backtrace (most recent call first):
       [0] _process (res://addons/GdPlanningAI/gdpai_autoload.gd:21)
[GdPAI | debug] ApplyEffect [Before] ID=InstanceId(-9223367936486372447): agent props = {"held_item": "", "hunger": 95.0603725, "entity": null, "at_target": null}
[GdPAI | debug] ApplyEffect [After] ID=InstanceId(-9223367936486372447): agent props = {"held_item": "", "hunger": 95.0603725, "entity": null, "at_target": null}
[GdPAI | debug]   Snapshotting prop: held_item = Str("") (Variant type: STRING)
[GdPAI | debug]   Snapshotting prop: hunger = Float(95.0603725) (Variant type: FLOAT)
[GdPAI | debug]   Snapshotting prop: entity = Nil (Variant type: NIL)
[GdPAI | debug]   Snapshotting prop: at_target = Nil (Variant type: NIL)
WARNING: [GdPAI] ObjectRef(124621163998): object was freed before callback; returning Nil.
   at: gdplanningai_rust::logger::process_logs (src\logger.rs:66)
   GDScript backtrace (most recent call first):
       [0] _start_plan_and_wait (res://test/integration/test_campfire_example_smoke.gd:57)
WARNING: [GdPAI] ObjectRef(124621163998): object was freed before callback; returning Nil.
   at: gdplanningai_rust::logger::process_logs (src\logger.rs:66)
   GDScript backtrace (most recent call first):
       [0] _start_plan_and_wait (res://test/integration/test_campfire_example_smoke.gd:57)
[GdPAI | debug] ApplyEffect [Before] ID=InstanceId(-9223367935664288778): agent props = {"held_item": "", "entity": null, "hunger": 70.0627442063492}
[GdPAI | debug] ApplyEffect [After] ID=InstanceId(-9223367935664288778): agent props = {"held_item": "", "entity": null, "hunger": 70.0627442063492}
[GdPAI | debug]   Snapshotting prop: held_item = Str("") (Variant type: STRING)
[GdPAI | debug]   Snapshotting prop: entity = Nil (Variant type: NIL)
[GdPAI | debug]   Snapshotting prop: hunger = Float(70.0627442063492) (Variant type: FLOAT)
WARNING: [GdPAI] ObjectRef(1382643928884): object was freed before callback; returning Nil.
   at: gdplanningai_rust::logger::process_logs (src\logger.rs:66)
   GDScript backtrace (most recent call first):
       [0] _start_plan_and_wait (res://test/integration/test_campfire_example_smoke.gd:57)
WARNING: [GdPAI] ObjectRef(1382157389614): object was freed before callback; returning Nil.
   at: gdplanningai_rust::logger::process_logs (src\logger.rs:66)
   GDScript backtrace (most recent call first):
       [0] _start_plan_and_wait (res://test/integration/test_campfire_example_smoke.gd:57)
WARNING: [GdPAI] ObjectRef(1382157389614): object was freed before callback; returning Nil.
   at: gdplanningai_rust::logger::process_logs (src\logger.rs:66)
   GDScript backtrace (most recent call first):
       [0] _start_plan_and_wait (res://test/integration/test_campfire_example_smoke.gd:57)
[GdPAI | debug] GetCost: callable returned non-numeric value: null; returning INFINITY
WARNING: [GdPAI] ObjectRef(124621163998): object was freed before callback; returning Nil.
   at: gdplanningai_rust::logger::process_logs (src\logger.rs:66)
   GDScript backtrace (most recent call first):
       [0] _process (res://addons/GdPlanningAI/gdpai_autoload.gd:21)
[GdPAI | debug] GetCost: callable returned non-numeric value: null; returning INFINITY
WARNING: [GdPAI] ObjectRef(1382643928884): object was freed before callback; returning Nil.
   at: gdplanningai_rust::logger::process_logs (src\logger.rs:66)
   GDScript backtrace (most recent call first):
       [0] _process (res://addons/GdPlanningAI/gdpai_autoload.gd:21)
WARNING: [GdPAI] ObjectRef(1382157389614): object was freed before callback; returning Nil.
   at: gdplanningai_rust::logger::process_logs (src\logger.rs:66)
   GDScript backtrace (most recent call first):
       [0] _process (res://addons/GdPlanningAI/gdpai_autoload.gd:21)
WARNING: [GdPAI] ObjectRef(1382157389614): object was freed before callback; returning Nil.
   at: gdplanningai_rust::logger::process_logs (src\logger.rs:66)
   GDScript backtrace (most recent call first):
       [0] _process (res://addons/GdPlanningAI/gdpai_autoload.gd:21)
[GdPAI | debug] ApplyEffect [Before] ID=InstanceId(-9223367933684577276): agent props = {"at_target": null, "entity": null, "held_item": "", "hunger": 95.0603725}
[GdPAI | debug] ApplyEffect [After] ID=InstanceId(-9223367933684577276): agent props = {"at_target": null, "entity": null, "held_item": "", "hunger": 95.0603725}
[GdPAI | debug]   Snapshotting prop: at_target = Nil (Variant type: NIL)
[GdPAI | debug]   Snapshotting prop: entity = Nil (Variant type: NIL)
[GdPAI | debug]   Snapshotting prop: held_item = Str("") (Variant type: STRING)
[GdPAI | debug]   Snapshotting prop: hunger = Float(95.0603725) (Variant type: FLOAT)
WARNING: [GdPAI] ObjectRef(124621163998): object was freed before callback; returning Nil.
   at: gdplanningai_rust::logger::process_logs (src\logger.rs:66)
   GDScript backtrace (most recent call first):
       [0] _start_plan_and_wait (res://test/integration/test_campfire_example_smoke.gd:57)
[GdPAI | debug] ApplyEffect [Before] ID=InstanceId(-9223367932912825298): agent props = {"held_item": "", "entity": null, "hunger": 70.0627442063492}
[GdPAI | debug] ApplyEffect [After] ID=InstanceId(-9223367932912825298): agent props = {"held_item": "", "entity": null, "hunger": 70.0627442063492}
[GdPAI | debug]   Snapshotting prop: held_item = Str("") (Variant type: STRING)
[GdPAI | debug]   Snapshotting prop: entity = Nil (Variant type: NIL)
[GdPAI | debug]   Snapshotting prop: hunger = Float(70.0627442063492) (Variant type: FLOAT)
WARNING: [GdPAI] ObjectRef(1382643928884): object was freed before callback; returning Nil.
   at: gdplanningai_rust::logger::process_logs (src\logger.rs:66)
   GDScript backtrace (most recent call first):
       [0] _start_plan_and_wait (res://test/integration/test_campfire_example_smoke.gd:57)
[GdPAI | debug] GetCost: callable returned non-numeric value: null; returning INFINITY
WARNING: [GdPAI] ObjectRef(124621163998): object was freed before callback; returning Nil.
   at: gdplanningai_rust::logger::process_logs (src\logger.rs:66)
   GDScript backtrace (most recent call first):
       [0] _process (res://addons/GdPlanningAI/gdpai_autoload.gd:21)
[GdPAI | debug] GetCost: callable returned non-numeric value: null; returning INFINITY
WARNING: [GdPAI] ObjectRef(1382643928884): object was freed before callback; returning Nil.
   at: gdplanningai_rust::logger::process_logs (src\logger.rs:66)
   GDScript backtrace (most recent call first):
       [0] _process (res://addons/GdPlanningAI/gdpai_autoload.gd:21)
[GdPAI | debug] ApplyEffect [Before] ID=InstanceId(-9223367931084108787): agent props = {"entity": null, "held_item": "wood", "at_target": null, "hunger": 95.0603725}
[GdPAI | debug] ApplyEffect [After] ID=InstanceId(-9223367931084108787): agent props = {"entity": null, "held_item": "wood", "at_target": null, "hunger": 95.0603725}
[GdPAI | debug]   Snapshotting prop: entity = Nil (Variant type: NIL)
[GdPAI | debug]   Snapshotting prop: held_item = Str("wood") (Variant type: STRING)
[GdPAI | debug]   Snapshotting prop: at_target = Nil (Variant type: NIL)
[GdPAI | debug]   Snapshotting prop: hunger = Float(95.0603725) (Variant type: FLOAT)
WARNING: [GdPAI] ObjectRef(124621163998): object was freed before callback; returning Nil.
   at: gdplanningai_rust::logger::process_logs (src\logger.rs:66)
   GDScript backtrace (most recent call first):
       [0] _start_plan_and_wait (res://test/integration/test_campfire_example_smoke.gd:57)
[GdPAI | debug] ApplyEffect [Before] ID=InstanceId(-9223367930413020125): agent props = {"entity": null, "held_item": "", "hunger": 70.0627442063492}
[GdPAI | debug] ApplyEffect [After] ID=InstanceId(-9223367930413020125): agent props = {"entity": null, "held_item": "", "hunger": 70.0627442063492}
[GdPAI | debug]   Snapshotting prop: entity = Nil (Variant type: NIL)
[GdPAI | debug]   Snapshotting prop: held_item = Str("") (Variant type: STRING)
[GdPAI | debug]   Snapshotting prop: hunger = Float(70.0627442063492) (Variant type: FLOAT)
WARNING: [GdPAI] ObjectRef(1382643928884): object was freed before callback; returning Nil.
   at: gdplanningai_rust::logger::process_logs (src\logger.rs:66)
   GDScript backtrace (most recent call first):
       [0] _start_plan_and_wait (res://test/integration/test_campfire_example_smoke.gd:57)
WARNING: [GdPAI] ObjectRef(1382643928884): object was freed before callback; returning Nil.
   at: gdplanningai_rust::logger::process_logs (src\logger.rs:66)
   GDScript backtrace (most recent call first):
       [0] _start_plan_and_wait (res://test/integration/test_campfire_example_smoke.gd:57)
[GdPAI | debug] GetCost: callable returned non-numeric value: null; returning INFINITY
WARNING: [GdPAI] ObjectRef(124621163998): object was freed before callback; returning Nil.
   at: gdplanningai_rust::logger::process_logs (src\logger.rs:66)
   GDScript backtrace (most recent call first):
       [0] _process (res://addons/GdPlanningAI/gdpai_autoload.gd:21)
[GdPAI | debug] GetCost: callable returned non-numeric value: null; returning INFINITY
WARNING: [GdPAI] ObjectRef(1382643928884): object was freed before callback; returning Nil.
   at: gdplanningai_rust::logger::process_logs (src\logger.rs:66)
   GDScript backtrace (most recent call first):
       [0] _process (res://addons/GdPlanningAI/gdpai_autoload.gd:21)
WARNING: [GdPAI] ObjectRef(1382643928884): object was freed before callback; returning Nil.
   at: gdplanningai_rust::logger::process_logs (src\logger.rs:66)
   GDScript backtrace (most recent call first):
       [0] _process (res://addons/GdPlanningAI/gdpai_autoload.gd:21)
[GdPAI | debug] ApplyEffect [Before] ID=InstanceId(-9223367928533971912): agent props = {"held_item": "", "hunger": 95.0603725, "entity": null}
[GdPAI | debug] ApplyEffect [After] ID=InstanceId(-9223367928533971912): agent props = {"held_item": "", "hunger": 95.0603725, "entity": null}
[GdPAI | debug]   Snapshotting prop: held_item = Str("") (Variant type: STRING)
[GdPAI | debug]   Snapshotting prop: hunger = Float(95.0603725) (Variant type: FLOAT)
[GdPAI | debug]   Snapshotting prop: entity = Nil (Variant type: NIL)
WARNING: [GdPAI] ObjectRef(124621163998): object was freed before callback; returning Nil.
   at: gdplanningai_rust::logger::process_logs (src\logger.rs:66)
   GDScript backtrace (most recent call first):
       [0] _start_plan_and_wait (res://test/integration/test_campfire_example_smoke.gd:57)
[GdPAI | debug] ApplyEffect [Before] ID=InstanceId(-9223367927812551653): agent props = {"held_item": "", "entity": null, "hunger": 70.0627442063492}
[GdPAI | debug] ApplyEffect [After] ID=InstanceId(-9223367927812551653): agent props = {"held_item": "", "entity": null, "hunger": 70.0627442063492}
[GdPAI | debug]   Snapshotting prop: held_item = Str("") (Variant type: STRING)
[GdPAI | debug]   Snapshotting prop: entity = Nil (Variant type: NIL)
[GdPAI | debug]   Snapshotting prop: hunger = Float(70.0627442063492) (Variant type: FLOAT)
WARNING: [GdPAI] ObjectRef(1382643928884): object was freed before callback; returning Nil.
   at: gdplanningai_rust::logger::process_logs (src\logger.rs:66)
   GDScript backtrace (most recent call first):
       [0] _start_plan_and_wait (res://test/integration/test_campfire_example_smoke.gd:57)
[GdPAI | debug] GetCost: callable returned non-numeric value: null; returning INFINITY
WARNING: [GdPAI] ObjectRef(124621163998): object was freed before callback; returning Nil.
   at: gdplanningai_rust::logger::process_logs (src\logger.rs:66)
   GDScript backtrace (most recent call first):
       [0] _process (res://addons/GdPlanningAI/gdpai_autoload.gd:21)
[GdPAI | debug] GetCost: callable returned non-numeric value: null; returning INFINITY
WARNING: [GdPAI] ObjectRef(1382643928884): object was freed before callback; returning Nil.
   at: gdplanningai_rust::logger::process_logs (src\logger.rs:66)
   GDScript backtrace (most recent call first):
       [0] _process (res://addons/GdPlanningAI/gdpai_autoload.gd:21)
[GdPAI | debug] ApplyEffect [Before] ID=InstanceId(-9223367925983835072): agent props = {"hunger": 95.0603725, "entity": null, "held_item": ""}
[GdPAI | debug] ApplyEffect [After] ID=InstanceId(-9223367925983835072): agent props = {"hunger": 95.0603725, "entity": null, "held_item": ""}
[GdPAI | debug]   Snapshotting prop: hunger = Float(95.0603725) (Variant type: FLOAT)
[GdPAI | debug]   Snapshotting prop: entity = Nil (Variant type: NIL)
[GdPAI | debug]   Snapshotting prop: held_item = Str("") (Variant type: STRING)
WARNING: [GdPAI] ObjectRef(124621163998): object was freed before callback; returning Nil.
   at: gdplanningai_rust::logger::process_logs (src\logger.rs:66)
   GDScript backtrace (most recent call first):
       [0] _start_plan_and_wait (res://test/integration/test_campfire_example_smoke.gd:57)
[GdPAI | debug] ApplyEffect [Before] ID=InstanceId(-9223367925312746429): agent props = {"hunger": 70.0627442063492, "held_item": "", "entity": null}
[GdPAI | debug] ApplyEffect [After] ID=InstanceId(-9223367925312746429): agent props = {"hunger": 70.0627442063492, "held_item": "", "entity": null}
[GdPAI | debug]   Snapshotting prop: hunger = Float(70.0627442063492) (Variant type: FLOAT)
[GdPAI | debug]   Snapshotting prop: held_item = Str("") (Variant type: STRING)
[GdPAI | debug]   Snapshotting prop: entity = Nil (Variant type: NIL)
WARNING: [GdPAI] ObjectRef(1382643928884): object was freed before callback; returning Nil.
   at: gdplanningai_rust::logger::process_logs (src\logger.rs:66)
   GDScript backtrace (most recent call first):
       [0] _start_plan_and_wait (res://test/integration/test_campfire_example_smoke.gd:57)
[GdPAI | debug] GetCost: callable returned non-numeric value: null; returning INFINITY
WARNING: [GdPAI] ObjectRef(124621163998): object was freed before callback; returning Nil.
   at: gdplanningai_rust::logger::process_logs (src\logger.rs:66)
   GDScript backtrace (most recent call first):
       [0] _process (res://addons/GdPlanningAI/gdpai_autoload.gd:21)
[GdPAI | debug] GetCost: callable returned non-numeric value: null; returning INFINITY
WARNING: [GdPAI] ObjectRef(1382643928884): object was freed before callback; returning Nil.
   at: gdplanningai_rust::logger::process_logs (src\logger.rs:66)
   GDScript backtrace (most recent call first):
       [0] _process (res://addons/GdPlanningAI/gdpai_autoload.gd:21)
[GdPAI | debug] ApplyEffect [Before] ID=InstanceId(-9223367923484029889): agent props = {"entity": null, "held_item": "", "hunger": 95.0603725}
[GdPAI | debug] ApplyEffect [After] ID=InstanceId(-9223367923484029889): agent props = {"entity": null, "held_item": "", "hunger": 95.0603725}
[GdPAI | debug]   Snapshotting prop: entity = Nil (Variant type: NIL)
[GdPAI | debug]   Snapshotting prop: held_item = Str("") (Variant type: STRING)
[GdPAI | debug]   Snapshotting prop: hunger = Float(95.0603725) (Variant type: FLOAT)
WARNING: [GdPAI] ObjectRef(124621163998): object was freed before callback; returning Nil.
   at: gdplanningai_rust::logger::process_logs (src\logger.rs:66)
   GDScript backtrace (most recent call first):
       [0] _start_plan_and_wait (res://test/integration/test_campfire_example_smoke.gd:57)
[GdPAI | debug] ApplyEffect [Before] ID=InstanceId(-9223367922812941213): agent props = {"hunger": 70.0627442063492, "held_item": "wood", "entity": null}
[GdPAI | debug] ApplyEffect [After] ID=InstanceId(-9223367922812941213): agent props = {"hunger": 70.0627442063492, "held_item": "wood", "entity": null}
[GdPAI | debug]   Snapshotting prop: hunger = Float(70.0627442063492) (Variant type: FLOAT)
[GdPAI | debug]   Snapshotting prop: held_item = Str("wood") (Variant type: STRING)
[GdPAI | debug]   Snapshotting prop: entity = Nil (Variant type: NIL)
WARNING: [GdPAI] ObjectRef(1382643928884): object was freed before callback; returning Nil.
   at: gdplanningai_rust::logger::process_logs (src\logger.rs:66)
   GDScript backtrace (most recent call first):
       [0] _start_plan_and_wait (res://test/integration/test_campfire_example_smoke.gd:57)
[GdPAI | debug] GetCost: callable returned non-numeric value: null; returning INFINITY
[GdPAI] A* Iteration: pop node with chain length 5
[GdPAI | debug] find_candidates: Checking 15 actions against 0 preconds and 3 requirements
WARNING: [GdPAI] ObjectRef(124621163998): object was freed before callback; returning Nil.
   at: gdplanningai_rust::logger::process_logs (src\logger.rs:66)
   GDScript backtrace (most recent call first):
       [0] _process (res://addons/GdPlanningAI/gdpai_autoload.gd:21)
WARNING: [GdPAI] ObjectRef(124621163998): object was freed before callback; returning Nil.
   at: gdplanningai_rust::logger::process_logs (src\logger.rs:66)
   GDScript backtrace (most recent call first):
       [0] _process (res://addons/GdPlanningAI/gdpai_autoload.gd:21)
[GdPAI | debug] Found candidate: Go To (satisfied preconds: [], requirements: [0, 1, 2])
WARNING: [GdPAI] ObjectRef(1382643928884): object was freed before callback; returning Nil.
   at: gdplanningai_rust::logger::process_logs (src\logger.rs:66)
   GDScript backtrace (most recent call first):
       [0] _process (res://addons/GdPlanningAI/gdpai_autoload.gd:21)
[GdPAI | debug] ApplyEffect [Before] ID=InstanceId(-9223367920984224688): agent props = {"hunger": 95.0603725, "entity": null, "held_item": "wood"}
[GdPAI | debug] ApplyEffect [After] ID=InstanceId(-9223367920984224688): agent props = {"hunger": 95.0603725, "entity": null, "held_item": "wood"}
[GdPAI | debug]   Snapshotting prop: hunger = Float(95.0603725) (Variant type: FLOAT)
[GdPAI | debug]   Snapshotting prop: entity = Nil (Variant type: NIL)
[GdPAI | debug]   Snapshotting prop: held_item = Str("wood") (Variant type: STRING)
[GdPAI | debug] Numeric comparison: 95.0603725 GreaterThan 0 -> true
WARNING: [GdPAI] ObjectRef(124621163998): object was freed before callback; returning Nil.
   at: gdplanningai_rust::logger::process_logs (src\logger.rs:66)
   GDScript backtrace (most recent call first):
       [0] _start_plan_and_wait (res://test/integration/test_campfire_example_smoke.gd:57)
WARNING: [GdPAI] ObjectRef(124621163998): object was freed before callback; returning Nil.
   at: gdplanningai_rust::logger::process_logs (src\logger.rs:66)
   GDScript backtrace (most recent call first):
       [0] _start_plan_and_wait (res://test/integration/test_campfire_example_smoke.gd:57)
WARNING: [GdPAI] ObjectRef(1382643928884): object was freed before callback; returning Nil.
   at: gdplanningai_rust::logger::process_logs (src\logger.rs:66)
   GDScript backtrace (most recent call first):
       [0] _start_plan_and_wait (res://test/integration/test_campfire_example_smoke.gd:57)
[GdPAI | debug] Found candidate: Go To (satisfied preconds: [], requirements: [0, 1, 2])
WARNING: [GdPAI] ObjectRef(1382643928884): object was freed before callback; returning Nil.
   at: gdplanningai_rust::logger::process_logs (src\logger.rs:66)
   GDScript backtrace (most recent call first):
       [0] _start_plan_and_wait (res://test/integration/test_campfire_example_smoke.gd:57)
WARNING: [GdPAI] ObjectRef(1382157389614): object was freed before callback; returning Nil.
   at: gdplanningai_rust::logger::process_logs (src\logger.rs:66)
   GDScript backtrace (most recent call first):
       [0] _start_plan_and_wait (res://test/integration/test_campfire_example_smoke.gd:57)
WARNING: [GdPAI] ObjectRef(1383650561484): object was freed before callback; returning Nil.
   at: gdplanningai_rust::logger::process_logs (src\logger.rs:66)
   GDScript backtrace (most recent call first):
       [0] _start_plan_and_wait (res://test/integration/test_campfire_example_smoke.gd:57)
WARNING: [GdPAI] ObjectRef(1382157389614): object was freed before callback; returning Nil.
   at: gdplanningai_rust::logger::process_logs (src\logger.rs:66)
   GDScript backtrace (most recent call first):
       [0] _start_plan_and_wait (res://test/integration/test_campfire_example_smoke.gd:57)
WARNING: [GdPAI] ObjectRef(1383650561484): object was freed before callback; returning Nil.
   at: gdplanningai_rust::logger::process_logs (src\logger.rs:66)
   GDScript backtrace (most recent call first):
       [0] _start_plan_and_wait (res://test/integration/test_campfire_example_smoke.gd:57)
[GdPAI | debug] GetCost: callable returned non-numeric value: null; returning INFINITY
WARNING: [GdPAI] ObjectRef(124621163998): object was freed before callback; returning Nil.
   at: gdplanningai_rust::logger::process_logs (src\logger.rs:66)
   GDScript backtrace (most recent call first):
       [0] _process (res://addons/GdPlanningAI/gdpai_autoload.gd:21)
WARNING: [GdPAI] ObjectRef(124621163998): object was freed before callback; returning Nil.
   at: gdplanningai_rust::logger::process_logs (src\logger.rs:66)
   GDScript backtrace (most recent call first):
       [0] _process (res://addons/GdPlanningAI/gdpai_autoload.gd:21)
WARNING: [GdPAI] ObjectRef(1382643928884): object was freed before callback; returning Nil.
   at: gdplanningai_rust::logger::process_logs (src\logger.rs:66)
   GDScript backtrace (most recent call first):
       [0] _process (res://addons/GdPlanningAI/gdpai_autoload.gd:21)
[GdPAI | debug] Discovery: Action Cook Potato failed validity check, skipping
WARNING: [GdPAI] ObjectRef(1382643928884): object was freed before callback; returning Nil.
   at: gdplanningai_rust::logger::process_logs (src\logger.rs:66)
   GDScript backtrace (most recent call first):
       [0] _process (res://addons/GdPlanningAI/gdpai_autoload.gd:21)
WARNING: [GdPAI] ObjectRef(1382157389614): object was freed before callback; returning Nil.
   at: gdplanningai_rust::logger::process_logs (src\logger.rs:66)
   GDScript backtrace (most recent call first):
       [0] _process (res://addons/GdPlanningAI/gdpai_autoload.gd:21)
WARNING: [GdPAI] ObjectRef(1383650561484): object was freed before callback; returning Nil.
   at: gdplanningai_rust::logger::process_logs (src\logger.rs:66)
   GDScript backtrace (most recent call first):
       [0] _process (res://addons/GdPlanningAI/gdpai_autoload.gd:21)
WARNING: [GdPAI] ObjectRef(1382157389614): object was freed before callback; returning Nil.
   at: gdplanningai_rust::logger::process_logs (src\logger.rs:66)
   GDScript backtrace (most recent call first):
       [0] _process (res://addons/GdPlanningAI/gdpai_autoload.gd:21)
WARNING: [GdPAI] ObjectRef(1383650561484): object was freed before callback; returning Nil.
   at: gdplanningai_rust::logger::process_logs (src\logger.rs:66)
   GDScript backtrace (most recent call first):
       [0] _process (res://addons/GdPlanningAI/gdpai_autoload.gd:21)
[GdPAI | debug] ApplyEffect [Before] ID=InstanceId(-9223367918132098017): agent props = {"hunger": 95.0603725, "held_item": "", "entity": null, "at_target": null}
[GdPAI | debug] ApplyEffect [After] ID=InstanceId(-9223367918132098017): agent props = {"hunger": 95.0603725, "held_item": "", "entity": null, "at_target": null}
[GdPAI | debug]   Snapshotting prop: hunger = Float(95.0603725) (Variant type: FLOAT)
[GdPAI | debug]   Snapshotting prop: held_item = Str("") (Variant type: STRING)
[GdPAI | debug]   Snapshotting prop: entity = Nil (Variant type: NIL)
[GdPAI | debug]   Snapshotting prop: at_target = Nil (Variant type: NIL)
WARNING: [GdPAI] ObjectRef(124621163998): object was freed before callback; returning Nil.
   at: gdplanningai_rust::logger::process_logs (src\logger.rs:66)
   GDScript backtrace (most recent call first):
       [0] _start_plan_and_wait (res://test/integration/test_campfire_example_smoke.gd:57)
WARNING: [GdPAI] ObjectRef(124621163998): object was freed before callback; returning Nil.
   at: gdplanningai_rust::logger::process_logs (src\logger.rs:66)
   GDScript backtrace (most recent call first):
       [0] _start_plan_and_wait (res://test/integration/test_campfire_example_smoke.gd:57)
[GdPAI | debug] Discovery: Action Dig Potato failed validity check, skipping
WARNING: [GdPAI] ObjectRef(1382643928884): object was freed before callback; returning Nil.
   at: gdplanningai_rust::logger::process_logs (src\logger.rs:66)
   GDScript backtrace (most recent call first):
       [0] _start_plan_and_wait (res://test/integration/test_campfire_example_smoke.gd:57)
WARNING: [GdPAI] ObjectRef(1383650561484): object was freed before callback; returning Nil.
   at: gdplanningai_rust::logger::process_logs (src\logger.rs:66)
   GDScript backtrace (most recent call first):
       [0] _start_plan_and_wait (res://test/integration/test_campfire_example_smoke.gd:57)
WARNING: [GdPAI] ObjectRef(1383650561484): object was freed before callback; returning Nil.
   at: gdplanningai_rust::logger::process_logs (src\logger.rs:66)
   GDScript backtrace (most recent call first):
       [0] _start_plan_and_wait (res://test/integration/test_campfire_example_smoke.gd:57)
[GdPAI | debug] GetCost: callable returned non-numeric value: null; returning INFINITY
WARNING: [GdPAI] ObjectRef(124621163998): object was freed before callback; returning Nil.
   at: gdplanningai_rust::logger::process_logs (src\logger.rs:66)
   GDScript backtrace (most recent call first):
       [0] _process (res://addons/GdPlanningAI/gdpai_autoload.gd:21)
WARNING: [GdPAI] ObjectRef(124621163998): object was freed before callback; returning Nil.
   at: gdplanningai_rust::logger::process_logs (src\logger.rs:66)
   GDScript backtrace (most recent call first):
       [0] _process (res://addons/GdPlanningAI/gdpai_autoload.gd:21)
[GdPAI | debug] Discovery: Action Dig Potato failed validity check, skipping
WARNING: [GdPAI] ObjectRef(1382643928884): object was freed before callback; returning Nil.
   at: gdplanningai_rust::logger::process_logs (src\logger.rs:66)
   GDScript backtrace (most recent call first):
       [0] _process (res://addons/GdPlanningAI/gdpai_autoload.gd:21)
WARNING: [GdPAI] ObjectRef(1383650561484): object was freed before callback; returning Nil.
   at: gdplanningai_rust::logger::process_logs (src\logger.rs:66)
   GDScript backtrace (most recent call first):
       [0] _process (res://addons/GdPlanningAI/gdpai_autoload.gd:21)
WARNING: [GdPAI] ObjectRef(1383650561484): object was freed before callback; returning Nil.
   at: gdplanningai_rust::logger::process_logs (src\logger.rs:66)
   GDScript backtrace (most recent call first):
       [0] _process (res://addons/GdPlanningAI/gdpai_autoload.gd:21)
[GdPAI | debug] ApplyEffect [Before] ID=InstanceId(-9223367915179307934): agent props = {"held_item": "", "entity": null, "at_target": null, "hunger": 95.0603725}
[GdPAI | debug] ApplyEffect [After] ID=InstanceId(-9223367915179307934): agent props = {"held_item": "", "entity": null, "at_target": null, "hunger": 95.0603725}
[GdPAI | debug]   Snapshotting prop: held_item = Str("") (Variant type: STRING)
[GdPAI | debug]   Snapshotting prop: entity = Nil (Variant type: NIL)
[GdPAI | debug]   Snapshotting prop: at_target = Nil (Variant type: NIL)
[GdPAI | debug]   Snapshotting prop: hunger = Float(95.0603725) (Variant type: FLOAT)
WARNING: [GdPAI] ObjectRef(124621163998): object was freed before callback; returning Nil.
   at: gdplanningai_rust::logger::process_logs (src\logger.rs:66)
   GDScript backtrace (most recent call first):
       [0] _start_plan_and_wait (res://test/integration/test_campfire_example_smoke.gd:57)
WARNING: [GdPAI] ObjectRef(124621163998): object was freed before callback; returning Nil.
   at: gdplanningai_rust::logger::process_logs (src\logger.rs:66)
   GDScript backtrace (most recent call first):
       [0] _start_plan_and_wait (res://test/integration/test_campfire_example_smoke.gd:57)
[GdPAI | debug] Discovery: Action Dig Potato failed validity check, skipping
WARNING: [GdPAI] ObjectRef(1382643928884): object was freed before callback; returning Nil.
   at: gdplanningai_rust::logger::process_logs (src\logger.rs:66)
   GDScript backtrace (most recent call first):
       [0] _start_plan_and_wait (res://test/integration/test_campfire_example_smoke.gd:57)
WARNING: [GdPAI] ObjectRef(1382157389614): object was freed before callback; returning Nil.
   at: gdplanningai_rust::logger::process_logs (src\logger.rs:66)
   GDScript backtrace (most recent call first):
       [0] _start_plan_and_wait (res://test/integration/test_campfire_example_smoke.gd:57)
WARNING: [GdPAI] ObjectRef(1382157389614): object was freed before callback; returning Nil.
   at: gdplanningai_rust::logger::process_logs (src\logger.rs:66)
   GDScript backtrace (most recent call first):
       [0] _start_plan_and_wait (res://test/integration/test_campfire_example_smoke.gd:57)
[GdPAI | debug] GetCost: callable returned non-numeric value: null; returning INFINITY
WARNING: [GdPAI] ObjectRef(124621163998): object was freed before callback; returning Nil.
   at: gdplanningai_rust::logger::process_logs (src\logger.rs:66)
   GDScript backtrace (most recent call first):
       [0] _process (res://addons/GdPlanningAI/gdpai_autoload.gd:21)
WARNING: [GdPAI] ObjectRef(124621163998): object was freed before callback; returning Nil.
   at: gdplanningai_rust::logger::process_logs (src\logger.rs:66)
   GDScript backtrace (most recent call first):
       [0] _process (res://addons/GdPlanningAI/gdpai_autoload.gd:21)
[GdPAI | debug] Discovery: Action Dig Potato failed validity check, skipping
WARNING: [GdPAI] ObjectRef(1382643928884): object was freed before callback; returning Nil.
   at: gdplanningai_rust::logger::process_logs (src\logger.rs:66)
   GDScript backtrace (most recent call first):
       [0] _process (res://addons/GdPlanningAI/gdpai_autoload.gd:21)
WARNING: [GdPAI] ObjectRef(1382157389614): object was freed before callback; returning Nil.
   at: gdplanningai_rust::logger::process_logs (src\logger.rs:66)
   GDScript backtrace (most recent call first):
       [0] _process (res://addons/GdPlanningAI/gdpai_autoload.gd:21)
WARNING: [GdPAI] ObjectRef(1382157389614): object was freed before callback; returning Nil.
   at: gdplanningai_rust::logger::process_logs (src\logger.rs:66)
   GDScript backtrace (most recent call first):
       [0] _process (res://addons/GdPlanningAI/gdpai_autoload.gd:21)
[GdPAI | debug] ApplyEffect [Before] ID=InstanceId(-9223367912377512817): agent props = {"at_target": null, "hunger": 95.0603725, "held_item": "", "entity": null}
[GdPAI | debug] ApplyEffect [After] ID=InstanceId(-9223367912377512817): agent props = {"at_target": null, "hunger": 95.0603725, "held_item": "", "entity": null}
[GdPAI | debug]   Snapshotting prop: at_target = Nil (Variant type: NIL)
[GdPAI | debug]   Snapshotting prop: hunger = Float(95.0603725) (Variant type: FLOAT)
[GdPAI | debug]   Snapshotting prop: held_item = Str("") (Variant type: STRING)
[GdPAI | debug]   Snapshotting prop: entity = Nil (Variant type: NIL)
WARNING: [GdPAI] ObjectRef(124621163998): object was freed before callback; returning Nil.
   at: gdplanningai_rust::logger::process_logs (src\logger.rs:66)
   GDScript backtrace (most recent call first):
       [0] _start_plan_and_wait (res://test/integration/test_campfire_example_smoke.gd:57)
WARNING: [GdPAI] ObjectRef(124621163998): object was freed before callback; returning Nil.
   at: gdplanningai_rust::logger::process_logs (src\logger.rs:66)
   GDScript backtrace (most recent call first):
       [0] _start_plan_and_wait (res://test/integration/test_campfire_example_smoke.gd:57)
[GdPAI | debug] Discovery: Action Dig Potato failed validity check, skipping
WARNING: [GdPAI] ObjectRef(1382643928884): object was freed before callback; returning Nil.
   at: gdplanningai_rust::logger::process_logs (src\logger.rs:66)
   GDScript backtrace (most recent call first):
       [0] _start_plan_and_wait (res://test/integration/test_campfire_example_smoke.gd:57)
[GdPAI | debug] GetCost: callable returned non-numeric value: null; returning INFINITY
WARNING: [GdPAI] ObjectRef(124621163998): object was freed before callback; returning Nil.
   at: gdplanningai_rust::logger::process_logs (src\logger.rs:66)
   GDScript backtrace (most recent call first):
       [0] _process (res://addons/GdPlanningAI/gdpai_autoload.gd:21)
WARNING: [GdPAI] ObjectRef(124621163998): object was freed before callback; returning Nil.
   at: gdplanningai_rust::logger::process_logs (src\logger.rs:66)
   GDScript backtrace (most recent call first):
       [0] _process (res://addons/GdPlanningAI/gdpai_autoload.gd:21)
WARNING: [GdPAI] ObjectRef(124134624705): object was freed before callback; returning Nil.
   at: gdplanningai_rust::logger::process_logs (src\logger.rs:66)
   GDScript backtrace (most recent call first):
       [0] _process (res://addons/GdPlanningAI/gdpai_autoload.gd:21)
WARNING: [GdPAI] ObjectRef(125661351450): object was freed before callback; returning Nil.
   at: gdplanningai_rust::logger::process_logs (src\logger.rs:66)
   GDScript backtrace (most recent call first):
       [0] _process (res://addons/GdPlanningAI/gdpai_autoload.gd:21)
WARNING: [GdPAI] ObjectRef(124587609564): object was freed before callback; returning Nil.
   at: gdplanningai_rust::logger::process_logs (src\logger.rs:66)
   GDScript backtrace (most recent call first):
       [0] _process (res://addons/GdPlanningAI/gdpai_autoload.gd:21)
WARNING: [GdPAI] ObjectRef(124134624705): object was freed before callback; returning Nil.
   at: gdplanningai_rust::logger::process_logs (src\logger.rs:66)
   GDScript backtrace (most recent call first):
       [0] _process (res://addons/GdPlanningAI/gdpai_autoload.gd:21)
WARNING: [GdPAI] ObjectRef(125661351450): object was freed before callback; returning Nil.
   at: gdplanningai_rust::logger::process_logs (src\logger.rs:66)
   GDScript backtrace (most recent call first):
       [0] _process (res://addons/GdPlanningAI/gdpai_autoload.gd:21)
WARNING: [GdPAI] ObjectRef(124587609564): object was freed before callback; returning Nil.
   at: gdplanningai_rust::logger::process_logs (src\logger.rs:66)
   GDScript backtrace (most recent call first):
       [0] _process (res://addons/GdPlanningAI/gdpai_autoload.gd:21)
[GdPAI | debug] GetCost: callable returned non-numeric value: null; returning INFINITY
WARNING: [GdPAI] ObjectRef(1382643928884): object was freed before callback; returning Nil.
   at: gdplanningai_rust::logger::process_logs (src\logger.rs:66)
   GDScript backtrace (most recent call first):
       [0] _process (res://addons/GdPlanningAI/gdpai_autoload.gd:21)
[GdPAI | debug] ApplyEffect [Before] ID=InstanceId(-9223367909676381011): agent props = {"hunger": 95.0603725, "entity": null, "held_item": "wood", "at_target": null}
[GdPAI | debug] ApplyEffect [After] ID=InstanceId(-9223367909676381011): agent props = {"hunger": 95.0603725, "entity": null, "held_item": "wood", "at_target": null}
[GdPAI | debug]   Snapshotting prop: hunger = Float(95.0603725) (Variant type: FLOAT)
[GdPAI | debug]   Snapshotting prop: entity = Nil (Variant type: NIL)
[GdPAI | debug]   Snapshotting prop: held_item = Str("wood") (Variant type: STRING)
[GdPAI | debug]   Snapshotting prop: at_target = Nil (Variant type: NIL)
WARNING: [GdPAI] ObjectRef(124621163998): object was freed before callback; returning Nil.
   at: gdplanningai_rust::logger::process_logs (src\logger.rs:66)
   GDScript backtrace (most recent call first):
       [0] _start_plan_and_wait (res://test/integration/test_campfire_example_smoke.gd:57)
WARNING: [GdPAI] ObjectRef(124621163998): object was freed before callback; returning Nil.
   at: gdplanningai_rust::logger::process_logs (src\logger.rs:66)
   GDScript backtrace (most recent call first):
       [0] _start_plan_and_wait (res://test/integration/test_campfire_example_smoke.gd:57)
WARNING: [GdPAI] ObjectRef(124134624705): object was freed before callback; returning Nil.
   at: gdplanningai_rust::logger::process_logs (src\logger.rs:66)
   GDScript backtrace (most recent call first):
       [0] _start_plan_and_wait (res://test/integration/test_campfire_example_smoke.gd:57)
WARNING: [GdPAI] ObjectRef(125661351450): object was freed before callback; returning Nil.
   at: gdplanningai_rust::logger::process_logs (src\logger.rs:66)
   GDScript backtrace (most recent call first):
       [0] _start_plan_and_wait (res://test/integration/test_campfire_example_smoke.gd:57)
WARNING: [GdPAI] ObjectRef(124587609564): object was freed before callback; returning Nil.
   at: gdplanningai_rust::logger::process_logs (src\logger.rs:66)
   GDScript backtrace (most recent call first):
       [0] _start_plan_and_wait (res://test/integration/test_campfire_example_smoke.gd:57)
WARNING: [GdPAI] ObjectRef(124134624705): object was freed before callback; returning Nil.
   at: gdplanningai_rust::logger::process_logs (src\logger.rs:66)
   GDScript backtrace (most recent call first):
       [0] _start_plan_and_wait (res://test/integration/test_campfire_example_smoke.gd:57)
WARNING: [GdPAI] ObjectRef(125661351450): object was freed before callback; returning Nil.
   at: gdplanningai_rust::logger::process_logs (src\logger.rs:66)
   GDScript backtrace (most recent call first):
       [0] _start_plan_and_wait (res://test/integration/test_campfire_example_smoke.gd:57)
WARNING: [GdPAI] ObjectRef(124587609564): object was freed before callback; returning Nil.
   at: gdplanningai_rust::logger::process_logs (src\logger.rs:66)
   GDScript backtrace (most recent call first):
       [0] _start_plan_and_wait (res://test/integration/test_campfire_example_smoke.gd:57)
[GdPAI | debug] ApplyEffect [Before] ID=InstanceId(-9223367908652970776): agent props = {"entity": null, "held_item": "", "hunger": 70.0627442063492, "at_target": null}
[GdPAI | debug] ApplyEffect [After] ID=InstanceId(-9223367908652970776): agent props = {"entity": null, "held_item": "", "hunger": 70.0627442063492, "at_target": null}
[GdPAI | debug]   Snapshotting prop: entity = Nil (Variant type: NIL)
[GdPAI | debug]   Snapshotting prop: held_item = Str("") (Variant type: STRING)
[GdPAI | debug]   Snapshotting prop: hunger = Float(70.0627442063492) (Variant type: FLOAT)
[GdPAI | debug]   Snapshotting prop: at_target = Nil (Variant type: NIL)
WARNING: [GdPAI] ObjectRef(1382643928884): object was freed before callback; returning Nil.
   at: gdplanningai_rust::logger::process_logs (src\logger.rs:66)
   GDScript backtrace (most recent call first):
       [0] _start_plan_and_wait (res://test/integration/test_campfire_example_smoke.gd:57)
WARNING: [GdPAI] ObjectRef(1382643928884): object was freed before callback; returning Nil.
   at: gdplanningai_rust::logger::process_logs (src\logger.rs:66)
   GDScript backtrace (most recent call first):
       [0] _start_plan_and_wait (res://test/integration/test_campfire_example_smoke.gd:57)
[GdPAI | debug] GetCost: callable returned non-numeric value: null; returning INFINITY
WARNING: [GdPAI] ObjectRef(124621163998): object was freed before callback; returning Nil.
   at: gdplanningai_rust::logger::process_logs (src\logger.rs:66)
   GDScript backtrace (most recent call first):
       [0] _process (res://addons/GdPlanningAI/gdpai_autoload.gd:21)
[GdPAI | debug] GetCost: callable returned non-numeric value: null; returning INFINITY
WARNING: [GdPAI] ObjectRef(1382643928884): object was freed before callback; returning Nil.
   at: gdplanningai_rust::logger::process_logs (src\logger.rs:66)
   GDScript backtrace (most recent call first):
       [0] _process (res://addons/GdPlanningAI/gdpai_autoload.gd:21)
WARNING: [GdPAI] ObjectRef(1382643928884): object was freed before callback; returning Nil.
   at: gdplanningai_rust::logger::process_logs (src\logger.rs:66)
   GDScript backtrace (most recent call first):
       [0] _process (res://addons/GdPlanningAI/gdpai_autoload.gd:21)
[GdPAI | debug] ApplyEffect [Before] ID=InstanceId(-9223367906421601067): agent props = {"entity": null, "hunger": 95.0603725, "held_item": ""}
[GdPAI | debug] ApplyEffect [After] ID=InstanceId(-9223367906421601067): agent props = {"entity": null, "hunger": 95.0603725, "held_item": ""}
[GdPAI | debug]   Snapshotting prop: entity = Nil (Variant type: NIL)
[GdPAI | debug]   Snapshotting prop: hunger = Float(95.0603725) (Variant type: FLOAT)
[GdPAI | debug]   Snapshotting prop: held_item = Str("") (Variant type: STRING)
WARNING: [GdPAI] ObjectRef(124621163998): object was freed before callback; returning Nil.
   at: gdplanningai_rust::logger::process_logs (src\logger.rs:66)
   GDScript backtrace (most recent call first):
       [0] _start_plan_and_wait (res://test/integration/test_campfire_example_smoke.gd:57)
[GdPAI | debug] ApplyEffect [Before] ID=InstanceId(-9223367905700180706): agent props = {"held_item": "", "entity": null, "hunger": 70.0627442063492, "at_target": null}
[GdPAI | debug] ApplyEffect [After] ID=InstanceId(-9223367905700180706): agent props = {"held_item": "", "entity": null, "hunger": 70.0627442063492, "at_target": null}
[GdPAI | debug]   Snapshotting prop: held_item = Str("") (Variant type: STRING)
[GdPAI | debug]   Snapshotting prop: entity = Nil (Variant type: NIL)
[GdPAI | debug]   Snapshotting prop: hunger = Float(70.0627442063492) (Variant type: FLOAT)
[GdPAI | debug]   Snapshotting prop: at_target = Nil (Variant type: NIL)
WARNING: [GdPAI] ObjectRef(1382643928884): object was freed before callback; returning Nil.
   at: gdplanningai_rust::logger::process_logs (src\logger.rs:66)
   GDScript backtrace (most recent call first):
       [0] _start_plan_and_wait (res://test/integration/test_campfire_example_smoke.gd:57)
[GdPAI | debug] GetCost: callable returned non-numeric value: null; returning INFINITY
WARNING: [GdPAI] ObjectRef(124621163998): object was freed before callback; returning Nil.
   at: gdplanningai_rust::logger::process_logs (src\logger.rs:66)
   GDScript backtrace (most recent call first):
       [0] _process (res://addons/GdPlanningAI/gdpai_autoload.gd:21)
WARNING: [GdPAI] ObjectRef(124587609564): object was freed before callback; returning Nil.
   at: gdplanningai_rust::logger::process_logs (src\logger.rs:66)
   GDScript backtrace (most recent call first):
       [0] _process (res://addons/GdPlanningAI/gdpai_autoload.gd:21)
WARNING: [GdPAI] ObjectRef(124587609564): object was freed before callback; returning Nil.
   at: gdplanningai_rust::logger::process_logs (src\logger.rs:66)
   GDScript backtrace (most recent call first):
       [0] _process (res://addons/GdPlanningAI/gdpai_autoload.gd:21)
[GdPAI | debug] GetCost: callable returned non-numeric value: null; returning INFINITY
WARNING: [GdPAI] ObjectRef(1382643928884): object was freed before callback; returning Nil.
   at: gdplanningai_rust::logger::process_logs (src\logger.rs:66)
   GDScript backtrace (most recent call first):
       [0] _process (res://addons/GdPlanningAI/gdpai_autoload.gd:21)
[GdPAI | debug] ApplyEffect [Before] ID=InstanceId(-9223367903871464181): agent props = {"hunger": 95.0603725, "held_item": "", "entity": null}
[GdPAI | debug] ApplyEffect [After] ID=InstanceId(-9223367903871464181): agent props = {"hunger": 95.0603725, "held_item": "", "entity": null}
[GdPAI | debug]   Snapshotting prop: hunger = Float(95.0603725) (Variant type: FLOAT)
[GdPAI | debug]   Snapshotting prop: held_item = Str("") (Variant type: STRING)
[GdPAI | debug]   Snapshotting prop: entity = Nil (Variant type: NIL)
WARNING: [GdPAI] ObjectRef(124621163998): object was freed before callback; returning Nil.
   at: gdplanningai_rust::logger::process_logs (src\logger.rs:66)
   GDScript backtrace (most recent call first):
       [0] _start_plan_and_wait (res://test/integration/test_campfire_example_smoke.gd:57)
WARNING: [GdPAI] ObjectRef(124587609564): object was freed before callback; returning Nil.
   at: gdplanningai_rust::logger::process_logs (src\logger.rs:66)
   GDScript backtrace (most recent call first):
       [0] _start_plan_and_wait (res://test/integration/test_campfire_example_smoke.gd:57)
WARNING: [GdPAI] ObjectRef(124587609564): object was freed before callback; returning Nil.
   at: gdplanningai_rust::logger::process_logs (src\logger.rs:66)
   GDScript backtrace (most recent call first):
       [0] _start_plan_and_wait (res://test/integration/test_campfire_example_smoke.gd:57)
[GdPAI | debug] ApplyEffect [Before] ID=InstanceId(-9223367903099712221): agent props = {"entity": null, "held_item": "", "hunger": 70.0627442063492, "at_target": null}
[GdPAI | debug] ApplyEffect [After] ID=InstanceId(-9223367903099712221): agent props = {"entity": null, "held_item": "", "hunger": 70.0627442063492, "at_target": null}
[GdPAI | debug]   Snapshotting prop: entity = Nil (Variant type: NIL)
[GdPAI | debug]   Snapshotting prop: held_item = Str("") (Variant type: STRING)
[GdPAI | debug]   Snapshotting prop: hunger = Float(70.0627442063492) (Variant type: FLOAT)
[GdPAI | debug]   Snapshotting prop: at_target = Nil (Variant type: NIL)
WARNING: [GdPAI] ObjectRef(1382643928884): object was freed before callback; returning Nil.
   at: gdplanningai_rust::logger::process_logs (src\logger.rs:66)
   GDScript backtrace (most recent call first):
       [0] _start_plan_and_wait (res://test/integration/test_campfire_example_smoke.gd:57)
[GdPAI | debug] GetCost: callable returned non-numeric value: null; returning INFINITY
WARNING: [GdPAI] ObjectRef(124621163998): object was freed before callback; returning Nil.
   at: gdplanningai_rust::logger::process_logs (src\logger.rs:66)
   GDScript backtrace (most recent call first):
       [0] _process (res://addons/GdPlanningAI/gdpai_autoload.gd:21)
WARNING: [GdPAI] ObjectRef(125661351450): object was freed before callback; returning Nil.
   at: gdplanningai_rust::logger::process_logs (src\logger.rs:66)
   GDScript backtrace (most recent call first):
       [0] _process (res://addons/GdPlanningAI/gdpai_autoload.gd:21)
WARNING: [GdPAI] ObjectRef(125661351450): object was freed before callback; returning Nil.
   at: gdplanningai_rust::logger::process_logs (src\logger.rs:66)
   GDScript backtrace (most recent call first):
       [0] _process (res://addons/GdPlanningAI/gdpai_autoload.gd:21)
[GdPAI | debug] GetCost: callable returned non-numeric value: null; returning INFINITY
WARNING: [GdPAI] ObjectRef(1382643928884): object was freed before callback; returning Nil.
   at: gdplanningai_rust::logger::process_logs (src\logger.rs:66)
   GDScript backtrace (most recent call first):
       [0] _process (res://addons/GdPlanningAI/gdpai_autoload.gd:21)
[GdPAI | debug] ApplyEffect [Before] ID=InstanceId(-9223367901170332387): agent props = {"held_item": "", "entity": null, "hunger": 95.0603725}
[GdPAI | debug] ApplyEffect [After] ID=InstanceId(-9223367901170332387): agent props = {"held_item": "", "entity": null, "hunger": 95.0603725}
[GdPAI | debug]   Snapshotting prop: held_item = Str("") (Variant type: STRING)
[GdPAI | debug]   Snapshotting prop: entity = Nil (Variant type: NIL)
[GdPAI | debug]   Snapshotting prop: hunger = Float(95.0603725) (Variant type: FLOAT)
WARNING: [GdPAI] ObjectRef(124621163998): object was freed before callback; returning Nil.
   at: gdplanningai_rust::logger::process_logs (src\logger.rs:66)
   GDScript backtrace (most recent call first):
       [0] _start_plan_and_wait (res://test/integration/test_campfire_example_smoke.gd:57)
WARNING: [GdPAI] ObjectRef(125661351450): object was freed before callback; returning Nil.
   at: gdplanningai_rust::logger::process_logs (src\logger.rs:66)
   GDScript backtrace (most recent call first):
       [0] _start_plan_and_wait (res://test/integration/test_campfire_example_smoke.gd:57)
WARNING: [GdPAI] ObjectRef(125661351450): object was freed before callback; returning Nil.
   at: gdplanningai_rust::logger::process_logs (src\logger.rs:66)
   GDScript backtrace (most recent call first):
       [0] _start_plan_and_wait (res://test/integration/test_campfire_example_smoke.gd:57)
[GdPAI | debug] ApplyEffect [Before] ID=InstanceId(-9223367900398580416): agent props = {"held_item": "", "entity": null, "at_target": null, "hunger": 70.0627442063492}
[GdPAI | debug] ApplyEffect [After] ID=InstanceId(-9223367900398580416): agent props = {"held_item": "", "entity": null, "at_target": null, "hunger": 70.0627442063492}
[GdPAI | debug]   Snapshotting prop: held_item = Str("") (Variant type: STRING)
[GdPAI | debug]   Snapshotting prop: entity = Nil (Variant type: NIL)
[GdPAI | debug]   Snapshotting prop: at_target = Nil (Variant type: NIL)
[GdPAI | debug]   Snapshotting prop: hunger = Float(70.0627442063492) (Variant type: FLOAT)
WARNING: [GdPAI] ObjectRef(1382643928884): object was freed before callback; returning Nil.
   at: gdplanningai_rust::logger::process_logs (src\logger.rs:66)
   GDScript backtrace (most recent call first):
       [0] _start_plan_and_wait (res://test/integration/test_campfire_example_smoke.gd:57)
[GdPAI | debug] GetCost: callable returned non-numeric value: null; returning INFINITY
WARNING: [GdPAI] ObjectRef(124621163998): object was freed before callback; returning Nil.
   at: gdplanningai_rust::logger::process_logs (src\logger.rs:66)
   GDScript backtrace (most recent call first):
       [0] _process (res://addons/GdPlanningAI/gdpai_autoload.gd:21)
WARNING: [GdPAI] ObjectRef(124134624705): object was freed before callback; returning Nil.
   at: gdplanningai_rust::logger::process_logs (src\logger.rs:66)
   GDScript backtrace (most recent call first):
       [0] _process (res://addons/GdPlanningAI/gdpai_autoload.gd:21)
WARNING: [GdPAI] ObjectRef(124134624705): object was freed before callback; returning Nil.
   at: gdplanningai_rust::logger::process_logs (src\logger.rs:66)
   GDScript backtrace (most recent call first):
       [0] _process (res://addons/GdPlanningAI/gdpai_autoload.gd:21)
[GdPAI | debug] GetCost: callable returned non-numeric value: null; returning INFINITY
WARNING: [GdPAI] ObjectRef(1382643928884): object was freed before callback; returning Nil.
   at: gdplanningai_rust::logger::process_logs (src\logger.rs:66)
   GDScript backtrace (most recent call first):
       [0] _process (res://addons/GdPlanningAI/gdpai_autoload.gd:21)
[GdPAI | debug] ApplyEffect [Before] ID=InstanceId(-9223367898469200598): agent props = {"held_item": "wood", "hunger": 95.0603725, "entity": null}
[GdPAI | debug] ApplyEffect [After] ID=InstanceId(-9223367898469200598): agent props = {"held_item": "wood", "hunger": 95.0603725, "entity": null}
[GdPAI | debug]   Snapshotting prop: held_item = Str("wood") (Variant type: STRING)
[GdPAI | debug]   Snapshotting prop: hunger = Float(95.0603725) (Variant type: FLOAT)
[GdPAI | debug]   Snapshotting prop: entity = Nil (Variant type: NIL)
WARNING: [GdPAI] ObjectRef(124621163998): object was freed before callback; returning Nil.
   at: gdplanningai_rust::logger::process_logs (src\logger.rs:66)
   GDScript backtrace (most recent call first):
       [0] _start_plan_and_wait (res://test/integration/test_campfire_example_smoke.gd:57)
WARNING: [GdPAI] ObjectRef(124134624705): object was freed before callback; returning Nil.
   at: gdplanningai_rust::logger::process_logs (src\logger.rs:66)
   GDScript backtrace (most recent call first):
       [0] _start_plan_and_wait (res://test/integration/test_campfire_example_smoke.gd:57)
WARNING: [GdPAI] ObjectRef(124134624705): object was freed before callback; returning Nil.
   at: gdplanningai_rust::logger::process_logs (src\logger.rs:66)
   GDScript backtrace (most recent call first):
       [0] _start_plan_and_wait (res://test/integration/test_campfire_example_smoke.gd:57)
[GdPAI | debug] ApplyEffect [Before] ID=InstanceId(-9223367897697448618): agent props = {"hunger": 70.0627442063492, "held_item": "", "at_target": null, "entity": null}
[GdPAI | debug] ApplyEffect [After] ID=InstanceId(-9223367897697448618): agent props = {"hunger": 70.0627442063492, "held_item": "", "at_target": null, "entity": null}
[GdPAI | debug]   Snapshotting prop: hunger = Float(70.0627442063492) (Variant type: FLOAT)
[GdPAI | debug]   Snapshotting prop: held_item = Str("") (Variant type: STRING)
[GdPAI | debug]   Snapshotting prop: at_target = Nil (Variant type: NIL)
[GdPAI | debug]   Snapshotting prop: entity = Nil (Variant type: NIL)
WARNING: [GdPAI] ObjectRef(1382643928884): object was freed before callback; returning Nil.
   at: gdplanningai_rust::logger::process_logs (src\logger.rs:66)
   GDScript backtrace (most recent call first):
       [0] _start_plan_and_wait (res://test/integration/test_campfire_example_smoke.gd:57)
WARNING: [GdPAI] ObjectRef(1382643928884): object was freed before callback; returning Nil.
   at: gdplanningai_rust::logger::process_logs (src\logger.rs:66)
   GDScript backtrace (most recent call first):
       [0] _start_plan_and_wait (res://test/integration/test_campfire_example_smoke.gd:57)
[GdPAI | debug] GetCost: callable returned non-numeric value: null; returning INFINITY
WARNING: [GdPAI] ObjectRef(124621163998): object was freed before callback; returning Nil.
   at: gdplanningai_rust::logger::process_logs (src\logger.rs:66)
   GDScript backtrace (most recent call first):
       [0] _process (res://addons/GdPlanningAI/gdpai_autoload.gd:21)
[GdPAI | debug] GetCost: callable returned non-numeric value: null; returning INFINITY
WARNING: [GdPAI] ObjectRef(1382643928884): object was freed before callback; returning Nil.
   at: gdplanningai_rust::logger::process_logs (src\logger.rs:66)
   GDScript backtrace (most recent call first):
       [0] _process (res://addons/GdPlanningAI/gdpai_autoload.gd:21)
WARNING: [GdPAI] ObjectRef(1382643928884): object was freed before callback; returning Nil.
   at: gdplanningai_rust::logger::process_logs (src\logger.rs:66)
   GDScript backtrace (most recent call first):
       [0] _process (res://addons/GdPlanningAI/gdpai_autoload.gd:21)
[GdPAI | debug] ApplyEffect [Before] ID=InstanceId(-9223367895717737132): agent props = {"entity": null, "held_item": "", "hunger": 95.0603725}
[GdPAI | debug] ApplyEffect [After] ID=InstanceId(-9223367895717737132): agent props = {"entity": null, "held_item": "", "hunger": 95.0603725}
[GdPAI | debug]   Snapshotting prop: entity = Nil (Variant type: NIL)
[GdPAI | debug]   Snapshotting prop: held_item = Str("") (Variant type: STRING)
[GdPAI | debug]   Snapshotting prop: hunger = Float(95.0603725) (Variant type: FLOAT)
WARNING: [GdPAI] ObjectRef(124621163998): object was freed before callback; returning Nil.
   at: gdplanningai_rust::logger::process_logs (src\logger.rs:66)
   GDScript backtrace (most recent call first):
       [0] _start_plan_and_wait (res://test/integration/test_campfire_example_smoke.gd:57)
[GdPAI | debug] ApplyEffect [Before] ID=InstanceId(-9223367894996316802): agent props = {"hunger": 70.0627442063492, "at_target": null, "entity": null, "held_item": "wood"}
[GdPAI | debug] ApplyEffect [After] ID=InstanceId(-9223367894996316802): agent props = {"hunger": 70.0627442063492, "at_target": null, "entity": null, "held_item": "wood"}
[GdPAI | debug]   Snapshotting prop: hunger = Float(70.0627442063492) (Variant type: FLOAT)
[GdPAI | debug]   Snapshotting prop: at_target = Nil (Variant type: NIL)
[GdPAI | debug]   Snapshotting prop: entity = Nil (Variant type: NIL)
[GdPAI | debug]   Snapshotting prop: held_item = Str("wood") (Variant type: STRING)
WARNING: [GdPAI] ObjectRef(1382643928884): object was freed before callback; returning Nil.
   at: gdplanningai_rust::logger::process_logs (src\logger.rs:66)
   GDScript backtrace (most recent call first):
       [0] _start_plan_and_wait (res://test/integration/test_campfire_example_smoke.gd:57)
[GdPAI | debug] GetCost: callable returned non-numeric value: null; returning INFINITY
WARNING: [GdPAI] ObjectRef(124621163998): object was freed before callback; returning Nil.
   at: gdplanningai_rust::logger::process_logs (src\logger.rs:66)
   GDScript backtrace (most recent call first):
       [0] _process (res://addons/GdPlanningAI/gdpai_autoload.gd:21)
WARNING: [GdPAI] ObjectRef(124621163998): object was freed before callback; returning Nil.
   at: gdplanningai_rust::logger::process_logs (src\logger.rs:66)
   GDScript backtrace (most recent call first):
       [0] _process (res://addons/GdPlanningAI/gdpai_autoload.gd:21)
WARNING: [GdPAI] ObjectRef(124134624705): object was freed before callback; returning Nil.
   at: gdplanningai_rust::logger::process_logs (src\logger.rs:66)
   GDScript backtrace (most recent call first):
       [0] _process (res://addons/GdPlanningAI/gdpai_autoload.gd:21)
WARNING: [GdPAI] ObjectRef(125661351450): object was freed before callback; returning Nil.
   at: gdplanningai_rust::logger::process_logs (src\logger.rs:66)
   GDScript backtrace (most recent call first):
       [0] _process (res://addons/GdPlanningAI/gdpai_autoload.gd:21)
WARNING: [GdPAI] ObjectRef(124587609564): object was freed before callback; returning Nil.
   at: gdplanningai_rust::logger::process_logs (src\logger.rs:66)
   GDScript backtrace (most recent call first):
       [0] _process (res://addons/GdPlanningAI/gdpai_autoload.gd:21)
WARNING: [GdPAI] ObjectRef(124134624705): object was freed before callback; returning Nil.
   at: gdplanningai_rust::logger::process_logs (src\logger.rs:66)
   GDScript backtrace (most recent call first):
       [0] _process (res://addons/GdPlanningAI/gdpai_autoload.gd:21)
WARNING: [GdPAI] ObjectRef(125661351450): object was freed before callback; returning Nil.
   at: gdplanningai_rust::logger::process_logs (src\logger.rs:66)
   GDScript backtrace (most recent call first):
       [0] _process (res://addons/GdPlanningAI/gdpai_autoload.gd:21)
WARNING: [GdPAI] ObjectRef(124587609564): object was freed before callback; returning Nil.
   at: gdplanningai_rust::logger::process_logs (src\logger.rs:66)
   GDScript backtrace (most recent call first):
       [0] _process (res://addons/GdPlanningAI/gdpai_autoload.gd:21)
[GdPAI | debug] GetCost: callable returned non-numeric value: null; returning INFINITY
WARNING: [GdPAI] ObjectRef(1382643928884): object was freed before callback; returning Nil.
   at: gdplanningai_rust::logger::process_logs (src\logger.rs:66)
   GDScript backtrace (most recent call first):
       [0] _process (res://addons/GdPlanningAI/gdpai_autoload.gd:21)
[GdPAI | debug] ApplyEffect [Before] ID=InstanceId(-9223367893167600285): agent props = {"hunger": 95.0603725, "entity": null, "held_item": ""}
[GdPAI | debug] ApplyEffect [After] ID=InstanceId(-9223367893167600285): agent props = {"hunger": 95.0603725, "entity": null, "held_item": ""}
[GdPAI | debug]   Snapshotting prop: hunger = Float(95.0603725) (Variant type: FLOAT)
[GdPAI | debug]   Snapshotting prop: entity = Nil (Variant type: NIL)
[GdPAI | debug]   Snapshotting prop: held_item = Str("") (Variant type: STRING)
WARNING: [GdPAI] ObjectRef(124621163998): object was freed before callback; returning Nil.
   at: gdplanningai_rust::logger::process_logs (src\logger.rs:66)
   GDScript backtrace (most recent call first):
       [0] _start_plan_and_wait (res://test/integration/test_campfire_example_smoke.gd:57)
WARNING: [GdPAI] ObjectRef(124621163998): object was freed before callback; returning Nil.
   at: gdplanningai_rust::logger::process_logs (src\logger.rs:66)
   GDScript backtrace (most recent call first):
       [0] _start_plan_and_wait (res://test/integration/test_campfire_example_smoke.gd:57)
WARNING: [GdPAI] ObjectRef(124134624705): object was freed before callback; returning Nil.
   at: gdplanningai_rust::logger::process_logs (src\logger.rs:66)
   GDScript backtrace (most recent call first):
       [0] _start_plan_and_wait (res://test/integration/test_campfire_example_smoke.gd:57)
WARNING: [GdPAI] ObjectRef(125661351450): object was freed before callback; returning Nil.
   at: gdplanningai_rust::logger::process_logs (src\logger.rs:66)
   GDScript backtrace (most recent call first):
       [0] _start_plan_and_wait (res://test/integration/test_campfire_example_smoke.gd:57)
WARNING: [GdPAI] ObjectRef(124587609564): object was freed before callback; returning Nil.
   at: gdplanningai_rust::logger::process_logs (src\logger.rs:66)
   GDScript backtrace (most recent call first):
       [0] _start_plan_and_wait (res://test/integration/test_campfire_example_smoke.gd:57)
WARNING: [GdPAI] ObjectRef(124134624705): object was freed before callback; returning Nil.
   at: gdplanningai_rust::logger::process_logs (src\logger.rs:66)
   GDScript backtrace (most recent call first):
       [0] _start_plan_and_wait (res://test/integration/test_campfire_example_smoke.gd:57)
WARNING: [GdPAI] ObjectRef(125661351450): object was freed before callback; returning Nil.
   at: gdplanningai_rust::logger::process_logs (src\logger.rs:66)
   GDScript backtrace (most recent call first):
       [0] _start_plan_and_wait (res://test/integration/test_campfire_example_smoke.gd:57)
WARNING: [GdPAI] ObjectRef(124587609564): object was freed before callback; returning Nil.
   at: gdplanningai_rust::logger::process_logs (src\logger.rs:66)
   GDScript backtrace (most recent call first):
       [0] _start_plan_and_wait (res://test/integration/test_campfire_example_smoke.gd:57)
[GdPAI | debug] ApplyEffect [Before] ID=InstanceId(-9223367892144190061): agent props = {"hunger": 70.0627442063492, "at_target": null, "entity": null, "held_item": ""}
[GdPAI | debug] ApplyEffect [After] ID=InstanceId(-9223367892144190061): agent props = {"hunger": 70.0627442063492, "at_target": null, "entity": null, "held_item": ""}
[GdPAI | debug]   Snapshotting prop: hunger = Float(70.0627442063492) (Variant type: FLOAT)
[GdPAI | debug]   Snapshotting prop: at_target = Nil (Variant type: NIL)
[GdPAI | debug]   Snapshotting prop: entity = Nil (Variant type: NIL)
[GdPAI | debug]   Snapshotting prop: held_item = Str("") (Variant type: STRING)
WARNING: [GdPAI] ObjectRef(1382643928884): object was freed before callback; returning Nil.
   at: gdplanningai_rust::logger::process_logs (src\logger.rs:66)
   GDScript backtrace (most recent call first):
       [0] _start_plan_and_wait (res://test/integration/test_campfire_example_smoke.gd:57)
[GdPAI | debug] GetCost: callable returned non-numeric value: null; returning INFINITY
WARNING: [GdPAI] ObjectRef(124621163998): object was freed before callback; returning Nil.
   at: gdplanningai_rust::logger::process_logs (src\logger.rs:66)
   GDScript backtrace (most recent call first):
       [0] _process (res://addons/GdPlanningAI/gdpai_autoload.gd:21)
[GdPAI | debug] GetCost: callable returned non-numeric value: null; returning INFINITY
WARNING: [GdPAI] ObjectRef(1382643928884): object was freed before callback; returning Nil.
   at: gdplanningai_rust::logger::process_logs (src\logger.rs:66)
   GDScript backtrace (most recent call first):
       [0] _process (res://addons/GdPlanningAI/gdpai_autoload.gd:21)
[GdPAI | debug] ApplyEffect [Before] ID=InstanceId(-9223367889963152023): agent props = {"held_item": "", "entity": null, "hunger": 95.0603725}
[GdPAI | debug] ApplyEffect [After] ID=InstanceId(-9223367889963152023): agent props = {"held_item": "", "entity": null, "hunger": 95.0603725}
[GdPAI | debug]   Snapshotting prop: held_item = Str("") (Variant type: STRING)
[GdPAI | debug]   Snapshotting prop: entity = Nil (Variant type: NIL)
[GdPAI | debug]   Snapshotting prop: hunger = Float(95.0603725) (Variant type: FLOAT)
WARNING: [GdPAI] ObjectRef(124621163998): object was freed before callback; returning Nil.
   at: gdplanningai_rust::logger::process_logs (src\logger.rs:66)
   GDScript backtrace (most recent call first):
       [0] _start_plan_and_wait (res://test/integration/test_campfire_example_smoke.gd:57)
[GdPAI | debug] ApplyEffect [Before] ID=InstanceId(-9223367889292063302): agent props = {"at_target": null, "held_item": "", "entity": null, "hunger": 70.0627442063492}
[GdPAI | debug] ApplyEffect [After] ID=InstanceId(-9223367889292063302): agent props = {"at_target": null, "held_item": "", "entity": null, "hunger": 70.0627442063492}
[GdPAI | debug]   Snapshotting prop: at_target = Nil (Variant type: NIL)
[GdPAI | debug]   Snapshotting prop: held_item = Str("") (Variant type: STRING)
[GdPAI | debug]   Snapshotting prop: entity = Nil (Variant type: NIL)
[GdPAI | debug]   Snapshotting prop: hunger = Float(70.0627442063492) (Variant type: FLOAT)
WARNING: [GdPAI] ObjectRef(1382643928884): object was freed before callback; returning Nil.
   at: gdplanningai_rust::logger::process_logs (src\logger.rs:66)
   GDScript backtrace (most recent call first):
       [0] _start_plan_and_wait (res://test/integration/test_campfire_example_smoke.gd:57)
[GdPAI | debug] GetCost: callable returned non-numeric value: null; returning INFINITY
WARNING: [GdPAI] ObjectRef(124621163998): object was freed before callback; returning Nil.
   at: gdplanningai_rust::logger::process_logs (src\logger.rs:66)
   GDScript backtrace (most recent call first):
       [0] _process (res://addons/GdPlanningAI/gdpai_autoload.gd:21)
WARNING: [GdPAI] ObjectRef(124587609564): object was freed before callback; returning Nil.
   at: gdplanningai_rust::logger::process_logs (src\logger.rs:66)
   GDScript backtrace (most recent call first):
       [0] _process (res://addons/GdPlanningAI/gdpai_autoload.gd:21)
WARNING: [GdPAI] ObjectRef(124587609564): object was freed before callback; returning Nil.
   at: gdplanningai_rust::logger::process_logs (src\logger.rs:66)
   GDScript backtrace (most recent call first):
       [0] _process (res://addons/GdPlanningAI/gdpai_autoload.gd:21)
[GdPAI | debug] GetCost: callable returned non-numeric value: null; returning INFINITY
WARNING: [GdPAI] ObjectRef(1382643928884): object was freed before callback; returning Nil.
   at: gdplanningai_rust::logger::process_logs (src\logger.rs:66)
   GDScript backtrace (most recent call first):
       [0] _process (res://addons/GdPlanningAI/gdpai_autoload.gd:21)
[GdPAI | debug] ApplyEffect [Before] ID=InstanceId(-9223367887463346798): agent props = {"entity": null, "held_item": "wood", "hunger": 95.0603725}
[GdPAI | debug] ApplyEffect [After] ID=InstanceId(-9223367887463346798): agent props = {"entity": null, "held_item": "wood", "hunger": 95.0603725}
[GdPAI | debug]   Snapshotting prop: entity = Nil (Variant type: NIL)
[GdPAI | debug]   Snapshotting prop: held_item = Str("wood") (Variant type: STRING)
[GdPAI | debug]   Snapshotting prop: hunger = Float(95.0603725) (Variant type: FLOAT)
WARNING: [GdPAI] ObjectRef(124621163998): object was freed before callback; returning Nil.
   at: gdplanningai_rust::logger::process_logs (src\logger.rs:66)
   GDScript backtrace (most recent call first):
       [0] _start_plan_and_wait (res://test/integration/test_campfire_example_smoke.gd:57)
WARNING: [GdPAI] ObjectRef(124587609564): object was freed before callback; returning Nil.
   at: gdplanningai_rust::logger::process_logs (src\logger.rs:66)
   GDScript backtrace (most recent call first):
       [0] _start_plan_and_wait (res://test/integration/test_campfire_example_smoke.gd:57)
WARNING: [GdPAI] ObjectRef(124587609564): object was freed before callback; returning Nil.
   at: gdplanningai_rust::logger::process_logs (src\logger.rs:66)
   GDScript backtrace (most recent call first):
       [0] _start_plan_and_wait (res://test/integration/test_campfire_example_smoke.gd:57)
[GdPAI | debug] ApplyEffect [Before] ID=InstanceId(-9223367886691594845): agent props = {"at_target": null, "held_item": "", "hunger": 70.0627442063492, "entity": null}
[GdPAI | debug] ApplyEffect [After] ID=InstanceId(-9223367886691594845): agent props = {"at_target": null, "held_item": "", "hunger": 70.0627442063492, "entity": null}
[GdPAI | debug]   Snapshotting prop: at_target = Nil (Variant type: NIL)
[GdPAI | debug]   Snapshotting prop: held_item = Str("") (Variant type: STRING)
[GdPAI | debug]   Snapshotting prop: hunger = Float(70.0627442063492) (Variant type: FLOAT)
[GdPAI | debug]   Snapshotting prop: entity = Nil (Variant type: NIL)
WARNING: [GdPAI] ObjectRef(1382643928884): object was freed before callback; returning Nil.
   at: gdplanningai_rust::logger::process_logs (src\logger.rs:66)
   GDScript backtrace (most recent call first):
       [0] _start_plan_and_wait (res://test/integration/test_campfire_example_smoke.gd:57)
WARNING: [GdPAI] ObjectRef(1382643928884): object was freed before callback; returning Nil.
   at: gdplanningai_rust::logger::process_logs (src\logger.rs:66)
   GDScript backtrace (most recent call first):
       [0] _start_plan_and_wait (res://test/integration/test_campfire_example_smoke.gd:57)
[GdPAI | debug] GetCost: callable returned non-numeric value: null; returning INFINITY
WARNING: [GdPAI] ObjectRef(124621163998): object was freed before callback; returning Nil.
   at: gdplanningai_rust::logger::process_logs (src\logger.rs:66)
   GDScript backtrace (most recent call first):
       [0] _process (res://addons/GdPlanningAI/gdpai_autoload.gd:21)
WARNING: [GdPAI] ObjectRef(125661351450): object was freed before callback; returning Nil.
   at: gdplanningai_rust::logger::process_logs (src\logger.rs:66)
   GDScript backtrace (most recent call first):
       [0] _process (res://addons/GdPlanningAI/gdpai_autoload.gd:21)
WARNING: [GdPAI] ObjectRef(125661351450): object was freed before callback; returning Nil.
   at: gdplanningai_rust::logger::process_logs (src\logger.rs:66)
   GDScript backtrace (most recent call first):
       [0] _process (res://addons/GdPlanningAI/gdpai_autoload.gd:21)
[GdPAI | debug] GetCost: callable returned non-numeric value: null; returning INFINITY
WARNING: [GdPAI] ObjectRef(1382643928884): object was freed before callback; returning Nil.
   at: gdplanningai_rust::logger::process_logs (src\logger.rs:66)
   GDScript backtrace (most recent call first):
       [0] _process (res://addons/GdPlanningAI/gdpai_autoload.gd:21)
WARNING: [GdPAI] ObjectRef(1382643928884): object was freed before callback; returning Nil.
   at: gdplanningai_rust::logger::process_logs (src\logger.rs:66)
   GDScript backtrace (most recent call first):
       [0] _process (res://addons/GdPlanningAI/gdpai_autoload.gd:21)
[GdPAI | debug] ApplyEffect [Before] ID=InstanceId(-9223367884711883312): agent props = {"hunger": 95.0603725, "entity": null, "held_item": ""}
[GdPAI | debug] ApplyEffect [After] ID=InstanceId(-9223367884711883312): agent props = {"hunger": 95.0603725, "entity": null, "held_item": ""}
[GdPAI | debug]   Snapshotting prop: hunger = Float(95.0603725) (Variant type: FLOAT)
[GdPAI | debug]   Snapshotting prop: entity = Nil (Variant type: NIL)
[GdPAI | debug]   Snapshotting prop: held_item = Str("") (Variant type: STRING)
WARNING: [GdPAI] ObjectRef(124621163998): object was freed before callback; returning Nil.
   at: gdplanningai_rust::logger::process_logs (src\logger.rs:66)
   GDScript backtrace (most recent call first):
       [0] _start_plan_and_wait (res://test/integration/test_campfire_example_smoke.gd:57)
WARNING: [GdPAI] ObjectRef(125661351450): object was freed before callback; returning Nil.
   at: gdplanningai_rust::logger::process_logs (src\logger.rs:66)
   GDScript backtrace (most recent call first):
       [0] _start_plan_and_wait (res://test/integration/test_campfire_example_smoke.gd:57)
WARNING: [GdPAI] ObjectRef(125661351450): object was freed before callback; returning Nil.
   at: gdplanningai_rust::logger::process_logs (src\logger.rs:66)
   GDScript backtrace (most recent call first):
       [0] _start_plan_and_wait (res://test/integration/test_campfire_example_smoke.gd:57)
[GdPAI | debug] ApplyEffect [Before] ID=InstanceId(-9223367883889799698): agent props = {"held_item": "", "at_target": null, "hunger": 70.0627442063492, "entity": null}
[GdPAI | debug] ApplyEffect [After] ID=InstanceId(-9223367883889799698): agent props = {"held_item": "", "at_target": null, "hunger": 70.0627442063492, "entity": null}
[GdPAI | debug]   Snapshotting prop: held_item = Str("") (Variant type: STRING)
[GdPAI | debug]   Snapshotting prop: at_target = Nil (Variant type: NIL)
[GdPAI | debug]   Snapshotting prop: hunger = Float(70.0627442063492) (Variant type: FLOAT)
[GdPAI | debug]   Snapshotting prop: entity = Nil (Variant type: NIL)
WARNING: [GdPAI] ObjectRef(1382643928884): object was freed before callback; returning Nil.
   at: gdplanningai_rust::logger::process_logs (src\logger.rs:66)
   GDScript backtrace (most recent call first):
       [0] _start_plan_and_wait (res://test/integration/test_campfire_example_smoke.gd:57)
[GdPAI | debug] GetCost: callable returned non-numeric value: null; returning INFINITY
WARNING: [GdPAI] ObjectRef(124621163998): object was freed before callback; returning Nil.
   at: gdplanningai_rust::logger::process_logs (src\logger.rs:66)
   GDScript backtrace (most recent call first):
       [0] _process (res://addons/GdPlanningAI/gdpai_autoload.gd:21)
WARNING: [GdPAI] ObjectRef(124134624705): object was freed before callback; returning Nil.
   at: gdplanningai_rust::logger::process_logs (src\logger.rs:66)
   GDScript backtrace (most recent call first):
       [0] _process (res://addons/GdPlanningAI/gdpai_autoload.gd:21)
WARNING: [GdPAI] ObjectRef(124134624705): object was freed before callback; returning Nil.
   at: gdplanningai_rust::logger::process_logs (src\logger.rs:66)
   GDScript backtrace (most recent call first):
       [0] _process (res://addons/GdPlanningAI/gdpai_autoload.gd:21)
[GdPAI | debug] GetCost: callable returned non-numeric value: null; returning INFINITY
WARNING: [GdPAI] ObjectRef(1382643928884): object was freed before callback; returning Nil.
   at: gdplanningai_rust::logger::process_logs (src\logger.rs:66)
   GDScript backtrace (most recent call first):
       [0] _process (res://addons/GdPlanningAI/gdpai_autoload.gd:21)
[GdPAI | debug] ApplyEffect [Before] ID=InstanceId(-9223367881960419882): agent props = {"held_item": "", "hunger": 95.0603725, "entity": null}
[GdPAI | debug] ApplyEffect [After] ID=InstanceId(-9223367881960419882): agent props = {"held_item": "", "hunger": 95.0603725, "entity": null}
[GdPAI | debug]   Snapshotting prop: held_item = Str("") (Variant type: STRING)
[GdPAI | debug]   Snapshotting prop: hunger = Float(95.0603725) (Variant type: FLOAT)
[GdPAI | debug]   Snapshotting prop: entity = Nil (Variant type: NIL)
WARNING: [GdPAI] ObjectRef(124621163998): object was freed before callback; returning Nil.
   at: gdplanningai_rust::logger::process_logs (src\logger.rs:66)
   GDScript backtrace (most recent call first):
       [0] _start_plan_and_wait (res://test/integration/test_campfire_example_smoke.gd:57)
WARNING: [GdPAI] ObjectRef(124134624705): object was freed before callback; returning Nil.
   at: gdplanningai_rust::logger::process_logs (src\logger.rs:66)
   GDScript backtrace (most recent call first):
       [0] _start_plan_and_wait (res://test/integration/test_campfire_example_smoke.gd:57)
WARNING: [GdPAI] ObjectRef(124134624705): object was freed before callback; returning Nil.
   at: gdplanningai_rust::logger::process_logs (src\logger.rs:66)
   GDScript backtrace (most recent call first):
       [0] _start_plan_and_wait (res://test/integration/test_campfire_example_smoke.gd:57)
[GdPAI | debug] ApplyEffect [Before] ID=InstanceId(-9223367881188667893): agent props = {"at_target": null, "held_item": "", "hunger": 70.0627442063492, "entity": null}
[GdPAI | debug] ApplyEffect [After] ID=InstanceId(-9223367881188667893): agent props = {"at_target": null, "held_item": "", "hunger": 70.0627442063492, "entity": null}
[GdPAI | debug]   Snapshotting prop: at_target = Nil (Variant type: NIL)
[GdPAI | debug]   Snapshotting prop: held_item = Str("") (Variant type: STRING)
[GdPAI | debug]   Snapshotting prop: hunger = Float(70.0627442063492) (Variant type: FLOAT)
[GdPAI | debug]   Snapshotting prop: entity = Nil (Variant type: NIL)
WARNING: [GdPAI] ObjectRef(1382643928884): object was freed before callback; returning Nil.
   at: gdplanningai_rust::logger::process_logs (src\logger.rs:66)
   GDScript backtrace (most recent call first):
       [0] _start_plan_and_wait (res://test/integration/test_campfire_example_smoke.gd:57)
[GdPAI | debug] GetCost: callable returned non-numeric value: null; returning INFINITY
WARNING: [GdPAI] ObjectRef(124621163998): object was freed before callback; returning Nil.
   at: gdplanningai_rust::logger::process_logs (src\logger.rs:66)
   GDScript backtrace (most recent call first):
       [0] _process (res://addons/GdPlanningAI/gdpai_autoload.gd:21)
[GdPAI | debug] GetCost: callable returned non-numeric value: null; returning INFINITY
WARNING: [GdPAI] ObjectRef(1382643928884): object was freed before callback; returning Nil.
   at: gdplanningai_rust::logger::process_logs (src\logger.rs:66)
   GDScript backtrace (most recent call first):
       [0] _process (res://addons/GdPlanningAI/gdpai_autoload.gd:21)
[GdPAI | debug] ApplyEffect [Before] ID=InstanceId(-9223367879259288068): agent props = {"held_item": "", "hunger": 95.0603725, "entity": null}
[GdPAI | debug] ApplyEffect [After] ID=InstanceId(-9223367879259288068): agent props = {"held_item": "", "hunger": 95.0603725, "entity": null}
[GdPAI | debug]   Snapshotting prop: held_item = Str("") (Variant type: STRING)
[GdPAI | debug]   Snapshotting prop: hunger = Float(95.0603725) (Variant type: FLOAT)
[GdPAI | debug]   Snapshotting prop: entity = Nil (Variant type: NIL)
WARNING: [GdPAI] ObjectRef(124621163998): object was freed before callback; returning Nil.
   at: gdplanningai_rust::logger::process_logs (src\logger.rs:66)
   GDScript backtrace (most recent call first):
       [0] _start_plan_and_wait (res://test/integration/test_campfire_example_smoke.gd:57)
[GdPAI | debug] ApplyEffect [Before] ID=InstanceId(-9223367878588199391): agent props = {"entity": null, "at_target": null, "held_item": "wood", "hunger": 70.0627442063492}
[GdPAI | debug] ApplyEffect [After] ID=InstanceId(-9223367878588199391): agent props = {"entity": null, "at_target": null, "held_item": "wood", "hunger": 70.0627442063492}
[GdPAI | debug]   Snapshotting prop: entity = Nil (Variant type: NIL)
[GdPAI | debug]   Snapshotting prop: at_target = Nil (Variant type: NIL)
[GdPAI | debug]   Snapshotting prop: held_item = Str("wood") (Variant type: STRING)
[GdPAI | debug]   Snapshotting prop: hunger = Float(70.0627442063492) (Variant type: FLOAT)
WARNING: [GdPAI] ObjectRef(1382643928884): object was freed before callback; returning Nil.
   at: gdplanningai_rust::logger::process_logs (src\logger.rs:66)
   GDScript backtrace (most recent call first):
       [0] _start_plan_and_wait (res://test/integration/test_campfire_example_smoke.gd:57)
[GdPAI | debug] GetCost: callable returned non-numeric value: null; returning INFINITY
[GdPAI] A* Iteration: pop node with chain length 5
[GdPAI | debug] Numeric comparison: 70.0627442063492 LessThan 55.062744206349194 -> false
[GdPAI | debug] find_candidates: Checking 15 actions against 0 preconds and 0 requirements
WARNING: [GdPAI] ObjectRef(124621163998): object was freed before callback; returning Nil.
   at: gdplanningai_rust::logger::process_logs (src\logger.rs:66)
   GDScript backtrace (most recent call first):
       [0] _process (res://addons/GdPlanningAI/gdpai_autoload.gd:21)
WARNING: [GdPAI] ObjectRef(124621163998): object was freed before callback; returning Nil.
   at: gdplanningai_rust::logger::process_logs (src\logger.rs:66)
   GDScript backtrace (most recent call first):
       [0] _process (res://addons/GdPlanningAI/gdpai_autoload.gd:21)
WARNING: [GdPAI] ObjectRef(1382643928884): object was freed before callback; returning Nil.
   at: gdplanningai_rust::logger::process_logs (src\logger.rs:66)
   GDScript backtrace (most recent call first):
       [0] _process (res://addons/GdPlanningAI/gdpai_autoload.gd:21)
[GdPAI | debug] ApplyEffect [Before] ID=InstanceId(-9223367876759482868): agent props = {"entity": null, "held_item": "wood", "hunger": 95.0603725}
[GdPAI | debug] ApplyEffect [After] ID=InstanceId(-9223367876759482868): agent props = {"entity": null, "held_item": "wood", "hunger": 95.0603725}
[GdPAI | debug]   Snapshotting prop: entity = Nil (Variant type: NIL)
[GdPAI | debug]   Snapshotting prop: held_item = Str("wood") (Variant type: STRING)
[GdPAI | debug]   Snapshotting prop: hunger = Float(95.0603725) (Variant type: FLOAT)
WARNING: [GdPAI] ObjectRef(124621163998): object was freed before callback; returning Nil.
   at: gdplanningai_rust::logger::process_logs (src\logger.rs:66)
   GDScript backtrace (most recent call first):
       [0] _start_plan_and_wait (res://test/integration/test_campfire_example_smoke.gd:57)
WARNING: [GdPAI] ObjectRef(124621163998): object was freed before callback; returning Nil.
   at: gdplanningai_rust::logger::process_logs (src\logger.rs:66)
   GDScript backtrace (most recent call first):
       [0] _start_plan_and_wait (res://test/integration/test_campfire_example_smoke.gd:57)
WARNING: [GdPAI] ObjectRef(1382643928884): object was freed before callback; returning Nil.
   at: gdplanningai_rust::logger::process_logs (src\logger.rs:66)
   GDScript backtrace (most recent call first):
       [0] _start_plan_and_wait (res://test/integration/test_campfire_example_smoke.gd:57)
WARNING: [GdPAI] ObjectRef(1382643928884): object was freed before callback; returning Nil.
   at: gdplanningai_rust::logger::process_logs (src\logger.rs:66)
   GDScript backtrace (most recent call first):
       [0] _start_plan_and_wait (res://test/integration/test_campfire_example_smoke.gd:57)
[GdPAI | debug] GetCost: callable returned non-numeric value: null; returning INFINITY
WARNING: [GdPAI] ObjectRef(124621163998): object was freed before callback; returning Nil.
   at: gdplanningai_rust::logger::process_logs (src\logger.rs:66)
   GDScript backtrace (most recent call first):
       [0] _process (res://addons/GdPlanningAI/gdpai_autoload.gd:21)
WARNING: [GdPAI] ObjectRef(124621163998): object was freed before callback; returning Nil.
   at: gdplanningai_rust::logger::process_logs (src\logger.rs:66)
   GDScript backtrace (most recent call first):
       [0] _process (res://addons/GdPlanningAI/gdpai_autoload.gd:21)
WARNING: [GdPAI] ObjectRef(1382643928884): object was freed before callback; returning Nil.
   at: gdplanningai_rust::logger::process_logs (src\logger.rs:66)
   GDScript backtrace (most recent call first):
       [0] _process (res://addons/GdPlanningAI/gdpai_autoload.gd:21)
[GdPAI | debug] Discovery: Action Cook Potato failed validity check, skipping
WARNING: [GdPAI] ObjectRef(1382643928884): object was freed before callback; returning Nil.
   at: gdplanningai_rust::logger::process_logs (src\logger.rs:66)
   GDScript backtrace (most recent call first):
       [0] _process (res://addons/GdPlanningAI/gdpai_autoload.gd:21)
[GdPAI | debug] ApplyEffect [Before] ID=InstanceId(-9223367874108682754): agent props = {"entity": null, "held_item": "", "hunger": 95.0603725}
[GdPAI | debug] ApplyEffect [After] ID=InstanceId(-9223367874108682754): agent props = {"entity": null, "held_item": "", "hunger": 95.0603725}
[GdPAI | debug]   Snapshotting prop: entity = Nil (Variant type: NIL)
[GdPAI | debug]   Snapshotting prop: held_item = Str("") (Variant type: STRING)
[GdPAI | debug]   Snapshotting prop: hunger = Float(95.0603725) (Variant type: FLOAT)
WARNING: [GdPAI] ObjectRef(124621163998): object was freed before callback; returning Nil.
   at: gdplanningai_rust::logger::process_logs (src\logger.rs:66)
   GDScript backtrace (most recent call first):
       [0] _start_plan_and_wait (res://test/integration/test_campfire_example_smoke.gd:57)
WARNING: [GdPAI] ObjectRef(124621163998): object was freed before callback; returning Nil.
   at: gdplanningai_rust::logger::process_logs (src\logger.rs:66)
   GDScript backtrace (most recent call first):
       [0] _start_plan_and_wait (res://test/integration/test_campfire_example_smoke.gd:57)
[GdPAI | debug] Discovery: Action Dig Potato failed validity check, skipping
WARNING: [GdPAI] ObjectRef(1382643928884): object was freed before callback; returning Nil.
   at: gdplanningai_rust::logger::process_logs (src\logger.rs:66)
   GDScript backtrace (most recent call first):
       [0] _start_plan_and_wait (res://test/integration/test_campfire_example_smoke.gd:57)
[GdPAI | debug] GetCost: callable returned non-numeric value: null; returning INFINITY
WARNING: [GdPAI] ObjectRef(124621163998): object was freed before callback; returning Nil.
   at: gdplanningai_rust::logger::process_logs (src\logger.rs:66)
   GDScript backtrace (most recent call first):
       [0] _process (res://addons/GdPlanningAI/gdpai_autoload.gd:21)
WARNING: [GdPAI] ObjectRef(124621163998): object was freed before callback; returning Nil.
   at: gdplanningai_rust::logger::process_logs (src\logger.rs:66)
   GDScript backtrace (most recent call first):
       [0] _process (res://addons/GdPlanningAI/gdpai_autoload.gd:21)
[GdPAI | debug] Discovery: Action Dig Potato failed validity check, skipping
WARNING: [GdPAI] ObjectRef(1382643928884): object was freed before callback; returning Nil.
   at: gdplanningai_rust::logger::process_logs (src\logger.rs:66)
   GDScript backtrace (most recent call first):
       [0] _process (res://addons/GdPlanningAI/gdpai_autoload.gd:21)
[GdPAI | debug] ApplyEffect [Before] ID=InstanceId(-9223367871457882605): agent props = {"hunger": 95.0603725, "entity": null, "held_item": ""}
[GdPAI | debug] ApplyEffect [After] ID=InstanceId(-9223367871457882605): agent props = {"hunger": 95.0603725, "entity": null, "held_item": ""}
[GdPAI | debug]   Snapshotting prop: hunger = Float(95.0603725) (Variant type: FLOAT)
[GdPAI | debug]   Snapshotting prop: entity = Nil (Variant type: NIL)
[GdPAI | debug]   Snapshotting prop: held_item = Str("") (Variant type: STRING)
WARNING: [GdPAI] ObjectRef(124621163998): object was freed before callback; returning Nil.
   at: gdplanningai_rust::logger::process_logs (src\logger.rs:66)
   GDScript backtrace (most recent call first):
       [0] _start_plan_and_wait (res://test/integration/test_campfire_example_smoke.gd:57)
WARNING: [GdPAI] ObjectRef(124621163998): object was freed before callback; returning Nil.
   at: gdplanningai_rust::logger::process_logs (src\logger.rs:66)
   GDScript backtrace (most recent call first):
       [0] _start_plan_and_wait (res://test/integration/test_campfire_example_smoke.gd:57)
[GdPAI | debug] Discovery: Action Dig Potato failed validity check, skipping
WARNING: [GdPAI] ObjectRef(1382643928884): object was freed before callback; returning Nil.
   at: gdplanningai_rust::logger::process_logs (src\logger.rs:66)
   GDScript backtrace (most recent call first):
       [0] _start_plan_and_wait (res://test/integration/test_campfire_example_smoke.gd:57)
[GdPAI | debug] GetCost: callable returned non-numeric value: null; returning INFINITY
WARNING: [GdPAI] ObjectRef(124621163998): object was freed before callback; returning Nil.
   at: gdplanningai_rust::logger::process_logs (src\logger.rs:66)
   GDScript backtrace (most recent call first):
       [0] _process (res://addons/GdPlanningAI/gdpai_autoload.gd:21)
WARNING: [GdPAI] ObjectRef(124621163998): object was freed before callback; returning Nil.
   at: gdplanningai_rust::logger::process_logs (src\logger.rs:66)
   GDScript backtrace (most recent call first):
       [0] _process (res://addons/GdPlanningAI/gdpai_autoload.gd:21)
[GdPAI | debug] Discovery: Action Dig Potato failed validity check, skipping
WARNING: [GdPAI] ObjectRef(1382643928884): object was freed before callback; returning Nil.
   at: gdplanningai_rust::logger::process_logs (src\logger.rs:66)
   GDScript backtrace (most recent call first):
       [0] _process (res://addons/GdPlanningAI/gdpai_autoload.gd:21)
[GdPAI | debug] ApplyEffect [Before] ID=InstanceId(-9223367868857414062): agent props = {"hunger": 95.0603725, "entity": null, "held_item": ""}
[GdPAI | debug] ApplyEffect [After] ID=InstanceId(-9223367868857414062): agent props = {"hunger": 95.0603725, "entity": null, "held_item": ""}
[GdPAI | debug]   Snapshotting prop: hunger = Float(95.0603725) (Variant type: FLOAT)
[GdPAI | debug]   Snapshotting prop: entity = Nil (Variant type: NIL)
[GdPAI | debug]   Snapshotting prop: held_item = Str("") (Variant type: STRING)
WARNING: [GdPAI] ObjectRef(124621163998): object was freed before callback; returning Nil.
   at: gdplanningai_rust::logger::process_logs (src\logger.rs:66)
   GDScript backtrace (most recent call first):
       [0] _start_plan_and_wait (res://test/integration/test_campfire_example_smoke.gd:57)
WARNING: [GdPAI] ObjectRef(124621163998): object was freed before callback; returning Nil.
   at: gdplanningai_rust::logger::process_logs (src\logger.rs:66)
   GDScript backtrace (most recent call first):
       [0] _start_plan_and_wait (res://test/integration/test_campfire_example_smoke.gd:57)
[GdPAI | debug] Discovery: Action Dig Potato failed validity check, skipping
[GdPAI | debug] No candidates found for branch with 0 preconds and 0 requirements
[GdPAI] A* Iteration: pop node with chain length 5
[GdPAI | debug] find_candidates: Checking 15 actions against 0 preconds and 5 requirements
WARNING: [GdPAI] ObjectRef(1382643928884): object was freed before callback; returning Nil.
   at: gdplanningai_rust::logger::process_logs (src\logger.rs:66)
   GDScript backtrace (most recent call first):
       [0] _start_plan_and_wait (res://test/integration/test_campfire_example_smoke.gd:57)
[GdPAI | debug] GetCost: callable returned non-numeric value: null; returning INFINITY
WARNING: [GdPAI] ObjectRef(124621163998): object was freed before callback; returning Nil.
   at: gdplanningai_rust::logger::process_logs (src\logger.rs:66)
   GDScript backtrace (most recent call first):
       [0] _process (res://addons/GdPlanningAI/gdpai_autoload.gd:21)
WARNING: [GdPAI] ObjectRef(124621163998): object was freed before callback; returning Nil.
   at: gdplanningai_rust::logger::process_logs (src\logger.rs:66)
   GDScript backtrace (most recent call first):
       [0] _process (res://addons/GdPlanningAI/gdpai_autoload.gd:21)
[GdPAI | debug] Found candidate: Go To (satisfied preconds: [], requirements: [0, 1, 2])
WARNING: [GdPAI] ObjectRef(1382643928884): object was freed before callback; returning Nil.
   at: gdplanningai_rust::logger::process_logs (src\logger.rs:66)
   GDScript backtrace (most recent call first):
       [0] _process (res://addons/GdPlanningAI/gdpai_autoload.gd:21)
[GdPAI | debug] ApplyEffect [Before] ID=InstanceId(-9223367866256945608): agent props = {"entity": null, "hunger": 95.0603725, "held_item": "wood"}
[GdPAI | debug] ApplyEffect [After] ID=InstanceId(-9223367866256945608): agent props = {"entity": null, "hunger": 95.0603725, "held_item": "wood"}
[GdPAI | debug]   Snapshotting prop: entity = Nil (Variant type: NIL)
[GdPAI | debug]   Snapshotting prop: hunger = Float(95.0603725) (Variant type: FLOAT)
[GdPAI | debug]   Snapshotting prop: held_item = Str("wood") (Variant type: STRING)
WARNING: [GdPAI] ObjectRef(124621163998): object was freed before callback; returning Nil.
   at: gdplanningai_rust::logger::process_logs (src\logger.rs:66)
   GDScript backtrace (most recent call first):
       [0] _start_plan_and_wait (res://test/integration/test_campfire_example_smoke.gd:57)
WARNING: [GdPAI] ObjectRef(124621163998): object was freed before callback; returning Nil.
   at: gdplanningai_rust::logger::process_logs (src\logger.rs:66)
   GDScript backtrace (most recent call first):
       [0] _start_plan_and_wait (res://test/integration/test_campfire_example_smoke.gd:57)
WARNING: [GdPAI] ObjectRef(1382643928884): object was freed before callback; returning Nil.
   at: gdplanningai_rust::logger::process_logs (src\logger.rs:66)
   GDScript backtrace (most recent call first):
       [0] _start_plan_and_wait (res://test/integration/test_campfire_example_smoke.gd:57)
[GdPAI | debug] Found candidate: Go To (satisfied preconds: [], requirements: [0, 1, 2])
WARNING: [GdPAI] ObjectRef(1382643928884): object was freed before callback; returning Nil.
   at: gdplanningai_rust::logger::process_logs (src\logger.rs:66)
   GDScript backtrace (most recent call first):
       [0] _start_plan_and_wait (res://test/integration/test_campfire_example_smoke.gd:57)
[GdPAI | debug] GetCost: callable returned non-numeric value: null; returning INFINITY
WARNING: [GdPAI] ObjectRef(124621163998): object was freed before callback; returning Nil.
   at: gdplanningai_rust::logger::process_logs (src\logger.rs:66)
   GDScript backtrace (most recent call first):
       [0] _process (res://addons/GdPlanningAI/gdpai_autoload.gd:21)
WARNING: [GdPAI] ObjectRef(124621163998): object was freed before callback; returning Nil.
   at: gdplanningai_rust::logger::process_logs (src\logger.rs:66)
   GDScript backtrace (most recent call first):
       [0] _process (res://addons/GdPlanningAI/gdpai_autoload.gd:21)
WARNING: [GdPAI] ObjectRef(1382643928884): object was freed before callback; returning Nil.
   at: gdplanningai_rust::logger::process_logs (src\logger.rs:66)
   GDScript backtrace (most recent call first):
       [0] _process (res://addons/GdPlanningAI/gdpai_autoload.gd:21)
[GdPAI | debug] Discovery: Action Cook Potato failed validity check, skipping
[GdPAI | debug] Found candidate: Pick Up Wood (satisfied preconds: [], requirements: [3])
WARNING: [GdPAI] ObjectRef(1382643928884): object was freed before callback; returning Nil.
   at: gdplanningai_rust::logger::process_logs (src\logger.rs:66)
   GDScript backtrace (most recent call first):
       [0] _process (res://addons/GdPlanningAI/gdpai_autoload.gd:21)
[GdPAI | debug] Found candidate: Pick Up Wood (satisfied preconds: [], requirements: [3])
[GdPAI | debug] ApplyEffect [Before] ID=InstanceId(-9223367863606145455): agent props = {"held_item": "", "hunger": 95.0603725, "entity": null}
[GdPAI | debug] ApplyEffect [After] ID=InstanceId(-9223367863606145455): agent props = {"held_item": "", "hunger": 95.0603725, "entity": null}
[GdPAI | debug]   Snapshotting prop: held_item = Str("") (Variant type: STRING)
[GdPAI | debug]   Snapshotting prop: hunger = Float(95.0603725) (Variant type: FLOAT)
[GdPAI | debug]   Snapshotting prop: entity = Nil (Variant type: NIL)
[GdPAI | debug] Found candidate: Pick Up Wood (satisfied preconds: [], requirements: [3])
[GdPAI | debug] Found candidate: Pick Up Wood (satisfied preconds: [], requirements: [3])
WARNING: [GdPAI] ObjectRef(124621163998): object was freed before callback; returning Nil.
   at: gdplanningai_rust::logger::process_logs (src\logger.rs:66)
   GDScript backtrace (most recent call first):
       [0] _start_plan_and_wait (res://test/integration/test_campfire_example_smoke.gd:57)
WARNING: [GdPAI] ObjectRef(124621163998): object was freed before callback; returning Nil.
   at: gdplanningai_rust::logger::process_logs (src\logger.rs:66)
   GDScript backtrace (most recent call first):
       [0] _start_plan_and_wait (res://test/integration/test_campfire_example_smoke.gd:57)
[GdPAI | debug] Discovery: Action Dig Potato failed validity check, skipping
WARNING: [GdPAI] ObjectRef(1382643928884): object was freed before callback; returning Nil.
   at: gdplanningai_rust::logger::process_logs (src\logger.rs:66)
   GDScript backtrace (most recent call first):
       [0] _start_plan_and_wait (res://test/integration/test_campfire_example_smoke.gd:57)
[GdPAI | debug] GetCost: callable returned non-numeric value: null; returning INFINITY
WARNING: [GdPAI] ObjectRef(124621163998): object was freed before callback; returning Nil.
   at: gdplanningai_rust::logger::process_logs (src\logger.rs:66)
   GDScript backtrace (most recent call first):
       [0] _process (res://addons/GdPlanningAI/gdpai_autoload.gd:21)
WARNING: [GdPAI] ObjectRef(124621163998): object was freed before callback; returning Nil.
   at: gdplanningai_rust::logger::process_logs (src\logger.rs:66)
   GDScript backtrace (most recent call first):
       [0] _process (res://addons/GdPlanningAI/gdpai_autoload.gd:21)
[GdPAI | debug] Discovery: Action Dig Potato failed validity check, skipping
WARNING: [GdPAI] ObjectRef(1382643928884): object was freed before callback; returning Nil.
   at: gdplanningai_rust::logger::process_logs (src\logger.rs:66)
   GDScript backtrace (most recent call first):
       [0] _process (res://addons/GdPlanningAI/gdpai_autoload.gd:21)
[GdPAI | debug] ApplyEffect [Before] ID=InstanceId(-9223367860955345285): agent props = {"hunger": 95.0603725, "entity": null, "held_item": ""}
[GdPAI | debug] ApplyEffect [After] ID=InstanceId(-9223367860955345285): agent props = {"hunger": 95.0603725, "entity": null, "held_item": ""}
[GdPAI | debug]   Snapshotting prop: hunger = Float(95.0603725) (Variant type: FLOAT)
[GdPAI | debug]   Snapshotting prop: entity = Nil (Variant type: NIL)
[GdPAI | debug]   Snapshotting prop: held_item = Str("") (Variant type: STRING)
WARNING: [GdPAI] ObjectRef(124621163998): object was freed before callback; returning Nil.
   at: gdplanningai_rust::logger::process_logs (src\logger.rs:66)
   GDScript backtrace (most recent call first):
       [0] _start_plan_and_wait (res://test/integration/test_campfire_example_smoke.gd:57)
WARNING: [GdPAI] ObjectRef(124621163998): object was freed before callback; returning Nil.
   at: gdplanningai_rust::logger::process_logs (src\logger.rs:66)
   GDScript backtrace (most recent call first):
       [0] _start_plan_and_wait (res://test/integration/test_campfire_example_smoke.gd:57)
[GdPAI | debug] Discovery: Action Dig Potato failed validity check, skipping
WARNING: [GdPAI] ObjectRef(1382643928884): object was freed before callback; returning Nil.
   at: gdplanningai_rust::logger::process_logs (src\logger.rs:66)
   GDScript backtrace (most recent call first):
       [0] _start_plan_and_wait (res://test/integration/test_campfire_example_smoke.gd:57)
[GdPAI | debug] GetCost: callable returned non-numeric value: null; returning INFINITY
WARNING: [GdPAI] ObjectRef(124621163998): object was freed before callback; returning Nil.
   at: gdplanningai_rust::logger::process_logs (src\logger.rs:66)
   GDScript backtrace (most recent call first):
       [0] _process (res://addons/GdPlanningAI/gdpai_autoload.gd:21)
WARNING: [GdPAI] ObjectRef(124621163998): object was freed before callback; returning Nil.
   at: gdplanningai_rust::logger::process_logs (src\logger.rs:66)
   GDScript backtrace (most recent call first):
       [0] _process (res://addons/GdPlanningAI/gdpai_autoload.gd:21)
[GdPAI | debug] Discovery: Action Dig Potato failed validity check, skipping
WARNING: [GdPAI] ObjectRef(1382643928884): object was freed before callback; returning Nil.
   at: gdplanningai_rust::logger::process_logs (src\logger.rs:66)
   GDScript backtrace (most recent call first):
       [0] _process (res://addons/GdPlanningAI/gdpai_autoload.gd:21)
[GdPAI | debug] ApplyEffect [Before] ID=InstanceId(-9223367858354876777): agent props = {"held_item": "", "hunger": 95.0603725, "entity": null}
[GdPAI | debug] ApplyEffect [After] ID=InstanceId(-9223367858354876777): agent props = {"held_item": "", "hunger": 95.0603725, "entity": null}
[GdPAI | debug]   Snapshotting prop: held_item = Str("") (Variant type: STRING)
[GdPAI | debug]   Snapshotting prop: hunger = Float(95.0603725) (Variant type: FLOAT)
[GdPAI | debug]   Snapshotting prop: entity = Nil (Variant type: NIL)
WARNING: [GdPAI] ObjectRef(124621163998): object was freed before callback; returning Nil.
   at: gdplanningai_rust::logger::process_logs (src\logger.rs:66)
   GDScript backtrace (most recent call first):
       [0] _start_plan_and_wait (res://test/integration/test_campfire_example_smoke.gd:57)
WARNING: [GdPAI] ObjectRef(124621163998): object was freed before callback; returning Nil.
   at: gdplanningai_rust::logger::process_logs (src\logger.rs:66)
   GDScript backtrace (most recent call first):
       [0] _start_plan_and_wait (res://test/integration/test_campfire_example_smoke.gd:57)
[GdPAI | debug] Discovery: Action Dig Potato failed validity check, skipping
WARNING: [GdPAI] ObjectRef(1382643928884): object was freed before callback; returning Nil.
   at: gdplanningai_rust::logger::process_logs (src\logger.rs:66)
   GDScript backtrace (most recent call first):
       [0] _start_plan_and_wait (res://test/integration/test_campfire_example_smoke.gd:57)
[GdPAI | debug] GetCost: callable returned non-numeric value: null; returning INFINITY
WARNING: [GdPAI] ObjectRef(124621163998): object was freed before callback; returning Nil.
   at: gdplanningai_rust::logger::process_logs (src\logger.rs:66)
   GDScript backtrace (most recent call first):
       [0] _process (res://addons/GdPlanningAI/gdpai_autoload.gd:21)
WARNING: [GdPAI] ObjectRef(124621163998): object was freed before callback; returning Nil.
   at: gdplanningai_rust::logger::process_logs (src\logger.rs:66)
   GDScript backtrace (most recent call first):
       [0] _process (res://addons/GdPlanningAI/gdpai_autoload.gd:21)
WARNING: [GdPAI] ObjectRef(124134624705): object was freed before callback; returning Nil.
   at: gdplanningai_rust::logger::process_logs (src\logger.rs:66)
   GDScript backtrace (most recent call first):
       [0] _process (res://addons/GdPlanningAI/gdpai_autoload.gd:21)
WARNING: [GdPAI] ObjectRef(125661351450): object was freed before callback; returning Nil.
   at: gdplanningai_rust::logger::process_logs (src\logger.rs:66)
   GDScript backtrace (most recent call first):
       [0] _process (res://addons/GdPlanningAI/gdpai_autoload.gd:21)
WARNING: [GdPAI] ObjectRef(124587609564): object was freed before callback; returning Nil.
   at: gdplanningai_rust::logger::process_logs (src\logger.rs:66)
   GDScript backtrace (most recent call first):
       [0] _process (res://addons/GdPlanningAI/gdpai_autoload.gd:21)
WARNING: [GdPAI] ObjectRef(124134624705): object was freed before callback; returning Nil.
   at: gdplanningai_rust::logger::process_logs (src\logger.rs:66)
   GDScript backtrace (most recent call first):
       [0] _process (res://addons/GdPlanningAI/gdpai_autoload.gd:21)
WARNING: [GdPAI] ObjectRef(125661351450): object was freed before callback; returning Nil.
   at: gdplanningai_rust::logger::process_logs (src\logger.rs:66)
   GDScript backtrace (most recent call first):
       [0] _process (res://addons/GdPlanningAI/gdpai_autoload.gd:21)
WARNING: [GdPAI] ObjectRef(124587609564): object was freed before callback; returning Nil.
   at: gdplanningai_rust::logger::process_logs (src\logger.rs:66)
   GDScript backtrace (most recent call first):
       [0] _process (res://addons/GdPlanningAI/gdpai_autoload.gd:21)
[GdPAI | debug] GetCost: callable returned non-numeric value: null; returning INFINITY
WARNING: [GdPAI] ObjectRef(1382643928884): object was freed before callback; returning Nil.
   at: gdplanningai_rust::logger::process_logs (src\logger.rs:66)
   GDScript backtrace (most recent call first):
       [0] _process (res://addons/GdPlanningAI/gdpai_autoload.gd:21)
[GdPAI | debug] ApplyEffect [Before] ID=InstanceId(-9223367855754408277): agent props = {"entity": null, "hunger": 95.0603725, "held_item": "wood"}
[GdPAI | debug] ApplyEffect [After] ID=InstanceId(-9223367855754408277): agent props = {"entity": null, "hunger": 95.0603725, "held_item": "wood"}
[GdPAI | debug]   Snapshotting prop: entity = Nil (Variant type: NIL)
[GdPAI | debug]   Snapshotting prop: hunger = Float(95.0603725) (Variant type: FLOAT)
[GdPAI | debug]   Snapshotting prop: held_item = Str("wood") (Variant type: STRING)
[GdPAI] A* Iteration: pop node with chain length 3
[GdPAI | debug] find_candidates: Checking 15 actions against 1 preconds and 2 requirements
WARNING: [GdPAI] ObjectRef(124621163998): object was freed before callback; returning Nil.
   at: gdplanningai_rust::logger::process_logs (src\logger.rs:66)
   GDScript backtrace (most recent call first):
       [0] _start_plan_and_wait (res://test/integration/test_campfire_example_smoke.gd:57)
WARNING: [GdPAI] ObjectRef(124621163998): object was freed before callback; returning Nil.
   at: gdplanningai_rust::logger::process_logs (src\logger.rs:66)
   GDScript backtrace (most recent call first):
       [0] _start_plan_and_wait (res://test/integration/test_campfire_example_smoke.gd:57)
WARNING: [GdPAI] ObjectRef(124134624705): object was freed before callback; returning Nil.
   at: gdplanningai_rust::logger::process_logs (src\logger.rs:66)
   GDScript backtrace (most recent call first):
       [0] _start_plan_and_wait (res://test/integration/test_campfire_example_smoke.gd:57)
WARNING: [GdPAI] ObjectRef(125661351450): object was freed before callback; returning Nil.
   at: gdplanningai_rust::logger::process_logs (src\logger.rs:66)
   GDScript backtrace (most recent call first):
       [0] _start_plan_and_wait (res://test/integration/test_campfire_example_smoke.gd:57)
WARNING: [GdPAI] ObjectRef(124587609564): object was freed before callback; returning Nil.
   at: gdplanningai_rust::logger::process_logs (src\logger.rs:66)
   GDScript backtrace (most recent call first):
       [0] _start_plan_and_wait (res://test/integration/test_campfire_example_smoke.gd:57)
WARNING: [GdPAI] ObjectRef(124134624705): object was freed before callback; returning Nil.
   at: gdplanningai_rust::logger::process_logs (src\logger.rs:66)
   GDScript backtrace (most recent call first):
       [0] _start_plan_and_wait (res://test/integration/test_campfire_example_smoke.gd:57)
WARNING: [GdPAI] ObjectRef(125661351450): object was freed before callback; returning Nil.
   at: gdplanningai_rust::logger::process_logs (src\logger.rs:66)
   GDScript backtrace (most recent call first):
       [0] _start_plan_and_wait (res://test/integration/test_campfire_example_smoke.gd:57)
WARNING: [GdPAI] ObjectRef(124587609564): object was freed before callback; returning Nil.
   at: gdplanningai_rust::logger::process_logs (src\logger.rs:66)
   GDScript backtrace (most recent call first):
       [0] _start_plan_and_wait (res://test/integration/test_campfire_example_smoke.gd:57)
[GdPAI | debug] ApplyEffect [Before] ID=InstanceId(-9223367854730998072): agent props = {"entity": null, "hunger": 70.0627442063492, "at_target": null, "held_item": ""}
[GdPAI | debug] ApplyEffect [After] ID=InstanceId(-9223367854730998072): agent props = {"entity": null, "hunger": 70.0627442063492, "at_target": null, "held_item": ""}
[GdPAI | debug]   Snapshotting prop: entity = Nil (Variant type: NIL)
[GdPAI | debug]   Snapshotting prop: hunger = Float(70.0627442063492) (Variant type: FLOAT)
[GdPAI | debug]   Snapshotting prop: at_target = Nil (Variant type: NIL)
[GdPAI | debug]   Snapshotting prop: held_item = Str("") (Variant type: STRING)
WARNING: [GdPAI] ObjectRef(1382643928884): object was freed before callback; returning Nil.
   at: gdplanningai_rust::logger::process_logs (src\logger.rs:66)
   GDScript backtrace (most recent call first):
       [0] _start_plan_and_wait (res://test/integration/test_campfire_example_smoke.gd:57)
WARNING: [GdPAI] ObjectRef(1382643928884): object was freed before callback; returning Nil.
   at: gdplanningai_rust::logger::process_logs (src\logger.rs:66)
   GDScript backtrace (most recent call first):
       [0] _start_plan_and_wait (res://test/integration/test_campfire_example_smoke.gd:57)
[GdPAI | debug] Discovery: Starting simulation for action Go To
WARNING: [GdPAI] ObjectRef(124621163998): object was freed before callback; returning Nil.
   at: gdplanningai_rust::logger::process_logs (src\logger.rs:66)
   GDScript backtrace (most recent call first):
       [0] _process (res://addons/GdPlanningAI/gdpai_autoload.gd:21)
[GdPAI | debug] GetCost: callable returned non-numeric value: null; returning INFINITY
WARNING: [GdPAI] ObjectRef(1382643928884): object was freed before callback; returning Nil.
   at: gdplanningai_rust::logger::process_logs (src\logger.rs:66)
   GDScript backtrace (most recent call first):
       [0] _process (res://addons/GdPlanningAI/gdpai_autoload.gd:21)
WARNING: [GdPAI] ObjectRef(1382643928884): object was freed before callback; returning Nil.
   at: gdplanningai_rust::logger::process_logs (src\logger.rs:66)
   GDScript backtrace (most recent call first):
       [0] _process (res://addons/GdPlanningAI/gdpai_autoload.gd:21)
[GdPAI | debug] GetCost: callable returned non-numeric value: null; returning INFINITY
WARNING: [GdPAI] ObjectRef(124621163998): object was freed before callback; returning Nil.
   at: gdplanningai_rust::logger::process_logs (src\logger.rs:66)
   GDScript backtrace (most recent call first):
       [0] _start_plan_and_wait (res://test/integration/test_campfire_example_smoke.gd:57)
[GdPAI | debug] ApplyEffect [Before] ID=InstanceId(-9223367851778208000): agent props = {"hunger": 70.0627442063492, "entity": null, "held_item": "", "at_target": null}
[GdPAI | debug] ApplyEffect [After] ID=InstanceId(-9223367851778208000): agent props = {"hunger": 70.0627442063492, "entity": null, "held_item": "", "at_target": null}
[GdPAI | debug]   Snapshotting prop: hunger = Float(70.0627442063492) (Variant type: FLOAT)
[GdPAI | debug]   Snapshotting prop: entity = Nil (Variant type: NIL)
[GdPAI | debug]   Snapshotting prop: held_item = Str("") (Variant type: STRING)
[GdPAI | debug]   Snapshotting prop: at_target = Nil (Variant type: NIL)
WARNING: [GdPAI] ObjectRef(1382643928884): object was freed before callback; returning Nil.
   at: gdplanningai_rust::logger::process_logs (src\logger.rs:66)
   GDScript backtrace (most recent call first):
       [0] _start_plan_and_wait (res://test/integration/test_campfire_example_smoke.gd:57)
WARNING: [GdPAI] ObjectRef(1382643928884): object was freed before callback; returning Nil.
   at: gdplanningai_rust::logger::process_logs (src\logger.rs:66)
   GDScript backtrace (most recent call first):
       [0] _start_plan_and_wait (res://test/integration/test_campfire_example_smoke.gd:57)
[GdPAI | debug] ApplyEffect [Before] ID=InstanceId(-9223367851207782656): agent props = {"hunger": 95.0603725, "entity": null, "held_item": ""}
[GdPAI | debug] ApplyEffect [After] ID=InstanceId(-9223367851207782656): agent props = {"hunger": 95.0603725, "entity": null, "held_item": ""}
[GdPAI | debug]   Snapshotting prop: hunger = Float(95.0603725) (Variant type: FLOAT)
[GdPAI | debug]   Snapshotting prop: entity = Nil (Variant type: NIL)
[GdPAI | debug]   Snapshotting prop: held_item = Str("") (Variant type: STRING)
[GdPAI | debug] Discovery: Simulation success for Go To. Agent props: {"held_item": Str(""), "hunger": Float(95.0603725), "entity": Nil}
[GdPAI | debug] Discovery: Action Go To satisfied precond Builtin { target: Agent, operation: Equal, property_name: "held_item", value: Some(Str("")) }
[GdPAI | debug] Found candidate: Go To (satisfied preconds: [0], requirements: [0, 1])
[GdPAI | debug] Discovery: Starting simulation for action Eat Held Food
WARNING: [GdPAI] ObjectRef(124621163998): object was freed before callback; returning Nil.
   at: gdplanningai_rust::logger::process_logs (src\logger.rs:66)
   GDScript backtrace (most recent call first):
       [0] _process (res://addons/GdPlanningAI/gdpai_autoload.gd:21)
WARNING: [GdPAI] ObjectRef(124587609564): object was freed before callback; returning Nil.
   at: gdplanningai_rust::logger::process_logs (src\logger.rs:66)
   GDScript backtrace (most recent call first):
       [0] _process (res://addons/GdPlanningAI/gdpai_autoload.gd:21)
WARNING: [GdPAI] ObjectRef(124587609564): object was freed before callback; returning Nil.
   at: gdplanningai_rust::logger::process_logs (src\logger.rs:66)
   GDScript backtrace (most recent call first):
       [0] _process (res://addons/GdPlanningAI/gdpai_autoload.gd:21)
[GdPAI | debug] GetCost: callable returned non-numeric value: null; returning INFINITY
WARNING: [GdPAI] ObjectRef(1382643928884): object was freed before callback; returning Nil.
   at: gdplanningai_rust::logger::process_logs (src\logger.rs:66)
   GDScript backtrace (most recent call first):
       [0] _process (res://addons/GdPlanningAI/gdpai_autoload.gd:21)
WARNING: [GdPAI] ObjectRef(1382643928884): object was freed before callback; returning Nil.
   at: gdplanningai_rust::logger::process_logs (src\logger.rs:66)
   GDScript backtrace (most recent call first):
       [0] _process (res://addons/GdPlanningAI/gdpai_autoload.gd:21)
[GdPAI | debug] GetCost: callable returned non-numeric value: null; returning INFINITY
WARNING: [GdPAI] ObjectRef(124621163998): object was freed before callback; returning Nil.
   at: gdplanningai_rust::logger::process_logs (src\logger.rs:66)
   GDScript backtrace (most recent call first):
       [0] _start_plan_and_wait (res://test/integration/test_campfire_example_smoke.gd:57)
WARNING: [GdPAI] ObjectRef(124587609564): object was freed before callback; returning Nil.
   at: gdplanningai_rust::logger::process_logs (src\logger.rs:66)
   GDScript backtrace (most recent call first):
       [0] _start_plan_and_wait (res://test/integration/test_campfire_example_smoke.gd:57)
WARNING: [GdPAI] ObjectRef(124587609564): object was freed before callback; returning Nil.
   at: gdplanningai_rust::logger::process_logs (src\logger.rs:66)
   GDScript backtrace (most recent call first):
       [0] _start_plan_and_wait (res://test/integration/test_campfire_example_smoke.gd:57)
[GdPAI | debug] ApplyEffect [Before] ID=InstanceId(-9223367849077076220): agent props = {"hunger": 70.0627442063492, "held_item": "", "entity": null, "at_target": null}
[GdPAI | debug] ApplyEffect [After] ID=InstanceId(-9223367849077076220): agent props = {"hunger": 70.0627442063492, "held_item": "", "entity": null, "at_target": null}
[GdPAI | debug]   Snapshotting prop: hunger = Float(70.0627442063492) (Variant type: FLOAT)
[GdPAI | debug]   Snapshotting prop: held_item = Str("") (Variant type: STRING)
[GdPAI | debug]   Snapshotting prop: entity = Nil (Variant type: NIL)
[GdPAI | debug]   Snapshotting prop: at_target = Nil (Variant type: NIL)
WARNING: [GdPAI] ObjectRef(1382643928884): object was freed before callback; returning Nil.
   at: gdplanningai_rust::logger::process_logs (src\logger.rs:66)
   GDScript backtrace (most recent call first):
       [0] _start_plan_and_wait (res://test/integration/test_campfire_example_smoke.gd:57)
WARNING: [GdPAI] ObjectRef(1382643928884): object was freed before callback; returning Nil.
   at: gdplanningai_rust::logger::process_logs (src\logger.rs:66)
   GDScript backtrace (most recent call first):
       [0] _start_plan_and_wait (res://test/integration/test_campfire_example_smoke.gd:57)
[GdPAI | debug] ApplyEffect [Before] ID=InstanceId(-9223367848506650876): agent props = {"held_item": "", "entity": null, "hunger": 95.0603725}
[GdPAI | debug] ApplyEffect [After] ID=InstanceId(-9223367848506650876): agent props = {"held_item": "", "entity": null, "hunger": 95.0603725}
[GdPAI | debug]   Snapshotting prop: held_item = Str("") (Variant type: STRING)
[GdPAI | debug]   Snapshotting prop: entity = Nil (Variant type: NIL)
[GdPAI | debug]   Snapshotting prop: hunger = Float(95.0603725) (Variant type: FLOAT)
[GdPAI | debug] Discovery: Simulation success for Eat Held Food. Agent props: {"entity": Nil, "hunger": Float(95.0603725), "held_item": Str("")}
[GdPAI | debug] Discovery: Action Eat Held Food satisfied precond Builtin { target: Agent, operation: Equal, property_name: "held_item", value: Some(Str("")) }
[GdPAI | debug] Found candidate: Eat Held Food (satisfied preconds: [0], requirements: [])
WARNING: [GdPAI] ObjectRef(124621163998): object was freed before callback; returning Nil.
   at: gdplanningai_rust::logger::process_logs (src\logger.rs:66)
   GDScript backtrace (most recent call first):
       [0] _process (res://addons/GdPlanningAI/gdpai_autoload.gd:21)
WARNING: [GdPAI] ObjectRef(125661351450): object was freed before callback; returning Nil.
   at: gdplanningai_rust::logger::process_logs (src\logger.rs:66)
   GDScript backtrace (most recent call first):
       [0] _process (res://addons/GdPlanningAI/gdpai_autoload.gd:21)
WARNING: [GdPAI] ObjectRef(125661351450): object was freed before callback; returning Nil.
   at: gdplanningai_rust::logger::process_logs (src\logger.rs:66)
   GDScript backtrace (most recent call first):
       [0] _process (res://addons/GdPlanningAI/gdpai_autoload.gd:21)
[GdPAI | debug] GetCost: callable returned non-numeric value: null; returning INFINITY
WARNING: [GdPAI] ObjectRef(1382643928884): object was freed before callback; returning Nil.
   at: gdplanningai_rust::logger::process_logs (src\logger.rs:66)
   GDScript backtrace (most recent call first):
       [0] _process (res://addons/GdPlanningAI/gdpai_autoload.gd:21)
WARNING: [GdPAI] ObjectRef(1382643928884): object was freed before callback; returning Nil.
   at: gdplanningai_rust::logger::process_logs (src\logger.rs:66)
   GDScript backtrace (most recent call first):
       [0] _process (res://addons/GdPlanningAI/gdpai_autoload.gd:21)
[GdPAI | debug] Discovery: Starting simulation for action Go To
WARNING: [GdPAI] ObjectRef(124621163998): object was freed before callback; returning Nil.
   at: gdplanningai_rust::logger::process_logs (src\logger.rs:66)
   GDScript backtrace (most recent call first):
       [0] _start_plan_and_wait (res://test/integration/test_campfire_example_smoke.gd:57)
WARNING: [GdPAI] ObjectRef(125661351450): object was freed before callback; returning Nil.
   at: gdplanningai_rust::logger::process_logs (src\logger.rs:66)
   GDScript backtrace (most recent call first):
       [0] _start_plan_and_wait (res://test/integration/test_campfire_example_smoke.gd:57)
WARNING: [GdPAI] ObjectRef(125661351450): object was freed before callback; returning Nil.
   at: gdplanningai_rust::logger::process_logs (src\logger.rs:66)
   GDScript backtrace (most recent call first):
       [0] _start_plan_and_wait (res://test/integration/test_campfire_example_smoke.gd:57)
[GdPAI | debug] ApplyEffect [Before] ID=InstanceId(-9223367846275281112): agent props = {"held_item": "", "entity": null, "hunger": 70.0627442063492, "at_target": null}
[GdPAI | debug] ApplyEffect [After] ID=InstanceId(-9223367846275281112): agent props = {"held_item": "", "entity": null, "hunger": 70.0627442063492, "at_target": null}
[GdPAI | debug]   Snapshotting prop: held_item = Str("") (Variant type: STRING)
[GdPAI | debug]   Snapshotting prop: entity = Nil (Variant type: NIL)
[GdPAI | debug]   Snapshotting prop: hunger = Float(70.0627442063492) (Variant type: FLOAT)
[GdPAI | debug]   Snapshotting prop: at_target = Nil (Variant type: NIL)
WARNING: [GdPAI] ObjectRef(1382643928884): object was freed before callback; returning Nil.
   at: gdplanningai_rust::logger::process_logs (src\logger.rs:66)
   GDScript backtrace (most recent call first):
       [0] _start_plan_and_wait (res://test/integration/test_campfire_example_smoke.gd:57)
WARNING: [GdPAI] ObjectRef(1382643928884): object was freed before callback; returning Nil.
   at: gdplanningai_rust::logger::process_logs (src\logger.rs:66)
   GDScript backtrace (most recent call first):
       [0] _start_plan_and_wait (res://test/integration/test_campfire_example_smoke.gd:57)
[GdPAI | debug] GetCost: callable returned non-numeric value: null; returning INFINITY
WARNING: [GdPAI] ObjectRef(124621163998): object was freed before callback; returning Nil.
   at: gdplanningai_rust::logger::process_logs (src\logger.rs:66)
   GDScript backtrace (most recent call first):
       [0] _process (res://addons/GdPlanningAI/gdpai_autoload.gd:21)
WARNING: [GdPAI] ObjectRef(124134624705): object was freed before callback; returning Nil.
   at: gdplanningai_rust::logger::process_logs (src\logger.rs:66)
   GDScript backtrace (most recent call first):
       [0] _process (res://addons/GdPlanningAI/gdpai_autoload.gd:21)
WARNING: [GdPAI] ObjectRef(124134624705): object was freed before callback; returning Nil.
   at: gdplanningai_rust::logger::process_logs (src\logger.rs:66)
   GDScript backtrace (most recent call first):
       [0] _process (res://addons/GdPlanningAI/gdpai_autoload.gd:21)
[GdPAI | debug] GetCost: callable returned non-numeric value: null; returning INFINITY
WARNING: [GdPAI] ObjectRef(1382643928884): object was freed before callback; returning Nil.
   at: gdplanningai_rust::logger::process_logs (src\logger.rs:66)
   GDScript backtrace (most recent call first):
       [0] _process (res://addons/GdPlanningAI/gdpai_autoload.gd:21)
WARNING: [GdPAI] ObjectRef(1382643928884): object was freed before callback; returning Nil.
   at: gdplanningai_rust::logger::process_logs (src\logger.rs:66)
   GDScript backtrace (most recent call first):
       [0] _process (res://addons/GdPlanningAI/gdpai_autoload.gd:21)
[GdPAI | debug] ApplyEffect [Before] ID=InstanceId(-9223367844295569669): agent props = {"entity": null, "hunger": 95.0603725, "held_item": ""}
[GdPAI | debug] ApplyEffect [After] ID=InstanceId(-9223367844295569669): agent props = {"entity": null, "hunger": 95.0603725, "held_item": ""}
[GdPAI | debug]   Snapshotting prop: entity = Nil (Variant type: NIL)
[GdPAI | debug]   Snapshotting prop: hunger = Float(95.0603725) (Variant type: FLOAT)
[GdPAI | debug]   Snapshotting prop: held_item = Str("") (Variant type: STRING)
[GdPAI | debug] Discovery: Simulation success for Go To. Agent props: {"entity": Nil, "hunger": Float(95.0603725), "held_item": Str("")}
[GdPAI | debug] Discovery: Action Go To satisfied precond Builtin { target: Agent, operation: Equal, property_name: "held_item", value: Some(Str("")) }
[GdPAI | debug] Found candidate: Go To (satisfied preconds: [0], requirements: [0, 1])
[GdPAI | debug] Discovery: Starting simulation for action Drop Item
WARNING: [GdPAI] ObjectRef(124621163998): object was freed before callback; returning Nil.
   at: gdplanningai_rust::logger::process_logs (src\logger.rs:66)
   GDScript backtrace (most recent call first):
       [0] _start_plan_and_wait (res://test/integration/test_campfire_example_smoke.gd:57)
WARNING: [GdPAI] ObjectRef(124134624705): object was freed before callback; returning Nil.
   at: gdplanningai_rust::logger::process_logs (src\logger.rs:66)
   GDScript backtrace (most recent call first):
       [0] _start_plan_and_wait (res://test/integration/test_campfire_example_smoke.gd:57)
WARNING: [GdPAI] ObjectRef(124134624705): object was freed before callback; returning Nil.
   at: gdplanningai_rust::logger::process_logs (src\logger.rs:66)
   GDScript backtrace (most recent call first):
       [0] _start_plan_and_wait (res://test/integration/test_campfire_example_smoke.gd:57)
[GdPAI | debug] ApplyEffect [Before] ID=InstanceId(-9223367843473486020): agent props = {"hunger": 70.0627442063492, "held_item": "", "at_target": null, "entity": null}
[GdPAI | debug] ApplyEffect [After] ID=InstanceId(-9223367843473486020): agent props = {"hunger": 70.0627442063492, "held_item": "", "at_target": null, "entity": null}
[GdPAI | debug]   Snapshotting prop: hunger = Float(70.0627442063492) (Variant type: FLOAT)
[GdPAI | debug]   Snapshotting prop: held_item = Str("") (Variant type: STRING)
[GdPAI | debug]   Snapshotting prop: at_target = Nil (Variant type: NIL)
[GdPAI | debug]   Snapshotting prop: entity = Nil (Variant type: NIL)
WARNING: [GdPAI] ObjectRef(1382643928884): object was freed before callback; returning Nil.
   at: gdplanningai_rust::logger::process_logs (src\logger.rs:66)
   GDScript backtrace (most recent call first):
       [0] _start_plan_and_wait (res://test/integration/test_campfire_example_smoke.gd:57)
WARNING: [GdPAI] ObjectRef(1382643928884): object was freed before callback; returning Nil.
   at: gdplanningai_rust::logger::process_logs (src\logger.rs:66)
   GDScript backtrace (most recent call first):
       [0] _start_plan_and_wait (res://test/integration/test_campfire_example_smoke.gd:57)
[GdPAI | debug] GetCost: callable returned non-numeric value: null; returning INFINITY
WARNING: [GdPAI] ObjectRef(124621163998): object was freed before callback; returning Nil.
   at: gdplanningai_rust::logger::process_logs (src\logger.rs:66)
   GDScript backtrace (most recent call first):
       [0] _process (res://addons/GdPlanningAI/gdpai_autoload.gd:21)
[GdPAI | debug] GetCost: callable returned non-numeric value: null; returning INFINITY
WARNING: [GdPAI] ObjectRef(1382643928884): object was freed before callback; returning Nil.
   at: gdplanningai_rust::logger::process_logs (src\logger.rs:66)
   GDScript backtrace (most recent call first):
       [0] _process (res://addons/GdPlanningAI/gdpai_autoload.gd:21)
WARNING: [GdPAI] ObjectRef(1382643928884): object was freed before callback; returning Nil.
   at: gdplanningai_rust::logger::process_logs (src\logger.rs:66)
   GDScript backtrace (most recent call first):
       [0] _process (res://addons/GdPlanningAI/gdpai_autoload.gd:21)
[GdPAI | debug] ApplyEffect [Before] ID=InstanceId(-9223367841493774545): agent props = {"entity": null, "held_item": "", "hunger": 95.0603725}
[GdPAI | debug] ApplyEffect [After] ID=InstanceId(-9223367841493774545): agent props = {"entity": null, "held_item": "", "hunger": 95.0603725}
[GdPAI | debug]   Snapshotting prop: entity = Nil (Variant type: NIL)
[GdPAI | debug]   Snapshotting prop: held_item = Str("") (Variant type: STRING)
[GdPAI | debug]   Snapshotting prop: hunger = Float(95.0603725) (Variant type: FLOAT)
[GdPAI | debug] Discovery: Simulation success for Drop Item. Agent props: {"held_item": Str(""), "hunger": Float(95.0603725), "entity": Nil}
[GdPAI | debug] Discovery: Action Drop Item satisfied precond Builtin { target: Agent, operation: Equal, property_name: "held_item", value: Some(Str("")) }
[GdPAI | debug] Found candidate: Drop Item (satisfied preconds: [0], requirements: [])
[GdPAI | debug] Discovery: Starting simulation for action Add Fuel
WARNING: [GdPAI] ObjectRef(124621163998): object was freed before callback; returning Nil.
   at: gdplanningai_rust::logger::process_logs (src\logger.rs:66)
   GDScript backtrace (most recent call first):
       [0] _start_plan_and_wait (res://test/integration/test_campfire_example_smoke.gd:57)
[GdPAI | debug] ApplyEffect [Before] ID=InstanceId(-9223367840772354229): agent props = {"at_target": null, "entity": null, "held_item": "wood", "hunger": 70.0627442063492}
[GdPAI | debug] ApplyEffect [After] ID=InstanceId(-9223367840772354229): agent props = {"at_target": null, "entity": null, "held_item": "wood", "hunger": 70.0627442063492}
[GdPAI | debug]   Snapshotting prop: at_target = Nil (Variant type: NIL)
[GdPAI | debug]   Snapshotting prop: entity = Nil (Variant type: NIL)
[GdPAI | debug]   Snapshotting prop: held_item = Str("wood") (Variant type: STRING)
[GdPAI | debug]   Snapshotting prop: hunger = Float(70.0627442063492) (Variant type: FLOAT)
WARNING: [GdPAI] ObjectRef(1382643928884): object was freed before callback; returning Nil.
   at: gdplanningai_rust::logger::process_logs (src\logger.rs:66)
   GDScript backtrace (most recent call first):
       [0] _start_plan_and_wait (res://test/integration/test_campfire_example_smoke.gd:57)
WARNING: [GdPAI] ObjectRef(1382643928884): object was freed before callback; returning Nil.
   at: gdplanningai_rust::logger::process_logs (src\logger.rs:66)
   GDScript backtrace (most recent call first):
       [0] _start_plan_and_wait (res://test/integration/test_campfire_example_smoke.gd:57)
[GdPAI | debug] GetCost: callable returned non-numeric value: null; returning INFINITY
WARNING: [GdPAI] ObjectRef(124621163998): object was freed before callback; returning Nil.
   at: gdplanningai_rust::logger::process_logs (src\logger.rs:66)
   GDScript backtrace (most recent call first):
       [0] _process (res://addons/GdPlanningAI/gdpai_autoload.gd:21)
WARNING: [GdPAI] ObjectRef(124621163998): object was freed before callback; returning Nil.
   at: gdplanningai_rust::logger::process_logs (src\logger.rs:66)
   GDScript backtrace (most recent call first):
       [0] _process (res://addons/GdPlanningAI/gdpai_autoload.gd:21)
WARNING: [GdPAI] ObjectRef(124134624705): object was freed before callback; returning Nil.
   at: gdplanningai_rust::logger::process_logs (src\logger.rs:66)
   GDScript backtrace (most recent call first):
       [0] _process (res://addons/GdPlanningAI/gdpai_autoload.gd:21)
WARNING: [GdPAI] ObjectRef(125661351450): object was freed before callback; returning Nil.
   at: gdplanningai_rust::logger::process_logs (src\logger.rs:66)
   GDScript backtrace (most recent call first):
       [0] _process (res://addons/GdPlanningAI/gdpai_autoload.gd:21)
WARNING: [GdPAI] ObjectRef(124587609564): object was freed before callback; returning Nil.
   at: gdplanningai_rust::logger::process_logs (src\logger.rs:66)
   GDScript backtrace (most recent call first):
       [0] _process (res://addons/GdPlanningAI/gdpai_autoload.gd:21)
WARNING: [GdPAI] ObjectRef(124134624705): object was freed before callback; returning Nil.
   at: gdplanningai_rust::logger::process_logs (src\logger.rs:66)
   GDScript backtrace (most recent call first):
       [0] _process (res://addons/GdPlanningAI/gdpai_autoload.gd:21)
WARNING: [GdPAI] ObjectRef(125661351450): object was freed before callback; returning Nil.
   at: gdplanningai_rust::logger::process_logs (src\logger.rs:66)
   GDScript backtrace (most recent call first):
       [0] _process (res://addons/GdPlanningAI/gdpai_autoload.gd:21)
WARNING: [GdPAI] ObjectRef(124587609564): object was freed before callback; returning Nil.
   at: gdplanningai_rust::logger::process_logs (src\logger.rs:66)
   GDScript backtrace (most recent call first):
       [0] _process (res://addons/GdPlanningAI/gdpai_autoload.gd:21)
[GdPAI | debug] GetCost: callable returned non-numeric value: null; returning INFINITY
WARNING: [GdPAI] ObjectRef(1382643928884): object was freed before callback; returning Nil.
   at: gdplanningai_rust::logger::process_logs (src\logger.rs:66)
   GDScript backtrace (most recent call first):
       [0] _process (res://addons/GdPlanningAI/gdpai_autoload.gd:21)
WARNING: [GdPAI] ObjectRef(1382643928884): object was freed before callback; returning Nil.
   at: gdplanningai_rust::logger::process_logs (src\logger.rs:66)
   GDScript backtrace (most recent call first):
       [0] _process (res://addons/GdPlanningAI/gdpai_autoload.gd:21)
[GdPAI | debug] ApplyEffect [Before] ID=InstanceId(-9223367838893306025): agent props = {"entity": null, "held_item": "wood", "hunger": 95.0603725}
[GdPAI | debug] ApplyEffect [After] ID=InstanceId(-9223367838893306025): agent props = {"entity": null, "held_item": "wood", "hunger": 95.0603725}
[GdPAI | debug]   Snapshotting prop: entity = Nil (Variant type: NIL)
[GdPAI | debug]   Snapshotting prop: held_item = Str("wood") (Variant type: STRING)
[GdPAI | debug]   Snapshotting prop: hunger = Float(95.0603725) (Variant type: FLOAT)
[GdPAI | debug] Discovery: Simulation success for Add Fuel. Agent props: {"hunger": Float(95.0603725), "held_item": Str("wood"), "entity": Nil}
[GdPAI | debug] Discovery: Action Add Fuel did NOT satisfy precond Builtin { target: Agent, operation: Equal, property_name: "held_item", value: Some(Str("")) }
WARNING: [GdPAI] ObjectRef(124621163998): object was freed before callback; returning Nil.
   at: gdplanningai_rust::logger::process_logs (src\logger.rs:66)
   GDScript backtrace (most recent call first):
       [0] _start_plan_and_wait (res://test/integration/test_campfire_example_smoke.gd:57)
WARNING: [GdPAI] ObjectRef(124621163998): object was freed before callback; returning Nil.
   at: gdplanningai_rust::logger::process_logs (src\logger.rs:66)
   GDScript backtrace (most recent call first):
       [0] _start_plan_and_wait (res://test/integration/test_campfire_example_smoke.gd:57)
WARNING: [GdPAI] ObjectRef(124134624705): object was freed before callback; returning Nil.
   at: gdplanningai_rust::logger::process_logs (src\logger.rs:66)
   GDScript backtrace (most recent call first):
       [0] _start_plan_and_wait (res://test/integration/test_campfire_example_smoke.gd:57)
WARNING: [GdPAI] ObjectRef(125661351450): object was freed before callback; returning Nil.
   at: gdplanningai_rust::logger::process_logs (src\logger.rs:66)
   GDScript backtrace (most recent call first):
       [0] _start_plan_and_wait (res://test/integration/test_campfire_example_smoke.gd:57)
WARNING: [GdPAI] ObjectRef(124587609564): object was freed before callback; returning Nil.
   at: gdplanningai_rust::logger::process_logs (src\logger.rs:66)
   GDScript backtrace (most recent call first):
       [0] _start_plan_and_wait (res://test/integration/test_campfire_example_smoke.gd:57)
WARNING: [GdPAI] ObjectRef(124134624705): object was freed before callback; returning Nil.
   at: gdplanningai_rust::logger::process_logs (src\logger.rs:66)
   GDScript backtrace (most recent call first):
       [0] _start_plan_and_wait (res://test/integration/test_campfire_example_smoke.gd:57)
WARNING: [GdPAI] ObjectRef(125661351450): object was freed before callback; returning Nil.
   at: gdplanningai_rust::logger::process_logs (src\logger.rs:66)
   GDScript backtrace (most recent call first):
       [0] _start_plan_and_wait (res://test/integration/test_campfire_example_smoke.gd:57)
WARNING: [GdPAI] ObjectRef(124587609564): object was freed before callback; returning Nil.
   at: gdplanningai_rust::logger::process_logs (src\logger.rs:66)
   GDScript backtrace (most recent call first):
       [0] _start_plan_and_wait (res://test/integration/test_campfire_example_smoke.gd:57)
[GdPAI | debug] ApplyEffect [Before] ID=InstanceId(-9223367837819564174): agent props = {"at_target": null, "hunger": 70.0627442063492, "entity": null, "held_item": ""}
[GdPAI | debug] ApplyEffect [After] ID=InstanceId(-9223367837819564174): agent props = {"at_target": null, "hunger": 70.0627442063492, "entity": null, "held_item": ""}
[GdPAI | debug]   Snapshotting prop: at_target = Nil (Variant type: NIL)
[GdPAI | debug]   Snapshotting prop: hunger = Float(70.0627442063492) (Variant type: FLOAT)
[GdPAI | debug]   Snapshotting prop: entity = Nil (Variant type: NIL)
[GdPAI | debug]   Snapshotting prop: held_item = Str("") (Variant type: STRING)
WARNING: [GdPAI] ObjectRef(1382643928884): object was freed before callback; returning Nil.
   at: gdplanningai_rust::logger::process_logs (src\logger.rs:66)
   GDScript backtrace (most recent call first):
       [0] _start_plan_and_wait (res://test/integration/test_campfire_example_smoke.gd:57)
WARNING: [GdPAI] ObjectRef(1382643928884): object was freed before callback; returning Nil.
   at: gdplanningai_rust::logger::process_logs (src\logger.rs:66)
   GDScript backtrace (most recent call first):
       [0] _start_plan_and_wait (res://test/integration/test_campfire_example_smoke.gd:57)
[GdPAI | debug] Discovery: Action Cook Potato failed validity check, skipping
[GdPAI | debug] Discovery: Starting simulation for action Pick Up Wood
WARNING: [GdPAI] ObjectRef(124621163998): object was freed before callback; returning Nil.
   at: gdplanningai_rust::logger::process_logs (src\logger.rs:66)
   GDScript backtrace (most recent call first):
       [0] _process (res://addons/GdPlanningAI/gdpai_autoload.gd:21)
[GdPAI | debug] GetCost: callable returned non-numeric value: null; returning INFINITY
WARNING: [GdPAI] ObjectRef(1382643928884): object was freed before callback; returning Nil.
   at: gdplanningai_rust::logger::process_logs (src\logger.rs:66)
   GDScript backtrace (most recent call first):
       [0] _process (res://addons/GdPlanningAI/gdpai_autoload.gd:21)
WARNING: [GdPAI] ObjectRef(1382643928884): object was freed before callback; returning Nil.
   at: gdplanningai_rust::logger::process_logs (src\logger.rs:66)
   GDScript backtrace (most recent call first):
       [0] _process (res://addons/GdPlanningAI/gdpai_autoload.gd:21)
[GdPAI | debug] GetCost: callable returned non-numeric value: null; returning INFINITY
WARNING: [GdPAI] ObjectRef(124621163998): object was freed before callback; returning Nil.
   at: gdplanningai_rust::logger::process_logs (src\logger.rs:66)
   GDScript backtrace (most recent call first):
       [0] _start_plan_and_wait (res://test/integration/test_campfire_example_smoke.gd:57)
[GdPAI | debug] ApplyEffect [Before] ID=InstanceId(-9223367834866774098): agent props = {"at_target": null, "hunger": 70.0627442063492, "held_item": "", "entity": null}
[GdPAI | debug] ApplyEffect [After] ID=InstanceId(-9223367834866774098): agent props = {"at_target": null, "hunger": 70.0627442063492, "held_item": "", "entity": null}
[GdPAI | debug]   Snapshotting prop: at_target = Nil (Variant type: NIL)
[GdPAI | debug]   Snapshotting prop: hunger = Float(70.0627442063492) (Variant type: FLOAT)
[GdPAI | debug]   Snapshotting prop: held_item = Str("") (Variant type: STRING)
[GdPAI | debug]   Snapshotting prop: entity = Nil (Variant type: NIL)
WARNING: [GdPAI] ObjectRef(1382643928884): object was freed before callback; returning Nil.
   at: gdplanningai_rust::logger::process_logs (src\logger.rs:66)
   GDScript backtrace (most recent call first):
       [0] _start_plan_and_wait (res://test/integration/test_campfire_example_smoke.gd:57)
WARNING: [GdPAI] ObjectRef(1382643928884): object was freed before callback; returning Nil.
   at: gdplanningai_rust::logger::process_logs (src\logger.rs:66)
   GDScript backtrace (most recent call first):
       [0] _start_plan_and_wait (res://test/integration/test_campfire_example_smoke.gd:57)
[GdPAI | debug] ApplyEffect [Before] ID=InstanceId(-9223367834296348754): agent props = {"held_item": "", "entity": null, "hunger": 95.0603725}
[GdPAI | debug] ApplyEffect [After] ID=InstanceId(-9223367834296348754): agent props = {"held_item": "", "entity": null, "hunger": 95.0603725}
[GdPAI | debug]   Snapshotting prop: held_item = Str("") (Variant type: STRING)
[GdPAI | debug]   Snapshotting prop: entity = Nil (Variant type: NIL)
[GdPAI | debug]   Snapshotting prop: hunger = Float(95.0603725) (Variant type: FLOAT)
[GdPAI | debug] Discovery: Simulation success for Pick Up Wood. Agent props: {"entity": Nil, "hunger": Float(95.0603725), "held_item": Str("")}
[GdPAI | debug] Discovery: Action Pick Up Wood satisfied precond Builtin { target: Agent, operation: Equal, property_name: "held_item", value: Some(Str("")) }
[GdPAI | debug] Found candidate: Pick Up Wood (satisfied preconds: [0], requirements: [])
[GdPAI | debug] Discovery: Starting simulation for action Pick Up Wood
WARNING: [GdPAI] ObjectRef(124621163998): object was freed before callback; returning Nil.
   at: gdplanningai_rust::logger::process_logs (src\logger.rs:66)
   GDScript backtrace (most recent call first):
       [0] _process (res://addons/GdPlanningAI/gdpai_autoload.gd:21)
WARNING: [GdPAI] ObjectRef(124587609564): object was freed before callback; returning Nil.
   at: gdplanningai_rust::logger::process_logs (src\logger.rs:66)
   GDScript backtrace (most recent call first):
       [0] _process (res://addons/GdPlanningAI/gdpai_autoload.gd:21)
WARNING: [GdPAI] ObjectRef(124587609564): object was freed before callback; returning Nil.
   at: gdplanningai_rust::logger::process_logs (src\logger.rs:66)
   GDScript backtrace (most recent call first):
       [0] _process (res://addons/GdPlanningAI/gdpai_autoload.gd:21)
[GdPAI | debug] GetCost: callable returned non-numeric value: null; returning INFINITY
WARNING: [GdPAI] ObjectRef(1382643928884): object was freed before callback; returning Nil.
   at: gdplanningai_rust::logger::process_logs (src\logger.rs:66)
   GDScript backtrace (most recent call first):
       [0] _process (res://addons/GdPlanningAI/gdpai_autoload.gd:21)
WARNING: [GdPAI] ObjectRef(1382643928884): object was freed before callback; returning Nil.
   at: gdplanningai_rust::logger::process_logs (src\logger.rs:66)
   GDScript backtrace (most recent call first):
       [0] _process (res://addons/GdPlanningAI/gdpai_autoload.gd:21)
[GdPAI | debug] GetCost: callable returned non-numeric value: null; returning INFINITY
WARNING: [GdPAI] ObjectRef(124621163998): object was freed before callback; returning Nil.
   at: gdplanningai_rust::logger::process_logs (src\logger.rs:66)
   GDScript backtrace (most recent call first):
       [0] _start_plan_and_wait (res://test/integration/test_campfire_example_smoke.gd:57)
WARNING: [GdPAI] ObjectRef(124587609564): object was freed before callback; returning Nil.
   at: gdplanningai_rust::logger::process_logs (src\logger.rs:66)
   GDScript backtrace (most recent call first):
       [0] _start_plan_and_wait (res://test/integration/test_campfire_example_smoke.gd:57)
WARNING: [GdPAI] ObjectRef(124587609564): object was freed before callback; returning Nil.
   at: gdplanningai_rust::logger::process_logs (src\logger.rs:66)
   GDScript backtrace (most recent call first):
       [0] _start_plan_and_wait (res://test/integration/test_campfire_example_smoke.gd:57)
[GdPAI | debug] ApplyEffect [Before] ID=InstanceId(-9223367832165642309): agent props = {"held_item": "", "at_target": null, "entity": null, "hunger": 70.0627442063492}
[GdPAI | debug] ApplyEffect [After] ID=InstanceId(-9223367832165642309): agent props = {"held_item": "", "at_target": null, "entity": null, "hunger": 70.0627442063492}
[GdPAI | debug]   Snapshotting prop: held_item = Str("") (Variant type: STRING)
[GdPAI | debug]   Snapshotting prop: at_target = Nil (Variant type: NIL)
[GdPAI | debug]   Snapshotting prop: entity = Nil (Variant type: NIL)
[GdPAI | debug]   Snapshotting prop: hunger = Float(70.0627442063492) (Variant type: FLOAT)
WARNING: [GdPAI] ObjectRef(1382643928884): object was freed before callback; returning Nil.
   at: gdplanningai_rust::logger::process_logs (src\logger.rs:66)
   GDScript backtrace (most recent call first):
       [0] _start_plan_and_wait (res://test/integration/test_campfire_example_smoke.gd:57)
WARNING: [GdPAI] ObjectRef(1382643928884): object was freed before callback; returning Nil.
   at: gdplanningai_rust::logger::process_logs (src\logger.rs:66)
   GDScript backtrace (most recent call first):
       [0] _start_plan_and_wait (res://test/integration/test_campfire_example_smoke.gd:57)
[GdPAI | debug] ApplyEffect [Before] ID=InstanceId(-9223367831595216965): agent props = {"entity": null, "held_item": "", "hunger": 95.0603725}
[GdPAI | debug] ApplyEffect [After] ID=InstanceId(-9223367831595216965): agent props = {"entity": null, "held_item": "", "hunger": 95.0603725}
[GdPAI | debug]   Snapshotting prop: entity = Nil (Variant type: NIL)
[GdPAI | debug]   Snapshotting prop: held_item = Str("") (Variant type: STRING)
[GdPAI | debug]   Snapshotting prop: hunger = Float(95.0603725) (Variant type: FLOAT)
[GdPAI | debug] Discovery: Simulation success for Pick Up Wood. Agent props: {"held_item": Str(""), "entity": Nil, "hunger": Float(95.0603725)}
[GdPAI | debug] Discovery: Action Pick Up Wood satisfied precond Builtin { target: Agent, operation: Equal, property_name: "held_item", value: Some(Str("")) }
[GdPAI | debug] Found candidate: Pick Up Wood (satisfied preconds: [0], requirements: [])
[GdPAI | debug] Discovery: Starting simulation for action Pick Up Wood
WARNING: [GdPAI] ObjectRef(124621163998): object was freed before callback; returning Nil.
   at: gdplanningai_rust::logger::process_logs (src\logger.rs:66)
   GDScript backtrace (most recent call first):
       [0] _process (res://addons/GdPlanningAI/gdpai_autoload.gd:21)
WARNING: [GdPAI] ObjectRef(125661351450): object was freed before callback; returning Nil.
   at: gdplanningai_rust::logger::process_logs (src\logger.rs:66)
   GDScript backtrace (most recent call first):
       [0] _process (res://addons/GdPlanningAI/gdpai_autoload.gd:21)
WARNING: [GdPAI] ObjectRef(125661351450): object was freed before callback; returning Nil.
   at: gdplanningai_rust::logger::process_logs (src\logger.rs:66)
   GDScript backtrace (most recent call first):
       [0] _process (res://addons/GdPlanningAI/gdpai_autoload.gd:21)
[GdPAI | debug] GetCost: callable returned non-numeric value: null; returning INFINITY
WARNING: [GdPAI] ObjectRef(1382643928884): object was freed before callback; returning Nil.
   at: gdplanningai_rust::logger::process_logs (src\logger.rs:66)
   GDScript backtrace (most recent call first):
       [0] _process (res://addons/GdPlanningAI/gdpai_autoload.gd:21)
WARNING: [GdPAI] ObjectRef(1382643928884): object was freed before callback; returning Nil.
   at: gdplanningai_rust::logger::process_logs (src\logger.rs:66)
   GDScript backtrace (most recent call first):
       [0] _process (res://addons/GdPlanningAI/gdpai_autoload.gd:21)
[GdPAI | debug] GetCost: callable returned non-numeric value: null; returning INFINITY
WARNING: [GdPAI] ObjectRef(124621163998): object was freed before callback; returning Nil.
   at: gdplanningai_rust::logger::process_logs (src\logger.rs:66)
   GDScript backtrace (most recent call first):
       [0] _start_plan_and_wait (res://test/integration/test_campfire_example_smoke.gd:57)
WARNING: [GdPAI] ObjectRef(125661351450): object was freed before callback; returning Nil.
   at: gdplanningai_rust::logger::process_logs (src\logger.rs:66)
   GDScript backtrace (most recent call first):
       [0] _start_plan_and_wait (res://test/integration/test_campfire_example_smoke.gd:57)
WARNING: [GdPAI] ObjectRef(125661351450): object was freed before callback; returning Nil.
   at: gdplanningai_rust::logger::process_logs (src\logger.rs:66)
   GDScript backtrace (most recent call first):
       [0] _start_plan_and_wait (res://test/integration/test_campfire_example_smoke.gd:57)
[GdPAI | debug] ApplyEffect [Before] ID=InstanceId(-9223367829363847200): agent props = {"hunger": 70.0627442063492, "held_item": "", "entity": null, "at_target": null}
[GdPAI | debug] ApplyEffect [After] ID=InstanceId(-9223367829363847200): agent props = {"hunger": 70.0627442063492, "held_item": "", "entity": null, "at_target": null}
[GdPAI | debug]   Snapshotting prop: hunger = Float(70.0627442063492) (Variant type: FLOAT)
[GdPAI | debug]   Snapshotting prop: held_item = Str("") (Variant type: STRING)
[GdPAI | debug]   Snapshotting prop: entity = Nil (Variant type: NIL)
[GdPAI | debug]   Snapshotting prop: at_target = Nil (Variant type: NIL)
WARNING: [GdPAI] ObjectRef(1382643928884): object was freed before callback; returning Nil.
   at: gdplanningai_rust::logger::process_logs (src\logger.rs:66)
   GDScript backtrace (most recent call first):
       [0] _start_plan_and_wait (res://test/integration/test_campfire_example_smoke.gd:57)
WARNING: [GdPAI] ObjectRef(1382643928884): object was freed before callback; returning Nil.
   at: gdplanningai_rust::logger::process_logs (src\logger.rs:66)
   GDScript backtrace (most recent call first):
       [0] _start_plan_and_wait (res://test/integration/test_campfire_example_smoke.gd:57)
[GdPAI | debug] ApplyEffect [Before] ID=InstanceId(-9223367828793421856): agent props = {"held_item": "", "hunger": 95.0603725, "entity": null}
[GdPAI | debug] ApplyEffect [After] ID=InstanceId(-9223367828793421856): agent props = {"held_item": "", "hunger": 95.0603725, "entity": null}
[GdPAI | debug]   Snapshotting prop: held_item = Str("") (Variant type: STRING)
[GdPAI | debug]   Snapshotting prop: hunger = Float(95.0603725) (Variant type: FLOAT)
[GdPAI | debug]   Snapshotting prop: entity = Nil (Variant type: NIL)
[GdPAI | debug] Discovery: Simulation success for Pick Up Wood. Agent props: {"hunger": Float(95.0603725), "held_item": Str(""), "entity": Nil}
[GdPAI | debug] Discovery: Action Pick Up Wood satisfied precond Builtin { target: Agent, operation: Equal, property_name: "held_item", value: Some(Str("")) }
[GdPAI | debug] Found candidate: Pick Up Wood (satisfied preconds: [0], requirements: [])
[GdPAI | debug] Discovery: Starting simulation for action Pick Up Wood
WARNING: [GdPAI] ObjectRef(124621163998): object was freed before callback; returning Nil.
   at: gdplanningai_rust::logger::process_logs (src\logger.rs:66)
   GDScript backtrace (most recent call first):
       [0] _process (res://addons/GdPlanningAI/gdpai_autoload.gd:21)
WARNING: [GdPAI] ObjectRef(124134624705): object was freed before callback; returning Nil.
   at: gdplanningai_rust::logger::process_logs (src\logger.rs:66)
   GDScript backtrace (most recent call first):
       [0] _process (res://addons/GdPlanningAI/gdpai_autoload.gd:21)
WARNING: [GdPAI] ObjectRef(124134624705): object was freed before callback; returning Nil.
   at: gdplanningai_rust::logger::process_logs (src\logger.rs:66)
   GDScript backtrace (most recent call first):
       [0] _process (res://addons/GdPlanningAI/gdpai_autoload.gd:21)
[GdPAI | debug] GetCost: callable returned non-numeric value: null; returning INFINITY
WARNING: [GdPAI] ObjectRef(1382643928884): object was freed before callback; returning Nil.
   at: gdplanningai_rust::logger::process_logs (src\logger.rs:66)
   GDScript backtrace (most recent call first):
       [0] _process (res://addons/GdPlanningAI/gdpai_autoload.gd:21)
WARNING: [GdPAI] ObjectRef(1382643928884): object was freed before callback; returning Nil.
   at: gdplanningai_rust::logger::process_logs (src\logger.rs:66)
   GDScript backtrace (most recent call first):
       [0] _process (res://addons/GdPlanningAI/gdpai_autoload.gd:21)
[GdPAI | debug] GetCost: callable returned non-numeric value: null; returning INFINITY
WARNING: [GdPAI] ObjectRef(124621163998): object was freed before callback; returning Nil.
   at: gdplanningai_rust::logger::process_logs (src\logger.rs:66)
   GDScript backtrace (most recent call first):
       [0] _start_plan_and_wait (res://test/integration/test_campfire_example_smoke.gd:57)
WARNING: [GdPAI] ObjectRef(124134624705): object was freed before callback; returning Nil.
   at: gdplanningai_rust::logger::process_logs (src\logger.rs:66)
   GDScript backtrace (most recent call first):
       [0] _start_plan_and_wait (res://test/integration/test_campfire_example_smoke.gd:57)
WARNING: [GdPAI] ObjectRef(124134624705): object was freed before callback; returning Nil.
   at: gdplanningai_rust::logger::process_logs (src\logger.rs:66)
   GDScript backtrace (most recent call first):
       [0] _start_plan_and_wait (res://test/integration/test_campfire_example_smoke.gd:57)
[GdPAI | debug] ApplyEffect [Before] ID=InstanceId(-9223367826562052106): agent props = {"entity": null, "held_item": "", "hunger": 70.0627442063492, "at_target": null}
[GdPAI | debug] ApplyEffect [After] ID=InstanceId(-9223367826562052106): agent props = {"entity": null, "held_item": "", "hunger": 70.0627442063492, "at_target": null}
[GdPAI | debug]   Snapshotting prop: entity = Nil (Variant type: NIL)
[GdPAI | debug]   Snapshotting prop: held_item = Str("") (Variant type: STRING)
[GdPAI | debug]   Snapshotting prop: hunger = Float(70.0627442063492) (Variant type: FLOAT)
[GdPAI | debug]   Snapshotting prop: at_target = Nil (Variant type: NIL)
WARNING: [GdPAI] ObjectRef(1382643928884): object was freed before callback; returning Nil.
   at: gdplanningai_rust::logger::process_logs (src\logger.rs:66)
   GDScript backtrace (most recent call first):
       [0] _start_plan_and_wait (res://test/integration/test_campfire_example_smoke.gd:57)
WARNING: [GdPAI] ObjectRef(1382643928884): object was freed before callback; returning Nil.
   at: gdplanningai_rust::logger::process_logs (src\logger.rs:66)
   GDScript backtrace (most recent call first):
       [0] _start_plan_and_wait (res://test/integration/test_campfire_example_smoke.gd:57)
[GdPAI | debug] ApplyEffect [Before] ID=InstanceId(-9223367825991626762): agent props = {"held_item": "", "entity": null, "hunger": 95.0603725}
[GdPAI | debug] ApplyEffect [After] ID=InstanceId(-9223367825991626762): agent props = {"held_item": "", "entity": null, "hunger": 95.0603725}
[GdPAI | debug]   Snapshotting prop: held_item = Str("") (Variant type: STRING)
[GdPAI | debug]   Snapshotting prop: entity = Nil (Variant type: NIL)
[GdPAI | debug]   Snapshotting prop: hunger = Float(95.0603725) (Variant type: FLOAT)
[GdPAI | debug] Discovery: Simulation success for Pick Up Wood. Agent props: {"entity": Nil, "hunger": Float(95.0603725), "held_item": Str("")}
[GdPAI | debug] Discovery: Action Pick Up Wood satisfied precond Builtin { target: Agent, operation: Equal, property_name: "held_item", value: Some(Str("")) }
[GdPAI | debug] Found candidate: Pick Up Wood (satisfied preconds: [0], requirements: [])
WARNING: [GdPAI] ObjectRef(124621163998): object was freed before callback; returning Nil.
   at: gdplanningai_rust::logger::process_logs (src\logger.rs:66)
   GDScript backtrace (most recent call first):
       [0] _process (res://addons/GdPlanningAI/gdpai_autoload.gd:21)
[GdPAI | debug] GetCost: callable returned non-numeric value: null; returning INFINITY
WARNING: [GdPAI] ObjectRef(1382643928884): object was freed before callback; returning Nil.
   at: gdplanningai_rust::logger::process_logs (src\logger.rs:66)
   GDScript backtrace (most recent call first):
       [0] _process (res://addons/GdPlanningAI/gdpai_autoload.gd:21)
WARNING: [GdPAI] ObjectRef(1382643928884): object was freed before callback; returning Nil.
   at: gdplanningai_rust::logger::process_logs (src\logger.rs:66)
   GDScript backtrace (most recent call first):
       [0] _process (res://addons/GdPlanningAI/gdpai_autoload.gd:21)
[GdPAI | debug] Discovery: Action Dig Potato failed validity check, skipping
WARNING: [GdPAI] ObjectRef(124621163998): object was freed before callback; returning Nil.
   at: gdplanningai_rust::logger::process_logs (src\logger.rs:66)
   GDScript backtrace (most recent call first):
       [0] _start_plan_and_wait (res://test/integration/test_campfire_example_smoke.gd:57)
[GdPAI | debug] ApplyEffect [Before] ID=InstanceId(-9223367823860920322): agent props = {"held_item": "wood", "at_target": null, "hunger": 70.0627442063492, "entity": null}
[GdPAI | debug] ApplyEffect [After] ID=InstanceId(-9223367823860920322): agent props = {"held_item": "wood", "at_target": null, "hunger": 70.0627442063492, "entity": null}
[GdPAI | debug]   Snapshotting prop: held_item = Str("wood") (Variant type: STRING)
[GdPAI | debug]   Snapshotting prop: at_target = Nil (Variant type: NIL)
[GdPAI | debug]   Snapshotting prop: hunger = Float(70.0627442063492) (Variant type: FLOAT)
[GdPAI | debug]   Snapshotting prop: entity = Nil (Variant type: NIL)
WARNING: [GdPAI] ObjectRef(1382643928884): object was freed before callback; returning Nil.
   at: gdplanningai_rust::logger::process_logs (src\logger.rs:66)
   GDScript backtrace (most recent call first):
       [0] _start_plan_and_wait (res://test/integration/test_campfire_example_smoke.gd:57)
WARNING: [GdPAI] ObjectRef(1382643928884): object was freed before callback; returning Nil.
   at: gdplanningai_rust::logger::process_logs (src\logger.rs:66)
   GDScript backtrace (most recent call first):
       [0] _start_plan_and_wait (res://test/integration/test_campfire_example_smoke.gd:57)
[GdPAI | debug] Discovery: Action Dig Potato failed validity check, skipping
WARNING: [GdPAI] ObjectRef(124621163998): object was freed before callback; returning Nil.
   at: gdplanningai_rust::logger::process_logs (src\logger.rs:66)
   GDScript backtrace (most recent call first):
       [0] _process (res://addons/GdPlanningAI/gdpai_autoload.gd:21)
WARNING: [GdPAI] ObjectRef(124621163998): object was freed before callback; returning Nil.
   at: gdplanningai_rust::logger::process_logs (src\logger.rs:66)
   GDScript backtrace (most recent call first):
       [0] _process (res://addons/GdPlanningAI/gdpai_autoload.gd:21)
[GdPAI | debug] GetCost: callable returned non-numeric value: null; returning INFINITY
WARNING: [GdPAI] ObjectRef(1382643928884): object was freed before callback; returning Nil.
   at: gdplanningai_rust::logger::process_logs (src\logger.rs:66)
   GDScript backtrace (most recent call first):
       [0] _process (res://addons/GdPlanningAI/gdpai_autoload.gd:21)
WARNING: [GdPAI] ObjectRef(1382643928884): object was freed before callback; returning Nil.
   at: gdplanningai_rust::logger::process_logs (src\logger.rs:66)
   GDScript backtrace (most recent call first):
       [0] _process (res://addons/GdPlanningAI/gdpai_autoload.gd:21)
[GdPAI | debug] Discovery: Action Dig Potato failed validity check, skipping
WARNING: [GdPAI] ObjectRef(124621163998): object was freed before callback; returning Nil.
   at: gdplanningai_rust::logger::process_logs (src\logger.rs:66)
   GDScript backtrace (most recent call first):
       [0] _start_plan_and_wait (res://test/integration/test_campfire_example_smoke.gd:57)
WARNING: [GdPAI] ObjectRef(124621163998): object was freed before callback; returning Nil.
   at: gdplanningai_rust::logger::process_logs (src\logger.rs:66)
   GDScript backtrace (most recent call first):
       [0] _start_plan_and_wait (res://test/integration/test_campfire_example_smoke.gd:57)
[GdPAI | debug] ApplyEffect [Before] ID=InstanceId(-9223367821210120133): agent props = {"hunger": 70.0627442063492, "entity": null, "held_item": ""}
[GdPAI | debug] ApplyEffect [After] ID=InstanceId(-9223367821210120133): agent props = {"hunger": 70.0627442063492, "entity": null, "held_item": ""}
[GdPAI | debug]   Snapshotting prop: hunger = Float(70.0627442063492) (Variant type: FLOAT)
[GdPAI | debug]   Snapshotting prop: entity = Nil (Variant type: NIL)
[GdPAI | debug]   Snapshotting prop: held_item = Str("") (Variant type: STRING)
WARNING: [GdPAI] ObjectRef(1382643928884): object was freed before callback; returning Nil.
   at: gdplanningai_rust::logger::process_logs (src\logger.rs:66)
   GDScript backtrace (most recent call first):
       [0] _start_plan_and_wait (res://test/integration/test_campfire_example_smoke.gd:57)
WARNING: [GdPAI] ObjectRef(1382643928884): object was freed before callback; returning Nil.
   at: gdplanningai_rust::logger::process_logs (src\logger.rs:66)
   GDScript backtrace (most recent call first):
       [0] _start_plan_and_wait (res://test/integration/test_campfire_example_smoke.gd:57)
[GdPAI | debug] Discovery: Action Dig Potato failed validity check, skipping
WARNING: [GdPAI] ObjectRef(124621163998): object was freed before callback; returning Nil.
   at: gdplanningai_rust::logger::process_logs (src\logger.rs:66)
   GDScript backtrace (most recent call first):
       [0] _process (res://addons/GdPlanningAI/gdpai_autoload.gd:21)
[GdPAI | debug] GetCost: callable returned non-numeric value: null; returning INFINITY
WARNING: [GdPAI] ObjectRef(1382643928884): object was freed before callback; returning Nil.
   at: gdplanningai_rust::logger::process_logs (src\logger.rs:66)
   GDScript backtrace (most recent call first):
       [0] _process (res://addons/GdPlanningAI/gdpai_autoload.gd:21)
WARNING: [GdPAI] ObjectRef(1382643928884): object was freed before callback; returning Nil.
   at: gdplanningai_rust::logger::process_logs (src\logger.rs:66)
   GDScript backtrace (most recent call first):
       [0] _process (res://addons/GdPlanningAI/gdpai_autoload.gd:21)
[GdPAI | debug] Discovery: Action Dig Potato failed validity check, skipping
WARNING: [GdPAI] ObjectRef(124621163998): object was freed before callback; returning Nil.
   at: gdplanningai_rust::logger::process_logs (src\logger.rs:66)
   GDScript backtrace (most recent call first):
       [0] _start_plan_and_wait (res://test/integration/test_campfire_example_smoke.gd:57)
[GdPAI | debug] ApplyEffect [Before] ID=InstanceId(-9223367818559319988): agent props = {"entity": null, "held_item": "wood", "hunger": 70.0627442063492}
[GdPAI | debug] ApplyEffect [After] ID=InstanceId(-9223367818559319988): agent props = {"entity": null, "held_item": "wood", "hunger": 70.0627442063492}
[GdPAI | debug]   Snapshotting prop: entity = Nil (Variant type: NIL)
[GdPAI | debug]   Snapshotting prop: held_item = Str("wood") (Variant type: STRING)
[GdPAI | debug]   Snapshotting prop: hunger = Float(70.0627442063492) (Variant type: FLOAT)
WARNING: [GdPAI] ObjectRef(1382643928884): object was freed before callback; returning Nil.
   at: gdplanningai_rust::logger::process_logs (src\logger.rs:66)
   GDScript backtrace (most recent call first):
       [0] _start_plan_and_wait (res://test/integration/test_campfire_example_smoke.gd:57)
WARNING: [GdPAI] ObjectRef(1382643928884): object was freed before callback; returning Nil.
   at: gdplanningai_rust::logger::process_logs (src\logger.rs:66)
   GDScript backtrace (most recent call first):
       [0] _start_plan_and_wait (res://test/integration/test_campfire_example_smoke.gd:57)
WARNING: [GdPAI] ObjectRef(1382308384561): object was freed before callback; returning Nil.
   at: gdplanningai_rust::logger::process_logs (src\logger.rs:66)
   GDScript backtrace (most recent call first):
       [0] _start_plan_and_wait (res://test/integration/test_campfire_example_smoke.gd:57)
WARNING: [GdPAI] ObjectRef(1383348571562): object was freed before callback; returning Nil.
   at: gdplanningai_rust::logger::process_logs (src\logger.rs:66)
   GDScript backtrace (most recent call first):
       [0] _start_plan_and_wait (res://test/integration/test_campfire_example_smoke.gd:57)
WARNING: [GdPAI] ObjectRef(1382308384561): object was freed before callback; returning Nil.
   at: gdplanningai_rust::logger::process_logs (src\logger.rs:66)
   GDScript backtrace (most recent call first):
       [0] _start_plan_and_wait (res://test/integration/test_campfire_example_smoke.gd:57)
WARNING: [GdPAI] ObjectRef(1383348571562): object was freed before callback; returning Nil.
   at: gdplanningai_rust::logger::process_logs (src\logger.rs:66)
   GDScript backtrace (most recent call first):
       [0] _start_plan_and_wait (res://test/integration/test_campfire_example_smoke.gd:57)
[GdPAI | debug] GetCost: callable returned non-numeric value: null; returning INFINITY
WARNING: [GdPAI] ObjectRef(124621163998): object was freed before callback; returning Nil.
   at: gdplanningai_rust::logger::process_logs (src\logger.rs:66)
   GDScript backtrace (most recent call first):
       [0] _process (res://addons/GdPlanningAI/gdpai_autoload.gd:21)
[GdPAI | debug] GetCost: callable returned non-numeric value: null; returning INFINITY
WARNING: [GdPAI] ObjectRef(1382643928884): object was freed before callback; returning Nil.
   at: gdplanningai_rust::logger::process_logs (src\logger.rs:66)
   GDScript backtrace (most recent call first):
       [0] _process (res://addons/GdPlanningAI/gdpai_autoload.gd:21)
WARNING: [GdPAI] ObjectRef(1382643928884): object was freed before callback; returning Nil.
   at: gdplanningai_rust::logger::process_logs (src\logger.rs:66)
   GDScript backtrace (most recent call first):
       [0] _process (res://addons/GdPlanningAI/gdpai_autoload.gd:21)
WARNING: [GdPAI] ObjectRef(1382308384561): object was freed before callback; returning Nil.
   at: gdplanningai_rust::logger::process_logs (src\logger.rs:66)
   GDScript backtrace (most recent call first):
       [0] _process (res://addons/GdPlanningAI/gdpai_autoload.gd:21)
WARNING: [GdPAI] ObjectRef(1383348571562): object was freed before callback; returning Nil.
   at: gdplanningai_rust::logger::process_logs (src\logger.rs:66)
   GDScript backtrace (most recent call first):
       [0] _process (res://addons/GdPlanningAI/gdpai_autoload.gd:21)
WARNING: [GdPAI] ObjectRef(1382308384561): object was freed before callback; returning Nil.
   at: gdplanningai_rust::logger::process_logs (src\logger.rs:66)
   GDScript backtrace (most recent call first):
       [0] _process (res://addons/GdPlanningAI/gdpai_autoload.gd:21)
WARNING: [GdPAI] ObjectRef(1383348571562): object was freed before callback; returning Nil.
   at: gdplanningai_rust::logger::process_logs (src\logger.rs:66)
   GDScript backtrace (most recent call first):
       [0] _process (res://addons/GdPlanningAI/gdpai_autoload.gd:21)
[GdPAI | debug] ApplyEffect [Before] ID=InstanceId(-9223367816478945252): agent props = {"hunger": 95.0603725, "held_item": "", "entity": null, "at_target": null}
[GdPAI | debug] ApplyEffect [After] ID=InstanceId(-9223367816478945252): agent props = {"hunger": 95.0603725, "held_item": "", "entity": null, "at_target": null}
[GdPAI | debug]   Snapshotting prop: hunger = Float(95.0603725) (Variant type: FLOAT)
[GdPAI | debug]   Snapshotting prop: held_item = Str("") (Variant type: STRING)
[GdPAI | debug]   Snapshotting prop: entity = Nil (Variant type: NIL)
[GdPAI | debug]   Snapshotting prop: at_target = Nil (Variant type: NIL)
WARNING: [GdPAI] ObjectRef(124621163998): object was freed before callback; returning Nil.
   at: gdplanningai_rust::logger::process_logs (src\logger.rs:66)
   GDScript backtrace (most recent call first):
       [0] _start_plan_and_wait (res://test/integration/test_campfire_example_smoke.gd:57)
[GdPAI | debug] ApplyEffect [Before] ID=InstanceId(-9223367815556198284): agent props = {"entity": null, "hunger": 70.0627442063492, "held_item": "wood"}
[GdPAI | debug] ApplyEffect [After] ID=InstanceId(-9223367815556198284): agent props = {"entity": null, "hunger": 70.0627442063492, "held_item": "wood"}
[GdPAI | debug]   Snapshotting prop: entity = Nil (Variant type: NIL)
[GdPAI | debug]   Snapshotting prop: hunger = Float(70.0627442063492) (Variant type: FLOAT)
[GdPAI | debug]   Snapshotting prop: held_item = Str("wood") (Variant type: STRING)
WARNING: [GdPAI] ObjectRef(1382643928884): object was freed before callback; returning Nil.
   at: gdplanningai_rust::logger::process_logs (src\logger.rs:66)
   GDScript backtrace (most recent call first):
       [0] _start_plan_and_wait (res://test/integration/test_campfire_example_smoke.gd:57)
WARNING: [GdPAI] ObjectRef(1383348571562): object was freed before callback; returning Nil.
   at: gdplanningai_rust::logger::process_logs (src\logger.rs:66)
   GDScript backtrace (most recent call first):
       [0] _start_plan_and_wait (res://test/integration/test_campfire_example_smoke.gd:57)
WARNING: [GdPAI] ObjectRef(1383348571562): object was freed before callback; returning Nil.
   at: gdplanningai_rust::logger::process_logs (src\logger.rs:66)
   GDScript backtrace (most recent call first):
       [0] _start_plan_and_wait (res://test/integration/test_campfire_example_smoke.gd:57)
[GdPAI | debug] GetCost: callable returned non-numeric value: null; returning INFINITY
WARNING: [GdPAI] ObjectRef(124621163998): object was freed before callback; returning Nil.
   at: gdplanningai_rust::logger::process_logs (src\logger.rs:66)
   GDScript backtrace (most recent call first):
       [0] _process (res://addons/GdPlanningAI/gdpai_autoload.gd:21)
[GdPAI | debug] GetCost: callable returned non-numeric value: null; returning INFINITY
WARNING: [GdPAI] ObjectRef(1382643928884): object was freed before callback; returning Nil.
   at: gdplanningai_rust::logger::process_logs (src\logger.rs:66)
   GDScript backtrace (most recent call first):
       [0] _process (res://addons/GdPlanningAI/gdpai_autoload.gd:21)
WARNING: [GdPAI] ObjectRef(1383348571562): object was freed before callback; returning Nil.
   at: gdplanningai_rust::logger::process_logs (src\logger.rs:66)
   GDScript backtrace (most recent call first):
       [0] _process (res://addons/GdPlanningAI/gdpai_autoload.gd:21)
WARNING: [GdPAI] ObjectRef(1383348571562): object was freed before callback; returning Nil.
   at: gdplanningai_rust::logger::process_logs (src\logger.rs:66)
   GDScript backtrace (most recent call first):
       [0] _process (res://addons/GdPlanningAI/gdpai_autoload.gd:21)
[GdPAI | debug] ApplyEffect [Before] ID=InstanceId(-9223367813626818480): agent props = {"hunger": 95.0603725, "at_target": null, "held_item": "", "entity": null}
[GdPAI | debug] ApplyEffect [After] ID=InstanceId(-9223367813626818480): agent props = {"hunger": 95.0603725, "at_target": null, "held_item": "", "entity": null}
[GdPAI | debug]   Snapshotting prop: hunger = Float(95.0603725) (Variant type: FLOAT)
[GdPAI | debug]   Snapshotting prop: at_target = Nil (Variant type: NIL)
[GdPAI | debug]   Snapshotting prop: held_item = Str("") (Variant type: STRING)
[GdPAI | debug]   Snapshotting prop: entity = Nil (Variant type: NIL)
WARNING: [GdPAI] ObjectRef(124621163998): object was freed before callback; returning Nil.
   at: gdplanningai_rust::logger::process_logs (src\logger.rs:66)
   GDScript backtrace (most recent call first):
       [0] _start_plan_and_wait (res://test/integration/test_campfire_example_smoke.gd:57)
[GdPAI | debug] ApplyEffect [Before] ID=InstanceId(-9223367812855066476): agent props = {"held_item": "wood", "entity": null, "hunger": 70.0627442063492}
[GdPAI | debug] ApplyEffect [After] ID=InstanceId(-9223367812855066476): agent props = {"held_item": "wood", "entity": null, "hunger": 70.0627442063492}
[GdPAI | debug]   Snapshotting prop: held_item = Str("wood") (Variant type: STRING)
[GdPAI | debug]   Snapshotting prop: entity = Nil (Variant type: NIL)
[GdPAI | debug]   Snapshotting prop: hunger = Float(70.0627442063492) (Variant type: FLOAT)
WARNING: [GdPAI] ObjectRef(1382643928884): object was freed before callback; returning Nil.
   at: gdplanningai_rust::logger::process_logs (src\logger.rs:66)
   GDScript backtrace (most recent call first):
       [0] _start_plan_and_wait (res://test/integration/test_campfire_example_smoke.gd:57)
WARNING: [GdPAI] ObjectRef(1382308384561): object was freed before callback; returning Nil.
   at: gdplanningai_rust::logger::process_logs (src\logger.rs:66)
   GDScript backtrace (most recent call first):
       [0] _start_plan_and_wait (res://test/integration/test_campfire_example_smoke.gd:57)
WARNING: [GdPAI] ObjectRef(1382308384561): object was freed before callback; returning Nil.
   at: gdplanningai_rust::logger::process_logs (src\logger.rs:66)
   GDScript backtrace (most recent call first):
       [0] _start_plan_and_wait (res://test/integration/test_campfire_example_smoke.gd:57)
[GdPAI | debug] GetCost: callable returned non-numeric value: null; returning INFINITY
WARNING: [GdPAI] ObjectRef(124621163998): object was freed before callback; returning Nil.
   at: gdplanningai_rust::logger::process_logs (src\logger.rs:66)
   GDScript backtrace (most recent call first):
       [0] _process (res://addons/GdPlanningAI/gdpai_autoload.gd:21)
[GdPAI | debug] GetCost: callable returned non-numeric value: null; returning INFINITY
WARNING: [GdPAI] ObjectRef(1382643928884): object was freed before callback; returning Nil.
   at: gdplanningai_rust::logger::process_logs (src\logger.rs:66)
   GDScript backtrace (most recent call first):
       [0] _process (res://addons/GdPlanningAI/gdpai_autoload.gd:21)
WARNING: [GdPAI] ObjectRef(1382308384561): object was freed before callback; returning Nil.
   at: gdplanningai_rust::logger::process_logs (src\logger.rs:66)
   GDScript backtrace (most recent call first):
       [0] _process (res://addons/GdPlanningAI/gdpai_autoload.gd:21)
WARNING: [GdPAI] ObjectRef(1382308384561): object was freed before callback; returning Nil.
   at: gdplanningai_rust::logger::process_logs (src\logger.rs:66)
   GDScript backtrace (most recent call first):
       [0] _process (res://addons/GdPlanningAI/gdpai_autoload.gd:21)
[GdPAI | debug] ApplyEffect [Before] ID=InstanceId(-9223367810925686665): agent props = {"entity": null, "at_target": null, "held_item": "", "hunger": 95.0603725}
[GdPAI | debug] ApplyEffect [After] ID=InstanceId(-9223367810925686665): agent props = {"entity": null, "at_target": null, "held_item": "", "hunger": 95.0603725}
[GdPAI | debug]   Snapshotting prop: entity = Nil (Variant type: NIL)
[GdPAI | debug]   Snapshotting prop: at_target = Nil (Variant type: NIL)
[GdPAI | debug]   Snapshotting prop: held_item = Str("") (Variant type: STRING)
[GdPAI | debug]   Snapshotting prop: hunger = Float(95.0603725) (Variant type: FLOAT)
WARNING: [GdPAI] ObjectRef(124621163998): object was freed before callback; returning Nil.
   at: gdplanningai_rust::logger::process_logs (src\logger.rs:66)
   GDScript backtrace (most recent call first):
       [0] _start_plan_and_wait (res://test/integration/test_campfire_example_smoke.gd:57)
[GdPAI | debug] ApplyEffect [Before] ID=InstanceId(-9223367810153934769): agent props = {"held_item": "wood", "hunger": 70.0627442063492, "entity": null}
[GdPAI | debug] ApplyEffect [After] ID=InstanceId(-9223367810153934769): agent props = {"held_item": "wood", "hunger": 70.0627442063492, "entity": null}
[GdPAI | debug]   Snapshotting prop: held_item = Str("wood") (Variant type: STRING)
[GdPAI | debug]   Snapshotting prop: hunger = Float(70.0627442063492) (Variant type: FLOAT)
[GdPAI | debug]   Snapshotting prop: entity = Nil (Variant type: NIL)
WARNING: [GdPAI] ObjectRef(1382643928884): object was freed before callback; returning Nil.
   at: gdplanningai_rust::logger::process_logs (src\logger.rs:66)
   GDScript backtrace (most recent call first):
       [0] _start_plan_and_wait (res://test/integration/test_campfire_example_smoke.gd:57)
[GdPAI | debug] GetCost: callable returned non-numeric value: null; returning INFINITY
WARNING: [GdPAI] ObjectRef(124621163998): object was freed before callback; returning Nil.
   at: gdplanningai_rust::logger::process_logs (src\logger.rs:66)
   GDScript backtrace (most recent call first):
       [0] _process (res://addons/GdPlanningAI/gdpai_autoload.gd:21)
[GdPAI | debug] GetCost: callable returned non-numeric value: null; returning INFINITY
WARNING: [GdPAI] ObjectRef(1382643928884): object was freed before callback; returning Nil.
   at: gdplanningai_rust::logger::process_logs (src\logger.rs:66)
   GDScript backtrace (most recent call first):
       [0] _process (res://addons/GdPlanningAI/gdpai_autoload.gd:21)
[GdPAI | debug] ApplyEffect [Before] ID=InstanceId(-9223367808325218173): agent props = {"held_item": "wood", "entity": null, "hunger": 95.0603725, "at_target": null}
[GdPAI | debug] ApplyEffect [After] ID=InstanceId(-9223367808325218173): agent props = {"held_item": "wood", "entity": null, "hunger": 95.0603725, "at_target": null}
[GdPAI | debug]   Snapshotting prop: held_item = Str("wood") (Variant type: STRING)
[GdPAI | debug]   Snapshotting prop: entity = Nil (Variant type: NIL)
[GdPAI | debug]   Snapshotting prop: hunger = Float(95.0603725) (Variant type: FLOAT)
[GdPAI | debug]   Snapshotting prop: at_target = Nil (Variant type: NIL)
WARNING: [GdPAI] ObjectRef(124621163998): object was freed before callback; returning Nil.
   at: gdplanningai_rust::logger::process_logs (src\logger.rs:66)
   GDScript backtrace (most recent call first):
       [0] _start_plan_and_wait (res://test/integration/test_campfire_example_smoke.gd:57)
[GdPAI | debug] ApplyEffect [Before] ID=InstanceId(-9223367807654129525): agent props = {"entity": null, "held_item": "wood", "hunger": 70.0627442063492}
[GdPAI | debug] ApplyEffect [After] ID=InstanceId(-9223367807654129525): agent props = {"entity": null, "held_item": "wood", "hunger": 70.0627442063492}
[GdPAI | debug]   Snapshotting prop: entity = Nil (Variant type: NIL)
[GdPAI | debug]   Snapshotting prop: held_item = Str("wood") (Variant type: STRING)
[GdPAI | debug]   Snapshotting prop: hunger = Float(70.0627442063492) (Variant type: FLOAT)
WARNING: [GdPAI] ObjectRef(1382643928884): object was freed before callback; returning Nil.
   at: gdplanningai_rust::logger::process_logs (src\logger.rs:66)
   GDScript backtrace (most recent call first):
       [0] _start_plan_and_wait (res://test/integration/test_campfire_example_smoke.gd:57)
WARNING: [GdPAI] ObjectRef(1382643928884): object was freed before callback; returning Nil.
   at: gdplanningai_rust::logger::process_logs (src\logger.rs:66)
   GDScript backtrace (most recent call first):
       [0] _start_plan_and_wait (res://test/integration/test_campfire_example_smoke.gd:57)
[GdPAI | debug] GetCost: callable returned non-numeric value: null; returning INFINITY
WARNING: [GdPAI] ObjectRef(124621163998): object was freed before callback; returning Nil.
   at: gdplanningai_rust::logger::process_logs (src\logger.rs:66)
   GDScript backtrace (most recent call first):
       [0] _process (res://addons/GdPlanningAI/gdpai_autoload.gd:21)
WARNING: [GdPAI] ObjectRef(124621163998): object was freed before callback; returning Nil.
   at: gdplanningai_rust::logger::process_logs (src\logger.rs:66)
   GDScript backtrace (most recent call first):
       [0] _process (res://addons/GdPlanningAI/gdpai_autoload.gd:21)
[GdPAI | debug] GetCost: callable returned non-numeric value: null; returning INFINITY
WARNING: [GdPAI] ObjectRef(1382643928884): object was freed before callback; returning Nil.
   at: gdplanningai_rust::logger::process_logs (src\logger.rs:66)
   GDScript backtrace (most recent call first):
       [0] _process (res://addons/GdPlanningAI/gdpai_autoload.gd:21)
WARNING: [GdPAI] ObjectRef(1382643928884): object was freed before callback; returning Nil.
   at: gdplanningai_rust::logger::process_logs (src\logger.rs:66)
   GDScript backtrace (most recent call first):
       [0] _process (res://addons/GdPlanningAI/gdpai_autoload.gd:21)
[GdPAI | debug] ApplyEffect [Before] ID=InstanceId(-9223367805775081326): agent props = {"entity": null, "hunger": 95.0603725, "held_item": ""}
[GdPAI | debug] ApplyEffect [After] ID=InstanceId(-9223367805775081326): agent props = {"entity": null, "hunger": 95.0603725, "held_item": ""}
[GdPAI | debug]   Snapshotting prop: entity = Nil (Variant type: NIL)
[GdPAI | debug]   Snapshotting prop: hunger = Float(95.0603725) (Variant type: FLOAT)
[GdPAI | debug]   Snapshotting prop: held_item = Str("") (Variant type: STRING)
WARNING: [GdPAI] ObjectRef(124621163998): object was freed before callback; returning Nil.
   at: gdplanningai_rust::logger::process_logs (src\logger.rs:66)
   GDScript backtrace (most recent call first):
       [0] _start_plan_and_wait (res://test/integration/test_campfire_example_smoke.gd:57)
WARNING: [GdPAI] ObjectRef(124621163998): object was freed before callback; returning Nil.
   at: gdplanningai_rust::logger::process_logs (src\logger.rs:66)
   GDScript backtrace (most recent call first):
       [0] _start_plan_and_wait (res://test/integration/test_campfire_example_smoke.gd:57)
[GdPAI | debug] ApplyEffect [Before] ID=InstanceId(-9223367805003329336): agent props = {"hunger": 70.0627442063492, "entity": null, "held_item": ""}
[GdPAI | debug] ApplyEffect [After] ID=InstanceId(-9223367805003329336): agent props = {"hunger": 70.0627442063492, "entity": null, "held_item": ""}
[GdPAI | debug]   Snapshotting prop: hunger = Float(70.0627442063492) (Variant type: FLOAT)
[GdPAI | debug]   Snapshotting prop: entity = Nil (Variant type: NIL)
[GdPAI | debug]   Snapshotting prop: held_item = Str("") (Variant type: STRING)
WARNING: [GdPAI] ObjectRef(1382643928884): object was freed before callback; returning Nil.
   at: gdplanningai_rust::logger::process_logs (src\logger.rs:66)
   GDScript backtrace (most recent call first):
       [0] _start_plan_and_wait (res://test/integration/test_campfire_example_smoke.gd:57)
[GdPAI | debug] GetCost: callable returned non-numeric value: null; returning INFINITY
WARNING: [GdPAI] ObjectRef(124621163998): object was freed before callback; returning Nil.
   at: gdplanningai_rust::logger::process_logs (src\logger.rs:66)
   GDScript backtrace (most recent call first):
       [0] _process (res://addons/GdPlanningAI/gdpai_autoload.gd:21)
[GdPAI | debug] GetCost: callable returned non-numeric value: null; returning INFINITY
WARNING: [GdPAI] ObjectRef(1382643928884): object was freed before callback; returning Nil.
   at: gdplanningai_rust::logger::process_logs (src\logger.rs:66)
   GDScript backtrace (most recent call first):
       [0] _process (res://addons/GdPlanningAI/gdpai_autoload.gd:21)
[GdPAI | debug] ApplyEffect [Before] ID=InstanceId(-9223367803124281156): agent props = {"hunger": 95.0603725, "entity": null, "held_item": ""}
[GdPAI | debug] ApplyEffect [After] ID=InstanceId(-9223367803124281156): agent props = {"hunger": 95.0603725, "entity": null, "held_item": ""}
[GdPAI | debug]   Snapshotting prop: hunger = Float(95.0603725) (Variant type: FLOAT)
[GdPAI | debug]   Snapshotting prop: entity = Nil (Variant type: NIL)
[GdPAI | debug]   Snapshotting prop: held_item = Str("") (Variant type: STRING)
WARNING: [GdPAI] ObjectRef(124621163998): object was freed before callback; returning Nil.
   at: gdplanningai_rust::logger::process_logs (src\logger.rs:66)
   GDScript backtrace (most recent call first):
       [0] _start_plan_and_wait (res://test/integration/test_campfire_example_smoke.gd:57)
[GdPAI | debug] ApplyEffect [Before] ID=InstanceId(-9223367802453192583): agent props = {"hunger": 70.0627442063492, "held_item": "wood", "entity": null}
[GdPAI | debug] ApplyEffect [After] ID=InstanceId(-9223367802453192583): agent props = {"hunger": 70.0627442063492, "held_item": "wood", "entity": null}
[GdPAI | debug]   Snapshotting prop: hunger = Float(70.0627442063492) (Variant type: FLOAT)
[GdPAI | debug]   Snapshotting prop: held_item = Str("wood") (Variant type: STRING)
[GdPAI | debug]   Snapshotting prop: entity = Nil (Variant type: NIL)
WARNING: [GdPAI] ObjectRef(1382643928884): object was freed before callback; returning Nil.
   at: gdplanningai_rust::logger::process_logs (src\logger.rs:66)
   GDScript backtrace (most recent call first):
       [0] _start_plan_and_wait (res://test/integration/test_campfire_example_smoke.gd:57)
[GdPAI | debug] GetCost: callable returned non-numeric value: null; returning INFINITY
WARNING: [GdPAI] ObjectRef(124621163998): object was freed before callback; returning Nil.
   at: gdplanningai_rust::logger::process_logs (src\logger.rs:66)
   GDScript backtrace (most recent call first):
       [0] _process (res://addons/GdPlanningAI/gdpai_autoload.gd:21)
[GdPAI | debug] GetCost: callable returned non-numeric value: null; returning INFINITY
WARNING: [GdPAI] ObjectRef(1382643928884): object was freed before callback; returning Nil.
   at: gdplanningai_rust::logger::process_logs (src\logger.rs:66)
   GDScript backtrace (most recent call first):
       [0] _process (res://addons/GdPlanningAI/gdpai_autoload.gd:21)
[GdPAI | debug] ApplyEffect [Before] ID=InstanceId(-9223367800624475963): agent props = {"held_item": "", "entity": null, "hunger": 95.0603725}
[GdPAI | debug] ApplyEffect [After] ID=InstanceId(-9223367800624475963): agent props = {"held_item": "", "entity": null, "hunger": 95.0603725}
[GdPAI | debug]   Snapshotting prop: held_item = Str("") (Variant type: STRING)
[GdPAI | debug]   Snapshotting prop: entity = Nil (Variant type: NIL)
[GdPAI | debug]   Snapshotting prop: hunger = Float(95.0603725) (Variant type: FLOAT)
WARNING: [GdPAI] ObjectRef(124621163998): object was freed before callback; returning Nil.
   at: gdplanningai_rust::logger::process_logs (src\logger.rs:66)
   GDScript backtrace (most recent call first):
       [0] _start_plan_and_wait (res://test/integration/test_campfire_example_smoke.gd:57)
[GdPAI | debug] ApplyEffect [Before] ID=InstanceId(-9223367799953387325): agent props = {"held_item": "wood", "hunger": 70.0627442063492, "entity": null}
[GdPAI | debug] ApplyEffect [After] ID=InstanceId(-9223367799953387325): agent props = {"held_item": "wood", "hunger": 70.0627442063492, "entity": null}
[GdPAI | debug]   Snapshotting prop: held_item = Str("wood") (Variant type: STRING)
[GdPAI | debug]   Snapshotting prop: hunger = Float(70.0627442063492) (Variant type: FLOAT)
[GdPAI | debug]   Snapshotting prop: entity = Nil (Variant type: NIL)
WARNING: [GdPAI] ObjectRef(1382643928884): object was freed before callback; returning Nil.
   at: gdplanningai_rust::logger::process_logs (src\logger.rs:66)
   GDScript backtrace (most recent call first):
       [0] _start_plan_and_wait (res://test/integration/test_campfire_example_smoke.gd:57)
[GdPAI | debug] GetCost: callable returned non-numeric value: null; returning INFINITY
WARNING: [GdPAI] ObjectRef(124621163998): object was freed before callback; returning Nil.
   at: gdplanningai_rust::logger::process_logs (src\logger.rs:66)
   GDScript backtrace (most recent call first):
       [0] _process (res://addons/GdPlanningAI/gdpai_autoload.gd:21)
[GdPAI | debug] GetCost: callable returned non-numeric value: null; returning INFINITY
WARNING: [GdPAI] ObjectRef(1382643928884): object was freed before callback; returning Nil.
   at: gdplanningai_rust::logger::process_logs (src\logger.rs:66)
   GDScript backtrace (most recent call first):
       [0] _process (res://addons/GdPlanningAI/gdpai_autoload.gd:21)
[GdPAI | debug] ApplyEffect [Before] ID=InstanceId(-9223367798124670816): agent props = {"entity": null, "held_item": "wood", "hunger": 95.0603725}
[GdPAI | debug] ApplyEffect [After] ID=InstanceId(-9223367798124670816): agent props = {"entity": null, "held_item": "wood", "hunger": 95.0603725}
[GdPAI | debug]   Snapshotting prop: entity = Nil (Variant type: NIL)
[GdPAI | debug]   Snapshotting prop: held_item = Str("wood") (Variant type: STRING)
[GdPAI | debug]   Snapshotting prop: hunger = Float(95.0603725) (Variant type: FLOAT)
[GdPAI | debug] Numeric comparison: 95.0603725 GreaterThan 0 -> true
WARNING: [GdPAI] ObjectRef(124621163998): object was freed before callback; returning Nil.
   at: gdplanningai_rust::logger::process_logs (src\logger.rs:66)
   GDScript backtrace (most recent call first):
       [0] _start_plan_and_wait (res://test/integration/test_campfire_example_smoke.gd:57)
[GdPAI | debug] ApplyEffect [Before] ID=InstanceId(-9223367797453582085): agent props = {"held_item": "wood", "hunger": 70.0627442063492, "entity": null}
[GdPAI | debug] ApplyEffect [After] ID=InstanceId(-9223367797453582085): agent props = {"held_item": "wood", "hunger": 70.0627442063492, "entity": null}
[GdPAI | debug]   Snapshotting prop: held_item = Str("wood") (Variant type: STRING)
[GdPAI | debug]   Snapshotting prop: hunger = Float(70.0627442063492) (Variant type: FLOAT)
[GdPAI | debug]   Snapshotting prop: entity = Nil (Variant type: NIL)
WARNING: [GdPAI] ObjectRef(1382643928884): object was freed before callback; returning Nil.
   at: gdplanningai_rust::logger::process_logs (src\logger.rs:66)
   GDScript backtrace (most recent call first):
       [0] _start_plan_and_wait (res://test/integration/test_campfire_example_smoke.gd:57)
WARNING: [GdPAI] ObjectRef(1382643928884): object was freed before callback; returning Nil.
   at: gdplanningai_rust::logger::process_logs (src\logger.rs:66)
   GDScript backtrace (most recent call first):
       [0] _start_plan_and_wait (res://test/integration/test_campfire_example_smoke.gd:57)
WARNING: [GdPAI] ObjectRef(1382308384561): object was freed before callback; returning Nil.
   at: gdplanningai_rust::logger::process_logs (src\logger.rs:66)
   GDScript backtrace (most recent call first):
       [0] _start_plan_and_wait (res://test/integration/test_campfire_example_smoke.gd:57)
WARNING: [GdPAI] ObjectRef(1383348571562): object was freed before callback; returning Nil.
   at: gdplanningai_rust::logger::process_logs (src\logger.rs:66)
   GDScript backtrace (most recent call first):
       [0] _start_plan_and_wait (res://test/integration/test_campfire_example_smoke.gd:57)
WARNING: [GdPAI] ObjectRef(1382308384561): object was freed before callback; returning Nil.
   at: gdplanningai_rust::logger::process_logs (src\logger.rs:66)
   GDScript backtrace (most recent call first):
       [0] _start_plan_and_wait (res://test/integration/test_campfire_example_smoke.gd:57)
WARNING: [GdPAI] ObjectRef(1383348571562): object was freed before callback; returning Nil.
   at: gdplanningai_rust::logger::process_logs (src\logger.rs:66)
   GDScript backtrace (most recent call first):
       [0] _start_plan_and_wait (res://test/integration/test_campfire_example_smoke.gd:57)
[GdPAI | debug] GetCost: callable returned non-numeric value: null; returning INFINITY
WARNING: [GdPAI] ObjectRef(124621163998): object was freed before callback; returning Nil.
   at: gdplanningai_rust::logger::process_logs (src\logger.rs:66)
   GDScript backtrace (most recent call first):
       [0] _process (res://addons/GdPlanningAI/gdpai_autoload.gd:21)
[GdPAI | debug] GetCost: callable returned non-numeric value: null; returning INFINITY
WARNING: [GdPAI] ObjectRef(1382643928884): object was freed before callback; returning Nil.
   at: gdplanningai_rust::logger::process_logs (src\logger.rs:66)
   GDScript backtrace (most recent call first):
       [0] _process (res://addons/GdPlanningAI/gdpai_autoload.gd:21)
WARNING: [GdPAI] ObjectRef(1382643928884): object was freed before callback; returning Nil.
   at: gdplanningai_rust::logger::process_logs (src\logger.rs:66)
   GDScript backtrace (most recent call first):
       [0] _process (res://addons/GdPlanningAI/gdpai_autoload.gd:21)
WARNING: [GdPAI] ObjectRef(1382308384561): object was freed before callback; returning Nil.
   at: gdplanningai_rust::logger::process_logs (src\logger.rs:66)
   GDScript backtrace (most recent call first):
       [0] _process (res://addons/GdPlanningAI/gdpai_autoload.gd:21)
WARNING: [GdPAI] ObjectRef(1383348571562): object was freed before callback; returning Nil.
   at: gdplanningai_rust::logger::process_logs (src\logger.rs:66)
   GDScript backtrace (most recent call first):
       [0] _process (res://addons/GdPlanningAI/gdpai_autoload.gd:21)
WARNING: [GdPAI] ObjectRef(1382308384561): object was freed before callback; returning Nil.
   at: gdplanningai_rust::logger::process_logs (src\logger.rs:66)
   GDScript backtrace (most recent call first):
       [0] _process (res://addons/GdPlanningAI/gdpai_autoload.gd:21)
WARNING: [GdPAI] ObjectRef(1383348571562): object was freed before callback; returning Nil.
   at: gdplanningai_rust::logger::process_logs (src\logger.rs:66)
   GDScript backtrace (most recent call first):
       [0] _process (res://addons/GdPlanningAI/gdpai_autoload.gd:21)
[GdPAI | debug] ApplyEffect [Before] ID=InstanceId(-9223367795373207306): agent props = {"hunger": 95.0603725, "entity": null, "held_item": "", "at_target": null}
[GdPAI | debug] ApplyEffect [After] ID=InstanceId(-9223367795373207306): agent props = {"hunger": 95.0603725, "entity": null, "held_item": "", "at_target": null}
[GdPAI | debug]   Snapshotting prop: hunger = Float(95.0603725) (Variant type: FLOAT)
[GdPAI | debug]   Snapshotting prop: entity = Nil (Variant type: NIL)
[GdPAI | debug]   Snapshotting prop: held_item = Str("") (Variant type: STRING)
[GdPAI | debug]   Snapshotting prop: at_target = Nil (Variant type: NIL)
WARNING: [GdPAI] ObjectRef(124621163998): object was freed before callback; returning Nil.
   at: gdplanningai_rust::logger::process_logs (src\logger.rs:66)
   GDScript backtrace (most recent call first):
       [0] _start_plan_and_wait (res://test/integration/test_campfire_example_smoke.gd:57)
[GdPAI | debug] ApplyEffect [Before] ID=InstanceId(-9223367794450460453): agent props = {"held_item": "wood", "entity": null, "hunger": 70.0627442063492}
[GdPAI | debug] ApplyEffect [After] ID=InstanceId(-9223367794450460453): agent props = {"held_item": "wood", "entity": null, "hunger": 70.0627442063492}
[GdPAI | debug]   Snapshotting prop: held_item = Str("wood") (Variant type: STRING)
[GdPAI | debug]   Snapshotting prop: entity = Nil (Variant type: NIL)
[GdPAI | debug]   Snapshotting prop: hunger = Float(70.0627442063492) (Variant type: FLOAT)
WARNING: [GdPAI] ObjectRef(1382643928884): object was freed before callback; returning Nil.
   at: gdplanningai_rust::logger::process_logs (src\logger.rs:66)
   GDScript backtrace (most recent call first):
       [0] _start_plan_and_wait (res://test/integration/test_campfire_example_smoke.gd:57)
WARNING: [GdPAI] ObjectRef(1383348571562): object was freed before callback; returning Nil.
   at: gdplanningai_rust::logger::process_logs (src\logger.rs:66)
   GDScript backtrace (most recent call first):
       [0] _start_plan_and_wait (res://test/integration/test_campfire_example_smoke.gd:57)
WARNING: [GdPAI] ObjectRef(1383348571562): object was freed before callback; returning Nil.
   at: gdplanningai_rust::logger::process_logs (src\logger.rs:66)
   GDScript backtrace (most recent call first):
       [0] _start_plan_and_wait (res://test/integration/test_campfire_example_smoke.gd:57)
[GdPAI | debug] GetCost: callable returned non-numeric value: null; returning INFINITY
WARNING: [GdPAI] ObjectRef(124621163998): object was freed before callback; returning Nil.
   at: gdplanningai_rust::logger::process_logs (src\logger.rs:66)
   GDScript backtrace (most recent call first):
       [0] _process (res://addons/GdPlanningAI/gdpai_autoload.gd:21)
[GdPAI | debug] GetCost: callable returned non-numeric value: null; returning INFINITY
WARNING: [GdPAI] ObjectRef(1382643928884): object was freed before callback; returning Nil.
   at: gdplanningai_rust::logger::process_logs (src\logger.rs:66)
   GDScript backtrace (most recent call first):
       [0] _process (res://addons/GdPlanningAI/gdpai_autoload.gd:21)
WARNING: [GdPAI] ObjectRef(1383348571562): object was freed before callback; returning Nil.
   at: gdplanningai_rust::logger::process_logs (src\logger.rs:66)
   GDScript backtrace (most recent call first):
       [0] _process (res://addons/GdPlanningAI/gdpai_autoload.gd:21)
WARNING: [GdPAI] ObjectRef(1383348571562): object was freed before callback; returning Nil.
   at: gdplanningai_rust::logger::process_logs (src\logger.rs:66)
   GDScript backtrace (most recent call first):
       [0] _process (res://addons/GdPlanningAI/gdpai_autoload.gd:21)
[GdPAI | debug] ApplyEffect [Before] ID=InstanceId(-9223367792521080584): agent props = {"entity": null, "hunger": 95.0603725, "held_item": "", "at_target": null}
[GdPAI | debug] ApplyEffect [After] ID=InstanceId(-9223367792521080584): agent props = {"entity": null, "hunger": 95.0603725, "held_item": "", "at_target": null}
[GdPAI | debug]   Snapshotting prop: entity = Nil (Variant type: NIL)
[GdPAI | debug]   Snapshotting prop: hunger = Float(95.0603725) (Variant type: FLOAT)
[GdPAI | debug]   Snapshotting prop: held_item = Str("") (Variant type: STRING)
[GdPAI | debug]   Snapshotting prop: at_target = Nil (Variant type: NIL)
WARNING: [GdPAI] ObjectRef(124621163998): object was freed before callback; returning Nil.
   at: gdplanningai_rust::logger::process_logs (src\logger.rs:66)
   GDScript backtrace (most recent call first):
       [0] _start_plan_and_wait (res://test/integration/test_campfire_example_smoke.gd:57)
[GdPAI | debug] ApplyEffect [Before] ID=InstanceId(-9223367791749328603): agent props = {"entity": null, "hunger": 70.0627442063492, "held_item": "wood"}
[GdPAI | debug] ApplyEffect [After] ID=InstanceId(-9223367791749328603): agent props = {"entity": null, "hunger": 70.0627442063492, "held_item": "wood"}
[GdPAI | debug]   Snapshotting prop: entity = Nil (Variant type: NIL)
[GdPAI | debug]   Snapshotting prop: hunger = Float(70.0627442063492) (Variant type: FLOAT)
[GdPAI | debug]   Snapshotting prop: held_item = Str("wood") (Variant type: STRING)
WARNING: [GdPAI] ObjectRef(1382643928884): object was freed before callback; returning Nil.
   at: gdplanningai_rust::logger::process_logs (src\logger.rs:66)
   GDScript backtrace (most recent call first):
       [0] _start_plan_and_wait (res://test/integration/test_campfire_example_smoke.gd:57)
WARNING: [GdPAI] ObjectRef(1382308384561): object was freed before callback; returning Nil.
   at: gdplanningai_rust::logger::process_logs (src\logger.rs:66)
   GDScript backtrace (most recent call first):
       [0] _start_plan_and_wait (res://test/integration/test_campfire_example_smoke.gd:57)
WARNING: [GdPAI] ObjectRef(1382308384561): object was freed before callback; returning Nil.
   at: gdplanningai_rust::logger::process_logs (src\logger.rs:66)
   GDScript backtrace (most recent call first):
       [0] _start_plan_and_wait (res://test/integration/test_campfire_example_smoke.gd:57)
[GdPAI | debug] GetCost: callable returned non-numeric value: null; returning INFINITY
WARNING: [GdPAI] ObjectRef(124621163998): object was freed before callback; returning Nil.
   at: gdplanningai_rust::logger::process_logs (src\logger.rs:66)
   GDScript backtrace (most recent call first):
       [0] _process (res://addons/GdPlanningAI/gdpai_autoload.gd:21)
WARNING: [GdPAI] ObjectRef(124621163998): object was freed before callback; returning Nil.
   at: gdplanningai_rust::logger::process_logs (src\logger.rs:66)
   GDScript backtrace (most recent call first):
       [0] _process (res://addons/GdPlanningAI/gdpai_autoload.gd:21)
[GdPAI | debug] GetCost: callable returned non-numeric value: null; returning INFINITY
WARNING: [GdPAI] ObjectRef(1382643928884): object was freed before callback; returning Nil.
   at: gdplanningai_rust::logger::process_logs (src\logger.rs:66)
   GDScript backtrace (most recent call first):
       [0] _process (res://addons/GdPlanningAI/gdpai_autoload.gd:21)
WARNING: [GdPAI] ObjectRef(1382308384561): object was freed before callback; returning Nil.
   at: gdplanningai_rust::logger::process_logs (src\logger.rs:66)
   GDScript backtrace (most recent call first):
       [0] _process (res://addons/GdPlanningAI/gdpai_autoload.gd:21)
WARNING: [GdPAI] ObjectRef(1382308384561): object was freed before callback; returning Nil.
   at: gdplanningai_rust::logger::process_logs (src\logger.rs:66)
   GDScript backtrace (most recent call first):
       [0] _process (res://addons/GdPlanningAI/gdpai_autoload.gd:21)
[GdPAI | debug] ApplyEffect [Before] ID=InstanceId(-9223367789819948760): agent props = {"hunger": 95.0603725, "held_item": "", "entity": null, "at_target": null}
[GdPAI | debug] ApplyEffect [After] ID=InstanceId(-9223367789819948760): agent props = {"hunger": 95.0603725, "held_item": "", "entity": null, "at_target": null}
[GdPAI | debug]   Snapshotting prop: hunger = Float(95.0603725) (Variant type: FLOAT)
[GdPAI | debug]   Snapshotting prop: held_item = Str("") (Variant type: STRING)
[GdPAI | debug]   Snapshotting prop: entity = Nil (Variant type: NIL)
[GdPAI | debug]   Snapshotting prop: at_target = Nil (Variant type: NIL)
WARNING: [GdPAI] ObjectRef(124621163998): object was freed before callback; returning Nil.
   at: gdplanningai_rust::logger::process_logs (src\logger.rs:66)
   GDScript backtrace (most recent call first):
       [0] _start_plan_and_wait (res://test/integration/test_campfire_example_smoke.gd:57)
WARNING: [GdPAI] ObjectRef(124621163998): object was freed before callback; returning Nil.
   at: gdplanningai_rust::logger::process_logs (src\logger.rs:66)
   GDScript backtrace (most recent call first):
       [0] _start_plan_and_wait (res://test/integration/test_campfire_example_smoke.gd:57)
[GdPAI | debug] ApplyEffect [Before] ID=InstanceId(-9223367788997865139): agent props = {"held_item": "", "hunger": 70.0627442063492, "entity": null}
[GdPAI | debug] ApplyEffect [After] ID=InstanceId(-9223367788997865139): agent props = {"held_item": "", "hunger": 70.0627442063492, "entity": null}
[GdPAI | debug]   Snapshotting prop: held_item = Str("") (Variant type: STRING)
[GdPAI | debug]   Snapshotting prop: hunger = Float(70.0627442063492) (Variant type: FLOAT)
[GdPAI | debug]   Snapshotting prop: entity = Nil (Variant type: NIL)
WARNING: [GdPAI] ObjectRef(1382643928884): object was freed before callback; returning Nil.
   at: gdplanningai_rust::logger::process_logs (src\logger.rs:66)
   GDScript backtrace (most recent call first):
       [0] _start_plan_and_wait (res://test/integration/test_campfire_example_smoke.gd:57)
[GdPAI | debug] GetCost: callable returned non-numeric value: null; returning INFINITY
WARNING: [GdPAI] ObjectRef(124621163998): object was freed before callback; returning Nil.
   at: gdplanningai_rust::logger::process_logs (src\logger.rs:66)
   GDScript backtrace (most recent call first):
       [0] _process (res://addons/GdPlanningAI/gdpai_autoload.gd:21)
[GdPAI | debug] GetCost: callable returned non-numeric value: null; returning INFINITY
WARNING: [GdPAI] ObjectRef(1382643928884): object was freed before callback; returning Nil.
   at: gdplanningai_rust::logger::process_logs (src\logger.rs:66)
   GDScript backtrace (most recent call first):
       [0] _process (res://addons/GdPlanningAI/gdpai_autoload.gd:21)
[GdPAI | debug] ApplyEffect [Before] ID=InstanceId(-9223367787118816979): agent props = {"at_target": null, "entity": null, "held_item": "wood", "hunger": 95.0603725}
[GdPAI | debug] ApplyEffect [After] ID=InstanceId(-9223367787118816979): agent props = {"at_target": null, "entity": null, "held_item": "wood", "hunger": 95.0603725}
[GdPAI | debug]   Snapshotting prop: at_target = Nil (Variant type: NIL)
[GdPAI | debug]   Snapshotting prop: entity = Nil (Variant type: NIL)
[GdPAI | debug]   Snapshotting prop: held_item = Str("wood") (Variant type: STRING)
[GdPAI | debug]   Snapshotting prop: hunger = Float(95.0603725) (Variant type: FLOAT)
WARNING: [GdPAI] ObjectRef(124621163998): object was freed before callback; returning Nil.
   at: gdplanningai_rust::logger::process_logs (src\logger.rs:66)
   GDScript backtrace (most recent call first):
       [0] _start_plan_and_wait (res://test/integration/test_campfire_example_smoke.gd:57)
[GdPAI | debug] ApplyEffect [Before] ID=InstanceId(-9223367786447728292): agent props = {"entity": null, "hunger": 70.0627442063492, "held_item": "wood"}
[GdPAI | debug] ApplyEffect [After] ID=InstanceId(-9223367786447728292): agent props = {"entity": null, "hunger": 70.0627442063492, "held_item": "wood"}
[GdPAI | debug]   Snapshotting prop: entity = Nil (Variant type: NIL)
[GdPAI | debug]   Snapshotting prop: hunger = Float(70.0627442063492) (Variant type: FLOAT)
[GdPAI | debug]   Snapshotting prop: held_item = Str("wood") (Variant type: STRING)
WARNING: [GdPAI] ObjectRef(1382643928884): object was freed before callback; returning Nil.
   at: gdplanningai_rust::logger::process_logs (src\logger.rs:66)
   GDScript backtrace (most recent call first):
       [0] _start_plan_and_wait (res://test/integration/test_campfire_example_smoke.gd:57)
WARNING: [GdPAI] ObjectRef(1382643928884): object was freed before callback; returning Nil.
   at: gdplanningai_rust::logger::process_logs (src\logger.rs:66)
   GDScript backtrace (most recent call first):
       [0] _start_plan_and_wait (res://test/integration/test_campfire_example_smoke.gd:57)
[GdPAI | debug] GetCost: callable returned non-numeric value: null; returning INFINITY
WARNING: [GdPAI] ObjectRef(124621163998): object was freed before callback; returning Nil.
   at: gdplanningai_rust::logger::process_logs (src\logger.rs:66)
   GDScript backtrace (most recent call first):
       [0] _process (res://addons/GdPlanningAI/gdpai_autoload.gd:21)
[GdPAI | debug] GetCost: callable returned non-numeric value: null; returning INFINITY
WARNING: [GdPAI] ObjectRef(1382643928884): object was freed before callback; returning Nil.
   at: gdplanningai_rust::logger::process_logs (src\logger.rs:66)
   GDScript backtrace (most recent call first):
       [0] _process (res://addons/GdPlanningAI/gdpai_autoload.gd:21)
WARNING: [GdPAI] ObjectRef(1382643928884): object was freed before callback; returning Nil.
   at: gdplanningai_rust::logger::process_logs (src\logger.rs:66)
   GDScript backtrace (most recent call first):
       [0] _process (res://addons/GdPlanningAI/gdpai_autoload.gd:21)
[GdPAI | debug] ApplyEffect [Before] ID=InstanceId(-9223367784568680156): agent props = {"held_item": "", "hunger": 95.0603725, "entity": null}
[GdPAI | debug] ApplyEffect [After] ID=InstanceId(-9223367784568680156): agent props = {"held_item": "", "hunger": 95.0603725, "entity": null}
[GdPAI | debug]   Snapshotting prop: held_item = Str("") (Variant type: STRING)
[GdPAI | debug]   Snapshotting prop: hunger = Float(95.0603725) (Variant type: FLOAT)
[GdPAI | debug]   Snapshotting prop: entity = Nil (Variant type: NIL)
WARNING: [GdPAI] ObjectRef(124621163998): object was freed before callback; returning Nil.
   at: gdplanningai_rust::logger::process_logs (src\logger.rs:66)
   GDScript backtrace (most recent call first):
       [0] _start_plan_and_wait (res://test/integration/test_campfire_example_smoke.gd:57)
[GdPAI | debug] ApplyEffect [Before] ID=InstanceId(-9223367783847259799): agent props = {"entity": null, "held_item": "wood", "hunger": 70.0627442063492}
[GdPAI | debug] ApplyEffect [After] ID=InstanceId(-9223367783847259799): agent props = {"entity": null, "held_item": "wood", "hunger": 70.0627442063492}
[GdPAI | debug]   Snapshotting prop: entity = Nil (Variant type: NIL)
[GdPAI | debug]   Snapshotting prop: held_item = Str("wood") (Variant type: STRING)
[GdPAI | debug]   Snapshotting prop: hunger = Float(70.0627442063492) (Variant type: FLOAT)
WARNING: [GdPAI] ObjectRef(1382643928884): object was freed before callback; returning Nil.
   at: gdplanningai_rust::logger::process_logs (src\logger.rs:66)
   GDScript backtrace (most recent call first):
       [0] _start_plan_and_wait (res://test/integration/test_campfire_example_smoke.gd:57)
[GdPAI | debug] GetCost: callable returned non-numeric value: null; returning INFINITY
WARNING: [GdPAI] ObjectRef(124621163998): object was freed before callback; returning Nil.
   at: gdplanningai_rust::logger::process_logs (src\logger.rs:66)
   GDScript backtrace (most recent call first):
       [0] _process (res://addons/GdPlanningAI/gdpai_autoload.gd:21)
[GdPAI | debug] GetCost: callable returned non-numeric value: null; returning INFINITY
WARNING: [GdPAI] ObjectRef(1382643928884): object was freed before callback; returning Nil.
   at: gdplanningai_rust::logger::process_logs (src\logger.rs:66)
   GDScript backtrace (most recent call first):
       [0] _process (res://addons/GdPlanningAI/gdpai_autoload.gd:21)
[GdPAI | debug] ApplyEffect [Before] ID=InstanceId(-9223367782018543282): agent props = {"hunger": 95.0603725, "held_item": "", "entity": null}
[GdPAI | debug] ApplyEffect [After] ID=InstanceId(-9223367782018543282): agent props = {"hunger": 95.0603725, "held_item": "", "entity": null}
[GdPAI | debug]   Snapshotting prop: hunger = Float(95.0603725) (Variant type: FLOAT)
[GdPAI | debug]   Snapshotting prop: held_item = Str("") (Variant type: STRING)
[GdPAI | debug]   Snapshotting prop: entity = Nil (Variant type: NIL)
WARNING: [GdPAI] ObjectRef(124621163998): object was freed before callback; returning Nil.
   at: gdplanningai_rust::logger::process_logs (src\logger.rs:66)
   GDScript backtrace (most recent call first):
       [0] _start_plan_and_wait (res://test/integration/test_campfire_example_smoke.gd:57)
[GdPAI | debug] ApplyEffect [Before] ID=InstanceId(-9223367781347454592): agent props = {"hunger": 70.0627442063492, "held_item": "wood", "entity": null}
[GdPAI | debug] ApplyEffect [After] ID=InstanceId(-9223367781347454592): agent props = {"hunger": 70.0627442063492, "held_item": "wood", "entity": null}
[GdPAI | debug]   Snapshotting prop: hunger = Float(70.0627442063492) (Variant type: FLOAT)
[GdPAI | debug]   Snapshotting prop: held_item = Str("wood") (Variant type: STRING)
[GdPAI | debug]   Snapshotting prop: entity = Nil (Variant type: NIL)
WARNING: [GdPAI] ObjectRef(1382643928884): object was freed before callback; returning Nil.
   at: gdplanningai_rust::logger::process_logs (src\logger.rs:66)
   GDScript backtrace (most recent call first):
       [0] _start_plan_and_wait (res://test/integration/test_campfire_example_smoke.gd:57)
[GdPAI | debug] GetCost: callable returned non-numeric value: null; returning INFINITY
WARNING: [GdPAI] ObjectRef(124621163998): object was freed before callback; returning Nil.
   at: gdplanningai_rust::logger::process_logs (src\logger.rs:66)
   GDScript backtrace (most recent call first):
       [0] _process (res://addons/GdPlanningAI/gdpai_autoload.gd:21)
[GdPAI | debug] GetCost: callable returned non-numeric value: null; returning INFINITY
WARNING: [GdPAI] ObjectRef(1382643928884): object was freed before callback; returning Nil.
   at: gdplanningai_rust::logger::process_logs (src\logger.rs:66)
   GDScript backtrace (most recent call first):
       [0] _process (res://addons/GdPlanningAI/gdpai_autoload.gd:21)
[GdPAI | debug] ApplyEffect [Before] ID=InstanceId(-9223367779518738055): agent props = {"held_item": "", "entity": null, "hunger": 95.0603725}
[GdPAI | debug] ApplyEffect [After] ID=InstanceId(-9223367779518738055): agent props = {"held_item": "", "entity": null, "hunger": 95.0603725}
[GdPAI | debug]   Snapshotting prop: held_item = Str("") (Variant type: STRING)
[GdPAI | debug]   Snapshotting prop: entity = Nil (Variant type: NIL)
[GdPAI | debug]   Snapshotting prop: hunger = Float(95.0603725) (Variant type: FLOAT)
WARNING: [GdPAI] ObjectRef(124621163998): object was freed before callback; returning Nil.
   at: gdplanningai_rust::logger::process_logs (src\logger.rs:66)
   GDScript backtrace (most recent call first):
       [0] _start_plan_and_wait (res://test/integration/test_campfire_example_smoke.gd:57)
[GdPAI | debug] ApplyEffect [Before] ID=InstanceId(-9223367778847649426): agent props = {"entity": null, "held_item": "wood", "hunger": 70.0627442063492}
[GdPAI | debug] ApplyEffect [After] ID=InstanceId(-9223367778847649426): agent props = {"entity": null, "held_item": "wood", "hunger": 70.0627442063492}
[GdPAI | debug]   Snapshotting prop: entity = Nil (Variant type: NIL)
[GdPAI | debug]   Snapshotting prop: held_item = Str("wood") (Variant type: STRING)
[GdPAI | debug]   Snapshotting prop: hunger = Float(70.0627442063492) (Variant type: FLOAT)
WARNING: [GdPAI] ObjectRef(1382643928884): object was freed before callback; returning Nil.
   at: gdplanningai_rust::logger::process_logs (src\logger.rs:66)
   GDScript backtrace (most recent call first):
       [0] _start_plan_and_wait (res://test/integration/test_campfire_example_smoke.gd:57)
[GdPAI | debug] GetCost: callable returned non-numeric value: null; returning INFINITY
WARNING: [GdPAI] ObjectRef(124621163998): object was freed before callback; returning Nil.
   at: gdplanningai_rust::logger::process_logs (src\logger.rs:66)
   GDScript backtrace (most recent call first):
       [0] _process (res://addons/GdPlanningAI/gdpai_autoload.gd:21)
[GdPAI | debug] GetCost: callable returned non-numeric value: null; returning INFINITY
WARNING: [GdPAI] ObjectRef(1382643928884): object was freed before callback; returning Nil.
   at: gdplanningai_rust::logger::process_logs (src\logger.rs:66)
   GDScript backtrace (most recent call first):
       [0] _process (res://addons/GdPlanningAI/gdpai_autoload.gd:21)
[GdPAI | debug] ApplyEffect [Before] ID=InstanceId(-9223367777018932872): agent props = {"hunger": 95.0603725, "entity": null, "held_item": "wood"}
[GdPAI | debug] ApplyEffect [After] ID=InstanceId(-9223367777018932872): agent props = {"hunger": 95.0603725, "entity": null, "held_item": "wood"}
[GdPAI | debug]   Snapshotting prop: hunger = Float(95.0603725) (Variant type: FLOAT)
[GdPAI | debug]   Snapshotting prop: entity = Nil (Variant type: NIL)
[GdPAI | debug]   Snapshotting prop: held_item = Str("wood") (Variant type: STRING)
WARNING: [GdPAI] ObjectRef(124621163998): object was freed before callback; returning Nil.
   at: gdplanningai_rust::logger::process_logs (src\logger.rs:66)
   GDScript backtrace (most recent call first):
       [0] _start_plan_and_wait (res://test/integration/test_campfire_example_smoke.gd:57)
[GdPAI | debug] ApplyEffect [Before] ID=InstanceId(-9223367776347844197): agent props = {"entity": null, "held_item": "wood", "hunger": 70.0627442063492}
[GdPAI | debug] ApplyEffect [After] ID=InstanceId(-9223367776347844197): agent props = {"entity": null, "held_item": "wood", "hunger": 70.0627442063492}
[GdPAI | debug]   Snapshotting prop: entity = Nil (Variant type: NIL)
[GdPAI | debug]   Snapshotting prop: held_item = Str("wood") (Variant type: STRING)
[GdPAI | debug]   Snapshotting prop: hunger = Float(70.0627442063492) (Variant type: FLOAT)
WARNING: [GdPAI] ObjectRef(1382643928884): object was freed before callback; returning Nil.
   at: gdplanningai_rust::logger::process_logs (src\logger.rs:66)
   GDScript backtrace (most recent call first):
       [0] _start_plan_and_wait (res://test/integration/test_campfire_example_smoke.gd:57)
WARNING: [GdPAI] ObjectRef(1382643928884): object was freed before callback; returning Nil.
   at: gdplanningai_rust::logger::process_logs (src\logger.rs:66)
   GDScript backtrace (most recent call first):
       [0] _start_plan_and_wait (res://test/integration/test_campfire_example_smoke.gd:57)
[GdPAI | debug] GetCost: callable returned non-numeric value: null; returning INFINITY
WARNING: [GdPAI] ObjectRef(124621163998): object was freed before callback; returning Nil.
   at: gdplanningai_rust::logger::process_logs (src\logger.rs:66)
   GDScript backtrace (most recent call first):
       [0] _process (res://addons/GdPlanningAI/gdpai_autoload.gd:21)
WARNING: [GdPAI] ObjectRef(124621163998): object was freed before callback; returning Nil.
   at: gdplanningai_rust::logger::process_logs (src\logger.rs:66)
   GDScript backtrace (most recent call first):
       [0] _process (res://addons/GdPlanningAI/gdpai_autoload.gd:21)
[GdPAI | debug] GetCost: callable returned non-numeric value: null; returning INFINITY
WARNING: [GdPAI] ObjectRef(1382643928884): object was freed before callback; returning Nil.
   at: gdplanningai_rust::logger::process_logs (src\logger.rs:66)
   GDScript backtrace (most recent call first):
       [0] _process (res://addons/GdPlanningAI/gdpai_autoload.gd:21)
WARNING: [GdPAI] ObjectRef(1382643928884): object was freed before callback; returning Nil.
   at: gdplanningai_rust::logger::process_logs (src\logger.rs:66)
   GDScript backtrace (most recent call first):
       [0] _process (res://addons/GdPlanningAI/gdpai_autoload.gd:21)
[GdPAI | debug] ApplyEffect [Before] ID=InstanceId(-9223367774468796129): agent props = {"hunger": 95.0603725, "entity": null, "held_item": ""}
[GdPAI | debug] ApplyEffect [After] ID=InstanceId(-9223367774468796129): agent props = {"hunger": 95.0603725, "entity": null, "held_item": ""}
[GdPAI | debug]   Snapshotting prop: hunger = Float(95.0603725) (Variant type: FLOAT)
[GdPAI | debug]   Snapshotting prop: entity = Nil (Variant type: NIL)
[GdPAI | debug]   Snapshotting prop: held_item = Str("") (Variant type: STRING)
WARNING: [GdPAI] ObjectRef(124621163998): object was freed before callback; returning Nil.
   at: gdplanningai_rust::logger::process_logs (src\logger.rs:66)
   GDScript backtrace (most recent call first):
       [0] _start_plan_and_wait (res://test/integration/test_campfire_example_smoke.gd:57)
WARNING: [GdPAI] ObjectRef(124621163998): object was freed before callback; returning Nil.
   at: gdplanningai_rust::logger::process_logs (src\logger.rs:66)
   GDScript backtrace (most recent call first):
       [0] _start_plan_and_wait (res://test/integration/test_campfire_example_smoke.gd:57)
[GdPAI | debug] ApplyEffect [Before] ID=InstanceId(-9223367773697044068): agent props = {"held_item": "", "entity": null, "hunger": 70.0627442063492}
[GdPAI | debug] ApplyEffect [After] ID=InstanceId(-9223367773697044068): agent props = {"held_item": "", "entity": null, "hunger": 70.0627442063492}
[GdPAI | debug]   Snapshotting prop: held_item = Str("") (Variant type: STRING)
[GdPAI | debug]   Snapshotting prop: entity = Nil (Variant type: NIL)
[GdPAI | debug]   Snapshotting prop: hunger = Float(70.0627442063492) (Variant type: FLOAT)
WARNING: [GdPAI] ObjectRef(1382643928884): object was freed before callback; returning Nil.
   at: gdplanningai_rust::logger::process_logs (src\logger.rs:66)
   GDScript backtrace (most recent call first):
       [0] _start_plan_and_wait (res://test/integration/test_campfire_example_smoke.gd:57)
[GdPAI | debug] GetCost: callable returned non-numeric value: null; returning INFINITY
WARNING: [GdPAI] ObjectRef(124621163998): object was freed before callback; returning Nil.
   at: gdplanningai_rust::logger::process_logs (src\logger.rs:66)
   GDScript backtrace (most recent call first):
       [0] _process (res://addons/GdPlanningAI/gdpai_autoload.gd:21)
[GdPAI | debug] GetCost: callable returned non-numeric value: null; returning INFINITY
WARNING: [GdPAI] ObjectRef(1382643928884): object was freed before callback; returning Nil.
   at: gdplanningai_rust::logger::process_logs (src\logger.rs:66)
   GDScript backtrace (most recent call first):
       [0] _process (res://addons/GdPlanningAI/gdpai_autoload.gd:21)
[GdPAI | debug] ApplyEffect [Before] ID=InstanceId(-9223367771817995868): agent props = {"held_item": "", "hunger": 95.0603725, "entity": null}
[GdPAI | debug] ApplyEffect [After] ID=InstanceId(-9223367771817995868): agent props = {"held_item": "", "hunger": 95.0603725, "entity": null}
[GdPAI | debug]   Snapshotting prop: held_item = Str("") (Variant type: STRING)
[GdPAI | debug]   Snapshotting prop: hunger = Float(95.0603725) (Variant type: FLOAT)
[GdPAI | debug]   Snapshotting prop: entity = Nil (Variant type: NIL)
WARNING: [GdPAI] ObjectRef(124621163998): object was freed before callback; returning Nil.
   at: gdplanningai_rust::logger::process_logs (src\logger.rs:66)
   GDScript backtrace (most recent call first):
       [0] _start_plan_and_wait (res://test/integration/test_campfire_example_smoke.gd:57)
[GdPAI | debug] ApplyEffect [Before] ID=InstanceId(-9223367771146907198): agent props = {"held_item": "wood", "hunger": 70.0627442063492, "entity": null}
[GdPAI | debug] ApplyEffect [After] ID=InstanceId(-9223367771146907198): agent props = {"held_item": "wood", "hunger": 70.0627442063492, "entity": null}
[GdPAI | debug]   Snapshotting prop: held_item = Str("wood") (Variant type: STRING)
[GdPAI | debug]   Snapshotting prop: hunger = Float(70.0627442063492) (Variant type: FLOAT)
[GdPAI | debug]   Snapshotting prop: entity = Nil (Variant type: NIL)
WARNING: [GdPAI] ObjectRef(1382643928884): object was freed before callback; returning Nil.
   at: gdplanningai_rust::logger::process_logs (src\logger.rs:66)
   GDScript backtrace (most recent call first):
       [0] _start_plan_and_wait (res://test/integration/test_campfire_example_smoke.gd:57)
[GdPAI | debug] GetCost: callable returned non-numeric value: null; returning INFINITY
WARNING: [GdPAI] ObjectRef(124621163998): object was freed before callback; returning Nil.
   at: gdplanningai_rust::logger::process_logs (src\logger.rs:66)
   GDScript backtrace (most recent call first):
       [0] _process (res://addons/GdPlanningAI/gdpai_autoload.gd:21)
[GdPAI | debug] GetCost: callable returned non-numeric value: null; returning INFINITY
WARNING: [GdPAI] ObjectRef(1382643928884): object was freed before callback; returning Nil.
   at: gdplanningai_rust::logger::process_logs (src\logger.rs:66)
   GDScript backtrace (most recent call first):
       [0] _process (res://addons/GdPlanningAI/gdpai_autoload.gd:21)
[GdPAI | debug] ApplyEffect [Before] ID=InstanceId(-9223367769318190671): agent props = {"held_item": "", "hunger": 95.0603725, "entity": null}
[GdPAI | debug] ApplyEffect [After] ID=InstanceId(-9223367769318190671): agent props = {"held_item": "", "hunger": 95.0603725, "entity": null}
[GdPAI | debug]   Snapshotting prop: held_item = Str("") (Variant type: STRING)
[GdPAI | debug]   Snapshotting prop: hunger = Float(95.0603725) (Variant type: FLOAT)
[GdPAI | debug]   Snapshotting prop: entity = Nil (Variant type: NIL)
WARNING: [GdPAI] ObjectRef(124621163998): object was freed before callback; returning Nil.
   at: gdplanningai_rust::logger::process_logs (src\logger.rs:66)
   GDScript backtrace (most recent call first):
       [0] _start_plan_and_wait (res://test/integration/test_campfire_example_smoke.gd:57)
[GdPAI | debug] ApplyEffect [Before] ID=InstanceId(-9223367768647102002): agent props = {"entity": null, "hunger": 70.0627442063492, "held_item": "wood"}
[GdPAI | debug] ApplyEffect [After] ID=InstanceId(-9223367768647102002): agent props = {"entity": null, "hunger": 70.0627442063492, "held_item": "wood"}
[GdPAI | debug]   Snapshotting prop: entity = Nil (Variant type: NIL)
[GdPAI | debug]   Snapshotting prop: hunger = Float(70.0627442063492) (Variant type: FLOAT)
[GdPAI | debug]   Snapshotting prop: held_item = Str("wood") (Variant type: STRING)
WARNING: [GdPAI] ObjectRef(1382643928884): object was freed before callback; returning Nil.
   at: gdplanningai_rust::logger::process_logs (src\logger.rs:66)
   GDScript backtrace (most recent call first):
       [0] _start_plan_and_wait (res://test/integration/test_campfire_example_smoke.gd:57)
[GdPAI | debug] GetCost: callable returned non-numeric value: null; returning INFINITY
WARNING: [GdPAI] ObjectRef(124621163998): object was freed before callback; returning Nil.
   at: gdplanningai_rust::logger::process_logs (src\logger.rs:66)
   GDScript backtrace (most recent call first):
       [0] _process (res://addons/GdPlanningAI/gdpai_autoload.gd:21)
[GdPAI | debug] GetCost: callable returned non-numeric value: null; returning INFINITY
WARNING: [GdPAI] ObjectRef(1382643928884): object was freed before callback; returning Nil.
   at: gdplanningai_rust::logger::process_logs (src\logger.rs:66)
   GDScript backtrace (most recent call first):
       [0] _process (res://addons/GdPlanningAI/gdpai_autoload.gd:21)
[GdPAI | debug] ApplyEffect [Before] ID=InstanceId(-9223367766818385488): agent props = {"held_item": "wood", "hunger": 95.0603725, "entity": null}
[GdPAI | debug] ApplyEffect [After] ID=InstanceId(-9223367766818385488): agent props = {"held_item": "wood", "hunger": 95.0603725, "entity": null}
[GdPAI | debug]   Snapshotting prop: held_item = Str("wood") (Variant type: STRING)
[GdPAI | debug]   Snapshotting prop: hunger = Float(95.0603725) (Variant type: FLOAT)
[GdPAI | debug]   Snapshotting prop: entity = Nil (Variant type: NIL)
WARNING: [GdPAI] ObjectRef(124621163998): object was freed before callback; returning Nil.
   at: gdplanningai_rust::logger::process_logs (src\logger.rs:66)
   GDScript backtrace (most recent call first):
       [0] _start_plan_and_wait (res://test/integration/test_campfire_example_smoke.gd:57)
[GdPAI | debug] ApplyEffect [Before] ID=InstanceId(-9223367766147296821): agent props = {"hunger": 70.0627442063492, "entity": null, "held_item": "wood"}
[GdPAI | debug] ApplyEffect [After] ID=InstanceId(-9223367766147296821): agent props = {"hunger": 70.0627442063492, "entity": null, "held_item": "wood"}
[GdPAI | debug]   Snapshotting prop: hunger = Float(70.0627442063492) (Variant type: FLOAT)
[GdPAI | debug]   Snapshotting prop: entity = Nil (Variant type: NIL)
[GdPAI | debug]   Snapshotting prop: held_item = Str("wood") (Variant type: STRING)
WARNING: [GdPAI] ObjectRef(1382643928884): object was freed before callback; returning Nil.
   at: gdplanningai_rust::logger::process_logs (src\logger.rs:66)
   GDScript backtrace (most recent call first):
       [0] _start_plan_and_wait (res://test/integration/test_campfire_example_smoke.gd:57)
WARNING: [GdPAI] ObjectRef(1382643928884): object was freed before callback; returning Nil.
   at: gdplanningai_rust::logger::process_logs (src\logger.rs:66)
   GDScript backtrace (most recent call first):
       [0] _start_plan_and_wait (res://test/integration/test_campfire_example_smoke.gd:57)
[GdPAI | debug] GetCost: callable returned non-numeric value: null; returning INFINITY
WARNING: [GdPAI] ObjectRef(124621163998): object was freed before callback; returning Nil.
   at: gdplanningai_rust::logger::process_logs (src\logger.rs:66)
   GDScript backtrace (most recent call first):
       [0] _process (res://addons/GdPlanningAI/gdpai_autoload.gd:21)
[GdPAI | debug] GetCost: callable returned non-numeric value: null; returning INFINITY
WARNING: [GdPAI] ObjectRef(1382643928884): object was freed before callback; returning Nil.
   at: gdplanningai_rust::logger::process_logs (src\logger.rs:66)
   GDScript backtrace (most recent call first):
       [0] _process (res://addons/GdPlanningAI/gdpai_autoload.gd:21)
WARNING: [GdPAI] ObjectRef(1382643928884): object was freed before callback; returning Nil.
   at: gdplanningai_rust::logger::process_logs (src\logger.rs:66)
   GDScript backtrace (most recent call first):
       [0] _process (res://addons/GdPlanningAI/gdpai_autoload.gd:21)
[GdPAI | debug] ApplyEffect [Before] ID=InstanceId(-9223367764268248718): agent props = {"entity": null, "held_item": "", "hunger": 95.0603725}
[GdPAI | debug] ApplyEffect [After] ID=InstanceId(-9223367764268248718): agent props = {"entity": null, "held_item": "", "hunger": 95.0603725}
[GdPAI | debug]   Snapshotting prop: entity = Nil (Variant type: NIL)
[GdPAI | debug]   Snapshotting prop: held_item = Str("") (Variant type: STRING)
[GdPAI | debug]   Snapshotting prop: hunger = Float(95.0603725) (Variant type: FLOAT)
WARNING: [GdPAI] ObjectRef(124621163998): object was freed before callback; returning Nil.
   at: gdplanningai_rust::logger::process_logs (src\logger.rs:66)
   GDScript backtrace (most recent call first):
       [0] _start_plan_and_wait (res://test/integration/test_campfire_example_smoke.gd:57)
[GdPAI | debug] ApplyEffect [Before] ID=InstanceId(-9223367763546828316): agent props = {"held_item": "wood", "hunger": 70.0627442063492, "entity": null}
[GdPAI | debug] ApplyEffect [After] ID=InstanceId(-9223367763546828316): agent props = {"held_item": "wood", "hunger": 70.0627442063492, "entity": null}
[GdPAI | debug]   Snapshotting prop: held_item = Str("wood") (Variant type: STRING)
[GdPAI | debug]   Snapshotting prop: hunger = Float(70.0627442063492) (Variant type: FLOAT)
[GdPAI | debug]   Snapshotting prop: entity = Nil (Variant type: NIL)
WARNING: [GdPAI] ObjectRef(1382643928884): object was freed before callback; returning Nil.
   at: gdplanningai_rust::logger::process_logs (src\logger.rs:66)
   GDScript backtrace (most recent call first):
       [0] _start_plan_and_wait (res://test/integration/test_campfire_example_smoke.gd:57)
[GdPAI | debug] GetCost: callable returned non-numeric value: null; returning INFINITY
WARNING: [GdPAI] ObjectRef(124621163998): object was freed before callback; returning Nil.
   at: gdplanningai_rust::logger::process_logs (src\logger.rs:66)
   GDScript backtrace (most recent call first):
       [0] _process (res://addons/GdPlanningAI/gdpai_autoload.gd:21)
[GdPAI | debug] GetCost: callable returned non-numeric value: null; returning INFINITY
WARNING: [GdPAI] ObjectRef(1382643928884): object was freed before callback; returning Nil.
   at: gdplanningai_rust::logger::process_logs (src\logger.rs:66)
   GDScript backtrace (most recent call first):
       [0] _process (res://addons/GdPlanningAI/gdpai_autoload.gd:21)
[GdPAI | debug] ApplyEffect [Before] ID=InstanceId(-9223367761718111860): agent props = {"entity": null, "hunger": 95.0603725, "held_item": ""}
[GdPAI | debug] ApplyEffect [After] ID=InstanceId(-9223367761718111860): agent props = {"entity": null, "hunger": 95.0603725, "held_item": ""}
[GdPAI | debug]   Snapshotting prop: entity = Nil (Variant type: NIL)
[GdPAI | debug]   Snapshotting prop: hunger = Float(95.0603725) (Variant type: FLOAT)
[GdPAI | debug]   Snapshotting prop: held_item = Str("") (Variant type: STRING)
WARNING: [GdPAI] ObjectRef(124621163998): object was freed before callback; returning Nil.
   at: gdplanningai_rust::logger::process_logs (src\logger.rs:66)
   GDScript backtrace (most recent call first):
       [0] _start_plan_and_wait (res://test/integration/test_campfire_example_smoke.gd:57)
[GdPAI | debug] ApplyEffect [Before] ID=InstanceId(-9223367761047023120): agent props = {"held_item": "wood", "hunger": 70.0627442063492, "entity": null}
[GdPAI | debug] ApplyEffect [After] ID=InstanceId(-9223367761047023120): agent props = {"held_item": "wood", "hunger": 70.0627442063492, "entity": null}
[GdPAI | debug]   Snapshotting prop: held_item = Str("wood") (Variant type: STRING)
[GdPAI | debug]   Snapshotting prop: hunger = Float(70.0627442063492) (Variant type: FLOAT)
[GdPAI | debug]   Snapshotting prop: entity = Nil (Variant type: NIL)
WARNING: [GdPAI] ObjectRef(1382643928884): object was freed before callback; returning Nil.
   at: gdplanningai_rust::logger::process_logs (src\logger.rs:66)
   GDScript backtrace (most recent call first):
       [0] _start_plan_and_wait (res://test/integration/test_campfire_example_smoke.gd:57)
[GdPAI | debug] GetCost: callable returned non-numeric value: null; returning INFINITY
[GdPAI] A* Iteration: pop node with chain length 5
[GdPAI | debug] Numeric comparison: 70.0627442063492 LessThan 55.062744206349194 -> false
[GdPAI | debug] find_candidates: Checking 15 actions against 0 preconds and 0 requirements
WARNING: [GdPAI] ObjectRef(124621163998): object was freed before callback; returning Nil.
   at: gdplanningai_rust::logger::process_logs (src\logger.rs:66)
   GDScript backtrace (most recent call first):
       [0] _process (res://addons/GdPlanningAI/gdpai_autoload.gd:21)
WARNING: [GdPAI] ObjectRef(124621163998): object was freed before callback; returning Nil.
   at: gdplanningai_rust::logger::process_logs (src\logger.rs:66)
   GDScript backtrace (most recent call first):
       [0] _process (res://addons/GdPlanningAI/gdpai_autoload.gd:21)
WARNING: [GdPAI] ObjectRef(1382643928884): object was freed before callback; returning Nil.
   at: gdplanningai_rust::logger::process_logs (src\logger.rs:66)
   GDScript backtrace (most recent call first):
       [0] _process (res://addons/GdPlanningAI/gdpai_autoload.gd:21)
[GdPAI | debug] ApplyEffect [Before] ID=InstanceId(-9223367759218306609): agent props = {"entity": null, "held_item": "", "hunger": 95.0603725}
[GdPAI | debug] ApplyEffect [After] ID=InstanceId(-9223367759218306609): agent props = {"entity": null, "held_item": "", "hunger": 95.0603725}
[GdPAI | debug]   Snapshotting prop: entity = Nil (Variant type: NIL)
[GdPAI | debug]   Snapshotting prop: held_item = Str("") (Variant type: STRING)
[GdPAI | debug]   Snapshotting prop: hunger = Float(95.0603725) (Variant type: FLOAT)
WARNING: [GdPAI] ObjectRef(124621163998): object was freed before callback; returning Nil.
   at: gdplanningai_rust::logger::process_logs (src\logger.rs:66)
   GDScript backtrace (most recent call first):
       [0] _start_plan_and_wait (res://test/integration/test_campfire_example_smoke.gd:57)
WARNING: [GdPAI] ObjectRef(124621163998): object was freed before callback; returning Nil.
   at: gdplanningai_rust::logger::process_logs (src\logger.rs:66)
   GDScript backtrace (most recent call first):
       [0] _start_plan_and_wait (res://test/integration/test_campfire_example_smoke.gd:57)
WARNING: [GdPAI] ObjectRef(1382643928884): object was freed before callback; returning Nil.
   at: gdplanningai_rust::logger::process_logs (src\logger.rs:66)
   GDScript backtrace (most recent call first):
       [0] _start_plan_and_wait (res://test/integration/test_campfire_example_smoke.gd:57)
[GdPAI | debug] GetCost: callable returned non-numeric value: null; returning INFINITY
WARNING: [GdPAI] ObjectRef(124621163998): object was freed before callback; returning Nil.
   at: gdplanningai_rust::logger::process_logs (src\logger.rs:66)
   GDScript backtrace (most recent call first):
       [0] _process (res://addons/GdPlanningAI/gdpai_autoload.gd:21)
WARNING: [GdPAI] ObjectRef(124621163998): object was freed before callback; returning Nil.
   at: gdplanningai_rust::logger::process_logs (src\logger.rs:66)
   GDScript backtrace (most recent call first):
       [0] _process (res://addons/GdPlanningAI/gdpai_autoload.gd:21)
[GdPAI | debug] Discovery: Action Cook Potato failed validity check, skipping
WARNING: [GdPAI] ObjectRef(1382643928884): object was freed before callback; returning Nil.
   at: gdplanningai_rust::logger::process_logs (src\logger.rs:66)
   GDScript backtrace (most recent call first):
       [0] _process (res://addons/GdPlanningAI/gdpai_autoload.gd:21)
[GdPAI | debug] ApplyEffect [Before] ID=InstanceId(-9223367756617838109): agent props = {"entity": null, "hunger": 95.0603725, "held_item": "wood"}
[GdPAI | debug] ApplyEffect [After] ID=InstanceId(-9223367756617838109): agent props = {"entity": null, "hunger": 95.0603725, "held_item": "wood"}
[GdPAI | debug]   Snapshotting prop: entity = Nil (Variant type: NIL)
[GdPAI | debug]   Snapshotting prop: hunger = Float(95.0603725) (Variant type: FLOAT)
[GdPAI | debug]   Snapshotting prop: held_item = Str("wood") (Variant type: STRING)
WARNING: [GdPAI] ObjectRef(124621163998): object was freed before callback; returning Nil.
   at: gdplanningai_rust::logger::process_logs (src\logger.rs:66)
   GDScript backtrace (most recent call first):
       [0] _start_plan_and_wait (res://test/integration/test_campfire_example_smoke.gd:57)
WARNING: [GdPAI] ObjectRef(124621163998): object was freed before callback; returning Nil.
   at: gdplanningai_rust::logger::process_logs (src\logger.rs:66)
   GDScript backtrace (most recent call first):
       [0] _start_plan_and_wait (res://test/integration/test_campfire_example_smoke.gd:57)
WARNING: [GdPAI] ObjectRef(1382643928884): object was freed before callback; returning Nil.
   at: gdplanningai_rust::logger::process_logs (src\logger.rs:66)
   GDScript backtrace (most recent call first):
       [0] _start_plan_and_wait (res://test/integration/test_campfire_example_smoke.gd:57)
[GdPAI | debug] Discovery: Action Dig Potato failed validity check, skipping
WARNING: [GdPAI] ObjectRef(1382643928884): object was freed before callback; returning Nil.
   at: gdplanningai_rust::logger::process_logs (src\logger.rs:66)
   GDScript backtrace (most recent call first):
       [0] _start_plan_and_wait (res://test/integration/test_campfire_example_smoke.gd:57)
[GdPAI | debug] GetCost: callable returned non-numeric value: null; returning INFINITY
WARNING: [GdPAI] ObjectRef(124621163998): object was freed before callback; returning Nil.
   at: gdplanningai_rust::logger::process_logs (src\logger.rs:66)
   GDScript backtrace (most recent call first):
       [0] _process (res://addons/GdPlanningAI/gdpai_autoload.gd:21)
WARNING: [GdPAI] ObjectRef(124621163998): object was freed before callback; returning Nil.
   at: gdplanningai_rust::logger::process_logs (src\logger.rs:66)
   GDScript backtrace (most recent call first):
       [0] _process (res://addons/GdPlanningAI/gdpai_autoload.gd:21)
WARNING: [GdPAI] ObjectRef(1382643928884): object was freed before callback; returning Nil.
   at: gdplanningai_rust::logger::process_logs (src\logger.rs:66)
   GDScript backtrace (most recent call first):
       [0] _process (res://addons/GdPlanningAI/gdpai_autoload.gd:21)
[GdPAI | debug] Discovery: Action Dig Potato failed validity check, skipping
WARNING: [GdPAI] ObjectRef(1382643928884): object was freed before callback; returning Nil.
   at: gdplanningai_rust::logger::process_logs (src\logger.rs:66)
   GDScript backtrace (most recent call first):
       [0] _process (res://addons/GdPlanningAI/gdpai_autoload.gd:21)
[GdPAI | debug] ApplyEffect [Before] ID=InstanceId(-9223367753967037987): agent props = {"held_item": "", "hunger": 95.0603725, "entity": null}
[GdPAI | debug] ApplyEffect [After] ID=InstanceId(-9223367753967037987): agent props = {"held_item": "", "hunger": 95.0603725, "entity": null}
[GdPAI | debug]   Snapshotting prop: held_item = Str("") (Variant type: STRING)
[GdPAI | debug]   Snapshotting prop: hunger = Float(95.0603725) (Variant type: FLOAT)
[GdPAI | debug]   Snapshotting prop: entity = Nil (Variant type: NIL)
WARNING: [GdPAI] ObjectRef(124621163998): object was freed before callback; returning Nil.
   at: gdplanningai_rust::logger::process_logs (src\logger.rs:66)
   GDScript backtrace (most recent call first):
       [0] _start_plan_and_wait (res://test/integration/test_campfire_example_smoke.gd:57)
WARNING: [GdPAI] ObjectRef(124621163998): object was freed before callback; returning Nil.
   at: gdplanningai_rust::logger::process_logs (src\logger.rs:66)
   GDScript backtrace (most recent call first):
       [0] _start_plan_and_wait (res://test/integration/test_campfire_example_smoke.gd:57)
[GdPAI | debug] Discovery: Action Dig Potato failed validity check, skipping
WARNING: [GdPAI] ObjectRef(1382643928884): object was freed before callback; returning Nil.
   at: gdplanningai_rust::logger::process_logs (src\logger.rs:66)
   GDScript backtrace (most recent call first):
       [0] _start_plan_and_wait (res://test/integration/test_campfire_example_smoke.gd:57)
[GdPAI | debug] GetCost: callable returned non-numeric value: null; returning INFINITY
WARNING: [GdPAI] ObjectRef(124621163998): object was freed before callback; returning Nil.
   at: gdplanningai_rust::logger::process_logs (src\logger.rs:66)
   GDScript backtrace (most recent call first):
       [0] _process (res://addons/GdPlanningAI/gdpai_autoload.gd:21)
WARNING: [GdPAI] ObjectRef(124621163998): object was freed before callback; returning Nil.
   at: gdplanningai_rust::logger::process_logs (src\logger.rs:66)
   GDScript backtrace (most recent call first):
       [0] _process (res://addons/GdPlanningAI/gdpai_autoload.gd:21)
[GdPAI | debug] Discovery: Action Dig Potato failed validity check, skipping
WARNING: [GdPAI] ObjectRef(1382643928884): object was freed before callback; returning Nil.
   at: gdplanningai_rust::logger::process_logs (src\logger.rs:66)
   GDScript backtrace (most recent call first):
       [0] _process (res://addons/GdPlanningAI/gdpai_autoload.gd:21)
[GdPAI | debug] ApplyEffect [Before] ID=InstanceId(-9223367751316237812): agent props = {"hunger": 95.0603725, "entity": null, "held_item": ""}
[GdPAI | debug] ApplyEffect [After] ID=InstanceId(-9223367751316237812): agent props = {"hunger": 95.0603725, "entity": null, "held_item": ""}
[GdPAI | debug]   Snapshotting prop: hunger = Float(95.0603725) (Variant type: FLOAT)
[GdPAI | debug]   Snapshotting prop: entity = Nil (Variant type: NIL)
[GdPAI | debug]   Snapshotting prop: held_item = Str("") (Variant type: STRING)
WARNING: [GdPAI] ObjectRef(124621163998): object was freed before callback; returning Nil.
   at: gdplanningai_rust::logger::process_logs (src\logger.rs:66)
   GDScript backtrace (most recent call first):
       [0] _start_plan_and_wait (res://test/integration/test_campfire_example_smoke.gd:57)
WARNING: [GdPAI] ObjectRef(124621163998): object was freed before callback; returning Nil.
   at: gdplanningai_rust::logger::process_logs (src\logger.rs:66)
   GDScript backtrace (most recent call first):
       [0] _start_plan_and_wait (res://test/integration/test_campfire_example_smoke.gd:57)
[GdPAI | debug] Discovery: Action Dig Potato failed validity check, skipping
[GdPAI | debug] No candidates found for branch with 0 preconds and 0 requirements
[GdPAI] A* Iteration: pop node with chain length 5
[GdPAI | debug] find_candidates: Checking 15 actions against 1 preconds and 4 requirements
WARNING: [GdPAI] ObjectRef(1382643928884): object was freed before callback; returning Nil.
   at: gdplanningai_rust::logger::process_logs (src\logger.rs:66)
   GDScript backtrace (most recent call first):
       [0] _start_plan_and_wait (res://test/integration/test_campfire_example_smoke.gd:57)
[GdPAI | debug] GetCost: callable returned non-numeric value: null; returning INFINITY
WARNING: [GdPAI] ObjectRef(124621163998): object was freed before callback; returning Nil.
   at: gdplanningai_rust::logger::process_logs (src\logger.rs:66)
   GDScript backtrace (most recent call first):
       [0] _process (res://addons/GdPlanningAI/gdpai_autoload.gd:21)
WARNING: [GdPAI] ObjectRef(124621163998): object was freed before callback; returning Nil.
   at: gdplanningai_rust::logger::process_logs (src\logger.rs:66)
   GDScript backtrace (most recent call first):
       [0] _process (res://addons/GdPlanningAI/gdpai_autoload.gd:21)
[GdPAI | debug] Discovery: Starting simulation for action Go To
WARNING: [GdPAI] ObjectRef(1382643928884): object was freed before callback; returning Nil.
   at: gdplanningai_rust::logger::process_logs (src\logger.rs:66)
   GDScript backtrace (most recent call first):
       [0] _process (res://addons/GdPlanningAI/gdpai_autoload.gd:21)
[GdPAI | debug] ApplyEffect [Before] ID=InstanceId(-9223367748715769329): agent props = {"held_item": "", "hunger": 95.0603725, "entity": null}
[GdPAI | debug] ApplyEffect [After] ID=InstanceId(-9223367748715769329): agent props = {"held_item": "", "hunger": 95.0603725, "entity": null}
[GdPAI | debug]   Snapshotting prop: held_item = Str("") (Variant type: STRING)
[GdPAI | debug]   Snapshotting prop: hunger = Float(95.0603725) (Variant type: FLOAT)
[GdPAI | debug]   Snapshotting prop: entity = Nil (Variant type: NIL)
WARNING: [GdPAI] ObjectRef(124621163998): object was freed before callback; returning Nil.
   at: gdplanningai_rust::logger::process_logs (src\logger.rs:66)
   GDScript backtrace (most recent call first):
       [0] _start_plan_and_wait (res://test/integration/test_campfire_example_smoke.gd:57)
WARNING: [GdPAI] ObjectRef(124621163998): object was freed before callback; returning Nil.
   at: gdplanningai_rust::logger::process_logs (src\logger.rs:66)
   GDScript backtrace (most recent call first):
       [0] _start_plan_and_wait (res://test/integration/test_campfire_example_smoke.gd:57)
[GdPAI | debug] GetCost: callable returned non-numeric value: null; returning INFINITY
WARNING: [GdPAI] ObjectRef(1382643928884): object was freed before callback; returning Nil.
   at: gdplanningai_rust::logger::process_logs (src\logger.rs:66)
   GDScript backtrace (most recent call first):
       [0] _start_plan_and_wait (res://test/integration/test_campfire_example_smoke.gd:57)
[GdPAI | debug] GetCost: callable returned non-numeric value: null; returning INFINITY
WARNING: [GdPAI] ObjectRef(124621163998): object was freed before callback; returning Nil.
   at: gdplanningai_rust::logger::process_logs (src\logger.rs:66)
   GDScript backtrace (most recent call first):
       [0] _process (res://addons/GdPlanningAI/gdpai_autoload.gd:21)
WARNING: [GdPAI] ObjectRef(124621163998): object was freed before callback; returning Nil.
   at: gdplanningai_rust::logger::process_logs (src\logger.rs:66)
   GDScript backtrace (most recent call first):
       [0] _process (res://addons/GdPlanningAI/gdpai_autoload.gd:21)
[GdPAI | debug] ApplyEffect [Before] ID=InstanceId(-9223367746685726178): agent props = {"held_item": "", "hunger": 70.0627442063492, "entity": null}
[GdPAI | debug] ApplyEffect [After] ID=InstanceId(-9223367746685726178): agent props = {"held_item": "", "hunger": 70.0627442063492, "entity": null}
[GdPAI | debug]   Snapshotting prop: held_item = Str("") (Variant type: STRING)
[GdPAI | debug]   Snapshotting prop: hunger = Float(70.0627442063492) (Variant type: FLOAT)
[GdPAI | debug]   Snapshotting prop: entity = Nil (Variant type: NIL)
[GdPAI | debug] Discovery: Simulation success for Go To. Agent props: {"entity": Nil, "hunger": Float(70.0627442063492), "held_item": Str("")}
[GdPAI | debug] Discovery: Action Go To satisfied precond Builtin { target: Agent, operation: Equal, property_name: "held_item", value: Some(Str("")) }
[GdPAI | debug] Found candidate: Go To (satisfied preconds: [0], requirements: [0, 1, 3])
WARNING: [GdPAI] ObjectRef(1382643928884): object was freed before callback; returning Nil.
   at: gdplanningai_rust::logger::process_logs (src\logger.rs:66)
   GDScript backtrace (most recent call first):
       [0] _process (res://addons/GdPlanningAI/gdpai_autoload.gd:21)
[GdPAI | debug] ApplyEffect [Before] ID=InstanceId(-9223367746115300834): agent props = {"entity": null, "hunger": 95.0603725, "held_item": "wood"}
[GdPAI | debug] ApplyEffect [After] ID=InstanceId(-9223367746115300834): agent props = {"entity": null, "hunger": 95.0603725, "held_item": "wood"}
[GdPAI | debug]   Snapshotting prop: entity = Nil (Variant type: NIL)
[GdPAI | debug]   Snapshotting prop: hunger = Float(95.0603725) (Variant type: FLOAT)
[GdPAI | debug]   Snapshotting prop: held_item = Str("wood") (Variant type: STRING)
[GdPAI | debug] Discovery: Starting simulation for action Eat Held Food
WARNING: [GdPAI] ObjectRef(124621163998): object was freed before callback; returning Nil.
   at: gdplanningai_rust::logger::process_logs (src\logger.rs:66)
   GDScript backtrace (most recent call first):
       [0] _start_plan_and_wait (res://test/integration/test_campfire_example_smoke.gd:57)
WARNING: [GdPAI] ObjectRef(124621163998): object was freed before callback; returning Nil.
   at: gdplanningai_rust::logger::process_logs (src\logger.rs:66)
   GDScript backtrace (most recent call first):
       [0] _start_plan_and_wait (res://test/integration/test_campfire_example_smoke.gd:57)
[GdPAI | debug] GetCost: callable returned non-numeric value: null; returning INFINITY
WARNING: [GdPAI] ObjectRef(1382643928884): object was freed before callback; returning Nil.
   at: gdplanningai_rust::logger::process_logs (src\logger.rs:66)
   GDScript backtrace (most recent call first):
       [0] _start_plan_and_wait (res://test/integration/test_campfire_example_smoke.gd:57)
WARNING: [GdPAI] ObjectRef(1382643928884): object was freed before callback; returning Nil.
   at: gdplanningai_rust::logger::process_logs (src\logger.rs:66)
   GDScript backtrace (most recent call first):
       [0] _start_plan_and_wait (res://test/integration/test_campfire_example_smoke.gd:57)
[GdPAI | debug] GetCost: callable returned non-numeric value: null; returning INFINITY
WARNING: [GdPAI] ObjectRef(124621163998): object was freed before callback; returning Nil.
   at: gdplanningai_rust::logger::process_logs (src\logger.rs:66)
   GDScript backtrace (most recent call first):
       [0] _process (res://addons/GdPlanningAI/gdpai_autoload.gd:21)
WARNING: [GdPAI] ObjectRef(124621163998): object was freed before callback; returning Nil.
   at: gdplanningai_rust::logger::process_logs (src\logger.rs:66)
   GDScript backtrace (most recent call first):
       [0] _process (res://addons/GdPlanningAI/gdpai_autoload.gd:21)
[GdPAI | debug] ApplyEffect [Before] ID=InstanceId(-9223367744034926019): agent props = {"hunger": 70.0627442063492, "held_item": "", "entity": null}
[GdPAI | debug] ApplyEffect [After] ID=InstanceId(-9223367744034926019): agent props = {"hunger": 70.0627442063492, "held_item": "", "entity": null}
[GdPAI | debug]   Snapshotting prop: hunger = Float(70.0627442063492) (Variant type: FLOAT)
[GdPAI | debug]   Snapshotting prop: held_item = Str("") (Variant type: STRING)
[GdPAI | debug]   Snapshotting prop: entity = Nil (Variant type: NIL)
WARNING: [GdPAI] ObjectRef(1382643928884): object was freed before callback; returning Nil.
   at: gdplanningai_rust::logger::process_logs (src\logger.rs:66)
   GDScript backtrace (most recent call first):
       [0] _process (res://addons/GdPlanningAI/gdpai_autoload.gd:21)
[GdPAI | debug] Discovery: Simulation success for Eat Held Food. Agent props: {"entity": Nil, "held_item": Str(""), "hunger": Float(70.0627442063492)}
[GdPAI | debug] Discovery: Action Eat Held Food satisfied precond Builtin { target: Agent, operation: Equal, property_name: "held_item", value: Some(Str("")) }
[GdPAI | debug] Found candidate: Eat Held Food (satisfied preconds: [0], requirements: [])
WARNING: [GdPAI] ObjectRef(1382643928884): object was freed before callback; returning Nil.
   at: gdplanningai_rust::logger::process_logs (src\logger.rs:66)
   GDScript backtrace (most recent call first):
       [0] _process (res://addons/GdPlanningAI/gdpai_autoload.gd:21)
[GdPAI | debug] ApplyEffect [Before] ID=InstanceId(-9223367743464500675): agent props = {"held_item": "", "entity": null, "hunger": 95.0603725}
[GdPAI | debug] ApplyEffect [After] ID=InstanceId(-9223367743464500675): agent props = {"held_item": "", "entity": null, "hunger": 95.0603725}
[GdPAI | debug]   Snapshotting prop: held_item = Str("") (Variant type: STRING)
[GdPAI | debug]   Snapshotting prop: entity = Nil (Variant type: NIL)
[GdPAI | debug]   Snapshotting prop: hunger = Float(95.0603725) (Variant type: FLOAT)
WARNING: [GdPAI] ObjectRef(124621163998): object was freed before callback; returning Nil.
   at: gdplanningai_rust::logger::process_logs (src\logger.rs:66)
   GDScript backtrace (most recent call first):
       [0] _start_plan_and_wait (res://test/integration/test_campfire_example_smoke.gd:57)
WARNING: [GdPAI] ObjectRef(124621163998): object was freed before callback; returning Nil.
   at: gdplanningai_rust::logger::process_logs (src\logger.rs:66)
   GDScript backtrace (most recent call first):
       [0] _start_plan_and_wait (res://test/integration/test_campfire_example_smoke.gd:57)
[GdPAI | debug] Discovery: Starting simulation for action Go To
WARNING: [GdPAI] ObjectRef(1382643928884): object was freed before callback; returning Nil.
   at: gdplanningai_rust::logger::process_logs (src\logger.rs:66)
   GDScript backtrace (most recent call first):
       [0] _start_plan_and_wait (res://test/integration/test_campfire_example_smoke.gd:57)
[GdPAI | debug] GetCost: callable returned non-numeric value: null; returning INFINITY
WARNING: [GdPAI] ObjectRef(124621163998): object was freed before callback; returning Nil.
   at: gdplanningai_rust::logger::process_logs (src\logger.rs:66)
   GDScript backtrace (most recent call first):
       [0] _process (res://addons/GdPlanningAI/gdpai_autoload.gd:21)
WARNING: [GdPAI] ObjectRef(124621163998): object was freed before callback; returning Nil.
   at: gdplanningai_rust::logger::process_logs (src\logger.rs:66)
   GDScript backtrace (most recent call first):
       [0] _process (res://addons/GdPlanningAI/gdpai_autoload.gd:21)
[GdPAI | debug] GetCost: callable returned non-numeric value: null; returning INFINITY
WARNING: [GdPAI] ObjectRef(1382643928884): object was freed before callback; returning Nil.
   at: gdplanningai_rust::logger::process_logs (src\logger.rs:66)
   GDScript backtrace (most recent call first):
       [0] _process (res://addons/GdPlanningAI/gdpai_autoload.gd:21)
[GdPAI | debug] ApplyEffect [Before] ID=InstanceId(-9223367740813700502): agent props = {"hunger": 95.0603725, "entity": null, "held_item": ""}
[GdPAI | debug] ApplyEffect [After] ID=InstanceId(-9223367740813700502): agent props = {"hunger": 95.0603725, "entity": null, "held_item": ""}
[GdPAI | debug]   Snapshotting prop: hunger = Float(95.0603725) (Variant type: FLOAT)
[GdPAI | debug]   Snapshotting prop: entity = Nil (Variant type: NIL)
[GdPAI | debug]   Snapshotting prop: held_item = Str("") (Variant type: STRING)
WARNING: [GdPAI] ObjectRef(124621163998): object was freed before callback; returning Nil.
   at: gdplanningai_rust::logger::process_logs (src\logger.rs:66)
   GDScript backtrace (most recent call first):
       [0] _start_plan_and_wait (res://test/integration/test_campfire_example_smoke.gd:57)
WARNING: [GdPAI] ObjectRef(124621163998): object was freed before callback; returning Nil.
   at: gdplanningai_rust::logger::process_logs (src\logger.rs:66)
   GDScript backtrace (most recent call first):
       [0] _start_plan_and_wait (res://test/integration/test_campfire_example_smoke.gd:57)
[GdPAI | debug] ApplyEffect [Before] ID=InstanceId(-9223367740092280218): agent props = {"held_item": "", "hunger": 70.0627442063492, "entity": null}
[GdPAI | debug] ApplyEffect [After] ID=InstanceId(-9223367740092280218): agent props = {"held_item": "", "hunger": 70.0627442063492, "entity": null}
[GdPAI | debug]   Snapshotting prop: held_item = Str("") (Variant type: STRING)
[GdPAI | debug]   Snapshotting prop: hunger = Float(70.0627442063492) (Variant type: FLOAT)
[GdPAI | debug]   Snapshotting prop: entity = Nil (Variant type: NIL)
[GdPAI | debug] Discovery: Simulation success for Go To. Agent props: {"hunger": Float(70.0627442063492), "held_item": Str(""), "entity": Nil}
[GdPAI | debug] Discovery: Action Go To satisfied precond Builtin { target: Agent, operation: Equal, property_name: "held_item", value: Some(Str("")) }
[GdPAI | debug] Found candidate: Go To (satisfied preconds: [0], requirements: [0, 1, 3])
WARNING: [GdPAI] ObjectRef(1382643928884): object was freed before callback; returning Nil.
   at: gdplanningai_rust::logger::process_logs (src\logger.rs:66)
   GDScript backtrace (most recent call first):
       [0] _start_plan_and_wait (res://test/integration/test_campfire_example_smoke.gd:57)
[GdPAI | debug] GetCost: callable returned non-numeric value: null; returning INFINITY
[GdPAI | debug] Discovery: Starting simulation for action Drop Item
WARNING: [GdPAI] ObjectRef(124621163998): object was freed before callback; returning Nil.
   at: gdplanningai_rust::logger::process_logs (src\logger.rs:66)
   GDScript backtrace (most recent call first):
       [0] _process (res://addons/GdPlanningAI/gdpai_autoload.gd:21)
WARNING: [GdPAI] ObjectRef(124621163998): object was freed before callback; returning Nil.
   at: gdplanningai_rust::logger::process_logs (src\logger.rs:66)
   GDScript backtrace (most recent call first):
       [0] _process (res://addons/GdPlanningAI/gdpai_autoload.gd:21)
[GdPAI | debug] GetCost: callable returned non-numeric value: null; returning INFINITY
WARNING: [GdPAI] ObjectRef(1382643928884): object was freed before callback; returning Nil.
   at: gdplanningai_rust::logger::process_logs (src\logger.rs:66)
   GDScript backtrace (most recent call first):
       [0] _process (res://addons/GdPlanningAI/gdpai_autoload.gd:21)
[GdPAI | debug] ApplyEffect [Before] ID=InstanceId(-9223367738213231997): agent props = {"held_item": "", "entity": null, "hunger": 95.0603725}
[GdPAI | debug] ApplyEffect [After] ID=InstanceId(-9223367738213231997): agent props = {"held_item": "", "entity": null, "hunger": 95.0603725}
[GdPAI | debug]   Snapshotting prop: held_item = Str("") (Variant type: STRING)
[GdPAI | debug]   Snapshotting prop: entity = Nil (Variant type: NIL)
[GdPAI | debug]   Snapshotting prop: hunger = Float(95.0603725) (Variant type: FLOAT)
WARNING: [GdPAI] ObjectRef(124621163998): object was freed before callback; returning Nil.
   at: gdplanningai_rust::logger::process_logs (src\logger.rs:66)
   GDScript backtrace (most recent call first):
       [0] _start_plan_and_wait (res://test/integration/test_campfire_example_smoke.gd:57)
WARNING: [GdPAI] ObjectRef(124621163998): object was freed before callback; returning Nil.
   at: gdplanningai_rust::logger::process_logs (src\logger.rs:66)
   GDScript backtrace (most recent call first):
       [0] _start_plan_and_wait (res://test/integration/test_campfire_example_smoke.gd:57)
[GdPAI | debug] ApplyEffect [Before] ID=InstanceId(-9223367737491811706): agent props = {"hunger": 70.0627442063492, "entity": null, "held_item": ""}
[GdPAI | debug] ApplyEffect [After] ID=InstanceId(-9223367737491811706): agent props = {"hunger": 70.0627442063492, "entity": null, "held_item": ""}
[GdPAI | debug]   Snapshotting prop: hunger = Float(70.0627442063492) (Variant type: FLOAT)
[GdPAI | debug]   Snapshotting prop: entity = Nil (Variant type: NIL)
[GdPAI | debug]   Snapshotting prop: held_item = Str("") (Variant type: STRING)
[GdPAI | debug] Discovery: Simulation success for Drop Item. Agent props: {"held_item": Str(""), "hunger": Float(70.0627442063492), "entity": Nil}
[GdPAI | debug] Discovery: Action Drop Item satisfied precond Builtin { target: Agent, operation: Equal, property_name: "held_item", value: Some(Str("")) }
[GdPAI | debug] Found candidate: Drop Item (satisfied preconds: [0], requirements: [])
WARNING: [GdPAI] ObjectRef(1382643928884): object was freed before callback; returning Nil.
   at: gdplanningai_rust::logger::process_logs (src\logger.rs:66)
   GDScript backtrace (most recent call first):
       [0] _start_plan_and_wait (res://test/integration/test_campfire_example_smoke.gd:57)
[GdPAI | debug] GetCost: callable returned non-numeric value: null; returning INFINITY
[GdPAI | debug] Discovery: Starting simulation for action Add Fuel
WARNING: [GdPAI] ObjectRef(124621163998): object was freed before callback; returning Nil.
   at: gdplanningai_rust::logger::process_logs (src\logger.rs:66)
   GDScript backtrace (most recent call first):
       [0] _process (res://addons/GdPlanningAI/gdpai_autoload.gd:21)
WARNING: [GdPAI] ObjectRef(124621163998): object was freed before callback; returning Nil.
   at: gdplanningai_rust::logger::process_logs (src\logger.rs:66)
   GDScript backtrace (most recent call first):
       [0] _process (res://addons/GdPlanningAI/gdpai_autoload.gd:21)
[GdPAI | debug] GetCost: callable returned non-numeric value: null; returning INFINITY
WARNING: [GdPAI] ObjectRef(1382643928884): object was freed before callback; returning Nil.
   at: gdplanningai_rust::logger::process_logs (src\logger.rs:66)
   GDScript backtrace (most recent call first):
       [0] _process (res://addons/GdPlanningAI/gdpai_autoload.gd:21)
[GdPAI | debug] ApplyEffect [Before] ID=InstanceId(-9223367735612763498): agent props = {"held_item": "wood", "entity": null, "hunger": 95.0603725}
[GdPAI | debug] ApplyEffect [After] ID=InstanceId(-9223367735612763498): agent props = {"held_item": "wood", "entity": null, "hunger": 95.0603725}
[GdPAI | debug]   Snapshotting prop: held_item = Str("wood") (Variant type: STRING)
[GdPAI | debug]   Snapshotting prop: entity = Nil (Variant type: NIL)
[GdPAI | debug]   Snapshotting prop: hunger = Float(95.0603725) (Variant type: FLOAT)
[GdPAI] A* Iteration: pop node with chain length 3
[GdPAI | debug] find_candidates: Checking 15 actions against 1 preconds and 2 requirements
WARNING: [GdPAI] ObjectRef(124621163998): object was freed before callback; returning Nil.
   at: gdplanningai_rust::logger::process_logs (src\logger.rs:66)
   GDScript backtrace (most recent call first):
       [0] _start_plan_and_wait (res://test/integration/test_campfire_example_smoke.gd:57)
WARNING: [GdPAI] ObjectRef(124621163998): object was freed before callback; returning Nil.
   at: gdplanningai_rust::logger::process_logs (src\logger.rs:66)
   GDScript backtrace (most recent call first):
       [0] _start_plan_and_wait (res://test/integration/test_campfire_example_smoke.gd:57)
[GdPAI | debug] ApplyEffect [Before] ID=InstanceId(-9223367734891343189): agent props = {"entity": null, "held_item": "wood", "hunger": 70.0627442063492}
[GdPAI | debug] ApplyEffect [After] ID=InstanceId(-9223367734891343189): agent props = {"entity": null, "held_item": "wood", "hunger": 70.0627442063492}
[GdPAI | debug]   Snapshotting prop: entity = Nil (Variant type: NIL)
[GdPAI | debug]   Snapshotting prop: held_item = Str("wood") (Variant type: STRING)
[GdPAI | debug]   Snapshotting prop: hunger = Float(70.0627442063492) (Variant type: FLOAT)
WARNING: [GdPAI] ObjectRef(1382643928884): object was freed before callback; returning Nil.
   at: gdplanningai_rust::logger::process_logs (src\logger.rs:66)
   GDScript backtrace (most recent call first):
       [0] _start_plan_and_wait (res://test/integration/test_campfire_example_smoke.gd:57)
[GdPAI | debug] Discovery: Simulation success for Add Fuel. Agent props: {"hunger": Float(70.0627442063492), "entity": Nil, "held_item": Str("wood")}
[GdPAI | debug] Discovery: Action Add Fuel did NOT satisfy precond Builtin { target: Agent, operation: Equal, property_name: "held_item", value: Some(Str("")) }
WARNING: [GdPAI] ObjectRef(1382643928884): object was freed before callback; returning Nil.
   at: gdplanningai_rust::logger::process_logs (src\logger.rs:66)
   GDScript backtrace (most recent call first):
       [0] _start_plan_and_wait (res://test/integration/test_campfire_example_smoke.gd:57)
[GdPAI | debug] Discovery: Starting simulation for action Go To
WARNING: [GdPAI] ObjectRef(124621163998): object was freed before callback; returning Nil.
   at: gdplanningai_rust::logger::process_logs (src\logger.rs:66)
   GDScript backtrace (most recent call first):
       [0] _process (res://addons/GdPlanningAI/gdpai_autoload.gd:21)
WARNING: [GdPAI] ObjectRef(124621163998): object was freed before callback; returning Nil.
   at: gdplanningai_rust::logger::process_logs (src\logger.rs:66)
   GDScript backtrace (most recent call first):
       [0] _process (res://addons/GdPlanningAI/gdpai_autoload.gd:21)
WARNING: [GdPAI] ObjectRef(1382643928884): object was freed before callback; returning Nil.
   at: gdplanningai_rust::logger::process_logs (src\logger.rs:66)
   GDScript backtrace (most recent call first):
       [0] _process (res://addons/GdPlanningAI/gdpai_autoload.gd:21)
[GdPAI | debug] Discovery: Action Cook Potato failed validity check, skipping
[GdPAI | debug] Discovery: Starting simulation for action Pick Up Wood
WARNING: [GdPAI] ObjectRef(1382643928884): object was freed before callback; returning Nil.
   at: gdplanningai_rust::logger::process_logs (src\logger.rs:66)
   GDScript backtrace (most recent call first):
       [0] _process (res://addons/GdPlanningAI/gdpai_autoload.gd:21)
[GdPAI | debug] GetCost: callable returned non-numeric value: null; returning INFINITY
[31m    [Failed]:  [0mTimed out waiting for submitted agent plan
      at line -1
[32m    [Passed]:  [0mShould not plan Cook Potato when holding wood, got: 
[31m    [Failed]:  [0mUnexpected Errors:
    [1] <engine-1>[GdPAI] ObjectRef(124621163998): object was freed before callback; returning Nil.
    [2] <engine-1>[GdPAI] ObjectRef(124587609564): object was freed before callback; returning Nil.
    [3] <engine-1>[GdPAI] ObjectRef(124587609564): object was freed before callback; returning Nil.
    [4] <engine-1>[GdPAI] ObjectRef(1382643928884): object was freed before callback; returning Nil.
    [5] <engine-1>[GdPAI] ObjectRef(124621163998): object was freed before callback; returning Nil.
    [6] <engine-1>[GdPAI] ObjectRef(124587609564): object was freed before callback; returning Nil.
    [7] <engine-1>[GdPAI] ObjectRef(124587609564): object was freed before callback; returning Nil.
    [8] <engine-1>[GdPAI] ObjectRef(1382643928884): object was freed before callback; returning Nil.
    [9] <engine-1>[GdPAI] ObjectRef(1382157389614): object was freed before callback; returning Nil.
    [10] <engine-1>[GdPAI] ObjectRef(1382157389614): object was freed before callback; returning Nil.
    [11] <engine-1>[GdPAI] ObjectRef(124621163998): object was freed before callback; returning Nil.
    [12] <engine-1>[GdPAI] ObjectRef(125661351450): object was freed before callback; returning Nil.
    [13] <engine-1>[GdPAI] ObjectRef(125661351450): object was freed before callback; returning Nil.
    [14] <engine-1>[GdPAI] ObjectRef(1382643928884): object was freed before callback; returning Nil.
    [15] <engine-1>[GdPAI] ObjectRef(1382157389614): object was freed before callback; returning Nil.
    [16] <engine-1>[GdPAI] ObjectRef(1382157389614): object was freed before callback; returning Nil.
    [17] <engine-1>[GdPAI] ObjectRef(124621163998): object was freed before callback; returning Nil.
    [18] <engine-1>[GdPAI] ObjectRef(125661351450): object was freed before callback; returning Nil.
    [19] <engine-1>[GdPAI] ObjectRef(125661351450): object was freed before callback; returning Nil.
    [20] <engine-1>[GdPAI] ObjectRef(1382643928884): object was freed before callback; returning Nil.
    [21] <engine-1>[GdPAI] ObjectRef(1382157389614): object was freed before callback; returning Nil.
    [22] <engine-1>[GdPAI] ObjectRef(1382157389614): object was freed before callback; returning Nil.
    [23] <engine-1>[GdPAI] ObjectRef(124621163998): object was freed before callback; returning Nil.
    [24] <engine-1>[GdPAI] ObjectRef(124134624705): object was freed before callback; returning Nil.
    [25] <engine-1>[GdPAI] ObjectRef(124134624705): object was freed before callback; returning Nil.
    [26] <engine-1>[GdPAI] ObjectRef(1382643928884): object was freed before callback; returning Nil.
    [27] <engine-1>[GdPAI] ObjectRef(1382157389614): object was freed before callback; returning Nil.
    [28] <engine-1>[GdPAI] ObjectRef(1382157389614): object was freed before callback; returning Nil.
    [29] <engine-1>[GdPAI] ObjectRef(124621163998): object was freed before callback; returning Nil.
    [30] <engine-1>[GdPAI] ObjectRef(124134624705): object was freed before callback; returning Nil.
    [31] <engine-1>[GdPAI] ObjectRef(124134624705): object was freed before callback; returning Nil.
    [32] <engine-1>[GdPAI] ObjectRef(1382643928884): object was freed before callback; returning Nil.
    [33] <engine-1>[GdPAI] ObjectRef(124621163998): object was freed before callback; returning Nil.
    [34] <engine-1>[GdPAI] ObjectRef(1382643928884): object was freed before callback; returning Nil.
    [35] <engine-1>[GdPAI] ObjectRef(124621163998): object was freed before callback; returning Nil.
    [36] <engine-1>[GdPAI] ObjectRef(1382643928884): object was freed before callback; returning Nil.
    [37] <engine-1>[GdPAI] ObjectRef(1382643928884): object was freed before callback; returning Nil.
    [38] <engine-1>[GdPAI] ObjectRef(124621163998): object was freed before callback; returning Nil.
    [39] <engine-1>[GdPAI] ObjectRef(124621163998): object was freed before callback; returning Nil.
    [40] <engine-1>[GdPAI] ObjectRef(1382643928884): object was freed before callback; returning Nil.
    [41] <engine-1>[GdPAI] ObjectRef(1382643928884): object was freed before callback; returning Nil.
    [42] <engine-1>[GdPAI] ObjectRef(124621163998): object was freed before callback; returning Nil.
    [43] <engine-1>[GdPAI] ObjectRef(124621163998): object was freed before callback; returning Nil.
    [44] <engine-1>[GdPAI] ObjectRef(1382643928884): object was freed before callback; returning Nil.
    [45] <engine-1>[GdPAI] ObjectRef(124621163998): object was freed before callback; returning Nil.
    [46] <engine-1>[GdPAI] ObjectRef(1382643928884): object was freed before callback; returning Nil.
    [47] <engine-1>[GdPAI] ObjectRef(124621163998): object was freed before callback; returning Nil.
    [48] <engine-1>[GdPAI] ObjectRef(1382643928884): object was freed before callback; returning Nil.
    [49] <engine-1>[GdPAI] ObjectRef(1382157389614): object was freed before callback; returning Nil.
    [50] <engine-1>[GdPAI] ObjectRef(1382157389614): object was freed before callback; returning Nil.
    [51] <engine-1>[GdPAI] ObjectRef(124621163998): object was freed before callback; returning Nil.
    [52] <engine-1>[GdPAI] ObjectRef(1382643928884): object was freed before callback; returning Nil.
    [53] <engine-1>[GdPAI] ObjectRef(1382157389614): object was freed before callback; returning Nil.
    [54] <engine-1>[GdPAI] ObjectRef(1382157389614): object was freed before callback; returning Nil.
    [55] <engine-1>[GdPAI] ObjectRef(124621163998): object was freed before callback; returning Nil.
    [56] <engine-1>[GdPAI] ObjectRef(1382643928884): object was freed before callback; returning Nil.
    [57] <engine-1>[GdPAI] ObjectRef(1382157389614): object was freed before callback; returning Nil.
    [58] <engine-1>[GdPAI] ObjectRef(1382157389614): object was freed before callback; returning Nil.
    [59] <engine-1>[GdPAI] ObjectRef(124621163998): object was freed before callback; returning Nil.
    [60] <engine-1>[GdPAI] ObjectRef(1382643928884): object was freed before callback; returning Nil.
    [61] <engine-1>[GdPAI] ObjectRef(1382157389614): object was freed before callback; returning Nil.
    [62] <engine-1>[GdPAI] ObjectRef(1382157389614): object was freed before callback; returning Nil.
    [63] <engine-1>[GdPAI] ObjectRef(124621163998): object was freed before callback; returning Nil.
    [64] <engine-1>[GdPAI] ObjectRef(1382643928884): object was freed before callback; returning Nil.
    [65] <engine-1>[GdPAI] ObjectRef(124621163998): object was freed before callback; returning Nil.
    [66] <engine-1>[GdPAI] ObjectRef(1382643928884): object was freed before callback; returning Nil.
    [67] <engine-1>[GdPAI] ObjectRef(124621163998): object was freed before callback; returning Nil.
    [68] <engine-1>[GdPAI] ObjectRef(1382643928884): object was freed before callback; returning Nil.
    [69] <engine-1>[GdPAI] ObjectRef(1382643928884): object was freed before callback; returning Nil.
    [70] <engine-1>[GdPAI] ObjectRef(124621163998): object was freed before callback; returning Nil.
    [71] <engine-1>[GdPAI] ObjectRef(1382643928884): object was freed before callback; returning Nil.
    [72] <engine-1>[GdPAI] ObjectRef(1382643928884): object was freed before callback; returning Nil.
    [73] <engine-1>[GdPAI] ObjectRef(124621163998): object was freed before callback; returning Nil.
    [74] <engine-1>[GdPAI] ObjectRef(1382643928884): object was freed before callback; returning Nil.
    [75] <engine-1>[GdPAI] ObjectRef(124621163998): object was freed before callback; returning Nil.
    [76] <engine-1>[GdPAI] ObjectRef(124621163998): object was freed before callback; returning Nil.
    [77] <engine-1>[GdPAI] ObjectRef(1382643928884): object was freed before callback; returning Nil.
    [78] <engine-1>[GdPAI] ObjectRef(124621163998): object was freed before callback; returning Nil.
    [79] <engine-1>[GdPAI] ObjectRef(124621163998): object was freed before callback; returning Nil.
    [80] <engine-1>[GdPAI] ObjectRef(1382643928884): object was freed before callback; returning Nil.
    [81] <engine-1>[GdPAI] ObjectRef(1382157389614): object was freed before callback; returning Nil.
    [82] <engine-1>[GdPAI] ObjectRef(1382157389614): object was freed before callback; returning Nil.
    [83] <engine-1>[GdPAI] ObjectRef(124621163998): object was freed before callback; returning Nil.
    [84] <engine-1>[GdPAI] ObjectRef(1382643928884): object was freed before callback; returning Nil.
    [85] <engine-1>[GdPAI] ObjectRef(1382157389614): object was freed before callback; returning Nil.
    [86] <engine-1>[GdPAI] ObjectRef(1382157389614): object was freed before callback; returning Nil.
    [87] <engine-1>[GdPAI] ObjectRef(124621163998): object was freed before callback; returning Nil.
    [88] <engine-1>[GdPAI] ObjectRef(1382643928884): object was freed before callback; returning Nil.
    [89] <engine-1>[GdPAI] ObjectRef(1382157389614): object was freed before callback; returning Nil.
    [90] <engine-1>[GdPAI] ObjectRef(1382157389614): object was freed before callback; returning Nil.
    [91] <engine-1>[GdPAI] ObjectRef(124621163998): object was freed before callback; returning Nil.
    [92] <engine-1>[GdPAI] ObjectRef(1382643928884): object was freed before callback; returning Nil.
    [93] <engine-1>[GdPAI] ObjectRef(1382157389614): object was freed before callback; returning Nil.
    [94] <engine-1>[GdPAI] ObjectRef(1382157389614): object was freed before callback; returning Nil.
    [95] <engine-1>[GdPAI] ObjectRef(124621163998): object was freed before callback; returning Nil.
    [96] <engine-1>[GdPAI] ObjectRef(1382643928884): object was freed before callback; returning Nil.
    [97] <engine-1>[GdPAI] ObjectRef(124621163998): object was freed before callback; returning Nil.
    [98] <engine-1>[GdPAI] ObjectRef(1382643928884): object was freed before callback; returning Nil.
    [99] <engine-1>[GdPAI] ObjectRef(124621163998): object was freed before callback; returning Nil.
    [100] <engine-1>[GdPAI] ObjectRef(1382643928884): object was freed before callback; returning Nil.
    [101] <engine-1>[GdPAI] ObjectRef(1382643928884): object was freed before callback; returning Nil.
    [102] <engine-1>[GdPAI] ObjectRef(124621163998): object was freed before callback; returning Nil.
    [103] <engine-1>[GdPAI] ObjectRef(1382643928884): object was freed before callback; returning Nil.
    [104] <engine-1>[GdPAI] ObjectRef(1382643928884): object was freed before callback; returning Nil.
    [105] <engine-1>[GdPAI] ObjectRef(124621163998): object was freed before callback; returning Nil.
    [106] <engine-1>[GdPAI] ObjectRef(1382643928884): object was freed before callback; returning Nil.
    [107] <engine-1>[GdPAI] ObjectRef(124621163998): object was freed before callback; returning Nil.
    [108] <engine-1>[GdPAI] ObjectRef(1382643928884): object was freed before callback; returning Nil.
    [109] <engine-1>[GdPAI] ObjectRef(124621163998): object was freed before callback; returning Nil.
    [110] <engine-1>[GdPAI] ObjectRef(1382643928884): object was freed before callback; returning Nil.
    [111] <engine-1>[GdPAI] ObjectRef(1382157389614): object was freed before callback; returning Nil.
    [112] <engine-1>[GdPAI] ObjectRef(1382157389614): object was freed before callback; returning Nil.
    [113] <engine-1>[GdPAI] ObjectRef(124621163998): object was freed before callback; returning Nil.
    [114] <engine-1>[GdPAI] ObjectRef(124621163998): object was freed before callback; returning Nil.
    [115] <engine-1>[GdPAI] ObjectRef(1382643928884): object was freed before callback; returning Nil.
    [116] <engine-1>[GdPAI] ObjectRef(1382157389614): object was freed before callback; returning Nil.
    [117] <engine-1>[GdPAI] ObjectRef(1382157389614): object was freed before callback; returning Nil.
    [118] <engine-1>[GdPAI] ObjectRef(124621163998): object was freed before callback; returning Nil.
    [119] <engine-1>[GdPAI] ObjectRef(124621163998): object was freed before callback; returning Nil.
    [120] <engine-1>[GdPAI] ObjectRef(1382643928884): object was freed before callback; returning Nil.
    [121] <engine-1>[GdPAI] ObjectRef(1382157389614): object was freed before callback; returning Nil.
    [122] <engine-1>[GdPAI] ObjectRef(1382157389614): object was freed before callback; returning Nil.
    [123] <engine-1>[GdPAI] ObjectRef(124621163998): object was freed before callback; returning Nil.
    [124] <engine-1>[GdPAI] ObjectRef(1382643928884): object was freed before callback; returning Nil.
    [125] <engine-1>[GdPAI] ObjectRef(1382157389614): object was freed before callback; returning Nil.
    [126] <engine-1>[GdPAI] ObjectRef(1382157389614): object was freed before callback; returning Nil.
    [127] <engine-1>[GdPAI] ObjectRef(124621163998): object was freed before callback; returning Nil.
    [128] <engine-1>[GdPAI] ObjectRef(1382643928884): object was freed before callback; returning Nil.
    [129] <engine-1>[GdPAI] ObjectRef(124621163998): object was freed before callback; returning Nil.
    [130] <engine-1>[GdPAI] ObjectRef(1382643928884): object was freed before callback; returning Nil.
    [131] <engine-1>[GdPAI] ObjectRef(124621163998): object was freed before callback; returning Nil.
    [132] <engine-1>[GdPAI] ObjectRef(1382643928884): object was freed before callback; returning Nil.
    [133] <engine-1>[GdPAI] ObjectRef(1382643928884): object was freed before callback; returning Nil.
    [134] <engine-1>[GdPAI] ObjectRef(124621163998): object was freed before callback; returning Nil.
    [135] <engine-1>[GdPAI] ObjectRef(1382643928884): object was freed before callback; returning Nil.
    [136] <engine-1>[GdPAI] ObjectRef(1382643928884): object was freed before callback; returning Nil.
    [137] <engine-1>[GdPAI] ObjectRef(124621163998): object was freed before callback; returning Nil.
    [138] <engine-1>[GdPAI] ObjectRef(1382643928884): object was freed before callback; returning Nil.
    [139] <engine-1>[GdPAI] ObjectRef(1382643928884): object was freed before callback; returning Nil.
    [140] <engine-1>[GdPAI] ObjectRef(124621163998): object was freed before callback; returning Nil.
    [141] <engine-1>[GdPAI] ObjectRef(1382643928884): object was freed before callback; returning Nil.
    [142] <engine-1>[GdPAI] ObjectRef(1382643928884): object was freed before callback; returning Nil.
    [143] <engine-1>[GdPAI] ObjectRef(124621163998): object was freed before callback; returning Nil.
    [144] <engine-1>[GdPAI] ObjectRef(1382643928884): object was freed before callback; returning Nil.
    [145] <engine-1>[GdPAI] ObjectRef(1382643928884): object was freed before callback; returning Nil.
    [146] <engine-1>[GdPAI] ObjectRef(124621163998): object was freed before callback; returning Nil.
    [147] <engine-1>[GdPAI] ObjectRef(1382643928884): object was freed before callback; returning Nil.
    [148] <engine-1>[GdPAI] ObjectRef(1382643928884): object was freed before callback; returning Nil.
    [149] <engine-1>[GdPAI] ObjectRef(124621163998): object was freed before callback; returning Nil.
    [150] <engine-1>[GdPAI] ObjectRef(1382643928884): object was freed before callback; returning Nil.
    [151] <engine-1>[GdPAI] ObjectRef(1382643928884): object was freed before callback; returning Nil.
    [152] <engine-1>[GdPAI] ObjectRef(124621163998): object was freed before callback; returning Nil.
    [153] <engine-1>[GdPAI] ObjectRef(124621163998): object was freed before callback; returning Nil.
    [154] <engine-1>[GdPAI] ObjectRef(1382643928884): object was freed before callback; returning Nil.
    [155] <engine-1>[GdPAI] ObjectRef(1382643928884): object was freed before callback; returning Nil.
    [156] <engine-1>[GdPAI] ObjectRef(124621163998): object was freed before callback; returning Nil.
    [157] <engine-1>[GdPAI] ObjectRef(124621163998): object was freed before callback; returning Nil.
    [158] <engine-1>[GdPAI] ObjectRef(1382643928884): object was freed before callback; returning Nil.
    [159] <engine-1>[GdPAI] ObjectRef(1382643928884): object was freed before callback; returning Nil.
    [160] <engine-1>[GdPAI] ObjectRef(124621163998): object was freed before callback; returning Nil.
    [161] <engine-1>[GdPAI] ObjectRef(1382643928884): object was freed before callback; returning Nil.
    [162] <engine-1>[GdPAI] ObjectRef(1382643928884): object was freed before callback; returning Nil.
    [163] <engine-1>[GdPAI] ObjectRef(124621163998): object was freed before callback; returning Nil.
    [164] <engine-1>[GdPAI] ObjectRef(1382643928884): object was freed before callback; returning Nil.
    [165] <engine-1>[GdPAI] ObjectRef(1382643928884): object was freed before callback; returning Nil.
    [166] <engine-1>[GdPAI] ObjectRef(124621163998): object was freed before callback; returning Nil.
    [167] <engine-1>[GdPAI] ObjectRef(1382643928884): object was freed before callback; returning Nil.
    [168] <engine-1>[GdPAI] ObjectRef(1382643928884): object was freed before callback; returning Nil.
    [169] <engine-1>[GdPAI] ObjectRef(124621163998): object was freed before callback; returning Nil.
    [170] <engine-1>[GdPAI] ObjectRef(1382643928884): object was freed before callback; returning Nil.
    [171] <engine-1>[GdPAI] ObjectRef(1382643928884): object was freed before callback; returning Nil.
    [172] <engine-1>[GdPAI] ObjectRef(124621163998): object was freed before callback; returning Nil.
    [173] <engine-1>[GdPAI] ObjectRef(1382643928884): object was freed before callback; returning Nil.
    [174] <engine-1>[GdPAI] ObjectRef(1382643928884): object was freed before callback; returning Nil.
    [175] <engine-1>[GdPAI] ObjectRef(124621163998): object was freed before callback; returning Nil.
    [176] <engine-1>[GdPAI] ObjectRef(1382643928884): object was freed before callback; returning Nil.
    [177] <engine-1>[GdPAI] ObjectRef(1382643928884): object was freed before callback; returning Nil.
    [178] <engine-1>[GdPAI] ObjectRef(124621163998): object was freed before callback; returning Nil.
    [179] <engine-1>[GdPAI] ObjectRef(1382643928884): object was freed before callback; returning Nil.
    [180] <engine-1>[GdPAI] ObjectRef(1382643928884): object was freed before callback; returning Nil.
    [181] <engine-1>[GdPAI] ObjectRef(124621163998): object was freed before callback; returning Nil.
    [182] <engine-1>[GdPAI] ObjectRef(1382643928884): object was freed before callback; returning Nil.
    [183] <engine-1>[GdPAI] ObjectRef(1382643928884): object was freed before callback; returning Nil.
    [184] <engine-1>[GdPAI] ObjectRef(124621163998): object was freed before callback; returning Nil.
    [185] <engine-1>[GdPAI] ObjectRef(1382643928884): object was freed before callback; returning Nil.
    [186] <engine-1>[GdPAI] ObjectRef(1382643928884): object was freed before callback; returning Nil.
    [187] <engine-1>[GdPAI] ObjectRef(124621163998): object was freed before callback; returning Nil.
    [188] <engine-1>[GdPAI] ObjectRef(1382643928884): object was freed before callback; returning Nil.
    [189] <engine-1>[GdPAI] ObjectRef(1382643928884): object was freed before callback; returning Nil.
    [190] <engine-1>[GdPAI] ObjectRef(124621163998): object was freed before callback; returning Nil.
    [191] <engine-1>[GdPAI] ObjectRef(124621163998): object was freed before callback; returning Nil.
    [192] <engine-1>[GdPAI] ObjectRef(1382643928884): object was freed before callback; returning Nil.
    [193] <engine-1>[GdPAI] ObjectRef(1382643928884): object was freed before callback; returning Nil.
    [194] <engine-1>[GdPAI] ObjectRef(124621163998): object was freed before callback; returning Nil.
    [195] <engine-1>[GdPAI] ObjectRef(124621163998): object was freed before callback; returning Nil.
    [196] <engine-1>[GdPAI] ObjectRef(1382643928884): object was freed before callback; returning Nil.
    [197] <engine-1>[GdPAI] ObjectRef(1382643928884): object was freed before callback; returning Nil.
    [198] <engine-1>[GdPAI] ObjectRef(124621163998): object was freed before callback; returning Nil.
    [199] <engine-1>[GdPAI] ObjectRef(1382643928884): object was freed before callback; returning Nil.
    [200] <engine-1>[GdPAI] ObjectRef(1382643928884): object was freed before callback; returning Nil.
    [201] <engine-1>[GdPAI] ObjectRef(124621163998): object was freed before callback; returning Nil.
    [202] <engine-1>[GdPAI] ObjectRef(1382643928884): object was freed before callback; returning Nil.
    [203] <engine-1>[GdPAI] ObjectRef(1382643928884): object was freed before callback; returning Nil.
    [204] <engine-1>[GdPAI] ObjectRef(124621163998): object was freed before callback; returning Nil.
    [205] <engine-1>[GdPAI] ObjectRef(1382643928884): object was freed before callback; returning Nil.
    [206] <engine-1>[GdPAI] ObjectRef(1382643928884): object was freed before callback; returning Nil.
    [207] <engine-1>[GdPAI] ObjectRef(124621163998): object was freed before callback; returning Nil.
    [208] <engine-1>[GdPAI] ObjectRef(1382643928884): object was freed before callback; returning Nil.
    [209] <engine-1>[GdPAI] ObjectRef(1382643928884): object was freed before callback; returning Nil.
    [210] <engine-1>[GdPAI] ObjectRef(124621163998): object was freed before callback; returning Nil.
    [211] <engine-1>[GdPAI] ObjectRef(1382643928884): object was freed before callback; returning Nil.
    [212] <engine-1>[GdPAI] ObjectRef(1382643928884): object was freed before callback; returning Nil.
    [213] <engine-1>[GdPAI] ObjectRef(124621163998): object was freed before callback; returning Nil.
    [214] <engine-1>[GdPAI] ObjectRef(1382643928884): object was freed before callback; returning Nil.
    [215] <engine-1>[GdPAI] ObjectRef(1382643928884): object was freed before callback; returning Nil.
    [216] <engine-1>[GdPAI] ObjectRef(1383046581817): object was freed before callback; returning Nil.
    [217] <engine-1>[GdPAI] ObjectRef(1383046581817): object was freed before callback; returning Nil.
    [218] <engine-1>[GdPAI] ObjectRef(124621163998): object was freed before callback; returning Nil.
    [219] <engine-1>[GdPAI] ObjectRef(1382643928884): object was freed before callback; returning Nil.
    [220] <engine-1>[GdPAI] ObjectRef(1382643928884): object was freed before callback; returning Nil.
    [221] <engine-1>[GdPAI] ObjectRef(1383046581817): object was freed before callback; returning Nil.
    [222] <engine-1>[GdPAI] ObjectRef(1383046581817): object was freed before callback; returning Nil.
    [223] <engine-1>[GdPAI] ObjectRef(124621163998): object was freed before callback; returning Nil.
    [224] <engine-1>[GdPAI] ObjectRef(1382643928884): object was freed before callback; returning Nil.
    [225] <engine-1>[GdPAI] ObjectRef(1383046581817): object was freed before callback; returning Nil.
    [226] <engine-1>[GdPAI] ObjectRef(1383046581817): object was freed before callback; returning Nil.
    [227] <engine-1>[GdPAI] ObjectRef(124621163998): object was freed before callback; returning Nil.
    [228] <engine-1>[GdPAI] ObjectRef(1382643928884): object was freed before callback; returning Nil.
    [229] <engine-1>[GdPAI] ObjectRef(1383046581817): object was freed before callback; returning Nil.
    [230] <engine-1>[GdPAI] ObjectRef(1383046581817): object was freed before callback; returning Nil.
    [231] <engine-1>[GdPAI] ObjectRef(124621163998): object was freed before callback; returning Nil.
    [232] <engine-1>[GdPAI] ObjectRef(1382643928884): object was freed before callback; returning Nil.
    [233] <engine-1>[GdPAI] ObjectRef(1382157389614): object was freed before callback; returning Nil.
    [234] <engine-1>[GdPAI] ObjectRef(1382157389614): object was freed before callback; returning Nil.
    [235] <engine-1>[GdPAI] ObjectRef(124621163998): object was freed before callback; returning Nil.
    [236] <engine-1>[GdPAI] ObjectRef(124621163998): object was freed before callback; returning Nil.
    [237] <engine-1>[GdPAI] ObjectRef(1382643928884): object was freed before callback; returning Nil.
    [238] <engine-1>[GdPAI] ObjectRef(1382157389614): object was freed before callback; returning Nil.
    [239] <engine-1>[GdPAI] ObjectRef(1382157389614): object was freed before callback; returning Nil.
    [240] <engine-1>[GdPAI] ObjectRef(124621163998): object was freed before callback; returning Nil.
    [241] <engine-1>[GdPAI] ObjectRef(124621163998): object was freed before callback; returning Nil.
    [242] <engine-1>[GdPAI] ObjectRef(1382643928884): object was freed before callback; returning Nil.
    [243] <engine-1>[GdPAI] ObjectRef(1382157389614): object was freed before callback; returning Nil.
    [244] <engine-1>[GdPAI] ObjectRef(1382157389614): object was freed before callback; returning Nil.
    [245] <engine-1>[GdPAI] ObjectRef(124621163998): object was freed before callback; returning Nil.
    [246] <engine-1>[GdPAI] ObjectRef(124621163998): object was freed before callback; returning Nil.
    [247] <engine-1>[GdPAI] ObjectRef(1382643928884): object was freed before callback; returning Nil.
    [248] <engine-1>[GdPAI] ObjectRef(1382157389614): object was freed before callback; returning Nil.
    [249] <engine-1>[GdPAI] ObjectRef(1382157389614): object was freed before callback; returning Nil.
    [250] <engine-1>[GdPAI] ObjectRef(124621163998): object was freed before callback; returning Nil.
    [251] <engine-1>[GdPAI] ObjectRef(124621163998): object was freed before callback; returning Nil.
    [252] <engine-1>[GdPAI] ObjectRef(1382643928884): object was freed before callback; returning Nil.
    [253] <engine-1>[GdPAI] ObjectRef(124621163998): object was freed before callback; returning Nil.
    [254] <engine-1>[GdPAI] ObjectRef(124621163998): object was freed before callback; returning Nil.
    [255] <engine-1>[GdPAI] ObjectRef(1382643928884): object was freed before callback; returning Nil.
    [256] <engine-1>[GdPAI] ObjectRef(124621163998): object was freed before callback; returning Nil.
    [257] <engine-1>[GdPAI] ObjectRef(124621163998): object was freed before callback; returning Nil.
    [258] <engine-1>[GdPAI] ObjectRef(1382643928884): object was freed before callback; returning Nil.
    [259] <engine-1>[GdPAI] ObjectRef(1382643928884): object was freed before callback; returning Nil.
    [260] <engine-1>[GdPAI] ObjectRef(124621163998): object was freed before callback; returning Nil.
    [261] <engine-1>[GdPAI] ObjectRef(124621163998): object was freed before callback; returning Nil.
    [262] <engine-1>[GdPAI] ObjectRef(1382643928884): object was freed before callback; returning Nil.
    [263] <engine-1>[GdPAI] ObjectRef(1382643928884): object was freed before callback; returning Nil.
    [264] <engine-1>[GdPAI] ObjectRef(124621163998): object was freed before callback; returning Nil.
    [265] <engine-1>[GdPAI] ObjectRef(124621163998): object was freed before callback; returning Nil.
    [266] <engine-1>[GdPAI] ObjectRef(1382643928884): object was freed before callback; returning Nil.
    [267] <engine-1>[GdPAI] ObjectRef(124621163998): object was freed before callback; returning Nil.
    [268] <engine-1>[GdPAI] ObjectRef(124621163998): object was freed before callback; returning Nil.
    [269] <engine-1>[GdPAI] ObjectRef(1382643928884): object was freed before callback; returning Nil.
    [270] <engine-1>[GdPAI] ObjectRef(124621163998): object was freed before callback; returning Nil.
    [271] <engine-1>[GdPAI] ObjectRef(124621163998): object was freed before callback; returning Nil.
    [272] <engine-1>[GdPAI] ObjectRef(1382643928884): object was freed before callback; returning Nil.
    [273] <engine-1>[GdPAI] ObjectRef(1382157389614): object was freed before callback; returning Nil.
    [274] <engine-1>[GdPAI] ObjectRef(1382157389614): object was freed before callback; returning Nil.
    [275] <engine-1>[GdPAI] ObjectRef(124621163998): object was freed before callback; returning Nil.
    [276] <engine-1>[GdPAI] ObjectRef(124621163998): object was freed before callback; returning Nil.
    [277] <engine-1>[GdPAI] ObjectRef(1382643928884): object was freed before callback; returning Nil.
    [278] <engine-1>[GdPAI] ObjectRef(1382157389614): object was freed before callback; returning Nil.
    [279] <engine-1>[GdPAI] ObjectRef(1382157389614): object was freed before callback; returning Nil.
    [280] <engine-1>[GdPAI] ObjectRef(124621163998): object was freed before callback; returning Nil.
    [281] <engine-1>[GdPAI] ObjectRef(124621163998): object was freed before callback; returning Nil.
    [282] <engine-1>[GdPAI] ObjectRef(1382643928884): object was freed before callback; returning Nil.
    [283] <engine-1>[GdPAI] ObjectRef(1382157389614): object was freed before callback; returning Nil.
    [284] <engine-1>[GdPAI] ObjectRef(1382157389614): object was freed before callback; returning Nil.
    [285] <engine-1>[GdPAI] ObjectRef(124621163998): object was freed before callback; returning Nil.
    [286] <engine-1>[GdPAI] ObjectRef(124621163998): object was freed before callback; returning Nil.
    [287] <engine-1>[GdPAI] ObjectRef(1382643928884): object was freed before callback; returning Nil.
    [288] <engine-1>[GdPAI] ObjectRef(1382157389614): object was freed before callback; returning Nil.
    [289] <engine-1>[GdPAI] ObjectRef(1382157389614): object was freed before callback; returning Nil.
    [290] <engine-1>[GdPAI] ObjectRef(124621163998): object was freed before callback; returning Nil.
    [291] <engine-1>[GdPAI] ObjectRef(124621163998): object was freed before callback; returning Nil.
    [292] <engine-1>[GdPAI] ObjectRef(1382643928884): object was freed before callback; returning Nil.
    [293] <engine-1>[GdPAI] ObjectRef(124621163998): object was freed before callback; returning Nil.
    [294] <engine-1>[GdPAI] ObjectRef(124621163998): object was freed before callback; returning Nil.
    [295] <engine-1>[GdPAI] ObjectRef(1382643928884): object was freed before callback; returning Nil.
    [296] <engine-1>[GdPAI] ObjectRef(124621163998): object was freed before callback; returning Nil.
    [297] <engine-1>[GdPAI] ObjectRef(124621163998): object was freed before callback; returning Nil.
    [298] <engine-1>[GdPAI] ObjectRef(1382643928884): object was freed before callback; returning Nil.
    [299] <engine-1>[GdPAI] ObjectRef(1382643928884): object was freed before callback; returning Nil.
    [300] <engine-1>[GdPAI] ObjectRef(1383046581817): object was freed before callback; returning Nil.
    [301] <engine-1>[GdPAI] ObjectRef(1383046581817): object was freed before callback; returning Nil.
    [302] <engine-1>[GdPAI] ObjectRef(124621163998): object was freed before callback; returning Nil.
    [303] <engine-1>[GdPAI] ObjectRef(124621163998): object was freed before callback; returning Nil.
    [304] <engine-1>[GdPAI] ObjectRef(1382643928884): object was freed before callback; returning Nil.
    [305] <engine-1>[GdPAI] ObjectRef(1382643928884): object was freed before callback; returning Nil.
    [306] <engine-1>[GdPAI] ObjectRef(1383046581817): object was freed before callback; returning Nil.
    [307] <engine-1>[GdPAI] ObjectRef(1383046581817): object was freed before callback; returning Nil.
    [308] <engine-1>[GdPAI] ObjectRef(124621163998): object was freed before callback; returning Nil.
    [309] <engine-1>[GdPAI] ObjectRef(124621163998): object was freed before callback; returning Nil.
    [310] <engine-1>[GdPAI] ObjectRef(1382643928884): object was freed before callback; returning Nil.
    [311] <engine-1>[GdPAI] ObjectRef(1383046581817): object was freed before callback; returning Nil.
    [312] <engine-1>[GdPAI] ObjectRef(1383046581817): object was freed before callback; returning Nil.
    [313] <engine-1>[GdPAI] ObjectRef(124621163998): object was freed before callback; returning Nil.
    [314] <engine-1>[GdPAI] ObjectRef(124621163998): object was freed before callback; returning Nil.
    [315] <engine-1>[GdPAI] ObjectRef(1382643928884): object was freed before callback; returning Nil.
    [316] <engine-1>[GdPAI] ObjectRef(1383046581817): object was freed before callback; returning Nil.
    [317] <engine-1>[GdPAI] ObjectRef(1383046581817): object was freed before callback; returning Nil.
    [318] <engine-1>[GdPAI] ObjectRef(124621163998): object was freed before callback; returning Nil.
    [319] <engine-1>[GdPAI] ObjectRef(124621163998): object was freed before callback; returning Nil.
    [320] <engine-1>[GdPAI] ObjectRef(1382643928884): object was freed before callback; returning Nil.
    [321] <engine-1>[GdPAI] ObjectRef(1382157389614): object was freed before callback; returning Nil.
    [322] <engine-1>[GdPAI] ObjectRef(1382157389614): object was freed before callback; returning Nil.
    [323] <engine-1>[GdPAI] ObjectRef(124621163998): object was freed before callback; returning Nil.
    [324] <engine-1>[GdPAI] ObjectRef(124621163998): object was freed before callback; returning Nil.
    [325] <engine-1>[GdPAI] ObjectRef(1382643928884): object was freed before callback; returning Nil.
    [326] <engine-1>[GdPAI] ObjectRef(1382157389614): object was freed before callback; returning Nil.
    [327] <engine-1>[GdPAI] ObjectRef(1382157389614): object was freed before callback; returning Nil.
    [328] <engine-1>[GdPAI] ObjectRef(124621163998): object was freed before callback; returning Nil.
    [329] <engine-1>[GdPAI] ObjectRef(124621163998): object was freed before callback; returning Nil.
    [330] <engine-1>[GdPAI] ObjectRef(1382643928884): object was freed before callback; returning Nil.
    [331] <engine-1>[GdPAI] ObjectRef(1382157389614): object was freed before callback; returning Nil.
    [332] <engine-1>[GdPAI] ObjectRef(1382157389614): object was freed before callback; returning Nil.
    [333] <engine-1>[GdPAI] ObjectRef(124621163998): object was freed before callback; returning Nil.
    [334] <engine-1>[GdPAI] ObjectRef(124621163998): object was freed before callback; returning Nil.
    [335] <engine-1>[GdPAI] ObjectRef(1382643928884): object was freed before callback; returning Nil.
    [336] <engine-1>[GdPAI] ObjectRef(1382157389614): object was freed before callback; returning Nil.
    [337] <engine-1>[GdPAI] ObjectRef(1382157389614): object was freed before callback; returning Nil.
    [338] <engine-1>[GdPAI] ObjectRef(124621163998): object was freed before callback; returning Nil.
    [339] <engine-1>[GdPAI] ObjectRef(124621163998): object was freed before callback; returning Nil.
    [340] <engine-1>[GdPAI] ObjectRef(1382643928884): object was freed before callback; returning Nil.
    [341] <engine-1>[GdPAI] ObjectRef(124621163998): object was freed before callback; returning Nil.
    [342] <engine-1>[GdPAI] ObjectRef(124621163998): object was freed before callback; returning Nil.
    [343] <engine-1>[GdPAI] ObjectRef(1382643928884): object was freed before callback; returning Nil.
    [344] <engine-1>[GdPAI] ObjectRef(124621163998): object was freed before callback; returning Nil.
    [345] <engine-1>[GdPAI] ObjectRef(124621163998): object was freed before callback; returning Nil.
    [346] <engine-1>[GdPAI] ObjectRef(1382643928884): object was freed before callback; returning Nil.
    [347] <engine-1>[GdPAI] ObjectRef(1382643928884): object was freed before callback; returning Nil.
    [348] <engine-1>[GdPAI] ObjectRef(124621163998): object was freed before callback; returning Nil.
    [349] <engine-1>[GdPAI] ObjectRef(124621163998): object was freed before callback; returning Nil.
    [350] <engine-1>[GdPAI] ObjectRef(1382643928884): object was freed before callback; returning Nil.
    [351] <engine-1>[GdPAI] ObjectRef(1382643928884): object was freed before callback; returning Nil.
    [352] <engine-1>[GdPAI] ObjectRef(124621163998): object was freed before callback; returning Nil.
    [353] <engine-1>[GdPAI] ObjectRef(124621163998): object was freed before callback; returning Nil.
    [354] <engine-1>[GdPAI] ObjectRef(1382643928884): object was freed before callback; returning Nil.
    [355] <engine-1>[GdPAI] ObjectRef(124621163998): object was freed before callback; returning Nil.
    [356] <engine-1>[GdPAI] ObjectRef(124621163998): object was freed before callback; returning Nil.
    [357] <engine-1>[GdPAI] ObjectRef(1382643928884): object was freed before callback; returning Nil.
    [358] <engine-1>[GdPAI] ObjectRef(124621163998): object was freed before callback; returning Nil.
    [359] <engine-1>[GdPAI] ObjectRef(124621163998): object was freed before callback; returning Nil.
    [360] <engine-1>[GdPAI] ObjectRef(1382643928884): object was freed before callback; returning Nil.
    [361] <engine-1>[GdPAI] ObjectRef(1382157389614): object was freed before callback; returning Nil.
    [362] <engine-1>[GdPAI] ObjectRef(1382157389614): object was freed before callback; returning Nil.
    [363] <engine-1>[GdPAI] ObjectRef(124621163998): object was freed before callback; returning Nil.
    [364] <engine-1>[GdPAI] ObjectRef(124621163998): object was freed before callback; returning Nil.
    [365] <engine-1>[GdPAI] ObjectRef(1382643928884): object was freed before callback; returning Nil.
    [366] <engine-1>[GdPAI] ObjectRef(1382157389614): object was freed before callback; returning Nil.
    [367] <engine-1>[GdPAI] ObjectRef(1382157389614): object was freed before callback; returning Nil.
    [368] <engine-1>[GdPAI] ObjectRef(124621163998): object was freed before callback; returning Nil.
    [369] <engine-1>[GdPAI] ObjectRef(124621163998): object was freed before callback; returning Nil.
    [370] <engine-1>[GdPAI] ObjectRef(1382643928884): object was freed before callback; returning Nil.
    [371] <engine-1>[GdPAI] ObjectRef(1382157389614): object was freed before callback; returning Nil.
    [372] <engine-1>[GdPAI] ObjectRef(1382157389614): object was freed before callback; returning Nil.
    [373] <engine-1>[GdPAI] ObjectRef(124621163998): object was freed before callback; returning Nil.
    [374] <engine-1>[GdPAI] ObjectRef(124621163998): object was freed before callback; returning Nil.
    [375] <engine-1>[GdPAI] ObjectRef(1382643928884): object was freed before callback; returning Nil.
    [376] <engine-1>[GdPAI] ObjectRef(1382157389614): object was freed before callback; returning Nil.
    [377] <engine-1>[GdPAI] ObjectRef(1382157389614): object was freed before callback; returning Nil.
    [378] <engine-1>[GdPAI] ObjectRef(124621163998): object was freed before callback; returning Nil.
    [379] <engine-1>[GdPAI] ObjectRef(124621163998): object was freed before callback; returning Nil.
    [380] <engine-1>[GdPAI] ObjectRef(1382643928884): object was freed before callback; returning Nil.
    [381] <engine-1>[GdPAI] ObjectRef(124621163998): object was freed before callback; returning Nil.
    [382] <engine-1>[GdPAI] ObjectRef(124621163998): object was freed before callback; returning Nil.
    [383] <engine-1>[GdPAI] ObjectRef(1382643928884): object was freed before callback; returning Nil.
    [384] <engine-1>[GdPAI] ObjectRef(124621163998): object was freed before callback; returning Nil.
    [385] <engine-1>[GdPAI] ObjectRef(124621163998): object was freed before callback; returning Nil.
    [386] <engine-1>[GdPAI] ObjectRef(1382643928884): object was freed before callback; returning Nil.
    [387] <engine-1>[GdPAI] ObjectRef(1382643928884): object was freed before callback; returning Nil.
    [388] <engine-1>[GdPAI] ObjectRef(124621163998): object was freed before callback; returning Nil.
    [389] <engine-1>[GdPAI] ObjectRef(124621163998): object was freed before callback; returning Nil.
    [390] <engine-1>[GdPAI] ObjectRef(1382643928884): object was freed before callback; returning Nil.
    [391] <engine-1>[GdPAI] ObjectRef(1382643928884): object was freed before callback; returning Nil.
    [392] <engine-1>[GdPAI] ObjectRef(124621163998): object was freed before callback; returning Nil.
    [393] <engine-1>[GdPAI] ObjectRef(124621163998): object was freed before callback; returning Nil.
    [394] <engine-1>[GdPAI] ObjectRef(1382643928884): object was freed before callback; returning Nil.
    [395] <engine-1>[GdPAI] ObjectRef(124621163998): object was freed before callback; returning Nil.
    [396] <engine-1>[GdPAI] ObjectRef(124621163998): object was freed before callback; returning Nil.
    [397] <engine-1>[GdPAI] ObjectRef(1382643928884): object was freed before callback; returning Nil.
    [398] <engine-1>[GdPAI] ObjectRef(124621163998): object was freed before callback; returning Nil.
    [399] <engine-1>[GdPAI] ObjectRef(124621163998): object was freed before callback; returning Nil.
    [400] <engine-1>[GdPAI] ObjectRef(1382643928884): object was freed before callback; returning Nil.
    [401] <engine-1>[GdPAI] ObjectRef(1382157389614): object was freed before callback; returning Nil.
    [402] <engine-1>[GdPAI] ObjectRef(1382157389614): object was freed before callback; returning Nil.
    [403] <engine-1>[GdPAI] ObjectRef(124621163998): object was freed before callback; returning Nil.
    [404] <engine-1>[GdPAI] ObjectRef(124621163998): object was freed before callback; returning Nil.
    [405] <engine-1>[GdPAI] ObjectRef(1382643928884): object was freed before callback; returning Nil.
    [406] <engine-1>[GdPAI] ObjectRef(1382157389614): object was freed before callback; returning Nil.
    [407] <engine-1>[GdPAI] ObjectRef(1382157389614): object was freed before callback; returning Nil.
    [408] <engine-1>[GdPAI] ObjectRef(124621163998): object was freed before callback; returning Nil.
    [409] <engine-1>[GdPAI] ObjectRef(124621163998): object was freed before callback; returning Nil.
    [410] <engine-1>[GdPAI] ObjectRef(1382643928884): object was freed before callback; returning Nil.
    [411] <engine-1>[GdPAI] ObjectRef(1382157389614): object was freed before callback; returning Nil.
    [412] <engine-1>[GdPAI] ObjectRef(1382157389614): object was freed before callback; returning Nil.
    [413] <engine-1>[GdPAI] ObjectRef(124621163998): object was freed before callback; returning Nil.
    [414] <engine-1>[GdPAI] ObjectRef(124621163998): object was freed before callback; returning Nil.
    [415] <engine-1>[GdPAI] ObjectRef(1382643928884): object was freed before callback; returning Nil.
    [416] <engine-1>[GdPAI] ObjectRef(1382157389614): object was freed before callback; returning Nil.
    [417] <engine-1>[GdPAI] ObjectRef(1382157389614): object was freed before callback; returning Nil.
    [418] <engine-1>[GdPAI] ObjectRef(124621163998): object was freed before callback; returning Nil.
    [419] <engine-1>[GdPAI] ObjectRef(124621163998): object was freed before callback; returning Nil.
    [420] <engine-1>[GdPAI] ObjectRef(1382643928884): object was freed before callback; returning Nil.
    [421] <engine-1>[GdPAI] ObjectRef(124621163998): object was freed before callback; returning Nil.
    [422] <engine-1>[GdPAI] ObjectRef(124621163998): object was freed before callback; returning Nil.
    [423] <engine-1>[GdPAI] ObjectRef(1382643928884): object was freed before callback; returning Nil.
    [424] <engine-1>[GdPAI] ObjectRef(124621163998): object was freed before callback; returning Nil.
    [425] <engine-1>[GdPAI] ObjectRef(124621163998): object was freed before callback; returning Nil.
    [426] <engine-1>[GdPAI] ObjectRef(1382643928884): object was freed before callback; returning Nil.
    [427] <engine-1>[GdPAI] ObjectRef(1382643928884): object was freed before callback; returning Nil.
    [428] <engine-1>[GdPAI] ObjectRef(124621163998): object was freed before callback; returning Nil.
    [429] <engine-1>[GdPAI] ObjectRef(124621163998): object was freed before callback; returning Nil.
    [430] <engine-1>[GdPAI] ObjectRef(1382643928884): object was freed before callback; returning Nil.
    [431] <engine-1>[GdPAI] ObjectRef(1382643928884): object was freed before callback; returning Nil.
    [432] <engine-1>[GdPAI] ObjectRef(124621163998): object was freed before callback; returning Nil.
    [433] <engine-1>[GdPAI] ObjectRef(124621163998): object was freed before callback; returning Nil.
    [434] <engine-1>[GdPAI] ObjectRef(1382643928884): object was freed before callback; returning Nil.
    [435] <engine-1>[GdPAI] ObjectRef(124621163998): object was freed before callback; returning Nil.
    [436] <engine-1>[GdPAI] ObjectRef(124621163998): object was freed before callback; returning Nil.
    [437] <engine-1>[GdPAI] ObjectRef(1382643928884): object was freed before callback; returning Nil.
    [438] <engine-1>[GdPAI] ObjectRef(124621163998): object was freed before callback; returning Nil.
    [439] <engine-1>[GdPAI] ObjectRef(124621163998): object was freed before callback; returning Nil.
    [440] <engine-1>[GdPAI] ObjectRef(1382643928884): object was freed before callback; returning Nil.
    [441] <engine-1>[GdPAI] ObjectRef(1382157389614): object was freed before callback; returning Nil.
    [442] <engine-1>[GdPAI] ObjectRef(1382157389614): object was freed before callback; returning Nil.
    [443] <engine-1>[GdPAI] ObjectRef(124621163998): object was freed before callback; returning Nil.
    [444] <engine-1>[GdPAI] ObjectRef(124621163998): object was freed before callback; returning Nil.
    [445] <engine-1>[GdPAI] ObjectRef(1382643928884): object was freed before callback; returning Nil.
    [446] <engine-1>[GdPAI] ObjectRef(1382157389614): object was freed before callback; returning Nil.
    [447] <engine-1>[GdPAI] ObjectRef(1382157389614): object was freed before callback; returning Nil.
    [448] <engine-1>[GdPAI] ObjectRef(124621163998): object was freed before callback; returning Nil.
    [449] <engine-1>[GdPAI] ObjectRef(124621163998): object was freed before callback; returning Nil.
    [450] <engine-1>[GdPAI] ObjectRef(1382643928884): object was freed before callback; returning Nil.
    [451] <engine-1>[GdPAI] ObjectRef(1382157389614): object was freed before callback; returning Nil.
    [452] <engine-1>[GdPAI] ObjectRef(1382157389614): object was freed before callback; returning Nil.
    [453] <engine-1>[GdPAI] ObjectRef(124621163998): object was freed before callback; returning Nil.
    [454] <engine-1>[GdPAI] ObjectRef(124621163998): object was freed before callback; returning Nil.
    [455] <engine-1>[GdPAI] ObjectRef(1382643928884): object was freed before callback; returning Nil.
    [456] <engine-1>[GdPAI] ObjectRef(1382157389614): object was freed before callback; returning Nil.
    [457] <engine-1>[GdPAI] ObjectRef(1382157389614): object was freed before callback; returning Nil.
    [458] <engine-1>[GdPAI] ObjectRef(124621163998): object was freed before callback; returning Nil.
    [459] <engine-1>[GdPAI] ObjectRef(124621163998): object was freed before callback; returning Nil.
    [460] <engine-1>[GdPAI] ObjectRef(1382643928884): object was freed before callback; returning Nil.
    [461] <engine-1>[GdPAI] ObjectRef(124621163998): object was freed before callback; returning Nil.
    [462] <engine-1>[GdPAI] ObjectRef(124621163998): object was freed before callback; returning Nil.
    [463] <engine-1>[GdPAI] ObjectRef(1382643928884): object was freed before callback; returning Nil.
    [464] <engine-1>[GdPAI] ObjectRef(124621163998): object was freed before callback; returning Nil.
    [465] <engine-1>[GdPAI] ObjectRef(124621163998): object was freed before callback; returning Nil.
    [466] <engine-1>[GdPAI] ObjectRef(1382643928884): object was freed before callback; returning Nil.
    [467] <engine-1>[GdPAI] ObjectRef(1382643928884): object was freed before callback; returning Nil.
    [468] <engine-1>[GdPAI] ObjectRef(124621163998): object was freed before callback; returning Nil.
    [469] <engine-1>[GdPAI] ObjectRef(124621163998): object was freed before callback; returning Nil.
    [470] <engine-1>[GdPAI] ObjectRef(1382643928884): object was freed before callback; returning Nil.
    [471] <engine-1>[GdPAI] ObjectRef(1382643928884): object was freed before callback; returning Nil.
    [472] <engine-1>[GdPAI] ObjectRef(124621163998): object was freed before callback; returning Nil.
    [473] <engine-1>[GdPAI] ObjectRef(124621163998): object was freed before callback; returning Nil.
    [474] <engine-1>[GdPAI] ObjectRef(1382643928884): object was freed before callback; returning Nil.
    [475] <engine-1>[GdPAI] ObjectRef(124621163998): object was freed before callback; returning Nil.
    [476] <engine-1>[GdPAI] ObjectRef(124621163998): object was freed before callback; returning Nil.
    [477] <engine-1>[GdPAI] ObjectRef(1382643928884): object was freed before callback; returning Nil.
    [478] <engine-1>[GdPAI] ObjectRef(124621163998): object was freed before callback; returning Nil.
    [479] <engine-1>[GdPAI] ObjectRef(124621163998): object was freed before callback; returning Nil.
    [480] <engine-1>[GdPAI] ObjectRef(1382643928884): object was freed before callback; returning Nil.
    [481] <engine-1>[GdPAI] ObjectRef(1382157389614): object was freed before callback; returning Nil.
    [482] <engine-1>[GdPAI] ObjectRef(1382157389614): object was freed before callback; returning Nil.
    [483] <engine-1>[GdPAI] ObjectRef(124621163998): object was freed before callback; returning Nil.
    [484] <engine-1>[GdPAI] ObjectRef(124621163998): object was freed before callback; returning Nil.
    [485] <engine-1>[GdPAI] ObjectRef(1382643928884): object was freed before callback; returning Nil.
    [486] <engine-1>[GdPAI] ObjectRef(1382157389614): object was freed before callback; returning Nil.
    [487] <engine-1>[GdPAI] ObjectRef(1382157389614): object was freed before callback; returning Nil.
    [488] <engine-1>[GdPAI] ObjectRef(124621163998): object was freed before callback; returning Nil.
    [489] <engine-1>[GdPAI] ObjectRef(124621163998): object was freed before callback; returning Nil.
    [490] <engine-1>[GdPAI] ObjectRef(1382643928884): object was freed before callback; returning Nil.
    [491] <engine-1>[GdPAI] ObjectRef(1382157389614): object was freed before callback; returning Nil.
    [492] <engine-1>[GdPAI] ObjectRef(1382157389614): object was freed before callback; returning Nil.
    [493] <engine-1>[GdPAI] ObjectRef(124621163998): object was freed before callback; returning Nil.
    [494] <engine-1>[GdPAI] ObjectRef(124621163998): object was freed before callback; returning Nil.
    [495] <engine-1>[GdPAI] ObjectRef(1382643928884): object was freed before callback; returning Nil.
    [496] <engine-1>[GdPAI] ObjectRef(1382157389614): object was freed before callback; returning Nil.
    [497] <engine-1>[GdPAI] ObjectRef(1382157389614): object was freed before callback; returning Nil.
    [498] <engine-1>[GdPAI] ObjectRef(124621163998): object was freed before callback; returning Nil.
    [499] <engine-1>[GdPAI] ObjectRef(124621163998): object was freed before callback; returning Nil.
    [500] <engine-1>[GdPAI] ObjectRef(1382643928884): object was freed before callback; returning Nil.
    [501] <engine-1>[GdPAI] ObjectRef(124621163998): object was freed before callback; returning Nil.
    [502] <engine-1>[GdPAI] ObjectRef(124621163998): object was freed before callback; returning Nil.
    [503] <engine-1>[GdPAI] ObjectRef(1382643928884): object was freed before callback; returning Nil.
    [504] <engine-1>[GdPAI] ObjectRef(124621163998): object was freed before callback; returning Nil.
    [505] <engine-1>[GdPAI] ObjectRef(124621163998): object was freed before callback; returning Nil.
    [506] <engine-1>[GdPAI] ObjectRef(1382643928884): object was freed before callback; returning Nil.
    [507] <engine-1>[GdPAI] ObjectRef(1382643928884): object was freed before callback; returning Nil.
    [508] <engine-1>[GdPAI] ObjectRef(124621163998): object was freed before callback; returning Nil.
    [509] <engine-1>[GdPAI] ObjectRef(124621163998): object was freed before callback; returning Nil.
    [510] <engine-1>[GdPAI] ObjectRef(1382643928884): object was freed before callback; returning Nil.
    [511] <engine-1>[GdPAI] ObjectRef(1382643928884): object was freed before callback; returning Nil.
    [512] <engine-1>[GdPAI] ObjectRef(124621163998): object was freed before callback; returning Nil.
    [513] <engine-1>[GdPAI] ObjectRef(124621163998): object was freed before callback; returning Nil.
    [514] <engine-1>[GdPAI] ObjectRef(1382643928884): object was freed before callback; returning Nil.
    [515] <engine-1>[GdPAI] ObjectRef(124621163998): object was freed before callback; returning Nil.
    [516] <engine-1>[GdPAI] ObjectRef(124621163998): object was freed before callback; returning Nil.
    [517] <engine-1>[GdPAI] ObjectRef(1382643928884): object was freed before callback; returning Nil.
    [518] <engine-1>[GdPAI] ObjectRef(124621163998): object was freed before callback; returning Nil.
    [519] <engine-1>[GdPAI] ObjectRef(124621163998): object was freed before callback; returning Nil.
    [520] <engine-1>[GdPAI] ObjectRef(1382643928884): object was freed before callback; returning Nil.
    [521] <engine-1>[GdPAI] ObjectRef(1382157389614): object was freed before callback; returning Nil.
    [522] <engine-1>[GdPAI] ObjectRef(1382157389614): object was freed before callback; returning Nil.
    [523] <engine-1>[GdPAI] ObjectRef(124621163998): object was freed before callback; returning Nil.
    [524] <engine-1>[GdPAI] ObjectRef(124621163998): object was freed before callback; returning Nil.
    [525] <engine-1>[GdPAI] ObjectRef(1382643928884): object was freed before callback; returning Nil.
    [526] <engine-1>[GdPAI] ObjectRef(1382157389614): object was freed before callback; returning Nil.
    [527] <engine-1>[GdPAI] ObjectRef(1382157389614): object was freed before callback; returning Nil.
    [528] <engine-1>[GdPAI] ObjectRef(124621163998): object was freed before callback; returning Nil.
    [529] <engine-1>[GdPAI] ObjectRef(124621163998): object was freed before callback; returning Nil.
    [530] <engine-1>[GdPAI] ObjectRef(1382643928884): object was freed before callback; returning Nil.
    [531] <engine-1>[GdPAI] ObjectRef(1382157389614): object was freed before callback; returning Nil.
    [532] <engine-1>[GdPAI] ObjectRef(1382157389614): object was freed before callback; returning Nil.
    [533] <engine-1>[GdPAI] ObjectRef(124621163998): object was freed before callback; returning Nil.
    [534] <engine-1>[GdPAI] ObjectRef(124621163998): object was freed before callback; returning Nil.
    [535] <engine-1>[GdPAI] ObjectRef(1382643928884): object was freed before callback; returning Nil.
    [536] <engine-1>[GdPAI] ObjectRef(1382157389614): object was freed before callback; returning Nil.
    [537] <engine-1>[GdPAI] ObjectRef(1382157389614): object was freed before callback; returning Nil.
    [538] <engine-1>[GdPAI] ObjectRef(124621163998): object was freed before callback; returning Nil.
    [539] <engine-1>[GdPAI] ObjectRef(124621163998): object was freed before callback; returning Nil.
    [540] <engine-1>[GdPAI] ObjectRef(1382643928884): object was freed before callback; returning Nil.
    [541] <engine-1>[GdPAI] ObjectRef(124621163998): object was freed before callback; returning Nil.
    [542] <engine-1>[GdPAI] ObjectRef(124621163998): object was freed before callback; returning Nil.
    [543] <engine-1>[GdPAI] ObjectRef(1382643928884): object was freed before callback; returning Nil.
    [544] <engine-1>[GdPAI] ObjectRef(124621163998): object was freed before callback; returning Nil.
    [545] <engine-1>[GdPAI] ObjectRef(124621163998): object was freed before callback; returning Nil.
    [546] <engine-1>[GdPAI] ObjectRef(1382643928884): object was freed before callback; returning Nil.
    [547] <engine-1>[GdPAI] ObjectRef(1382643928884): object was freed before callback; returning Nil.
    [548] <engine-1>[GdPAI] ObjectRef(124621163998): object was freed before callback; returning Nil.
    [549] <engine-1>[GdPAI] ObjectRef(124621163998): object was freed before callback; returning Nil.
    [550] <engine-1>[GdPAI] ObjectRef(1382643928884): object was freed before callback; returning Nil.
    [551] <engine-1>[GdPAI] ObjectRef(1382643928884): object was freed before callback; returning Nil.
    [552] <engine-1>[GdPAI] ObjectRef(124621163998): object was freed before callback; returning Nil.
    [553] <engine-1>[GdPAI] ObjectRef(124621163998): object was freed before callback; returning Nil.
    [554] <engine-1>[GdPAI] ObjectRef(1382643928884): object was freed before callback; returning Nil.
    [555] <engine-1>[GdPAI] ObjectRef(1382643928884): object was freed before callback; returning Nil.
    [556] <engine-1>[GdPAI] ObjectRef(124621163998): object was freed before callback; returning Nil.
    [557] <engine-1>[GdPAI] ObjectRef(124621163998): object was freed before callback; returning Nil.
    [558] <engine-1>[GdPAI] ObjectRef(124134624705): object was freed before callback; returning Nil.
    [559] <engine-1>[GdPAI] ObjectRef(125661351450): object was freed before callback; returning Nil.
    [560] <engine-1>[GdPAI] ObjectRef(124587609564): object was freed before callback; returning Nil.
    [561] <engine-1>[GdPAI] ObjectRef(124436614611): object was freed before callback; returning Nil.
    [562] <engine-1>[GdPAI] ObjectRef(124134624705): object was freed before callback; returning Nil.
    [563] <engine-1>[GdPAI] ObjectRef(125661351450): object was freed before callback; returning Nil.
    [564] <engine-1>[GdPAI] ObjectRef(124587609564): object was freed before callback; returning Nil.
    [565] <engine-1>[GdPAI] ObjectRef(124436614611): object was freed before callback; returning Nil.
    [566] <engine-1>[GdPAI] ObjectRef(1382643928884): object was freed before callback; returning Nil.
    [567] <engine-1>[GdPAI] ObjectRef(1382643928884): object was freed before callback; returning Nil.
    [568] <engine-1>[GdPAI] ObjectRef(124621163998): object was freed before callback; returning Nil.
    [569] <engine-1>[GdPAI] ObjectRef(124621163998): object was freed before callback; returning Nil.
    [570] <engine-1>[GdPAI] ObjectRef(124134624705): object was freed before callback; returning Nil.
    [571] <engine-1>[GdPAI] ObjectRef(125661351450): object was freed before callback; returning Nil.
    [572] <engine-1>[GdPAI] ObjectRef(124587609564): object was freed before callback; returning Nil.
    [573] <engine-1>[GdPAI] ObjectRef(124436614611): object was freed before callback; returning Nil.
    [574] <engine-1>[GdPAI] ObjectRef(124134624705): object was freed before callback; returning Nil.
    [575] <engine-1>[GdPAI] ObjectRef(125661351450): object was freed before callback; returning Nil.
    [576] <engine-1>[GdPAI] ObjectRef(124587609564): object was freed before callback; returning Nil.
    [577] <engine-1>[GdPAI] ObjectRef(124436614611): object was freed before callback; returning Nil.
    [578] <engine-1>[GdPAI] ObjectRef(1382643928884): object was freed before callback; returning Nil.
    [579] <engine-1>[GdPAI] ObjectRef(1382643928884): object was freed before callback; returning Nil.
    [580] <engine-1>[GdPAI] ObjectRef(124621163998): object was freed before callback; returning Nil.
    [581] <engine-1>[GdPAI] ObjectRef(124436614611): object was freed before callback; returning Nil.
    [582] <engine-1>[GdPAI] ObjectRef(124436614611): object was freed before callback; returning Nil.
    [583] <engine-1>[GdPAI] ObjectRef(1382643928884): object was freed before callback; returning Nil.
    [584] <engine-1>[GdPAI] ObjectRef(1382643928884): object was freed before callback; returning Nil.
    [585] <engine-1>[GdPAI] ObjectRef(124621163998): object was freed before callback; returning Nil.
    [586] <engine-1>[GdPAI] ObjectRef(124436614611): object was freed before callback; returning Nil.
    [587] <engine-1>[GdPAI] ObjectRef(124436614611): object was freed before callback; returning Nil.
    [588] <engine-1>[GdPAI] ObjectRef(1382643928884): object was freed before callback; returning Nil.
    [589] <engine-1>[GdPAI] ObjectRef(1382643928884): object was freed before callback; returning Nil.
    [590] <engine-1>[GdPAI] ObjectRef(124621163998): object was freed before callback; returning Nil.
    [591] <engine-1>[GdPAI] ObjectRef(124587609564): object was freed before callback; returning Nil.
    [592] <engine-1>[GdPAI] ObjectRef(124587609564): object was freed before callback; returning Nil.
    [593] <engine-1>[GdPAI] ObjectRef(1382643928884): object was freed before callback; returning Nil.
    [594] <engine-1>[GdPAI] ObjectRef(1382643928884): object was freed before callback; returning Nil.
    [595] <engine-1>[GdPAI] ObjectRef(124621163998): object was freed before callback; returning Nil.
    [596] <engine-1>[GdPAI] ObjectRef(124587609564): object was freed before callback; returning Nil.
    [597] <engine-1>[GdPAI] ObjectRef(124587609564): object was freed before callback; returning Nil.
    [598] <engine-1>[GdPAI] ObjectRef(1382643928884): object was freed before callback; returning Nil.
    [599] <engine-1>[GdPAI] ObjectRef(1382643928884): object was freed before callback; returning Nil.
    [600] <engine-1>[GdPAI] ObjectRef(124621163998): object was freed before callback; returning Nil.
    [601] <engine-1>[GdPAI] ObjectRef(125661351450): object was freed before callback; returning Nil.
    [602] <engine-1>[GdPAI] ObjectRef(125661351450): object was freed before callback; returning Nil.
    [603] <engine-1>[GdPAI] ObjectRef(1382643928884): object was freed before callback; returning Nil.
    [604] <engine-1>[GdPAI] ObjectRef(1382643928884): object was freed before callback; returning Nil.
    [605] <engine-1>[GdPAI] ObjectRef(124621163998): object was freed before callback; returning Nil.
    [606] <engine-1>[GdPAI] ObjectRef(125661351450): object was freed before callback; returning Nil.
    [607] <engine-1>[GdPAI] ObjectRef(125661351450): object was freed before callback; returning Nil.
    [608] <engine-1>[GdPAI] ObjectRef(1382643928884): object was freed before callback; returning Nil.
    [609] <engine-1>[GdPAI] ObjectRef(1382643928884): object was freed before callback; returning Nil.
    [610] <engine-1>[GdPAI] ObjectRef(124621163998): object was freed before callback; returning Nil.
    [611] <engine-1>[GdPAI] ObjectRef(124134624705): object was freed before callback; returning Nil.
    [612] <engine-1>[GdPAI] ObjectRef(124134624705): object was freed before callback; returning Nil.
    [613] <engine-1>[GdPAI] ObjectRef(1382643928884): object was freed before callback; returning Nil.
    [614] <engine-1>[GdPAI] ObjectRef(1382643928884): object was freed before callback; returning Nil.
    [615] <engine-1>[GdPAI] ObjectRef(124621163998): object was freed before callback; returning Nil.
    [616] <engine-1>[GdPAI] ObjectRef(124134624705): object was freed before callback; returning Nil.
    [617] <engine-1>[GdPAI] ObjectRef(124134624705): object was freed before callback; returning Nil.
    [618] <engine-1>[GdPAI] ObjectRef(1382643928884): object was freed before callback; returning Nil.
    [619] <engine-1>[GdPAI] ObjectRef(1382643928884): object was freed before callback; returning Nil.
    [620] <engine-1>[GdPAI] ObjectRef(124621163998): object was freed before callback; returning Nil.
    [621] <engine-1>[GdPAI] ObjectRef(1382643928884): object was freed before callback; returning Nil.
    [622] <engine-1>[GdPAI] ObjectRef(1382643928884): object was freed before callback; returning Nil.
    [623] <engine-1>[GdPAI] ObjectRef(124621163998): object was freed before callback; returning Nil.
    [624] <engine-1>[GdPAI] ObjectRef(1382643928884): object was freed before callback; returning Nil.
    [625] <engine-1>[GdPAI] ObjectRef(1382643928884): object was freed before callback; returning Nil.
    [626] <engine-1>[GdPAI] ObjectRef(124621163998): object was freed before callback; returning Nil.
    [627] <engine-1>[GdPAI] ObjectRef(124621163998): object was freed before callback; returning Nil.
    [628] <engine-1>[GdPAI] ObjectRef(1382643928884): object was freed before callback; returning Nil.
    [629] <engine-1>[GdPAI] ObjectRef(1382643928884): object was freed before callback; returning Nil.
    [630] <engine-1>[GdPAI] ObjectRef(124621163998): object was freed before callback; returning Nil.
    [631] <engine-1>[GdPAI] ObjectRef(124621163998): object was freed before callback; returning Nil.
    [632] <engine-1>[GdPAI] ObjectRef(1382643928884): object was freed before callback; returning Nil.
    [633] <engine-1>[GdPAI] ObjectRef(1382643928884): object was freed before callback; returning Nil.
    [634] <engine-1>[GdPAI] ObjectRef(124621163998): object was freed before callback; returning Nil.
    [635] <engine-1>[GdPAI] ObjectRef(1382643928884): object was freed before callback; returning Nil.
    [636] <engine-1>[GdPAI] ObjectRef(1382643928884): object was freed before callback; returning Nil.
    [637] <engine-1>[GdPAI] ObjectRef(124621163998): object was freed before callback; returning Nil.
    [638] <engine-1>[GdPAI] ObjectRef(1382643928884): object was freed before callback; returning Nil.
    [639] <engine-1>[GdPAI] ObjectRef(1382643928884): object was freed before callback; returning Nil.
    [640] <engine-1>[GdPAI] ObjectRef(124621163998): object was freed before callback; returning Nil.
    [641] <engine-1>[GdPAI] ObjectRef(1382643928884): object was freed before callback; returning Nil.
    [642] <engine-1>[GdPAI] ObjectRef(1382643928884): object was freed before callback; returning Nil.
    [643] <engine-1>[GdPAI] ObjectRef(124621163998): object was freed before callback; returning Nil.
    [644] <engine-1>[GdPAI] ObjectRef(1382643928884): object was freed before callback; returning Nil.
    [645] <engine-1>[GdPAI] ObjectRef(1382643928884): object was freed before callback; returning Nil.
    [646] <engine-1>[GdPAI] ObjectRef(124621163998): object was freed before callback; returning Nil.
    [647] <engine-1>[GdPAI] ObjectRef(1382643928884): object was freed before callback; returning Nil.
    [648] <engine-1>[GdPAI] ObjectRef(1382643928884): object was freed before callback; returning Nil.
    [649] <engine-1>[GdPAI] ObjectRef(124621163998): object was freed before callback; returning Nil.
    [650] <engine-1>[GdPAI] ObjectRef(1382643928884): object was freed before callback; returning Nil.
    [651] <engine-1>[GdPAI] ObjectRef(1382643928884): object was freed before callback; returning Nil.
    [652] <engine-1>[GdPAI] ObjectRef(124621163998): object was freed before callback; returning Nil.
    [653] <engine-1>[GdPAI] ObjectRef(1382643928884): object was freed before callback; returning Nil.
    [654] <engine-1>[GdPAI] ObjectRef(1382643928884): object was freed before callback; returning Nil.
    [655] <engine-1>[GdPAI] ObjectRef(124621163998): object was freed before callback; returning Nil.
    [656] <engine-1>[GdPAI] ObjectRef(1382643928884): object was freed before callback; returning Nil.
    [657] <engine-1>[GdPAI] ObjectRef(1382643928884): object was freed before callback; returning Nil.
    [658] <engine-1>[GdPAI] ObjectRef(124621163998): object was freed before callback; returning Nil.
    [659] <engine-1>[GdPAI] ObjectRef(1382643928884): object was freed before callback; returning Nil.
    [660] <engine-1>[GdPAI] ObjectRef(1382643928884): object was freed before callback; returning Nil.
    [661] <engine-1>[GdPAI] ObjectRef(124621163998): object was freed before callback; returning Nil.
    [662] <engine-1>[GdPAI] ObjectRef(1382643928884): object was freed before callback; returning Nil.
    [663] <engine-1>[GdPAI] ObjectRef(1382643928884): object was freed before callback; returning Nil.
    [664] <engine-1>[GdPAI] ObjectRef(1383197576744): object was freed before callback; returning Nil.
    [665] <engine-1>[GdPAI] ObjectRef(1383197576744): object was freed before callback; returning Nil.
    [666] <engine-1>[GdPAI] ObjectRef(124621163998): object was freed before callback; returning Nil.
    [667] <engine-1>[GdPAI] ObjectRef(124621163998): object was freed before callback; returning Nil.
    [668] <engine-1>[GdPAI] ObjectRef(124134624705): object was freed before callback; returning Nil.
    [669] <engine-1>[GdPAI] ObjectRef(125661351450): object was freed before callback; returning Nil.
    [670] <engine-1>[GdPAI] ObjectRef(124587609564): object was freed before callback; returning Nil.
    [671] <engine-1>[GdPAI] ObjectRef(124436614611): object was freed before callback; returning Nil.
    [672] <engine-1>[GdPAI] ObjectRef(124134624705): object was freed before callback; returning Nil.
    [673] <engine-1>[GdPAI] ObjectRef(125661351450): object was freed before callback; returning Nil.
    [674] <engine-1>[GdPAI] ObjectRef(124587609564): object was freed before callback; returning Nil.
    [675] <engine-1>[GdPAI] ObjectRef(124436614611): object was freed before callback; returning Nil.
    [676] <engine-1>[GdPAI] ObjectRef(1382643928884): object was freed before callback; returning Nil.
    [677] <engine-1>[GdPAI] ObjectRef(1382643928884): object was freed before callback; returning Nil.
    [678] <engine-1>[GdPAI] ObjectRef(1383197576744): object was freed before callback; returning Nil.
    [679] <engine-1>[GdPAI] ObjectRef(1383197576744): object was freed before callback; returning Nil.
    [680] <engine-1>[GdPAI] ObjectRef(124621163998): object was freed before callback; returning Nil.
    [681] <engine-1>[GdPAI] ObjectRef(124621163998): object was freed before callback; returning Nil.
    [682] <engine-1>[GdPAI] ObjectRef(124134624705): object was freed before callback; returning Nil.
    [683] <engine-1>[GdPAI] ObjectRef(125661351450): object was freed before callback; returning Nil.
    [684] <engine-1>[GdPAI] ObjectRef(124587609564): object was freed before callback; returning Nil.
    [685] <engine-1>[GdPAI] ObjectRef(124436614611): object was freed before callback; returning Nil.
    [686] <engine-1>[GdPAI] ObjectRef(124134624705): object was freed before callback; returning Nil.
    [687] <engine-1>[GdPAI] ObjectRef(125661351450): object was freed before callback; returning Nil.
    [688] <engine-1>[GdPAI] ObjectRef(124587609564): object was freed before callback; returning Nil.
    [689] <engine-1>[GdPAI] ObjectRef(124436614611): object was freed before callback; returning Nil.
    [690] <engine-1>[GdPAI] ObjectRef(1382643928884): object was freed before callback; returning Nil.
    [691] <engine-1>[GdPAI] ObjectRef(1383197576744): object was freed before callback; returning Nil.
    [692] <engine-1>[GdPAI] ObjectRef(1383197576744): object was freed before callback; returning Nil.
    [693] <engine-1>[GdPAI] ObjectRef(124621163998): object was freed before callback; returning Nil.
    [694] <engine-1>[GdPAI] ObjectRef(124436614611): object was freed before callback; returning Nil.
    [695] <engine-1>[GdPAI] ObjectRef(124436614611): object was freed before callback; returning Nil.
    [696] <engine-1>[GdPAI] ObjectRef(1382643928884): object was freed before callback; returning Nil.
    [697] <engine-1>[GdPAI] ObjectRef(1383197576744): object was freed before callback; returning Nil.
    [698] <engine-1>[GdPAI] ObjectRef(1383197576744): object was freed before callback; returning Nil.
    [699] <engine-1>[GdPAI] ObjectRef(124621163998): object was freed before callback; returning Nil.
    [700] <engine-1>[GdPAI] ObjectRef(124436614611): object was freed before callback; returning Nil.
    [701] <engine-1>[GdPAI] ObjectRef(124436614611): object was freed before callback; returning Nil.
    [702] <engine-1>[GdPAI] ObjectRef(1382643928884): object was freed before callback; returning Nil.
    [703] <engine-1>[GdPAI] ObjectRef(1382157389614): object was freed before callback; returning Nil.
    [704] <engine-1>[GdPAI] ObjectRef(1382157389614): object was freed before callback; returning Nil.
    [705] <engine-1>[GdPAI] ObjectRef(124621163998): object was freed before callback; returning Nil.
    [706] <engine-1>[GdPAI] ObjectRef(124587609564): object was freed before callback; returning Nil.
    [707] <engine-1>[GdPAI] ObjectRef(124587609564): object was freed before callback; returning Nil.
    [708] <engine-1>[GdPAI] ObjectRef(1382643928884): object was freed before callback; returning Nil.
    [709] <engine-1>[GdPAI] ObjectRef(1382157389614): object was freed before callback; returning Nil.
    [710] <engine-1>[GdPAI] ObjectRef(1382157389614): object was freed before callback; returning Nil.
    [711] <engine-1>[GdPAI] ObjectRef(124621163998): object was freed before callback; returning Nil.
    [712] <engine-1>[GdPAI] ObjectRef(124587609564): object was freed before callback; returning Nil.
    [713] <engine-1>[GdPAI] ObjectRef(124587609564): object was freed before callback; returning Nil.
    [714] <engine-1>[GdPAI] ObjectRef(1382643928884): object was freed before callback; returning Nil.
    [715] <engine-1>[GdPAI] ObjectRef(1382157389614): object was freed before callback; returning Nil.
    [716] <engine-1>[GdPAI] ObjectRef(1382157389614): object was freed before callback; returning Nil.
    [717] <engine-1>[GdPAI] ObjectRef(124621163998): object was freed before callback; returning Nil.
    [718] <engine-1>[GdPAI] ObjectRef(125661351450): object was freed before callback; returning Nil.
    [719] <engine-1>[GdPAI] ObjectRef(125661351450): object was freed before callback; returning Nil.
    [720] <engine-1>[GdPAI] ObjectRef(1382643928884): object was freed before callback; returning Nil.
    [721] <engine-1>[GdPAI] ObjectRef(1382157389614): object was freed before callback; returning Nil.
    [722] <engine-1>[GdPAI] ObjectRef(1382157389614): object was freed before callback; returning Nil.
    [723] <engine-1>[GdPAI] ObjectRef(124621163998): object was freed before callback; returning Nil.
    [724] <engine-1>[GdPAI] ObjectRef(125661351450): object was freed before callback; returning Nil.
    [725] <engine-1>[GdPAI] ObjectRef(125661351450): object was freed before callback; returning Nil.
    [726] <engine-1>[GdPAI] ObjectRef(1382643928884): object was freed before callback; returning Nil.
    [727] <engine-1>[GdPAI] ObjectRef(124621163998): object was freed before callback; returning Nil.
    [728] <engine-1>[GdPAI] ObjectRef(124134624705): object was freed before callback; returning Nil.
    [729] <engine-1>[GdPAI] ObjectRef(124134624705): object was freed before callback; returning Nil.
    [730] <engine-1>[GdPAI] ObjectRef(1382643928884): object was freed before callback; returning Nil.
    [731] <engine-1>[GdPAI] ObjectRef(124621163998): object was freed before callback; returning Nil.
    [732] <engine-1>[GdPAI] ObjectRef(124134624705): object was freed before callback; returning Nil.
    [733] <engine-1>[GdPAI] ObjectRef(124134624705): object was freed before callback; returning Nil.
    [734] <engine-1>[GdPAI] ObjectRef(1382643928884): object was freed before callback; returning Nil.
    [735] <engine-1>[GdPAI] ObjectRef(1382643928884): object was freed before callback; returning Nil.
    [736] <engine-1>[GdPAI] ObjectRef(124621163998): object was freed before callback; returning Nil.
    [737] <engine-1>[GdPAI] ObjectRef(1382643928884): object was freed before callback; returning Nil.
    [738] <engine-1>[GdPAI] ObjectRef(1382643928884): object was freed before callback; returning Nil.
    [739] <engine-1>[GdPAI] ObjectRef(124621163998): object was freed before callback; returning Nil.
    [740] <engine-1>[GdPAI] ObjectRef(1382643928884): object was freed before callback; returning Nil.
    [741] <engine-1>[GdPAI] ObjectRef(124621163998): object was freed before callback; returning Nil.
    [742] <engine-1>[GdPAI] ObjectRef(124621163998): object was freed before callback; returning Nil.
    [743] <engine-1>[GdPAI] ObjectRef(1382643928884): object was freed before callback; returning Nil.
    [744] <engine-1>[GdPAI] ObjectRef(124621163998): object was freed before callback; returning Nil.
    [745] <engine-1>[GdPAI] ObjectRef(124621163998): object was freed before callback; returning Nil.
    [746] <engine-1>[GdPAI] ObjectRef(1382643928884): object was freed before callback; returning Nil.
    [747] <engine-1>[GdPAI] ObjectRef(1382157389614): object was freed before callback; returning Nil.
    [748] <engine-1>[GdPAI] ObjectRef(1382157389614): object was freed before callback; returning Nil.
    [749] <engine-1>[GdPAI] ObjectRef(124621163998): object was freed before callback; returning Nil.
    [750] <engine-1>[GdPAI] ObjectRef(1382643928884): object was freed before callback; returning Nil.
    [751] <engine-1>[GdPAI] ObjectRef(1382157389614): object was freed before callback; returning Nil.
    [752] <engine-1>[GdPAI] ObjectRef(1382157389614): object was freed before callback; returning Nil.
    [753] <engine-1>[GdPAI] ObjectRef(124621163998): object was freed before callback; returning Nil.
    [754] <engine-1>[GdPAI] ObjectRef(1382643928884): object was freed before callback; returning Nil.
    [755] <engine-1>[GdPAI] ObjectRef(1382157389614): object was freed before callback; returning Nil.
    [756] <engine-1>[GdPAI] ObjectRef(1382157389614): object was freed before callback; returning Nil.
    [757] <engine-1>[GdPAI] ObjectRef(124621163998): object was freed before callback; returning Nil.
    [758] <engine-1>[GdPAI] ObjectRef(1382643928884): object was freed before callback; returning Nil.
    [759] <engine-1>[GdPAI] ObjectRef(1382157389614): object was freed before callback; returning Nil.
    [760] <engine-1>[GdPAI] ObjectRef(1382157389614): object was freed before callback; returning Nil.
    [761] <engine-1>[GdPAI] ObjectRef(124621163998): object was freed before callback; returning Nil.
    [762] <engine-1>[GdPAI] ObjectRef(1382643928884): object was freed before callback; returning Nil.
    [763] <engine-1>[GdPAI] ObjectRef(124621163998): object was freed before callback; returning Nil.
    [764] <engine-1>[GdPAI] ObjectRef(1382643928884): object was freed before callback; returning Nil.
    [765] <engine-1>[GdPAI] ObjectRef(124621163998): object was freed before callback; returning Nil.
    [766] <engine-1>[GdPAI] ObjectRef(1382643928884): object was freed before callback; returning Nil.
    [767] <engine-1>[GdPAI] ObjectRef(1382643928884): object was freed before callback; returning Nil.
    [768] <engine-1>[GdPAI] ObjectRef(1383197576744): object was freed before callback; returning Nil.
    [769] <engine-1>[GdPAI] ObjectRef(1383197576744): object was freed before callback; returning Nil.
    [770] <engine-1>[GdPAI] ObjectRef(124621163998): object was freed before callback; returning Nil.
    [771] <engine-1>[GdPAI] ObjectRef(1382643928884): object was freed before callback; returning Nil.
    [772] <engine-1>[GdPAI] ObjectRef(1382643928884): object was freed before callback; returning Nil.
    [773] <engine-1>[GdPAI] ObjectRef(1383197576744): object was freed before callback; returning Nil.
    [774] <engine-1>[GdPAI] ObjectRef(1383197576744): object was freed before callback; returning Nil.
    [775] <engine-1>[GdPAI] ObjectRef(124621163998): object was freed before callback; returning Nil.
    [776] <engine-1>[GdPAI] ObjectRef(1382643928884): object was freed before callback; returning Nil.
    [777] <engine-1>[GdPAI] ObjectRef(1383197576744): object was freed before callback; returning Nil.
    [778] <engine-1>[GdPAI] ObjectRef(1383197576744): object was freed before callback; returning Nil.
    [779] <engine-1>[GdPAI] ObjectRef(124621163998): object was freed before callback; returning Nil.
    [780] <engine-1>[GdPAI] ObjectRef(1382643928884): object was freed before callback; returning Nil.
    [781] <engine-1>[GdPAI] ObjectRef(1383197576744): object was freed before callback; returning Nil.
    [782] <engine-1>[GdPAI] ObjectRef(1383197576744): object was freed before callback; returning Nil.
    [783] <engine-1>[GdPAI] ObjectRef(124621163998): object was freed before callback; returning Nil.
    [784] <engine-1>[GdPAI] ObjectRef(1382643928884): object was freed before callback; returning Nil.
    [785] <engine-1>[GdPAI] ObjectRef(1382157389614): object was freed before callback; returning Nil.
    [786] <engine-1>[GdPAI] ObjectRef(1382157389614): object was freed before callback; returning Nil.
    [787] <engine-1>[GdPAI] ObjectRef(124621163998): object was freed before callback; returning Nil.
    [788] <engine-1>[GdPAI] ObjectRef(124621163998): object was freed before callback; returning Nil.
    [789] <engine-1>[GdPAI] ObjectRef(1382643928884): object was freed before callback; returning Nil.
    [790] <engine-1>[GdPAI] ObjectRef(1382157389614): object was freed before callback; returning Nil.
    [791] <engine-1>[GdPAI] ObjectRef(1382157389614): object was freed before callback; returning Nil.
    [792] <engine-1>[GdPAI] ObjectRef(124621163998): object was freed before callback; returning Nil.
    [793] <engine-1>[GdPAI] ObjectRef(124621163998): object was freed before callback; returning Nil.
    [794] <engine-1>[GdPAI] ObjectRef(1382643928884): object was freed before callback; returning Nil.
    [795] <engine-1>[GdPAI] ObjectRef(1382157389614): object was freed before callback; returning Nil.
    [796] <engine-1>[GdPAI] ObjectRef(1382157389614): object was freed before callback; returning Nil.
    [797] <engine-1>[GdPAI] ObjectRef(124621163998): object was freed before callback; returning Nil.
    [798] <engine-1>[GdPAI] ObjectRef(1382643928884): object was freed before callback; returning Nil.
    [799] <engine-1>[GdPAI] ObjectRef(1382157389614): object was freed before callback; returning Nil.
    [800] <engine-1>[GdPAI] ObjectRef(1382157389614): object was freed before callback; returning Nil.
    [801] <engine-1>[GdPAI] ObjectRef(124621163998): object was freed before callback; returning Nil.
    [802] <engine-1>[GdPAI] ObjectRef(1382643928884): object was freed before callback; returning Nil.
    [803] <engine-1>[GdPAI] ObjectRef(124621163998): object was freed before callback; returning Nil.
    [804] <engine-1>[GdPAI] ObjectRef(1382643928884): object was freed before callback; returning Nil.
    [805] <engine-1>[GdPAI] ObjectRef(124621163998): object was freed before callback; returning Nil.
    [806] <engine-1>[GdPAI] ObjectRef(1382643928884): object was freed before callback; returning Nil.
    [807] <engine-1>[GdPAI] ObjectRef(1382643928884): object was freed before callback; returning Nil.
    [808] <engine-1>[GdPAI] ObjectRef(124621163998): object was freed before callback; returning Nil.
    [809] <engine-1>[GdPAI] ObjectRef(1382643928884): object was freed before callback; returning Nil.
    [810] <engine-1>[GdPAI] ObjectRef(1382643928884): object was freed before callback; returning Nil.
    [811] <engine-1>[GdPAI] ObjectRef(124621163998): object was freed before callback; returning Nil.
    [812] <engine-1>[GdPAI] ObjectRef(1382643928884): object was freed before callback; returning Nil.
    [813] <engine-1>[GdPAI] ObjectRef(124621163998): object was freed before callback; returning Nil.
    [814] <engine-1>[GdPAI] ObjectRef(1382643928884): object was freed before callback; returning Nil.
    [815] <engine-1>[GdPAI] ObjectRef(124621163998): object was freed before callback; returning Nil.
    [816] <engine-1>[GdPAI] ObjectRef(1382643928884): object was freed before callback; returning Nil.
    [817] <engine-1>[GdPAI] ObjectRef(1382157389614): object was freed before callback; returning Nil.
    [818] <engine-1>[GdPAI] ObjectRef(1382157389614): object was freed before callback; returning Nil.
    [819] <engine-1>[GdPAI] ObjectRef(124621163998): object was freed before callback; returning Nil.
    [820] <engine-1>[GdPAI] ObjectRef(1382643928884): object was freed before callback; returning Nil.
    [821] <engine-1>[GdPAI] ObjectRef(1382157389614): object was freed before callback; returning Nil.
    [822] <engine-1>[GdPAI] ObjectRef(1382157389614): object was freed before callback; returning Nil.
    [823] <engine-1>[GdPAI] ObjectRef(124621163998): object was freed before callback; returning Nil.
    [824] <engine-1>[GdPAI] ObjectRef(1382643928884): object was freed before callback; returning Nil.
    [825] <engine-1>[GdPAI] ObjectRef(1382157389614): object was freed before callback; returning Nil.
    [826] <engine-1>[GdPAI] ObjectRef(1382157389614): object was freed before callback; returning Nil.
    [827] <engine-1>[GdPAI] ObjectRef(124621163998): object was freed before callback; returning Nil.
    [828] <engine-1>[GdPAI] ObjectRef(124621163998): object was freed before callback; returning Nil.
    [829] <engine-1>[GdPAI] ObjectRef(1382643928884): object was freed before callback; returning Nil.
    [830] <engine-1>[GdPAI] ObjectRef(1382157389614): object was freed before callback; returning Nil.
    [831] <engine-1>[GdPAI] ObjectRef(1382157389614): object was freed before callback; returning Nil.
    [832] <engine-1>[GdPAI] ObjectRef(124621163998): object was freed before callback; returning Nil.
    [833] <engine-1>[GdPAI] ObjectRef(124621163998): object was freed before callback; returning Nil.
    [834] <engine-1>[GdPAI] ObjectRef(1382643928884): object was freed before callback; returning Nil.
    [835] <engine-1>[GdPAI] ObjectRef(124621163998): object was freed before callback; returning Nil.
    [836] <engine-1>[GdPAI] ObjectRef(1382643928884): object was freed before callback; returning Nil.
    [837] <engine-1>[GdPAI] ObjectRef(124621163998): object was freed before callback; returning Nil.
    [838] <engine-1>[GdPAI] ObjectRef(1382643928884): object was freed before callback; returning Nil.
    [839] <engine-1>[GdPAI] ObjectRef(1382643928884): object was freed before callback; returning Nil.
    [840] <engine-1>[GdPAI] ObjectRef(124621163998): object was freed before callback; returning Nil.
    [841] <engine-1>[GdPAI] ObjectRef(1382643928884): object was freed before callback; returning Nil.
    [842] <engine-1>[GdPAI] ObjectRef(1382643928884): object was freed before callback; returning Nil.
    [843] <engine-1>[GdPAI] ObjectRef(124621163998): object was freed before callback; returning Nil.
    [844] <engine-1>[GdPAI] ObjectRef(1382643928884): object was freed before callback; returning Nil.
    [845] <engine-1>[GdPAI] ObjectRef(124621163998): object was freed before callback; returning Nil.
    [846] <engine-1>[GdPAI] ObjectRef(1382643928884): object was freed before callback; returning Nil.
    [847] <engine-1>[GdPAI] ObjectRef(124621163998): object was freed before callback; returning Nil.
    [848] <engine-1>[GdPAI] ObjectRef(1382643928884): object was freed before callback; returning Nil.
    [849] <engine-1>[GdPAI] ObjectRef(1382157389614): object was freed before callback; returning Nil.
    [850] <engine-1>[GdPAI] ObjectRef(1382157389614): object was freed before callback; returning Nil.
    [851] <engine-1>[GdPAI] ObjectRef(124621163998): object was freed before callback; returning Nil.
    [852] <engine-1>[GdPAI] ObjectRef(1382643928884): object was freed before callback; returning Nil.
    [853] <engine-1>[GdPAI] ObjectRef(1382157389614): object was freed before callback; returning Nil.
    [854] <engine-1>[GdPAI] ObjectRef(1382157389614): object was freed before callback; returning Nil.
    [855] <engine-1>[GdPAI] ObjectRef(124621163998): object was freed before callback; returning Nil.
    [856] <engine-1>[GdPAI] ObjectRef(1382643928884): object was freed before callback; returning Nil.
    [857] <engine-1>[GdPAI] ObjectRef(1382157389614): object was freed before callback; returning Nil.
    [858] <engine-1>[GdPAI] ObjectRef(1382157389614): object was freed before callback; returning Nil.
    [859] <engine-1>[GdPAI] ObjectRef(124621163998): object was freed before callback; returning Nil.
    [860] <engine-1>[GdPAI] ObjectRef(1382643928884): object was freed before callback; returning Nil.
    [861] <engine-1>[GdPAI] ObjectRef(1382157389614): object was freed before callback; returning Nil.
    [862] <engine-1>[GdPAI] ObjectRef(1382157389614): object was freed before callback; returning Nil.
    [863] <engine-1>[GdPAI] ObjectRef(124621163998): object was freed before callback; returning Nil.
    [864] <engine-1>[GdPAI] ObjectRef(1382643928884): object was freed before callback; returning Nil.
    [865] <engine-1>[GdPAI] ObjectRef(124621163998): object was freed before callback; returning Nil.
    [866] <engine-1>[GdPAI] ObjectRef(124621163998): object was freed before callback; returning Nil.
    [867] <engine-1>[GdPAI] ObjectRef(1382643928884): object was freed before callback; returning Nil.
    [868] <engine-1>[GdPAI] ObjectRef(124621163998): object was freed before callback; returning Nil.
    [869] <engine-1>[GdPAI] ObjectRef(124621163998): object was freed before callback; returning Nil.
    [870] <engine-1>[GdPAI] ObjectRef(1382643928884): object was freed before callback; returning Nil.
    [871] <engine-1>[GdPAI] ObjectRef(1382643928884): object was freed before callback; returning Nil.
    [872] <engine-1>[GdPAI] ObjectRef(124621163998): object was freed before callback; returning Nil.
    [873] <engine-1>[GdPAI] ObjectRef(1382643928884): object was freed before callback; returning Nil.
    [874] <engine-1>[GdPAI] ObjectRef(1382643928884): object was freed before callback; returning Nil.
    [875] <engine-1>[GdPAI] ObjectRef(124621163998): object was freed before callback; returning Nil.
    [876] <engine-1>[GdPAI] ObjectRef(1382643928884): object was freed before callback; returning Nil.
    [877] <engine-1>[GdPAI] ObjectRef(124621163998): object was freed before callback; returning Nil.
    [878] <engine-1>[GdPAI] ObjectRef(1382643928884): object was freed before callback; returning Nil.
    [879] <engine-1>[GdPAI] ObjectRef(124621163998): object was freed before callback; returning Nil.
    [880] <engine-1>[GdPAI] ObjectRef(1382643928884): object was freed before callback; returning Nil.
    [881] <engine-1>[GdPAI] ObjectRef(1382157389614): object was freed before callback; returning Nil.
    [882] <engine-1>[GdPAI] ObjectRef(1382157389614): object was freed before callback; returning Nil.
    [883] <engine-1>[GdPAI] ObjectRef(124621163998): object was freed before callback; returning Nil.
    [884] <engine-1>[GdPAI] ObjectRef(1382643928884): object was freed before callback; returning Nil.
    [885] <engine-1>[GdPAI] ObjectRef(1382157389614): object was freed before callback; returning Nil.
    [886] <engine-1>[GdPAI] ObjectRef(1382157389614): object was freed before callback; returning Nil.
    [887] <engine-1>[GdPAI] ObjectRef(124621163998): object was freed before callback; returning Nil.
    [888] <engine-1>[GdPAI] ObjectRef(1382643928884): object was freed before callback; returning Nil.
    [889] <engine-1>[GdPAI] ObjectRef(1382157389614): object was freed before callback; returning Nil.
    [890] <engine-1>[GdPAI] ObjectRef(1382157389614): object was freed before callback; returning Nil.
    [891] <engine-1>[GdPAI] ObjectRef(124621163998): object was freed before callback; returning Nil.
    [892] <engine-1>[GdPAI] ObjectRef(1382643928884): object was freed before callback; returning Nil.
    [893] <engine-1>[GdPAI] ObjectRef(1382157389614): object was freed before callback; returning Nil.
    [894] <engine-1>[GdPAI] ObjectRef(1382157389614): object was freed before callback; returning Nil.
    [895] <engine-1>[GdPAI] ObjectRef(124621163998): object was freed before callback; returning Nil.
    [896] <engine-1>[GdPAI] ObjectRef(1382643928884): object was freed before callback; returning Nil.
    [897] <engine-1>[GdPAI] ObjectRef(124621163998): object was freed before callback; returning Nil.
    [898] <engine-1>[GdPAI] ObjectRef(1382643928884): object was freed before callback; returning Nil.
    [899] <engine-1>[GdPAI] ObjectRef(124621163998): object was freed before callback; returning Nil.
    [900] <engine-1>[GdPAI] ObjectRef(1382643928884): object was freed before callback; returning Nil.
    [901] <engine-1>[GdPAI] ObjectRef(1382643928884): object was freed before callback; returning Nil.
    [902] <engine-1>[GdPAI] ObjectRef(124621163998): object was freed before callback; returning Nil.
    [903] <engine-1>[GdPAI] ObjectRef(124621163998): object was freed before callback; returning Nil.
    [904] <engine-1>[GdPAI] ObjectRef(1382643928884): object was freed before callback; returning Nil.
    [905] <engine-1>[GdPAI] ObjectRef(1382643928884): object was freed before callback; returning Nil.
    [906] <engine-1>[GdPAI] ObjectRef(124621163998): object was freed before callback; returning Nil.
    [907] <engine-1>[GdPAI] ObjectRef(124621163998): object was freed before callback; returning Nil.
    [908] <engine-1>[GdPAI] ObjectRef(1382643928884): object was freed before callback; returning Nil.
    [909] <engine-1>[GdPAI] ObjectRef(124621163998): object was freed before callback; returning Nil.
    [910] <engine-1>[GdPAI] ObjectRef(1382643928884): object was freed before callback; returning Nil.
    [911] <engine-1>[GdPAI] ObjectRef(124621163998): object was freed before callback; returning Nil.
    [912] <engine-1>[GdPAI] ObjectRef(1382643928884): object was freed before callback; returning Nil.
    [913] <engine-1>[GdPAI] ObjectRef(1382157389614): object was freed before callback; returning Nil.
    [914] <engine-1>[GdPAI] ObjectRef(1382157389614): object was freed before callback; returning Nil.
    [915] <engine-1>[GdPAI] ObjectRef(124621163998): object was freed before callback; returning Nil.
    [916] <engine-1>[GdPAI] ObjectRef(1382643928884): object was freed before callback; returning Nil.
    [917] <engine-1>[GdPAI] ObjectRef(1382157389614): object was freed before callback; returning Nil.
    [918] <engine-1>[GdPAI] ObjectRef(1382157389614): object was freed before callback; returning Nil.
    [919] <engine-1>[GdPAI] ObjectRef(124621163998): object was freed before callback; returning Nil.
    [920] <engine-1>[GdPAI] ObjectRef(1382643928884): object was freed before callback; returning Nil.
    [921] <engine-1>[GdPAI] ObjectRef(1382157389614): object was freed before callback; returning Nil.
    [922] <engine-1>[GdPAI] ObjectRef(1382157389614): object was freed before callback; returning Nil.
    [923] <engine-1>[GdPAI] ObjectRef(124621163998): object was freed before callback; returning Nil.
    [924] <engine-1>[GdPAI] ObjectRef(1382643928884): object was freed before callback; returning Nil.
    [925] <engine-1>[GdPAI] ObjectRef(1382157389614): object was freed before callback; returning Nil.
    [926] <engine-1>[GdPAI] ObjectRef(1382157389614): object was freed before callback; returning Nil.
    [927] <engine-1>[GdPAI] ObjectRef(124621163998): object was freed before callback; returning Nil.
    [928] <engine-1>[GdPAI] ObjectRef(1382643928884): object was freed before callback; returning Nil.
    [929] <engine-1>[GdPAI] ObjectRef(124621163998): object was freed before callback; returning Nil.
    [930] <engine-1>[GdPAI] ObjectRef(1382643928884): object was freed before callback; returning Nil.
    [931] <engine-1>[GdPAI] ObjectRef(124621163998): object was freed before callback; returning Nil.
    [932] <engine-1>[GdPAI] ObjectRef(1382643928884): object was freed before callback; returning Nil.
    [933] <engine-1>[GdPAI] ObjectRef(1382643928884): object was freed before callback; returning Nil.
    [934] <engine-1>[GdPAI] ObjectRef(124621163998): object was freed before callback; returning Nil.
    [935] <engine-1>[GdPAI] ObjectRef(1382643928884): object was freed before callback; returning Nil.
    [936] <engine-1>[GdPAI] ObjectRef(1382643928884): object was freed before callback; returning Nil.
    [937] <engine-1>[GdPAI] ObjectRef(124621163998): object was freed before callback; returning Nil.
    [938] <engine-1>[GdPAI] ObjectRef(1382643928884): object was freed before callback; returning Nil.
    [939] <engine-1>[GdPAI] ObjectRef(124621163998): object was freed before callback; returning Nil.
    [940] <engine-1>[GdPAI] ObjectRef(124621163998): object was freed before callback; returning Nil.
    [941] <engine-1>[GdPAI] ObjectRef(1382643928884): object was freed before callback; returning Nil.
    [942] <engine-1>[GdPAI] ObjectRef(124621163998): object was freed before callback; returning Nil.
    [943] <engine-1>[GdPAI] ObjectRef(124621163998): object was freed before callback; returning Nil.
    [944] <engine-1>[GdPAI] ObjectRef(1382643928884): object was freed before callback; returning Nil.
    [945] <engine-1>[GdPAI] ObjectRef(1382157389614): object was freed before callback; returning Nil.
    [946] <engine-1>[GdPAI] ObjectRef(1382157389614): object was freed before callback; returning Nil.
    [947] <engine-1>[GdPAI] ObjectRef(124621163998): object was freed before callback; returning Nil.
    [948] <engine-1>[GdPAI] ObjectRef(124621163998): object was freed before callback; returning Nil.
    [949] <engine-1>[GdPAI] ObjectRef(1382643928884): object was freed before callback; returning Nil.
    [950] <engine-1>[GdPAI] ObjectRef(1382157389614): object was freed before callback; returning Nil.
    [951] <engine-1>[GdPAI] ObjectRef(1382157389614): object was freed before callback; returning Nil.
    [952] <engine-1>[GdPAI] ObjectRef(124621163998): object was freed before callback; returning Nil.
    [953] <engine-1>[GdPAI] ObjectRef(124621163998): object was freed before callback; returning Nil.
    [954] <engine-1>[GdPAI] ObjectRef(1382643928884): object was freed before callback; returning Nil.
    [955] <engine-1>[GdPAI] ObjectRef(1382157389614): object was freed before callback; returning Nil.
    [956] <engine-1>[GdPAI] ObjectRef(1382157389614): object was freed before callback; returning Nil.
    [957] <engine-1>[GdPAI] ObjectRef(124621163998): object was freed before callback; returning Nil.
    [958] <engine-1>[GdPAI] ObjectRef(124621163998): object was freed before callback; returning Nil.
    [959] <engine-1>[GdPAI] ObjectRef(1382643928884): object was freed before callback; returning Nil.
    [960] <engine-1>[GdPAI] ObjectRef(1382157389614): object was freed before callback; returning Nil.
    [961] <engine-1>[GdPAI] ObjectRef(1382157389614): object was freed before callback; returning Nil.
    [962] <engine-1>[GdPAI] ObjectRef(124621163998): object was freed before callback; returning Nil.
    [963] <engine-1>[GdPAI] ObjectRef(124621163998): object was freed before callback; returning Nil.
    [964] <engine-1>[GdPAI] ObjectRef(1382643928884): object was freed before callback; returning Nil.
    [965] <engine-1>[GdPAI] ObjectRef(124621163998): object was freed before callback; returning Nil.
    [966] <engine-1>[GdPAI] ObjectRef(124621163998): object was freed before callback; returning Nil.
    [967] <engine-1>[GdPAI] ObjectRef(1382643928884): object was freed before callback; returning Nil.
    [968] <engine-1>[GdPAI] ObjectRef(124621163998): object was freed before callback; returning Nil.
    [969] <engine-1>[GdPAI] ObjectRef(124621163998): object was freed before callback; returning Nil.
    [970] <engine-1>[GdPAI] ObjectRef(1382643928884): object was freed before callback; returning Nil.
    [971] <engine-1>[GdPAI] ObjectRef(1382643928884): object was freed before callback; returning Nil.
    [972] <engine-1>[GdPAI] ObjectRef(124621163998): object was freed before callback; returning Nil.
    [973] <engine-1>[GdPAI] ObjectRef(124621163998): object was freed before callback; returning Nil.
    [974] <engine-1>[GdPAI] ObjectRef(1382643928884): object was freed before callback; returning Nil.
    [975] <engine-1>[GdPAI] ObjectRef(1382643928884): object was freed before callback; returning Nil.
    [976] <engine-1>[GdPAI] ObjectRef(124621163998): object was freed before callback; returning Nil.
    [977] <engine-1>[GdPAI] ObjectRef(124621163998): object was freed before callback; returning Nil.
    [978] <engine-1>[GdPAI] ObjectRef(1382643928884): object was freed before callback; returning Nil.
    [979] <engine-1>[GdPAI] ObjectRef(1382643928884): object was freed before callback; returning Nil.
    [980] <engine-1>[GdPAI] ObjectRef(124621163998): object was freed before callback; returning Nil.
    [981] <engine-1>[GdPAI] ObjectRef(124621163998): object was freed before callback; returning Nil.
    [982] <engine-1>[GdPAI] ObjectRef(1382643928884): object was freed before callback; returning Nil.
    [983] <engine-1>[GdPAI] ObjectRef(1382643928884): object was freed before callback; returning Nil.
    [984] <engine-1>[GdPAI] ObjectRef(124621163998): object was freed before callback; returning Nil.
    [985] <engine-1>[GdPAI] ObjectRef(124621163998): object was freed before callback; returning Nil.
    [986] <engine-1>[GdPAI] ObjectRef(1382643928884): object was freed before callback; returning Nil.
    [987] <engine-1>[GdPAI] ObjectRef(1382643928884): object was freed before callback; returning Nil.
    [988] <engine-1>[GdPAI] ObjectRef(124621163998): object was freed before callback; returning Nil.
    [989] <engine-1>[GdPAI] ObjectRef(124621163998): object was freed before callback; returning Nil.
    [990] <engine-1>[GdPAI] ObjectRef(1382643928884): object was freed before callback; returning Nil.
    [991] <engine-1>[GdPAI] ObjectRef(1382643928884): object was freed before callback; returning Nil.
    [992] <engine-1>[GdPAI] ObjectRef(124621163998): object was freed before callback; returning Nil.
    [993] <engine-1>[GdPAI] ObjectRef(124621163998): object was freed before callback; returning Nil.
    [994] <engine-1>[GdPAI] ObjectRef(1382643928884): object was freed before callback; returning Nil.
    [995] <engine-1>[GdPAI] ObjectRef(1382643928884): object was freed before callback; returning Nil.
    [996] <engine-1>[GdPAI] ObjectRef(124621163998): object was freed before callback; returning Nil.
    [997] <engine-1>[GdPAI] ObjectRef(124621163998): object was freed before callback; returning Nil.
    [998] <engine-1>[GdPAI] ObjectRef(1382643928884): object was freed before callback; returning Nil.
    [999] <engine-1>[GdPAI] ObjectRef(1382643928884): object was freed before callback; returning Nil.
    [1000] <engine-1>[GdPAI] ObjectRef(124621163998): object was freed before callback; returning Nil.
    [1001] <engine-1>[GdPAI] ObjectRef(124621163998): object was freed before callback; returning Nil.
    [1002] <engine-1>[GdPAI] ObjectRef(1382643928884): object was freed before callback; returning Nil.
    [1003] <engine-1>[GdPAI] ObjectRef(1382643928884): object was freed before callback; returning Nil.
    [1004] <engine-1>[GdPAI] ObjectRef(124621163998): object was freed before callback; returning Nil.
    [1005] <engine-1>[GdPAI] ObjectRef(124621163998): object was freed before callback; returning Nil.
    [1006] <engine-1>[GdPAI] ObjectRef(1382643928884): object was freed before callback; returning Nil.
    [1007] <engine-1>[GdPAI] ObjectRef(1382643928884): object was freed before callback; returning Nil.
    [1008] <engine-1>[GdPAI] ObjectRef(124621163998): object was freed before callback; returning Nil.
    [1009] <engine-1>[GdPAI] ObjectRef(124621163998): object was freed before callback; returning Nil.
    [1010] <engine-1>[GdPAI] ObjectRef(1382643928884): object was freed before callback; returning Nil.
    [1011] <engine-1>[GdPAI] ObjectRef(1382643928884): object was freed before callback; returning Nil.
    [1012] <engine-1>[GdPAI] ObjectRef(124621163998): object was freed before callback; returning Nil.
    [1013] <engine-1>[GdPAI] ObjectRef(124621163998): object was freed before callback; returning Nil.
    [1014] <engine-1>[GdPAI] ObjectRef(1382643928884): object was freed before callback; returning Nil.
    [1015] <engine-1>[GdPAI] ObjectRef(1382643928884): object was freed before callback; returning Nil.
    [1016] <engine-1>[GdPAI] ObjectRef(124621163998): object was freed before callback; returning Nil.
    [1017] <engine-1>[GdPAI] ObjectRef(124621163998): object was freed before callback; returning Nil.
    [1018] <engine-1>[GdPAI] ObjectRef(1382643928884): object was freed before callback; returning Nil.
    [1019] <engine-1>[GdPAI] ObjectRef(1382643928884): object was freed before callback; returning Nil.
    [1020] <engine-1>[GdPAI] ObjectRef(124621163998): object was freed before callback; returning Nil.
    [1021] <engine-1>[GdPAI] ObjectRef(124621163998): object was freed before callback; returning Nil.
    [1022] <engine-1>[GdPAI] ObjectRef(1382643928884): object was freed before callback; returning Nil.
    [1023] <engine-1>[GdPAI] ObjectRef(1382643928884): object was freed before callback; returning Nil.
    [1024] <engine-1>[GdPAI] ObjectRef(124621163998): object was freed before callback; returning Nil.
    [1025] <engine-1>[GdPAI] ObjectRef(124621163998): object was freed before callback; returning Nil.
    [1026] <engine-1>[GdPAI] ObjectRef(1382643928884): object was freed before callback; returning Nil.
    [1027] <engine-1>[GdPAI] ObjectRef(1382643928884): object was freed before callback; returning Nil.
    [1028] <engine-1>[GdPAI] ObjectRef(124621163998): object was freed before callback; returning Nil.
    [1029] <engine-1>[GdPAI] ObjectRef(124621163998): object was freed before callback; returning Nil.
    [1030] <engine-1>[GdPAI] ObjectRef(1382643928884): object was freed before callback; returning Nil.
    [1031] <engine-1>[GdPAI] ObjectRef(1382643928884): object was freed before callback; returning Nil.
    [1032] <engine-1>[GdPAI] ObjectRef(124621163998): object was freed before callback; returning Nil.
    [1033] <engine-1>[GdPAI] ObjectRef(124621163998): object was freed before callback; returning Nil.
    [1034] <engine-1>[GdPAI] ObjectRef(1382643928884): object was freed before callback; returning Nil.
    [1035] <engine-1>[GdPAI] ObjectRef(1382643928884): object was freed before callback; returning Nil.
    [1036] <engine-1>[GdPAI] ObjectRef(124621163998): object was freed before callback; returning Nil.
    [1037] <engine-1>[GdPAI] ObjectRef(124621163998): object was freed before callback; returning Nil.
    [1038] <engine-1>[GdPAI] ObjectRef(1382643928884): object was freed before callback; returning Nil.
    [1039] <engine-1>[GdPAI] ObjectRef(1382643928884): object was freed before callback; returning Nil.
    [1040] <engine-1>[GdPAI] ObjectRef(124621163998): object was freed before callback; returning Nil.
    [1041] <engine-1>[GdPAI] ObjectRef(124621163998): object was freed before callback; returning Nil.
    [1042] <engine-1>[GdPAI] ObjectRef(1382643928884): object was freed before callback; returning Nil.
    [1043] <engine-1>[GdPAI] ObjectRef(1382643928884): object was freed before callback; returning Nil.
    [1044] <engine-1>[GdPAI] ObjectRef(124621163998): object was freed before callback; returning Nil.
    [1045] <engine-1>[GdPAI] ObjectRef(124621163998): object was freed before callback; returning Nil.
    [1046] <engine-1>[GdPAI] ObjectRef(124134624705): object was freed before callback; returning Nil.
    [1047] <engine-1>[GdPAI] ObjectRef(125661351450): object was freed before callback; returning Nil.
    [1048] <engine-1>[GdPAI] ObjectRef(124587609564): object was freed before callback; returning Nil.
    [1049] <engine-1>[GdPAI] ObjectRef(124285619658): object was freed before callback; returning Nil.
    [1050] <engine-1>[GdPAI] ObjectRef(124134624705): object was freed before callback; returning Nil.
    [1051] <engine-1>[GdPAI] ObjectRef(125661351450): object was freed before callback; returning Nil.
    [1052] <engine-1>[GdPAI] ObjectRef(124587609564): object was freed before callback; returning Nil.
    [1053] <engine-1>[GdPAI] ObjectRef(124285619658): object was freed before callback; returning Nil.
    [1054] <engine-1>[GdPAI] ObjectRef(1382643928884): object was freed before callback; returning Nil.
    [1055] <engine-1>[GdPAI] ObjectRef(1382643928884): object was freed before callback; returning Nil.
    [1056] <engine-1>[GdPAI] ObjectRef(124621163998): object was freed before callback; returning Nil.
    [1057] <engine-1>[GdPAI] ObjectRef(124621163998): object was freed before callback; returning Nil.
    [1058] <engine-1>[GdPAI] ObjectRef(124134624705): object was freed before callback; returning Nil.
    [1059] <engine-1>[GdPAI] ObjectRef(125661351450): object was freed before callback; returning Nil.
    [1060] <engine-1>[GdPAI] ObjectRef(124587609564): object was freed before callback; returning Nil.
    [1061] <engine-1>[GdPAI] ObjectRef(124285619658): object was freed before callback; returning Nil.
    [1062] <engine-1>[GdPAI] ObjectRef(124134624705): object was freed before callback; returning Nil.
    [1063] <engine-1>[GdPAI] ObjectRef(125661351450): object was freed before callback; returning Nil.
    [1064] <engine-1>[GdPAI] ObjectRef(124587609564): object was freed before callback; returning Nil.
    [1065] <engine-1>[GdPAI] ObjectRef(124285619658): object was freed before callback; returning Nil.
    [1066] <engine-1>[GdPAI] ObjectRef(1382643928884): object was freed before callback; returning Nil.
    [1067] <engine-1>[GdPAI] ObjectRef(1382643928884): object was freed before callback; returning Nil.
    [1068] <engine-1>[GdPAI] ObjectRef(124621163998): object was freed before callback; returning Nil.
    [1069] <engine-1>[GdPAI] ObjectRef(124285619658): object was freed before callback; returning Nil.
    [1070] <engine-1>[GdPAI] ObjectRef(124285619658): object was freed before callback; returning Nil.
    [1071] <engine-1>[GdPAI] ObjectRef(1382643928884): object was freed before callback; returning Nil.
    [1072] <engine-1>[GdPAI] ObjectRef(1382643928884): object was freed before callback; returning Nil.
    [1073] <engine-1>[GdPAI] ObjectRef(124621163998): object was freed before callback; returning Nil.
    [1074] <engine-1>[GdPAI] ObjectRef(124285619658): object was freed before callback; returning Nil.
    [1075] <engine-1>[GdPAI] ObjectRef(124285619658): object was freed before callback; returning Nil.
    [1076] <engine-1>[GdPAI] ObjectRef(1382643928884): object was freed before callback; returning Nil.
    [1077] <engine-1>[GdPAI] ObjectRef(1382643928884): object was freed before callback; returning Nil.
    [1078] <engine-1>[GdPAI] ObjectRef(124621163998): object was freed before callback; returning Nil.
    [1079] <engine-1>[GdPAI] ObjectRef(124587609564): object was freed before callback; returning Nil.
    [1080] <engine-1>[GdPAI] ObjectRef(124587609564): object was freed before callback; returning Nil.
    [1081] <engine-1>[GdPAI] ObjectRef(1382643928884): object was freed before callback; returning Nil.
    [1082] <engine-1>[GdPAI] ObjectRef(1382643928884): object was freed before callback; returning Nil.
    [1083] <engine-1>[GdPAI] ObjectRef(124621163998): object was freed before callback; returning Nil.
    [1084] <engine-1>[GdPAI] ObjectRef(124587609564): object was freed before callback; returning Nil.
    [1085] <engine-1>[GdPAI] ObjectRef(124587609564): object was freed before callback; returning Nil.
    [1086] <engine-1>[GdPAI] ObjectRef(1382643928884): object was freed before callback; returning Nil.
    [1087] <engine-1>[GdPAI] ObjectRef(1382643928884): object was freed before callback; returning Nil.
    [1088] <engine-1>[GdPAI] ObjectRef(124621163998): object was freed before callback; returning Nil.
    [1089] <engine-1>[GdPAI] ObjectRef(125661351450): object was freed before callback; returning Nil.
    [1090] <engine-1>[GdPAI] ObjectRef(125661351450): object was freed before callback; returning Nil.
    [1091] <engine-1>[GdPAI] ObjectRef(1382643928884): object was freed before callback; returning Nil.
    [1092] <engine-1>[GdPAI] ObjectRef(1382643928884): object was freed before callback; returning Nil.
    [1093] <engine-1>[GdPAI] ObjectRef(124621163998): object was freed before callback; returning Nil.
    [1094] <engine-1>[GdPAI] ObjectRef(125661351450): object was freed before callback; returning Nil.
    [1095] <engine-1>[GdPAI] ObjectRef(125661351450): object was freed before callback; returning Nil.
    [1096] <engine-1>[GdPAI] ObjectRef(1382643928884): object was freed before callback; returning Nil.
    [1097] <engine-1>[GdPAI] ObjectRef(1382643928884): object was freed before callback; returning Nil.
    [1098] <engine-1>[GdPAI] ObjectRef(1383348571562): object was freed before callback; returning Nil.
    [1099] <engine-1>[GdPAI] ObjectRef(1383348571562): object was freed before callback; returning Nil.
    [1100] <engine-1>[GdPAI] ObjectRef(124621163998): object was freed before callback; returning Nil.
    [1101] <engine-1>[GdPAI] ObjectRef(124134624705): object was freed before callback; returning Nil.
    [1102] <engine-1>[GdPAI] ObjectRef(124134624705): object was freed before callback; returning Nil.
    [1103] <engine-1>[GdPAI] ObjectRef(1382643928884): object was freed before callback; returning Nil.
    [1104] <engine-1>[GdPAI] ObjectRef(1382643928884): object was freed before callback; returning Nil.
    [1105] <engine-1>[GdPAI] ObjectRef(1383348571562): object was freed before callback; returning Nil.
    [1106] <engine-1>[GdPAI] ObjectRef(1383348571562): object was freed before callback; returning Nil.
    [1107] <engine-1>[GdPAI] ObjectRef(124621163998): object was freed before callback; returning Nil.
    [1108] <engine-1>[GdPAI] ObjectRef(124134624705): object was freed before callback; returning Nil.
    [1109] <engine-1>[GdPAI] ObjectRef(124134624705): object was freed before callback; returning Nil.
    [1110] <engine-1>[GdPAI] ObjectRef(1382643928884): object was freed before callback; returning Nil.
    [1111] <engine-1>[GdPAI] ObjectRef(1383348571562): object was freed before callback; returning Nil.
    [1112] <engine-1>[GdPAI] ObjectRef(1383348571562): object was freed before callback; returning Nil.
    [1113] <engine-1>[GdPAI] ObjectRef(124621163998): object was freed before callback; returning Nil.
    [1114] <engine-1>[GdPAI] ObjectRef(1382643928884): object was freed before callback; returning Nil.
    [1115] <engine-1>[GdPAI] ObjectRef(1383348571562): object was freed before callback; returning Nil.
    [1116] <engine-1>[GdPAI] ObjectRef(1383348571562): object was freed before callback; returning Nil.
    [1117] <engine-1>[GdPAI] ObjectRef(124621163998): object was freed before callback; returning Nil.
    [1118] <engine-1>[GdPAI] ObjectRef(1382643928884): object was freed before callback; returning Nil.
    [1119] <engine-1>[GdPAI] ObjectRef(1382157389614): object was freed before callback; returning Nil.
    [1120] <engine-1>[GdPAI] ObjectRef(1382157389614): object was freed before callback; returning Nil.
    [1121] <engine-1>[GdPAI] ObjectRef(124621163998): object was freed before callback; returning Nil.
    [1122] <engine-1>[GdPAI] ObjectRef(124621163998): object was freed before callback; returning Nil.
    [1123] <engine-1>[GdPAI] ObjectRef(1382643928884): object was freed before callback; returning Nil.
    [1124] <engine-1>[GdPAI] ObjectRef(1382157389614): object was freed before callback; returning Nil.
    [1125] <engine-1>[GdPAI] ObjectRef(1382157389614): object was freed before callback; returning Nil.
    [1126] <engine-1>[GdPAI] ObjectRef(124621163998): object was freed before callback; returning Nil.
    [1127] <engine-1>[GdPAI] ObjectRef(124621163998): object was freed before callback; returning Nil.
    [1128] <engine-1>[GdPAI] ObjectRef(1382643928884): object was freed before callback; returning Nil.
    [1129] <engine-1>[GdPAI] ObjectRef(1382157389614): object was freed before callback; returning Nil.
    [1130] <engine-1>[GdPAI] ObjectRef(1382157389614): object was freed before callback; returning Nil.
    [1131] <engine-1>[GdPAI] ObjectRef(124621163998): object was freed before callback; returning Nil.
    [1132] <engine-1>[GdPAI] ObjectRef(1382643928884): object was freed before callback; returning Nil.
    [1133] <engine-1>[GdPAI] ObjectRef(1382157389614): object was freed before callback; returning Nil.
    [1134] <engine-1>[GdPAI] ObjectRef(1382157389614): object was freed before callback; returning Nil.
    [1135] <engine-1>[GdPAI] ObjectRef(124621163998): object was freed before callback; returning Nil.
    [1136] <engine-1>[GdPAI] ObjectRef(1382643928884): object was freed before callback; returning Nil.
    [1137] <engine-1>[GdPAI] ObjectRef(124621163998): object was freed before callback; returning Nil.
    [1138] <engine-1>[GdPAI] ObjectRef(1382643928884): object was freed before callback; returning Nil.
    [1139] <engine-1>[GdPAI] ObjectRef(124621163998): object was freed before callback; returning Nil.
    [1140] <engine-1>[GdPAI] ObjectRef(1382643928884): object was freed before callback; returning Nil.
    [1141] <engine-1>[GdPAI] ObjectRef(1382643928884): object was freed before callback; returning Nil.
    [1142] <engine-1>[GdPAI] ObjectRef(124621163998): object was freed before callback; returning Nil.
    [1143] <engine-1>[GdPAI] ObjectRef(1382643928884): object was freed before callback; returning Nil.
    [1144] <engine-1>[GdPAI] ObjectRef(1382643928884): object was freed before callback; returning Nil.
    [1145] <engine-1>[GdPAI] ObjectRef(124621163998): object was freed before callback; returning Nil.
    [1146] <engine-1>[GdPAI] ObjectRef(1382643928884): object was freed before callback; returning Nil.
    [1147] <engine-1>[GdPAI] ObjectRef(124621163998): object was freed before callback; returning Nil.
    [1148] <engine-1>[GdPAI] ObjectRef(1382643928884): object was freed before callback; returning Nil.
    [1149] <engine-1>[GdPAI] ObjectRef(124621163998): object was freed before callback; returning Nil.
    [1150] <engine-1>[GdPAI] ObjectRef(1382643928884): object was freed before callback; returning Nil.
    [1151] <engine-1>[GdPAI] ObjectRef(1382157389614): object was freed before callback; returning Nil.
    [1152] <engine-1>[GdPAI] ObjectRef(1382157389614): object was freed before callback; returning Nil.
    [1153] <engine-1>[GdPAI] ObjectRef(124621163998): object was freed before callback; returning Nil.
    [1154] <engine-1>[GdPAI] ObjectRef(1382643928884): object was freed before callback; returning Nil.
    [1155] <engine-1>[GdPAI] ObjectRef(1382157389614): object was freed before callback; returning Nil.
    [1156] <engine-1>[GdPAI] ObjectRef(1382157389614): object was freed before callback; returning Nil.
    [1157] <engine-1>[GdPAI] ObjectRef(124621163998): object was freed before callback; returning Nil.
    [1158] <engine-1>[GdPAI] ObjectRef(1382643928884): object was freed before callback; returning Nil.
    [1159] <engine-1>[GdPAI] ObjectRef(1382157389614): object was freed before callback; returning Nil.
    [1160] <engine-1>[GdPAI] ObjectRef(1382157389614): object was freed before callback; returning Nil.
    [1161] <engine-1>[GdPAI] ObjectRef(124621163998): object was freed before callback; returning Nil.
    [1162] <engine-1>[GdPAI] ObjectRef(124621163998): object was freed before callback; returning Nil.
    [1163] <engine-1>[GdPAI] ObjectRef(124134624705): object was freed before callback; returning Nil.
    [1164] <engine-1>[GdPAI] ObjectRef(125661351450): object was freed before callback; returning Nil.
    [1165] <engine-1>[GdPAI] ObjectRef(124587609564): object was freed before callback; returning Nil.
    [1166] <engine-1>[GdPAI] ObjectRef(124285619658): object was freed before callback; returning Nil.
    [1167] <engine-1>[GdPAI] ObjectRef(124134624705): object was freed before callback; returning Nil.
    [1168] <engine-1>[GdPAI] ObjectRef(125661351450): object was freed before callback; returning Nil.
    [1169] <engine-1>[GdPAI] ObjectRef(124587609564): object was freed before callback; returning Nil.
    [1170] <engine-1>[GdPAI] ObjectRef(124285619658): object was freed before callback; returning Nil.
    [1171] <engine-1>[GdPAI] ObjectRef(1382643928884): object was freed before callback; returning Nil.
    [1172] <engine-1>[GdPAI] ObjectRef(1382157389614): object was freed before callback; returning Nil.
    [1173] <engine-1>[GdPAI] ObjectRef(1382157389614): object was freed before callback; returning Nil.
    [1174] <engine-1>[GdPAI] ObjectRef(124621163998): object was freed before callback; returning Nil.
    [1175] <engine-1>[GdPAI] ObjectRef(124621163998): object was freed before callback; returning Nil.
    [1176] <engine-1>[GdPAI] ObjectRef(124134624705): object was freed before callback; returning Nil.
    [1177] <engine-1>[GdPAI] ObjectRef(125661351450): object was freed before callback; returning Nil.
    [1178] <engine-1>[GdPAI] ObjectRef(124587609564): object was freed before callback; returning Nil.
    [1179] <engine-1>[GdPAI] ObjectRef(124285619658): object was freed before callback; returning Nil.
    [1180] <engine-1>[GdPAI] ObjectRef(124134624705): object was freed before callback; returning Nil.
    [1181] <engine-1>[GdPAI] ObjectRef(125661351450): object was freed before callback; returning Nil.
    [1182] <engine-1>[GdPAI] ObjectRef(124587609564): object was freed before callback; returning Nil.
    [1183] <engine-1>[GdPAI] ObjectRef(124285619658): object was freed before callback; returning Nil.
    [1184] <engine-1>[GdPAI] ObjectRef(1382643928884): object was freed before callback; returning Nil.
    [1185] <engine-1>[GdPAI] ObjectRef(124621163998): object was freed before callback; returning Nil.
    [1186] <engine-1>[GdPAI] ObjectRef(124285619658): object was freed before callback; returning Nil.
    [1187] <engine-1>[GdPAI] ObjectRef(124285619658): object was freed before callback; returning Nil.
    [1188] <engine-1>[GdPAI] ObjectRef(1382643928884): object was freed before callback; returning Nil.
    [1189] <engine-1>[GdPAI] ObjectRef(124621163998): object was freed before callback; returning Nil.
    [1190] <engine-1>[GdPAI] ObjectRef(124285619658): object was freed before callback; returning Nil.
    [1191] <engine-1>[GdPAI] ObjectRef(124285619658): object was freed before callback; returning Nil.
    [1192] <engine-1>[GdPAI] ObjectRef(1382643928884): object was freed before callback; returning Nil.
    [1193] <engine-1>[GdPAI] ObjectRef(1382643928884): object was freed before callback; returning Nil.
    [1194] <engine-1>[GdPAI] ObjectRef(1383348571562): object was freed before callback; returning Nil.
    [1195] <engine-1>[GdPAI] ObjectRef(1383348571562): object was freed before callback; returning Nil.
    [1196] <engine-1>[GdPAI] ObjectRef(124621163998): object was freed before callback; returning Nil.
    [1197] <engine-1>[GdPAI] ObjectRef(124587609564): object was freed before callback; returning Nil.
    [1198] <engine-1>[GdPAI] ObjectRef(124587609564): object was freed before callback; returning Nil.
    [1199] <engine-1>[GdPAI] ObjectRef(1382643928884): object was freed before callback; returning Nil.
    [1200] <engine-1>[GdPAI] ObjectRef(1382643928884): object was freed before callback; returning Nil.
    [1201] <engine-1>[GdPAI] ObjectRef(1383348571562): object was freed before callback; returning Nil.
    [1202] <engine-1>[GdPAI] ObjectRef(1383348571562): object was freed before callback; returning Nil.
    [1203] <engine-1>[GdPAI] ObjectRef(124621163998): object was freed before callback; returning Nil.
    [1204] <engine-1>[GdPAI] ObjectRef(124587609564): object was freed before callback; returning Nil.
    [1205] <engine-1>[GdPAI] ObjectRef(124587609564): object was freed before callback; returning Nil.
    [1206] <engine-1>[GdPAI] ObjectRef(1382643928884): object was freed before callback; returning Nil.
    [1207] <engine-1>[GdPAI] ObjectRef(1383348571562): object was freed before callback; returning Nil.
    [1208] <engine-1>[GdPAI] ObjectRef(1383348571562): object was freed before callback; returning Nil.
    [1209] <engine-1>[GdPAI] ObjectRef(124621163998): object was freed before callback; returning Nil.
    [1210] <engine-1>[GdPAI] ObjectRef(125661351450): object was freed before callback; returning Nil.
    [1211] <engine-1>[GdPAI] ObjectRef(125661351450): object was freed before callback; returning Nil.
    [1212] <engine-1>[GdPAI] ObjectRef(1382643928884): object was freed before callback; returning Nil.
    [1213] <engine-1>[GdPAI] ObjectRef(1383348571562): object was freed before callback; returning Nil.
    [1214] <engine-1>[GdPAI] ObjectRef(1383348571562): object was freed before callback; returning Nil.
    [1215] <engine-1>[GdPAI] ObjectRef(124621163998): object was freed before callback; returning Nil.
    [1216] <engine-1>[GdPAI] ObjectRef(125661351450): object was freed before callback; returning Nil.
    [1217] <engine-1>[GdPAI] ObjectRef(125661351450): object was freed before callback; returning Nil.
    [1218] <engine-1>[GdPAI] ObjectRef(1382643928884): object was freed before callback; returning Nil.
    [1219] <engine-1>[GdPAI] ObjectRef(1382157389614): object was freed before callback; returning Nil.
    [1220] <engine-1>[GdPAI] ObjectRef(1382157389614): object was freed before callback; returning Nil.
    [1221] <engine-1>[GdPAI] ObjectRef(124621163998): object was freed before callback; returning Nil.
    [1222] <engine-1>[GdPAI] ObjectRef(124134624705): object was freed before callback; returning Nil.
    [1223] <engine-1>[GdPAI] ObjectRef(124134624705): object was freed before callback; returning Nil.
    [1224] <engine-1>[GdPAI] ObjectRef(1382643928884): object was freed before callback; returning Nil.
    [1225] <engine-1>[GdPAI] ObjectRef(1382157389614): object was freed before callback; returning Nil.
    [1226] <engine-1>[GdPAI] ObjectRef(1382157389614): object was freed before callback; returning Nil.
    [1227] <engine-1>[GdPAI] ObjectRef(124621163998): object was freed before callback; returning Nil.
    [1228] <engine-1>[GdPAI] ObjectRef(124134624705): object was freed before callback; returning Nil.
    [1229] <engine-1>[GdPAI] ObjectRef(124134624705): object was freed before callback; returning Nil.
    [1230] <engine-1>[GdPAI] ObjectRef(1382643928884): object was freed before callback; returning Nil.
    [1231] <engine-1>[GdPAI] ObjectRef(1382157389614): object was freed before callback; returning Nil.
    [1232] <engine-1>[GdPAI] ObjectRef(1382157389614): object was freed before callback; returning Nil.
    [1233] <engine-1>[GdPAI] ObjectRef(124621163998): object was freed before callback; returning Nil.
    [1234] <engine-1>[GdPAI] ObjectRef(1382643928884): object was freed before callback; returning Nil.
    [1235] <engine-1>[GdPAI] ObjectRef(1382157389614): object was freed before callback; returning Nil.
    [1236] <engine-1>[GdPAI] ObjectRef(1382157389614): object was freed before callback; returning Nil.
    [1237] <engine-1>[GdPAI] ObjectRef(124621163998): object was freed before callback; returning Nil.
    [1238] <engine-1>[GdPAI] ObjectRef(1382643928884): object was freed before callback; returning Nil.
    [1239] <engine-1>[GdPAI] ObjectRef(124621163998): object was freed before callback; returning Nil.
    [1240] <engine-1>[GdPAI] ObjectRef(124621163998): object was freed before callback; returning Nil.
    [1241] <engine-1>[GdPAI] ObjectRef(1382643928884): object was freed before callback; returning Nil.
    [1242] <engine-1>[GdPAI] ObjectRef(124621163998): object was freed before callback; returning Nil.
    [1243] <engine-1>[GdPAI] ObjectRef(124621163998): object was freed before callback; returning Nil.
    [1244] <engine-1>[GdPAI] ObjectRef(1382643928884): object was freed before callback; returning Nil.
    [1245] <engine-1>[GdPAI] ObjectRef(1382643928884): object was freed before callback; returning Nil.
    [1246] <engine-1>[GdPAI] ObjectRef(124621163998): object was freed before callback; returning Nil.
    [1247] <engine-1>[GdPAI] ObjectRef(1382643928884): object was freed before callback; returning Nil.
    [1248] <engine-1>[GdPAI] ObjectRef(1382643928884): object was freed before callback; returning Nil.
    [1249] <engine-1>[GdPAI] ObjectRef(124621163998): object was freed before callback; returning Nil.
    [1250] <engine-1>[GdPAI] ObjectRef(1382643928884): object was freed before callback; returning Nil.
    [1251] <engine-1>[GdPAI] ObjectRef(124621163998): object was freed before callback; returning Nil.
    [1252] <engine-1>[GdPAI] ObjectRef(1382643928884): object was freed before callback; returning Nil.
    [1253] <engine-1>[GdPAI] ObjectRef(124621163998): object was freed before callback; returning Nil.
    [1254] <engine-1>[GdPAI] ObjectRef(1382643928884): object was freed before callback; returning Nil.
    [1255] <engine-1>[GdPAI] ObjectRef(1382157389614): object was freed before callback; returning Nil.
    [1256] <engine-1>[GdPAI] ObjectRef(1382157389614): object was freed before callback; returning Nil.
    [1257] <engine-1>[GdPAI] ObjectRef(124621163998): object was freed before callback; returning Nil.
    [1258] <engine-1>[GdPAI] ObjectRef(1382643928884): object was freed before callback; returning Nil.
    [1259] <engine-1>[GdPAI] ObjectRef(1382157389614): object was freed before callback; returning Nil.
    [1260] <engine-1>[GdPAI] ObjectRef(1382157389614): object was freed before callback; returning Nil.
    [1261] <engine-1>[GdPAI] ObjectRef(124621163998): object was freed before callback; returning Nil.
    [1262] <engine-1>[GdPAI] ObjectRef(1382643928884): object was freed before callback; returning Nil.
    [1263] <engine-1>[GdPAI] ObjectRef(1382157389614): object was freed before callback; returning Nil.
    [1264] <engine-1>[GdPAI] ObjectRef(1382157389614): object was freed before callback; returning Nil.
    [1265] <engine-1>[GdPAI] ObjectRef(124621163998): object was freed before callback; returning Nil.
    [1266] <engine-1>[GdPAI] ObjectRef(1382643928884): object was freed before callback; returning Nil.
    [1267] <engine-1>[GdPAI] ObjectRef(1382157389614): object was freed before callback; returning Nil.
    [1268] <engine-1>[GdPAI] ObjectRef(1382157389614): object was freed before callback; returning Nil.
    [1269] <engine-1>[GdPAI] ObjectRef(124621163998): object was freed before callback; returning Nil.
    [1270] <engine-1>[GdPAI] ObjectRef(1382643928884): object was freed before callback; returning Nil.
    [1271] <engine-1>[GdPAI] ObjectRef(124621163998): object was freed before callback; returning Nil.
    [1272] <engine-1>[GdPAI] ObjectRef(1382643928884): object was freed before callback; returning Nil.
    [1273] <engine-1>[GdPAI] ObjectRef(124621163998): object was freed before callback; returning Nil.
    [1274] <engine-1>[GdPAI] ObjectRef(1382643928884): object was freed before callback; returning Nil.
    [1275] <engine-1>[GdPAI] ObjectRef(1382643928884): object was freed before callback; returning Nil.
    [1276] <engine-1>[GdPAI] ObjectRef(124621163998): object was freed before callback; returning Nil.
    [1277] <engine-1>[GdPAI] ObjectRef(124621163998): object was freed before callback; returning Nil.
    [1278] <engine-1>[GdPAI] ObjectRef(1382643928884): object was freed before callback; returning Nil.
    [1279] <engine-1>[GdPAI] ObjectRef(1382643928884): object was freed before callback; returning Nil.
    [1280] <engine-1>[GdPAI] ObjectRef(124621163998): object was freed before callback; returning Nil.
    [1281] <engine-1>[GdPAI] ObjectRef(124621163998): object was freed before callback; returning Nil.
    [1282] <engine-1>[GdPAI] ObjectRef(1382643928884): object was freed before callback; returning Nil.
    [1283] <engine-1>[GdPAI] ObjectRef(124621163998): object was freed before callback; returning Nil.
    [1284] <engine-1>[GdPAI] ObjectRef(1382643928884): object was freed before callback; returning Nil.
    [1285] <engine-1>[GdPAI] ObjectRef(124621163998): object was freed before callback; returning Nil.
    [1286] <engine-1>[GdPAI] ObjectRef(1382643928884): object was freed before callback; returning Nil.
    [1287] <engine-1>[GdPAI] ObjectRef(1382157389614): object was freed before callback; returning Nil.
    [1288] <engine-1>[GdPAI] ObjectRef(1382157389614): object was freed before callback; returning Nil.
    [1289] <engine-1>[GdPAI] ObjectRef(124621163998): object was freed before callback; returning Nil.
    [1290] <engine-1>[GdPAI] ObjectRef(1382643928884): object was freed before callback; returning Nil.
    [1291] <engine-1>[GdPAI] ObjectRef(1382157389614): object was freed before callback; returning Nil.
    [1292] <engine-1>[GdPAI] ObjectRef(1382157389614): object was freed before callback; returning Nil.
    [1293] <engine-1>[GdPAI] ObjectRef(124621163998): object was freed before callback; returning Nil.
    [1294] <engine-1>[GdPAI] ObjectRef(1382643928884): object was freed before callback; returning Nil.
    [1295] <engine-1>[GdPAI] ObjectRef(1382157389614): object was freed before callback; returning Nil.
    [1296] <engine-1>[GdPAI] ObjectRef(1382157389614): object was freed before callback; returning Nil.
    [1297] <engine-1>[GdPAI] ObjectRef(124621163998): object was freed before callback; returning Nil.
    [1298] <engine-1>[GdPAI] ObjectRef(1382643928884): object was freed before callback; returning Nil.
    [1299] <engine-1>[GdPAI] ObjectRef(1382157389614): object was freed before callback; returning Nil.
    [1300] <engine-1>[GdPAI] ObjectRef(1382157389614): object was freed before callback; returning Nil.
    [1301] <engine-1>[GdPAI] ObjectRef(124621163998): object was freed before callback; returning Nil.
    [1302] <engine-1>[GdPAI] ObjectRef(1382643928884): object was freed before callback; returning Nil.
    [1303] <engine-1>[GdPAI] ObjectRef(124621163998): object was freed before callback; returning Nil.
    [1304] <engine-1>[GdPAI] ObjectRef(1382643928884): object was freed before callback; returning Nil.
    [1305] <engine-1>[GdPAI] ObjectRef(124621163998): object was freed before callback; returning Nil.
    [1306] <engine-1>[GdPAI] ObjectRef(1382643928884): object was freed before callback; returning Nil.
    [1307] <engine-1>[GdPAI] ObjectRef(1382643928884): object was freed before callback; returning Nil.
    [1308] <engine-1>[GdPAI] ObjectRef(124621163998): object was freed before callback; returning Nil.
    [1309] <engine-1>[GdPAI] ObjectRef(1382643928884): object was freed before callback; returning Nil.
    [1310] <engine-1>[GdPAI] ObjectRef(1382643928884): object was freed before callback; returning Nil.
    [1311] <engine-1>[GdPAI] ObjectRef(124621163998): object was freed before callback; returning Nil.
    [1312] <engine-1>[GdPAI] ObjectRef(1382643928884): object was freed before callback; returning Nil.
    [1313] <engine-1>[GdPAI] ObjectRef(124621163998): object was freed before callback; returning Nil.
    [1314] <engine-1>[GdPAI] ObjectRef(124621163998): object was freed before callback; returning Nil.
    [1315] <engine-1>[GdPAI] ObjectRef(1382643928884): object was freed before callback; returning Nil.
    [1316] <engine-1>[GdPAI] ObjectRef(124621163998): object was freed before callback; returning Nil.
    [1317] <engine-1>[GdPAI] ObjectRef(124621163998): object was freed before callback; returning Nil.
    [1318] <engine-1>[GdPAI] ObjectRef(1382643928884): object was freed before callback; returning Nil.
    [1319] <engine-1>[GdPAI] ObjectRef(1382157389614): object was freed before callback; returning Nil.
    [1320] <engine-1>[GdPAI] ObjectRef(1382157389614): object was freed before callback; returning Nil.
    [1321] <engine-1>[GdPAI] ObjectRef(124621163998): object was freed before callback; returning Nil.
    [1322] <engine-1>[GdPAI] ObjectRef(1382643928884): object was freed before callback; returning Nil.
    [1323] <engine-1>[GdPAI] ObjectRef(1382157389614): object was freed before callback; returning Nil.
    [1324] <engine-1>[GdPAI] ObjectRef(1382157389614): object was freed before callback; returning Nil.
    [1325] <engine-1>[GdPAI] ObjectRef(124621163998): object was freed before callback; returning Nil.
    [1326] <engine-1>[GdPAI] ObjectRef(1382643928884): object was freed before callback; returning Nil.
    [1327] <engine-1>[GdPAI] ObjectRef(1382157389614): object was freed before callback; returning Nil.
    [1328] <engine-1>[GdPAI] ObjectRef(1382157389614): object was freed before callback; returning Nil.
    [1329] <engine-1>[GdPAI] ObjectRef(124621163998): object was freed before callback; returning Nil.
    [1330] <engine-1>[GdPAI] ObjectRef(1382643928884): object was freed before callback; returning Nil.
    [1331] <engine-1>[GdPAI] ObjectRef(1382157389614): object was freed before callback; returning Nil.
    [1332] <engine-1>[GdPAI] ObjectRef(1382157389614): object was freed before callback; returning Nil.
    [1333] <engine-1>[GdPAI] ObjectRef(124621163998): object was freed before callback; returning Nil.
    [1334] <engine-1>[GdPAI] ObjectRef(1382643928884): object was freed before callback; returning Nil.
    [1335] <engine-1>[GdPAI] ObjectRef(124621163998): object was freed before callback; returning Nil.
    [1336] <engine-1>[GdPAI] ObjectRef(1382643928884): object was freed before callback; returning Nil.
    [1337] <engine-1>[GdPAI] ObjectRef(124621163998): object was freed before callback; returning Nil.
    [1338] <engine-1>[GdPAI] ObjectRef(1382643928884): object was freed before callback; returning Nil.
    [1339] <engine-1>[GdPAI] ObjectRef(1382643928884): object was freed before callback; returning Nil.
    [1340] <engine-1>[GdPAI] ObjectRef(124621163998): object was freed before callback; returning Nil.
    [1341] <engine-1>[GdPAI] ObjectRef(1382643928884): object was freed before callback; returning Nil.
    [1342] <engine-1>[GdPAI] ObjectRef(1382643928884): object was freed before callback; returning Nil.
    [1343] <engine-1>[GdPAI] ObjectRef(124621163998): object was freed before callback; returning Nil.
    [1344] <engine-1>[GdPAI] ObjectRef(1382643928884): object was freed before callback; returning Nil.
    [1345] <engine-1>[GdPAI] ObjectRef(124621163998): object was freed before callback; returning Nil.
    [1346] <engine-1>[GdPAI] ObjectRef(1382643928884): object was freed before callback; returning Nil.
    [1347] <engine-1>[GdPAI] ObjectRef(124621163998): object was freed before callback; returning Nil.
    [1348] <engine-1>[GdPAI] ObjectRef(1382643928884): object was freed before callback; returning Nil.
    [1349] <engine-1>[GdPAI] ObjectRef(1382157389614): object was freed before callback; returning Nil.
    [1350] <engine-1>[GdPAI] ObjectRef(1382157389614): object was freed before callback; returning Nil.
    [1351] <engine-1>[GdPAI] ObjectRef(124621163998): object was freed before callback; returning Nil.
    [1352] <engine-1>[GdPAI] ObjectRef(124621163998): object was freed before callback; returning Nil.
    [1353] <engine-1>[GdPAI] ObjectRef(1382643928884): object was freed before callback; returning Nil.
    [1354] <engine-1>[GdPAI] ObjectRef(1382157389614): object was freed before callback; returning Nil.
    [1355] <engine-1>[GdPAI] ObjectRef(1382157389614): object was freed before callback; returning Nil.
    [1356] <engine-1>[GdPAI] ObjectRef(124621163998): object was freed before callback; returning Nil.
    [1357] <engine-1>[GdPAI] ObjectRef(124621163998): object was freed before callback; returning Nil.
    [1358] <engine-1>[GdPAI] ObjectRef(1382643928884): object was freed before callback; returning Nil.
    [1359] <engine-1>[GdPAI] ObjectRef(1382157389614): object was freed before callback; returning Nil.
    [1360] <engine-1>[GdPAI] ObjectRef(1382157389614): object was freed before callback; returning Nil.
    [1361] <engine-1>[GdPAI] ObjectRef(124621163998): object was freed before callback; returning Nil.
    [1362] <engine-1>[GdPAI] ObjectRef(1382643928884): object was freed before callback; returning Nil.
    [1363] <engine-1>[GdPAI] ObjectRef(1382157389614): object was freed before callback; returning Nil.
    [1364] <engine-1>[GdPAI] ObjectRef(1382157389614): object was freed before callback; returning Nil.
    [1365] <engine-1>[GdPAI] ObjectRef(124621163998): object was freed before callback; returning Nil.
    [1366] <engine-1>[GdPAI] ObjectRef(1382643928884): object was freed before callback; returning Nil.
    [1367] <engine-1>[GdPAI] ObjectRef(124621163998): object was freed before callback; returning Nil.
    [1368] <engine-1>[GdPAI] ObjectRef(1382643928884): object was freed before callback; returning Nil.
    [1369] <engine-1>[GdPAI] ObjectRef(124621163998): object was freed before callback; returning Nil.
    [1370] <engine-1>[GdPAI] ObjectRef(1382643928884): object was freed before callback; returning Nil.
    [1371] <engine-1>[GdPAI] ObjectRef(1382643928884): object was freed before callback; returning Nil.
    [1372] <engine-1>[GdPAI] ObjectRef(124621163998): object was freed before callback; returning Nil.
    [1373] <engine-1>[GdPAI] ObjectRef(1382643928884): object was freed before callback; returning Nil.
    [1374] <engine-1>[GdPAI] ObjectRef(1382643928884): object was freed before callback; returning Nil.
    [1375] <engine-1>[GdPAI] ObjectRef(124621163998): object was freed before callback; returning Nil.
    [1376] <engine-1>[GdPAI] ObjectRef(1382643928884): object was freed before callback; returning Nil.
    [1377] <engine-1>[GdPAI] ObjectRef(124621163998): object was freed before callback; returning Nil.
    [1378] <engine-1>[GdPAI] ObjectRef(1382643928884): object was freed before callback; returning Nil.
    [1379] <engine-1>[GdPAI] ObjectRef(124621163998): object was freed before callback; returning Nil.
    [1380] <engine-1>[GdPAI] ObjectRef(1382643928884): object was freed before callback; returning Nil.
    [1381] <engine-1>[GdPAI] ObjectRef(1382157389614): object was freed before callback; returning Nil.
    [1382] <engine-1>[GdPAI] ObjectRef(1382157389614): object was freed before callback; returning Nil.
    [1383] <engine-1>[GdPAI] ObjectRef(124621163998): object was freed before callback; returning Nil.
    [1384] <engine-1>[GdPAI] ObjectRef(1382643928884): object was freed before callback; returning Nil.
    [1385] <engine-1>[GdPAI] ObjectRef(1382157389614): object was freed before callback; returning Nil.
    [1386] <engine-1>[GdPAI] ObjectRef(1382157389614): object was freed before callback; returning Nil.
    [1387] <engine-1>[GdPAI] ObjectRef(124621163998): object was freed before callback; returning Nil.
    [1388] <engine-1>[GdPAI] ObjectRef(1382643928884): object was freed before callback; returning Nil.
    [1389] <engine-1>[GdPAI] ObjectRef(1382157389614): object was freed before callback; returning Nil.
    [1390] <engine-1>[GdPAI] ObjectRef(1382157389614): object was freed before callback; returning Nil.
    [1391] <engine-1>[GdPAI] ObjectRef(124621163998): object was freed before callback; returning Nil.
    [1392] <engine-1>[GdPAI] ObjectRef(124621163998): object was freed before callback; returning Nil.
    [1393] <engine-1>[GdPAI] ObjectRef(1382643928884): object was freed before callback; returning Nil.
    [1394] <engine-1>[GdPAI] ObjectRef(1382157389614): object was freed before callback; returning Nil.
    [1395] <engine-1>[GdPAI] ObjectRef(1382157389614): object was freed before callback; returning Nil.
    [1396] <engine-1>[GdPAI] ObjectRef(124621163998): object was freed before callback; returning Nil.
    [1397] <engine-1>[GdPAI] ObjectRef(124621163998): object was freed before callback; returning Nil.
    [1398] <engine-1>[GdPAI] ObjectRef(1382643928884): object was freed before callback; returning Nil.
    [1399] <engine-1>[GdPAI] ObjectRef(124621163998): object was freed before callback; returning Nil.
    [1400] <engine-1>[GdPAI] ObjectRef(1382643928884): object was freed before callback; returning Nil.
    [1401] <engine-1>[GdPAI] ObjectRef(124621163998): object was freed before callback; returning Nil.
    [1402] <engine-1>[GdPAI] ObjectRef(1382643928884): object was freed before callback; returning Nil.
    [1403] <engine-1>[GdPAI] ObjectRef(1382643928884): object was freed before callback; returning Nil.
    [1404] <engine-1>[GdPAI] ObjectRef(124621163998): object was freed before callback; returning Nil.
    [1405] <engine-1>[GdPAI] ObjectRef(1382643928884): object was freed before callback; returning Nil.
    [1406] <engine-1>[GdPAI] ObjectRef(1382643928884): object was freed before callback; returning Nil.
    [1407] <engine-1>[GdPAI] ObjectRef(124621163998): object was freed before callback; returning Nil.
    [1408] <engine-1>[GdPAI] ObjectRef(1382643928884): object was freed before callback; returning Nil.
    [1409] <engine-1>[GdPAI] ObjectRef(1382643928884): object was freed before callback; returning Nil.
    [1410] <engine-1>[GdPAI] ObjectRef(124621163998): object was freed before callback; returning Nil.
    [1411] <engine-1>[GdPAI] ObjectRef(1382643928884): object was freed before callback; returning Nil.
    [1412] <engine-1>[GdPAI] ObjectRef(1382643928884): object was freed before callback; returning Nil.
    [1413] <engine-1>[GdPAI] ObjectRef(124621163998): object was freed before callback; returning Nil.
    [1414] <engine-1>[GdPAI] ObjectRef(1382643928884): object was freed before callback; returning Nil.
    [1415] <engine-1>[GdPAI] ObjectRef(1382643928884): object was freed before callback; returning Nil.
    [1416] <engine-1>[GdPAI] ObjectRef(124621163998): object was freed before callback; returning Nil.
    [1417] <engine-1>[GdPAI] ObjectRef(1382643928884): object was freed before callback; returning Nil.
    [1418] <engine-1>[GdPAI] ObjectRef(1382643928884): object was freed before callback; returning Nil.
    [1419] <engine-1>[GdPAI] ObjectRef(124621163998): object was freed before callback; returning Nil.
    [1420] <engine-1>[GdPAI] ObjectRef(1382643928884): object was freed before callback; returning Nil.
    [1421] <engine-1>[GdPAI] ObjectRef(1382643928884): object was freed before callback; returning Nil.
    [1422] <engine-1>[GdPAI] ObjectRef(124621163998): object was freed before callback; returning Nil.
    [1423] <engine-1>[GdPAI] ObjectRef(1382643928884): object was freed before callback; returning Nil.
    [1424] <engine-1>[GdPAI] ObjectRef(1382643928884): object was freed before callback; returning Nil.
    [1425] <engine-1>[GdPAI] ObjectRef(124621163998): object was freed before callback; returning Nil.
    [1426] <engine-1>[GdPAI] ObjectRef(1382643928884): object was freed before callback; returning Nil.
    [1427] <engine-1>[GdPAI] ObjectRef(1382643928884): object was freed before callback; returning Nil.
    [1428] <engine-1>[GdPAI] ObjectRef(124621163998): object was freed before callback; returning Nil.
    [1429] <engine-1>[GdPAI] ObjectRef(124621163998): object was freed before callback; returning Nil.
    [1430] <engine-1>[GdPAI] ObjectRef(1382643928884): object was freed before callback; returning Nil.
    [1431] <engine-1>[GdPAI] ObjectRef(1382643928884): object was freed before callback; returning Nil.
    [1432] <engine-1>[GdPAI] ObjectRef(124621163998): object was freed before callback; returning Nil.
    [1433] <engine-1>[GdPAI] ObjectRef(124621163998): object was freed before callback; returning Nil.
    [1434] <engine-1>[GdPAI] ObjectRef(1382643928884): object was freed before callback; returning Nil.
    [1435] <engine-1>[GdPAI] ObjectRef(1382643928884): object was freed before callback; returning Nil.
    [1436] <engine-1>[GdPAI] ObjectRef(124621163998): object was freed before callback; returning Nil.
    [1437] <engine-1>[GdPAI] ObjectRef(124621163998): object was freed before callback; returning Nil.
    [1438] <engine-1>[GdPAI] ObjectRef(1382643928884): object was freed before callback; returning Nil.
    [1439] <engine-1>[GdPAI] ObjectRef(1382643928884): object was freed before callback; returning Nil.
    [1440] <engine-1>[GdPAI] ObjectRef(124621163998): object was freed before callback; returning Nil.
    [1441] <engine-1>[GdPAI] ObjectRef(124621163998): object was freed before callback; returning Nil.
    [1442] <engine-1>[GdPAI] ObjectRef(1382643928884): object was freed before callback; returning Nil.
    [1443] <engine-1>[GdPAI] ObjectRef(1382643928884): object was freed before callback; returning Nil.
    [1444] <engine-1>[GdPAI] ObjectRef(124621163998): object was freed before callback; returning Nil.
    [1445] <engine-1>[GdPAI] ObjectRef(124621163998): object was freed before callback; returning Nil.
    [1446] <engine-1>[GdPAI] ObjectRef(1382643928884): object was freed before callback; returning Nil.
    [1447] <engine-1>[GdPAI] ObjectRef(1382643928884): object was freed before callback; returning Nil.
    [1448] <engine-1>[GdPAI] ObjectRef(124621163998): object was freed before callback; returning Nil.
    [1449] <engine-1>[GdPAI] ObjectRef(124621163998): object was freed before callback; returning Nil.
    [1450] <engine-1>[GdPAI] ObjectRef(1382643928884): object was freed before callback; returning Nil.
    [1451] <engine-1>[GdPAI] ObjectRef(1382643928884): object was freed before callback; returning Nil.
    [1452] <engine-1>[GdPAI] ObjectRef(124621163998): object was freed before callback; returning Nil.
    [1453] <engine-1>[GdPAI] ObjectRef(124621163998): object was freed before callback; returning Nil.
    [1454] <engine-1>[GdPAI] ObjectRef(1382643928884): object was freed before callback; returning Nil.
    [1455] <engine-1>[GdPAI] ObjectRef(1382643928884): object was freed before callback; returning Nil.
    [1456] <engine-1>[GdPAI] ObjectRef(124621163998): object was freed before callback; returning Nil.
    [1457] <engine-1>[GdPAI] ObjectRef(124621163998): object was freed before callback; returning Nil.
    [1458] <engine-1>[GdPAI] ObjectRef(1382643928884): object was freed before callback; returning Nil.
    [1459] <engine-1>[GdPAI] ObjectRef(1382643928884): object was freed before callback; returning Nil.
    [1460] <engine-1>[GdPAI] ObjectRef(124621163998): object was freed before callback; returning Nil.
    [1461] <engine-1>[GdPAI] ObjectRef(124621163998): object was freed before callback; returning Nil.
    [1462] <engine-1>[GdPAI] ObjectRef(1382643928884): object was freed before callback; returning Nil.
    [1463] <engine-1>[GdPAI] ObjectRef(1382643928884): object was freed before callback; returning Nil.
    [1464] <engine-1>[GdPAI] ObjectRef(124621163998): object was freed before callback; returning Nil.
    [1465] <engine-1>[GdPAI] ObjectRef(124621163998): object was freed before callback; returning Nil.
    [1466] <engine-1>[GdPAI] ObjectRef(1382643928884): object was freed before callback; returning Nil.
    [1467] <engine-1>[GdPAI] ObjectRef(1382643928884): object was freed before callback; returning Nil.
    [1468] <engine-1>[GdPAI] ObjectRef(124621163998): object was freed before callback; returning Nil.
    [1469] <engine-1>[GdPAI] ObjectRef(124621163998): object was freed before callback; returning Nil.
    [1470] <engine-1>[GdPAI] ObjectRef(1382643928884): object was freed before callback; returning Nil.
    [1471] <engine-1>[GdPAI] ObjectRef(1382643928884): object was freed before callback; returning Nil.
    [1472] <engine-1>[GdPAI] ObjectRef(124621163998): object was freed before callback; returning Nil.
    [1473] <engine-1>[GdPAI] ObjectRef(124621163998): object was freed before callback; returning Nil.
    [1474] <engine-1>[GdPAI] ObjectRef(1382643928884): object was freed before callback; returning Nil.
    [1475] <engine-1>[GdPAI] ObjectRef(1382643928884): object was freed before callback; returning Nil.
    [1476] <engine-1>[GdPAI] ObjectRef(124621163998): object was freed before callback; returning Nil.
    [1477] <engine-1>[GdPAI] ObjectRef(124621163998): object was freed before callback; returning Nil.
    [1478] <engine-1>[GdPAI] ObjectRef(1382643928884): object was freed before callback; returning Nil.
    [1479] <engine-1>[GdPAI] ObjectRef(1382643928884): object was freed before callback; returning Nil.
    [1480] <engine-1>[GdPAI] ObjectRef(124621163998): object was freed before callback; returning Nil.
    [1481] <engine-1>[GdPAI] ObjectRef(124621163998): object was freed before callback; returning Nil.
    [1482] <engine-1>[GdPAI] ObjectRef(1382643928884): object was freed before callback; returning Nil.
    [1483] <engine-1>[GdPAI] ObjectRef(1382643928884): object was freed before callback; returning Nil.
    [1484] <engine-1>[GdPAI] ObjectRef(124621163998): object was freed before callback; returning Nil.
    [1485] <engine-1>[GdPAI] ObjectRef(124621163998): object was freed before callback; returning Nil.
    [1486] <engine-1>[GdPAI] ObjectRef(1382643928884): object was freed before callback; returning Nil.
    [1487] <engine-1>[GdPAI] ObjectRef(1382643928884): object was freed before callback; returning Nil.
    [1488] <engine-1>[GdPAI] ObjectRef(124621163998): object was freed before callback; returning Nil.
    [1489] <engine-1>[GdPAI] ObjectRef(124621163998): object was freed before callback; returning Nil.
    [1490] <engine-1>[GdPAI] ObjectRef(1382643928884): object was freed before callback; returning Nil.
    [1491] <engine-1>[GdPAI] ObjectRef(1382643928884): object was freed before callback; returning Nil.
    [1492] <engine-1>[GdPAI] ObjectRef(124621163998): object was freed before callback; returning Nil.
    [1493] <engine-1>[GdPAI] ObjectRef(124621163998): object was freed before callback; returning Nil.
    [1494] <engine-1>[GdPAI] ObjectRef(1382643928884): object was freed before callback; returning Nil.
    [1495] <engine-1>[GdPAI] ObjectRef(1382643928884): object was freed before callback; returning Nil.
    [1496] <engine-1>[GdPAI] ObjectRef(124621163998): object was freed before callback; returning Nil.
    [1497] <engine-1>[GdPAI] ObjectRef(124621163998): object was freed before callback; returning Nil.
    [1498] <engine-1>[GdPAI] ObjectRef(1382643928884): object was freed before callback; returning Nil.
    [1499] <engine-1>[GdPAI] ObjectRef(1382643928884): object was freed before callback; returning Nil.
    [1500] <engine-1>[GdPAI] ObjectRef(1382308384561): object was freed before callback; returning Nil.
    [1501] <engine-1>[GdPAI] ObjectRef(1383499573091): object was freed before callback; returning Nil.
    [1502] <engine-1>[GdPAI] ObjectRef(1382308384561): object was freed before callback; returning Nil.
    [1503] <engine-1>[GdPAI] ObjectRef(1383499573091): object was freed before callback; returning Nil.
    [1504] <engine-1>[GdPAI] ObjectRef(124621163998): object was freed before callback; returning Nil.
    [1505] <engine-1>[GdPAI] ObjectRef(124621163998): object was freed before callback; returning Nil.
    [1506] <engine-1>[GdPAI] ObjectRef(1382643928884): object was freed before callback; returning Nil.
    [1507] <engine-1>[GdPAI] ObjectRef(1382643928884): object was freed before callback; returning Nil.
    [1508] <engine-1>[GdPAI] ObjectRef(1382308384561): object was freed before callback; returning Nil.
    [1509] <engine-1>[GdPAI] ObjectRef(1383499573091): object was freed before callback; returning Nil.
    [1510] <engine-1>[GdPAI] ObjectRef(1382308384561): object was freed before callback; returning Nil.
    [1511] <engine-1>[GdPAI] ObjectRef(1383499573091): object was freed before callback; returning Nil.
    [1512] <engine-1>[GdPAI] ObjectRef(124621163998): object was freed before callback; returning Nil.
    [1513] <engine-1>[GdPAI] ObjectRef(124621163998): object was freed before callback; returning Nil.
    [1514] <engine-1>[GdPAI] ObjectRef(1382643928884): object was freed before callback; returning Nil.
    [1515] <engine-1>[GdPAI] ObjectRef(1383499573091): object was freed before callback; returning Nil.
    [1516] <engine-1>[GdPAI] ObjectRef(1383499573091): object was freed before callback; returning Nil.
    [1517] <engine-1>[GdPAI] ObjectRef(124621163998): object was freed before callback; returning Nil.
    [1518] <engine-1>[GdPAI] ObjectRef(124621163998): object was freed before callback; returning Nil.
    [1519] <engine-1>[GdPAI] ObjectRef(1382643928884): object was freed before callback; returning Nil.
    [1520] <engine-1>[GdPAI] ObjectRef(1383499573091): object was freed before callback; returning Nil.
    [1521] <engine-1>[GdPAI] ObjectRef(1383499573091): object was freed before callback; returning Nil.
    [1522] <engine-1>[GdPAI] ObjectRef(124621163998): object was freed before callback; returning Nil.
    [1523] <engine-1>[GdPAI] ObjectRef(124621163998): object was freed before callback; returning Nil.
    [1524] <engine-1>[GdPAI] ObjectRef(1382643928884): object was freed before callback; returning Nil.
    [1525] <engine-1>[GdPAI] ObjectRef(1382308384561): object was freed before callback; returning Nil.
    [1526] <engine-1>[GdPAI] ObjectRef(1382308384561): object was freed before callback; returning Nil.
    [1527] <engine-1>[GdPAI] ObjectRef(124621163998): object was freed before callback; returning Nil.
    [1528] <engine-1>[GdPAI] ObjectRef(124621163998): object was freed before callback; returning Nil.
    [1529] <engine-1>[GdPAI] ObjectRef(1382643928884): object was freed before callback; returning Nil.
    [1530] <engine-1>[GdPAI] ObjectRef(1382308384561): object was freed before callback; returning Nil.
    [1531] <engine-1>[GdPAI] ObjectRef(1382308384561): object was freed before callback; returning Nil.
    [1532] <engine-1>[GdPAI] ObjectRef(124621163998): object was freed before callback; returning Nil.
    [1533] <engine-1>[GdPAI] ObjectRef(124621163998): object was freed before callback; returning Nil.
    [1534] <engine-1>[GdPAI] ObjectRef(1382643928884): object was freed before callback; returning Nil.
    [1535] <engine-1>[GdPAI] ObjectRef(124621163998): object was freed before callback; returning Nil.
    [1536] <engine-1>[GdPAI] ObjectRef(124621163998): object was freed before callback; returning Nil.
    [1537] <engine-1>[GdPAI] ObjectRef(1382643928884): object was freed before callback; returning Nil.
    [1538] <engine-1>[GdPAI] ObjectRef(124621163998): object was freed before callback; returning Nil.
    [1539] <engine-1>[GdPAI] ObjectRef(124621163998): object was freed before callback; returning Nil.
    [1540] <engine-1>[GdPAI] ObjectRef(1382643928884): object was freed before callback; returning Nil.
    [1541] <engine-1>[GdPAI] ObjectRef(1382643928884): object was freed before callback; returning Nil.
    [1542] <engine-1>[GdPAI] ObjectRef(124621163998): object was freed before callback; returning Nil.
    [1543] <engine-1>[GdPAI] ObjectRef(124621163998): object was freed before callback; returning Nil.
    [1544] <engine-1>[GdPAI] ObjectRef(124134624705): object was freed before callback; returning Nil.
    [1545] <engine-1>[GdPAI] ObjectRef(125661351450): object was freed before callback; returning Nil.
    [1546] <engine-1>[GdPAI] ObjectRef(124587609564): object was freed before callback; returning Nil.
    [1547] <engine-1>[GdPAI] ObjectRef(124134624705): object was freed before callback; returning Nil.
    [1548] <engine-1>[GdPAI] ObjectRef(124134624705): object was freed before callback; returning Nil.
    [1549] <engine-1>[GdPAI] ObjectRef(125661351450): object was freed before callback; returning Nil.
    [1550] <engine-1>[GdPAI] ObjectRef(124587609564): object was freed before callback; returning Nil.
    [1551] <engine-1>[GdPAI] ObjectRef(124134624705): object was freed before callback; returning Nil.
    [1552] <engine-1>[GdPAI] ObjectRef(1382643928884): object was freed before callback; returning Nil.
    [1553] <engine-1>[GdPAI] ObjectRef(1382643928884): object was freed before callback; returning Nil.
    [1554] <engine-1>[GdPAI] ObjectRef(124621163998): object was freed before callback; returning Nil.
    [1555] <engine-1>[GdPAI] ObjectRef(124621163998): object was freed before callback; returning Nil.
    [1556] <engine-1>[GdPAI] ObjectRef(124134624705): object was freed before callback; returning Nil.
    [1557] <engine-1>[GdPAI] ObjectRef(125661351450): object was freed before callback; returning Nil.
    [1558] <engine-1>[GdPAI] ObjectRef(124587609564): object was freed before callback; returning Nil.
    [1559] <engine-1>[GdPAI] ObjectRef(124134624705): object was freed before callback; returning Nil.
    [1560] <engine-1>[GdPAI] ObjectRef(124134624705): object was freed before callback; returning Nil.
    [1561] <engine-1>[GdPAI] ObjectRef(125661351450): object was freed before callback; returning Nil.
    [1562] <engine-1>[GdPAI] ObjectRef(124587609564): object was freed before callback; returning Nil.
    [1563] <engine-1>[GdPAI] ObjectRef(124134624705): object was freed before callback; returning Nil.
    [1564] <engine-1>[GdPAI] ObjectRef(1382643928884): object was freed before callback; returning Nil.
    [1565] <engine-1>[GdPAI] ObjectRef(124621163998): object was freed before callback; returning Nil.
    [1566] <engine-1>[GdPAI] ObjectRef(124134624705): object was freed before callback; returning Nil.
    [1567] <engine-1>[GdPAI] ObjectRef(124134624705): object was freed before callback; returning Nil.
    [1568] <engine-1>[GdPAI] ObjectRef(1382643928884): object was freed before callback; returning Nil.
    [1569] <engine-1>[GdPAI] ObjectRef(124621163998): object was freed before callback; returning Nil.
    [1570] <engine-1>[GdPAI] ObjectRef(124134624705): object was freed before callback; returning Nil.
    [1571] <engine-1>[GdPAI] ObjectRef(124134624705): object was freed before callback; returning Nil.
    [1572] <engine-1>[GdPAI] ObjectRef(1382643928884): object was freed before callback; returning Nil.
    [1573] <engine-1>[GdPAI] ObjectRef(124621163998): object was freed before callback; returning Nil.
    [1574] <engine-1>[GdPAI] ObjectRef(124587609564): object was freed before callback; returning Nil.
    [1575] <engine-1>[GdPAI] ObjectRef(124587609564): object was freed before callback; returning Nil.
    [1576] <engine-1>[GdPAI] ObjectRef(1382643928884): object was freed before callback; returning Nil.
    [1577] <engine-1>[GdPAI] ObjectRef(124621163998): object was freed before callback; returning Nil.
    [1578] <engine-1>[GdPAI] ObjectRef(124587609564): object was freed before callback; returning Nil.
    [1579] <engine-1>[GdPAI] ObjectRef(124587609564): object was freed before callback; returning Nil.
    [1580] <engine-1>[GdPAI] ObjectRef(1382643928884): object was freed before callback; returning Nil.
    [1581] <engine-1>[GdPAI] ObjectRef(124621163998): object was freed before callback; returning Nil.
    [1582] <engine-1>[GdPAI] ObjectRef(125661351450): object was freed before callback; returning Nil.
    [1583] <engine-1>[GdPAI] ObjectRef(125661351450): object was freed before callback; returning Nil.
    [1584] <engine-1>[GdPAI] ObjectRef(1382643928884): object was freed before callback; returning Nil.
    [1585] <engine-1>[GdPAI] ObjectRef(124621163998): object was freed before callback; returning Nil.
    [1586] <engine-1>[GdPAI] ObjectRef(125661351450): object was freed before callback; returning Nil.
    [1587] <engine-1>[GdPAI] ObjectRef(125661351450): object was freed before callback; returning Nil.
    [1588] <engine-1>[GdPAI] ObjectRef(1382643928884): object was freed before callback; returning Nil.
    [1589] <engine-1>[GdPAI] ObjectRef(1382643928884): object was freed before callback; returning Nil.
    [1590] <engine-1>[GdPAI] ObjectRef(1382308384561): object was freed before callback; returning Nil.
    [1591] <engine-1>[GdPAI] ObjectRef(1383499573091): object was freed before callback; returning Nil.
    [1592] <engine-1>[GdPAI] ObjectRef(1382308384561): object was freed before callback; returning Nil.
    [1593] <engine-1>[GdPAI] ObjectRef(1383499573091): object was freed before callback; returning Nil.
    [1594] <engine-1>[GdPAI] ObjectRef(124621163998): object was freed before callback; returning Nil.
    [1595] <engine-1>[GdPAI] ObjectRef(124134624705): object was freed before callback; returning Nil.
    [1596] <engine-1>[GdPAI] ObjectRef(124134624705): object was freed before callback; returning Nil.
    [1597] <engine-1>[GdPAI] ObjectRef(1382643928884): object was freed before callback; returning Nil.
    [1598] <engine-1>[GdPAI] ObjectRef(1382643928884): object was freed before callback; returning Nil.
    [1599] <engine-1>[GdPAI] ObjectRef(1382308384561): object was freed before callback; returning Nil.
    [1600] <engine-1>[GdPAI] ObjectRef(1383499573091): object was freed before callback; returning Nil.
    [1601] <engine-1>[GdPAI] ObjectRef(1382308384561): object was freed before callback; returning Nil.
    [1602] <engine-1>[GdPAI] ObjectRef(1383499573091): object was freed before callback; returning Nil.
    [1603] <engine-1>[GdPAI] ObjectRef(124621163998): object was freed before callback; returning Nil.
    [1604] <engine-1>[GdPAI] ObjectRef(124134624705): object was freed before callback; returning Nil.
    [1605] <engine-1>[GdPAI] ObjectRef(124134624705): object was freed before callback; returning Nil.
    [1606] <engine-1>[GdPAI] ObjectRef(1382643928884): object was freed before callback; returning Nil.
    [1607] <engine-1>[GdPAI] ObjectRef(1383499573091): object was freed before callback; returning Nil.
    [1608] <engine-1>[GdPAI] ObjectRef(1383499573091): object was freed before callback; returning Nil.
    [1609] <engine-1>[GdPAI] ObjectRef(124621163998): object was freed before callback; returning Nil.
    [1610] <engine-1>[GdPAI] ObjectRef(1382643928884): object was freed before callback; returning Nil.
    [1611] <engine-1>[GdPAI] ObjectRef(1383499573091): object was freed before callback; returning Nil.
    [1612] <engine-1>[GdPAI] ObjectRef(1383499573091): object was freed before callback; returning Nil.
    [1613] <engine-1>[GdPAI] ObjectRef(124621163998): object was freed before callback; returning Nil.
    [1614] <engine-1>[GdPAI] ObjectRef(1382643928884): object was freed before callback; returning Nil.
    [1615] <engine-1>[GdPAI] ObjectRef(1382308384561): object was freed before callback; returning Nil.
    [1616] <engine-1>[GdPAI] ObjectRef(1382308384561): object was freed before callback; returning Nil.
    [1617] <engine-1>[GdPAI] ObjectRef(124621163998): object was freed before callback; returning Nil.
    [1618] <engine-1>[GdPAI] ObjectRef(124621163998): object was freed before callback; returning Nil.
    [1619] <engine-1>[GdPAI] ObjectRef(1382643928884): object was freed before callback; returning Nil.
    [1620] <engine-1>[GdPAI] ObjectRef(1382308384561): object was freed before callback; returning Nil.
    [1621] <engine-1>[GdPAI] ObjectRef(1382308384561): object was freed before callback; returning Nil.
    [1622] <engine-1>[GdPAI] ObjectRef(124621163998): object was freed before callback; returning Nil.
    [1623] <engine-1>[GdPAI] ObjectRef(124621163998): object was freed before callback; returning Nil.
    [1624] <engine-1>[GdPAI] ObjectRef(1382643928884): object was freed before callback; returning Nil.
    [1625] <engine-1>[GdPAI] ObjectRef(124621163998): object was freed before callback; returning Nil.
    [1626] <engine-1>[GdPAI] ObjectRef(1382643928884): object was freed before callback; returning Nil.
    [1627] <engine-1>[GdPAI] ObjectRef(124621163998): object was freed before callback; returning Nil.
    [1628] <engine-1>[GdPAI] ObjectRef(1382643928884): object was freed before callback; returning Nil.
    [1629] <engine-1>[GdPAI] ObjectRef(1382643928884): object was freed before callback; returning Nil.
    [1630] <engine-1>[GdPAI] ObjectRef(124621163998): object was freed before callback; returning Nil.
    [1631] <engine-1>[GdPAI] ObjectRef(1382643928884): object was freed before callback; returning Nil.
    [1632] <engine-1>[GdPAI] ObjectRef(1382643928884): object was freed before callback; returning Nil.
    [1633] <engine-1>[GdPAI] ObjectRef(124621163998): object was freed before callback; returning Nil.
    [1634] <engine-1>[GdPAI] ObjectRef(1382643928884): object was freed before callback; returning Nil.
    [1635] <engine-1>[GdPAI] ObjectRef(124621163998): object was freed before callback; returning Nil.
    [1636] <engine-1>[GdPAI] ObjectRef(1382643928884): object was freed before callback; returning Nil.
    [1637] <engine-1>[GdPAI] ObjectRef(124621163998): object was freed before callback; returning Nil.
    [1638] <engine-1>[GdPAI] ObjectRef(1382643928884): object was freed before callback; returning Nil.
    [1639] <engine-1>[GdPAI] ObjectRef(124621163998): object was freed before callback; returning Nil.
    [1640] <engine-1>[GdPAI] ObjectRef(1382643928884): object was freed before callback; returning Nil.
    [1641] <engine-1>[GdPAI] ObjectRef(124621163998): object was freed before callback; returning Nil.
    [1642] <engine-1>[GdPAI] ObjectRef(1382643928884): object was freed before callback; returning Nil.
    [1643] <engine-1>[GdPAI] ObjectRef(124621163998): object was freed before callback; returning Nil.
    [1644] <engine-1>[GdPAI] ObjectRef(1382643928884): object was freed before callback; returning Nil.
    [1645] <engine-1>[GdPAI] ObjectRef(124621163998): object was freed before callback; returning Nil.
    [1646] <engine-1>[GdPAI] ObjectRef(1382643928884): object was freed before callback; returning Nil.
    [1647] <engine-1>[GdPAI] ObjectRef(1382643928884): object was freed before callback; returning Nil.
    [1648] <engine-1>[GdPAI] ObjectRef(124621163998): object was freed before callback; returning Nil.
    [1649] <engine-1>[GdPAI] ObjectRef(124621163998): object was freed before callback; returning Nil.
    [1650] <engine-1>[GdPAI] ObjectRef(124134624705): object was freed before callback; returning Nil.
    [1651] <engine-1>[GdPAI] ObjectRef(125661351450): object was freed before callback; returning Nil.
    [1652] <engine-1>[GdPAI] ObjectRef(124587609564): object was freed before callback; returning Nil.
    [1653] <engine-1>[GdPAI] ObjectRef(124134624705): object was freed before callback; returning Nil.
    [1654] <engine-1>[GdPAI] ObjectRef(124134624705): object was freed before callback; returning Nil.
    [1655] <engine-1>[GdPAI] ObjectRef(125661351450): object was freed before callback; returning Nil.
    [1656] <engine-1>[GdPAI] ObjectRef(124587609564): object was freed before callback; returning Nil.
    [1657] <engine-1>[GdPAI] ObjectRef(124134624705): object was freed before callback; returning Nil.
    [1658] <engine-1>[GdPAI] ObjectRef(1382643928884): object was freed before callback; returning Nil.
    [1659] <engine-1>[GdPAI] ObjectRef(1382643928884): object was freed before callback; returning Nil.
    [1660] <engine-1>[GdPAI] ObjectRef(124621163998): object was freed before callback; returning Nil.
    [1661] <engine-1>[GdPAI] ObjectRef(124621163998): object was freed before callback; returning Nil.
    [1662] <engine-1>[GdPAI] ObjectRef(124134624705): object was freed before callback; returning Nil.
    [1663] <engine-1>[GdPAI] ObjectRef(125661351450): object was freed before callback; returning Nil.
    [1664] <engine-1>[GdPAI] ObjectRef(124587609564): object was freed before callback; returning Nil.
    [1665] <engine-1>[GdPAI] ObjectRef(124134624705): object was freed before callback; returning Nil.
    [1666] <engine-1>[GdPAI] ObjectRef(124134624705): object was freed before callback; returning Nil.
    [1667] <engine-1>[GdPAI] ObjectRef(125661351450): object was freed before callback; returning Nil.
    [1668] <engine-1>[GdPAI] ObjectRef(124587609564): object was freed before callback; returning Nil.
    [1669] <engine-1>[GdPAI] ObjectRef(124134624705): object was freed before callback; returning Nil.
    [1670] <engine-1>[GdPAI] ObjectRef(1382643928884): object was freed before callback; returning Nil.
    [1671] <engine-1>[GdPAI] ObjectRef(124621163998): object was freed before callback; returning Nil.
    [1672] <engine-1>[GdPAI] ObjectRef(124134624705): object was freed before callback; returning Nil.
    [1673] <engine-1>[GdPAI] ObjectRef(124134624705): object was freed before callback; returning Nil.
    [1674] <engine-1>[GdPAI] ObjectRef(1382643928884): object was freed before callback; returning Nil.
    [1675] <engine-1>[GdPAI] ObjectRef(124621163998): object was freed before callback; returning Nil.
    [1676] <engine-1>[GdPAI] ObjectRef(124134624705): object was freed before callback; returning Nil.
    [1677] <engine-1>[GdPAI] ObjectRef(124134624705): object was freed before callback; returning Nil.
    [1678] <engine-1>[GdPAI] ObjectRef(1382643928884): object was freed before callback; returning Nil.
    [1679] <engine-1>[GdPAI] ObjectRef(124621163998): object was freed before callback; returning Nil.
    [1680] <engine-1>[GdPAI] ObjectRef(124587609564): object was freed before callback; returning Nil.
    [1681] <engine-1>[GdPAI] ObjectRef(124587609564): object was freed before callback; returning Nil.
    [1682] <engine-1>[GdPAI] ObjectRef(1382643928884): object was freed before callback; returning Nil.
    [1683] <engine-1>[GdPAI] ObjectRef(124621163998): object was freed before callback; returning Nil.
    [1684] <engine-1>[GdPAI] ObjectRef(124587609564): object was freed before callback; returning Nil.
    [1685] <engine-1>[GdPAI] ObjectRef(124587609564): object was freed before callback; returning Nil.
    [1686] <engine-1>[GdPAI] ObjectRef(1382643928884): object was freed before callback; returning Nil.
    [1687] <engine-1>[GdPAI] ObjectRef(124621163998): object was freed before callback; returning Nil.
    [1688] <engine-1>[GdPAI] ObjectRef(125661351450): object was freed before callback; returning Nil.
    [1689] <engine-1>[GdPAI] ObjectRef(125661351450): object was freed before callback; returning Nil.
    [1690] <engine-1>[GdPAI] ObjectRef(1382643928884): object was freed before callback; returning Nil.
    [1691] <engine-1>[GdPAI] ObjectRef(124621163998): object was freed before callback; returning Nil.
    [1692] <engine-1>[GdPAI] ObjectRef(125661351450): object was freed before callback; returning Nil.
    [1693] <engine-1>[GdPAI] ObjectRef(125661351450): object was freed before callback; returning Nil.
    [1694] <engine-1>[GdPAI] ObjectRef(1382643928884): object was freed before callback; returning Nil.
    [1695] <engine-1>[GdPAI] ObjectRef(1382643928884): object was freed before callback; returning Nil.
    [1696] <engine-1>[GdPAI] ObjectRef(124621163998): object was freed before callback; returning Nil.
    [1697] <engine-1>[GdPAI] ObjectRef(124134624705): object was freed before callback; returning Nil.
    [1698] <engine-1>[GdPAI] ObjectRef(124134624705): object was freed before callback; returning Nil.
    [1699] <engine-1>[GdPAI] ObjectRef(1382643928884): object was freed before callback; returning Nil.
    [1700] <engine-1>[GdPAI] ObjectRef(1382643928884): object was freed before callback; returning Nil.
    [1701] <engine-1>[GdPAI] ObjectRef(124621163998): object was freed before callback; returning Nil.
    [1702] <engine-1>[GdPAI] ObjectRef(124134624705): object was freed before callback; returning Nil.
    [1703] <engine-1>[GdPAI] ObjectRef(124134624705): object was freed before callback; returning Nil.
    [1704] <engine-1>[GdPAI] ObjectRef(1382643928884): object was freed before callback; returning Nil.
    [1705] <engine-1>[GdPAI] ObjectRef(124621163998): object was freed before callback; returning Nil.
    [1706] <engine-1>[GdPAI] ObjectRef(1382643928884): object was freed before callback; returning Nil.
    [1707] <engine-1>[GdPAI] ObjectRef(124621163998): object was freed before callback; returning Nil.
    [1708] <engine-1>[GdPAI] ObjectRef(1382643928884): object was freed before callback; returning Nil.
    [1709] <engine-1>[GdPAI] ObjectRef(124621163998): object was freed before callback; returning Nil.
    [1710] <engine-1>[GdPAI] ObjectRef(124621163998): object was freed before callback; returning Nil.
    [1711] <engine-1>[GdPAI] ObjectRef(1382643928884): object was freed before callback; returning Nil.
    [1712] <engine-1>[GdPAI] ObjectRef(124621163998): object was freed before callback; returning Nil.
    [1713] <engine-1>[GdPAI] ObjectRef(124621163998): object was freed before callback; returning Nil.
    [1714] <engine-1>[GdPAI] ObjectRef(1382643928884): object was freed before callback; returning Nil.
    [1715] <engine-1>[GdPAI] ObjectRef(124621163998): object was freed before callback; returning Nil.
    [1716] <engine-1>[GdPAI] ObjectRef(1382643928884): object was freed before callback; returning Nil.
    [1717] <engine-1>[GdPAI] ObjectRef(124621163998): object was freed before callback; returning Nil.
    [1718] <engine-1>[GdPAI] ObjectRef(1382643928884): object was freed before callback; returning Nil.
    [1719] <engine-1>[GdPAI] ObjectRef(1382643928884): object was freed before callback; returning Nil.
    [1720] <engine-1>[GdPAI] ObjectRef(124621163998): object was freed before callback; returning Nil.
    [1721] <engine-1>[GdPAI] ObjectRef(1382643928884): object was freed before callback; returning Nil.
    [1722] <engine-1>[GdPAI] ObjectRef(1382643928884): object was freed before callback; returning Nil.
    [1723] <engine-1>[GdPAI] ObjectRef(124621163998): object was freed before callback; returning Nil.
    [1724] <engine-1>[GdPAI] ObjectRef(1382643928884): object was freed before callback; returning Nil.
    [1725] <engine-1>[GdPAI] ObjectRef(124621163998): object was freed before callback; returning Nil.
    [1726] <engine-1>[GdPAI] ObjectRef(1382643928884): object was freed before callback; returning Nil.
    [1727] <engine-1>[GdPAI] ObjectRef(124621163998): object was freed before callback; returning Nil.
    [1728] <engine-1>[GdPAI] ObjectRef(1382643928884): object was freed before callback; returning Nil.
    [1729] <engine-1>[GdPAI] ObjectRef(124621163998): object was freed before callback; returning Nil.
    [1730] <engine-1>[GdPAI] ObjectRef(1382643928884): object was freed before callback; returning Nil.
    [1731] <engine-1>[GdPAI] ObjectRef(124621163998): object was freed before callback; returning Nil.
    [1732] <engine-1>[GdPAI] ObjectRef(1382643928884): object was freed before callback; returning Nil.
    [1733] <engine-1>[GdPAI] ObjectRef(124621163998): object was freed before callback; returning Nil.
    [1734] <engine-1>[GdPAI] ObjectRef(1382643928884): object was freed before callback; returning Nil.
    [1735] <engine-1>[GdPAI] ObjectRef(124621163998): object was freed before callback; returning Nil.
    [1736] <engine-1>[GdPAI] ObjectRef(1382643928884): object was freed before callback; returning Nil.
    [1737] <engine-1>[GdPAI] ObjectRef(1382643928884): object was freed before callback; returning Nil.
    [1738] <engine-1>[GdPAI] ObjectRef(124621163998): object was freed before callback; returning Nil.
    [1739] <engine-1>[GdPAI] ObjectRef(124621163998): object was freed before callback; returning Nil.
    [1740] <engine-1>[GdPAI] ObjectRef(1382643928884): object was freed before callback; returning Nil.
    [1741] <engine-1>[GdPAI] ObjectRef(1382643928884): object was freed before callback; returning Nil.
    [1742] <engine-1>[GdPAI] ObjectRef(124621163998): object was freed before callback; returning Nil.
    [1743] <engine-1>[GdPAI] ObjectRef(124621163998): object was freed before callback; returning Nil.
    [1744] <engine-1>[GdPAI] ObjectRef(1382643928884): object was freed before callback; returning Nil.
    [1745] <engine-1>[GdPAI] ObjectRef(124621163998): object was freed before callback; returning Nil.
    [1746] <engine-1>[GdPAI] ObjectRef(1382643928884): object was freed before callback; returning Nil.
    [1747] <engine-1>[GdPAI] ObjectRef(124621163998): object was freed before callback; returning Nil.
    [1748] <engine-1>[GdPAI] ObjectRef(1382643928884): object was freed before callback; returning Nil.
    [1749] <engine-1>[GdPAI] ObjectRef(124621163998): object was freed before callback; returning Nil.
    [1750] <engine-1>[GdPAI] ObjectRef(1382643928884): object was freed before callback; returning Nil.
    [1751] <engine-1>[GdPAI] ObjectRef(124621163998): object was freed before callback; returning Nil.
    [1752] <engine-1>[GdPAI] ObjectRef(1382643928884): object was freed before callback; returning Nil.
    [1753] <engine-1>[GdPAI] ObjectRef(124621163998): object was freed before callback; returning Nil.
    [1754] <engine-1>[GdPAI] ObjectRef(1382643928884): object was freed before callback; returning Nil.
    [1755] <engine-1>[GdPAI] ObjectRef(124621163998): object was freed before callback; returning Nil.
    [1756] <engine-1>[GdPAI] ObjectRef(1382643928884): object was freed before callback; returning Nil.
    [1757] <engine-1>[GdPAI] ObjectRef(1382643928884): object was freed before callback; returning Nil.
    [1758] <engine-1>[GdPAI] ObjectRef(124621163998): object was freed before callback; returning Nil.
    [1759] <engine-1>[GdPAI] ObjectRef(1382643928884): object was freed before callback; returning Nil.
    [1760] <engine-1>[GdPAI] ObjectRef(1382643928884): object was freed before callback; returning Nil.
    [1761] <engine-1>[GdPAI] ObjectRef(124621163998): object was freed before callback; returning Nil.
    [1762] <engine-1>[GdPAI] ObjectRef(1382643928884): object was freed before callback; returning Nil.
    [1763] <engine-1>[GdPAI] ObjectRef(1382643928884): object was freed before callback; returning Nil.
    [1764] <engine-1>[GdPAI] ObjectRef(124621163998): object was freed before callback; returning Nil.
    [1765] <engine-1>[GdPAI] ObjectRef(1382643928884): object was freed before callback; returning Nil.
    [1766] <engine-1>[GdPAI] ObjectRef(1382643928884): object was freed before callback; returning Nil.
    [1767] <engine-1>[GdPAI] ObjectRef(124621163998): object was freed before callback; returning Nil.
    [1768] <engine-1>[GdPAI] ObjectRef(1382643928884): object was freed before callback; returning Nil.
    [1769] <engine-1>[GdPAI] ObjectRef(1382643928884): object was freed before callback; returning Nil.
    [1770] <engine-1>[GdPAI] ObjectRef(124621163998): object was freed before callback; returning Nil.
    [1771] <engine-1>[GdPAI] ObjectRef(124621163998): object was freed before callback; returning Nil.
    [1772] <engine-1>[GdPAI] ObjectRef(1382643928884): object was freed before callback; returning Nil.
    [1773] <engine-1>[GdPAI] ObjectRef(1382643928884): object was freed before callback; returning Nil.
    [1774] <engine-1>[GdPAI] ObjectRef(124621163998): object was freed before callback; returning Nil.
    [1775] <engine-1>[GdPAI] ObjectRef(124621163998): object was freed before callback; returning Nil.
    [1776] <engine-1>[GdPAI] ObjectRef(1382643928884): object was freed before callback; returning Nil.
    [1777] <engine-1>[GdPAI] ObjectRef(1382643928884): object was freed before callback; returning Nil.
    [1778] <engine-1>[GdPAI] ObjectRef(124621163998): object was freed before callback; returning Nil.
    [1779] <engine-1>[GdPAI] ObjectRef(1382643928884): object was freed before callback; returning Nil.
    [1780] <engine-1>[GdPAI] ObjectRef(1382643928884): object was freed before callback; returning Nil.
    [1781] <engine-1>[GdPAI] ObjectRef(124621163998): object was freed before callback; returning Nil.
    [1782] <engine-1>[GdPAI] ObjectRef(1382643928884): object was freed before callback; returning Nil.
    [1783] <engine-1>[GdPAI] ObjectRef(1382643928884): object was freed before callback; returning Nil.
    [1784] <engine-1>[GdPAI] ObjectRef(124621163998): object was freed before callback; returning Nil.
    [1785] <engine-1>[GdPAI] ObjectRef(1382643928884): object was freed before callback; returning Nil.
    [1786] <engine-1>[GdPAI] ObjectRef(1382643928884): object was freed before callback; returning Nil.
    [1787] <engine-1>[GdPAI] ObjectRef(124621163998): object was freed before callback; returning Nil.
    [1788] <engine-1>[GdPAI] ObjectRef(1382643928884): object was freed before callback; returning Nil.
    [1789] <engine-1>[GdPAI] ObjectRef(1382643928884): object was freed before callback; returning Nil.
    [1790] <engine-1>[GdPAI] ObjectRef(124621163998): object was freed before callback; returning Nil.
    [1791] <engine-1>[GdPAI] ObjectRef(1382643928884): object was freed before callback; returning Nil.
    [1792] <engine-1>[GdPAI] ObjectRef(1382643928884): object was freed before callback; returning Nil.
    [1793] <engine-1>[GdPAI] ObjectRef(124621163998): object was freed before callback; returning Nil.
    [1794] <engine-1>[GdPAI] ObjectRef(1382643928884): object was freed before callback; returning Nil.
    [1795] <engine-1>[GdPAI] ObjectRef(1382643928884): object was freed before callback; returning Nil.
    [1796] <engine-1>[GdPAI] ObjectRef(124621163998): object was freed before callback; returning Nil.
    [1797] <engine-1>[GdPAI] ObjectRef(1382643928884): object was freed before callback; returning Nil.
    [1798] <engine-1>[GdPAI] ObjectRef(1382643928884): object was freed before callback; returning Nil.
    [1799] <engine-1>[GdPAI] ObjectRef(124621163998): object was freed before callback; returning Nil.
    [1800] <engine-1>[GdPAI] ObjectRef(1382643928884): object was freed before callback; returning Nil.
    [1801] <engine-1>[GdPAI] ObjectRef(1382643928884): object was freed before callback; returning Nil.
    [1802] <engine-1>[GdPAI] ObjectRef(124621163998): object was freed before callback; returning Nil.
    [1803] <engine-1>[GdPAI] ObjectRef(1382643928884): object was freed before callback; returning Nil.
    [1804] <engine-1>[GdPAI] ObjectRef(1382643928884): object was freed before callback; returning Nil.
    [1805] <engine-1>[GdPAI] ObjectRef(124621163998): object was freed before callback; returning Nil.
    [1806] <engine-1>[GdPAI] ObjectRef(1382643928884): object was freed before callback; returning Nil.
    [1807] <engine-1>[GdPAI] ObjectRef(1382643928884): object was freed before callback; returning Nil.
    [1808] <engine-1>[GdPAI] ObjectRef(124621163998): object was freed before callback; returning Nil.
    [1809] <engine-1>[GdPAI] ObjectRef(124621163998): object was freed before callback; returning Nil.
    [1810] <engine-1>[GdPAI] ObjectRef(1382643928884): object was freed before callback; returning Nil.
    [1811] <engine-1>[GdPAI] ObjectRef(1382643928884): object was freed before callback; returning Nil.
    [1812] <engine-1>[GdPAI] ObjectRef(124621163998): object was freed before callback; returning Nil.
    [1813] <engine-1>[GdPAI] ObjectRef(124621163998): object was freed before callback; returning Nil.
    [1814] <engine-1>[GdPAI] ObjectRef(1382643928884): object was freed before callback; returning Nil.
    [1815] <engine-1>[GdPAI] ObjectRef(1382643928884): object was freed before callback; returning Nil.
    [1816] <engine-1>[GdPAI] ObjectRef(124621163998): object was freed before callback; returning Nil.
    [1817] <engine-1>[GdPAI] ObjectRef(1382643928884): object was freed before callback; returning Nil.
    [1818] <engine-1>[GdPAI] ObjectRef(1382643928884): object was freed before callback; returning Nil.
    [1819] <engine-1>[GdPAI] ObjectRef(124621163998): object was freed before callback; returning Nil.
    [1820] <engine-1>[GdPAI] ObjectRef(1382643928884): object was freed before callback; returning Nil.
    [1821] <engine-1>[GdPAI] ObjectRef(1382643928884): object was freed before callback; returning Nil.
    [1822] <engine-1>[GdPAI] ObjectRef(124621163998): object was freed before callback; returning Nil.
    [1823] <engine-1>[GdPAI] ObjectRef(1382643928884): object was freed before callback; returning Nil.
    [1824] <engine-1>[GdPAI] ObjectRef(1382643928884): object was freed before callback; returning Nil.
    [1825] <engine-1>[GdPAI] ObjectRef(124621163998): object was freed before callback; returning Nil.
    [1826] <engine-1>[GdPAI] ObjectRef(1382643928884): object was freed before callback; returning Nil.
    [1827] <engine-1>[GdPAI] ObjectRef(1382643928884): object was freed before callback; returning Nil.
    [1828] <engine-1>[GdPAI] ObjectRef(124621163998): object was freed before callback; returning Nil.
    [1829] <engine-1>[GdPAI] ObjectRef(1382643928884): object was freed before callback; returning Nil.
    [1830] <engine-1>[GdPAI] ObjectRef(1382643928884): object was freed before callback; returning Nil.
    [1831] <engine-1>[GdPAI] ObjectRef(124621163998): object was freed before callback; returning Nil.
    [1832] <engine-1>[GdPAI] ObjectRef(1382643928884): object was freed before callback; returning Nil.
    [1833] <engine-1>[GdPAI] ObjectRef(1382643928884): object was freed before callback; returning Nil.
    [1834] <engine-1>[GdPAI] ObjectRef(124621163998): object was freed before callback; returning Nil.
    [1835] <engine-1>[GdPAI] ObjectRef(1382643928884): object was freed before callback; returning Nil.
    [1836] <engine-1>[GdPAI] ObjectRef(1382643928884): object was freed before callback; returning Nil.
    [1837] <engine-1>[GdPAI] ObjectRef(124621163998): object was freed before callback; returning Nil.
    [1838] <engine-1>[GdPAI] ObjectRef(1382643928884): object was freed before callback; returning Nil.
    [1839] <engine-1>[GdPAI] ObjectRef(1382643928884): object was freed before callback; returning Nil.
    [1840] <engine-1>[GdPAI] ObjectRef(1382157389614): object was freed before callback; returning Nil.
    [1841] <engine-1>[GdPAI] ObjectRef(1383650561484): object was freed before callback; returning Nil.
    [1842] <engine-1>[GdPAI] ObjectRef(1382157389614): object was freed before callback; returning Nil.
    [1843] <engine-1>[GdPAI] ObjectRef(1383650561484): object was freed before callback; returning Nil.
    [1844] <engine-1>[GdPAI] ObjectRef(124621163998): object was freed before callback; returning Nil.
    [1845] <engine-1>[GdPAI] ObjectRef(1382643928884): object was freed before callback; returning Nil.
    [1846] <engine-1>[GdPAI] ObjectRef(1382643928884): object was freed before callback; returning Nil.
    [1847] <engine-1>[GdPAI] ObjectRef(1382157389614): object was freed before callback; returning Nil.
    [1848] <engine-1>[GdPAI] ObjectRef(1383650561484): object was freed before callback; returning Nil.
    [1849] <engine-1>[GdPAI] ObjectRef(1382157389614): object was freed before callback; returning Nil.
    [1850] <engine-1>[GdPAI] ObjectRef(1383650561484): object was freed before callback; returning Nil.
    [1851] <engine-1>[GdPAI] ObjectRef(124621163998): object was freed before callback; returning Nil.
    [1852] <engine-1>[GdPAI] ObjectRef(1382643928884): object was freed before callback; returning Nil.
    [1853] <engine-1>[GdPAI] ObjectRef(1383650561484): object was freed before callback; returning Nil.
    [1854] <engine-1>[GdPAI] ObjectRef(1383650561484): object was freed before callback; returning Nil.
    [1855] <engine-1>[GdPAI] ObjectRef(124621163998): object was freed before callback; returning Nil.
    [1856] <engine-1>[GdPAI] ObjectRef(124621163998): object was freed before callback; returning Nil.
    [1857] <engine-1>[GdPAI] ObjectRef(1382643928884): object was freed before callback; returning Nil.
    [1858] <engine-1>[GdPAI] ObjectRef(1383650561484): object was freed before callback; returning Nil.
    [1859] <engine-1>[GdPAI] ObjectRef(1383650561484): object was freed before callback; returning Nil.
    [1860] <engine-1>[GdPAI] ObjectRef(124621163998): object was freed before callback; returning Nil.
    [1861] <engine-1>[GdPAI] ObjectRef(124621163998): object was freed before callback; returning Nil.
    [1862] <engine-1>[GdPAI] ObjectRef(1382643928884): object was freed before callback; returning Nil.
    [1863] <engine-1>[GdPAI] ObjectRef(1382157389614): object was freed before callback; returning Nil.
    [1864] <engine-1>[GdPAI] ObjectRef(1382157389614): object was freed before callback; returning Nil.
    [1865] <engine-1>[GdPAI] ObjectRef(124621163998): object was freed before callback; returning Nil.
    [1866] <engine-1>[GdPAI] ObjectRef(1382643928884): object was freed before callback; returning Nil.
    [1867] <engine-1>[GdPAI] ObjectRef(1382157389614): object was freed before callback; returning Nil.
    [1868] <engine-1>[GdPAI] ObjectRef(1382157389614): object was freed before callback; returning Nil.
    [1869] <engine-1>[GdPAI] ObjectRef(124621163998): object was freed before callback; returning Nil.
    [1870] <engine-1>[GdPAI] ObjectRef(1382643928884): object was freed before callback; returning Nil.
    [1871] <engine-1>[GdPAI] ObjectRef(124621163998): object was freed before callback; returning Nil.
    [1872] <engine-1>[GdPAI] ObjectRef(1382643928884): object was freed before callback; returning Nil.
    [1873] <engine-1>[GdPAI] ObjectRef(124621163998): object was freed before callback; returning Nil.
    [1874] <engine-1>[GdPAI] ObjectRef(1382643928884): object was freed before callback; returning Nil.
    [1875] <engine-1>[GdPAI] ObjectRef(1382643928884): object was freed before callback; returning Nil.
    [1876] <engine-1>[GdPAI] ObjectRef(124621163998): object was freed before callback; returning Nil.
    [1877] <engine-1>[GdPAI] ObjectRef(1382643928884): object was freed before callback; returning Nil.
    [1878] <engine-1>[GdPAI] ObjectRef(1382643928884): object was freed before callback; returning Nil.
    [1879] <engine-1>[GdPAI] ObjectRef(124621163998): object was freed before callback; returning Nil.
    [1880] <engine-1>[GdPAI] ObjectRef(1382643928884): object was freed before callback; returning Nil.
    [1881] <engine-1>[GdPAI] ObjectRef(124621163998): object was freed before callback; returning Nil.
    [1882] <engine-1>[GdPAI] ObjectRef(1382643928884): object was freed before callback; returning Nil.
    [1883] <engine-1>[GdPAI] ObjectRef(124621163998): object was freed before callback; returning Nil.
    [1884] <engine-1>[GdPAI] ObjectRef(1382643928884): object was freed before callback; returning Nil.
    [1885] <engine-1>[GdPAI] ObjectRef(124621163998): object was freed before callback; returning Nil.
    [1886] <engine-1>[GdPAI] ObjectRef(1382643928884): object was freed before callback; returning Nil.
    [1887] <engine-1>[GdPAI] ObjectRef(124621163998): object was freed before callback; returning Nil.
    [1888] <engine-1>[GdPAI] ObjectRef(1382643928884): object was freed before callback; returning Nil.
    [1889] <engine-1>[GdPAI] ObjectRef(124621163998): object was freed before callback; returning Nil.
    [1890] <engine-1>[GdPAI] ObjectRef(124621163998): object was freed before callback; returning Nil.
    [1891] <engine-1>[GdPAI] ObjectRef(1382643928884): object was freed before callback; returning Nil.
    [1892] <engine-1>[GdPAI] ObjectRef(124621163998): object was freed before callback; returning Nil.
    [1893] <engine-1>[GdPAI] ObjectRef(124621163998): object was freed before callback; returning Nil.
    [1894] <engine-1>[GdPAI] ObjectRef(1382643928884): object was freed before callback; returning Nil.
    [1895] <engine-1>[GdPAI] ObjectRef(1382643928884): object was freed before callback; returning Nil.
    [1896] <engine-1>[GdPAI] ObjectRef(1382157389614): object was freed before callback; returning Nil.
    [1897] <engine-1>[GdPAI] ObjectRef(1383650561484): object was freed before callback; returning Nil.
    [1898] <engine-1>[GdPAI] ObjectRef(1382157389614): object was freed before callback; returning Nil.
    [1899] <engine-1>[GdPAI] ObjectRef(1383650561484): object was freed before callback; returning Nil.
    [1900] <engine-1>[GdPAI] ObjectRef(124621163998): object was freed before callback; returning Nil.
    [1901] <engine-1>[GdPAI] ObjectRef(124621163998): object was freed before callback; returning Nil.
    [1902] <engine-1>[GdPAI] ObjectRef(1382643928884): object was freed before callback; returning Nil.
    [1903] <engine-1>[GdPAI] ObjectRef(1382643928884): object was freed before callback; returning Nil.
    [1904] <engine-1>[GdPAI] ObjectRef(1382157389614): object was freed before callback; returning Nil.
    [1905] <engine-1>[GdPAI] ObjectRef(1383650561484): object was freed before callback; returning Nil.
    [1906] <engine-1>[GdPAI] ObjectRef(1382157389614): object was freed before callback; returning Nil.
    [1907] <engine-1>[GdPAI] ObjectRef(1383650561484): object was freed before callback; returning Nil.
    [1908] <engine-1>[GdPAI] ObjectRef(124621163998): object was freed before callback; returning Nil.
    [1909] <engine-1>[GdPAI] ObjectRef(124621163998): object was freed before callback; returning Nil.
    [1910] <engine-1>[GdPAI] ObjectRef(1382643928884): object was freed before callback; returning Nil.
    [1911] <engine-1>[GdPAI] ObjectRef(1383650561484): object was freed before callback; returning Nil.
    [1912] <engine-1>[GdPAI] ObjectRef(1383650561484): object was freed before callback; returning Nil.
    [1913] <engine-1>[GdPAI] ObjectRef(124621163998): object was freed before callback; returning Nil.
    [1914] <engine-1>[GdPAI] ObjectRef(124621163998): object was freed before callback; returning Nil.
    [1915] <engine-1>[GdPAI] ObjectRef(1382643928884): object was freed before callback; returning Nil.
    [1916] <engine-1>[GdPAI] ObjectRef(1383650561484): object was freed before callback; returning Nil.
    [1917] <engine-1>[GdPAI] ObjectRef(1383650561484): object was freed before callback; returning Nil.
    [1918] <engine-1>[GdPAI] ObjectRef(124621163998): object was freed before callback; returning Nil.
    [1919] <engine-1>[GdPAI] ObjectRef(124621163998): object was freed before callback; returning Nil.
    [1920] <engine-1>[GdPAI] ObjectRef(1382643928884): object was freed before callback; returning Nil.
    [1921] <engine-1>[GdPAI] ObjectRef(1382157389614): object was freed before callback; returning Nil.
    [1922] <engine-1>[GdPAI] ObjectRef(1382157389614): object was freed before callback; returning Nil.
    [1923] <engine-1>[GdPAI] ObjectRef(124621163998): object was freed before callback; returning Nil.
    [1924] <engine-1>[GdPAI] ObjectRef(124621163998): object was freed before callback; returning Nil.
    [1925] <engine-1>[GdPAI] ObjectRef(1382643928884): object was freed before callback; returning Nil.
    [1926] <engine-1>[GdPAI] ObjectRef(1382157389614): object was freed before callback; returning Nil.
    [1927] <engine-1>[GdPAI] ObjectRef(1382157389614): object was freed before callback; returning Nil.
    [1928] <engine-1>[GdPAI] ObjectRef(124621163998): object was freed before callback; returning Nil.
    [1929] <engine-1>[GdPAI] ObjectRef(124621163998): object was freed before callback; returning Nil.
    [1930] <engine-1>[GdPAI] ObjectRef(1382643928884): object was freed before callback; returning Nil.
    [1931] <engine-1>[GdPAI] ObjectRef(124621163998): object was freed before callback; returning Nil.
    [1932] <engine-1>[GdPAI] ObjectRef(124621163998): object was freed before callback; returning Nil.
    [1933] <engine-1>[GdPAI] ObjectRef(124134624705): object was freed before callback; returning Nil.
    [1934] <engine-1>[GdPAI] ObjectRef(125661351450): object was freed before callback; returning Nil.
    [1935] <engine-1>[GdPAI] ObjectRef(124587609564): object was freed before callback; returning Nil.
    [1936] <engine-1>[GdPAI] ObjectRef(124134624705): object was freed before callback; returning Nil.
    [1937] <engine-1>[GdPAI] ObjectRef(125661351450): object was freed before callback; returning Nil.
    [1938] <engine-1>[GdPAI] ObjectRef(124587609564): object was freed before callback; returning Nil.
    [1939] <engine-1>[GdPAI] ObjectRef(1382643928884): object was freed before callback; returning Nil.
    [1940] <engine-1>[GdPAI] ObjectRef(124621163998): object was freed before callback; returning Nil.
    [1941] <engine-1>[GdPAI] ObjectRef(124621163998): object was freed before callback; returning Nil.
    [1942] <engine-1>[GdPAI] ObjectRef(124134624705): object was freed before callback; returning Nil.
    [1943] <engine-1>[GdPAI] ObjectRef(125661351450): object was freed before callback; returning Nil.
    [1944] <engine-1>[GdPAI] ObjectRef(124587609564): object was freed before callback; returning Nil.
    [1945] <engine-1>[GdPAI] ObjectRef(124134624705): object was freed before callback; returning Nil.
    [1946] <engine-1>[GdPAI] ObjectRef(125661351450): object was freed before callback; returning Nil.
    [1947] <engine-1>[GdPAI] ObjectRef(124587609564): object was freed before callback; returning Nil.
    [1948] <engine-1>[GdPAI] ObjectRef(1382643928884): object was freed before callback; returning Nil.
    [1949] <engine-1>[GdPAI] ObjectRef(1382643928884): object was freed before callback; returning Nil.
    [1950] <engine-1>[GdPAI] ObjectRef(124621163998): object was freed before callback; returning Nil.
    [1951] <engine-1>[GdPAI] ObjectRef(1382643928884): object was freed before callback; returning Nil.
    [1952] <engine-1>[GdPAI] ObjectRef(1382643928884): object was freed before callback; returning Nil.
    [1953] <engine-1>[GdPAI] ObjectRef(124621163998): object was freed before callback; returning Nil.
    [1954] <engine-1>[GdPAI] ObjectRef(1382643928884): object was freed before callback; returning Nil.
    [1955] <engine-1>[GdPAI] ObjectRef(124621163998): object was freed before callback; returning Nil.
    [1956] <engine-1>[GdPAI] ObjectRef(124587609564): object was freed before callback; returning Nil.
    [1957] <engine-1>[GdPAI] ObjectRef(124587609564): object was freed before callback; returning Nil.
    [1958] <engine-1>[GdPAI] ObjectRef(1382643928884): object was freed before callback; returning Nil.
    [1959] <engine-1>[GdPAI] ObjectRef(124621163998): object was freed before callback; returning Nil.
    [1960] <engine-1>[GdPAI] ObjectRef(124587609564): object was freed before callback; returning Nil.
    [1961] <engine-1>[GdPAI] ObjectRef(124587609564): object was freed before callback; returning Nil.
    [1962] <engine-1>[GdPAI] ObjectRef(1382643928884): object was freed before callback; returning Nil.
    [1963] <engine-1>[GdPAI] ObjectRef(124621163998): object was freed before callback; returning Nil.
    [1964] <engine-1>[GdPAI] ObjectRef(125661351450): object was freed before callback; returning Nil.
    [1965] <engine-1>[GdPAI] ObjectRef(125661351450): object was freed before callback; returning Nil.
    [1966] <engine-1>[GdPAI] ObjectRef(1382643928884): object was freed before callback; returning Nil.
    [1967] <engine-1>[GdPAI] ObjectRef(124621163998): object was freed before callback; returning Nil.
    [1968] <engine-1>[GdPAI] ObjectRef(125661351450): object was freed before callback; returning Nil.
    [1969] <engine-1>[GdPAI] ObjectRef(125661351450): object was freed before callback; returning Nil.
    [1970] <engine-1>[GdPAI] ObjectRef(1382643928884): object was freed before callback; returning Nil.
    [1971] <engine-1>[GdPAI] ObjectRef(124621163998): object was freed before callback; returning Nil.
    [1972] <engine-1>[GdPAI] ObjectRef(124134624705): object was freed before callback; returning Nil.
    [1973] <engine-1>[GdPAI] ObjectRef(124134624705): object was freed before callback; returning Nil.
    [1974] <engine-1>[GdPAI] ObjectRef(1382643928884): object was freed before callback; returning Nil.
    [1975] <engine-1>[GdPAI] ObjectRef(124621163998): object was freed before callback; returning Nil.
    [1976] <engine-1>[GdPAI] ObjectRef(124134624705): object was freed before callback; returning Nil.
    [1977] <engine-1>[GdPAI] ObjectRef(124134624705): object was freed before callback; returning Nil.
    [1978] <engine-1>[GdPAI] ObjectRef(1382643928884): object was freed before callback; returning Nil.
    [1979] <engine-1>[GdPAI] ObjectRef(1382643928884): object was freed before callback; returning Nil.
    [1980] <engine-1>[GdPAI] ObjectRef(124621163998): object was freed before callback; returning Nil.
    [1981] <engine-1>[GdPAI] ObjectRef(1382643928884): object was freed before callback; returning Nil.
    [1982] <engine-1>[GdPAI] ObjectRef(1382643928884): object was freed before callback; returning Nil.
    [1983] <engine-1>[GdPAI] ObjectRef(124621163998): object was freed before callback; returning Nil.
    [1984] <engine-1>[GdPAI] ObjectRef(1382643928884): object was freed before callback; returning Nil.
    [1985] <engine-1>[GdPAI] ObjectRef(124621163998): object was freed before callback; returning Nil.
    [1986] <engine-1>[GdPAI] ObjectRef(124621163998): object was freed before callback; returning Nil.
    [1987] <engine-1>[GdPAI] ObjectRef(124134624705): object was freed before callback; returning Nil.
    [1988] <engine-1>[GdPAI] ObjectRef(125661351450): object was freed before callback; returning Nil.
    [1989] <engine-1>[GdPAI] ObjectRef(124587609564): object was freed before callback; returning Nil.
    [1990] <engine-1>[GdPAI] ObjectRef(124134624705): object was freed before callback; returning Nil.
    [1991] <engine-1>[GdPAI] ObjectRef(125661351450): object was freed before callback; returning Nil.
    [1992] <engine-1>[GdPAI] ObjectRef(124587609564): object was freed before callback; returning Nil.
    [1993] <engine-1>[GdPAI] ObjectRef(1382643928884): object was freed before callback; returning Nil.
    [1994] <engine-1>[GdPAI] ObjectRef(124621163998): object was freed before callback; returning Nil.
    [1995] <engine-1>[GdPAI] ObjectRef(124621163998): object was freed before callback; returning Nil.
    [1996] <engine-1>[GdPAI] ObjectRef(124134624705): object was freed before callback; returning Nil.
    [1997] <engine-1>[GdPAI] ObjectRef(125661351450): object was freed before callback; returning Nil.
    [1998] <engine-1>[GdPAI] ObjectRef(124587609564): object was freed before callback; returning Nil.
    [1999] <engine-1>[GdPAI] ObjectRef(124134624705): object was freed before callback; returning Nil.
    [2000] <engine-1>[GdPAI] ObjectRef(125661351450): object was freed before callback; returning Nil.
    [2001] <engine-1>[GdPAI] ObjectRef(124587609564): object was freed before callback; returning Nil.
    [2002] <engine-1>[GdPAI] ObjectRef(1382643928884): object was freed before callback; returning Nil.
    [2003] <engine-1>[GdPAI] ObjectRef(124621163998): object was freed before callback; returning Nil.
    [2004] <engine-1>[GdPAI] ObjectRef(1382643928884): object was freed before callback; returning Nil.
    [2005] <engine-1>[GdPAI] ObjectRef(124621163998): object was freed before callback; returning Nil.
    [2006] <engine-1>[GdPAI] ObjectRef(1382643928884): object was freed before callback; returning Nil.
    [2007] <engine-1>[GdPAI] ObjectRef(124621163998): object was freed before callback; returning Nil.
    [2008] <engine-1>[GdPAI] ObjectRef(124587609564): object was freed before callback; returning Nil.
    [2009] <engine-1>[GdPAI] ObjectRef(124587609564): object was freed before callback; returning Nil.
    [2010] <engine-1>[GdPAI] ObjectRef(1382643928884): object was freed before callback; returning Nil.
    [2011] <engine-1>[GdPAI] ObjectRef(124621163998): object was freed before callback; returning Nil.
    [2012] <engine-1>[GdPAI] ObjectRef(124587609564): object was freed before callback; returning Nil.
    [2013] <engine-1>[GdPAI] ObjectRef(124587609564): object was freed before callback; returning Nil.
    [2014] <engine-1>[GdPAI] ObjectRef(1382643928884): object was freed before callback; returning Nil.
    [2015] <engine-1>[GdPAI] ObjectRef(1382643928884): object was freed before callback; returning Nil.
    [2016] <engine-1>[GdPAI] ObjectRef(124621163998): object was freed before callback; returning Nil.
    [2017] <engine-1>[GdPAI] ObjectRef(125661351450): object was freed before callback; returning Nil.
    [2018] <engine-1>[GdPAI] ObjectRef(125661351450): object was freed before callback; returning Nil.
    [2019] <engine-1>[GdPAI] ObjectRef(1382643928884): object was freed before callback; returning Nil.
    [2020] <engine-1>[GdPAI] ObjectRef(1382643928884): object was freed before callback; returning Nil.
    [2021] <engine-1>[GdPAI] ObjectRef(124621163998): object was freed before callback; returning Nil.
    [2022] <engine-1>[GdPAI] ObjectRef(125661351450): object was freed before callback; returning Nil.
    [2023] <engine-1>[GdPAI] ObjectRef(125661351450): object was freed before callback; returning Nil.
    [2024] <engine-1>[GdPAI] ObjectRef(1382643928884): object was freed before callback; returning Nil.
    [2025] <engine-1>[GdPAI] ObjectRef(124621163998): object was freed before callback; returning Nil.
    [2026] <engine-1>[GdPAI] ObjectRef(124134624705): object was freed before callback; returning Nil.
    [2027] <engine-1>[GdPAI] ObjectRef(124134624705): object was freed before callback; returning Nil.
    [2028] <engine-1>[GdPAI] ObjectRef(1382643928884): object was freed before callback; returning Nil.
    [2029] <engine-1>[GdPAI] ObjectRef(124621163998): object was freed before callback; returning Nil.
    [2030] <engine-1>[GdPAI] ObjectRef(124134624705): object was freed before callback; returning Nil.
    [2031] <engine-1>[GdPAI] ObjectRef(124134624705): object was freed before callback; returning Nil.
    [2032] <engine-1>[GdPAI] ObjectRef(1382643928884): object was freed before callback; returning Nil.
    [2033] <engine-1>[GdPAI] ObjectRef(124621163998): object was freed before callback; returning Nil.
    [2034] <engine-1>[GdPAI] ObjectRef(1382643928884): object was freed before callback; returning Nil.
    [2035] <engine-1>[GdPAI] ObjectRef(124621163998): object was freed before callback; returning Nil.
    [2036] <engine-1>[GdPAI] ObjectRef(1382643928884): object was freed before callback; returning Nil.
    [2037] <engine-1>[GdPAI] ObjectRef(124621163998): object was freed before callback; returning Nil.
    [2038] <engine-1>[GdPAI] ObjectRef(124621163998): object was freed before callback; returning Nil.
    [2039] <engine-1>[GdPAI] ObjectRef(1382643928884): object was freed before callback; returning Nil.
    [2040] <engine-1>[GdPAI] ObjectRef(124621163998): object was freed before callback; returning Nil.
    [2041] <engine-1>[GdPAI] ObjectRef(124621163998): object was freed before callback; returning Nil.
    [2042] <engine-1>[GdPAI] ObjectRef(1382643928884): object was freed before callback; returning Nil.
    [2043] <engine-1>[GdPAI] ObjectRef(1382643928884): object was freed before callback; returning Nil.
    [2044] <engine-1>[GdPAI] ObjectRef(124621163998): object was freed before callback; returning Nil.
    [2045] <engine-1>[GdPAI] ObjectRef(124621163998): object was freed before callback; returning Nil.
    [2046] <engine-1>[GdPAI] ObjectRef(1382643928884): object was freed before callback; returning Nil.
    [2047] <engine-1>[GdPAI] ObjectRef(1382643928884): object was freed before callback; returning Nil.
    [2048] <engine-1>[GdPAI] ObjectRef(124621163998): object was freed before callback; returning Nil.
    [2049] <engine-1>[GdPAI] ObjectRef(124621163998): object was freed before callback; returning Nil.
    [2050] <engine-1>[GdPAI] ObjectRef(1382643928884): object was freed before callback; returning Nil.
    [2051] <engine-1>[GdPAI] ObjectRef(124621163998): object was freed before callback; returning Nil.
    [2052] <engine-1>[GdPAI] ObjectRef(124621163998): object was freed before callback; returning Nil.
    [2053] <engine-1>[GdPAI] ObjectRef(1382643928884): object was freed before callback; returning Nil.
    [2054] <engine-1>[GdPAI] ObjectRef(124621163998): object was freed before callback; returning Nil.
    [2055] <engine-1>[GdPAI] ObjectRef(124621163998): object was freed before callback; returning Nil.
    [2056] <engine-1>[GdPAI] ObjectRef(1382643928884): object was freed before callback; returning Nil.
    [2057] <engine-1>[GdPAI] ObjectRef(124621163998): object was freed before callback; returning Nil.
    [2058] <engine-1>[GdPAI] ObjectRef(124621163998): object was freed before callback; returning Nil.
    [2059] <engine-1>[GdPAI] ObjectRef(1382643928884): object was freed before callback; returning Nil.
    [2060] <engine-1>[GdPAI] ObjectRef(124621163998): object was freed before callback; returning Nil.
    [2061] <engine-1>[GdPAI] ObjectRef(124621163998): object was freed before callback; returning Nil.
    [2062] <engine-1>[GdPAI] ObjectRef(1382643928884): object was freed before callback; returning Nil.
    [2063] <engine-1>[GdPAI] ObjectRef(124621163998): object was freed before callback; returning Nil.
    [2064] <engine-1>[GdPAI] ObjectRef(124621163998): object was freed before callback; returning Nil.
    [2065] <engine-1>[GdPAI] ObjectRef(1382643928884): object was freed before callback; returning Nil.
    [2066] <engine-1>[GdPAI] ObjectRef(124621163998): object was freed before callback; returning Nil.
    [2067] <engine-1>[GdPAI] ObjectRef(124621163998): object was freed before callback; returning Nil.
    [2068] <engine-1>[GdPAI] ObjectRef(1382643928884): object was freed before callback; returning Nil.
    [2069] <engine-1>[GdPAI] ObjectRef(1382643928884): object was freed before callback; returning Nil.
    [2070] <engine-1>[GdPAI] ObjectRef(124621163998): object was freed before callback; returning Nil.
    [2071] <engine-1>[GdPAI] ObjectRef(124621163998): object was freed before callback; returning Nil.
    [2072] <engine-1>[GdPAI] ObjectRef(1382643928884): object was freed before callback; returning Nil.
    [2073] <engine-1>[GdPAI] ObjectRef(1382643928884): object was freed before callback; returning Nil.
    [2074] <engine-1>[GdPAI] ObjectRef(124621163998): object was freed before callback; returning Nil.
    [2075] <engine-1>[GdPAI] ObjectRef(124621163998): object was freed before callback; returning Nil.
    [2076] <engine-1>[GdPAI] ObjectRef(1382643928884): object was freed before callback; returning Nil.
    [2077] <engine-1>[GdPAI] ObjectRef(124621163998): object was freed before callback; returning Nil.
    [2078] <engine-1>[GdPAI] ObjectRef(124621163998): object was freed before callback; returning Nil.
    [2079] <engine-1>[GdPAI] ObjectRef(1382643928884): object was freed before callback; returning Nil.
    [2080] <engine-1>[GdPAI] ObjectRef(124621163998): object was freed before callback; returning Nil.
    [2081] <engine-1>[GdPAI] ObjectRef(124621163998): object was freed before callback; returning Nil.
    [2082] <engine-1>[GdPAI] ObjectRef(1382643928884): object was freed before callback; returning Nil.
    [2083] <engine-1>[GdPAI] ObjectRef(124621163998): object was freed before callback; returning Nil.
    [2084] <engine-1>[GdPAI] ObjectRef(124621163998): object was freed before callback; returning Nil.
    [2085] <engine-1>[GdPAI] ObjectRef(1382643928884): object was freed before callback; returning Nil.
    [2086] <engine-1>[GdPAI] ObjectRef(124621163998): object was freed before callback; returning Nil.
    [2087] <engine-1>[GdPAI] ObjectRef(124621163998): object was freed before callback; returning Nil.
    [2088] <engine-1>[GdPAI] ObjectRef(1382643928884): object was freed before callback; returning Nil.
    [2089] <engine-1>[GdPAI] ObjectRef(124621163998): object was freed before callback; returning Nil.
    [2090] <engine-1>[GdPAI] ObjectRef(124621163998): object was freed before callback; returning Nil.
    [2091] <engine-1>[GdPAI] ObjectRef(124134624705): object was freed before callback; returning Nil.
    [2092] <engine-1>[GdPAI] ObjectRef(125661351450): object was freed before callback; returning Nil.
    [2093] <engine-1>[GdPAI] ObjectRef(124587609564): object was freed before callback; returning Nil.
    [2094] <engine-1>[GdPAI] ObjectRef(124134624705): object was freed before callback; returning Nil.
    [2095] <engine-1>[GdPAI] ObjectRef(125661351450): object was freed before callback; returning Nil.
    [2096] <engine-1>[GdPAI] ObjectRef(124587609564): object was freed before callback; returning Nil.
    [2097] <engine-1>[GdPAI] ObjectRef(1382643928884): object was freed before callback; returning Nil.
    [2098] <engine-1>[GdPAI] ObjectRef(124621163998): object was freed before callback; returning Nil.
    [2099] <engine-1>[GdPAI] ObjectRef(124621163998): object was freed before callback; returning Nil.
    [2100] <engine-1>[GdPAI] ObjectRef(124134624705): object was freed before callback; returning Nil.
    [2101] <engine-1>[GdPAI] ObjectRef(125661351450): object was freed before callback; returning Nil.
    [2102] <engine-1>[GdPAI] ObjectRef(124587609564): object was freed before callback; returning Nil.
    [2103] <engine-1>[GdPAI] ObjectRef(124134624705): object was freed before callback; returning Nil.
    [2104] <engine-1>[GdPAI] ObjectRef(125661351450): object was freed before callback; returning Nil.
    [2105] <engine-1>[GdPAI] ObjectRef(124587609564): object was freed before callback; returning Nil.
    [2106] <engine-1>[GdPAI] ObjectRef(1382643928884): object was freed before callback; returning Nil.
    [2107] <engine-1>[GdPAI] ObjectRef(1382643928884): object was freed before callback; returning Nil.
    [2108] <engine-1>[GdPAI] ObjectRef(124621163998): object was freed before callback; returning Nil.
    [2109] <engine-1>[GdPAI] ObjectRef(1382643928884): object was freed before callback; returning Nil.
    [2110] <engine-1>[GdPAI] ObjectRef(1382643928884): object was freed before callback; returning Nil.
    [2111] <engine-1>[GdPAI] ObjectRef(124621163998): object was freed before callback; returning Nil.
    [2112] <engine-1>[GdPAI] ObjectRef(1382643928884): object was freed before callback; returning Nil.
    [2113] <engine-1>[GdPAI] ObjectRef(1382643928884): object was freed before callback; returning Nil.
    [2114] <engine-1>[GdPAI] ObjectRef(124621163998): object was freed before callback; returning Nil.
    [2115] <engine-1>[GdPAI] ObjectRef(124587609564): object was freed before callback; returning Nil.
    [2116] <engine-1>[GdPAI] ObjectRef(124587609564): object was freed before callback; returning Nil.
    [2117] <engine-1>[GdPAI] ObjectRef(1382643928884): object was freed before callback; returning Nil.
    [2118] <engine-1>[GdPAI] ObjectRef(1382643928884): object was freed before callback; returning Nil.
    [2119] <engine-1>[GdPAI] ObjectRef(124621163998): object was freed before callback; returning Nil.
    [2120] <engine-1>[GdPAI] ObjectRef(124587609564): object was freed before callback; returning Nil.
    [2121] <engine-1>[GdPAI] ObjectRef(124587609564): object was freed before callback; returning Nil.
    [2122] <engine-1>[GdPAI] ObjectRef(1382643928884): object was freed before callback; returning Nil.
    [2123] <engine-1>[GdPAI] ObjectRef(1382643928884): object was freed before callback; returning Nil.
    [2124] <engine-1>[GdPAI] ObjectRef(124621163998): object was freed before callback; returning Nil.
    [2125] <engine-1>[GdPAI] ObjectRef(125661351450): object was freed before callback; returning Nil.
    [2126] <engine-1>[GdPAI] ObjectRef(125661351450): object was freed before callback; returning Nil.
    [2127] <engine-1>[GdPAI] ObjectRef(1382643928884): object was freed before callback; returning Nil.
    [2128] <engine-1>[GdPAI] ObjectRef(1382643928884): object was freed before callback; returning Nil.
    [2129] <engine-1>[GdPAI] ObjectRef(124621163998): object was freed before callback; returning Nil.
    [2130] <engine-1>[GdPAI] ObjectRef(125661351450): object was freed before callback; returning Nil.
    [2131] <engine-1>[GdPAI] ObjectRef(125661351450): object was freed before callback; returning Nil.
    [2132] <engine-1>[GdPAI] ObjectRef(1382643928884): object was freed before callback; returning Nil.
    [2133] <engine-1>[GdPAI] ObjectRef(1382643928884): object was freed before callback; returning Nil.
    [2134] <engine-1>[GdPAI] ObjectRef(124621163998): object was freed before callback; returning Nil.
    [2135] <engine-1>[GdPAI] ObjectRef(124134624705): object was freed before callback; returning Nil.
    [2136] <engine-1>[GdPAI] ObjectRef(124134624705): object was freed before callback; returning Nil.
    [2137] <engine-1>[GdPAI] ObjectRef(1382643928884): object was freed before callback; returning Nil.
    [2138] <engine-1>[GdPAI] ObjectRef(1382643928884): object was freed before callback; returning Nil.
    [2139] <engine-1>[GdPAI] ObjectRef(124621163998): object was freed before callback; returning Nil.
    [2140] <engine-1>[GdPAI] ObjectRef(124134624705): object was freed before callback; returning Nil.
    [2141] <engine-1>[GdPAI] ObjectRef(124134624705): object was freed before callback; returning Nil.
    [2142] <engine-1>[GdPAI] ObjectRef(1382643928884): object was freed before callback; returning Nil.
    [2143] <engine-1>[GdPAI] ObjectRef(1382643928884): object was freed before callback; returning Nil.
    [2144] <engine-1>[GdPAI] ObjectRef(124621163998): object was freed before callback; returning Nil.
    [2145] <engine-1>[GdPAI] ObjectRef(1382643928884): object was freed before callback; returning Nil.
    [2146] <engine-1>[GdPAI] ObjectRef(1382643928884): object was freed before callback; returning Nil.
    [2147] <engine-1>[GdPAI] ObjectRef(124621163998): object was freed before callback; returning Nil.
    [2148] <engine-1>[GdPAI] ObjectRef(1382643928884): object was freed before callback; returning Nil.
    [2149] <engine-1>[GdPAI] ObjectRef(1382643928884): object was freed before callback; returning Nil.
    [2150] <engine-1>[GdPAI] ObjectRef(124621163998): object was freed before callback; returning Nil.
    [2151] <engine-1>[GdPAI] ObjectRef(124621163998): object was freed before callback; returning Nil.
    [2152] <engine-1>[GdPAI] ObjectRef(124134624705): object was freed before callback; returning Nil.
    [2153] <engine-1>[GdPAI] ObjectRef(125661351450): object was freed before callback; returning Nil.
    [2154] <engine-1>[GdPAI] ObjectRef(124587609564): object was freed before callback; returning Nil.
    [2155] <engine-1>[GdPAI] ObjectRef(124134624705): object was freed before callback; returning Nil.
    [2156] <engine-1>[GdPAI] ObjectRef(125661351450): object was freed before callback; returning Nil.
    [2157] <engine-1>[GdPAI] ObjectRef(124587609564): object was freed before callback; returning Nil.
    [2158] <engine-1>[GdPAI] ObjectRef(1382643928884): object was freed before callback; returning Nil.
    [2159] <engine-1>[GdPAI] ObjectRef(1382643928884): object was freed before callback; returning Nil.
    [2160] <engine-1>[GdPAI] ObjectRef(124621163998): object was freed before callback; returning Nil.
    [2161] <engine-1>[GdPAI] ObjectRef(124621163998): object was freed before callback; returning Nil.
    [2162] <engine-1>[GdPAI] ObjectRef(124134624705): object was freed before callback; returning Nil.
    [2163] <engine-1>[GdPAI] ObjectRef(125661351450): object was freed before callback; returning Nil.
    [2164] <engine-1>[GdPAI] ObjectRef(124587609564): object was freed before callback; returning Nil.
    [2165] <engine-1>[GdPAI] ObjectRef(124134624705): object was freed before callback; returning Nil.
    [2166] <engine-1>[GdPAI] ObjectRef(125661351450): object was freed before callback; returning Nil.
    [2167] <engine-1>[GdPAI] ObjectRef(124587609564): object was freed before callback; returning Nil.
    [2168] <engine-1>[GdPAI] ObjectRef(1382643928884): object was freed before callback; returning Nil.
    [2169] <engine-1>[GdPAI] ObjectRef(1382643928884): object was freed before callback; returning Nil.
    [2170] <engine-1>[GdPAI] ObjectRef(124621163998): object was freed before callback; returning Nil.
    [2171] <engine-1>[GdPAI] ObjectRef(1382643928884): object was freed before callback; returning Nil.
    [2172] <engine-1>[GdPAI] ObjectRef(1382643928884): object was freed before callback; returning Nil.
    [2173] <engine-1>[GdPAI] ObjectRef(124621163998): object was freed before callback; returning Nil.
    [2174] <engine-1>[GdPAI] ObjectRef(1382643928884): object was freed before callback; returning Nil.
    [2175] <engine-1>[GdPAI] ObjectRef(1382643928884): object was freed before callback; returning Nil.
    [2176] <engine-1>[GdPAI] ObjectRef(124621163998): object was freed before callback; returning Nil.
    [2177] <engine-1>[GdPAI] ObjectRef(124587609564): object was freed before callback; returning Nil.
    [2178] <engine-1>[GdPAI] ObjectRef(124587609564): object was freed before callback; returning Nil.
    [2179] <engine-1>[GdPAI] ObjectRef(1382643928884): object was freed before callback; returning Nil.
    [2180] <engine-1>[GdPAI] ObjectRef(1382643928884): object was freed before callback; returning Nil.
    [2181] <engine-1>[GdPAI] ObjectRef(124621163998): object was freed before callback; returning Nil.
    [2182] <engine-1>[GdPAI] ObjectRef(124587609564): object was freed before callback; returning Nil.
    [2183] <engine-1>[GdPAI] ObjectRef(124587609564): object was freed before callback; returning Nil.
    [2184] <engine-1>[GdPAI] ObjectRef(1382643928884): object was freed before callback; returning Nil.
    [2185] <engine-1>[GdPAI] ObjectRef(1382643928884): object was freed before callback; returning Nil.
    [2186] <engine-1>[GdPAI] ObjectRef(124621163998): object was freed before callback; returning Nil.
    [2187] <engine-1>[GdPAI] ObjectRef(125661351450): object was freed before callback; returning Nil.
    [2188] <engine-1>[GdPAI] ObjectRef(125661351450): object was freed before callback; returning Nil.
    [2189] <engine-1>[GdPAI] ObjectRef(1382643928884): object was freed before callback; returning Nil.
    [2190] <engine-1>[GdPAI] ObjectRef(1382643928884): object was freed before callback; returning Nil.
    [2191] <engine-1>[GdPAI] ObjectRef(124621163998): object was freed before callback; returning Nil.
    [2192] <engine-1>[GdPAI] ObjectRef(125661351450): object was freed before callback; returning Nil.
    [2193] <engine-1>[GdPAI] ObjectRef(125661351450): object was freed before callback; returning Nil.
    [2194] <engine-1>[GdPAI] ObjectRef(1382643928884): object was freed before callback; returning Nil.
    [2195] <engine-1>[GdPAI] ObjectRef(1382643928884): object was freed before callback; returning Nil.
    [2196] <engine-1>[GdPAI] ObjectRef(124621163998): object was freed before callback; returning Nil.
    [2197] <engine-1>[GdPAI] ObjectRef(124134624705): object was freed before callback; returning Nil.
    [2198] <engine-1>[GdPAI] ObjectRef(124134624705): object was freed before callback; returning Nil.
    [2199] <engine-1>[GdPAI] ObjectRef(1382643928884): object was freed before callback; returning Nil.
    [2200] <engine-1>[GdPAI] ObjectRef(1382643928884): object was freed before callback; returning Nil.
    [2201] <engine-1>[GdPAI] ObjectRef(124621163998): object was freed before callback; returning Nil.
    [2202] <engine-1>[GdPAI] ObjectRef(124134624705): object was freed before callback; returning Nil.
    [2203] <engine-1>[GdPAI] ObjectRef(124134624705): object was freed before callback; returning Nil.
    [2204] <engine-1>[GdPAI] ObjectRef(1382643928884): object was freed before callback; returning Nil.
    [2205] <engine-1>[GdPAI] ObjectRef(1382643928884): object was freed before callback; returning Nil.
    [2206] <engine-1>[GdPAI] ObjectRef(124621163998): object was freed before callback; returning Nil.
    [2207] <engine-1>[GdPAI] ObjectRef(1382643928884): object was freed before callback; returning Nil.
    [2208] <engine-1>[GdPAI] ObjectRef(1382643928884): object was freed before callback; returning Nil.
    [2209] <engine-1>[GdPAI] ObjectRef(124621163998): object was freed before callback; returning Nil.
    [2210] <engine-1>[GdPAI] ObjectRef(1382643928884): object was freed before callback; returning Nil.
    [2211] <engine-1>[GdPAI] ObjectRef(1382643928884): object was freed before callback; returning Nil.
    [2212] <engine-1>[GdPAI] ObjectRef(124621163998): object was freed before callback; returning Nil.
    [2213] <engine-1>[GdPAI] ObjectRef(124621163998): object was freed before callback; returning Nil.
    [2214] <engine-1>[GdPAI] ObjectRef(1382643928884): object was freed before callback; returning Nil.
    [2215] <engine-1>[GdPAI] ObjectRef(1382643928884): object was freed before callback; returning Nil.
    [2216] <engine-1>[GdPAI] ObjectRef(124621163998): object was freed before callback; returning Nil.
    [2217] <engine-1>[GdPAI] ObjectRef(124621163998): object was freed before callback; returning Nil.
    [2218] <engine-1>[GdPAI] ObjectRef(1382643928884): object was freed before callback; returning Nil.
    [2219] <engine-1>[GdPAI] ObjectRef(1382643928884): object was freed before callback; returning Nil.
    [2220] <engine-1>[GdPAI] ObjectRef(124621163998): object was freed before callback; returning Nil.
    [2221] <engine-1>[GdPAI] ObjectRef(1382643928884): object was freed before callback; returning Nil.
    [2222] <engine-1>[GdPAI] ObjectRef(1382643928884): object was freed before callback; returning Nil.
    [2223] <engine-1>[GdPAI] ObjectRef(124621163998): object was freed before callback; returning Nil.
    [2224] <engine-1>[GdPAI] ObjectRef(1382643928884): object was freed before callback; returning Nil.
    [2225] <engine-1>[GdPAI] ObjectRef(1382643928884): object was freed before callback; returning Nil.
    [2226] <engine-1>[GdPAI] ObjectRef(1382308384561): object was freed before callback; returning Nil.
    [2227] <engine-1>[GdPAI] ObjectRef(1383348571562): object was freed before callback; returning Nil.
    [2228] <engine-1>[GdPAI] ObjectRef(1382308384561): object was freed before callback; returning Nil.
    [2229] <engine-1>[GdPAI] ObjectRef(1383348571562): object was freed before callback; returning Nil.
    [2230] <engine-1>[GdPAI] ObjectRef(124621163998): object was freed before callback; returning Nil.
    [2231] <engine-1>[GdPAI] ObjectRef(1382643928884): object was freed before callback; returning Nil.
    [2232] <engine-1>[GdPAI] ObjectRef(1382643928884): object was freed before callback; returning Nil.
    [2233] <engine-1>[GdPAI] ObjectRef(1382308384561): object was freed before callback; returning Nil.
    [2234] <engine-1>[GdPAI] ObjectRef(1383348571562): object was freed before callback; returning Nil.
    [2235] <engine-1>[GdPAI] ObjectRef(1382308384561): object was freed before callback; returning Nil.
    [2236] <engine-1>[GdPAI] ObjectRef(1383348571562): object was freed before callback; returning Nil.
    [2237] <engine-1>[GdPAI] ObjectRef(124621163998): object was freed before callback; returning Nil.
    [2238] <engine-1>[GdPAI] ObjectRef(1382643928884): object was freed before callback; returning Nil.
    [2239] <engine-1>[GdPAI] ObjectRef(1383348571562): object was freed before callback; returning Nil.
    [2240] <engine-1>[GdPAI] ObjectRef(1383348571562): object was freed before callback; returning Nil.
    [2241] <engine-1>[GdPAI] ObjectRef(124621163998): object was freed before callback; returning Nil.
    [2242] <engine-1>[GdPAI] ObjectRef(1382643928884): object was freed before callback; returning Nil.
    [2243] <engine-1>[GdPAI] ObjectRef(1383348571562): object was freed before callback; returning Nil.
    [2244] <engine-1>[GdPAI] ObjectRef(1383348571562): object was freed before callback; returning Nil.
    [2245] <engine-1>[GdPAI] ObjectRef(124621163998): object was freed before callback; returning Nil.
    [2246] <engine-1>[GdPAI] ObjectRef(1382643928884): object was freed before callback; returning Nil.
    [2247] <engine-1>[GdPAI] ObjectRef(1382308384561): object was freed before callback; returning Nil.
    [2248] <engine-1>[GdPAI] ObjectRef(1382308384561): object was freed before callback; returning Nil.
    [2249] <engine-1>[GdPAI] ObjectRef(124621163998): object was freed before callback; returning Nil.
    [2250] <engine-1>[GdPAI] ObjectRef(1382643928884): object was freed before callback; returning Nil.
    [2251] <engine-1>[GdPAI] ObjectRef(1382308384561): object was freed before callback; returning Nil.
    [2252] <engine-1>[GdPAI] ObjectRef(1382308384561): object was freed before callback; returning Nil.
    [2253] <engine-1>[GdPAI] ObjectRef(124621163998): object was freed before callback; returning Nil.
    [2254] <engine-1>[GdPAI] ObjectRef(1382643928884): object was freed before callback; returning Nil.
    [2255] <engine-1>[GdPAI] ObjectRef(124621163998): object was freed before callback; returning Nil.
    [2256] <engine-1>[GdPAI] ObjectRef(1382643928884): object was freed before callback; returning Nil.
    [2257] <engine-1>[GdPAI] ObjectRef(124621163998): object was freed before callback; returning Nil.
    [2258] <engine-1>[GdPAI] ObjectRef(1382643928884): object was freed before callback; returning Nil.
    [2259] <engine-1>[GdPAI] ObjectRef(1382643928884): object was freed before callback; returning Nil.
    [2260] <engine-1>[GdPAI] ObjectRef(124621163998): object was freed before callback; returning Nil.
    [2261] <engine-1>[GdPAI] ObjectRef(124621163998): object was freed before callback; returning Nil.
    [2262] <engine-1>[GdPAI] ObjectRef(1382643928884): object was freed before callback; returning Nil.
    [2263] <engine-1>[GdPAI] ObjectRef(1382643928884): object was freed before callback; returning Nil.
    [2264] <engine-1>[GdPAI] ObjectRef(124621163998): object was freed before callback; returning Nil.
    [2265] <engine-1>[GdPAI] ObjectRef(124621163998): object was freed before callback; returning Nil.
    [2266] <engine-1>[GdPAI] ObjectRef(1382643928884): object was freed before callback; returning Nil.
    [2267] <engine-1>[GdPAI] ObjectRef(124621163998): object was freed before callback; returning Nil.
    [2268] <engine-1>[GdPAI] ObjectRef(1382643928884): object was freed before callback; returning Nil.
    [2269] <engine-1>[GdPAI] ObjectRef(124621163998): object was freed before callback; returning Nil.
    [2270] <engine-1>[GdPAI] ObjectRef(1382643928884): object was freed before callback; returning Nil.
    [2271] <engine-1>[GdPAI] ObjectRef(124621163998): object was freed before callback; returning Nil.
    [2272] <engine-1>[GdPAI] ObjectRef(1382643928884): object was freed before callback; returning Nil.
    [2273] <engine-1>[GdPAI] ObjectRef(124621163998): object was freed before callback; returning Nil.
    [2274] <engine-1>[GdPAI] ObjectRef(1382643928884): object was freed before callback; returning Nil.
    [2275] <engine-1>[GdPAI] ObjectRef(124621163998): object was freed before callback; returning Nil.
    [2276] <engine-1>[GdPAI] ObjectRef(1382643928884): object was freed before callback; returning Nil.
    [2277] <engine-1>[GdPAI] ObjectRef(124621163998): object was freed before callback; returning Nil.
    [2278] <engine-1>[GdPAI] ObjectRef(1382643928884): object was freed before callback; returning Nil.
    [2279] <engine-1>[GdPAI] ObjectRef(1382643928884): object was freed before callback; returning Nil.
    [2280] <engine-1>[GdPAI] ObjectRef(1382308384561): object was freed before callback; returning Nil.
    [2281] <engine-1>[GdPAI] ObjectRef(1383348571562): object was freed before callback; returning Nil.
    [2282] <engine-1>[GdPAI] ObjectRef(1382308384561): object was freed before callback; returning Nil.
    [2283] <engine-1>[GdPAI] ObjectRef(1383348571562): object was freed before callback; returning Nil.
    [2284] <engine-1>[GdPAI] ObjectRef(124621163998): object was freed before callback; returning Nil.
    [2285] <engine-1>[GdPAI] ObjectRef(1382643928884): object was freed before callback; returning Nil.
    [2286] <engine-1>[GdPAI] ObjectRef(1382643928884): object was freed before callback; returning Nil.
    [2287] <engine-1>[GdPAI] ObjectRef(1382308384561): object was freed before callback; returning Nil.
    [2288] <engine-1>[GdPAI] ObjectRef(1383348571562): object was freed before callback; returning Nil.
    [2289] <engine-1>[GdPAI] ObjectRef(1382308384561): object was freed before callback; returning Nil.
    [2290] <engine-1>[GdPAI] ObjectRef(1383348571562): object was freed before callback; returning Nil.
    [2291] <engine-1>[GdPAI] ObjectRef(124621163998): object was freed before callback; returning Nil.
    [2292] <engine-1>[GdPAI] ObjectRef(1382643928884): object was freed before callback; returning Nil.
    [2293] <engine-1>[GdPAI] ObjectRef(1383348571562): object was freed before callback; returning Nil.
    [2294] <engine-1>[GdPAI] ObjectRef(1383348571562): object was freed before callback; returning Nil.
    [2295] <engine-1>[GdPAI] ObjectRef(124621163998): object was freed before callback; returning Nil.
    [2296] <engine-1>[GdPAI] ObjectRef(1382643928884): object was freed before callback; returning Nil.
    [2297] <engine-1>[GdPAI] ObjectRef(1383348571562): object was freed before callback; returning Nil.
    [2298] <engine-1>[GdPAI] ObjectRef(1383348571562): object was freed before callback; returning Nil.
    [2299] <engine-1>[GdPAI] ObjectRef(124621163998): object was freed before callback; returning Nil.
    [2300] <engine-1>[GdPAI] ObjectRef(1382643928884): object was freed before callback; returning Nil.
    [2301] <engine-1>[GdPAI] ObjectRef(1382308384561): object was freed before callback; returning Nil.
    [2302] <engine-1>[GdPAI] ObjectRef(1382308384561): object was freed before callback; returning Nil.
    [2303] <engine-1>[GdPAI] ObjectRef(124621163998): object was freed before callback; returning Nil.
    [2304] <engine-1>[GdPAI] ObjectRef(124621163998): object was freed before callback; returning Nil.
    [2305] <engine-1>[GdPAI] ObjectRef(1382643928884): object was freed before callback; returning Nil.
    [2306] <engine-1>[GdPAI] ObjectRef(1382308384561): object was freed before callback; returning Nil.
    [2307] <engine-1>[GdPAI] ObjectRef(1382308384561): object was freed before callback; returning Nil.
    [2308] <engine-1>[GdPAI] ObjectRef(124621163998): object was freed before callback; returning Nil.
    [2309] <engine-1>[GdPAI] ObjectRef(124621163998): object was freed before callback; returning Nil.
    [2310] <engine-1>[GdPAI] ObjectRef(1382643928884): object was freed before callback; returning Nil.
    [2311] <engine-1>[GdPAI] ObjectRef(124621163998): object was freed before callback; returning Nil.
    [2312] <engine-1>[GdPAI] ObjectRef(1382643928884): object was freed before callback; returning Nil.
    [2313] <engine-1>[GdPAI] ObjectRef(124621163998): object was freed before callback; returning Nil.
    [2314] <engine-1>[GdPAI] ObjectRef(1382643928884): object was freed before callback; returning Nil.
    [2315] <engine-1>[GdPAI] ObjectRef(1382643928884): object was freed before callback; returning Nil.
    [2316] <engine-1>[GdPAI] ObjectRef(124621163998): object was freed before callback; returning Nil.
    [2317] <engine-1>[GdPAI] ObjectRef(1382643928884): object was freed before callback; returning Nil.
    [2318] <engine-1>[GdPAI] ObjectRef(1382643928884): object was freed before callback; returning Nil.
    [2319] <engine-1>[GdPAI] ObjectRef(124621163998): object was freed before callback; returning Nil.
    [2320] <engine-1>[GdPAI] ObjectRef(1382643928884): object was freed before callback; returning Nil.
    [2321] <engine-1>[GdPAI] ObjectRef(124621163998): object was freed before callback; returning Nil.
    [2322] <engine-1>[GdPAI] ObjectRef(1382643928884): object was freed before callback; returning Nil.
    [2323] <engine-1>[GdPAI] ObjectRef(124621163998): object was freed before callback; returning Nil.
    [2324] <engine-1>[GdPAI] ObjectRef(1382643928884): object was freed before callback; returning Nil.
    [2325] <engine-1>[GdPAI] ObjectRef(124621163998): object was freed before callback; returning Nil.
    [2326] <engine-1>[GdPAI] ObjectRef(1382643928884): object was freed before callback; returning Nil.
    [2327] <engine-1>[GdPAI] ObjectRef(124621163998): object was freed before callback; returning Nil.
    [2328] <engine-1>[GdPAI] ObjectRef(1382643928884): object was freed before callback; returning Nil.
    [2329] <engine-1>[GdPAI] ObjectRef(124621163998): object was freed before callback; returning Nil.
    [2330] <engine-1>[GdPAI] ObjectRef(1382643928884): object was freed before callback; returning Nil.
    [2331] <engine-1>[GdPAI] ObjectRef(124621163998): object was freed before callback; returning Nil.
    [2332] <engine-1>[GdPAI] ObjectRef(1382643928884): object was freed before callback; returning Nil.
    [2333] <engine-1>[GdPAI] ObjectRef(1382643928884): object was freed before callback; returning Nil.
    [2334] <engine-1>[GdPAI] ObjectRef(124621163998): object was freed before callback; returning Nil.
    [2335] <engine-1>[GdPAI] ObjectRef(124621163998): object was freed before callback; returning Nil.
    [2336] <engine-1>[GdPAI] ObjectRef(1382643928884): object was freed before callback; returning Nil.
    [2337] <engine-1>[GdPAI] ObjectRef(1382643928884): object was freed before callback; returning Nil.
    [2338] <engine-1>[GdPAI] ObjectRef(124621163998): object was freed before callback; returning Nil.
    [2339] <engine-1>[GdPAI] ObjectRef(124621163998): object was freed before callback; returning Nil.
    [2340] <engine-1>[GdPAI] ObjectRef(1382643928884): object was freed before callback; returning Nil.
    [2341] <engine-1>[GdPAI] ObjectRef(124621163998): object was freed before callback; returning Nil.
    [2342] <engine-1>[GdPAI] ObjectRef(1382643928884): object was freed before callback; returning Nil.
    [2343] <engine-1>[GdPAI] ObjectRef(124621163998): object was freed before callback; returning Nil.
    [2344] <engine-1>[GdPAI] ObjectRef(1382643928884): object was freed before callback; returning Nil.
    [2345] <engine-1>[GdPAI] ObjectRef(124621163998): object was freed before callback; returning Nil.
    [2346] <engine-1>[GdPAI] ObjectRef(1382643928884): object was freed before callback; returning Nil.
    [2347] <engine-1>[GdPAI] ObjectRef(124621163998): object was freed before callback; returning Nil.
    [2348] <engine-1>[GdPAI] ObjectRef(1382643928884): object was freed before callback; returning Nil.
    [2349] <engine-1>[GdPAI] ObjectRef(124621163998): object was freed before callback; returning Nil.
    [2350] <engine-1>[GdPAI] ObjectRef(1382643928884): object was freed before callback; returning Nil.
    [2351] <engine-1>[GdPAI] ObjectRef(124621163998): object was freed before callback; returning Nil.
    [2352] <engine-1>[GdPAI] ObjectRef(1382643928884): object was freed before callback; returning Nil.
    [2353] <engine-1>[GdPAI] ObjectRef(1382643928884): object was freed before callback; returning Nil.
    [2354] <engine-1>[GdPAI] ObjectRef(124621163998): object was freed before callback; returning Nil.
    [2355] <engine-1>[GdPAI] ObjectRef(1382643928884): object was freed before callback; returning Nil.
    [2356] <engine-1>[GdPAI] ObjectRef(1382643928884): object was freed before callback; returning Nil.
    [2357] <engine-1>[GdPAI] ObjectRef(124621163998): object was freed before callback; returning Nil.
    [2358] <engine-1>[GdPAI] ObjectRef(1382643928884): object was freed before callback; returning Nil.
    [2359] <engine-1>[GdPAI] ObjectRef(124621163998): object was freed before callback; returning Nil.
    [2360] <engine-1>[GdPAI] ObjectRef(1382643928884): object was freed before callback; returning Nil.
    [2361] <engine-1>[GdPAI] ObjectRef(124621163998): object was freed before callback; returning Nil.
    [2362] <engine-1>[GdPAI] ObjectRef(1382643928884): object was freed before callback; returning Nil.
    [2363] <engine-1>[GdPAI] ObjectRef(124621163998): object was freed before callback; returning Nil.
    [2364] <engine-1>[GdPAI] ObjectRef(124621163998): object was freed before callback; returning Nil.
    [2365] <engine-1>[GdPAI] ObjectRef(1382643928884): object was freed before callback; returning Nil.
    [2366] <engine-1>[GdPAI] ObjectRef(124621163998): object was freed before callback; returning Nil.
    [2367] <engine-1>[GdPAI] ObjectRef(124621163998): object was freed before callback; returning Nil.
    [2368] <engine-1>[GdPAI] ObjectRef(1382643928884): object was freed before callback; returning Nil.
    [2369] <engine-1>[GdPAI] ObjectRef(124621163998): object was freed before callback; returning Nil.
    [2370] <engine-1>[GdPAI] ObjectRef(124621163998): object was freed before callback; returning Nil.
    [2371] <engine-1>[GdPAI] ObjectRef(1382643928884): object was freed before callback; returning Nil.
    [2372] <engine-1>[GdPAI] ObjectRef(124621163998): object was freed before callback; returning Nil.
    [2373] <engine-1>[GdPAI] ObjectRef(124621163998): object was freed before callback; returning Nil.
    [2374] <engine-1>[GdPAI] ObjectRef(1382643928884): object was freed before callback; returning Nil.
    [2375] <engine-1>[GdPAI] ObjectRef(1382643928884): object was freed before callback; returning Nil.
    [2376] <engine-1>[GdPAI] ObjectRef(124621163998): object was freed before callback; returning Nil.
    [2377] <engine-1>[GdPAI] ObjectRef(124621163998): object was freed before callback; returning Nil.
    [2378] <engine-1>[GdPAI] ObjectRef(1382643928884): object was freed before callback; returning Nil.
    [2379] <engine-1>[GdPAI] ObjectRef(1382643928884): object was freed before callback; returning Nil.
    [2380] <engine-1>[GdPAI] ObjectRef(124621163998): object was freed before callback; returning Nil.
    [2381] <engine-1>[GdPAI] ObjectRef(124621163998): object was freed before callback; returning Nil.
    [2382] <engine-1>[GdPAI] ObjectRef(1382643928884): object was freed before callback; returning Nil.
    [2383] <engine-1>[GdPAI] ObjectRef(124621163998): object was freed before callback; returning Nil.
    [2384] <engine-1>[GdPAI] ObjectRef(124621163998): object was freed before callback; returning Nil.
    [2385] <engine-1>[GdPAI] ObjectRef(1382643928884): object was freed before callback; returning Nil.
    [2386] <engine-1>[GdPAI] ObjectRef(124621163998): object was freed before callback; returning Nil.
    [2387] <engine-1>[GdPAI] ObjectRef(124621163998): object was freed before callback; returning Nil.
    [2388] <engine-1>[GdPAI] ObjectRef(1382643928884): object was freed before callback; returning Nil.
    [2389] <engine-1>[GdPAI] ObjectRef(124621163998): object was freed before callback; returning Nil.
    [2390] <engine-1>[GdPAI] ObjectRef(124621163998): object was freed before callback; returning Nil.
    [2391] <engine-1>[GdPAI] ObjectRef(1382643928884): object was freed before callback; returning Nil.
    [2392] <engine-1>[GdPAI] ObjectRef(124621163998): object was freed before callback; returning Nil.
    [2393] <engine-1>[GdPAI] ObjectRef(124621163998): object was freed before callback; returning Nil.
    [2394] <engine-1>[GdPAI] ObjectRef(1382643928884): object was freed before callback; returning Nil.
    [2395] <engine-1>[GdPAI] ObjectRef(124621163998): object was freed before callback; returning Nil.
    [2396] <engine-1>[GdPAI] ObjectRef(124621163998): object was freed before callback; returning Nil.
    [2397] <engine-1>[GdPAI] ObjectRef(1382643928884): object was freed before callback; returning Nil.
    [2398] <engine-1>[GdPAI] ObjectRef(124621163998): object was freed before callback; returning Nil.
    [2399] <engine-1>[GdPAI] ObjectRef(124621163998): object was freed before callback; returning Nil.
    [2400] <engine-1>[GdPAI] ObjectRef(1382643928884): object was freed before callback; returning Nil.
    [2401] <engine-1>[GdPAI] ObjectRef(1382643928884): object was freed before callback; returning Nil.
    [2402] <engine-1>[GdPAI] ObjectRef(124621163998): object was freed before callback; returning Nil.
    [2403] <engine-1>[GdPAI] ObjectRef(124621163998): object was freed before callback; returning Nil.
    [2404] <engine-1>[GdPAI] ObjectRef(1382643928884): object was freed before callback; returning Nil.
    [2405] <engine-1>[GdPAI] ObjectRef(1382643928884): object was freed before callback; returning Nil.
    [2406] <engine-1>[GdPAI] ObjectRef(124621163998): object was freed before callback; returning Nil.
    [2407] <engine-1>[GdPAI] ObjectRef(124621163998): object was freed before callback; returning Nil.
    [2408] <engine-1>[GdPAI] ObjectRef(1382643928884): object was freed before callback; returning Nil.
    [2409] <engine-1>[GdPAI] ObjectRef(124621163998): object was freed before callback; returning Nil.
    [2410] <engine-1>[GdPAI] ObjectRef(124621163998): object was freed before callback; returning Nil.
    [2411] <engine-1>[GdPAI] ObjectRef(1382643928884): object was freed before callback; returning Nil.
    [2412] <engine-1>[GdPAI] ObjectRef(124621163998): object was freed before callback; returning Nil.
    [2413] <engine-1>[GdPAI] ObjectRef(124621163998): object was freed before callback; returning Nil.
    [2414] <engine-1>[GdPAI] ObjectRef(1382643928884): object was freed before callback; returning Nil.
    [2415] <engine-1>[GdPAI] ObjectRef(124621163998): object was freed before callback; returning Nil.
    [2416] <engine-1>[GdPAI] ObjectRef(124621163998): object was freed before callback; returning Nil.
    [2417] <engine-1>[GdPAI] ObjectRef(1382643928884): object was freed before callback; returning Nil.
    [2418] <engine-1>[GdPAI] ObjectRef(124621163998): object was freed before callback; returning Nil.
    [2419] <engine-1>[GdPAI] ObjectRef(124621163998): object was freed before callback; returning Nil.
    [2420] <engine-1>[GdPAI] ObjectRef(1382643928884): object was freed before callback; returning Nil.
    [2421] <engine-1>[GdPAI] ObjectRef(124621163998): object was freed before callback; returning Nil.
    [2422] <engine-1>[GdPAI] ObjectRef(124621163998): object was freed before callback; returning Nil.
    [2423] <engine-1>[GdPAI] ObjectRef(1382643928884): object was freed before callback; returning Nil.
    [2424] <engine-1>[GdPAI] ObjectRef(124621163998): object was freed before callback; returning Nil.
    [2425] <engine-1>[GdPAI] ObjectRef(124621163998): object was freed before callback; returning Nil.
    [2426] <engine-1>[GdPAI] ObjectRef(1382643928884): object was freed before callback; returning Nil.
    [2427] <engine-1>[GdPAI] ObjectRef(1382643928884): object was freed before callback; returning Nil.
    [2428] <engine-1>[GdPAI] ObjectRef(124621163998): object was freed before callback; returning Nil.
    [2429] <engine-1>[GdPAI] ObjectRef(124621163998): object was freed before callback; returning Nil.
    [2430] <engine-1>[GdPAI] ObjectRef(1382643928884): object was freed before callback; returning Nil.
    [2431] <engine-1>[GdPAI] ObjectRef(1382643928884): object was freed before callback; returning Nil.
      at line 210
WARNING: [GdPAI] ObjectRef(124621163998): object was freed before callback; returning Nil.
   at: gdplanningai_rust::logger::process_logs (src\logger.rs:66)
   GDScript backtrace (most recent call first):
       [0] _drain_scheduler (res://test/integration/test_campfire_example_smoke.gd:27)
       [1] after_each (res://test/integration/test_campfire_example_smoke.gd:19)
       [2] _run_test (res://addons/gut/gut.gd:700)
       [3] test_cannot_cook_without_potato (res://test/integration/test_campfire_example_smoke.gd:210)
       [4] _start_plan_and_wait (res://test/integration/test_campfire_example_smoke.gd:65)
WARNING: [GdPAI] ObjectRef(124621163998): object was freed before callback; returning Nil.
   at: gdplanningai_rust::logger::process_logs (src\logger.rs:66)
   GDScript backtrace (most recent call first):
       [0] _drain_scheduler (res://test/integration/test_campfire_example_smoke.gd:27)
       [1] after_each (res://test/integration/test_campfire_example_smoke.gd:19)
       [2] _run_test (res://addons/gut/gut.gd:700)
       [3] test_cannot_cook_without_potato (res://test/integration/test_campfire_example_smoke.gd:210)
       [4] _start_plan_and_wait (res://test/integration/test_campfire_example_smoke.gd:65)
[GdPAI | debug] GetCost: callable returned non-numeric value: null; returning INFINITY
WARNING: [GdPAI] ObjectRef(1382643928884): object was freed before callback; returning Nil.
   at: gdplanningai_rust::logger::process_logs (src\logger.rs:66)
   GDScript backtrace (most recent call first):
       [0] _drain_scheduler (res://test/integration/test_campfire_example_smoke.gd:27)
       [1] after_each (res://test/integration/test_campfire_example_smoke.gd:19)
       [2] _run_test (res://addons/gut/gut.gd:700)
       [3] test_cannot_cook_without_potato (res://test/integration/test_campfire_example_smoke.gd:210)
       [4] _start_plan_and_wait (res://test/integration/test_campfire_example_smoke.gd:65)
WARNING: [GdPAI] ObjectRef(1382643928884): object was freed before callback; returning Nil.
   at: gdplanningai_rust::logger::process_logs (src\logger.rs:66)
   GDScript backtrace (most recent call first):
       [0] _drain_scheduler (res://test/integration/test_campfire_example_smoke.gd:27)
       [1] after_each (res://test/integration/test_campfire_example_smoke.gd:19)
       [2] _run_test (res://addons/gut/gut.gd:700)
       [3] test_cannot_cook_without_potato (res://test/integration/test_campfire_example_smoke.gd:210)
       [4] _start_plan_and_wait (res://test/integration/test_campfire_example_smoke.gd:65)
[GdPAI | debug] ApplyEffect [Before] ID=InstanceId(-9223367690750485450): agent props = {"hunger": 95.0603725, "entity": null, "held_item": ""}
[GdPAI | debug] ApplyEffect [After] ID=InstanceId(-9223367690750485450): agent props = {"hunger": 95.0603725, "entity": null, "held_item": ""}
[GdPAI | debug]   Snapshotting prop: hunger = Float(95.0603725) (Variant type: FLOAT)
[GdPAI | debug]   Snapshotting prop: entity = Nil (Variant type: NIL)
[GdPAI | debug]   Snapshotting prop: held_item = Str("") (Variant type: STRING)
[GdPAI | debug] Discovery: Simulation success for Go To. Agent props: {"held_item": Str(""), "hunger": Float(95.0603725), "entity": Nil}
[GdPAI | debug] Discovery: Action Go To satisfied precond Builtin { target: Agent, operation: Equal, property_name: "held_item", value: Some(Str("")) }
[GdPAI | debug] Found candidate: Go To (satisfied preconds: [0], requirements: [0, 1])
[GdPAI | debug] Discovery: Starting simulation for action Eat Held Food
WARNING: [GdPAI] ObjectRef(124621163998): object was freed before callback; returning Nil.
   at: gdplanningai_rust::logger::process_logs (src\logger.rs:66)
   GDScript backtrace (most recent call first):
       [0] _process (res://addons/GdPlanningAI/gdpai_autoload.gd:21)
WARNING: [GdPAI] ObjectRef(124621163998): object was freed before callback; returning Nil.
   at: gdplanningai_rust::logger::process_logs (src\logger.rs:66)
   GDScript backtrace (most recent call first):
       [0] _process (res://addons/GdPlanningAI/gdpai_autoload.gd:21)
[GdPAI | debug] ApplyEffect [Before] ID=InstanceId(-9223367689928404363): agent props = {"held_item": "", "hunger": 70.0627442063492, "entity": null}
[GdPAI | debug] ApplyEffect [After] ID=InstanceId(-9223367689928404363): agent props = {"held_item": "", "hunger": 70.0627442063492, "entity": null}
[GdPAI | debug]   Snapshotting prop: held_item = Str("") (Variant type: STRING)
[GdPAI | debug]   Snapshotting prop: hunger = Float(70.0627442063492) (Variant type: FLOAT)
[GdPAI | debug]   Snapshotting prop: entity = Nil (Variant type: NIL)
WARNING: [GdPAI] ObjectRef(1382643928884): object was freed before callback; returning Nil.
   at: gdplanningai_rust::logger::process_logs (src\logger.rs:66)
   GDScript backtrace (most recent call first):
       [0] _process (res://addons/GdPlanningAI/gdpai_autoload.gd:21)
[GdPAI | debug] Discovery: Simulation success for Pick Up Wood. Agent props: {"held_item": Str(""), "hunger": Float(70.0627442063492), "entity": Nil}
[GdPAI | debug] Discovery: Action Pick Up Wood satisfied precond Builtin { target: Agent, operation: Equal, property_name: "held_item", value: Some(Str("")) }
[GdPAI | debug] Found candidate: Pick Up Wood (satisfied preconds: [0], requirements: [])
WARNING: [GdPAI] ObjectRef(1382643928884): object was freed before callback; returning Nil.
   at: gdplanningai_rust::logger::process_logs (src\logger.rs:66)
   GDScript backtrace (most recent call first):
       [0] _process (res://addons/GdPlanningAI/gdpai_autoload.gd:21)
[GdPAI | debug] GetCost: callable returned non-numeric value: null; returning INFINITY
[GdPAI | debug] Discovery: Starting simulation for action Pick Up Wood
WARNING: [GdPAI] ObjectRef(124621163998): object was freed before callback; returning Nil.
   at: gdplanningai_rust::logger::process_logs (src\logger.rs:66)
   GDScript backtrace (most recent call first):
       [0] _drain_scheduler (res://test/integration/test_campfire_example_smoke.gd:27)
WARNING: [GdPAI] ObjectRef(124621163998): object was freed before callback; returning Nil.
   at: gdplanningai_rust::logger::process_logs (src\logger.rs:66)
   GDScript backtrace (most recent call first):
       [0] _drain_scheduler (res://test/integration/test_campfire_example_smoke.gd:27)
[GdPAI | debug] GetCost: callable returned non-numeric value: null; returning INFINITY
WARNING: [GdPAI] ObjectRef(1382643928884): object was freed before callback; returning Nil.
   at: gdplanningai_rust::logger::process_logs (src\logger.rs:66)
   GDScript backtrace (most recent call first):
       [0] _drain_scheduler (res://test/integration/test_campfire_example_smoke.gd:27)
WARNING: [GdPAI] ObjectRef(1382643928884): object was freed before callback; returning Nil.
   at: gdplanningai_rust::logger::process_logs (src\logger.rs:66)
   GDScript backtrace (most recent call first):
       [0] _drain_scheduler (res://test/integration/test_campfire_example_smoke.gd:27)
[GdPAI | debug] ApplyEffect [Before] ID=InstanceId(-9223367688015835409): agent props = {"hunger": 95.0603725, "held_item": "", "entity": null}
[GdPAI | debug] ApplyEffect [After] ID=InstanceId(-9223367688015835409): agent props = {"hunger": 95.0603725, "held_item": "", "entity": null}
[GdPAI | debug]   Snapshotting prop: hunger = Float(95.0603725) (Variant type: FLOAT)
[GdPAI | debug]   Snapshotting prop: held_item = Str("") (Variant type: STRING)
[GdPAI | debug]   Snapshotting prop: entity = Nil (Variant type: NIL)
[GdPAI | debug] Discovery: Simulation success for Eat Held Food. Agent props: {"held_item": Str(""), "entity": Nil, "hunger": Float(95.0603725)}
[GdPAI | debug] Discovery: Action Eat Held Food satisfied precond Builtin { target: Agent, operation: Equal, property_name: "held_item", value: Some(Str("")) }
[GdPAI | debug] Found candidate: Eat Held Food (satisfied preconds: [0], requirements: [])
WARNING: [GdPAI] ObjectRef(124621163998): object was freed before callback; returning Nil.
   at: gdplanningai_rust::logger::process_logs (src\logger.rs:66)
   GDScript backtrace (most recent call first):
       [0] _process (res://addons/GdPlanningAI/gdpai_autoload.gd:21)
WARNING: [GdPAI] ObjectRef(124621163998): object was freed before callback; returning Nil.
   at: gdplanningai_rust::logger::process_logs (src\logger.rs:66)
   GDScript backtrace (most recent call first):
       [0] _process (res://addons/GdPlanningAI/gdpai_autoload.gd:21)
[GdPAI | debug] ApplyEffect [Before] ID=InstanceId(-9223367687227270064): agent props = {"hunger": 70.0627442063492, "entity": null, "held_item": ""}
[GdPAI | debug] ApplyEffect [After] ID=InstanceId(-9223367687227270064): agent props = {"hunger": 70.0627442063492, "entity": null, "held_item": ""}
[GdPAI | debug]   Snapshotting prop: hunger = Float(70.0627442063492) (Variant type: FLOAT)
[GdPAI | debug]   Snapshotting prop: entity = Nil (Variant type: NIL)
[GdPAI | debug]   Snapshotting prop: held_item = Str("") (Variant type: STRING)
WARNING: [GdPAI] ObjectRef(1382643928884): object was freed before callback; returning Nil.
   at: gdplanningai_rust::logger::process_logs (src\logger.rs:66)
   GDScript backtrace (most recent call first):
       [0] _process (res://addons/GdPlanningAI/gdpai_autoload.gd:21)
[GdPAI | debug] Discovery: Simulation success for Pick Up Wood. Agent props: {"held_item": Str(""), "hunger": Float(70.0627442063492), "entity": Nil}
[GdPAI | debug] Discovery: Action Pick Up Wood satisfied precond Builtin { target: Agent, operation: Equal, property_name: "held_item", value: Some(Str("")) }
[GdPAI | debug] Found candidate: Pick Up Wood (satisfied preconds: [0], requirements: [])
WARNING: [GdPAI] ObjectRef(1382643928884): object was freed before callback; returning Nil.
   at: gdplanningai_rust::logger::process_logs (src\logger.rs:66)
   GDScript backtrace (most recent call first):
       [0] _process (res://addons/GdPlanningAI/gdpai_autoload.gd:21)
[GdPAI | debug] Discovery: Starting simulation for action Pick Up Wood
[GdPAI | debug] Discovery: Starting simulation for action Go To
WARNING: [GdPAI] ObjectRef(124621163998): object was freed before callback; returning Nil.
   at: gdplanningai_rust::logger::process_logs (src\logger.rs:66)
   GDScript backtrace (most recent call first):
       [0] _drain_scheduler (res://test/integration/test_campfire_example_smoke.gd:27)
WARNING: [GdPAI] ObjectRef(124621163998): object was freed before callback; returning Nil.
   at: gdplanningai_rust::logger::process_logs (src\logger.rs:66)
   GDScript backtrace (most recent call first):
       [0] _drain_scheduler (res://test/integration/test_campfire_example_smoke.gd:27)
[GdPAI | debug] GetCost: callable returned non-numeric value: null; returning INFINITY
WARNING: [GdPAI] ObjectRef(1382643928884): object was freed before callback; returning Nil.
   at: gdplanningai_rust::logger::process_logs (src\logger.rs:66)
   GDScript backtrace (most recent call first):
       [0] _drain_scheduler (res://test/integration/test_campfire_example_smoke.gd:27)
WARNING: [GdPAI] ObjectRef(1382643928884): object was freed before callback; returning Nil.
   at: gdplanningai_rust::logger::process_logs (src\logger.rs:66)
   GDScript backtrace (most recent call first):
       [0] _drain_scheduler (res://test/integration/test_campfire_example_smoke.gd:27)
[GdPAI | debug] GetCost: callable returned non-numeric value: null; returning INFINITY
WARNING: [GdPAI] ObjectRef(124621163998): object was freed before callback; returning Nil.
   at: gdplanningai_rust::logger::process_logs (src\logger.rs:66)
   GDScript backtrace (most recent call first):
       [0] _process (res://addons/GdPlanningAI/gdpai_autoload.gd:21)
WARNING: [GdPAI] ObjectRef(124621163998): object was freed before callback; returning Nil.
   at: gdplanningai_rust::logger::process_logs (src\logger.rs:66)
   GDScript backtrace (most recent call first):
       [0] _process (res://addons/GdPlanningAI/gdpai_autoload.gd:21)
[GdPAI | debug] ApplyEffect [Before] ID=InstanceId(-9223367684526138309): agent props = {"entity": null, "hunger": 70.0627442063492, "held_item": ""}
[GdPAI | debug] ApplyEffect [After] ID=InstanceId(-9223367684526138309): agent props = {"entity": null, "hunger": 70.0627442063492, "held_item": ""}
[GdPAI | debug]   Snapshotting prop: entity = Nil (Variant type: NIL)
[GdPAI | debug]   Snapshotting prop: hunger = Float(70.0627442063492) (Variant type: FLOAT)
[GdPAI | debug]   Snapshotting prop: held_item = Str("") (Variant type: STRING)
WARNING: [GdPAI] ObjectRef(1382643928884): object was freed before callback; returning Nil.
   at: gdplanningai_rust::logger::process_logs (src\logger.rs:66)
   GDScript backtrace (most recent call first):
       [0] _process (res://addons/GdPlanningAI/gdpai_autoload.gd:21)
[GdPAI | debug] Discovery: Simulation success for Pick Up Wood. Agent props: {"entity": Nil, "held_item": Str(""), "hunger": Float(70.0627442063492)}
[GdPAI | debug] Discovery: Action Pick Up Wood satisfied precond Builtin { target: Agent, operation: Equal, property_name: "held_item", value: Some(Str("")) }
[GdPAI | debug] Found candidate: Pick Up Wood (satisfied preconds: [0], requirements: [])
WARNING: [GdPAI] ObjectRef(1382643928884): object was freed before callback; returning Nil.
   at: gdplanningai_rust::logger::process_logs (src\logger.rs:66)
   GDScript backtrace (most recent call first):
       [0] _process (res://addons/GdPlanningAI/gdpai_autoload.gd:21)
[GdPAI | debug] ApplyEffect [Before] ID=InstanceId(-9223367683955712965): agent props = {"hunger": 95.0603725, "held_item": "", "entity": null}
[GdPAI | debug] ApplyEffect [After] ID=InstanceId(-9223367683955712965): agent props = {"hunger": 95.0603725, "held_item": "", "entity": null}
[GdPAI | debug]   Snapshotting prop: hunger = Float(95.0603725) (Variant type: FLOAT)
[GdPAI | debug]   Snapshotting prop: held_item = Str("") (Variant type: STRING)
[GdPAI | debug]   Snapshotting prop: entity = Nil (Variant type: NIL)
[GdPAI | debug] Discovery: Starting simulation for action Pick Up Wood
[GdPAI | debug] Discovery: Simulation success for Go To. Agent props: {"entity": Nil, "hunger": Float(95.0603725), "held_item": Str("")}
[GdPAI | debug] Discovery: Action Go To satisfied precond Builtin { target: Agent, operation: Equal, property_name: "held_item", value: Some(Str("")) }
[GdPAI | debug] Found candidate: Go To (satisfied preconds: [0], requirements: [0, 1])
[GdPAI | debug] Discovery: Starting simulation for action Drop Item
WARNING: [GdPAI] ObjectRef(124621163998): object was freed before callback; returning Nil.
   at: gdplanningai_rust::logger::process_logs (src\logger.rs:66)
   GDScript backtrace (most recent call first):
       [0] _drain_scheduler (res://test/integration/test_campfire_example_smoke.gd:27)
WARNING: [GdPAI] ObjectRef(124621163998): object was freed before callback; returning Nil.
   at: gdplanningai_rust::logger::process_logs (src\logger.rs:66)
   GDScript backtrace (most recent call first):
       [0] _drain_scheduler (res://test/integration/test_campfire_example_smoke.gd:27)
[GdPAI | debug] GetCost: callable returned non-numeric value: null; returning INFINITY
WARNING: [GdPAI] ObjectRef(1382643928884): object was freed before callback; returning Nil.
   at: gdplanningai_rust::logger::process_logs (src\logger.rs:66)
   GDScript backtrace (most recent call first):
       [0] _drain_scheduler (res://test/integration/test_campfire_example_smoke.gd:27)
WARNING: [GdPAI] ObjectRef(1382643928884): object was freed before callback; returning Nil.
   at: gdplanningai_rust::logger::process_logs (src\logger.rs:66)
   GDScript backtrace (most recent call first):
       [0] _drain_scheduler (res://test/integration/test_campfire_example_smoke.gd:27)
[GdPAI | debug] GetCost: callable returned non-numeric value: null; returning INFINITY
WARNING: [GdPAI] ObjectRef(124621163998): object was freed before callback; returning Nil.
   at: gdplanningai_rust::logger::process_logs (src\logger.rs:66)
   GDScript backtrace (most recent call first):
       [0] _process (res://addons/GdPlanningAI/gdpai_autoload.gd:21)
WARNING: [GdPAI] ObjectRef(124621163998): object was freed before callback; returning Nil.
   at: gdplanningai_rust::logger::process_logs (src\logger.rs:66)
   GDScript backtrace (most recent call first):
       [0] _process (res://addons/GdPlanningAI/gdpai_autoload.gd:21)
[GdPAI | debug] ApplyEffect [Before] ID=InstanceId(-9223367681825006457): agent props = {"held_item": "", "hunger": 70.0627442063492, "entity": null}
[GdPAI | debug] ApplyEffect [After] ID=InstanceId(-9223367681825006457): agent props = {"held_item": "", "hunger": 70.0627442063492, "entity": null}
[GdPAI | debug]   Snapshotting prop: held_item = Str("") (Variant type: STRING)
[GdPAI | debug]   Snapshotting prop: hunger = Float(70.0627442063492) (Variant type: FLOAT)
[GdPAI | debug]   Snapshotting prop: entity = Nil (Variant type: NIL)
WARNING: [GdPAI] ObjectRef(1382643928884): object was freed before callback; returning Nil.
   at: gdplanningai_rust::logger::process_logs (src\logger.rs:66)
   GDScript backtrace (most recent call first):
       [0] _process (res://addons/GdPlanningAI/gdpai_autoload.gd:21)
[GdPAI | debug] Discovery: Simulation success for Pick Up Wood. Agent props: {"hunger": Float(70.0627442063492), "held_item": Str(""), "entity": Nil}
[GdPAI | debug] Discovery: Action Pick Up Wood satisfied precond Builtin { target: Agent, operation: Equal, property_name: "held_item", value: Some(Str("")) }
[GdPAI | debug] Found candidate: Pick Up Wood (satisfied preconds: [0], requirements: [])
WARNING: [GdPAI] ObjectRef(1382643928884): object was freed before callback; returning Nil.
   at: gdplanningai_rust::logger::process_logs (src\logger.rs:66)
   GDScript backtrace (most recent call first):
       [0] _process (res://addons/GdPlanningAI/gdpai_autoload.gd:21)
[GdPAI | debug] ApplyEffect [Before] ID=InstanceId(-9223367681254581113): agent props = {"held_item": "", "hunger": 95.0603725, "entity": null}
[GdPAI | debug] ApplyEffect [After] ID=InstanceId(-9223367681254581113): agent props = {"held_item": "", "hunger": 95.0603725, "entity": null}
[GdPAI | debug]   Snapshotting prop: held_item = Str("") (Variant type: STRING)
[GdPAI | debug]   Snapshotting prop: hunger = Float(95.0603725) (Variant type: FLOAT)
[GdPAI | debug]   Snapshotting prop: entity = Nil (Variant type: NIL)
[GdPAI | debug] Discovery: Simulation success for Drop Item. Agent props: {"held_item": Str(""), "entity": Nil, "hunger": Float(95.0603725)}
[GdPAI | debug] Discovery: Action Drop Item satisfied precond Builtin { target: Agent, operation: Equal, property_name: "held_item", value: Some(Str("")) }
[GdPAI | debug] Found candidate: Drop Item (satisfied preconds: [0], requirements: [])
[GdPAI | debug] Discovery: Starting simulation for action Add Fuel
WARNING: [GdPAI] ObjectRef(124621163998): object was freed before callback; returning Nil.
   at: gdplanningai_rust::logger::process_logs (src\logger.rs:66)
   GDScript backtrace (most recent call first):
       [0] _drain_scheduler (res://test/integration/test_campfire_example_smoke.gd:27)
WARNING: [GdPAI] ObjectRef(124621163998): object was freed before callback; returning Nil.
   at: gdplanningai_rust::logger::process_logs (src\logger.rs:66)
   GDScript backtrace (most recent call first):
       [0] _drain_scheduler (res://test/integration/test_campfire_example_smoke.gd:27)
[GdPAI | debug] Discovery: Action Dig Potato failed validity check, skipping
WARNING: [GdPAI] ObjectRef(1382643928884): object was freed before callback; returning Nil.
   at: gdplanningai_rust::logger::process_logs (src\logger.rs:66)
   GDScript backtrace (most recent call first):
       [0] _drain_scheduler (res://test/integration/test_campfire_example_smoke.gd:27)
WARNING: [GdPAI] ObjectRef(1382643928884): object was freed before callback; returning Nil.
   at: gdplanningai_rust::logger::process_logs (src\logger.rs:66)
   GDScript backtrace (most recent call first):
       [0] _drain_scheduler (res://test/integration/test_campfire_example_smoke.gd:27)
[GdPAI | debug] GetCost: callable returned non-numeric value: null; returning INFINITY
WARNING: [GdPAI] ObjectRef(124621163998): object was freed before callback; returning Nil.
   at: gdplanningai_rust::logger::process_logs (src\logger.rs:66)
   GDScript backtrace (most recent call first):
       [0] _process (res://addons/GdPlanningAI/gdpai_autoload.gd:21)
WARNING: [GdPAI] ObjectRef(124621163998): object was freed before callback; returning Nil.
   at: gdplanningai_rust::logger::process_logs (src\logger.rs:66)
   GDScript backtrace (most recent call first):
       [0] _process (res://addons/GdPlanningAI/gdpai_autoload.gd:21)
WARNING: [GdPAI] ObjectRef(1382643928884): object was freed before callback; returning Nil.
   at: gdplanningai_rust::logger::process_logs (src\logger.rs:66)
   GDScript backtrace (most recent call first):
       [0] _process (res://addons/GdPlanningAI/gdpai_autoload.gd:21)
[GdPAI | debug] Discovery: Action Dig Potato failed validity check, skipping
WARNING: [GdPAI] ObjectRef(1382643928884): object was freed before callback; returning Nil.
   at: gdplanningai_rust::logger::process_logs (src\logger.rs:66)
   GDScript backtrace (most recent call first):
       [0] _process (res://addons/GdPlanningAI/gdpai_autoload.gd:21)
[GdPAI | debug] ApplyEffect [Before] ID=InstanceId(-9223367678553449345): agent props = {"entity": null, "held_item": "wood", "hunger": 95.0603725}
[GdPAI | debug] ApplyEffect [After] ID=InstanceId(-9223367678553449345): agent props = {"entity": null, "held_item": "wood", "hunger": 95.0603725}
[GdPAI | debug]   Snapshotting prop: entity = Nil (Variant type: NIL)
[GdPAI | debug]   Snapshotting prop: held_item = Str("wood") (Variant type: STRING)
[GdPAI | debug]   Snapshotting prop: hunger = Float(95.0603725) (Variant type: FLOAT)
[GdPAI | debug] Discovery: Simulation success for Add Fuel. Agent props: {"hunger": Float(95.0603725), "entity": Nil, "held_item": Str("wood")}
[GdPAI | debug] Discovery: Action Add Fuel did NOT satisfy precond Builtin { target: Agent, operation: Equal, property_name: "held_item", value: Some(Str("")) }
WARNING: [GdPAI] ObjectRef(124621163998): object was freed before callback; returning Nil.
   at: gdplanningai_rust::logger::process_logs (src\logger.rs:66)
   GDScript backtrace (most recent call first):
       [0] _drain_scheduler (res://test/integration/test_campfire_example_smoke.gd:27)
WARNING: [GdPAI] ObjectRef(124621163998): object was freed before callback; returning Nil.
   at: gdplanningai_rust::logger::process_logs (src\logger.rs:66)
   GDScript backtrace (most recent call first):
       [0] _drain_scheduler (res://test/integration/test_campfire_example_smoke.gd:27)
[GdPAI | debug] Discovery: Action Dig Potato failed validity check, skipping
WARNING: [GdPAI] ObjectRef(1382643928884): object was freed before callback; returning Nil.
   at: gdplanningai_rust::logger::process_logs (src\logger.rs:66)
   GDScript backtrace (most recent call first):
       [0] _drain_scheduler (res://test/integration/test_campfire_example_smoke.gd:27)
WARNING: [GdPAI] ObjectRef(1382643928884): object was freed before callback; returning Nil.
   at: gdplanningai_rust::logger::process_logs (src\logger.rs:66)
   GDScript backtrace (most recent call first):
       [0] _drain_scheduler (res://test/integration/test_campfire_example_smoke.gd:27)
[GdPAI | debug] Discovery: Action Cook Potato failed validity check, skipping
[GdPAI | debug] Discovery: Starting simulation for action Pick Up Wood
WARNING: [GdPAI] ObjectRef(124621163998): object was freed before callback; returning Nil.
   at: gdplanningai_rust::logger::process_logs (src\logger.rs:66)
   GDScript backtrace (most recent call first):
       [0] _process (res://addons/GdPlanningAI/gdpai_autoload.gd:21)
WARNING: [GdPAI] ObjectRef(124621163998): object was freed before callback; returning Nil.
   at: gdplanningai_rust::logger::process_logs (src\logger.rs:66)
   GDScript backtrace (most recent call first):
       [0] _process (res://addons/GdPlanningAI/gdpai_autoload.gd:21)
WARNING: [GdPAI] ObjectRef(1382643928884): object was freed before callback; returning Nil.
   at: gdplanningai_rust::logger::process_logs (src\logger.rs:66)
   GDScript backtrace (most recent call first):
       [0] _process (res://addons/GdPlanningAI/gdpai_autoload.gd:21)
[GdPAI | debug] Discovery: Action Dig Potato failed validity check, skipping
WARNING: [GdPAI] ObjectRef(1382643928884): object was freed before callback; returning Nil.
   at: gdplanningai_rust::logger::process_logs (src\logger.rs:66)
   GDScript backtrace (most recent call first):
       [0] _process (res://addons/GdPlanningAI/gdpai_autoload.gd:21)
[GdPAI | debug] GetCost: callable returned non-numeric value: null; returning INFINITY
WARNING: [GdPAI] ObjectRef(124621163998): object was freed before callback; returning Nil.
   at: gdplanningai_rust::logger::process_logs (src\logger.rs:66)
   GDScript backtrace (most recent call first):
       [0] _drain_scheduler (res://test/integration/test_campfire_example_smoke.gd:27)
WARNING: [GdPAI] ObjectRef(124621163998): object was freed before callback; returning Nil.
   at: gdplanningai_rust::logger::process_logs (src\logger.rs:66)
   GDScript backtrace (most recent call first):
       [0] _drain_scheduler (res://test/integration/test_campfire_example_smoke.gd:27)
WARNING: [GdPAI] ObjectRef(1382643928884): object was freed before callback; returning Nil.
   at: gdplanningai_rust::logger::process_logs (src\logger.rs:66)
   GDScript backtrace (most recent call first):
       [0] _drain_scheduler (res://test/integration/test_campfire_example_smoke.gd:27)
[GdPAI | debug] Discovery: Action Dig Potato failed validity check, skipping
WARNING: [GdPAI] ObjectRef(1382643928884): object was freed before callback; returning Nil.
   at: gdplanningai_rust::logger::process_logs (src\logger.rs:66)
   GDScript backtrace (most recent call first):
       [0] _drain_scheduler (res://test/integration/test_campfire_example_smoke.gd:27)
[GdPAI | debug] ApplyEffect [Before] ID=InstanceId(-9223367674510140291): agent props = {"entity": null, "held_item": "", "hunger": 95.0603725}
[GdPAI | debug] ApplyEffect [After] ID=InstanceId(-9223367674510140291): agent props = {"entity": null, "held_item": "", "hunger": 95.0603725}
[GdPAI | debug]   Snapshotting prop: entity = Nil (Variant type: NIL)
[GdPAI | debug]   Snapshotting prop: held_item = Str("") (Variant type: STRING)
[GdPAI | debug]   Snapshotting prop: hunger = Float(95.0603725) (Variant type: FLOAT)
[GdPAI | debug] Discovery: Simulation success for Pick Up Wood. Agent props: {"hunger": Float(95.0603725), "entity": Nil, "held_item": Str("")}
[GdPAI | debug] Discovery: Action Pick Up Wood satisfied precond Builtin { target: Agent, operation: Equal, property_name: "held_item", value: Some(Str("")) }
[GdPAI | debug] Found candidate: Pick Up Wood (satisfied preconds: [0], requirements: [])
[GdPAI | debug] Discovery: Starting simulation for action Pick Up Wood
WARNING: [GdPAI] ObjectRef(124621163998): object was freed before callback; returning Nil.
   at: gdplanningai_rust::logger::process_logs (src\logger.rs:66)
   GDScript backtrace (most recent call first):
       [0] _process (res://addons/GdPlanningAI/gdpai_autoload.gd:21)
WARNING: [GdPAI] ObjectRef(124621163998): object was freed before callback; returning Nil.
   at: gdplanningai_rust::logger::process_logs (src\logger.rs:66)
   GDScript backtrace (most recent call first):
       [0] _process (res://addons/GdPlanningAI/gdpai_autoload.gd:21)
WARNING: [GdPAI] ObjectRef(124134624705): object was freed before callback; returning Nil.
   at: gdplanningai_rust::logger::process_logs (src\logger.rs:66)
   GDScript backtrace (most recent call first):
       [0] _process (res://addons/GdPlanningAI/gdpai_autoload.gd:21)
WARNING: [GdPAI] ObjectRef(125510356497): object was freed before callback; returning Nil.
   at: gdplanningai_rust::logger::process_logs (src\logger.rs:66)
   GDScript backtrace (most recent call first):
       [0] _process (res://addons/GdPlanningAI/gdpai_autoload.gd:21)
WARNING: [GdPAI] ObjectRef(124436614611): object was freed before callback; returning Nil.
   at: gdplanningai_rust::logger::process_logs (src\logger.rs:66)
   GDScript backtrace (most recent call first):
       [0] _process (res://addons/GdPlanningAI/gdpai_autoload.gd:21)
WARNING: [GdPAI] ObjectRef(124134624705): object was freed before callback; returning Nil.
   at: gdplanningai_rust::logger::process_logs (src\logger.rs:66)
   GDScript backtrace (most recent call first):
       [0] _process (res://addons/GdPlanningAI/gdpai_autoload.gd:21)
WARNING: [GdPAI] ObjectRef(125510356497): object was freed before callback; returning Nil.
   at: gdplanningai_rust::logger::process_logs (src\logger.rs:66)
   GDScript backtrace (most recent call first):
       [0] _process (res://addons/GdPlanningAI/gdpai_autoload.gd:21)
WARNING: [GdPAI] ObjectRef(124436614611): object was freed before callback; returning Nil.
   at: gdplanningai_rust::logger::process_logs (src\logger.rs:66)
   GDScript backtrace (most recent call first):
       [0] _process (res://addons/GdPlanningAI/gdpai_autoload.gd:21)
[GdPAI | debug] GetCost: callable returned non-numeric value: null; returning INFINITY
WARNING: [GdPAI] ObjectRef(1382643928884): object was freed before callback; returning Nil.
   at: gdplanningai_rust::logger::process_logs (src\logger.rs:66)
   GDScript backtrace (most recent call first):
       [0] _process (res://addons/GdPlanningAI/gdpai_autoload.gd:21)
WARNING: [GdPAI] ObjectRef(1382643928884): object was freed before callback; returning Nil.
   at: gdplanningai_rust::logger::process_logs (src\logger.rs:66)
   GDScript backtrace (most recent call first):
       [0] _process (res://addons/GdPlanningAI/gdpai_autoload.gd:21)
[GdPAI | debug] GetCost: callable returned non-numeric value: null; returning INFINITY
WARNING: [GdPAI] ObjectRef(124621163998): object was freed before callback; returning Nil.
   at: gdplanningai_rust::logger::process_logs (src\logger.rs:66)
   GDScript backtrace (most recent call first):
       [0] _drain_scheduler (res://test/integration/test_campfire_example_smoke.gd:27)
WARNING: [GdPAI] ObjectRef(124621163998): object was freed before callback; returning Nil.
   at: gdplanningai_rust::logger::process_logs (src\logger.rs:66)
   GDScript backtrace (most recent call first):
       [0] _drain_scheduler (res://test/integration/test_campfire_example_smoke.gd:27)
WARNING: [GdPAI] ObjectRef(124134624705): object was freed before callback; returning Nil.
   at: gdplanningai_rust::logger::process_logs (src\logger.rs:66)
   GDScript backtrace (most recent call first):
       [0] _drain_scheduler (res://test/integration/test_campfire_example_smoke.gd:27)
WARNING: [GdPAI] ObjectRef(125510356497): object was freed before callback; returning Nil.
   at: gdplanningai_rust::logger::process_logs (src\logger.rs:66)
   GDScript backtrace (most recent call first):
       [0] _drain_scheduler (res://test/integration/test_campfire_example_smoke.gd:27)
WARNING: [GdPAI] ObjectRef(124436614611): object was freed before callback; returning Nil.
   at: gdplanningai_rust::logger::process_logs (src\logger.rs:66)
   GDScript backtrace (most recent call first):
       [0] _drain_scheduler (res://test/integration/test_campfire_example_smoke.gd:27)
WARNING: [GdPAI] ObjectRef(124134624705): object was freed before callback; returning Nil.
   at: gdplanningai_rust::logger::process_logs (src\logger.rs:66)
   GDScript backtrace (most recent call first):
       [0] _drain_scheduler (res://test/integration/test_campfire_example_smoke.gd:27)
WARNING: [GdPAI] ObjectRef(125510356497): object was freed before callback; returning Nil.
   at: gdplanningai_rust::logger::process_logs (src\logger.rs:66)
   GDScript backtrace (most recent call first):
       [0] _drain_scheduler (res://test/integration/test_campfire_example_smoke.gd:27)
WARNING: [GdPAI] ObjectRef(124436614611): object was freed before callback; returning Nil.
   at: gdplanningai_rust::logger::process_logs (src\logger.rs:66)
   GDScript backtrace (most recent call first):
       [0] _drain_scheduler (res://test/integration/test_campfire_example_smoke.gd:27)
[GdPAI | debug] ApplyEffect [Before] ID=InstanceId(-9223367672077443885): agent props = {"held_item": "", "hunger": 70.0627442063492, "entity": null, "at_target": null}
[GdPAI | debug] ApplyEffect [After] ID=InstanceId(-9223367672077443885): agent props = {"held_item": "", "hunger": 70.0627442063492, "entity": null, "at_target": null}
[GdPAI | debug]   Snapshotting prop: held_item = Str("") (Variant type: STRING)
[GdPAI | debug]   Snapshotting prop: hunger = Float(70.0627442063492) (Variant type: FLOAT)
[GdPAI | debug]   Snapshotting prop: entity = Nil (Variant type: NIL)
[GdPAI | debug]   Snapshotting prop: at_target = Nil (Variant type: NIL)
WARNING: [GdPAI] ObjectRef(1382643928884): object was freed before callback; returning Nil.
   at: gdplanningai_rust::logger::process_logs (src\logger.rs:66)
   GDScript backtrace (most recent call first):
       [0] _drain_scheduler (res://test/integration/test_campfire_example_smoke.gd:27)
WARNING: [GdPAI] ObjectRef(1382643928884): object was freed before callback; returning Nil.
   at: gdplanningai_rust::logger::process_logs (src\logger.rs:66)
   GDScript backtrace (most recent call first):
       [0] _drain_scheduler (res://test/integration/test_campfire_example_smoke.gd:27)
[GdPAI | debug] ApplyEffect [Before] ID=InstanceId(-9223367671507018541): agent props = {"held_item": "", "hunger": 95.0603725, "entity": null}
[GdPAI | debug] ApplyEffect [After] ID=InstanceId(-9223367671507018541): agent props = {"held_item": "", "hunger": 95.0603725, "entity": null}
[GdPAI | debug]   Snapshotting prop: held_item = Str("") (Variant type: STRING)
[GdPAI | debug]   Snapshotting prop: hunger = Float(95.0603725) (Variant type: FLOAT)
[GdPAI | debug]   Snapshotting prop: entity = Nil (Variant type: NIL)
[GdPAI | debug] Discovery: Simulation success for Pick Up Wood. Agent props: {"entity": Nil, "held_item": Str(""), "hunger": Float(95.0603725)}
[GdPAI | debug] Discovery: Action Pick Up Wood satisfied precond Builtin { target: Agent, operation: Equal, property_name: "held_item", value: Some(Str("")) }
[GdPAI | debug] Found candidate: Pick Up Wood (satisfied preconds: [0], requirements: [])
[GdPAI | debug] Discovery: Starting simulation for action Pick Up Wood
WARNING: [GdPAI] ObjectRef(124621163998): object was freed before callback; returning Nil.
   at: gdplanningai_rust::logger::process_logs (src\logger.rs:66)
   GDScript backtrace (most recent call first):
       [0] _process (res://addons/GdPlanningAI/gdpai_autoload.gd:21)
WARNING: [GdPAI] ObjectRef(124436614611): object was freed before callback; returning Nil.
   at: gdplanningai_rust::logger::process_logs (src\logger.rs:66)
   GDScript backtrace (most recent call first):
       [0] _process (res://addons/GdPlanningAI/gdpai_autoload.gd:21)
WARNING: [GdPAI] ObjectRef(124436614611): object was freed before callback; returning Nil.
   at: gdplanningai_rust::logger::process_logs (src\logger.rs:66)
   GDScript backtrace (most recent call first):
       [0] _process (res://addons/GdPlanningAI/gdpai_autoload.gd:21)
[GdPAI | debug] GetCost: callable returned non-numeric value: null; returning INFINITY
WARNING: [GdPAI] ObjectRef(1382643928884): object was freed before callback; returning Nil.
   at: gdplanningai_rust::logger::process_logs (src\logger.rs:66)
   GDScript backtrace (most recent call first):
       [0] _process (res://addons/GdPlanningAI/gdpai_autoload.gd:21)
WARNING: [GdPAI] ObjectRef(1382643928884): object was freed before callback; returning Nil.
   at: gdplanningai_rust::logger::process_logs (src\logger.rs:66)
   GDScript backtrace (most recent call first):
       [0] _process (res://addons/GdPlanningAI/gdpai_autoload.gd:21)
[GdPAI | debug] GetCost: callable returned non-numeric value: null; returning INFINITY
WARNING: [GdPAI] ObjectRef(124621163998): object was freed before callback; returning Nil.
   at: gdplanningai_rust::logger::process_logs (src\logger.rs:66)
   GDScript backtrace (most recent call first):
       [0] _drain_scheduler (res://test/integration/test_campfire_example_smoke.gd:27)
WARNING: [GdPAI] ObjectRef(124436614611): object was freed before callback; returning Nil.
   at: gdplanningai_rust::logger::process_logs (src\logger.rs:66)
   GDScript backtrace (most recent call first):
       [0] _drain_scheduler (res://test/integration/test_campfire_example_smoke.gd:27)
WARNING: [GdPAI] ObjectRef(124436614611): object was freed before callback; returning Nil.
   at: gdplanningai_rust::logger::process_logs (src\logger.rs:66)
   GDScript backtrace (most recent call first):
       [0] _drain_scheduler (res://test/integration/test_campfire_example_smoke.gd:27)
[GdPAI | debug] ApplyEffect [Before] ID=InstanceId(-9223367669023990496): agent props = {"entity": null, "hunger": 70.0627442063492, "at_target": null, "held_item": ""}
[GdPAI | debug] ApplyEffect [After] ID=InstanceId(-9223367669023990496): agent props = {"entity": null, "hunger": 70.0627442063492, "at_target": null, "held_item": ""}
[GdPAI | debug]   Snapshotting prop: entity = Nil (Variant type: NIL)
[GdPAI | debug]   Snapshotting prop: hunger = Float(70.0627442063492) (Variant type: FLOAT)
[GdPAI | debug]   Snapshotting prop: at_target = Nil (Variant type: NIL)
[GdPAI | debug]   Snapshotting prop: held_item = Str("") (Variant type: STRING)
WARNING: [GdPAI] ObjectRef(1382643928884): object was freed before callback; returning Nil.
   at: gdplanningai_rust::logger::process_logs (src\logger.rs:66)
   GDScript backtrace (most recent call first):
       [0] _drain_scheduler (res://test/integration/test_campfire_example_smoke.gd:27)
WARNING: [GdPAI] ObjectRef(1382643928884): object was freed before callback; returning Nil.
   at: gdplanningai_rust::logger::process_logs (src\logger.rs:66)
   GDScript backtrace (most recent call first):
       [0] _drain_scheduler (res://test/integration/test_campfire_example_smoke.gd:27)
[GdPAI | debug] ApplyEffect [Before] ID=InstanceId(-9223367668453565152): agent props = {"entity": null, "held_item": "", "hunger": 95.0603725}
[GdPAI | debug] ApplyEffect [After] ID=InstanceId(-9223367668453565152): agent props = {"entity": null, "held_item": "", "hunger": 95.0603725}
[GdPAI | debug]   Snapshotting prop: entity = Nil (Variant type: NIL)
[GdPAI | debug]   Snapshotting prop: held_item = Str("") (Variant type: STRING)
[GdPAI | debug]   Snapshotting prop: hunger = Float(95.0603725) (Variant type: FLOAT)
[GdPAI | debug] Discovery: Simulation success for Pick Up Wood. Agent props: {"held_item": Str(""), "hunger": Float(95.0603725), "entity": Nil}
[GdPAI | debug] Discovery: Action Pick Up Wood satisfied precond Builtin { target: Agent, operation: Equal, property_name: "held_item", value: Some(Str("")) }
[GdPAI | debug] Found candidate: Pick Up Wood (satisfied preconds: [0], requirements: [])
[GdPAI | debug] Discovery: Starting simulation for action Pick Up Wood
WARNING: [GdPAI] ObjectRef(124621163998): object was freed before callback; returning Nil.
   at: gdplanningai_rust::logger::process_logs (src\logger.rs:66)
   GDScript backtrace (most recent call first):
       [0] _process (res://addons/GdPlanningAI/gdpai_autoload.gd:21)
[GdPAI | debug] GetCost: callable returned non-numeric value: null; returning INFINITY
WARNING: [GdPAI] ObjectRef(1382643928884): object was freed before callback; returning Nil.
   at: gdplanningai_rust::logger::process_logs (src\logger.rs:66)
   GDScript backtrace (most recent call first):
       [0] _process (res://addons/GdPlanningAI/gdpai_autoload.gd:21)
WARNING: [GdPAI] ObjectRef(1382643928884): object was freed before callback; returning Nil.
   at: gdplanningai_rust::logger::process_logs (src\logger.rs:66)
   GDScript backtrace (most recent call first):
       [0] _process (res://addons/GdPlanningAI/gdpai_autoload.gd:21)
[GdPAI | debug] GetCost: callable returned non-numeric value: null; returning INFINITY
WARNING: [GdPAI] ObjectRef(124621163998): object was freed before callback; returning Nil.
   at: gdplanningai_rust::logger::process_logs (src\logger.rs:66)
   GDScript backtrace (most recent call first):
       [0] _drain_scheduler (res://test/integration/test_campfire_example_smoke.gd:27)
[GdPAI | debug] ApplyEffect [Before] ID=InstanceId(-9223367666322858678): agent props = {"hunger": 70.0627442063492, "entity": null, "held_item": "wood", "at_target": null}
[GdPAI | debug] ApplyEffect [After] ID=InstanceId(-9223367666322858678): agent props = {"hunger": 70.0627442063492, "entity": null, "held_item": "wood", "at_target": null}
[GdPAI | debug]   Snapshotting prop: hunger = Float(70.0627442063492) (Variant type: FLOAT)
[GdPAI | debug]   Snapshotting prop: entity = Nil (Variant type: NIL)
[GdPAI | debug]   Snapshotting prop: held_item = Str("wood") (Variant type: STRING)
[GdPAI | debug]   Snapshotting prop: at_target = Nil (Variant type: NIL)
WARNING: [GdPAI] ObjectRef(1382643928884): object was freed before callback; returning Nil.
   at: gdplanningai_rust::logger::process_logs (src\logger.rs:66)
   GDScript backtrace (most recent call first):
       [0] _drain_scheduler (res://test/integration/test_campfire_example_smoke.gd:27)
WARNING: [GdPAI] ObjectRef(1382643928884): object was freed before callback; returning Nil.
   at: gdplanningai_rust::logger::process_logs (src\logger.rs:66)
   GDScript backtrace (most recent call first):
       [0] _drain_scheduler (res://test/integration/test_campfire_example_smoke.gd:27)
[GdPAI | debug] ApplyEffect [Before] ID=InstanceId(-9223367665752433334): agent props = {"hunger": 95.0603725, "held_item": "", "entity": null}
[GdPAI | debug] ApplyEffect [After] ID=InstanceId(-9223367665752433334): agent props = {"hunger": 95.0603725, "held_item": "", "entity": null}
[GdPAI | debug]   Snapshotting prop: hunger = Float(95.0603725) (Variant type: FLOAT)
[GdPAI | debug]   Snapshotting prop: held_item = Str("") (Variant type: STRING)
[GdPAI | debug]   Snapshotting prop: entity = Nil (Variant type: NIL)
[GdPAI | debug] Discovery: Simulation success for Pick Up Wood. Agent props: {"hunger": Float(95.0603725), "entity": Nil, "held_item": Str("")}
[GdPAI | debug] Discovery: Action Pick Up Wood satisfied precond Builtin { target: Agent, operation: Equal, property_name: "held_item", value: Some(Str("")) }
[GdPAI | debug] Found candidate: Pick Up Wood (satisfied preconds: [0], requirements: [])
WARNING: [GdPAI] ObjectRef(124621163998): object was freed before callback; returning Nil.
   at: gdplanningai_rust::logger::process_logs (src\logger.rs:66)
   GDScript backtrace (most recent call first):
       [0] _process (res://addons/GdPlanningAI/gdpai_autoload.gd:21)
WARNING: [GdPAI] ObjectRef(125510356497): object was freed before callback; returning Nil.
   at: gdplanningai_rust::logger::process_logs (src\logger.rs:66)
   GDScript backtrace (most recent call first):
       [0] _process (res://addons/GdPlanningAI/gdpai_autoload.gd:21)
WARNING: [GdPAI] ObjectRef(125510356497): object was freed before callback; returning Nil.
   at: gdplanningai_rust::logger::process_logs (src\logger.rs:66)
   GDScript backtrace (most recent call first):
       [0] _process (res://addons/GdPlanningAI/gdpai_autoload.gd:21)
[GdPAI | debug] GetCost: callable returned non-numeric value: null; returning INFINITY
WARNING: [GdPAI] ObjectRef(1382643928884): object was freed before callback; returning Nil.
   at: gdplanningai_rust::logger::process_logs (src\logger.rs:66)
   GDScript backtrace (most recent call first):
       [0] _process (res://addons/GdPlanningAI/gdpai_autoload.gd:21)
WARNING: [GdPAI] ObjectRef(1382643928884): object was freed before callback; returning Nil.
   at: gdplanningai_rust::logger::process_logs (src\logger.rs:66)
   GDScript backtrace (most recent call first):
       [0] _process (res://addons/GdPlanningAI/gdpai_autoload.gd:21)
[GdPAI | debug] Discovery: Action Dig Potato failed validity check, skipping
WARNING: [GdPAI] ObjectRef(124621163998): object was freed before callback; returning Nil.
   at: gdplanningai_rust::logger::process_logs (src\logger.rs:66)
   GDScript backtrace (most recent call first):
       [0] _drain_scheduler (res://test/integration/test_campfire_example_smoke.gd:27)
WARNING: [GdPAI] ObjectRef(125510356497): object was freed before callback; returning Nil.
   at: gdplanningai_rust::logger::process_logs (src\logger.rs:66)
   GDScript backtrace (most recent call first):
       [0] _drain_scheduler (res://test/integration/test_campfire_example_smoke.gd:27)
WARNING: [GdPAI] ObjectRef(125510356497): object was freed before callback; returning Nil.
   at: gdplanningai_rust::logger::process_logs (src\logger.rs:66)
   GDScript backtrace (most recent call first):
       [0] _drain_scheduler (res://test/integration/test_campfire_example_smoke.gd:27)
[GdPAI | debug] ApplyEffect [Before] ID=InstanceId(-9223367663621726908): agent props = {"hunger": 70.0627442063492, "entity": null, "held_item": "wood", "at_target": null}
[GdPAI | debug] ApplyEffect [After] ID=InstanceId(-9223367663621726908): agent props = {"hunger": 70.0627442063492, "entity": null, "held_item": "wood", "at_target": null}
[GdPAI | debug]   Snapshotting prop: hunger = Float(70.0627442063492) (Variant type: FLOAT)
[GdPAI | debug]   Snapshotting prop: entity = Nil (Variant type: NIL)
[GdPAI | debug]   Snapshotting prop: held_item = Str("wood") (Variant type: STRING)
[GdPAI | debug]   Snapshotting prop: at_target = Nil (Variant type: NIL)
WARNING: [GdPAI] ObjectRef(1382643928884): object was freed before callback; returning Nil.
   at: gdplanningai_rust::logger::process_logs (src\logger.rs:66)
   GDScript backtrace (most recent call first):
       [0] _drain_scheduler (res://test/integration/test_campfire_example_smoke.gd:27)
WARNING: [GdPAI] ObjectRef(1382643928884): object was freed before callback; returning Nil.
   at: gdplanningai_rust::logger::process_logs (src\logger.rs:66)
   GDScript backtrace (most recent call first):
       [0] _drain_scheduler (res://test/integration/test_campfire_example_smoke.gd:27)
[GdPAI | debug] Discovery: Action Dig Potato failed validity check, skipping
WARNING: [GdPAI] ObjectRef(124621163998): object was freed before callback; returning Nil.
   at: gdplanningai_rust::logger::process_logs (src\logger.rs:66)
   GDScript backtrace (most recent call first):
       [0] _process (res://addons/GdPlanningAI/gdpai_autoload.gd:21)
WARNING: [GdPAI] ObjectRef(124134624705): object was freed before callback; returning Nil.
   at: gdplanningai_rust::logger::process_logs (src\logger.rs:66)
   GDScript backtrace (most recent call first):
       [0] _process (res://addons/GdPlanningAI/gdpai_autoload.gd:21)
WARNING: [GdPAI] ObjectRef(124134624705): object was freed before callback; returning Nil.
   at: gdplanningai_rust::logger::process_logs (src\logger.rs:66)
   GDScript backtrace (most recent call first):
       [0] _process (res://addons/GdPlanningAI/gdpai_autoload.gd:21)
[GdPAI | debug] GetCost: callable returned non-numeric value: null; returning INFINITY
WARNING: [GdPAI] ObjectRef(1382643928884): object was freed before callback; returning Nil.
   at: gdplanningai_rust::logger::process_logs (src\logger.rs:66)
   GDScript backtrace (most recent call first):
       [0] _process (res://addons/GdPlanningAI/gdpai_autoload.gd:21)
WARNING: [GdPAI] ObjectRef(1382643928884): object was freed before callback; returning Nil.
   at: gdplanningai_rust::logger::process_logs (src\logger.rs:66)
   GDScript backtrace (most recent call first):
       [0] _process (res://addons/GdPlanningAI/gdpai_autoload.gd:21)
[GdPAI | debug] Discovery: Action Dig Potato failed validity check, skipping
WARNING: [GdPAI] ObjectRef(124621163998): object was freed before callback; returning Nil.
   at: gdplanningai_rust::logger::process_logs (src\logger.rs:66)
   GDScript backtrace (most recent call first):
       [0] _drain_scheduler (res://test/integration/test_campfire_example_smoke.gd:27)
WARNING: [GdPAI] ObjectRef(124134624705): object was freed before callback; returning Nil.
   at: gdplanningai_rust::logger::process_logs (src\logger.rs:66)
   GDScript backtrace (most recent call first):
       [0] _drain_scheduler (res://test/integration/test_campfire_example_smoke.gd:27)
WARNING: [GdPAI] ObjectRef(124134624705): object was freed before callback; returning Nil.
   at: gdplanningai_rust::logger::process_logs (src\logger.rs:66)
   GDScript backtrace (most recent call first):
       [0] _drain_scheduler (res://test/integration/test_campfire_example_smoke.gd:27)
[GdPAI | debug] ApplyEffect [Before] ID=InstanceId(-9223367660819931781): agent props = {"at_target": null, "held_item": "wood", "hunger": 70.0627442063492, "entity": null}
[GdPAI | debug] ApplyEffect [After] ID=InstanceId(-9223367660819931781): agent props = {"at_target": null, "held_item": "wood", "hunger": 70.0627442063492, "entity": null}
[GdPAI | debug]   Snapshotting prop: at_target = Nil (Variant type: NIL)
[GdPAI | debug]   Snapshotting prop: held_item = Str("wood") (Variant type: STRING)
[GdPAI | debug]   Snapshotting prop: hunger = Float(70.0627442063492) (Variant type: FLOAT)
[GdPAI | debug]   Snapshotting prop: entity = Nil (Variant type: NIL)
WARNING: [GdPAI] ObjectRef(1382643928884): object was freed before callback; returning Nil.
   at: gdplanningai_rust::logger::process_logs (src\logger.rs:66)
   GDScript backtrace (most recent call first):
       [0] _drain_scheduler (res://test/integration/test_campfire_example_smoke.gd:27)
WARNING: [GdPAI] ObjectRef(1382643928884): object was freed before callback; returning Nil.
   at: gdplanningai_rust::logger::process_logs (src\logger.rs:66)
   GDScript backtrace (most recent call first):
       [0] _drain_scheduler (res://test/integration/test_campfire_example_smoke.gd:27)
[GdPAI | debug] Discovery: Action Dig Potato failed validity check, skipping
WARNING: [GdPAI] ObjectRef(124621163998): object was freed before callback; returning Nil.
   at: gdplanningai_rust::logger::process_logs (src\logger.rs:66)
   GDScript backtrace (most recent call first):
       [0] _process (res://addons/GdPlanningAI/gdpai_autoload.gd:21)
[GdPAI | debug] GetCost: callable returned non-numeric value: null; returning INFINITY
WARNING: [GdPAI] ObjectRef(1382643928884): object was freed before callback; returning Nil.
   at: gdplanningai_rust::logger::process_logs (src\logger.rs:66)
   GDScript backtrace (most recent call first):
       [0] _process (res://addons/GdPlanningAI/gdpai_autoload.gd:21)
WARNING: [GdPAI] ObjectRef(1382643928884): object was freed before callback; returning Nil.
   at: gdplanningai_rust::logger::process_logs (src\logger.rs:66)
   GDScript backtrace (most recent call first):
       [0] _process (res://addons/GdPlanningAI/gdpai_autoload.gd:21)
[GdPAI | debug] Discovery: Action Dig Potato failed validity check, skipping
WARNING: [GdPAI] ObjectRef(124621163998): object was freed before callback; returning Nil.
   at: gdplanningai_rust::logger::process_logs (src\logger.rs:66)
   GDScript backtrace (most recent call first):
       [0] _drain_scheduler (res://test/integration/test_campfire_example_smoke.gd:27)
[GdPAI | debug] ApplyEffect [Before] ID=InstanceId(-9223367658118799993): agent props = {"at_target": null, "held_item": "wood", "hunger": 70.0627442063492, "entity": null}
[GdPAI | debug] ApplyEffect [After] ID=InstanceId(-9223367658118799993): agent props = {"at_target": null, "held_item": "wood", "hunger": 70.0627442063492, "entity": null}
[GdPAI | debug]   Snapshotting prop: at_target = Nil (Variant type: NIL)
[GdPAI | debug]   Snapshotting prop: held_item = Str("wood") (Variant type: STRING)
[GdPAI | debug]   Snapshotting prop: hunger = Float(70.0627442063492) (Variant type: FLOAT)
[GdPAI | debug]   Snapshotting prop: entity = Nil (Variant type: NIL)
WARNING: [GdPAI] ObjectRef(1382643928884): object was freed before callback; returning Nil.
   at: gdplanningai_rust::logger::process_logs (src\logger.rs:66)
   GDScript backtrace (most recent call first):
       [0] _drain_scheduler (res://test/integration/test_campfire_example_smoke.gd:27)
WARNING: [GdPAI] ObjectRef(1382643928884): object was freed before callback; returning Nil.
   at: gdplanningai_rust::logger::process_logs (src\logger.rs:66)
   GDScript backtrace (most recent call first):
       [0] _drain_scheduler (res://test/integration/test_campfire_example_smoke.gd:27)
WARNING: [GdPAI] ObjectRef(1382308384561): object was freed before callback; returning Nil.
   at: gdplanningai_rust::logger::process_logs (src\logger.rs:66)
   GDScript backtrace (most recent call first):
       [0] _drain_scheduler (res://test/integration/test_campfire_example_smoke.gd:27)
WARNING: [GdPAI] ObjectRef(1383046581817): object was freed before callback; returning Nil.
   at: gdplanningai_rust::logger::process_logs (src\logger.rs:66)
   GDScript backtrace (most recent call first):
       [0] _drain_scheduler (res://test/integration/test_campfire_example_smoke.gd:27)
WARNING: [GdPAI] ObjectRef(1382308384561): object was freed before callback; returning Nil.
   at: gdplanningai_rust::logger::process_logs (src\logger.rs:66)
   GDScript backtrace (most recent call first):
       [0] _drain_scheduler (res://test/integration/test_campfire_example_smoke.gd:27)
WARNING: [GdPAI] ObjectRef(1383046581817): object was freed before callback; returning Nil.
   at: gdplanningai_rust::logger::process_logs (src\logger.rs:66)
   GDScript backtrace (most recent call first):
       [0] _drain_scheduler (res://test/integration/test_campfire_example_smoke.gd:27)
[GdPAI | debug] GetCost: callable returned non-numeric value: null; returning INFINITY
WARNING: [GdPAI] ObjectRef(124621163998): object was freed before callback; returning Nil.
   at: gdplanningai_rust::logger::process_logs (src\logger.rs:66)
   GDScript backtrace (most recent call first):
       [0] _process (res://addons/GdPlanningAI/gdpai_autoload.gd:21)
WARNING: [GdPAI] ObjectRef(124621163998): object was freed before callback; returning Nil.
   at: gdplanningai_rust::logger::process_logs (src\logger.rs:66)
   GDScript backtrace (most recent call first):
       [0] _process (res://addons/GdPlanningAI/gdpai_autoload.gd:21)
[GdPAI | debug] GetCost: callable returned non-numeric value: null; returning INFINITY
WARNING: [GdPAI] ObjectRef(1382643928884): object was freed before callback; returning Nil.
   at: gdplanningai_rust::logger::process_logs (src\logger.rs:66)
   GDScript backtrace (most recent call first):
       [0] _process (res://addons/GdPlanningAI/gdpai_autoload.gd:21)
WARNING: [GdPAI] ObjectRef(1382643928884): object was freed before callback; returning Nil.
   at: gdplanningai_rust::logger::process_logs (src\logger.rs:66)
   GDScript backtrace (most recent call first):
       [0] _process (res://addons/GdPlanningAI/gdpai_autoload.gd:21)
WARNING: [GdPAI] ObjectRef(1382308384561): object was freed before callback; returning Nil.
   at: gdplanningai_rust::logger::process_logs (src\logger.rs:66)
   GDScript backtrace (most recent call first):
       [0] _process (res://addons/GdPlanningAI/gdpai_autoload.gd:21)
WARNING: [GdPAI] ObjectRef(1383046581817): object was freed before callback; returning Nil.
   at: gdplanningai_rust::logger::process_logs (src\logger.rs:66)
   GDScript backtrace (most recent call first):
       [0] _process (res://addons/GdPlanningAI/gdpai_autoload.gd:21)
WARNING: [GdPAI] ObjectRef(1382308384561): object was freed before callback; returning Nil.
   at: gdplanningai_rust::logger::process_logs (src\logger.rs:66)
   GDScript backtrace (most recent call first):
       [0] _process (res://addons/GdPlanningAI/gdpai_autoload.gd:21)
WARNING: [GdPAI] ObjectRef(1383046581817): object was freed before callback; returning Nil.
   at: gdplanningai_rust::logger::process_logs (src\logger.rs:66)
   GDScript backtrace (most recent call first):
       [0] _process (res://addons/GdPlanningAI/gdpai_autoload.gd:21)
[GdPAI | debug] ApplyEffect [Before] ID=InstanceId(-9223367656038425217): agent props = {"at_target": null, "entity": null, "hunger": 95.0603725, "held_item": ""}
[GdPAI | debug] ApplyEffect [After] ID=InstanceId(-9223367656038425217): agent props = {"at_target": null, "entity": null, "hunger": 95.0603725, "held_item": ""}
[GdPAI | debug]   Snapshotting prop: at_target = Nil (Variant type: NIL)
[GdPAI | debug]   Snapshotting prop: entity = Nil (Variant type: NIL)
[GdPAI | debug]   Snapshotting prop: hunger = Float(95.0603725) (Variant type: FLOAT)
[GdPAI | debug]   Snapshotting prop: held_item = Str("") (Variant type: STRING)
WARNING: [GdPAI] ObjectRef(124621163998): object was freed before callback; returning Nil.
   at: gdplanningai_rust::logger::process_logs (src\logger.rs:66)
   GDScript backtrace (most recent call first):
       [0] _drain_scheduler (res://test/integration/test_campfire_example_smoke.gd:27)
WARNING: [GdPAI] ObjectRef(124621163998): object was freed before callback; returning Nil.
   at: gdplanningai_rust::logger::process_logs (src\logger.rs:66)
   GDScript backtrace (most recent call first):
       [0] _drain_scheduler (res://test/integration/test_campfire_example_smoke.gd:27)
[GdPAI | debug] ApplyEffect [Before] ID=InstanceId(-9223367655065346646): agent props = {"entity": null, "hunger": 70.0627442063492, "held_item": ""}
[GdPAI | debug] ApplyEffect [After] ID=InstanceId(-9223367655065346646): agent props = {"entity": null, "hunger": 70.0627442063492, "held_item": ""}
[GdPAI | debug]   Snapshotting prop: entity = Nil (Variant type: NIL)
[GdPAI | debug]   Snapshotting prop: hunger = Float(70.0627442063492) (Variant type: FLOAT)
[GdPAI | debug]   Snapshotting prop: held_item = Str("") (Variant type: STRING)
WARNING: [GdPAI] ObjectRef(1382643928884): object was freed before callback; returning Nil.
   at: gdplanningai_rust::logger::process_logs (src\logger.rs:66)
   GDScript backtrace (most recent call first):
       [0] _drain_scheduler (res://test/integration/test_campfire_example_smoke.gd:27)
WARNING: [GdPAI] ObjectRef(1383046581817): object was freed before callback; returning Nil.
   at: gdplanningai_rust::logger::process_logs (src\logger.rs:66)
   GDScript backtrace (most recent call first):
       [0] _drain_scheduler (res://test/integration/test_campfire_example_smoke.gd:27)
WARNING: [GdPAI] ObjectRef(1383046581817): object was freed before callback; returning Nil.
   at: gdplanningai_rust::logger::process_logs (src\logger.rs:66)
   GDScript backtrace (most recent call first):
       [0] _drain_scheduler (res://test/integration/test_campfire_example_smoke.gd:27)
[GdPAI | debug] GetCost: callable returned non-numeric value: null; returning INFINITY
WARNING: [GdPAI] ObjectRef(124621163998): object was freed before callback; returning Nil.
   at: gdplanningai_rust::logger::process_logs (src\logger.rs:66)
   GDScript backtrace (most recent call first):
       [0] _process (res://addons/GdPlanningAI/gdpai_autoload.gd:21)
[GdPAI | debug] GetCost: callable returned non-numeric value: null; returning INFINITY
WARNING: [GdPAI] ObjectRef(1382643928884): object was freed before callback; returning Nil.
   at: gdplanningai_rust::logger::process_logs (src\logger.rs:66)
   GDScript backtrace (most recent call first):
       [0] _process (res://addons/GdPlanningAI/gdpai_autoload.gd:21)
WARNING: [GdPAI] ObjectRef(1383046581817): object was freed before callback; returning Nil.
   at: gdplanningai_rust::logger::process_logs (src\logger.rs:66)
   GDScript backtrace (most recent call first):
       [0] _process (res://addons/GdPlanningAI/gdpai_autoload.gd:21)
WARNING: [GdPAI] ObjectRef(1383046581817): object was freed before callback; returning Nil.
   at: gdplanningai_rust::logger::process_logs (src\logger.rs:66)
   GDScript backtrace (most recent call first):
       [0] _process (res://addons/GdPlanningAI/gdpai_autoload.gd:21)
[GdPAI | debug] ApplyEffect [Before] ID=InstanceId(-9223367653085635187): agent props = {"entity": null, "held_item": "", "hunger": 95.0603725, "at_target": null}
[GdPAI | debug] ApplyEffect [After] ID=InstanceId(-9223367653085635187): agent props = {"entity": null, "held_item": "", "hunger": 95.0603725, "at_target": null}
[GdPAI | debug]   Snapshotting prop: entity = Nil (Variant type: NIL)
[GdPAI | debug]   Snapshotting prop: held_item = Str("") (Variant type: STRING)
[GdPAI | debug]   Snapshotting prop: hunger = Float(95.0603725) (Variant type: FLOAT)
[GdPAI | debug]   Snapshotting prop: at_target = Nil (Variant type: NIL)
WARNING: [GdPAI] ObjectRef(124621163998): object was freed before callback; returning Nil.
   at: gdplanningai_rust::logger::process_logs (src\logger.rs:66)
   GDScript backtrace (most recent call first):
       [0] _drain_scheduler (res://test/integration/test_campfire_example_smoke.gd:27)
[GdPAI | debug] ApplyEffect [Before] ID=InstanceId(-9223367652313883168): agent props = {"hunger": 70.0627442063492, "held_item": "", "entity": null}
[GdPAI | debug] ApplyEffect [After] ID=InstanceId(-9223367652313883168): agent props = {"hunger": 70.0627442063492, "held_item": "", "entity": null}
[GdPAI | debug]   Snapshotting prop: hunger = Float(70.0627442063492) (Variant type: FLOAT)
[GdPAI | debug]   Snapshotting prop: held_item = Str("") (Variant type: STRING)
[GdPAI | debug]   Snapshotting prop: entity = Nil (Variant type: NIL)
WARNING: [GdPAI] ObjectRef(1382643928884): object was freed before callback; returning Nil.
   at: gdplanningai_rust::logger::process_logs (src\logger.rs:66)
   GDScript backtrace (most recent call first):
       [0] _drain_scheduler (res://test/integration/test_campfire_example_smoke.gd:27)
WARNING: [GdPAI] ObjectRef(1382308384561): object was freed before callback; returning Nil.
   at: gdplanningai_rust::logger::process_logs (src\logger.rs:66)
   GDScript backtrace (most recent call first):
       [0] _drain_scheduler (res://test/integration/test_campfire_example_smoke.gd:27)
WARNING: [GdPAI] ObjectRef(1382308384561): object was freed before callback; returning Nil.
   at: gdplanningai_rust::logger::process_logs (src\logger.rs:66)
   GDScript backtrace (most recent call first):
       [0] _drain_scheduler (res://test/integration/test_campfire_example_smoke.gd:27)
[GdPAI | debug] GetCost: callable returned non-numeric value: null; returning INFINITY
WARNING: [GdPAI] ObjectRef(124621163998): object was freed before callback; returning Nil.
   at: gdplanningai_rust::logger::process_logs (src\logger.rs:66)
   GDScript backtrace (most recent call first):
       [0] _process (res://addons/GdPlanningAI/gdpai_autoload.gd:21)
[GdPAI | debug] GetCost: callable returned non-numeric value: null; returning INFINITY
WARNING: [GdPAI] ObjectRef(1382643928884): object was freed before callback; returning Nil.
   at: gdplanningai_rust::logger::process_logs (src\logger.rs:66)
   GDScript backtrace (most recent call first):
       [0] _process (res://addons/GdPlanningAI/gdpai_autoload.gd:21)
WARNING: [GdPAI] ObjectRef(1382308384561): object was freed before callback; returning Nil.
   at: gdplanningai_rust::logger::process_logs (src\logger.rs:66)
   GDScript backtrace (most recent call first):
       [0] _process (res://addons/GdPlanningAI/gdpai_autoload.gd:21)
WARNING: [GdPAI] ObjectRef(1382308384561): object was freed before callback; returning Nil.
   at: gdplanningai_rust::logger::process_logs (src\logger.rs:66)
   GDScript backtrace (most recent call first):
       [0] _process (res://addons/GdPlanningAI/gdpai_autoload.gd:21)
[GdPAI | debug] ApplyEffect [Before] ID=InstanceId(-9223367650384503347): agent props = {"held_item": "", "entity": null, "at_target": null, "hunger": 95.0603725}
[GdPAI | debug] ApplyEffect [After] ID=InstanceId(-9223367650384503347): agent props = {"held_item": "", "entity": null, "at_target": null, "hunger": 95.0603725}
[GdPAI | debug]   Snapshotting prop: held_item = Str("") (Variant type: STRING)
[GdPAI | debug]   Snapshotting prop: entity = Nil (Variant type: NIL)
[GdPAI | debug]   Snapshotting prop: at_target = Nil (Variant type: NIL)
[GdPAI | debug]   Snapshotting prop: hunger = Float(95.0603725) (Variant type: FLOAT)
WARNING: [GdPAI] ObjectRef(124621163998): object was freed before callback; returning Nil.
   at: gdplanningai_rust::logger::process_logs (src\logger.rs:66)
   GDScript backtrace (most recent call first):
       [0] _drain_scheduler (res://test/integration/test_campfire_example_smoke.gd:27)
[GdPAI | debug] ApplyEffect [Before] ID=InstanceId(-9223367649612751374): agent props = {"hunger": 70.0627442063492, "held_item": "wood", "entity": null}
[GdPAI | debug] ApplyEffect [After] ID=InstanceId(-9223367649612751374): agent props = {"hunger": 70.0627442063492, "held_item": "wood", "entity": null}
[GdPAI | debug]   Snapshotting prop: hunger = Float(70.0627442063492) (Variant type: FLOAT)
[GdPAI | debug]   Snapshotting prop: held_item = Str("wood") (Variant type: STRING)
[GdPAI | debug]   Snapshotting prop: entity = Nil (Variant type: NIL)
WARNING: [GdPAI] ObjectRef(1382643928884): object was freed before callback; returning Nil.
   at: gdplanningai_rust::logger::process_logs (src\logger.rs:66)
   GDScript backtrace (most recent call first):
       [0] _drain_scheduler (res://test/integration/test_campfire_example_smoke.gd:27)
[GdPAI | debug] GetCost: callable returned non-numeric value: null; returning INFINITY
WARNING: [GdPAI] ObjectRef(124621163998): object was freed before callback; returning Nil.
   at: gdplanningai_rust::logger::process_logs (src\logger.rs:66)
   GDScript backtrace (most recent call first):
       [0] _process (res://addons/GdPlanningAI/gdpai_autoload.gd:21)
[GdPAI | debug] GetCost: callable returned non-numeric value: null; returning INFINITY
WARNING: [GdPAI] ObjectRef(1382643928884): object was freed before callback; returning Nil.
   at: gdplanningai_rust::logger::process_logs (src\logger.rs:66)
   GDScript backtrace (most recent call first):
       [0] _process (res://addons/GdPlanningAI/gdpai_autoload.gd:21)
[GdPAI | debug] ApplyEffect [Before] ID=InstanceId(-9223367647784034845): agent props = {"at_target": null, "entity": null, "held_item": "wood", "hunger": 95.0603725}
[GdPAI | debug] ApplyEffect [After] ID=InstanceId(-9223367647784034845): agent props = {"at_target": null, "entity": null, "held_item": "wood", "hunger": 95.0603725}
[GdPAI | debug]   Snapshotting prop: at_target = Nil (Variant type: NIL)
[GdPAI | debug]   Snapshotting prop: entity = Nil (Variant type: NIL)
[GdPAI | debug]   Snapshotting prop: held_item = Str("wood") (Variant type: STRING)
[GdPAI | debug]   Snapshotting prop: hunger = Float(95.0603725) (Variant type: FLOAT)
WARNING: [GdPAI] ObjectRef(124621163998): object was freed before callback; returning Nil.
   at: gdplanningai_rust::logger::process_logs (src\logger.rs:66)
   GDScript backtrace (most recent call first):
       [0] _drain_scheduler (res://test/integration/test_campfire_example_smoke.gd:27)
[GdPAI | debug] ApplyEffect [Before] ID=InstanceId(-9223367647112946194): agent props = {"held_item": "wood", "hunger": 70.0627442063492, "entity": null}
[GdPAI | debug] ApplyEffect [After] ID=InstanceId(-9223367647112946194): agent props = {"held_item": "wood", "hunger": 70.0627442063492, "entity": null}
[GdPAI | debug]   Snapshotting prop: held_item = Str("wood") (Variant type: STRING)
[GdPAI | debug]   Snapshotting prop: hunger = Float(70.0627442063492) (Variant type: FLOAT)
[GdPAI | debug]   Snapshotting prop: entity = Nil (Variant type: NIL)
WARNING: [GdPAI] ObjectRef(1382643928884): object was freed before callback; returning Nil.
   at: gdplanningai_rust::logger::process_logs (src\logger.rs:66)
   GDScript backtrace (most recent call first):
       [0] _drain_scheduler (res://test/integration/test_campfire_example_smoke.gd:27)
WARNING: [GdPAI] ObjectRef(1382643928884): object was freed before callback; returning Nil.
   at: gdplanningai_rust::logger::process_logs (src\logger.rs:66)
   GDScript backtrace (most recent call first):
       [0] _drain_scheduler (res://test/integration/test_campfire_example_smoke.gd:27)
[GdPAI | debug] GetCost: callable returned non-numeric value: null; returning INFINITY
WARNING: [GdPAI] ObjectRef(124621163998): object was freed before callback; returning Nil.
   at: gdplanningai_rust::logger::process_logs (src\logger.rs:66)
   GDScript backtrace (most recent call first):
       [0] _process (res://addons/GdPlanningAI/gdpai_autoload.gd:21)
[GdPAI | debug] GetCost: callable returned non-numeric value: null; returning INFINITY
WARNING: [GdPAI] ObjectRef(1382643928884): object was freed before callback; returning Nil.
   at: gdplanningai_rust::logger::process_logs (src\logger.rs:66)
   GDScript backtrace (most recent call first):
       [0] _process (res://addons/GdPlanningAI/gdpai_autoload.gd:21)
WARNING: [GdPAI] ObjectRef(1382643928884): object was freed before callback; returning Nil.
   at: gdplanningai_rust::logger::process_logs (src\logger.rs:66)
   GDScript backtrace (most recent call first):
       [0] _process (res://addons/GdPlanningAI/gdpai_autoload.gd:21)
[GdPAI | debug] ApplyEffect [Before] ID=InstanceId(-9223367645233897996): agent props = {"held_item": "", "hunger": 95.0603725, "entity": null}
[GdPAI | debug] ApplyEffect [After] ID=InstanceId(-9223367645233897996): agent props = {"held_item": "", "hunger": 95.0603725, "entity": null}
[GdPAI | debug]   Snapshotting prop: held_item = Str("") (Variant type: STRING)
[GdPAI | debug]   Snapshotting prop: hunger = Float(95.0603725) (Variant type: FLOAT)
[GdPAI | debug]   Snapshotting prop: entity = Nil (Variant type: NIL)
WARNING: [GdPAI] ObjectRef(124621163998): object was freed before callback; returning Nil.
   at: gdplanningai_rust::logger::process_logs (src\logger.rs:66)
   GDScript backtrace (most recent call first):
       [0] _drain_scheduler (res://test/integration/test_campfire_example_smoke.gd:27)
[GdPAI | debug] ApplyEffect [Before] ID=InstanceId(-9223367644512477679): agent props = {"held_item": "wood", "entity": null, "hunger": 70.0627442063492}
[GdPAI | debug] ApplyEffect [After] ID=InstanceId(-9223367644512477679): agent props = {"held_item": "wood", "entity": null, "hunger": 70.0627442063492}
[GdPAI | debug]   Snapshotting prop: held_item = Str("wood") (Variant type: STRING)
[GdPAI | debug]   Snapshotting prop: entity = Nil (Variant type: NIL)
[GdPAI | debug]   Snapshotting prop: hunger = Float(70.0627442063492) (Variant type: FLOAT)
WARNING: [GdPAI] ObjectRef(1382643928884): object was freed before callback; returning Nil.
   at: gdplanningai_rust::logger::process_logs (src\logger.rs:66)
   GDScript backtrace (most recent call first):
       [0] _drain_scheduler (res://test/integration/test_campfire_example_smoke.gd:27)
[GdPAI | debug] GetCost: callable returned non-numeric value: null; returning INFINITY
WARNING: [GdPAI] ObjectRef(124621163998): object was freed before callback; returning Nil.
   at: gdplanningai_rust::logger::process_logs (src\logger.rs:66)
   GDScript backtrace (most recent call first):
       [0] _process (res://addons/GdPlanningAI/gdpai_autoload.gd:21)
[GdPAI | debug] GetCost: callable returned non-numeric value: null; returning INFINITY
WARNING: [GdPAI] ObjectRef(1382643928884): object was freed before callback; returning Nil.
   at: gdplanningai_rust::logger::process_logs (src\logger.rs:66)
   GDScript backtrace (most recent call first):
       [0] _process (res://addons/GdPlanningAI/gdpai_autoload.gd:21)
[GdPAI | debug] ApplyEffect [Before] ID=InstanceId(-9223367642683761186): agent props = {"entity": null, "hunger": 95.0603725, "held_item": ""}
[GdPAI | debug] ApplyEffect [After] ID=InstanceId(-9223367642683761186): agent props = {"entity": null, "hunger": 95.0603725, "held_item": ""}
[GdPAI | debug]   Snapshotting prop: entity = Nil (Variant type: NIL)
[GdPAI | debug]   Snapshotting prop: hunger = Float(95.0603725) (Variant type: FLOAT)
[GdPAI | debug]   Snapshotting prop: held_item = Str("") (Variant type: STRING)
WARNING: [GdPAI] ObjectRef(124621163998): object was freed before callback; returning Nil.
   at: gdplanningai_rust::logger::process_logs (src\logger.rs:66)
   GDScript backtrace (most recent call first):
       [0] _drain_scheduler (res://test/integration/test_campfire_example_smoke.gd:27)
[GdPAI | debug] ApplyEffect [Before] ID=InstanceId(-9223367642012672501): agent props = {"entity": null, "hunger": 70.0627442063492, "held_item": "wood"}
[GdPAI | debug] ApplyEffect [After] ID=InstanceId(-9223367642012672501): agent props = {"entity": null, "hunger": 70.0627442063492, "held_item": "wood"}
[GdPAI | debug]   Snapshotting prop: entity = Nil (Variant type: NIL)
[GdPAI | debug]   Snapshotting prop: hunger = Float(70.0627442063492) (Variant type: FLOAT)
[GdPAI | debug]   Snapshotting prop: held_item = Str("wood") (Variant type: STRING)
WARNING: [GdPAI] ObjectRef(1382643928884): object was freed before callback; returning Nil.
   at: gdplanningai_rust::logger::process_logs (src\logger.rs:66)
   GDScript backtrace (most recent call first):
       [0] _drain_scheduler (res://test/integration/test_campfire_example_smoke.gd:27)
[GdPAI | debug] GetCost: callable returned non-numeric value: null; returning INFINITY
[GdPAI | debug] Numeric comparison: 70.0627442063492 GreaterThan 0 -> true
WARNING: [GdPAI] ObjectRef(124621163998): object was freed before callback; returning Nil.
   at: gdplanningai_rust::logger::process_logs (src\logger.rs:66)
   GDScript backtrace (most recent call first):
       [0] _process (res://addons/GdPlanningAI/gdpai_autoload.gd:21)
WARNING: [GdPAI] ObjectRef(124621163998): object was freed before callback; returning Nil.
   at: gdplanningai_rust::logger::process_logs (src\logger.rs:66)
   GDScript backtrace (most recent call first):
       [0] _process (res://addons/GdPlanningAI/gdpai_autoload.gd:21)
WARNING: [GdPAI] ObjectRef(124134624705): object was freed before callback; returning Nil.
   at: gdplanningai_rust::logger::process_logs (src\logger.rs:66)
   GDScript backtrace (most recent call first):
       [0] _process (res://addons/GdPlanningAI/gdpai_autoload.gd:21)
WARNING: [GdPAI] ObjectRef(125510356497): object was freed before callback; returning Nil.
   at: gdplanningai_rust::logger::process_logs (src\logger.rs:66)
   GDScript backtrace (most recent call first):
       [0] _process (res://addons/GdPlanningAI/gdpai_autoload.gd:21)
WARNING: [GdPAI] ObjectRef(124436614611): object was freed before callback; returning Nil.
   at: gdplanningai_rust::logger::process_logs (src\logger.rs:66)
   GDScript backtrace (most recent call first):
       [0] _process (res://addons/GdPlanningAI/gdpai_autoload.gd:21)
WARNING: [GdPAI] ObjectRef(124134624705): object was freed before callback; returning Nil.
   at: gdplanningai_rust::logger::process_logs (src\logger.rs:66)
   GDScript backtrace (most recent call first):
       [0] _process (res://addons/GdPlanningAI/gdpai_autoload.gd:21)
WARNING: [GdPAI] ObjectRef(125510356497): object was freed before callback; returning Nil.
   at: gdplanningai_rust::logger::process_logs (src\logger.rs:66)
   GDScript backtrace (most recent call first):
       [0] _process (res://addons/GdPlanningAI/gdpai_autoload.gd:21)
WARNING: [GdPAI] ObjectRef(124436614611): object was freed before callback; returning Nil.
   at: gdplanningai_rust::logger::process_logs (src\logger.rs:66)
   GDScript backtrace (most recent call first):
       [0] _process (res://addons/GdPlanningAI/gdpai_autoload.gd:21)
[GdPAI | debug] GetCost: callable returned non-numeric value: null; returning INFINITY
WARNING: [GdPAI] ObjectRef(1382643928884): object was freed before callback; returning Nil.
   at: gdplanningai_rust::logger::process_logs (src\logger.rs:66)
   GDScript backtrace (most recent call first):
       [0] _process (res://addons/GdPlanningAI/gdpai_autoload.gd:21)
[GdPAI | debug] ApplyEffect [Before] ID=InstanceId(-9223367640183955937): agent props = {"entity": null, "held_item": "", "hunger": 95.0603725}
[GdPAI | debug] ApplyEffect [After] ID=InstanceId(-9223367640183955937): agent props = {"entity": null, "held_item": "", "hunger": 95.0603725}
[GdPAI | debug]   Snapshotting prop: entity = Nil (Variant type: NIL)
[GdPAI | debug]   Snapshotting prop: held_item = Str("") (Variant type: STRING)
[GdPAI | debug]   Snapshotting prop: hunger = Float(95.0603725) (Variant type: FLOAT)
WARNING: [GdPAI] ObjectRef(124621163998): object was freed before callback; returning Nil.
   at: gdplanningai_rust::logger::process_logs (src\logger.rs:66)
   GDScript backtrace (most recent call first):
       [0] _drain_scheduler (res://test/integration/test_campfire_example_smoke.gd:27)
WARNING: [GdPAI] ObjectRef(124621163998): object was freed before callback; returning Nil.
   at: gdplanningai_rust::logger::process_logs (src\logger.rs:66)
   GDScript backtrace (most recent call first):
       [0] _drain_scheduler (res://test/integration/test_campfire_example_smoke.gd:27)
WARNING: [GdPAI] ObjectRef(124134624705): object was freed before callback; returning Nil.
   at: gdplanningai_rust::logger::process_logs (src\logger.rs:66)
   GDScript backtrace (most recent call first):
       [0] _drain_scheduler (res://test/integration/test_campfire_example_smoke.gd:27)
WARNING: [GdPAI] ObjectRef(125510356497): object was freed before callback; returning Nil.
   at: gdplanningai_rust::logger::process_logs (src\logger.rs:66)
   GDScript backtrace (most recent call first):
       [0] _drain_scheduler (res://test/integration/test_campfire_example_smoke.gd:27)
WARNING: [GdPAI] ObjectRef(124436614611): object was freed before callback; returning Nil.
   at: gdplanningai_rust::logger::process_logs (src\logger.rs:66)
   GDScript backtrace (most recent call first):
       [0] _drain_scheduler (res://test/integration/test_campfire_example_smoke.gd:27)
WARNING: [GdPAI] ObjectRef(124134624705): object was freed before callback; returning Nil.
   at: gdplanningai_rust::logger::process_logs (src\logger.rs:66)
   GDScript backtrace (most recent call first):
       [0] _drain_scheduler (res://test/integration/test_campfire_example_smoke.gd:27)
WARNING: [GdPAI] ObjectRef(125510356497): object was freed before callback; returning Nil.
   at: gdplanningai_rust::logger::process_logs (src\logger.rs:66)
   GDScript backtrace (most recent call first):
       [0] _drain_scheduler (res://test/integration/test_campfire_example_smoke.gd:27)
WARNING: [GdPAI] ObjectRef(124436614611): object was freed before callback; returning Nil.
   at: gdplanningai_rust::logger::process_logs (src\logger.rs:66)
   GDScript backtrace (most recent call first):
       [0] _drain_scheduler (res://test/integration/test_campfire_example_smoke.gd:27)
[GdPAI | debug] ApplyEffect [Before] ID=InstanceId(-9223367639160545744): agent props = {"held_item": "", "entity": null, "at_target": null, "hunger": 70.0627442063492}
[GdPAI | debug] ApplyEffect [After] ID=InstanceId(-9223367639160545744): agent props = {"held_item": "", "entity": null, "at_target": null, "hunger": 70.0627442063492}
[GdPAI | debug]   Snapshotting prop: held_item = Str("") (Variant type: STRING)
[GdPAI | debug]   Snapshotting prop: entity = Nil (Variant type: NIL)
[GdPAI | debug]   Snapshotting prop: at_target = Nil (Variant type: NIL)
[GdPAI | debug]   Snapshotting prop: hunger = Float(70.0627442063492) (Variant type: FLOAT)
WARNING: [GdPAI] ObjectRef(1382643928884): object was freed before callback; returning Nil.
   at: gdplanningai_rust::logger::process_logs (src\logger.rs:66)
   GDScript backtrace (most recent call first):
       [0] _drain_scheduler (res://test/integration/test_campfire_example_smoke.gd:27)
[GdPAI | debug] GetCost: callable returned non-numeric value: null; returning INFINITY
WARNING: [GdPAI] ObjectRef(124621163998): object was freed before callback; returning Nil.
   at: gdplanningai_rust::logger::process_logs (src\logger.rs:66)
   GDScript backtrace (most recent call first):
       [0] _process (res://addons/GdPlanningAI/gdpai_autoload.gd:21)
WARNING: [GdPAI] ObjectRef(124436614611): object was freed before callback; returning Nil.
   at: gdplanningai_rust::logger::process_logs (src\logger.rs:66)
   GDScript backtrace (most recent call first):
       [0] _process (res://addons/GdPlanningAI/gdpai_autoload.gd:21)
WARNING: [GdPAI] ObjectRef(124436614611): object was freed before callback; returning Nil.
   at: gdplanningai_rust::logger::process_logs (src\logger.rs:66)
   GDScript backtrace (most recent call first):
       [0] _process (res://addons/GdPlanningAI/gdpai_autoload.gd:21)
[GdPAI | debug] GetCost: callable returned non-numeric value: null; returning INFINITY
WARNING: [GdPAI] ObjectRef(1382643928884): object was freed before callback; returning Nil.
   at: gdplanningai_rust::logger::process_logs (src\logger.rs:66)
   GDScript backtrace (most recent call first):
       [0] _process (res://addons/GdPlanningAI/gdpai_autoload.gd:21)
[GdPAI | debug] ApplyEffect [Before] ID=InstanceId(-9223367636979507675): agent props = {"held_item": "wood", "hunger": 95.0603725, "entity": null}
[GdPAI | debug] ApplyEffect [After] ID=InstanceId(-9223367636979507675): agent props = {"held_item": "wood", "hunger": 95.0603725, "entity": null}
[GdPAI | debug]   Snapshotting prop: held_item = Str("wood") (Variant type: STRING)
[GdPAI | debug]   Snapshotting prop: hunger = Float(95.0603725) (Variant type: FLOAT)
[GdPAI | debug]   Snapshotting prop: entity = Nil (Variant type: NIL)
[GdPAI | debug] Numeric comparison: 95.0603725 GreaterThan 0 -> true
WARNING: [GdPAI] ObjectRef(124621163998): object was freed before callback; returning Nil.
   at: gdplanningai_rust::logger::process_logs (src\logger.rs:66)
   GDScript backtrace (most recent call first):
       [0] _drain_scheduler (res://test/integration/test_campfire_example_smoke.gd:27)
WARNING: [GdPAI] ObjectRef(124436614611): object was freed before callback; returning Nil.
   at: gdplanningai_rust::logger::process_logs (src\logger.rs:66)
   GDScript backtrace (most recent call first):
       [0] _drain_scheduler (res://test/integration/test_campfire_example_smoke.gd:27)
WARNING: [GdPAI] ObjectRef(124436614611): object was freed before callback; returning Nil.
   at: gdplanningai_rust::logger::process_logs (src\logger.rs:66)
   GDScript backtrace (most recent call first):
       [0] _drain_scheduler (res://test/integration/test_campfire_example_smoke.gd:27)
[GdPAI | debug] ApplyEffect [Before] ID=InstanceId(-9223367636207755681): agent props = {"entity": null, "at_target": null, "hunger": 70.0627442063492, "held_item": ""}
[GdPAI | debug] ApplyEffect [After] ID=InstanceId(-9223367636207755681): agent props = {"entity": null, "at_target": null, "hunger": 70.0627442063492, "held_item": ""}
[GdPAI | debug]   Snapshotting prop: entity = Nil (Variant type: NIL)
[GdPAI | debug]   Snapshotting prop: at_target = Nil (Variant type: NIL)
[GdPAI | debug]   Snapshotting prop: hunger = Float(70.0627442063492) (Variant type: FLOAT)
[GdPAI | debug]   Snapshotting prop: held_item = Str("") (Variant type: STRING)
WARNING: [GdPAI] ObjectRef(1382643928884): object was freed before callback; returning Nil.
   at: gdplanningai_rust::logger::process_logs (src\logger.rs:66)
   GDScript backtrace (most recent call first):
       [0] _drain_scheduler (res://test/integration/test_campfire_example_smoke.gd:27)
WARNING: [GdPAI] ObjectRef(1382643928884): object was freed before callback; returning Nil.
   at: gdplanningai_rust::logger::process_logs (src\logger.rs:66)
   GDScript backtrace (most recent call first):
       [0] _drain_scheduler (res://test/integration/test_campfire_example_smoke.gd:27)
WARNING: [GdPAI] ObjectRef(1382308384561): object was freed before callback; returning Nil.
   at: gdplanningai_rust::logger::process_logs (src\logger.rs:66)
   GDScript backtrace (most recent call first):
       [0] _drain_scheduler (res://test/integration/test_campfire_example_smoke.gd:27)
WARNING: [GdPAI] ObjectRef(1383046581817): object was freed before callback; returning Nil.
   at: gdplanningai_rust::logger::process_logs (src\logger.rs:66)
   GDScript backtrace (most recent call first):
       [0] _drain_scheduler (res://test/integration/test_campfire_example_smoke.gd:27)
WARNING: [GdPAI] ObjectRef(1382308384561): object was freed before callback; returning Nil.
   at: gdplanningai_rust::logger::process_logs (src\logger.rs:66)
   GDScript backtrace (most recent call first):
       [0] _drain_scheduler (res://test/integration/test_campfire_example_smoke.gd:27)
WARNING: [GdPAI] ObjectRef(1383046581817): object was freed before callback; returning Nil.
   at: gdplanningai_rust::logger::process_logs (src\logger.rs:66)
   GDScript backtrace (most recent call first):
       [0] _drain_scheduler (res://test/integration/test_campfire_example_smoke.gd:27)
[GdPAI | debug] GetCost: callable returned non-numeric value: null; returning INFINITY
WARNING: [GdPAI] ObjectRef(124621163998): object was freed before callback; returning Nil.
   at: gdplanningai_rust::logger::process_logs (src\logger.rs:66)
   GDScript backtrace (most recent call first):
       [0] _process (res://addons/GdPlanningAI/gdpai_autoload.gd:21)
[GdPAI | debug] GetCost: callable returned non-numeric value: null; returning INFINITY
WARNING: [GdPAI] ObjectRef(1382643928884): object was freed before callback; returning Nil.
   at: gdplanningai_rust::logger::process_logs (src\logger.rs:66)
   GDScript backtrace (most recent call first):
       [0] _process (res://addons/GdPlanningAI/gdpai_autoload.gd:21)
WARNING: [GdPAI] ObjectRef(1382643928884): object was freed before callback; returning Nil.
   at: gdplanningai_rust::logger::process_logs (src\logger.rs:66)
   GDScript backtrace (most recent call first):
       [0] _process (res://addons/GdPlanningAI/gdpai_autoload.gd:21)
WARNING: [GdPAI] ObjectRef(1382308384561): object was freed before callback; returning Nil.
   at: gdplanningai_rust::logger::process_logs (src\logger.rs:66)
   GDScript backtrace (most recent call first):
       [0] _process (res://addons/GdPlanningAI/gdpai_autoload.gd:21)
WARNING: [GdPAI] ObjectRef(1383046581817): object was freed before callback; returning Nil.
   at: gdplanningai_rust::logger::process_logs (src\logger.rs:66)
   GDScript backtrace (most recent call first):
       [0] _process (res://addons/GdPlanningAI/gdpai_autoload.gd:21)
WARNING: [GdPAI] ObjectRef(1382308384561): object was freed before callback; returning Nil.
   at: gdplanningai_rust::logger::process_logs (src\logger.rs:66)
   GDScript backtrace (most recent call first):
       [0] _process (res://addons/GdPlanningAI/gdpai_autoload.gd:21)
WARNING: [GdPAI] ObjectRef(1383046581817): object was freed before callback; returning Nil.
   at: gdplanningai_rust::logger::process_logs (src\logger.rs:66)
   GDScript backtrace (most recent call first):
       [0] _process (res://addons/GdPlanningAI/gdpai_autoload.gd:21)
[GdPAI | debug] ApplyEffect [Before] ID=InstanceId(-9223367634026717636): agent props = {"held_item": "", "entity": null, "at_target": null, "hunger": 95.0603725}
[GdPAI | debug] ApplyEffect [After] ID=InstanceId(-9223367634026717636): agent props = {"held_item": "", "entity": null, "at_target": null, "hunger": 95.0603725}
[GdPAI | debug]   Snapshotting prop: held_item = Str("") (Variant type: STRING)
[GdPAI | debug]   Snapshotting prop: entity = Nil (Variant type: NIL)
[GdPAI | debug]   Snapshotting prop: at_target = Nil (Variant type: NIL)
[GdPAI | debug]   Snapshotting prop: hunger = Float(95.0603725) (Variant type: FLOAT)
WARNING: [GdPAI] ObjectRef(124621163998): object was freed before callback; returning Nil.
   at: gdplanningai_rust::logger::process_logs (src\logger.rs:66)
   GDScript backtrace (most recent call first):
       [0] _drain_scheduler (res://test/integration/test_campfire_example_smoke.gd:27)
[GdPAI | debug] ApplyEffect [Before] ID=InstanceId(-9223367633103970713): agent props = {"held_item": "wood", "entity": null, "hunger": 70.0627442063492, "at_target": null}
[GdPAI | debug] ApplyEffect [After] ID=InstanceId(-9223367633103970713): agent props = {"held_item": "wood", "entity": null, "hunger": 70.0627442063492, "at_target": null}
[GdPAI | debug]   Snapshotting prop: held_item = Str("wood") (Variant type: STRING)
[GdPAI | debug]   Snapshotting prop: entity = Nil (Variant type: NIL)
[GdPAI | debug]   Snapshotting prop: hunger = Float(70.0627442063492) (Variant type: FLOAT)
[GdPAI | debug]   Snapshotting prop: at_target = Nil (Variant type: NIL)
WARNING: [GdPAI] ObjectRef(1382643928884): object was freed before callback; returning Nil.
   at: gdplanningai_rust::logger::process_logs (src\logger.rs:66)
   GDScript backtrace (most recent call first):
       [0] _drain_scheduler (res://test/integration/test_campfire_example_smoke.gd:27)
WARNING: [GdPAI] ObjectRef(1383046581817): object was freed before callback; returning Nil.
   at: gdplanningai_rust::logger::process_logs (src\logger.rs:66)
   GDScript backtrace (most recent call first):
       [0] _drain_scheduler (res://test/integration/test_campfire_example_smoke.gd:27)
WARNING: [GdPAI] ObjectRef(1383046581817): object was freed before callback; returning Nil.
   at: gdplanningai_rust::logger::process_logs (src\logger.rs:66)
   GDScript backtrace (most recent call first):
       [0] _drain_scheduler (res://test/integration/test_campfire_example_smoke.gd:27)
[GdPAI | debug] GetCost: callable returned non-numeric value: null; returning INFINITY
WARNING: [GdPAI] ObjectRef(124621163998): object was freed before callback; returning Nil.
   at: gdplanningai_rust::logger::process_logs (src\logger.rs:66)
   GDScript backtrace (most recent call first):
       [0] _process (res://addons/GdPlanningAI/gdpai_autoload.gd:21)
WARNING: [GdPAI] ObjectRef(125510356497): object was freed before callback; returning Nil.
   at: gdplanningai_rust::logger::process_logs (src\logger.rs:66)
   GDScript backtrace (most recent call first):
       [0] _process (res://addons/GdPlanningAI/gdpai_autoload.gd:21)
WARNING: [GdPAI] ObjectRef(125510356497): object was freed before callback; returning Nil.
   at: gdplanningai_rust::logger::process_logs (src\logger.rs:66)
   GDScript backtrace (most recent call first):
       [0] _process (res://addons/GdPlanningAI/gdpai_autoload.gd:21)
[GdPAI | debug] GetCost: callable returned non-numeric value: null; returning INFINITY
WARNING: [GdPAI] ObjectRef(1382643928884): object was freed before callback; returning Nil.
   at: gdplanningai_rust::logger::process_logs (src\logger.rs:66)
   GDScript backtrace (most recent call first):
       [0] _process (res://addons/GdPlanningAI/gdpai_autoload.gd:21)
WARNING: [GdPAI] ObjectRef(1383046581817): object was freed before callback; returning Nil.
   at: gdplanningai_rust::logger::process_logs (src\logger.rs:66)
   GDScript backtrace (most recent call first):
       [0] _process (res://addons/GdPlanningAI/gdpai_autoload.gd:21)
WARNING: [GdPAI] ObjectRef(1383046581817): object was freed before callback; returning Nil.
   at: gdplanningai_rust::logger::process_logs (src\logger.rs:66)
   GDScript backtrace (most recent call first):
       [0] _process (res://addons/GdPlanningAI/gdpai_autoload.gd:21)
[GdPAI | debug] ApplyEffect [Before] ID=InstanceId(-9223367631174590888): agent props = {"held_item": "", "entity": null, "hunger": 95.0603725, "at_target": null}
[GdPAI | debug] ApplyEffect [After] ID=InstanceId(-9223367631174590888): agent props = {"held_item": "", "entity": null, "hunger": 95.0603725, "at_target": null}
[GdPAI | debug]   Snapshotting prop: held_item = Str("") (Variant type: STRING)
[GdPAI | debug]   Snapshotting prop: entity = Nil (Variant type: NIL)
[GdPAI | debug]   Snapshotting prop: hunger = Float(95.0603725) (Variant type: FLOAT)
[GdPAI | debug]   Snapshotting prop: at_target = Nil (Variant type: NIL)
WARNING: [GdPAI] ObjectRef(124621163998): object was freed before callback; returning Nil.
   at: gdplanningai_rust::logger::process_logs (src\logger.rs:66)
   GDScript backtrace (most recent call first):
       [0] _drain_scheduler (res://test/integration/test_campfire_example_smoke.gd:27)
WARNING: [GdPAI] ObjectRef(125510356497): object was freed before callback; returning Nil.
   at: gdplanningai_rust::logger::process_logs (src\logger.rs:66)
   GDScript backtrace (most recent call first):
       [0] _drain_scheduler (res://test/integration/test_campfire_example_smoke.gd:27)
WARNING: [GdPAI] ObjectRef(125510356497): object was freed before callback; returning Nil.
   at: gdplanningai_rust::logger::process_logs (src\logger.rs:66)
   GDScript backtrace (most recent call first):
       [0] _drain_scheduler (res://test/integration/test_campfire_example_smoke.gd:27)
[GdPAI | debug] ApplyEffect [Before] ID=InstanceId(-9223367630302175581): agent props = {"entity": null, "at_target": null, "held_item": "wood", "hunger": 70.0627442063492}
[GdPAI | debug] ApplyEffect [After] ID=InstanceId(-9223367630302175581): agent props = {"entity": null, "at_target": null, "held_item": "wood", "hunger": 70.0627442063492}
[GdPAI | debug]   Snapshotting prop: entity = Nil (Variant type: NIL)
[GdPAI | debug]   Snapshotting prop: at_target = Nil (Variant type: NIL)
[GdPAI | debug]   Snapshotting prop: held_item = Str("wood") (Variant type: STRING)
[GdPAI | debug]   Snapshotting prop: hunger = Float(70.0627442063492) (Variant type: FLOAT)
WARNING: [GdPAI] ObjectRef(1382643928884): object was freed before callback; returning Nil.
   at: gdplanningai_rust::logger::process_logs (src\logger.rs:66)
   GDScript backtrace (most recent call first):
       [0] _drain_scheduler (res://test/integration/test_campfire_example_smoke.gd:27)
WARNING: [GdPAI] ObjectRef(1382308384561): object was freed before callback; returning Nil.
   at: gdplanningai_rust::logger::process_logs (src\logger.rs:66)
   GDScript backtrace (most recent call first):
       [0] _drain_scheduler (res://test/integration/test_campfire_example_smoke.gd:27)
WARNING: [GdPAI] ObjectRef(1382308384561): object was freed before callback; returning Nil.
   at: gdplanningai_rust::logger::process_logs (src\logger.rs:66)
   GDScript backtrace (most recent call first):
       [0] _drain_scheduler (res://test/integration/test_campfire_example_smoke.gd:27)
[GdPAI | debug] GetCost: callable returned non-numeric value: null; returning INFINITY
WARNING: [GdPAI] ObjectRef(124621163998): object was freed before callback; returning Nil.
   at: gdplanningai_rust::logger::process_logs (src\logger.rs:66)
   GDScript backtrace (most recent call first):
       [0] _process (res://addons/GdPlanningAI/gdpai_autoload.gd:21)
WARNING: [GdPAI] ObjectRef(124134624705): object was freed before callback; returning Nil.
   at: gdplanningai_rust::logger::process_logs (src\logger.rs:66)
   GDScript backtrace (most recent call first):
       [0] _process (res://addons/GdPlanningAI/gdpai_autoload.gd:21)
WARNING: [GdPAI] ObjectRef(124134624705): object was freed before callback; returning Nil.
   at: gdplanningai_rust::logger::process_logs (src\logger.rs:66)
   GDScript backtrace (most recent call first):
       [0] _process (res://addons/GdPlanningAI/gdpai_autoload.gd:21)
[GdPAI | debug] GetCost: callable returned non-numeric value: null; returning INFINITY
WARNING: [GdPAI] ObjectRef(1382643928884): object was freed before callback; returning Nil.
   at: gdplanningai_rust::logger::process_logs (src\logger.rs:66)
   GDScript backtrace (most recent call first):
       [0] _process (res://addons/GdPlanningAI/gdpai_autoload.gd:21)
WARNING: [GdPAI] ObjectRef(1382308384561): object was freed before callback; returning Nil.
   at: gdplanningai_rust::logger::process_logs (src\logger.rs:66)
   GDScript backtrace (most recent call first):
       [0] _process (res://addons/GdPlanningAI/gdpai_autoload.gd:21)
WARNING: [GdPAI] ObjectRef(1382308384561): object was freed before callback; returning Nil.
   at: gdplanningai_rust::logger::process_logs (src\logger.rs:66)
   GDScript backtrace (most recent call first):
       [0] _process (res://addons/GdPlanningAI/gdpai_autoload.gd:21)
[GdPAI | debug] ApplyEffect [Before] ID=InstanceId(-9223367628272132442): agent props = {"hunger": 95.0603725, "held_item": "", "at_target": null, "entity": null}
[GdPAI | debug] ApplyEffect [After] ID=InstanceId(-9223367628272132442): agent props = {"hunger": 95.0603725, "held_item": "", "at_target": null, "entity": null}
[GdPAI | debug]   Snapshotting prop: hunger = Float(95.0603725) (Variant type: FLOAT)
[GdPAI | debug]   Snapshotting prop: held_item = Str("") (Variant type: STRING)
[GdPAI | debug]   Snapshotting prop: at_target = Nil (Variant type: NIL)
[GdPAI | debug]   Snapshotting prop: entity = Nil (Variant type: NIL)
WARNING: [GdPAI] ObjectRef(124621163998): object was freed before callback; returning Nil.
   at: gdplanningai_rust::logger::process_logs (src\logger.rs:66)
   GDScript backtrace (most recent call first):
       [0] _drain_scheduler (res://test/integration/test_campfire_example_smoke.gd:27)
WARNING: [GdPAI] ObjectRef(124134624705): object was freed before callback; returning Nil.
   at: gdplanningai_rust::logger::process_logs (src\logger.rs:66)
   GDScript backtrace (most recent call first):
       [0] _drain_scheduler (res://test/integration/test_campfire_example_smoke.gd:27)
WARNING: [GdPAI] ObjectRef(124134624705): object was freed before callback; returning Nil.
   at: gdplanningai_rust::logger::process_logs (src\logger.rs:66)
   GDScript backtrace (most recent call first):
       [0] _drain_scheduler (res://test/integration/test_campfire_example_smoke.gd:27)
[GdPAI | debug] ApplyEffect [Before] ID=InstanceId(-9223367627399717164): agent props = {"hunger": 70.0627442063492, "entity": null, "held_item": "wood", "at_target": null}
[GdPAI | debug] ApplyEffect [After] ID=InstanceId(-9223367627399717164): agent props = {"hunger": 70.0627442063492, "entity": null, "held_item": "wood", "at_target": null}
[GdPAI | debug]   Snapshotting prop: hunger = Float(70.0627442063492) (Variant type: FLOAT)
[GdPAI | debug]   Snapshotting prop: entity = Nil (Variant type: NIL)
[GdPAI | debug]   Snapshotting prop: held_item = Str("wood") (Variant type: STRING)
[GdPAI | debug]   Snapshotting prop: at_target = Nil (Variant type: NIL)
WARNING: [GdPAI] ObjectRef(1382643928884): object was freed before callback; returning Nil.
   at: gdplanningai_rust::logger::process_logs (src\logger.rs:66)
   GDScript backtrace (most recent call first):
       [0] _drain_scheduler (res://test/integration/test_campfire_example_smoke.gd:27)
[GdPAI | debug] GetCost: callable returned non-numeric value: null; returning INFINITY
WARNING: [GdPAI] ObjectRef(124621163998): object was freed before callback; returning Nil.
   at: gdplanningai_rust::logger::process_logs (src\logger.rs:66)
   GDScript backtrace (most recent call first):
       [0] _process (res://addons/GdPlanningAI/gdpai_autoload.gd:21)
[GdPAI | debug] GetCost: callable returned non-numeric value: null; returning INFINITY
WARNING: [GdPAI] ObjectRef(1382643928884): object was freed before callback; returning Nil.
   at: gdplanningai_rust::logger::process_logs (src\logger.rs:66)
   GDScript backtrace (most recent call first):
       [0] _process (res://addons/GdPlanningAI/gdpai_autoload.gd:21)
[GdPAI | debug] ApplyEffect [Before] ID=InstanceId(-9223367625470337385): agent props = {"entity": null, "hunger": 95.0603725, "held_item": "wood", "at_target": null}
[GdPAI | debug] ApplyEffect [After] ID=InstanceId(-9223367625470337385): agent props = {"entity": null, "hunger": 95.0603725, "held_item": "wood", "at_target": null}
[GdPAI | debug]   Snapshotting prop: entity = Nil (Variant type: NIL)
[GdPAI | debug]   Snapshotting prop: hunger = Float(95.0603725) (Variant type: FLOAT)
[GdPAI | debug]   Snapshotting prop: held_item = Str("wood") (Variant type: STRING)
[GdPAI | debug]   Snapshotting prop: at_target = Nil (Variant type: NIL)
WARNING: [GdPAI] ObjectRef(124621163998): object was freed before callback; returning Nil.
   at: gdplanningai_rust::logger::process_logs (src\logger.rs:66)
   GDScript backtrace (most recent call first):
       [0] _drain_scheduler (res://test/integration/test_campfire_example_smoke.gd:27)
[GdPAI | debug] ApplyEffect [Before] ID=InstanceId(-9223367624799248662): agent props = {"hunger": 70.0627442063492, "entity": null, "held_item": "wood", "at_target": null}
[GdPAI | debug] ApplyEffect [After] ID=InstanceId(-9223367624799248662): agent props = {"hunger": 70.0627442063492, "entity": null, "held_item": "wood", "at_target": null}
[GdPAI | debug]   Snapshotting prop: hunger = Float(70.0627442063492) (Variant type: FLOAT)
[GdPAI | debug]   Snapshotting prop: entity = Nil (Variant type: NIL)
[GdPAI | debug]   Snapshotting prop: held_item = Str("wood") (Variant type: STRING)
[GdPAI | debug]   Snapshotting prop: at_target = Nil (Variant type: NIL)
WARNING: [GdPAI] ObjectRef(1382643928884): object was freed before callback; returning Nil.
   at: gdplanningai_rust::logger::process_logs (src\logger.rs:66)
   GDScript backtrace (most recent call first):
       [0] _drain_scheduler (res://test/integration/test_campfire_example_smoke.gd:27)
WARNING: [GdPAI] ObjectRef(1382643928884): object was freed before callback; returning Nil.
   at: gdplanningai_rust::logger::process_logs (src\logger.rs:66)
   GDScript backtrace (most recent call first):
       [0] _drain_scheduler (res://test/integration/test_campfire_example_smoke.gd:27)
[GdPAI | debug] GetCost: callable returned non-numeric value: null; returning INFINITY
WARNING: [GdPAI] ObjectRef(124621163998): object was freed before callback; returning Nil.
   at: gdplanningai_rust::logger::process_logs (src\logger.rs:66)
   GDScript backtrace (most recent call first):
       [0] _process (res://addons/GdPlanningAI/gdpai_autoload.gd:21)
WARNING: [GdPAI] ObjectRef(124621163998): object was freed before callback; returning Nil.
   at: gdplanningai_rust::logger::process_logs (src\logger.rs:66)
   GDScript backtrace (most recent call first):
       [0] _process (res://addons/GdPlanningAI/gdpai_autoload.gd:21)
[GdPAI | debug] GetCost: callable returned non-numeric value: null; returning INFINITY
WARNING: [GdPAI] ObjectRef(1382643928884): object was freed before callback; returning Nil.
   at: gdplanningai_rust::logger::process_logs (src\logger.rs:66)
   GDScript backtrace (most recent call first):
       [0] _process (res://addons/GdPlanningAI/gdpai_autoload.gd:21)
WARNING: [GdPAI] ObjectRef(1382643928884): object was freed before callback; returning Nil.
   at: gdplanningai_rust::logger::process_logs (src\logger.rs:66)
   GDScript backtrace (most recent call first):
       [0] _process (res://addons/GdPlanningAI/gdpai_autoload.gd:21)
[GdPAI | debug] ApplyEffect [Before] ID=InstanceId(-9223367622920200494): agent props = {"held_item": "", "entity": null, "hunger": 95.0603725}
[GdPAI | debug] ApplyEffect [After] ID=InstanceId(-9223367622920200494): agent props = {"held_item": "", "entity": null, "hunger": 95.0603725}
[GdPAI | debug]   Snapshotting prop: held_item = Str("") (Variant type: STRING)
[GdPAI | debug]   Snapshotting prop: entity = Nil (Variant type: NIL)
[GdPAI | debug]   Snapshotting prop: hunger = Float(95.0603725) (Variant type: FLOAT)
WARNING: [GdPAI] ObjectRef(124621163998): object was freed before callback; returning Nil.
   at: gdplanningai_rust::logger::process_logs (src\logger.rs:66)
   GDScript backtrace (most recent call first):
       [0] _drain_scheduler (res://test/integration/test_campfire_example_smoke.gd:27)
WARNING: [GdPAI] ObjectRef(124621163998): object was freed before callback; returning Nil.
   at: gdplanningai_rust::logger::process_logs (src\logger.rs:66)
   GDScript backtrace (most recent call first):
       [0] _drain_scheduler (res://test/integration/test_campfire_example_smoke.gd:27)
[GdPAI | debug] ApplyEffect [Before] ID=InstanceId(-9223367622148448517): agent props = {"entity": null, "hunger": 70.0627442063492, "held_item": ""}
[GdPAI | debug] ApplyEffect [After] ID=InstanceId(-9223367622148448517): agent props = {"entity": null, "hunger": 70.0627442063492, "held_item": ""}
[GdPAI | debug]   Snapshotting prop: entity = Nil (Variant type: NIL)
[GdPAI | debug]   Snapshotting prop: hunger = Float(70.0627442063492) (Variant type: FLOAT)
[GdPAI | debug]   Snapshotting prop: held_item = Str("") (Variant type: STRING)
WARNING: [GdPAI] ObjectRef(1382643928884): object was freed before callback; returning Nil.
   at: gdplanningai_rust::logger::process_logs (src\logger.rs:66)
   GDScript backtrace (most recent call first):
       [0] _drain_scheduler (res://test/integration/test_campfire_example_smoke.gd:27)
[GdPAI | debug] GetCost: callable returned non-numeric value: null; returning INFINITY
WARNING: [GdPAI] ObjectRef(124621163998): object was freed before callback; returning Nil.
   at: gdplanningai_rust::logger::process_logs (src\logger.rs:66)
   GDScript backtrace (most recent call first):
       [0] _process (res://addons/GdPlanningAI/gdpai_autoload.gd:21)
[GdPAI | debug] GetCost: callable returned non-numeric value: null; returning INFINITY
WARNING: [GdPAI] ObjectRef(1382643928884): object was freed before callback; returning Nil.
   at: gdplanningai_rust::logger::process_logs (src\logger.rs:66)
   GDScript backtrace (most recent call first):
       [0] _process (res://addons/GdPlanningAI/gdpai_autoload.gd:21)
[GdPAI | debug] ApplyEffect [Before] ID=InstanceId(-9223367620269400358): agent props = {"entity": null, "held_item": "", "hunger": 95.0603725}
[GdPAI | debug] ApplyEffect [After] ID=InstanceId(-9223367620269400358): agent props = {"entity": null, "held_item": "", "hunger": 95.0603725}
[GdPAI | debug]   Snapshotting prop: entity = Nil (Variant type: NIL)
[GdPAI | debug]   Snapshotting prop: held_item = Str("") (Variant type: STRING)
[GdPAI | debug]   Snapshotting prop: hunger = Float(95.0603725) (Variant type: FLOAT)
WARNING: [GdPAI] ObjectRef(124621163998): object was freed before callback; returning Nil.
   at: gdplanningai_rust::logger::process_logs (src\logger.rs:66)
   GDScript backtrace (most recent call first):
       [0] _drain_scheduler (res://test/integration/test_campfire_example_smoke.gd:27)
[GdPAI | debug] ApplyEffect [Before] ID=InstanceId(-9223367619598311700): agent props = {"entity": null, "hunger": 70.0627442063492, "held_item": ""}
[GdPAI | debug] ApplyEffect [After] ID=InstanceId(-9223367619598311700): agent props = {"entity": null, "hunger": 70.0627442063492, "held_item": ""}
[GdPAI | debug]   Snapshotting prop: entity = Nil (Variant type: NIL)
[GdPAI | debug]   Snapshotting prop: hunger = Float(70.0627442063492) (Variant type: FLOAT)
[GdPAI | debug]   Snapshotting prop: held_item = Str("") (Variant type: STRING)
WARNING: [GdPAI] ObjectRef(1382643928884): object was freed before callback; returning Nil.
   at: gdplanningai_rust::logger::process_logs (src\logger.rs:66)
   GDScript backtrace (most recent call first):
       [0] _drain_scheduler (res://test/integration/test_campfire_example_smoke.gd:27)
[GdPAI | debug] GetCost: callable returned non-numeric value: null; returning INFINITY
WARNING: [GdPAI] ObjectRef(124621163998): object was freed before callback; returning Nil.
   at: gdplanningai_rust::logger::process_logs (src\logger.rs:66)
   GDScript backtrace (most recent call first):
       [0] _process (res://addons/GdPlanningAI/gdpai_autoload.gd:21)
[GdPAI | debug] GetCost: callable returned non-numeric value: null; returning INFINITY
WARNING: [GdPAI] ObjectRef(1382643928884): object was freed before callback; returning Nil.
   at: gdplanningai_rust::logger::process_logs (src\logger.rs:66)
   GDScript backtrace (most recent call first):
       [0] _process (res://addons/GdPlanningAI/gdpai_autoload.gd:21)
[GdPAI | debug] ApplyEffect [Before] ID=InstanceId(-9223367617769595123): agent props = {"entity": null, "hunger": 95.0603725, "held_item": ""}
[GdPAI | debug] ApplyEffect [After] ID=InstanceId(-9223367617769595123): agent props = {"entity": null, "hunger": 95.0603725, "held_item": ""}
[GdPAI | debug]   Snapshotting prop: entity = Nil (Variant type: NIL)
[GdPAI | debug]   Snapshotting prop: hunger = Float(95.0603725) (Variant type: FLOAT)
[GdPAI | debug]   Snapshotting prop: held_item = Str("") (Variant type: STRING)
WARNING: [GdPAI] ObjectRef(124621163998): object was freed before callback; returning Nil.
   at: gdplanningai_rust::logger::process_logs (src\logger.rs:66)
   GDScript backtrace (most recent call first):
       [0] _drain_scheduler (res://test/integration/test_campfire_example_smoke.gd:27)
[GdPAI | debug] ApplyEffect [Before] ID=InstanceId(-9223367617098506472): agent props = {"entity": null, "held_item": "wood", "hunger": 70.0627442063492}
[GdPAI | debug] ApplyEffect [After] ID=InstanceId(-9223367617098506472): agent props = {"entity": null, "held_item": "wood", "hunger": 70.0627442063492}
[GdPAI | debug]   Snapshotting prop: entity = Nil (Variant type: NIL)
[GdPAI | debug]   Snapshotting prop: held_item = Str("wood") (Variant type: STRING)
[GdPAI | debug]   Snapshotting prop: hunger = Float(70.0627442063492) (Variant type: FLOAT)
WARNING: [GdPAI] ObjectRef(1382643928884): object was freed before callback; returning Nil.
   at: gdplanningai_rust::logger::process_logs (src\logger.rs:66)
   GDScript backtrace (most recent call first):
       [0] _drain_scheduler (res://test/integration/test_campfire_example_smoke.gd:27)
[GdPAI | debug] GetCost: callable returned non-numeric value: null; returning INFINITY
WARNING: [GdPAI] ObjectRef(124621163998): object was freed before callback; returning Nil.
   at: gdplanningai_rust::logger::process_logs (src\logger.rs:66)
   GDScript backtrace (most recent call first):
       [0] _process (res://addons/GdPlanningAI/gdpai_autoload.gd:21)
[GdPAI | debug] GetCost: callable returned non-numeric value: null; returning INFINITY
WARNING: [GdPAI] ObjectRef(1382643928884): object was freed before callback; returning Nil.
   at: gdplanningai_rust::logger::process_logs (src\logger.rs:66)
   GDScript backtrace (most recent call first):
       [0] _process (res://addons/GdPlanningAI/gdpai_autoload.gd:21)
[GdPAI | debug] ApplyEffect [Before] ID=InstanceId(-9223367615269789991): agent props = {"entity": null, "hunger": 95.0603725, "held_item": "wood"}
[GdPAI | debug] ApplyEffect [After] ID=InstanceId(-9223367615269789991): agent props = {"entity": null, "hunger": 95.0603725, "held_item": "wood"}
[GdPAI | debug]   Snapshotting prop: entity = Nil (Variant type: NIL)
[GdPAI | debug]   Snapshotting prop: hunger = Float(95.0603725) (Variant type: FLOAT)
[GdPAI | debug]   Snapshotting prop: held_item = Str("wood") (Variant type: STRING)
WARNING: [GdPAI] ObjectRef(124621163998): object was freed before callback; returning Nil.
   at: gdplanningai_rust::logger::process_logs (src\logger.rs:66)
   GDScript backtrace (most recent call first):
       [0] _drain_scheduler (res://test/integration/test_campfire_example_smoke.gd:27)
[GdPAI | debug] ApplyEffect [Before] ID=InstanceId(-9223367614598701315): agent props = {"held_item": "wood", "hunger": 70.0627442063492, "entity": null}
[GdPAI | debug] ApplyEffect [After] ID=InstanceId(-9223367614598701315): agent props = {"held_item": "wood", "hunger": 70.0627442063492, "entity": null}
[GdPAI | debug]   Snapshotting prop: held_item = Str("wood") (Variant type: STRING)
[GdPAI | debug]   Snapshotting prop: hunger = Float(70.0627442063492) (Variant type: FLOAT)
[GdPAI | debug]   Snapshotting prop: entity = Nil (Variant type: NIL)
WARNING: [GdPAI] ObjectRef(1382643928884): object was freed before callback; returning Nil.
   at: gdplanningai_rust::logger::process_logs (src\logger.rs:66)
   GDScript backtrace (most recent call first):
       [0] _drain_scheduler (res://test/integration/test_campfire_example_smoke.gd:27)
WARNING: [GdPAI] ObjectRef(1382643928884): object was freed before callback; returning Nil.
   at: gdplanningai_rust::logger::process_logs (src\logger.rs:66)
   GDScript backtrace (most recent call first):
       [0] _drain_scheduler (res://test/integration/test_campfire_example_smoke.gd:27)
[GdPAI | debug] GetCost: callable returned non-numeric value: null; returning INFINITY
WARNING: [GdPAI] ObjectRef(124621163998): object was freed before callback; returning Nil.
   at: gdplanningai_rust::logger::process_logs (src\logger.rs:66)
   GDScript backtrace (most recent call first):
       [0] _process (res://addons/GdPlanningAI/gdpai_autoload.gd:21)
[GdPAI | debug] GetCost: callable returned non-numeric value: null; returning INFINITY
WARNING: [GdPAI] ObjectRef(1382643928884): object was freed before callback; returning Nil.
   at: gdplanningai_rust::logger::process_logs (src\logger.rs:66)
   GDScript backtrace (most recent call first):
       [0] _process (res://addons/GdPlanningAI/gdpai_autoload.gd:21)
WARNING: [GdPAI] ObjectRef(1382643928884): object was freed before callback; returning Nil.
   at: gdplanningai_rust::logger::process_logs (src\logger.rs:66)
   GDScript backtrace (most recent call first):
       [0] _process (res://addons/GdPlanningAI/gdpai_autoload.gd:21)
[GdPAI | debug] ApplyEffect [Before] ID=InstanceId(-9223367612719653082): agent props = {"entity": null, "hunger": 95.0603725, "held_item": ""}
[GdPAI | debug] ApplyEffect [After] ID=InstanceId(-9223367612719653082): agent props = {"entity": null, "hunger": 95.0603725, "held_item": ""}
[GdPAI | debug]   Snapshotting prop: entity = Nil (Variant type: NIL)
[GdPAI | debug]   Snapshotting prop: hunger = Float(95.0603725) (Variant type: FLOAT)
[GdPAI | debug]   Snapshotting prop: held_item = Str("") (Variant type: STRING)
WARNING: [GdPAI] ObjectRef(124621163998): object was freed before callback; returning Nil.
   at: gdplanningai_rust::logger::process_logs (src\logger.rs:66)
   GDScript backtrace (most recent call first):
       [0] _drain_scheduler (res://test/integration/test_campfire_example_smoke.gd:27)
[GdPAI | debug] ApplyEffect [Before] ID=InstanceId(-9223367611998232771): agent props = {"entity": null, "held_item": "wood", "hunger": 70.0627442063492}
[GdPAI | debug] ApplyEffect [After] ID=InstanceId(-9223367611998232771): agent props = {"entity": null, "held_item": "wood", "hunger": 70.0627442063492}
[GdPAI | debug]   Snapshotting prop: entity = Nil (Variant type: NIL)
[GdPAI | debug]   Snapshotting prop: held_item = Str("wood") (Variant type: STRING)
[GdPAI | debug]   Snapshotting prop: hunger = Float(70.0627442063492) (Variant type: FLOAT)
WARNING: [GdPAI] ObjectRef(1382643928884): object was freed before callback; returning Nil.
   at: gdplanningai_rust::logger::process_logs (src\logger.rs:66)
   GDScript backtrace (most recent call first):
       [0] _drain_scheduler (res://test/integration/test_campfire_example_smoke.gd:27)
[GdPAI | debug] GetCost: callable returned non-numeric value: null; returning INFINITY
WARNING: [GdPAI] ObjectRef(124621163998): object was freed before callback; returning Nil.
   at: gdplanningai_rust::logger::process_logs (src\logger.rs:66)
   GDScript backtrace (most recent call first):
       [0] _process (res://addons/GdPlanningAI/gdpai_autoload.gd:21)
[GdPAI | debug] GetCost: callable returned non-numeric value: null; returning INFINITY
WARNING: [GdPAI] ObjectRef(1382643928884): object was freed before callback; returning Nil.
   at: gdplanningai_rust::logger::process_logs (src\logger.rs:66)
   GDScript backtrace (most recent call first):
       [0] _process (res://addons/GdPlanningAI/gdpai_autoload.gd:21)
[GdPAI | debug] ApplyEffect [Before] ID=InstanceId(-9223367610169516242): agent props = {"entity": null, "hunger": 95.0603725, "held_item": ""}
[GdPAI | debug] ApplyEffect [After] ID=InstanceId(-9223367610169516242): agent props = {"entity": null, "hunger": 95.0603725, "held_item": ""}
[GdPAI | debug]   Snapshotting prop: entity = Nil (Variant type: NIL)
[GdPAI | debug]   Snapshotting prop: hunger = Float(95.0603725) (Variant type: FLOAT)
[GdPAI | debug]   Snapshotting prop: held_item = Str("") (Variant type: STRING)
WARNING: [GdPAI] ObjectRef(124621163998): object was freed before callback; returning Nil.
   at: gdplanningai_rust::logger::process_logs (src\logger.rs:66)
   GDScript backtrace (most recent call first):
       [0] _drain_scheduler (res://test/integration/test_campfire_example_smoke.gd:27)
[GdPAI | debug] ApplyEffect [Before] ID=InstanceId(-9223367609498427580): agent props = {"held_item": "wood", "hunger": 70.0627442063492, "entity": null}
[GdPAI | debug] ApplyEffect [After] ID=InstanceId(-9223367609498427580): agent props = {"held_item": "wood", "hunger": 70.0627442063492, "entity": null}
[GdPAI | debug]   Snapshotting prop: held_item = Str("wood") (Variant type: STRING)
[GdPAI | debug]   Snapshotting prop: hunger = Float(70.0627442063492) (Variant type: FLOAT)
[GdPAI | debug]   Snapshotting prop: entity = Nil (Variant type: NIL)
WARNING: [GdPAI] ObjectRef(1382643928884): object was freed before callback; returning Nil.
   at: gdplanningai_rust::logger::process_logs (src\logger.rs:66)
   GDScript backtrace (most recent call first):
       [0] _drain_scheduler (res://test/integration/test_campfire_example_smoke.gd:27)
[GdPAI | debug] GetCost: callable returned non-numeric value: null; returning INFINITY
WARNING: [GdPAI] ObjectRef(124621163998): object was freed before callback; returning Nil.
   at: gdplanningai_rust::logger::process_logs (src\logger.rs:66)
   GDScript backtrace (most recent call first):
       [0] _process (res://addons/GdPlanningAI/gdpai_autoload.gd:21)
WARNING: [GdPAI] ObjectRef(124621163998): object was freed before callback; returning Nil.
   at: gdplanningai_rust::logger::process_logs (src\logger.rs:66)
   GDScript backtrace (most recent call first):
       [0] _process (res://addons/GdPlanningAI/gdpai_autoload.gd:21)
[GdPAI | debug] GetCost: callable returned non-numeric value: null; returning INFINITY
WARNING: [GdPAI] ObjectRef(1382643928884): object was freed before callback; returning Nil.
   at: gdplanningai_rust::logger::process_logs (src\logger.rs:66)
   GDScript backtrace (most recent call first):
       [0] _process (res://addons/GdPlanningAI/gdpai_autoload.gd:21)
[GdPAI | debug] ApplyEffect [Before] ID=InstanceId(-9223367607669711063): agent props = {"hunger": 95.0603725, "entity": null, "held_item": ""}
[GdPAI | debug] ApplyEffect [After] ID=InstanceId(-9223367607669711063): agent props = {"hunger": 95.0603725, "entity": null, "held_item": ""}
[GdPAI | debug]   Snapshotting prop: hunger = Float(95.0603725) (Variant type: FLOAT)
[GdPAI | debug]   Snapshotting prop: entity = Nil (Variant type: NIL)
[GdPAI | debug]   Snapshotting prop: held_item = Str("") (Variant type: STRING)
WARNING: [GdPAI] ObjectRef(124621163998): object was freed before callback; returning Nil.
   at: gdplanningai_rust::logger::process_logs (src\logger.rs:66)
   GDScript backtrace (most recent call first):
       [0] _drain_scheduler (res://test/integration/test_campfire_example_smoke.gd:27)
WARNING: [GdPAI] ObjectRef(124621163998): object was freed before callback; returning Nil.
   at: gdplanningai_rust::logger::process_logs (src\logger.rs:66)
   GDScript backtrace (most recent call first):
       [0] _drain_scheduler (res://test/integration/test_campfire_example_smoke.gd:27)
[GdPAI | debug] ApplyEffect [Before] ID=InstanceId(-9223367606948290758): agent props = {"entity": null, "held_item": "", "hunger": 70.0627442063492}
[GdPAI | debug] ApplyEffect [After] ID=InstanceId(-9223367606948290758): agent props = {"entity": null, "held_item": "", "hunger": 70.0627442063492}
[GdPAI | debug]   Snapshotting prop: entity = Nil (Variant type: NIL)
[GdPAI | debug]   Snapshotting prop: held_item = Str("") (Variant type: STRING)
[GdPAI | debug]   Snapshotting prop: hunger = Float(70.0627442063492) (Variant type: FLOAT)
WARNING: [GdPAI] ObjectRef(1382643928884): object was freed before callback; returning Nil.
   at: gdplanningai_rust::logger::process_logs (src\logger.rs:66)
   GDScript backtrace (most recent call first):
       [0] _drain_scheduler (res://test/integration/test_campfire_example_smoke.gd:27)
[GdPAI | debug] GetCost: callable returned non-numeric value: null; returning INFINITY
WARNING: [GdPAI] ObjectRef(124621163998): object was freed before callback; returning Nil.
   at: gdplanningai_rust::logger::process_logs (src\logger.rs:66)
   GDScript backtrace (most recent call first):
       [0] _process (res://addons/GdPlanningAI/gdpai_autoload.gd:21)
[GdPAI | debug] GetCost: callable returned non-numeric value: null; returning INFINITY
WARNING: [GdPAI] ObjectRef(1382643928884): object was freed before callback; returning Nil.
   at: gdplanningai_rust::logger::process_logs (src\logger.rs:66)
   GDScript backtrace (most recent call first):
       [0] _process (res://addons/GdPlanningAI/gdpai_autoload.gd:21)
[GdPAI | debug] ApplyEffect [Before] ID=InstanceId(-9223367605069242594): agent props = {"entity": null, "held_item": "wood", "hunger": 95.0603725}
[GdPAI | debug] ApplyEffect [After] ID=InstanceId(-9223367605069242594): agent props = {"entity": null, "held_item": "wood", "hunger": 95.0603725}
[GdPAI | debug]   Snapshotting prop: entity = Nil (Variant type: NIL)
[GdPAI | debug]   Snapshotting prop: held_item = Str("wood") (Variant type: STRING)
[GdPAI | debug]   Snapshotting prop: hunger = Float(95.0603725) (Variant type: FLOAT)
WARNING: [GdPAI] ObjectRef(124621163998): object was freed before callback; returning Nil.
   at: gdplanningai_rust::logger::process_logs (src\logger.rs:66)
   GDScript backtrace (most recent call first):
       [0] _drain_scheduler (res://test/integration/test_campfire_example_smoke.gd:27)
[GdPAI | debug] ApplyEffect [Before] ID=InstanceId(-9223367604398153903): agent props = {"entity": null, "held_item": "", "hunger": 70.0627442063492}
[GdPAI | debug] ApplyEffect [After] ID=InstanceId(-9223367604398153903): agent props = {"entity": null, "held_item": "", "hunger": 70.0627442063492}
[GdPAI | debug]   Snapshotting prop: entity = Nil (Variant type: NIL)
[GdPAI | debug]   Snapshotting prop: held_item = Str("") (Variant type: STRING)
[GdPAI | debug]   Snapshotting prop: hunger = Float(70.0627442063492) (Variant type: FLOAT)
WARNING: [GdPAI] ObjectRef(1382643928884): object was freed before callback; returning Nil.
   at: gdplanningai_rust::logger::process_logs (src\logger.rs:66)
   GDScript backtrace (most recent call first):
       [0] _drain_scheduler (res://test/integration/test_campfire_example_smoke.gd:27)
WARNING: [GdPAI] ObjectRef(1382643928884): object was freed before callback; returning Nil.
   at: gdplanningai_rust::logger::process_logs (src\logger.rs:66)
   GDScript backtrace (most recent call first):
       [0] _drain_scheduler (res://test/integration/test_campfire_example_smoke.gd:27)
[GdPAI | debug] GetCost: callable returned non-numeric value: null; returning INFINITY
WARNING: [GdPAI] ObjectRef(124621163998): object was freed before callback; returning Nil.
   at: gdplanningai_rust::logger::process_logs (src\logger.rs:66)
   GDScript backtrace (most recent call first):
       [0] _process (res://addons/GdPlanningAI/gdpai_autoload.gd:21)
[GdPAI | debug] GetCost: callable returned non-numeric value: null; returning INFINITY
WARNING: [GdPAI] ObjectRef(1382643928884): object was freed before callback; returning Nil.
   at: gdplanningai_rust::logger::process_logs (src\logger.rs:66)
   GDScript backtrace (most recent call first):
       [0] _process (res://addons/GdPlanningAI/gdpai_autoload.gd:21)
WARNING: [GdPAI] ObjectRef(1382643928884): object was freed before callback; returning Nil.
   at: gdplanningai_rust::logger::process_logs (src\logger.rs:66)
   GDScript backtrace (most recent call first):
       [0] _process (res://addons/GdPlanningAI/gdpai_autoload.gd:21)
[GdPAI | debug] ApplyEffect [Before] ID=InstanceId(-9223367602519105752): agent props = {"entity": null, "held_item": "", "hunger": 95.0603725}
[GdPAI | debug] ApplyEffect [After] ID=InstanceId(-9223367602519105752): agent props = {"entity": null, "held_item": "", "hunger": 95.0603725}
[GdPAI | debug]   Snapshotting prop: entity = Nil (Variant type: NIL)
[GdPAI | debug]   Snapshotting prop: held_item = Str("") (Variant type: STRING)
[GdPAI | debug]   Snapshotting prop: hunger = Float(95.0603725) (Variant type: FLOAT)
WARNING: [GdPAI] ObjectRef(124621163998): object was freed before callback; returning Nil.
   at: gdplanningai_rust::logger::process_logs (src\logger.rs:66)
   GDScript backtrace (most recent call first):
       [0] _drain_scheduler (res://test/integration/test_campfire_example_smoke.gd:27)
[GdPAI | debug] ApplyEffect [Before] ID=InstanceId(-9223367601797685404): agent props = {"held_item": "wood", "hunger": 70.0627442063492, "entity": null}
[GdPAI | debug] ApplyEffect [After] ID=InstanceId(-9223367601797685404): agent props = {"held_item": "wood", "hunger": 70.0627442063492, "entity": null}
[GdPAI | debug]   Snapshotting prop: held_item = Str("wood") (Variant type: STRING)
[GdPAI | debug]   Snapshotting prop: hunger = Float(70.0627442063492) (Variant type: FLOAT)
[GdPAI | debug]   Snapshotting prop: entity = Nil (Variant type: NIL)
WARNING: [GdPAI] ObjectRef(1382643928884): object was freed before callback; returning Nil.
   at: gdplanningai_rust::logger::process_logs (src\logger.rs:66)
   GDScript backtrace (most recent call first):
       [0] _drain_scheduler (res://test/integration/test_campfire_example_smoke.gd:27)
[GdPAI | debug] GetCost: callable returned non-numeric value: null; returning INFINITY
WARNING: [GdPAI] ObjectRef(124621163998): object was freed before callback; returning Nil.
   at: gdplanningai_rust::logger::process_logs (src\logger.rs:66)
   GDScript backtrace (most recent call first):
       [0] _process (res://addons/GdPlanningAI/gdpai_autoload.gd:21)
[GdPAI | debug] GetCost: callable returned non-numeric value: null; returning INFINITY
WARNING: [GdPAI] ObjectRef(1382643928884): object was freed before callback; returning Nil.
   at: gdplanningai_rust::logger::process_logs (src\logger.rs:66)
   GDScript backtrace (most recent call first):
       [0] _process (res://addons/GdPlanningAI/gdpai_autoload.gd:21)
[GdPAI | debug] ApplyEffect [Before] ID=InstanceId(-9223367599968968855): agent props = {"entity": null, "hunger": 95.0603725, "held_item": ""}
[GdPAI | debug] ApplyEffect [After] ID=InstanceId(-9223367599968968855): agent props = {"entity": null, "hunger": 95.0603725, "held_item": ""}
[GdPAI | debug]   Snapshotting prop: entity = Nil (Variant type: NIL)
[GdPAI | debug]   Snapshotting prop: hunger = Float(95.0603725) (Variant type: FLOAT)
[GdPAI | debug]   Snapshotting prop: held_item = Str("") (Variant type: STRING)
WARNING: [GdPAI] ObjectRef(124621163998): object was freed before callback; returning Nil.
   at: gdplanningai_rust::logger::process_logs (src\logger.rs:66)
   GDScript backtrace (most recent call first):
       [0] _drain_scheduler (res://test/integration/test_campfire_example_smoke.gd:27)
[GdPAI | debug] ApplyEffect [Before] ID=InstanceId(-9223367599297880221): agent props = {"entity": null, "hunger": 70.0627442063492, "held_item": "wood"}
[GdPAI | debug] ApplyEffect [After] ID=InstanceId(-9223367599297880221): agent props = {"entity": null, "hunger": 70.0627442063492, "held_item": "wood"}
[GdPAI | debug]   Snapshotting prop: entity = Nil (Variant type: NIL)
[GdPAI | debug]   Snapshotting prop: hunger = Float(70.0627442063492) (Variant type: FLOAT)
[GdPAI | debug]   Snapshotting prop: held_item = Str("wood") (Variant type: STRING)
WARNING: [GdPAI] ObjectRef(1382643928884): object was freed before callback; returning Nil.
   at: gdplanningai_rust::logger::process_logs (src\logger.rs:66)
   GDScript backtrace (most recent call first):
       [0] _drain_scheduler (res://test/integration/test_campfire_example_smoke.gd:27)
[GdPAI | debug] GetCost: callable returned non-numeric value: null; returning INFINITY
WARNING: [GdPAI] ObjectRef(124621163998): object was freed before callback; returning Nil.
   at: gdplanningai_rust::logger::process_logs (src\logger.rs:66)
   GDScript backtrace (most recent call first):
       [0] _process (res://addons/GdPlanningAI/gdpai_autoload.gd:21)
[GdPAI | debug] GetCost: callable returned non-numeric value: null; returning INFINITY
WARNING: [GdPAI] ObjectRef(1382643928884): object was freed before callback; returning Nil.
   at: gdplanningai_rust::logger::process_logs (src\logger.rs:66)
   GDScript backtrace (most recent call first):
       [0] _process (res://addons/GdPlanningAI/gdpai_autoload.gd:21)
[GdPAI | debug] ApplyEffect [Before] ID=InstanceId(-9223367597469163649): agent props = {"held_item": "", "entity": null, "hunger": 95.0603725}
[GdPAI | debug] ApplyEffect [After] ID=InstanceId(-9223367597469163649): agent props = {"held_item": "", "entity": null, "hunger": 95.0603725}
[GdPAI | debug]   Snapshotting prop: held_item = Str("") (Variant type: STRING)
[GdPAI | debug]   Snapshotting prop: entity = Nil (Variant type: NIL)
[GdPAI | debug]   Snapshotting prop: hunger = Float(95.0603725) (Variant type: FLOAT)
WARNING: [GdPAI] ObjectRef(124621163998): object was freed before callback; returning Nil.
   at: gdplanningai_rust::logger::process_logs (src\logger.rs:66)
   GDScript backtrace (most recent call first):
       [0] _drain_scheduler (res://test/integration/test_campfire_example_smoke.gd:27)
[GdPAI | debug] ApplyEffect [Before] ID=InstanceId(-9223367596798075014): agent props = {"entity": null, "held_item": "wood", "hunger": 70.0627442063492}
[GdPAI | debug] ApplyEffect [After] ID=InstanceId(-9223367596798075014): agent props = {"entity": null, "held_item": "wood", "hunger": 70.0627442063492}
[GdPAI | debug]   Snapshotting prop: entity = Nil (Variant type: NIL)
[GdPAI | debug]   Snapshotting prop: held_item = Str("wood") (Variant type: STRING)
[GdPAI | debug]   Snapshotting prop: hunger = Float(70.0627442063492) (Variant type: FLOAT)
WARNING: [GdPAI] ObjectRef(1382643928884): object was freed before callback; returning Nil.
   at: gdplanningai_rust::logger::process_logs (src\logger.rs:66)
   GDScript backtrace (most recent call first):
       [0] _drain_scheduler (res://test/integration/test_campfire_example_smoke.gd:27)
[GdPAI | debug] GetCost: callable returned non-numeric value: null; returning INFINITY
WARNING: [GdPAI] ObjectRef(124621163998): object was freed before callback; returning Nil.
   at: gdplanningai_rust::logger::process_logs (src\logger.rs:66)
   GDScript backtrace (most recent call first):
       [0] _process (res://addons/GdPlanningAI/gdpai_autoload.gd:21)
[GdPAI | debug] GetCost: callable returned non-numeric value: null; returning INFINITY
WARNING: [GdPAI] ObjectRef(1382643928884): object was freed before callback; returning Nil.
   at: gdplanningai_rust::logger::process_logs (src\logger.rs:66)
   GDScript backtrace (most recent call first):
       [0] _process (res://addons/GdPlanningAI/gdpai_autoload.gd:21)
[GdPAI | debug] ApplyEffect [Before] ID=InstanceId(-9223367594969358457): agent props = {"entity": null, "held_item": "wood", "hunger": 95.0603725}
[GdPAI | debug] ApplyEffect [After] ID=InstanceId(-9223367594969358457): agent props = {"entity": null, "held_item": "wood", "hunger": 95.0603725}
[GdPAI | debug]   Snapshotting prop: entity = Nil (Variant type: NIL)
[GdPAI | debug]   Snapshotting prop: held_item = Str("wood") (Variant type: STRING)
[GdPAI | debug]   Snapshotting prop: hunger = Float(95.0603725) (Variant type: FLOAT)
WARNING: [GdPAI] ObjectRef(124621163998): object was freed before callback; returning Nil.
   at: gdplanningai_rust::logger::process_logs (src\logger.rs:66)
   GDScript backtrace (most recent call first):
       [0] _drain_scheduler (res://test/integration/test_campfire_example_smoke.gd:27)
[GdPAI | debug] ApplyEffect [Before] ID=InstanceId(-9223367594298269824): agent props = {"held_item": "wood", "hunger": 70.0627442063492, "entity": null}
[GdPAI | debug] ApplyEffect [After] ID=InstanceId(-9223367594298269824): agent props = {"held_item": "wood", "hunger": 70.0627442063492, "entity": null}
[GdPAI | debug]   Snapshotting prop: held_item = Str("wood") (Variant type: STRING)
[GdPAI | debug]   Snapshotting prop: hunger = Float(70.0627442063492) (Variant type: FLOAT)
[GdPAI | debug]   Snapshotting prop: entity = Nil (Variant type: NIL)
WARNING: [GdPAI] ObjectRef(1382643928884): object was freed before callback; returning Nil.
   at: gdplanningai_rust::logger::process_logs (src\logger.rs:66)
   GDScript backtrace (most recent call first):
       [0] _drain_scheduler (res://test/integration/test_campfire_example_smoke.gd:27)
WARNING: [GdPAI] ObjectRef(1382643928884): object was freed before callback; returning Nil.
   at: gdplanningai_rust::logger::process_logs (src\logger.rs:66)
   GDScript backtrace (most recent call first):
       [0] _drain_scheduler (res://test/integration/test_campfire_example_smoke.gd:27)
[GdPAI | debug] GetCost: callable returned non-numeric value: null; returning INFINITY
WARNING: [GdPAI] ObjectRef(124621163998): object was freed before callback; returning Nil.
   at: gdplanningai_rust::logger::process_logs (src\logger.rs:66)
   GDScript backtrace (most recent call first):
       [0] _process (res://addons/GdPlanningAI/gdpai_autoload.gd:21)
WARNING: [GdPAI] ObjectRef(124621163998): object was freed before callback; returning Nil.
   at: gdplanningai_rust::logger::process_logs (src\logger.rs:66)
   GDScript backtrace (most recent call first):
       [0] _process (res://addons/GdPlanningAI/gdpai_autoload.gd:21)
[GdPAI | debug] GetCost: callable returned non-numeric value: null; returning INFINITY
WARNING: [GdPAI] ObjectRef(1382643928884): object was freed before callback; returning Nil.
   at: gdplanningai_rust::logger::process_logs (src\logger.rs:66)
   GDScript backtrace (most recent call first):
       [0] _process (res://addons/GdPlanningAI/gdpai_autoload.gd:21)
WARNING: [GdPAI] ObjectRef(1382643928884): object was freed before callback; returning Nil.
   at: gdplanningai_rust::logger::process_logs (src\logger.rs:66)
   GDScript backtrace (most recent call first):
       [0] _process (res://addons/GdPlanningAI/gdpai_autoload.gd:21)
[GdPAI | debug] ApplyEffect [Before] ID=InstanceId(-9223367592419221637): agent props = {"held_item": "", "entity": null, "hunger": 95.0603725}
[GdPAI | debug] ApplyEffect [After] ID=InstanceId(-9223367592419221637): agent props = {"held_item": "", "entity": null, "hunger": 95.0603725}
[GdPAI | debug]   Snapshotting prop: held_item = Str("") (Variant type: STRING)
[GdPAI | debug]   Snapshotting prop: entity = Nil (Variant type: NIL)
[GdPAI | debug]   Snapshotting prop: hunger = Float(95.0603725) (Variant type: FLOAT)
WARNING: [GdPAI] ObjectRef(124621163998): object was freed before callback; returning Nil.
   at: gdplanningai_rust::logger::process_logs (src\logger.rs:66)
   GDScript backtrace (most recent call first):
       [0] _drain_scheduler (res://test/integration/test_campfire_example_smoke.gd:27)
WARNING: [GdPAI] ObjectRef(124621163998): object was freed before callback; returning Nil.
   at: gdplanningai_rust::logger::process_logs (src\logger.rs:66)
   GDScript backtrace (most recent call first):
       [0] _drain_scheduler (res://test/integration/test_campfire_example_smoke.gd:27)
[GdPAI | debug] ApplyEffect [Before] ID=InstanceId(-9223367591647469657): agent props = {"entity": null, "held_item": "", "hunger": 70.0627442063492}
[GdPAI | debug] ApplyEffect [After] ID=InstanceId(-9223367591647469657): agent props = {"entity": null, "held_item": "", "hunger": 70.0627442063492}
[GdPAI | debug]   Snapshotting prop: entity = Nil (Variant type: NIL)
[GdPAI | debug]   Snapshotting prop: held_item = Str("") (Variant type: STRING)
[GdPAI | debug]   Snapshotting prop: hunger = Float(70.0627442063492) (Variant type: FLOAT)
WARNING: [GdPAI] ObjectRef(1382643928884): object was freed before callback; returning Nil.
   at: gdplanningai_rust::logger::process_logs (src\logger.rs:66)
   GDScript backtrace (most recent call first):
       [0] _drain_scheduler (res://test/integration/test_campfire_example_smoke.gd:27)
[GdPAI | debug] GetCost: callable returned non-numeric value: null; returning INFINITY
WARNING: [GdPAI] ObjectRef(124621163998): object was freed before callback; returning Nil.
   at: gdplanningai_rust::logger::process_logs (src\logger.rs:66)
   GDScript backtrace (most recent call first):
       [0] _process (res://addons/GdPlanningAI/gdpai_autoload.gd:21)
[GdPAI | debug] GetCost: callable returned non-numeric value: null; returning INFINITY
WARNING: [GdPAI] ObjectRef(1382643928884): object was freed before callback; returning Nil.
   at: gdplanningai_rust::logger::process_logs (src\logger.rs:66)
   GDScript backtrace (most recent call first):
       [0] _process (res://addons/GdPlanningAI/gdpai_autoload.gd:21)
[GdPAI | debug] ApplyEffect [Before] ID=InstanceId(-9223367589768421521): agent props = {"held_item": "", "entity": null, "hunger": 95.0603725}
[GdPAI | debug] ApplyEffect [After] ID=InstanceId(-9223367589768421521): agent props = {"held_item": "", "entity": null, "hunger": 95.0603725}
[GdPAI | debug]   Snapshotting prop: held_item = Str("") (Variant type: STRING)
[GdPAI | debug]   Snapshotting prop: entity = Nil (Variant type: NIL)
[GdPAI | debug]   Snapshotting prop: hunger = Float(95.0603725) (Variant type: FLOAT)
WARNING: [GdPAI] ObjectRef(124621163998): object was freed before callback; returning Nil.
   at: gdplanningai_rust::logger::process_logs (src\logger.rs:66)
   GDScript backtrace (most recent call first):
       [0] _drain_scheduler (res://test/integration/test_campfire_example_smoke.gd:27)
[GdPAI | debug] ApplyEffect [Before] ID=InstanceId(-9223367589097332829): agent props = {"entity": null, "hunger": 70.0627442063492, "held_item": ""}
[GdPAI | debug] ApplyEffect [After] ID=InstanceId(-9223367589097332829): agent props = {"entity": null, "hunger": 70.0627442063492, "held_item": ""}
[GdPAI | debug]   Snapshotting prop: entity = Nil (Variant type: NIL)
[GdPAI | debug]   Snapshotting prop: hunger = Float(70.0627442063492) (Variant type: FLOAT)
[GdPAI | debug]   Snapshotting prop: held_item = Str("") (Variant type: STRING)
WARNING: [GdPAI] ObjectRef(1382643928884): object was freed before callback; returning Nil.
   at: gdplanningai_rust::logger::process_logs (src\logger.rs:66)
   GDScript backtrace (most recent call first):
       [0] _drain_scheduler (res://test/integration/test_campfire_example_smoke.gd:27)
[GdPAI | debug] GetCost: callable returned non-numeric value: null; returning INFINITY
WARNING: [GdPAI] ObjectRef(124621163998): object was freed before callback; returning Nil.
   at: gdplanningai_rust::logger::process_logs (src\logger.rs:66)
   GDScript backtrace (most recent call first):
       [0] _process (res://addons/GdPlanningAI/gdpai_autoload.gd:21)
[GdPAI | debug] GetCost: callable returned non-numeric value: null; returning INFINITY
WARNING: [GdPAI] ObjectRef(1382643928884): object was freed before callback; returning Nil.
   at: gdplanningai_rust::logger::process_logs (src\logger.rs:66)
   GDScript backtrace (most recent call first):
       [0] _process (res://addons/GdPlanningAI/gdpai_autoload.gd:21)
[GdPAI | debug] ApplyEffect [Before] ID=InstanceId(-9223367587268616260): agent props = {"held_item": "", "entity": null, "hunger": 95.0603725}
[GdPAI | debug] ApplyEffect [After] ID=InstanceId(-9223367587268616260): agent props = {"held_item": "", "entity": null, "hunger": 95.0603725}
[GdPAI | debug]   Snapshotting prop: held_item = Str("") (Variant type: STRING)
[GdPAI | debug]   Snapshotting prop: entity = Nil (Variant type: NIL)
[GdPAI | debug]   Snapshotting prop: hunger = Float(95.0603725) (Variant type: FLOAT)
WARNING: [GdPAI] ObjectRef(124621163998): object was freed before callback; returning Nil.
   at: gdplanningai_rust::logger::process_logs (src\logger.rs:66)
   GDScript backtrace (most recent call first):
       [0] _drain_scheduler (res://test/integration/test_campfire_example_smoke.gd:27)
[GdPAI | debug] ApplyEffect [Before] ID=InstanceId(-9223367586597527613): agent props = {"entity": null, "held_item": "wood", "hunger": 70.0627442063492}
[GdPAI | debug] ApplyEffect [After] ID=InstanceId(-9223367586597527613): agent props = {"entity": null, "held_item": "wood", "hunger": 70.0627442063492}
[GdPAI | debug]   Snapshotting prop: entity = Nil (Variant type: NIL)
[GdPAI | debug]   Snapshotting prop: held_item = Str("wood") (Variant type: STRING)
[GdPAI | debug]   Snapshotting prop: hunger = Float(70.0627442063492) (Variant type: FLOAT)
WARNING: [GdPAI] ObjectRef(1382643928884): object was freed before callback; returning Nil.
   at: gdplanningai_rust::logger::process_logs (src\logger.rs:66)
   GDScript backtrace (most recent call first):
       [0] _drain_scheduler (res://test/integration/test_campfire_example_smoke.gd:27)
[GdPAI | debug] GetCost: callable returned non-numeric value: null; returning INFINITY
WARNING: [GdPAI] ObjectRef(124621163998): object was freed before callback; returning Nil.
   at: gdplanningai_rust::logger::process_logs (src\logger.rs:66)
   GDScript backtrace (most recent call first):
       [0] _process (res://addons/GdPlanningAI/gdpai_autoload.gd:21)
[GdPAI | debug] GetCost: callable returned non-numeric value: null; returning INFINITY
WARNING: [GdPAI] ObjectRef(1382643928884): object was freed before callback; returning Nil.
   at: gdplanningai_rust::logger::process_logs (src\logger.rs:66)
   GDScript backtrace (most recent call first):
       [0] _process (res://addons/GdPlanningAI/gdpai_autoload.gd:21)
[GdPAI | debug] ApplyEffect [Before] ID=InstanceId(-9223367584768811089): agent props = {"held_item": "wood", "entity": null, "hunger": 95.0603725}
[GdPAI | debug] ApplyEffect [After] ID=InstanceId(-9223367584768811089): agent props = {"held_item": "wood", "entity": null, "hunger": 95.0603725}
[GdPAI | debug]   Snapshotting prop: held_item = Str("wood") (Variant type: STRING)
[GdPAI | debug]   Snapshotting prop: entity = Nil (Variant type: NIL)
[GdPAI | debug]   Snapshotting prop: hunger = Float(95.0603725) (Variant type: FLOAT)
WARNING: [GdPAI] ObjectRef(124621163998): object was freed before callback; returning Nil.
   at: gdplanningai_rust::logger::process_logs (src\logger.rs:66)
   GDScript backtrace (most recent call first):
       [0] _drain_scheduler (res://test/integration/test_campfire_example_smoke.gd:27)
[GdPAI | debug] ApplyEffect [Before] ID=InstanceId(-9223367584097722441): agent props = {"entity": null, "held_item": "wood", "hunger": 70.0627442063492}
[GdPAI | debug] ApplyEffect [After] ID=InstanceId(-9223367584097722441): agent props = {"entity": null, "held_item": "wood", "hunger": 70.0627442063492}
[GdPAI | debug]   Snapshotting prop: entity = Nil (Variant type: NIL)
[GdPAI | debug]   Snapshotting prop: held_item = Str("wood") (Variant type: STRING)
[GdPAI | debug]   Snapshotting prop: hunger = Float(70.0627442063492) (Variant type: FLOAT)
WARNING: [GdPAI] ObjectRef(1382643928884): object was freed before callback; returning Nil.
   at: gdplanningai_rust::logger::process_logs (src\logger.rs:66)
   GDScript backtrace (most recent call first):
       [0] _drain_scheduler (res://test/integration/test_campfire_example_smoke.gd:27)
WARNING: [GdPAI] ObjectRef(1382643928884): object was freed before callback; returning Nil.
   at: gdplanningai_rust::logger::process_logs (src\logger.rs:66)
   GDScript backtrace (most recent call first):
       [0] _drain_scheduler (res://test/integration/test_campfire_example_smoke.gd:27)
[GdPAI | debug] GetCost: callable returned non-numeric value: null; returning INFINITY
WARNING: [GdPAI] ObjectRef(124621163998): object was freed before callback; returning Nil.
   at: gdplanningai_rust::logger::process_logs (src\logger.rs:66)
   GDScript backtrace (most recent call first):
       [0] _process (res://addons/GdPlanningAI/gdpai_autoload.gd:21)
[GdPAI | debug] GetCost: callable returned non-numeric value: null; returning INFINITY
WARNING: [GdPAI] ObjectRef(1382643928884): object was freed before callback; returning Nil.
   at: gdplanningai_rust::logger::process_logs (src\logger.rs:66)
   GDScript backtrace (most recent call first):
       [0] _process (res://addons/GdPlanningAI/gdpai_autoload.gd:21)
WARNING: [GdPAI] ObjectRef(1382643928884): object was freed before callback; returning Nil.
   at: gdplanningai_rust::logger::process_logs (src\logger.rs:66)
   GDScript backtrace (most recent call first):
       [0] _process (res://addons/GdPlanningAI/gdpai_autoload.gd:21)
[GdPAI | debug] ApplyEffect [Before] ID=InstanceId(-9223367582218674268): agent props = {"held_item": "", "hunger": 95.0603725, "entity": null}
[GdPAI | debug] ApplyEffect [After] ID=InstanceId(-9223367582218674268): agent props = {"held_item": "", "hunger": 95.0603725, "entity": null}
[GdPAI | debug]   Snapshotting prop: held_item = Str("") (Variant type: STRING)
[GdPAI | debug]   Snapshotting prop: hunger = Float(95.0603725) (Variant type: FLOAT)
[GdPAI | debug]   Snapshotting prop: entity = Nil (Variant type: NIL)
WARNING: [GdPAI] ObjectRef(124621163998): object was freed before callback; returning Nil.
   at: gdplanningai_rust::logger::process_logs (src\logger.rs:66)
   GDScript backtrace (most recent call first):
       [0] _drain_scheduler (res://test/integration/test_campfire_example_smoke.gd:27)
[GdPAI | debug] ApplyEffect [Before] ID=InstanceId(-9223367581497253920): agent props = {"entity": null, "held_item": "wood", "hunger": 70.0627442063492}
[GdPAI | debug] ApplyEffect [After] ID=InstanceId(-9223367581497253920): agent props = {"entity": null, "held_item": "wood", "hunger": 70.0627442063492}
[GdPAI | debug]   Snapshotting prop: entity = Nil (Variant type: NIL)
[GdPAI | debug]   Snapshotting prop: held_item = Str("wood") (Variant type: STRING)
[GdPAI | debug]   Snapshotting prop: hunger = Float(70.0627442063492) (Variant type: FLOAT)
WARNING: [GdPAI] ObjectRef(1382643928884): object was freed before callback; returning Nil.
   at: gdplanningai_rust::logger::process_logs (src\logger.rs:66)
   GDScript backtrace (most recent call first):
       [0] _drain_scheduler (res://test/integration/test_campfire_example_smoke.gd:27)
[GdPAI | debug] GetCost: callable returned non-numeric value: null; returning INFINITY
WARNING: [GdPAI] ObjectRef(124621163998): object was freed before callback; returning Nil.
   at: gdplanningai_rust::logger::process_logs (src\logger.rs:66)
   GDScript backtrace (most recent call first):
       [0] _process (res://addons/GdPlanningAI/gdpai_autoload.gd:21)
[GdPAI | debug] GetCost: callable returned non-numeric value: null; returning INFINITY
WARNING: [GdPAI] ObjectRef(1382643928884): object was freed before callback; returning Nil.
   at: gdplanningai_rust::logger::process_logs (src\logger.rs:66)
   GDScript backtrace (most recent call first):
       [0] _process (res://addons/GdPlanningAI/gdpai_autoload.gd:21)
[GdPAI | debug] ApplyEffect [Before] ID=InstanceId(-9223367579668537389): agent props = {"hunger": 95.0603725, "held_item": "", "entity": null}
[GdPAI | debug] ApplyEffect [After] ID=InstanceId(-9223367579668537389): agent props = {"hunger": 95.0603725, "held_item": "", "entity": null}
[GdPAI | debug]   Snapshotting prop: hunger = Float(95.0603725) (Variant type: FLOAT)
[GdPAI | debug]   Snapshotting prop: held_item = Str("") (Variant type: STRING)
[GdPAI | debug]   Snapshotting prop: entity = Nil (Variant type: NIL)
WARNING: [GdPAI] ObjectRef(124621163998): object was freed before callback; returning Nil.
   at: gdplanningai_rust::logger::process_logs (src\logger.rs:66)
   GDScript backtrace (most recent call first):
       [0] _drain_scheduler (res://test/integration/test_campfire_example_smoke.gd:27)
[GdPAI | debug] ApplyEffect [Before] ID=InstanceId(-9223367578997448760): agent props = {"hunger": 70.0627442063492, "entity": null, "held_item": "wood"}
[GdPAI | debug] ApplyEffect [After] ID=InstanceId(-9223367578997448760): agent props = {"hunger": 70.0627442063492, "entity": null, "held_item": "wood"}
[GdPAI | debug]   Snapshotting prop: hunger = Float(70.0627442063492) (Variant type: FLOAT)
[GdPAI | debug]   Snapshotting prop: entity = Nil (Variant type: NIL)
[GdPAI | debug]   Snapshotting prop: held_item = Str("wood") (Variant type: STRING)
WARNING: [GdPAI] ObjectRef(1382643928884): object was freed before callback; returning Nil.
   at: gdplanningai_rust::logger::process_logs (src\logger.rs:66)
   GDScript backtrace (most recent call first):
       [0] _drain_scheduler (res://test/integration/test_campfire_example_smoke.gd:27)
[GdPAI | debug] GetCost: callable returned non-numeric value: null; returning INFINITY
WARNING: [GdPAI] ObjectRef(124621163998): object was freed before callback; returning Nil.
   at: gdplanningai_rust::logger::process_logs (src\logger.rs:66)
   GDScript backtrace (most recent call first):
       [0] _process (res://addons/GdPlanningAI/gdpai_autoload.gd:21)
WARNING: [GdPAI] ObjectRef(124621163998): object was freed before callback; returning Nil.
   at: gdplanningai_rust::logger::process_logs (src\logger.rs:66)
   GDScript backtrace (most recent call first):
       [0] _process (res://addons/GdPlanningAI/gdpai_autoload.gd:21)
[GdPAI | debug] GetCost: callable returned non-numeric value: null; returning INFINITY
WARNING: [GdPAI] ObjectRef(1382643928884): object was freed before callback; returning Nil.
   at: gdplanningai_rust::logger::process_logs (src\logger.rs:66)
   GDScript backtrace (most recent call first):
       [0] _process (res://addons/GdPlanningAI/gdpai_autoload.gd:21)
[GdPAI | debug] ApplyEffect [Before] ID=InstanceId(-9223367577168732172): agent props = {"held_item": "", "hunger": 95.0603725, "entity": null}
[GdPAI | debug] ApplyEffect [After] ID=InstanceId(-9223367577168732172): agent props = {"held_item": "", "hunger": 95.0603725, "entity": null}
[GdPAI | debug]   Snapshotting prop: held_item = Str("") (Variant type: STRING)
[GdPAI | debug]   Snapshotting prop: hunger = Float(95.0603725) (Variant type: FLOAT)
[GdPAI | debug]   Snapshotting prop: entity = Nil (Variant type: NIL)
WARNING: [GdPAI] ObjectRef(124621163998): object was freed before callback; returning Nil.
   at: gdplanningai_rust::logger::process_logs (src\logger.rs:66)
   GDScript backtrace (most recent call first):
       [0] _drain_scheduler (res://test/integration/test_campfire_example_smoke.gd:27)
WARNING: [GdPAI] ObjectRef(124621163998): object was freed before callback; returning Nil.
   at: gdplanningai_rust::logger::process_logs (src\logger.rs:66)
   GDScript backtrace (most recent call first):
       [0] _drain_scheduler (res://test/integration/test_campfire_example_smoke.gd:27)
[GdPAI | debug] ApplyEffect [Before] ID=InstanceId(-9223367576447311881): agent props = {"hunger": 70.0627442063492, "held_item": "", "entity": null}
[GdPAI | debug] ApplyEffect [After] ID=InstanceId(-9223367576447311881): agent props = {"hunger": 70.0627442063492, "held_item": "", "entity": null}
[GdPAI | debug]   Snapshotting prop: hunger = Float(70.0627442063492) (Variant type: FLOAT)
[GdPAI | debug]   Snapshotting prop: held_item = Str("") (Variant type: STRING)
[GdPAI | debug]   Snapshotting prop: entity = Nil (Variant type: NIL)
WARNING: [GdPAI] ObjectRef(1382643928884): object was freed before callback; returning Nil.
   at: gdplanningai_rust::logger::process_logs (src\logger.rs:66)
   GDScript backtrace (most recent call first):
       [0] _drain_scheduler (res://test/integration/test_campfire_example_smoke.gd:27)
[GdPAI | debug] GetCost: callable returned non-numeric value: null; returning INFINITY
WARNING: [GdPAI] ObjectRef(124621163998): object was freed before callback; returning Nil.
   at: gdplanningai_rust::logger::process_logs (src\logger.rs:66)
   GDScript backtrace (most recent call first):
       [0] _process (res://addons/GdPlanningAI/gdpai_autoload.gd:21)
[GdPAI | debug] GetCost: callable returned non-numeric value: null; returning INFINITY
WARNING: [GdPAI] ObjectRef(1382643928884): object was freed before callback; returning Nil.
   at: gdplanningai_rust::logger::process_logs (src\logger.rs:66)
   GDScript backtrace (most recent call first):
       [0] _process (res://addons/GdPlanningAI/gdpai_autoload.gd:21)
[GdPAI | debug] ApplyEffect [Before] ID=InstanceId(-9223367574568263698): agent props = {"held_item": "wood", "entity": null, "hunger": 95.0603725}
[GdPAI | debug] ApplyEffect [After] ID=InstanceId(-9223367574568263698): agent props = {"held_item": "wood", "entity": null, "hunger": 95.0603725}
[GdPAI | debug]   Snapshotting prop: held_item = Str("wood") (Variant type: STRING)
[GdPAI | debug]   Snapshotting prop: entity = Nil (Variant type: NIL)
[GdPAI | debug]   Snapshotting prop: hunger = Float(95.0603725) (Variant type: FLOAT)
[GdPAI] A* Iteration: pop node with chain length 3
[GdPAI | debug] find_candidates: Checking 15 actions against 1 preconds and 2 requirements
WARNING: [GdPAI] ObjectRef(124621163998): object was freed before callback; returning Nil.
   at: gdplanningai_rust::logger::process_logs (src\logger.rs:66)
   GDScript backtrace (most recent call first):
       [0] _drain_scheduler (res://test/integration/test_campfire_example_smoke.gd:27)
[GdPAI | debug] ApplyEffect [Before] ID=InstanceId(-9223367573897175017): agent props = {"hunger": 70.0627442063492, "entity": null, "held_item": ""}
[GdPAI | debug] ApplyEffect [After] ID=InstanceId(-9223367573897175017): agent props = {"hunger": 70.0627442063492, "entity": null, "held_item": ""}
[GdPAI | debug]   Snapshotting prop: hunger = Float(70.0627442063492) (Variant type: FLOAT)
[GdPAI | debug]   Snapshotting prop: entity = Nil (Variant type: NIL)
[GdPAI | debug]   Snapshotting prop: held_item = Str("") (Variant type: STRING)
WARNING: [GdPAI] ObjectRef(1382643928884): object was freed before callback; returning Nil.
   at: gdplanningai_rust::logger::process_logs (src\logger.rs:66)
   GDScript backtrace (most recent call first):
       [0] _drain_scheduler (res://test/integration/test_campfire_example_smoke.gd:27)
WARNING: [GdPAI] ObjectRef(1382643928884): object was freed before callback; returning Nil.
   at: gdplanningai_rust::logger::process_logs (src\logger.rs:66)
   GDScript backtrace (most recent call first):
       [0] _drain_scheduler (res://test/integration/test_campfire_example_smoke.gd:27)
[GdPAI | debug] Discovery: Starting simulation for action Go To
WARNING: [GdPAI] ObjectRef(124621163998): object was freed before callback; returning Nil.
   at: gdplanningai_rust::logger::process_logs (src\logger.rs:66)
   GDScript backtrace (most recent call first):
       [0] _process (res://addons/GdPlanningAI/gdpai_autoload.gd:21)
[GdPAI | debug] GetCost: callable returned non-numeric value: null; returning INFINITY
WARNING: [GdPAI] ObjectRef(1382643928884): object was freed before callback; returning Nil.
   at: gdplanningai_rust::logger::process_logs (src\logger.rs:66)
   GDScript backtrace (most recent call first):
       [0] _process (res://addons/GdPlanningAI/gdpai_autoload.gd:21)
WARNING: [GdPAI] ObjectRef(1382643928884): object was freed before callback; returning Nil.
   at: gdplanningai_rust::logger::process_logs (src\logger.rs:66)
   GDScript backtrace (most recent call first):
       [0] _process (res://addons/GdPlanningAI/gdpai_autoload.gd:21)
[GdPAI | debug] GetCost: callable returned non-numeric value: null; returning INFINITY
WARNING: [GdPAI] ObjectRef(124621163998): object was freed before callback; returning Nil.
   at: gdplanningai_rust::logger::process_logs (src\logger.rs:66)
   GDScript backtrace (most recent call first):
       [0] _drain_scheduler (res://test/integration/test_campfire_example_smoke.gd:27)
[GdPAI | debug] ApplyEffect [Before] ID=InstanceId(-9223367571296706586): agent props = {"hunger": 70.0627442063492, "held_item": "wood", "entity": null}
[GdPAI | debug] ApplyEffect [After] ID=InstanceId(-9223367571296706586): agent props = {"hunger": 70.0627442063492, "held_item": "wood", "entity": null}
[GdPAI | debug]   Snapshotting prop: hunger = Float(70.0627442063492) (Variant type: FLOAT)
[GdPAI | debug]   Snapshotting prop: held_item = Str("wood") (Variant type: STRING)
[GdPAI | debug]   Snapshotting prop: entity = Nil (Variant type: NIL)
WARNING: [GdPAI] ObjectRef(1382643928884): object was freed before callback; returning Nil.
   at: gdplanningai_rust::logger::process_logs (src\logger.rs:66)
   GDScript backtrace (most recent call first):
       [0] _drain_scheduler (res://test/integration/test_campfire_example_smoke.gd:27)
WARNING: [GdPAI] ObjectRef(1382643928884): object was freed before callback; returning Nil.
   at: gdplanningai_rust::logger::process_logs (src\logger.rs:66)
   GDScript backtrace (most recent call first):
       [0] _drain_scheduler (res://test/integration/test_campfire_example_smoke.gd:27)
[GdPAI | debug] ApplyEffect [Before] ID=InstanceId(-9223367570726281242): agent props = {"held_item": "", "entity": null, "hunger": 95.0603725}
[GdPAI | debug] ApplyEffect [After] ID=InstanceId(-9223367570726281242): agent props = {"held_item": "", "entity": null, "hunger": 95.0603725}
[GdPAI | debug]   Snapshotting prop: held_item = Str("") (Variant type: STRING)
[GdPAI | debug]   Snapshotting prop: entity = Nil (Variant type: NIL)
[GdPAI | debug]   Snapshotting prop: hunger = Float(95.0603725) (Variant type: FLOAT)
[GdPAI | debug] Discovery: Simulation success for Go To. Agent props: {"hunger": Float(95.0603725), "held_item": Str(""), "entity": Nil}
[GdPAI | debug] Discovery: Action Go To satisfied precond Builtin { target: Agent, operation: Equal, property_name: "held_item", value: Some(Str("")) }
[GdPAI | debug] Found candidate: Go To (satisfied preconds: [0], requirements: [0, 1])
[GdPAI | debug] Discovery: Starting simulation for action Eat Held Food
WARNING: [GdPAI] ObjectRef(124621163998): object was freed before callback; returning Nil.
   at: gdplanningai_rust::logger::process_logs (src\logger.rs:66)
   GDScript backtrace (most recent call first):
       [0] _process (res://addons/GdPlanningAI/gdpai_autoload.gd:21)
[GdPAI | debug] GetCost: callable returned non-numeric value: null; returning INFINITY
WARNING: [GdPAI] ObjectRef(1382643928884): object was freed before callback; returning Nil.
   at: gdplanningai_rust::logger::process_logs (src\logger.rs:66)
   GDScript backtrace (most recent call first):
       [0] _process (res://addons/GdPlanningAI/gdpai_autoload.gd:21)
WARNING: [GdPAI] ObjectRef(1382643928884): object was freed before callback; returning Nil.
   at: gdplanningai_rust::logger::process_logs (src\logger.rs:66)
   GDScript backtrace (most recent call first):
       [0] _process (res://addons/GdPlanningAI/gdpai_autoload.gd:21)
[GdPAI | debug] GetCost: callable returned non-numeric value: null; returning INFINITY
WARNING: [GdPAI] ObjectRef(124621163998): object was freed before callback; returning Nil.
   at: gdplanningai_rust::logger::process_logs (src\logger.rs:66)
   GDScript backtrace (most recent call first):
       [0] _drain_scheduler (res://test/integration/test_campfire_example_smoke.gd:27)
[GdPAI | debug] ApplyEffect [Before] ID=InstanceId(-9223367568696238076): agent props = {"entity": null, "held_item": "wood", "hunger": 70.0627442063492}
[GdPAI | debug] ApplyEffect [After] ID=InstanceId(-9223367568696238076): agent props = {"entity": null, "held_item": "wood", "hunger": 70.0627442063492}
[GdPAI | debug]   Snapshotting prop: entity = Nil (Variant type: NIL)
[GdPAI | debug]   Snapshotting prop: held_item = Str("wood") (Variant type: STRING)
[GdPAI | debug]   Snapshotting prop: hunger = Float(70.0627442063492) (Variant type: FLOAT)
WARNING: [GdPAI] ObjectRef(1382643928884): object was freed before callback; returning Nil.
   at: gdplanningai_rust::logger::process_logs (src\logger.rs:66)
   GDScript backtrace (most recent call first):
       [0] _drain_scheduler (res://test/integration/test_campfire_example_smoke.gd:27)
WARNING: [GdPAI] ObjectRef(1382643928884): object was freed before callback; returning Nil.
   at: gdplanningai_rust::logger::process_logs (src\logger.rs:66)
   GDScript backtrace (most recent call first):
       [0] _drain_scheduler (res://test/integration/test_campfire_example_smoke.gd:27)
[GdPAI | debug] ApplyEffect [Before] ID=InstanceId(-9223367568125812732): agent props = {"held_item": "", "hunger": 95.0603725, "entity": null}
[GdPAI | debug] ApplyEffect [After] ID=InstanceId(-9223367568125812732): agent props = {"held_item": "", "hunger": 95.0603725, "entity": null}
[GdPAI | debug]   Snapshotting prop: held_item = Str("") (Variant type: STRING)
[GdPAI | debug]   Snapshotting prop: hunger = Float(95.0603725) (Variant type: FLOAT)
[GdPAI | debug]   Snapshotting prop: entity = Nil (Variant type: NIL)
[GdPAI | debug] Discovery: Simulation success for Eat Held Food. Agent props: {"entity": Nil, "held_item": Str(""), "hunger": Float(95.0603725)}
[GdPAI | debug] Discovery: Action Eat Held Food satisfied precond Builtin { target: Agent, operation: Equal, property_name: "held_item", value: Some(Str("")) }
[GdPAI | debug] Found candidate: Eat Held Food (satisfied preconds: [0], requirements: [])
WARNING: [GdPAI] ObjectRef(124621163998): object was freed before callback; returning Nil.
   at: gdplanningai_rust::logger::process_logs (src\logger.rs:66)
   GDScript backtrace (most recent call first):
       [0] _process (res://addons/GdPlanningAI/gdpai_autoload.gd:21)
[GdPAI | debug] GetCost: callable returned non-numeric value: null; returning INFINITY
WARNING: [GdPAI] ObjectRef(1382643928884): object was freed before callback; returning Nil.
   at: gdplanningai_rust::logger::process_logs (src\logger.rs:66)
   GDScript backtrace (most recent call first):
       [0] _process (res://addons/GdPlanningAI/gdpai_autoload.gd:21)
WARNING: [GdPAI] ObjectRef(1382643928884): object was freed before callback; returning Nil.
   at: gdplanningai_rust::logger::process_logs (src\logger.rs:66)
   GDScript backtrace (most recent call first):
       [0] _process (res://addons/GdPlanningAI/gdpai_autoload.gd:21)
[GdPAI | debug] Discovery: Starting simulation for action Go To
WARNING: [GdPAI] ObjectRef(124621163998): object was freed before callback; returning Nil.
   at: gdplanningai_rust::logger::process_logs (src\logger.rs:66)
   GDScript backtrace (most recent call first):
       [0] _drain_scheduler (res://test/integration/test_campfire_example_smoke.gd:27)
[GdPAI | debug] ApplyEffect [Before] ID=InstanceId(-9223367566095769526): agent props = {"held_item": "wood", "entity": null, "hunger": 70.0627442063492}
[GdPAI | debug] ApplyEffect [After] ID=InstanceId(-9223367566095769526): agent props = {"held_item": "wood", "entity": null, "hunger": 70.0627442063492}
[GdPAI | debug]   Snapshotting prop: held_item = Str("wood") (Variant type: STRING)
[GdPAI | debug]   Snapshotting prop: entity = Nil (Variant type: NIL)
[GdPAI | debug]   Snapshotting prop: hunger = Float(70.0627442063492) (Variant type: FLOAT)
WARNING: [GdPAI] ObjectRef(1382643928884): object was freed before callback; returning Nil.
   at: gdplanningai_rust::logger::process_logs (src\logger.rs:66)
   GDScript backtrace (most recent call first):
       [0] _drain_scheduler (res://test/integration/test_campfire_example_smoke.gd:27)
WARNING: [GdPAI] ObjectRef(1382643928884): object was freed before callback; returning Nil.
   at: gdplanningai_rust::logger::process_logs (src\logger.rs:66)
   GDScript backtrace (most recent call first):
       [0] _drain_scheduler (res://test/integration/test_campfire_example_smoke.gd:27)
[GdPAI | debug] GetCost: callable returned non-numeric value: null; returning INFINITY
WARNING: [GdPAI] ObjectRef(124621163998): object was freed before callback; returning Nil.
   at: gdplanningai_rust::logger::process_logs (src\logger.rs:66)
   GDScript backtrace (most recent call first):
       [0] _process (res://addons/GdPlanningAI/gdpai_autoload.gd:21)
[GdPAI | debug] GetCost: callable returned non-numeric value: null; returning INFINITY
WARNING: [GdPAI] ObjectRef(1382643928884): object was freed before callback; returning Nil.
   at: gdplanningai_rust::logger::process_logs (src\logger.rs:66)
   GDScript backtrace (most recent call first):
       [0] _process (res://addons/GdPlanningAI/gdpai_autoload.gd:21)
WARNING: [GdPAI] ObjectRef(1382643928884): object was freed before callback; returning Nil.
   at: gdplanningai_rust::logger::process_logs (src\logger.rs:66)
   GDScript backtrace (most recent call first):
       [0] _process (res://addons/GdPlanningAI/gdpai_autoload.gd:21)
[GdPAI | debug] ApplyEffect [Before] ID=InstanceId(-9223367564216721345): agent props = {"held_item": "", "hunger": 95.0603725, "entity": null}
[GdPAI | debug] ApplyEffect [After] ID=InstanceId(-9223367564216721345): agent props = {"held_item": "", "hunger": 95.0603725, "entity": null}
[GdPAI | debug]   Snapshotting prop: held_item = Str("") (Variant type: STRING)
[GdPAI | debug]   Snapshotting prop: hunger = Float(95.0603725) (Variant type: FLOAT)
[GdPAI | debug]   Snapshotting prop: entity = Nil (Variant type: NIL)
[GdPAI | debug] Discovery: Simulation success for Go To. Agent props: {"entity": Nil, "held_item": Str(""), "hunger": Float(95.0603725)}
[GdPAI | debug] Discovery: Action Go To satisfied precond Builtin { target: Agent, operation: Equal, property_name: "held_item", value: Some(Str("")) }
[GdPAI | debug] Found candidate: Go To (satisfied preconds: [0], requirements: [0, 1])
[GdPAI | debug] Discovery: Starting simulation for action Drop Item
WARNING: [GdPAI] ObjectRef(124621163998): object was freed before callback; returning Nil.
   at: gdplanningai_rust::logger::process_logs (src\logger.rs:66)
   GDScript backtrace (most recent call first):
       [0] _drain_scheduler (res://test/integration/test_campfire_example_smoke.gd:27)
[GdPAI | debug] ApplyEffect [Before] ID=InstanceId(-9223367563495301045): agent props = {"hunger": 70.0627442063492, "entity": null, "held_item": "wood"}
[GdPAI | debug] ApplyEffect [After] ID=InstanceId(-9223367563495301045): agent props = {"hunger": 70.0627442063492, "entity": null, "held_item": "wood"}
[GdPAI | debug]   Snapshotting prop: hunger = Float(70.0627442063492) (Variant type: FLOAT)
[GdPAI | debug]   Snapshotting prop: entity = Nil (Variant type: NIL)
[GdPAI | debug]   Snapshotting prop: held_item = Str("wood") (Variant type: STRING)
WARNING: [GdPAI] ObjectRef(1382643928884): object was freed before callback; returning Nil.
   at: gdplanningai_rust::logger::process_logs (src\logger.rs:66)
   GDScript backtrace (most recent call first):
       [0] _drain_scheduler (res://test/integration/test_campfire_example_smoke.gd:27)
WARNING: [GdPAI] ObjectRef(1382643928884): object was freed before callback; returning Nil.
   at: gdplanningai_rust::logger::process_logs (src\logger.rs:66)
   GDScript backtrace (most recent call first):
       [0] _drain_scheduler (res://test/integration/test_campfire_example_smoke.gd:27)
[GdPAI | debug] GetCost: callable returned non-numeric value: null; returning INFINITY
WARNING: [GdPAI] ObjectRef(124621163998): object was freed before callback; returning Nil.
   at: gdplanningai_rust::logger::process_logs (src\logger.rs:66)
   GDScript backtrace (most recent call first):
       [0] _process (res://addons/GdPlanningAI/gdpai_autoload.gd:21)
WARNING: [GdPAI] ObjectRef(124621163998): object was freed before callback; returning Nil.
   at: gdplanningai_rust::logger::process_logs (src\logger.rs:66)
   GDScript backtrace (most recent call first):
       [0] _process (res://addons/GdPlanningAI/gdpai_autoload.gd:21)
[GdPAI | debug] GetCost: callable returned non-numeric value: null; returning INFINITY
WARNING: [GdPAI] ObjectRef(1382643928884): object was freed before callback; returning Nil.
   at: gdplanningai_rust::logger::process_logs (src\logger.rs:66)
   GDScript backtrace (most recent call first):
       [0] _process (res://addons/GdPlanningAI/gdpai_autoload.gd:21)
WARNING: [GdPAI] ObjectRef(1382643928884): object was freed before callback; returning Nil.
   at: gdplanningai_rust::logger::process_logs (src\logger.rs:66)
   GDScript backtrace (most recent call first):
       [0] _process (res://addons/GdPlanningAI/gdpai_autoload.gd:21)
[GdPAI | debug] ApplyEffect [Before] ID=InstanceId(-9223367561616252881): agent props = {"held_item": "", "hunger": 95.0603725, "entity": null}
[GdPAI | debug] ApplyEffect [After] ID=InstanceId(-9223367561616252881): agent props = {"held_item": "", "hunger": 95.0603725, "entity": null}
[GdPAI | debug]   Snapshotting prop: held_item = Str("") (Variant type: STRING)
[GdPAI | debug]   Snapshotting prop: hunger = Float(95.0603725) (Variant type: FLOAT)
[GdPAI | debug]   Snapshotting prop: entity = Nil (Variant type: NIL)
[GdPAI | debug] Discovery: Simulation success for Drop Item. Agent props: {"hunger": Float(95.0603725), "entity": Nil, "held_item": Str("")}
[GdPAI | debug] Discovery: Action Drop Item satisfied precond Builtin { target: Agent, operation: Equal, property_name: "held_item", value: Some(Str("")) }
[GdPAI | debug] Found candidate: Drop Item (satisfied preconds: [0], requirements: [])
[GdPAI | debug] Discovery: Starting simulation for action Add Fuel
WARNING: [GdPAI] ObjectRef(124621163998): object was freed before callback; returning Nil.
   at: gdplanningai_rust::logger::process_logs (src\logger.rs:66)
   GDScript backtrace (most recent call first):
       [0] _drain_scheduler (res://test/integration/test_campfire_example_smoke.gd:27)
WARNING: [GdPAI] ObjectRef(124621163998): object was freed before callback; returning Nil.
   at: gdplanningai_rust::logger::process_logs (src\logger.rs:66)
   GDScript backtrace (most recent call first):
       [0] _drain_scheduler (res://test/integration/test_campfire_example_smoke.gd:27)
[GdPAI | debug] ApplyEffect [Before] ID=InstanceId(-9223367560844500903): agent props = {"hunger": 70.0627442063492, "entity": null, "held_item": ""}
[GdPAI | debug] ApplyEffect [After] ID=InstanceId(-9223367560844500903): agent props = {"hunger": 70.0627442063492, "entity": null, "held_item": ""}
[GdPAI | debug]   Snapshotting prop: hunger = Float(70.0627442063492) (Variant type: FLOAT)
[GdPAI | debug]   Snapshotting prop: entity = Nil (Variant type: NIL)
[GdPAI | debug]   Snapshotting prop: held_item = Str("") (Variant type: STRING)
WARNING: [GdPAI] ObjectRef(1382643928884): object was freed before callback; returning Nil.
   at: gdplanningai_rust::logger::process_logs (src\logger.rs:66)
   GDScript backtrace (most recent call first):
       [0] _drain_scheduler (res://test/integration/test_campfire_example_smoke.gd:27)
WARNING: [GdPAI] ObjectRef(1382643928884): object was freed before callback; returning Nil.
   at: gdplanningai_rust::logger::process_logs (src\logger.rs:66)
   GDScript backtrace (most recent call first):
       [0] _drain_scheduler (res://test/integration/test_campfire_example_smoke.gd:27)
[GdPAI | debug] GetCost: callable returned non-numeric value: null; returning INFINITY
WARNING: [GdPAI] ObjectRef(124621163998): object was freed before callback; returning Nil.
   at: gdplanningai_rust::logger::process_logs (src\logger.rs:66)
   GDScript backtrace (most recent call first):
       [0] _process (res://addons/GdPlanningAI/gdpai_autoload.gd:21)
[GdPAI | debug] GetCost: callable returned non-numeric value: null; returning INFINITY
WARNING: [GdPAI] ObjectRef(1382643928884): object was freed before callback; returning Nil.
   at: gdplanningai_rust::logger::process_logs (src\logger.rs:66)
   GDScript backtrace (most recent call first):
       [0] _process (res://addons/GdPlanningAI/gdpai_autoload.gd:21)
WARNING: [GdPAI] ObjectRef(1382643928884): object was freed before callback; returning Nil.
   at: gdplanningai_rust::logger::process_logs (src\logger.rs:66)
   GDScript backtrace (most recent call first):
       [0] _process (res://addons/GdPlanningAI/gdpai_autoload.gd:21)
[GdPAI | debug] ApplyEffect [Before] ID=InstanceId(-9223367558915121048): agent props = {"hunger": 95.0603725, "entity": null, "held_item": "wood"}
[GdPAI | debug] ApplyEffect [After] ID=InstanceId(-9223367558915121048): agent props = {"hunger": 95.0603725, "entity": null, "held_item": "wood"}
[GdPAI | debug]   Snapshotting prop: hunger = Float(95.0603725) (Variant type: FLOAT)
[GdPAI | debug]   Snapshotting prop: entity = Nil (Variant type: NIL)
[GdPAI | debug]   Snapshotting prop: held_item = Str("wood") (Variant type: STRING)
[GdPAI | debug] Discovery: Simulation success for Add Fuel. Agent props: {"entity": Nil, "held_item": Str("wood"), "hunger": Float(95.0603725)}
[GdPAI | debug] Discovery: Action Add Fuel did NOT satisfy precond Builtin { target: Agent, operation: Equal, property_name: "held_item", value: Some(Str("")) }
WARNING: [GdPAI] ObjectRef(124621163998): object was freed before callback; returning Nil.
   at: gdplanningai_rust::logger::process_logs (src\logger.rs:66)
   GDScript backtrace (most recent call first):
       [0] _drain_scheduler (res://test/integration/test_campfire_example_smoke.gd:27)
[GdPAI | debug] ApplyEffect [Before] ID=InstanceId(-9223367558193700728): agent props = {"hunger": 70.0627442063492, "entity": null, "held_item": ""}
[GdPAI | debug] ApplyEffect [After] ID=InstanceId(-9223367558193700728): agent props = {"hunger": 70.0627442063492, "entity": null, "held_item": ""}
[GdPAI | debug]   Snapshotting prop: hunger = Float(70.0627442063492) (Variant type: FLOAT)
[GdPAI | debug]   Snapshotting prop: entity = Nil (Variant type: NIL)
[GdPAI | debug]   Snapshotting prop: held_item = Str("") (Variant type: STRING)
WARNING: [GdPAI] ObjectRef(1382643928884): object was freed before callback; returning Nil.
   at: gdplanningai_rust::logger::process_logs (src\logger.rs:66)
   GDScript backtrace (most recent call first):
       [0] _drain_scheduler (res://test/integration/test_campfire_example_smoke.gd:27)
WARNING: [GdPAI] ObjectRef(1382643928884): object was freed before callback; returning Nil.
   at: gdplanningai_rust::logger::process_logs (src\logger.rs:66)
   GDScript backtrace (most recent call first):
       [0] _drain_scheduler (res://test/integration/test_campfire_example_smoke.gd:27)
[GdPAI | debug] Discovery: Action Cook Potato failed validity check, skipping
[GdPAI | debug] Discovery: Starting simulation for action Pick Up Wood
WARNING: [GdPAI] ObjectRef(124621163998): object was freed before callback; returning Nil.
   at: gdplanningai_rust::logger::process_logs (src\logger.rs:66)
   GDScript backtrace (most recent call first):
       [0] _process (res://addons/GdPlanningAI/gdpai_autoload.gd:21)
[GdPAI | debug] GetCost: callable returned non-numeric value: null; returning INFINITY
WARNING: [GdPAI] ObjectRef(1382643928884): object was freed before callback; returning Nil.
   at: gdplanningai_rust::logger::process_logs (src\logger.rs:66)
   GDScript backtrace (most recent call first):
       [0] _process (res://addons/GdPlanningAI/gdpai_autoload.gd:21)
WARNING: [GdPAI] ObjectRef(1382643928884): object was freed before callback; returning Nil.
   at: gdplanningai_rust::logger::process_logs (src\logger.rs:66)
   GDScript backtrace (most recent call first):
       [0] _process (res://addons/GdPlanningAI/gdpai_autoload.gd:21)
[GdPAI | debug] GetCost: callable returned non-numeric value: null; returning INFINITY
WARNING: [GdPAI] ObjectRef(124621163998): object was freed before callback; returning Nil.
   at: gdplanningai_rust::logger::process_logs (src\logger.rs:66)
   GDScript backtrace (most recent call first):
       [0] _drain_scheduler (res://test/integration/test_campfire_example_smoke.gd:27)
[GdPAI | debug] ApplyEffect [Before] ID=InstanceId(-9223367555593232239): agent props = {"hunger": 70.0627442063492, "entity": null, "held_item": "wood"}
[GdPAI | debug] ApplyEffect [After] ID=InstanceId(-9223367555593232239): agent props = {"hunger": 70.0627442063492, "entity": null, "held_item": "wood"}
[GdPAI | debug]   Snapshotting prop: hunger = Float(70.0627442063492) (Variant type: FLOAT)
[GdPAI | debug]   Snapshotting prop: entity = Nil (Variant type: NIL)
[GdPAI | debug]   Snapshotting prop: held_item = Str("wood") (Variant type: STRING)
WARNING: [GdPAI] ObjectRef(1382643928884): object was freed before callback; returning Nil.
   at: gdplanningai_rust::logger::process_logs (src\logger.rs:66)
   GDScript backtrace (most recent call first):
       [0] _drain_scheduler (res://test/integration/test_campfire_example_smoke.gd:27)
WARNING: [GdPAI] ObjectRef(1382643928884): object was freed before callback; returning Nil.
   at: gdplanningai_rust::logger::process_logs (src\logger.rs:66)
   GDScript backtrace (most recent call first):
       [0] _drain_scheduler (res://test/integration/test_campfire_example_smoke.gd:27)
[GdPAI | debug] ApplyEffect [Before] ID=InstanceId(-9223367555022806895): agent props = {"hunger": 95.0603725, "held_item": "", "entity": null}
[GdPAI | debug] ApplyEffect [After] ID=InstanceId(-9223367555022806895): agent props = {"hunger": 95.0603725, "held_item": "", "entity": null}
[GdPAI | debug]   Snapshotting prop: hunger = Float(95.0603725) (Variant type: FLOAT)
[GdPAI | debug]   Snapshotting prop: held_item = Str("") (Variant type: STRING)
[GdPAI | debug]   Snapshotting prop: entity = Nil (Variant type: NIL)
[GdPAI | debug] Discovery: Simulation success for Pick Up Wood. Agent props: {"entity": Nil, "hunger": Float(95.0603725), "held_item": Str("")}
[GdPAI | debug] Discovery: Action Pick Up Wood satisfied precond Builtin { target: Agent, operation: Equal, property_name: "held_item", value: Some(Str("")) }
[GdPAI | debug] Found candidate: Pick Up Wood (satisfied preconds: [0], requirements: [])
[GdPAI | debug] Discovery: Starting simulation for action Pick Up Wood
WARNING: [GdPAI] ObjectRef(124621163998): object was freed before callback; returning Nil.
   at: gdplanningai_rust::logger::process_logs (src\logger.rs:66)
   GDScript backtrace (most recent call first):
       [0] _process (res://addons/GdPlanningAI/gdpai_autoload.gd:21)
[GdPAI | debug] GetCost: callable returned non-numeric value: null; returning INFINITY
WARNING: [GdPAI] ObjectRef(1382643928884): object was freed before callback; returning Nil.
   at: gdplanningai_rust::logger::process_logs (src\logger.rs:66)
   GDScript backtrace (most recent call first):
       [0] _process (res://addons/GdPlanningAI/gdpai_autoload.gd:21)
WARNING: [GdPAI] ObjectRef(1382643928884): object was freed before callback; returning Nil.
   at: gdplanningai_rust::logger::process_logs (src\logger.rs:66)
   GDScript backtrace (most recent call first):
       [0] _process (res://addons/GdPlanningAI/gdpai_autoload.gd:21)
[GdPAI | debug] GetCost: callable returned non-numeric value: null; returning INFINITY
WARNING: [GdPAI] ObjectRef(124621163998): object was freed before callback; returning Nil.
   at: gdplanningai_rust::logger::process_logs (src\logger.rs:66)
   GDScript backtrace (most recent call first):
       [0] _drain_scheduler (res://test/integration/test_campfire_example_smoke.gd:27)
[GdPAI | debug] ApplyEffect [Before] ID=InstanceId(-9223367552992763744): agent props = {"entity": null, "hunger": 70.0627442063492, "held_item": "wood"}
[GdPAI | debug] ApplyEffect [After] ID=InstanceId(-9223367552992763744): agent props = {"entity": null, "hunger": 70.0627442063492, "held_item": "wood"}
[GdPAI | debug]   Snapshotting prop: entity = Nil (Variant type: NIL)
[GdPAI | debug]   Snapshotting prop: hunger = Float(70.0627442063492) (Variant type: FLOAT)
[GdPAI | debug]   Snapshotting prop: held_item = Str("wood") (Variant type: STRING)
WARNING: [GdPAI] ObjectRef(1382643928884): object was freed before callback; returning Nil.
   at: gdplanningai_rust::logger::process_logs (src\logger.rs:66)
   GDScript backtrace (most recent call first):
       [0] _drain_scheduler (res://test/integration/test_campfire_example_smoke.gd:27)
WARNING: [GdPAI] ObjectRef(1382643928884): object was freed before callback; returning Nil.
   at: gdplanningai_rust::logger::process_logs (src\logger.rs:66)
   GDScript backtrace (most recent call first):
       [0] _drain_scheduler (res://test/integration/test_campfire_example_smoke.gd:27)
[GdPAI | debug] ApplyEffect [Before] ID=InstanceId(-9223367552422338400): agent props = {"held_item": "", "hunger": 95.0603725, "entity": null}
[GdPAI | debug] ApplyEffect [After] ID=InstanceId(-9223367552422338400): agent props = {"held_item": "", "hunger": 95.0603725, "entity": null}
[GdPAI | debug]   Snapshotting prop: held_item = Str("") (Variant type: STRING)
[GdPAI | debug]   Snapshotting prop: hunger = Float(95.0603725) (Variant type: FLOAT)
[GdPAI | debug]   Snapshotting prop: entity = Nil (Variant type: NIL)
[GdPAI | debug] Discovery: Simulation success for Pick Up Wood. Agent props: {"hunger": Float(95.0603725), "entity": Nil, "held_item": Str("")}
[GdPAI | debug] Discovery: Action Pick Up Wood satisfied precond Builtin { target: Agent, operation: Equal, property_name: "held_item", value: Some(Str("")) }
[GdPAI | debug] Found candidate: Pick Up Wood (satisfied preconds: [0], requirements: [])
[GdPAI | debug] Discovery: Starting simulation for action Pick Up Wood
WARNING: [GdPAI] ObjectRef(124621163998): object was freed before callback; returning Nil.
   at: gdplanningai_rust::logger::process_logs (src\logger.rs:66)
   GDScript backtrace (most recent call first):
       [0] _process (res://addons/GdPlanningAI/gdpai_autoload.gd:21)
[GdPAI | debug] GetCost: callable returned non-numeric value: null; returning INFINITY
WARNING: [GdPAI] ObjectRef(1382643928884): object was freed before callback; returning Nil.
   at: gdplanningai_rust::logger::process_logs (src\logger.rs:66)
   GDScript backtrace (most recent call first):
       [0] _process (res://addons/GdPlanningAI/gdpai_autoload.gd:21)
WARNING: [GdPAI] ObjectRef(1382643928884): object was freed before callback; returning Nil.
   at: gdplanningai_rust::logger::process_logs (src\logger.rs:66)
   GDScript backtrace (most recent call first):
       [0] _process (res://addons/GdPlanningAI/gdpai_autoload.gd:21)
[GdPAI | debug] GetCost: callable returned non-numeric value: null; returning INFINITY
WARNING: [GdPAI] ObjectRef(124621163998): object was freed before callback; returning Nil.
   at: gdplanningai_rust::logger::process_logs (src\logger.rs:66)
   GDScript backtrace (most recent call first):
       [0] _drain_scheduler (res://test/integration/test_campfire_example_smoke.gd:27)
[GdPAI | debug] ApplyEffect [Before] ID=InstanceId(-9223367550392295234): agent props = {"hunger": 70.0627442063492, "held_item": "wood", "entity": null}
[GdPAI | debug] ApplyEffect [After] ID=InstanceId(-9223367550392295234): agent props = {"hunger": 70.0627442063492, "held_item": "wood", "entity": null}
[GdPAI | debug]   Snapshotting prop: hunger = Float(70.0627442063492) (Variant type: FLOAT)
[GdPAI | debug]   Snapshotting prop: held_item = Str("wood") (Variant type: STRING)
[GdPAI | debug]   Snapshotting prop: entity = Nil (Variant type: NIL)
WARNING: [GdPAI] ObjectRef(1382643928884): object was freed before callback; returning Nil.
   at: gdplanningai_rust::logger::process_logs (src\logger.rs:66)
   GDScript backtrace (most recent call first):
       [0] _drain_scheduler (res://test/integration/test_campfire_example_smoke.gd:27)
WARNING: [GdPAI] ObjectRef(1382643928884): object was freed before callback; returning Nil.
   at: gdplanningai_rust::logger::process_logs (src\logger.rs:66)
   GDScript backtrace (most recent call first):
       [0] _drain_scheduler (res://test/integration/test_campfire_example_smoke.gd:27)
[GdPAI | debug] ApplyEffect [Before] ID=InstanceId(-9223367549821869890): agent props = {"held_item": "", "hunger": 95.0603725, "entity": null}
[GdPAI | debug] ApplyEffect [After] ID=InstanceId(-9223367549821869890): agent props = {"held_item": "", "hunger": 95.0603725, "entity": null}
[GdPAI | debug]   Snapshotting prop: held_item = Str("") (Variant type: STRING)
[GdPAI | debug]   Snapshotting prop: hunger = Float(95.0603725) (Variant type: FLOAT)
[GdPAI | debug]   Snapshotting prop: entity = Nil (Variant type: NIL)
[GdPAI | debug] Discovery: Simulation success for Pick Up Wood. Agent props: {"entity": Nil, "held_item": Str(""), "hunger": Float(95.0603725)}
[GdPAI | debug] Discovery: Action Pick Up Wood satisfied precond Builtin { target: Agent, operation: Equal, property_name: "held_item", value: Some(Str("")) }
[GdPAI | debug] Found candidate: Pick Up Wood (satisfied preconds: [0], requirements: [])
[GdPAI | debug] Discovery: Starting simulation for action Pick Up Wood
WARNING: [GdPAI] ObjectRef(124621163998): object was freed before callback; returning Nil.
   at: gdplanningai_rust::logger::process_logs (src\logger.rs:66)
   GDScript backtrace (most recent call first):
       [0] _process (res://addons/GdPlanningAI/gdpai_autoload.gd:21)
[GdPAI | debug] GetCost: callable returned non-numeric value: null; returning INFINITY
WARNING: [GdPAI] ObjectRef(1382643928884): object was freed before callback; returning Nil.
   at: gdplanningai_rust::logger::process_logs (src\logger.rs:66)
   GDScript backtrace (most recent call first):
       [0] _process (res://addons/GdPlanningAI/gdpai_autoload.gd:21)
WARNING: [GdPAI] ObjectRef(1382643928884): object was freed before callback; returning Nil.
   at: gdplanningai_rust::logger::process_logs (src\logger.rs:66)
   GDScript backtrace (most recent call first):
       [0] _process (res://addons/GdPlanningAI/gdpai_autoload.gd:21)
[GdPAI | debug] GetCost: callable returned non-numeric value: null; returning INFINITY
WARNING: [GdPAI] ObjectRef(124621163998): object was freed before callback; returning Nil.
   at: gdplanningai_rust::logger::process_logs (src\logger.rs:66)
   GDScript backtrace (most recent call first):
       [0] _drain_scheduler (res://test/integration/test_campfire_example_smoke.gd:27)
[GdPAI | debug] ApplyEffect [Before] ID=InstanceId(-9223367547791826736): agent props = {"hunger": 70.0627442063492, "held_item": "wood", "entity": null}
[GdPAI | debug] ApplyEffect [After] ID=InstanceId(-9223367547791826736): agent props = {"hunger": 70.0627442063492, "held_item": "wood", "entity": null}
[GdPAI | debug]   Snapshotting prop: hunger = Float(70.0627442063492) (Variant type: FLOAT)
[GdPAI | debug]   Snapshotting prop: held_item = Str("wood") (Variant type: STRING)
[GdPAI | debug]   Snapshotting prop: entity = Nil (Variant type: NIL)
WARNING: [GdPAI] ObjectRef(1382643928884): object was freed before callback; returning Nil.
   at: gdplanningai_rust::logger::process_logs (src\logger.rs:66)
   GDScript backtrace (most recent call first):
       [0] _drain_scheduler (res://test/integration/test_campfire_example_smoke.gd:27)
WARNING: [GdPAI] ObjectRef(1382643928884): object was freed before callback; returning Nil.
   at: gdplanningai_rust::logger::process_logs (src\logger.rs:66)
   GDScript backtrace (most recent call first):
       [0] _drain_scheduler (res://test/integration/test_campfire_example_smoke.gd:27)
[GdPAI | debug] ApplyEffect [Before] ID=InstanceId(-9223367547221401392): agent props = {"hunger": 95.0603725, "entity": null, "held_item": ""}
[GdPAI | debug] ApplyEffect [After] ID=InstanceId(-9223367547221401392): agent props = {"hunger": 95.0603725, "entity": null, "held_item": ""}
[GdPAI | debug]   Snapshotting prop: hunger = Float(95.0603725) (Variant type: FLOAT)
[GdPAI | debug]   Snapshotting prop: entity = Nil (Variant type: NIL)
[GdPAI | debug]   Snapshotting prop: held_item = Str("") (Variant type: STRING)
[GdPAI | debug] Discovery: Simulation success for Pick Up Wood. Agent props: {"held_item": Str(""), "hunger": Float(95.0603725), "entity": Nil}
[GdPAI | debug] Discovery: Action Pick Up Wood satisfied precond Builtin { target: Agent, operation: Equal, property_name: "held_item", value: Some(Str("")) }
[GdPAI | debug] Found candidate: Pick Up Wood (satisfied preconds: [0], requirements: [])
[GdPAI] A* Iteration: pop node with chain length 6
[GdPAI] A* Iteration: pop node with chain length 6
[GdPAI] A* Iteration: pop node with chain length 6
[GdPAI] A* Iteration: pop node with chain length 6
[GdPAI | debug] Numeric comparison: 70.0627442063492 LessThan 55.062744206349194 -> false
[GdPAI] A* Iteration: pop node with chain length 6
[GdPAI | debug] Numeric comparison: 70.0627442063492 LessThan 55.062744206349194 -> false
[GdPAI] A* Iteration: pop node with chain length 6
[GdPAI] A* Iteration: pop node with chain length 6
[GdPAI] A* Iteration: pop node with chain length 6
[GdPAI] A* Iteration: pop node with chain length 6
[GdPAI] A* Iteration: pop node with chain length 6
[GdPAI] A* Iteration: pop node with chain length 6
[GdPAI] A* Iteration: pop node with chain length 6
[GdPAI] A* Iteration: pop node with chain length 6
[GdPAI] A* Iteration: pop node with chain length 6
[GdPAI] A* Iteration: pop node with chain length 6
[GdPAI] A* Iteration: pop node with chain length 6
[GdPAI] A* Iteration: pop node with chain length 6
[GdPAI] A* Iteration: pop node with chain length 6
[GdPAI] A* Iteration: pop node with chain length 6
[GdPAI] A* Iteration: pop node with chain length 6
[GdPAI] A* Iteration: pop node with chain length 6
[GdPAI] A* Iteration: pop node with chain length 6
[GdPAI] A* Iteration: pop node with chain length 6
[GdPAI] A* Iteration: pop node with chain length 6
[GdPAI | debug] Numeric comparison: 70.0627442063492 LessThan 55.062744206349194 -> false
[GdPAI] A* Iteration: pop node with chain length 6
[GdPAI] A* Iteration: pop node with chain length 6
[GdPAI | debug] Numeric comparison: 70.0627442063492 LessThan 55.062744206349194 -> false
[GdPAI] A* Iteration: pop node with chain length 6
[GdPAI] A* Iteration: pop node with chain length 6
[GdPAI] A* Iteration: pop node with chain length 6
[GdPAI] A* Iteration: pop node with chain length 6
[GdPAI] A* Iteration: pop node with chain length 6
[GdPAI | debug] Numeric comparison: 70.0627442063492 LessThan 55.062744206349194 -> false
[GdPAI] A* Iteration: pop node with chain length 6
[GdPAI] A* Iteration: pop node with chain length 6
[GdPAI | debug] Numeric comparison: 70.0627442063492 LessThan 55.062744206349194 -> false
[GdPAI] A* Iteration: pop node with chain length 6
[GdPAI] A* Iteration: pop node with chain length 6
[GdPAI] A* Iteration: pop node with chain length 6
[GdPAI] A* Iteration: pop node with chain length 6
[GdPAI] A* Iteration: pop node with chain length 6
[GdPAI | debug] Numeric comparison: 70.0627442063492 LessThan 55.062744206349194 -> false
[GdPAI] A* Iteration: pop node with chain length 6
[GdPAI] A* Iteration: pop node with chain length 6
[GdPAI | debug] Numeric comparison: 70.0627442063492 LessThan 55.062744206349194 -> false
[GdPAI] A* Iteration: pop node with chain length 5
[GdPAI | debug] find_candidates: Checking 15 actions against 1 preconds and 4 requirements
WARNING: [GdPAI] ObjectRef(124621163998): object was freed before callback; returning Nil.
   at: gdplanningai_rust::logger::process_logs (src\logger.rs:66)
   GDScript backtrace (most recent call first):
       [0] _process (res://addons/GdPlanningAI/gdpai_autoload.gd:21)
WARNING: [GdPAI] ObjectRef(124621163998): object was freed before callback; returning Nil.
   at: gdplanningai_rust::logger::process_logs (src\logger.rs:66)
   GDScript backtrace (most recent call first):
       [0] _process (res://addons/GdPlanningAI/gdpai_autoload.gd:21)
WARNING: [GdPAI] ObjectRef(1382643928884): object was freed before callback; returning Nil.
   at: gdplanningai_rust::logger::process_logs (src\logger.rs:66)
   GDScript backtrace (most recent call first):
       [0] _process (res://addons/GdPlanningAI/gdpai_autoload.gd:21)
[GdPAI | debug] Discovery: Starting simulation for action Go To
WARNING: [GdPAI] ObjectRef(1382643928884): object was freed before callback; returning Nil.
   at: gdplanningai_rust::logger::process_logs (src\logger.rs:66)
   GDScript backtrace (most recent call first):
       [0] _process (res://addons/GdPlanningAI/gdpai_autoload.gd:21)
[GdPAI | debug] Discovery: Action Dig Potato failed validity check, skipping
WARNING: [GdPAI] ObjectRef(124621163998): object was freed before callback; returning Nil.
   at: gdplanningai_rust::logger::process_logs (src\logger.rs:66)
   GDScript backtrace (most recent call first):
       [0] _drain_scheduler (res://test/integration/test_campfire_example_smoke.gd:27)
WARNING: [GdPAI] ObjectRef(124621163998): object was freed before callback; returning Nil.
   at: gdplanningai_rust::logger::process_logs (src\logger.rs:66)
   GDScript backtrace (most recent call first):
       [0] _drain_scheduler (res://test/integration/test_campfire_example_smoke.gd:27)
[GdPAI | debug] GetCost: callable returned non-numeric value: null; returning INFINITY
WARNING: [GdPAI] ObjectRef(1382643928884): object was freed before callback; returning Nil.
   at: gdplanningai_rust::logger::process_logs (src\logger.rs:66)
   GDScript backtrace (most recent call first):
       [0] _drain_scheduler (res://test/integration/test_campfire_example_smoke.gd:27)
WARNING: [GdPAI] ObjectRef(1382643928884): object was freed before callback; returning Nil.
   at: gdplanningai_rust::logger::process_logs (src\logger.rs:66)
   GDScript backtrace (most recent call first):
       [0] _drain_scheduler (res://test/integration/test_campfire_example_smoke.gd:27)
[GdPAI | debug] Discovery: Action Dig Potato failed validity check, skipping
WARNING: [GdPAI] ObjectRef(124621163998): object was freed before callback; returning Nil.
   at: gdplanningai_rust::logger::process_logs (src\logger.rs:66)
   GDScript backtrace (most recent call first):
       [0] _process (res://addons/GdPlanningAI/gdpai_autoload.gd:21)
WARNING: [GdPAI] ObjectRef(124621163998): object was freed before callback; returning Nil.
   at: gdplanningai_rust::logger::process_logs (src\logger.rs:66)
   GDScript backtrace (most recent call first):
       [0] _process (res://addons/GdPlanningAI/gdpai_autoload.gd:21)
[GdPAI | debug] ApplyEffect [Before] ID=InstanceId(-9223367543782072116): agent props = {"held_item": "", "hunger": 70.0627442063492, "entity": null}
[GdPAI | debug] ApplyEffect [After] ID=InstanceId(-9223367543782072116): agent props = {"held_item": "", "hunger": 70.0627442063492, "entity": null}
[GdPAI | debug]   Snapshotting prop: held_item = Str("") (Variant type: STRING)
[GdPAI | debug]   Snapshotting prop: hunger = Float(70.0627442063492) (Variant type: FLOAT)
[GdPAI | debug]   Snapshotting prop: entity = Nil (Variant type: NIL)
WARNING: [GdPAI] ObjectRef(1382643928884): object was freed before callback; returning Nil.
   at: gdplanningai_rust::logger::process_logs (src\logger.rs:66)
   GDScript backtrace (most recent call first):
       [0] _process (res://addons/GdPlanningAI/gdpai_autoload.gd:21)
[GdPAI | debug] Discovery: Simulation success for Go To. Agent props: {"hunger": Float(70.0627442063492), "held_item": Str(""), "entity": Nil}
[GdPAI | debug] Discovery: Action Go To satisfied precond Builtin { target: Agent, operation: Equal, property_name: "held_item", value: Some(Str("")) }
[GdPAI | debug] Found candidate: Go To (satisfied preconds: [0], requirements: [0, 1, 3])
WARNING: [GdPAI] ObjectRef(1382643928884): object was freed before callback; returning Nil.
   at: gdplanningai_rust::logger::process_logs (src\logger.rs:66)
   GDScript backtrace (most recent call first):
       [0] _process (res://addons/GdPlanningAI/gdpai_autoload.gd:21)
[GdPAI | debug] Discovery: Starting simulation for action Eat Held Food
[GdPAI | debug] Discovery: Action Dig Potato failed validity check, skipping
WARNING: [GdPAI] ObjectRef(124621163998): object was freed before callback; returning Nil.
   at: gdplanningai_rust::logger::process_logs (src\logger.rs:66)
   GDScript backtrace (most recent call first):
       [0] _drain_scheduler (res://test/integration/test_campfire_example_smoke.gd:27)
WARNING: [GdPAI] ObjectRef(124621163998): object was freed before callback; returning Nil.
   at: gdplanningai_rust::logger::process_logs (src\logger.rs:66)
   GDScript backtrace (most recent call first):
       [0] _drain_scheduler (res://test/integration/test_campfire_example_smoke.gd:27)
[GdPAI | debug] GetCost: callable returned non-numeric value: null; returning INFINITY
WARNING: [GdPAI] ObjectRef(1382643928884): object was freed before callback; returning Nil.
   at: gdplanningai_rust::logger::process_logs (src\logger.rs:66)
   GDScript backtrace (most recent call first):
       [0] _drain_scheduler (res://test/integration/test_campfire_example_smoke.gd:27)
WARNING: [GdPAI] ObjectRef(1382643928884): object was freed before callback; returning Nil.
   at: gdplanningai_rust::logger::process_logs (src\logger.rs:66)
   GDScript backtrace (most recent call first):
       [0] _drain_scheduler (res://test/integration/test_campfire_example_smoke.gd:27)
[GdPAI | debug] Discovery: Action Dig Potato failed validity check, skipping
WARNING: [GdPAI] ObjectRef(124621163998): object was freed before callback; returning Nil.
   at: gdplanningai_rust::logger::process_logs (src\logger.rs:66)
   GDScript backtrace (most recent call first):
       [0] _process (res://addons/GdPlanningAI/gdpai_autoload.gd:21)
WARNING: [GdPAI] ObjectRef(124621163998): object was freed before callback; returning Nil.
   at: gdplanningai_rust::logger::process_logs (src\logger.rs:66)
   GDScript backtrace (most recent call first):
       [0] _process (res://addons/GdPlanningAI/gdpai_autoload.gd:21)
[GdPAI | debug] ApplyEffect [Before] ID=InstanceId(-9223367541080940325): agent props = {"held_item": "", "entity": null, "hunger": 70.0627442063492}
[GdPAI | debug] ApplyEffect [After] ID=InstanceId(-9223367541080940325): agent props = {"held_item": "", "entity": null, "hunger": 70.0627442063492}
[GdPAI | debug]   Snapshotting prop: held_item = Str("") (Variant type: STRING)
[GdPAI | debug]   Snapshotting prop: entity = Nil (Variant type: NIL)
[GdPAI | debug]   Snapshotting prop: hunger = Float(70.0627442063492) (Variant type: FLOAT)
WARNING: [GdPAI] ObjectRef(1382643928884): object was freed before callback; returning Nil.
   at: gdplanningai_rust::logger::process_logs (src\logger.rs:66)
   GDScript backtrace (most recent call first):
       [0] _process (res://addons/GdPlanningAI/gdpai_autoload.gd:21)
[GdPAI | debug] Discovery: Simulation success for Eat Held Food. Agent props: {"held_item": Str(""), "entity": Nil, "hunger": Float(70.0627442063492)}
[GdPAI | debug] Discovery: Action Eat Held Food satisfied precond Builtin { target: Agent, operation: Equal, property_name: "held_item", value: Some(Str("")) }
[GdPAI | debug] Found candidate: Eat Held Food (satisfied preconds: [0], requirements: [])
WARNING: [GdPAI] ObjectRef(1382643928884): object was freed before callback; returning Nil.
   at: gdplanningai_rust::logger::process_logs (src\logger.rs:66)
   GDScript backtrace (most recent call first):
       [0] _process (res://addons/GdPlanningAI/gdpai_autoload.gd:21)
[GdPAI | debug] Discovery: Action Dig Potato failed validity check, skipping
WARNING: [GdPAI] ObjectRef(124621163998): object was freed before callback; returning Nil.
   at: gdplanningai_rust::logger::process_logs (src\logger.rs:66)
   GDScript backtrace (most recent call first):
       [0] _drain_scheduler (res://test/integration/test_campfire_example_smoke.gd:27)
WARNING: [GdPAI] ObjectRef(124621163998): object was freed before callback; returning Nil.
   at: gdplanningai_rust::logger::process_logs (src\logger.rs:66)
   GDScript backtrace (most recent call first):
       [0] _drain_scheduler (res://test/integration/test_campfire_example_smoke.gd:27)
WARNING: [GdPAI] ObjectRef(1382643928884): object was freed before callback; returning Nil.
   at: gdplanningai_rust::logger::process_logs (src\logger.rs:66)
   GDScript backtrace (most recent call first):
       [0] _drain_scheduler (res://test/integration/test_campfire_example_smoke.gd:27)
[GdPAI | debug] Discovery: Starting simulation for action Go To
WARNING: [GdPAI] ObjectRef(1382643928884): object was freed before callback; returning Nil.
   at: gdplanningai_rust::logger::process_logs (src\logger.rs:66)
   GDScript backtrace (most recent call first):
       [0] _drain_scheduler (res://test/integration/test_campfire_example_smoke.gd:27)
WARNING: [GdPAI] ObjectRef(1382308384561): object was freed before callback; returning Nil.
   at: gdplanningai_rust::logger::process_logs (src\logger.rs:66)
   GDScript backtrace (most recent call first):
       [0] _drain_scheduler (res://test/integration/test_campfire_example_smoke.gd:27)
WARNING: [GdPAI] ObjectRef(1383197576744): object was freed before callback; returning Nil.
   at: gdplanningai_rust::logger::process_logs (src\logger.rs:66)
   GDScript backtrace (most recent call first):
       [0] _drain_scheduler (res://test/integration/test_campfire_example_smoke.gd:27)
WARNING: [GdPAI] ObjectRef(1382308384561): object was freed before callback; returning Nil.
   at: gdplanningai_rust::logger::process_logs (src\logger.rs:66)
   GDScript backtrace (most recent call first):
       [0] _drain_scheduler (res://test/integration/test_campfire_example_smoke.gd:27)
WARNING: [GdPAI] ObjectRef(1383197576744): object was freed before callback; returning Nil.
   at: gdplanningai_rust::logger::process_logs (src\logger.rs:66)
   GDScript backtrace (most recent call first):
       [0] _drain_scheduler (res://test/integration/test_campfire_example_smoke.gd:27)
[GdPAI | debug] GetCost: callable returned non-numeric value: null; returning INFINITY
WARNING: [GdPAI] ObjectRef(124621163998): object was freed before callback; returning Nil.
   at: gdplanningai_rust::logger::process_logs (src\logger.rs:66)
   GDScript backtrace (most recent call first):
       [0] _process (res://addons/GdPlanningAI/gdpai_autoload.gd:21)
WARNING: [GdPAI] ObjectRef(124621163998): object was freed before callback; returning Nil.
   at: gdplanningai_rust::logger::process_logs (src\logger.rs:66)
   GDScript backtrace (most recent call first):
       [0] _process (res://addons/GdPlanningAI/gdpai_autoload.gd:21)
[GdPAI | debug] GetCost: callable returned non-numeric value: null; returning INFINITY
WARNING: [GdPAI] ObjectRef(1382643928884): object was freed before callback; returning Nil.
   at: gdplanningai_rust::logger::process_logs (src\logger.rs:66)
   GDScript backtrace (most recent call first):
       [0] _process (res://addons/GdPlanningAI/gdpai_autoload.gd:21)
WARNING: [GdPAI] ObjectRef(1382643928884): object was freed before callback; returning Nil.
   at: gdplanningai_rust::logger::process_logs (src\logger.rs:66)
   GDScript backtrace (most recent call first):
       [0] _process (res://addons/GdPlanningAI/gdpai_autoload.gd:21)
WARNING: [GdPAI] ObjectRef(1382308384561): object was freed before callback; returning Nil.
   at: gdplanningai_rust::logger::process_logs (src\logger.rs:66)
   GDScript backtrace (most recent call first):
       [0] _process (res://addons/GdPlanningAI/gdpai_autoload.gd:21)
WARNING: [GdPAI] ObjectRef(1383197576744): object was freed before callback; returning Nil.
   at: gdplanningai_rust::logger::process_logs (src\logger.rs:66)
   GDScript backtrace (most recent call first):
       [0] _process (res://addons/GdPlanningAI/gdpai_autoload.gd:21)
WARNING: [GdPAI] ObjectRef(1382308384561): object was freed before callback; returning Nil.
   at: gdplanningai_rust::logger::process_logs (src\logger.rs:66)
   GDScript backtrace (most recent call first):
       [0] _process (res://addons/GdPlanningAI/gdpai_autoload.gd:21)
WARNING: [GdPAI] ObjectRef(1383197576744): object was freed before callback; returning Nil.
   at: gdplanningai_rust::logger::process_logs (src\logger.rs:66)
   GDScript backtrace (most recent call first):
       [0] _process (res://addons/GdPlanningAI/gdpai_autoload.gd:21)
[GdPAI | debug] ApplyEffect [Before] ID=InstanceId(-9223367537608056574): agent props = {"at_target": null, "held_item": "", "hunger": 95.0603725, "entity": null}
[GdPAI | debug] ApplyEffect [After] ID=InstanceId(-9223367537608056574): agent props = {"at_target": null, "held_item": "", "hunger": 95.0603725, "entity": null}
[GdPAI | debug]   Snapshotting prop: at_target = Nil (Variant type: NIL)
[GdPAI | debug]   Snapshotting prop: held_item = Str("") (Variant type: STRING)
[GdPAI | debug]   Snapshotting prop: hunger = Float(95.0603725) (Variant type: FLOAT)
[GdPAI | debug]   Snapshotting prop: entity = Nil (Variant type: NIL)
WARNING: [GdPAI] ObjectRef(124621163998): object was freed before callback; returning Nil.
   at: gdplanningai_rust::logger::process_logs (src\logger.rs:66)
   GDScript backtrace (most recent call first):
       [0] _drain_scheduler (res://test/integration/test_campfire_example_smoke.gd:27)
WARNING: [GdPAI] ObjectRef(124621163998): object was freed before callback; returning Nil.
   at: gdplanningai_rust::logger::process_logs (src\logger.rs:66)
   GDScript backtrace (most recent call first):
       [0] _drain_scheduler (res://test/integration/test_campfire_example_smoke.gd:27)
[GdPAI | debug] ApplyEffect [Before] ID=InstanceId(-9223367536634977998): agent props = {"entity": null, "held_item": "", "hunger": 70.0627442063492}
[GdPAI | debug] ApplyEffect [After] ID=InstanceId(-9223367536634977998): agent props = {"entity": null, "held_item": "", "hunger": 70.0627442063492}
[GdPAI | debug]   Snapshotting prop: entity = Nil (Variant type: NIL)
[GdPAI | debug]   Snapshotting prop: held_item = Str("") (Variant type: STRING)
[GdPAI | debug]   Snapshotting prop: hunger = Float(70.0627442063492) (Variant type: FLOAT)
[GdPAI | debug] Discovery: Simulation success for Go To. Agent props: {"held_item": Str(""), "hunger": Float(70.0627442063492), "entity": Nil}
[GdPAI | debug] Discovery: Action Go To satisfied precond Builtin { target: Agent, operation: Equal, property_name: "held_item", value: Some(Str("")) }
[GdPAI | debug] Found candidate: Go To (satisfied preconds: [0], requirements: [0, 1, 3])
WARNING: [GdPAI] ObjectRef(1382643928884): object was freed before callback; returning Nil.
   at: gdplanningai_rust::logger::process_logs (src\logger.rs:66)
   GDScript backtrace (most recent call first):
       [0] _drain_scheduler (res://test/integration/test_campfire_example_smoke.gd:27)
WARNING: [GdPAI] ObjectRef(1383197576744): object was freed before callback; returning Nil.
   at: gdplanningai_rust::logger::process_logs (src\logger.rs:66)
   GDScript backtrace (most recent call first):
       [0] _drain_scheduler (res://test/integration/test_campfire_example_smoke.gd:27)
WARNING: [GdPAI] ObjectRef(1383197576744): object was freed before callback; returning Nil.
   at: gdplanningai_rust::logger::process_logs (src\logger.rs:66)
   GDScript backtrace (most recent call first):
       [0] _drain_scheduler (res://test/integration/test_campfire_example_smoke.gd:27)
[GdPAI | debug] GetCost: callable returned non-numeric value: null; returning INFINITY
[GdPAI | debug] Discovery: Starting simulation for action Drop Item
WARNING: [GdPAI] ObjectRef(124621163998): object was freed before callback; returning Nil.
   at: gdplanningai_rust::logger::process_logs (src\logger.rs:66)
   GDScript backtrace (most recent call first):
       [0] _process (res://addons/GdPlanningAI/gdpai_autoload.gd:21)
WARNING: [GdPAI] ObjectRef(124621163998): object was freed before callback; returning Nil.
   at: gdplanningai_rust::logger::process_logs (src\logger.rs:66)
   GDScript backtrace (most recent call first):
       [0] _process (res://addons/GdPlanningAI/gdpai_autoload.gd:21)
[GdPAI | debug] GetCost: callable returned non-numeric value: null; returning INFINITY
WARNING: [GdPAI] ObjectRef(1382643928884): object was freed before callback; returning Nil.
   at: gdplanningai_rust::logger::process_logs (src\logger.rs:66)
   GDScript backtrace (most recent call first):
       [0] _process (res://addons/GdPlanningAI/gdpai_autoload.gd:21)
WARNING: [GdPAI] ObjectRef(1383197576744): object was freed before callback; returning Nil.
   at: gdplanningai_rust::logger::process_logs (src\logger.rs:66)
   GDScript backtrace (most recent call first):
       [0] _process (res://addons/GdPlanningAI/gdpai_autoload.gd:21)
WARNING: [GdPAI] ObjectRef(1383197576744): object was freed before callback; returning Nil.
   at: gdplanningai_rust::logger::process_logs (src\logger.rs:66)
   GDScript backtrace (most recent call first):
       [0] _process (res://addons/GdPlanningAI/gdpai_autoload.gd:21)
[GdPAI | debug] ApplyEffect [Before] ID=InstanceId(-9223367534655266573): agent props = {"at_target": null, "held_item": "", "hunger": 95.0603725, "entity": null}
[GdPAI | debug] ApplyEffect [After] ID=InstanceId(-9223367534655266573): agent props = {"at_target": null, "held_item": "", "hunger": 95.0603725, "entity": null}
[GdPAI | debug]   Snapshotting prop: at_target = Nil (Variant type: NIL)
[GdPAI | debug]   Snapshotting prop: held_item = Str("") (Variant type: STRING)
[GdPAI | debug]   Snapshotting prop: hunger = Float(95.0603725) (Variant type: FLOAT)
[GdPAI | debug]   Snapshotting prop: entity = Nil (Variant type: NIL)
WARNING: [GdPAI] ObjectRef(124621163998): object was freed before callback; returning Nil.
   at: gdplanningai_rust::logger::process_logs (src\logger.rs:66)
   GDScript backtrace (most recent call first):
       [0] _drain_scheduler (res://test/integration/test_campfire_example_smoke.gd:27)
WARNING: [GdPAI] ObjectRef(124621163998): object was freed before callback; returning Nil.
   at: gdplanningai_rust::logger::process_logs (src\logger.rs:66)
   GDScript backtrace (most recent call first):
       [0] _drain_scheduler (res://test/integration/test_campfire_example_smoke.gd:27)
[GdPAI | debug] ApplyEffect [Before] ID=InstanceId(-9223367533833182900): agent props = {"held_item": "", "hunger": 70.0627442063492, "entity": null}
[GdPAI | debug] ApplyEffect [After] ID=InstanceId(-9223367533833182900): agent props = {"held_item": "", "hunger": 70.0627442063492, "entity": null}
[GdPAI | debug]   Snapshotting prop: held_item = Str("") (Variant type: STRING)
[GdPAI | debug]   Snapshotting prop: hunger = Float(70.0627442063492) (Variant type: FLOAT)
[GdPAI | debug]   Snapshotting prop: entity = Nil (Variant type: NIL)
[GdPAI | debug] Discovery: Simulation success for Drop Item. Agent props: {"held_item": Str(""), "hunger": Float(70.0627442063492), "entity": Nil}
[GdPAI | debug] Discovery: Action Drop Item satisfied precond Builtin { target: Agent, operation: Equal, property_name: "held_item", value: Some(Str("")) }
[GdPAI | debug] Found candidate: Drop Item (satisfied preconds: [0], requirements: [])
WARNING: [GdPAI] ObjectRef(1382643928884): object was freed before callback; returning Nil.
   at: gdplanningai_rust::logger::process_logs (src\logger.rs:66)
   GDScript backtrace (most recent call first):
       [0] _drain_scheduler (res://test/integration/test_campfire_example_smoke.gd:27)
WARNING: [GdPAI] ObjectRef(1382308384561): object was freed before callback; returning Nil.
   at: gdplanningai_rust::logger::process_logs (src\logger.rs:66)
   GDScript backtrace (most recent call first):
       [0] _drain_scheduler (res://test/integration/test_campfire_example_smoke.gd:27)
WARNING: [GdPAI] ObjectRef(1382308384561): object was freed before callback; returning Nil.
   at: gdplanningai_rust::logger::process_logs (src\logger.rs:66)
   GDScript backtrace (most recent call first):
       [0] _drain_scheduler (res://test/integration/test_campfire_example_smoke.gd:27)
[GdPAI | debug] GetCost: callable returned non-numeric value: null; returning INFINITY
[GdPAI | debug] Discovery: Starting simulation for action Add Fuel
WARNING: [GdPAI] ObjectRef(124621163998): object was freed before callback; returning Nil.
   at: gdplanningai_rust::logger::process_logs (src\logger.rs:66)
   GDScript backtrace (most recent call first):
       [0] _process (res://addons/GdPlanningAI/gdpai_autoload.gd:21)
WARNING: [GdPAI] ObjectRef(124621163998): object was freed before callback; returning Nil.
   at: gdplanningai_rust::logger::process_logs (src\logger.rs:66)
   GDScript backtrace (most recent call first):
       [0] _process (res://addons/GdPlanningAI/gdpai_autoload.gd:21)
[GdPAI | debug] GetCost: callable returned non-numeric value: null; returning INFINITY
WARNING: [GdPAI] ObjectRef(1382643928884): object was freed before callback; returning Nil.
   at: gdplanningai_rust::logger::process_logs (src\logger.rs:66)
   GDScript backtrace (most recent call first):
       [0] _process (res://addons/GdPlanningAI/gdpai_autoload.gd:21)
WARNING: [GdPAI] ObjectRef(1382308384561): object was freed before callback; returning Nil.
   at: gdplanningai_rust::logger::process_logs (src\logger.rs:66)
   GDScript backtrace (most recent call first):
       [0] _process (res://addons/GdPlanningAI/gdpai_autoload.gd:21)
WARNING: [GdPAI] ObjectRef(1382308384561): object was freed before callback; returning Nil.
   at: gdplanningai_rust::logger::process_logs (src\logger.rs:66)
   GDScript backtrace (most recent call first):
       [0] _process (res://addons/GdPlanningAI/gdpai_autoload.gd:21)
[GdPAI | debug] ApplyEffect [Before] ID=InstanceId(-9223367531853471429): agent props = {"held_item": "", "entity": null, "hunger": 95.0603725, "at_target": null}
[GdPAI | debug] ApplyEffect [After] ID=InstanceId(-9223367531853471429): agent props = {"held_item": "", "entity": null, "hunger": 95.0603725, "at_target": null}
[GdPAI | debug]   Snapshotting prop: held_item = Str("") (Variant type: STRING)
[GdPAI | debug]   Snapshotting prop: entity = Nil (Variant type: NIL)
[GdPAI | debug]   Snapshotting prop: hunger = Float(95.0603725) (Variant type: FLOAT)
[GdPAI | debug]   Snapshotting prop: at_target = Nil (Variant type: NIL)
WARNING: [GdPAI] ObjectRef(124621163998): object was freed before callback; returning Nil.
   at: gdplanningai_rust::logger::process_logs (src\logger.rs:66)
   GDScript backtrace (most recent call first):
       [0] _process (res://addons/GdPlanningAI/gdpai_autoload.gd:21)
WARNING: [GdPAI] ObjectRef(124621163998): object was freed before callback; returning Nil.
   at: gdplanningai_rust::logger::process_logs (src\logger.rs:66)
   GDScript backtrace (most recent call first):
       [0] _process (res://addons/GdPlanningAI/gdpai_autoload.gd:21)
[GdPAI | debug] ApplyEffect [Before] ID=InstanceId(-9223367531014610595): agent props = {"entity": null, "hunger": 70.0627442063492, "held_item": "wood"}
[GdPAI | debug] ApplyEffect [After] ID=InstanceId(-9223367531014610595): agent props = {"entity": null, "hunger": 70.0627442063492, "held_item": "wood"}
[GdPAI | debug]   Snapshotting prop: entity = Nil (Variant type: NIL)
[GdPAI | debug]   Snapshotting prop: hunger = Float(70.0627442063492) (Variant type: FLOAT)
[GdPAI | debug]   Snapshotting prop: held_item = Str("wood") (Variant type: STRING)
[GdPAI | debug] Discovery: Simulation success for Add Fuel. Agent props: {"entity": Nil, "held_item": Str("wood"), "hunger": Float(70.0627442063492)}
[GdPAI | debug] Discovery: Action Add Fuel did NOT satisfy precond Builtin { target: Agent, operation: Equal, property_name: "held_item", value: Some(Str("")) }
WARNING: [GdPAI] ObjectRef(1382643928884): object was freed before callback; returning Nil.
   at: gdplanningai_rust::logger::process_logs (src\logger.rs:66)
   GDScript backtrace (most recent call first):
       [0] _process (res://addons/GdPlanningAI/gdpai_autoload.gd:21)
[GdPAI | debug] GetCost: callable returned non-numeric value: null; returning INFINITY
[1m0/6 passed.
[0m[4m

res://test/integration/test_hunger_example_smoke.gd
[0m* test_real_hunger_example_shakes_tree_then_picks_up_food
WARNING: [GdPAI] ObjectRef(124621163998): object was freed before callback; returning Nil.
   at: gdplanningai_rust::logger::process_logs (src\logger.rs:66)
   GDScript backtrace (most recent call first):
       [0] _process (res://addons/GdPlanningAI/gdpai_autoload.gd:21)
WARNING: [GdPAI] ObjectRef(124621163998): object was freed before callback; returning Nil.
   at: gdplanningai_rust::logger::process_logs (src\logger.rs:66)
   GDScript backtrace (most recent call first):
       [0] _process (res://addons/GdPlanningAI/gdpai_autoload.gd:21)
[GdPAI | debug] Discovery: Action Cook Potato failed validity check, skipping
[GdPAI | debug] Discovery: Starting simulation for action Pick Up Wood
WARNING: [GdPAI] ObjectRef(1382643928884): object was freed before callback; returning Nil.
   at: gdplanningai_rust::logger::process_logs (src\logger.rs:66)
   GDScript backtrace (most recent call first):
       [0] _process (res://addons/GdPlanningAI/gdpai_autoload.gd:21)
[GdPAI | debug] ApplyEffect [Before] ID=InstanceId(-9223367525478129253): agent props = {"at_target": null, "entity": null, "held_item": "wood", "hunger": 95.0603725}
[GdPAI | debug] ApplyEffect [After] ID=InstanceId(-9223367525478129253): agent props = {"at_target": null, "entity": null, "held_item": "wood", "hunger": 95.0603725}
[GdPAI | debug]   Snapshotting prop: at_target = Nil (Variant type: NIL)
[GdPAI | debug]   Snapshotting prop: entity = Nil (Variant type: NIL)
[GdPAI | debug]   Snapshotting prop: held_item = Str("wood") (Variant type: STRING)
[GdPAI | debug]   Snapshotting prop: hunger = Float(95.0603725) (Variant type: FLOAT)
WARNING: [GdPAI] ObjectRef(124621163998): object was freed before callback; returning Nil.
   at: gdplanningai_rust::logger::process_logs (src\logger.rs:66)
   GDScript backtrace (most recent call first):
       [0] _process (res://addons/GdPlanningAI/gdpai_autoload.gd:21)
WARNING: [GdPAI] ObjectRef(124621163998): object was freed before callback; returning Nil.
   at: gdplanningai_rust::logger::process_logs (src\logger.rs:66)
   GDScript backtrace (most recent call first):
       [0] _process (res://addons/GdPlanningAI/gdpai_autoload.gd:21)
[GdPAI | debug] GetCost: callable returned non-numeric value: null; returning INFINITY
WARNING: [GdPAI] ObjectRef(1382643928884): object was freed before callback; returning Nil.
   at: gdplanningai_rust::logger::process_logs (src\logger.rs:66)
   GDScript backtrace (most recent call first):
       [0] _process (res://addons/GdPlanningAI/gdpai_autoload.gd:21)
WARNING: [GdPAI] ObjectRef(1382643928884): object was freed before callback; returning Nil.
   at: gdplanningai_rust::logger::process_logs (src\logger.rs:66)
   GDScript backtrace (most recent call first):
       [0] _process (res://addons/GdPlanningAI/gdpai_autoload.gd:21)
[GdPAI | debug] GetCost: callable returned non-numeric value: null; returning INFINITY
WARNING: [GdPAI] ObjectRef(124621163998): object was freed before callback; returning Nil.
   at: gdplanningai_rust::logger::process_logs (src\logger.rs:66)
   GDScript backtrace (most recent call first):
       [0] _process (res://addons/GdPlanningAI/gdpai_autoload.gd:21)
WARNING: [GdPAI] ObjectRef(124621163998): object was freed before callback; returning Nil.
   at: gdplanningai_rust::logger::process_logs (src\logger.rs:66)
   GDScript backtrace (most recent call first):
       [0] _process (res://addons/GdPlanningAI/gdpai_autoload.gd:21)
[GdPAI | debug] ApplyEffect [Before] ID=InstanceId(-9223367523313899691): agent props = {"entity": null, "held_item": "", "hunger": 70.0627442063492}
[GdPAI | debug] ApplyEffect [After] ID=InstanceId(-9223367523313899691): agent props = {"entity": null, "held_item": "", "hunger": 70.0627442063492}
[GdPAI | debug]   Snapshotting prop: entity = Nil (Variant type: NIL)
[GdPAI | debug]   Snapshotting prop: held_item = Str("") (Variant type: STRING)
[GdPAI | debug]   Snapshotting prop: hunger = Float(70.0627442063492) (Variant type: FLOAT)
WARNING: [GdPAI] ObjectRef(1382643928884): object was freed before callback; returning Nil.
   at: gdplanningai_rust::logger::process_logs (src\logger.rs:66)
   GDScript backtrace (most recent call first):
       [0] _process (res://addons/GdPlanningAI/gdpai_autoload.gd:21)
[GdPAI | debug] Discovery: Simulation success for Pick Up Wood. Agent props: {"entity": Nil, "held_item": Str(""), "hunger": Float(70.0627442063492)}
[GdPAI | debug] Discovery: Action Pick Up Wood satisfied precond Builtin { target: Agent, operation: Equal, property_name: "held_item", value: Some(Str("")) }
[GdPAI | debug] Found candidate: Pick Up Wood (satisfied preconds: [0], requirements: [])
WARNING: [GdPAI] ObjectRef(1382643928884): object was freed before callback; returning Nil.
   at: gdplanningai_rust::logger::process_logs (src\logger.rs:66)
   GDScript backtrace (most recent call first):
       [0] _process (res://addons/GdPlanningAI/gdpai_autoload.gd:21)
[GdPAI | debug] ApplyEffect [Before] ID=InstanceId(-9223367522743474347): agent props = {"hunger": 95.0603725, "held_item": "", "entity": null}
[GdPAI | debug] ApplyEffect [After] ID=InstanceId(-9223367522743474347): agent props = {"hunger": 95.0603725, "held_item": "", "entity": null}
[GdPAI | debug]   Snapshotting prop: hunger = Float(95.0603725) (Variant type: FLOAT)
[GdPAI | debug]   Snapshotting prop: held_item = Str("") (Variant type: STRING)
[GdPAI | debug]   Snapshotting prop: entity = Nil (Variant type: NIL)
[GdPAI | debug] Discovery: Starting simulation for action Pick Up Wood
WARNING: [GdPAI] ObjectRef(124621163998): object was freed before callback; returning Nil.
   at: gdplanningai_rust::logger::process_logs (src\logger.rs:66)
   GDScript backtrace (most recent call first):
       [0] _process (res://addons/GdPlanningAI/gdpai_autoload.gd:21)
WARNING: [GdPAI] ObjectRef(124621163998): object was freed before callback; returning Nil.
   at: gdplanningai_rust::logger::process_logs (src\logger.rs:66)
   GDScript backtrace (most recent call first):
       [0] _process (res://addons/GdPlanningAI/gdpai_autoload.gd:21)
[GdPAI | debug] GetCost: callable returned non-numeric value: null; returning INFINITY
WARNING: [GdPAI] ObjectRef(1382643928884): object was freed before callback; returning Nil.
   at: gdplanningai_rust::logger::process_logs (src\logger.rs:66)
   GDScript backtrace (most recent call first):
       [0] _process (res://addons/GdPlanningAI/gdpai_autoload.gd:21)
[GdPAI | debug] GetCost: callable returned non-numeric value: null; returning INFINITY
[GdPAI | debug]   Snapshotting prop: hunger = Float(0.0) (Variant type: FLOAT)
[GdPAI | debug]   Snapshotting prop: entity = ObjectRef(4509094913884) (Variant type: OBJECT)
[GdPAI] Submitting plan: 4 actions, 2 goals, 13 callables
[GdPAI | debug] PlannerEngine: Searching for goal 'Wander' (reward: 5)
[GdPAI] PlannerEngine: Searching for goal 'Wander'
WARNING: [GdPAI] ObjectRef(124621163998): object was freed before callback; returning Nil.
   at: gdplanningai_rust::logger::process_logs (src\logger.rs:66)
   GDScript backtrace (most recent call first):
       [0] _start_plan_and_wait (res://test/integration/test_hunger_example_smoke.gd:68)
       [1] test_real_hunger_example_shakes_tree_then_picks_up_food (res://test/integration/test_hunger_example_smoke.gd:131)
       [2] _pump_frames (res://test/integration/test_hunger_example_smoke.gd:43)
WARNING: [GdPAI] ObjectRef(124621163998): object was freed before callback; returning Nil.
   at: gdplanningai_rust::logger::process_logs (src\logger.rs:66)
   GDScript backtrace (most recent call first):
       [0] _start_plan_and_wait (res://test/integration/test_hunger_example_smoke.gd:68)
       [1] test_real_hunger_example_shakes_tree_then_picks_up_food (res://test/integration/test_hunger_example_smoke.gd:131)
       [2] _pump_frames (res://test/integration/test_hunger_example_smoke.gd:43)
[GdPAI | debug] ApplyEffect [Before] ID=InstanceId(-9223367520126226338): agent props = {"held_item": "", "hunger": 70.0627442063492, "entity": null}
[GdPAI | debug] ApplyEffect [After] ID=InstanceId(-9223367520126226338): agent props = {"held_item": "", "hunger": 70.0627442063492, "entity": null}
[GdPAI | debug]   Snapshotting prop: held_item = Str("") (Variant type: STRING)
[GdPAI | debug]   Snapshotting prop: hunger = Float(70.0627442063492) (Variant type: FLOAT)
[GdPAI | debug]   Snapshotting prop: entity = Nil (Variant type: NIL)
[GdPAI | debug] Discovery: Simulation success for Pick Up Wood. Agent props: {"hunger": Float(70.0627442063492), "entity": Nil, "held_item": Str("")}
[GdPAI | debug] Discovery: Action Pick Up Wood satisfied precond Builtin { target: Agent, operation: Equal, property_name: "held_item", value: Some(Str("")) }
[GdPAI | debug] Found candidate: Pick Up Wood (satisfied preconds: [0], requirements: [])
WARNING: [GdPAI] ObjectRef(1382643928884): object was freed before callback; returning Nil.
   at: gdplanningai_rust::logger::process_logs (src\logger.rs:66)
   GDScript backtrace (most recent call first):
       [0] _start_plan_and_wait (res://test/integration/test_hunger_example_smoke.gd:68)
       [1] test_real_hunger_example_shakes_tree_then_picks_up_food (res://test/integration/test_hunger_example_smoke.gd:131)
       [2] _pump_frames (res://test/integration/test_hunger_example_smoke.gd:43)
[GdPAI | debug] ApplyEffect [Before] ID=InstanceId(-9223367519555800994): agent props = {"held_item": "", "entity": null, "hunger": 95.0603725}
[GdPAI | debug] ApplyEffect [After] ID=InstanceId(-9223367519555800994): agent props = {"held_item": "", "entity": null, "hunger": 95.0603725}
[GdPAI | debug]   Snapshotting prop: held_item = Str("") (Variant type: STRING)
[GdPAI | debug]   Snapshotting prop: entity = Nil (Variant type: NIL)
[GdPAI | debug]   Snapshotting prop: hunger = Float(95.0603725) (Variant type: FLOAT)
[GdPAI | debug] Discovery: Starting simulation for action Pick Up Wood
[GdPAI]   Root branch: 1 open preconds, 0 open requirements
[GdPAI]     Precond 0: Custom { callable_id: 12, dependent_object_ids: [] }
[GdPAI] A* Iteration: pop node with chain length 0
[GdPAI | debug] find_candidates: Checking 4 actions against 1 preconds and 0 requirements
WARNING: [GdPAI] ObjectRef(124621163998): object was freed before callback; returning Nil.
   at: gdplanningai_rust::logger::process_logs (src\logger.rs:66)
   GDScript backtrace (most recent call first):
       [0] _process (res://addons/GdPlanningAI/gdpai_autoload.gd:21)
WARNING: [GdPAI] ObjectRef(124621163998): object was freed before callback; returning Nil.
   at: gdplanningai_rust::logger::process_logs (src\logger.rs:66)
   GDScript backtrace (most recent call first):
       [0] _process (res://addons/GdPlanningAI/gdpai_autoload.gd:21)
[GdPAI | debug] GetCost: callable returned non-numeric value: null; returning INFINITY
WARNING: [GdPAI] ObjectRef(1382643928884): object was freed before callback; returning Nil.
   at: gdplanningai_rust::logger::process_logs (src\logger.rs:66)
   GDScript backtrace (most recent call first):
       [0] _process (res://addons/GdPlanningAI/gdpai_autoload.gd:21)
[GdPAI | debug] GetCost: callable returned non-numeric value: null; returning INFINITY
[GdPAI | debug] Discovery: Starting simulation for action Go To
WARNING: [GdPAI] ObjectRef(124621163998): object was freed before callback; returning Nil.
   at: gdplanningai_rust::logger::process_logs (src\logger.rs:66)
   GDScript backtrace (most recent call first):
       [0] _start_plan_and_wait (res://test/integration/test_hunger_example_smoke.gd:68)
WARNING: [GdPAI] ObjectRef(124621163998): object was freed before callback; returning Nil.
   at: gdplanningai_rust::logger::process_logs (src\logger.rs:66)
   GDScript backtrace (most recent call first):
       [0] _start_plan_and_wait (res://test/integration/test_hunger_example_smoke.gd:68)
[GdPAI | debug] ApplyEffect [Before] ID=InstanceId(-9223367517274101950): agent props = {"held_item": "", "hunger": 70.0627442063492, "entity": null}
[GdPAI | debug] ApplyEffect [After] ID=InstanceId(-9223367517274101950): agent props = {"held_item": "", "hunger": 70.0627442063492, "entity": null}
[GdPAI | debug]   Snapshotting prop: held_item = Str("") (Variant type: STRING)
[GdPAI | debug]   Snapshotting prop: hunger = Float(70.0627442063492) (Variant type: FLOAT)
[GdPAI | debug]   Snapshotting prop: entity = Nil (Variant type: NIL)
[GdPAI | debug] Discovery: Simulation success for Pick Up Wood. Agent props: {"entity": Nil, "hunger": Float(70.0627442063492), "held_item": Str("")}
[GdPAI | debug] Discovery: Action Pick Up Wood satisfied precond Builtin { target: Agent, operation: Equal, property_name: "held_item", value: Some(Str("")) }
[GdPAI | debug] Found candidate: Pick Up Wood (satisfied preconds: [0], requirements: [])
WARNING: [GdPAI] ObjectRef(1382643928884): object was freed before callback; returning Nil.
   at: gdplanningai_rust::logger::process_logs (src\logger.rs:66)
   GDScript backtrace (most recent call first):
       [0] _start_plan_and_wait (res://test/integration/test_hunger_example_smoke.gd:68)
[GdPAI | debug] ApplyEffect [Before] ID=InstanceId(-9223367516703676606): agent props = {"held_item": "", "entity": null, "hunger": 95.0603725}
[GdPAI | debug] ApplyEffect [After] ID=InstanceId(-9223367516703676606): agent props = {"held_item": "", "entity": null, "hunger": 95.0603725}
[GdPAI | debug]   Snapshotting prop: held_item = Str("") (Variant type: STRING)
[GdPAI | debug]   Snapshotting prop: entity = Nil (Variant type: NIL)
[GdPAI | debug]   Snapshotting prop: hunger = Float(95.0603725) (Variant type: FLOAT)
[GdPAI | debug] Discovery: Starting simulation for action Pick Up Wood
WARNING: [GdPAI] ObjectRef(124621163998): object was freed before callback; returning Nil.
   at: gdplanningai_rust::logger::process_logs (src\logger.rs:66)
   GDScript backtrace (most recent call first):
       [0] _process (res://addons/GdPlanningAI/gdpai_autoload.gd:21)
WARNING: [GdPAI] ObjectRef(124621163998): object was freed before callback; returning Nil.
   at: gdplanningai_rust::logger::process_logs (src\logger.rs:66)
   GDScript backtrace (most recent call first):
       [0] _process (res://addons/GdPlanningAI/gdpai_autoload.gd:21)
[GdPAI | debug] GetCost: callable returned non-numeric value: null; returning INFINITY
WARNING: [GdPAI] ObjectRef(1382643928884): object was freed before callback; returning Nil.
   at: gdplanningai_rust::logger::process_logs (src\logger.rs:66)
   GDScript backtrace (most recent call first):
       [0] _process (res://addons/GdPlanningAI/gdpai_autoload.gd:21)
[GdPAI | debug] GetCost: callable returned non-numeric value: null; returning INFINITY
[GdPAI | debug] ApplyEffect [Before] ID=InstanceId(-9223367514707156539): agent props = {"entity": VariantGd { id: 4509094913884, class: RigidBody2D }, "hunger": 0.0}
[GdPAI | debug] ApplyEffect [After] ID=InstanceId(-9223367514707156539): agent props = {"entity": VariantGd { id: 4509094913884, class: RigidBody2D }, "hunger": 0.0}
[GdPAI | debug]   Snapshotting prop: entity = ObjectRef(4509094913884) (Variant type: OBJECT)
[GdPAI | debug]   Snapshotting prop: hunger = Float(0.0) (Variant type: FLOAT)
[GdPAI | debug] Discovery: Simulation success for Go To. Agent props: {"entity": ObjectRef(4509094913884), "hunger": Float(0.0)}
WARNING: [GdPAI] ObjectRef(124621163998): object was freed before callback; returning Nil.
   at: gdplanningai_rust::logger::process_logs (src\logger.rs:66)
   GDScript backtrace (most recent call first):
       [0] _start_plan_and_wait (res://test/integration/test_hunger_example_smoke.gd:68)
WARNING: [GdPAI] ObjectRef(124621163998): object was freed before callback; returning Nil.
   at: gdplanningai_rust::logger::process_logs (src\logger.rs:66)
   GDScript backtrace (most recent call first):
       [0] _start_plan_and_wait (res://test/integration/test_hunger_example_smoke.gd:68)
[GdPAI | debug] ApplyEffect [Before] ID=InstanceId(-9223367514438721077): agent props = {"entity": null, "hunger": 70.0627442063492, "held_item": ""}
[GdPAI | debug] ApplyEffect [After] ID=InstanceId(-9223367514438721077): agent props = {"entity": null, "hunger": 70.0627442063492, "held_item": ""}
[GdPAI | debug]   Snapshotting prop: entity = Nil (Variant type: NIL)
[GdPAI | debug]   Snapshotting prop: hunger = Float(70.0627442063492) (Variant type: FLOAT)
[GdPAI | debug]   Snapshotting prop: held_item = Str("") (Variant type: STRING)
[GdPAI | debug] Discovery: Simulation success for Pick Up Wood. Agent props: {"entity": Nil, "hunger": Float(70.0627442063492), "held_item": Str("")}
[GdPAI | debug] Discovery: Action Pick Up Wood satisfied precond Builtin { target: Agent, operation: Equal, property_name: "held_item", value: Some(Str("")) }
[GdPAI | debug] Found candidate: Pick Up Wood (satisfied preconds: [0], requirements: [])
WARNING: [GdPAI] ObjectRef(1382643928884): object was freed before callback; returning Nil.
   at: gdplanningai_rust::logger::process_logs (src\logger.rs:66)
   GDScript backtrace (most recent call first):
       [0] _start_plan_and_wait (res://test/integration/test_hunger_example_smoke.gd:68)
[GdPAI | debug] ApplyEffect [Before] ID=InstanceId(-9223367513868295733): agent props = {"hunger": 95.0603725, "held_item": "wood", "entity": null}
[GdPAI | debug] ApplyEffect [After] ID=InstanceId(-9223367513868295733): agent props = {"hunger": 95.0603725, "held_item": "wood", "entity": null}
[GdPAI | debug]   Snapshotting prop: hunger = Float(95.0603725) (Variant type: FLOAT)
[GdPAI | debug]   Snapshotting prop: held_item = Str("wood") (Variant type: STRING)
[GdPAI | debug]   Snapshotting prop: entity = Nil (Variant type: NIL)
[GdPAI | debug] Discovery: Action Go To did NOT satisfy precond Custom { callable_id: 12, dependent_object_ids: [] }
[GdPAI | debug] Discovery: Starting simulation for action Eat Held Food
[GdPAI | debug] Numeric comparison: 95.0603725 GreaterThan 0 -> true
WARNING: [GdPAI] ObjectRef(124621163998): object was freed before callback; returning Nil.
   at: gdplanningai_rust::logger::process_logs (src\logger.rs:66)
   GDScript backtrace (most recent call first):
       [0] _process (res://addons/GdPlanningAI/gdpai_autoload.gd:21)
WARNING: [GdPAI] ObjectRef(124621163998): object was freed before callback; returning Nil.
   at: gdplanningai_rust::logger::process_logs (src\logger.rs:66)
   GDScript backtrace (most recent call first):
       [0] _process (res://addons/GdPlanningAI/gdpai_autoload.gd:21)
WARNING: [GdPAI] ObjectRef(1382643928884): object was freed before callback; returning Nil.
   at: gdplanningai_rust::logger::process_logs (src\logger.rs:66)
   GDScript backtrace (most recent call first):
       [0] _process (res://addons/GdPlanningAI/gdpai_autoload.gd:21)
[GdPAI | debug] Discovery: Action Dig Potato failed validity check, skipping
WARNING: [GdPAI] ObjectRef(1382643928884): object was freed before callback; returning Nil.
   at: gdplanningai_rust::logger::process_logs (src\logger.rs:66)
   GDScript backtrace (most recent call first):
       [0] _process (res://addons/GdPlanningAI/gdpai_autoload.gd:21)
WARNING: [GdPAI] ObjectRef(1382308384561): object was freed before callback; returning Nil.
   at: gdplanningai_rust::logger::process_logs (src\logger.rs:66)
   GDScript backtrace (most recent call first):
       [0] _process (res://addons/GdPlanningAI/gdpai_autoload.gd:21)
WARNING: [GdPAI] ObjectRef(1383197576744): object was freed before callback; returning Nil.
   at: gdplanningai_rust::logger::process_logs (src\logger.rs:66)
   GDScript backtrace (most recent call first):
       [0] _process (res://addons/GdPlanningAI/gdpai_autoload.gd:21)
WARNING: [GdPAI] ObjectRef(1382308384561): object was freed before callback; returning Nil.
   at: gdplanningai_rust::logger::process_logs (src\logger.rs:66)
   GDScript backtrace (most recent call first):
       [0] _process (res://addons/GdPlanningAI/gdpai_autoload.gd:21)
WARNING: [GdPAI] ObjectRef(1383197576744): object was freed before callback; returning Nil.
   at: gdplanningai_rust::logger::process_logs (src\logger.rs:66)
   GDScript backtrace (most recent call first):
       [0] _process (res://addons/GdPlanningAI/gdpai_autoload.gd:21)
[GdPAI | debug] GetCost: callable returned non-numeric value: null; returning INFINITY
WARNING: [GdPAI] ObjectRef(124621163998): object was freed before callback; returning Nil.
   at: gdplanningai_rust::logger::process_logs (src\logger.rs:66)
   GDScript backtrace (most recent call first):
       [0] _start_plan_and_wait (res://test/integration/test_hunger_example_smoke.gd:68)
WARNING: [GdPAI] ObjectRef(124621163998): object was freed before callback; returning Nil.
   at: gdplanningai_rust::logger::process_logs (src\logger.rs:66)
   GDScript backtrace (most recent call first):
       [0] _start_plan_and_wait (res://test/integration/test_hunger_example_smoke.gd:68)
WARNING: [GdPAI] ObjectRef(1382643928884): object was freed before callback; returning Nil.
   at: gdplanningai_rust::logger::process_logs (src\logger.rs:66)
   GDScript backtrace (most recent call first):
       [0] _start_plan_and_wait (res://test/integration/test_hunger_example_smoke.gd:68)
[GdPAI | debug] Discovery: Action Dig Potato failed validity check, skipping
WARNING: [GdPAI] ObjectRef(1382643928884): object was freed before callback; returning Nil.
   at: gdplanningai_rust::logger::process_logs (src\logger.rs:66)
   GDScript backtrace (most recent call first):
       [0] _start_plan_and_wait (res://test/integration/test_hunger_example_smoke.gd:68)
WARNING: [GdPAI] ObjectRef(1382308384561): object was freed before callback; returning Nil.
   at: gdplanningai_rust::logger::process_logs (src\logger.rs:66)
   GDScript backtrace (most recent call first):
       [0] _start_plan_and_wait (res://test/integration/test_hunger_example_smoke.gd:68)
WARNING: [GdPAI] ObjectRef(1383197576744): object was freed before callback; returning Nil.
   at: gdplanningai_rust::logger::process_logs (src\logger.rs:66)
   GDScript backtrace (most recent call first):
       [0] _start_plan_and_wait (res://test/integration/test_hunger_example_smoke.gd:68)
WARNING: [GdPAI] ObjectRef(1382308384561): object was freed before callback; returning Nil.
   at: gdplanningai_rust::logger::process_logs (src\logger.rs:66)
   GDScript backtrace (most recent call first):
       [0] _start_plan_and_wait (res://test/integration/test_hunger_example_smoke.gd:68)
WARNING: [GdPAI] ObjectRef(1383197576744): object was freed before callback; returning Nil.
   at: gdplanningai_rust::logger::process_logs (src\logger.rs:66)
   GDScript backtrace (most recent call first):
       [0] _start_plan_and_wait (res://test/integration/test_hunger_example_smoke.gd:68)
[GdPAI | debug] ApplyEffect [Before] ID=InstanceId(-9223367510781287993): agent props = {"entity": null, "held_item": "", "at_target": null, "hunger": 95.0603725}
[GdPAI | debug] ApplyEffect [After] ID=InstanceId(-9223367510781287993): agent props = {"entity": null, "held_item": "", "at_target": null, "hunger": 95.0603725}
[GdPAI | debug]   Snapshotting prop: entity = Nil (Variant type: NIL)
[GdPAI | debug]   Snapshotting prop: held_item = Str("") (Variant type: STRING)
[GdPAI | debug]   Snapshotting prop: at_target = Nil (Variant type: NIL)
[GdPAI | debug]   Snapshotting prop: hunger = Float(95.0603725) (Variant type: FLOAT)
[GdPAI | debug] ApplyEffect [Before] ID=InstanceId(-9223367510210862649): agent props = {"hunger": 0.0, "entity": VariantGd { id: 4509094913884, class: RigidBody2D }}
[GdPAI | debug] ApplyEffect [After] ID=InstanceId(-9223367510210862649): agent props = {"hunger": 0.0, "held_item": "", "entity": VariantGd { id: 4509094913884, class: RigidBody2D }}
[GdPAI | debug]   Snapshotting prop: hunger = Float(0.0) (Variant type: FLOAT)
[GdPAI | debug]   Snapshotting prop: held_item = Str("") (Variant type: STRING)
[GdPAI | debug]   Snapshotting prop: entity = ObjectRef(4509094913884) (Variant type: OBJECT)
[GdPAI | debug] Discovery: Simulation success for Eat Held Food. Agent props: {"hunger": Float(0.0), "held_item": Str(""), "entity": ObjectRef(4509094913884)}
WARNING: [GdPAI] ObjectRef(124621163998): object was freed before callback; returning Nil.
   at: gdplanningai_rust::logger::process_logs (src\logger.rs:66)
   GDScript backtrace (most recent call first):
       [0] _process (res://addons/GdPlanningAI/gdpai_autoload.gd:21)
WARNING: [GdPAI] ObjectRef(124621163998): object was freed before callback; returning Nil.
   at: gdplanningai_rust::logger::process_logs (src\logger.rs:66)
   GDScript backtrace (most recent call first):
       [0] _process (res://addons/GdPlanningAI/gdpai_autoload.gd:21)
[GdPAI | debug] Discovery: Action Dig Potato failed validity check, skipping
WARNING: [GdPAI] ObjectRef(1382643928884): object was freed before callback; returning Nil.
   at: gdplanningai_rust::logger::process_logs (src\logger.rs:66)
   GDScript backtrace (most recent call first):
       [0] _process (res://addons/GdPlanningAI/gdpai_autoload.gd:21)
WARNING: [GdPAI] ObjectRef(1383197576744): object was freed before callback; returning Nil.
   at: gdplanningai_rust::logger::process_logs (src\logger.rs:66)
   GDScript backtrace (most recent call first):
       [0] _process (res://addons/GdPlanningAI/gdpai_autoload.gd:21)
WARNING: [GdPAI] ObjectRef(1383197576744): object was freed before callback; returning Nil.
   at: gdplanningai_rust::logger::process_logs (src\logger.rs:66)
   GDScript backtrace (most recent call first):
       [0] _process (res://addons/GdPlanningAI/gdpai_autoload.gd:21)
[GdPAI | debug] GetCost: callable returned non-numeric value: null; returning INFINITY
[GdPAI | debug] Discovery: Action Eat Held Food did NOT satisfy precond Custom { callable_id: 12, dependent_object_ids: [] }
WARNING: [GdPAI] ObjectRef(124621163998): object was freed before callback; returning Nil.
   at: gdplanningai_rust::logger::process_logs (src\logger.rs:66)
   GDScript backtrace (most recent call first):
       [0] _start_plan_and_wait (res://test/integration/test_hunger_example_smoke.gd:68)
WARNING: [GdPAI] ObjectRef(124621163998): object was freed before callback; returning Nil.
   at: gdplanningai_rust::logger::process_logs (src\logger.rs:66)
   GDScript backtrace (most recent call first):
       [0] _start_plan_and_wait (res://test/integration/test_hunger_example_smoke.gd:68)
[GdPAI | debug] Discovery: Action Dig Potato failed validity check, skipping
WARNING: [GdPAI] ObjectRef(1382643928884): object was freed before callback; returning Nil.
   at: gdplanningai_rust::logger::process_logs (src\logger.rs:66)
   GDScript backtrace (most recent call first):
       [0] _start_plan_and_wait (res://test/integration/test_hunger_example_smoke.gd:68)
WARNING: [GdPAI] ObjectRef(1383197576744): object was freed before callback; returning Nil.
   at: gdplanningai_rust::logger::process_logs (src\logger.rs:66)
   GDScript backtrace (most recent call first):
       [0] _start_plan_and_wait (res://test/integration/test_hunger_example_smoke.gd:68)
WARNING: [GdPAI] ObjectRef(1383197576744): object was freed before callback; returning Nil.
   at: gdplanningai_rust::logger::process_logs (src\logger.rs:66)
   GDScript backtrace (most recent call first):
       [0] _start_plan_and_wait (res://test/integration/test_hunger_example_smoke.gd:68)
[GdPAI | debug] ApplyEffect [Before] ID=InstanceId(-9223367507593616888): agent props = {"at_target": null, "entity": null, "held_item": "", "hunger": 95.0603725}
[GdPAI | debug] ApplyEffect [After] ID=InstanceId(-9223367507593616888): agent props = {"at_target": null, "entity": null, "held_item": "", "hunger": 95.0603725}
[GdPAI | debug]   Snapshotting prop: at_target = Nil (Variant type: NIL)
[GdPAI | debug]   Snapshotting prop: entity = Nil (Variant type: NIL)
[GdPAI | debug]   Snapshotting prop: held_item = Str("") (Variant type: STRING)
[GdPAI | debug]   Snapshotting prop: hunger = Float(95.0603725) (Variant type: FLOAT)
[GdPAI | debug] Discovery: Starting simulation for action Wander
WARNING: [GdPAI] ObjectRef(124621163998): object was freed before callback; returning Nil.
   at: gdplanningai_rust::logger::process_logs (src\logger.rs:66)
   GDScript backtrace (most recent call first):
       [0] _process (res://addons/GdPlanningAI/gdpai_autoload.gd:21)
WARNING: [GdPAI] ObjectRef(124621163998): object was freed before callback; returning Nil.
   at: gdplanningai_rust::logger::process_logs (src\logger.rs:66)
   GDScript backtrace (most recent call first):
       [0] _process (res://addons/GdPlanningAI/gdpai_autoload.gd:21)
[GdPAI | debug] Discovery: Action Dig Potato failed validity check, skipping
WARNING: [GdPAI] ObjectRef(1382643928884): object was freed before callback; returning Nil.
   at: gdplanningai_rust::logger::process_logs (src\logger.rs:66)
   GDScript backtrace (most recent call first):
       [0] _process (res://addons/GdPlanningAI/gdpai_autoload.gd:21)
WARNING: [GdPAI] ObjectRef(1382308384561): object was freed before callback; returning Nil.
   at: gdplanningai_rust::logger::process_logs (src\logger.rs:66)
   GDScript backtrace (most recent call first):
       [0] _process (res://addons/GdPlanningAI/gdpai_autoload.gd:21)
WARNING: [GdPAI] ObjectRef(1382308384561): object was freed before callback; returning Nil.
   at: gdplanningai_rust::logger::process_logs (src\logger.rs:66)
   GDScript backtrace (most recent call first):
       [0] _process (res://addons/GdPlanningAI/gdpai_autoload.gd:21)
[GdPAI | debug] GetCost: callable returned non-numeric value: null; returning INFINITY
WARNING: [GdPAI] ObjectRef(124621163998): object was freed before callback; returning Nil.
   at: gdplanningai_rust::logger::process_logs (src\logger.rs:66)
   GDScript backtrace (most recent call first):
       [0] _start_plan_and_wait (res://test/integration/test_hunger_example_smoke.gd:68)
WARNING: [GdPAI] ObjectRef(124621163998): object was freed before callback; returning Nil.
   at: gdplanningai_rust::logger::process_logs (src\logger.rs:66)
   GDScript backtrace (most recent call first):
       [0] _start_plan_and_wait (res://test/integration/test_hunger_example_smoke.gd:68)
WARNING: [GdPAI] ObjectRef(124134624705): object was freed before callback; returning Nil.
   at: gdplanningai_rust::logger::process_logs (src\logger.rs:66)
   GDScript backtrace (most recent call first):
       [0] _start_plan_and_wait (res://test/integration/test_hunger_example_smoke.gd:68)
WARNING: [GdPAI] ObjectRef(125510356497): object was freed before callback; returning Nil.
   at: gdplanningai_rust::logger::process_logs (src\logger.rs:66)
   GDScript backtrace (most recent call first):
       [0] _start_plan_and_wait (res://test/integration/test_hunger_example_smoke.gd:68)
WARNING: [GdPAI] ObjectRef(124285619658): object was freed before callback; returning Nil.
   at: gdplanningai_rust::logger::process_logs (src\logger.rs:66)
   GDScript backtrace (most recent call first):
       [0] _start_plan_and_wait (res://test/integration/test_hunger_example_smoke.gd:68)
WARNING: [GdPAI] ObjectRef(124134624705): object was freed before callback; returning Nil.
   at: gdplanningai_rust::logger::process_logs (src\logger.rs:66)
   GDScript backtrace (most recent call first):
       [0] _start_plan_and_wait (res://test/integration/test_hunger_example_smoke.gd:68)
WARNING: [GdPAI] ObjectRef(125510356497): object was freed before callback; returning Nil.
   at: gdplanningai_rust::logger::process_logs (src\logger.rs:66)
   GDScript backtrace (most recent call first):
       [0] _start_plan_and_wait (res://test/integration/test_hunger_example_smoke.gd:68)
WARNING: [GdPAI] ObjectRef(124285619658): object was freed before callback; returning Nil.
   at: gdplanningai_rust::logger::process_logs (src\logger.rs:66)
   GDScript backtrace (most recent call first):
       [0] _start_plan_and_wait (res://test/integration/test_hunger_example_smoke.gd:68)
[GdPAI | debug] GetCost: callable returned non-numeric value: null; returning INFINITY
WARNING: [GdPAI] ObjectRef(1382643928884): object was freed before callback; returning Nil.
   at: gdplanningai_rust::logger::process_logs (src\logger.rs:66)
   GDScript backtrace (most recent call first):
       [0] _start_plan_and_wait (res://test/integration/test_hunger_example_smoke.gd:68)
WARNING: [GdPAI] ObjectRef(1382308384561): object was freed before callback; returning Nil.
   at: gdplanningai_rust::logger::process_logs (src\logger.rs:66)
   GDScript backtrace (most recent call first):
       [0] _start_plan_and_wait (res://test/integration/test_hunger_example_smoke.gd:68)
WARNING: [GdPAI] ObjectRef(1382308384561): object was freed before callback; returning Nil.
   at: gdplanningai_rust::logger::process_logs (src\logger.rs:66)
   GDScript backtrace (most recent call first):
       [0] _start_plan_and_wait (res://test/integration/test_hunger_example_smoke.gd:68)
[GdPAI | debug] ApplyEffect [Before] ID=InstanceId(-9223367504556940805): agent props = {"held_item": "", "entity": null, "at_target": null, "hunger": 95.0603725}
[GdPAI | debug] ApplyEffect [After] ID=InstanceId(-9223367504556940805): agent props = {"held_item": "", "entity": null, "at_target": null, "hunger": 95.0603725}
[GdPAI | debug]   Snapshotting prop: held_item = Str("") (Variant type: STRING)
[GdPAI | debug]   Snapshotting prop: entity = Nil (Variant type: NIL)
[GdPAI | debug]   Snapshotting prop: at_target = Nil (Variant type: NIL)
[GdPAI | debug]   Snapshotting prop: hunger = Float(95.0603725) (Variant type: FLOAT)
[GdPAI | debug] ApplyEffect [Before] ID=InstanceId(-9223367503986515461): agent props = {"hunger": 0.0, "entity": VariantGd { id: 4509094913884, class: RigidBody2D }}
[GdPAI | debug] ApplyEffect [After] ID=InstanceId(-9223367503986515461): agent props = {"hunger": 0.0, "entity": VariantGd { id: 4509094913884, class: RigidBody2D }}
[GdPAI | debug]   Snapshotting prop: hunger = Float(0.0) (Variant type: FLOAT)
[GdPAI | debug]   Snapshotting prop: entity = ObjectRef(4509094913884) (Variant type: OBJECT)
[GdPAI | debug] Discovery: Simulation success for Wander. Agent props: {"hunger": Float(0.0), "entity": ObjectRef(4509094913884)}
WARNING: [GdPAI] ObjectRef(124621163998): object was freed before callback; returning Nil.
   at: gdplanningai_rust::logger::process_logs (src\logger.rs:66)
   GDScript backtrace (most recent call first):
       [0] _process (res://addons/GdPlanningAI/gdpai_autoload.gd:21)
WARNING: [GdPAI] ObjectRef(124621163998): object was freed before callback; returning Nil.
   at: gdplanningai_rust::logger::process_logs (src\logger.rs:66)
   GDScript backtrace (most recent call first):
       [0] _process (res://addons/GdPlanningAI/gdpai_autoload.gd:21)
WARNING: [GdPAI] ObjectRef(124134624705): object was freed before callback; returning Nil.
   at: gdplanningai_rust::logger::process_logs (src\logger.rs:66)
   GDScript backtrace (most recent call first):
       [0] _process (res://addons/GdPlanningAI/gdpai_autoload.gd:21)
WARNING: [GdPAI] ObjectRef(125510356497): object was freed before callback; returning Nil.
   at: gdplanningai_rust::logger::process_logs (src\logger.rs:66)
   GDScript backtrace (most recent call first):
       [0] _process (res://addons/GdPlanningAI/gdpai_autoload.gd:21)
WARNING: [GdPAI] ObjectRef(124285619658): object was freed before callback; returning Nil.
   at: gdplanningai_rust::logger::process_logs (src\logger.rs:66)
   GDScript backtrace (most recent call first):
       [0] _process (res://addons/GdPlanningAI/gdpai_autoload.gd:21)
WARNING: [GdPAI] ObjectRef(124134624705): object was freed before callback; returning Nil.
   at: gdplanningai_rust::logger::process_logs (src\logger.rs:66)
   GDScript backtrace (most recent call first):
       [0] _process (res://addons/GdPlanningAI/gdpai_autoload.gd:21)
WARNING: [GdPAI] ObjectRef(125510356497): object was freed before callback; returning Nil.
   at: gdplanningai_rust::logger::process_logs (src\logger.rs:66)
   GDScript backtrace (most recent call first):
       [0] _process (res://addons/GdPlanningAI/gdpai_autoload.gd:21)
WARNING: [GdPAI] ObjectRef(124285619658): object was freed before callback; returning Nil.
   at: gdplanningai_rust::logger::process_logs (src\logger.rs:66)
   GDScript backtrace (most recent call first):
       [0] _process (res://addons/GdPlanningAI/gdpai_autoload.gd:21)
[GdPAI | debug] ApplyEffect [Before] ID=InstanceId(-9223367503298649570): agent props = {"held_item": "", "hunger": 70.0627442063492, "entity": null, "at_target": null}
[GdPAI | debug] ApplyEffect [After] ID=InstanceId(-9223367503298649570): agent props = {"held_item": "", "hunger": 70.0627442063492, "entity": null, "at_target": null}
[GdPAI | debug]   Snapshotting prop: held_item = Str("") (Variant type: STRING)
[GdPAI | debug]   Snapshotting prop: hunger = Float(70.0627442063492) (Variant type: FLOAT)
[GdPAI | debug]   Snapshotting prop: entity = Nil (Variant type: NIL)
[GdPAI | debug]   Snapshotting prop: at_target = Nil (Variant type: NIL)
WARNING: [GdPAI] ObjectRef(1382643928884): object was freed before callback; returning Nil.
   at: gdplanningai_rust::logger::process_logs (src\logger.rs:66)
   GDScript backtrace (most recent call first):
       [0] _process (res://addons/GdPlanningAI/gdpai_autoload.gd:21)
[GdPAI | debug] GetCost: callable returned non-numeric value: null; returning INFINITY
[GdPAI | debug] Discovery: Action Wander satisfied precond Custom { callable_id: 12, dependent_object_ids: [] }
[GdPAI | debug] Found candidate: Wander (satisfied preconds: [0], requirements: [])
WARNING: [GdPAI] ObjectRef(124621163998): object was freed before callback; returning Nil.
   at: gdplanningai_rust::logger::process_logs (src\logger.rs:66)
   GDScript backtrace (most recent call first):
       [0] _start_plan_and_wait (res://test/integration/test_hunger_example_smoke.gd:68)
WARNING: [GdPAI] ObjectRef(124285619658): object was freed before callback; returning Nil.
   at: gdplanningai_rust::logger::process_logs (src\logger.rs:66)
   GDScript backtrace (most recent call first):
       [0] _start_plan_and_wait (res://test/integration/test_hunger_example_smoke.gd:68)
WARNING: [GdPAI] ObjectRef(124285619658): object was freed before callback; returning Nil.
   at: gdplanningai_rust::logger::process_logs (src\logger.rs:66)
   GDScript backtrace (most recent call first):
       [0] _start_plan_and_wait (res://test/integration/test_hunger_example_smoke.gd:68)
[GdPAI | debug] GetCost: callable returned non-numeric value: null; returning INFINITY
WARNING: [GdPAI] ObjectRef(1382643928884): object was freed before callback; returning Nil.
   at: gdplanningai_rust::logger::process_logs (src\logger.rs:66)
   GDScript backtrace (most recent call first):
       [0] _start_plan_and_wait (res://test/integration/test_hunger_example_smoke.gd:68)
[GdPAI | debug] ApplyEffect [Before] ID=InstanceId(-9223367501016948145): agent props = {"held_item": "wood", "entity": null, "at_target": null, "hunger": 95.0603725}
[GdPAI | debug] ApplyEffect [After] ID=InstanceId(-9223367501016948145): agent props = {"held_item": "wood", "entity": null, "at_target": null, "hunger": 95.0603725}
[GdPAI | debug]   Snapshotting prop: held_item = Str("wood") (Variant type: STRING)
[GdPAI | debug]   Snapshotting prop: entity = Nil (Variant type: NIL)
[GdPAI | debug]   Snapshotting prop: at_target = Nil (Variant type: NIL)
[GdPAI | debug]   Snapshotting prop: hunger = Float(95.0603725) (Variant type: FLOAT)
[GdPAI | debug] Numeric comparison: 0 GreaterThan 0 -> false
[GdPAI | debug] Discovery: Action Shake Tree failed validity check, skipping
WARNING: [GdPAI] ObjectRef(124621163998): object was freed before callback; returning Nil.
   at: gdplanningai_rust::logger::process_logs (src\logger.rs:66)
   GDScript backtrace (most recent call first):
       [0] _process (res://addons/GdPlanningAI/gdpai_autoload.gd:21)
WARNING: [GdPAI] ObjectRef(124285619658): object was freed before callback; returning Nil.
   at: gdplanningai_rust::logger::process_logs (src\logger.rs:66)
   GDScript backtrace (most recent call first):
       [0] _process (res://addons/GdPlanningAI/gdpai_autoload.gd:21)
WARNING: [GdPAI] ObjectRef(124285619658): object was freed before callback; returning Nil.
   at: gdplanningai_rust::logger::process_logs (src\logger.rs:66)
   GDScript backtrace (most recent call first):
       [0] _process (res://addons/GdPlanningAI/gdpai_autoload.gd:21)
[GdPAI | debug] ApplyEffect [Before] ID=InstanceId(-9223367500110978509): agent props = {"hunger": 70.0627442063492, "at_target": null, "held_item": "", "entity": null}
[GdPAI | debug] ApplyEffect [After] ID=InstanceId(-9223367500110978509): agent props = {"hunger": 70.0627442063492, "at_target": null, "held_item": "", "entity": null}
[GdPAI | debug]   Snapshotting prop: hunger = Float(70.0627442063492) (Variant type: FLOAT)
[GdPAI | debug]   Snapshotting prop: at_target = Nil (Variant type: NIL)
[GdPAI | debug]   Snapshotting prop: held_item = Str("") (Variant type: STRING)
[GdPAI | debug]   Snapshotting prop: entity = Nil (Variant type: NIL)
WARNING: [GdPAI] ObjectRef(1382643928884): object was freed before callback; returning Nil.
   at: gdplanningai_rust::logger::process_logs (src\logger.rs:66)
   GDScript backtrace (most recent call first):
       [0] _process (res://addons/GdPlanningAI/gdpai_autoload.gd:21)
WARNING: [GdPAI] ObjectRef(1382643928884): object was freed before callback; returning Nil.
   at: gdplanningai_rust::logger::process_logs (src\logger.rs:66)
   GDScript backtrace (most recent call first):
       [0] _process (res://addons/GdPlanningAI/gdpai_autoload.gd:21)
[GdPAI | debug] GetCost: callable returned non-numeric value: null; returning INFINITY
WARNING: [GdPAI] ObjectRef(124621163998): object was freed before callback; returning Nil.
   at: gdplanningai_rust::logger::process_logs (src\logger.rs:66)
   GDScript backtrace (most recent call first):
       [0] _start_plan_and_wait (res://test/integration/test_hunger_example_smoke.gd:68)
[GdPAI | debug] GetCost: callable returned non-numeric value: null; returning INFINITY
WARNING: [GdPAI] ObjectRef(1382643928884): object was freed before callback; returning Nil.
   at: gdplanningai_rust::logger::process_logs (src\logger.rs:66)
   GDScript backtrace (most recent call first):
       [0] _start_plan_and_wait (res://test/integration/test_hunger_example_smoke.gd:68)
WARNING: [GdPAI] ObjectRef(1382643928884): object was freed before callback; returning Nil.
   at: gdplanningai_rust::logger::process_logs (src\logger.rs:66)
   GDScript backtrace (most recent call first):
       [0] _start_plan_and_wait (res://test/integration/test_hunger_example_smoke.gd:68)
[GdPAI | debug] ApplyEffect [Before] ID=InstanceId(-9223367498030603653): agent props = {"held_item": "", "hunger": 95.0603725, "entity": null}
[GdPAI | debug] ApplyEffect [After] ID=InstanceId(-9223367498030603653): agent props = {"held_item": "", "hunger": 95.0603725, "entity": null}
[GdPAI | debug]   Snapshotting prop: held_item = Str("") (Variant type: STRING)
[GdPAI | debug]   Snapshotting prop: hunger = Float(95.0603725) (Variant type: FLOAT)
[GdPAI | debug]   Snapshotting prop: entity = Nil (Variant type: NIL)
[GdPAI | debug] ApplyEffect [Before] ID=InstanceId(-9223367497460178309): agent props = {"hunger": 0.0, "entity": VariantGd { id: 4509094913884, class: RigidBody2D }}
[GdPAI | debug] ApplyEffect [After] ID=InstanceId(-9223367497460178309): agent props = {"hunger": 0.0, "entity": VariantGd { id: 4509094913884, class: RigidBody2D }}
[GdPAI | debug]   Snapshotting prop: hunger = Float(0.0) (Variant type: FLOAT)
[GdPAI | debug]   Snapshotting prop: entity = ObjectRef(4509094913884) (Variant type: OBJECT)
[GdPAI] A* Iteration: pop node with chain length 1
WARNING: [GdPAI] ObjectRef(124621163998): object was freed before callback; returning Nil.
   at: gdplanningai_rust::logger::process_logs (src\logger.rs:66)
   GDScript backtrace (most recent call first):
       [0] _process (res://addons/GdPlanningAI/gdpai_autoload.gd:21)
[GdPAI | debug] ApplyEffect [Before] ID=InstanceId(-9223367497174965662): agent props = {"hunger": 70.0627442063492, "entity": null, "held_item": "wood", "at_target": null}
[GdPAI | debug] ApplyEffect [After] ID=InstanceId(-9223367497174965662): agent props = {"hunger": 70.0627442063492, "entity": null, "held_item": "wood", "at_target": null}
[GdPAI | debug]   Snapshotting prop: hunger = Float(70.0627442063492) (Variant type: FLOAT)
[GdPAI | debug]   Snapshotting prop: entity = Nil (Variant type: NIL)
[GdPAI | debug]   Snapshotting prop: held_item = Str("wood") (Variant type: STRING)
[GdPAI | debug]   Snapshotting prop: at_target = Nil (Variant type: NIL)
WARNING: [GdPAI] ObjectRef(1382643928884): object was freed before callback; returning Nil.
   at: gdplanningai_rust::logger::process_logs (src\logger.rs:66)
   GDScript backtrace (most recent call first):
       [0] _process (res://addons/GdPlanningAI/gdpai_autoload.gd:21)
[GdPAI | debug] GetCost: callable returned non-numeric value: null; returning INFINITY
[GdPAI] A* SUCCESS! Returning plan for goal 'Wander'
[GdPAI] PlannerEngine: Found valid plan for goal 'Wander' (cost: 10)
WARNING: [GdPAI] ObjectRef(124621163998): object was freed before callback; returning Nil.
   at: gdplanningai_rust::logger::process_logs (src\logger.rs:66)
   GDScript backtrace (most recent call first):
       [0] _start_plan_and_wait (res://test/integration/test_hunger_example_smoke.gd:68)
WARNING: [GdPAI] ObjectRef(125510356497): object was freed before callback; returning Nil.
   at: gdplanningai_rust::logger::process_logs (src\logger.rs:66)
   GDScript backtrace (most recent call first):
       [0] _start_plan_and_wait (res://test/integration/test_hunger_example_smoke.gd:68)
WARNING: [GdPAI] ObjectRef(125510356497): object was freed before callback; returning Nil.
   at: gdplanningai_rust::logger::process_logs (src\logger.rs:66)
   GDScript backtrace (most recent call first):
       [0] _start_plan_and_wait (res://test/integration/test_hunger_example_smoke.gd:68)
[GdPAI | debug] GetCost: callable returned non-numeric value: null; returning INFINITY
WARNING: [GdPAI] ObjectRef(1382643928884): object was freed before callback; returning Nil.
   at: gdplanningai_rust::logger::process_logs (src\logger.rs:66)
   GDScript backtrace (most recent call first):
       [0] _start_plan_and_wait (res://test/integration/test_hunger_example_smoke.gd:68)
[GdPAI | debug] ApplyEffect [Before] ID=InstanceId(-9223367495245585768): agent props = {"held_item": "", "hunger": 95.0603725, "entity": null}
[GdPAI | debug] ApplyEffect [After] ID=InstanceId(-9223367495245585768): agent props = {"held_item": "", "hunger": 95.0603725, "entity": null}
[GdPAI | debug]   Snapshotting prop: held_item = Str("") (Variant type: STRING)
[GdPAI | debug]   Snapshotting prop: hunger = Float(95.0603725) (Variant type: FLOAT)
[GdPAI | debug]   Snapshotting prop: entity = Nil (Variant type: NIL)
[GdPAI] Plan complete: success=true, actions=1, cost=10.0, action_chain=[2]
[32m    [Passed]:  [0mAgent should plan while full
[32m    [Passed]:  [0m["Wander"] expected to equal ["Wander"]:  Agent should wander while hunger is low
[GdPAI | debug]   Snapshotting prop: hunger = Float(30.0) (Variant type: FLOAT)
[GdPAI | debug]   Snapshotting prop: entity = ObjectRef(4509094913884) (Variant type: OBJECT)
[GdPAI] Submitting plan: 4 actions, 2 goals, 13 callables
[GdPAI | debug] PlannerEngine: Searching for goal 'Hunger' (reward: 30)
[GdPAI] PlannerEngine: Searching for goal 'Hunger'
[GdPAI | debug] Numeric comparison: 30 LessThan 15 -> false
[GdPAI]   Root branch: 1 open preconds, 0 open requirements
[GdPAI]     Precond 0: Builtin { target: Agent, operation: LessThan, property_name: "hunger", value: Some(Float(15.0)) }
[GdPAI] A* Iteration: pop node with chain length 0
[GdPAI | debug] find_candidates: Checking 4 actions against 1 preconds and 0 requirements
WARNING: [GdPAI] ObjectRef(124621163998): object was freed before callback; returning Nil.
   at: gdplanningai_rust::logger::process_logs (src\logger.rs:66)
   GDScript backtrace (most recent call first):
       [0] _start_plan_and_wait (res://test/integration/test_hunger_example_smoke.gd:68)
       [1] test_real_hunger_example_shakes_tree_then_picks_up_food (res://test/integration/test_hunger_example_smoke.gd:136)
       [2] _start_plan_and_wait (res://test/integration/test_hunger_example_smoke.gd:73)
WARNING: [GdPAI] ObjectRef(125510356497): object was freed before callback; returning Nil.
   at: gdplanningai_rust::logger::process_logs (src\logger.rs:66)
   GDScript backtrace (most recent call first):
       [0] _start_plan_and_wait (res://test/integration/test_hunger_example_smoke.gd:68)
       [1] test_real_hunger_example_shakes_tree_then_picks_up_food (res://test/integration/test_hunger_example_smoke.gd:136)
       [2] _start_plan_and_wait (res://test/integration/test_hunger_example_smoke.gd:73)
WARNING: [GdPAI] ObjectRef(125510356497): object was freed before callback; returning Nil.
   at: gdplanningai_rust::logger::process_logs (src\logger.rs:66)
   GDScript backtrace (most recent call first):
       [0] _start_plan_and_wait (res://test/integration/test_hunger_example_smoke.gd:68)
       [1] test_real_hunger_example_shakes_tree_then_picks_up_food (res://test/integration/test_hunger_example_smoke.gd:136)
       [2] _start_plan_and_wait (res://test/integration/test_hunger_example_smoke.gd:73)
[GdPAI | debug] ApplyEffect [Before] ID=InstanceId(-9223367493886631325): agent props = {"hunger": 70.0627442063492, "at_target": null, "held_item": "wood", "entity": null}
[GdPAI | debug] ApplyEffect [After] ID=InstanceId(-9223367493886631325): agent props = {"hunger": 70.0627442063492, "at_target": null, "held_item": "wood", "entity": null}
[GdPAI | debug]   Snapshotting prop: hunger = Float(70.0627442063492) (Variant type: FLOAT)
[GdPAI | debug]   Snapshotting prop: at_target = Nil (Variant type: NIL)
[GdPAI | debug]   Snapshotting prop: held_item = Str("wood") (Variant type: STRING)
[GdPAI | debug]   Snapshotting prop: entity = Nil (Variant type: NIL)
WARNING: [GdPAI] ObjectRef(1382643928884): object was freed before callback; returning Nil.
   at: gdplanningai_rust::logger::process_logs (src\logger.rs:66)
   GDScript backtrace (most recent call first):
       [0] _start_plan_and_wait (res://test/integration/test_hunger_example_smoke.gd:68)
       [1] test_real_hunger_example_shakes_tree_then_picks_up_food (res://test/integration/test_hunger_example_smoke.gd:136)
       [2] _start_plan_and_wait (res://test/integration/test_hunger_example_smoke.gd:73)
[GdPAI | debug] GetCost: callable returned non-numeric value: null; returning INFINITY
[GdPAI | debug] Discovery: Starting simulation for action Go To
WARNING: [GdPAI] ObjectRef(124621163998): object was freed before callback; returning Nil.
   at: gdplanningai_rust::logger::process_logs (src\logger.rs:66)
   GDScript backtrace (most recent call first):
       [0] _process (res://addons/GdPlanningAI/gdpai_autoload.gd:21)
WARNING: [GdPAI] ObjectRef(124134624705): object was freed before callback; returning Nil.
   at: gdplanningai_rust::logger::process_logs (src\logger.rs:66)
   GDScript backtrace (most recent call first):
       [0] _process (res://addons/GdPlanningAI/gdpai_autoload.gd:21)
WARNING: [GdPAI] ObjectRef(124134624705): object was freed before callback; returning Nil.
   at: gdplanningai_rust::logger::process_logs (src\logger.rs:66)
   GDScript backtrace (most recent call first):
       [0] _process (res://addons/GdPlanningAI/gdpai_autoload.gd:21)
[GdPAI | debug] GetCost: callable returned non-numeric value: null; returning INFINITY
WARNING: [GdPAI] ObjectRef(1382643928884): object was freed before callback; returning Nil.
   at: gdplanningai_rust::logger::process_logs (src\logger.rs:66)
   GDScript backtrace (most recent call first):
       [0] _process (res://addons/GdPlanningAI/gdpai_autoload.gd:21)
[GdPAI | debug] ApplyEffect [Before] ID=InstanceId(-9223367491823033737): agent props = {"hunger": 95.0603725, "entity": null, "held_item": ""}
[GdPAI | debug] ApplyEffect [After] ID=InstanceId(-9223367491823033737): agent props = {"hunger": 95.0603725, "entity": null, "held_item": ""}
[GdPAI | debug]   Snapshotting prop: hunger = Float(95.0603725) (Variant type: FLOAT)
[GdPAI | debug]   Snapshotting prop: entity = Nil (Variant type: NIL)
[GdPAI | debug]   Snapshotting prop: held_item = Str("") (Variant type: STRING)
WARNING: [GdPAI] ObjectRef(124621163998): object was freed before callback; returning Nil.
   at: gdplanningai_rust::logger::process_logs (src\logger.rs:66)
   GDScript backtrace (most recent call first):
       [0] _start_plan_and_wait (res://test/integration/test_hunger_example_smoke.gd:68)
WARNING: [GdPAI] ObjectRef(124134624705): object was freed before callback; returning Nil.
   at: gdplanningai_rust::logger::process_logs (src\logger.rs:66)
   GDScript backtrace (most recent call first):
       [0] _start_plan_and_wait (res://test/integration/test_hunger_example_smoke.gd:68)
WARNING: [GdPAI] ObjectRef(124134624705): object was freed before callback; returning Nil.
   at: gdplanningai_rust::logger::process_logs (src\logger.rs:66)
   GDScript backtrace (most recent call first):
       [0] _start_plan_and_wait (res://test/integration/test_hunger_example_smoke.gd:68)
[GdPAI | debug] ApplyEffect [Before] ID=InstanceId(-9223367490900286818): agent props = {"held_item": "wood", "hunger": 70.0627442063492, "at_target": null, "entity": null}
[GdPAI | debug] ApplyEffect [After] ID=InstanceId(-9223367490900286818): agent props = {"held_item": "wood", "hunger": 70.0627442063492, "at_target": null, "entity": null}
[GdPAI | debug]   Snapshotting prop: held_item = Str("wood") (Variant type: STRING)
[GdPAI | debug]   Snapshotting prop: hunger = Float(70.0627442063492) (Variant type: FLOAT)
[GdPAI | debug]   Snapshotting prop: at_target = Nil (Variant type: NIL)
[GdPAI | debug]   Snapshotting prop: entity = Nil (Variant type: NIL)
WARNING: [GdPAI] ObjectRef(1382643928884): object was freed before callback; returning Nil.
   at: gdplanningai_rust::logger::process_logs (src\logger.rs:66)
   GDScript backtrace (most recent call first):
       [0] _start_plan_and_wait (res://test/integration/test_hunger_example_smoke.gd:68)
[GdPAI | debug] GetCost: callable returned non-numeric value: null; returning INFINITY
[GdPAI | debug] ApplyEffect [Before] ID=InstanceId(-9223367489759436130): agent props = {"hunger": 30.0, "entity": VariantGd { id: 4509094913884, class: RigidBody2D }}
[GdPAI | debug] ApplyEffect [After] ID=InstanceId(-9223367489759436130): agent props = {"hunger": 30.0, "entity": VariantGd { id: 4509094913884, class: RigidBody2D }}
[GdPAI | debug]   Snapshotting prop: hunger = Float(30.0) (Variant type: FLOAT)
[GdPAI | debug]   Snapshotting prop: entity = ObjectRef(4509094913884) (Variant type: OBJECT)
[GdPAI | debug] Discovery: Simulation success for Go To. Agent props: {"hunger": Float(30.0), "entity": ObjectRef(4509094913884)}
[GdPAI | debug] Numeric comparison: 30 LessThan 15 -> false
[GdPAI | debug] Discovery: Action Go To did NOT satisfy precond Builtin { target: Agent, operation: LessThan, property_name: "hunger", value: Some(Float(15.0)) }
[GdPAI | debug] Discovery: Starting simulation for action Eat Held Food
WARNING: [GdPAI] ObjectRef(124621163998): object was freed before callback; returning Nil.
   at: gdplanningai_rust::logger::process_logs (src\logger.rs:66)
   GDScript backtrace (most recent call first):
       [0] _process (res://addons/GdPlanningAI/gdpai_autoload.gd:21)
[GdPAI | debug] GetCost: callable returned non-numeric value: null; returning INFINITY
WARNING: [GdPAI] ObjectRef(1382643928884): object was freed before callback; returning Nil.
   at: gdplanningai_rust::logger::process_logs (src\logger.rs:66)
   GDScript backtrace (most recent call first):
       [0] _process (res://addons/GdPlanningAI/gdpai_autoload.gd:21)
[GdPAI | debug] ApplyEffect [Before] ID=InstanceId(-9223367488853466434): agent props = {"entity": null, "hunger": 95.0603725, "held_item": "wood"}
[GdPAI | debug] ApplyEffect [After] ID=InstanceId(-9223367488853466434): agent props = {"entity": null, "hunger": 95.0603725, "held_item": "wood"}
[GdPAI | debug]   Snapshotting prop: entity = Nil (Variant type: NIL)
[GdPAI | debug]   Snapshotting prop: hunger = Float(95.0603725) (Variant type: FLOAT)
[GdPAI | debug]   Snapshotting prop: held_item = Str("wood") (Variant type: STRING)
WARNING: [GdPAI] ObjectRef(124621163998): object was freed before callback; returning Nil.
   at: gdplanningai_rust::logger::process_logs (src\logger.rs:66)
   GDScript backtrace (most recent call first):
       [0] _start_plan_and_wait (res://test/integration/test_hunger_example_smoke.gd:68)
[GdPAI | debug] ApplyEffect [Before] ID=InstanceId(-9223367488064937265): agent props = {"entity": null, "hunger": 70.0627442063492, "at_target": null, "held_item": "wood"}
[GdPAI | debug] ApplyEffect [After] ID=InstanceId(-9223367488064937265): agent props = {"entity": null, "hunger": 70.0627442063492, "at_target": null, "held_item": "wood"}
[GdPAI | debug]   Snapshotting prop: entity = Nil (Variant type: NIL)
[GdPAI | debug]   Snapshotting prop: hunger = Float(70.0627442063492) (Variant type: FLOAT)
[GdPAI | debug]   Snapshotting prop: at_target = Nil (Variant type: NIL)
[GdPAI | debug]   Snapshotting prop: held_item = Str("wood") (Variant type: STRING)
WARNING: [GdPAI] ObjectRef(1382643928884): object was freed before callback; returning Nil.
   at: gdplanningai_rust::logger::process_logs (src\logger.rs:66)
   GDScript backtrace (most recent call first):
       [0] _start_plan_and_wait (res://test/integration/test_hunger_example_smoke.gd:68)
WARNING: [GdPAI] ObjectRef(1382643928884): object was freed before callback; returning Nil.
   at: gdplanningai_rust::logger::process_logs (src\logger.rs:66)
   GDScript backtrace (most recent call first):
       [0] _start_plan_and_wait (res://test/integration/test_hunger_example_smoke.gd:68)
[GdPAI | debug] GetCost: callable returned non-numeric value: null; returning INFINITY
[GdPAI | debug] ApplyEffect [Before] ID=InstanceId(-9223367486924086577): agent props = {"hunger": 30.0, "entity": VariantGd { id: 4509094913884, class: RigidBody2D }}
[GdPAI | debug] ApplyEffect [After] ID=InstanceId(-9223367486924086577): agent props = {"hunger": 10.0, "held_item": "", "entity": VariantGd { id: 4509094913884, class: RigidBody2D }}
[GdPAI | debug]   Snapshotting prop: hunger = Float(10.0) (Variant type: FLOAT)
[GdPAI | debug]   Snapshotting prop: held_item = Str("") (Variant type: STRING)
[GdPAI | debug]   Snapshotting prop: entity = ObjectRef(4509094913884) (Variant type: OBJECT)
[GdPAI | debug] Discovery: Simulation success for Eat Held Food. Agent props: {"entity": ObjectRef(4509094913884), "hunger": Float(10.0), "held_item": Str("")}
[GdPAI | debug] Numeric comparison: 10 LessThan 15 -> true
[GdPAI | debug] Discovery: Action Eat Held Food satisfied precond Builtin { target: Agent, operation: LessThan, property_name: "hunger", value: Some(Float(15.0)) }
[GdPAI | debug] Found candidate: Eat Held Food (satisfied preconds: [0], requirements: [])
WARNING: [GdPAI] ObjectRef(124621163998): object was freed before callback; returning Nil.
   at: gdplanningai_rust::logger::process_logs (src\logger.rs:66)
   GDScript backtrace (most recent call first):
       [0] _process (res://addons/GdPlanningAI/gdpai_autoload.gd:21)
WARNING: [GdPAI] ObjectRef(124621163998): object was freed before callback; returning Nil.
   at: gdplanningai_rust::logger::process_logs (src\logger.rs:66)
   GDScript backtrace (most recent call first):
       [0] _process (res://addons/GdPlanningAI/gdpai_autoload.gd:21)
[GdPAI | debug] GetCost: callable returned non-numeric value: null; returning INFINITY
WARNING: [GdPAI] ObjectRef(1382643928884): object was freed before callback; returning Nil.
   at: gdplanningai_rust::logger::process_logs (src\logger.rs:66)
   GDScript backtrace (most recent call first):
       [0] _process (res://addons/GdPlanningAI/gdpai_autoload.gd:21)
WARNING: [GdPAI] ObjectRef(1382643928884): object was freed before callback; returning Nil.
   at: gdplanningai_rust::logger::process_logs (src\logger.rs:66)
   GDScript backtrace (most recent call first):
       [0] _process (res://addons/GdPlanningAI/gdpai_autoload.gd:21)
[GdPAI | debug] ApplyEffect [Before] ID=InstanceId(-9223367486068448615): agent props = {"entity": null, "hunger": 95.0603725, "held_item": ""}
[GdPAI | debug] ApplyEffect [After] ID=InstanceId(-9223367486068448615): agent props = {"entity": null, "hunger": 95.0603725, "held_item": ""}
[GdPAI | debug]   Snapshotting prop: entity = Nil (Variant type: NIL)
[GdPAI | debug]   Snapshotting prop: hunger = Float(95.0603725) (Variant type: FLOAT)
[GdPAI | debug]   Snapshotting prop: held_item = Str("") (Variant type: STRING)
[GdPAI | debug] Discovery: Starting simulation for action Wander
WARNING: [GdPAI] ObjectRef(124621163998): object was freed before callback; returning Nil.
   at: gdplanningai_rust::logger::process_logs (src\logger.rs:66)
   GDScript backtrace (most recent call first):
       [0] _start_plan_and_wait (res://test/integration/test_hunger_example_smoke.gd:68)
WARNING: [GdPAI] ObjectRef(124621163998): object was freed before callback; returning Nil.
   at: gdplanningai_rust::logger::process_logs (src\logger.rs:66)
   GDScript backtrace (most recent call first):
       [0] _start_plan_and_wait (res://test/integration/test_hunger_example_smoke.gd:68)
[GdPAI | debug] ApplyEffect [Before] ID=InstanceId(-9223367485179256154): agent props = {"hunger": 70.0627442063492, "entity": null, "held_item": ""}
[GdPAI | debug] ApplyEffect [After] ID=InstanceId(-9223367485179256154): agent props = {"hunger": 70.0627442063492, "entity": null, "held_item": ""}
[GdPAI | debug]   Snapshotting prop: hunger = Float(70.0627442063492) (Variant type: FLOAT)
[GdPAI | debug]   Snapshotting prop: entity = Nil (Variant type: NIL)
[GdPAI | debug]   Snapshotting prop: held_item = Str("") (Variant type: STRING)
WARNING: [GdPAI] ObjectRef(1382643928884): object was freed before callback; returning Nil.
   at: gdplanningai_rust::logger::process_logs (src\logger.rs:66)
   GDScript backtrace (most recent call first):
       [0] _start_plan_and_wait (res://test/integration/test_hunger_example_smoke.gd:68)
[GdPAI | debug] GetCost: callable returned non-numeric value: null; returning INFINITY
WARNING: [GdPAI] ObjectRef(124621163998): object was freed before callback; returning Nil.
   at: gdplanningai_rust::logger::process_logs (src\logger.rs:66)
   GDScript backtrace (most recent call first):
       [0] _process (res://addons/GdPlanningAI/gdpai_autoload.gd:21)
[GdPAI | debug] GetCost: callable returned non-numeric value: null; returning INFINITY
WARNING: [GdPAI] ObjectRef(1382643928884): object was freed before callback; returning Nil.
   at: gdplanningai_rust::logger::process_logs (src\logger.rs:66)
   GDScript backtrace (most recent call first):
       [0] _process (res://addons/GdPlanningAI/gdpai_autoload.gd:21)
[GdPAI | debug] ApplyEffect [Before] ID=InstanceId(-9223367483182767406): agent props = {"hunger": 95.0603725, "entity": null, "held_item": ""}
[GdPAI | debug] ApplyEffect [After] ID=InstanceId(-9223367483182767406): agent props = {"hunger": 95.0603725, "entity": null, "held_item": ""}
[GdPAI | debug]   Snapshotting prop: hunger = Float(95.0603725) (Variant type: FLOAT)
[GdPAI | debug]   Snapshotting prop: entity = Nil (Variant type: NIL)
[GdPAI | debug]   Snapshotting prop: held_item = Str("") (Variant type: STRING)
[GdPAI | debug] ApplyEffect [Before] ID=InstanceId(-9223367482612342062): agent props = {"entity": VariantGd { id: 4509094913884, class: RigidBody2D }, "hunger": 30.0}
[GdPAI | debug] ApplyEffect [After] ID=InstanceId(-9223367482612342062): agent props = {"entity": VariantGd { id: 4509094913884, class: RigidBody2D }, "hunger": 30.0}
[GdPAI | debug]   Snapshotting prop: entity = ObjectRef(4509094913884) (Variant type: OBJECT)
[GdPAI | debug]   Snapshotting prop: hunger = Float(30.0) (Variant type: FLOAT)
[GdPAI | debug] Discovery: Simulation success for Wander. Agent props: {"entity": ObjectRef(4509094913884), "hunger": Float(30.0)}
[GdPAI | debug] Numeric comparison: 30 LessThan 15 -> false
[GdPAI | debug] Discovery: Action Wander did NOT satisfy precond Builtin { target: Agent, operation: LessThan, property_name: "hunger", value: Some(Float(15.0)) }
WARNING: [GdPAI] ObjectRef(124621163998): object was freed before callback; returning Nil.
   at: gdplanningai_rust::logger::process_logs (src\logger.rs:66)
   GDScript backtrace (most recent call first):
       [0] _start_plan_and_wait (res://test/integration/test_hunger_example_smoke.gd:68)
[GdPAI | debug] ApplyEffect [Before] ID=InstanceId(-9223367482394238268): agent props = {"held_item": "", "hunger": 70.0627442063492, "entity": null}
[GdPAI | debug] ApplyEffect [After] ID=InstanceId(-9223367482394238268): agent props = {"held_item": "", "hunger": 70.0627442063492, "entity": null}
[GdPAI | debug]   Snapshotting prop: held_item = Str("") (Variant type: STRING)
[GdPAI | debug]   Snapshotting prop: hunger = Float(70.0627442063492) (Variant type: FLOAT)
[GdPAI | debug]   Snapshotting prop: entity = Nil (Variant type: NIL)
WARNING: [GdPAI] ObjectRef(1382643928884): object was freed before callback; returning Nil.
   at: gdplanningai_rust::logger::process_logs (src\logger.rs:66)
   GDScript backtrace (most recent call first):
       [0] _start_plan_and_wait (res://test/integration/test_hunger_example_smoke.gd:68)
[GdPAI | debug] GetCost: callable returned non-numeric value: null; returning INFINITY
[GdPAI | debug] Numeric comparison: 30 GreaterThan 0 -> true
WARNING: [GdPAI] ObjectRef(124621163998): object was freed before callback; returning Nil.
   at: gdplanningai_rust::logger::process_logs (src\logger.rs:66)
   GDScript backtrace (most recent call first):
       [0] _process (res://addons/GdPlanningAI/gdpai_autoload.gd:21)
[GdPAI | debug] GetCost: callable returned non-numeric value: null; returning INFINITY
WARNING: [GdPAI] ObjectRef(1382643928884): object was freed before callback; returning Nil.
   at: gdplanningai_rust::logger::process_logs (src\logger.rs:66)
   GDScript backtrace (most recent call first):
       [0] _process (res://addons/GdPlanningAI/gdpai_autoload.gd:21)
[GdPAI | debug] ApplyEffect [Before] ID=InstanceId(-9223367480448081203): agent props = {"entity": null, "held_item": "", "hunger": 95.0603725}
[GdPAI | debug] ApplyEffect [After] ID=InstanceId(-9223367480448081203): agent props = {"entity": null, "held_item": "", "hunger": 95.0603725}
[GdPAI | debug]   Snapshotting prop: entity = Nil (Variant type: NIL)
[GdPAI | debug]   Snapshotting prop: held_item = Str("") (Variant type: STRING)
[GdPAI | debug]   Snapshotting prop: hunger = Float(95.0603725) (Variant type: FLOAT)
[GdPAI | debug] Discovery: Starting simulation for action Shake Tree
WARNING: [GdPAI] ObjectRef(124621163998): object was freed before callback; returning Nil.
   at: gdplanningai_rust::logger::process_logs (src\logger.rs:66)
   GDScript backtrace (most recent call first):
       [0] _start_plan_and_wait (res://test/integration/test_hunger_example_smoke.gd:68)
[GdPAI | debug] ApplyEffect [Before] ID=InstanceId(-9223367479659552003): agent props = {"hunger": 70.0627442063492, "held_item": "wood", "entity": null}
[GdPAI | debug] ApplyEffect [After] ID=InstanceId(-9223367479659552003): agent props = {"hunger": 70.0627442063492, "held_item": "wood", "entity": null}
[GdPAI | debug]   Snapshotting prop: hunger = Float(70.0627442063492) (Variant type: FLOAT)
[GdPAI | debug]   Snapshotting prop: held_item = Str("wood") (Variant type: STRING)
[GdPAI | debug]   Snapshotting prop: entity = Nil (Variant type: NIL)
WARNING: [GdPAI] ObjectRef(1382643928884): object was freed before callback; returning Nil.
   at: gdplanningai_rust::logger::process_logs (src\logger.rs:66)
   GDScript backtrace (most recent call first):
       [0] _start_plan_and_wait (res://test/integration/test_hunger_example_smoke.gd:68)
[GdPAI | debug] GetCost: callable returned non-numeric value: null; returning INFINITY
WARNING: [GdPAI] ObjectRef(124621163998): object was freed before callback; returning Nil.
   at: gdplanningai_rust::logger::process_logs (src\logger.rs:66)
   GDScript backtrace (most recent call first):
       [0] _process (res://addons/GdPlanningAI/gdpai_autoload.gd:21)
[GdPAI | debug] GetCost: callable returned non-numeric value: null; returning INFINITY
WARNING: [GdPAI] ObjectRef(1382643928884): object was freed before callback; returning Nil.
   at: gdplanningai_rust::logger::process_logs (src\logger.rs:66)
   GDScript backtrace (most recent call first):
       [0] _process (res://addons/GdPlanningAI/gdpai_autoload.gd:21)
[GdPAI | debug] ApplyEffect [Before] ID=InstanceId(-9223367477713394966): agent props = {"held_item": "wood", "entity": null, "hunger": 95.0603725}
[GdPAI | debug] ApplyEffect [After] ID=InstanceId(-9223367477713394966): agent props = {"held_item": "wood", "entity": null, "hunger": 95.0603725}
[GdPAI | debug]   Snapshotting prop: held_item = Str("wood") (Variant type: STRING)
[GdPAI | debug]   Snapshotting prop: entity = Nil (Variant type: NIL)
[GdPAI | debug]   Snapshotting prop: hunger = Float(95.0603725) (Variant type: FLOAT)
[GdPAI | debug] ApplyEffect [Before] ID=InstanceId(-9223367477142969622): agent props = {"hunger": 30.0, "entity": VariantGd { id: 4509094913884, class: RigidBody2D }}
[GdPAI | debug] ApplyEffect [After] ID=InstanceId(-9223367477142969622): agent props = {"hunger": 10.0, "entity": VariantGd { id: 4509094913884, class: RigidBody2D }}
[GdPAI | debug]   Snapshotting prop: hunger = Float(10.0) (Variant type: FLOAT)
[GdPAI | debug]   Snapshotting prop: entity = ObjectRef(4509094913884) (Variant type: OBJECT)
[GdPAI | debug] Discovery: Simulation success for Shake Tree. Agent props: {"entity": ObjectRef(4509094913884), "hunger": Float(10.0)}
[GdPAI | debug] Numeric comparison: 10 LessThan 15 -> true
[GdPAI | debug] Discovery: Action Shake Tree satisfied precond Builtin { target: Agent, operation: LessThan, property_name: "hunger", value: Some(Float(15.0)) }
[GdPAI | debug] Found candidate: Shake Tree (satisfied preconds: [0], requirements: [])
WARNING: [GdPAI] ObjectRef(124621163998): object was freed before callback; returning Nil.
   at: gdplanningai_rust::logger::process_logs (src\logger.rs:66)
   GDScript backtrace (most recent call first):
       [0] _start_plan_and_wait (res://test/integration/test_hunger_example_smoke.gd:68)
[GdPAI | debug] ApplyEffect [Before] ID=InstanceId(-9223367476924865834): agent props = {"entity": null, "held_item": "wood", "hunger": 70.0627442063492}
[GdPAI | debug] ApplyEffect [After] ID=InstanceId(-9223367476924865834): agent props = {"entity": null, "held_item": "wood", "hunger": 70.0627442063492}
[GdPAI | debug]   Snapshotting prop: entity = Nil (Variant type: NIL)
[GdPAI | debug]   Snapshotting prop: held_item = Str("wood") (Variant type: STRING)
[GdPAI | debug]   Snapshotting prop: hunger = Float(70.0627442063492) (Variant type: FLOAT)
WARNING: [GdPAI] ObjectRef(1382643928884): object was freed before callback; returning Nil.
   at: gdplanningai_rust::logger::process_logs (src\logger.rs:66)
   GDScript backtrace (most recent call first):
       [0] _start_plan_and_wait (res://test/integration/test_hunger_example_smoke.gd:68)
WARNING: [GdPAI] ObjectRef(1382643928884): object was freed before callback; returning Nil.
   at: gdplanningai_rust::logger::process_logs (src\logger.rs:66)
   GDScript backtrace (most recent call first):
       [0] _start_plan_and_wait (res://test/integration/test_hunger_example_smoke.gd:68)
[GdPAI | debug] GetCost: callable returned non-numeric value: null; returning INFINITY
WARNING: [GdPAI] ObjectRef(124621163998): object was freed before callback; returning Nil.
   at: gdplanningai_rust::logger::process_logs (src\logger.rs:66)
   GDScript backtrace (most recent call first):
       [0] _process (res://addons/GdPlanningAI/gdpai_autoload.gd:21)
[GdPAI | debug] GetCost: callable returned non-numeric value: null; returning INFINITY
WARNING: [GdPAI] ObjectRef(1382643928884): object was freed before callback; returning Nil.
   at: gdplanningai_rust::logger::process_logs (src\logger.rs:66)
   GDScript backtrace (most recent call first):
       [0] _process (res://addons/GdPlanningAI/gdpai_autoload.gd:21)
WARNING: [GdPAI] ObjectRef(1382643928884): object was freed before callback; returning Nil.
   at: gdplanningai_rust::logger::process_logs (src\logger.rs:66)
   GDScript backtrace (most recent call first):
       [0] _process (res://addons/GdPlanningAI/gdpai_autoload.gd:21)
[GdPAI | debug] ApplyEffect [Before] ID=InstanceId(-9223367474928377095): agent props = {"entity": null, "held_item": "", "hunger": 95.0603725}
[GdPAI | debug] ApplyEffect [After] ID=InstanceId(-9223367474928377095): agent props = {"entity": null, "held_item": "", "hunger": 95.0603725}
[GdPAI | debug]   Snapshotting prop: entity = Nil (Variant type: NIL)
[GdPAI | debug]   Snapshotting prop: held_item = Str("") (Variant type: STRING)
[GdPAI | debug]   Snapshotting prop: hunger = Float(95.0603725) (Variant type: FLOAT)
[GdPAI | debug] ApplyEffect [Before] ID=InstanceId(-9223367474357951751): agent props = {"entity": VariantGd { id: 4509094913884, class: RigidBody2D }, "hunger": 30.0}
[GdPAI | debug] ApplyEffect [After] ID=InstanceId(-9223367474357951751): agent props = {"held_item": "", "entity": VariantGd { id: 4509094913884, class: RigidBody2D }, "hunger": 10.0}
[GdPAI | debug]   Snapshotting prop: held_item = Str("") (Variant type: STRING)
[GdPAI | debug]   Snapshotting prop: entity = ObjectRef(4509094913884) (Variant type: OBJECT)
[GdPAI | debug]   Snapshotting prop: hunger = Float(10.0) (Variant type: FLOAT)
[GdPAI | debug] Numeric comparison: 30 GreaterThan 0 -> true
WARNING: [GdPAI] ObjectRef(124621163998): object was freed before callback; returning Nil.
   at: gdplanningai_rust::logger::process_logs (src\logger.rs:66)
   GDScript backtrace (most recent call first):
       [0] _start_plan_and_wait (res://test/integration/test_hunger_example_smoke.gd:68)
[GdPAI | debug] ApplyEffect [Before] ID=InstanceId(-9223367474089516282): agent props = {"hunger": 70.0627442063492, "held_item": "wood", "entity": null}
[GdPAI | debug] ApplyEffect [After] ID=InstanceId(-9223367474089516282): agent props = {"hunger": 70.0627442063492, "held_item": "wood", "entity": null}
[GdPAI | debug]   Snapshotting prop: hunger = Float(70.0627442063492) (Variant type: FLOAT)
[GdPAI | debug]   Snapshotting prop: held_item = Str("wood") (Variant type: STRING)
[GdPAI | debug]   Snapshotting prop: entity = Nil (Variant type: NIL)
WARNING: [GdPAI] ObjectRef(1382643928884): object was freed before callback; returning Nil.
   at: gdplanningai_rust::logger::process_logs (src\logger.rs:66)
   GDScript backtrace (most recent call first):
       [0] _start_plan_and_wait (res://test/integration/test_hunger_example_smoke.gd:68)
[GdPAI | debug] GetCost: callable returned non-numeric value: null; returning INFINITY
WARNING: [GdPAI] ObjectRef(124621163998): object was freed before callback; returning Nil.
   at: gdplanningai_rust::logger::process_logs (src\logger.rs:66)
   GDScript backtrace (most recent call first):
       [0] _process (res://addons/GdPlanningAI/gdpai_autoload.gd:21)
[GdPAI | debug] GetCost: callable returned non-numeric value: null; returning INFINITY
WARNING: [GdPAI] ObjectRef(1382643928884): object was freed before callback; returning Nil.
   at: gdplanningai_rust::logger::process_logs (src\logger.rs:66)
   GDScript backtrace (most recent call first):
       [0] _process (res://addons/GdPlanningAI/gdpai_autoload.gd:21)
[GdPAI | debug] ApplyEffect [Before] ID=InstanceId(-9223367472143359236): agent props = {"held_item": "", "hunger": 95.0603725, "entity": null}
[GdPAI | debug] ApplyEffect [After] ID=InstanceId(-9223367472143359236): agent props = {"held_item": "", "hunger": 95.0603725, "entity": null}
[GdPAI | debug]   Snapshotting prop: held_item = Str("") (Variant type: STRING)
[GdPAI | debug]   Snapshotting prop: hunger = Float(95.0603725) (Variant type: FLOAT)
[GdPAI | debug]   Snapshotting prop: entity = Nil (Variant type: NIL)
[GdPAI | debug] ApplyEffect [Before] ID=InstanceId(-9223367471572933892): agent props = {"hunger": 30.0, "entity": VariantGd { id: 4509094913884, class: RigidBody2D }}
[GdPAI | debug] ApplyEffect [After] ID=InstanceId(-9223367471572933892): agent props = {"hunger": 10.0, "entity": VariantGd { id: 4509094913884, class: RigidBody2D }}
[GdPAI | debug]   Snapshotting prop: hunger = Float(10.0) (Variant type: FLOAT)
[GdPAI | debug]   Snapshotting prop: entity = ObjectRef(4509094913884) (Variant type: OBJECT)
[GdPAI] A* Iteration: pop node with chain length 1
[GdPAI | debug] find_candidates: Checking 4 actions against 0 preconds and 2 requirements
WARNING: [GdPAI] ObjectRef(124621163998): object was freed before callback; returning Nil.
   at: gdplanningai_rust::logger::process_logs (src\logger.rs:66)
   GDScript backtrace (most recent call first):
       [0] _start_plan_and_wait (res://test/integration/test_hunger_example_smoke.gd:68)
[GdPAI | debug] ApplyEffect [Before] ID=InstanceId(-9223367471354830143): agent props = {"entity": null, "hunger": 70.0627442063492, "held_item": "wood"}
[GdPAI | debug] ApplyEffect [After] ID=InstanceId(-9223367471354830143): agent props = {"entity": null, "hunger": 70.0627442063492, "held_item": "wood"}
[GdPAI | debug]   Snapshotting prop: entity = Nil (Variant type: NIL)
[GdPAI | debug]   Snapshotting prop: hunger = Float(70.0627442063492) (Variant type: FLOAT)
[GdPAI | debug]   Snapshotting prop: held_item = Str("wood") (Variant type: STRING)
WARNING: [GdPAI] ObjectRef(1382643928884): object was freed before callback; returning Nil.
   at: gdplanningai_rust::logger::process_logs (src\logger.rs:66)
   GDScript backtrace (most recent call first):
       [0] _start_plan_and_wait (res://test/integration/test_hunger_example_smoke.gd:68)
[GdPAI | debug] GetCost: callable returned non-numeric value: null; returning INFINITY
[GdPAI | debug] Numeric comparison: 70.0627442063492 GreaterThan 0 -> true
WARNING: [GdPAI] ObjectRef(124621163998): object was freed before callback; returning Nil.
   at: gdplanningai_rust::logger::process_logs (src\logger.rs:66)
   GDScript backtrace (most recent call first):
       [0] _process (res://addons/GdPlanningAI/gdpai_autoload.gd:21)
WARNING: [GdPAI] ObjectRef(124621163998): object was freed before callback; returning Nil.
   at: gdplanningai_rust::logger::process_logs (src\logger.rs:66)
   GDScript backtrace (most recent call first):
       [0] _process (res://addons/GdPlanningAI/gdpai_autoload.gd:21)
WARNING: [GdPAI] ObjectRef(124134624705): object was freed before callback; returning Nil.
   at: gdplanningai_rust::logger::process_logs (src\logger.rs:66)
   GDScript backtrace (most recent call first):
       [0] _process (res://addons/GdPlanningAI/gdpai_autoload.gd:21)
WARNING: [GdPAI] ObjectRef(125510356497): object was freed before callback; returning Nil.
   at: gdplanningai_rust::logger::process_logs (src\logger.rs:66)
   GDScript backtrace (most recent call first):
       [0] _process (res://addons/GdPlanningAI/gdpai_autoload.gd:21)
WARNING: [GdPAI] ObjectRef(124285619658): object was freed before callback; returning Nil.
   at: gdplanningai_rust::logger::process_logs (src\logger.rs:66)
   GDScript backtrace (most recent call first):
       [0] _process (res://addons/GdPlanningAI/gdpai_autoload.gd:21)
WARNING: [GdPAI] ObjectRef(124134624705): object was freed before callback; returning Nil.
   at: gdplanningai_rust::logger::process_logs (src\logger.rs:66)
   GDScript backtrace (most recent call first):
       [0] _process (res://addons/GdPlanningAI/gdpai_autoload.gd:21)
WARNING: [GdPAI] ObjectRef(125510356497): object was freed before callback; returning Nil.
   at: gdplanningai_rust::logger::process_logs (src\logger.rs:66)
   GDScript backtrace (most recent call first):
       [0] _process (res://addons/GdPlanningAI/gdpai_autoload.gd:21)
WARNING: [GdPAI] ObjectRef(124285619658): object was freed before callback; returning Nil.
   at: gdplanningai_rust::logger::process_logs (src\logger.rs:66)
   GDScript backtrace (most recent call first):
       [0] _process (res://addons/GdPlanningAI/gdpai_autoload.gd:21)
[GdPAI | debug] GetCost: callable returned non-numeric value: null; returning INFINITY
WARNING: [GdPAI] ObjectRef(1382643928884): object was freed before callback; returning Nil.
   at: gdplanningai_rust::logger::process_logs (src\logger.rs:66)
   GDScript backtrace (most recent call first):
       [0] _process (res://addons/GdPlanningAI/gdpai_autoload.gd:21)
[GdPAI | debug] ApplyEffect [Before] ID=InstanceId(-9223367469408673039): agent props = {"held_item": "", "entity": null, "hunger": 95.0603725}
[GdPAI | debug] ApplyEffect [After] ID=InstanceId(-9223367469408673039): agent props = {"held_item": "", "entity": null, "hunger": 95.0603725}
[GdPAI | debug]   Snapshotting prop: held_item = Str("") (Variant type: STRING)
[GdPAI | debug]   Snapshotting prop: entity = Nil (Variant type: NIL)
[GdPAI | debug]   Snapshotting prop: hunger = Float(95.0603725) (Variant type: FLOAT)
WARNING: [GdPAI] ObjectRef(124621163998): object was freed before callback; returning Nil.
   at: gdplanningai_rust::logger::process_logs (src\logger.rs:66)
   GDScript backtrace (most recent call first):
       [0] _start_plan_and_wait (res://test/integration/test_hunger_example_smoke.gd:68)
WARNING: [GdPAI] ObjectRef(124621163998): object was freed before callback; returning Nil.
   at: gdplanningai_rust::logger::process_logs (src\logger.rs:66)
   GDScript backtrace (most recent call first):
       [0] _start_plan_and_wait (res://test/integration/test_hunger_example_smoke.gd:68)
WARNING: [GdPAI] ObjectRef(124134624705): object was freed before callback; returning Nil.
   at: gdplanningai_rust::logger::process_logs (src\logger.rs:66)
   GDScript backtrace (most recent call first):
       [0] _start_plan_and_wait (res://test/integration/test_hunger_example_smoke.gd:68)
WARNING: [GdPAI] ObjectRef(125510356497): object was freed before callback; returning Nil.
   at: gdplanningai_rust::logger::process_logs (src\logger.rs:66)
   GDScript backtrace (most recent call first):
       [0] _start_plan_and_wait (res://test/integration/test_hunger_example_smoke.gd:68)
WARNING: [GdPAI] ObjectRef(124285619658): object was freed before callback; returning Nil.
   at: gdplanningai_rust::logger::process_logs (src\logger.rs:66)
   GDScript backtrace (most recent call first):
       [0] _start_plan_and_wait (res://test/integration/test_hunger_example_smoke.gd:68)
WARNING: [GdPAI] ObjectRef(124134624705): object was freed before callback; returning Nil.
   at: gdplanningai_rust::logger::process_logs (src\logger.rs:66)
   GDScript backtrace (most recent call first):
       [0] _start_plan_and_wait (res://test/integration/test_hunger_example_smoke.gd:68)
WARNING: [GdPAI] ObjectRef(125510356497): object was freed before callback; returning Nil.
   at: gdplanningai_rust::logger::process_logs (src\logger.rs:66)
   GDScript backtrace (most recent call first):
       [0] _start_plan_and_wait (res://test/integration/test_hunger_example_smoke.gd:68)
WARNING: [GdPAI] ObjectRef(124285619658): object was freed before callback; returning Nil.
   at: gdplanningai_rust::logger::process_logs (src\logger.rs:66)
   GDScript backtrace (most recent call first):
       [0] _start_plan_and_wait (res://test/integration/test_hunger_example_smoke.gd:68)
[GdPAI | debug] ApplyEffect [Before] ID=InstanceId(-9223367468267822283): agent props = {"at_target": null, "entity": null, "hunger": 70.0627442063492, "held_item": ""}
[GdPAI | debug] ApplyEffect [After] ID=InstanceId(-9223367468267822283): agent props = {"at_target": null, "entity": null, "hunger": 70.0627442063492, "held_item": ""}
[GdPAI | debug]   Snapshotting prop: at_target = Nil (Variant type: NIL)
[GdPAI | debug]   Snapshotting prop: entity = Nil (Variant type: NIL)
[GdPAI | debug]   Snapshotting prop: hunger = Float(70.0627442063492) (Variant type: FLOAT)
[GdPAI | debug]   Snapshotting prop: held_item = Str("") (Variant type: STRING)
WARNING: [GdPAI] ObjectRef(1382643928884): object was freed before callback; returning Nil.
   at: gdplanningai_rust::logger::process_logs (src\logger.rs:66)
   GDScript backtrace (most recent call first):
       [0] _start_plan_and_wait (res://test/integration/test_hunger_example_smoke.gd:68)
[GdPAI | debug] GetCost: callable returned non-numeric value: null; returning INFINITY
[GdPAI | debug] Numeric comparison: 30 GreaterThan 0 -> true
WARNING: [GdPAI] ObjectRef(124621163998): object was freed before callback; returning Nil.
   at: gdplanningai_rust::logger::process_logs (src\logger.rs:66)
   GDScript backtrace (most recent call first):
       [0] _process (res://addons/GdPlanningAI/gdpai_autoload.gd:21)
WARNING: [GdPAI] ObjectRef(124285619658): object was freed before callback; returning Nil.
   at: gdplanningai_rust::logger::process_logs (src\logger.rs:66)
   GDScript backtrace (most recent call first):
       [0] _process (res://addons/GdPlanningAI/gdpai_autoload.gd:21)
WARNING: [GdPAI] ObjectRef(124285619658): object was freed before callback; returning Nil.
   at: gdplanningai_rust::logger::process_logs (src\logger.rs:66)
   GDScript backtrace (most recent call first):
       [0] _process (res://addons/GdPlanningAI/gdpai_autoload.gd:21)
[GdPAI | debug] GetCost: callable returned non-numeric value: null; returning INFINITY
WARNING: [GdPAI] ObjectRef(1382643928884): object was freed before callback; returning Nil.
   at: gdplanningai_rust::logger::process_logs (src\logger.rs:66)
   GDScript backtrace (most recent call first):
       [0] _process (res://addons/GdPlanningAI/gdpai_autoload.gd:21)
[GdPAI | debug] ApplyEffect [Before] ID=InstanceId(-9223367465969343689): agent props = {"entity": null, "hunger": 95.0603725, "held_item": "wood"}
[GdPAI | debug] ApplyEffect [After] ID=InstanceId(-9223367465969343689): agent props = {"entity": null, "hunger": 95.0603725, "held_item": "wood"}
[GdPAI | debug]   Snapshotting prop: entity = Nil (Variant type: NIL)
[GdPAI | debug]   Snapshotting prop: hunger = Float(95.0603725) (Variant type: FLOAT)
[GdPAI | debug]   Snapshotting prop: held_item = Str("wood") (Variant type: STRING)
[GdPAI | debug] No candidates found for branch with 0 preconds and 2 requirements
[GdPAI] A* Iteration: pop node with chain length 1
[GdPAI | debug] find_candidates: Checking 4 actions against 0 preconds and 1 requirements
WARNING: [GdPAI] ObjectRef(124621163998): object was freed before callback; returning Nil.
   at: gdplanningai_rust::logger::process_logs (src\logger.rs:66)
   GDScript backtrace (most recent call first):
       [0] _start_plan_and_wait (res://test/integration/test_hunger_example_smoke.gd:68)
WARNING: [GdPAI] ObjectRef(124285619658): object was freed before callback; returning Nil.
   at: gdplanningai_rust::logger::process_logs (src\logger.rs:66)
   GDScript backtrace (most recent call first):
       [0] _start_plan_and_wait (res://test/integration/test_hunger_example_smoke.gd:68)
WARNING: [GdPAI] ObjectRef(124285619658): object was freed before callback; returning Nil.
   at: gdplanningai_rust::logger::process_logs (src\logger.rs:66)
   GDScript backtrace (most recent call first):
       [0] _start_plan_and_wait (res://test/integration/test_hunger_example_smoke.gd:68)
[GdPAI | debug] ApplyEffect [Before] ID=InstanceId(-9223367465080151198): agent props = {"held_item": "", "at_target": null, "hunger": 70.0627442063492, "entity": null}
[GdPAI | debug] ApplyEffect [After] ID=InstanceId(-9223367465080151198): agent props = {"held_item": "", "at_target": null, "hunger": 70.0627442063492, "entity": null}
[GdPAI | debug]   Snapshotting prop: held_item = Str("") (Variant type: STRING)
[GdPAI | debug]   Snapshotting prop: at_target = Nil (Variant type: NIL)
[GdPAI | debug]   Snapshotting prop: hunger = Float(70.0627442063492) (Variant type: FLOAT)
[GdPAI | debug]   Snapshotting prop: entity = Nil (Variant type: NIL)
WARNING: [GdPAI] ObjectRef(1382643928884): object was freed before callback; returning Nil.
   at: gdplanningai_rust::logger::process_logs (src\logger.rs:66)
   GDScript backtrace (most recent call first):
       [0] _start_plan_and_wait (res://test/integration/test_hunger_example_smoke.gd:68)
WARNING: [GdPAI] ObjectRef(1382643928884): object was freed before callback; returning Nil.
   at: gdplanningai_rust::logger::process_logs (src\logger.rs:66)
   GDScript backtrace (most recent call first):
       [0] _start_plan_and_wait (res://test/integration/test_hunger_example_smoke.gd:68)
[GdPAI | debug] GetCost: callable returned non-numeric value: null; returning INFINITY
[GdPAI | debug] Found candidate: Go To (satisfied preconds: [], requirements: [0])
WARNING: [GdPAI] ObjectRef(124621163998): object was freed before callback; returning Nil.
   at: gdplanningai_rust::logger::process_logs (src\logger.rs:66)
   GDScript backtrace (most recent call first):
       [0] _process (res://addons/GdPlanningAI/gdpai_autoload.gd:21)
[GdPAI | debug] GetCost: callable returned non-numeric value: null; returning INFINITY
WARNING: [GdPAI] ObjectRef(1382643928884): object was freed before callback; returning Nil.
   at: gdplanningai_rust::logger::process_logs (src\logger.rs:66)
   GDScript backtrace (most recent call first):
       [0] _process (res://addons/GdPlanningAI/gdpai_autoload.gd:21)
WARNING: [GdPAI] ObjectRef(1382643928884): object was freed before callback; returning Nil.
   at: gdplanningai_rust::logger::process_logs (src\logger.rs:66)
   GDScript backtrace (most recent call first):
       [0] _process (res://addons/GdPlanningAI/gdpai_autoload.gd:21)
[GdPAI | debug] ApplyEffect [Before] ID=InstanceId(-9223367462982999213): agent props = {"hunger": 95.0603725, "held_item": "", "entity": null}
[GdPAI | debug] ApplyEffect [After] ID=InstanceId(-9223367462982999213): agent props = {"hunger": 95.0603725, "held_item": "", "entity": null}
[GdPAI | debug]   Snapshotting prop: hunger = Float(95.0603725) (Variant type: FLOAT)
[GdPAI | debug]   Snapshotting prop: held_item = Str("") (Variant type: STRING)
[GdPAI | debug]   Snapshotting prop: entity = Nil (Variant type: NIL)
WARNING: [GdPAI] ObjectRef(124621163998): object was freed before callback; returning Nil.
   at: gdplanningai_rust::logger::process_logs (src\logger.rs:66)
   GDScript backtrace (most recent call first):
       [0] _start_plan_and_wait (res://test/integration/test_hunger_example_smoke.gd:68)
[GdPAI | debug] ApplyEffect [Before] ID=InstanceId(-9223367462144138365): agent props = {"hunger": 70.0627442063492, "entity": null, "at_target": null, "held_item": "wood"}
[GdPAI | debug] ApplyEffect [After] ID=InstanceId(-9223367462144138365): agent props = {"hunger": 70.0627442063492, "entity": null, "at_target": null, "held_item": "wood"}
[GdPAI | debug]   Snapshotting prop: hunger = Float(70.0627442063492) (Variant type: FLOAT)
[GdPAI | debug]   Snapshotting prop: entity = Nil (Variant type: NIL)
[GdPAI | debug]   Snapshotting prop: at_target = Nil (Variant type: NIL)
[GdPAI | debug]   Snapshotting prop: held_item = Str("wood") (Variant type: STRING)
WARNING: [GdPAI] ObjectRef(1382643928884): object was freed before callback; returning Nil.
   at: gdplanningai_rust::logger::process_logs (src\logger.rs:66)
   GDScript backtrace (most recent call first):
       [0] _start_plan_and_wait (res://test/integration/test_hunger_example_smoke.gd:68)
[GdPAI | debug] GetCost: callable returned non-numeric value: null; returning INFINITY
[GdPAI | debug] Numeric comparison: 30 GreaterThan 0 -> true
WARNING: [GdPAI] ObjectRef(124621163998): object was freed before callback; returning Nil.
   at: gdplanningai_rust::logger::process_logs (src\logger.rs:66)
   GDScript backtrace (most recent call first):
       [0] _process (res://addons/GdPlanningAI/gdpai_autoload.gd:21)
WARNING: [GdPAI] ObjectRef(125510356497): object was freed before callback; returning Nil.
   at: gdplanningai_rust::logger::process_logs (src\logger.rs:66)
   GDScript backtrace (most recent call first):
       [0] _process (res://addons/GdPlanningAI/gdpai_autoload.gd:21)
WARNING: [GdPAI] ObjectRef(125510356497): object was freed before callback; returning Nil.
   at: gdplanningai_rust::logger::process_logs (src\logger.rs:66)
   GDScript backtrace (most recent call first):
       [0] _process (res://addons/GdPlanningAI/gdpai_autoload.gd:21)
[GdPAI | debug] GetCost: callable returned non-numeric value: null; returning INFINITY
WARNING: [GdPAI] ObjectRef(1382643928884): object was freed before callback; returning Nil.
   at: gdplanningai_rust::logger::process_logs (src\logger.rs:66)
   GDScript backtrace (most recent call first):
       [0] _process (res://addons/GdPlanningAI/gdpai_autoload.gd:21)
[GdPAI | debug] ApplyEffect [Before] ID=InstanceId(-9223367460197981317): agent props = {"hunger": 95.0603725, "held_item": "", "entity": null}
[GdPAI | debug] ApplyEffect [After] ID=InstanceId(-9223367460197981317): agent props = {"hunger": 95.0603725, "held_item": "", "entity": null}
[GdPAI | debug]   Snapshotting prop: hunger = Float(95.0603725) (Variant type: FLOAT)
[GdPAI | debug]   Snapshotting prop: held_item = Str("") (Variant type: STRING)
[GdPAI | debug]   Snapshotting prop: entity = Nil (Variant type: NIL)
WARNING: [GdPAI] ObjectRef(124621163998): object was freed before callback; returning Nil.
   at: gdplanningai_rust::logger::process_logs (src\logger.rs:66)
   GDScript backtrace (most recent call first):
       [0] _start_plan_and_wait (res://test/integration/test_hunger_example_smoke.gd:68)
WARNING: [GdPAI] ObjectRef(125510356497): object was freed before callback; returning Nil.
   at: gdplanningai_rust::logger::process_logs (src\logger.rs:66)
   GDScript backtrace (most recent call first):
       [0] _start_plan_and_wait (res://test/integration/test_hunger_example_smoke.gd:68)
WARNING: [GdPAI] ObjectRef(125510356497): object was freed before callback; returning Nil.
   at: gdplanningai_rust::logger::process_logs (src\logger.rs:66)
   GDScript backtrace (most recent call first):
       [0] _start_plan_and_wait (res://test/integration/test_hunger_example_smoke.gd:68)
[GdPAI | debug] ApplyEffect [Before] ID=InstanceId(-9223367459308788870): agent props = {"hunger": 70.0627442063492, "held_item": "wood", "entity": null, "at_target": null}
[GdPAI | debug] ApplyEffect [After] ID=InstanceId(-9223367459308788870): agent props = {"hunger": 70.0627442063492, "held_item": "wood", "entity": null, "at_target": null}
[GdPAI | debug]   Snapshotting prop: hunger = Float(70.0627442063492) (Variant type: FLOAT)
[GdPAI | debug]   Snapshotting prop: held_item = Str("wood") (Variant type: STRING)
[GdPAI | debug]   Snapshotting prop: entity = Nil (Variant type: NIL)
[GdPAI | debug]   Snapshotting prop: at_target = Nil (Variant type: NIL)
WARNING: [GdPAI] ObjectRef(1382643928884): object was freed before callback; returning Nil.
   at: gdplanningai_rust::logger::process_logs (src\logger.rs:66)
   GDScript backtrace (most recent call first):
       [0] _start_plan_and_wait (res://test/integration/test_hunger_example_smoke.gd:68)
[GdPAI | debug] GetCost: callable returned non-numeric value: null; returning INFINITY
WARNING: [GdPAI] ObjectRef(124621163998): object was freed before callback; returning Nil.
   at: gdplanningai_rust::logger::process_logs (src\logger.rs:66)
   GDScript backtrace (most recent call first):
       [0] _process (res://addons/GdPlanningAI/gdpai_autoload.gd:21)
WARNING: [GdPAI] ObjectRef(124134624705): object was freed before callback; returning Nil.
   at: gdplanningai_rust::logger::process_logs (src\logger.rs:66)
   GDScript backtrace (most recent call first):
       [0] _process (res://addons/GdPlanningAI/gdpai_autoload.gd:21)
WARNING: [GdPAI] ObjectRef(124134624705): object was freed before callback; returning Nil.
   at: gdplanningai_rust::logger::process_logs (src\logger.rs:66)
   GDScript backtrace (most recent call first):
       [0] _process (res://addons/GdPlanningAI/gdpai_autoload.gd:21)
[GdPAI | debug] GetCost: callable returned non-numeric value: null; returning INFINITY
WARNING: [GdPAI] ObjectRef(1382643928884): object was freed before callback; returning Nil.
   at: gdplanningai_rust::logger::process_logs (src\logger.rs:66)
   GDScript backtrace (most recent call first):
       [0] _process (res://addons/GdPlanningAI/gdpai_autoload.gd:21)
[GdPAI | debug] ApplyEffect [Before] ID=InstanceId(-9223367457261968503): agent props = {"hunger": 95.0603725, "held_item": "", "entity": null}
[GdPAI | debug] ApplyEffect [After] ID=InstanceId(-9223367457261968503): agent props = {"hunger": 95.0603725, "held_item": "", "entity": null}
[GdPAI | debug]   Snapshotting prop: hunger = Float(95.0603725) (Variant type: FLOAT)
[GdPAI | debug]   Snapshotting prop: held_item = Str("") (Variant type: STRING)
[GdPAI | debug]   Snapshotting prop: entity = Nil (Variant type: NIL)
[GdPAI | debug] ApplyEffect [Before] ID=InstanceId(-9223367456691543159): agent props = {"hunger": 30.0, "at_target": VariantGd { id: 4509044576051, class: Node }, "entity": VariantGd { id: 4509094913884, class: RigidBody2D }}
[GdPAI | debug] ApplyEffect [After] ID=InstanceId(-9223367456691543159): agent props = {"hunger": 30.0, "at_target": VariantGd { id: 4509044576051, class: Node }, "entity": VariantGd { id: 4509094913884, class: RigidBody2D }}
[GdPAI | debug]   Snapshotting prop: hunger = Float(30.0) (Variant type: FLOAT)
[GdPAI | debug]   Snapshotting prop: at_target = ObjectRef(4509044576051) (Variant type: OBJECT)
[GdPAI | debug]   Snapshotting prop: entity = ObjectRef(4509094913884) (Variant type: OBJECT)
WARNING: [GdPAI] ObjectRef(124621163998): object was freed before callback; returning Nil.
   at: gdplanningai_rust::logger::process_logs (src\logger.rs:66)
   GDScript backtrace (most recent call first):
       [0] _start_plan_and_wait (res://test/integration/test_hunger_example_smoke.gd:68)
WARNING: [GdPAI] ObjectRef(124134624705): object was freed before callback; returning Nil.
   at: gdplanningai_rust::logger::process_logs (src\logger.rs:66)
   GDScript backtrace (most recent call first):
       [0] _start_plan_and_wait (res://test/integration/test_hunger_example_smoke.gd:68)
WARNING: [GdPAI] ObjectRef(124134624705): object was freed before callback; returning Nil.
   at: gdplanningai_rust::logger::process_logs (src\logger.rs:66)
   GDScript backtrace (most recent call first):
       [0] _start_plan_and_wait (res://test/integration/test_hunger_example_smoke.gd:68)
[GdPAI | debug] ApplyEffect [Before] ID=InstanceId(-9223367456372776035): agent props = {"held_item": "wood", "hunger": 70.0627442063492, "entity": null, "at_target": null}
[GdPAI | debug] ApplyEffect [After] ID=InstanceId(-9223367456372776035): agent props = {"held_item": "wood", "hunger": 70.0627442063492, "entity": null, "at_target": null}
[GdPAI | debug]   Snapshotting prop: held_item = Str("wood") (Variant type: STRING)
[GdPAI | debug]   Snapshotting prop: hunger = Float(70.0627442063492) (Variant type: FLOAT)
[GdPAI | debug]   Snapshotting prop: entity = Nil (Variant type: NIL)
[GdPAI | debug]   Snapshotting prop: at_target = Nil (Variant type: NIL)
WARNING: [GdPAI] ObjectRef(1382643928884): object was freed before callback; returning Nil.
   at: gdplanningai_rust::logger::process_logs (src\logger.rs:66)
   GDScript backtrace (most recent call first):
       [0] _start_plan_and_wait (res://test/integration/test_hunger_example_smoke.gd:68)
[GdPAI | debug] GetCost: callable returned non-numeric value: null; returning INFINITY
WARNING: [GdPAI] ObjectRef(124621163998): object was freed before callback; returning Nil.
   at: gdplanningai_rust::logger::process_logs (src\logger.rs:66)
   GDScript backtrace (most recent call first):
       [0] _process (res://addons/GdPlanningAI/gdpai_autoload.gd:21)
[GdPAI | debug] GetCost: callable returned non-numeric value: null; returning INFINITY
WARNING: [GdPAI] ObjectRef(1382643928884): object was freed before callback; returning Nil.
   at: gdplanningai_rust::logger::process_logs (src\logger.rs:66)
   GDScript backtrace (most recent call first):
       [0] _process (res://addons/GdPlanningAI/gdpai_autoload.gd:21)
[GdPAI | debug] ApplyEffect [Before] ID=InstanceId(-9223367454325955693): agent props = {"hunger": 95.0603725, "held_item": "wood", "entity": null}
[GdPAI | debug] ApplyEffect [After] ID=InstanceId(-9223367454325955693): agent props = {"hunger": 95.0603725, "held_item": "wood", "entity": null}
[GdPAI | debug]   Snapshotting prop: hunger = Float(95.0603725) (Variant type: FLOAT)
[GdPAI | debug]   Snapshotting prop: held_item = Str("wood") (Variant type: STRING)
[GdPAI | debug]   Snapshotting prop: entity = Nil (Variant type: NIL)
[GdPAI | debug] ApplyEffect [Before] ID=InstanceId(-9223367453755530349): agent props = {"entity": VariantGd { id: 4509094913884, class: RigidBody2D }, "hunger": 30.0, "at_target": VariantGd { id: 4509044576051, class: Node }}
[GdPAI | debug] ApplyEffect [After] ID=InstanceId(-9223367453755530349): agent props = {"entity": VariantGd { id: 4509094913884, class: RigidBody2D }, "hunger": 10.0, "at_target": VariantGd { id: 4509044576051, class: Node }}
[GdPAI | debug]   Snapshotting prop: entity = ObjectRef(4509094913884) (Variant type: OBJECT)
[GdPAI | debug]   Snapshotting prop: hunger = Float(10.0) (Variant type: FLOAT)
[GdPAI | debug]   Snapshotting prop: at_target = ObjectRef(4509044576051) (Variant type: OBJECT)
[GdPAI] A* Iteration: pop node with chain length 2
[GdPAI | debug] Numeric comparison: 10 LessThan 15 -> true
[GdPAI] A* SUCCESS! Returning plan for goal 'Hunger'
[GdPAI] PlannerEngine: Found valid plan for goal 'Hunger' (cost: 6.75960220336914)
WARNING: [GdPAI] ObjectRef(124621163998): object was freed before callback; returning Nil.
   at: gdplanningai_rust::logger::process_logs (src\logger.rs:66)
   GDScript backtrace (most recent call first):
       [0] _start_plan_and_wait (res://test/integration/test_hunger_example_smoke.gd:68)
[GdPAI | debug] ApplyEffect [Before] ID=InstanceId(-9223367453537426503): agent props = {"entity": null, "hunger": 70.0627442063492, "held_item": "wood", "at_target": null}
[GdPAI | debug] ApplyEffect [After] ID=InstanceId(-9223367453537426503): agent props = {"entity": null, "hunger": 70.0627442063492, "held_item": "wood", "at_target": null}
[GdPAI | debug]   Snapshotting prop: entity = Nil (Variant type: NIL)
[GdPAI | debug]   Snapshotting prop: hunger = Float(70.0627442063492) (Variant type: FLOAT)
[GdPAI | debug]   Snapshotting prop: held_item = Str("wood") (Variant type: STRING)
[GdPAI | debug]   Snapshotting prop: at_target = Nil (Variant type: NIL)
WARNING: [GdPAI] ObjectRef(1382643928884): object was freed before callback; returning Nil.
   at: gdplanningai_rust::logger::process_logs (src\logger.rs:66)
   GDScript backtrace (most recent call first):
       [0] _start_plan_and_wait (res://test/integration/test_hunger_example_smoke.gd:68)
WARNING: [GdPAI] ObjectRef(1382643928884): object was freed before callback; returning Nil.
   at: gdplanningai_rust::logger::process_logs (src\logger.rs:66)
   GDScript backtrace (most recent call first):
       [0] _start_plan_and_wait (res://test/integration/test_hunger_example_smoke.gd:68)
[GdPAI | debug] GetCost: callable returned non-numeric value: null; returning INFINITY
[GdPAI] Plan complete: success=true, actions=2, cost=6.8, action_chain=[0, 3]
[32m    [Passed]:  [0mAgent should plan when hungry
[32m    [Passed]:  [0m[2] expected to equal [2]:  Plan should have GoTo → Shake Tree chain
[32m    [Passed]:  [0m["Go To"] expected to equal ["Go To"]:  First action should be GoTo
[32m    [Passed]:  [0m["Shake Tree"] expected to equal ["Shake Tree"]:  Second action should be Shake Tree
WARNING: [GdPAI] ObjectRef(124621163998): object was freed before callback; returning Nil.
   at: gdplanningai_rust::logger::process_logs (src\logger.rs:66)
   GDScript backtrace (most recent call first):
       [0] _finish_current_plan (res://test/integration/test_hunger_example_smoke.gd:98)
       [1] test_real_hunger_example_shakes_tree_then_picks_up_food (res://test/integration/test_hunger_example_smoke.gd:141)
       [2] _start_plan_and_wait (res://test/integration/test_hunger_example_smoke.gd:73)
WARNING: [GdPAI] ObjectRef(124621163998): object was freed before callback; returning Nil.
   at: gdplanningai_rust::logger::process_logs (src\logger.rs:66)
   GDScript backtrace (most recent call first):
       [0] _finish_current_plan (res://test/integration/test_hunger_example_smoke.gd:98)
       [1] test_real_hunger_example_shakes_tree_then_picks_up_food (res://test/integration/test_hunger_example_smoke.gd:141)
       [2] _start_plan_and_wait (res://test/integration/test_hunger_example_smoke.gd:73)
[GdPAI | debug] GetCost: callable returned non-numeric value: null; returning INFINITY
WARNING: [GdPAI] ObjectRef(1382643928884): object was freed before callback; returning Nil.
   at: gdplanningai_rust::logger::process_logs (src\logger.rs:66)
   GDScript backtrace (most recent call first):
       [0] _finish_current_plan (res://test/integration/test_hunger_example_smoke.gd:98)
       [1] test_real_hunger_example_shakes_tree_then_picks_up_food (res://test/integration/test_hunger_example_smoke.gd:141)
       [2] _start_plan_and_wait (res://test/integration/test_hunger_example_smoke.gd:73)
WARNING: [GdPAI] ObjectRef(1382643928884): object was freed before callback; returning Nil.
   at: gdplanningai_rust::logger::process_logs (src\logger.rs:66)
   GDScript backtrace (most recent call first):
       [0] _finish_current_plan (res://test/integration/test_hunger_example_smoke.gd:98)
       [1] test_real_hunger_example_shakes_tree_then_picks_up_food (res://test/integration/test_hunger_example_smoke.gd:141)
       [2] _start_plan_and_wait (res://test/integration/test_hunger_example_smoke.gd:73)
[GdPAI | debug] ApplyEffect [Before] ID=InstanceId(-9223367451557715091): agent props = {"held_item": "", "hunger": 95.0603725, "entity": null}
[GdPAI | debug] ApplyEffect [After] ID=InstanceId(-9223367451557715091): agent props = {"held_item": "", "hunger": 95.0603725, "entity": null}
[GdPAI | debug]   Snapshotting prop: held_item = Str("") (Variant type: STRING)
[GdPAI | debug]   Snapshotting prop: hunger = Float(95.0603725) (Variant type: FLOAT)
[GdPAI | debug]   Snapshotting prop: entity = Nil (Variant type: NIL)
WARNING: [GdPAI] ObjectRef(124621163998): object was freed before callback; returning Nil.
   at: gdplanningai_rust::logger::process_logs (src\logger.rs:66)
   GDScript backtrace (most recent call first):
       [0] _process (res://addons/GdPlanningAI/gdpai_autoload.gd:21)
WARNING: [GdPAI] ObjectRef(124621163998): object was freed before callback; returning Nil.
   at: gdplanningai_rust::logger::process_logs (src\logger.rs:66)
   GDScript backtrace (most recent call first):
       [0] _process (res://addons/GdPlanningAI/gdpai_autoload.gd:21)
[GdPAI | debug] ApplyEffect [Before] ID=InstanceId(-9223367450718854483): agent props = {"hunger": 70.0627442063492, "entity": null, "held_item": ""}
[GdPAI | debug] ApplyEffect [After] ID=InstanceId(-9223367450718854483): agent props = {"hunger": 70.0627442063492, "entity": null, "held_item": ""}
[GdPAI | debug]   Snapshotting prop: hunger = Float(70.0627442063492) (Variant type: FLOAT)
[GdPAI | debug]   Snapshotting prop: entity = Nil (Variant type: NIL)
[GdPAI | debug]   Snapshotting prop: held_item = Str("") (Variant type: STRING)
WARNING: [GdPAI] ObjectRef(1382643928884): object was freed before callback; returning Nil.
   at: gdplanningai_rust::logger::process_logs (src\logger.rs:66)
   GDScript backtrace (most recent call first):
       [0] _process (res://addons/GdPlanningAI/gdpai_autoload.gd:21)
[GdPAI | debug] GetCost: callable returned non-numeric value: null; returning INFINITY
WARNING: [GdPAI] ObjectRef(124621163998): object was freed before callback; returning Nil.
   at: gdplanningai_rust::logger::process_logs (src\logger.rs:66)
   GDScript backtrace (most recent call first):
       [0] _finish_current_plan (res://test/integration/test_hunger_example_smoke.gd:98)
[GdPAI | debug] GetCost: callable returned non-numeric value: null; returning INFINITY
WARNING: [GdPAI] ObjectRef(1382643928884): object was freed before callback; returning Nil.
   at: gdplanningai_rust::logger::process_logs (src\logger.rs:66)
   GDScript backtrace (most recent call first):
       [0] _finish_current_plan (res://test/integration/test_hunger_example_smoke.gd:98)
[GdPAI | debug] ApplyEffect [Before] ID=InstanceId(-9223367448839806036): agent props = {"hunger": 95.0603725, "entity": null, "held_item": ""}
[GdPAI | debug] ApplyEffect [After] ID=InstanceId(-9223367448839806036): agent props = {"hunger": 95.0603725, "entity": null, "held_item": ""}
[GdPAI | debug]   Snapshotting prop: hunger = Float(95.0603725) (Variant type: FLOAT)
[GdPAI | debug]   Snapshotting prop: entity = Nil (Variant type: NIL)
[GdPAI | debug]   Snapshotting prop: held_item = Str("") (Variant type: STRING)
WARNING: [GdPAI] ObjectRef(124621163998): object was freed before callback; returning Nil.
   at: gdplanningai_rust::logger::process_logs (src\logger.rs:66)
   GDScript backtrace (most recent call first):
       [0] _process (res://addons/GdPlanningAI/gdpai_autoload.gd:21)
[GdPAI | debug] ApplyEffect [Before] ID=InstanceId(-9223367448151940123): agent props = {"entity": null, "hunger": 70.0627442063492, "held_item": ""}
[GdPAI | debug] ApplyEffect [After] ID=InstanceId(-9223367448151940123): agent props = {"entity": null, "hunger": 70.0627442063492, "held_item": ""}
[GdPAI | debug]   Snapshotting prop: entity = Nil (Variant type: NIL)
[GdPAI | debug]   Snapshotting prop: hunger = Float(70.0627442063492) (Variant type: FLOAT)
[GdPAI | debug]   Snapshotting prop: held_item = Str("") (Variant type: STRING)
WARNING: [GdPAI] ObjectRef(1382643928884): object was freed before callback; returning Nil.
   at: gdplanningai_rust::logger::process_logs (src\logger.rs:66)
   GDScript backtrace (most recent call first):
       [0] _process (res://addons/GdPlanningAI/gdpai_autoload.gd:21)
[GdPAI | debug] GetCost: callable returned non-numeric value: null; returning INFINITY
WARNING: [GdPAI] ObjectRef(124621163998): object was freed before callback; returning Nil.
   at: gdplanningai_rust::logger::process_logs (src\logger.rs:66)
   GDScript backtrace (most recent call first):
       [0] _finish_current_plan (res://test/integration/test_hunger_example_smoke.gd:98)
[GdPAI | debug] GetCost: callable returned non-numeric value: null; returning INFINITY
WARNING: [GdPAI] ObjectRef(1382643928884): object was freed before callback; returning Nil.
   at: gdplanningai_rust::logger::process_logs (src\logger.rs:66)
   GDScript backtrace (most recent call first):
       [0] _finish_current_plan (res://test/integration/test_hunger_example_smoke.gd:98)
[GdPAI | debug] ApplyEffect [Before] ID=InstanceId(-9223367446323223625): agent props = {"entity": null, "held_item": "", "hunger": 95.0603725}
[GdPAI | debug] ApplyEffect [After] ID=InstanceId(-9223367446323223625): agent props = {"entity": null, "held_item": "", "hunger": 95.0603725}
[GdPAI | debug]   Snapshotting prop: entity = Nil (Variant type: NIL)
[GdPAI | debug]   Snapshotting prop: held_item = Str("") (Variant type: STRING)
[GdPAI | debug]   Snapshotting prop: hunger = Float(95.0603725) (Variant type: FLOAT)
WARNING: [GdPAI] ObjectRef(124621163998): object was freed before callback; returning Nil.
   at: gdplanningai_rust::logger::process_logs (src\logger.rs:66)
   GDScript backtrace (most recent call first):
       [0] _process (res://addons/GdPlanningAI/gdpai_autoload.gd:21)
[GdPAI | debug] ApplyEffect [Before] ID=InstanceId(-9223367445635357719): agent props = {"held_item": "wood", "hunger": 70.0627442063492, "entity": null}
[GdPAI | debug] ApplyEffect [After] ID=InstanceId(-9223367445635357719): agent props = {"held_item": "wood", "hunger": 70.0627442063492, "entity": null}
[GdPAI | debug]   Snapshotting prop: held_item = Str("wood") (Variant type: STRING)
[GdPAI | debug]   Snapshotting prop: hunger = Float(70.0627442063492) (Variant type: FLOAT)
[GdPAI | debug]   Snapshotting prop: entity = Nil (Variant type: NIL)
WARNING: [GdPAI] ObjectRef(1382643928884): object was freed before callback; returning Nil.
   at: gdplanningai_rust::logger::process_logs (src\logger.rs:66)
   GDScript backtrace (most recent call first):
       [0] _process (res://addons/GdPlanningAI/gdpai_autoload.gd:21)
[GdPAI | debug] GetCost: callable returned non-numeric value: null; returning INFINITY
WARNING: [GdPAI] ObjectRef(124621163998): object was freed before callback; returning Nil.
   at: gdplanningai_rust::logger::process_logs (src\logger.rs:66)
   GDScript backtrace (most recent call first):
       [0] _finish_current_plan (res://test/integration/test_hunger_example_smoke.gd:98)
[GdPAI | debug] GetCost: callable returned non-numeric value: null; returning INFINITY
WARNING: [GdPAI] ObjectRef(1382643928884): object was freed before callback; returning Nil.
   at: gdplanningai_rust::logger::process_logs (src\logger.rs:66)
   GDScript backtrace (most recent call first):
       [0] _finish_current_plan (res://test/integration/test_hunger_example_smoke.gd:98)
[GdPAI | debug] ApplyEffect [Before] ID=InstanceId(-9223367443806641167): agent props = {"entity": null, "hunger": 95.0603725, "held_item": "wood"}
[GdPAI | debug] ApplyEffect [After] ID=InstanceId(-9223367443806641167): agent props = {"entity": null, "hunger": 95.0603725, "held_item": "wood"}
[GdPAI | debug]   Snapshotting prop: entity = Nil (Variant type: NIL)
[GdPAI | debug]   Snapshotting prop: hunger = Float(95.0603725) (Variant type: FLOAT)
[GdPAI | debug]   Snapshotting prop: held_item = Str("wood") (Variant type: STRING)
[GdPAI] A* Iteration: pop node with chain length 3
[GdPAI | debug] find_candidates: Checking 15 actions against 1 preconds and 2 requirements
WARNING: [GdPAI] ObjectRef(124621163998): object was freed before callback; returning Nil.
   at: gdplanningai_rust::logger::process_logs (src\logger.rs:66)
   GDScript backtrace (most recent call first):
       [0] _process (res://addons/GdPlanningAI/gdpai_autoload.gd:21)
[GdPAI | debug] ApplyEffect [Before] ID=InstanceId(-9223367443118775307): agent props = {"hunger": 70.0627442063492, "entity": null, "held_item": "wood"}
[GdPAI | debug] ApplyEffect [After] ID=InstanceId(-9223367443118775307): agent props = {"hunger": 70.0627442063492, "entity": null, "held_item": "wood"}
[GdPAI | debug]   Snapshotting prop: hunger = Float(70.0627442063492) (Variant type: FLOAT)
[GdPAI | debug]   Snapshotting prop: entity = Nil (Variant type: NIL)
[GdPAI | debug]   Snapshotting prop: held_item = Str("wood") (Variant type: STRING)
WARNING: [GdPAI] ObjectRef(1382643928884): object was freed before callback; returning Nil.
   at: gdplanningai_rust::logger::process_logs (src\logger.rs:66)
   GDScript backtrace (most recent call first):
       [0] _process (res://addons/GdPlanningAI/gdpai_autoload.gd:21)
WARNING: [GdPAI] ObjectRef(1382643928884): object was freed before callback; returning Nil.
   at: gdplanningai_rust::logger::process_logs (src\logger.rs:66)
   GDScript backtrace (most recent call first):
       [0] _process (res://addons/GdPlanningAI/gdpai_autoload.gd:21)
[GdPAI | debug] Discovery: Starting simulation for action Go To
WARNING: [GdPAI] ObjectRef(124621163998): object was freed before callback; returning Nil.
   at: gdplanningai_rust::logger::process_logs (src\logger.rs:66)
   GDScript backtrace (most recent call first):
       [0] _process (res://addons/GdPlanningAI/gdpai_autoload.gd:21)
[GdPAI | debug] GetCost: callable returned non-numeric value: null; returning INFINITY
WARNING: [GdPAI] ObjectRef(1382643928884): object was freed before callback; returning Nil.
   at: gdplanningai_rust::logger::process_logs (src\logger.rs:66)
   GDScript backtrace (most recent call first):
       [0] _process (res://addons/GdPlanningAI/gdpai_autoload.gd:21)
WARNING: [GdPAI] ObjectRef(1382643928884): object was freed before callback; returning Nil.
   at: gdplanningai_rust::logger::process_logs (src\logger.rs:66)
   GDScript backtrace (most recent call first):
       [0] _process (res://addons/GdPlanningAI/gdpai_autoload.gd:21)
[GdPAI | debug] GetCost: callable returned non-numeric value: null; returning INFINITY
WARNING: [GdPAI] ObjectRef(124621163998): object was freed before callback; returning Nil.
   at: gdplanningai_rust::logger::process_logs (src\logger.rs:66)
   GDScript backtrace (most recent call first):
       [0] _finish_current_plan (res://test/integration/test_hunger_example_smoke.gd:98)
[GdPAI | debug] ApplyEffect [Before] ID=InstanceId(-9223367440518306852): agent props = {"held_item": "wood", "entity": null, "hunger": 70.0627442063492}
[GdPAI | debug] ApplyEffect [After] ID=InstanceId(-9223367440518306852): agent props = {"held_item": "wood", "entity": null, "hunger": 70.0627442063492}
[GdPAI | debug]   Snapshotting prop: held_item = Str("wood") (Variant type: STRING)
[GdPAI | debug]   Snapshotting prop: entity = Nil (Variant type: NIL)
[GdPAI | debug]   Snapshotting prop: hunger = Float(70.0627442063492) (Variant type: FLOAT)
WARNING: [GdPAI] ObjectRef(1382643928884): object was freed before callback; returning Nil.
   at: gdplanningai_rust::logger::process_logs (src\logger.rs:66)
   GDScript backtrace (most recent call first):
       [0] _finish_current_plan (res://test/integration/test_hunger_example_smoke.gd:98)
WARNING: [GdPAI] ObjectRef(1382643928884): object was freed before callback; returning Nil.
   at: gdplanningai_rust::logger::process_logs (src\logger.rs:66)
   GDScript backtrace (most recent call first):
       [0] _finish_current_plan (res://test/integration/test_hunger_example_smoke.gd:98)
[GdPAI | debug] ApplyEffect [Before] ID=InstanceId(-9223367439947881508): agent props = {"held_item": "", "hunger": 95.0603725, "entity": null}
[GdPAI | debug] ApplyEffect [After] ID=InstanceId(-9223367439947881508): agent props = {"held_item": "", "hunger": 95.0603725, "entity": null}
[GdPAI | debug]   Snapshotting prop: held_item = Str("") (Variant type: STRING)
[GdPAI | debug]   Snapshotting prop: hunger = Float(95.0603725) (Variant type: FLOAT)
[GdPAI | debug]   Snapshotting prop: entity = Nil (Variant type: NIL)
[GdPAI | debug] Discovery: Simulation success for Go To. Agent props: {"hunger": Float(95.0603725), "held_item": Str(""), "entity": Nil}
[GdPAI | debug] Discovery: Action Go To satisfied precond Builtin { target: Agent, operation: Equal, property_name: "held_item", value: Some(Str("")) }
[GdPAI | debug] Found candidate: Go To (satisfied preconds: [0], requirements: [0, 1])
[GdPAI | debug] Discovery: Starting simulation for action Eat Held Food
WARNING: [GdPAI] ObjectRef(124621163998): object was freed before callback; returning Nil.
   at: gdplanningai_rust::logger::process_logs (src\logger.rs:66)
   GDScript backtrace (most recent call first):
       [0] _process (res://addons/GdPlanningAI/gdpai_autoload.gd:21)
[GdPAI | debug] GetCost: callable returned non-numeric value: null; returning INFINITY
WARNING: [GdPAI] ObjectRef(1382643928884): object was freed before callback; returning Nil.
   at: gdplanningai_rust::logger::process_logs (src\logger.rs:66)
   GDScript backtrace (most recent call first):
       [0] _process (res://addons/GdPlanningAI/gdpai_autoload.gd:21)
WARNING: [GdPAI] ObjectRef(1382643928884): object was freed before callback; returning Nil.
   at: gdplanningai_rust::logger::process_logs (src\logger.rs:66)
   GDScript backtrace (most recent call first):
       [0] _process (res://addons/GdPlanningAI/gdpai_autoload.gd:21)
[GdPAI | debug] GetCost: callable returned non-numeric value: null; returning INFINITY
WARNING: [GdPAI] ObjectRef(124621163998): object was freed before callback; returning Nil.
   at: gdplanningai_rust::logger::process_logs (src\logger.rs:66)
   GDScript backtrace (most recent call first):
       [0] _finish_current_plan (res://test/integration/test_hunger_example_smoke.gd:98)
[GdPAI | debug] ApplyEffect [Before] ID=InstanceId(-9223367437901061090): agent props = {"entity": null, "hunger": 70.0627442063492, "held_item": "wood"}
[GdPAI | debug] ApplyEffect [After] ID=InstanceId(-9223367437901061090): agent props = {"entity": null, "hunger": 70.0627442063492, "held_item": "wood"}
[GdPAI | debug]   Snapshotting prop: entity = Nil (Variant type: NIL)
[GdPAI | debug]   Snapshotting prop: hunger = Float(70.0627442063492) (Variant type: FLOAT)
[GdPAI | debug]   Snapshotting prop: held_item = Str("wood") (Variant type: STRING)
WARNING: [GdPAI] ObjectRef(1382643928884): object was freed before callback; returning Nil.
   at: gdplanningai_rust::logger::process_logs (src\logger.rs:66)
   GDScript backtrace (most recent call first):
       [0] _finish_current_plan (res://test/integration/test_hunger_example_smoke.gd:98)
WARNING: [GdPAI] ObjectRef(1382643928884): object was freed before callback; returning Nil.
   at: gdplanningai_rust::logger::process_logs (src\logger.rs:66)
   GDScript backtrace (most recent call first):
       [0] _finish_current_plan (res://test/integration/test_hunger_example_smoke.gd:98)
[GdPAI | debug] ApplyEffect [Before] ID=InstanceId(-9223367437330635746): agent props = {"entity": null, "hunger": 95.0603725, "held_item": ""}
[GdPAI | debug] ApplyEffect [After] ID=InstanceId(-9223367437330635746): agent props = {"entity": null, "hunger": 95.0603725, "held_item": ""}
[GdPAI | debug]   Snapshotting prop: entity = Nil (Variant type: NIL)
[GdPAI | debug]   Snapshotting prop: hunger = Float(95.0603725) (Variant type: FLOAT)
[GdPAI | debug]   Snapshotting prop: held_item = Str("") (Variant type: STRING)
[GdPAI | debug] Discovery: Simulation success for Eat Held Food. Agent props: {"held_item": Str(""), "entity": Nil, "hunger": Float(95.0603725)}
[GdPAI | debug] Discovery: Action Eat Held Food satisfied precond Builtin { target: Agent, operation: Equal, property_name: "held_item", value: Some(Str("")) }
[GdPAI | debug] Found candidate: Eat Held Food (satisfied preconds: [0], requirements: [])
WARNING: [GdPAI] ObjectRef(124621163998): object was freed before callback; returning Nil.
   at: gdplanningai_rust::logger::process_logs (src\logger.rs:66)
   GDScript backtrace (most recent call first):
       [0] _process (res://addons/GdPlanningAI/gdpai_autoload.gd:21)
WARNING: [GdPAI] ObjectRef(124621163998): object was freed before callback; returning Nil.
   at: gdplanningai_rust::logger::process_logs (src\logger.rs:66)
   GDScript backtrace (most recent call first):
       [0] _process (res://addons/GdPlanningAI/gdpai_autoload.gd:21)
[GdPAI | debug] GetCost: callable returned non-numeric value: null; returning INFINITY
WARNING: [GdPAI] ObjectRef(1382643928884): object was freed before callback; returning Nil.
   at: gdplanningai_rust::logger::process_logs (src\logger.rs:66)
   GDScript backtrace (most recent call first):
       [0] _process (res://addons/GdPlanningAI/gdpai_autoload.gd:21)
WARNING: [GdPAI] ObjectRef(1382643928884): object was freed before callback; returning Nil.
   at: gdplanningai_rust::logger::process_logs (src\logger.rs:66)
   GDScript backtrace (most recent call first):
       [0] _process (res://addons/GdPlanningAI/gdpai_autoload.gd:21)
[GdPAI | debug] Discovery: Starting simulation for action Go To
WARNING: [GdPAI] ObjectRef(124621163998): object was freed before callback; returning Nil.
   at: gdplanningai_rust::logger::process_logs (src\logger.rs:66)
   GDScript backtrace (most recent call first):
       [0] _finish_current_plan (res://test/integration/test_hunger_example_smoke.gd:98)
WARNING: [GdPAI] ObjectRef(124621163998): object was freed before callback; returning Nil.
   at: gdplanningai_rust::logger::process_logs (src\logger.rs:66)
   GDScript backtrace (most recent call first):
       [0] _finish_current_plan (res://test/integration/test_hunger_example_smoke.gd:98)
[GdPAI | debug] ApplyEffect [Before] ID=InstanceId(-9223367435233483756): agent props = {"hunger": 70.0627442063492, "held_item": "", "entity": null}
[GdPAI | debug] ApplyEffect [After] ID=InstanceId(-9223367435233483756): agent props = {"hunger": 70.0627442063492, "held_item": "", "entity": null}
[GdPAI | debug]   Snapshotting prop: hunger = Float(70.0627442063492) (Variant type: FLOAT)
[GdPAI | debug]   Snapshotting prop: held_item = Str("") (Variant type: STRING)
[GdPAI | debug]   Snapshotting prop: entity = Nil (Variant type: NIL)
WARNING: [GdPAI] ObjectRef(1382643928884): object was freed before callback; returning Nil.
   at: gdplanningai_rust::logger::process_logs (src\logger.rs:66)
   GDScript backtrace (most recent call first):
       [0] _finish_current_plan (res://test/integration/test_hunger_example_smoke.gd:98)
WARNING: [GdPAI] ObjectRef(1382643928884): object was freed before callback; returning Nil.
   at: gdplanningai_rust::logger::process_logs (src\logger.rs:66)
   GDScript backtrace (most recent call first):
       [0] _finish_current_plan (res://test/integration/test_hunger_example_smoke.gd:98)
[GdPAI | debug] GetCost: callable returned non-numeric value: null; returning INFINITY
WARNING: [GdPAI] ObjectRef(124621163998): object was freed before callback; returning Nil.
   at: gdplanningai_rust::logger::process_logs (src\logger.rs:66)
   GDScript backtrace (most recent call first):
       [0] _process (res://addons/GdPlanningAI/gdpai_autoload.gd:21)
[GdPAI | debug] GetCost: callable returned non-numeric value: null; returning INFINITY
WARNING: [GdPAI] ObjectRef(1382643928884): object was freed before callback; returning Nil.
   at: gdplanningai_rust::logger::process_logs (src\logger.rs:66)
   GDScript backtrace (most recent call first):
       [0] _process (res://addons/GdPlanningAI/gdpai_autoload.gd:21)
WARNING: [GdPAI] ObjectRef(1382643928884): object was freed before callback; returning Nil.
   at: gdplanningai_rust::logger::process_logs (src\logger.rs:66)
   GDScript backtrace (most recent call first):
       [0] _process (res://addons/GdPlanningAI/gdpai_autoload.gd:21)
[GdPAI | debug] ApplyEffect [Before] ID=InstanceId(-9223367433304103879): agent props = {"hunger": 95.0603725, "entity": null, "held_item": ""}
[GdPAI | debug] ApplyEffect [After] ID=InstanceId(-9223367433304103879): agent props = {"hunger": 95.0603725, "entity": null, "held_item": ""}
[GdPAI | debug]   Snapshotting prop: hunger = Float(95.0603725) (Variant type: FLOAT)
[GdPAI | debug]   Snapshotting prop: entity = Nil (Variant type: NIL)
[GdPAI | debug]   Snapshotting prop: held_item = Str("") (Variant type: STRING)
[GdPAI | debug] Discovery: Simulation success for Go To. Agent props: {"held_item": Str(""), "entity": Nil, "hunger": Float(95.0603725)}
[GdPAI | debug] Discovery: Action Go To satisfied precond Builtin { target: Agent, operation: Equal, property_name: "held_item", value: Some(Str("")) }
[GdPAI | debug] Found candidate: Go To (satisfied preconds: [0], requirements: [0, 1])
[GdPAI | debug] Discovery: Starting simulation for action Drop Item
WARNING: [GdPAI] ObjectRef(124621163998): object was freed before callback; returning Nil.
   at: gdplanningai_rust::logger::process_logs (src\logger.rs:66)
   GDScript backtrace (most recent call first):
       [0] _finish_current_plan (res://test/integration/test_hunger_example_smoke.gd:98)
[GdPAI | debug] ApplyEffect [Before] ID=InstanceId(-9223367432565906438): agent props = {"held_item": "", "entity": null, "hunger": 70.0627442063492}
[GdPAI | debug] ApplyEffect [After] ID=InstanceId(-9223367432565906438): agent props = {"held_item": "", "entity": null, "hunger": 70.0627442063492}
[GdPAI | debug]   Snapshotting prop: held_item = Str("") (Variant type: STRING)
[GdPAI | debug]   Snapshotting prop: entity = Nil (Variant type: NIL)
[GdPAI | debug]   Snapshotting prop: hunger = Float(70.0627442063492) (Variant type: FLOAT)
WARNING: [GdPAI] ObjectRef(1382643928884): object was freed before callback; returning Nil.
   at: gdplanningai_rust::logger::process_logs (src\logger.rs:66)
   GDScript backtrace (most recent call first):
       [0] _finish_current_plan (res://test/integration/test_hunger_example_smoke.gd:98)
WARNING: [GdPAI] ObjectRef(1382643928884): object was freed before callback; returning Nil.
   at: gdplanningai_rust::logger::process_logs (src\logger.rs:66)
   GDScript backtrace (most recent call first):
       [0] _finish_current_plan (res://test/integration/test_hunger_example_smoke.gd:98)
[GdPAI | debug] GetCost: callable returned non-numeric value: null; returning INFINITY
WARNING: [GdPAI] ObjectRef(124621163998): object was freed before callback; returning Nil.
   at: gdplanningai_rust::logger::process_logs (src\logger.rs:66)
   GDScript backtrace (most recent call first):
       [0] _process (res://addons/GdPlanningAI/gdpai_autoload.gd:21)
[GdPAI | debug] GetCost: callable returned non-numeric value: null; returning INFINITY
WARNING: [GdPAI] ObjectRef(1382643928884): object was freed before callback; returning Nil.
   at: gdplanningai_rust::logger::process_logs (src\logger.rs:66)
   GDScript backtrace (most recent call first):
       [0] _process (res://addons/GdPlanningAI/gdpai_autoload.gd:21)
WARNING: [GdPAI] ObjectRef(1382643928884): object was freed before callback; returning Nil.
   at: gdplanningai_rust::logger::process_logs (src\logger.rs:66)
   GDScript backtrace (most recent call first):
       [0] _process (res://addons/GdPlanningAI/gdpai_autoload.gd:21)
[GdPAI | debug] ApplyEffect [Before] ID=InstanceId(-9223367430686858191): agent props = {"held_item": "", "entity": null, "hunger": 95.0603725}
[GdPAI | debug] ApplyEffect [After] ID=InstanceId(-9223367430686858191): agent props = {"held_item": "", "entity": null, "hunger": 95.0603725}
[GdPAI | debug]   Snapshotting prop: held_item = Str("") (Variant type: STRING)
[GdPAI | debug]   Snapshotting prop: entity = Nil (Variant type: NIL)
[GdPAI | debug]   Snapshotting prop: hunger = Float(95.0603725) (Variant type: FLOAT)
[GdPAI | debug] Discovery: Simulation success for Drop Item. Agent props: {"held_item": Str(""), "hunger": Float(95.0603725), "entity": Nil}
[GdPAI | debug] Discovery: Action Drop Item satisfied precond Builtin { target: Agent, operation: Equal, property_name: "held_item", value: Some(Str("")) }
[GdPAI | debug] Found candidate: Drop Item (satisfied preconds: [0], requirements: [])
[GdPAI | debug] Discovery: Starting simulation for action Add Fuel
WARNING: [GdPAI] ObjectRef(124621163998): object was freed before callback; returning Nil.
   at: gdplanningai_rust::logger::process_logs (src\logger.rs:66)
   GDScript backtrace (most recent call first):
       [0] _process (res://addons/GdPlanningAI/gdpai_autoload.gd:21)
[GdPAI | debug] ApplyEffect [Before] ID=InstanceId(-9223367429965437850): agent props = {"entity": null, "hunger": 70.0627442063492, "held_item": "wood"}
[GdPAI | debug] ApplyEffect [After] ID=InstanceId(-9223367429965437850): agent props = {"entity": null, "hunger": 70.0627442063492, "held_item": "wood"}
[GdPAI | debug]   Snapshotting prop: entity = Nil (Variant type: NIL)
[GdPAI | debug]   Snapshotting prop: hunger = Float(70.0627442063492) (Variant type: FLOAT)
[GdPAI | debug]   Snapshotting prop: held_item = Str("wood") (Variant type: STRING)
WARNING: [GdPAI] ObjectRef(1382643928884): object was freed before callback; returning Nil.
   at: gdplanningai_rust::logger::process_logs (src\logger.rs:66)
   GDScript backtrace (most recent call first):
       [0] _process (res://addons/GdPlanningAI/gdpai_autoload.gd:21)
WARNING: [GdPAI] ObjectRef(1382643928884): object was freed before callback; returning Nil.
   at: gdplanningai_rust::logger::process_logs (src\logger.rs:66)
   GDScript backtrace (most recent call first):
       [0] _process (res://addons/GdPlanningAI/gdpai_autoload.gd:21)
[GdPAI | debug] GetCost: callable returned non-numeric value: null; returning INFINITY
WARNING: [GdPAI] ObjectRef(124621163998): object was freed before callback; returning Nil.
   at: gdplanningai_rust::logger::process_logs (src\logger.rs:66)
   GDScript backtrace (most recent call first):
       [0] _finish_current_plan (res://test/integration/test_hunger_example_smoke.gd:98)
[GdPAI | debug] GetCost: callable returned non-numeric value: null; returning INFINITY
WARNING: [GdPAI] ObjectRef(1382643928884): object was freed before callback; returning Nil.
   at: gdplanningai_rust::logger::process_logs (src\logger.rs:66)
   GDScript backtrace (most recent call first):
       [0] _finish_current_plan (res://test/integration/test_hunger_example_smoke.gd:98)
WARNING: [GdPAI] ObjectRef(1382643928884): object was freed before callback; returning Nil.
   at: gdplanningai_rust::logger::process_logs (src\logger.rs:66)
   GDScript backtrace (most recent call first):
       [0] _finish_current_plan (res://test/integration/test_hunger_example_smoke.gd:98)
[GdPAI | debug] ApplyEffect [Before] ID=InstanceId(-9223367428086389670): agent props = {"entity": null, "hunger": 95.0603725, "held_item": "wood"}
[GdPAI | debug] ApplyEffect [After] ID=InstanceId(-9223367428086389670): agent props = {"entity": null, "hunger": 95.0603725, "held_item": "wood"}
[GdPAI | debug]   Snapshotting prop: entity = Nil (Variant type: NIL)
[GdPAI | debug]   Snapshotting prop: hunger = Float(95.0603725) (Variant type: FLOAT)
[GdPAI | debug]   Snapshotting prop: held_item = Str("wood") (Variant type: STRING)
[GdPAI | debug] Discovery: Simulation success for Add Fuel. Agent props: {"hunger": Float(95.0603725), "held_item": Str("wood"), "entity": Nil}
[GdPAI | debug] Discovery: Action Add Fuel did NOT satisfy precond Builtin { target: Agent, operation: Equal, property_name: "held_item", value: Some(Str("")) }
WARNING: [GdPAI] ObjectRef(124621163998): object was freed before callback; returning Nil.
   at: gdplanningai_rust::logger::process_logs (src\logger.rs:66)
   GDScript backtrace (most recent call first):
       [0] _process (res://addons/GdPlanningAI/gdpai_autoload.gd:21)
[GdPAI | debug] ApplyEffect [Before] ID=InstanceId(-9223367427348192189): agent props = {"held_item": "wood", "entity": null, "hunger": 70.0627442063492}
[GdPAI | debug] ApplyEffect [After] ID=InstanceId(-9223367427348192189): agent props = {"held_item": "wood", "entity": null, "hunger": 70.0627442063492}
[GdPAI | debug]   Snapshotting prop: held_item = Str("wood") (Variant type: STRING)
[GdPAI | debug]   Snapshotting prop: entity = Nil (Variant type: NIL)
[GdPAI | debug]   Snapshotting prop: hunger = Float(70.0627442063492) (Variant type: FLOAT)
WARNING: [GdPAI] ObjectRef(1382643928884): object was freed before callback; returning Nil.
   at: gdplanningai_rust::logger::process_logs (src\logger.rs:66)
   GDScript backtrace (most recent call first):
       [0] _process (res://addons/GdPlanningAI/gdpai_autoload.gd:21)
WARNING: [GdPAI] ObjectRef(1382643928884): object was freed before callback; returning Nil.
   at: gdplanningai_rust::logger::process_logs (src\logger.rs:66)
   GDScript backtrace (most recent call first):
       [0] _process (res://addons/GdPlanningAI/gdpai_autoload.gd:21)
[GdPAI | debug] Discovery: Action Cook Potato failed validity check, skipping
[GdPAI | debug] Discovery: Starting simulation for action Pick Up Wood
WARNING: [GdPAI] ObjectRef(124621163998): object was freed before callback; returning Nil.
   at: gdplanningai_rust::logger::process_logs (src\logger.rs:66)
   GDScript backtrace (most recent call first):
       [0] _finish_current_plan (res://test/integration/test_hunger_example_smoke.gd:98)
[GdPAI | debug] GetCost: callable returned non-numeric value: null; returning INFINITY
WARNING: [GdPAI] ObjectRef(1382643928884): object was freed before callback; returning Nil.
   at: gdplanningai_rust::logger::process_logs (src\logger.rs:66)
   GDScript backtrace (most recent call first):
       [0] _finish_current_plan (res://test/integration/test_hunger_example_smoke.gd:98)
WARNING: [GdPAI] ObjectRef(1382643928884): object was freed before callback; returning Nil.
   at: gdplanningai_rust::logger::process_logs (src\logger.rs:66)
   GDScript backtrace (most recent call first):
       [0] _finish_current_plan (res://test/integration/test_hunger_example_smoke.gd:98)
[GdPAI | debug] GetCost: callable returned non-numeric value: null; returning INFINITY
WARNING: [GdPAI] ObjectRef(124621163998): object was freed before callback; returning Nil.
   at: gdplanningai_rust::logger::process_logs (src\logger.rs:66)
   GDScript backtrace (most recent call first):
       [0] _process (res://addons/GdPlanningAI/gdpai_autoload.gd:21)
[GdPAI | debug] ApplyEffect [Before] ID=InstanceId(-9223367424730946433): agent props = {"hunger": 70.0627442063492, "entity": null, "held_item": "wood"}
[GdPAI | debug] ApplyEffect [After] ID=InstanceId(-9223367424730946433): agent props = {"hunger": 70.0627442063492, "entity": null, "held_item": "wood"}
[GdPAI | debug]   Snapshotting prop: hunger = Float(70.0627442063492) (Variant type: FLOAT)
[GdPAI | debug]   Snapshotting prop: entity = Nil (Variant type: NIL)
[GdPAI | debug]   Snapshotting prop: held_item = Str("wood") (Variant type: STRING)
WARNING: [GdPAI] ObjectRef(1382643928884): object was freed before callback; returning Nil.
   at: gdplanningai_rust::logger::process_logs (src\logger.rs:66)
   GDScript backtrace (most recent call first):
       [0] _process (res://addons/GdPlanningAI/gdpai_autoload.gd:21)
WARNING: [GdPAI] ObjectRef(1382643928884): object was freed before callback; returning Nil.
   at: gdplanningai_rust::logger::process_logs (src\logger.rs:66)
   GDScript backtrace (most recent call first):
       [0] _process (res://addons/GdPlanningAI/gdpai_autoload.gd:21)
[GdPAI | debug] ApplyEffect [Before] ID=InstanceId(-9223367424160521089): agent props = {"held_item": "", "hunger": 95.0603725, "entity": null}
[GdPAI | debug] ApplyEffect [After] ID=InstanceId(-9223367424160521089): agent props = {"held_item": "", "hunger": 95.0603725, "entity": null}
[GdPAI | debug]   Snapshotting prop: held_item = Str("") (Variant type: STRING)
[GdPAI | debug]   Snapshotting prop: hunger = Float(95.0603725) (Variant type: FLOAT)
[GdPAI | debug]   Snapshotting prop: entity = Nil (Variant type: NIL)
[GdPAI | debug] Discovery: Simulation success for Pick Up Wood. Agent props: {"entity": Nil, "held_item": Str(""), "hunger": Float(95.0603725)}
[GdPAI | debug] Discovery: Action Pick Up Wood satisfied precond Builtin { target: Agent, operation: Equal, property_name: "held_item", value: Some(Str("")) }
[GdPAI | debug] Found candidate: Pick Up Wood (satisfied preconds: [0], requirements: [])
[GdPAI | debug] Discovery: Starting simulation for action Pick Up Wood
WARNING: [GdPAI] ObjectRef(124621163998): object was freed before callback; returning Nil.
   at: gdplanningai_rust::logger::process_logs (src\logger.rs:66)
   GDScript backtrace (most recent call first):
       [0] _finish_current_plan (res://test/integration/test_hunger_example_smoke.gd:98)
[GdPAI | debug] GetCost: callable returned non-numeric value: null; returning INFINITY
WARNING: [GdPAI] ObjectRef(1382643928884): object was freed before callback; returning Nil.
   at: gdplanningai_rust::logger::process_logs (src\logger.rs:66)
   GDScript backtrace (most recent call first):
       [0] _finish_current_plan (res://test/integration/test_hunger_example_smoke.gd:98)
WARNING: [GdPAI] ObjectRef(1382643928884): object was freed before callback; returning Nil.
   at: gdplanningai_rust::logger::process_logs (src\logger.rs:66)
   GDScript backtrace (most recent call first):
       [0] _finish_current_plan (res://test/integration/test_hunger_example_smoke.gd:98)
[GdPAI | debug] GetCost: callable returned non-numeric value: null; returning INFINITY
WARNING: [GdPAI] ObjectRef(124621163998): object was freed before callback; returning Nil.
   at: gdplanningai_rust::logger::process_logs (src\logger.rs:66)
   GDScript backtrace (most recent call first):
       [0] _process (res://addons/GdPlanningAI/gdpai_autoload.gd:21)
[GdPAI | debug] ApplyEffect [Before] ID=InstanceId(-9223367422113700718): agent props = {"held_item": "wood", "hunger": 70.0627442063492, "entity": null}
[GdPAI | debug] ApplyEffect [After] ID=InstanceId(-9223367422113700718): agent props = {"held_item": "wood", "hunger": 70.0627442063492, "entity": null}
[GdPAI | debug]   Snapshotting prop: held_item = Str("wood") (Variant type: STRING)
[GdPAI | debug]   Snapshotting prop: hunger = Float(70.0627442063492) (Variant type: FLOAT)
[GdPAI | debug]   Snapshotting prop: entity = Nil (Variant type: NIL)
WARNING: [GdPAI] ObjectRef(1382643928884): object was freed before callback; returning Nil.
   at: gdplanningai_rust::logger::process_logs (src\logger.rs:66)
   GDScript backtrace (most recent call first):
       [0] _process (res://addons/GdPlanningAI/gdpai_autoload.gd:21)
WARNING: [GdPAI] ObjectRef(1382643928884): object was freed before callback; returning Nil.
   at: gdplanningai_rust::logger::process_logs (src\logger.rs:66)
   GDScript backtrace (most recent call first):
       [0] _process (res://addons/GdPlanningAI/gdpai_autoload.gd:21)
[GdPAI | debug] ApplyEffect [Before] ID=InstanceId(-9223367421543275374): agent props = {"held_item": "", "hunger": 95.0603725, "entity": null}
[GdPAI | debug] ApplyEffect [After] ID=InstanceId(-9223367421543275374): agent props = {"held_item": "", "hunger": 95.0603725, "entity": null}
[GdPAI | debug]   Snapshotting prop: held_item = Str("") (Variant type: STRING)
[GdPAI | debug]   Snapshotting prop: hunger = Float(95.0603725) (Variant type: FLOAT)
[GdPAI | debug]   Snapshotting prop: entity = Nil (Variant type: NIL)
[GdPAI | debug] Discovery: Simulation success for Pick Up Wood. Agent props: {"held_item": Str(""), "hunger": Float(95.0603725), "entity": Nil}
[GdPAI | debug] Discovery: Action Pick Up Wood satisfied precond Builtin { target: Agent, operation: Equal, property_name: "held_item", value: Some(Str("")) }
[GdPAI | debug] Found candidate: Pick Up Wood (satisfied preconds: [0], requirements: [])
[GdPAI | debug] Discovery: Starting simulation for action Pick Up Wood
WARNING: [GdPAI] ObjectRef(124621163998): object was freed before callback; returning Nil.
   at: gdplanningai_rust::logger::process_logs (src\logger.rs:66)
   GDScript backtrace (most recent call first):
       [0] _finish_current_plan (res://test/integration/test_hunger_example_smoke.gd:98)
WARNING: [GdPAI] ObjectRef(124621163998): object was freed before callback; returning Nil.
   at: gdplanningai_rust::logger::process_logs (src\logger.rs:66)
   GDScript backtrace (most recent call first):
       [0] _finish_current_plan (res://test/integration/test_hunger_example_smoke.gd:98)
[GdPAI | debug] GetCost: callable returned non-numeric value: null; returning INFINITY
WARNING: [GdPAI] ObjectRef(1382643928884): object was freed before callback; returning Nil.
   at: gdplanningai_rust::logger::process_logs (src\logger.rs:66)
   GDScript backtrace (most recent call first):
       [0] _finish_current_plan (res://test/integration/test_hunger_example_smoke.gd:98)
WARNING: [GdPAI] ObjectRef(1382643928884): object was freed before callback; returning Nil.
   at: gdplanningai_rust::logger::process_logs (src\logger.rs:66)
   GDScript backtrace (most recent call first):
       [0] _finish_current_plan (res://test/integration/test_hunger_example_smoke.gd:98)
[GdPAI | debug] GetCost: callable returned non-numeric value: null; returning INFINITY
WARNING: [GdPAI] ObjectRef(124621163998): object was freed before callback; returning Nil.
   at: gdplanningai_rust::logger::process_logs (src\logger.rs:66)
   GDScript backtrace (most recent call first):
       [0] _process (res://addons/GdPlanningAI/gdpai_autoload.gd:21)
WARNING: [GdPAI] ObjectRef(124621163998): object was freed before callback; returning Nil.
   at: gdplanningai_rust::logger::process_logs (src\logger.rs:66)
   GDScript backtrace (most recent call first):
       [0] _process (res://addons/GdPlanningAI/gdpai_autoload.gd:21)
[GdPAI | debug] ApplyEffect [Before] ID=InstanceId(-9223367419446123370): agent props = {"held_item": "", "hunger": 70.0627442063492, "entity": null}
[GdPAI | debug] ApplyEffect [After] ID=InstanceId(-9223367419446123370): agent props = {"held_item": "", "hunger": 70.0627442063492, "entity": null}
[GdPAI | debug]   Snapshotting prop: held_item = Str("") (Variant type: STRING)
[GdPAI | debug]   Snapshotting prop: hunger = Float(70.0627442063492) (Variant type: FLOAT)
[GdPAI | debug]   Snapshotting prop: entity = Nil (Variant type: NIL)
WARNING: [GdPAI] ObjectRef(1382643928884): object was freed before callback; returning Nil.
   at: gdplanningai_rust::logger::process_logs (src\logger.rs:66)
   GDScript backtrace (most recent call first):
       [0] _process (res://addons/GdPlanningAI/gdpai_autoload.gd:21)
WARNING: [GdPAI] ObjectRef(1382643928884): object was freed before callback; returning Nil.
   at: gdplanningai_rust::logger::process_logs (src\logger.rs:66)
   GDScript backtrace (most recent call first):
       [0] _process (res://addons/GdPlanningAI/gdpai_autoload.gd:21)
[GdPAI | debug] ApplyEffect [Before] ID=InstanceId(-9223367418875698026): agent props = {"hunger": 95.0603725, "entity": null, "held_item": ""}
[GdPAI | debug] ApplyEffect [After] ID=InstanceId(-9223367418875698026): agent props = {"hunger": 95.0603725, "entity": null, "held_item": ""}
[GdPAI | debug]   Snapshotting prop: hunger = Float(95.0603725) (Variant type: FLOAT)
[GdPAI | debug]   Snapshotting prop: entity = Nil (Variant type: NIL)
[GdPAI | debug]   Snapshotting prop: held_item = Str("") (Variant type: STRING)
[GdPAI | debug] Discovery: Simulation success for Pick Up Wood. Agent props: {"held_item": Str(""), "hunger": Float(95.0603725), "entity": Nil}
[GdPAI | debug] Discovery: Action Pick Up Wood satisfied precond Builtin { target: Agent, operation: Equal, property_name: "held_item", value: Some(Str("")) }
[GdPAI | debug] Found candidate: Pick Up Wood (satisfied preconds: [0], requirements: [])
[GdPAI | debug] Discovery: Starting simulation for action Pick Up Wood
WARNING: [GdPAI] ObjectRef(124621163998): object was freed before callback; returning Nil.
   at: gdplanningai_rust::logger::process_logs (src\logger.rs:66)
   GDScript backtrace (most recent call first):
       [0] _finish_current_plan (res://test/integration/test_hunger_example_smoke.gd:98)
[GdPAI | debug] GetCost: callable returned non-numeric value: null; returning INFINITY
WARNING: [GdPAI] ObjectRef(1382643928884): object was freed before callback; returning Nil.
   at: gdplanningai_rust::logger::process_logs (src\logger.rs:66)
   GDScript backtrace (most recent call first):
       [0] _finish_current_plan (res://test/integration/test_hunger_example_smoke.gd:98)
WARNING: [GdPAI] ObjectRef(1382643928884): object was freed before callback; returning Nil.
   at: gdplanningai_rust::logger::process_logs (src\logger.rs:66)
   GDScript backtrace (most recent call first):
       [0] _finish_current_plan (res://test/integration/test_hunger_example_smoke.gd:98)
[GdPAI | debug] GetCost: callable returned non-numeric value: null; returning INFINITY
WARNING: [GdPAI] ObjectRef(124621163998): object was freed before callback; returning Nil.
   at: gdplanningai_rust::logger::process_logs (src\logger.rs:66)
   GDScript backtrace (most recent call first):
       [0] _process (res://addons/GdPlanningAI/gdpai_autoload.gd:21)
[GdPAI | debug] ApplyEffect [Before] ID=InstanceId(-9223367416778545997): agent props = {"entity": null, "held_item": "", "hunger": 70.0627442063492}
[GdPAI | debug] ApplyEffect [After] ID=InstanceId(-9223367416778545997): agent props = {"entity": null, "held_item": "", "hunger": 70.0627442063492}
[GdPAI | debug]   Snapshotting prop: entity = Nil (Variant type: NIL)
[GdPAI | debug]   Snapshotting prop: held_item = Str("") (Variant type: STRING)
[GdPAI | debug]   Snapshotting prop: hunger = Float(70.0627442063492) (Variant type: FLOAT)
WARNING: [GdPAI] ObjectRef(1382643928884): object was freed before callback; returning Nil.
   at: gdplanningai_rust::logger::process_logs (src\logger.rs:66)
   GDScript backtrace (most recent call first):
       [0] _process (res://addons/GdPlanningAI/gdpai_autoload.gd:21)
WARNING: [GdPAI] ObjectRef(1382643928884): object was freed before callback; returning Nil.
   at: gdplanningai_rust::logger::process_logs (src\logger.rs:66)
   GDScript backtrace (most recent call first):
       [0] _process (res://addons/GdPlanningAI/gdpai_autoload.gd:21)
[GdPAI | debug] ApplyEffect [Before] ID=InstanceId(-9223367416208120653): agent props = {"entity": null, "hunger": 95.0603725, "held_item": ""}
[GdPAI | debug] ApplyEffect [After] ID=InstanceId(-9223367416208120653): agent props = {"entity": null, "hunger": 95.0603725, "held_item": ""}
[GdPAI | debug]   Snapshotting prop: entity = Nil (Variant type: NIL)
[GdPAI | debug]   Snapshotting prop: hunger = Float(95.0603725) (Variant type: FLOAT)
[GdPAI | debug]   Snapshotting prop: held_item = Str("") (Variant type: STRING)
[GdPAI | debug] Discovery: Simulation success for Pick Up Wood. Agent props: {"held_item": Str(""), "entity": Nil, "hunger": Float(95.0603725)}
[GdPAI | debug] Discovery: Action Pick Up Wood satisfied precond Builtin { target: Agent, operation: Equal, property_name: "held_item", value: Some(Str("")) }
[GdPAI | debug] Found candidate: Pick Up Wood (satisfied preconds: [0], requirements: [])
WARNING: [GdPAI] ObjectRef(124621163998): object was freed before callback; returning Nil.
   at: gdplanningai_rust::logger::process_logs (src\logger.rs:66)
   GDScript backtrace (most recent call first):
       [0] _process (res://addons/GdPlanningAI/gdpai_autoload.gd:21)
[GdPAI | debug] GetCost: callable returned non-numeric value: null; returning INFINITY
WARNING: [GdPAI] ObjectRef(1382643928884): object was freed before callback; returning Nil.
   at: gdplanningai_rust::logger::process_logs (src\logger.rs:66)
   GDScript backtrace (most recent call first):
       [0] _process (res://addons/GdPlanningAI/gdpai_autoload.gd:21)
WARNING: [GdPAI] ObjectRef(1382643928884): object was freed before callback; returning Nil.
   at: gdplanningai_rust::logger::process_logs (src\logger.rs:66)
   GDScript backtrace (most recent call first):
       [0] _process (res://addons/GdPlanningAI/gdpai_autoload.gd:21)
[GdPAI | debug] Discovery: Action Dig Potato failed validity check, skipping
WARNING: [GdPAI] ObjectRef(124621163998): object was freed before callback; returning Nil.
   at: gdplanningai_rust::logger::process_logs (src\logger.rs:66)
   GDScript backtrace (most recent call first):
       [0] _finish_current_plan (res://test/integration/test_hunger_example_smoke.gd:98)
[GdPAI | debug] ApplyEffect [Before] ID=InstanceId(-9223367414178077518): agent props = {"hunger": 70.0627442063492, "held_item": "wood", "entity": null}
[GdPAI | debug] ApplyEffect [After] ID=InstanceId(-9223367414178077518): agent props = {"hunger": 70.0627442063492, "held_item": "wood", "entity": null}
[GdPAI | debug]   Snapshotting prop: hunger = Float(70.0627442063492) (Variant type: FLOAT)
[GdPAI | debug]   Snapshotting prop: held_item = Str("wood") (Variant type: STRING)
[GdPAI | debug]   Snapshotting prop: entity = Nil (Variant type: NIL)
WARNING: [GdPAI] ObjectRef(1382643928884): object was freed before callback; returning Nil.
   at: gdplanningai_rust::logger::process_logs (src\logger.rs:66)
   GDScript backtrace (most recent call first):
       [0] _finish_current_plan (res://test/integration/test_hunger_example_smoke.gd:98)
WARNING: [GdPAI] ObjectRef(1382643928884): object was freed before callback; returning Nil.
   at: gdplanningai_rust::logger::process_logs (src\logger.rs:66)
   GDScript backtrace (most recent call first):
       [0] _finish_current_plan (res://test/integration/test_hunger_example_smoke.gd:98)
[GdPAI | debug] Discovery: Action Dig Potato failed validity check, skipping
WARNING: [GdPAI] ObjectRef(124621163998): object was freed before callback; returning Nil.
   at: gdplanningai_rust::logger::process_logs (src\logger.rs:66)
   GDScript backtrace (most recent call first):
       [0] _process (res://addons/GdPlanningAI/gdpai_autoload.gd:21)
[GdPAI | debug] GetCost: callable returned non-numeric value: null; returning INFINITY
WARNING: [GdPAI] ObjectRef(1382643928884): object was freed before callback; returning Nil.
   at: gdplanningai_rust::logger::process_logs (src\logger.rs:66)
   GDScript backtrace (most recent call first):
       [0] _process (res://addons/GdPlanningAI/gdpai_autoload.gd:21)
WARNING: [GdPAI] ObjectRef(1382643928884): object was freed before callback; returning Nil.
   at: gdplanningai_rust::logger::process_logs (src\logger.rs:66)
   GDScript backtrace (most recent call first):
       [0] _process (res://addons/GdPlanningAI/gdpai_autoload.gd:21)
[GdPAI | debug] Discovery: Action Dig Potato failed validity check, skipping
WARNING: [GdPAI] ObjectRef(124621163998): object was freed before callback; returning Nil.
   at: gdplanningai_rust::logger::process_logs (src\logger.rs:66)
   GDScript backtrace (most recent call first):
       [0] _finish_current_plan (res://test/integration/test_hunger_example_smoke.gd:98)
[GdPAI | debug] ApplyEffect [Before] ID=InstanceId(-9223367411560831805): agent props = {"hunger": 70.0627442063492, "entity": null, "held_item": "wood"}
[GdPAI | debug] ApplyEffect [After] ID=InstanceId(-9223367411560831805): agent props = {"hunger": 70.0627442063492, "entity": null, "held_item": "wood"}
[GdPAI | debug]   Snapshotting prop: hunger = Float(70.0627442063492) (Variant type: FLOAT)
[GdPAI | debug]   Snapshotting prop: entity = Nil (Variant type: NIL)
[GdPAI | debug]   Snapshotting prop: held_item = Str("wood") (Variant type: STRING)
WARNING: [GdPAI] ObjectRef(1382643928884): object was freed before callback; returning Nil.
   at: gdplanningai_rust::logger::process_logs (src\logger.rs:66)
   GDScript backtrace (most recent call first):
       [0] _finish_current_plan (res://test/integration/test_hunger_example_smoke.gd:98)
WARNING: [GdPAI] ObjectRef(1382643928884): object was freed before callback; returning Nil.
   at: gdplanningai_rust::logger::process_logs (src\logger.rs:66)
   GDScript backtrace (most recent call first):
       [0] _finish_current_plan (res://test/integration/test_hunger_example_smoke.gd:98)
[GdPAI | debug] Discovery: Action Dig Potato failed validity check, skipping
WARNING: [GdPAI] ObjectRef(124621163998): object was freed before callback; returning Nil.
   at: gdplanningai_rust::logger::process_logs (src\logger.rs:66)
   GDScript backtrace (most recent call first):
       [0] _process (res://addons/GdPlanningAI/gdpai_autoload.gd:21)
[GdPAI | debug] GetCost: callable returned non-numeric value: null; returning INFINITY
WARNING: [GdPAI] ObjectRef(1382643928884): object was freed before callback; returning Nil.
   at: gdplanningai_rust::logger::process_logs (src\logger.rs:66)
   GDScript backtrace (most recent call first):
       [0] _process (res://addons/GdPlanningAI/gdpai_autoload.gd:21)
WARNING: [GdPAI] ObjectRef(1382643928884): object was freed before callback; returning Nil.
   at: gdplanningai_rust::logger::process_logs (src\logger.rs:66)
   GDScript backtrace (most recent call first):
       [0] _process (res://addons/GdPlanningAI/gdpai_autoload.gd:21)
[GdPAI | debug] Discovery: Action Dig Potato failed validity check, skipping
WARNING: [GdPAI] ObjectRef(124621163998): object was freed before callback; returning Nil.
   at: gdplanningai_rust::logger::process_logs (src\logger.rs:66)
   GDScript backtrace (most recent call first):
       [0] _process (res://addons/GdPlanningAI/gdpai_autoload.gd:21)
[GdPAI | debug] ApplyEffect [Before] ID=InstanceId(-9223367408960363293): agent props = {"hunger": 70.0627442063492, "entity": null, "held_item": "wood"}
[GdPAI | debug] ApplyEffect [After] ID=InstanceId(-9223367408960363293): agent props = {"hunger": 70.0627442063492, "entity": null, "held_item": "wood"}
[GdPAI | debug]   Snapshotting prop: hunger = Float(70.0627442063492) (Variant type: FLOAT)
[GdPAI | debug]   Snapshotting prop: entity = Nil (Variant type: NIL)
[GdPAI | debug]   Snapshotting prop: held_item = Str("wood") (Variant type: STRING)
WARNING: [GdPAI] ObjectRef(1382643928884): object was freed before callback; returning Nil.
   at: gdplanningai_rust::logger::process_logs (src\logger.rs:66)
   GDScript backtrace (most recent call first):
       [0] _process (res://addons/GdPlanningAI/gdpai_autoload.gd:21)
WARNING: [GdPAI] ObjectRef(1382643928884): object was freed before callback; returning Nil.
   at: gdplanningai_rust::logger::process_logs (src\logger.rs:66)
   GDScript backtrace (most recent call first):
       [0] _process (res://addons/GdPlanningAI/gdpai_autoload.gd:21)
WARNING: [GdPAI] ObjectRef(1382157389614): object was freed before callback; returning Nil.
   at: gdplanningai_rust::logger::process_logs (src\logger.rs:66)
   GDScript backtrace (most recent call first):
       [0] _process (res://addons/GdPlanningAI/gdpai_autoload.gd:21)
WARNING: [GdPAI] ObjectRef(1383348571562): object was freed before callback; returning Nil.
   at: gdplanningai_rust::logger::process_logs (src\logger.rs:66)
   GDScript backtrace (most recent call first):
       [0] _process (res://addons/GdPlanningAI/gdpai_autoload.gd:21)
WARNING: [GdPAI] ObjectRef(1382157389614): object was freed before callback; returning Nil.
   at: gdplanningai_rust::logger::process_logs (src\logger.rs:66)
   GDScript backtrace (most recent call first):
       [0] _process (res://addons/GdPlanningAI/gdpai_autoload.gd:21)
WARNING: [GdPAI] ObjectRef(1383348571562): object was freed before callback; returning Nil.
   at: gdplanningai_rust::logger::process_logs (src\logger.rs:66)
   GDScript backtrace (most recent call first):
       [0] _process (res://addons/GdPlanningAI/gdpai_autoload.gd:21)
[GdPAI | debug] GetCost: callable returned non-numeric value: null; returning INFINITY
WARNING: [GdPAI] ObjectRef(124621163998): object was freed before callback; returning Nil.
   at: gdplanningai_rust::logger::process_logs (src\logger.rs:66)
   GDScript backtrace (most recent call first):
       [0] _finish_current_plan (res://test/integration/test_hunger_example_smoke.gd:98)
[GdPAI | debug] GetCost: callable returned non-numeric value: null; returning INFINITY
WARNING: [GdPAI] ObjectRef(1382643928884): object was freed before callback; returning Nil.
   at: gdplanningai_rust::logger::process_logs (src\logger.rs:66)
   GDScript backtrace (most recent call first):
       [0] _finish_current_plan (res://test/integration/test_hunger_example_smoke.gd:98)
WARNING: [GdPAI] ObjectRef(1382643928884): object was freed before callback; returning Nil.
   at: gdplanningai_rust::logger::process_logs (src\logger.rs:66)
   GDScript backtrace (most recent call first):
       [0] _finish_current_plan (res://test/integration/test_hunger_example_smoke.gd:98)
WARNING: [GdPAI] ObjectRef(1382157389614): object was freed before callback; returning Nil.
   at: gdplanningai_rust::logger::process_logs (src\logger.rs:66)
   GDScript backtrace (most recent call first):
       [0] _finish_current_plan (res://test/integration/test_hunger_example_smoke.gd:98)
WARNING: [GdPAI] ObjectRef(1383348571562): object was freed before callback; returning Nil.
   at: gdplanningai_rust::logger::process_logs (src\logger.rs:66)
   GDScript backtrace (most recent call first):
       [0] _finish_current_plan (res://test/integration/test_hunger_example_smoke.gd:98)
WARNING: [GdPAI] ObjectRef(1382157389614): object was freed before callback; returning Nil.
   at: gdplanningai_rust::logger::process_logs (src\logger.rs:66)
   GDScript backtrace (most recent call first):
       [0] _finish_current_plan (res://test/integration/test_hunger_example_smoke.gd:98)
WARNING: [GdPAI] ObjectRef(1383348571562): object was freed before callback; returning Nil.
   at: gdplanningai_rust::logger::process_logs (src\logger.rs:66)
   GDScript backtrace (most recent call first):
       [0] _finish_current_plan (res://test/integration/test_hunger_example_smoke.gd:98)
[GdPAI | debug] ApplyEffect [Before] ID=InstanceId(-9223367406879988495): agent props = {"entity": null, "held_item": "", "at_target": null, "hunger": 95.0603725}
[GdPAI | debug] ApplyEffect [After] ID=InstanceId(-9223367406879988495): agent props = {"entity": null, "held_item": "", "at_target": null, "hunger": 95.0603725}
[GdPAI | debug]   Snapshotting prop: entity = Nil (Variant type: NIL)
[GdPAI | debug]   Snapshotting prop: held_item = Str("") (Variant type: STRING)
[GdPAI | debug]   Snapshotting prop: at_target = Nil (Variant type: NIL)
[GdPAI | debug]   Snapshotting prop: hunger = Float(95.0603725) (Variant type: FLOAT)
WARNING: [GdPAI] ObjectRef(124621163998): object was freed before callback; returning Nil.
   at: gdplanningai_rust::logger::process_logs (src\logger.rs:66)
   GDScript backtrace (most recent call first):
       [0] _process (res://addons/GdPlanningAI/gdpai_autoload.gd:21)
[GdPAI | debug] ApplyEffect [Before] ID=InstanceId(-9223367405940464387): agent props = {"hunger": 70.0627442063492, "held_item": "wood", "entity": null}
[GdPAI | debug] ApplyEffect [After] ID=InstanceId(-9223367405940464387): agent props = {"hunger": 70.0627442063492, "held_item": "wood", "entity": null}
[GdPAI | debug]   Snapshotting prop: hunger = Float(70.0627442063492) (Variant type: FLOAT)
[GdPAI | debug]   Snapshotting prop: held_item = Str("wood") (Variant type: STRING)
[GdPAI | debug]   Snapshotting prop: entity = Nil (Variant type: NIL)
WARNING: [GdPAI] ObjectRef(1382643928884): object was freed before callback; returning Nil.
   at: gdplanningai_rust::logger::process_logs (src\logger.rs:66)
   GDScript backtrace (most recent call first):
       [0] _process (res://addons/GdPlanningAI/gdpai_autoload.gd:21)
WARNING: [GdPAI] ObjectRef(1383348571562): object was freed before callback; returning Nil.
   at: gdplanningai_rust::logger::process_logs (src\logger.rs:66)
   GDScript backtrace (most recent call first):
       [0] _process (res://addons/GdPlanningAI/gdpai_autoload.gd:21)
WARNING: [GdPAI] ObjectRef(1383348571562): object was freed before callback; returning Nil.
   at: gdplanningai_rust::logger::process_logs (src\logger.rs:66)
   GDScript backtrace (most recent call first):
       [0] _process (res://addons/GdPlanningAI/gdpai_autoload.gd:21)
[GdPAI | debug] GetCost: callable returned non-numeric value: null; returning INFINITY
WARNING: [GdPAI] ObjectRef(124621163998): object was freed before callback; returning Nil.
   at: gdplanningai_rust::logger::process_logs (src\logger.rs:66)
   GDScript backtrace (most recent call first):
       [0] _finish_current_plan (res://test/integration/test_hunger_example_smoke.gd:98)
WARNING: [GdPAI] ObjectRef(124621163998): object was freed before callback; returning Nil.
   at: gdplanningai_rust::logger::process_logs (src\logger.rs:66)
   GDScript backtrace (most recent call first):
       [0] _finish_current_plan (res://test/integration/test_hunger_example_smoke.gd:98)
[GdPAI | debug] GetCost: callable returned non-numeric value: null; returning INFINITY
WARNING: [GdPAI] ObjectRef(1382643928884): object was freed before callback; returning Nil.
   at: gdplanningai_rust::logger::process_logs (src\logger.rs:66)
   GDScript backtrace (most recent call first):
       [0] _finish_current_plan (res://test/integration/test_hunger_example_smoke.gd:98)
WARNING: [GdPAI] ObjectRef(1383348571562): object was freed before callback; returning Nil.
   at: gdplanningai_rust::logger::process_logs (src\logger.rs:66)
   GDScript backtrace (most recent call first):
       [0] _finish_current_plan (res://test/integration/test_hunger_example_smoke.gd:98)
WARNING: [GdPAI] ObjectRef(1383348571562): object was freed before callback; returning Nil.
   at: gdplanningai_rust::logger::process_logs (src\logger.rs:66)
   GDScript backtrace (most recent call first):
       [0] _finish_current_plan (res://test/integration/test_hunger_example_smoke.gd:98)
[GdPAI | debug] ApplyEffect [Before] ID=InstanceId(-9223367404011084525): agent props = {"held_item": "", "at_target": null, "entity": null, "hunger": 95.0603725}
[GdPAI | debug] ApplyEffect [After] ID=InstanceId(-9223367404011084525): agent props = {"held_item": "", "at_target": null, "entity": null, "hunger": 95.0603725}
[GdPAI | debug]   Snapshotting prop: held_item = Str("") (Variant type: STRING)
[GdPAI | debug]   Snapshotting prop: at_target = Nil (Variant type: NIL)
[GdPAI | debug]   Snapshotting prop: entity = Nil (Variant type: NIL)
[GdPAI | debug]   Snapshotting prop: hunger = Float(95.0603725) (Variant type: FLOAT)
WARNING: [GdPAI] ObjectRef(124621163998): object was freed before callback; returning Nil.
   at: gdplanningai_rust::logger::process_logs (src\logger.rs:66)
   GDScript backtrace (most recent call first):
       [0] _process (res://addons/GdPlanningAI/gdpai_autoload.gd:21)
WARNING: [GdPAI] ObjectRef(124621163998): object was freed before callback; returning Nil.
   at: gdplanningai_rust::logger::process_logs (src\logger.rs:66)
   GDScript backtrace (most recent call first):
       [0] _process (res://addons/GdPlanningAI/gdpai_autoload.gd:21)
[GdPAI | debug] ApplyEffect [Before] ID=InstanceId(-9223367403172223700): agent props = {"held_item": "", "hunger": 70.0627442063492, "entity": null}
[GdPAI | debug] ApplyEffect [After] ID=InstanceId(-9223367403172223700): agent props = {"held_item": "", "hunger": 70.0627442063492, "entity": null}
[GdPAI | debug]   Snapshotting prop: held_item = Str("") (Variant type: STRING)
[GdPAI | debug]   Snapshotting prop: hunger = Float(70.0627442063492) (Variant type: FLOAT)
[GdPAI | debug]   Snapshotting prop: entity = Nil (Variant type: NIL)
WARNING: [GdPAI] ObjectRef(1382643928884): object was freed before callback; returning Nil.
   at: gdplanningai_rust::logger::process_logs (src\logger.rs:66)
   GDScript backtrace (most recent call first):
       [0] _process (res://addons/GdPlanningAI/gdpai_autoload.gd:21)
WARNING: [GdPAI] ObjectRef(1382157389614): object was freed before callback; returning Nil.
   at: gdplanningai_rust::logger::process_logs (src\logger.rs:66)
   GDScript backtrace (most recent call first):
       [0] _process (res://addons/GdPlanningAI/gdpai_autoload.gd:21)
WARNING: [GdPAI] ObjectRef(1382157389614): object was freed before callback; returning Nil.
   at: gdplanningai_rust::logger::process_logs (src\logger.rs:66)
   GDScript backtrace (most recent call first):
       [0] _process (res://addons/GdPlanningAI/gdpai_autoload.gd:21)
[GdPAI | debug] GetCost: callable returned non-numeric value: null; returning INFINITY
WARNING: [GdPAI] ObjectRef(124621163998): object was freed before callback; returning Nil.
   at: gdplanningai_rust::logger::process_logs (src\logger.rs:66)
   GDScript backtrace (most recent call first):
       [0] _finish_current_plan (res://test/integration/test_hunger_example_smoke.gd:98)
[GdPAI | debug] GetCost: callable returned non-numeric value: null; returning INFINITY
WARNING: [GdPAI] ObjectRef(1382643928884): object was freed before callback; returning Nil.
   at: gdplanningai_rust::logger::process_logs (src\logger.rs:66)
   GDScript backtrace (most recent call first):
       [0] _finish_current_plan (res://test/integration/test_hunger_example_smoke.gd:98)
WARNING: [GdPAI] ObjectRef(1382157389614): object was freed before callback; returning Nil.
   at: gdplanningai_rust::logger::process_logs (src\logger.rs:66)
   GDScript backtrace (most recent call first):
       [0] _finish_current_plan (res://test/integration/test_hunger_example_smoke.gd:98)
WARNING: [GdPAI] ObjectRef(1382157389614): object was freed before callback; returning Nil.
   at: gdplanningai_rust::logger::process_logs (src\logger.rs:66)
   GDScript backtrace (most recent call first):
       [0] _finish_current_plan (res://test/integration/test_hunger_example_smoke.gd:98)
[GdPAI | debug] ApplyEffect [Before] ID=InstanceId(-9223367401192512250): agent props = {"at_target": null, "hunger": 95.0603725, "held_item": "", "entity": null}
[GdPAI | debug] ApplyEffect [After] ID=InstanceId(-9223367401192512250): agent props = {"at_target": null, "hunger": 95.0603725, "held_item": "", "entity": null}
[GdPAI | debug]   Snapshotting prop: at_target = Nil (Variant type: NIL)
[GdPAI | debug]   Snapshotting prop: hunger = Float(95.0603725) (Variant type: FLOAT)
[GdPAI | debug]   Snapshotting prop: held_item = Str("") (Variant type: STRING)
[GdPAI | debug]   Snapshotting prop: entity = Nil (Variant type: NIL)
WARNING: [GdPAI] ObjectRef(124621163998): object was freed before callback; returning Nil.
   at: gdplanningai_rust::logger::process_logs (src\logger.rs:66)
   GDScript backtrace (most recent call first):
       [0] _process (res://addons/GdPlanningAI/gdpai_autoload.gd:21)
[GdPAI | debug] ApplyEffect [Before] ID=InstanceId(-9223367400403983057): agent props = {"held_item": "", "entity": null, "hunger": 70.0627442063492}
[GdPAI | debug] ApplyEffect [After] ID=InstanceId(-9223367400403983057): agent props = {"held_item": "", "entity": null, "hunger": 70.0627442063492}
[GdPAI | debug]   Snapshotting prop: held_item = Str("") (Variant type: STRING)
[GdPAI | debug]   Snapshotting prop: entity = Nil (Variant type: NIL)
[GdPAI | debug]   Snapshotting prop: hunger = Float(70.0627442063492) (Variant type: FLOAT)
WARNING: [GdPAI] ObjectRef(1382643928884): object was freed before callback; returning Nil.
   at: gdplanningai_rust::logger::process_logs (src\logger.rs:66)
   GDScript backtrace (most recent call first):
       [0] _process (res://addons/GdPlanningAI/gdpai_autoload.gd:21)
[GdPAI | debug] GetCost: callable returned non-numeric value: null; returning INFINITY
WARNING: [GdPAI] ObjectRef(124621163998): object was freed before callback; returning Nil.
   at: gdplanningai_rust::logger::process_logs (src\logger.rs:66)
   GDScript backtrace (most recent call first):
       [0] _process (res://addons/GdPlanningAI/gdpai_autoload.gd:21)
[GdPAI | debug] GetCost: callable returned non-numeric value: null; returning INFINITY
WARNING: [GdPAI] ObjectRef(1382643928884): object was freed before callback; returning Nil.
   at: gdplanningai_rust::logger::process_logs (src\logger.rs:66)
   GDScript backtrace (most recent call first):
       [0] _process (res://addons/GdPlanningAI/gdpai_autoload.gd:21)
[GdPAI | debug] ApplyEffect [Before] ID=InstanceId(-9223367398592043697): agent props = {"entity": null, "hunger": 95.0603725, "held_item": "wood", "at_target": null}
[GdPAI | debug] ApplyEffect [After] ID=InstanceId(-9223367398592043697): agent props = {"entity": null, "hunger": 95.0603725, "held_item": "wood", "at_target": null}
[GdPAI | debug]   Snapshotting prop: entity = Nil (Variant type: NIL)
[GdPAI | debug]   Snapshotting prop: hunger = Float(95.0603725) (Variant type: FLOAT)
[GdPAI | debug]   Snapshotting prop: held_item = Str("wood") (Variant type: STRING)
[GdPAI | debug]   Snapshotting prop: at_target = Nil (Variant type: NIL)
WARNING: [GdPAI] ObjectRef(124621163998): object was freed before callback; returning Nil.
   at: gdplanningai_rust::logger::process_logs (src\logger.rs:66)
   GDScript backtrace (most recent call first):
       [0] _finish_current_plan (res://test/integration/test_hunger_example_smoke.gd:98)
[GdPAI | debug] ApplyEffect [Before] ID=InstanceId(-9223367397904177859): agent props = {"entity": null, "hunger": 70.0627442063492, "held_item": "wood"}
[GdPAI | debug] ApplyEffect [After] ID=InstanceId(-9223367397904177859): agent props = {"entity": null, "hunger": 70.0627442063492, "held_item": "wood"}
[GdPAI | debug]   Snapshotting prop: entity = Nil (Variant type: NIL)
[GdPAI | debug]   Snapshotting prop: hunger = Float(70.0627442063492) (Variant type: FLOAT)
[GdPAI | debug]   Snapshotting prop: held_item = Str("wood") (Variant type: STRING)
WARNING: [GdPAI] ObjectRef(1382643928884): object was freed before callback; returning Nil.
   at: gdplanningai_rust::logger::process_logs (src\logger.rs:66)
   GDScript backtrace (most recent call first):
       [0] _finish_current_plan (res://test/integration/test_hunger_example_smoke.gd:98)
WARNING: [GdPAI] ObjectRef(1382643928884): object was freed before callback; returning Nil.
   at: gdplanningai_rust::logger::process_logs (src\logger.rs:66)
   GDScript backtrace (most recent call first):
       [0] _finish_current_plan (res://test/integration/test_hunger_example_smoke.gd:98)
[GdPAI | debug] GetCost: callable returned non-numeric value: null; returning INFINITY
WARNING: [GdPAI] ObjectRef(124621163998): object was freed before callback; returning Nil.
   at: gdplanningai_rust::logger::process_logs (src\logger.rs:66)
   GDScript backtrace (most recent call first):
       [0] _process (res://addons/GdPlanningAI/gdpai_autoload.gd:21)
[GdPAI | debug] GetCost: callable returned non-numeric value: null; returning INFINITY
WARNING: [GdPAI] ObjectRef(1382643928884): object was freed before callback; returning Nil.
   at: gdplanningai_rust::logger::process_logs (src\logger.rs:66)
   GDScript backtrace (most recent call first):
       [0] _process (res://addons/GdPlanningAI/gdpai_autoload.gd:21)
WARNING: [GdPAI] ObjectRef(1382643928884): object was freed before callback; returning Nil.
   at: gdplanningai_rust::logger::process_logs (src\logger.rs:66)
   GDScript backtrace (most recent call first):
       [0] _process (res://addons/GdPlanningAI/gdpai_autoload.gd:21)
[GdPAI | debug] ApplyEffect [Before] ID=InstanceId(-9223367396025129623): agent props = {"entity": null, "held_item": "", "hunger": 95.0603725}
[GdPAI | debug] ApplyEffect [After] ID=InstanceId(-9223367396025129623): agent props = {"entity": null, "held_item": "", "hunger": 95.0603725}
[GdPAI | debug]   Snapshotting prop: entity = Nil (Variant type: NIL)
[GdPAI | debug]   Snapshotting prop: held_item = Str("") (Variant type: STRING)
[GdPAI | debug]   Snapshotting prop: hunger = Float(95.0603725) (Variant type: FLOAT)
WARNING: [GdPAI] ObjectRef(124621163998): object was freed before callback; returning Nil.
   at: gdplanningai_rust::logger::process_logs (src\logger.rs:66)
   GDScript backtrace (most recent call first):
       [0] _finish_current_plan (res://test/integration/test_hunger_example_smoke.gd:98)
[GdPAI | debug] ApplyEffect [Before] ID=InstanceId(-9223367395286932125): agent props = {"held_item": "wood", "entity": null, "hunger": 70.0627442063492}
[GdPAI | debug] ApplyEffect [After] ID=InstanceId(-9223367395286932125): agent props = {"held_item": "wood", "entity": null, "hunger": 70.0627442063492}
[GdPAI | debug]   Snapshotting prop: held_item = Str("wood") (Variant type: STRING)
[GdPAI | debug]   Snapshotting prop: entity = Nil (Variant type: NIL)
[GdPAI | debug]   Snapshotting prop: hunger = Float(70.0627442063492) (Variant type: FLOAT)
WARNING: [GdPAI] ObjectRef(1382643928884): object was freed before callback; returning Nil.
   at: gdplanningai_rust::logger::process_logs (src\logger.rs:66)
   GDScript backtrace (most recent call first):
       [0] _finish_current_plan (res://test/integration/test_hunger_example_smoke.gd:98)
[GdPAI | debug] GetCost: callable returned non-numeric value: null; returning INFINITY
WARNING: [GdPAI] ObjectRef(124621163998): object was freed before callback; returning Nil.
   at: gdplanningai_rust::logger::process_logs (src\logger.rs:66)
   GDScript backtrace (most recent call first):
       [0] _process (res://addons/GdPlanningAI/gdpai_autoload.gd:21)
[GdPAI | debug] GetCost: callable returned non-numeric value: null; returning INFINITY
WARNING: [GdPAI] ObjectRef(1382643928884): object was freed before callback; returning Nil.
   at: gdplanningai_rust::logger::process_logs (src\logger.rs:66)
   GDScript backtrace (most recent call first):
       [0] _process (res://addons/GdPlanningAI/gdpai_autoload.gd:21)
[GdPAI | debug] ApplyEffect [Before] ID=InstanceId(-9223367393458215570): agent props = {"held_item": "", "hunger": 95.0603725, "entity": null}
[GdPAI | debug] ApplyEffect [After] ID=InstanceId(-9223367393458215570): agent props = {"held_item": "", "hunger": 95.0603725, "entity": null}
[GdPAI | debug]   Snapshotting prop: held_item = Str("") (Variant type: STRING)
[GdPAI | debug]   Snapshotting prop: hunger = Float(95.0603725) (Variant type: FLOAT)
[GdPAI | debug]   Snapshotting prop: entity = Nil (Variant type: NIL)
WARNING: [GdPAI] ObjectRef(124621163998): object was freed before callback; returning Nil.
   at: gdplanningai_rust::logger::process_logs (src\logger.rs:66)
   GDScript backtrace (most recent call first):
       [0] _finish_current_plan (res://test/integration/test_hunger_example_smoke.gd:98)
[GdPAI | debug] ApplyEffect [Before] ID=InstanceId(-9223367392770349713): agent props = {"hunger": 70.0627442063492, "entity": null, "held_item": "wood"}
[GdPAI | debug] ApplyEffect [After] ID=InstanceId(-9223367392770349713): agent props = {"hunger": 70.0627442063492, "entity": null, "held_item": "wood"}
[GdPAI | debug]   Snapshotting prop: hunger = Float(70.0627442063492) (Variant type: FLOAT)
[GdPAI | debug]   Snapshotting prop: entity = Nil (Variant type: NIL)
[GdPAI | debug]   Snapshotting prop: held_item = Str("wood") (Variant type: STRING)
WARNING: [GdPAI] ObjectRef(1382643928884): object was freed before callback; returning Nil.
   at: gdplanningai_rust::logger::process_logs (src\logger.rs:66)
   GDScript backtrace (most recent call first):
       [0] _finish_current_plan (res://test/integration/test_hunger_example_smoke.gd:98)
[GdPAI | debug] GetCost: callable returned non-numeric value: null; returning INFINITY
WARNING: [GdPAI] ObjectRef(124621163998): object was freed before callback; returning Nil.
   at: gdplanningai_rust::logger::process_logs (src\logger.rs:66)
   GDScript backtrace (most recent call first):
       [0] _process (res://addons/GdPlanningAI/gdpai_autoload.gd:21)
[GdPAI | debug] GetCost: callable returned non-numeric value: null; returning INFINITY
WARNING: [GdPAI] ObjectRef(1382643928884): object was freed before callback; returning Nil.
   at: gdplanningai_rust::logger::process_logs (src\logger.rs:66)
   GDScript backtrace (most recent call first):
       [0] _process (res://addons/GdPlanningAI/gdpai_autoload.gd:21)
[GdPAI | debug] ApplyEffect [Before] ID=InstanceId(-9223367390941633154): agent props = {"held_item": "", "hunger": 95.0603725, "entity": null}
[GdPAI | debug] ApplyEffect [After] ID=InstanceId(-9223367390941633154): agent props = {"held_item": "", "hunger": 95.0603725, "entity": null}
[GdPAI | debug]   Snapshotting prop: held_item = Str("") (Variant type: STRING)
[GdPAI | debug]   Snapshotting prop: hunger = Float(95.0603725) (Variant type: FLOAT)
[GdPAI | debug]   Snapshotting prop: entity = Nil (Variant type: NIL)
WARNING: [GdPAI] ObjectRef(124621163998): object was freed before callback; returning Nil.
   at: gdplanningai_rust::logger::process_logs (src\logger.rs:66)
   GDScript backtrace (most recent call first):
       [0] _finish_current_plan (res://test/integration/test_hunger_example_smoke.gd:98)
[GdPAI | debug] ApplyEffect [Before] ID=InstanceId(-9223367390253767348): agent props = {"held_item": "wood", "entity": null, "hunger": 70.0627442063492}
[GdPAI | debug] ApplyEffect [After] ID=InstanceId(-9223367390253767348): agent props = {"held_item": "wood", "entity": null, "hunger": 70.0627442063492}
[GdPAI | debug]   Snapshotting prop: held_item = Str("wood") (Variant type: STRING)
[GdPAI | debug]   Snapshotting prop: entity = Nil (Variant type: NIL)
[GdPAI | debug]   Snapshotting prop: hunger = Float(70.0627442063492) (Variant type: FLOAT)
WARNING: [GdPAI] ObjectRef(1382643928884): object was freed before callback; returning Nil.
   at: gdplanningai_rust::logger::process_logs (src\logger.rs:66)
   GDScript backtrace (most recent call first):
       [0] _finish_current_plan (res://test/integration/test_hunger_example_smoke.gd:98)
[GdPAI | debug] GetCost: callable returned non-numeric value: null; returning INFINITY
WARNING: [GdPAI] ObjectRef(124621163998): object was freed before callback; returning Nil.
   at: gdplanningai_rust::logger::process_logs (src\logger.rs:66)
   GDScript backtrace (most recent call first):
       [0] _process (res://addons/GdPlanningAI/gdpai_autoload.gd:21)
WARNING: [GdPAI] ObjectRef(124621163998): object was freed before callback; returning Nil.
   at: gdplanningai_rust::logger::process_logs (src\logger.rs:66)
   GDScript backtrace (most recent call first):
       [0] _process (res://addons/GdPlanningAI/gdpai_autoload.gd:21)
[GdPAI | debug] GetCost: callable returned non-numeric value: null; returning INFINITY
WARNING: [GdPAI] ObjectRef(1382643928884): object was freed before callback; returning Nil.
   at: gdplanningai_rust::logger::process_logs (src\logger.rs:66)
   GDScript backtrace (most recent call first):
       [0] _process (res://addons/GdPlanningAI/gdpai_autoload.gd:21)
[GdPAI | debug] ApplyEffect [Before] ID=InstanceId(-9223367388425050798): agent props = {"held_item": "wood", "hunger": 95.0603725, "entity": null}
[GdPAI | debug] ApplyEffect [After] ID=InstanceId(-9223367388425050798): agent props = {"held_item": "wood", "hunger": 95.0603725, "entity": null}
[GdPAI | debug]   Snapshotting prop: held_item = Str("wood") (Variant type: STRING)
[GdPAI | debug]   Snapshotting prop: hunger = Float(95.0603725) (Variant type: FLOAT)
[GdPAI | debug]   Snapshotting prop: entity = Nil (Variant type: NIL)
[GdPAI | debug] Numeric comparison: 95.0603725 GreaterThan 0 -> true
WARNING: [GdPAI] ObjectRef(124621163998): object was freed before callback; returning Nil.
   at: gdplanningai_rust::logger::process_logs (src\logger.rs:66)
   GDScript backtrace (most recent call first):
       [0] _finish_current_plan (res://test/integration/test_hunger_example_smoke.gd:98)
WARNING: [GdPAI] ObjectRef(124621163998): object was freed before callback; returning Nil.
   at: gdplanningai_rust::logger::process_logs (src\logger.rs:66)
   GDScript backtrace (most recent call first):
       [0] _finish_current_plan (res://test/integration/test_hunger_example_smoke.gd:98)
[GdPAI | debug] ApplyEffect [Before] ID=InstanceId(-9223367387686853241): agent props = {"entity": null, "hunger": 70.0627442063492, "held_item": ""}
[GdPAI | debug] ApplyEffect [After] ID=InstanceId(-9223367387686853241): agent props = {"entity": null, "hunger": 70.0627442063492, "held_item": ""}
[GdPAI | debug]   Snapshotting prop: entity = Nil (Variant type: NIL)
[GdPAI | debug]   Snapshotting prop: hunger = Float(70.0627442063492) (Variant type: FLOAT)
[GdPAI | debug]   Snapshotting prop: held_item = Str("") (Variant type: STRING)
WARNING: [GdPAI] ObjectRef(1382643928884): object was freed before callback; returning Nil.
   at: gdplanningai_rust::logger::process_logs (src\logger.rs:66)
   GDScript backtrace (most recent call first):
       [0] _finish_current_plan (res://test/integration/test_hunger_example_smoke.gd:98)
WARNING: [GdPAI] ObjectRef(1382643928884): object was freed before callback; returning Nil.
   at: gdplanningai_rust::logger::process_logs (src\logger.rs:66)
   GDScript backtrace (most recent call first):
       [0] _finish_current_plan (res://test/integration/test_hunger_example_smoke.gd:98)
WARNING: [GdPAI] ObjectRef(1382157389614): object was freed before callback; returning Nil.
   at: gdplanningai_rust::logger::process_logs (src\logger.rs:66)
   GDScript backtrace (most recent call first):
       [0] _finish_current_plan (res://test/integration/test_hunger_example_smoke.gd:98)
WARNING: [GdPAI] ObjectRef(1383348571562): object was freed before callback; returning Nil.
   at: gdplanningai_rust::logger::process_logs (src\logger.rs:66)
   GDScript backtrace (most recent call first):
       [0] _finish_current_plan (res://test/integration/test_hunger_example_smoke.gd:98)
WARNING: [GdPAI] ObjectRef(1382157389614): object was freed before callback; returning Nil.
   at: gdplanningai_rust::logger::process_logs (src\logger.rs:66)
   GDScript backtrace (most recent call first):
       [0] _finish_current_plan (res://test/integration/test_hunger_example_smoke.gd:98)
WARNING: [GdPAI] ObjectRef(1383348571562): object was freed before callback; returning Nil.
   at: gdplanningai_rust::logger::process_logs (src\logger.rs:66)
   GDScript backtrace (most recent call first):
       [0] _finish_current_plan (res://test/integration/test_hunger_example_smoke.gd:98)
[GdPAI | debug] GetCost: callable returned non-numeric value: null; returning INFINITY
WARNING: [GdPAI] ObjectRef(124621163998): object was freed before callback; returning Nil.
   at: gdplanningai_rust::logger::process_logs (src\logger.rs:66)
   GDScript backtrace (most recent call first):
       [0] _process (res://addons/GdPlanningAI/gdpai_autoload.gd:21)
[GdPAI | debug] GetCost: callable returned non-numeric value: null; returning INFINITY
WARNING: [GdPAI] ObjectRef(1382643928884): object was freed before callback; returning Nil.
   at: gdplanningai_rust::logger::process_logs (src\logger.rs:66)
   GDScript backtrace (most recent call first):
       [0] _process (res://addons/GdPlanningAI/gdpai_autoload.gd:21)
WARNING: [GdPAI] ObjectRef(1382643928884): object was freed before callback; returning Nil.
   at: gdplanningai_rust::logger::process_logs (src\logger.rs:66)
   GDScript backtrace (most recent call first):
       [0] _process (res://addons/GdPlanningAI/gdpai_autoload.gd:21)
WARNING: [GdPAI] ObjectRef(1382157389614): object was freed before callback; returning Nil.
   at: gdplanningai_rust::logger::process_logs (src\logger.rs:66)
   GDScript backtrace (most recent call first):
       [0] _process (res://addons/GdPlanningAI/gdpai_autoload.gd:21)
WARNING: [GdPAI] ObjectRef(1383348571562): object was freed before callback; returning Nil.
   at: gdplanningai_rust::logger::process_logs (src\logger.rs:66)
   GDScript backtrace (most recent call first):
       [0] _process (res://addons/GdPlanningAI/gdpai_autoload.gd:21)
WARNING: [GdPAI] ObjectRef(1382157389614): object was freed before callback; returning Nil.
   at: gdplanningai_rust::logger::process_logs (src\logger.rs:66)
   GDScript backtrace (most recent call first):
       [0] _process (res://addons/GdPlanningAI/gdpai_autoload.gd:21)
WARNING: [GdPAI] ObjectRef(1383348571562): object was freed before callback; returning Nil.
   at: gdplanningai_rust::logger::process_logs (src\logger.rs:66)
   GDScript backtrace (most recent call first):
       [0] _process (res://addons/GdPlanningAI/gdpai_autoload.gd:21)
[GdPAI | debug] ApplyEffect [Before] ID=InstanceId(-9223367385556146811): agent props = {"hunger": 95.0603725, "held_item": "", "entity": null, "at_target": null}
[GdPAI | debug] ApplyEffect [After] ID=InstanceId(-9223367385556146811): agent props = {"hunger": 95.0603725, "held_item": "", "entity": null, "at_target": null}
[GdPAI | debug]   Snapshotting prop: hunger = Float(95.0603725) (Variant type: FLOAT)
[GdPAI | debug]   Snapshotting prop: held_item = Str("") (Variant type: STRING)
[GdPAI | debug]   Snapshotting prop: entity = Nil (Variant type: NIL)
[GdPAI | debug]   Snapshotting prop: at_target = Nil (Variant type: NIL)
WARNING: [GdPAI] ObjectRef(124621163998): object was freed before callback; returning Nil.
   at: gdplanningai_rust::logger::process_logs (src\logger.rs:66)
   GDScript backtrace (most recent call first):
       [0] _finish_current_plan (res://test/integration/test_hunger_example_smoke.gd:98)
[GdPAI | debug] ApplyEffect [Before] ID=InstanceId(-9223367384616622726): agent props = {"held_item": "", "hunger": 70.0627442063492, "entity": null}
[GdPAI | debug] ApplyEffect [After] ID=InstanceId(-9223367384616622726): agent props = {"held_item": "", "hunger": 70.0627442063492, "entity": null}
[GdPAI | debug]   Snapshotting prop: held_item = Str("") (Variant type: STRING)
[GdPAI | debug]   Snapshotting prop: hunger = Float(70.0627442063492) (Variant type: FLOAT)
[GdPAI | debug]   Snapshotting prop: entity = Nil (Variant type: NIL)
WARNING: [GdPAI] ObjectRef(1382643928884): object was freed before callback; returning Nil.
   at: gdplanningai_rust::logger::process_logs (src\logger.rs:66)
   GDScript backtrace (most recent call first):
       [0] _finish_current_plan (res://test/integration/test_hunger_example_smoke.gd:98)
WARNING: [GdPAI] ObjectRef(1383348571562): object was freed before callback; returning Nil.
   at: gdplanningai_rust::logger::process_logs (src\logger.rs:66)
   GDScript backtrace (most recent call first):
       [0] _finish_current_plan (res://test/integration/test_hunger_example_smoke.gd:98)
WARNING: [GdPAI] ObjectRef(1383348571562): object was freed before callback; returning Nil.
   at: gdplanningai_rust::logger::process_logs (src\logger.rs:66)
   GDScript backtrace (most recent call first):
       [0] _finish_current_plan (res://test/integration/test_hunger_example_smoke.gd:98)
[GdPAI | debug] GetCost: callable returned non-numeric value: null; returning INFINITY
WARNING: [GdPAI] ObjectRef(124621163998): object was freed before callback; returning Nil.
   at: gdplanningai_rust::logger::process_logs (src\logger.rs:66)
   GDScript backtrace (most recent call first):
       [0] _process (res://addons/GdPlanningAI/gdpai_autoload.gd:21)
[GdPAI | debug] GetCost: callable returned non-numeric value: null; returning INFINITY
WARNING: [GdPAI] ObjectRef(1382643928884): object was freed before callback; returning Nil.
   at: gdplanningai_rust::logger::process_logs (src\logger.rs:66)
   GDScript backtrace (most recent call first):
       [0] _process (res://addons/GdPlanningAI/gdpai_autoload.gd:21)
WARNING: [GdPAI] ObjectRef(1383348571562): object was freed before callback; returning Nil.
   at: gdplanningai_rust::logger::process_logs (src\logger.rs:66)
   GDScript backtrace (most recent call first):
       [0] _process (res://addons/GdPlanningAI/gdpai_autoload.gd:21)
WARNING: [GdPAI] ObjectRef(1383348571562): object was freed before callback; returning Nil.
   at: gdplanningai_rust::logger::process_logs (src\logger.rs:66)
   GDScript backtrace (most recent call first):
       [0] _process (res://addons/GdPlanningAI/gdpai_autoload.gd:21)
[GdPAI | debug] ApplyEffect [Before] ID=InstanceId(-9223367382687242832): agent props = {"hunger": 95.0603725, "entity": null, "held_item": "", "at_target": null}
[GdPAI | debug] ApplyEffect [After] ID=InstanceId(-9223367382687242832): agent props = {"hunger": 95.0603725, "entity": null, "held_item": "", "at_target": null}
[GdPAI | debug]   Snapshotting prop: hunger = Float(95.0603725) (Variant type: FLOAT)
[GdPAI | debug]   Snapshotting prop: entity = Nil (Variant type: NIL)
[GdPAI | debug]   Snapshotting prop: held_item = Str("") (Variant type: STRING)
[GdPAI | debug]   Snapshotting prop: at_target = Nil (Variant type: NIL)
WARNING: [GdPAI] ObjectRef(124621163998): object was freed before callback; returning Nil.
   at: gdplanningai_rust::logger::process_logs (src\logger.rs:66)
   GDScript backtrace (most recent call first):
       [0] _finish_current_plan (res://test/integration/test_hunger_example_smoke.gd:98)
[GdPAI | debug] ApplyEffect [Before] ID=InstanceId(-9223367381898713654): agent props = {"entity": null, "hunger": 70.0627442063492, "held_item": "wood"}
[GdPAI | debug] ApplyEffect [After] ID=InstanceId(-9223367381898713654): agent props = {"entity": null, "hunger": 70.0627442063492, "held_item": "wood"}
[GdPAI | debug]   Snapshotting prop: entity = Nil (Variant type: NIL)
[GdPAI | debug]   Snapshotting prop: hunger = Float(70.0627442063492) (Variant type: FLOAT)
[GdPAI | debug]   Snapshotting prop: held_item = Str("wood") (Variant type: STRING)
WARNING: [GdPAI] ObjectRef(1382643928884): object was freed before callback; returning Nil.
   at: gdplanningai_rust::logger::process_logs (src\logger.rs:66)
   GDScript backtrace (most recent call first):
       [0] _finish_current_plan (res://test/integration/test_hunger_example_smoke.gd:98)
WARNING: [GdPAI] ObjectRef(1382157389614): object was freed before callback; returning Nil.
   at: gdplanningai_rust::logger::process_logs (src\logger.rs:66)
   GDScript backtrace (most recent call first):
       [0] _finish_current_plan (res://test/integration/test_hunger_example_smoke.gd:98)
WARNING: [GdPAI] ObjectRef(1382157389614): object was freed before callback; returning Nil.
   at: gdplanningai_rust::logger::process_logs (src\logger.rs:66)
   GDScript backtrace (most recent call first):
       [0] _finish_current_plan (res://test/integration/test_hunger_example_smoke.gd:98)
[GdPAI | debug] GetCost: callable returned non-numeric value: null; returning INFINITY
WARNING: [GdPAI] ObjectRef(124621163998): object was freed before callback; returning Nil.
   at: gdplanningai_rust::logger::process_logs (src\logger.rs:66)
   GDScript backtrace (most recent call first):
       [0] _process (res://addons/GdPlanningAI/gdpai_autoload.gd:21)
[GdPAI | debug] GetCost: callable returned non-numeric value: null; returning INFINITY
WARNING: [GdPAI] ObjectRef(1382643928884): object was freed before callback; returning Nil.
   at: gdplanningai_rust::logger::process_logs (src\logger.rs:66)
   GDScript backtrace (most recent call first):
       [0] _process (res://addons/GdPlanningAI/gdpai_autoload.gd:21)
WARNING: [GdPAI] ObjectRef(1382157389614): object was freed before callback; returning Nil.
   at: gdplanningai_rust::logger::process_logs (src\logger.rs:66)
   GDScript backtrace (most recent call first):
       [0] _process (res://addons/GdPlanningAI/gdpai_autoload.gd:21)
WARNING: [GdPAI] ObjectRef(1382157389614): object was freed before callback; returning Nil.
   at: gdplanningai_rust::logger::process_logs (src\logger.rs:66)
   GDScript backtrace (most recent call first):
       [0] _process (res://addons/GdPlanningAI/gdpai_autoload.gd:21)
[GdPAI | debug] ApplyEffect [Before] ID=InstanceId(-9223367379969333818): agent props = {"hunger": 95.0603725, "entity": null, "at_target": null, "held_item": ""}
[GdPAI | debug] ApplyEffect [After] ID=InstanceId(-9223367379969333818): agent props = {"hunger": 95.0603725, "entity": null, "at_target": null, "held_item": ""}
[GdPAI | debug]   Snapshotting prop: hunger = Float(95.0603725) (Variant type: FLOAT)
[GdPAI | debug]   Snapshotting prop: entity = Nil (Variant type: NIL)
[GdPAI | debug]   Snapshotting prop: at_target = Nil (Variant type: NIL)
[GdPAI | debug]   Snapshotting prop: held_item = Str("") (Variant type: STRING)
WARNING: [GdPAI] ObjectRef(124621163998): object was freed before callback; returning Nil.
   at: gdplanningai_rust::logger::process_logs (src\logger.rs:66)
   GDScript backtrace (most recent call first):
       [0] _finish_current_plan (res://test/integration/test_hunger_example_smoke.gd:98)
[GdPAI | debug] ApplyEffect [Before] ID=InstanceId(-9223367379180804646): agent props = {"held_item": "wood", "hunger": 70.0627442063492, "entity": null}
[GdPAI | debug] ApplyEffect [After] ID=InstanceId(-9223367379180804646): agent props = {"held_item": "wood", "hunger": 70.0627442063492, "entity": null}
[GdPAI | debug]   Snapshotting prop: held_item = Str("wood") (Variant type: STRING)
[GdPAI | debug]   Snapshotting prop: hunger = Float(70.0627442063492) (Variant type: FLOAT)
[GdPAI | debug]   Snapshotting prop: entity = Nil (Variant type: NIL)
WARNING: [GdPAI] ObjectRef(1382643928884): object was freed before callback; returning Nil.
   at: gdplanningai_rust::logger::process_logs (src\logger.rs:66)
   GDScript backtrace (most recent call first):
       [0] _finish_current_plan (res://test/integration/test_hunger_example_smoke.gd:98)
[GdPAI | debug] GetCost: callable returned non-numeric value: null; returning INFINITY
WARNING: [GdPAI] ObjectRef(124621163998): object was freed before callback; returning Nil.
   at: gdplanningai_rust::logger::process_logs (src\logger.rs:66)
   GDScript backtrace (most recent call first):
       [0] _process (res://addons/GdPlanningAI/gdpai_autoload.gd:21)
[GdPAI | debug] GetCost: callable returned non-numeric value: null; returning INFINITY
WARNING: [GdPAI] ObjectRef(1382643928884): object was freed before callback; returning Nil.
   at: gdplanningai_rust::logger::process_logs (src\logger.rs:66)
   GDScript backtrace (most recent call first):
       [0] _process (res://addons/GdPlanningAI/gdpai_autoload.gd:21)
[GdPAI | debug] ApplyEffect [Before] ID=InstanceId(-9223367377352088074): agent props = {"held_item": "wood", "hunger": 95.0603725, "at_target": null, "entity": null}
[GdPAI | debug] ApplyEffect [After] ID=InstanceId(-9223367377352088074): agent props = {"held_item": "wood", "hunger": 95.0603725, "at_target": null, "entity": null}
[GdPAI | debug]   Snapshotting prop: held_item = Str("wood") (Variant type: STRING)
[GdPAI | debug]   Snapshotting prop: hunger = Float(95.0603725) (Variant type: FLOAT)
[GdPAI | debug]   Snapshotting prop: at_target = Nil (Variant type: NIL)
[GdPAI | debug]   Snapshotting prop: entity = Nil (Variant type: NIL)
WARNING: [GdPAI] ObjectRef(124621163998): object was freed before callback; returning Nil.
   at: gdplanningai_rust::logger::process_logs (src\logger.rs:66)
   GDScript backtrace (most recent call first):
       [0] _finish_current_plan (res://test/integration/test_hunger_example_smoke.gd:98)
[GdPAI | debug] ApplyEffect [Before] ID=InstanceId(-9223367376664222261): agent props = {"entity": null, "held_item": "wood", "hunger": 70.0627442063492}
[GdPAI | debug] ApplyEffect [After] ID=InstanceId(-9223367376664222261): agent props = {"entity": null, "held_item": "wood", "hunger": 70.0627442063492}
[GdPAI | debug]   Snapshotting prop: entity = Nil (Variant type: NIL)
[GdPAI | debug]   Snapshotting prop: held_item = Str("wood") (Variant type: STRING)
[GdPAI | debug]   Snapshotting prop: hunger = Float(70.0627442063492) (Variant type: FLOAT)
WARNING: [GdPAI] ObjectRef(1382643928884): object was freed before callback; returning Nil.
   at: gdplanningai_rust::logger::process_logs (src\logger.rs:66)
   GDScript backtrace (most recent call first):
       [0] _finish_current_plan (res://test/integration/test_hunger_example_smoke.gd:98)
WARNING: [GdPAI] ObjectRef(1382643928884): object was freed before callback; returning Nil.
   at: gdplanningai_rust::logger::process_logs (src\logger.rs:66)
   GDScript backtrace (most recent call first):
       [0] _finish_current_plan (res://test/integration/test_hunger_example_smoke.gd:98)
[GdPAI | debug] GetCost: callable returned non-numeric value: null; returning INFINITY
WARNING: [GdPAI] ObjectRef(124621163998): object was freed before callback; returning Nil.
   at: gdplanningai_rust::logger::process_logs (src\logger.rs:66)
   GDScript backtrace (most recent call first):
       [0] _process (res://addons/GdPlanningAI/gdpai_autoload.gd:21)
[GdPAI | debug] GetCost: callable returned non-numeric value: null; returning INFINITY
WARNING: [GdPAI] ObjectRef(1382643928884): object was freed before callback; returning Nil.
   at: gdplanningai_rust::logger::process_logs (src\logger.rs:66)
   GDScript backtrace (most recent call first):
       [0] _process (res://addons/GdPlanningAI/gdpai_autoload.gd:21)
WARNING: [GdPAI] ObjectRef(1382643928884): object was freed before callback; returning Nil.
   at: gdplanningai_rust::logger::process_logs (src\logger.rs:66)
   GDScript backtrace (most recent call first):
       [0] _process (res://addons/GdPlanningAI/gdpai_autoload.gd:21)
[GdPAI | debug] ApplyEffect [Before] ID=InstanceId(-9223367374785174012): agent props = {"held_item": "", "hunger": 95.0603725, "entity": null}
[GdPAI | debug] ApplyEffect [After] ID=InstanceId(-9223367374785174012): agent props = {"held_item": "", "hunger": 95.0603725, "entity": null}
[GdPAI | debug]   Snapshotting prop: held_item = Str("") (Variant type: STRING)
[GdPAI | debug]   Snapshotting prop: hunger = Float(95.0603725) (Variant type: FLOAT)
[GdPAI | debug]   Snapshotting prop: entity = Nil (Variant type: NIL)
WARNING: [GdPAI] ObjectRef(124621163998): object was freed before callback; returning Nil.
   at: gdplanningai_rust::logger::process_logs (src\logger.rs:66)
   GDScript backtrace (most recent call first):
       [0] _finish_current_plan (res://test/integration/test_hunger_example_smoke.gd:98)
[GdPAI | debug] ApplyEffect [Before] ID=InstanceId(-9223367374046976513): agent props = {"held_item": "wood", "hunger": 70.0627442063492, "entity": null}
[GdPAI | debug] ApplyEffect [After] ID=InstanceId(-9223367374046976513): agent props = {"held_item": "wood", "hunger": 70.0627442063492, "entity": null}
[GdPAI | debug]   Snapshotting prop: held_item = Str("wood") (Variant type: STRING)
[GdPAI | debug]   Snapshotting prop: hunger = Float(70.0627442063492) (Variant type: FLOAT)
[GdPAI | debug]   Snapshotting prop: entity = Nil (Variant type: NIL)
WARNING: [GdPAI] ObjectRef(1382643928884): object was freed before callback; returning Nil.
   at: gdplanningai_rust::logger::process_logs (src\logger.rs:66)
   GDScript backtrace (most recent call first):
       [0] _finish_current_plan (res://test/integration/test_hunger_example_smoke.gd:98)
[GdPAI | debug] GetCost: callable returned non-numeric value: null; returning INFINITY
[GdPAI] A* Iteration: pop node with chain length 5
[GdPAI | debug] find_candidates: Checking 15 actions against 1 preconds and 4 requirements
WARNING: [GdPAI] ObjectRef(124621163998): object was freed before callback; returning Nil.
   at: gdplanningai_rust::logger::process_logs (src\logger.rs:66)
   GDScript backtrace (most recent call first):
       [0] _process (res://addons/GdPlanningAI/gdpai_autoload.gd:21)
WARNING: [GdPAI] ObjectRef(124621163998): object was freed before callback; returning Nil.
   at: gdplanningai_rust::logger::process_logs (src\logger.rs:66)
   GDScript backtrace (most recent call first):
       [0] _process (res://addons/GdPlanningAI/gdpai_autoload.gd:21)
[GdPAI | debug] Discovery: Starting simulation for action Go To
WARNING: [GdPAI] ObjectRef(1382643928884): object was freed before callback; returning Nil.
   at: gdplanningai_rust::logger::process_logs (src\logger.rs:66)
   GDScript backtrace (most recent call first):
       [0] _process (res://addons/GdPlanningAI/gdpai_autoload.gd:21)
[GdPAI | debug] ApplyEffect [Before] ID=InstanceId(-9223367372218259994): agent props = {"entity": null, "held_item": "", "hunger": 95.0603725}
[GdPAI | debug] ApplyEffect [After] ID=InstanceId(-9223367372218259994): agent props = {"entity": null, "held_item": "", "hunger": 95.0603725}
[GdPAI | debug]   Snapshotting prop: entity = Nil (Variant type: NIL)
[GdPAI | debug]   Snapshotting prop: held_item = Str("") (Variant type: STRING)
[GdPAI | debug]   Snapshotting prop: hunger = Float(95.0603725) (Variant type: FLOAT)
WARNING: [GdPAI] ObjectRef(124621163998): object was freed before callback; returning Nil.
   at: gdplanningai_rust::logger::process_logs (src\logger.rs:66)
   GDScript backtrace (most recent call first):
       [0] _finish_current_plan (res://test/integration/test_hunger_example_smoke.gd:98)
WARNING: [GdPAI] ObjectRef(124621163998): object was freed before callback; returning Nil.
   at: gdplanningai_rust::logger::process_logs (src\logger.rs:66)
   GDScript backtrace (most recent call first):
       [0] _finish_current_plan (res://test/integration/test_hunger_example_smoke.gd:98)
[GdPAI | debug] GetCost: callable returned non-numeric value: null; returning INFINITY
WARNING: [GdPAI] ObjectRef(1382643928884): object was freed before callback; returning Nil.
   at: gdplanningai_rust::logger::process_logs (src\logger.rs:66)
   GDScript backtrace (most recent call first):
       [0] _finish_current_plan (res://test/integration/test_hunger_example_smoke.gd:98)
[GdPAI | debug] GetCost: callable returned non-numeric value: null; returning INFINITY
WARNING: [GdPAI] ObjectRef(124621163998): object was freed before callback; returning Nil.
   at: gdplanningai_rust::logger::process_logs (src\logger.rs:66)
   GDScript backtrace (most recent call first):
       [0] _process (res://addons/GdPlanningAI/gdpai_autoload.gd:21)
WARNING: [GdPAI] ObjectRef(124621163998): object was freed before callback; returning Nil.
   at: gdplanningai_rust::logger::process_logs (src\logger.rs:66)
   GDScript backtrace (most recent call first):
       [0] _process (res://addons/GdPlanningAI/gdpai_autoload.gd:21)
[GdPAI | debug] ApplyEffect [Before] ID=InstanceId(-9223367370171439610): agent props = {"entity": null, "held_item": "", "hunger": 70.0627442063492}
[GdPAI | debug] ApplyEffect [After] ID=InstanceId(-9223367370171439610): agent props = {"entity": null, "held_item": "", "hunger": 70.0627442063492}
[GdPAI | debug]   Snapshotting prop: entity = Nil (Variant type: NIL)
[GdPAI | debug]   Snapshotting prop: held_item = Str("") (Variant type: STRING)
[GdPAI | debug]   Snapshotting prop: hunger = Float(70.0627442063492) (Variant type: FLOAT)
[GdPAI | debug] Discovery: Simulation success for Go To. Agent props: {"entity": Nil, "held_item": Str(""), "hunger": Float(70.0627442063492)}
[GdPAI | debug] Discovery: Action Go To satisfied precond Builtin { target: Agent, operation: Equal, property_name: "held_item", value: Some(Str("")) }
[GdPAI | debug] Found candidate: Go To (satisfied preconds: [0], requirements: [0, 1, 3])
WARNING: [GdPAI] ObjectRef(1382643928884): object was freed before callback; returning Nil.
   at: gdplanningai_rust::logger::process_logs (src\logger.rs:66)
   GDScript backtrace (most recent call first):
       [0] _process (res://addons/GdPlanningAI/gdpai_autoload.gd:21)
[GdPAI | debug] ApplyEffect [Before] ID=InstanceId(-9223367369601014266): agent props = {"entity": null, "held_item": "", "hunger": 95.0603725}
[GdPAI | debug] ApplyEffect [After] ID=InstanceId(-9223367369601014266): agent props = {"entity": null, "held_item": "", "hunger": 95.0603725}
[GdPAI | debug]   Snapshotting prop: entity = Nil (Variant type: NIL)
[GdPAI | debug]   Snapshotting prop: held_item = Str("") (Variant type: STRING)
[GdPAI | debug]   Snapshotting prop: hunger = Float(95.0603725) (Variant type: FLOAT)
[GdPAI | debug] Discovery: Starting simulation for action Eat Held Food
WARNING: [GdPAI] ObjectRef(124621163998): object was freed before callback; returning Nil.
   at: gdplanningai_rust::logger::process_logs (src\logger.rs:66)
   GDScript backtrace (most recent call first):
       [0] _finish_current_plan (res://test/integration/test_hunger_example_smoke.gd:98)
WARNING: [GdPAI] ObjectRef(124621163998): object was freed before callback; returning Nil.
   at: gdplanningai_rust::logger::process_logs (src\logger.rs:66)
   GDScript backtrace (most recent call first):
       [0] _finish_current_plan (res://test/integration/test_hunger_example_smoke.gd:98)
[GdPAI | debug] GetCost: callable returned non-numeric value: null; returning INFINITY
WARNING: [GdPAI] ObjectRef(1382643928884): object was freed before callback; returning Nil.
   at: gdplanningai_rust::logger::process_logs (src\logger.rs:66)
   GDScript backtrace (most recent call first):
       [0] _finish_current_plan (res://test/integration/test_hunger_example_smoke.gd:98)
[GdPAI | debug] GetCost: callable returned non-numeric value: null; returning INFINITY
WARNING: [GdPAI] ObjectRef(124621163998): object was freed before callback; returning Nil.
   at: gdplanningai_rust::logger::process_logs (src\logger.rs:66)
   GDScript backtrace (most recent call first):
       [0] _process (res://addons/GdPlanningAI/gdpai_autoload.gd:21)
WARNING: [GdPAI] ObjectRef(124621163998): object was freed before callback; returning Nil.
   at: gdplanningai_rust::logger::process_logs (src\logger.rs:66)
   GDScript backtrace (most recent call first):
       [0] _process (res://addons/GdPlanningAI/gdpai_autoload.gd:21)
[GdPAI | debug] ApplyEffect [Before] ID=InstanceId(-9223367367554193896): agent props = {"held_item": "", "entity": null, "hunger": 70.0627442063492}
[GdPAI | debug] ApplyEffect [After] ID=InstanceId(-9223367367554193896): agent props = {"held_item": "", "entity": null, "hunger": 70.0627442063492}
[GdPAI | debug]   Snapshotting prop: held_item = Str("") (Variant type: STRING)
[GdPAI | debug]   Snapshotting prop: entity = Nil (Variant type: NIL)
[GdPAI | debug]   Snapshotting prop: hunger = Float(70.0627442063492) (Variant type: FLOAT)
[GdPAI | debug] Discovery: Simulation success for Eat Held Food. Agent props: {"entity": Nil, "hunger": Float(70.0627442063492), "held_item": Str("")}
[GdPAI | debug] Discovery: Action Eat Held Food satisfied precond Builtin { target: Agent, operation: Equal, property_name: "held_item", value: Some(Str("")) }
[GdPAI | debug] Found candidate: Eat Held Food (satisfied preconds: [0], requirements: [])
WARNING: [GdPAI] ObjectRef(1382643928884): object was freed before callback; returning Nil.
   at: gdplanningai_rust::logger::process_logs (src\logger.rs:66)
   GDScript backtrace (most recent call first):
       [0] _process (res://addons/GdPlanningAI/gdpai_autoload.gd:21)
[GdPAI | debug] ApplyEffect [Before] ID=InstanceId(-9223367366983768552): agent props = {"held_item": "wood", "hunger": 95.0603725, "entity": null}
[GdPAI | debug] ApplyEffect [After] ID=InstanceId(-9223367366983768552): agent props = {"held_item": "wood", "hunger": 95.0603725, "entity": null}
[GdPAI | debug]   Snapshotting prop: held_item = Str("wood") (Variant type: STRING)
[GdPAI | debug]   Snapshotting prop: hunger = Float(95.0603725) (Variant type: FLOAT)
[GdPAI | debug]   Snapshotting prop: entity = Nil (Variant type: NIL)
WARNING: [GdPAI] ObjectRef(124621163998): object was freed before callback; returning Nil.
   at: gdplanningai_rust::logger::process_logs (src\logger.rs:66)
   GDScript backtrace (most recent call first):
       [0] _finish_current_plan (res://test/integration/test_hunger_example_smoke.gd:98)
WARNING: [GdPAI] ObjectRef(124621163998): object was freed before callback; returning Nil.
   at: gdplanningai_rust::logger::process_logs (src\logger.rs:66)
   GDScript backtrace (most recent call first):
       [0] _finish_current_plan (res://test/integration/test_hunger_example_smoke.gd:98)
WARNING: [GdPAI] ObjectRef(1382643928884): object was freed before callback; returning Nil.
   at: gdplanningai_rust::logger::process_logs (src\logger.rs:66)
   GDScript backtrace (most recent call first):
       [0] _finish_current_plan (res://test/integration/test_hunger_example_smoke.gd:98)
[GdPAI | debug] Discovery: Starting simulation for action Go To
WARNING: [GdPAI] ObjectRef(1382643928884): object was freed before callback; returning Nil.
   at: gdplanningai_rust::logger::process_logs (src\logger.rs:66)
   GDScript backtrace (most recent call first):
       [0] _finish_current_plan (res://test/integration/test_hunger_example_smoke.gd:98)
[GdPAI | debug] GetCost: callable returned non-numeric value: null; returning INFINITY
WARNING: [GdPAI] ObjectRef(124621163998): object was freed before callback; returning Nil.
   at: gdplanningai_rust::logger::process_logs (src\logger.rs:66)
   GDScript backtrace (most recent call first):
       [0] _process (res://addons/GdPlanningAI/gdpai_autoload.gd:21)
WARNING: [GdPAI] ObjectRef(124621163998): object was freed before callback; returning Nil.
   at: gdplanningai_rust::logger::process_logs (src\logger.rs:66)
   GDScript backtrace (most recent call first):
       [0] _process (res://addons/GdPlanningAI/gdpai_autoload.gd:21)
[GdPAI | debug] GetCost: callable returned non-numeric value: null; returning INFINITY
WARNING: [GdPAI] ObjectRef(1382643928884): object was freed before callback; returning Nil.
   at: gdplanningai_rust::logger::process_logs (src\logger.rs:66)
   GDScript backtrace (most recent call first):
       [0] _process (res://addons/GdPlanningAI/gdpai_autoload.gd:21)
WARNING: [GdPAI] ObjectRef(1382643928884): object was freed before callback; returning Nil.
   at: gdplanningai_rust::logger::process_logs (src\logger.rs:66)
   GDScript backtrace (most recent call first):
       [0] _process (res://addons/GdPlanningAI/gdpai_autoload.gd:21)
[GdPAI | debug] ApplyEffect [Before] ID=InstanceId(-9223367364316191153): agent props = {"held_item": "", "entity": null, "hunger": 95.0603725}
[GdPAI | debug] ApplyEffect [After] ID=InstanceId(-9223367364316191153): agent props = {"held_item": "", "entity": null, "hunger": 95.0603725}
[GdPAI | debug]   Snapshotting prop: held_item = Str("") (Variant type: STRING)
[GdPAI | debug]   Snapshotting prop: entity = Nil (Variant type: NIL)
[GdPAI | debug]   Snapshotting prop: hunger = Float(95.0603725) (Variant type: FLOAT)
WARNING: [GdPAI] ObjectRef(124621163998): object was freed before callback; returning Nil.
   at: gdplanningai_rust::logger::process_logs (src\logger.rs:66)
   GDScript backtrace (most recent call first):
       [0] _finish_current_plan (res://test/integration/test_hunger_example_smoke.gd:98)
WARNING: [GdPAI] ObjectRef(124621163998): object was freed before callback; returning Nil.
   at: gdplanningai_rust::logger::process_logs (src\logger.rs:66)
   GDScript backtrace (most recent call first):
       [0] _finish_current_plan (res://test/integration/test_hunger_example_smoke.gd:98)
[GdPAI | debug] ApplyEffect [Before] ID=InstanceId(-9223367363527662018): agent props = {"entity": null, "hunger": 70.0627442063492, "held_item": ""}
[GdPAI | debug] ApplyEffect [After] ID=InstanceId(-9223367363527662018): agent props = {"entity": null, "hunger": 70.0627442063492, "held_item": ""}
[GdPAI | debug]   Snapshotting prop: entity = Nil (Variant type: NIL)
[GdPAI | debug]   Snapshotting prop: hunger = Float(70.0627442063492) (Variant type: FLOAT)
[GdPAI | debug]   Snapshotting prop: held_item = Str("") (Variant type: STRING)
[GdPAI | debug] Discovery: Simulation success for Go To. Agent props: {"held_item": Str(""), "hunger": Float(70.0627442063492), "entity": Nil}
[GdPAI | debug] Discovery: Action Go To satisfied precond Builtin { target: Agent, operation: Equal, property_name: "held_item", value: Some(Str("")) }
[GdPAI | debug] Found candidate: Go To (satisfied preconds: [0], requirements: [0, 1, 3])
WARNING: [GdPAI] ObjectRef(1382643928884): object was freed before callback; returning Nil.
   at: gdplanningai_rust::logger::process_logs (src\logger.rs:66)
   GDScript backtrace (most recent call first):
       [0] _finish_current_plan (res://test/integration/test_hunger_example_smoke.gd:98)
[GdPAI | debug] GetCost: callable returned non-numeric value: null; returning INFINITY
[GdPAI | debug] Discovery: Starting simulation for action Drop Item
WARNING: [GdPAI] ObjectRef(124621163998): object was freed before callback; returning Nil.
   at: gdplanningai_rust::logger::process_logs (src\logger.rs:66)
   GDScript backtrace (most recent call first):
       [0] _process (res://addons/GdPlanningAI/gdpai_autoload.gd:21)
WARNING: [GdPAI] ObjectRef(124621163998): object was freed before callback; returning Nil.
   at: gdplanningai_rust::logger::process_logs (src\logger.rs:66)
   GDScript backtrace (most recent call first):
       [0] _process (res://addons/GdPlanningAI/gdpai_autoload.gd:21)
[GdPAI | debug] GetCost: callable returned non-numeric value: null; returning INFINITY
WARNING: [GdPAI] ObjectRef(1382643928884): object was freed before callback; returning Nil.
   at: gdplanningai_rust::logger::process_logs (src\logger.rs:66)
   GDScript backtrace (most recent call first):
       [0] _process (res://addons/GdPlanningAI/gdpai_autoload.gd:21)
[GdPAI | debug] ApplyEffect [Before] ID=InstanceId(-9223367361648613795): agent props = {"hunger": 95.0603725, "entity": null, "held_item": ""}
[GdPAI | debug] ApplyEffect [After] ID=InstanceId(-9223367361648613795): agent props = {"hunger": 95.0603725, "entity": null, "held_item": ""}
[GdPAI | debug]   Snapshotting prop: hunger = Float(95.0603725) (Variant type: FLOAT)
[GdPAI | debug]   Snapshotting prop: entity = Nil (Variant type: NIL)
[GdPAI | debug]   Snapshotting prop: held_item = Str("") (Variant type: STRING)
WARNING: [GdPAI] ObjectRef(124621163998): object was freed before callback; returning Nil.
   at: gdplanningai_rust::logger::process_logs (src\logger.rs:66)
   GDScript backtrace (most recent call first):
       [0] _finish_current_plan (res://test/integration/test_hunger_example_smoke.gd:98)
WARNING: [GdPAI] ObjectRef(124621163998): object was freed before callback; returning Nil.
   at: gdplanningai_rust::logger::process_logs (src\logger.rs:66)
   GDScript backtrace (most recent call first):
       [0] _finish_current_plan (res://test/integration/test_hunger_example_smoke.gd:98)
[GdPAI | debug] ApplyEffect [Before] ID=InstanceId(-9223367360910416284): agent props = {"hunger": 70.0627442063492, "held_item": "", "entity": null}
[GdPAI | debug] ApplyEffect [After] ID=InstanceId(-9223367360910416284): agent props = {"hunger": 70.0627442063492, "held_item": "", "entity": null}
[GdPAI | debug]   Snapshotting prop: hunger = Float(70.0627442063492) (Variant type: FLOAT)
[GdPAI | debug]   Snapshotting prop: held_item = Str("") (Variant type: STRING)
[GdPAI | debug]   Snapshotting prop: entity = Nil (Variant type: NIL)
[GdPAI | debug] Discovery: Simulation success for Drop Item. Agent props: {"entity": Nil, "hunger": Float(70.0627442063492), "held_item": Str("")}
[GdPAI | debug] Discovery: Action Drop Item satisfied precond Builtin { target: Agent, operation: Equal, property_name: "held_item", value: Some(Str("")) }
[GdPAI | debug] Found candidate: Drop Item (satisfied preconds: [0], requirements: [])
WARNING: [GdPAI] ObjectRef(1382643928884): object was freed before callback; returning Nil.
   at: gdplanningai_rust::logger::process_logs (src\logger.rs:66)
   GDScript backtrace (most recent call first):
       [0] _finish_current_plan (res://test/integration/test_hunger_example_smoke.gd:98)
[GdPAI | debug] Discovery: Starting simulation for action Add Fuel
[GdPAI | debug] GetCost: callable returned non-numeric value: null; returning INFINITY
WARNING: [GdPAI] ObjectRef(124621163998): object was freed before callback; returning Nil.
   at: gdplanningai_rust::logger::process_logs (src\logger.rs:66)
   GDScript backtrace (most recent call first):
       [0] _process (res://addons/GdPlanningAI/gdpai_autoload.gd:21)
WARNING: [GdPAI] ObjectRef(124621163998): object was freed before callback; returning Nil.
   at: gdplanningai_rust::logger::process_logs (src\logger.rs:66)
   GDScript backtrace (most recent call first):
       [0] _process (res://addons/GdPlanningAI/gdpai_autoload.gd:21)
[GdPAI | debug] GetCost: callable returned non-numeric value: null; returning INFINITY
WARNING: [GdPAI] ObjectRef(1382643928884): object was freed before callback; returning Nil.
   at: gdplanningai_rust::logger::process_logs (src\logger.rs:66)
   GDScript backtrace (most recent call first):
       [0] _process (res://addons/GdPlanningAI/gdpai_autoload.gd:21)
[GdPAI | debug] ApplyEffect [Before] ID=InstanceId(-9223367359031368086): agent props = {"hunger": 95.0603725, "held_item": "", "entity": null}
[GdPAI | debug] ApplyEffect [After] ID=InstanceId(-9223367359031368086): agent props = {"hunger": 95.0603725, "held_item": "", "entity": null}
[GdPAI | debug]   Snapshotting prop: hunger = Float(95.0603725) (Variant type: FLOAT)
[GdPAI | debug]   Snapshotting prop: held_item = Str("") (Variant type: STRING)
[GdPAI | debug]   Snapshotting prop: entity = Nil (Variant type: NIL)
WARNING: [GdPAI] ObjectRef(124621163998): object was freed before callback; returning Nil.
   at: gdplanningai_rust::logger::process_logs (src\logger.rs:66)
   GDScript backtrace (most recent call first):
       [0] _finish_current_plan (res://test/integration/test_hunger_example_smoke.gd:98)
WARNING: [GdPAI] ObjectRef(124621163998): object was freed before callback; returning Nil.
   at: gdplanningai_rust::logger::process_logs (src\logger.rs:66)
   GDScript backtrace (most recent call first):
       [0] _finish_current_plan (res://test/integration/test_hunger_example_smoke.gd:98)
[GdPAI | debug] ApplyEffect [Before] ID=InstanceId(-9223367358293170560): agent props = {"held_item": "wood", "hunger": 70.0627442063492, "entity": null}
[GdPAI | debug] ApplyEffect [After] ID=InstanceId(-9223367358293170560): agent props = {"held_item": "wood", "hunger": 70.0627442063492, "entity": null}
[GdPAI | debug]   Snapshotting prop: held_item = Str("wood") (Variant type: STRING)
[GdPAI | debug]   Snapshotting prop: hunger = Float(70.0627442063492) (Variant type: FLOAT)
[GdPAI | debug]   Snapshotting prop: entity = Nil (Variant type: NIL)
[GdPAI | debug] Discovery: Simulation success for Add Fuel. Agent props: {"entity": Nil, "hunger": Float(70.0627442063492), "held_item": Str("wood")}
[GdPAI | debug] Discovery: Action Add Fuel did NOT satisfy precond Builtin { target: Agent, operation: Equal, property_name: "held_item", value: Some(Str("")) }
WARNING: [GdPAI] ObjectRef(1382643928884): object was freed before callback; returning Nil.
   at: gdplanningai_rust::logger::process_logs (src\logger.rs:66)
   GDScript backtrace (most recent call first):
       [0] _finish_current_plan (res://test/integration/test_hunger_example_smoke.gd:98)
[GdPAI | debug] GetCost: callable returned non-numeric value: null; returning INFINITY
WARNING: [GdPAI] ObjectRef(124621163998): object was freed before callback; returning Nil.
   at: gdplanningai_rust::logger::process_logs (src\logger.rs:66)
   GDScript backtrace (most recent call first):
       [0] _process (res://addons/GdPlanningAI/gdpai_autoload.gd:21)
WARNING: [GdPAI] ObjectRef(124621163998): object was freed before callback; returning Nil.
   at: gdplanningai_rust::logger::process_logs (src\logger.rs:66)
   GDScript backtrace (most recent call first):
       [0] _process (res://addons/GdPlanningAI/gdpai_autoload.gd:21)
[GdPAI | debug] Discovery: Action Cook Potato failed validity check, skipping
[GdPAI | debug] Discovery: Starting simulation for action Pick Up Wood
WARNING: [GdPAI] ObjectRef(1382643928884): object was freed before callback; returning Nil.
   at: gdplanningai_rust::logger::process_logs (src\logger.rs:66)
   GDScript backtrace (most recent call first):
       [0] _process (res://addons/GdPlanningAI/gdpai_autoload.gd:21)
[GdPAI | debug] ApplyEffect [Before] ID=InstanceId(-9223367356414122444): agent props = {"hunger": 95.0603725, "entity": null, "held_item": "wood"}
[GdPAI | debug] ApplyEffect [After] ID=InstanceId(-9223367356414122444): agent props = {"hunger": 95.0603725, "entity": null, "held_item": "wood"}
[GdPAI | debug]   Snapshotting prop: hunger = Float(95.0603725) (Variant type: FLOAT)
[GdPAI | debug]   Snapshotting prop: entity = Nil (Variant type: NIL)
[GdPAI | debug]   Snapshotting prop: held_item = Str("wood") (Variant type: STRING)
WARNING: [GdPAI] ObjectRef(124621163998): object was freed before callback; returning Nil.
   at: gdplanningai_rust::logger::process_logs (src\logger.rs:66)
   GDScript backtrace (most recent call first):
       [0] _finish_current_plan (res://test/integration/test_hunger_example_smoke.gd:98)
WARNING: [GdPAI] ObjectRef(124621163998): object was freed before callback; returning Nil.
   at: gdplanningai_rust::logger::process_logs (src\logger.rs:66)
   GDScript backtrace (most recent call first):
       [0] _finish_current_plan (res://test/integration/test_hunger_example_smoke.gd:98)
[GdPAI | debug] GetCost: callable returned non-numeric value: null; returning INFINITY
WARNING: [GdPAI] ObjectRef(1382643928884): object was freed before callback; returning Nil.
   at: gdplanningai_rust::logger::process_logs (src\logger.rs:66)
   GDScript backtrace (most recent call first):
       [0] _finish_current_plan (res://test/integration/test_hunger_example_smoke.gd:98)
WARNING: [GdPAI] ObjectRef(1382643928884): object was freed before callback; returning Nil.
   at: gdplanningai_rust::logger::process_logs (src\logger.rs:66)
   GDScript backtrace (most recent call first):
       [0] _finish_current_plan (res://test/integration/test_hunger_example_smoke.gd:98)
[GdPAI | debug] GetCost: callable returned non-numeric value: null; returning INFINITY
WARNING: [GdPAI] ObjectRef(124621163998): object was freed before callback; returning Nil.
   at: gdplanningai_rust::logger::process_logs (src\logger.rs:66)
   GDScript backtrace (most recent call first):
       [0] _process (res://addons/GdPlanningAI/gdpai_autoload.gd:21)
WARNING: [GdPAI] ObjectRef(124621163998): object was freed before callback; returning Nil.
   at: gdplanningai_rust::logger::process_logs (src\logger.rs:66)
   GDScript backtrace (most recent call first):
       [0] _process (res://addons/GdPlanningAI/gdpai_autoload.gd:21)
[GdPAI | debug] ApplyEffect [Before] ID=InstanceId(-9223367354316970346): agent props = {"entity": null, "held_item": "", "hunger": 70.0627442063492}
[GdPAI | debug] ApplyEffect [After] ID=InstanceId(-9223367354316970346): agent props = {"entity": null, "held_item": "", "hunger": 70.0627442063492}
[GdPAI | debug]   Snapshotting prop: entity = Nil (Variant type: NIL)
[GdPAI | debug]   Snapshotting prop: held_item = Str("") (Variant type: STRING)
[GdPAI | debug]   Snapshotting prop: hunger = Float(70.0627442063492) (Variant type: FLOAT)
WARNING: [GdPAI] ObjectRef(1382643928884): object was freed before callback; returning Nil.
   at: gdplanningai_rust::logger::process_logs (src\logger.rs:66)
   GDScript backtrace (most recent call first):
       [0] _process (res://addons/GdPlanningAI/gdpai_autoload.gd:21)
[GdPAI | debug] Discovery: Simulation success for Pick Up Wood. Agent props: {"held_item": Str(""), "entity": Nil, "hunger": Float(70.0627442063492)}
[GdPAI | debug] Discovery: Action Pick Up Wood satisfied precond Builtin { target: Agent, operation: Equal, property_name: "held_item", value: Some(Str("")) }
[GdPAI | debug] Found candidate: Pick Up Wood (satisfied preconds: [0], requirements: [])
WARNING: [GdPAI] ObjectRef(1382643928884): object was freed before callback; returning Nil.
   at: gdplanningai_rust::logger::process_logs (src\logger.rs:66)
   GDScript backtrace (most recent call first):
       [0] _process (res://addons/GdPlanningAI/gdpai_autoload.gd:21)
[GdPAI | debug] ApplyEffect [Before] ID=InstanceId(-9223367353746545002): agent props = {"hunger": 95.0603725, "entity": null, "held_item": ""}
[GdPAI | debug] ApplyEffect [After] ID=InstanceId(-9223367353746545002): agent props = {"hunger": 95.0603725, "entity": null, "held_item": ""}
[GdPAI | debug]   Snapshotting prop: hunger = Float(95.0603725) (Variant type: FLOAT)
[GdPAI | debug]   Snapshotting prop: entity = Nil (Variant type: NIL)
[GdPAI | debug]   Snapshotting prop: held_item = Str("") (Variant type: STRING)
[GdPAI | debug] Discovery: Starting simulation for action Pick Up Wood
WARNING: [GdPAI] ObjectRef(124621163998): object was freed before callback; returning Nil.
   at: gdplanningai_rust::logger::process_logs (src\logger.rs:66)
   GDScript backtrace (most recent call first):
       [0] _finish_current_plan (res://test/integration/test_hunger_example_smoke.gd:98)
WARNING: [GdPAI] ObjectRef(124621163998): object was freed before callback; returning Nil.
   at: gdplanningai_rust::logger::process_logs (src\logger.rs:66)
   GDScript backtrace (most recent call first):
       [0] _finish_current_plan (res://test/integration/test_hunger_example_smoke.gd:98)
[GdPAI | debug] GetCost: callable returned non-numeric value: null; returning INFINITY
WARNING: [GdPAI] ObjectRef(1382643928884): object was freed before callback; returning Nil.
   at: gdplanningai_rust::logger::process_logs (src\logger.rs:66)
   GDScript backtrace (most recent call first):
       [0] _finish_current_plan (res://test/integration/test_hunger_example_smoke.gd:98)
[GdPAI | debug] GetCost: callable returned non-numeric value: null; returning INFINITY
WARNING: [GdPAI] ObjectRef(124621163998): object was freed before callback; returning Nil.
   at: gdplanningai_rust::logger::process_logs (src\logger.rs:66)
   GDScript backtrace (most recent call first):
       [0] _process (res://addons/GdPlanningAI/gdpai_autoload.gd:21)
WARNING: [GdPAI] ObjectRef(124621163998): object was freed before callback; returning Nil.
   at: gdplanningai_rust::logger::process_logs (src\logger.rs:66)
   GDScript backtrace (most recent call first):
       [0] _process (res://addons/GdPlanningAI/gdpai_autoload.gd:21)
[GdPAI | debug] ApplyEffect [Before] ID=InstanceId(-9223367351649393003): agent props = {"entity": null, "hunger": 70.0627442063492, "held_item": ""}
[GdPAI | debug] ApplyEffect [After] ID=InstanceId(-9223367351649393003): agent props = {"entity": null, "hunger": 70.0627442063492, "held_item": ""}
[GdPAI | debug]   Snapshotting prop: entity = Nil (Variant type: NIL)
[GdPAI | debug]   Snapshotting prop: hunger = Float(70.0627442063492) (Variant type: FLOAT)
[GdPAI | debug]   Snapshotting prop: held_item = Str("") (Variant type: STRING)
[GdPAI | debug] Discovery: Simulation success for Pick Up Wood. Agent props: {"entity": Nil, "hunger": Float(70.0627442063492), "held_item": Str("")}
[GdPAI | debug] Discovery: Action Pick Up Wood satisfied precond Builtin { target: Agent, operation: Equal, property_name: "held_item", value: Some(Str("")) }
[GdPAI | debug] Found candidate: Pick Up Wood (satisfied preconds: [0], requirements: [])
WARNING: [GdPAI] ObjectRef(1382643928884): object was freed before callback; returning Nil.
   at: gdplanningai_rust::logger::process_logs (src\logger.rs:66)
   GDScript backtrace (most recent call first):
       [0] _process (res://addons/GdPlanningAI/gdpai_autoload.gd:21)
[GdPAI | debug] ApplyEffect [Before] ID=InstanceId(-9223367351078967659): agent props = {"entity": null, "hunger": 95.0603725, "held_item": ""}
[GdPAI | debug] ApplyEffect [After] ID=InstanceId(-9223367351078967659): agent props = {"entity": null, "hunger": 95.0603725, "held_item": ""}
[GdPAI | debug]   Snapshotting prop: entity = Nil (Variant type: NIL)
[GdPAI | debug]   Snapshotting prop: hunger = Float(95.0603725) (Variant type: FLOAT)
[GdPAI | debug]   Snapshotting prop: held_item = Str("") (Variant type: STRING)
[GdPAI | debug] Discovery: Starting simulation for action Pick Up Wood
WARNING: [GdPAI] ObjectRef(124621163998): object was freed before callback; returning Nil.
   at: gdplanningai_rust::logger::process_logs (src\logger.rs:66)
   GDScript backtrace (most recent call first):
       [0] _finish_current_plan (res://test/integration/test_hunger_example_smoke.gd:98)
WARNING: [GdPAI] ObjectRef(124621163998): object was freed before callback; returning Nil.
   at: gdplanningai_rust::logger::process_logs (src\logger.rs:66)
   GDScript backtrace (most recent call first):
       [0] _finish_current_plan (res://test/integration/test_hunger_example_smoke.gd:98)
[GdPAI | debug] GetCost: callable returned non-numeric value: null; returning INFINITY
WARNING: [GdPAI] ObjectRef(1382643928884): object was freed before callback; returning Nil.
   at: gdplanningai_rust::logger::process_logs (src\logger.rs:66)
   GDScript backtrace (most recent call first):
       [0] _finish_current_plan (res://test/integration/test_hunger_example_smoke.gd:98)
[GdPAI | debug] GetCost: callable returned non-numeric value: null; returning INFINITY
WARNING: [GdPAI] ObjectRef(124621163998): object was freed before callback; returning Nil.
   at: gdplanningai_rust::logger::process_logs (src\logger.rs:66)
   GDScript backtrace (most recent call first):
       [0] _process (res://addons/GdPlanningAI/gdpai_autoload.gd:21)
WARNING: [GdPAI] ObjectRef(124621163998): object was freed before callback; returning Nil.
   at: gdplanningai_rust::logger::process_logs (src\logger.rs:66)
   GDScript backtrace (most recent call first):
       [0] _process (res://addons/GdPlanningAI/gdpai_autoload.gd:21)
[GdPAI | debug] ApplyEffect [Before] ID=InstanceId(-9223367349032147273): agent props = {"hunger": 70.0627442063492, "entity": null, "held_item": ""}
[GdPAI | debug] ApplyEffect [After] ID=InstanceId(-9223367349032147273): agent props = {"hunger": 70.0627442063492, "entity": null, "held_item": ""}
[GdPAI | debug]   Snapshotting prop: hunger = Float(70.0627442063492) (Variant type: FLOAT)
[GdPAI | debug]   Snapshotting prop: entity = Nil (Variant type: NIL)
[GdPAI | debug]   Snapshotting prop: held_item = Str("") (Variant type: STRING)
[GdPAI | debug] Discovery: Simulation success for Pick Up Wood. Agent props: {"held_item": Str(""), "entity": Nil, "hunger": Float(70.0627442063492)}
[GdPAI | debug] Discovery: Action Pick Up Wood satisfied precond Builtin { target: Agent, operation: Equal, property_name: "held_item", value: Some(Str("")) }
[GdPAI | debug] Found candidate: Pick Up Wood (satisfied preconds: [0], requirements: [])
WARNING: [GdPAI] ObjectRef(1382643928884): object was freed before callback; returning Nil.
   at: gdplanningai_rust::logger::process_logs (src\logger.rs:66)
   GDScript backtrace (most recent call first):
       [0] _process (res://addons/GdPlanningAI/gdpai_autoload.gd:21)
[GdPAI | debug] ApplyEffect [Before] ID=InstanceId(-9223367348461721929): agent props = {"held_item": "", "hunger": 95.0603725, "entity": null}
[GdPAI | debug] ApplyEffect [After] ID=InstanceId(-9223367348461721929): agent props = {"held_item": "", "hunger": 95.0603725, "entity": null}
[GdPAI | debug]   Snapshotting prop: held_item = Str("") (Variant type: STRING)
[GdPAI | debug]   Snapshotting prop: hunger = Float(95.0603725) (Variant type: FLOAT)
[GdPAI | debug]   Snapshotting prop: entity = Nil (Variant type: NIL)
[GdPAI | debug] Discovery: Starting simulation for action Pick Up Wood
WARNING: [GdPAI] ObjectRef(124621163998): object was freed before callback; returning Nil.
   at: gdplanningai_rust::logger::process_logs (src\logger.rs:66)
   GDScript backtrace (most recent call first):
       [0] _finish_current_plan (res://test/integration/test_hunger_example_smoke.gd:98)
WARNING: [GdPAI] ObjectRef(124621163998): object was freed before callback; returning Nil.
   at: gdplanningai_rust::logger::process_logs (src\logger.rs:66)
   GDScript backtrace (most recent call first):
       [0] _finish_current_plan (res://test/integration/test_hunger_example_smoke.gd:98)
[GdPAI | debug] GetCost: callable returned non-numeric value: null; returning INFINITY
WARNING: [GdPAI] ObjectRef(1382643928884): object was freed before callback; returning Nil.
   at: gdplanningai_rust::logger::process_logs (src\logger.rs:66)
   GDScript backtrace (most recent call first):
       [0] _finish_current_plan (res://test/integration/test_hunger_example_smoke.gd:98)
[GdPAI | debug] GetCost: callable returned non-numeric value: null; returning INFINITY
WARNING: [GdPAI] ObjectRef(124621163998): object was freed before callback; returning Nil.
   at: gdplanningai_rust::logger::process_logs (src\logger.rs:66)
   GDScript backtrace (most recent call first):
       [0] _process (res://addons/GdPlanningAI/gdpai_autoload.gd:21)
WARNING: [GdPAI] ObjectRef(124621163998): object was freed before callback; returning Nil.
   at: gdplanningai_rust::logger::process_logs (src\logger.rs:66)
   GDScript backtrace (most recent call first):
       [0] _process (res://addons/GdPlanningAI/gdpai_autoload.gd:21)
[GdPAI | debug] ApplyEffect [Before] ID=InstanceId(-9223367346414901607): agent props = {"entity": null, "held_item": "", "hunger": 70.0627442063492}
[GdPAI | debug] ApplyEffect [After] ID=InstanceId(-9223367346414901607): agent props = {"entity": null, "held_item": "", "hunger": 70.0627442063492}
[GdPAI | debug]   Snapshotting prop: entity = Nil (Variant type: NIL)
[GdPAI | debug]   Snapshotting prop: held_item = Str("") (Variant type: STRING)
[GdPAI | debug]   Snapshotting prop: hunger = Float(70.0627442063492) (Variant type: FLOAT)
[GdPAI | debug] Discovery: Simulation success for Pick Up Wood. Agent props: {"hunger": Float(70.0627442063492), "entity": Nil, "held_item": Str("")}
[GdPAI | debug] Discovery: Action Pick Up Wood satisfied precond Builtin { target: Agent, operation: Equal, property_name: "held_item", value: Some(Str("")) }
[GdPAI | debug] Found candidate: Pick Up Wood (satisfied preconds: [0], requirements: [])
WARNING: [GdPAI] ObjectRef(1382643928884): object was freed before callback; returning Nil.
   at: gdplanningai_rust::logger::process_logs (src\logger.rs:66)
   GDScript backtrace (most recent call first):
       [0] _process (res://addons/GdPlanningAI/gdpai_autoload.gd:21)
[GdPAI | debug] ApplyEffect [Before] ID=InstanceId(-9223367345844476263): agent props = {"held_item": "wood", "entity": null, "hunger": 95.0603725}
[GdPAI | debug] ApplyEffect [After] ID=InstanceId(-9223367345844476263): agent props = {"held_item": "wood", "entity": null, "hunger": 95.0603725}
[GdPAI | debug]   Snapshotting prop: held_item = Str("wood") (Variant type: STRING)
[GdPAI | debug]   Snapshotting prop: entity = Nil (Variant type: NIL)
[GdPAI | debug]   Snapshotting prop: hunger = Float(95.0603725) (Variant type: FLOAT)
WARNING: [GdPAI] ObjectRef(124621163998): object was freed before callback; returning Nil.
   at: gdplanningai_rust::logger::process_logs (src\logger.rs:66)
   GDScript backtrace (most recent call first):
       [0] _finish_current_plan (res://test/integration/test_hunger_example_smoke.gd:98)
WARNING: [GdPAI] ObjectRef(124621163998): object was freed before callback; returning Nil.
   at: gdplanningai_rust::logger::process_logs (src\logger.rs:66)
   GDScript backtrace (most recent call first):
       [0] _finish_current_plan (res://test/integration/test_hunger_example_smoke.gd:98)
WARNING: [GdPAI] ObjectRef(1382643928884): object was freed before callback; returning Nil.
   at: gdplanningai_rust::logger::process_logs (src\logger.rs:66)
   GDScript backtrace (most recent call first):
       [0] _finish_current_plan (res://test/integration/test_hunger_example_smoke.gd:98)
[GdPAI | debug] Discovery: Action Dig Potato failed validity check, skipping
WARNING: [GdPAI] ObjectRef(1382643928884): object was freed before callback; returning Nil.
   at: gdplanningai_rust::logger::process_logs (src\logger.rs:66)
   GDScript backtrace (most recent call first):
       [0] _finish_current_plan (res://test/integration/test_hunger_example_smoke.gd:98)
[GdPAI | debug] GetCost: callable returned non-numeric value: null; returning INFINITY
WARNING: [GdPAI] ObjectRef(124621163998): object was freed before callback; returning Nil.
   at: gdplanningai_rust::logger::process_logs (src\logger.rs:66)
   GDScript backtrace (most recent call first):
       [0] _process (res://addons/GdPlanningAI/gdpai_autoload.gd:21)
WARNING: [GdPAI] ObjectRef(124621163998): object was freed before callback; returning Nil.
   at: gdplanningai_rust::logger::process_logs (src\logger.rs:66)
   GDScript backtrace (most recent call first):
       [0] _process (res://addons/GdPlanningAI/gdpai_autoload.gd:21)
WARNING: [GdPAI] ObjectRef(1382643928884): object was freed before callback; returning Nil.
   at: gdplanningai_rust::logger::process_logs (src\logger.rs:66)
   GDScript backtrace (most recent call first):
       [0] _process (res://addons/GdPlanningAI/gdpai_autoload.gd:21)
[GdPAI | debug] Discovery: Action Dig Potato failed validity check, skipping
WARNING: [GdPAI] ObjectRef(1382643928884): object was freed before callback; returning Nil.
   at: gdplanningai_rust::logger::process_logs (src\logger.rs:66)
   GDScript backtrace (most recent call first):
       [0] _process (res://addons/GdPlanningAI/gdpai_autoload.gd:21)
[GdPAI | debug] ApplyEffect [Before] ID=InstanceId(-9223367343176898850): agent props = {"held_item": "", "entity": null, "hunger": 95.0603725}
[GdPAI | debug] ApplyEffect [After] ID=InstanceId(-9223367343176898850): agent props = {"held_item": "", "entity": null, "hunger": 95.0603725}
[GdPAI | debug]   Snapshotting prop: held_item = Str("") (Variant type: STRING)
[GdPAI | debug]   Snapshotting prop: entity = Nil (Variant type: NIL)
[GdPAI | debug]   Snapshotting prop: hunger = Float(95.0603725) (Variant type: FLOAT)
WARNING: [GdPAI] ObjectRef(124621163998): object was freed before callback; returning Nil.
   at: gdplanningai_rust::logger::process_logs (src\logger.rs:66)
   GDScript backtrace (most recent call first):
       [0] _process (res://addons/GdPlanningAI/gdpai_autoload.gd:21)
WARNING: [GdPAI] ObjectRef(124621163998): object was freed before callback; returning Nil.
   at: gdplanningai_rust::logger::process_logs (src\logger.rs:66)
   GDScript backtrace (most recent call first):
       [0] _process (res://addons/GdPlanningAI/gdpai_autoload.gd:21)
[GdPAI | debug] Discovery: Action Dig Potato failed validity check, skipping
WARNING: [GdPAI] ObjectRef(1382643928884): object was freed before callback; returning Nil.
   at: gdplanningai_rust::logger::process_logs (src\logger.rs:66)
   GDScript backtrace (most recent call first):
       [0] _process (res://addons/GdPlanningAI/gdpai_autoload.gd:21)
[GdPAI | debug] GetCost: callable returned non-numeric value: null; returning INFINITY
WARNING: [GdPAI] ObjectRef(124621163998): object was freed before callback; returning Nil.
   at: gdplanningai_rust::logger::process_logs (src\logger.rs:66)
   GDScript backtrace (most recent call first):
       [0] _finish_current_plan (res://test/integration/test_hunger_example_smoke.gd:98)
WARNING: [GdPAI] ObjectRef(124621163998): object was freed before callback; returning Nil.
   at: gdplanningai_rust::logger::process_logs (src\logger.rs:66)
   GDScript backtrace (most recent call first):
       [0] _finish_current_plan (res://test/integration/test_hunger_example_smoke.gd:98)
[GdPAI | debug] Discovery: Action Dig Potato failed validity check, skipping
WARNING: [GdPAI] ObjectRef(1382643928884): object was freed before callback; returning Nil.
   at: gdplanningai_rust::logger::process_logs (src\logger.rs:66)
   GDScript backtrace (most recent call first):
       [0] _finish_current_plan (res://test/integration/test_hunger_example_smoke.gd:98)
[GdPAI | debug] ApplyEffect [Before] ID=InstanceId(-9223367340526098713): agent props = {"held_item": "", "hunger": 95.0603725, "entity": null}
[GdPAI | debug] ApplyEffect [After] ID=InstanceId(-9223367340526098713): agent props = {"held_item": "", "hunger": 95.0603725, "entity": null}
[GdPAI | debug]   Snapshotting prop: held_item = Str("") (Variant type: STRING)
[GdPAI | debug]   Snapshotting prop: hunger = Float(95.0603725) (Variant type: FLOAT)
[GdPAI | debug]   Snapshotting prop: entity = Nil (Variant type: NIL)
WARNING: [GdPAI] ObjectRef(124621163998): object was freed before callback; returning Nil.
   at: gdplanningai_rust::logger::process_logs (src\logger.rs:66)
   GDScript backtrace (most recent call first):
       [0] _process (res://addons/GdPlanningAI/gdpai_autoload.gd:21)
WARNING: [GdPAI] ObjectRef(124621163998): object was freed before callback; returning Nil.
   at: gdplanningai_rust::logger::process_logs (src\logger.rs:66)
   GDScript backtrace (most recent call first):
       [0] _process (res://addons/GdPlanningAI/gdpai_autoload.gd:21)
[GdPAI | debug] Discovery: Action Dig Potato failed validity check, skipping
WARNING: [GdPAI] ObjectRef(1382643928884): object was freed before callback; returning Nil.
   at: gdplanningai_rust::logger::process_logs (src\logger.rs:66)
   GDScript backtrace (most recent call first):
       [0] _process (res://addons/GdPlanningAI/gdpai_autoload.gd:21)
[GdPAI | debug] GetCost: callable returned non-numeric value: null; returning INFINITY
WARNING: [GdPAI] ObjectRef(124621163998): object was freed before callback; returning Nil.
   at: gdplanningai_rust::logger::process_logs (src\logger.rs:66)
   GDScript backtrace (most recent call first):
       [0] _process (res://addons/GdPlanningAI/gdpai_autoload.gd:21)
WARNING: [GdPAI] ObjectRef(124621163998): object was freed before callback; returning Nil.
   at: gdplanningai_rust::logger::process_logs (src\logger.rs:66)
   GDScript backtrace (most recent call first):
       [0] _process (res://addons/GdPlanningAI/gdpai_autoload.gd:21)
WARNING: [GdPAI] ObjectRef(124134624705): object was freed before callback; returning Nil.
   at: gdplanningai_rust::logger::process_logs (src\logger.rs:66)
   GDScript backtrace (most recent call first):
       [0] _process (res://addons/GdPlanningAI/gdpai_autoload.gd:21)
WARNING: [GdPAI] ObjectRef(125510356497): object was freed before callback; returning Nil.
   at: gdplanningai_rust::logger::process_logs (src\logger.rs:66)
   GDScript backtrace (most recent call first):
       [0] _process (res://addons/GdPlanningAI/gdpai_autoload.gd:21)
WARNING: [GdPAI] ObjectRef(124134624705): object was freed before callback; returning Nil.
   at: gdplanningai_rust::logger::process_logs (src\logger.rs:66)
   GDScript backtrace (most recent call first):
       [0] _process (res://addons/GdPlanningAI/gdpai_autoload.gd:21)
WARNING: [GdPAI] ObjectRef(124134624705): object was freed before callback; returning Nil.
   at: gdplanningai_rust::logger::process_logs (src\logger.rs:66)
   GDScript backtrace (most recent call first):
       [0] _process (res://addons/GdPlanningAI/gdpai_autoload.gd:21)
WARNING: [GdPAI] ObjectRef(125510356497): object was freed before callback; returning Nil.
   at: gdplanningai_rust::logger::process_logs (src\logger.rs:66)
   GDScript backtrace (most recent call first):
       [0] _process (res://addons/GdPlanningAI/gdpai_autoload.gd:21)
WARNING: [GdPAI] ObjectRef(124134624705): object was freed before callback; returning Nil.
   at: gdplanningai_rust::logger::process_logs (src\logger.rs:66)
   GDScript backtrace (most recent call first):
       [0] _process (res://addons/GdPlanningAI/gdpai_autoload.gd:21)
[GdPAI | debug] GetCost: callable returned non-numeric value: null; returning INFINITY
WARNING: [GdPAI] ObjectRef(1382643928884): object was freed before callback; returning Nil.
   at: gdplanningai_rust::logger::process_logs (src\logger.rs:66)
   GDScript backtrace (most recent call first):
       [0] _process (res://addons/GdPlanningAI/gdpai_autoload.gd:21)
[GdPAI | debug] ApplyEffect [Before] ID=InstanceId(-9223367337925630183): agent props = {"hunger": 95.0603725, "entity": null, "held_item": ""}
[GdPAI | debug] ApplyEffect [After] ID=InstanceId(-9223367337925630183): agent props = {"hunger": 95.0603725, "entity": null, "held_item": ""}
[GdPAI | debug]   Snapshotting prop: hunger = Float(95.0603725) (Variant type: FLOAT)
[GdPAI | debug]   Snapshotting prop: entity = Nil (Variant type: NIL)
[GdPAI | debug]   Snapshotting prop: held_item = Str("") (Variant type: STRING)
WARNING: [GdPAI] ObjectRef(124621163998): object was freed before callback; returning Nil.
   at: gdplanningai_rust::logger::process_logs (src\logger.rs:66)
   GDScript backtrace (most recent call first):
       [0] _finish_current_plan (res://test/integration/test_hunger_example_smoke.gd:98)
WARNING: [GdPAI] ObjectRef(124621163998): object was freed before callback; returning Nil.
   at: gdplanningai_rust::logger::process_logs (src\logger.rs:66)
   GDScript backtrace (most recent call first):
       [0] _finish_current_plan (res://test/integration/test_hunger_example_smoke.gd:98)
WARNING: [GdPAI] ObjectRef(124134624705): object was freed before callback; returning Nil.
   at: gdplanningai_rust::logger::process_logs (src\logger.rs:66)
   GDScript backtrace (most recent call first):
       [0] _finish_current_plan (res://test/integration/test_hunger_example_smoke.gd:98)
WARNING: [GdPAI] ObjectRef(125510356497): object was freed before callback; returning Nil.
   at: gdplanningai_rust::logger::process_logs (src\logger.rs:66)
   GDScript backtrace (most recent call first):
       [0] _finish_current_plan (res://test/integration/test_hunger_example_smoke.gd:98)
WARNING: [GdPAI] ObjectRef(124134624705): object was freed before callback; returning Nil.
   at: gdplanningai_rust::logger::process_logs (src\logger.rs:66)
   GDScript backtrace (most recent call first):
       [0] _finish_current_plan (res://test/integration/test_hunger_example_smoke.gd:98)
WARNING: [GdPAI] ObjectRef(124134624705): object was freed before callback; returning Nil.
   at: gdplanningai_rust::logger::process_logs (src\logger.rs:66)
   GDScript backtrace (most recent call first):
       [0] _finish_current_plan (res://test/integration/test_hunger_example_smoke.gd:98)
WARNING: [GdPAI] ObjectRef(125510356497): object was freed before callback; returning Nil.
   at: gdplanningai_rust::logger::process_logs (src\logger.rs:66)
   GDScript backtrace (most recent call first):
       [0] _finish_current_plan (res://test/integration/test_hunger_example_smoke.gd:98)
WARNING: [GdPAI] ObjectRef(124134624705): object was freed before callback; returning Nil.
   at: gdplanningai_rust::logger::process_logs (src\logger.rs:66)
   GDScript backtrace (most recent call first):
       [0] _finish_current_plan (res://test/integration/test_hunger_example_smoke.gd:98)
[GdPAI | debug] ApplyEffect [Before] ID=InstanceId(-9223367336885442833): agent props = {"entity": null, "hunger": 70.0627442063492, "held_item": "", "at_target": null}
[GdPAI | debug] ApplyEffect [After] ID=InstanceId(-9223367336885442833): agent props = {"entity": null, "hunger": 70.0627442063492, "held_item": "", "at_target": null}
[GdPAI | debug]   Snapshotting prop: entity = Nil (Variant type: NIL)
[GdPAI | debug]   Snapshotting prop: hunger = Float(70.0627442063492) (Variant type: FLOAT)
[GdPAI | debug]   Snapshotting prop: held_item = Str("") (Variant type: STRING)
[GdPAI | debug]   Snapshotting prop: at_target = Nil (Variant type: NIL)
WARNING: [GdPAI] ObjectRef(1382643928884): object was freed before callback; returning Nil.
   at: gdplanningai_rust::logger::process_logs (src\logger.rs:66)
   GDScript backtrace (most recent call first):
       [0] _finish_current_plan (res://test/integration/test_hunger_example_smoke.gd:98)
[GdPAI | debug] GetCost: callable returned non-numeric value: null; returning INFINITY
WARNING: [GdPAI] ObjectRef(124621163998): object was freed before callback; returning Nil.
   at: gdplanningai_rust::logger::process_logs (src\logger.rs:66)
   GDScript backtrace (most recent call first):
       [0] _process (res://addons/GdPlanningAI/gdpai_autoload.gd:21)
WARNING: [GdPAI] ObjectRef(124134624705): object was freed before callback; returning Nil.
   at: gdplanningai_rust::logger::process_logs (src\logger.rs:66)
   GDScript backtrace (most recent call first):
       [0] _process (res://addons/GdPlanningAI/gdpai_autoload.gd:21)
WARNING: [GdPAI] ObjectRef(124134624705): object was freed before callback; returning Nil.
   at: gdplanningai_rust::logger::process_logs (src\logger.rs:66)
   GDScript backtrace (most recent call first):
       [0] _process (res://addons/GdPlanningAI/gdpai_autoload.gd:21)
[GdPAI | debug] GetCost: callable returned non-numeric value: null; returning INFINITY
WARNING: [GdPAI] ObjectRef(1382643928884): object was freed before callback; returning Nil.
   at: gdplanningai_rust::logger::process_logs (src\logger.rs:66)
   GDScript backtrace (most recent call first):
       [0] _process (res://addons/GdPlanningAI/gdpai_autoload.gd:21)
[GdPAI | debug] ApplyEffect [Before] ID=InstanceId(-9223367334704404724): agent props = {"hunger": 95.0603725, "entity": null, "held_item": "wood"}
[GdPAI | debug] ApplyEffect [After] ID=InstanceId(-9223367334704404724): agent props = {"hunger": 95.0603725, "entity": null, "held_item": "wood"}
[GdPAI | debug]   Snapshotting prop: hunger = Float(95.0603725) (Variant type: FLOAT)
[GdPAI | debug]   Snapshotting prop: entity = Nil (Variant type: NIL)
[GdPAI | debug]   Snapshotting prop: held_item = Str("wood") (Variant type: STRING)
WARNING: [GdPAI] ObjectRef(124621163998): object was freed before callback; returning Nil.
   at: gdplanningai_rust::logger::process_logs (src\logger.rs:66)
   GDScript backtrace (most recent call first):
       [0] _finish_current_plan (res://test/integration/test_hunger_example_smoke.gd:98)
WARNING: [GdPAI] ObjectRef(124134624705): object was freed before callback; returning Nil.
   at: gdplanningai_rust::logger::process_logs (src\logger.rs:66)
   GDScript backtrace (most recent call first):
       [0] _finish_current_plan (res://test/integration/test_hunger_example_smoke.gd:98)
WARNING: [GdPAI] ObjectRef(124134624705): object was freed before callback; returning Nil.
   at: gdplanningai_rust::logger::process_logs (src\logger.rs:66)
   GDScript backtrace (most recent call first):
       [0] _finish_current_plan (res://test/integration/test_hunger_example_smoke.gd:98)
[GdPAI | debug] ApplyEffect [Before] ID=InstanceId(-9223367333915875533): agent props = {"entity": null, "hunger": 70.0627442063492, "at_target": null, "held_item": ""}
[GdPAI | debug] ApplyEffect [After] ID=InstanceId(-9223367333915875533): agent props = {"entity": null, "hunger": 70.0627442063492, "at_target": null, "held_item": ""}
[GdPAI | debug]   Snapshotting prop: entity = Nil (Variant type: NIL)
[GdPAI | debug]   Snapshotting prop: hunger = Float(70.0627442063492) (Variant type: FLOAT)
[GdPAI | debug]   Snapshotting prop: at_target = Nil (Variant type: NIL)
[GdPAI | debug]   Snapshotting prop: held_item = Str("") (Variant type: STRING)
WARNING: [GdPAI] ObjectRef(1382643928884): object was freed before callback; returning Nil.
   at: gdplanningai_rust::logger::process_logs (src\logger.rs:66)
   GDScript backtrace (most recent call first):
       [0] _finish_current_plan (res://test/integration/test_hunger_example_smoke.gd:98)
WARNING: [GdPAI] ObjectRef(1382643928884): object was freed before callback; returning Nil.
   at: gdplanningai_rust::logger::process_logs (src\logger.rs:66)
   GDScript backtrace (most recent call first):
       [0] _finish_current_plan (res://test/integration/test_hunger_example_smoke.gd:98)
[GdPAI | debug] GetCost: callable returned non-numeric value: null; returning INFINITY
WARNING: [GdPAI] ObjectRef(124621163998): object was freed before callback; returning Nil.
   at: gdplanningai_rust::logger::process_logs (src\logger.rs:66)
   GDScript backtrace (most recent call first):
       [0] _process (res://addons/GdPlanningAI/gdpai_autoload.gd:21)
[GdPAI | debug] GetCost: callable returned non-numeric value: null; returning INFINITY
WARNING: [GdPAI] ObjectRef(1382643928884): object was freed before callback; returning Nil.
   at: gdplanningai_rust::logger::process_logs (src\logger.rs:66)
   GDScript backtrace (most recent call first):
       [0] _process (res://addons/GdPlanningAI/gdpai_autoload.gd:21)
WARNING: [GdPAI] ObjectRef(1382643928884): object was freed before callback; returning Nil.
   at: gdplanningai_rust::logger::process_logs (src\logger.rs:66)
   GDScript backtrace (most recent call first):
       [0] _process (res://addons/GdPlanningAI/gdpai_autoload.gd:21)
[GdPAI | debug] ApplyEffect [Before] ID=InstanceId(-9223367331936164007): agent props = {"held_item": "", "hunger": 95.0603725, "entity": null}
[GdPAI | debug] ApplyEffect [After] ID=InstanceId(-9223367331936164007): agent props = {"held_item": "", "hunger": 95.0603725, "entity": null}
[GdPAI | debug]   Snapshotting prop: held_item = Str("") (Variant type: STRING)
[GdPAI | debug]   Snapshotting prop: hunger = Float(95.0603725) (Variant type: FLOAT)
[GdPAI | debug]   Snapshotting prop: entity = Nil (Variant type: NIL)
WARNING: [GdPAI] ObjectRef(124621163998): object was freed before callback; returning Nil.
   at: gdplanningai_rust::logger::process_logs (src\logger.rs:66)
   GDScript backtrace (most recent call first):
       [0] _finish_current_plan (res://test/integration/test_hunger_example_smoke.gd:98)
[GdPAI | debug] ApplyEffect [Before] ID=InstanceId(-9223367331197966506): agent props = {"hunger": 70.0627442063492, "held_item": "wood", "at_target": null, "entity": null}
[GdPAI | debug] ApplyEffect [After] ID=InstanceId(-9223367331197966506): agent props = {"hunger": 70.0627442063492, "held_item": "wood", "at_target": null, "entity": null}
[GdPAI | debug]   Snapshotting prop: hunger = Float(70.0627442063492) (Variant type: FLOAT)
[GdPAI | debug]   Snapshotting prop: held_item = Str("wood") (Variant type: STRING)
[GdPAI | debug]   Snapshotting prop: at_target = Nil (Variant type: NIL)
[GdPAI | debug]   Snapshotting prop: entity = Nil (Variant type: NIL)
WARNING: [GdPAI] ObjectRef(1382643928884): object was freed before callback; returning Nil.
   at: gdplanningai_rust::logger::process_logs (src\logger.rs:66)
   GDScript backtrace (most recent call first):
       [0] _finish_current_plan (res://test/integration/test_hunger_example_smoke.gd:98)
[GdPAI | debug] GetCost: callable returned non-numeric value: null; returning INFINITY
WARNING: [GdPAI] ObjectRef(124621163998): object was freed before callback; returning Nil.
   at: gdplanningai_rust::logger::process_logs (src\logger.rs:66)
   GDScript backtrace (most recent call first):
       [0] _process (res://addons/GdPlanningAI/gdpai_autoload.gd:21)
WARNING: [GdPAI] ObjectRef(125510356497): object was freed before callback; returning Nil.
   at: gdplanningai_rust::logger::process_logs (src\logger.rs:66)
   GDScript backtrace (most recent call first):
       [0] _process (res://addons/GdPlanningAI/gdpai_autoload.gd:21)
WARNING: [GdPAI] ObjectRef(125510356497): object was freed before callback; returning Nil.
   at: gdplanningai_rust::logger::process_logs (src\logger.rs:66)
   GDScript backtrace (most recent call first):
       [0] _process (res://addons/GdPlanningAI/gdpai_autoload.gd:21)
[GdPAI | debug] GetCost: callable returned non-numeric value: null; returning INFINITY
WARNING: [GdPAI] ObjectRef(1382643928884): object was freed before callback; returning Nil.
   at: gdplanningai_rust::logger::process_logs (src\logger.rs:66)
   GDScript backtrace (most recent call first):
       [0] _process (res://addons/GdPlanningAI/gdpai_autoload.gd:21)
[GdPAI | debug] ApplyEffect [Before] ID=InstanceId(-9223367329369249932): agent props = {"entity": null, "hunger": 95.0603725, "held_item": ""}
[GdPAI | debug] ApplyEffect [After] ID=InstanceId(-9223367329369249932): agent props = {"entity": null, "hunger": 95.0603725, "held_item": ""}
[GdPAI | debug]   Snapshotting prop: entity = Nil (Variant type: NIL)
[GdPAI | debug]   Snapshotting prop: hunger = Float(95.0603725) (Variant type: FLOAT)
[GdPAI | debug]   Snapshotting prop: held_item = Str("") (Variant type: STRING)
WARNING: [GdPAI] ObjectRef(124621163998): object was freed before callback; returning Nil.
   at: gdplanningai_rust::logger::process_logs (src\logger.rs:66)
   GDScript backtrace (most recent call first):
       [0] _finish_current_plan (res://test/integration/test_hunger_example_smoke.gd:98)
WARNING: [GdPAI] ObjectRef(125510356497): object was freed before callback; returning Nil.
   at: gdplanningai_rust::logger::process_logs (src\logger.rs:66)
   GDScript backtrace (most recent call first):
       [0] _finish_current_plan (res://test/integration/test_hunger_example_smoke.gd:98)
WARNING: [GdPAI] ObjectRef(125510356497): object was freed before callback; returning Nil.
   at: gdplanningai_rust::logger::process_logs (src\logger.rs:66)
   GDScript backtrace (most recent call first):
       [0] _finish_current_plan (res://test/integration/test_hunger_example_smoke.gd:98)
[GdPAI | debug] ApplyEffect [Before] ID=InstanceId(-9223367328580720775): agent props = {"entity": null, "held_item": "wood", "at_target": null, "hunger": 70.0627442063492}
[GdPAI | debug] ApplyEffect [After] ID=InstanceId(-9223367328580720775): agent props = {"entity": null, "held_item": "wood", "at_target": null, "hunger": 70.0627442063492}
[GdPAI | debug]   Snapshotting prop: entity = Nil (Variant type: NIL)
[GdPAI | debug]   Snapshotting prop: held_item = Str("wood") (Variant type: STRING)
[GdPAI | debug]   Snapshotting prop: at_target = Nil (Variant type: NIL)
[GdPAI | debug]   Snapshotting prop: hunger = Float(70.0627442063492) (Variant type: FLOAT)
WARNING: [GdPAI] ObjectRef(1382643928884): object was freed before callback; returning Nil.
   at: gdplanningai_rust::logger::process_logs (src\logger.rs:66)
   GDScript backtrace (most recent call first):
       [0] _finish_current_plan (res://test/integration/test_hunger_example_smoke.gd:98)
[GdPAI | debug] GetCost: callable returned non-numeric value: null; returning INFINITY
WARNING: [GdPAI] ObjectRef(124621163998): object was freed before callback; returning Nil.
   at: gdplanningai_rust::logger::process_logs (src\logger.rs:66)
   GDScript backtrace (most recent call first):
       [0] _process (res://addons/GdPlanningAI/gdpai_autoload.gd:21)
WARNING: [GdPAI] ObjectRef(124134624705): object was freed before callback; returning Nil.
   at: gdplanningai_rust::logger::process_logs (src\logger.rs:66)
   GDScript backtrace (most recent call first):
       [0] _process (res://addons/GdPlanningAI/gdpai_autoload.gd:21)
WARNING: [GdPAI] ObjectRef(124134624705): object was freed before callback; returning Nil.
   at: gdplanningai_rust::logger::process_logs (src\logger.rs:66)
   GDScript backtrace (most recent call first):
       [0] _process (res://addons/GdPlanningAI/gdpai_autoload.gd:21)
[GdPAI | debug] GetCost: callable returned non-numeric value: null; returning INFINITY
WARNING: [GdPAI] ObjectRef(1382643928884): object was freed before callback; returning Nil.
   at: gdplanningai_rust::logger::process_logs (src\logger.rs:66)
   GDScript backtrace (most recent call first):
       [0] _process (res://addons/GdPlanningAI/gdpai_autoload.gd:21)
[GdPAI | debug] ApplyEffect [Before] ID=InstanceId(-9223367326651340927): agent props = {"entity": null, "hunger": 95.0603725, "held_item": ""}
[GdPAI | debug] ApplyEffect [After] ID=InstanceId(-9223367326651340927): agent props = {"entity": null, "hunger": 95.0603725, "held_item": ""}
[GdPAI | debug]   Snapshotting prop: entity = Nil (Variant type: NIL)
[GdPAI | debug]   Snapshotting prop: hunger = Float(95.0603725) (Variant type: FLOAT)
[GdPAI | debug]   Snapshotting prop: held_item = Str("") (Variant type: STRING)
WARNING: [GdPAI] ObjectRef(124621163998): object was freed before callback; returning Nil.
   at: gdplanningai_rust::logger::process_logs (src\logger.rs:66)
   GDScript backtrace (most recent call first):
       [0] _finish_current_plan (res://test/integration/test_hunger_example_smoke.gd:98)
WARNING: [GdPAI] ObjectRef(124134624705): object was freed before callback; returning Nil.
   at: gdplanningai_rust::logger::process_logs (src\logger.rs:66)
   GDScript backtrace (most recent call first):
       [0] _finish_current_plan (res://test/integration/test_hunger_example_smoke.gd:98)
WARNING: [GdPAI] ObjectRef(124134624705): object was freed before callback; returning Nil.
   at: gdplanningai_rust::logger::process_logs (src\logger.rs:66)
   GDScript backtrace (most recent call first):
       [0] _finish_current_plan (res://test/integration/test_hunger_example_smoke.gd:98)
[GdPAI | debug] ApplyEffect [Before] ID=InstanceId(-9223367325862811828): agent props = {"held_item": "wood", "at_target": null, "hunger": 70.0627442063492, "entity": null}
[GdPAI | debug] ApplyEffect [After] ID=InstanceId(-9223367325862811828): agent props = {"held_item": "wood", "at_target": null, "hunger": 70.0627442063492, "entity": null}
[GdPAI | debug]   Snapshotting prop: held_item = Str("wood") (Variant type: STRING)
[GdPAI | debug]   Snapshotting prop: at_target = Nil (Variant type: NIL)
[GdPAI | debug]   Snapshotting prop: hunger = Float(70.0627442063492) (Variant type: FLOAT)
[GdPAI | debug]   Snapshotting prop: entity = Nil (Variant type: NIL)
WARNING: [GdPAI] ObjectRef(1382643928884): object was freed before callback; returning Nil.
   at: gdplanningai_rust::logger::process_logs (src\logger.rs:66)
   GDScript backtrace (most recent call first):
       [0] _finish_current_plan (res://test/integration/test_hunger_example_smoke.gd:98)
[GdPAI | debug] GetCost: callable returned non-numeric value: null; returning INFINITY
WARNING: [GdPAI] ObjectRef(124621163998): object was freed before callback; returning Nil.
   at: gdplanningai_rust::logger::process_logs (src\logger.rs:66)
   GDScript backtrace (most recent call first):
       [0] _process (res://addons/GdPlanningAI/gdpai_autoload.gd:21)
[GdPAI | debug] GetCost: callable returned non-numeric value: null; returning INFINITY
WARNING: [GdPAI] ObjectRef(1382643928884): object was freed before callback; returning Nil.
   at: gdplanningai_rust::logger::process_logs (src\logger.rs:66)
   GDScript backtrace (most recent call first):
       [0] _process (res://addons/GdPlanningAI/gdpai_autoload.gd:21)
[GdPAI | debug] ApplyEffect [Before] ID=InstanceId(-9223367323933431920): agent props = {"entity": null, "hunger": 95.0603725, "held_item": "wood"}
[GdPAI | debug] ApplyEffect [After] ID=InstanceId(-9223367323933431920): agent props = {"entity": null, "hunger": 95.0603725, "held_item": "wood"}
[GdPAI | debug]   Snapshotting prop: entity = Nil (Variant type: NIL)
[GdPAI | debug]   Snapshotting prop: hunger = Float(95.0603725) (Variant type: FLOAT)
[GdPAI | debug]   Snapshotting prop: held_item = Str("wood") (Variant type: STRING)
[GdPAI] A* Iteration: pop node with chain length 3
[GdPAI | debug] find_candidates: Checking 15 actions against 1 preconds and 2 requirements
WARNING: [GdPAI] ObjectRef(124621163998): object was freed before callback; returning Nil.
   at: gdplanningai_rust::logger::process_logs (src\logger.rs:66)
   GDScript backtrace (most recent call first):
       [0] _process (res://addons/GdPlanningAI/gdpai_autoload.gd:21)
[GdPAI | debug] ApplyEffect [Before] ID=InstanceId(-9223367323262343262): agent props = {"hunger": 70.0627442063492, "held_item": "wood", "at_target": null, "entity": null}
[GdPAI | debug] ApplyEffect [After] ID=InstanceId(-9223367323262343262): agent props = {"hunger": 70.0627442063492, "held_item": "wood", "at_target": null, "entity": null}
[GdPAI | debug]   Snapshotting prop: hunger = Float(70.0627442063492) (Variant type: FLOAT)
[GdPAI | debug]   Snapshotting prop: held_item = Str("wood") (Variant type: STRING)
[GdPAI | debug]   Snapshotting prop: at_target = Nil (Variant type: NIL)
[GdPAI | debug]   Snapshotting prop: entity = Nil (Variant type: NIL)
WARNING: [GdPAI] ObjectRef(1382643928884): object was freed before callback; returning Nil.
   at: gdplanningai_rust::logger::process_logs (src\logger.rs:66)
   GDScript backtrace (most recent call first):
       [0] _process (res://addons/GdPlanningAI/gdpai_autoload.gd:21)
WARNING: [GdPAI] ObjectRef(1382643928884): object was freed before callback; returning Nil.
   at: gdplanningai_rust::logger::process_logs (src\logger.rs:66)
   GDScript backtrace (most recent call first):
       [0] _process (res://addons/GdPlanningAI/gdpai_autoload.gd:21)
[GdPAI | debug] Discovery: Starting simulation for action Go To
WARNING: [GdPAI] ObjectRef(124621163998): object was freed before callback; returning Nil.
   at: gdplanningai_rust::logger::process_logs (src\logger.rs:66)
   GDScript backtrace (most recent call first):
       [0] _finish_current_plan (res://test/integration/test_hunger_example_smoke.gd:98)
WARNING: [GdPAI] ObjectRef(124621163998): object was freed before callback; returning Nil.
   at: gdplanningai_rust::logger::process_logs (src\logger.rs:66)
   GDScript backtrace (most recent call first):
       [0] _finish_current_plan (res://test/integration/test_hunger_example_smoke.gd:98)
[GdPAI | debug] GetCost: callable returned non-numeric value: null; returning INFINITY
WARNING: [GdPAI] ObjectRef(1382643928884): object was freed before callback; returning Nil.
   at: gdplanningai_rust::logger::process_logs (src\logger.rs:66)
   GDScript backtrace (most recent call first):
       [0] _finish_current_plan (res://test/integration/test_hunger_example_smoke.gd:98)
WARNING: [GdPAI] ObjectRef(1382643928884): object was freed before callback; returning Nil.
   at: gdplanningai_rust::logger::process_logs (src\logger.rs:66)
   GDScript backtrace (most recent call first):
       [0] _finish_current_plan (res://test/integration/test_hunger_example_smoke.gd:98)
[GdPAI | debug] GetCost: callable returned non-numeric value: null; returning INFINITY
WARNING: [GdPAI] ObjectRef(124621163998): object was freed before callback; returning Nil.
   at: gdplanningai_rust::logger::process_logs (src\logger.rs:66)
   GDScript backtrace (most recent call first):
       [0] _process (res://addons/GdPlanningAI/gdpai_autoload.gd:21)
WARNING: [GdPAI] ObjectRef(124621163998): object was freed before callback; returning Nil.
   at: gdplanningai_rust::logger::process_logs (src\logger.rs:66)
   GDScript backtrace (most recent call first):
       [0] _process (res://addons/GdPlanningAI/gdpai_autoload.gd:21)
[GdPAI | debug] ApplyEffect [Before] ID=InstanceId(-9223367320594765891): agent props = {"held_item": "", "hunger": 70.0627442063492, "entity": null}
[GdPAI | debug] ApplyEffect [After] ID=InstanceId(-9223367320594765891): agent props = {"held_item": "", "hunger": 70.0627442063492, "entity": null}
[GdPAI | debug]   Snapshotting prop: held_item = Str("") (Variant type: STRING)
[GdPAI | debug]   Snapshotting prop: hunger = Float(70.0627442063492) (Variant type: FLOAT)
[GdPAI | debug]   Snapshotting prop: entity = Nil (Variant type: NIL)
WARNING: [GdPAI] ObjectRef(1382643928884): object was freed before callback; returning Nil.
   at: gdplanningai_rust::logger::process_logs (src\logger.rs:66)
   GDScript backtrace (most recent call first):
       [0] _process (res://addons/GdPlanningAI/gdpai_autoload.gd:21)
WARNING: [GdPAI] ObjectRef(1382643928884): object was freed before callback; returning Nil.
   at: gdplanningai_rust::logger::process_logs (src\logger.rs:66)
   GDScript backtrace (most recent call first):
       [0] _process (res://addons/GdPlanningAI/gdpai_autoload.gd:21)
[GdPAI | debug] ApplyEffect [Before] ID=InstanceId(-9223367320024340547): agent props = {"hunger": 95.0603725, "held_item": "", "entity": null}
[GdPAI | debug] ApplyEffect [After] ID=InstanceId(-9223367320024340547): agent props = {"hunger": 95.0603725, "held_item": "", "entity": null}
[GdPAI | debug]   Snapshotting prop: hunger = Float(95.0603725) (Variant type: FLOAT)
[GdPAI | debug]   Snapshotting prop: held_item = Str("") (Variant type: STRING)
[GdPAI | debug]   Snapshotting prop: entity = Nil (Variant type: NIL)
[GdPAI | debug] Discovery: Simulation success for Go To. Agent props: {"entity": Nil, "hunger": Float(95.0603725), "held_item": Str("")}
[GdPAI | debug] Discovery: Action Go To satisfied precond Builtin { target: Agent, operation: Equal, property_name: "held_item", value: Some(Str("")) }
[GdPAI | debug] Found candidate: Go To (satisfied preconds: [0], requirements: [0, 1])
[GdPAI | debug] Discovery: Starting simulation for action Eat Held Food
WARNING: [GdPAI] ObjectRef(124621163998): object was freed before callback; returning Nil.
   at: gdplanningai_rust::logger::process_logs (src\logger.rs:66)
   GDScript backtrace (most recent call first):
       [0] _finish_current_plan (res://test/integration/test_hunger_example_smoke.gd:98)
[GdPAI | debug] GetCost: callable returned non-numeric value: null; returning INFINITY
WARNING: [GdPAI] ObjectRef(1382643928884): object was freed before callback; returning Nil.
   at: gdplanningai_rust::logger::process_logs (src\logger.rs:66)
   GDScript backtrace (most recent call first):
       [0] _finish_current_plan (res://test/integration/test_hunger_example_smoke.gd:98)
WARNING: [GdPAI] ObjectRef(1382643928884): object was freed before callback; returning Nil.
   at: gdplanningai_rust::logger::process_logs (src\logger.rs:66)
   GDScript backtrace (most recent call first):
       [0] _finish_current_plan (res://test/integration/test_hunger_example_smoke.gd:98)
[GdPAI | debug] GetCost: callable returned non-numeric value: null; returning INFINITY
WARNING: [GdPAI] ObjectRef(124621163998): object was freed before callback; returning Nil.
   at: gdplanningai_rust::logger::process_logs (src\logger.rs:66)
   GDScript backtrace (most recent call first):
       [0] _process (res://addons/GdPlanningAI/gdpai_autoload.gd:21)
[GdPAI | debug] ApplyEffect [Before] ID=InstanceId(-9223367317927188535): agent props = {"hunger": 70.0627442063492, "held_item": "", "entity": null}
[GdPAI | debug] ApplyEffect [After] ID=InstanceId(-9223367317927188535): agent props = {"hunger": 70.0627442063492, "held_item": "", "entity": null}
[GdPAI | debug]   Snapshotting prop: hunger = Float(70.0627442063492) (Variant type: FLOAT)
[GdPAI | debug]   Snapshotting prop: held_item = Str("") (Variant type: STRING)
[GdPAI | debug]   Snapshotting prop: entity = Nil (Variant type: NIL)
WARNING: [GdPAI] ObjectRef(1382643928884): object was freed before callback; returning Nil.
   at: gdplanningai_rust::logger::process_logs (src\logger.rs:66)
   GDScript backtrace (most recent call first):
       [0] _process (res://addons/GdPlanningAI/gdpai_autoload.gd:21)
WARNING: [GdPAI] ObjectRef(1382643928884): object was freed before callback; returning Nil.
   at: gdplanningai_rust::logger::process_logs (src\logger.rs:66)
   GDScript backtrace (most recent call first):
       [0] _process (res://addons/GdPlanningAI/gdpai_autoload.gd:21)
[GdPAI | debug] ApplyEffect [Before] ID=InstanceId(-9223367317356763191): agent props = {"entity": null, "hunger": 95.0603725, "held_item": ""}
[GdPAI | debug] ApplyEffect [After] ID=InstanceId(-9223367317356763191): agent props = {"entity": null, "hunger": 95.0603725, "held_item": ""}
[GdPAI | debug]   Snapshotting prop: entity = Nil (Variant type: NIL)
[GdPAI | debug]   Snapshotting prop: hunger = Float(95.0603725) (Variant type: FLOAT)
[GdPAI | debug]   Snapshotting prop: held_item = Str("") (Variant type: STRING)
[GdPAI | debug] Discovery: Simulation success for Eat Held Food. Agent props: {"hunger": Float(95.0603725), "entity": Nil, "held_item": Str("")}
[GdPAI | debug] Discovery: Action Eat Held Food satisfied precond Builtin { target: Agent, operation: Equal, property_name: "held_item", value: Some(Str("")) }
[GdPAI | debug] Found candidate: Eat Held Food (satisfied preconds: [0], requirements: [])
WARNING: [GdPAI] ObjectRef(124621163998): object was freed before callback; returning Nil.
   at: gdplanningai_rust::logger::process_logs (src\logger.rs:66)
   GDScript backtrace (most recent call first):
       [0] _finish_current_plan (res://test/integration/test_hunger_example_smoke.gd:98)
[GdPAI | debug] GetCost: callable returned non-numeric value: null; returning INFINITY
WARNING: [GdPAI] ObjectRef(1382643928884): object was freed before callback; returning Nil.
   at: gdplanningai_rust::logger::process_logs (src\logger.rs:66)
   GDScript backtrace (most recent call first):
       [0] _finish_current_plan (res://test/integration/test_hunger_example_smoke.gd:98)
WARNING: [GdPAI] ObjectRef(1382643928884): object was freed before callback; returning Nil.
   at: gdplanningai_rust::logger::process_logs (src\logger.rs:66)
   GDScript backtrace (most recent call first):
       [0] _finish_current_plan (res://test/integration/test_hunger_example_smoke.gd:98)
[GdPAI | debug] Discovery: Starting simulation for action Go To
WARNING: [GdPAI] ObjectRef(124621163998): object was freed before callback; returning Nil.
   at: gdplanningai_rust::logger::process_logs (src\logger.rs:66)
   GDScript backtrace (most recent call first):
       [0] _process (res://addons/GdPlanningAI/gdpai_autoload.gd:21)
[GdPAI | debug] ApplyEffect [Before] ID=InstanceId(-9223367315309942843): agent props = {"hunger": 70.0627442063492, "entity": null, "held_item": "wood"}
[GdPAI | debug] ApplyEffect [After] ID=InstanceId(-9223367315309942843): agent props = {"hunger": 70.0627442063492, "entity": null, "held_item": "wood"}
[GdPAI | debug]   Snapshotting prop: hunger = Float(70.0627442063492) (Variant type: FLOAT)
[GdPAI | debug]   Snapshotting prop: entity = Nil (Variant type: NIL)
[GdPAI | debug]   Snapshotting prop: held_item = Str("wood") (Variant type: STRING)
WARNING: [GdPAI] ObjectRef(1382643928884): object was freed before callback; returning Nil.
   at: gdplanningai_rust::logger::process_logs (src\logger.rs:66)
   GDScript backtrace (most recent call first):
       [0] _process (res://addons/GdPlanningAI/gdpai_autoload.gd:21)
WARNING: [GdPAI] ObjectRef(1382643928884): object was freed before callback; returning Nil.
   at: gdplanningai_rust::logger::process_logs (src\logger.rs:66)
   GDScript backtrace (most recent call first):
       [0] _process (res://addons/GdPlanningAI/gdpai_autoload.gd:21)
[GdPAI | debug] GetCost: callable returned non-numeric value: null; returning INFINITY
WARNING: [GdPAI] ObjectRef(124621163998): object was freed before callback; returning Nil.
   at: gdplanningai_rust::logger::process_logs (src\logger.rs:66)
   GDScript backtrace (most recent call first):
       [0] _finish_current_plan (res://test/integration/test_hunger_example_smoke.gd:98)
[GdPAI | debug] GetCost: callable returned non-numeric value: null; returning INFINITY
WARNING: [GdPAI] ObjectRef(1382643928884): object was freed before callback; returning Nil.
   at: gdplanningai_rust::logger::process_logs (src\logger.rs:66)
   GDScript backtrace (most recent call first):
       [0] _finish_current_plan (res://test/integration/test_hunger_example_smoke.gd:98)
WARNING: [GdPAI] ObjectRef(1382643928884): object was freed before callback; returning Nil.
   at: gdplanningai_rust::logger::process_logs (src\logger.rs:66)
   GDScript backtrace (most recent call first):
       [0] _finish_current_plan (res://test/integration/test_hunger_example_smoke.gd:98)
[GdPAI | debug] ApplyEffect [Before] ID=InstanceId(-9223367313430894615): agent props = {"hunger": 95.0603725, "entity": null, "held_item": ""}
[GdPAI | debug] ApplyEffect [After] ID=InstanceId(-9223367313430894615): agent props = {"hunger": 95.0603725, "entity": null, "held_item": ""}
[GdPAI | debug]   Snapshotting prop: hunger = Float(95.0603725) (Variant type: FLOAT)
[GdPAI | debug]   Snapshotting prop: entity = Nil (Variant type: NIL)
[GdPAI | debug]   Snapshotting prop: held_item = Str("") (Variant type: STRING)
[GdPAI | debug] Discovery: Simulation success for Go To. Agent props: {"entity": Nil, "held_item": Str(""), "hunger": Float(95.0603725)}
[GdPAI | debug] Discovery: Action Go To satisfied precond Builtin { target: Agent, operation: Equal, property_name: "held_item", value: Some(Str("")) }
[GdPAI | debug] Found candidate: Go To (satisfied preconds: [0], requirements: [0, 1])
[GdPAI | debug] Discovery: Starting simulation for action Drop Item
WARNING: [GdPAI] ObjectRef(124621163998): object was freed before callback; returning Nil.
   at: gdplanningai_rust::logger::process_logs (src\logger.rs:66)
   GDScript backtrace (most recent call first):
       [0] _process (res://addons/GdPlanningAI/gdpai_autoload.gd:21)
[GdPAI | debug] ApplyEffect [Before] ID=InstanceId(-9223367312692697203): agent props = {"hunger": 70.0627442063492, "held_item": "wood", "entity": null}
[GdPAI | debug] ApplyEffect [After] ID=InstanceId(-9223367312692697203): agent props = {"hunger": 70.0627442063492, "held_item": "wood", "entity": null}
[GdPAI | debug]   Snapshotting prop: hunger = Float(70.0627442063492) (Variant type: FLOAT)
[GdPAI | debug]   Snapshotting prop: held_item = Str("wood") (Variant type: STRING)
[GdPAI | debug]   Snapshotting prop: entity = Nil (Variant type: NIL)
WARNING: [GdPAI] ObjectRef(1382643928884): object was freed before callback; returning Nil.
   at: gdplanningai_rust::logger::process_logs (src\logger.rs:66)
   GDScript backtrace (most recent call first):
       [0] _process (res://addons/GdPlanningAI/gdpai_autoload.gd:21)
WARNING: [GdPAI] ObjectRef(1382643928884): object was freed before callback; returning Nil.
   at: gdplanningai_rust::logger::process_logs (src\logger.rs:66)
   GDScript backtrace (most recent call first):
       [0] _process (res://addons/GdPlanningAI/gdpai_autoload.gd:21)
[GdPAI | debug] GetCost: callable returned non-numeric value: null; returning INFINITY
WARNING: [GdPAI] ObjectRef(124621163998): object was freed before callback; returning Nil.
   at: gdplanningai_rust::logger::process_logs (src\logger.rs:66)
   GDScript backtrace (most recent call first):
       [0] _finish_current_plan (res://test/integration/test_hunger_example_smoke.gd:98)
[GdPAI | debug] GetCost: callable returned non-numeric value: null; returning INFINITY
WARNING: [GdPAI] ObjectRef(1382643928884): object was freed before callback; returning Nil.
   at: gdplanningai_rust::logger::process_logs (src\logger.rs:66)
   GDScript backtrace (most recent call first):
       [0] _finish_current_plan (res://test/integration/test_hunger_example_smoke.gd:98)
WARNING: [GdPAI] ObjectRef(1382643928884): object was freed before callback; returning Nil.
   at: gdplanningai_rust::logger::process_logs (src\logger.rs:66)
   GDScript backtrace (most recent call first):
       [0] _finish_current_plan (res://test/integration/test_hunger_example_smoke.gd:98)
[GdPAI | debug] ApplyEffect [Before] ID=InstanceId(-9223367310813648916): agent props = {"held_item": "", "entity": null, "hunger": 95.0603725}
[GdPAI | debug] ApplyEffect [After] ID=InstanceId(-9223367310813648916): agent props = {"held_item": "", "entity": null, "hunger": 95.0603725}
[GdPAI | debug]   Snapshotting prop: held_item = Str("") (Variant type: STRING)
[GdPAI | debug]   Snapshotting prop: entity = Nil (Variant type: NIL)
[GdPAI | debug]   Snapshotting prop: hunger = Float(95.0603725) (Variant type: FLOAT)
[GdPAI | debug] Discovery: Simulation success for Drop Item. Agent props: {"held_item": Str(""), "entity": Nil, "hunger": Float(95.0603725)}
[GdPAI | debug] Discovery: Action Drop Item satisfied precond Builtin { target: Agent, operation: Equal, property_name: "held_item", value: Some(Str("")) }
[GdPAI | debug] Found candidate: Drop Item (satisfied preconds: [0], requirements: [])
[GdPAI | debug] Discovery: Starting simulation for action Add Fuel
WARNING: [GdPAI] ObjectRef(124621163998): object was freed before callback; returning Nil.
   at: gdplanningai_rust::logger::process_logs (src\logger.rs:66)
   GDScript backtrace (most recent call first):
       [0] _process (res://addons/GdPlanningAI/gdpai_autoload.gd:21)
[GdPAI | debug] ApplyEffect [Before] ID=InstanceId(-9223367310075451420): agent props = {"entity": null, "held_item": "wood", "hunger": 70.0627442063492}
[GdPAI | debug] ApplyEffect [After] ID=InstanceId(-9223367310075451420): agent props = {"entity": null, "held_item": "wood", "hunger": 70.0627442063492}
[GdPAI | debug]   Snapshotting prop: entity = Nil (Variant type: NIL)
[GdPAI | debug]   Snapshotting prop: held_item = Str("wood") (Variant type: STRING)
[GdPAI | debug]   Snapshotting prop: hunger = Float(70.0627442063492) (Variant type: FLOAT)
WARNING: [GdPAI] ObjectRef(1382643928884): object was freed before callback; returning Nil.
   at: gdplanningai_rust::logger::process_logs (src\logger.rs:66)
   GDScript backtrace (most recent call first):
       [0] _process (res://addons/GdPlanningAI/gdpai_autoload.gd:21)
WARNING: [GdPAI] ObjectRef(1382643928884): object was freed before callback; returning Nil.
   at: gdplanningai_rust::logger::process_logs (src\logger.rs:66)
   GDScript backtrace (most recent call first):
       [0] _process (res://addons/GdPlanningAI/gdpai_autoload.gd:21)
[GdPAI | debug] GetCost: callable returned non-numeric value: null; returning INFINITY
WARNING: [GdPAI] ObjectRef(124621163998): object was freed before callback; returning Nil.
   at: gdplanningai_rust::logger::process_logs (src\logger.rs:66)
   GDScript backtrace (most recent call first):
       [0] _finish_current_plan (res://test/integration/test_hunger_example_smoke.gd:98)
[GdPAI | debug] GetCost: callable returned non-numeric value: null; returning INFINITY
WARNING: [GdPAI] ObjectRef(1382643928884): object was freed before callback; returning Nil.
   at: gdplanningai_rust::logger::process_logs (src\logger.rs:66)
   GDScript backtrace (most recent call first):
       [0] _finish_current_plan (res://test/integration/test_hunger_example_smoke.gd:98)
WARNING: [GdPAI] ObjectRef(1382643928884): object was freed before callback; returning Nil.
   at: gdplanningai_rust::logger::process_logs (src\logger.rs:66)
   GDScript backtrace (most recent call first):
       [0] _finish_current_plan (res://test/integration/test_hunger_example_smoke.gd:98)
[GdPAI | debug] ApplyEffect [Before] ID=InstanceId(-9223367308196403194): agent props = {"entity": null, "held_item": "wood", "hunger": 95.0603725}
[GdPAI | debug] ApplyEffect [After] ID=InstanceId(-9223367308196403194): agent props = {"entity": null, "held_item": "wood", "hunger": 95.0603725}
[GdPAI | debug]   Snapshotting prop: entity = Nil (Variant type: NIL)
[GdPAI | debug]   Snapshotting prop: held_item = Str("wood") (Variant type: STRING)
[GdPAI | debug]   Snapshotting prop: hunger = Float(95.0603725) (Variant type: FLOAT)
[GdPAI | debug] Discovery: Simulation success for Add Fuel. Agent props: {"held_item": Str("wood"), "hunger": Float(95.0603725), "entity": Nil}
[GdPAI | debug] Discovery: Action Add Fuel did NOT satisfy precond Builtin { target: Agent, operation: Equal, property_name: "held_item", value: Some(Str("")) }
WARNING: [GdPAI] ObjectRef(124621163998): object was freed before callback; returning Nil.
   at: gdplanningai_rust::logger::process_logs (src\logger.rs:66)
   GDScript backtrace (most recent call first):
       [0] _process (res://addons/GdPlanningAI/gdpai_autoload.gd:21)
[GdPAI | debug] ApplyEffect [Before] ID=InstanceId(-9223367307458205686): agent props = {"held_item": "wood", "entity": null, "hunger": 70.0627442063492}
[GdPAI | debug] ApplyEffect [After] ID=InstanceId(-9223367307458205686): agent props = {"held_item": "wood", "entity": null, "hunger": 70.0627442063492}
[GdPAI | debug]   Snapshotting prop: held_item = Str("wood") (Variant type: STRING)
[GdPAI | debug]   Snapshotting prop: entity = Nil (Variant type: NIL)
[GdPAI | debug]   Snapshotting prop: hunger = Float(70.0627442063492) (Variant type: FLOAT)
WARNING: [GdPAI] ObjectRef(1382643928884): object was freed before callback; returning Nil.
   at: gdplanningai_rust::logger::process_logs (src\logger.rs:66)
   GDScript backtrace (most recent call first):
       [0] _process (res://addons/GdPlanningAI/gdpai_autoload.gd:21)
WARNING: [GdPAI] ObjectRef(1382643928884): object was freed before callback; returning Nil.
   at: gdplanningai_rust::logger::process_logs (src\logger.rs:66)
   GDScript backtrace (most recent call first):
       [0] _process (res://addons/GdPlanningAI/gdpai_autoload.gd:21)
[GdPAI | debug] Numeric comparison: 70.0627442063492 GreaterThan 0 -> true
[GdPAI | debug] Discovery: Action Cook Potato failed validity check, skipping
[GdPAI | debug] Discovery: Starting simulation for action Pick Up Wood
WARNING: [GdPAI] ObjectRef(124621163998): object was freed before callback; returning Nil.
   at: gdplanningai_rust::logger::process_logs (src\logger.rs:66)
   GDScript backtrace (most recent call first):
       [0] _finish_current_plan (res://test/integration/test_hunger_example_smoke.gd:98)
WARNING: [GdPAI] ObjectRef(124621163998): object was freed before callback; returning Nil.
   at: gdplanningai_rust::logger::process_logs (src\logger.rs:66)
   GDScript backtrace (most recent call first):
       [0] _finish_current_plan (res://test/integration/test_hunger_example_smoke.gd:98)
WARNING: [GdPAI] ObjectRef(124134624705): object was freed before callback; returning Nil.
   at: gdplanningai_rust::logger::process_logs (src\logger.rs:66)
   GDScript backtrace (most recent call first):
       [0] _finish_current_plan (res://test/integration/test_hunger_example_smoke.gd:98)
WARNING: [GdPAI] ObjectRef(125510356497): object was freed before callback; returning Nil.
   at: gdplanningai_rust::logger::process_logs (src\logger.rs:66)
   GDScript backtrace (most recent call first):
       [0] _finish_current_plan (res://test/integration/test_hunger_example_smoke.gd:98)
WARNING: [GdPAI] ObjectRef(124134624705): object was freed before callback; returning Nil.
   at: gdplanningai_rust::logger::process_logs (src\logger.rs:66)
   GDScript backtrace (most recent call first):
       [0] _finish_current_plan (res://test/integration/test_hunger_example_smoke.gd:98)
WARNING: [GdPAI] ObjectRef(124134624705): object was freed before callback; returning Nil.
   at: gdplanningai_rust::logger::process_logs (src\logger.rs:66)
   GDScript backtrace (most recent call first):
       [0] _finish_current_plan (res://test/integration/test_hunger_example_smoke.gd:98)
WARNING: [GdPAI] ObjectRef(125510356497): object was freed before callback; returning Nil.
   at: gdplanningai_rust::logger::process_logs (src\logger.rs:66)
   GDScript backtrace (most recent call first):
       [0] _finish_current_plan (res://test/integration/test_hunger_example_smoke.gd:98)
WARNING: [GdPAI] ObjectRef(124134624705): object was freed before callback; returning Nil.
   at: gdplanningai_rust::logger::process_logs (src\logger.rs:66)
   GDScript backtrace (most recent call first):
       [0] _finish_current_plan (res://test/integration/test_hunger_example_smoke.gd:98)
[GdPAI | debug] GetCost: callable returned non-numeric value: null; returning INFINITY
WARNING: [GdPAI] ObjectRef(1382643928884): object was freed before callback; returning Nil.
   at: gdplanningai_rust::logger::process_logs (src\logger.rs:66)
   GDScript backtrace (most recent call first):
       [0] _finish_current_plan (res://test/integration/test_hunger_example_smoke.gd:98)
WARNING: [GdPAI] ObjectRef(1382643928884): object was freed before callback; returning Nil.
   at: gdplanningai_rust::logger::process_logs (src\logger.rs:66)
   GDScript backtrace (most recent call first):
       [0] _finish_current_plan (res://test/integration/test_hunger_example_smoke.gd:98)
[GdPAI | debug] GetCost: callable returned non-numeric value: null; returning INFINITY
WARNING: [GdPAI] ObjectRef(124621163998): object was freed before callback; returning Nil.
   at: gdplanningai_rust::logger::process_logs (src\logger.rs:66)
   GDScript backtrace (most recent call first):
       [0] _process (res://addons/GdPlanningAI/gdpai_autoload.gd:21)
WARNING: [GdPAI] ObjectRef(124621163998): object was freed before callback; returning Nil.
   at: gdplanningai_rust::logger::process_logs (src\logger.rs:66)
   GDScript backtrace (most recent call first):
       [0] _process (res://addons/GdPlanningAI/gdpai_autoload.gd:21)
WARNING: [GdPAI] ObjectRef(124134624705): object was freed before callback; returning Nil.
   at: gdplanningai_rust::logger::process_logs (src\logger.rs:66)
   GDScript backtrace (most recent call first):
       [0] _process (res://addons/GdPlanningAI/gdpai_autoload.gd:21)
WARNING: [GdPAI] ObjectRef(125510356497): object was freed before callback; returning Nil.
   at: gdplanningai_rust::logger::process_logs (src\logger.rs:66)
   GDScript backtrace (most recent call first):
       [0] _process (res://addons/GdPlanningAI/gdpai_autoload.gd:21)
WARNING: [GdPAI] ObjectRef(124134624705): object was freed before callback; returning Nil.
   at: gdplanningai_rust::logger::process_logs (src\logger.rs:66)
   GDScript backtrace (most recent call first):
       [0] _process (res://addons/GdPlanningAI/gdpai_autoload.gd:21)
WARNING: [GdPAI] ObjectRef(124134624705): object was freed before callback; returning Nil.
   at: gdplanningai_rust::logger::process_logs (src\logger.rs:66)
   GDScript backtrace (most recent call first):
       [0] _process (res://addons/GdPlanningAI/gdpai_autoload.gd:21)
WARNING: [GdPAI] ObjectRef(125510356497): object was freed before callback; returning Nil.
   at: gdplanningai_rust::logger::process_logs (src\logger.rs:66)
   GDScript backtrace (most recent call first):
       [0] _process (res://addons/GdPlanningAI/gdpai_autoload.gd:21)
WARNING: [GdPAI] ObjectRef(124134624705): object was freed before callback; returning Nil.
   at: gdplanningai_rust::logger::process_logs (src\logger.rs:66)
   GDScript backtrace (most recent call first):
       [0] _process (res://addons/GdPlanningAI/gdpai_autoload.gd:21)
[GdPAI | debug] ApplyEffect [Before] ID=InstanceId(-9223367304488638421): agent props = {"held_item": "", "hunger": 70.0627442063492, "entity": null, "at_target": null}
[GdPAI | debug] ApplyEffect [After] ID=InstanceId(-9223367304488638421): agent props = {"held_item": "", "hunger": 70.0627442063492, "entity": null, "at_target": null}
[GdPAI | debug]   Snapshotting prop: held_item = Str("") (Variant type: STRING)
[GdPAI | debug]   Snapshotting prop: hunger = Float(70.0627442063492) (Variant type: FLOAT)
[GdPAI | debug]   Snapshotting prop: entity = Nil (Variant type: NIL)
[GdPAI | debug]   Snapshotting prop: at_target = Nil (Variant type: NIL)
WARNING: [GdPAI] ObjectRef(1382643928884): object was freed before callback; returning Nil.
   at: gdplanningai_rust::logger::process_logs (src\logger.rs:66)
   GDScript backtrace (most recent call first):
       [0] _process (res://addons/GdPlanningAI/gdpai_autoload.gd:21)
WARNING: [GdPAI] ObjectRef(1382643928884): object was freed before callback; returning Nil.
   at: gdplanningai_rust::logger::process_logs (src\logger.rs:66)
   GDScript backtrace (most recent call first):
       [0] _process (res://addons/GdPlanningAI/gdpai_autoload.gd:21)
[GdPAI | debug] ApplyEffect [Before] ID=InstanceId(-9223367303918213077): agent props = {"hunger": 95.0603725, "held_item": "", "entity": null}
[GdPAI | debug] ApplyEffect [After] ID=InstanceId(-9223367303918213077): agent props = {"hunger": 95.0603725, "held_item": "", "entity": null}
[GdPAI | debug]   Snapshotting prop: hunger = Float(95.0603725) (Variant type: FLOAT)
[GdPAI | debug]   Snapshotting prop: held_item = Str("") (Variant type: STRING)
[GdPAI | debug]   Snapshotting prop: entity = Nil (Variant type: NIL)
[GdPAI | debug] Discovery: Simulation success for Pick Up Wood. Agent props: {"entity": Nil, "hunger": Float(95.0603725), "held_item": Str("")}
[GdPAI | debug] Discovery: Action Pick Up Wood satisfied precond Builtin { target: Agent, operation: Equal, property_name: "held_item", value: Some(Str("")) }
[GdPAI | debug] Found candidate: Pick Up Wood (satisfied preconds: [0], requirements: [])
[GdPAI | debug] Discovery: Starting simulation for action Pick Up Wood
WARNING: [GdPAI] ObjectRef(124621163998): object was freed before callback; returning Nil.
   at: gdplanningai_rust::logger::process_logs (src\logger.rs:66)
   GDScript backtrace (most recent call first):
       [0] _finish_current_plan (res://test/integration/test_hunger_example_smoke.gd:98)
WARNING: [GdPAI] ObjectRef(124134624705): object was freed before callback; returning Nil.
   at: gdplanningai_rust::logger::process_logs (src\logger.rs:66)
   GDScript backtrace (most recent call first):
       [0] _finish_current_plan (res://test/integration/test_hunger_example_smoke.gd:98)
WARNING: [GdPAI] ObjectRef(124134624705): object was freed before callback; returning Nil.
   at: gdplanningai_rust::logger::process_logs (src\logger.rs:66)
   GDScript backtrace (most recent call first):
       [0] _finish_current_plan (res://test/integration/test_hunger_example_smoke.gd:98)
[GdPAI | debug] GetCost: callable returned non-numeric value: null; returning INFINITY
WARNING: [GdPAI] ObjectRef(1382643928884): object was freed before callback; returning Nil.
   at: gdplanningai_rust::logger::process_logs (src\logger.rs:66)
   GDScript backtrace (most recent call first):
       [0] _finish_current_plan (res://test/integration/test_hunger_example_smoke.gd:98)
WARNING: [GdPAI] ObjectRef(1382643928884): object was freed before callback; returning Nil.
   at: gdplanningai_rust::logger::process_logs (src\logger.rs:66)
   GDScript backtrace (most recent call first):
       [0] _finish_current_plan (res://test/integration/test_hunger_example_smoke.gd:98)
[GdPAI | debug] GetCost: callable returned non-numeric value: null; returning INFINITY
WARNING: [GdPAI] ObjectRef(124621163998): object was freed before callback; returning Nil.
   at: gdplanningai_rust::logger::process_logs (src\logger.rs:66)
   GDScript backtrace (most recent call first):
       [0] _process (res://addons/GdPlanningAI/gdpai_autoload.gd:21)
WARNING: [GdPAI] ObjectRef(124134624705): object was freed before callback; returning Nil.
   at: gdplanningai_rust::logger::process_logs (src\logger.rs:66)
   GDScript backtrace (most recent call first):
       [0] _process (res://addons/GdPlanningAI/gdpai_autoload.gd:21)
WARNING: [GdPAI] ObjectRef(124134624705): object was freed before callback; returning Nil.
   at: gdplanningai_rust::logger::process_logs (src\logger.rs:66)
   GDScript backtrace (most recent call first):
       [0] _process (res://addons/GdPlanningAI/gdpai_autoload.gd:21)
[GdPAI | debug] ApplyEffect [Before] ID=InstanceId(-9223367301418407872): agent props = {"hunger": 70.0627442063492, "entity": null, "at_target": null, "held_item": ""}
[GdPAI | debug] ApplyEffect [After] ID=InstanceId(-9223367301418407872): agent props = {"hunger": 70.0627442063492, "entity": null, "at_target": null, "held_item": ""}
[GdPAI | debug]   Snapshotting prop: hunger = Float(70.0627442063492) (Variant type: FLOAT)
[GdPAI | debug]   Snapshotting prop: entity = Nil (Variant type: NIL)
[GdPAI | debug]   Snapshotting prop: at_target = Nil (Variant type: NIL)
[GdPAI | debug]   Snapshotting prop: held_item = Str("") (Variant type: STRING)
WARNING: [GdPAI] ObjectRef(1382643928884): object was freed before callback; returning Nil.
   at: gdplanningai_rust::logger::process_logs (src\logger.rs:66)
   GDScript backtrace (most recent call first):
       [0] _process (res://addons/GdPlanningAI/gdpai_autoload.gd:21)
WARNING: [GdPAI] ObjectRef(1382643928884): object was freed before callback; returning Nil.
   at: gdplanningai_rust::logger::process_logs (src\logger.rs:66)
   GDScript backtrace (most recent call first):
       [0] _process (res://addons/GdPlanningAI/gdpai_autoload.gd:21)
[GdPAI | debug] ApplyEffect [Before] ID=InstanceId(-9223367300847982528): agent props = {"held_item": "", "entity": null, "hunger": 95.0603725}
[GdPAI | debug] ApplyEffect [After] ID=InstanceId(-9223367300847982528): agent props = {"held_item": "", "entity": null, "hunger": 95.0603725}
[GdPAI | debug]   Snapshotting prop: held_item = Str("") (Variant type: STRING)
[GdPAI | debug]   Snapshotting prop: entity = Nil (Variant type: NIL)
[GdPAI | debug]   Snapshotting prop: hunger = Float(95.0603725) (Variant type: FLOAT)
[GdPAI | debug] Discovery: Simulation success for Pick Up Wood. Agent props: {"entity": Nil, "held_item": Str(""), "hunger": Float(95.0603725)}
[GdPAI | debug] Discovery: Action Pick Up Wood satisfied precond Builtin { target: Agent, operation: Equal, property_name: "held_item", value: Some(Str("")) }
[GdPAI | debug] Found candidate: Pick Up Wood (satisfied preconds: [0], requirements: [])
[GdPAI | debug] Discovery: Starting simulation for action Pick Up Wood
WARNING: [GdPAI] ObjectRef(124621163998): object was freed before callback; returning Nil.
   at: gdplanningai_rust::logger::process_logs (src\logger.rs:66)
   GDScript backtrace (most recent call first):
       [0] _finish_current_plan (res://test/integration/test_hunger_example_smoke.gd:98)
[GdPAI | debug] GetCost: callable returned non-numeric value: null; returning INFINITY
WARNING: [GdPAI] ObjectRef(1382643928884): object was freed before callback; returning Nil.
   at: gdplanningai_rust::logger::process_logs (src\logger.rs:66)
   GDScript backtrace (most recent call first):
       [0] _finish_current_plan (res://test/integration/test_hunger_example_smoke.gd:98)
WARNING: [GdPAI] ObjectRef(1382643928884): object was freed before callback; returning Nil.
   at: gdplanningai_rust::logger::process_logs (src\logger.rs:66)
   GDScript backtrace (most recent call first):
       [0] _finish_current_plan (res://test/integration/test_hunger_example_smoke.gd:98)
[GdPAI | debug] GetCost: callable returned non-numeric value: null; returning INFINITY
WARNING: [GdPAI] ObjectRef(124621163998): object was freed before callback; returning Nil.
   at: gdplanningai_rust::logger::process_logs (src\logger.rs:66)
   GDScript backtrace (most recent call first):
       [0] _process (res://addons/GdPlanningAI/gdpai_autoload.gd:21)
[GdPAI | debug] ApplyEffect [Before] ID=InstanceId(-9223367298700498847): agent props = {"entity": null, "at_target": null, "held_item": "wood", "hunger": 70.0627442063492}
[GdPAI | debug] ApplyEffect [After] ID=InstanceId(-9223367298700498847): agent props = {"entity": null, "at_target": null, "held_item": "wood", "hunger": 70.0627442063492}
[GdPAI | debug]   Snapshotting prop: entity = Nil (Variant type: NIL)
[GdPAI | debug]   Snapshotting prop: at_target = Nil (Variant type: NIL)
[GdPAI | debug]   Snapshotting prop: held_item = Str("wood") (Variant type: STRING)
[GdPAI | debug]   Snapshotting prop: hunger = Float(70.0627442063492) (Variant type: FLOAT)
WARNING: [GdPAI] ObjectRef(1382643928884): object was freed before callback; returning Nil.
   at: gdplanningai_rust::logger::process_logs (src\logger.rs:66)
   GDScript backtrace (most recent call first):
       [0] _process (res://addons/GdPlanningAI/gdpai_autoload.gd:21)
WARNING: [GdPAI] ObjectRef(1382643928884): object was freed before callback; returning Nil.
   at: gdplanningai_rust::logger::process_logs (src\logger.rs:66)
   GDScript backtrace (most recent call first):
       [0] _process (res://addons/GdPlanningAI/gdpai_autoload.gd:21)
[GdPAI | debug] ApplyEffect [Before] ID=InstanceId(-9223367298130073503): agent props = {"held_item": "", "hunger": 95.0603725, "entity": null}
[GdPAI | debug] ApplyEffect [After] ID=InstanceId(-9223367298130073503): agent props = {"held_item": "", "hunger": 95.0603725, "entity": null}
[GdPAI | debug]   Snapshotting prop: held_item = Str("") (Variant type: STRING)
[GdPAI | debug]   Snapshotting prop: hunger = Float(95.0603725) (Variant type: FLOAT)
[GdPAI | debug]   Snapshotting prop: entity = Nil (Variant type: NIL)
[GdPAI | debug] Discovery: Simulation success for Pick Up Wood. Agent props: {"hunger": Float(95.0603725), "held_item": Str(""), "entity": Nil}
[GdPAI | debug] Discovery: Action Pick Up Wood satisfied precond Builtin { target: Agent, operation: Equal, property_name: "held_item", value: Some(Str("")) }
[GdPAI | debug] Found candidate: Pick Up Wood (satisfied preconds: [0], requirements: [])
[GdPAI | debug] Discovery: Starting simulation for action Pick Up Wood
WARNING: [GdPAI] ObjectRef(124621163998): object was freed before callback; returning Nil.
   at: gdplanningai_rust::logger::process_logs (src\logger.rs:66)
   GDScript backtrace (most recent call first):
       [0] _finish_current_plan (res://test/integration/test_hunger_example_smoke.gd:98)
WARNING: [GdPAI] ObjectRef(125510356497): object was freed before callback; returning Nil.
   at: gdplanningai_rust::logger::process_logs (src\logger.rs:66)
   GDScript backtrace (most recent call first):
       [0] _finish_current_plan (res://test/integration/test_hunger_example_smoke.gd:98)
WARNING: [GdPAI] ObjectRef(125510356497): object was freed before callback; returning Nil.
   at: gdplanningai_rust::logger::process_logs (src\logger.rs:66)
   GDScript backtrace (most recent call first):
       [0] _finish_current_plan (res://test/integration/test_hunger_example_smoke.gd:98)
[GdPAI | debug] GetCost: callable returned non-numeric value: null; returning INFINITY
WARNING: [GdPAI] ObjectRef(1382643928884): object was freed before callback; returning Nil.
   at: gdplanningai_rust::logger::process_logs (src\logger.rs:66)
   GDScript backtrace (most recent call first):
       [0] _finish_current_plan (res://test/integration/test_hunger_example_smoke.gd:98)
WARNING: [GdPAI] ObjectRef(1382643928884): object was freed before callback; returning Nil.
   at: gdplanningai_rust::logger::process_logs (src\logger.rs:66)
   GDScript backtrace (most recent call first):
       [0] _finish_current_plan (res://test/integration/test_hunger_example_smoke.gd:98)
[GdPAI | debug] GetCost: callable returned non-numeric value: null; returning INFINITY
WARNING: [GdPAI] ObjectRef(124621163998): object was freed before callback; returning Nil.
   at: gdplanningai_rust::logger::process_logs (src\logger.rs:66)
   GDScript backtrace (most recent call first):
       [0] _process (res://addons/GdPlanningAI/gdpai_autoload.gd:21)
WARNING: [GdPAI] ObjectRef(125510356497): object was freed before callback; returning Nil.
   at: gdplanningai_rust::logger::process_logs (src\logger.rs:66)
   GDScript backtrace (most recent call first):
       [0] _process (res://addons/GdPlanningAI/gdpai_autoload.gd:21)
WARNING: [GdPAI] ObjectRef(125510356497): object was freed before callback; returning Nil.
   at: gdplanningai_rust::logger::process_logs (src\logger.rs:66)
   GDScript backtrace (most recent call first):
       [0] _process (res://addons/GdPlanningAI/gdpai_autoload.gd:21)
[GdPAI | debug] ApplyEffect [Before] ID=InstanceId(-9223367295982589826): agent props = {"at_target": null, "held_item": "wood", "entity": null, "hunger": 70.0627442063492}
[GdPAI | debug] ApplyEffect [After] ID=InstanceId(-9223367295982589826): agent props = {"at_target": null, "held_item": "wood", "entity": null, "hunger": 70.0627442063492}
[GdPAI | debug]   Snapshotting prop: at_target = Nil (Variant type: NIL)
[GdPAI | debug]   Snapshotting prop: held_item = Str("wood") (Variant type: STRING)
[GdPAI | debug]   Snapshotting prop: entity = Nil (Variant type: NIL)
[GdPAI | debug]   Snapshotting prop: hunger = Float(70.0627442063492) (Variant type: FLOAT)
WARNING: [GdPAI] ObjectRef(1382643928884): object was freed before callback; returning Nil.
   at: gdplanningai_rust::logger::process_logs (src\logger.rs:66)
   GDScript backtrace (most recent call first):
       [0] _process (res://addons/GdPlanningAI/gdpai_autoload.gd:21)
WARNING: [GdPAI] ObjectRef(1382643928884): object was freed before callback; returning Nil.
   at: gdplanningai_rust::logger::process_logs (src\logger.rs:66)
   GDScript backtrace (most recent call first):
       [0] _process (res://addons/GdPlanningAI/gdpai_autoload.gd:21)
[GdPAI | debug] ApplyEffect [Before] ID=InstanceId(-9223367295412164482): agent props = {"held_item": "", "entity": null, "hunger": 95.0603725}
[GdPAI | debug] ApplyEffect [After] ID=InstanceId(-9223367295412164482): agent props = {"held_item": "", "entity": null, "hunger": 95.0603725}
[GdPAI | debug]   Snapshotting prop: held_item = Str("") (Variant type: STRING)
[GdPAI | debug]   Snapshotting prop: entity = Nil (Variant type: NIL)
[GdPAI | debug]   Snapshotting prop: hunger = Float(95.0603725) (Variant type: FLOAT)
[GdPAI | debug] Discovery: Simulation success for Pick Up Wood. Agent props: {"entity": Nil, "hunger": Float(95.0603725), "held_item": Str("")}
[GdPAI | debug] Discovery: Action Pick Up Wood satisfied precond Builtin { target: Agent, operation: Equal, property_name: "held_item", value: Some(Str("")) }
[GdPAI | debug] Found candidate: Pick Up Wood (satisfied preconds: [0], requirements: [])
WARNING: [GdPAI] ObjectRef(124621163998): object was freed before callback; returning Nil.
   at: gdplanningai_rust::logger::process_logs (src\logger.rs:66)
   GDScript backtrace (most recent call first):
       [0] _finish_current_plan (res://test/integration/test_hunger_example_smoke.gd:98)
WARNING: [GdPAI] ObjectRef(124134624705): object was freed before callback; returning Nil.
   at: gdplanningai_rust::logger::process_logs (src\logger.rs:66)
   GDScript backtrace (most recent call first):
       [0] _finish_current_plan (res://test/integration/test_hunger_example_smoke.gd:98)
WARNING: [GdPAI] ObjectRef(124134624705): object was freed before callback; returning Nil.
   at: gdplanningai_rust::logger::process_logs (src\logger.rs:66)
   GDScript backtrace (most recent call first):
       [0] _finish_current_plan (res://test/integration/test_hunger_example_smoke.gd:98)
[GdPAI | debug] GetCost: callable returned non-numeric value: null; returning INFINITY
WARNING: [GdPAI] ObjectRef(1382643928884): object was freed before callback; returning Nil.
   at: gdplanningai_rust::logger::process_logs (src\logger.rs:66)
   GDScript backtrace (most recent call first):
       [0] _finish_current_plan (res://test/integration/test_hunger_example_smoke.gd:98)
WARNING: [GdPAI] ObjectRef(1382643928884): object was freed before callback; returning Nil.
   at: gdplanningai_rust::logger::process_logs (src\logger.rs:66)
   GDScript backtrace (most recent call first):
       [0] _finish_current_plan (res://test/integration/test_hunger_example_smoke.gd:98)
[GdPAI | debug] Discovery: Action Dig Potato failed validity check, skipping
WARNING: [GdPAI] ObjectRef(124621163998): object was freed before callback; returning Nil.
   at: gdplanningai_rust::logger::process_logs (src\logger.rs:66)
   GDScript backtrace (most recent call first):
       [0] _process (res://addons/GdPlanningAI/gdpai_autoload.gd:21)
WARNING: [GdPAI] ObjectRef(124134624705): object was freed before callback; returning Nil.
   at: gdplanningai_rust::logger::process_logs (src\logger.rs:66)
   GDScript backtrace (most recent call first):
       [0] _process (res://addons/GdPlanningAI/gdpai_autoload.gd:21)
WARNING: [GdPAI] ObjectRef(124134624705): object was freed before callback; returning Nil.
   at: gdplanningai_rust::logger::process_logs (src\logger.rs:66)
   GDScript backtrace (most recent call first):
       [0] _process (res://addons/GdPlanningAI/gdpai_autoload.gd:21)
[GdPAI | debug] ApplyEffect [Before] ID=InstanceId(-9223367293164017494): agent props = {"entity": null, "at_target": null, "held_item": "wood", "hunger": 70.0627442063492}
[GdPAI | debug] ApplyEffect [After] ID=InstanceId(-9223367293164017494): agent props = {"entity": null, "at_target": null, "held_item": "wood", "hunger": 70.0627442063492}
[GdPAI | debug]   Snapshotting prop: entity = Nil (Variant type: NIL)
[GdPAI | debug]   Snapshotting prop: at_target = Nil (Variant type: NIL)
[GdPAI | debug]   Snapshotting prop: held_item = Str("wood") (Variant type: STRING)
[GdPAI | debug]   Snapshotting prop: hunger = Float(70.0627442063492) (Variant type: FLOAT)
WARNING: [GdPAI] ObjectRef(1382643928884): object was freed before callback; returning Nil.
   at: gdplanningai_rust::logger::process_logs (src\logger.rs:66)
   GDScript backtrace (most recent call first):
       [0] _process (res://addons/GdPlanningAI/gdpai_autoload.gd:21)
WARNING: [GdPAI] ObjectRef(1382643928884): object was freed before callback; returning Nil.
   at: gdplanningai_rust::logger::process_logs (src\logger.rs:66)
   GDScript backtrace (most recent call first):
       [0] _process (res://addons/GdPlanningAI/gdpai_autoload.gd:21)
[GdPAI | debug] Discovery: Action Dig Potato failed validity check, skipping
WARNING: [GdPAI] ObjectRef(124621163998): object was freed before callback; returning Nil.
   at: gdplanningai_rust::logger::process_logs (src\logger.rs:66)
   GDScript backtrace (most recent call first):
       [0] _finish_current_plan (res://test/integration/test_hunger_example_smoke.gd:98)
[GdPAI | debug] GetCost: callable returned non-numeric value: null; returning INFINITY
WARNING: [GdPAI] ObjectRef(1382643928884): object was freed before callback; returning Nil.
   at: gdplanningai_rust::logger::process_logs (src\logger.rs:66)
   GDScript backtrace (most recent call first):
       [0] _finish_current_plan (res://test/integration/test_hunger_example_smoke.gd:98)
WARNING: [GdPAI] ObjectRef(1382643928884): object was freed before callback; returning Nil.
   at: gdplanningai_rust::logger::process_logs (src\logger.rs:66)
   GDScript backtrace (most recent call first):
       [0] _finish_current_plan (res://test/integration/test_hunger_example_smoke.gd:98)
[GdPAI | debug] Discovery: Action Dig Potato failed validity check, skipping
WARNING: [GdPAI] ObjectRef(124621163998): object was freed before callback; returning Nil.
   at: gdplanningai_rust::logger::process_logs (src\logger.rs:66)
   GDScript backtrace (most recent call first):
       [0] _process (res://addons/GdPlanningAI/gdpai_autoload.gd:21)
[GdPAI | debug] ApplyEffect [Before] ID=InstanceId(-9223367290446108560): agent props = {"at_target": null, "held_item": "wood", "hunger": 70.0627442063492, "entity": null}
[GdPAI | debug] ApplyEffect [After] ID=InstanceId(-9223367290446108560): agent props = {"at_target": null, "held_item": "wood", "hunger": 70.0627442063492, "entity": null}
[GdPAI | debug]   Snapshotting prop: at_target = Nil (Variant type: NIL)
[GdPAI | debug]   Snapshotting prop: held_item = Str("wood") (Variant type: STRING)
[GdPAI | debug]   Snapshotting prop: hunger = Float(70.0627442063492) (Variant type: FLOAT)
[GdPAI | debug]   Snapshotting prop: entity = Nil (Variant type: NIL)
WARNING: [GdPAI] ObjectRef(1382643928884): object was freed before callback; returning Nil.
   at: gdplanningai_rust::logger::process_logs (src\logger.rs:66)
   GDScript backtrace (most recent call first):
       [0] _process (res://addons/GdPlanningAI/gdpai_autoload.gd:21)
WARNING: [GdPAI] ObjectRef(1382643928884): object was freed before callback; returning Nil.
   at: gdplanningai_rust::logger::process_logs (src\logger.rs:66)
   GDScript backtrace (most recent call first):
       [0] _process (res://addons/GdPlanningAI/gdpai_autoload.gd:21)
[GdPAI | debug] Discovery: Action Dig Potato failed validity check, skipping
WARNING: [GdPAI] ObjectRef(124621163998): object was freed before callback; returning Nil.
   at: gdplanningai_rust::logger::process_logs (src\logger.rs:66)
   GDScript backtrace (most recent call first):
       [0] _finish_current_plan (res://test/integration/test_hunger_example_smoke.gd:98)
WARNING: [GdPAI] ObjectRef(124621163998): object was freed before callback; returning Nil.
   at: gdplanningai_rust::logger::process_logs (src\logger.rs:66)
   GDScript backtrace (most recent call first):
       [0] _finish_current_plan (res://test/integration/test_hunger_example_smoke.gd:98)
[GdPAI | debug] GetCost: callable returned non-numeric value: null; returning INFINITY
WARNING: [GdPAI] ObjectRef(1382643928884): object was freed before callback; returning Nil.
   at: gdplanningai_rust::logger::process_logs (src\logger.rs:66)
   GDScript backtrace (most recent call first):
       [0] _finish_current_plan (res://test/integration/test_hunger_example_smoke.gd:98)
WARNING: [GdPAI] ObjectRef(1382643928884): object was freed before callback; returning Nil.
   at: gdplanningai_rust::logger::process_logs (src\logger.rs:66)
   GDScript backtrace (most recent call first):
       [0] _finish_current_plan (res://test/integration/test_hunger_example_smoke.gd:98)
[GdPAI | debug] Discovery: Action Dig Potato failed validity check, skipping
WARNING: [GdPAI] ObjectRef(124621163998): object was freed before callback; returning Nil.
   at: gdplanningai_rust::logger::process_logs (src\logger.rs:66)
   GDScript backtrace (most recent call first):
       [0] _process (res://addons/GdPlanningAI/gdpai_autoload.gd:21)
WARNING: [GdPAI] ObjectRef(124621163998): object was freed before callback; returning Nil.
   at: gdplanningai_rust::logger::process_logs (src\logger.rs:66)
   GDScript backtrace (most recent call first):
       [0] _process (res://addons/GdPlanningAI/gdpai_autoload.gd:21)
[GdPAI | debug] ApplyEffect [Before] ID=InstanceId(-9223367287778531133): agent props = {"hunger": 70.0627442063492, "entity": null, "held_item": ""}
[GdPAI | debug] ApplyEffect [After] ID=InstanceId(-9223367287778531133): agent props = {"hunger": 70.0627442063492, "entity": null, "held_item": ""}
[GdPAI | debug]   Snapshotting prop: hunger = Float(70.0627442063492) (Variant type: FLOAT)
[GdPAI | debug]   Snapshotting prop: entity = Nil (Variant type: NIL)
[GdPAI | debug]   Snapshotting prop: held_item = Str("") (Variant type: STRING)
WARNING: [GdPAI] ObjectRef(1382643928884): object was freed before callback; returning Nil.
   at: gdplanningai_rust::logger::process_logs (src\logger.rs:66)
   GDScript backtrace (most recent call first):
       [0] _process (res://addons/GdPlanningAI/gdpai_autoload.gd:21)
WARNING: [GdPAI] ObjectRef(1382643928884): object was freed before callback; returning Nil.
   at: gdplanningai_rust::logger::process_logs (src\logger.rs:66)
   GDScript backtrace (most recent call first):
       [0] _process (res://addons/GdPlanningAI/gdpai_autoload.gd:21)
WARNING: [GdPAI] ObjectRef(1382157389614): object was freed before callback; returning Nil.
   at: gdplanningai_rust::logger::process_logs (src\logger.rs:66)
   GDScript backtrace (most recent call first):
       [0] _process (res://addons/GdPlanningAI/gdpai_autoload.gd:21)
WARNING: [GdPAI] ObjectRef(1383499573091): object was freed before callback; returning Nil.
   at: gdplanningai_rust::logger::process_logs (src\logger.rs:66)
   GDScript backtrace (most recent call first):
       [0] _process (res://addons/GdPlanningAI/gdpai_autoload.gd:21)
WARNING: [GdPAI] ObjectRef(1382157389614): object was freed before callback; returning Nil.
   at: gdplanningai_rust::logger::process_logs (src\logger.rs:66)
   GDScript backtrace (most recent call first):
       [0] _process (res://addons/GdPlanningAI/gdpai_autoload.gd:21)
WARNING: [GdPAI] ObjectRef(1383499573091): object was freed before callback; returning Nil.
   at: gdplanningai_rust::logger::process_logs (src\logger.rs:66)
   GDScript backtrace (most recent call first):
       [0] _process (res://addons/GdPlanningAI/gdpai_autoload.gd:21)
[GdPAI | debug] GetCost: callable returned non-numeric value: null; returning INFINITY
WARNING: [GdPAI] ObjectRef(124621163998): object was freed before callback; returning Nil.
   at: gdplanningai_rust::logger::process_logs (src\logger.rs:66)
   GDScript backtrace (most recent call first):
       [0] _finish_current_plan (res://test/integration/test_hunger_example_smoke.gd:98)
[GdPAI | debug] GetCost: callable returned non-numeric value: null; returning INFINITY
WARNING: [GdPAI] ObjectRef(1382643928884): object was freed before callback; returning Nil.
   at: gdplanningai_rust::logger::process_logs (src\logger.rs:66)
   GDScript backtrace (most recent call first):
       [0] _finish_current_plan (res://test/integration/test_hunger_example_smoke.gd:98)
WARNING: [GdPAI] ObjectRef(1382643928884): object was freed before callback; returning Nil.
   at: gdplanningai_rust::logger::process_logs (src\logger.rs:66)
   GDScript backtrace (most recent call first):
       [0] _finish_current_plan (res://test/integration/test_hunger_example_smoke.gd:98)
WARNING: [GdPAI] ObjectRef(1382157389614): object was freed before callback; returning Nil.
   at: gdplanningai_rust::logger::process_logs (src\logger.rs:66)
   GDScript backtrace (most recent call first):
       [0] _finish_current_plan (res://test/integration/test_hunger_example_smoke.gd:98)
WARNING: [GdPAI] ObjectRef(1383499573091): object was freed before callback; returning Nil.
   at: gdplanningai_rust::logger::process_logs (src\logger.rs:66)
   GDScript backtrace (most recent call first):
       [0] _finish_current_plan (res://test/integration/test_hunger_example_smoke.gd:98)
WARNING: [GdPAI] ObjectRef(1382157389614): object was freed before callback; returning Nil.
   at: gdplanningai_rust::logger::process_logs (src\logger.rs:66)
   GDScript backtrace (most recent call first):
       [0] _finish_current_plan (res://test/integration/test_hunger_example_smoke.gd:98)
WARNING: [GdPAI] ObjectRef(1383499573091): object was freed before callback; returning Nil.
   at: gdplanningai_rust::logger::process_logs (src\logger.rs:66)
   GDScript backtrace (most recent call first):
       [0] _finish_current_plan (res://test/integration/test_hunger_example_smoke.gd:98)
[GdPAI | debug] ApplyEffect [Before] ID=InstanceId(-9223367285647824676): agent props = {"entity": null, "at_target": null, "hunger": 95.0603725, "held_item": ""}
[GdPAI | debug] ApplyEffect [After] ID=InstanceId(-9223367285647824676): agent props = {"entity": null, "at_target": null, "hunger": 95.0603725, "held_item": ""}
[GdPAI | debug]   Snapshotting prop: entity = Nil (Variant type: NIL)
[GdPAI | debug]   Snapshotting prop: at_target = Nil (Variant type: NIL)
[GdPAI | debug]   Snapshotting prop: hunger = Float(95.0603725) (Variant type: FLOAT)
[GdPAI | debug]   Snapshotting prop: held_item = Str("") (Variant type: STRING)
WARNING: [GdPAI] ObjectRef(124621163998): object was freed before callback; returning Nil.
   at: gdplanningai_rust::logger::process_logs (src\logger.rs:66)
   GDScript backtrace (most recent call first):
       [0] _process (res://addons/GdPlanningAI/gdpai_autoload.gd:21)
[GdPAI | debug] ApplyEffect [Before] ID=InstanceId(-9223367284708300560): agent props = {"entity": null, "hunger": 70.0627442063492, "held_item": ""}
[GdPAI | debug] ApplyEffect [After] ID=InstanceId(-9223367284708300560): agent props = {"entity": null, "hunger": 70.0627442063492, "held_item": ""}
[GdPAI | debug]   Snapshotting prop: entity = Nil (Variant type: NIL)
[GdPAI | debug]   Snapshotting prop: hunger = Float(70.0627442063492) (Variant type: FLOAT)
[GdPAI | debug]   Snapshotting prop: held_item = Str("") (Variant type: STRING)
WARNING: [GdPAI] ObjectRef(1382643928884): object was freed before callback; returning Nil.
   at: gdplanningai_rust::logger::process_logs (src\logger.rs:66)
   GDScript backtrace (most recent call first):
       [0] _process (res://addons/GdPlanningAI/gdpai_autoload.gd:21)
WARNING: [GdPAI] ObjectRef(1383499573091): object was freed before callback; returning Nil.
   at: gdplanningai_rust::logger::process_logs (src\logger.rs:66)
   GDScript backtrace (most recent call first):
       [0] _process (res://addons/GdPlanningAI/gdpai_autoload.gd:21)
WARNING: [GdPAI] ObjectRef(1383499573091): object was freed before callback; returning Nil.
   at: gdplanningai_rust::logger::process_logs (src\logger.rs:66)
   GDScript backtrace (most recent call first):
       [0] _process (res://addons/GdPlanningAI/gdpai_autoload.gd:21)
[GdPAI | debug] GetCost: callable returned non-numeric value: null; returning INFINITY
WARNING: [GdPAI] ObjectRef(124621163998): object was freed before callback; returning Nil.
   at: gdplanningai_rust::logger::process_logs (src\logger.rs:66)
   GDScript backtrace (most recent call first):
       [0] _finish_current_plan (res://test/integration/test_hunger_example_smoke.gd:98)
[GdPAI | debug] GetCost: callable returned non-numeric value: null; returning INFINITY
WARNING: [GdPAI] ObjectRef(1382643928884): object was freed before callback; returning Nil.
   at: gdplanningai_rust::logger::process_logs (src\logger.rs:66)
   GDScript backtrace (most recent call first):
       [0] _finish_current_plan (res://test/integration/test_hunger_example_smoke.gd:98)
WARNING: [GdPAI] ObjectRef(1383499573091): object was freed before callback; returning Nil.
   at: gdplanningai_rust::logger::process_logs (src\logger.rs:66)
   GDScript backtrace (most recent call first):
       [0] _finish_current_plan (res://test/integration/test_hunger_example_smoke.gd:98)
WARNING: [GdPAI] ObjectRef(1383499573091): object was freed before callback; returning Nil.
   at: gdplanningai_rust::logger::process_logs (src\logger.rs:66)
   GDScript backtrace (most recent call first):
       [0] _finish_current_plan (res://test/integration/test_hunger_example_smoke.gd:98)
[GdPAI | debug] ApplyEffect [Before] ID=InstanceId(-9223367282778920690): agent props = {"at_target": null, "hunger": 95.0603725, "held_item": "", "entity": null}
[GdPAI | debug] ApplyEffect [After] ID=InstanceId(-9223367282778920690): agent props = {"at_target": null, "hunger": 95.0603725, "held_item": "", "entity": null}
[GdPAI | debug]   Snapshotting prop: at_target = Nil (Variant type: NIL)
[GdPAI | debug]   Snapshotting prop: hunger = Float(95.0603725) (Variant type: FLOAT)
[GdPAI | debug]   Snapshotting prop: held_item = Str("") (Variant type: STRING)
[GdPAI | debug]   Snapshotting prop: entity = Nil (Variant type: NIL)
WARNING: [GdPAI] ObjectRef(124621163998): object was freed before callback; returning Nil.
   at: gdplanningai_rust::logger::process_logs (src\logger.rs:66)
   GDScript backtrace (most recent call first):
       [0] _process (res://addons/GdPlanningAI/gdpai_autoload.gd:21)
[GdPAI | debug] ApplyEffect [Before] ID=InstanceId(-9223367281990391532): agent props = {"hunger": 70.0627442063492, "held_item": "wood", "entity": null}
[GdPAI | debug] ApplyEffect [After] ID=InstanceId(-9223367281990391532): agent props = {"hunger": 70.0627442063492, "held_item": "wood", "entity": null}
[GdPAI | debug]   Snapshotting prop: hunger = Float(70.0627442063492) (Variant type: FLOAT)
[GdPAI | debug]   Snapshotting prop: held_item = Str("wood") (Variant type: STRING)
[GdPAI | debug]   Snapshotting prop: entity = Nil (Variant type: NIL)
WARNING: [GdPAI] ObjectRef(1382643928884): object was freed before callback; returning Nil.
   at: gdplanningai_rust::logger::process_logs (src\logger.rs:66)
   GDScript backtrace (most recent call first):
       [0] _process (res://addons/GdPlanningAI/gdpai_autoload.gd:21)
WARNING: [GdPAI] ObjectRef(1382157389614): object was freed before callback; returning Nil.
   at: gdplanningai_rust::logger::process_logs (src\logger.rs:66)
   GDScript backtrace (most recent call first):
       [0] _process (res://addons/GdPlanningAI/gdpai_autoload.gd:21)
WARNING: [GdPAI] ObjectRef(1382157389614): object was freed before callback; returning Nil.
   at: gdplanningai_rust::logger::process_logs (src\logger.rs:66)
   GDScript backtrace (most recent call first):
       [0] _process (res://addons/GdPlanningAI/gdpai_autoload.gd:21)
[GdPAI | debug] GetCost: callable returned non-numeric value: null; returning INFINITY
WARNING: [GdPAI] ObjectRef(124621163998): object was freed before callback; returning Nil.
   at: gdplanningai_rust::logger::process_logs (src\logger.rs:66)
   GDScript backtrace (most recent call first):
       [0] _finish_current_plan (res://test/integration/test_hunger_example_smoke.gd:98)
[GdPAI | debug] GetCost: callable returned non-numeric value: null; returning INFINITY
WARNING: [GdPAI] ObjectRef(1382643928884): object was freed before callback; returning Nil.
   at: gdplanningai_rust::logger::process_logs (src\logger.rs:66)
   GDScript backtrace (most recent call first):
       [0] _finish_current_plan (res://test/integration/test_hunger_example_smoke.gd:98)
WARNING: [GdPAI] ObjectRef(1382157389614): object was freed before callback; returning Nil.
   at: gdplanningai_rust::logger::process_logs (src\logger.rs:66)
   GDScript backtrace (most recent call first):
       [0] _finish_current_plan (res://test/integration/test_hunger_example_smoke.gd:98)
WARNING: [GdPAI] ObjectRef(1382157389614): object was freed before callback; returning Nil.
   at: gdplanningai_rust::logger::process_logs (src\logger.rs:66)
   GDScript backtrace (most recent call first):
       [0] _finish_current_plan (res://test/integration/test_hunger_example_smoke.gd:98)
[GdPAI | debug] ApplyEffect [Before] ID=InstanceId(-9223367280061011670): agent props = {"at_target": null, "entity": null, "hunger": 95.0603725, "held_item": ""}
[GdPAI | debug] ApplyEffect [After] ID=InstanceId(-9223367280061011670): agent props = {"at_target": null, "entity": null, "hunger": 95.0603725, "held_item": ""}
[GdPAI | debug]   Snapshotting prop: at_target = Nil (Variant type: NIL)
[GdPAI | debug]   Snapshotting prop: entity = Nil (Variant type: NIL)
[GdPAI | debug]   Snapshotting prop: hunger = Float(95.0603725) (Variant type: FLOAT)
[GdPAI | debug]   Snapshotting prop: held_item = Str("") (Variant type: STRING)
WARNING: [GdPAI] ObjectRef(124621163998): object was freed before callback; returning Nil.
   at: gdplanningai_rust::logger::process_logs (src\logger.rs:66)
   GDScript backtrace (most recent call first):
       [0] _process (res://addons/GdPlanningAI/gdpai_autoload.gd:21)
[GdPAI | debug] ApplyEffect [Before] ID=InstanceId(-9223367279272482573): agent props = {"hunger": 70.0627442063492, "held_item": "wood", "entity": null}
[GdPAI | debug] ApplyEffect [After] ID=InstanceId(-9223367279272482573): agent props = {"hunger": 70.0627442063492, "held_item": "wood", "entity": null}
[GdPAI | debug]   Snapshotting prop: hunger = Float(70.0627442063492) (Variant type: FLOAT)
[GdPAI | debug]   Snapshotting prop: held_item = Str("wood") (Variant type: STRING)
[GdPAI | debug]   Snapshotting prop: entity = Nil (Variant type: NIL)
WARNING: [GdPAI] ObjectRef(1382643928884): object was freed before callback; returning Nil.
   at: gdplanningai_rust::logger::process_logs (src\logger.rs:66)
   GDScript backtrace (most recent call first):
       [0] _process (res://addons/GdPlanningAI/gdpai_autoload.gd:21)
[GdPAI | debug] GetCost: callable returned non-numeric value: null; returning INFINITY
WARNING: [GdPAI] ObjectRef(124621163998): object was freed before callback; returning Nil.
   at: gdplanningai_rust::logger::process_logs (src\logger.rs:66)
   GDScript backtrace (most recent call first):
       [0] _finish_current_plan (res://test/integration/test_hunger_example_smoke.gd:98)
[GdPAI | debug] GetCost: callable returned non-numeric value: null; returning INFINITY
WARNING: [GdPAI] ObjectRef(1382643928884): object was freed before callback; returning Nil.
   at: gdplanningai_rust::logger::process_logs (src\logger.rs:66)
   GDScript backtrace (most recent call first):
       [0] _finish_current_plan (res://test/integration/test_hunger_example_smoke.gd:98)
[GdPAI | debug] ApplyEffect [Before] ID=InstanceId(-9223367277443765938): agent props = {"at_target": null, "entity": null, "hunger": 95.0603725, "held_item": "wood"}
[GdPAI | debug] ApplyEffect [After] ID=InstanceId(-9223367277443765938): agent props = {"at_target": null, "entity": null, "hunger": 95.0603725, "held_item": "wood"}
[GdPAI | debug]   Snapshotting prop: at_target = Nil (Variant type: NIL)
[GdPAI | debug]   Snapshotting prop: entity = Nil (Variant type: NIL)
[GdPAI | debug]   Snapshotting prop: hunger = Float(95.0603725) (Variant type: FLOAT)
[GdPAI | debug]   Snapshotting prop: held_item = Str("wood") (Variant type: STRING)
WARNING: [GdPAI] ObjectRef(124621163998): object was freed before callback; returning Nil.
   at: gdplanningai_rust::logger::process_logs (src\logger.rs:66)
   GDScript backtrace (most recent call first):
       [0] _process (res://addons/GdPlanningAI/gdpai_autoload.gd:21)
[GdPAI | debug] ApplyEffect [Before] ID=InstanceId(-9223367276755900131): agent props = {"hunger": 70.0627442063492, "entity": null, "held_item": "wood"}
[GdPAI | debug] ApplyEffect [After] ID=InstanceId(-9223367276755900131): agent props = {"hunger": 70.0627442063492, "entity": null, "held_item": "wood"}
[GdPAI | debug]   Snapshotting prop: hunger = Float(70.0627442063492) (Variant type: FLOAT)
[GdPAI | debug]   Snapshotting prop: entity = Nil (Variant type: NIL)
[GdPAI | debug]   Snapshotting prop: held_item = Str("wood") (Variant type: STRING)
WARNING: [GdPAI] ObjectRef(1382643928884): object was freed before callback; returning Nil.
   at: gdplanningai_rust::logger::process_logs (src\logger.rs:66)
   GDScript backtrace (most recent call first):
       [0] _process (res://addons/GdPlanningAI/gdpai_autoload.gd:21)
WARNING: [GdPAI] ObjectRef(1382643928884): object was freed before callback; returning Nil.
   at: gdplanningai_rust::logger::process_logs (src\logger.rs:66)
   GDScript backtrace (most recent call first):
       [0] _process (res://addons/GdPlanningAI/gdpai_autoload.gd:21)
[GdPAI | debug] GetCost: callable returned non-numeric value: null; returning INFINITY
WARNING: [GdPAI] ObjectRef(124621163998): object was freed before callback; returning Nil.
   at: gdplanningai_rust::logger::process_logs (src\logger.rs:66)
   GDScript backtrace (most recent call first):
       [0] _finish_current_plan (res://test/integration/test_hunger_example_smoke.gd:98)
[GdPAI | debug] GetCost: callable returned non-numeric value: null; returning INFINITY
WARNING: [GdPAI] ObjectRef(1382643928884): object was freed before callback; returning Nil.
   at: gdplanningai_rust::logger::process_logs (src\logger.rs:66)
   GDScript backtrace (most recent call first):
       [0] _finish_current_plan (res://test/integration/test_hunger_example_smoke.gd:98)
WARNING: [GdPAI] ObjectRef(1382643928884): object was freed before callback; returning Nil.
   at: gdplanningai_rust::logger::process_logs (src\logger.rs:66)
   GDScript backtrace (most recent call first):
       [0] _finish_current_plan (res://test/integration/test_hunger_example_smoke.gd:98)
[GdPAI | debug] ApplyEffect [Before] ID=InstanceId(-9223367274876851896): agent props = {"hunger": 95.0603725, "held_item": "", "entity": null}
[GdPAI | debug] ApplyEffect [After] ID=InstanceId(-9223367274876851896): agent props = {"hunger": 95.0603725, "held_item": "", "entity": null}
[GdPAI | debug]   Snapshotting prop: hunger = Float(95.0603725) (Variant type: FLOAT)
[GdPAI | debug]   Snapshotting prop: held_item = Str("") (Variant type: STRING)
[GdPAI | debug]   Snapshotting prop: entity = Nil (Variant type: NIL)
WARNING: [GdPAI] ObjectRef(124621163998): object was freed before callback; returning Nil.
   at: gdplanningai_rust::logger::process_logs (src\logger.rs:66)
   GDScript backtrace (most recent call first):
       [0] _process (res://addons/GdPlanningAI/gdpai_autoload.gd:21)
[GdPAI | debug] ApplyEffect [Before] ID=InstanceId(-9223367274138654377): agent props = {"held_item": "wood", "hunger": 70.0627442063492, "entity": null}
[GdPAI | debug] ApplyEffect [After] ID=InstanceId(-9223367274138654377): agent props = {"held_item": "wood", "hunger": 70.0627442063492, "entity": null}
[GdPAI | debug]   Snapshotting prop: held_item = Str("wood") (Variant type: STRING)
[GdPAI | debug]   Snapshotting prop: hunger = Float(70.0627442063492) (Variant type: FLOAT)
[GdPAI | debug]   Snapshotting prop: entity = Nil (Variant type: NIL)
WARNING: [GdPAI] ObjectRef(1382643928884): object was freed before callback; returning Nil.
   at: gdplanningai_rust::logger::process_logs (src\logger.rs:66)
   GDScript backtrace (most recent call first):
       [0] _process (res://addons/GdPlanningAI/gdpai_autoload.gd:21)
[GdPAI | debug] GetCost: callable returned non-numeric value: null; returning INFINITY
WARNING: [GdPAI] ObjectRef(124621163998): object was freed before callback; returning Nil.
   at: gdplanningai_rust::logger::process_logs (src\logger.rs:66)
   GDScript backtrace (most recent call first):
       [0] _finish_current_plan (res://test/integration/test_hunger_example_smoke.gd:98)
WARNING: [GdPAI] ObjectRef(124621163998): object was freed before callback; returning Nil.
   at: gdplanningai_rust::logger::process_logs (src\logger.rs:66)
   GDScript backtrace (most recent call first):
       [0] _finish_current_plan (res://test/integration/test_hunger_example_smoke.gd:98)
[GdPAI | debug] GetCost: callable returned non-numeric value: null; returning INFINITY
WARNING: [GdPAI] ObjectRef(1382643928884): object was freed before callback; returning Nil.
   at: gdplanningai_rust::logger::process_logs (src\logger.rs:66)
   GDScript backtrace (most recent call first):
       [0] _finish_current_plan (res://test/integration/test_hunger_example_smoke.gd:98)
[GdPAI | debug] ApplyEffect [Before] ID=InstanceId(-9223367272309937827): agent props = {"entity": null, "held_item": "", "hunger": 95.0603725}
[GdPAI | debug] ApplyEffect [After] ID=InstanceId(-9223367272309937827): agent props = {"entity": null, "held_item": "", "hunger": 95.0603725}
[GdPAI | debug]   Snapshotting prop: entity = Nil (Variant type: NIL)
[GdPAI | debug]   Snapshotting prop: held_item = Str("") (Variant type: STRING)
[GdPAI | debug]   Snapshotting prop: hunger = Float(95.0603725) (Variant type: FLOAT)
WARNING: [GdPAI] ObjectRef(124621163998): object was freed before callback; returning Nil.
   at: gdplanningai_rust::logger::process_logs (src\logger.rs:66)
   GDScript backtrace (most recent call first):
       [0] _process (res://addons/GdPlanningAI/gdpai_autoload.gd:21)
WARNING: [GdPAI] ObjectRef(124621163998): object was freed before callback; returning Nil.
   at: gdplanningai_rust::logger::process_logs (src\logger.rs:66)
   GDScript backtrace (most recent call first):
       [0] _process (res://addons/GdPlanningAI/gdpai_autoload.gd:21)
[GdPAI | debug] ApplyEffect [Before] ID=InstanceId(-9223367271571740341): agent props = {"held_item": "", "hunger": 70.0627442063492, "entity": null}
[GdPAI | debug] ApplyEffect [After] ID=InstanceId(-9223367271571740341): agent props = {"held_item": "", "hunger": 70.0627442063492, "entity": null}
[GdPAI | debug]   Snapshotting prop: held_item = Str("") (Variant type: STRING)
[GdPAI | debug]   Snapshotting prop: hunger = Float(70.0627442063492) (Variant type: FLOAT)
[GdPAI | debug]   Snapshotting prop: entity = Nil (Variant type: NIL)
WARNING: [GdPAI] ObjectRef(1382643928884): object was freed before callback; returning Nil.
   at: gdplanningai_rust::logger::process_logs (src\logger.rs:66)
   GDScript backtrace (most recent call first):
       [0] _process (res://addons/GdPlanningAI/gdpai_autoload.gd:21)
[GdPAI | debug] GetCost: callable returned non-numeric value: null; returning INFINITY
WARNING: [GdPAI] ObjectRef(124621163998): object was freed before callback; returning Nil.
   at: gdplanningai_rust::logger::process_logs (src\logger.rs:66)
   GDScript backtrace (most recent call first):
       [0] _finish_current_plan (res://test/integration/test_hunger_example_smoke.gd:98)
[GdPAI | debug] GetCost: callable returned non-numeric value: null; returning INFINITY
WARNING: [GdPAI] ObjectRef(1382643928884): object was freed before callback; returning Nil.
   at: gdplanningai_rust::logger::process_logs (src\logger.rs:66)
   GDScript backtrace (most recent call first):
       [0] _finish_current_plan (res://test/integration/test_hunger_example_smoke.gd:98)
[GdPAI | debug] ApplyEffect [Before] ID=InstanceId(-9223367269692692139): agent props = {"held_item": "", "hunger": 95.0603725, "entity": null}
[GdPAI | debug] ApplyEffect [After] ID=InstanceId(-9223367269692692139): agent props = {"held_item": "", "hunger": 95.0603725, "entity": null}
[GdPAI | debug]   Snapshotting prop: held_item = Str("") (Variant type: STRING)
[GdPAI | debug]   Snapshotting prop: hunger = Float(95.0603725) (Variant type: FLOAT)
[GdPAI | debug]   Snapshotting prop: entity = Nil (Variant type: NIL)
WARNING: [GdPAI] ObjectRef(124621163998): object was freed before callback; returning Nil.
   at: gdplanningai_rust::logger::process_logs (src\logger.rs:66)
   GDScript backtrace (most recent call first):
       [0] _process (res://addons/GdPlanningAI/gdpai_autoload.gd:21)
[GdPAI | debug] ApplyEffect [Before] ID=InstanceId(-9223367269004826257): agent props = {"entity": null, "held_item": "", "hunger": 70.0627442063492}
[GdPAI | debug] ApplyEffect [After] ID=InstanceId(-9223367269004826257): agent props = {"entity": null, "held_item": "", "hunger": 70.0627442063492}
[GdPAI | debug]   Snapshotting prop: entity = Nil (Variant type: NIL)
[GdPAI | debug]   Snapshotting prop: held_item = Str("") (Variant type: STRING)
[GdPAI | debug]   Snapshotting prop: hunger = Float(70.0627442063492) (Variant type: FLOAT)
WARNING: [GdPAI] ObjectRef(1382643928884): object was freed before callback; returning Nil.
   at: gdplanningai_rust::logger::process_logs (src\logger.rs:66)
   GDScript backtrace (most recent call first):
       [0] _process (res://addons/GdPlanningAI/gdpai_autoload.gd:21)
[GdPAI | debug] GetCost: callable returned non-numeric value: null; returning INFINITY
WARNING: [GdPAI] ObjectRef(124621163998): object was freed before callback; returning Nil.
   at: gdplanningai_rust::logger::process_logs (src\logger.rs:66)
   GDScript backtrace (most recent call first):
       [0] _finish_current_plan (res://test/integration/test_hunger_example_smoke.gd:98)
[GdPAI | debug] GetCost: callable returned non-numeric value: null; returning INFINITY
WARNING: [GdPAI] ObjectRef(1382643928884): object was freed before callback; returning Nil.
   at: gdplanningai_rust::logger::process_logs (src\logger.rs:66)
   GDScript backtrace (most recent call first):
       [0] _finish_current_plan (res://test/integration/test_hunger_example_smoke.gd:98)
[GdPAI | debug] ApplyEffect [Before] ID=InstanceId(-9223367267176109711): agent props = {"held_item": "wood", "hunger": 95.0603725, "entity": null}
[GdPAI | debug] ApplyEffect [After] ID=InstanceId(-9223367267176109711): agent props = {"held_item": "wood", "hunger": 95.0603725, "entity": null}
[GdPAI | debug]   Snapshotting prop: held_item = Str("wood") (Variant type: STRING)
[GdPAI | debug]   Snapshotting prop: hunger = Float(95.0603725) (Variant type: FLOAT)
[GdPAI | debug]   Snapshotting prop: entity = Nil (Variant type: NIL)
[GdPAI | debug] Numeric comparison: 95.0603725 GreaterThan 0 -> true
WARNING: [GdPAI] ObjectRef(124621163998): object was freed before callback; returning Nil.
   at: gdplanningai_rust::logger::process_logs (src\logger.rs:66)
   GDScript backtrace (most recent call first):
       [0] _process (res://addons/GdPlanningAI/gdpai_autoload.gd:21)
[GdPAI | debug] ApplyEffect [Before] ID=InstanceId(-9223367266488243842): agent props = {"entity": null, "hunger": 70.0627442063492, "held_item": "wood"}
[GdPAI | debug] ApplyEffect [After] ID=InstanceId(-9223367266488243842): agent props = {"entity": null, "hunger": 70.0627442063492, "held_item": "wood"}
[GdPAI | debug]   Snapshotting prop: entity = Nil (Variant type: NIL)
[GdPAI | debug]   Snapshotting prop: hunger = Float(70.0627442063492) (Variant type: FLOAT)
[GdPAI | debug]   Snapshotting prop: held_item = Str("wood") (Variant type: STRING)
WARNING: [GdPAI] ObjectRef(1382643928884): object was freed before callback; returning Nil.
   at: gdplanningai_rust::logger::process_logs (src\logger.rs:66)
   GDScript backtrace (most recent call first):
       [0] _process (res://addons/GdPlanningAI/gdpai_autoload.gd:21)
WARNING: [GdPAI] ObjectRef(1382643928884): object was freed before callback; returning Nil.
   at: gdplanningai_rust::logger::process_logs (src\logger.rs:66)
   GDScript backtrace (most recent call first):
       [0] _process (res://addons/GdPlanningAI/gdpai_autoload.gd:21)
WARNING: [GdPAI] ObjectRef(1382157389614): object was freed before callback; returning Nil.
   at: gdplanningai_rust::logger::process_logs (src\logger.rs:66)
   GDScript backtrace (most recent call first):
       [0] _process (res://addons/GdPlanningAI/gdpai_autoload.gd:21)
WARNING: [GdPAI] ObjectRef(1383499573091): object was freed before callback; returning Nil.
   at: gdplanningai_rust::logger::process_logs (src\logger.rs:66)
   GDScript backtrace (most recent call first):
       [0] _process (res://addons/GdPlanningAI/gdpai_autoload.gd:21)
WARNING: [GdPAI] ObjectRef(1382157389614): object was freed before callback; returning Nil.
   at: gdplanningai_rust::logger::process_logs (src\logger.rs:66)
   GDScript backtrace (most recent call first):
       [0] _process (res://addons/GdPlanningAI/gdpai_autoload.gd:21)
WARNING: [GdPAI] ObjectRef(1383499573091): object was freed before callback; returning Nil.
   at: gdplanningai_rust::logger::process_logs (src\logger.rs:66)
   GDScript backtrace (most recent call first):
       [0] _process (res://addons/GdPlanningAI/gdpai_autoload.gd:21)
[GdPAI | debug] GetCost: callable returned non-numeric value: null; returning INFINITY
WARNING: [GdPAI] ObjectRef(124621163998): object was freed before callback; returning Nil.
   at: gdplanningai_rust::logger::process_logs (src\logger.rs:66)
   GDScript backtrace (most recent call first):
       [0] _finish_current_plan (res://test/integration/test_hunger_example_smoke.gd:98)
[GdPAI | debug] GetCost: callable returned non-numeric value: null; returning INFINITY
WARNING: [GdPAI] ObjectRef(1382643928884): object was freed before callback; returning Nil.
   at: gdplanningai_rust::logger::process_logs (src\logger.rs:66)
   GDScript backtrace (most recent call first):
       [0] _finish_current_plan (res://test/integration/test_hunger_example_smoke.gd:98)
WARNING: [GdPAI] ObjectRef(1382643928884): object was freed before callback; returning Nil.
   at: gdplanningai_rust::logger::process_logs (src\logger.rs:66)
   GDScript backtrace (most recent call first):
       [0] _finish_current_plan (res://test/integration/test_hunger_example_smoke.gd:98)
WARNING: [GdPAI] ObjectRef(1382157389614): object was freed before callback; returning Nil.
   at: gdplanningai_rust::logger::process_logs (src\logger.rs:66)
   GDScript backtrace (most recent call first):
       [0] _finish_current_plan (res://test/integration/test_hunger_example_smoke.gd:98)
WARNING: [GdPAI] ObjectRef(1383499573091): object was freed before callback; returning Nil.
   at: gdplanningai_rust::logger::process_logs (src\logger.rs:66)
   GDScript backtrace (most recent call first):
       [0] _finish_current_plan (res://test/integration/test_hunger_example_smoke.gd:98)
WARNING: [GdPAI] ObjectRef(1382157389614): object was freed before callback; returning Nil.
   at: gdplanningai_rust::logger::process_logs (src\logger.rs:66)
   GDScript backtrace (most recent call first):
       [0] _finish_current_plan (res://test/integration/test_hunger_example_smoke.gd:98)
WARNING: [GdPAI] ObjectRef(1383499573091): object was freed before callback; returning Nil.
   at: gdplanningai_rust::logger::process_logs (src\logger.rs:66)
   GDScript backtrace (most recent call first):
       [0] _finish_current_plan (res://test/integration/test_hunger_example_smoke.gd:98)
[GdPAI | debug] ApplyEffect [Before] ID=InstanceId(-9223367264407869051): agent props = {"at_target": null, "held_item": "", "entity": null, "hunger": 95.0603725}
[GdPAI | debug] ApplyEffect [After] ID=InstanceId(-9223367264407869051): agent props = {"at_target": null, "held_item": "", "entity": null, "hunger": 95.0603725}
[GdPAI | debug]   Snapshotting prop: at_target = Nil (Variant type: NIL)
[GdPAI | debug]   Snapshotting prop: held_item = Str("") (Variant type: STRING)
[GdPAI | debug]   Snapshotting prop: entity = Nil (Variant type: NIL)
[GdPAI | debug]   Snapshotting prop: hunger = Float(95.0603725) (Variant type: FLOAT)
WARNING: [GdPAI] ObjectRef(124621163998): object was freed before callback; returning Nil.
   at: gdplanningai_rust::logger::process_logs (src\logger.rs:66)
   GDScript backtrace (most recent call first):
       [0] _process (res://addons/GdPlanningAI/gdpai_autoload.gd:21)
[GdPAI | debug] ApplyEffect [Before] ID=InstanceId(-9223367263468344965): agent props = {"hunger": 70.0627442063492, "entity": null, "held_item": "wood"}
[GdPAI | debug] ApplyEffect [After] ID=InstanceId(-9223367263468344965): agent props = {"hunger": 70.0627442063492, "entity": null, "held_item": "wood"}
[GdPAI | debug]   Snapshotting prop: hunger = Float(70.0627442063492) (Variant type: FLOAT)
[GdPAI | debug]   Snapshotting prop: entity = Nil (Variant type: NIL)
[GdPAI | debug]   Snapshotting prop: held_item = Str("wood") (Variant type: STRING)
WARNING: [GdPAI] ObjectRef(1382643928884): object was freed before callback; returning Nil.
   at: gdplanningai_rust::logger::process_logs (src\logger.rs:66)
   GDScript backtrace (most recent call first):
       [0] _process (res://addons/GdPlanningAI/gdpai_autoload.gd:21)
WARNING: [GdPAI] ObjectRef(1383499573091): object was freed before callback; returning Nil.
   at: gdplanningai_rust::logger::process_logs (src\logger.rs:66)
   GDScript backtrace (most recent call first):
       [0] _process (res://addons/GdPlanningAI/gdpai_autoload.gd:21)
WARNING: [GdPAI] ObjectRef(1383499573091): object was freed before callback; returning Nil.
   at: gdplanningai_rust::logger::process_logs (src\logger.rs:66)
   GDScript backtrace (most recent call first):
       [0] _process (res://addons/GdPlanningAI/gdpai_autoload.gd:21)
[GdPAI | debug] GetCost: callable returned non-numeric value: null; returning INFINITY
WARNING: [GdPAI] ObjectRef(124621163998): object was freed before callback; returning Nil.
   at: gdplanningai_rust::logger::process_logs (src\logger.rs:66)
   GDScript backtrace (most recent call first):
       [0] _finish_current_plan (res://test/integration/test_hunger_example_smoke.gd:98)
[GdPAI | debug] GetCost: callable returned non-numeric value: null; returning INFINITY
WARNING: [GdPAI] ObjectRef(1382643928884): object was freed before callback; returning Nil.
   at: gdplanningai_rust::logger::process_logs (src\logger.rs:66)
   GDScript backtrace (most recent call first):
       [0] _finish_current_plan (res://test/integration/test_hunger_example_smoke.gd:98)
WARNING: [GdPAI] ObjectRef(1383499573091): object was freed before callback; returning Nil.
   at: gdplanningai_rust::logger::process_logs (src\logger.rs:66)
   GDScript backtrace (most recent call first):
       [0] _finish_current_plan (res://test/integration/test_hunger_example_smoke.gd:98)
WARNING: [GdPAI] ObjectRef(1383499573091): object was freed before callback; returning Nil.
   at: gdplanningai_rust::logger::process_logs (src\logger.rs:66)
   GDScript backtrace (most recent call first):
       [0] _finish_current_plan (res://test/integration/test_hunger_example_smoke.gd:98)
[GdPAI | debug] ApplyEffect [Before] ID=InstanceId(-9223367261538965085): agent props = {"hunger": 95.0603725, "entity": null, "at_target": null, "held_item": ""}
[GdPAI | debug] ApplyEffect [After] ID=InstanceId(-9223367261538965085): agent props = {"hunger": 95.0603725, "entity": null, "at_target": null, "held_item": ""}
[GdPAI | debug]   Snapshotting prop: hunger = Float(95.0603725) (Variant type: FLOAT)
[GdPAI | debug]   Snapshotting prop: entity = Nil (Variant type: NIL)
[GdPAI | debug]   Snapshotting prop: at_target = Nil (Variant type: NIL)
[GdPAI | debug]   Snapshotting prop: held_item = Str("") (Variant type: STRING)
WARNING: [GdPAI] ObjectRef(124621163998): object was freed before callback; returning Nil.
   at: gdplanningai_rust::logger::process_logs (src\logger.rs:66)
   GDScript backtrace (most recent call first):
       [0] _process (res://addons/GdPlanningAI/gdpai_autoload.gd:21)
[GdPAI | debug] ApplyEffect [Before] ID=InstanceId(-9223367260750435932): agent props = {"hunger": 70.0627442063492, "entity": null, "held_item": "wood"}
[GdPAI | debug] ApplyEffect [After] ID=InstanceId(-9223367260750435932): agent props = {"hunger": 70.0627442063492, "entity": null, "held_item": "wood"}
[GdPAI | debug]   Snapshotting prop: hunger = Float(70.0627442063492) (Variant type: FLOAT)
[GdPAI | debug]   Snapshotting prop: entity = Nil (Variant type: NIL)
[GdPAI | debug]   Snapshotting prop: held_item = Str("wood") (Variant type: STRING)
WARNING: [GdPAI] ObjectRef(1382643928884): object was freed before callback; returning Nil.
   at: gdplanningai_rust::logger::process_logs (src\logger.rs:66)
   GDScript backtrace (most recent call first):
       [0] _process (res://addons/GdPlanningAI/gdpai_autoload.gd:21)
WARNING: [GdPAI] ObjectRef(1382157389614): object was freed before callback; returning Nil.
   at: gdplanningai_rust::logger::process_logs (src\logger.rs:66)
   GDScript backtrace (most recent call first):
       [0] _process (res://addons/GdPlanningAI/gdpai_autoload.gd:21)
WARNING: [GdPAI] ObjectRef(1382157389614): object was freed before callback; returning Nil.
   at: gdplanningai_rust::logger::process_logs (src\logger.rs:66)
   GDScript backtrace (most recent call first):
       [0] _process (res://addons/GdPlanningAI/gdpai_autoload.gd:21)
[GdPAI | debug] GetCost: callable returned non-numeric value: null; returning INFINITY
WARNING: [GdPAI] ObjectRef(124621163998): object was freed before callback; returning Nil.
   at: gdplanningai_rust::logger::process_logs (src\logger.rs:66)
   GDScript backtrace (most recent call first):
       [0] _finish_current_plan (res://test/integration/test_hunger_example_smoke.gd:98)
[GdPAI | debug] GetCost: callable returned non-numeric value: null; returning INFINITY
WARNING: [GdPAI] ObjectRef(1382643928884): object was freed before callback; returning Nil.
   at: gdplanningai_rust::logger::process_logs (src\logger.rs:66)
   GDScript backtrace (most recent call first):
       [0] _finish_current_plan (res://test/integration/test_hunger_example_smoke.gd:98)
WARNING: [GdPAI] ObjectRef(1382157389614): object was freed before callback; returning Nil.
   at: gdplanningai_rust::logger::process_logs (src\logger.rs:66)
   GDScript backtrace (most recent call first):
       [0] _finish_current_plan (res://test/integration/test_hunger_example_smoke.gd:98)
WARNING: [GdPAI] ObjectRef(1382157389614): object was freed before callback; returning Nil.
   at: gdplanningai_rust::logger::process_logs (src\logger.rs:66)
   GDScript backtrace (most recent call first):
       [0] _finish_current_plan (res://test/integration/test_hunger_example_smoke.gd:98)
[GdPAI | debug] ApplyEffect [Before] ID=InstanceId(-9223367258821056039): agent props = {"hunger": 95.0603725, "held_item": "", "entity": null, "at_target": null}
[GdPAI | debug] ApplyEffect [After] ID=InstanceId(-9223367258821056039): agent props = {"hunger": 95.0603725, "held_item": "", "entity": null, "at_target": null}
[GdPAI | debug]   Snapshotting prop: hunger = Float(95.0603725) (Variant type: FLOAT)
[GdPAI | debug]   Snapshotting prop: held_item = Str("") (Variant type: STRING)
[GdPAI | debug]   Snapshotting prop: entity = Nil (Variant type: NIL)
[GdPAI | debug]   Snapshotting prop: at_target = Nil (Variant type: NIL)
WARNING: [GdPAI] ObjectRef(124621163998): object was freed before callback; returning Nil.
   at: gdplanningai_rust::logger::process_logs (src\logger.rs:66)
   GDScript backtrace (most recent call first):
       [0] _process (res://addons/GdPlanningAI/gdpai_autoload.gd:21)
[GdPAI | debug] ApplyEffect [Before] ID=InstanceId(-9223367258032526890): agent props = {"hunger": 70.0627442063492, "held_item": "wood", "entity": null}
[GdPAI | debug] ApplyEffect [After] ID=InstanceId(-9223367258032526890): agent props = {"hunger": 70.0627442063492, "held_item": "wood", "entity": null}
[GdPAI | debug]   Snapshotting prop: hunger = Float(70.0627442063492) (Variant type: FLOAT)
[GdPAI | debug]   Snapshotting prop: held_item = Str("wood") (Variant type: STRING)
[GdPAI | debug]   Snapshotting prop: entity = Nil (Variant type: NIL)
WARNING: [GdPAI] ObjectRef(1382643928884): object was freed before callback; returning Nil.
   at: gdplanningai_rust::logger::process_logs (src\logger.rs:66)
   GDScript backtrace (most recent call first):
       [0] _process (res://addons/GdPlanningAI/gdpai_autoload.gd:21)
[GdPAI | debug] GetCost: callable returned non-numeric value: null; returning INFINITY
WARNING: [GdPAI] ObjectRef(124621163998): object was freed before callback; returning Nil.
   at: gdplanningai_rust::logger::process_logs (src\logger.rs:66)
   GDScript backtrace (most recent call first):
       [0] _finish_current_plan (res://test/integration/test_hunger_example_smoke.gd:98)
WARNING: [GdPAI] ObjectRef(124621163998): object was freed before callback; returning Nil.
   at: gdplanningai_rust::logger::process_logs (src\logger.rs:66)
   GDScript backtrace (most recent call first):
       [0] _finish_current_plan (res://test/integration/test_hunger_example_smoke.gd:98)
[GdPAI | debug] GetCost: callable returned non-numeric value: null; returning INFINITY
WARNING: [GdPAI] ObjectRef(1382643928884): object was freed before callback; returning Nil.
   at: gdplanningai_rust::logger::process_logs (src\logger.rs:66)
   GDScript backtrace (most recent call first):
       [0] _finish_current_plan (res://test/integration/test_hunger_example_smoke.gd:98)
[GdPAI | debug] ApplyEffect [Before] ID=InstanceId(-9223367256203810331): agent props = {"hunger": 95.0603725, "entity": null, "at_target": null, "held_item": "wood"}
[GdPAI | debug] ApplyEffect [After] ID=InstanceId(-9223367256203810331): agent props = {"hunger": 95.0603725, "entity": null, "at_target": null, "held_item": "wood"}
[GdPAI | debug]   Snapshotting prop: hunger = Float(95.0603725) (Variant type: FLOAT)
[GdPAI | debug]   Snapshotting prop: entity = Nil (Variant type: NIL)
[GdPAI | debug]   Snapshotting prop: at_target = Nil (Variant type: NIL)
[GdPAI | debug]   Snapshotting prop: held_item = Str("wood") (Variant type: STRING)
WARNING: [GdPAI] ObjectRef(124621163998): object was freed before callback; returning Nil.
   at: gdplanningai_rust::logger::process_logs (src\logger.rs:66)
   GDScript backtrace (most recent call first):
       [0] _process (res://addons/GdPlanningAI/gdpai_autoload.gd:21)
WARNING: [GdPAI] ObjectRef(124621163998): object was freed before callback; returning Nil.
   at: gdplanningai_rust::logger::process_logs (src\logger.rs:66)
   GDScript backtrace (most recent call first):
       [0] _process (res://addons/GdPlanningAI/gdpai_autoload.gd:21)
[GdPAI | debug] ApplyEffect [Before] ID=InstanceId(-9223367255465612860): agent props = {"held_item": "", "hunger": 70.0627442063492, "entity": null}
[GdPAI | debug] ApplyEffect [After] ID=InstanceId(-9223367255465612860): agent props = {"held_item": "", "hunger": 70.0627442063492, "entity": null}
[GdPAI | debug]   Snapshotting prop: held_item = Str("") (Variant type: STRING)
[GdPAI | debug]   Snapshotting prop: hunger = Float(70.0627442063492) (Variant type: FLOAT)
[GdPAI | debug]   Snapshotting prop: entity = Nil (Variant type: NIL)
WARNING: [GdPAI] ObjectRef(1382643928884): object was freed before callback; returning Nil.
   at: gdplanningai_rust::logger::process_logs (src\logger.rs:66)
   GDScript backtrace (most recent call first):
       [0] _process (res://addons/GdPlanningAI/gdpai_autoload.gd:21)
WARNING: [GdPAI] ObjectRef(1382643928884): object was freed before callback; returning Nil.
   at: gdplanningai_rust::logger::process_logs (src\logger.rs:66)
   GDScript backtrace (most recent call first):
       [0] _process (res://addons/GdPlanningAI/gdpai_autoload.gd:21)
[GdPAI | debug] GetCost: callable returned non-numeric value: null; returning INFINITY
WARNING: [GdPAI] ObjectRef(124621163998): object was freed before callback; returning Nil.
   at: gdplanningai_rust::logger::process_logs (src\logger.rs:66)
   GDScript backtrace (most recent call first):
       [0] _finish_current_plan (res://test/integration/test_hunger_example_smoke.gd:98)
[GdPAI | debug] GetCost: callable returned non-numeric value: null; returning INFINITY
WARNING: [GdPAI] ObjectRef(1382643928884): object was freed before callback; returning Nil.
   at: gdplanningai_rust::logger::process_logs (src\logger.rs:66)
   GDScript backtrace (most recent call first):
       [0] _finish_current_plan (res://test/integration/test_hunger_example_smoke.gd:98)
WARNING: [GdPAI] ObjectRef(1382643928884): object was freed before callback; returning Nil.
   at: gdplanningai_rust::logger::process_logs (src\logger.rs:66)
   GDScript backtrace (most recent call first):
       [0] _finish_current_plan (res://test/integration/test_hunger_example_smoke.gd:98)
[GdPAI | debug] ApplyEffect [Before] ID=InstanceId(-9223367253536232958): agent props = {"held_item": "", "hunger": 95.0603725, "entity": null}
[GdPAI | debug] ApplyEffect [After] ID=InstanceId(-9223367253536232958): agent props = {"held_item": "", "hunger": 95.0603725, "entity": null}
[GdPAI | debug]   Snapshotting prop: held_item = Str("") (Variant type: STRING)
[GdPAI | debug]   Snapshotting prop: hunger = Float(95.0603725) (Variant type: FLOAT)
[GdPAI | debug]   Snapshotting prop: entity = Nil (Variant type: NIL)
WARNING: [GdPAI] ObjectRef(124621163998): object was freed before callback; returning Nil.
   at: gdplanningai_rust::logger::process_logs (src\logger.rs:66)
   GDScript backtrace (most recent call first):
       [0] _process (res://addons/GdPlanningAI/gdpai_autoload.gd:21)
[GdPAI | debug] ApplyEffect [Before] ID=InstanceId(-9223367252798035465): agent props = {"entity": null, "hunger": 70.0627442063492, "held_item": ""}
[GdPAI | debug] ApplyEffect [After] ID=InstanceId(-9223367252798035465): agent props = {"entity": null, "hunger": 70.0627442063492, "held_item": ""}
[GdPAI | debug]   Snapshotting prop: entity = Nil (Variant type: NIL)
[GdPAI | debug]   Snapshotting prop: hunger = Float(70.0627442063492) (Variant type: FLOAT)
[GdPAI | debug]   Snapshotting prop: held_item = Str("") (Variant type: STRING)
WARNING: [GdPAI] ObjectRef(1382643928884): object was freed before callback; returning Nil.
   at: gdplanningai_rust::logger::process_logs (src\logger.rs:66)
   GDScript backtrace (most recent call first):
       [0] _process (res://addons/GdPlanningAI/gdpai_autoload.gd:21)
[GdPAI | debug] GetCost: callable returned non-numeric value: null; returning INFINITY
WARNING: [GdPAI] ObjectRef(124621163998): object was freed before callback; returning Nil.
   at: gdplanningai_rust::logger::process_logs (src\logger.rs:66)
   GDScript backtrace (most recent call first):
       [0] _finish_current_plan (res://test/integration/test_hunger_example_smoke.gd:98)
[GdPAI | debug] GetCost: callable returned non-numeric value: null; returning INFINITY
WARNING: [GdPAI] ObjectRef(1382643928884): object was freed before callback; returning Nil.
   at: gdplanningai_rust::logger::process_logs (src\logger.rs:66)
   GDScript backtrace (most recent call first):
       [0] _finish_current_plan (res://test/integration/test_hunger_example_smoke.gd:98)
[GdPAI | debug] ApplyEffect [Before] ID=InstanceId(-9223367250969318892): agent props = {"entity": null, "held_item": "", "hunger": 95.0603725}
[GdPAI | debug] ApplyEffect [After] ID=InstanceId(-9223367250969318892): agent props = {"entity": null, "held_item": "", "hunger": 95.0603725}
[GdPAI | debug]   Snapshotting prop: entity = Nil (Variant type: NIL)
[GdPAI | debug]   Snapshotting prop: held_item = Str("") (Variant type: STRING)
[GdPAI | debug]   Snapshotting prop: hunger = Float(95.0603725) (Variant type: FLOAT)
WARNING: [GdPAI] ObjectRef(124621163998): object was freed before callback; returning Nil.
   at: gdplanningai_rust::logger::process_logs (src\logger.rs:66)
   GDScript backtrace (most recent call first):
       [0] _process (res://addons/GdPlanningAI/gdpai_autoload.gd:21)
[GdPAI | debug] ApplyEffect [Before] ID=InstanceId(-9223367250281453100): agent props = {"hunger": 70.0627442063492, "entity": null, "held_item": "wood"}
[GdPAI | debug] ApplyEffect [After] ID=InstanceId(-9223367250281453100): agent props = {"hunger": 70.0627442063492, "entity": null, "held_item": "wood"}
[GdPAI | debug]   Snapshotting prop: hunger = Float(70.0627442063492) (Variant type: FLOAT)
[GdPAI | debug]   Snapshotting prop: entity = Nil (Variant type: NIL)
[GdPAI | debug]   Snapshotting prop: held_item = Str("wood") (Variant type: STRING)
WARNING: [GdPAI] ObjectRef(1382643928884): object was freed before callback; returning Nil.
   at: gdplanningai_rust::logger::process_logs (src\logger.rs:66)
   GDScript backtrace (most recent call first):
       [0] _process (res://addons/GdPlanningAI/gdpai_autoload.gd:21)
[GdPAI | debug] GetCost: callable returned non-numeric value: null; returning INFINITY
WARNING: [GdPAI] ObjectRef(124621163998): object was freed before callback; returning Nil.
   at: gdplanningai_rust::logger::process_logs (src\logger.rs:66)
   GDScript backtrace (most recent call first):
       [0] _process (res://addons/GdPlanningAI/gdpai_autoload.gd:21)
[GdPAI | debug] GetCost: callable returned non-numeric value: null; returning INFINITY
WARNING: [GdPAI] ObjectRef(1382643928884): object was freed before callback; returning Nil.
   at: gdplanningai_rust::logger::process_logs (src\logger.rs:66)
   GDScript backtrace (most recent call first):
       [0] _process (res://addons/GdPlanningAI/gdpai_autoload.gd:21)
[GdPAI | debug] ApplyEffect [Before] ID=InstanceId(-9223367248469513689): agent props = {"held_item": "", "entity": null, "hunger": 95.0603725}
[GdPAI | debug] ApplyEffect [After] ID=InstanceId(-9223367248469513689): agent props = {"held_item": "", "entity": null, "hunger": 95.0603725}
[GdPAI | debug]   Snapshotting prop: held_item = Str("") (Variant type: STRING)
[GdPAI | debug]   Snapshotting prop: entity = Nil (Variant type: NIL)
[GdPAI | debug]   Snapshotting prop: hunger = Float(95.0603725) (Variant type: FLOAT)
WARNING: [GdPAI] ObjectRef(124621163998): object was freed before callback; returning Nil.
   at: gdplanningai_rust::logger::process_logs (src\logger.rs:66)
   GDScript backtrace (most recent call first):
       [0] _finish_current_plan (res://test/integration/test_hunger_example_smoke.gd:98)
[GdPAI | debug] ApplyEffect [Before] ID=InstanceId(-9223367247781647846): agent props = {"hunger": 70.0627442063492, "entity": null, "held_item": "wood"}
[GdPAI | debug] ApplyEffect [After] ID=InstanceId(-9223367247781647846): agent props = {"hunger": 70.0627442063492, "entity": null, "held_item": "wood"}
[GdPAI | debug]   Snapshotting prop: hunger = Float(70.0627442063492) (Variant type: FLOAT)
[GdPAI | debug]   Snapshotting prop: entity = Nil (Variant type: NIL)
[GdPAI | debug]   Snapshotting prop: held_item = Str("wood") (Variant type: STRING)
WARNING: [GdPAI] ObjectRef(1382643928884): object was freed before callback; returning Nil.
   at: gdplanningai_rust::logger::process_logs (src\logger.rs:66)
   GDScript backtrace (most recent call first):
       [0] _finish_current_plan (res://test/integration/test_hunger_example_smoke.gd:98)
[GdPAI | debug] GetCost: callable returned non-numeric value: null; returning INFINITY
WARNING: [GdPAI] ObjectRef(124621163998): object was freed before callback; returning Nil.
   at: gdplanningai_rust::logger::process_logs (src\logger.rs:66)
   GDScript backtrace (most recent call first):
       [0] _process (res://addons/GdPlanningAI/gdpai_autoload.gd:21)
[GdPAI | debug] GetCost: callable returned non-numeric value: null; returning INFINITY
WARNING: [GdPAI] ObjectRef(1382643928884): object was freed before callback; returning Nil.
   at: gdplanningai_rust::logger::process_logs (src\logger.rs:66)
   GDScript backtrace (most recent call first):
       [0] _process (res://addons/GdPlanningAI/gdpai_autoload.gd:21)
[GdPAI | debug] ApplyEffect [Before] ID=InstanceId(-9223367245952931286): agent props = {"entity": null, "hunger": 95.0603725, "held_item": "wood"}
[GdPAI | debug] ApplyEffect [After] ID=InstanceId(-9223367245952931286): agent props = {"entity": null, "hunger": 95.0603725, "held_item": "wood"}
[GdPAI | debug]   Snapshotting prop: entity = Nil (Variant type: NIL)
[GdPAI | debug]   Snapshotting prop: hunger = Float(95.0603725) (Variant type: FLOAT)
[GdPAI | debug]   Snapshotting prop: held_item = Str("wood") (Variant type: STRING)
WARNING: [GdPAI] ObjectRef(124621163998): object was freed before callback; returning Nil.
   at: gdplanningai_rust::logger::process_logs (src\logger.rs:66)
   GDScript backtrace (most recent call first):
       [0] _process (res://addons/GdPlanningAI/gdpai_autoload.gd:21)
[GdPAI | debug] ApplyEffect [Before] ID=InstanceId(-9223367245281842631): agent props = {"entity": null, "held_item": "wood", "hunger": 70.0627442063492}
[GdPAI | debug] ApplyEffect [After] ID=InstanceId(-9223367245281842631): agent props = {"entity": null, "held_item": "wood", "hunger": 70.0627442063492}
[GdPAI | debug]   Snapshotting prop: entity = Nil (Variant type: NIL)
[GdPAI | debug]   Snapshotting prop: held_item = Str("wood") (Variant type: STRING)
[GdPAI | debug]   Snapshotting prop: hunger = Float(70.0627442063492) (Variant type: FLOAT)
WARNING: [GdPAI] ObjectRef(1382643928884): object was freed before callback; returning Nil.
   at: gdplanningai_rust::logger::process_logs (src\logger.rs:66)
   GDScript backtrace (most recent call first):
       [0] _process (res://addons/GdPlanningAI/gdpai_autoload.gd:21)
WARNING: [GdPAI] ObjectRef(1382643928884): object was freed before callback; returning Nil.
   at: gdplanningai_rust::logger::process_logs (src\logger.rs:66)
   GDScript backtrace (most recent call first):
       [0] _process (res://addons/GdPlanningAI/gdpai_autoload.gd:21)
[GdPAI | debug] GetCost: callable returned non-numeric value: null; returning INFINITY
WARNING: [GdPAI] ObjectRef(124621163998): object was freed before callback; returning Nil.
   at: gdplanningai_rust::logger::process_logs (src\logger.rs:66)
   GDScript backtrace (most recent call first):
       [0] _finish_current_plan (res://test/integration/test_hunger_example_smoke.gd:98)
[GdPAI | debug] GetCost: callable returned non-numeric value: null; returning INFINITY
WARNING: [GdPAI] ObjectRef(1382643928884): object was freed before callback; returning Nil.
   at: gdplanningai_rust::logger::process_logs (src\logger.rs:66)
   GDScript backtrace (most recent call first):
       [0] _finish_current_plan (res://test/integration/test_hunger_example_smoke.gd:98)
WARNING: [GdPAI] ObjectRef(1382643928884): object was freed before callback; returning Nil.
   at: gdplanningai_rust::logger::process_logs (src\logger.rs:66)
   GDScript backtrace (most recent call first):
       [0] _finish_current_plan (res://test/integration/test_hunger_example_smoke.gd:98)
[GdPAI | debug] ApplyEffect [Before] ID=InstanceId(-9223367243402794444): agent props = {"entity": null, "held_item": "", "hunger": 95.0603725}
[GdPAI | debug] ApplyEffect [After] ID=InstanceId(-9223367243402794444): agent props = {"entity": null, "held_item": "", "hunger": 95.0603725}
[GdPAI | debug]   Snapshotting prop: entity = Nil (Variant type: NIL)
[GdPAI | debug]   Snapshotting prop: held_item = Str("") (Variant type: STRING)
[GdPAI | debug]   Snapshotting prop: hunger = Float(95.0603725) (Variant type: FLOAT)
WARNING: [GdPAI] ObjectRef(124621163998): object was freed before callback; returning Nil.
   at: gdplanningai_rust::logger::process_logs (src\logger.rs:66)
   GDScript backtrace (most recent call first):
       [0] _process (res://addons/GdPlanningAI/gdpai_autoload.gd:21)
[GdPAI | debug] ApplyEffect [Before] ID=InstanceId(-9223367242664596994): agent props = {"held_item": "wood", "entity": null, "hunger": 70.0627442063492}
[GdPAI | debug] ApplyEffect [After] ID=InstanceId(-9223367242664596994): agent props = {"held_item": "wood", "entity": null, "hunger": 70.0627442063492}
[GdPAI | debug]   Snapshotting prop: held_item = Str("wood") (Variant type: STRING)
[GdPAI | debug]   Snapshotting prop: entity = Nil (Variant type: NIL)
[GdPAI | debug]   Snapshotting prop: hunger = Float(70.0627442063492) (Variant type: FLOAT)
WARNING: [GdPAI] ObjectRef(1382643928884): object was freed before callback; returning Nil.
   at: gdplanningai_rust::logger::process_logs (src\logger.rs:66)
   GDScript backtrace (most recent call first):
       [0] _process (res://addons/GdPlanningAI/gdpai_autoload.gd:21)
[GdPAI | debug] GetCost: callable returned non-numeric value: null; returning INFINITY
WARNING: [GdPAI] ObjectRef(124621163998): object was freed before callback; returning Nil.
   at: gdplanningai_rust::logger::process_logs (src\logger.rs:66)
   GDScript backtrace (most recent call first):
       [0] _finish_current_plan (res://test/integration/test_hunger_example_smoke.gd:98)
WARNING: [GdPAI] ObjectRef(124621163998): object was freed before callback; returning Nil.
   at: gdplanningai_rust::logger::process_logs (src\logger.rs:66)
   GDScript backtrace (most recent call first):
       [0] _finish_current_plan (res://test/integration/test_hunger_example_smoke.gd:98)
[GdPAI | debug] GetCost: callable returned non-numeric value: null; returning INFINITY
WARNING: [GdPAI] ObjectRef(1382643928884): object was freed before callback; returning Nil.
   at: gdplanningai_rust::logger::process_logs (src\logger.rs:66)
   GDScript backtrace (most recent call first):
       [0] _finish_current_plan (res://test/integration/test_hunger_example_smoke.gd:98)
[GdPAI | debug] ApplyEffect [Before] ID=InstanceId(-9223367240835880390): agent props = {"entity": null, "hunger": 95.0603725, "held_item": ""}
[GdPAI | debug] ApplyEffect [After] ID=InstanceId(-9223367240835880390): agent props = {"entity": null, "hunger": 95.0603725, "held_item": ""}
[GdPAI | debug]   Snapshotting prop: entity = Nil (Variant type: NIL)
[GdPAI | debug]   Snapshotting prop: hunger = Float(95.0603725) (Variant type: FLOAT)
[GdPAI | debug]   Snapshotting prop: held_item = Str("") (Variant type: STRING)
WARNING: [GdPAI] ObjectRef(124621163998): object was freed before callback; returning Nil.
   at: gdplanningai_rust::logger::process_logs (src\logger.rs:66)
   GDScript backtrace (most recent call first):
       [0] _process (res://addons/GdPlanningAI/gdpai_autoload.gd:21)
WARNING: [GdPAI] ObjectRef(124621163998): object was freed before callback; returning Nil.
   at: gdplanningai_rust::logger::process_logs (src\logger.rs:66)
   GDScript backtrace (most recent call first):
       [0] _process (res://addons/GdPlanningAI/gdpai_autoload.gd:21)
[GdPAI | debug] ApplyEffect [Before] ID=InstanceId(-9223367240097682972): agent props = {"held_item": "", "hunger": 70.0627442063492, "entity": null}
[GdPAI | debug] ApplyEffect [After] ID=InstanceId(-9223367240097682972): agent props = {"held_item": "", "hunger": 70.0627442063492, "entity": null}
[GdPAI | debug]   Snapshotting prop: held_item = Str("") (Variant type: STRING)
[GdPAI | debug]   Snapshotting prop: hunger = Float(70.0627442063492) (Variant type: FLOAT)
[GdPAI | debug]   Snapshotting prop: entity = Nil (Variant type: NIL)
WARNING: [GdPAI] ObjectRef(1382643928884): object was freed before callback; returning Nil.
   at: gdplanningai_rust::logger::process_logs (src\logger.rs:66)
   GDScript backtrace (most recent call first):
       [0] _process (res://addons/GdPlanningAI/gdpai_autoload.gd:21)
[GdPAI | debug] GetCost: callable returned non-numeric value: null; returning INFINITY
WARNING: [GdPAI] ObjectRef(124621163998): object was freed before callback; returning Nil.
   at: gdplanningai_rust::logger::process_logs (src\logger.rs:66)
   GDScript backtrace (most recent call first):
       [0] _process (res://addons/GdPlanningAI/gdpai_autoload.gd:21)
[GdPAI | debug] GetCost: callable returned non-numeric value: null; returning INFINITY
WARNING: [GdPAI] ObjectRef(1382643928884): object was freed before callback; returning Nil.
   at: gdplanningai_rust::logger::process_logs (src\logger.rs:66)
   GDScript backtrace (most recent call first):
       [0] _process (res://addons/GdPlanningAI/gdpai_autoload.gd:21)
[GdPAI | debug] ApplyEffect [Before] ID=InstanceId(-9223367238235411895): agent props = {"entity": null, "held_item": "", "hunger": 95.0603725}
[GdPAI | debug] ApplyEffect [After] ID=InstanceId(-9223367238235411895): agent props = {"entity": null, "held_item": "", "hunger": 95.0603725}
[GdPAI | debug]   Snapshotting prop: entity = Nil (Variant type: NIL)
[GdPAI | debug]   Snapshotting prop: held_item = Str("") (Variant type: STRING)
[GdPAI | debug]   Snapshotting prop: hunger = Float(95.0603725) (Variant type: FLOAT)
WARNING: [GdPAI] ObjectRef(124621163998): object was freed before callback; returning Nil.
   at: gdplanningai_rust::logger::process_logs (src\logger.rs:66)
   GDScript backtrace (most recent call first):
       [0] _finish_current_plan (res://test/integration/test_hunger_example_smoke.gd:98)
[GdPAI | debug] ApplyEffect [Before] ID=InstanceId(-9223367237547546023): agent props = {"hunger": 70.0627442063492, "entity": null, "held_item": ""}
[GdPAI | debug] ApplyEffect [After] ID=InstanceId(-9223367237547546023): agent props = {"hunger": 70.0627442063492, "entity": null, "held_item": ""}
[GdPAI | debug]   Snapshotting prop: hunger = Float(70.0627442063492) (Variant type: FLOAT)
[GdPAI | debug]   Snapshotting prop: entity = Nil (Variant type: NIL)
[GdPAI | debug]   Snapshotting prop: held_item = Str("") (Variant type: STRING)
WARNING: [GdPAI] ObjectRef(1382643928884): object was freed before callback; returning Nil.
   at: gdplanningai_rust::logger::process_logs (src\logger.rs:66)
   GDScript backtrace (most recent call first):
       [0] _finish_current_plan (res://test/integration/test_hunger_example_smoke.gd:98)
[GdPAI | debug] GetCost: callable returned non-numeric value: null; returning INFINITY
WARNING: [GdPAI] ObjectRef(124621163998): object was freed before callback; returning Nil.
   at: gdplanningai_rust::logger::process_logs (src\logger.rs:66)
   GDScript backtrace (most recent call first):
       [0] _process (res://addons/GdPlanningAI/gdpai_autoload.gd:21)
[GdPAI | debug] GetCost: callable returned non-numeric value: null; returning INFINITY
WARNING: [GdPAI] ObjectRef(1382643928884): object was freed before callback; returning Nil.
   at: gdplanningai_rust::logger::process_logs (src\logger.rs:66)
   GDScript backtrace (most recent call first):
       [0] _process (res://addons/GdPlanningAI/gdpai_autoload.gd:21)
[GdPAI | debug] ApplyEffect [Before] ID=InstanceId(-9223367235718829485): agent props = {"entity": null, "hunger": 95.0603725, "held_item": "wood"}
[GdPAI | debug] ApplyEffect [After] ID=InstanceId(-9223367235718829485): agent props = {"entity": null, "hunger": 95.0603725, "held_item": "wood"}
[GdPAI | debug]   Snapshotting prop: entity = Nil (Variant type: NIL)
[GdPAI | debug]   Snapshotting prop: hunger = Float(95.0603725) (Variant type: FLOAT)
[GdPAI | debug]   Snapshotting prop: held_item = Str("wood") (Variant type: STRING)
WARNING: [GdPAI] ObjectRef(124621163998): object was freed before callback; returning Nil.
   at: gdplanningai_rust::logger::process_logs (src\logger.rs:66)
   GDScript backtrace (most recent call first):
       [0] _process (res://addons/GdPlanningAI/gdpai_autoload.gd:21)
[GdPAI | debug] ApplyEffect [Before] ID=InstanceId(-9223367235047740809): agent props = {"held_item": "wood", "entity": null, "hunger": 70.0627442063492}
[GdPAI | debug] ApplyEffect [After] ID=InstanceId(-9223367235047740809): agent props = {"held_item": "wood", "entity": null, "hunger": 70.0627442063492}
[GdPAI | debug]   Snapshotting prop: held_item = Str("wood") (Variant type: STRING)
[GdPAI | debug]   Snapshotting prop: entity = Nil (Variant type: NIL)
[GdPAI | debug]   Snapshotting prop: hunger = Float(70.0627442063492) (Variant type: FLOAT)
WARNING: [GdPAI] ObjectRef(1382643928884): object was freed before callback; returning Nil.
   at: gdplanningai_rust::logger::process_logs (src\logger.rs:66)
   GDScript backtrace (most recent call first):
       [0] _process (res://addons/GdPlanningAI/gdpai_autoload.gd:21)
WARNING: [GdPAI] ObjectRef(1382643928884): object was freed before callback; returning Nil.
   at: gdplanningai_rust::logger::process_logs (src\logger.rs:66)
   GDScript backtrace (most recent call first):
       [0] _process (res://addons/GdPlanningAI/gdpai_autoload.gd:21)
[GdPAI | debug] GetCost: callable returned non-numeric value: null; returning INFINITY
WARNING: [GdPAI] ObjectRef(124621163998): object was freed before callback; returning Nil.
   at: gdplanningai_rust::logger::process_logs (src\logger.rs:66)
   GDScript backtrace (most recent call first):
       [0] _finish_current_plan (res://test/integration/test_hunger_example_smoke.gd:98)
[GdPAI | debug] GetCost: callable returned non-numeric value: null; returning INFINITY
WARNING: [GdPAI] ObjectRef(1382643928884): object was freed before callback; returning Nil.
   at: gdplanningai_rust::logger::process_logs (src\logger.rs:66)
   GDScript backtrace (most recent call first):
       [0] _finish_current_plan (res://test/integration/test_hunger_example_smoke.gd:98)
WARNING: [GdPAI] ObjectRef(1382643928884): object was freed before callback; returning Nil.
   at: gdplanningai_rust::logger::process_logs (src\logger.rs:66)
   GDScript backtrace (most recent call first):
       [0] _finish_current_plan (res://test/integration/test_hunger_example_smoke.gd:98)
[GdPAI | debug] ApplyEffect [Before] ID=InstanceId(-9223367233168692629): agent props = {"held_item": "", "entity": null, "hunger": 95.0603725}
[GdPAI | debug] ApplyEffect [After] ID=InstanceId(-9223367233168692629): agent props = {"held_item": "", "entity": null, "hunger": 95.0603725}
[GdPAI | debug]   Snapshotting prop: held_item = Str("") (Variant type: STRING)
[GdPAI | debug]   Snapshotting prop: entity = Nil (Variant type: NIL)
[GdPAI | debug]   Snapshotting prop: hunger = Float(95.0603725) (Variant type: FLOAT)
WARNING: [GdPAI] ObjectRef(124621163998): object was freed before callback; returning Nil.
   at: gdplanningai_rust::logger::process_logs (src\logger.rs:66)
   GDScript backtrace (most recent call first):
       [0] _process (res://addons/GdPlanningAI/gdpai_autoload.gd:21)
[GdPAI | debug] ApplyEffect [Before] ID=InstanceId(-9223367232430495134): agent props = {"entity": null, "hunger": 70.0627442063492, "held_item": "wood"}
[GdPAI | debug] ApplyEffect [After] ID=InstanceId(-9223367232430495134): agent props = {"entity": null, "hunger": 70.0627442063492, "held_item": "wood"}
[GdPAI | debug]   Snapshotting prop: entity = Nil (Variant type: NIL)
[GdPAI | debug]   Snapshotting prop: hunger = Float(70.0627442063492) (Variant type: FLOAT)
[GdPAI | debug]   Snapshotting prop: held_item = Str("wood") (Variant type: STRING)
WARNING: [GdPAI] ObjectRef(1382643928884): object was freed before callback; returning Nil.
   at: gdplanningai_rust::logger::process_logs (src\logger.rs:66)
   GDScript backtrace (most recent call first):
       [0] _process (res://addons/GdPlanningAI/gdpai_autoload.gd:21)
[GdPAI | debug] GetCost: callable returned non-numeric value: null; returning INFINITY
WARNING: [GdPAI] ObjectRef(124621163998): object was freed before callback; returning Nil.
   at: gdplanningai_rust::logger::process_logs (src\logger.rs:66)
   GDScript backtrace (most recent call first):
       [0] _finish_current_plan (res://test/integration/test_hunger_example_smoke.gd:98)
[GdPAI | debug] GetCost: callable returned non-numeric value: null; returning INFINITY
WARNING: [GdPAI] ObjectRef(1382643928884): object was freed before callback; returning Nil.
   at: gdplanningai_rust::logger::process_logs (src\logger.rs:66)
   GDScript backtrace (most recent call first):
       [0] _finish_current_plan (res://test/integration/test_hunger_example_smoke.gd:98)
[GdPAI | debug] ApplyEffect [Before] ID=InstanceId(-9223367230601778557): agent props = {"hunger": 95.0603725, "held_item": "", "entity": null}
[GdPAI | debug] ApplyEffect [After] ID=InstanceId(-9223367230601778557): agent props = {"hunger": 95.0603725, "held_item": "", "entity": null}
[GdPAI | debug]   Snapshotting prop: hunger = Float(95.0603725) (Variant type: FLOAT)
[GdPAI | debug]   Snapshotting prop: held_item = Str("") (Variant type: STRING)
[GdPAI | debug]   Snapshotting prop: entity = Nil (Variant type: NIL)
WARNING: [GdPAI] ObjectRef(124621163998): object was freed before callback; returning Nil.
   at: gdplanningai_rust::logger::process_logs (src\logger.rs:66)
   GDScript backtrace (most recent call first):
       [0] _process (res://addons/GdPlanningAI/gdpai_autoload.gd:21)
[GdPAI | debug] ApplyEffect [Before] ID=InstanceId(-9223367229813249398): agent props = {"held_item": "wood", "entity": null, "hunger": 70.0627442063492}
[GdPAI | debug] ApplyEffect [After] ID=InstanceId(-9223367229813249398): agent props = {"held_item": "wood", "entity": null, "hunger": 70.0627442063492}
[GdPAI | debug]   Snapshotting prop: held_item = Str("wood") (Variant type: STRING)
[GdPAI | debug]   Snapshotting prop: entity = Nil (Variant type: NIL)
[GdPAI | debug]   Snapshotting prop: hunger = Float(70.0627442063492) (Variant type: FLOAT)
WARNING: [GdPAI] ObjectRef(1382643928884): object was freed before callback; returning Nil.
   at: gdplanningai_rust::logger::process_logs (src\logger.rs:66)
   GDScript backtrace (most recent call first):
       [0] _process (res://addons/GdPlanningAI/gdpai_autoload.gd:21)
[GdPAI | debug] GetCost: callable returned non-numeric value: null; returning INFINITY
WARNING: [GdPAI] ObjectRef(124621163998): object was freed before callback; returning Nil.
   at: gdplanningai_rust::logger::process_logs (src\logger.rs:66)
   GDScript backtrace (most recent call first):
       [0] _process (res://addons/GdPlanningAI/gdpai_autoload.gd:21)
[GdPAI | debug] GetCost: callable returned non-numeric value: null; returning INFINITY
WARNING: [GdPAI] ObjectRef(1382643928884): object was freed before callback; returning Nil.
   at: gdplanningai_rust::logger::process_logs (src\logger.rs:66)
   GDScript backtrace (most recent call first):
       [0] _process (res://addons/GdPlanningAI/gdpai_autoload.gd:21)
[GdPAI | debug] ApplyEffect [Before] ID=InstanceId(-9223367228001310113): agent props = {"hunger": 95.0603725, "held_item": "", "entity": null}
[GdPAI | debug] ApplyEffect [After] ID=InstanceId(-9223367228001310113): agent props = {"hunger": 95.0603725, "held_item": "", "entity": null}
[GdPAI | debug]   Snapshotting prop: hunger = Float(95.0603725) (Variant type: FLOAT)
[GdPAI | debug]   Snapshotting prop: held_item = Str("") (Variant type: STRING)
[GdPAI | debug]   Snapshotting prop: entity = Nil (Variant type: NIL)
WARNING: [GdPAI] ObjectRef(124621163998): object was freed before callback; returning Nil.
   at: gdplanningai_rust::logger::process_logs (src\logger.rs:66)
   GDScript backtrace (most recent call first):
       [0] _finish_current_plan (res://test/integration/test_hunger_example_smoke.gd:98)
[GdPAI | debug] ApplyEffect [Before] ID=InstanceId(-9223367227313444201): agent props = {"entity": null, "held_item": "wood", "hunger": 70.0627442063492}
[GdPAI | debug] ApplyEffect [After] ID=InstanceId(-9223367227313444201): agent props = {"entity": null, "held_item": "wood", "hunger": 70.0627442063492}
[GdPAI | debug]   Snapshotting prop: entity = Nil (Variant type: NIL)
[GdPAI | debug]   Snapshotting prop: held_item = Str("wood") (Variant type: STRING)
[GdPAI | debug]   Snapshotting prop: hunger = Float(70.0627442063492) (Variant type: FLOAT)
WARNING: [GdPAI] ObjectRef(1382643928884): object was freed before callback; returning Nil.
   at: gdplanningai_rust::logger::process_logs (src\logger.rs:66)
   GDScript backtrace (most recent call first):
       [0] _finish_current_plan (res://test/integration/test_hunger_example_smoke.gd:98)
[GdPAI | debug] GetCost: callable returned non-numeric value: null; returning INFINITY
[32m    [Passed]:  [0mExpected [FoodObject:<Node#4807007971993>(food_object.gd)] to be anything but NULL:  Shake Tree should drop a real FoodObject
WARNING: [GdPAI] ObjectRef(124621163998): object was freed before callback; returning Nil.
   at: gdplanningai_rust::logger::process_logs (src\logger.rs:66)
   GDScript backtrace (most recent call first):
       [0] _process (res://addons/GdPlanningAI/gdpai_autoload.gd:21)
WARNING: [GdPAI] ObjectRef(124621163998): object was freed before callback; returning Nil.
   at: gdplanningai_rust::logger::process_logs (src\logger.rs:66)
   GDScript backtrace (most recent call first):
       [0] _process (res://addons/GdPlanningAI/gdpai_autoload.gd:21)
[GdPAI | debug] GetCost: callable returned non-numeric value: null; returning INFINITY
WARNING: [GdPAI] ObjectRef(1382643928884): object was freed before callback; returning Nil.
   at: gdplanningai_rust::logger::process_logs (src\logger.rs:66)
   GDScript backtrace (most recent call first):
       [0] _process (res://addons/GdPlanningAI/gdpai_autoload.gd:21)
[GdPAI | debug] ApplyEffect [Before] ID=InstanceId(-9223367225451173211): agent props = {"entity": null, "hunger": 95.0603725, "held_item": "wood"}
[GdPAI | debug] ApplyEffect [After] ID=InstanceId(-9223367225451173211): agent props = {"entity": null, "hunger": 95.0603725, "held_item": "wood"}
[GdPAI | debug]   Snapshotting prop: entity = Nil (Variant type: NIL)
[GdPAI | debug]   Snapshotting prop: hunger = Float(95.0603725) (Variant type: FLOAT)
[GdPAI | debug]   Snapshotting prop: held_item = Str("wood") (Variant type: STRING)
WARNING: [GdPAI] ObjectRef(124621163998): object was freed before callback; returning Nil.
   at: gdplanningai_rust::logger::process_logs (src\logger.rs:66)
   GDScript backtrace (most recent call first):
       [0] _process (res://addons/GdPlanningAI/gdpai_autoload.gd:21)
WARNING: [GdPAI] ObjectRef(124621163998): object was freed before callback; returning Nil.
   at: gdplanningai_rust::logger::process_logs (src\logger.rs:66)
   GDScript backtrace (most recent call first):
       [0] _process (res://addons/GdPlanningAI/gdpai_autoload.gd:21)
[GdPAI | debug] ApplyEffect [Before] ID=InstanceId(-9223367224729752983): agent props = {"held_item": "", "hunger": 70.0627442063492, "entity": null}
[GdPAI | debug] ApplyEffect [After] ID=InstanceId(-9223367224729752983): agent props = {"held_item": "", "hunger": 70.0627442063492, "entity": null}
[GdPAI | debug]   Snapshotting prop: held_item = Str("") (Variant type: STRING)
[GdPAI | debug]   Snapshotting prop: hunger = Float(70.0627442063492) (Variant type: FLOAT)
[GdPAI | debug]   Snapshotting prop: entity = Nil (Variant type: NIL)
WARNING: [GdPAI] ObjectRef(1382643928884): object was freed before callback; returning Nil.
   at: gdplanningai_rust::logger::process_logs (src\logger.rs:66)
   GDScript backtrace (most recent call first):
       [0] _process (res://addons/GdPlanningAI/gdpai_autoload.gd:21)
WARNING: [GdPAI] ObjectRef(1382643928884): object was freed before callback; returning Nil.
   at: gdplanningai_rust::logger::process_logs (src\logger.rs:66)
   GDScript backtrace (most recent call first):
       [0] _process (res://addons/GdPlanningAI/gdpai_autoload.gd:21)
[GdPAI | debug] GetCost: callable returned non-numeric value: null; returning INFINITY
WARNING: [GdPAI] ObjectRef(124621163998): object was freed before callback; returning Nil.
   at: gdplanningai_rust::logger::process_logs (src\logger.rs:66)
   GDScript backtrace (most recent call first):
       [0] _process (res://addons/GdPlanningAI/gdpai_autoload.gd:21)
[GdPAI | debug] GetCost: callable returned non-numeric value: null; returning INFINITY
WARNING: [GdPAI] ObjectRef(1382643928884): object was freed before callback; returning Nil.
   at: gdplanningai_rust::logger::process_logs (src\logger.rs:66)
   GDScript backtrace (most recent call first):
       [0] _process (res://addons/GdPlanningAI/gdpai_autoload.gd:21)
WARNING: [GdPAI] ObjectRef(1382643928884): object was freed before callback; returning Nil.
   at: gdplanningai_rust::logger::process_logs (src\logger.rs:66)
   GDScript backtrace (most recent call first):
       [0] _process (res://addons/GdPlanningAI/gdpai_autoload.gd:21)
[GdPAI | debug] ApplyEffect [Before] ID=InstanceId(-9223367222766818659): agent props = {"entity": null, "held_item": "", "hunger": 95.0603725}
[GdPAI | debug] ApplyEffect [After] ID=InstanceId(-9223367222766818659): agent props = {"entity": null, "held_item": "", "hunger": 95.0603725}
[GdPAI | debug]   Snapshotting prop: entity = Nil (Variant type: NIL)
[GdPAI | debug]   Snapshotting prop: held_item = Str("") (Variant type: STRING)
[GdPAI | debug]   Snapshotting prop: hunger = Float(95.0603725) (Variant type: FLOAT)
WARNING: [GdPAI] ObjectRef(124621163998): object was freed before callback; returning Nil.
   at: gdplanningai_rust::logger::process_logs (src\logger.rs:66)
   GDScript backtrace (most recent call first):
       [0] _process (res://addons/GdPlanningAI/gdpai_autoload.gd:21)
[GdPAI | debug] ApplyEffect [Before] ID=InstanceId(-9223367222011843892): agent props = {"hunger": 70.0627442063492, "entity": null, "held_item": ""}
[GdPAI | debug] ApplyEffect [After] ID=InstanceId(-9223367222011843892): agent props = {"hunger": 70.0627442063492, "entity": null, "held_item": ""}
[GdPAI | debug]   Snapshotting prop: hunger = Float(70.0627442063492) (Variant type: FLOAT)
[GdPAI | debug]   Snapshotting prop: entity = Nil (Variant type: NIL)
[GdPAI | debug]   Snapshotting prop: held_item = Str("") (Variant type: STRING)
WARNING: [GdPAI] ObjectRef(1382643928884): object was freed before callback; returning Nil.
   at: gdplanningai_rust::logger::process_logs (src\logger.rs:66)
   GDScript backtrace (most recent call first):
       [0] _process (res://addons/GdPlanningAI/gdpai_autoload.gd:21)
[GdPAI | debug] GetCost: callable returned non-numeric value: null; returning INFINITY
WARNING: [GdPAI] ObjectRef(124621163998): object was freed before callback; returning Nil.
   at: gdplanningai_rust::logger::process_logs (src\logger.rs:66)
   GDScript backtrace (most recent call first):
       [0] _process (res://addons/GdPlanningAI/gdpai_autoload.gd:21)
[GdPAI | debug] GetCost: callable returned non-numeric value: null; returning INFINITY
WARNING: [GdPAI] ObjectRef(1382643928884): object was freed before callback; returning Nil.
   at: gdplanningai_rust::logger::process_logs (src\logger.rs:66)
   GDScript backtrace (most recent call first):
       [0] _process (res://addons/GdPlanningAI/gdpai_autoload.gd:21)
[GdPAI | debug] ApplyEffect [Before] ID=InstanceId(-9223367220199904664): agent props = {"entity": null, "held_item": "", "hunger": 95.0603725}
[GdPAI | debug] ApplyEffect [After] ID=InstanceId(-9223367220199904664): agent props = {"entity": null, "held_item": "", "hunger": 95.0603725}
[GdPAI | debug]   Snapshotting prop: entity = Nil (Variant type: NIL)
[GdPAI | debug]   Snapshotting prop: held_item = Str("") (Variant type: STRING)
[GdPAI | debug]   Snapshotting prop: hunger = Float(95.0603725) (Variant type: FLOAT)
WARNING: [GdPAI] ObjectRef(124621163998): object was freed before callback; returning Nil.
   at: gdplanningai_rust::logger::process_logs (src\logger.rs:66)
   GDScript backtrace (most recent call first):
       [0] _process (res://addons/GdPlanningAI/gdpai_autoload.gd:21)
[GdPAI | debug] ApplyEffect [Before] ID=InstanceId(-9223367219528815929): agent props = {"hunger": 70.0627442063492, "entity": null, "held_item": "wood"}
[GdPAI | debug] ApplyEffect [After] ID=InstanceId(-9223367219528815929): agent props = {"hunger": 70.0627442063492, "entity": null, "held_item": "wood"}
[GdPAI | debug]   Snapshotting prop: hunger = Float(70.0627442063492) (Variant type: FLOAT)
[GdPAI | debug]   Snapshotting prop: entity = Nil (Variant type: NIL)
[GdPAI | debug]   Snapshotting prop: held_item = Str("wood") (Variant type: STRING)
WARNING: [GdPAI] ObjectRef(1382643928884): object was freed before callback; returning Nil.
   at: gdplanningai_rust::logger::process_logs (src\logger.rs:66)
   GDScript backtrace (most recent call first):
       [0] _process (res://addons/GdPlanningAI/gdpai_autoload.gd:21)
[GdPAI | debug] GetCost: callable returned non-numeric value: null; returning INFINITY
WARNING: [GdPAI] ObjectRef(124621163998): object was freed before callback; returning Nil.
   at: gdplanningai_rust::logger::process_logs (src\logger.rs:66)
   GDScript backtrace (most recent call first):
       [0] _process (res://addons/GdPlanningAI/gdpai_autoload.gd:21)
[GdPAI | debug] GetCost: callable returned non-numeric value: null; returning INFINITY
WARNING: [GdPAI] ObjectRef(1382643928884): object was freed before callback; returning Nil.
   at: gdplanningai_rust::logger::process_logs (src\logger.rs:66)
   GDScript backtrace (most recent call first):
       [0] _process (res://addons/GdPlanningAI/gdpai_autoload.gd:21)
[GdPAI | debug] ApplyEffect [Before] ID=InstanceId(-9223367217683322142): agent props = {"held_item": "", "entity": null, "hunger": 95.0603725}
[GdPAI | debug] ApplyEffect [After] ID=InstanceId(-9223367217683322142): agent props = {"held_item": "", "entity": null, "hunger": 95.0603725}
[GdPAI | debug]   Snapshotting prop: held_item = Str("") (Variant type: STRING)
[GdPAI | debug]   Snapshotting prop: entity = Nil (Variant type: NIL)
[GdPAI | debug]   Snapshotting prop: hunger = Float(95.0603725) (Variant type: FLOAT)
WARNING: [GdPAI] ObjectRef(124621163998): object was freed before callback; returning Nil.
   at: gdplanningai_rust::logger::process_logs (src\logger.rs:66)
   GDScript backtrace (most recent call first):
       [0] _process (res://addons/GdPlanningAI/gdpai_autoload.gd:21)
[GdPAI | debug] ApplyEffect [Before] ID=InstanceId(-9223367217012233509): agent props = {"hunger": 70.0627442063492, "entity": null, "held_item": "wood"}
[GdPAI | debug] ApplyEffect [After] ID=InstanceId(-9223367217012233509): agent props = {"hunger": 70.0627442063492, "entity": null, "held_item": "wood"}
[GdPAI | debug]   Snapshotting prop: hunger = Float(70.0627442063492) (Variant type: FLOAT)
[GdPAI | debug]   Snapshotting prop: entity = Nil (Variant type: NIL)
[GdPAI | debug]   Snapshotting prop: held_item = Str("wood") (Variant type: STRING)
WARNING: [GdPAI] ObjectRef(1382643928884): object was freed before callback; returning Nil.
   at: gdplanningai_rust::logger::process_logs (src\logger.rs:66)
   GDScript backtrace (most recent call first):
       [0] _process (res://addons/GdPlanningAI/gdpai_autoload.gd:21)
[GdPAI | debug] GetCost: callable returned non-numeric value: null; returning INFINITY
WARNING: [GdPAI] ObjectRef(124621163998): object was freed before callback; returning Nil.
   at: gdplanningai_rust::logger::process_logs (src\logger.rs:66)
   GDScript backtrace (most recent call first):
       [0] _process (res://addons/GdPlanningAI/gdpai_autoload.gd:21)
[GdPAI | debug] GetCost: callable returned non-numeric value: null; returning INFINITY
WARNING: [GdPAI] ObjectRef(1382643928884): object was freed before callback; returning Nil.
   at: gdplanningai_rust::logger::process_logs (src\logger.rs:66)
   GDScript backtrace (most recent call first):
       [0] _process (res://addons/GdPlanningAI/gdpai_autoload.gd:21)
[GdPAI | debug] ApplyEffect [Before] ID=InstanceId(-9223367215200294176): agent props = {"entity": null, "held_item": "wood", "hunger": 95.0603725}
[GdPAI | debug] ApplyEffect [After] ID=InstanceId(-9223367215200294176): agent props = {"entity": null, "held_item": "wood", "hunger": 95.0603725}
[GdPAI | debug]   Snapshotting prop: entity = Nil (Variant type: NIL)
[GdPAI | debug]   Snapshotting prop: held_item = Str("wood") (Variant type: STRING)
[GdPAI | debug]   Snapshotting prop: hunger = Float(95.0603725) (Variant type: FLOAT)
WARNING: [GdPAI] ObjectRef(124621163998): object was freed before callback; returning Nil.
   at: gdplanningai_rust::logger::process_logs (src\logger.rs:66)
   GDScript backtrace (most recent call first):
       [0] _process (res://addons/GdPlanningAI/gdpai_autoload.gd:21)
[GdPAI | debug] ApplyEffect [Before] ID=InstanceId(-9223367214495651090): agent props = {"held_item": "wood", "entity": null, "hunger": 70.0627442063492}
[GdPAI | debug] ApplyEffect [After] ID=InstanceId(-9223367214495651090): agent props = {"held_item": "wood", "entity": null, "hunger": 70.0627442063492}
[GdPAI | debug]   Snapshotting prop: held_item = Str("wood") (Variant type: STRING)
[GdPAI | debug]   Snapshotting prop: entity = Nil (Variant type: NIL)
[GdPAI | debug]   Snapshotting prop: hunger = Float(70.0627442063492) (Variant type: FLOAT)
WARNING: [GdPAI] ObjectRef(1382643928884): object was freed before callback; returning Nil.
   at: gdplanningai_rust::logger::process_logs (src\logger.rs:66)
   GDScript backtrace (most recent call first):
       [0] _process (res://addons/GdPlanningAI/gdpai_autoload.gd:21)
WARNING: [GdPAI] ObjectRef(1382643928884): object was freed before callback; returning Nil.
   at: gdplanningai_rust::logger::process_logs (src\logger.rs:66)
   GDScript backtrace (most recent call first):
       [0] _process (res://addons/GdPlanningAI/gdpai_autoload.gd:21)
[GdPAI | debug] GetCost: callable returned non-numeric value: null; returning INFINITY
WARNING: [GdPAI] ObjectRef(124621163998): object was freed before callback; returning Nil.
   at: gdplanningai_rust::logger::process_logs (src\logger.rs:66)
   GDScript backtrace (most recent call first):
       [0] _process (res://addons/GdPlanningAI/gdpai_autoload.gd:21)
[GdPAI | debug] GetCost: callable returned non-numeric value: null; returning INFINITY
WARNING: [GdPAI] ObjectRef(1382643928884): object was freed before callback; returning Nil.
   at: gdplanningai_rust::logger::process_logs (src\logger.rs:66)
   GDScript backtrace (most recent call first):
       [0] _process (res://addons/GdPlanningAI/gdpai_autoload.gd:21)
WARNING: [GdPAI] ObjectRef(1382643928884): object was freed before callback; returning Nil.
   at: gdplanningai_rust::logger::process_logs (src\logger.rs:66)
   GDScript backtrace (most recent call first):
       [0] _process (res://addons/GdPlanningAI/gdpai_autoload.gd:21)
[GdPAI | debug] ApplyEffect [Before] ID=InstanceId(-9223367212633380111): agent props = {"held_item": "", "entity": null, "hunger": 95.0603725}
[GdPAI | debug] ApplyEffect [After] ID=InstanceId(-9223367212633380111): agent props = {"held_item": "", "entity": null, "hunger": 95.0603725}
[GdPAI | debug]   Snapshotting prop: held_item = Str("") (Variant type: STRING)
[GdPAI | debug]   Snapshotting prop: entity = Nil (Variant type: NIL)
[GdPAI | debug]   Snapshotting prop: hunger = Float(95.0603725) (Variant type: FLOAT)
WARNING: [GdPAI] ObjectRef(124621163998): object was freed before callback; returning Nil.
   at: gdplanningai_rust::logger::process_logs (src\logger.rs:66)
   GDScript backtrace (most recent call first):
       [0] _process (res://addons/GdPlanningAI/gdpai_autoload.gd:21)
[GdPAI | debug] ApplyEffect [Before] ID=InstanceId(-9223367211878405387): agent props = {"hunger": 70.0627442063492, "entity": null, "held_item": "wood"}
[GdPAI | debug] ApplyEffect [After] ID=InstanceId(-9223367211878405387): agent props = {"hunger": 70.0627442063492, "entity": null, "held_item": "wood"}
[GdPAI | debug]   Snapshotting prop: hunger = Float(70.0627442063492) (Variant type: FLOAT)
[GdPAI | debug]   Snapshotting prop: entity = Nil (Variant type: NIL)
[GdPAI | debug]   Snapshotting prop: held_item = Str("wood") (Variant type: STRING)
WARNING: [GdPAI] ObjectRef(1382643928884): object was freed before callback; returning Nil.
   at: gdplanningai_rust::logger::process_logs (src\logger.rs:66)
   GDScript backtrace (most recent call first):
       [0] _process (res://addons/GdPlanningAI/gdpai_autoload.gd:21)
[GdPAI | debug] GetCost: callable returned non-numeric value: null; returning INFINITY
[GdPAI] A* Iteration: pop node with chain length 5
[GdPAI | debug] find_candidates: Checking 15 actions against 0 preconds and 2 requirements
WARNING: [GdPAI] ObjectRef(124621163998): object was freed before callback; returning Nil.
   at: gdplanningai_rust::logger::process_logs (src\logger.rs:66)
   GDScript backtrace (most recent call first):
       [0] _process (res://addons/GdPlanningAI/gdpai_autoload.gd:21)
WARNING: [GdPAI] ObjectRef(124621163998): object was freed before callback; returning Nil.
   at: gdplanningai_rust::logger::process_logs (src\logger.rs:66)
   GDScript backtrace (most recent call first):
       [0] _process (res://addons/GdPlanningAI/gdpai_autoload.gd:21)
WARNING: [GdPAI] ObjectRef(1382643928884): object was freed before callback; returning Nil.
   at: gdplanningai_rust::logger::process_logs (src\logger.rs:66)
   GDScript backtrace (most recent call first):
       [0] _process (res://addons/GdPlanningAI/gdpai_autoload.gd:21)
[GdPAI | debug] ApplyEffect [Before] ID=InstanceId(-9223367210066466099): agent props = {"entity": null, "held_item": "", "hunger": 95.0603725}
[GdPAI | debug] ApplyEffect [After] ID=InstanceId(-9223367210066466099): agent props = {"entity": null, "held_item": "", "hunger": 95.0603725}
[GdPAI | debug]   Snapshotting prop: entity = Nil (Variant type: NIL)
[GdPAI | debug]   Snapshotting prop: held_item = Str("") (Variant type: STRING)
[GdPAI | debug]   Snapshotting prop: hunger = Float(95.0603725) (Variant type: FLOAT)
WARNING: [GdPAI] ObjectRef(124621163998): object was freed before callback; returning Nil.
   at: gdplanningai_rust::logger::process_logs (src\logger.rs:66)
   GDScript backtrace (most recent call first):
       [0] _process (res://addons/GdPlanningAI/gdpai_autoload.gd:21)
WARNING: [GdPAI] ObjectRef(124621163998): object was freed before callback; returning Nil.
   at: gdplanningai_rust::logger::process_logs (src\logger.rs:66)
   GDScript backtrace (most recent call first):
       [0] _process (res://addons/GdPlanningAI/gdpai_autoload.gd:21)
WARNING: [GdPAI] ObjectRef(1382643928884): object was freed before callback; returning Nil.
   at: gdplanningai_rust::logger::process_logs (src\logger.rs:66)
   GDScript backtrace (most recent call first):
       [0] _process (res://addons/GdPlanningAI/gdpai_autoload.gd:21)
[GdPAI | debug] GetCost: callable returned non-numeric value: null; returning INFINITY
WARNING: [GdPAI] ObjectRef(124621163998): object was freed before callback; returning Nil.
   at: gdplanningai_rust::logger::process_logs (src\logger.rs:66)
   GDScript backtrace (most recent call first):
       [0] _process (res://addons/GdPlanningAI/gdpai_autoload.gd:21)
WARNING: [GdPAI] ObjectRef(124621163998): object was freed before callback; returning Nil.
   at: gdplanningai_rust::logger::process_logs (src\logger.rs:66)
   GDScript backtrace (most recent call first):
       [0] _process (res://addons/GdPlanningAI/gdpai_autoload.gd:21)
[GdPAI | debug] Discovery: Action Cook Potato failed validity check, skipping
[GdPAI | debug] Found candidate: Pick Up Wood (satisfied preconds: [], requirements: [0])
[GdPAI | debug] Found candidate: Pick Up Wood (satisfied preconds: [], requirements: [0])
WARNING: [GdPAI] ObjectRef(1382643928884): object was freed before callback; returning Nil.
   at: gdplanningai_rust::logger::process_logs (src\logger.rs:66)
   GDScript backtrace (most recent call first):
       [0] _process (res://addons/GdPlanningAI/gdpai_autoload.gd:21)
[GdPAI | debug] ApplyEffect [Before] ID=InstanceId(-9223367207449220339): agent props = {"entity": null, "held_item": "", "hunger": 95.0603725}
[GdPAI | debug] ApplyEffect [After] ID=InstanceId(-9223367207449220339): agent props = {"entity": null, "held_item": "", "hunger": 95.0603725}
[GdPAI | debug]   Snapshotting prop: entity = Nil (Variant type: NIL)
[GdPAI | debug] Found candidate: Pick Up Wood (satisfied preconds: [], requirements: [0])
[GdPAI | debug]   Snapshotting prop: held_item = Str("") (Variant type: STRING)
[GdPAI | debug]   Snapshotting prop: hunger = Float(95.0603725) (Variant type: FLOAT)
[GdPAI | debug] Found candidate: Pick Up Wood (satisfied preconds: [], requirements: [0])
WARNING: [GdPAI] ObjectRef(124621163998): object was freed before callback; returning Nil.
   at: gdplanningai_rust::logger::process_logs (src\logger.rs:66)
   GDScript backtrace (most recent call first):
       [0] _process (res://addons/GdPlanningAI/gdpai_autoload.gd:21)
WARNING: [GdPAI] ObjectRef(124621163998): object was freed before callback; returning Nil.
   at: gdplanningai_rust::logger::process_logs (src\logger.rs:66)
   GDScript backtrace (most recent call first):
       [0] _process (res://addons/GdPlanningAI/gdpai_autoload.gd:21)
[GdPAI | debug] Discovery: Action Dig Potato failed validity check, skipping
WARNING: [GdPAI] ObjectRef(1382643928884): object was freed before callback; returning Nil.
   at: gdplanningai_rust::logger::process_logs (src\logger.rs:66)
   GDScript backtrace (most recent call first):
       [0] _process (res://addons/GdPlanningAI/gdpai_autoload.gd:21)
[GdPAI | debug] GetCost: callable returned non-numeric value: null; returning INFINITY
WARNING: [GdPAI] ObjectRef(124621163998): object was freed before callback; returning Nil.
   at: gdplanningai_rust::logger::process_logs (src\logger.rs:66)
   GDScript backtrace (most recent call first):
       [0] _process (res://addons/GdPlanningAI/gdpai_autoload.gd:21)
WARNING: [GdPAI] ObjectRef(124621163998): object was freed before callback; returning Nil.
   at: gdplanningai_rust::logger::process_logs (src\logger.rs:66)
   GDScript backtrace (most recent call first):
       [0] _process (res://addons/GdPlanningAI/gdpai_autoload.gd:21)
[GdPAI | debug] Discovery: Action Dig Potato failed validity check, skipping
WARNING: [GdPAI] ObjectRef(1382643928884): object was freed before callback; returning Nil.
   at: gdplanningai_rust::logger::process_logs (src\logger.rs:66)
   GDScript backtrace (most recent call first):
       [0] _process (res://addons/GdPlanningAI/gdpai_autoload.gd:21)
[GdPAI | debug] ApplyEffect [Before] ID=InstanceId(-9223367204865529062): agent props = {"entity": null, "held_item": "wood", "hunger": 95.0603725}
[GdPAI | debug] ApplyEffect [After] ID=InstanceId(-9223367204865529062): agent props = {"entity": null, "held_item": "wood", "hunger": 95.0603725}
[GdPAI | debug]   Snapshotting prop: entity = Nil (Variant type: NIL)
[GdPAI | debug]   Snapshotting prop: held_item = Str("wood") (Variant type: STRING)
[GdPAI | debug]   Snapshotting prop: hunger = Float(95.0603725) (Variant type: FLOAT)
[GdPAI] A* Iteration: pop node with chain length 3
[GdPAI | debug] find_candidates: Checking 15 actions against 1 preconds and 2 requirements
WARNING: [GdPAI] ObjectRef(124621163998): object was freed before callback; returning Nil.
   at: gdplanningai_rust::logger::process_logs (src\logger.rs:66)
   GDScript backtrace (most recent call first):
       [0] _process (res://addons/GdPlanningAI/gdpai_autoload.gd:21)
WARNING: [GdPAI] ObjectRef(124621163998): object was freed before callback; returning Nil.
   at: gdplanningai_rust::logger::process_logs (src\logger.rs:66)
   GDScript backtrace (most recent call first):
       [0] _process (res://addons/GdPlanningAI/gdpai_autoload.gd:21)
WARNING: [GdPAI] ObjectRef(1382643928884): object was freed before callback; returning Nil.
   at: gdplanningai_rust::logger::process_logs (src\logger.rs:66)
   GDScript backtrace (most recent call first):
       [0] _process (res://addons/GdPlanningAI/gdpai_autoload.gd:21)
[GdPAI | debug] Discovery: Action Dig Potato failed validity check, skipping
WARNING: [GdPAI] ObjectRef(1382643928884): object was freed before callback; returning Nil.
   at: gdplanningai_rust::logger::process_logs (src\logger.rs:66)
   GDScript backtrace (most recent call first):
       [0] _process (res://addons/GdPlanningAI/gdpai_autoload.gd:21)
[GdPAI | debug] Discovery: Starting simulation for action Go To
WARNING: [GdPAI] ObjectRef(124621163998): object was freed before callback; returning Nil.
   at: gdplanningai_rust::logger::process_logs (src\logger.rs:66)
   GDScript backtrace (most recent call first):
       [0] _process (res://addons/GdPlanningAI/gdpai_autoload.gd:21)
WARNING: [GdPAI] ObjectRef(124621163998): object was freed before callback; returning Nil.
   at: gdplanningai_rust::logger::process_logs (src\logger.rs:66)
   GDScript backtrace (most recent call first):
       [0] _process (res://addons/GdPlanningAI/gdpai_autoload.gd:21)
WARNING: [GdPAI] ObjectRef(1382643928884): object was freed before callback; returning Nil.
   at: gdplanningai_rust::logger::process_logs (src\logger.rs:66)
   GDScript backtrace (most recent call first):
       [0] _process (res://addons/GdPlanningAI/gdpai_autoload.gd:21)
[GdPAI | debug] Discovery: Action Dig Potato failed validity check, skipping
WARNING: [GdPAI] ObjectRef(1382643928884): object was freed before callback; returning Nil.
   at: gdplanningai_rust::logger::process_logs (src\logger.rs:66)
   GDScript backtrace (most recent call first):
       [0] _process (res://addons/GdPlanningAI/gdpai_autoload.gd:21)
[GdPAI | debug] GetCost: callable returned non-numeric value: null; returning INFINITY
WARNING: [GdPAI] ObjectRef(124621163998): object was freed before callback; returning Nil.
   at: gdplanningai_rust::logger::process_logs (src\logger.rs:66)
   GDScript backtrace (most recent call first):
       [0] _process (res://addons/GdPlanningAI/gdpai_autoload.gd:21)
WARNING: [GdPAI] ObjectRef(124621163998): object was freed before callback; returning Nil.
   at: gdplanningai_rust::logger::process_logs (src\logger.rs:66)
   GDScript backtrace (most recent call first):
       [0] _process (res://addons/GdPlanningAI/gdpai_autoload.gd:21)
WARNING: [GdPAI] ObjectRef(1382643928884): object was freed before callback; returning Nil.
   at: gdplanningai_rust::logger::process_logs (src\logger.rs:66)
   GDScript backtrace (most recent call first):
       [0] _process (res://addons/GdPlanningAI/gdpai_autoload.gd:21)
[GdPAI | debug] Discovery: Action Dig Potato failed validity check, skipping
WARNING: [GdPAI] ObjectRef(1382643928884): object was freed before callback; returning Nil.
   at: gdplanningai_rust::logger::process_logs (src\logger.rs:66)
   GDScript backtrace (most recent call first):
       [0] _process (res://addons/GdPlanningAI/gdpai_autoload.gd:21)
[GdPAI | debug] ApplyEffect [Before] ID=InstanceId(-9223367200822219992): agent props = {"held_item": "", "entity": null, "hunger": 95.0603725}
[GdPAI | debug] ApplyEffect [After] ID=InstanceId(-9223367200822219992): agent props = {"held_item": "", "entity": null, "hunger": 95.0603725}
[GdPAI | debug]   Snapshotting prop: held_item = Str("") (Variant type: STRING)
[GdPAI | debug]   Snapshotting prop: entity = Nil (Variant type: NIL)
[GdPAI | debug]   Snapshotting prop: hunger = Float(95.0603725) (Variant type: FLOAT)
[GdPAI | debug] Discovery: Simulation success for Go To. Agent props: {"hunger": Float(95.0603725), "held_item": Str(""), "entity": Nil}
[GdPAI | debug] Discovery: Action Go To satisfied precond Builtin { target: Agent, operation: Equal, property_name: "held_item", value: Some(Str("")) }
[GdPAI | debug] Found candidate: Go To (satisfied preconds: [0], requirements: [0, 1])
[GdPAI | debug] Discovery: Starting simulation for action Eat Held Food
WARNING: [GdPAI] ObjectRef(124621163998): object was freed before callback; returning Nil.
   at: gdplanningai_rust::logger::process_logs (src\logger.rs:66)
   GDScript backtrace (most recent call first):
       [0] _process (res://addons/GdPlanningAI/gdpai_autoload.gd:21)
WARNING: [GdPAI] ObjectRef(124621163998): object was freed before callback; returning Nil.
   at: gdplanningai_rust::logger::process_logs (src\logger.rs:66)
   GDScript backtrace (most recent call first):
       [0] _process (res://addons/GdPlanningAI/gdpai_autoload.gd:21)
[GdPAI | debug] GetCost: callable returned non-numeric value: null; returning INFINITY
WARNING: [GdPAI] ObjectRef(1382643928884): object was freed before callback; returning Nil.
   at: gdplanningai_rust::logger::process_logs (src\logger.rs:66)
   GDScript backtrace (most recent call first):
       [0] _process (res://addons/GdPlanningAI/gdpai_autoload.gd:21)
WARNING: [GdPAI] ObjectRef(1382643928884): object was freed before callback; returning Nil.
   at: gdplanningai_rust::logger::process_logs (src\logger.rs:66)
   GDScript backtrace (most recent call first):
       [0] _process (res://addons/GdPlanningAI/gdpai_autoload.gd:21)
[GdPAI | debug] GetCost: callable returned non-numeric value: null; returning INFINITY
WARNING: [GdPAI] ObjectRef(124621163998): object was freed before callback; returning Nil.
   at: gdplanningai_rust::logger::process_logs (src\logger.rs:66)
   GDScript backtrace (most recent call first):
       [0] _process (res://addons/GdPlanningAI/gdpai_autoload.gd:21)
WARNING: [GdPAI] ObjectRef(124621163998): object was freed before callback; returning Nil.
   at: gdplanningai_rust::logger::process_logs (src\logger.rs:66)
   GDScript backtrace (most recent call first):
       [0] _process (res://addons/GdPlanningAI/gdpai_autoload.gd:21)
[GdPAI | debug] ApplyEffect [Before] ID=InstanceId(-9223367198708290729): agent props = {"held_item": "", "hunger": 70.0627442063492, "entity": null}
[GdPAI | debug] ApplyEffect [After] ID=InstanceId(-9223367198708290729): agent props = {"held_item": "", "hunger": 70.0627442063492, "entity": null}
[GdPAI | debug]   Snapshotting prop: held_item = Str("") (Variant type: STRING)
[GdPAI | debug]   Snapshotting prop: hunger = Float(70.0627442063492) (Variant type: FLOAT)
[GdPAI | debug]   Snapshotting prop: entity = Nil (Variant type: NIL)
WARNING: [GdPAI] ObjectRef(1382643928884): object was freed before callback; returning Nil.
   at: gdplanningai_rust::logger::process_logs (src\logger.rs:66)
   GDScript backtrace (most recent call first):
       [0] _process (res://addons/GdPlanningAI/gdpai_autoload.gd:21)
WARNING: [GdPAI] ObjectRef(1382643928884): object was freed before callback; returning Nil.
   at: gdplanningai_rust::logger::process_logs (src\logger.rs:66)
   GDScript backtrace (most recent call first):
       [0] _process (res://addons/GdPlanningAI/gdpai_autoload.gd:21)
[GdPAI | debug] ApplyEffect [Before] ID=InstanceId(-9223367198137865385): agent props = {"held_item": "", "hunger": 95.0603725, "entity": null}
[GdPAI | debug] ApplyEffect [After] ID=InstanceId(-9223367198137865385): agent props = {"held_item": "", "hunger": 95.0603725, "entity": null}
[GdPAI | debug]   Snapshotting prop: held_item = Str("") (Variant type: STRING)
[GdPAI | debug]   Snapshotting prop: hunger = Float(95.0603725) (Variant type: FLOAT)
[GdPAI | debug]   Snapshotting prop: entity = Nil (Variant type: NIL)
[GdPAI | debug] Discovery: Simulation success for Eat Held Food. Agent props: {"entity": Nil, "held_item": Str(""), "hunger": Float(95.0603725)}
[GdPAI | debug] Discovery: Action Eat Held Food satisfied precond Builtin { target: Agent, operation: Equal, property_name: "held_item", value: Some(Str("")) }
[GdPAI | debug] Found candidate: Eat Held Food (satisfied preconds: [0], requirements: [])
WARNING: [GdPAI] ObjectRef(124621163998): object was freed before callback; returning Nil.
   at: gdplanningai_rust::logger::process_logs (src\logger.rs:66)
   GDScript backtrace (most recent call first):
       [0] _process (res://addons/GdPlanningAI/gdpai_autoload.gd:21)
WARNING: [GdPAI] ObjectRef(124134624705): object was freed before callback; returning Nil.
   at: gdplanningai_rust::logger::process_logs (src\logger.rs:66)
   GDScript backtrace (most recent call first):
       [0] _process (res://addons/GdPlanningAI/gdpai_autoload.gd:21)
WARNING: [GdPAI] ObjectRef(125510356497): object was freed before callback; returning Nil.
   at: gdplanningai_rust::logger::process_logs (src\logger.rs:66)
   GDScript backtrace (most recent call first):
       [0] _process (res://addons/GdPlanningAI/gdpai_autoload.gd:21)
WARNING: [GdPAI] ObjectRef(124134624705): object was freed before callback; returning Nil.
   at: gdplanningai_rust::logger::process_logs (src\logger.rs:66)
   GDScript backtrace (most recent call first):
       [0] _process (res://addons/GdPlanningAI/gdpai_autoload.gd:21)
WARNING: [GdPAI] ObjectRef(125510356497): object was freed before callback; returning Nil.
   at: gdplanningai_rust::logger::process_logs (src\logger.rs:66)
   GDScript backtrace (most recent call first):
       [0] _process (res://addons/GdPlanningAI/gdpai_autoload.gd:21)
[GdPAI | debug] GetCost: callable returned non-numeric value: null; returning INFINITY
WARNING: [GdPAI] ObjectRef(1382643928884): object was freed before callback; returning Nil.
   at: gdplanningai_rust::logger::process_logs (src\logger.rs:66)
   GDScript backtrace (most recent call first):
       [0] _process (res://addons/GdPlanningAI/gdpai_autoload.gd:21)
WARNING: [GdPAI] ObjectRef(1382643928884): object was freed before callback; returning Nil.
   at: gdplanningai_rust::logger::process_logs (src\logger.rs:66)
   GDScript backtrace (most recent call first):
       [0] _process (res://addons/GdPlanningAI/gdpai_autoload.gd:21)
[GdPAI | debug] Discovery: Starting simulation for action Go To
WARNING: [GdPAI] ObjectRef(124621163998): object was freed before callback; returning Nil.
   at: gdplanningai_rust::logger::process_logs (src\logger.rs:66)
   GDScript backtrace (most recent call first):
       [0] _process (res://addons/GdPlanningAI/gdpai_autoload.gd:21)
WARNING: [GdPAI] ObjectRef(124134624705): object was freed before callback; returning Nil.
   at: gdplanningai_rust::logger::process_logs (src\logger.rs:66)
   GDScript backtrace (most recent call first):
       [0] _process (res://addons/GdPlanningAI/gdpai_autoload.gd:21)
WARNING: [GdPAI] ObjectRef(125510356497): object was freed before callback; returning Nil.
   at: gdplanningai_rust::logger::process_logs (src\logger.rs:66)
   GDScript backtrace (most recent call first):
       [0] _process (res://addons/GdPlanningAI/gdpai_autoload.gd:21)
WARNING: [GdPAI] ObjectRef(124134624705): object was freed before callback; returning Nil.
   at: gdplanningai_rust::logger::process_logs (src\logger.rs:66)
   GDScript backtrace (most recent call first):
       [0] _process (res://addons/GdPlanningAI/gdpai_autoload.gd:21)
WARNING: [GdPAI] ObjectRef(125510356497): object was freed before callback; returning Nil.
   at: gdplanningai_rust::logger::process_logs (src\logger.rs:66)
   GDScript backtrace (most recent call first):
       [0] _process (res://addons/GdPlanningAI/gdpai_autoload.gd:21)
[GdPAI | debug] ApplyEffect [Before] ID=InstanceId(-9223367195839386761): agent props = {"hunger": 70.0627442063492, "entity": null, "at_target": null, "held_item": ""}
[GdPAI | debug] ApplyEffect [After] ID=InstanceId(-9223367195839386761): agent props = {"hunger": 70.0627442063492, "entity": null, "at_target": null, "held_item": ""}
[GdPAI | debug]   Snapshotting prop: hunger = Float(70.0627442063492) (Variant type: FLOAT)
[GdPAI | debug]   Snapshotting prop: entity = Nil (Variant type: NIL)
[GdPAI | debug]   Snapshotting prop: at_target = Nil (Variant type: NIL)
[GdPAI | debug]   Snapshotting prop: held_item = Str("") (Variant type: STRING)
WARNING: [GdPAI] ObjectRef(1382643928884): object was freed before callback; returning Nil.
   at: gdplanningai_rust::logger::process_logs (src\logger.rs:66)
   GDScript backtrace (most recent call first):
       [0] _process (res://addons/GdPlanningAI/gdpai_autoload.gd:21)
WARNING: [GdPAI] ObjectRef(1382643928884): object was freed before callback; returning Nil.
   at: gdplanningai_rust::logger::process_logs (src\logger.rs:66)
   GDScript backtrace (most recent call first):
       [0] _process (res://addons/GdPlanningAI/gdpai_autoload.gd:21)
[GdPAI | debug] GetCost: callable returned non-numeric value: null; returning INFINITY
[32m    [Passed]:  [0mAgent should see Pickup from dropped fruit, found: ["Shake Tree", "Pick Up Item"]
[GdPAI | debug]   Snapshotting prop: entity = ObjectRef(4509094913884) (Variant type: OBJECT)
[GdPAI | debug]   Snapshotting prop: hunger = Float(30.0) (Variant type: FLOAT)
[GdPAI] Submitting plan: 5 actions, 2 goals, 19 callables
[GdPAI | debug] PlannerEngine: Searching for goal 'Hunger' (reward: 30)
[GdPAI] PlannerEngine: Searching for goal 'Hunger'
[GdPAI | debug] Numeric comparison: 30 LessThan 15 -> false
[GdPAI]   Root branch: 1 open preconds, 0 open requirements
[GdPAI]     Precond 0: Builtin { target: Agent, operation: LessThan, property_name: "hunger", value: Some(Float(15.0)) }
[GdPAI] A* Iteration: pop node with chain length 0
[GdPAI | debug] find_candidates: Checking 5 actions against 1 preconds and 0 requirements
WARNING: [GdPAI] ObjectRef(124621163998): object was freed before callback; returning Nil.
   at: gdplanningai_rust::logger::process_logs (src\logger.rs:66)
   GDScript backtrace (most recent call first):
       [0] _start_plan_and_wait (res://test/integration/test_hunger_example_smoke.gd:68)
       [1] test_real_hunger_example_shakes_tree_then_picks_up_food (res://test/integration/test_hunger_example_smoke.gd:159)
       [2] _pump_frames (res://test/integration/test_hunger_example_smoke.gd:43)
[GdPAI | debug] GetCost: callable returned non-numeric value: null; returning INFINITY
WARNING: [GdPAI] ObjectRef(1382643928884): object was freed before callback; returning Nil.
   at: gdplanningai_rust::logger::process_logs (src\logger.rs:66)
   GDScript backtrace (most recent call first):
       [0] _start_plan_and_wait (res://test/integration/test_hunger_example_smoke.gd:68)
       [1] test_real_hunger_example_shakes_tree_then_picks_up_food (res://test/integration/test_hunger_example_smoke.gd:159)
       [2] _pump_frames (res://test/integration/test_hunger_example_smoke.gd:43)
WARNING: [GdPAI] ObjectRef(1382643928884): object was freed before callback; returning Nil.
   at: gdplanningai_rust::logger::process_logs (src\logger.rs:66)
   GDScript backtrace (most recent call first):
       [0] _start_plan_and_wait (res://test/integration/test_hunger_example_smoke.gd:68)
       [1] test_real_hunger_example_shakes_tree_then_picks_up_food (res://test/integration/test_hunger_example_smoke.gd:159)
       [2] _pump_frames (res://test/integration/test_hunger_example_smoke.gd:43)
[GdPAI | debug] ApplyEffect [Before] ID=InstanceId(-9223367192702047326): agent props = {"held_item": "", "hunger": 95.0603725, "entity": null}
[GdPAI | debug] ApplyEffect [After] ID=InstanceId(-9223367192702047326): agent props = {"held_item": "", "hunger": 95.0603725, "entity": null}
[GdPAI | debug]   Snapshotting prop: held_item = Str("") (Variant type: STRING)
[GdPAI | debug]   Snapshotting prop: hunger = Float(95.0603725) (Variant type: FLOAT)
[GdPAI | debug]   Snapshotting prop: entity = Nil (Variant type: NIL)
[GdPAI | debug] Discovery: Simulation success for Go To. Agent props: {"held_item": Str(""), "entity": Nil, "hunger": Float(95.0603725)}
[GdPAI | debug] Discovery: Action Go To satisfied precond Builtin { target: Agent, operation: Equal, property_name: "held_item", value: Some(Str("")) }
[GdPAI | debug] Found candidate: Go To (satisfied preconds: [0], requirements: [0, 1])
[GdPAI | debug] Discovery: Starting simulation for action Drop Item
WARNING: [GdPAI] ObjectRef(124621163998): object was freed before callback; returning Nil.
   at: gdplanningai_rust::logger::process_logs (src\logger.rs:66)
   GDScript backtrace (most recent call first):
       [0] _process (res://addons/GdPlanningAI/gdpai_autoload.gd:21)
[GdPAI | debug] ApplyEffect [Before] ID=InstanceId(-9223367191779300494): agent props = {"entity": null, "at_target": null, "held_item": "wood", "hunger": 70.0627442063492}
[GdPAI | debug] ApplyEffect [After] ID=InstanceId(-9223367191779300494): agent props = {"entity": null, "at_target": null, "held_item": "wood", "hunger": 70.0627442063492}
[GdPAI | debug]   Snapshotting prop: entity = Nil (Variant type: NIL)
[GdPAI | debug]   Snapshotting prop: at_target = Nil (Variant type: NIL)
[GdPAI | debug]   Snapshotting prop: held_item = Str("wood") (Variant type: STRING)
[GdPAI | debug]   Snapshotting prop: hunger = Float(70.0627442063492) (Variant type: FLOAT)
WARNING: [GdPAI] ObjectRef(1382643928884): object was freed before callback; returning Nil.
   at: gdplanningai_rust::logger::process_logs (src\logger.rs:66)
   GDScript backtrace (most recent call first):
       [0] _process (res://addons/GdPlanningAI/gdpai_autoload.gd:21)
WARNING: [GdPAI] ObjectRef(1382643928884): object was freed before callback; returning Nil.
   at: gdplanningai_rust::logger::process_logs (src\logger.rs:66)
   GDScript backtrace (most recent call first):
       [0] _process (res://addons/GdPlanningAI/gdpai_autoload.gd:21)
[GdPAI | debug] GetCost: callable returned non-numeric value: null; returning INFINITY
[GdPAI | debug] Discovery: Starting simulation for action Go To
WARNING: [GdPAI] ObjectRef(124621163998): object was freed before callback; returning Nil.
   at: gdplanningai_rust::logger::process_logs (src\logger.rs:66)
   GDScript backtrace (most recent call first):
       [0] _start_plan_and_wait (res://test/integration/test_hunger_example_smoke.gd:68)
WARNING: [GdPAI] ObjectRef(125510356497): object was freed before callback; returning Nil.
   at: gdplanningai_rust::logger::process_logs (src\logger.rs:66)
   GDScript backtrace (most recent call first):
       [0] _start_plan_and_wait (res://test/integration/test_hunger_example_smoke.gd:68)
WARNING: [GdPAI] ObjectRef(125510356497): object was freed before callback; returning Nil.
   at: gdplanningai_rust::logger::process_logs (src\logger.rs:66)
   GDScript backtrace (most recent call first):
       [0] _start_plan_and_wait (res://test/integration/test_hunger_example_smoke.gd:68)
[GdPAI | debug] GetCost: callable returned non-numeric value: null; returning INFINITY
WARNING: [GdPAI] ObjectRef(1382643928884): object was freed before callback; returning Nil.
   at: gdplanningai_rust::logger::process_logs (src\logger.rs:66)
   GDScript backtrace (most recent call first):
       [0] _start_plan_and_wait (res://test/integration/test_hunger_example_smoke.gd:68)
WARNING: [GdPAI] ObjectRef(1382643928884): object was freed before callback; returning Nil.
   at: gdplanningai_rust::logger::process_logs (src\logger.rs:66)
   GDScript backtrace (most recent call first):
       [0] _start_plan_and_wait (res://test/integration/test_hunger_example_smoke.gd:68)
[GdPAI | debug] ApplyEffect [Before] ID=InstanceId(-9223367189749257326): agent props = {"hunger": 95.0603725, "entity": null, "held_item": ""}
[GdPAI | debug] ApplyEffect [After] ID=InstanceId(-9223367189749257326): agent props = {"hunger": 95.0603725, "entity": null, "held_item": ""}
[GdPAI | debug]   Snapshotting prop: hunger = Float(95.0603725) (Variant type: FLOAT)
[GdPAI | debug]   Snapshotting prop: entity = Nil (Variant type: NIL)
[GdPAI | debug]   Snapshotting prop: held_item = Str("") (Variant type: STRING)
[GdPAI | debug] Discovery: Simulation success for Drop Item. Agent props: {"held_item": Str(""), "entity": Nil, "hunger": Float(95.0603725)}
[GdPAI | debug] Discovery: Action Drop Item satisfied precond Builtin { target: Agent, operation: Equal, property_name: "held_item", value: Some(Str("")) }
[GdPAI | debug] Found candidate: Drop Item (satisfied preconds: [0], requirements: [])
[GdPAI | debug] Discovery: Starting simulation for action Add Fuel
WARNING: [GdPAI] ObjectRef(124621163998): object was freed before callback; returning Nil.
   at: gdplanningai_rust::logger::process_logs (src\logger.rs:66)
   GDScript backtrace (most recent call first):
       [0] _process (res://addons/GdPlanningAI/gdpai_autoload.gd:21)
WARNING: [GdPAI] ObjectRef(125510356497): object was freed before callback; returning Nil.
   at: gdplanningai_rust::logger::process_logs (src\logger.rs:66)
   GDScript backtrace (most recent call first):
       [0] _process (res://addons/GdPlanningAI/gdpai_autoload.gd:21)
WARNING: [GdPAI] ObjectRef(125510356497): object was freed before callback; returning Nil.
   at: gdplanningai_rust::logger::process_logs (src\logger.rs:66)
   GDScript backtrace (most recent call first):
       [0] _process (res://addons/GdPlanningAI/gdpai_autoload.gd:21)
[GdPAI | debug] ApplyEffect [Before] ID=InstanceId(-9223367188742624380): agent props = {"hunger": 70.0627442063492, "held_item": "wood", "at_target": null, "entity": null}
[GdPAI | debug] ApplyEffect [After] ID=InstanceId(-9223367188742624380): agent props = {"hunger": 70.0627442063492, "held_item": "wood", "at_target": null, "entity": null}
[GdPAI | debug]   Snapshotting prop: hunger = Float(70.0627442063492) (Variant type: FLOAT)
[GdPAI | debug]   Snapshotting prop: held_item = Str("wood") (Variant type: STRING)
[GdPAI | debug]   Snapshotting prop: at_target = Nil (Variant type: NIL)
[GdPAI | debug]   Snapshotting prop: entity = Nil (Variant type: NIL)
WARNING: [GdPAI] ObjectRef(1382643928884): object was freed before callback; returning Nil.
   at: gdplanningai_rust::logger::process_logs (src\logger.rs:66)
   GDScript backtrace (most recent call first):
       [0] _process (res://addons/GdPlanningAI/gdpai_autoload.gd:21)
WARNING: [GdPAI] ObjectRef(1382643928884): object was freed before callback; returning Nil.
   at: gdplanningai_rust::logger::process_logs (src\logger.rs:66)
   GDScript backtrace (most recent call first):
       [0] _process (res://addons/GdPlanningAI/gdpai_autoload.gd:21)
[GdPAI | debug] GetCost: callable returned non-numeric value: null; returning INFINITY
[GdPAI | debug] ApplyEffect [Before] ID=InstanceId(-9223367187601773692): agent props = {"hunger": 30.0, "entity": VariantGd { id: 4509094913884, class: RigidBody2D }}
[GdPAI | debug] ApplyEffect [After] ID=InstanceId(-9223367187601773692): agent props = {"hunger": 30.0, "entity": VariantGd { id: 4509094913884, class: RigidBody2D }}
[GdPAI | debug]   Snapshotting prop: hunger = Float(30.0) (Variant type: FLOAT)
[GdPAI | debug]   Snapshotting prop: entity = ObjectRef(4509094913884) (Variant type: OBJECT)
[GdPAI | debug] Discovery: Simulation success for Go To. Agent props: {"entity": ObjectRef(4509094913884), "hunger": Float(30.0)}
[GdPAI | debug] Numeric comparison: 30 LessThan 15 -> false
[GdPAI | debug] Discovery: Action Go To did NOT satisfy precond Builtin { target: Agent, operation: LessThan, property_name: "hunger", value: Some(Float(15.0)) }
[GdPAI | debug] Discovery: Starting simulation for action Eat Held Food
WARNING: [GdPAI] ObjectRef(124621163998): object was freed before callback; returning Nil.
   at: gdplanningai_rust::logger::process_logs (src\logger.rs:66)
   GDScript backtrace (most recent call first):
       [0] _start_plan_and_wait (res://test/integration/test_hunger_example_smoke.gd:68)
WARNING: [GdPAI] ObjectRef(124134624705): object was freed before callback; returning Nil.
   at: gdplanningai_rust::logger::process_logs (src\logger.rs:66)
   GDScript backtrace (most recent call first):
       [0] _start_plan_and_wait (res://test/integration/test_hunger_example_smoke.gd:68)
WARNING: [GdPAI] ObjectRef(124134624705): object was freed before callback; returning Nil.
   at: gdplanningai_rust::logger::process_logs (src\logger.rs:66)
   GDScript backtrace (most recent call first):
       [0] _start_plan_and_wait (res://test/integration/test_hunger_example_smoke.gd:68)
[GdPAI | debug] GetCost: callable returned non-numeric value: null; returning INFINITY
WARNING: [GdPAI] ObjectRef(1382643928884): object was freed before callback; returning Nil.
   at: gdplanningai_rust::logger::process_logs (src\logger.rs:66)
   GDScript backtrace (most recent call first):
       [0] _start_plan_and_wait (res://test/integration/test_hunger_example_smoke.gd:68)
WARNING: [GdPAI] ObjectRef(1382643928884): object was freed before callback; returning Nil.
   at: gdplanningai_rust::logger::process_logs (src\logger.rs:66)
   GDScript backtrace (most recent call first):
       [0] _start_plan_and_wait (res://test/integration/test_hunger_example_smoke.gd:68)
[GdPAI | debug] ApplyEffect [Before] ID=InstanceId(-9223367186611917865): agent props = {"entity": null, "held_item": "wood", "hunger": 95.0603725}
[GdPAI | debug] ApplyEffect [After] ID=InstanceId(-9223367186611917865): agent props = {"entity": null, "held_item": "wood", "hunger": 95.0603725}
[GdPAI | debug]   Snapshotting prop: entity = Nil (Variant type: NIL)
[GdPAI | debug]   Snapshotting prop: held_item = Str("wood") (Variant type: STRING)
[GdPAI | debug]   Snapshotting prop: hunger = Float(95.0603725) (Variant type: FLOAT)
[GdPAI | debug] Discovery: Simulation success for Add Fuel. Agent props: {"held_item": Str("wood"), "hunger": Float(95.0603725), "entity": Nil}
[GdPAI | debug] Discovery: Action Add Fuel did NOT satisfy precond Builtin { target: Agent, operation: Equal, property_name: "held_item", value: Some(Str("")) }
WARNING: [GdPAI] ObjectRef(124621163998): object was freed before callback; returning Nil.
   at: gdplanningai_rust::logger::process_logs (src\logger.rs:66)
   GDScript backtrace (most recent call first):
       [0] _process (res://addons/GdPlanningAI/gdpai_autoload.gd:21)
WARNING: [GdPAI] ObjectRef(124134624705): object was freed before callback; returning Nil.
   at: gdplanningai_rust::logger::process_logs (src\logger.rs:66)
   GDScript backtrace (most recent call first):
       [0] _process (res://addons/GdPlanningAI/gdpai_autoload.gd:21)
WARNING: [GdPAI] ObjectRef(124134624705): object was freed before callback; returning Nil.
   at: gdplanningai_rust::logger::process_logs (src\logger.rs:66)
   GDScript backtrace (most recent call first):
       [0] _process (res://addons/GdPlanningAI/gdpai_autoload.gd:21)
[GdPAI | debug] ApplyEffect [Before] ID=InstanceId(-9223367185605284932): agent props = {"held_item": "wood", "hunger": 70.0627442063492, "entity": null, "at_target": null}
[GdPAI | debug] ApplyEffect [After] ID=InstanceId(-9223367185605284932): agent props = {"held_item": "wood", "hunger": 70.0627442063492, "entity": null, "at_target": null}
[GdPAI | debug]   Snapshotting prop: held_item = Str("wood") (Variant type: STRING)
[GdPAI | debug]   Snapshotting prop: hunger = Float(70.0627442063492) (Variant type: FLOAT)
[GdPAI | debug]   Snapshotting prop: entity = Nil (Variant type: NIL)
[GdPAI | debug]   Snapshotting prop: at_target = Nil (Variant type: NIL)
WARNING: [GdPAI] ObjectRef(1382643928884): object was freed before callback; returning Nil.
   at: gdplanningai_rust::logger::process_logs (src\logger.rs:66)
   GDScript backtrace (most recent call first):
       [0] _process (res://addons/GdPlanningAI/gdpai_autoload.gd:21)
WARNING: [GdPAI] ObjectRef(1382643928884): object was freed before callback; returning Nil.
   at: gdplanningai_rust::logger::process_logs (src\logger.rs:66)
   GDScript backtrace (most recent call first):
       [0] _process (res://addons/GdPlanningAI/gdpai_autoload.gd:21)
[GdPAI | debug] Discovery: Action Cook Potato failed validity check, skipping
[GdPAI | debug] ApplyEffect [Before] ID=InstanceId(-9223367184464434244): agent props = {"hunger": 30.0, "entity": VariantGd { id: 4509094913884, class: RigidBody2D }}
[GdPAI | debug] Discovery: Starting simulation for action Pick Up Wood
[GdPAI | debug] ApplyEffect [After] ID=InstanceId(-9223367184464434244): agent props = {"hunger": 10.0, "entity": VariantGd { id: 4509094913884, class: RigidBody2D }, "held_item": ""}
[GdPAI | debug]   Snapshotting prop: hunger = Float(10.0) (Variant type: FLOAT)
[GdPAI | debug]   Snapshotting prop: entity = ObjectRef(4509094913884) (Variant type: OBJECT)
[GdPAI | debug]   Snapshotting prop: held_item = Str("") (Variant type: STRING)
[GdPAI | debug] Discovery: Simulation success for Eat Held Food. Agent props: {"held_item": Str(""), "hunger": Float(10.0), "entity": ObjectRef(4509094913884)}
[GdPAI | debug] Numeric comparison: 10 LessThan 15 -> true
[GdPAI | debug] Discovery: Action Eat Held Food satisfied precond Builtin { target: Agent, operation: LessThan, property_name: "hunger", value: Some(Float(15.0)) }
[GdPAI | debug] Found candidate: Eat Held Food (satisfied preconds: [0], requirements: [])
WARNING: [GdPAI] ObjectRef(124621163998): object was freed before callback; returning Nil.
   at: gdplanningai_rust::logger::process_logs (src\logger.rs:66)
   GDScript backtrace (most recent call first):
       [0] _start_plan_and_wait (res://test/integration/test_hunger_example_smoke.gd:68)
[GdPAI | debug] GetCost: callable returned non-numeric value: null; returning INFINITY
WARNING: [GdPAI] ObjectRef(1382643928884): object was freed before callback; returning Nil.
   at: gdplanningai_rust::logger::process_logs (src\logger.rs:66)
   GDScript backtrace (most recent call first):
       [0] _start_plan_and_wait (res://test/integration/test_hunger_example_smoke.gd:68)
WARNING: [GdPAI] ObjectRef(1382643928884): object was freed before callback; returning Nil.
   at: gdplanningai_rust::logger::process_logs (src\logger.rs:66)
   GDScript backtrace (most recent call first):
       [0] _start_plan_and_wait (res://test/integration/test_hunger_example_smoke.gd:68)
[GdPAI | debug] GetCost: callable returned non-numeric value: null; returning INFINITY
[GdPAI | debug] Discovery: Starting simulation for action Wander
WARNING: [GdPAI] ObjectRef(124621163998): object was freed before callback; returning Nil.
   at: gdplanningai_rust::logger::process_logs (src\logger.rs:66)
   GDScript backtrace (most recent call first):
       [0] _process (res://addons/GdPlanningAI/gdpai_autoload.gd:21)
[GdPAI | debug] ApplyEffect [Before] ID=InstanceId(-9223367182568608845): agent props = {"hunger": 70.0627442063492, "held_item": "wood", "at_target": null, "entity": null}
[GdPAI | debug] ApplyEffect [After] ID=InstanceId(-9223367182568608845): agent props = {"hunger": 70.0627442063492, "held_item": "wood", "at_target": null, "entity": null}
[GdPAI | debug]   Snapshotting prop: hunger = Float(70.0627442063492) (Variant type: FLOAT)
[GdPAI | debug]   Snapshotting prop: held_item = Str("wood") (Variant type: STRING)
[GdPAI | debug]   Snapshotting prop: at_target = Nil (Variant type: NIL)
[GdPAI | debug]   Snapshotting prop: entity = Nil (Variant type: NIL)
WARNING: [GdPAI] ObjectRef(1382643928884): object was freed before callback; returning Nil.
   at: gdplanningai_rust::logger::process_logs (src\logger.rs:66)
   GDScript backtrace (most recent call first):
       [0] _process (res://addons/GdPlanningAI/gdpai_autoload.gd:21)
WARNING: [GdPAI] ObjectRef(1382643928884): object was freed before callback; returning Nil.
   at: gdplanningai_rust::logger::process_logs (src\logger.rs:66)
   GDScript backtrace (most recent call first):
       [0] _process (res://addons/GdPlanningAI/gdpai_autoload.gd:21)
[GdPAI | debug] ApplyEffect [Before] ID=InstanceId(-9223367181998183501): agent props = {"entity": null, "hunger": 95.0603725, "held_item": ""}
[GdPAI | debug] ApplyEffect [After] ID=InstanceId(-9223367181998183501): agent props = {"entity": null, "hunger": 95.0603725, "held_item": ""}
[GdPAI | debug]   Snapshotting prop: entity = Nil (Variant type: NIL)
[GdPAI | debug]   Snapshotting prop: hunger = Float(95.0603725) (Variant type: FLOAT)
[GdPAI | debug]   Snapshotting prop: held_item = Str("") (Variant type: STRING)
[GdPAI | debug] Discovery: Simulation success for Pick Up Wood. Agent props: {"entity": Nil, "held_item": Str(""), "hunger": Float(95.0603725)}
[GdPAI | debug] Discovery: Action Pick Up Wood satisfied precond Builtin { target: Agent, operation: Equal, property_name: "held_item", value: Some(Str("")) }
[GdPAI | debug] Found candidate: Pick Up Wood (satisfied preconds: [0], requirements: [])
[GdPAI | debug] Discovery: Starting simulation for action Pick Up Wood
WARNING: [GdPAI] ObjectRef(124621163998): object was freed before callback; returning Nil.
   at: gdplanningai_rust::logger::process_logs (src\logger.rs:66)
   GDScript backtrace (most recent call first):
       [0] _start_plan_and_wait (res://test/integration/test_hunger_example_smoke.gd:68)
WARNING: [GdPAI] ObjectRef(124621163998): object was freed before callback; returning Nil.
   at: gdplanningai_rust::logger::process_logs (src\logger.rs:66)
   GDScript backtrace (most recent call first):
       [0] _start_plan_and_wait (res://test/integration/test_hunger_example_smoke.gd:68)
[GdPAI | debug] GetCost: callable returned non-numeric value: null; returning INFINITY
WARNING: [GdPAI] ObjectRef(1382643928884): object was freed before callback; returning Nil.
   at: gdplanningai_rust::logger::process_logs (src\logger.rs:66)
   GDScript backtrace (most recent call first):
       [0] _start_plan_and_wait (res://test/integration/test_hunger_example_smoke.gd:68)
WARNING: [GdPAI] ObjectRef(1382643928884): object was freed before callback; returning Nil.
   at: gdplanningai_rust::logger::process_logs (src\logger.rs:66)
   GDScript backtrace (most recent call first):
       [0] _start_plan_and_wait (res://test/integration/test_hunger_example_smoke.gd:68)
[GdPAI | debug] GetCost: callable returned non-numeric value: null; returning INFINITY
[GdPAI | debug] ApplyEffect [Before] ID=InstanceId(-9223367179968140274): agent props = {"entity": VariantGd { id: 4509094913884, class: RigidBody2D }, "hunger": 30.0}
[GdPAI | debug] ApplyEffect [After] ID=InstanceId(-9223367179968140274): agent props = {"entity": VariantGd { id: 4509094913884, class: RigidBody2D }, "hunger": 30.0}
[GdPAI | debug]   Snapshotting prop: entity = ObjectRef(4509094913884) (Variant type: OBJECT)
[GdPAI | debug]   Snapshotting prop: hunger = Float(30.0) (Variant type: FLOAT)
[GdPAI | debug] Discovery: Simulation success for Wander. Agent props: {"hunger": Float(30.0), "entity": ObjectRef(4509094913884)}
[GdPAI | debug] Numeric comparison: 30 LessThan 15 -> false
[GdPAI | debug] Discovery: Action Wander did NOT satisfy precond Builtin { target: Agent, operation: LessThan, property_name: "hunger", value: Some(Float(15.0)) }
WARNING: [GdPAI] ObjectRef(124621163998): object was freed before callback; returning Nil.
   at: gdplanningai_rust::logger::process_logs (src\logger.rs:66)
   GDScript backtrace (most recent call first):
       [0] _process (res://addons/GdPlanningAI/gdpai_autoload.gd:21)
WARNING: [GdPAI] ObjectRef(124621163998): object was freed before callback; returning Nil.
   at: gdplanningai_rust::logger::process_logs (src\logger.rs:66)
   GDScript backtrace (most recent call first):
       [0] _process (res://addons/GdPlanningAI/gdpai_autoload.gd:21)
[GdPAI | debug] ApplyEffect [Before] ID=InstanceId(-9223367179582264324): agent props = {"hunger": 70.0627442063492, "held_item": "", "entity": null}
[GdPAI | debug] ApplyEffect [After] ID=InstanceId(-9223367179582264324): agent props = {"hunger": 70.0627442063492, "held_item": "", "entity": null}
[GdPAI | debug]   Snapshotting prop: hunger = Float(70.0627442063492) (Variant type: FLOAT)
[GdPAI | debug]   Snapshotting prop: held_item = Str("") (Variant type: STRING)
[GdPAI | debug]   Snapshotting prop: entity = Nil (Variant type: NIL)
WARNING: [GdPAI] ObjectRef(1382643928884): object was freed before callback; returning Nil.
   at: gdplanningai_rust::logger::process_logs (src\logger.rs:66)
   GDScript backtrace (most recent call first):
       [0] _process (res://addons/GdPlanningAI/gdpai_autoload.gd:21)
WARNING: [GdPAI] ObjectRef(1382643928884): object was freed before callback; returning Nil.
   at: gdplanningai_rust::logger::process_logs (src\logger.rs:66)
   GDScript backtrace (most recent call first):
       [0] _process (res://addons/GdPlanningAI/gdpai_autoload.gd:21)
[GdPAI | debug] ApplyEffect [Before] ID=InstanceId(-9223367179011838980): agent props = {"entity": null, "hunger": 95.0603725, "held_item": ""}
[GdPAI | debug] ApplyEffect [After] ID=InstanceId(-9223367179011838980): agent props = {"entity": null, "hunger": 95.0603725, "held_item": ""}
[GdPAI | debug]   Snapshotting prop: entity = Nil (Variant type: NIL)
[GdPAI | debug]   Snapshotting prop: hunger = Float(95.0603725) (Variant type: FLOAT)
[GdPAI | debug]   Snapshotting prop: held_item = Str("") (Variant type: STRING)
[GdPAI | debug] Discovery: Simulation success for Pick Up Wood. Agent props: {"held_item": Str(""), "hunger": Float(95.0603725), "entity": Nil}
[GdPAI | debug] Discovery: Action Pick Up Wood satisfied precond Builtin { target: Agent, operation: Equal, property_name: "held_item", value: Some(Str("")) }
[GdPAI | debug] Found candidate: Pick Up Wood (satisfied preconds: [0], requirements: [])
[GdPAI | debug] Numeric comparison: 30 GreaterThan 0 -> true
[GdPAI | debug] Discovery: Starting simulation for action Pick Up Wood
WARNING: [GdPAI] ObjectRef(124621163998): object was freed before callback; returning Nil.
   at: gdplanningai_rust::logger::process_logs (src\logger.rs:66)
   GDScript backtrace (most recent call first):
       [0] _start_plan_and_wait (res://test/integration/test_hunger_example_smoke.gd:68)
WARNING: [GdPAI] ObjectRef(124134624705): object was freed before callback; returning Nil.
   at: gdplanningai_rust::logger::process_logs (src\logger.rs:66)
   GDScript backtrace (most recent call first):
       [0] _start_plan_and_wait (res://test/integration/test_hunger_example_smoke.gd:68)
WARNING: [GdPAI] ObjectRef(125510356497): object was freed before callback; returning Nil.
   at: gdplanningai_rust::logger::process_logs (src\logger.rs:66)
   GDScript backtrace (most recent call first):
       [0] _start_plan_and_wait (res://test/integration/test_hunger_example_smoke.gd:68)
WARNING: [GdPAI] ObjectRef(124134624705): object was freed before callback; returning Nil.
   at: gdplanningai_rust::logger::process_logs (src\logger.rs:66)
   GDScript backtrace (most recent call first):
       [0] _start_plan_and_wait (res://test/integration/test_hunger_example_smoke.gd:68)
WARNING: [GdPAI] ObjectRef(125510356497): object was freed before callback; returning Nil.
   at: gdplanningai_rust::logger::process_logs (src\logger.rs:66)
   GDScript backtrace (most recent call first):
       [0] _start_plan_and_wait (res://test/integration/test_hunger_example_smoke.gd:68)
[GdPAI | debug] GetCost: callable returned non-numeric value: null; returning INFINITY
WARNING: [GdPAI] ObjectRef(1382643928884): object was freed before callback; returning Nil.
   at: gdplanningai_rust::logger::process_logs (src\logger.rs:66)
   GDScript backtrace (most recent call first):
       [0] _start_plan_and_wait (res://test/integration/test_hunger_example_smoke.gd:68)
WARNING: [GdPAI] ObjectRef(1382643928884): object was freed before callback; returning Nil.
   at: gdplanningai_rust::logger::process_logs (src\logger.rs:66)
   GDScript backtrace (most recent call first):
       [0] _start_plan_and_wait (res://test/integration/test_hunger_example_smoke.gd:68)
[GdPAI | debug] GetCost: callable returned non-numeric value: null; returning INFINITY
[GdPAI | debug] Discovery: Action Shake Tree failed validity check, skipping
WARNING: [GdPAI] ObjectRef(124621163998): object was freed before callback; returning Nil.
   at: gdplanningai_rust::logger::process_logs (src\logger.rs:66)
   GDScript backtrace (most recent call first):
       [0] _process (res://addons/GdPlanningAI/gdpai_autoload.gd:21)
WARNING: [GdPAI] ObjectRef(124134624705): object was freed before callback; returning Nil.
   at: gdplanningai_rust::logger::process_logs (src\logger.rs:66)
   GDScript backtrace (most recent call first):
       [0] _process (res://addons/GdPlanningAI/gdpai_autoload.gd:21)
WARNING: [GdPAI] ObjectRef(125510356497): object was freed before callback; returning Nil.
   at: gdplanningai_rust::logger::process_logs (src\logger.rs:66)
   GDScript backtrace (most recent call first):
       [0] _process (res://addons/GdPlanningAI/gdpai_autoload.gd:21)
WARNING: [GdPAI] ObjectRef(124134624705): object was freed before callback; returning Nil.
   at: gdplanningai_rust::logger::process_logs (src\logger.rs:66)
   GDScript backtrace (most recent call first):
       [0] _process (res://addons/GdPlanningAI/gdpai_autoload.gd:21)
WARNING: [GdPAI] ObjectRef(125510356497): object was freed before callback; returning Nil.
   at: gdplanningai_rust::logger::process_logs (src\logger.rs:66)
   GDScript backtrace (most recent call first):
       [0] _process (res://addons/GdPlanningAI/gdpai_autoload.gd:21)
[GdPAI | debug] ApplyEffect [Before] ID=InstanceId(-9223367176394593277): agent props = {"hunger": 70.0627442063492, "entity": null, "held_item": "", "at_target": null}
[GdPAI | debug] ApplyEffect [After] ID=InstanceId(-9223367176394593277): agent props = {"hunger": 70.0627442063492, "entity": null, "held_item": "", "at_target": null}
[GdPAI | debug]   Snapshotting prop: hunger = Float(70.0627442063492) (Variant type: FLOAT)
[GdPAI | debug]   Snapshotting prop: entity = Nil (Variant type: NIL)
[GdPAI | debug]   Snapshotting prop: held_item = Str("") (Variant type: STRING)
[GdPAI | debug]   Snapshotting prop: at_target = Nil (Variant type: NIL)
WARNING: [GdPAI] ObjectRef(1382643928884): object was freed before callback; returning Nil.
   at: gdplanningai_rust::logger::process_logs (src\logger.rs:66)
   GDScript backtrace (most recent call first):
       [0] _process (res://addons/GdPlanningAI/gdpai_autoload.gd:21)
WARNING: [GdPAI] ObjectRef(1382643928884): object was freed before callback; returning Nil.
   at: gdplanningai_rust::logger::process_logs (src\logger.rs:66)
   GDScript backtrace (most recent call first):
       [0] _process (res://addons/GdPlanningAI/gdpai_autoload.gd:21)
[GdPAI | debug] ApplyEffect [Before] ID=InstanceId(-9223367175824167933): agent props = {"hunger": 95.0603725, "held_item": "", "entity": null}
[GdPAI | debug] ApplyEffect [After] ID=InstanceId(-9223367175824167933): agent props = {"hunger": 95.0603725, "held_item": "", "entity": null}
[GdPAI | debug]   Snapshotting prop: hunger = Float(95.0603725) (Variant type: FLOAT)
[GdPAI | debug]   Snapshotting prop: held_item = Str("") (Variant type: STRING)
[GdPAI | debug]   Snapshotting prop: entity = Nil (Variant type: NIL)
[GdPAI | debug] Discovery: Simulation success for Pick Up Wood. Agent props: {"hunger": Float(95.0603725), "entity": Nil, "held_item": Str("")}
[GdPAI | debug] Discovery: Action Pick Up Wood satisfied precond Builtin { target: Agent, operation: Equal, property_name: "held_item", value: Some(Str("")) }
[GdPAI | debug] Found candidate: Pick Up Wood (satisfied preconds: [0], requirements: [])
[GdPAI | debug] Discovery: Starting simulation for action Pick Up Wood
WARNING: [GdPAI] ObjectRef(124621163998): object was freed before callback; returning Nil.
   at: gdplanningai_rust::logger::process_logs (src\logger.rs:66)
   GDScript backtrace (most recent call first):
       [0] _start_plan_and_wait (res://test/integration/test_hunger_example_smoke.gd:68)
[GdPAI | debug] GetCost: callable returned non-numeric value: null; returning INFINITY
WARNING: [GdPAI] ObjectRef(1382643928884): object was freed before callback; returning Nil.
   at: gdplanningai_rust::logger::process_logs (src\logger.rs:66)
   GDScript backtrace (most recent call first):
       [0] _start_plan_and_wait (res://test/integration/test_hunger_example_smoke.gd:68)
WARNING: [GdPAI] ObjectRef(1382643928884): object was freed before callback; returning Nil.
   at: gdplanningai_rust::logger::process_logs (src\logger.rs:66)
   GDScript backtrace (most recent call first):
       [0] _start_plan_and_wait (res://test/integration/test_hunger_example_smoke.gd:68)
[GdPAI | debug] GetCost: callable returned non-numeric value: null; returning INFINITY
WARNING: [GdPAI] ObjectRef(124621163998): object was freed before callback; returning Nil.
   at: gdplanningai_rust::logger::process_logs (src\logger.rs:66)
   GDScript backtrace (most recent call first):
       [0] _process (res://addons/GdPlanningAI/gdpai_autoload.gd:21)
[GdPAI | debug] ApplyEffect [Before] ID=InstanceId(-9223367173257253865): agent props = {"held_item": "wood", "at_target": null, "entity": null, "hunger": 70.0627442063492}
[GdPAI | debug] ApplyEffect [After] ID=InstanceId(-9223367173257253865): agent props = {"held_item": "wood", "at_target": null, "entity": null, "hunger": 70.0627442063492}
[GdPAI | debug]   Snapshotting prop: held_item = Str("wood") (Variant type: STRING)
[GdPAI | debug]   Snapshotting prop: at_target = Nil (Variant type: NIL)
[GdPAI | debug]   Snapshotting prop: entity = Nil (Variant type: NIL)
[GdPAI | debug]   Snapshotting prop: hunger = Float(70.0627442063492) (Variant type: FLOAT)
WARNING: [GdPAI] ObjectRef(1382643928884): object was freed before callback; returning Nil.
   at: gdplanningai_rust::logger::process_logs (src\logger.rs:66)
   GDScript backtrace (most recent call first):
       [0] _process (res://addons/GdPlanningAI/gdpai_autoload.gd:21)
WARNING: [GdPAI] ObjectRef(1382643928884): object was freed before callback; returning Nil.
   at: gdplanningai_rust::logger::process_logs (src\logger.rs:66)
   GDScript backtrace (most recent call first):
       [0] _process (res://addons/GdPlanningAI/gdpai_autoload.gd:21)
[GdPAI | debug] ApplyEffect [Before] ID=InstanceId(-9223367172686828521): agent props = {"held_item": "", "entity": null, "hunger": 95.0603725}
[GdPAI | debug] ApplyEffect [After] ID=InstanceId(-9223367172686828521): agent props = {"held_item": "", "entity": null, "hunger": 95.0603725}
[GdPAI | debug]   Snapshotting prop: held_item = Str("") (Variant type: STRING)
[GdPAI | debug]   Snapshotting prop: entity = Nil (Variant type: NIL)
[GdPAI | debug]   Snapshotting prop: hunger = Float(95.0603725) (Variant type: FLOAT)
[GdPAI | debug] Discovery: Simulation success for Pick Up Wood. Agent props: {"held_item": Str(""), "entity": Nil, "hunger": Float(95.0603725)}
[GdPAI | debug] Discovery: Action Pick Up Wood satisfied precond Builtin { target: Agent, operation: Equal, property_name: "held_item", value: Some(Str("")) }
[GdPAI | debug] Found candidate: Pick Up Wood (satisfied preconds: [0], requirements: [])
[GdPAI | debug] Discovery: Starting simulation for action Pick Up Item
WARNING: [GdPAI] ObjectRef(124621163998): object was freed before callback; returning Nil.
   at: gdplanningai_rust::logger::process_logs (src\logger.rs:66)
   GDScript backtrace (most recent call first):
       [0] _start_plan_and_wait (res://test/integration/test_hunger_example_smoke.gd:68)
WARNING: [GdPAI] ObjectRef(125510356497): object was freed before callback; returning Nil.
   at: gdplanningai_rust::logger::process_logs (src\logger.rs:66)
   GDScript backtrace (most recent call first):
       [0] _start_plan_and_wait (res://test/integration/test_hunger_example_smoke.gd:68)
WARNING: [GdPAI] ObjectRef(125510356497): object was freed before callback; returning Nil.
   at: gdplanningai_rust::logger::process_logs (src\logger.rs:66)
   GDScript backtrace (most recent call first):
       [0] _start_plan_and_wait (res://test/integration/test_hunger_example_smoke.gd:68)
[GdPAI | debug] GetCost: callable returned non-numeric value: null; returning INFINITY
WARNING: [GdPAI] ObjectRef(1382643928884): object was freed before callback; returning Nil.
   at: gdplanningai_rust::logger::process_logs (src\logger.rs:66)
   GDScript backtrace (most recent call first):
       [0] _start_plan_and_wait (res://test/integration/test_hunger_example_smoke.gd:68)
WARNING: [GdPAI] ObjectRef(1382643928884): object was freed before callback; returning Nil.
   at: gdplanningai_rust::logger::process_logs (src\logger.rs:66)
   GDScript backtrace (most recent call first):
       [0] _start_plan_and_wait (res://test/integration/test_hunger_example_smoke.gd:68)
[GdPAI | debug] Discovery: Action Dig Potato failed validity check, skipping
WARNING: [GdPAI] ObjectRef(124621163998): object was freed before callback; returning Nil.
   at: gdplanningai_rust::logger::process_logs (src\logger.rs:66)
   GDScript backtrace (most recent call first):
       [0] _process (res://addons/GdPlanningAI/gdpai_autoload.gd:21)
WARNING: [GdPAI] ObjectRef(125510356497): object was freed before callback; returning Nil.
   at: gdplanningai_rust::logger::process_logs (src\logger.rs:66)
   GDScript backtrace (most recent call first):
       [0] _process (res://addons/GdPlanningAI/gdpai_autoload.gd:21)
WARNING: [GdPAI] ObjectRef(125510356497): object was freed before callback; returning Nil.
   at: gdplanningai_rust::logger::process_logs (src\logger.rs:66)
   GDScript backtrace (most recent call first):
       [0] _process (res://addons/GdPlanningAI/gdpai_autoload.gd:21)
[GdPAI | debug] ApplyEffect [Before] ID=InstanceId(-9223367170220577715): agent props = {"hunger": 70.0627442063492, "entity": null, "held_item": "wood", "at_target": null}
[GdPAI | debug] ApplyEffect [After] ID=InstanceId(-9223367170220577715): agent props = {"hunger": 70.0627442063492, "entity": null, "held_item": "wood", "at_target": null}
[GdPAI | debug]   Snapshotting prop: hunger = Float(70.0627442063492) (Variant type: FLOAT)
[GdPAI | debug]   Snapshotting prop: entity = Nil (Variant type: NIL)
[GdPAI | debug]   Snapshotting prop: held_item = Str("wood") (Variant type: STRING)
[GdPAI | debug]   Snapshotting prop: at_target = Nil (Variant type: NIL)
WARNING: [GdPAI] ObjectRef(1382643928884): object was freed before callback; returning Nil.
   at: gdplanningai_rust::logger::process_logs (src\logger.rs:66)
   GDScript backtrace (most recent call first):
       [0] _process (res://addons/GdPlanningAI/gdpai_autoload.gd:21)
WARNING: [GdPAI] ObjectRef(1382643928884): object was freed before callback; returning Nil.
   at: gdplanningai_rust::logger::process_logs (src\logger.rs:66)
   GDScript backtrace (most recent call first):
       [0] _process (res://addons/GdPlanningAI/gdpai_autoload.gd:21)
[GdPAI | debug] Discovery: Action Dig Potato failed validity check, skipping
[GdPAI | debug] ApplyEffect [Before] ID=InstanceId(-9223367169079727027): agent props = {"entity": VariantGd { id: 4509094913884, class: RigidBody2D }, "hunger": 30.0}
[GdPAI | debug] ApplyEffect [After] ID=InstanceId(-9223367169079727027): agent props = {"entity": VariantGd { id: 4509094913884, class: RigidBody2D }, "held_item": "banana", "hunger": 30.0}
[GdPAI | debug]   Snapshotting prop: entity = ObjectRef(4509094913884) (Variant type: OBJECT)
[GdPAI | debug]   Snapshotting prop: held_item = Str("banana") (Variant type: STRING)
[GdPAI | debug]   Snapshotting prop: hunger = Float(30.0) (Variant type: FLOAT)
[GdPAI | debug] Discovery: Simulation success for Pick Up Item. Agent props: {"entity": ObjectRef(4509094913884), "hunger": Float(30.0), "held_item": Str("banana")}
[GdPAI | debug] Numeric comparison: 30 LessThan 15 -> false
[GdPAI | debug] Discovery: Action Pick Up Item did NOT satisfy precond Builtin { target: Agent, operation: LessThan, property_name: "hunger", value: Some(Float(15.0)) }
WARNING: [GdPAI] ObjectRef(124621163998): object was freed before callback; returning Nil.
   at: gdplanningai_rust::logger::process_logs (src\logger.rs:66)
   GDScript backtrace (most recent call first):
       [0] _start_plan_and_wait (res://test/integration/test_hunger_example_smoke.gd:68)
WARNING: [GdPAI] ObjectRef(124134624705): object was freed before callback; returning Nil.
   at: gdplanningai_rust::logger::process_logs (src\logger.rs:66)
   GDScript backtrace (most recent call first):
       [0] _start_plan_and_wait (res://test/integration/test_hunger_example_smoke.gd:68)
WARNING: [GdPAI] ObjectRef(124134624705): object was freed before callback; returning Nil.
   at: gdplanningai_rust::logger::process_logs (src\logger.rs:66)
   GDScript backtrace (most recent call first):
       [0] _start_plan_and_wait (res://test/integration/test_hunger_example_smoke.gd:68)
[GdPAI | debug] GetCost: callable returned non-numeric value: null; returning INFINITY
WARNING: [GdPAI] ObjectRef(1382643928884): object was freed before callback; returning Nil.
   at: gdplanningai_rust::logger::process_logs (src\logger.rs:66)
   GDScript backtrace (most recent call first):
       [0] _start_plan_and_wait (res://test/integration/test_hunger_example_smoke.gd:68)
WARNING: [GdPAI] ObjectRef(1382643928884): object was freed before callback; returning Nil.
   at: gdplanningai_rust::logger::process_logs (src\logger.rs:66)
   GDScript backtrace (most recent call first):
       [0] _start_plan_and_wait (res://test/integration/test_hunger_example_smoke.gd:68)
[GdPAI | debug] Discovery: Action Dig Potato failed validity check, skipping
WARNING: [GdPAI] ObjectRef(124621163998): object was freed before callback; returning Nil.
   at: gdplanningai_rust::logger::process_logs (src\logger.rs:66)
   GDScript backtrace (most recent call first):
       [0] _process (res://addons/GdPlanningAI/gdpai_autoload.gd:21)
WARNING: [GdPAI] ObjectRef(124134624705): object was freed before callback; returning Nil.
   at: gdplanningai_rust::logger::process_logs (src\logger.rs:66)
   GDScript backtrace (most recent call first):
       [0] _process (res://addons/GdPlanningAI/gdpai_autoload.gd:21)
WARNING: [GdPAI] ObjectRef(124134624705): object was freed before callback; returning Nil.
   at: gdplanningai_rust::logger::process_logs (src\logger.rs:66)
   GDScript backtrace (most recent call first):
       [0] _process (res://addons/GdPlanningAI/gdpai_autoload.gd:21)
[GdPAI | debug] ApplyEffect [Before] ID=InstanceId(-9223367167083238300): agent props = {"held_item": "wood", "at_target": null, "hunger": 70.0627442063492, "entity": null}
[GdPAI | debug] ApplyEffect [After] ID=InstanceId(-9223367167083238300): agent props = {"held_item": "wood", "at_target": null, "hunger": 70.0627442063492, "entity": null}
[GdPAI | debug]   Snapshotting prop: held_item = Str("wood") (Variant type: STRING)
[GdPAI | debug]   Snapshotting prop: at_target = Nil (Variant type: NIL)
[GdPAI | debug]   Snapshotting prop: hunger = Float(70.0627442063492) (Variant type: FLOAT)
[GdPAI | debug]   Snapshotting prop: entity = Nil (Variant type: NIL)
WARNING: [GdPAI] ObjectRef(1382643928884): object was freed before callback; returning Nil.
   at: gdplanningai_rust::logger::process_logs (src\logger.rs:66)
   GDScript backtrace (most recent call first):
       [0] _process (res://addons/GdPlanningAI/gdpai_autoload.gd:21)
WARNING: [GdPAI] ObjectRef(1382643928884): object was freed before callback; returning Nil.
   at: gdplanningai_rust::logger::process_logs (src\logger.rs:66)
   GDScript backtrace (most recent call first):
       [0] _process (res://addons/GdPlanningAI/gdpai_autoload.gd:21)
[GdPAI | debug] Discovery: Action Dig Potato failed validity check, skipping
[GdPAI | debug] ApplyEffect [Before] ID=InstanceId(-9223367165942387612): agent props = {"hunger": 30.0, "entity": VariantGd { id: 4509094913884, class: RigidBody2D }}
[GdPAI | debug] ApplyEffect [After] ID=InstanceId(-9223367165942387612): agent props = {"held_item": "", "hunger": 10.0, "entity": VariantGd { id: 4509094913884, class: RigidBody2D }}
[GdPAI | debug]   Snapshotting prop: held_item = Str("") (Variant type: STRING)
[GdPAI | debug]   Snapshotting prop: hunger = Float(10.0) (Variant type: FLOAT)
[GdPAI | debug]   Snapshotting prop: entity = ObjectRef(4509094913884) (Variant type: OBJECT)
[GdPAI | debug] Numeric comparison: 30 GreaterThan 0 -> true
[GdPAI] A* Iteration: pop node with chain length 1
[GdPAI | debug] find_candidates: Checking 5 actions against 0 preconds and 2 requirements
WARNING: [GdPAI] ObjectRef(124621163998): object was freed before callback; returning Nil.
   at: gdplanningai_rust::logger::process_logs (src\logger.rs:66)
   GDScript backtrace (most recent call first):
       [0] _start_plan_and_wait (res://test/integration/test_hunger_example_smoke.gd:68)
[GdPAI | debug] GetCost: callable returned non-numeric value: null; returning INFINITY
WARNING: [GdPAI] ObjectRef(1382643928884): object was freed before callback; returning Nil.
   at: gdplanningai_rust::logger::process_logs (src\logger.rs:66)
   GDScript backtrace (most recent call first):
       [0] _start_plan_and_wait (res://test/integration/test_hunger_example_smoke.gd:68)
WARNING: [GdPAI] ObjectRef(1382643928884): object was freed before callback; returning Nil.
   at: gdplanningai_rust::logger::process_logs (src\logger.rs:66)
   GDScript backtrace (most recent call first):
       [0] _start_plan_and_wait (res://test/integration/test_hunger_example_smoke.gd:68)
[GdPAI | debug] Discovery: Action Dig Potato failed validity check, skipping
WARNING: [GdPAI] ObjectRef(124621163998): object was freed before callback; returning Nil.
   at: gdplanningai_rust::logger::process_logs (src\logger.rs:66)
   GDScript backtrace (most recent call first):
       [0] _process (res://addons/GdPlanningAI/gdpai_autoload.gd:21)
[GdPAI | debug] ApplyEffect [Before] ID=InstanceId(-9223367164046562206): agent props = {"at_target": null, "held_item": "wood", "hunger": 70.0627442063492, "entity": null}
[GdPAI | debug] ApplyEffect [After] ID=InstanceId(-9223367164046562206): agent props = {"at_target": null, "held_item": "wood", "hunger": 70.0627442063492, "entity": null}
[GdPAI | debug]   Snapshotting prop: at_target = Nil (Variant type: NIL)
[GdPAI | debug]   Snapshotting prop: held_item = Str("wood") (Variant type: STRING)
[GdPAI | debug]   Snapshotting prop: hunger = Float(70.0627442063492) (Variant type: FLOAT)
[GdPAI | debug]   Snapshotting prop: entity = Nil (Variant type: NIL)
WARNING: [GdPAI] ObjectRef(1382643928884): object was freed before callback; returning Nil.
   at: gdplanningai_rust::logger::process_logs (src\logger.rs:66)
   GDScript backtrace (most recent call first):
       [0] _process (res://addons/GdPlanningAI/gdpai_autoload.gd:21)
WARNING: [GdPAI] ObjectRef(1382643928884): object was freed before callback; returning Nil.
   at: gdplanningai_rust::logger::process_logs (src\logger.rs:66)
   GDScript backtrace (most recent call first):
       [0] _process (res://addons/GdPlanningAI/gdpai_autoload.gd:21)
WARNING: [GdPAI] ObjectRef(1382610374135): object was freed before callback; returning Nil.
   at: gdplanningai_rust::logger::process_logs (src\logger.rs:66)
   GDScript backtrace (most recent call first):
       [0] _process (res://addons/GdPlanningAI/gdpai_autoload.gd:21)
WARNING: [GdPAI] ObjectRef(1383650561484): object was freed before callback; returning Nil.
   at: gdplanningai_rust::logger::process_logs (src\logger.rs:66)
   GDScript backtrace (most recent call first):
       [0] _process (res://addons/GdPlanningAI/gdpai_autoload.gd:21)
WARNING: [GdPAI] ObjectRef(1382610374135): object was freed before callback; returning Nil.
   at: gdplanningai_rust::logger::process_logs (src\logger.rs:66)
   GDScript backtrace (most recent call first):
       [0] _process (res://addons/GdPlanningAI/gdpai_autoload.gd:21)
WARNING: [GdPAI] ObjectRef(1383650561484): object was freed before callback; returning Nil.
   at: gdplanningai_rust::logger::process_logs (src\logger.rs:66)
   GDScript backtrace (most recent call first):
       [0] _process (res://addons/GdPlanningAI/gdpai_autoload.gd:21)
[GdPAI | debug] GetCost: callable returned non-numeric value: null; returning INFINITY
WARNING: [GdPAI] ObjectRef(124621163998): object was freed before callback; returning Nil.
   at: gdplanningai_rust::logger::process_logs (src\logger.rs:66)
   GDScript backtrace (most recent call first):
       [0] _start_plan_and_wait (res://test/integration/test_hunger_example_smoke.gd:68)
WARNING: [GdPAI] ObjectRef(124621163998): object was freed before callback; returning Nil.
   at: gdplanningai_rust::logger::process_logs (src\logger.rs:66)
   GDScript backtrace (most recent call first):
       [0] _start_plan_and_wait (res://test/integration/test_hunger_example_smoke.gd:68)
[GdPAI | debug] GetCost: callable returned non-numeric value: null; returning INFINITY
WARNING: [GdPAI] ObjectRef(1382643928884): object was freed before callback; returning Nil.
   at: gdplanningai_rust::logger::process_logs (src\logger.rs:66)
   GDScript backtrace (most recent call first):
       [0] _start_plan_and_wait (res://test/integration/test_hunger_example_smoke.gd:68)
WARNING: [GdPAI] ObjectRef(1382643928884): object was freed before callback; returning Nil.
   at: gdplanningai_rust::logger::process_logs (src\logger.rs:66)
   GDScript backtrace (most recent call first):
       [0] _start_plan_and_wait (res://test/integration/test_hunger_example_smoke.gd:68)
WARNING: [GdPAI] ObjectRef(1382610374135): object was freed before callback; returning Nil.
   at: gdplanningai_rust::logger::process_logs (src\logger.rs:66)
   GDScript backtrace (most recent call first):
       [0] _start_plan_and_wait (res://test/integration/test_hunger_example_smoke.gd:68)
WARNING: [GdPAI] ObjectRef(1383650561484): object was freed before callback; returning Nil.
   at: gdplanningai_rust::logger::process_logs (src\logger.rs:66)
   GDScript backtrace (most recent call first):
       [0] _start_plan_and_wait (res://test/integration/test_hunger_example_smoke.gd:68)
WARNING: [GdPAI] ObjectRef(1382610374135): object was freed before callback; returning Nil.
   at: gdplanningai_rust::logger::process_logs (src\logger.rs:66)
   GDScript backtrace (most recent call first):
       [0] _start_plan_and_wait (res://test/integration/test_hunger_example_smoke.gd:68)
WARNING: [GdPAI] ObjectRef(1383650561484): object was freed before callback; returning Nil.
   at: gdplanningai_rust::logger::process_logs (src\logger.rs:66)
   GDScript backtrace (most recent call first):
       [0] _start_plan_and_wait (res://test/integration/test_hunger_example_smoke.gd:68)
[GdPAI | debug] ApplyEffect [Before] ID=InstanceId(-9223367161815192400): agent props = {"entity": null, "hunger": 95.0603725, "at_target": null, "held_item": ""}
[GdPAI | debug] ApplyEffect [After] ID=InstanceId(-9223367161815192400): agent props = {"entity": null, "hunger": 95.0603725, "at_target": null, "held_item": ""}
[GdPAI | debug]   Snapshotting prop: entity = Nil (Variant type: NIL)
[GdPAI | debug]   Snapshotting prop: hunger = Float(95.0603725) (Variant type: FLOAT)
[GdPAI | debug]   Snapshotting prop: at_target = Nil (Variant type: NIL)
[GdPAI | debug]   Snapshotting prop: held_item = Str("") (Variant type: STRING)
WARNING: [GdPAI] ObjectRef(124621163998): object was freed before callback; returning Nil.
   at: gdplanningai_rust::logger::process_logs (src\logger.rs:66)
   GDScript backtrace (most recent call first):
       [0] _process (res://addons/GdPlanningAI/gdpai_autoload.gd:21)
WARNING: [GdPAI] ObjectRef(124621163998): object was freed before callback; returning Nil.
   at: gdplanningai_rust::logger::process_logs (src\logger.rs:66)
   GDScript backtrace (most recent call first):
       [0] _process (res://addons/GdPlanningAI/gdpai_autoload.gd:21)
[GdPAI | debug] ApplyEffect [Before] ID=InstanceId(-9223367160657564510): agent props = {"entity": null, "held_item": "", "hunger": 70.0627442063492}
[GdPAI | debug] ApplyEffect [After] ID=InstanceId(-9223367160657564510): agent props = {"entity": null, "held_item": "", "hunger": 70.0627442063492}
[GdPAI | debug]   Snapshotting prop: entity = Nil (Variant type: NIL)
[GdPAI | debug]   Snapshotting prop: held_item = Str("") (Variant type: STRING)
[GdPAI | debug]   Snapshotting prop: hunger = Float(70.0627442063492) (Variant type: FLOAT)
WARNING: [GdPAI] ObjectRef(1382643928884): object was freed before callback; returning Nil.
   at: gdplanningai_rust::logger::process_logs (src\logger.rs:66)
   GDScript backtrace (most recent call first):
       [0] _process (res://addons/GdPlanningAI/gdpai_autoload.gd:21)
WARNING: [GdPAI] ObjectRef(1383650561484): object was freed before callback; returning Nil.
   at: gdplanningai_rust::logger::process_logs (src\logger.rs:66)
   GDScript backtrace (most recent call first):
       [0] _process (res://addons/GdPlanningAI/gdpai_autoload.gd:21)
WARNING: [GdPAI] ObjectRef(1383650561484): object was freed before callback; returning Nil.
   at: gdplanningai_rust::logger::process_logs (src\logger.rs:66)
   GDScript backtrace (most recent call first):
       [0] _process (res://addons/GdPlanningAI/gdpai_autoload.gd:21)
[GdPAI | debug] GetCost: callable returned non-numeric value: null; returning INFINITY
[GdPAI | debug] Numeric comparison: 30 GreaterThan 0 -> true
WARNING: [GdPAI] ObjectRef(124621163998): object was freed before callback; returning Nil.
   at: gdplanningai_rust::logger::process_logs (src\logger.rs:66)
   GDScript backtrace (most recent call first):
       [0] _start_plan_and_wait (res://test/integration/test_hunger_example_smoke.gd:68)
WARNING: [GdPAI] ObjectRef(124134624705): object was freed before callback; returning Nil.
   at: gdplanningai_rust::logger::process_logs (src\logger.rs:66)
   GDScript backtrace (most recent call first):
       [0] _start_plan_and_wait (res://test/integration/test_hunger_example_smoke.gd:68)
WARNING: [GdPAI] ObjectRef(125510356497): object was freed before callback; returning Nil.
   at: gdplanningai_rust::logger::process_logs (src\logger.rs:66)
   GDScript backtrace (most recent call first):
       [0] _start_plan_and_wait (res://test/integration/test_hunger_example_smoke.gd:68)
WARNING: [GdPAI] ObjectRef(124134624705): object was freed before callback; returning Nil.
   at: gdplanningai_rust::logger::process_logs (src\logger.rs:66)
   GDScript backtrace (most recent call first):
       [0] _start_plan_and_wait (res://test/integration/test_hunger_example_smoke.gd:68)
WARNING: [GdPAI] ObjectRef(125510356497): object was freed before callback; returning Nil.
   at: gdplanningai_rust::logger::process_logs (src\logger.rs:66)
   GDScript backtrace (most recent call first):
       [0] _start_plan_and_wait (res://test/integration/test_hunger_example_smoke.gd:68)
[GdPAI | debug] GetCost: callable returned non-numeric value: null; returning INFINITY
WARNING: [GdPAI] ObjectRef(1382643928884): object was freed before callback; returning Nil.
   at: gdplanningai_rust::logger::process_logs (src\logger.rs:66)
   GDScript backtrace (most recent call first):
       [0] _start_plan_and_wait (res://test/integration/test_hunger_example_smoke.gd:68)
WARNING: [GdPAI] ObjectRef(1383650561484): object was freed before callback; returning Nil.
   at: gdplanningai_rust::logger::process_logs (src\logger.rs:66)
   GDScript backtrace (most recent call first):
       [0] _start_plan_and_wait (res://test/integration/test_hunger_example_smoke.gd:68)
WARNING: [GdPAI] ObjectRef(1383650561484): object was freed before callback; returning Nil.
   at: gdplanningai_rust::logger::process_logs (src\logger.rs:66)
   GDScript backtrace (most recent call first):
       [0] _start_plan_and_wait (res://test/integration/test_hunger_example_smoke.gd:68)
[GdPAI | debug] ApplyEffect [Before] ID=InstanceId(-9223367158526858040): agent props = {"hunger": 95.0603725, "held_item": "", "entity": null, "at_target": null}
[GdPAI | debug] ApplyEffect [After] ID=InstanceId(-9223367158526858040): agent props = {"hunger": 95.0603725, "held_item": "", "entity": null, "at_target": null}
[GdPAI | debug]   Snapshotting prop: hunger = Float(95.0603725) (Variant type: FLOAT)
[GdPAI | debug]   Snapshotting prop: held_item = Str("") (Variant type: STRING)
[GdPAI | debug]   Snapshotting prop: entity = Nil (Variant type: NIL)
[GdPAI | debug]   Snapshotting prop: at_target = Nil (Variant type: NIL)
[GdPAI | debug] Discovery: Action Shake Tree failed validity check, skipping
WARNING: [GdPAI] ObjectRef(124621163998): object was freed before callback; returning Nil.
   at: gdplanningai_rust::logger::process_logs (src\logger.rs:66)
   GDScript backtrace (most recent call first):
       [0] _process (res://addons/GdPlanningAI/gdpai_autoload.gd:21)
WARNING: [GdPAI] ObjectRef(124134624705): object was freed before callback; returning Nil.
   at: gdplanningai_rust::logger::process_logs (src\logger.rs:66)
   GDScript backtrace (most recent call first):
       [0] _process (res://addons/GdPlanningAI/gdpai_autoload.gd:21)
WARNING: [GdPAI] ObjectRef(125510356497): object was freed before callback; returning Nil.
   at: gdplanningai_rust::logger::process_logs (src\logger.rs:66)
   GDScript backtrace (most recent call first):
       [0] _process (res://addons/GdPlanningAI/gdpai_autoload.gd:21)
WARNING: [GdPAI] ObjectRef(124134624705): object was freed before callback; returning Nil.
   at: gdplanningai_rust::logger::process_logs (src\logger.rs:66)
   GDScript backtrace (most recent call first):
       [0] _process (res://addons/GdPlanningAI/gdpai_autoload.gd:21)
WARNING: [GdPAI] ObjectRef(125510356497): object was freed before callback; returning Nil.
   at: gdplanningai_rust::logger::process_logs (src\logger.rs:66)
   GDScript backtrace (most recent call first):
       [0] _process (res://addons/GdPlanningAI/gdpai_autoload.gd:21)
[GdPAI | debug] ApplyEffect [Before] ID=InstanceId(-9223367157369230148): agent props = {"at_target": null, "held_item": "", "hunger": 70.0627442063492, "entity": null}
[GdPAI | debug] ApplyEffect [After] ID=InstanceId(-9223367157369230148): agent props = {"at_target": null, "held_item": "", "hunger": 70.0627442063492, "entity": null}
[GdPAI | debug]   Snapshotting prop: at_target = Nil (Variant type: NIL)
[GdPAI | debug]   Snapshotting prop: held_item = Str("") (Variant type: STRING)
[GdPAI | debug]   Snapshotting prop: hunger = Float(70.0627442063492) (Variant type: FLOAT)
[GdPAI | debug]   Snapshotting prop: entity = Nil (Variant type: NIL)
WARNING: [GdPAI] ObjectRef(1382643928884): object was freed before callback; returning Nil.
   at: gdplanningai_rust::logger::process_logs (src\logger.rs:66)
   GDScript backtrace (most recent call first):
       [0] _process (res://addons/GdPlanningAI/gdpai_autoload.gd:21)
WARNING: [GdPAI] ObjectRef(1382610374135): object was freed before callback; returning Nil.
   at: gdplanningai_rust::logger::process_logs (src\logger.rs:66)
   GDScript backtrace (most recent call first):
       [0] _process (res://addons/GdPlanningAI/gdpai_autoload.gd:21)
WARNING: [GdPAI] ObjectRef(1382610374135): object was freed before callback; returning Nil.
   at: gdplanningai_rust::logger::process_logs (src\logger.rs:66)
   GDScript backtrace (most recent call first):
       [0] _process (res://addons/GdPlanningAI/gdpai_autoload.gd:21)
[GdPAI | debug] GetCost: callable returned non-numeric value: null; returning INFINITY
WARNING: [GdPAI] ObjectRef(124621163998): object was freed before callback; returning Nil.
   at: gdplanningai_rust::logger::process_logs (src\logger.rs:66)
   GDScript backtrace (most recent call first):
       [0] _start_plan_and_wait (res://test/integration/test_hunger_example_smoke.gd:68)
[GdPAI | debug] GetCost: callable returned non-numeric value: null; returning INFINITY
WARNING: [GdPAI] ObjectRef(1382643928884): object was freed before callback; returning Nil.
   at: gdplanningai_rust::logger::process_logs (src\logger.rs:66)
   GDScript backtrace (most recent call first):
       [0] _start_plan_and_wait (res://test/integration/test_hunger_example_smoke.gd:68)
WARNING: [GdPAI] ObjectRef(1382610374135): object was freed before callback; returning Nil.
   at: gdplanningai_rust::logger::process_logs (src\logger.rs:66)
   GDScript backtrace (most recent call first):
       [0] _start_plan_and_wait (res://test/integration/test_hunger_example_smoke.gd:68)
WARNING: [GdPAI] ObjectRef(1382610374135): object was freed before callback; returning Nil.
   at: gdplanningai_rust::logger::process_logs (src\logger.rs:66)
   GDScript backtrace (most recent call first):
       [0] _start_plan_and_wait (res://test/integration/test_hunger_example_smoke.gd:68)
[GdPAI | debug] ApplyEffect [Before] ID=InstanceId(-9223367155087528746): agent props = {"at_target": null, "held_item": "", "entity": null, "hunger": 95.0603725}
[GdPAI | debug] ApplyEffect [After] ID=InstanceId(-9223367155087528746): agent props = {"at_target": null, "held_item": "", "entity": null, "hunger": 95.0603725}
[GdPAI | debug]   Snapshotting prop: at_target = Nil (Variant type: NIL)
[GdPAI | debug]   Snapshotting prop: held_item = Str("") (Variant type: STRING)
[GdPAI | debug]   Snapshotting prop: entity = Nil (Variant type: NIL)
[GdPAI | debug]   Snapshotting prop: hunger = Float(95.0603725) (Variant type: FLOAT)
WARNING: [GdPAI] ObjectRef(124621163998): object was freed before callback; returning Nil.
   at: gdplanningai_rust::logger::process_logs (src\logger.rs:66)
   GDScript backtrace (most recent call first):
       [0] _process (res://addons/GdPlanningAI/gdpai_autoload.gd:21)
[GdPAI | debug] ApplyEffect [Before] ID=InstanceId(-9223367154131227414): agent props = {"entity": null, "hunger": 70.0627442063492, "at_target": null, "held_item": "wood"}
[GdPAI | debug] ApplyEffect [After] ID=InstanceId(-9223367154131227414): agent props = {"entity": null, "hunger": 70.0627442063492, "at_target": null, "held_item": "wood"}
[GdPAI | debug]   Snapshotting prop: entity = Nil (Variant type: NIL)
[GdPAI | debug]   Snapshotting prop: hunger = Float(70.0627442063492) (Variant type: FLOAT)
[GdPAI | debug]   Snapshotting prop: at_target = Nil (Variant type: NIL)
[GdPAI | debug]   Snapshotting prop: held_item = Str("wood") (Variant type: STRING)
WARNING: [GdPAI] ObjectRef(1382643928884): object was freed before callback; returning Nil.
   at: gdplanningai_rust::logger::process_logs (src\logger.rs:66)
   GDScript backtrace (most recent call first):
       [0] _process (res://addons/GdPlanningAI/gdpai_autoload.gd:21)
[GdPAI | debug] GetCost: callable returned non-numeric value: null; returning INFINITY
[GdPAI | debug] Found candidate: Pick Up Item (satisfied preconds: [], requirements: [0, 1])
WARNING: [GdPAI] ObjectRef(124621163998): object was freed before callback; returning Nil.
   at: gdplanningai_rust::logger::process_logs (src\logger.rs:66)
   GDScript backtrace (most recent call first):
       [0] _start_plan_and_wait (res://test/integration/test_hunger_example_smoke.gd:68)
WARNING: [GdPAI] ObjectRef(125510356497): object was freed before callback; returning Nil.
   at: gdplanningai_rust::logger::process_logs (src\logger.rs:66)
   GDScript backtrace (most recent call first):
       [0] _start_plan_and_wait (res://test/integration/test_hunger_example_smoke.gd:68)
WARNING: [GdPAI] ObjectRef(125510356497): object was freed before callback; returning Nil.
   at: gdplanningai_rust::logger::process_logs (src\logger.rs:66)
   GDScript backtrace (most recent call first):
       [0] _start_plan_and_wait (res://test/integration/test_hunger_example_smoke.gd:68)
[GdPAI | debug] GetCost: callable returned non-numeric value: null; returning INFINITY
WARNING: [GdPAI] ObjectRef(1382643928884): object was freed before callback; returning Nil.
   at: gdplanningai_rust::logger::process_logs (src\logger.rs:66)
   GDScript backtrace (most recent call first):
       [0] _start_plan_and_wait (res://test/integration/test_hunger_example_smoke.gd:68)
[GdPAI | debug] ApplyEffect [Before] ID=InstanceId(-9223367152151515914): agent props = {"held_item": "wood", "entity": null, "hunger": 95.0603725, "at_target": null}
[GdPAI | debug] ApplyEffect [After] ID=InstanceId(-9223367152151515914): agent props = {"held_item": "wood", "entity": null, "hunger": 95.0603725, "at_target": null}
[GdPAI | debug]   Snapshotting prop: held_item = Str("wood") (Variant type: STRING)
[GdPAI | debug]   Snapshotting prop: entity = Nil (Variant type: NIL)
[GdPAI | debug]   Snapshotting prop: hunger = Float(95.0603725) (Variant type: FLOAT)
[GdPAI | debug]   Snapshotting prop: at_target = Nil (Variant type: NIL)
WARNING: [GdPAI] ObjectRef(124621163998): object was freed before callback; returning Nil.
   at: gdplanningai_rust::logger::process_logs (src\logger.rs:66)
   GDScript backtrace (most recent call first):
       [0] _process (res://addons/GdPlanningAI/gdpai_autoload.gd:21)
WARNING: [GdPAI] ObjectRef(125510356497): object was freed before callback; returning Nil.
   at: gdplanningai_rust::logger::process_logs (src\logger.rs:66)
   GDScript backtrace (most recent call first):
       [0] _process (res://addons/GdPlanningAI/gdpai_autoload.gd:21)
WARNING: [GdPAI] ObjectRef(125510356497): object was freed before callback; returning Nil.
   at: gdplanningai_rust::logger::process_logs (src\logger.rs:66)
   GDScript backtrace (most recent call first):
       [0] _process (res://addons/GdPlanningAI/gdpai_autoload.gd:21)
[GdPAI | debug] ApplyEffect [Before] ID=InstanceId(-9223367151195214667): agent props = {"at_target": null, "held_item": "wood", "entity": null, "hunger": 70.0627442063492}
[GdPAI | debug] ApplyEffect [After] ID=InstanceId(-9223367151195214667): agent props = {"at_target": null, "held_item": "wood", "entity": null, "hunger": 70.0627442063492}
[GdPAI | debug]   Snapshotting prop: at_target = Nil (Variant type: NIL)
[GdPAI | debug]   Snapshotting prop: held_item = Str("wood") (Variant type: STRING)
[GdPAI | debug]   Snapshotting prop: entity = Nil (Variant type: NIL)
[GdPAI | debug]   Snapshotting prop: hunger = Float(70.0627442063492) (Variant type: FLOAT)
WARNING: [GdPAI] ObjectRef(1382643928884): object was freed before callback; returning Nil.
   at: gdplanningai_rust::logger::process_logs (src\logger.rs:66)
   GDScript backtrace (most recent call first):
       [0] _process (res://addons/GdPlanningAI/gdpai_autoload.gd:21)
WARNING: [GdPAI] ObjectRef(1382643928884): object was freed before callback; returning Nil.
   at: gdplanningai_rust::logger::process_logs (src\logger.rs:66)
   GDScript backtrace (most recent call first):
       [0] _process (res://addons/GdPlanningAI/gdpai_autoload.gd:21)
[GdPAI | debug] GetCost: callable returned non-numeric value: null; returning INFINITY
[GdPAI | debug] ApplyEffect [Before] ID=InstanceId(-9223367150054363979): agent props = {"entity": VariantGd { id: 4509094913884, class: RigidBody2D }, "hunger": 30.0}
[GdPAI | debug] ApplyEffect [After] ID=InstanceId(-9223367150054363979): agent props = {"entity": VariantGd { id: 4509094913884, class: RigidBody2D }, "hunger": 30.0, "held_item": "banana"}
[GdPAI | debug]   Snapshotting prop: entity = ObjectRef(4509094913884) (Variant type: OBJECT)
[GdPAI | debug]   Snapshotting prop: hunger = Float(30.0) (Variant type: FLOAT)
[GdPAI | debug]   Snapshotting prop: held_item = Str("banana") (Variant type: STRING)
WARNING: [GdPAI] ObjectRef(124621163998): object was freed before callback; returning Nil.
   at: gdplanningai_rust::logger::process_logs (src\logger.rs:66)
   GDScript backtrace (most recent call first):
       [0] _start_plan_and_wait (res://test/integration/test_hunger_example_smoke.gd:68)
WARNING: [GdPAI] ObjectRef(124134624705): object was freed before callback; returning Nil.
   at: gdplanningai_rust::logger::process_logs (src\logger.rs:66)
   GDScript backtrace (most recent call first):
       [0] _start_plan_and_wait (res://test/integration/test_hunger_example_smoke.gd:68)
WARNING: [GdPAI] ObjectRef(124134624705): object was freed before callback; returning Nil.
   at: gdplanningai_rust::logger::process_logs (src\logger.rs:66)
   GDScript backtrace (most recent call first):
       [0] _start_plan_and_wait (res://test/integration/test_hunger_example_smoke.gd:68)
[GdPAI | debug] GetCost: callable returned non-numeric value: null; returning INFINITY
WARNING: [GdPAI] ObjectRef(1382643928884): object was freed before callback; returning Nil.
   at: gdplanningai_rust::logger::process_logs (src\logger.rs:66)
   GDScript backtrace (most recent call first):
       [0] _start_plan_and_wait (res://test/integration/test_hunger_example_smoke.gd:68)
WARNING: [GdPAI] ObjectRef(1382643928884): object was freed before callback; returning Nil.
   at: gdplanningai_rust::logger::process_logs (src\logger.rs:66)
   GDScript backtrace (most recent call first):
       [0] _start_plan_and_wait (res://test/integration/test_hunger_example_smoke.gd:68)
[GdPAI | debug] ApplyEffect [Before] ID=InstanceId(-9223367149064508153): agent props = {"held_item": "", "entity": null, "hunger": 95.0603725}
[GdPAI | debug] ApplyEffect [After] ID=InstanceId(-9223367149064508153): agent props = {"held_item": "", "entity": null, "hunger": 95.0603725}
[GdPAI | debug]   Snapshotting prop: held_item = Str("") (Variant type: STRING)
[GdPAI | debug]   Snapshotting prop: entity = Nil (Variant type: NIL)
[GdPAI | debug]   Snapshotting prop: hunger = Float(95.0603725) (Variant type: FLOAT)
WARNING: [GdPAI] ObjectRef(124621163998): object was freed before callback; returning Nil.
   at: gdplanningai_rust::logger::process_logs (src\logger.rs:66)
   GDScript backtrace (most recent call first):
       [0] _process (res://addons/GdPlanningAI/gdpai_autoload.gd:21)
WARNING: [GdPAI] ObjectRef(124134624705): object was freed before callback; returning Nil.
   at: gdplanningai_rust::logger::process_logs (src\logger.rs:66)
   GDScript backtrace (most recent call first):
       [0] _process (res://addons/GdPlanningAI/gdpai_autoload.gd:21)
WARNING: [GdPAI] ObjectRef(124134624705): object was freed before callback; returning Nil.
   at: gdplanningai_rust::logger::process_logs (src\logger.rs:66)
   GDScript backtrace (most recent call first):
       [0] _process (res://addons/GdPlanningAI/gdpai_autoload.gd:21)
[GdPAI | debug] ApplyEffect [Before] ID=InstanceId(-9223367148057875155): agent props = {"entity": null, "at_target": null, "hunger": 70.0627442063492, "held_item": "wood"}
[GdPAI | debug] ApplyEffect [After] ID=InstanceId(-9223367148057875155): agent props = {"entity": null, "at_target": null, "hunger": 70.0627442063492, "held_item": "wood"}
[GdPAI | debug]   Snapshotting prop: entity = Nil (Variant type: NIL)
[GdPAI | debug]   Snapshotting prop: at_target = Nil (Variant type: NIL)
[GdPAI | debug]   Snapshotting prop: hunger = Float(70.0627442063492) (Variant type: FLOAT)
[GdPAI | debug]   Snapshotting prop: held_item = Str("wood") (Variant type: STRING)
WARNING: [GdPAI] ObjectRef(1382643928884): object was freed before callback; returning Nil.
   at: gdplanningai_rust::logger::process_logs (src\logger.rs:66)
   GDScript backtrace (most recent call first):
       [0] _process (res://addons/GdPlanningAI/gdpai_autoload.gd:21)
[GdPAI | debug] GetCost: callable returned non-numeric value: null; returning INFINITY
[GdPAI | debug] ApplyEffect [Before] ID=InstanceId(-9223367146917024467): agent props = {"entity": VariantGd { id: 4509094913884, class: RigidBody2D }, "held_item": "banana", "hunger": 30.0}
[GdPAI | debug] ApplyEffect [After] ID=InstanceId(-9223367146917024467): agent props = {"entity": VariantGd { id: 4509094913884, class: RigidBody2D }, "held_item": "", "hunger": 10.0}
[GdPAI | debug]   Snapshotting prop: entity = ObjectRef(4509094913884) (Variant type: OBJECT)
[GdPAI | debug]   Snapshotting prop: held_item = Str("") (Variant type: STRING)
[GdPAI | debug]   Snapshotting prop: hunger = Float(10.0) (Variant type: FLOAT)
[GdPAI] A* Iteration: pop node with chain length 2
[GdPAI | debug] find_candidates: Checking 5 actions against 0 preconds and 1 requirements
WARNING: [GdPAI] ObjectRef(124621163998): object was freed before callback; returning Nil.
   at: gdplanningai_rust::logger::process_logs (src\logger.rs:66)
   GDScript backtrace (most recent call first):
       [0] _start_plan_and_wait (res://test/integration/test_hunger_example_smoke.gd:68)
[GdPAI | debug] GetCost: callable returned non-numeric value: null; returning INFINITY
WARNING: [GdPAI] ObjectRef(1382643928884): object was freed before callback; returning Nil.
   at: gdplanningai_rust::logger::process_logs (src\logger.rs:66)
   GDScript backtrace (most recent call first):
       [0] _start_plan_and_wait (res://test/integration/test_hunger_example_smoke.gd:68)
[GdPAI | debug] ApplyEffect [Before] ID=InstanceId(-9223367145977500330): agent props = {"entity": null, "held_item": "", "hunger": 95.0603725}
[GdPAI | debug] ApplyEffect [After] ID=InstanceId(-9223367145977500330): agent props = {"entity": null, "held_item": "", "hunger": 95.0603725}
[GdPAI | debug]   Snapshotting prop: entity = Nil (Variant type: NIL)
[GdPAI | debug]   Snapshotting prop: held_item = Str("") (Variant type: STRING)
[GdPAI | debug]   Snapshotting prop: hunger = Float(95.0603725) (Variant type: FLOAT)
WARNING: [GdPAI] ObjectRef(124621163998): object was freed before callback; returning Nil.
   at: gdplanningai_rust::logger::process_logs (src\logger.rs:66)
   GDScript backtrace (most recent call first):
       [0] _process (res://addons/GdPlanningAI/gdpai_autoload.gd:21)
[GdPAI | debug] ApplyEffect [Before] ID=InstanceId(-9223367145121862390): agent props = {"held_item": "wood", "at_target": null, "hunger": 70.0627442063492, "entity": null}
[GdPAI | debug] ApplyEffect [After] ID=InstanceId(-9223367145121862390): agent props = {"held_item": "wood", "at_target": null, "hunger": 70.0627442063492, "entity": null}
[GdPAI | debug]   Snapshotting prop: held_item = Str("wood") (Variant type: STRING)
[GdPAI | debug]   Snapshotting prop: at_target = Nil (Variant type: NIL)
[GdPAI | debug]   Snapshotting prop: hunger = Float(70.0627442063492) (Variant type: FLOAT)
[GdPAI | debug]   Snapshotting prop: entity = Nil (Variant type: NIL)
WARNING: [GdPAI] ObjectRef(1382643928884): object was freed before callback; returning Nil.
   at: gdplanningai_rust::logger::process_logs (src\logger.rs:66)
   GDScript backtrace (most recent call first):
       [0] _process (res://addons/GdPlanningAI/gdpai_autoload.gd:21)
[GdPAI | debug] GetCost: callable returned non-numeric value: null; returning INFINITY
[GdPAI | debug] Found candidate: Go To (satisfied preconds: [], requirements: [0])
WARNING: [GdPAI] ObjectRef(124621163998): object was freed before callback; returning Nil.
   at: gdplanningai_rust::logger::process_logs (src\logger.rs:66)
   GDScript backtrace (most recent call first):
       [0] _start_plan_and_wait (res://test/integration/test_hunger_example_smoke.gd:68)
WARNING: [GdPAI] ObjectRef(124621163998): object was freed before callback; returning Nil.
   at: gdplanningai_rust::logger::process_logs (src\logger.rs:66)
   GDScript backtrace (most recent call first):
       [0] _start_plan_and_wait (res://test/integration/test_hunger_example_smoke.gd:68)
[GdPAI | debug] GetCost: callable returned non-numeric value: null; returning INFINITY
WARNING: [GdPAI] ObjectRef(1382643928884): object was freed before callback; returning Nil.
   at: gdplanningai_rust::logger::process_logs (src\logger.rs:66)
   GDScript backtrace (most recent call first):
       [0] _start_plan_and_wait (res://test/integration/test_hunger_example_smoke.gd:68)
[GdPAI | debug] ApplyEffect [Before] ID=InstanceId(-9223367143142150809): agent props = {"hunger": 95.0603725, "entity": null, "held_item": ""}
[GdPAI | debug] ApplyEffect [After] ID=InstanceId(-9223367143142150809): agent props = {"hunger": 95.0603725, "entity": null, "held_item": ""}
[GdPAI | debug]   Snapshotting prop: hunger = Float(95.0603725) (Variant type: FLOAT)
[GdPAI | debug]   Snapshotting prop: entity = Nil (Variant type: NIL)
[GdPAI | debug]   Snapshotting prop: held_item = Str("") (Variant type: STRING)
WARNING: [GdPAI] ObjectRef(124621163998): object was freed before callback; returning Nil.
   at: gdplanningai_rust::logger::process_logs (src\logger.rs:66)
   GDScript backtrace (most recent call first):
       [0] _process (res://addons/GdPlanningAI/gdpai_autoload.gd:21)
WARNING: [GdPAI] ObjectRef(124621163998): object was freed before callback; returning Nil.
   at: gdplanningai_rust::logger::process_logs (src\logger.rs:66)
   GDScript backtrace (most recent call first):
       [0] _process (res://addons/GdPlanningAI/gdpai_autoload.gd:21)
[GdPAI | debug] ApplyEffect [Before] ID=InstanceId(-9223367142236181233): agent props = {"held_item": "", "hunger": 70.0627442063492, "entity": null}
[GdPAI | debug] ApplyEffect [After] ID=InstanceId(-9223367142236181233): agent props = {"held_item": "", "hunger": 70.0627442063492, "entity": null}
[GdPAI | debug]   Snapshotting prop: held_item = Str("") (Variant type: STRING)
[GdPAI | debug]   Snapshotting prop: hunger = Float(70.0627442063492) (Variant type: FLOAT)
[GdPAI | debug]   Snapshotting prop: entity = Nil (Variant type: NIL)
WARNING: [GdPAI] ObjectRef(1382643928884): object was freed before callback; returning Nil.
   at: gdplanningai_rust::logger::process_logs (src\logger.rs:66)
   GDScript backtrace (most recent call first):
       [0] _process (res://addons/GdPlanningAI/gdpai_autoload.gd:21)
[GdPAI | debug] GetCost: callable returned non-numeric value: null; returning INFINITY
[GdPAI | debug] Numeric comparison: 30 GreaterThan 0 -> true
WARNING: [GdPAI] ObjectRef(124621163998): object was freed before callback; returning Nil.
   at: gdplanningai_rust::logger::process_logs (src\logger.rs:66)
   GDScript backtrace (most recent call first):
       [0] _start_plan_and_wait (res://test/integration/test_hunger_example_smoke.gd:68)
WARNING: [GdPAI] ObjectRef(124134624705): object was freed before callback; returning Nil.
   at: gdplanningai_rust::logger::process_logs (src\logger.rs:66)
   GDScript backtrace (most recent call first):
       [0] _start_plan_and_wait (res://test/integration/test_hunger_example_smoke.gd:68)
WARNING: [GdPAI] ObjectRef(125510356497): object was freed before callback; returning Nil.
   at: gdplanningai_rust::logger::process_logs (src\logger.rs:66)
   GDScript backtrace (most recent call first):
       [0] _start_plan_and_wait (res://test/integration/test_hunger_example_smoke.gd:68)
WARNING: [GdPAI] ObjectRef(124134624705): object was freed before callback; returning Nil.
   at: gdplanningai_rust::logger::process_logs (src\logger.rs:66)
   GDScript backtrace (most recent call first):
       [0] _start_plan_and_wait (res://test/integration/test_hunger_example_smoke.gd:68)
WARNING: [GdPAI] ObjectRef(125510356497): object was freed before callback; returning Nil.
   at: gdplanningai_rust::logger::process_logs (src\logger.rs:66)
   GDScript backtrace (most recent call first):
       [0] _start_plan_and_wait (res://test/integration/test_hunger_example_smoke.gd:68)
[GdPAI | debug] GetCost: callable returned non-numeric value: null; returning INFINITY
WARNING: [GdPAI] ObjectRef(1382643928884): object was freed before callback; returning Nil.
   at: gdplanningai_rust::logger::process_logs (src\logger.rs:66)
   GDScript backtrace (most recent call first):
       [0] _start_plan_and_wait (res://test/integration/test_hunger_example_smoke.gd:68)
[GdPAI | debug] ApplyEffect [Before] ID=InstanceId(-9223367140206138028): agent props = {"held_item": "wood", "hunger": 95.0603725, "entity": null}
[GdPAI | debug] ApplyEffect [After] ID=InstanceId(-9223367140206138028): agent props = {"held_item": "wood", "hunger": 95.0603725, "entity": null}
[GdPAI | debug]   Snapshotting prop: held_item = Str("wood") (Variant type: STRING)
[GdPAI | debug]   Snapshotting prop: hunger = Float(95.0603725) (Variant type: FLOAT)
[GdPAI | debug]   Snapshotting prop: entity = Nil (Variant type: NIL)
[GdPAI | debug] Discovery: Action Shake Tree failed validity check, skipping
[GdPAI | debug] Numeric comparison: 95.0603725 GreaterThan 0 -> true
WARNING: [GdPAI] ObjectRef(124621163998): object was freed before callback; returning Nil.
   at: gdplanningai_rust::logger::process_logs (src\logger.rs:66)
   GDScript backtrace (most recent call first):
       [0] _process (res://addons/GdPlanningAI/gdpai_autoload.gd:21)
WARNING: [GdPAI] ObjectRef(124134624705): object was freed before callback; returning Nil.
   at: gdplanningai_rust::logger::process_logs (src\logger.rs:66)
   GDScript backtrace (most recent call first):
       [0] _process (res://addons/GdPlanningAI/gdpai_autoload.gd:21)
WARNING: [GdPAI] ObjectRef(125510356497): object was freed before callback; returning Nil.
   at: gdplanningai_rust::logger::process_logs (src\logger.rs:66)
   GDScript backtrace (most recent call first):
       [0] _process (res://addons/GdPlanningAI/gdpai_autoload.gd:21)
WARNING: [GdPAI] ObjectRef(124134624705): object was freed before callback; returning Nil.
   at: gdplanningai_rust::logger::process_logs (src\logger.rs:66)
   GDScript backtrace (most recent call first):
       [0] _process (res://addons/GdPlanningAI/gdpai_autoload.gd:21)
WARNING: [GdPAI] ObjectRef(125510356497): object was freed before callback; returning Nil.
   at: gdplanningai_rust::logger::process_logs (src\logger.rs:66)
   GDScript backtrace (most recent call first):
       [0] _process (res://addons/GdPlanningAI/gdpai_autoload.gd:21)
[GdPAI | debug] ApplyEffect [Before] ID=InstanceId(-9223367139149173428): agent props = {"held_item": "", "entity": null, "hunger": 70.0627442063492, "at_target": null}
[GdPAI | debug] ApplyEffect [After] ID=InstanceId(-9223367139149173428): agent props = {"held_item": "", "entity": null, "hunger": 70.0627442063492, "at_target": null}
[GdPAI | debug]   Snapshotting prop: held_item = Str("") (Variant type: STRING)
[GdPAI | debug]   Snapshotting prop: entity = Nil (Variant type: NIL)
[GdPAI | debug]   Snapshotting prop: hunger = Float(70.0627442063492) (Variant type: FLOAT)
[GdPAI | debug]   Snapshotting prop: at_target = Nil (Variant type: NIL)
WARNING: [GdPAI] ObjectRef(1382643928884): object was freed before callback; returning Nil.
   at: gdplanningai_rust::logger::process_logs (src\logger.rs:66)
   GDScript backtrace (most recent call first):
       [0] _process (res://addons/GdPlanningAI/gdpai_autoload.gd:21)
WARNING: [GdPAI] ObjectRef(1382643928884): object was freed before callback; returning Nil.
   at: gdplanningai_rust::logger::process_logs (src\logger.rs:66)
   GDScript backtrace (most recent call first):
       [0] _process (res://addons/GdPlanningAI/gdpai_autoload.gd:21)
WARNING: [GdPAI] ObjectRef(1382610374135): object was freed before callback; returning Nil.
   at: gdplanningai_rust::logger::process_logs (src\logger.rs:66)
   GDScript backtrace (most recent call first):
       [0] _process (res://addons/GdPlanningAI/gdpai_autoload.gd:21)
WARNING: [GdPAI] ObjectRef(1383650561484): object was freed before callback; returning Nil.
   at: gdplanningai_rust::logger::process_logs (src\logger.rs:66)
   GDScript backtrace (most recent call first):
       [0] _process (res://addons/GdPlanningAI/gdpai_autoload.gd:21)
WARNING: [GdPAI] ObjectRef(1382610374135): object was freed before callback; returning Nil.
   at: gdplanningai_rust::logger::process_logs (src\logger.rs:66)
   GDScript backtrace (most recent call first):
       [0] _process (res://addons/GdPlanningAI/gdpai_autoload.gd:21)
WARNING: [GdPAI] ObjectRef(1383650561484): object was freed before callback; returning Nil.
   at: gdplanningai_rust::logger::process_logs (src\logger.rs:66)
   GDScript backtrace (most recent call first):
       [0] _process (res://addons/GdPlanningAI/gdpai_autoload.gd:21)
[GdPAI | debug] GetCost: callable returned non-numeric value: null; returning INFINITY
WARNING: [GdPAI] ObjectRef(124621163998): object was freed before callback; returning Nil.
   at: gdplanningai_rust::logger::process_logs (src\logger.rs:66)
   GDScript backtrace (most recent call first):
       [0] _start_plan_and_wait (res://test/integration/test_hunger_example_smoke.gd:68)
[GdPAI | debug] GetCost: callable returned non-numeric value: null; returning INFINITY
WARNING: [GdPAI] ObjectRef(1382643928884): object was freed before callback; returning Nil.
   at: gdplanningai_rust::logger::process_logs (src\logger.rs:66)
   GDScript backtrace (most recent call first):
       [0] _start_plan_and_wait (res://test/integration/test_hunger_example_smoke.gd:68)
WARNING: [GdPAI] ObjectRef(1382643928884): object was freed before callback; returning Nil.
   at: gdplanningai_rust::logger::process_logs (src\logger.rs:66)
   GDScript backtrace (most recent call first):
       [0] _start_plan_and_wait (res://test/integration/test_hunger_example_smoke.gd:68)
WARNING: [GdPAI] ObjectRef(1382610374135): object was freed before callback; returning Nil.
   at: gdplanningai_rust::logger::process_logs (src\logger.rs:66)
   GDScript backtrace (most recent call first):
       [0] _start_plan_and_wait (res://test/integration/test_hunger_example_smoke.gd:68)
WARNING: [GdPAI] ObjectRef(1383650561484): object was freed before callback; returning Nil.
   at: gdplanningai_rust::logger::process_logs (src\logger.rs:66)
   GDScript backtrace (most recent call first):
       [0] _start_plan_and_wait (res://test/integration/test_hunger_example_smoke.gd:68)
WARNING: [GdPAI] ObjectRef(1382610374135): object was freed before callback; returning Nil.
   at: gdplanningai_rust::logger::process_logs (src\logger.rs:66)
   GDScript backtrace (most recent call first):
       [0] _start_plan_and_wait (res://test/integration/test_hunger_example_smoke.gd:68)
WARNING: [GdPAI] ObjectRef(1383650561484): object was freed before callback; returning Nil.
   at: gdplanningai_rust::logger::process_logs (src\logger.rs:66)
   GDScript backtrace (most recent call first):
       [0] _start_plan_and_wait (res://test/integration/test_hunger_example_smoke.gd:68)
[GdPAI | debug] ApplyEffect [Before] ID=InstanceId(-9223367136716477037): agent props = {"at_target": null, "hunger": 95.0603725, "held_item": "", "entity": null}
[GdPAI | debug] ApplyEffect [After] ID=InstanceId(-9223367136716477037): agent props = {"at_target": null, "hunger": 95.0603725, "held_item": "", "entity": null}
[GdPAI | debug]   Snapshotting prop: at_target = Nil (Variant type: NIL)
[GdPAI | debug]   Snapshotting prop: hunger = Float(95.0603725) (Variant type: FLOAT)
[GdPAI | debug]   Snapshotting prop: held_item = Str("") (Variant type: STRING)
[GdPAI | debug]   Snapshotting prop: entity = Nil (Variant type: NIL)
WARNING: [GdPAI] ObjectRef(124621163998): object was freed before callback; returning Nil.
   at: gdplanningai_rust::logger::process_logs (src\logger.rs:66)
   GDScript backtrace (most recent call first):
       [0] _process (res://addons/GdPlanningAI/gdpai_autoload.gd:21)
[GdPAI | debug] ApplyEffect [Before] ID=InstanceId(-9223367135609180914): agent props = {"at_target": null, "entity": null, "hunger": 70.0627442063492, "held_item": "wood"}
[GdPAI | debug] ApplyEffect [After] ID=InstanceId(-9223367135609180914): agent props = {"at_target": null, "entity": null, "hunger": 70.0627442063492, "held_item": "wood"}
[GdPAI | debug]   Snapshotting prop: at_target = Nil (Variant type: NIL)
[GdPAI | debug]   Snapshotting prop: entity = Nil (Variant type: NIL)
[GdPAI | debug]   Snapshotting prop: hunger = Float(70.0627442063492) (Variant type: FLOAT)
[GdPAI | debug]   Snapshotting prop: held_item = Str("wood") (Variant type: STRING)
WARNING: [GdPAI] ObjectRef(1382643928884): object was freed before callback; returning Nil.
   at: gdplanningai_rust::logger::process_logs (src\logger.rs:66)
   GDScript backtrace (most recent call first):
       [0] _process (res://addons/GdPlanningAI/gdpai_autoload.gd:21)
WARNING: [GdPAI] ObjectRef(1383650561484): object was freed before callback; returning Nil.
   at: gdplanningai_rust::logger::process_logs (src\logger.rs:66)
   GDScript backtrace (most recent call first):
       [0] _process (res://addons/GdPlanningAI/gdpai_autoload.gd:21)
WARNING: [GdPAI] ObjectRef(1383650561484): object was freed before callback; returning Nil.
   at: gdplanningai_rust::logger::process_logs (src\logger.rs:66)
   GDScript backtrace (most recent call first):
       [0] _process (res://addons/GdPlanningAI/gdpai_autoload.gd:21)
[GdPAI | debug] GetCost: callable returned non-numeric value: null; returning INFINITY
WARNING: [GdPAI] ObjectRef(124621163998): object was freed before callback; returning Nil.
   at: gdplanningai_rust::logger::process_logs (src\logger.rs:66)
   GDScript backtrace (most recent call first):
       [0] _start_plan_and_wait (res://test/integration/test_hunger_example_smoke.gd:68)
WARNING: [GdPAI] ObjectRef(125510356497): object was freed before callback; returning Nil.
   at: gdplanningai_rust::logger::process_logs (src\logger.rs:66)
   GDScript backtrace (most recent call first):
       [0] _start_plan_and_wait (res://test/integration/test_hunger_example_smoke.gd:68)
WARNING: [GdPAI] ObjectRef(125510356497): object was freed before callback; returning Nil.
   at: gdplanningai_rust::logger::process_logs (src\logger.rs:66)
   GDScript backtrace (most recent call first):
       [0] _start_plan_and_wait (res://test/integration/test_hunger_example_smoke.gd:68)
[GdPAI | debug] GetCost: callable returned non-numeric value: null; returning INFINITY
WARNING: [GdPAI] ObjectRef(1382643928884): object was freed before callback; returning Nil.
   at: gdplanningai_rust::logger::process_logs (src\logger.rs:66)
   GDScript backtrace (most recent call first):
       [0] _start_plan_and_wait (res://test/integration/test_hunger_example_smoke.gd:68)
WARNING: [GdPAI] ObjectRef(1383650561484): object was freed before callback; returning Nil.
   at: gdplanningai_rust::logger::process_logs (src\logger.rs:66)
   GDScript backtrace (most recent call first):
       [0] _start_plan_and_wait (res://test/integration/test_hunger_example_smoke.gd:68)
WARNING: [GdPAI] ObjectRef(1383650561484): object was freed before callback; returning Nil.
   at: gdplanningai_rust::logger::process_logs (src\logger.rs:66)
   GDScript backtrace (most recent call first):
       [0] _start_plan_and_wait (res://test/integration/test_hunger_example_smoke.gd:68)
[GdPAI | debug] ApplyEffect [Before] ID=InstanceId(-9223367133528805957): agent props = {"hunger": 95.0603725, "entity": null, "at_target": null, "held_item": ""}
[GdPAI | debug] ApplyEffect [After] ID=InstanceId(-9223367133528805957): agent props = {"hunger": 95.0603725, "entity": null, "at_target": null, "held_item": ""}
[GdPAI | debug]   Snapshotting prop: hunger = Float(95.0603725) (Variant type: FLOAT)
[GdPAI | debug]   Snapshotting prop: entity = Nil (Variant type: NIL)
[GdPAI | debug]   Snapshotting prop: at_target = Nil (Variant type: NIL)
[GdPAI | debug]   Snapshotting prop: held_item = Str("") (Variant type: STRING)
WARNING: [GdPAI] ObjectRef(124621163998): object was freed before callback; returning Nil.
   at: gdplanningai_rust::logger::process_logs (src\logger.rs:66)
   GDScript backtrace (most recent call first):
       [0] _process (res://addons/GdPlanningAI/gdpai_autoload.gd:21)
WARNING: [GdPAI] ObjectRef(125510356497): object was freed before callback; returning Nil.
   at: gdplanningai_rust::logger::process_logs (src\logger.rs:66)
   GDScript backtrace (most recent call first):
       [0] _process (res://addons/GdPlanningAI/gdpai_autoload.gd:21)
WARNING: [GdPAI] ObjectRef(125510356497): object was freed before callback; returning Nil.
   at: gdplanningai_rust::logger::process_logs (src\logger.rs:66)
   GDScript backtrace (most recent call first):
       [0] _process (res://addons/GdPlanningAI/gdpai_autoload.gd:21)
[GdPAI | debug] ApplyEffect [Before] ID=InstanceId(-9223367132471841381): agent props = {"at_target": null, "entity": null, "hunger": 70.0627442063492, "held_item": "wood"}
[GdPAI | debug] ApplyEffect [After] ID=InstanceId(-9223367132471841381): agent props = {"at_target": null, "entity": null, "hunger": 70.0627442063492, "held_item": "wood"}
[GdPAI | debug]   Snapshotting prop: at_target = Nil (Variant type: NIL)
[GdPAI | debug]   Snapshotting prop: entity = Nil (Variant type: NIL)
[GdPAI | debug]   Snapshotting prop: hunger = Float(70.0627442063492) (Variant type: FLOAT)
[GdPAI | debug]   Snapshotting prop: held_item = Str("wood") (Variant type: STRING)
WARNING: [GdPAI] ObjectRef(1382643928884): object was freed before callback; returning Nil.
   at: gdplanningai_rust::logger::process_logs (src\logger.rs:66)
   GDScript backtrace (most recent call first):
       [0] _process (res://addons/GdPlanningAI/gdpai_autoload.gd:21)
WARNING: [GdPAI] ObjectRef(1382610374135): object was freed before callback; returning Nil.
   at: gdplanningai_rust::logger::process_logs (src\logger.rs:66)
   GDScript backtrace (most recent call first):
       [0] _process (res://addons/GdPlanningAI/gdpai_autoload.gd:21)
WARNING: [GdPAI] ObjectRef(1382610374135): object was freed before callback; returning Nil.
   at: gdplanningai_rust::logger::process_logs (src\logger.rs:66)
   GDScript backtrace (most recent call first):
       [0] _process (res://addons/GdPlanningAI/gdpai_autoload.gd:21)
[GdPAI | debug] GetCost: callable returned non-numeric value: null; returning INFINITY
[GdPAI | debug] ApplyEffect [Before] ID=InstanceId(-9223367131330990693): agent props = {"hunger": 30.0, "at_target": VariantGd { id: 4806974417536, class: Node }, "entity": VariantGd { id: 4509094913884, class: RigidBody2D }}
[GdPAI | debug] ApplyEffect [After] ID=InstanceId(-9223367131330990693): agent props = {"hunger": 30.0, "at_target": VariantGd { id: 4806974417536, class: Node }, "entity": VariantGd { id: 4509094913884, class: RigidBody2D }}
[GdPAI | debug]   Snapshotting prop: hunger = Float(30.0) (Variant type: FLOAT)
[GdPAI | debug]   Snapshotting prop: at_target = ObjectRef(4806974417536) (Variant type: OBJECT)
[GdPAI | debug]   Snapshotting prop: entity = ObjectRef(4509094913884) (Variant type: OBJECT)
WARNING: [GdPAI] ObjectRef(124621163998): object was freed before callback; returning Nil.
   at: gdplanningai_rust::logger::process_logs (src\logger.rs:66)
   GDScript backtrace (most recent call first):
       [0] _start_plan_and_wait (res://test/integration/test_hunger_example_smoke.gd:68)
WARNING: [GdPAI] ObjectRef(124134624705): object was freed before callback; returning Nil.
   at: gdplanningai_rust::logger::process_logs (src\logger.rs:66)
   GDScript backtrace (most recent call first):
       [0] _start_plan_and_wait (res://test/integration/test_hunger_example_smoke.gd:68)
WARNING: [GdPAI] ObjectRef(124134624705): object was freed before callback; returning Nil.
   at: gdplanningai_rust::logger::process_logs (src\logger.rs:66)
   GDScript backtrace (most recent call first):
       [0] _start_plan_and_wait (res://test/integration/test_hunger_example_smoke.gd:68)
[GdPAI | debug] GetCost: callable returned non-numeric value: null; returning INFINITY
WARNING: [GdPAI] ObjectRef(1382643928884): object was freed before callback; returning Nil.
   at: gdplanningai_rust::logger::process_logs (src\logger.rs:66)
   GDScript backtrace (most recent call first):
       [0] _start_plan_and_wait (res://test/integration/test_hunger_example_smoke.gd:68)
WARNING: [GdPAI] ObjectRef(1382610374135): object was freed before callback; returning Nil.
   at: gdplanningai_rust::logger::process_logs (src\logger.rs:66)
   GDScript backtrace (most recent call first):
       [0] _start_plan_and_wait (res://test/integration/test_hunger_example_smoke.gd:68)
WARNING: [GdPAI] ObjectRef(1382610374135): object was freed before callback; returning Nil.
   at: gdplanningai_rust::logger::process_logs (src\logger.rs:66)
   GDScript backtrace (most recent call first):
       [0] _start_plan_and_wait (res://test/integration/test_hunger_example_smoke.gd:68)
[GdPAI | debug] ApplyEffect [Before] ID=InstanceId(-9223367130290803272): agent props = {"held_item": "", "hunger": 95.0603725, "entity": null, "at_target": null}
[GdPAI | debug] ApplyEffect [After] ID=InstanceId(-9223367130290803272): agent props = {"held_item": "", "hunger": 95.0603725, "entity": null, "at_target": null}
[GdPAI | debug]   Snapshotting prop: held_item = Str("") (Variant type: STRING)
[GdPAI | debug]   Snapshotting prop: hunger = Float(95.0603725) (Variant type: FLOAT)
[GdPAI | debug]   Snapshotting prop: entity = Nil (Variant type: NIL)
[GdPAI | debug]   Snapshotting prop: at_target = Nil (Variant type: NIL)
WARNING: [GdPAI] ObjectRef(124621163998): object was freed before callback; returning Nil.
   at: gdplanningai_rust::logger::process_logs (src\logger.rs:66)
   GDScript backtrace (most recent call first):
       [0] _process (res://addons/GdPlanningAI/gdpai_autoload.gd:21)
WARNING: [GdPAI] ObjectRef(124134624705): object was freed before callback; returning Nil.
   at: gdplanningai_rust::logger::process_logs (src\logger.rs:66)
   GDScript backtrace (most recent call first):
       [0] _process (res://addons/GdPlanningAI/gdpai_autoload.gd:21)
WARNING: [GdPAI] ObjectRef(124134624705): object was freed before callback; returning Nil.
   at: gdplanningai_rust::logger::process_logs (src\logger.rs:66)
   GDScript backtrace (most recent call first):
       [0] _process (res://addons/GdPlanningAI/gdpai_autoload.gd:21)
[GdPAI | debug] ApplyEffect [Before] ID=InstanceId(-9223367129233838647): agent props = {"hunger": 70.0627442063492, "entity": null, "held_item": "wood", "at_target": null}
[GdPAI | debug] ApplyEffect [After] ID=InstanceId(-9223367129233838647): agent props = {"hunger": 70.0627442063492, "entity": null, "held_item": "wood", "at_target": null}
[GdPAI | debug]   Snapshotting prop: hunger = Float(70.0627442063492) (Variant type: FLOAT)
[GdPAI | debug]   Snapshotting prop: entity = Nil (Variant type: NIL)
[GdPAI | debug]   Snapshotting prop: held_item = Str("wood") (Variant type: STRING)
[GdPAI | debug]   Snapshotting prop: at_target = Nil (Variant type: NIL)
WARNING: [GdPAI] ObjectRef(1382643928884): object was freed before callback; returning Nil.
   at: gdplanningai_rust::logger::process_logs (src\logger.rs:66)
   GDScript backtrace (most recent call first):
       [0] _process (res://addons/GdPlanningAI/gdpai_autoload.gd:21)
[GdPAI | debug] GetCost: callable returned non-numeric value: null; returning INFINITY
[GdPAI | debug] ApplyEffect [Before] ID=InstanceId(-9223367128092987959): agent props = {"entity": VariantGd { id: 4509094913884, class: RigidBody2D }, "at_target": VariantGd { id: 4806974417536, class: Node }, "hunger": 30.0}
[GdPAI | debug] ApplyEffect [After] ID=InstanceId(-9223367128092987959): agent props = {"entity": VariantGd { id: 4509094913884, class: RigidBody2D }, "held_item": "banana", "at_target": VariantGd { id: 4806974417536, class: Node }, "hunger": 30.0}
[GdPAI | debug]   Snapshotting prop: entity = ObjectRef(4509094913884) (Variant type: OBJECT)
[GdPAI | debug]   Snapshotting prop: held_item = Str("banana") (Variant type: STRING)
[GdPAI | debug]   Snapshotting prop: at_target = ObjectRef(4806974417536) (Variant type: OBJECT)
[GdPAI | debug]   Snapshotting prop: hunger = Float(30.0) (Variant type: FLOAT)
WARNING: [GdPAI] ObjectRef(124621163998): object was freed before callback; returning Nil.
   at: gdplanningai_rust::logger::process_logs (src\logger.rs:66)
   GDScript backtrace (most recent call first):
       [0] _start_plan_and_wait (res://test/integration/test_hunger_example_smoke.gd:68)
[GdPAI | debug] GetCost: callable returned non-numeric value: null; returning INFINITY
WARNING: [GdPAI] ObjectRef(1382643928884): object was freed before callback; returning Nil.
   at: gdplanningai_rust::logger::process_logs (src\logger.rs:66)
   GDScript backtrace (most recent call first):
       [0] _start_plan_and_wait (res://test/integration/test_hunger_example_smoke.gd:68)
[GdPAI | debug] ApplyEffect [Before] ID=InstanceId(-9223367127153463841): agent props = {"held_item": "wood", "entity": null, "at_target": null, "hunger": 95.0603725}
[GdPAI | debug] ApplyEffect [After] ID=InstanceId(-9223367127153463841): agent props = {"held_item": "wood", "entity": null, "at_target": null, "hunger": 95.0603725}
[GdPAI | debug]   Snapshotting prop: held_item = Str("wood") (Variant type: STRING)
[GdPAI | debug]   Snapshotting prop: entity = Nil (Variant type: NIL)
[GdPAI | debug]   Snapshotting prop: at_target = Nil (Variant type: NIL)
[GdPAI | debug]   Snapshotting prop: hunger = Float(95.0603725) (Variant type: FLOAT)
WARNING: [GdPAI] ObjectRef(124621163998): object was freed before callback; returning Nil.
   at: gdplanningai_rust::logger::process_logs (src\logger.rs:66)
   GDScript backtrace (most recent call first):
       [0] _process (res://addons/GdPlanningAI/gdpai_autoload.gd:21)
[GdPAI | debug] ApplyEffect [Before] ID=InstanceId(-9223367126297825859): agent props = {"held_item": "wood", "at_target": null, "hunger": 70.0627442063492, "entity": null}
[GdPAI | debug] ApplyEffect [After] ID=InstanceId(-9223367126297825859): agent props = {"held_item": "wood", "at_target": null, "hunger": 70.0627442063492, "entity": null}
[GdPAI | debug]   Snapshotting prop: held_item = Str("wood") (Variant type: STRING)
[GdPAI | debug]   Snapshotting prop: at_target = Nil (Variant type: NIL)
[GdPAI | debug]   Snapshotting prop: hunger = Float(70.0627442063492) (Variant type: FLOAT)
[GdPAI | debug]   Snapshotting prop: entity = Nil (Variant type: NIL)
WARNING: [GdPAI] ObjectRef(1382643928884): object was freed before callback; returning Nil.
   at: gdplanningai_rust::logger::process_logs (src\logger.rs:66)
   GDScript backtrace (most recent call first):
       [0] _process (res://addons/GdPlanningAI/gdpai_autoload.gd:21)
WARNING: [GdPAI] ObjectRef(1382643928884): object was freed before callback; returning Nil.
   at: gdplanningai_rust::logger::process_logs (src\logger.rs:66)
   GDScript backtrace (most recent call first):
       [0] _process (res://addons/GdPlanningAI/gdpai_autoload.gd:21)
[GdPAI | debug] GetCost: callable returned non-numeric value: null; returning INFINITY
[GdPAI] A* Iteration: pop node with chain length 5
[GdPAI | debug] find_candidates: Checking 15 actions against 0 preconds and 2 requirements
[GdPAI | debug] ApplyEffect [Before] ID=InstanceId(-9223367125156975171): agent props = {"held_item": "banana", "hunger": 30.0, "at_target": VariantGd { id: 4806974417536, class: Node }, "entity": VariantGd { id: 4509094913884, class: RigidBody2D }}
[GdPAI | debug] ApplyEffect [After] ID=InstanceId(-9223367125156975171): agent props = {"held_item": "", "hunger": 10.0, "at_target": VariantGd { id: 4806974417536, class: Node }, "entity": VariantGd { id: 4509094913884, class: RigidBody2D }}
[GdPAI | debug]   Snapshotting prop: held_item = Str("") (Variant type: STRING)
[GdPAI | debug]   Snapshotting prop: hunger = Float(10.0) (Variant type: FLOAT)
[GdPAI | debug]   Snapshotting prop: at_target = ObjectRef(4806974417536) (Variant type: OBJECT)
[GdPAI | debug]   Snapshotting prop: entity = ObjectRef(4509094913884) (Variant type: OBJECT)
[GdPAI] A* Iteration: pop node with chain length 3
[GdPAI | debug] Numeric comparison: 10 LessThan 15 -> true
[GdPAI] A* SUCCESS! Returning plan for goal 'Hunger'
[GdPAI] PlannerEngine: Found valid plan for goal 'Hunger' (cost: 2.7291276741027835)
WARNING: [GdPAI] ObjectRef(124621163998): object was freed before callback; returning Nil.
   at: gdplanningai_rust::logger::process_logs (src\logger.rs:66)
   GDScript backtrace (most recent call first):
       [0] _start_plan_and_wait (res://test/integration/test_hunger_example_smoke.gd:68)
WARNING: [GdPAI] ObjectRef(124621163998): object was freed before callback; returning Nil.
   at: gdplanningai_rust::logger::process_logs (src\logger.rs:66)
   GDScript backtrace (most recent call first):
       [0] _start_plan_and_wait (res://test/integration/test_hunger_example_smoke.gd:68)
WARNING: [GdPAI] ObjectRef(1382643928884): object was freed before callback; returning Nil.
   at: gdplanningai_rust::logger::process_logs (src\logger.rs:66)
   GDScript backtrace (most recent call first):
       [0] _start_plan_and_wait (res://test/integration/test_hunger_example_smoke.gd:68)
WARNING: [GdPAI] ObjectRef(1382643928884): object was freed before callback; returning Nil.
   at: gdplanningai_rust::logger::process_logs (src\logger.rs:66)
   GDScript backtrace (most recent call first):
       [0] _start_plan_and_wait (res://test/integration/test_hunger_example_smoke.gd:68)
[GdPAI | debug] ApplyEffect [Before] ID=InstanceId(-9223367124267782655): agent props = {"hunger": 95.0603725, "held_item": "", "entity": null}
[GdPAI | debug] ApplyEffect [After] ID=InstanceId(-9223367124267782655): agent props = {"hunger": 95.0603725, "held_item": "", "entity": null}
[GdPAI | debug]   Snapshotting prop: hunger = Float(95.0603725) (Variant type: FLOAT)
[GdPAI | debug]   Snapshotting prop: held_item = Str("") (Variant type: STRING)
[GdPAI | debug]   Snapshotting prop: entity = Nil (Variant type: NIL)
[GdPAI] Plan complete: success=true, actions=3, cost=2.7, action_chain=[0, 4, 1]
[32m    [Passed]:  [0mAgent should plan after food drops
[32m    [Passed]:  [0m[3] expected to equal [3]:  Plan should have GoTo → Pickup → Eat chain
[32m    [Passed]:  [0m["Go To"] expected to equal ["Go To"]:  First action should be GoTo
[32m    [Passed]:  [0m["Pick Up Item"] expected to equal ["Pick Up Item"]:  Second action should be Pickup
[32m    [Passed]:  [0m["Eat Held Food"] expected to equal ["Eat Held Food"]:  Third action should be Eat
[31m    [Failed]:  [0mUnexpected Errors:
    [1] <engine-1>[GdPAI] ObjectRef(124621163998): object was freed before callback; returning Nil.
    [2] <engine-1>[GdPAI] ObjectRef(124621163998): object was freed before callback; returning Nil.
    [3] <engine-1>[GdPAI] ObjectRef(1382643928884): object was freed before callback; returning Nil.
    [4] <engine-1>[GdPAI] ObjectRef(124621163998): object was freed before callback; returning Nil.
    [5] <engine-1>[GdPAI] ObjectRef(124621163998): object was freed before callback; returning Nil.
    [6] <engine-1>[GdPAI] ObjectRef(1382643928884): object was freed before callback; returning Nil.
    [7] <engine-1>[GdPAI] ObjectRef(1382643928884): object was freed before callback; returning Nil.
    [8] <engine-1>[GdPAI] ObjectRef(124621163998): object was freed before callback; returning Nil.
    [9] <engine-1>[GdPAI] ObjectRef(124621163998): object was freed before callback; returning Nil.
    [10] <engine-1>[GdPAI] ObjectRef(1382643928884): object was freed before callback; returning Nil.
    [11] <engine-1>[GdPAI] ObjectRef(1382643928884): object was freed before callback; returning Nil.
    [12] <engine-1>[GdPAI] ObjectRef(124621163998): object was freed before callback; returning Nil.
    [13] <engine-1>[GdPAI] ObjectRef(124621163998): object was freed before callback; returning Nil.
    [14] <engine-1>[GdPAI] ObjectRef(1382643928884): object was freed before callback; returning Nil.
    [15] <engine-1>[GdPAI] ObjectRef(124621163998): object was freed before callback; returning Nil.
    [16] <engine-1>[GdPAI] ObjectRef(124621163998): object was freed before callback; returning Nil.
    [17] <engine-1>[GdPAI] ObjectRef(1382643928884): object was freed before callback; returning Nil.
    [18] <engine-1>[GdPAI] ObjectRef(124621163998): object was freed before callback; returning Nil.
    [19] <engine-1>[GdPAI] ObjectRef(124621163998): object was freed before callback; returning Nil.
    [20] <engine-1>[GdPAI] ObjectRef(1382643928884): object was freed before callback; returning Nil.
    [21] <engine-1>[GdPAI] ObjectRef(124621163998): object was freed before callback; returning Nil.
    [22] <engine-1>[GdPAI] ObjectRef(124621163998): object was freed before callback; returning Nil.
    [23] <engine-1>[GdPAI] ObjectRef(1382643928884): object was freed before callback; returning Nil.
    [24] <engine-1>[GdPAI] ObjectRef(124621163998): object was freed before callback; returning Nil.
    [25] <engine-1>[GdPAI] ObjectRef(124621163998): object was freed before callback; returning Nil.
    [26] <engine-1>[GdPAI] ObjectRef(1382643928884): object was freed before callback; returning Nil.
    [27] <engine-1>[GdPAI] ObjectRef(124621163998): object was freed before callback; returning Nil.
    [28] <engine-1>[GdPAI] ObjectRef(124621163998): object was freed before callback; returning Nil.
    [29] <engine-1>[GdPAI] ObjectRef(1382643928884): object was freed before callback; returning Nil.
    [30] <engine-1>[GdPAI] ObjectRef(124621163998): object was freed before callback; returning Nil.
    [31] <engine-1>[GdPAI] ObjectRef(124621163998): object was freed before callback; returning Nil.
    [32] <engine-1>[GdPAI] ObjectRef(1382643928884): object was freed before callback; returning Nil.
    [33] <engine-1>[GdPAI] ObjectRef(1382643928884): object was freed before callback; returning Nil.
    [34] <engine-1>[GdPAI] ObjectRef(1382308384561): object was freed before callback; returning Nil.
    [35] <engine-1>[GdPAI] ObjectRef(1383197576744): object was freed before callback; returning Nil.
    [36] <engine-1>[GdPAI] ObjectRef(1382308384561): object was freed before callback; returning Nil.
    [37] <engine-1>[GdPAI] ObjectRef(1383197576744): object was freed before callback; returning Nil.
    [38] <engine-1>[GdPAI] ObjectRef(124621163998): object was freed before callback; returning Nil.
    [39] <engine-1>[GdPAI] ObjectRef(124621163998): object was freed before callback; returning Nil.
    [40] <engine-1>[GdPAI] ObjectRef(1382643928884): object was freed before callback; returning Nil.
    [41] <engine-1>[GdPAI] ObjectRef(1382643928884): object was freed before callback; returning Nil.
    [42] <engine-1>[GdPAI] ObjectRef(1382308384561): object was freed before callback; returning Nil.
    [43] <engine-1>[GdPAI] ObjectRef(1383197576744): object was freed before callback; returning Nil.
    [44] <engine-1>[GdPAI] ObjectRef(1382308384561): object was freed before callback; returning Nil.
    [45] <engine-1>[GdPAI] ObjectRef(1383197576744): object was freed before callback; returning Nil.
    [46] <engine-1>[GdPAI] ObjectRef(124621163998): object was freed before callback; returning Nil.
    [47] <engine-1>[GdPAI] ObjectRef(124621163998): object was freed before callback; returning Nil.
    [48] <engine-1>[GdPAI] ObjectRef(1382643928884): object was freed before callback; returning Nil.
    [49] <engine-1>[GdPAI] ObjectRef(1383197576744): object was freed before callback; returning Nil.
    [50] <engine-1>[GdPAI] ObjectRef(1383197576744): object was freed before callback; returning Nil.
    [51] <engine-1>[GdPAI] ObjectRef(124621163998): object was freed before callback; returning Nil.
    [52] <engine-1>[GdPAI] ObjectRef(124621163998): object was freed before callback; returning Nil.
    [53] <engine-1>[GdPAI] ObjectRef(1382643928884): object was freed before callback; returning Nil.
    [54] <engine-1>[GdPAI] ObjectRef(1383197576744): object was freed before callback; returning Nil.
    [55] <engine-1>[GdPAI] ObjectRef(1383197576744): object was freed before callback; returning Nil.
    [56] <engine-1>[GdPAI] ObjectRef(124621163998): object was freed before callback; returning Nil.
    [57] <engine-1>[GdPAI] ObjectRef(124621163998): object was freed before callback; returning Nil.
    [58] <engine-1>[GdPAI] ObjectRef(1382643928884): object was freed before callback; returning Nil.
    [59] <engine-1>[GdPAI] ObjectRef(1382308384561): object was freed before callback; returning Nil.
    [60] <engine-1>[GdPAI] ObjectRef(1382308384561): object was freed before callback; returning Nil.
    [61] <engine-1>[GdPAI] ObjectRef(124621163998): object was freed before callback; returning Nil.
    [62] <engine-1>[GdPAI] ObjectRef(124621163998): object was freed before callback; returning Nil.
    [63] <engine-1>[GdPAI] ObjectRef(124134624705): object was freed before callback; returning Nil.
    [64] <engine-1>[GdPAI] ObjectRef(125510356497): object was freed before callback; returning Nil.
    [65] <engine-1>[GdPAI] ObjectRef(124285619658): object was freed before callback; returning Nil.
    [66] <engine-1>[GdPAI] ObjectRef(124134624705): object was freed before callback; returning Nil.
    [67] <engine-1>[GdPAI] ObjectRef(125510356497): object was freed before callback; returning Nil.
    [68] <engine-1>[GdPAI] ObjectRef(124285619658): object was freed before callback; returning Nil.
    [69] <engine-1>[GdPAI] ObjectRef(1382643928884): object was freed before callback; returning Nil.
    [70] <engine-1>[GdPAI] ObjectRef(1382308384561): object was freed before callback; returning Nil.
    [71] <engine-1>[GdPAI] ObjectRef(1382308384561): object was freed before callback; returning Nil.
    [72] <engine-1>[GdPAI] ObjectRef(124621163998): object was freed before callback; returning Nil.
    [73] <engine-1>[GdPAI] ObjectRef(124621163998): object was freed before callback; returning Nil.
    [74] <engine-1>[GdPAI] ObjectRef(124134624705): object was freed before callback; returning Nil.
    [75] <engine-1>[GdPAI] ObjectRef(125510356497): object was freed before callback; returning Nil.
    [76] <engine-1>[GdPAI] ObjectRef(124285619658): object was freed before callback; returning Nil.
    [77] <engine-1>[GdPAI] ObjectRef(124134624705): object was freed before callback; returning Nil.
    [78] <engine-1>[GdPAI] ObjectRef(125510356497): object was freed before callback; returning Nil.
    [79] <engine-1>[GdPAI] ObjectRef(124285619658): object was freed before callback; returning Nil.
    [80] <engine-1>[GdPAI] ObjectRef(1382643928884): object was freed before callback; returning Nil.
    [81] <engine-1>[GdPAI] ObjectRef(124621163998): object was freed before callback; returning Nil.
    [82] <engine-1>[GdPAI] ObjectRef(124285619658): object was freed before callback; returning Nil.
    [83] <engine-1>[GdPAI] ObjectRef(124285619658): object was freed before callback; returning Nil.
    [84] <engine-1>[GdPAI] ObjectRef(1382643928884): object was freed before callback; returning Nil.
    [85] <engine-1>[GdPAI] ObjectRef(124621163998): object was freed before callback; returning Nil.
    [86] <engine-1>[GdPAI] ObjectRef(124285619658): object was freed before callback; returning Nil.
    [87] <engine-1>[GdPAI] ObjectRef(124285619658): object was freed before callback; returning Nil.
    [88] <engine-1>[GdPAI] ObjectRef(1382643928884): object was freed before callback; returning Nil.
    [89] <engine-1>[GdPAI] ObjectRef(1382643928884): object was freed before callback; returning Nil.
    [90] <engine-1>[GdPAI] ObjectRef(124621163998): object was freed before callback; returning Nil.
    [91] <engine-1>[GdPAI] ObjectRef(1382643928884): object was freed before callback; returning Nil.
    [92] <engine-1>[GdPAI] ObjectRef(1382643928884): object was freed before callback; returning Nil.
    [93] <engine-1>[GdPAI] ObjectRef(124621163998): object was freed before callback; returning Nil.
    [94] <engine-1>[GdPAI] ObjectRef(1382643928884): object was freed before callback; returning Nil.
    [95] <engine-1>[GdPAI] ObjectRef(124621163998): object was freed before callback; returning Nil.
    [96] <engine-1>[GdPAI] ObjectRef(125510356497): object was freed before callback; returning Nil.
    [97] <engine-1>[GdPAI] ObjectRef(125510356497): object was freed before callback; returning Nil.
    [98] <engine-1>[GdPAI] ObjectRef(1382643928884): object was freed before callback; returning Nil.
    [99] <engine-1>[GdPAI] ObjectRef(124621163998): object was freed before callback; returning Nil.
    [100] <engine-1>[GdPAI] ObjectRef(125510356497): object was freed before callback; returning Nil.
    [101] <engine-1>[GdPAI] ObjectRef(125510356497): object was freed before callback; returning Nil.
    [102] <engine-1>[GdPAI] ObjectRef(1382643928884): object was freed before callback; returning Nil.
    [103] <engine-1>[GdPAI] ObjectRef(124621163998): object was freed before callback; returning Nil.
    [104] <engine-1>[GdPAI] ObjectRef(124134624705): object was freed before callback; returning Nil.
    [105] <engine-1>[GdPAI] ObjectRef(124134624705): object was freed before callback; returning Nil.
    [106] <engine-1>[GdPAI] ObjectRef(1382643928884): object was freed before callback; returning Nil.
    [107] <engine-1>[GdPAI] ObjectRef(124621163998): object was freed before callback; returning Nil.
    [108] <engine-1>[GdPAI] ObjectRef(124134624705): object was freed before callback; returning Nil.
    [109] <engine-1>[GdPAI] ObjectRef(124134624705): object was freed before callback; returning Nil.
    [110] <engine-1>[GdPAI] ObjectRef(1382643928884): object was freed before callback; returning Nil.
    [111] <engine-1>[GdPAI] ObjectRef(124621163998): object was freed before callback; returning Nil.
    [112] <engine-1>[GdPAI] ObjectRef(1382643928884): object was freed before callback; returning Nil.
    [113] <engine-1>[GdPAI] ObjectRef(124621163998): object was freed before callback; returning Nil.
    [114] <engine-1>[GdPAI] ObjectRef(1382643928884): object was freed before callback; returning Nil.
    [115] <engine-1>[GdPAI] ObjectRef(1382643928884): object was freed before callback; returning Nil.
    [116] <engine-1>[GdPAI] ObjectRef(124621163998): object was freed before callback; returning Nil.
    [117] <engine-1>[GdPAI] ObjectRef(124621163998): object was freed before callback; returning Nil.
    [118] <engine-1>[GdPAI] ObjectRef(1382643928884): object was freed before callback; returning Nil.
    [119] <engine-1>[GdPAI] ObjectRef(1382643928884): object was freed before callback; returning Nil.
    [120] <engine-1>[GdPAI] ObjectRef(124621163998): object was freed before callback; returning Nil.
    [121] <engine-1>[GdPAI] ObjectRef(124621163998): object was freed before callback; returning Nil.
    [122] <engine-1>[GdPAI] ObjectRef(1382643928884): object was freed before callback; returning Nil.
    [123] <engine-1>[GdPAI] ObjectRef(124621163998): object was freed before callback; returning Nil.
    [124] <engine-1>[GdPAI] ObjectRef(1382643928884): object was freed before callback; returning Nil.
    [125] <engine-1>[GdPAI] ObjectRef(124621163998): object was freed before callback; returning Nil.
    [126] <engine-1>[GdPAI] ObjectRef(1382643928884): object was freed before callback; returning Nil.
    [127] <engine-1>[GdPAI] ObjectRef(124621163998): object was freed before callback; returning Nil.
    [128] <engine-1>[GdPAI] ObjectRef(1382643928884): object was freed before callback; returning Nil.
    [129] <engine-1>[GdPAI] ObjectRef(124621163998): object was freed before callback; returning Nil.
    [130] <engine-1>[GdPAI] ObjectRef(1382643928884): object was freed before callback; returning Nil.
    [131] <engine-1>[GdPAI] ObjectRef(124621163998): object was freed before callback; returning Nil.
    [132] <engine-1>[GdPAI] ObjectRef(1382643928884): object was freed before callback; returning Nil.
    [133] <engine-1>[GdPAI] ObjectRef(124621163998): object was freed before callback; returning Nil.
    [134] <engine-1>[GdPAI] ObjectRef(1382643928884): object was freed before callback; returning Nil.
    [135] <engine-1>[GdPAI] ObjectRef(1382643928884): object was freed before callback; returning Nil.
    [136] <engine-1>[GdPAI] ObjectRef(124621163998): object was freed before callback; returning Nil.
    [137] <engine-1>[GdPAI] ObjectRef(1382643928884): object was freed before callback; returning Nil.
    [138] <engine-1>[GdPAI] ObjectRef(1382643928884): object was freed before callback; returning Nil.
    [139] <engine-1>[GdPAI] ObjectRef(124621163998): object was freed before callback; returning Nil.
    [140] <engine-1>[GdPAI] ObjectRef(1382643928884): object was freed before callback; returning Nil.
    [141] <engine-1>[GdPAI] ObjectRef(124621163998): object was freed before callback; returning Nil.
    [142] <engine-1>[GdPAI] ObjectRef(1382643928884): object was freed before callback; returning Nil.
    [143] <engine-1>[GdPAI] ObjectRef(124621163998): object was freed before callback; returning Nil.
    [144] <engine-1>[GdPAI] ObjectRef(1382643928884): object was freed before callback; returning Nil.
    [145] <engine-1>[GdPAI] ObjectRef(124621163998): object was freed before callback; returning Nil.
    [146] <engine-1>[GdPAI] ObjectRef(124621163998): object was freed before callback; returning Nil.
    [147] <engine-1>[GdPAI] ObjectRef(124134624705): object was freed before callback; returning Nil.
    [148] <engine-1>[GdPAI] ObjectRef(125510356497): object was freed before callback; returning Nil.
    [149] <engine-1>[GdPAI] ObjectRef(124285619658): object was freed before callback; returning Nil.
    [150] <engine-1>[GdPAI] ObjectRef(124134624705): object was freed before callback; returning Nil.
    [151] <engine-1>[GdPAI] ObjectRef(125510356497): object was freed before callback; returning Nil.
    [152] <engine-1>[GdPAI] ObjectRef(124285619658): object was freed before callback; returning Nil.
    [153] <engine-1>[GdPAI] ObjectRef(1382643928884): object was freed before callback; returning Nil.
    [154] <engine-1>[GdPAI] ObjectRef(124621163998): object was freed before callback; returning Nil.
    [155] <engine-1>[GdPAI] ObjectRef(124621163998): object was freed before callback; returning Nil.
    [156] <engine-1>[GdPAI] ObjectRef(124134624705): object was freed before callback; returning Nil.
    [157] <engine-1>[GdPAI] ObjectRef(125510356497): object was freed before callback; returning Nil.
    [158] <engine-1>[GdPAI] ObjectRef(124285619658): object was freed before callback; returning Nil.
    [159] <engine-1>[GdPAI] ObjectRef(124134624705): object was freed before callback; returning Nil.
    [160] <engine-1>[GdPAI] ObjectRef(125510356497): object was freed before callback; returning Nil.
    [161] <engine-1>[GdPAI] ObjectRef(124285619658): object was freed before callback; returning Nil.
    [162] <engine-1>[GdPAI] ObjectRef(1382643928884): object was freed before callback; returning Nil.
    [163] <engine-1>[GdPAI] ObjectRef(124621163998): object was freed before callback; returning Nil.
    [164] <engine-1>[GdPAI] ObjectRef(124285619658): object was freed before callback; returning Nil.
    [165] <engine-1>[GdPAI] ObjectRef(124285619658): object was freed before callback; returning Nil.
    [166] <engine-1>[GdPAI] ObjectRef(1382643928884): object was freed before callback; returning Nil.
    [167] <engine-1>[GdPAI] ObjectRef(124621163998): object was freed before callback; returning Nil.
    [168] <engine-1>[GdPAI] ObjectRef(124285619658): object was freed before callback; returning Nil.
    [169] <engine-1>[GdPAI] ObjectRef(124285619658): object was freed before callback; returning Nil.
    [170] <engine-1>[GdPAI] ObjectRef(1382643928884): object was freed before callback; returning Nil.
    [171] <engine-1>[GdPAI] ObjectRef(1382643928884): object was freed before callback; returning Nil.
    [172] <engine-1>[GdPAI] ObjectRef(124621163998): object was freed before callback; returning Nil.
    [173] <engine-1>[GdPAI] ObjectRef(1382643928884): object was freed before callback; returning Nil.
    [174] <engine-1>[GdPAI] ObjectRef(1382643928884): object was freed before callback; returning Nil.
    [175] <engine-1>[GdPAI] ObjectRef(124621163998): object was freed before callback; returning Nil.
    [176] <engine-1>[GdPAI] ObjectRef(1382643928884): object was freed before callback; returning Nil.
    [177] <engine-1>[GdPAI] ObjectRef(124621163998): object was freed before callback; returning Nil.
    [178] <engine-1>[GdPAI] ObjectRef(125510356497): object was freed before callback; returning Nil.
    [179] <engine-1>[GdPAI] ObjectRef(125510356497): object was freed before callback; returning Nil.
    [180] <engine-1>[GdPAI] ObjectRef(1382643928884): object was freed before callback; returning Nil.
    [181] <engine-1>[GdPAI] ObjectRef(124621163998): object was freed before callback; returning Nil.
    [182] <engine-1>[GdPAI] ObjectRef(125510356497): object was freed before callback; returning Nil.
    [183] <engine-1>[GdPAI] ObjectRef(125510356497): object was freed before callback; returning Nil.
    [184] <engine-1>[GdPAI] ObjectRef(1382643928884): object was freed before callback; returning Nil.
    [185] <engine-1>[GdPAI] ObjectRef(124621163998): object was freed before callback; returning Nil.
    [186] <engine-1>[GdPAI] ObjectRef(124134624705): object was freed before callback; returning Nil.
    [187] <engine-1>[GdPAI] ObjectRef(124134624705): object was freed before callback; returning Nil.
    [188] <engine-1>[GdPAI] ObjectRef(1382643928884): object was freed before callback; returning Nil.
    [189] <engine-1>[GdPAI] ObjectRef(124621163998): object was freed before callback; returning Nil.
    [190] <engine-1>[GdPAI] ObjectRef(124134624705): object was freed before callback; returning Nil.
    [191] <engine-1>[GdPAI] ObjectRef(124134624705): object was freed before callback; returning Nil.
    [192] <engine-1>[GdPAI] ObjectRef(1382643928884): object was freed before callback; returning Nil.
    [193] <engine-1>[GdPAI] ObjectRef(124621163998): object was freed before callback; returning Nil.
    [194] <engine-1>[GdPAI] ObjectRef(1382643928884): object was freed before callback; returning Nil.
    [195] <engine-1>[GdPAI] ObjectRef(124621163998): object was freed before callback; returning Nil.
    [196] <engine-1>[GdPAI] ObjectRef(1382643928884): object was freed before callback; returning Nil.
    [197] <engine-1>[GdPAI] ObjectRef(1382643928884): object was freed before callback; returning Nil.
    [198] <engine-1>[GdPAI] ObjectRef(124621163998): object was freed before callback; returning Nil.
    [199] <engine-1>[GdPAI] ObjectRef(124621163998): object was freed before callback; returning Nil.
    [200] <engine-1>[GdPAI] ObjectRef(1382643928884): object was freed before callback; returning Nil.
    [201] <engine-1>[GdPAI] ObjectRef(1382643928884): object was freed before callback; returning Nil.
    [202] <engine-1>[GdPAI] ObjectRef(124621163998): object was freed before callback; returning Nil.
    [203] <engine-1>[GdPAI] ObjectRef(124621163998): object was freed before callback; returning Nil.
    [204] <engine-1>[GdPAI] ObjectRef(1382643928884): object was freed before callback; returning Nil.
    [205] <engine-1>[GdPAI] ObjectRef(124621163998): object was freed before callback; returning Nil.
    [206] <engine-1>[GdPAI] ObjectRef(1382643928884): object was freed before callback; returning Nil.
    [207] <engine-1>[GdPAI] ObjectRef(124621163998): object was freed before callback; returning Nil.
    [208] <engine-1>[GdPAI] ObjectRef(1382643928884): object was freed before callback; returning Nil.
    [209] <engine-1>[GdPAI] ObjectRef(124621163998): object was freed before callback; returning Nil.
    [210] <engine-1>[GdPAI] ObjectRef(1382643928884): object was freed before callback; returning Nil.
    [211] <engine-1>[GdPAI] ObjectRef(124621163998): object was freed before callback; returning Nil.
    [212] <engine-1>[GdPAI] ObjectRef(1382643928884): object was freed before callback; returning Nil.
    [213] <engine-1>[GdPAI] ObjectRef(124621163998): object was freed before callback; returning Nil.
    [214] <engine-1>[GdPAI] ObjectRef(1382643928884): object was freed before callback; returning Nil.
    [215] <engine-1>[GdPAI] ObjectRef(124621163998): object was freed before callback; returning Nil.
    [216] <engine-1>[GdPAI] ObjectRef(1382643928884): object was freed before callback; returning Nil.
    [217] <engine-1>[GdPAI] ObjectRef(1382643928884): object was freed before callback; returning Nil.
    [218] <engine-1>[GdPAI] ObjectRef(124621163998): object was freed before callback; returning Nil.
    [219] <engine-1>[GdPAI] ObjectRef(1382643928884): object was freed before callback; returning Nil.
    [220] <engine-1>[GdPAI] ObjectRef(1382643928884): object was freed before callback; returning Nil.
    [221] <engine-1>[GdPAI] ObjectRef(124621163998): object was freed before callback; returning Nil.
    [222] <engine-1>[GdPAI] ObjectRef(1382643928884): object was freed before callback; returning Nil.
    [223] <engine-1>[GdPAI] ObjectRef(1382643928884): object was freed before callback; returning Nil.
    [224] <engine-1>[GdPAI] ObjectRef(124621163998): object was freed before callback; returning Nil.
    [225] <engine-1>[GdPAI] ObjectRef(1382643928884): object was freed before callback; returning Nil.
    [226] <engine-1>[GdPAI] ObjectRef(1382643928884): object was freed before callback; returning Nil.
    [227] <engine-1>[GdPAI] ObjectRef(124621163998): object was freed before callback; returning Nil.
    [228] <engine-1>[GdPAI] ObjectRef(1382643928884): object was freed before callback; returning Nil.
    [229] <engine-1>[GdPAI] ObjectRef(1382643928884): object was freed before callback; returning Nil.
    [230] <engine-1>[GdPAI] ObjectRef(124621163998): object was freed before callback; returning Nil.
    [231] <engine-1>[GdPAI] ObjectRef(124621163998): object was freed before callback; returning Nil.
    [232] <engine-1>[GdPAI] ObjectRef(1382643928884): object was freed before callback; returning Nil.
    [233] <engine-1>[GdPAI] ObjectRef(1382643928884): object was freed before callback; returning Nil.
    [234] <engine-1>[GdPAI] ObjectRef(124621163998): object was freed before callback; returning Nil.
    [235] <engine-1>[GdPAI] ObjectRef(124621163998): object was freed before callback; returning Nil.
    [236] <engine-1>[GdPAI] ObjectRef(1382643928884): object was freed before callback; returning Nil.
    [237] <engine-1>[GdPAI] ObjectRef(1382643928884): object was freed before callback; returning Nil.
    [238] <engine-1>[GdPAI] ObjectRef(124621163998): object was freed before callback; returning Nil.
    [239] <engine-1>[GdPAI] ObjectRef(1382643928884): object was freed before callback; returning Nil.
    [240] <engine-1>[GdPAI] ObjectRef(1382643928884): object was freed before callback; returning Nil.
    [241] <engine-1>[GdPAI] ObjectRef(124621163998): object was freed before callback; returning Nil.
    [242] <engine-1>[GdPAI] ObjectRef(1382643928884): object was freed before callback; returning Nil.
    [243] <engine-1>[GdPAI] ObjectRef(1382643928884): object was freed before callback; returning Nil.
    [244] <engine-1>[GdPAI] ObjectRef(124621163998): object was freed before callback; returning Nil.
    [245] <engine-1>[GdPAI] ObjectRef(1382643928884): object was freed before callback; returning Nil.
    [246] <engine-1>[GdPAI] ObjectRef(1382643928884): object was freed before callback; returning Nil.
    [247] <engine-1>[GdPAI] ObjectRef(124621163998): object was freed before callback; returning Nil.
    [248] <engine-1>[GdPAI] ObjectRef(1382643928884): object was freed before callback; returning Nil.
    [249] <engine-1>[GdPAI] ObjectRef(1382643928884): object was freed before callback; returning Nil.
    [250] <engine-1>[GdPAI] ObjectRef(124621163998): object was freed before callback; returning Nil.
    [251] <engine-1>[GdPAI] ObjectRef(1382643928884): object was freed before callback; returning Nil.
    [252] <engine-1>[GdPAI] ObjectRef(1382643928884): object was freed before callback; returning Nil.
    [253] <engine-1>[GdPAI] ObjectRef(124621163998): object was freed before callback; returning Nil.
    [254] <engine-1>[GdPAI] ObjectRef(1382643928884): object was freed before callback; returning Nil.
    [255] <engine-1>[GdPAI] ObjectRef(1382643928884): object was freed before callback; returning Nil.
    [256] <engine-1>[GdPAI] ObjectRef(124621163998): object was freed before callback; returning Nil.
    [257] <engine-1>[GdPAI] ObjectRef(1382643928884): object was freed before callback; returning Nil.
    [258] <engine-1>[GdPAI] ObjectRef(1382643928884): object was freed before callback; returning Nil.
    [259] <engine-1>[GdPAI] ObjectRef(124621163998): object was freed before callback; returning Nil.
    [260] <engine-1>[GdPAI] ObjectRef(1382643928884): object was freed before callback; returning Nil.
    [261] <engine-1>[GdPAI] ObjectRef(1382643928884): object was freed before callback; returning Nil.
    [262] <engine-1>[GdPAI] ObjectRef(124621163998): object was freed before callback; returning Nil.
    [263] <engine-1>[GdPAI] ObjectRef(1382643928884): object was freed before callback; returning Nil.
    [264] <engine-1>[GdPAI] ObjectRef(1382643928884): object was freed before callback; returning Nil.
    [265] <engine-1>[GdPAI] ObjectRef(124621163998): object was freed before callback; returning Nil.
    [266] <engine-1>[GdPAI] ObjectRef(1382643928884): object was freed before callback; returning Nil.
    [267] <engine-1>[GdPAI] ObjectRef(1382643928884): object was freed before callback; returning Nil.
    [268] <engine-1>[GdPAI] ObjectRef(124621163998): object was freed before callback; returning Nil.
    [269] <engine-1>[GdPAI] ObjectRef(124621163998): object was freed before callback; returning Nil.
    [270] <engine-1>[GdPAI] ObjectRef(1382643928884): object was freed before callback; returning Nil.
    [271] <engine-1>[GdPAI] ObjectRef(1382643928884): object was freed before callback; returning Nil.
    [272] <engine-1>[GdPAI] ObjectRef(124621163998): object was freed before callback; returning Nil.
    [273] <engine-1>[GdPAI] ObjectRef(124621163998): object was freed before callback; returning Nil.
    [274] <engine-1>[GdPAI] ObjectRef(1382643928884): object was freed before callback; returning Nil.
    [275] <engine-1>[GdPAI] ObjectRef(1382643928884): object was freed before callback; returning Nil.
    [276] <engine-1>[GdPAI] ObjectRef(124621163998): object was freed before callback; returning Nil.
    [277] <engine-1>[GdPAI] ObjectRef(1382643928884): object was freed before callback; returning Nil.
    [278] <engine-1>[GdPAI] ObjectRef(1382643928884): object was freed before callback; returning Nil.
    [279] <engine-1>[GdPAI] ObjectRef(124621163998): object was freed before callback; returning Nil.
    [280] <engine-1>[GdPAI] ObjectRef(1382643928884): object was freed before callback; returning Nil.
    [281] <engine-1>[GdPAI] ObjectRef(1382643928884): object was freed before callback; returning Nil.
    [282] <engine-1>[GdPAI] ObjectRef(124621163998): object was freed before callback; returning Nil.
    [283] <engine-1>[GdPAI] ObjectRef(1382643928884): object was freed before callback; returning Nil.
    [284] <engine-1>[GdPAI] ObjectRef(1382643928884): object was freed before callback; returning Nil.
    [285] <engine-1>[GdPAI] ObjectRef(124621163998): object was freed before callback; returning Nil.
    [286] <engine-1>[GdPAI] ObjectRef(1382643928884): object was freed before callback; returning Nil.
    [287] <engine-1>[GdPAI] ObjectRef(1382643928884): object was freed before callback; returning Nil.
    [288] <engine-1>[GdPAI] ObjectRef(124621163998): object was freed before callback; returning Nil.
    [289] <engine-1>[GdPAI] ObjectRef(1382643928884): object was freed before callback; returning Nil.
    [290] <engine-1>[GdPAI] ObjectRef(1382643928884): object was freed before callback; returning Nil.
    [291] <engine-1>[GdPAI] ObjectRef(124621163998): object was freed before callback; returning Nil.
    [292] <engine-1>[GdPAI] ObjectRef(1382643928884): object was freed before callback; returning Nil.
    [293] <engine-1>[GdPAI] ObjectRef(1382643928884): object was freed before callback; returning Nil.
    [294] <engine-1>[GdPAI] ObjectRef(124621163998): object was freed before callback; returning Nil.
    [295] <engine-1>[GdPAI] ObjectRef(1382643928884): object was freed before callback; returning Nil.
    [296] <engine-1>[GdPAI] ObjectRef(1382643928884): object was freed before callback; returning Nil.
    [297] <engine-1>[GdPAI] ObjectRef(124621163998): object was freed before callback; returning Nil.
    [298] <engine-1>[GdPAI] ObjectRef(1382643928884): object was freed before callback; returning Nil.
    [299] <engine-1>[GdPAI] ObjectRef(1382643928884): object was freed before callback; returning Nil.
    [300] <engine-1>[GdPAI] ObjectRef(1382157389614): object was freed before callback; returning Nil.
    [301] <engine-1>[GdPAI] ObjectRef(1383348571562): object was freed before callback; returning Nil.
    [302] <engine-1>[GdPAI] ObjectRef(1382157389614): object was freed before callback; returning Nil.
    [303] <engine-1>[GdPAI] ObjectRef(1383348571562): object was freed before callback; returning Nil.
    [304] <engine-1>[GdPAI] ObjectRef(124621163998): object was freed before callback; returning Nil.
    [305] <engine-1>[GdPAI] ObjectRef(1382643928884): object was freed before callback; returning Nil.
    [306] <engine-1>[GdPAI] ObjectRef(1382643928884): object was freed before callback; returning Nil.
    [307] <engine-1>[GdPAI] ObjectRef(1382157389614): object was freed before callback; returning Nil.
    [308] <engine-1>[GdPAI] ObjectRef(1383348571562): object was freed before callback; returning Nil.
    [309] <engine-1>[GdPAI] ObjectRef(1382157389614): object was freed before callback; returning Nil.
    [310] <engine-1>[GdPAI] ObjectRef(1383348571562): object was freed before callback; returning Nil.
    [311] <engine-1>[GdPAI] ObjectRef(124621163998): object was freed before callback; returning Nil.
    [312] <engine-1>[GdPAI] ObjectRef(1382643928884): object was freed before callback; returning Nil.
    [313] <engine-1>[GdPAI] ObjectRef(1383348571562): object was freed before callback; returning Nil.
    [314] <engine-1>[GdPAI] ObjectRef(1383348571562): object was freed before callback; returning Nil.
    [315] <engine-1>[GdPAI] ObjectRef(124621163998): object was freed before callback; returning Nil.
    [316] <engine-1>[GdPAI] ObjectRef(124621163998): object was freed before callback; returning Nil.
    [317] <engine-1>[GdPAI] ObjectRef(1382643928884): object was freed before callback; returning Nil.
    [318] <engine-1>[GdPAI] ObjectRef(1383348571562): object was freed before callback; returning Nil.
    [319] <engine-1>[GdPAI] ObjectRef(1383348571562): object was freed before callback; returning Nil.
    [320] <engine-1>[GdPAI] ObjectRef(124621163998): object was freed before callback; returning Nil.
    [321] <engine-1>[GdPAI] ObjectRef(124621163998): object was freed before callback; returning Nil.
    [322] <engine-1>[GdPAI] ObjectRef(1382643928884): object was freed before callback; returning Nil.
    [323] <engine-1>[GdPAI] ObjectRef(1382157389614): object was freed before callback; returning Nil.
    [324] <engine-1>[GdPAI] ObjectRef(1382157389614): object was freed before callback; returning Nil.
    [325] <engine-1>[GdPAI] ObjectRef(124621163998): object was freed before callback; returning Nil.
    [326] <engine-1>[GdPAI] ObjectRef(1382643928884): object was freed before callback; returning Nil.
    [327] <engine-1>[GdPAI] ObjectRef(1382157389614): object was freed before callback; returning Nil.
    [328] <engine-1>[GdPAI] ObjectRef(1382157389614): object was freed before callback; returning Nil.
    [329] <engine-1>[GdPAI] ObjectRef(124621163998): object was freed before callback; returning Nil.
    [330] <engine-1>[GdPAI] ObjectRef(1382643928884): object was freed before callback; returning Nil.
    [331] <engine-1>[GdPAI] ObjectRef(124621163998): object was freed before callback; returning Nil.
    [332] <engine-1>[GdPAI] ObjectRef(1382643928884): object was freed before callback; returning Nil.
    [333] <engine-1>[GdPAI] ObjectRef(124621163998): object was freed before callback; returning Nil.
    [334] <engine-1>[GdPAI] ObjectRef(1382643928884): object was freed before callback; returning Nil.
    [335] <engine-1>[GdPAI] ObjectRef(1382643928884): object was freed before callback; returning Nil.
    [336] <engine-1>[GdPAI] ObjectRef(124621163998): object was freed before callback; returning Nil.
    [337] <engine-1>[GdPAI] ObjectRef(1382643928884): object was freed before callback; returning Nil.
    [338] <engine-1>[GdPAI] ObjectRef(1382643928884): object was freed before callback; returning Nil.
    [339] <engine-1>[GdPAI] ObjectRef(124621163998): object was freed before callback; returning Nil.
    [340] <engine-1>[GdPAI] ObjectRef(1382643928884): object was freed before callback; returning Nil.
    [341] <engine-1>[GdPAI] ObjectRef(124621163998): object was freed before callback; returning Nil.
    [342] <engine-1>[GdPAI] ObjectRef(1382643928884): object was freed before callback; returning Nil.
    [343] <engine-1>[GdPAI] ObjectRef(124621163998): object was freed before callback; returning Nil.
    [344] <engine-1>[GdPAI] ObjectRef(1382643928884): object was freed before callback; returning Nil.
    [345] <engine-1>[GdPAI] ObjectRef(124621163998): object was freed before callback; returning Nil.
    [346] <engine-1>[GdPAI] ObjectRef(1382643928884): object was freed before callback; returning Nil.
    [347] <engine-1>[GdPAI] ObjectRef(124621163998): object was freed before callback; returning Nil.
    [348] <engine-1>[GdPAI] ObjectRef(1382643928884): object was freed before callback; returning Nil.
    [349] <engine-1>[GdPAI] ObjectRef(124621163998): object was freed before callback; returning Nil.
    [350] <engine-1>[GdPAI] ObjectRef(124621163998): object was freed before callback; returning Nil.
    [351] <engine-1>[GdPAI] ObjectRef(1382643928884): object was freed before callback; returning Nil.
    [352] <engine-1>[GdPAI] ObjectRef(124621163998): object was freed before callback; returning Nil.
    [353] <engine-1>[GdPAI] ObjectRef(124621163998): object was freed before callback; returning Nil.
    [354] <engine-1>[GdPAI] ObjectRef(1382643928884): object was freed before callback; returning Nil.
    [355] <engine-1>[GdPAI] ObjectRef(1382643928884): object was freed before callback; returning Nil.
    [356] <engine-1>[GdPAI] ObjectRef(1382157389614): object was freed before callback; returning Nil.
    [357] <engine-1>[GdPAI] ObjectRef(1383348571562): object was freed before callback; returning Nil.
    [358] <engine-1>[GdPAI] ObjectRef(1382157389614): object was freed before callback; returning Nil.
    [359] <engine-1>[GdPAI] ObjectRef(1383348571562): object was freed before callback; returning Nil.
    [360] <engine-1>[GdPAI] ObjectRef(124621163998): object was freed before callback; returning Nil.
    [361] <engine-1>[GdPAI] ObjectRef(1382643928884): object was freed before callback; returning Nil.
    [362] <engine-1>[GdPAI] ObjectRef(1382643928884): object was freed before callback; returning Nil.
    [363] <engine-1>[GdPAI] ObjectRef(1382157389614): object was freed before callback; returning Nil.
    [364] <engine-1>[GdPAI] ObjectRef(1383348571562): object was freed before callback; returning Nil.
    [365] <engine-1>[GdPAI] ObjectRef(1382157389614): object was freed before callback; returning Nil.
    [366] <engine-1>[GdPAI] ObjectRef(1383348571562): object was freed before callback; returning Nil.
    [367] <engine-1>[GdPAI] ObjectRef(124621163998): object was freed before callback; returning Nil.
    [368] <engine-1>[GdPAI] ObjectRef(1382643928884): object was freed before callback; returning Nil.
    [369] <engine-1>[GdPAI] ObjectRef(1383348571562): object was freed before callback; returning Nil.
    [370] <engine-1>[GdPAI] ObjectRef(1383348571562): object was freed before callback; returning Nil.
    [371] <engine-1>[GdPAI] ObjectRef(124621163998): object was freed before callback; returning Nil.
    [372] <engine-1>[GdPAI] ObjectRef(1382643928884): object was freed before callback; returning Nil.
    [373] <engine-1>[GdPAI] ObjectRef(1383348571562): object was freed before callback; returning Nil.
    [374] <engine-1>[GdPAI] ObjectRef(1383348571562): object was freed before callback; returning Nil.
    [375] <engine-1>[GdPAI] ObjectRef(124621163998): object was freed before callback; returning Nil.
    [376] <engine-1>[GdPAI] ObjectRef(1382643928884): object was freed before callback; returning Nil.
    [377] <engine-1>[GdPAI] ObjectRef(1382157389614): object was freed before callback; returning Nil.
    [378] <engine-1>[GdPAI] ObjectRef(1382157389614): object was freed before callback; returning Nil.
    [379] <engine-1>[GdPAI] ObjectRef(124621163998): object was freed before callback; returning Nil.
    [380] <engine-1>[GdPAI] ObjectRef(1382643928884): object was freed before callback; returning Nil.
    [381] <engine-1>[GdPAI] ObjectRef(1382157389614): object was freed before callback; returning Nil.
    [382] <engine-1>[GdPAI] ObjectRef(1382157389614): object was freed before callback; returning Nil.
    [383] <engine-1>[GdPAI] ObjectRef(124621163998): object was freed before callback; returning Nil.
    [384] <engine-1>[GdPAI] ObjectRef(1382643928884): object was freed before callback; returning Nil.
    [385] <engine-1>[GdPAI] ObjectRef(124621163998): object was freed before callback; returning Nil.
    [386] <engine-1>[GdPAI] ObjectRef(1382643928884): object was freed before callback; returning Nil.
    [387] <engine-1>[GdPAI] ObjectRef(124621163998): object was freed before callback; returning Nil.
    [388] <engine-1>[GdPAI] ObjectRef(1382643928884): object was freed before callback; returning Nil.
    [389] <engine-1>[GdPAI] ObjectRef(1382643928884): object was freed before callback; returning Nil.
    [390] <engine-1>[GdPAI] ObjectRef(124621163998): object was freed before callback; returning Nil.
    [391] <engine-1>[GdPAI] ObjectRef(1382643928884): object was freed before callback; returning Nil.
    [392] <engine-1>[GdPAI] ObjectRef(1382643928884): object was freed before callback; returning Nil.
    [393] <engine-1>[GdPAI] ObjectRef(124621163998): object was freed before callback; returning Nil.
    [394] <engine-1>[GdPAI] ObjectRef(1382643928884): object was freed before callback; returning Nil.
    [395] <engine-1>[GdPAI] ObjectRef(124621163998): object was freed before callback; returning Nil.
    [396] <engine-1>[GdPAI] ObjectRef(124621163998): object was freed before callback; returning Nil.
    [397] <engine-1>[GdPAI] ObjectRef(1382643928884): object was freed before callback; returning Nil.
    [398] <engine-1>[GdPAI] ObjectRef(124621163998): object was freed before callback; returning Nil.
    [399] <engine-1>[GdPAI] ObjectRef(124621163998): object was freed before callback; returning Nil.
    [400] <engine-1>[GdPAI] ObjectRef(1382643928884): object was freed before callback; returning Nil.
    [401] <engine-1>[GdPAI] ObjectRef(124621163998): object was freed before callback; returning Nil.
    [402] <engine-1>[GdPAI] ObjectRef(124621163998): object was freed before callback; returning Nil.
    [403] <engine-1>[GdPAI] ObjectRef(1382643928884): object was freed before callback; returning Nil.
    [404] <engine-1>[GdPAI] ObjectRef(124621163998): object was freed before callback; returning Nil.
    [405] <engine-1>[GdPAI] ObjectRef(124621163998): object was freed before callback; returning Nil.
    [406] <engine-1>[GdPAI] ObjectRef(1382643928884): object was freed before callback; returning Nil.
    [407] <engine-1>[GdPAI] ObjectRef(124621163998): object was freed before callback; returning Nil.
    [408] <engine-1>[GdPAI] ObjectRef(124621163998): object was freed before callback; returning Nil.
    [409] <engine-1>[GdPAI] ObjectRef(1382643928884): object was freed before callback; returning Nil.
    [410] <engine-1>[GdPAI] ObjectRef(124621163998): object was freed before callback; returning Nil.
    [411] <engine-1>[GdPAI] ObjectRef(124621163998): object was freed before callback; returning Nil.
    [412] <engine-1>[GdPAI] ObjectRef(1382643928884): object was freed before callback; returning Nil.
    [413] <engine-1>[GdPAI] ObjectRef(1382643928884): object was freed before callback; returning Nil.
    [414] <engine-1>[GdPAI] ObjectRef(124621163998): object was freed before callback; returning Nil.
    [415] <engine-1>[GdPAI] ObjectRef(124621163998): object was freed before callback; returning Nil.
    [416] <engine-1>[GdPAI] ObjectRef(1382643928884): object was freed before callback; returning Nil.
    [417] <engine-1>[GdPAI] ObjectRef(1382643928884): object was freed before callback; returning Nil.
    [418] <engine-1>[GdPAI] ObjectRef(124621163998): object was freed before callback; returning Nil.
    [419] <engine-1>[GdPAI] ObjectRef(124621163998): object was freed before callback; returning Nil.
    [420] <engine-1>[GdPAI] ObjectRef(1382643928884): object was freed before callback; returning Nil.
    [421] <engine-1>[GdPAI] ObjectRef(124621163998): object was freed before callback; returning Nil.
    [422] <engine-1>[GdPAI] ObjectRef(124621163998): object was freed before callback; returning Nil.
    [423] <engine-1>[GdPAI] ObjectRef(1382643928884): object was freed before callback; returning Nil.
    [424] <engine-1>[GdPAI] ObjectRef(124621163998): object was freed before callback; returning Nil.
    [425] <engine-1>[GdPAI] ObjectRef(124621163998): object was freed before callback; returning Nil.
    [426] <engine-1>[GdPAI] ObjectRef(1382643928884): object was freed before callback; returning Nil.
    [427] <engine-1>[GdPAI] ObjectRef(124621163998): object was freed before callback; returning Nil.
    [428] <engine-1>[GdPAI] ObjectRef(124621163998): object was freed before callback; returning Nil.
    [429] <engine-1>[GdPAI] ObjectRef(1382643928884): object was freed before callback; returning Nil.
    [430] <engine-1>[GdPAI] ObjectRef(124621163998): object was freed before callback; returning Nil.
    [431] <engine-1>[GdPAI] ObjectRef(124621163998): object was freed before callback; returning Nil.
    [432] <engine-1>[GdPAI] ObjectRef(1382643928884): object was freed before callback; returning Nil.
    [433] <engine-1>[GdPAI] ObjectRef(124621163998): object was freed before callback; returning Nil.
    [434] <engine-1>[GdPAI] ObjectRef(124621163998): object was freed before callback; returning Nil.
    [435] <engine-1>[GdPAI] ObjectRef(1382643928884): object was freed before callback; returning Nil.
    [436] <engine-1>[GdPAI] ObjectRef(124621163998): object was freed before callback; returning Nil.
    [437] <engine-1>[GdPAI] ObjectRef(124621163998): object was freed before callback; returning Nil.
    [438] <engine-1>[GdPAI] ObjectRef(1382643928884): object was freed before callback; returning Nil.
    [439] <engine-1>[GdPAI] ObjectRef(1382643928884): object was freed before callback; returning Nil.
    [440] <engine-1>[GdPAI] ObjectRef(124621163998): object was freed before callback; returning Nil.
    [441] <engine-1>[GdPAI] ObjectRef(124621163998): object was freed before callback; returning Nil.
    [442] <engine-1>[GdPAI] ObjectRef(1382643928884): object was freed before callback; returning Nil.
    [443] <engine-1>[GdPAI] ObjectRef(1382643928884): object was freed before callback; returning Nil.
    [444] <engine-1>[GdPAI] ObjectRef(124621163998): object was freed before callback; returning Nil.
    [445] <engine-1>[GdPAI] ObjectRef(124621163998): object was freed before callback; returning Nil.
    [446] <engine-1>[GdPAI] ObjectRef(1382643928884): object was freed before callback; returning Nil.
    [447] <engine-1>[GdPAI] ObjectRef(124621163998): object was freed before callback; returning Nil.
    [448] <engine-1>[GdPAI] ObjectRef(124621163998): object was freed before callback; returning Nil.
    [449] <engine-1>[GdPAI] ObjectRef(1382643928884): object was freed before callback; returning Nil.
    [450] <engine-1>[GdPAI] ObjectRef(124621163998): object was freed before callback; returning Nil.
    [451] <engine-1>[GdPAI] ObjectRef(124621163998): object was freed before callback; returning Nil.
    [452] <engine-1>[GdPAI] ObjectRef(1382643928884): object was freed before callback; returning Nil.
    [453] <engine-1>[GdPAI] ObjectRef(124621163998): object was freed before callback; returning Nil.
    [454] <engine-1>[GdPAI] ObjectRef(124621163998): object was freed before callback; returning Nil.
    [455] <engine-1>[GdPAI] ObjectRef(1382643928884): object was freed before callback; returning Nil.
    [456] <engine-1>[GdPAI] ObjectRef(124621163998): object was freed before callback; returning Nil.
    [457] <engine-1>[GdPAI] ObjectRef(124621163998): object was freed before callback; returning Nil.
    [458] <engine-1>[GdPAI] ObjectRef(1382643928884): object was freed before callback; returning Nil.
    [459] <engine-1>[GdPAI] ObjectRef(124621163998): object was freed before callback; returning Nil.
    [460] <engine-1>[GdPAI] ObjectRef(124621163998): object was freed before callback; returning Nil.
    [461] <engine-1>[GdPAI] ObjectRef(1382643928884): object was freed before callback; returning Nil.
    [462] <engine-1>[GdPAI] ObjectRef(124621163998): object was freed before callback; returning Nil.
    [463] <engine-1>[GdPAI] ObjectRef(124621163998): object was freed before callback; returning Nil.
    [464] <engine-1>[GdPAI] ObjectRef(1382643928884): object was freed before callback; returning Nil.
    [465] <engine-1>[GdPAI] ObjectRef(1382643928884): object was freed before callback; returning Nil.
    [466] <engine-1>[GdPAI] ObjectRef(124621163998): object was freed before callback; returning Nil.
    [467] <engine-1>[GdPAI] ObjectRef(124621163998): object was freed before callback; returning Nil.
    [468] <engine-1>[GdPAI] ObjectRef(1382643928884): object was freed before callback; returning Nil.
    [469] <engine-1>[GdPAI] ObjectRef(1382643928884): object was freed before callback; returning Nil.
    [470] <engine-1>[GdPAI] ObjectRef(124621163998): object was freed before callback; returning Nil.
    [471] <engine-1>[GdPAI] ObjectRef(124621163998): object was freed before callback; returning Nil.
    [472] <engine-1>[GdPAI] ObjectRef(1382643928884): object was freed before callback; returning Nil.
    [473] <engine-1>[GdPAI] ObjectRef(124621163998): object was freed before callback; returning Nil.
    [474] <engine-1>[GdPAI] ObjectRef(124621163998): object was freed before callback; returning Nil.
    [475] <engine-1>[GdPAI] ObjectRef(1382643928884): object was freed before callback; returning Nil.
    [476] <engine-1>[GdPAI] ObjectRef(124621163998): object was freed before callback; returning Nil.
    [477] <engine-1>[GdPAI] ObjectRef(124621163998): object was freed before callback; returning Nil.
    [478] <engine-1>[GdPAI] ObjectRef(1382643928884): object was freed before callback; returning Nil.
    [479] <engine-1>[GdPAI] ObjectRef(124621163998): object was freed before callback; returning Nil.
    [480] <engine-1>[GdPAI] ObjectRef(124621163998): object was freed before callback; returning Nil.
    [481] <engine-1>[GdPAI] ObjectRef(124134624705): object was freed before callback; returning Nil.
    [482] <engine-1>[GdPAI] ObjectRef(125510356497): object was freed before callback; returning Nil.
    [483] <engine-1>[GdPAI] ObjectRef(124134624705): object was freed before callback; returning Nil.
    [484] <engine-1>[GdPAI] ObjectRef(124134624705): object was freed before callback; returning Nil.
    [485] <engine-1>[GdPAI] ObjectRef(125510356497): object was freed before callback; returning Nil.
    [486] <engine-1>[GdPAI] ObjectRef(124134624705): object was freed before callback; returning Nil.
    [487] <engine-1>[GdPAI] ObjectRef(1382643928884): object was freed before callback; returning Nil.
    [488] <engine-1>[GdPAI] ObjectRef(124621163998): object was freed before callback; returning Nil.
    [489] <engine-1>[GdPAI] ObjectRef(124621163998): object was freed before callback; returning Nil.
    [490] <engine-1>[GdPAI] ObjectRef(124134624705): object was freed before callback; returning Nil.
    [491] <engine-1>[GdPAI] ObjectRef(125510356497): object was freed before callback; returning Nil.
    [492] <engine-1>[GdPAI] ObjectRef(124134624705): object was freed before callback; returning Nil.
    [493] <engine-1>[GdPAI] ObjectRef(124134624705): object was freed before callback; returning Nil.
    [494] <engine-1>[GdPAI] ObjectRef(125510356497): object was freed before callback; returning Nil.
    [495] <engine-1>[GdPAI] ObjectRef(124134624705): object was freed before callback; returning Nil.
    [496] <engine-1>[GdPAI] ObjectRef(1382643928884): object was freed before callback; returning Nil.
    [497] <engine-1>[GdPAI] ObjectRef(124621163998): object was freed before callback; returning Nil.
    [498] <engine-1>[GdPAI] ObjectRef(124134624705): object was freed before callback; returning Nil.
    [499] <engine-1>[GdPAI] ObjectRef(124134624705): object was freed before callback; returning Nil.
    [500] <engine-1>[GdPAI] ObjectRef(1382643928884): object was freed before callback; returning Nil.
    [501] <engine-1>[GdPAI] ObjectRef(124621163998): object was freed before callback; returning Nil.
    [502] <engine-1>[GdPAI] ObjectRef(124134624705): object was freed before callback; returning Nil.
    [503] <engine-1>[GdPAI] ObjectRef(124134624705): object was freed before callback; returning Nil.
    [504] <engine-1>[GdPAI] ObjectRef(1382643928884): object was freed before callback; returning Nil.
    [505] <engine-1>[GdPAI] ObjectRef(1382643928884): object was freed before callback; returning Nil.
    [506] <engine-1>[GdPAI] ObjectRef(124621163998): object was freed before callback; returning Nil.
    [507] <engine-1>[GdPAI] ObjectRef(1382643928884): object was freed before callback; returning Nil.
    [508] <engine-1>[GdPAI] ObjectRef(1382643928884): object was freed before callback; returning Nil.
    [509] <engine-1>[GdPAI] ObjectRef(124621163998): object was freed before callback; returning Nil.
    [510] <engine-1>[GdPAI] ObjectRef(1382643928884): object was freed before callback; returning Nil.
    [511] <engine-1>[GdPAI] ObjectRef(124621163998): object was freed before callback; returning Nil.
    [512] <engine-1>[GdPAI] ObjectRef(125510356497): object was freed before callback; returning Nil.
    [513] <engine-1>[GdPAI] ObjectRef(125510356497): object was freed before callback; returning Nil.
    [514] <engine-1>[GdPAI] ObjectRef(1382643928884): object was freed before callback; returning Nil.
    [515] <engine-1>[GdPAI] ObjectRef(124621163998): object was freed before callback; returning Nil.
    [516] <engine-1>[GdPAI] ObjectRef(125510356497): object was freed before callback; returning Nil.
    [517] <engine-1>[GdPAI] ObjectRef(125510356497): object was freed before callback; returning Nil.
    [518] <engine-1>[GdPAI] ObjectRef(1382643928884): object was freed before callback; returning Nil.
    [519] <engine-1>[GdPAI] ObjectRef(124621163998): object was freed before callback; returning Nil.
    [520] <engine-1>[GdPAI] ObjectRef(124134624705): object was freed before callback; returning Nil.
    [521] <engine-1>[GdPAI] ObjectRef(124134624705): object was freed before callback; returning Nil.
    [522] <engine-1>[GdPAI] ObjectRef(1382643928884): object was freed before callback; returning Nil.
    [523] <engine-1>[GdPAI] ObjectRef(124621163998): object was freed before callback; returning Nil.
    [524] <engine-1>[GdPAI] ObjectRef(124134624705): object was freed before callback; returning Nil.
    [525] <engine-1>[GdPAI] ObjectRef(124134624705): object was freed before callback; returning Nil.
    [526] <engine-1>[GdPAI] ObjectRef(1382643928884): object was freed before callback; returning Nil.
    [527] <engine-1>[GdPAI] ObjectRef(124621163998): object was freed before callback; returning Nil.
    [528] <engine-1>[GdPAI] ObjectRef(1382643928884): object was freed before callback; returning Nil.
    [529] <engine-1>[GdPAI] ObjectRef(124621163998): object was freed before callback; returning Nil.
    [530] <engine-1>[GdPAI] ObjectRef(1382643928884): object was freed before callback; returning Nil.
    [531] <engine-1>[GdPAI] ObjectRef(1382643928884): object was freed before callback; returning Nil.
    [532] <engine-1>[GdPAI] ObjectRef(124621163998): object was freed before callback; returning Nil.
    [533] <engine-1>[GdPAI] ObjectRef(124621163998): object was freed before callback; returning Nil.
    [534] <engine-1>[GdPAI] ObjectRef(1382643928884): object was freed before callback; returning Nil.
    [535] <engine-1>[GdPAI] ObjectRef(1382643928884): object was freed before callback; returning Nil.
    [536] <engine-1>[GdPAI] ObjectRef(124621163998): object was freed before callback; returning Nil.
    [537] <engine-1>[GdPAI] ObjectRef(124621163998): object was freed before callback; returning Nil.
    [538] <engine-1>[GdPAI] ObjectRef(1382643928884): object was freed before callback; returning Nil.
    [539] <engine-1>[GdPAI] ObjectRef(1382643928884): object was freed before callback; returning Nil.
    [540] <engine-1>[GdPAI] ObjectRef(124621163998): object was freed before callback; returning Nil.
    [541] <engine-1>[GdPAI] ObjectRef(1382643928884): object was freed before callback; returning Nil.
    [542] <engine-1>[GdPAI] ObjectRef(1382643928884): object was freed before callback; returning Nil.
    [543] <engine-1>[GdPAI] ObjectRef(124621163998): object was freed before callback; returning Nil.
    [544] <engine-1>[GdPAI] ObjectRef(1382643928884): object was freed before callback; returning Nil.
    [545] <engine-1>[GdPAI] ObjectRef(1382643928884): object was freed before callback; returning Nil.
    [546] <engine-1>[GdPAI] ObjectRef(124621163998): object was freed before callback; returning Nil.
    [547] <engine-1>[GdPAI] ObjectRef(1382643928884): object was freed before callback; returning Nil.
    [548] <engine-1>[GdPAI] ObjectRef(1382643928884): object was freed before callback; returning Nil.
    [549] <engine-1>[GdPAI] ObjectRef(124621163998): object was freed before callback; returning Nil.
    [550] <engine-1>[GdPAI] ObjectRef(1382643928884): object was freed before callback; returning Nil.
    [551] <engine-1>[GdPAI] ObjectRef(1382643928884): object was freed before callback; returning Nil.
    [552] <engine-1>[GdPAI] ObjectRef(124621163998): object was freed before callback; returning Nil.
    [553] <engine-1>[GdPAI] ObjectRef(1382643928884): object was freed before callback; returning Nil.
    [554] <engine-1>[GdPAI] ObjectRef(1382643928884): object was freed before callback; returning Nil.
    [555] <engine-1>[GdPAI] ObjectRef(124621163998): object was freed before callback; returning Nil.
    [556] <engine-1>[GdPAI] ObjectRef(1382643928884): object was freed before callback; returning Nil.
    [557] <engine-1>[GdPAI] ObjectRef(1382643928884): object was freed before callback; returning Nil.
    [558] <engine-1>[GdPAI] ObjectRef(124621163998): object was freed before callback; returning Nil.
    [559] <engine-1>[GdPAI] ObjectRef(1382643928884): object was freed before callback; returning Nil.
    [560] <engine-1>[GdPAI] ObjectRef(1382643928884): object was freed before callback; returning Nil.
    [561] <engine-1>[GdPAI] ObjectRef(124621163998): object was freed before callback; returning Nil.
    [562] <engine-1>[GdPAI] ObjectRef(1382643928884): object was freed before callback; returning Nil.
    [563] <engine-1>[GdPAI] ObjectRef(1382643928884): object was freed before callback; returning Nil.
    [564] <engine-1>[GdPAI] ObjectRef(124621163998): object was freed before callback; returning Nil.
    [565] <engine-1>[GdPAI] ObjectRef(1382643928884): object was freed before callback; returning Nil.
    [566] <engine-1>[GdPAI] ObjectRef(1382643928884): object was freed before callback; returning Nil.
    [567] <engine-1>[GdPAI] ObjectRef(124621163998): object was freed before callback; returning Nil.
    [568] <engine-1>[GdPAI] ObjectRef(1382643928884): object was freed before callback; returning Nil.
    [569] <engine-1>[GdPAI] ObjectRef(1382643928884): object was freed before callback; returning Nil.
    [570] <engine-1>[GdPAI] ObjectRef(124621163998): object was freed before callback; returning Nil.
    [571] <engine-1>[GdPAI] ObjectRef(124621163998): object was freed before callback; returning Nil.
    [572] <engine-1>[GdPAI] ObjectRef(124134624705): object was freed before callback; returning Nil.
    [573] <engine-1>[GdPAI] ObjectRef(125510356497): object was freed before callback; returning Nil.
    [574] <engine-1>[GdPAI] ObjectRef(124134624705): object was freed before callback; returning Nil.
    [575] <engine-1>[GdPAI] ObjectRef(124134624705): object was freed before callback; returning Nil.
    [576] <engine-1>[GdPAI] ObjectRef(125510356497): object was freed before callback; returning Nil.
    [577] <engine-1>[GdPAI] ObjectRef(124134624705): object was freed before callback; returning Nil.
    [578] <engine-1>[GdPAI] ObjectRef(1382643928884): object was freed before callback; returning Nil.
    [579] <engine-1>[GdPAI] ObjectRef(1382643928884): object was freed before callback; returning Nil.
    [580] <engine-1>[GdPAI] ObjectRef(124621163998): object was freed before callback; returning Nil.
    [581] <engine-1>[GdPAI] ObjectRef(124621163998): object was freed before callback; returning Nil.
    [582] <engine-1>[GdPAI] ObjectRef(124134624705): object was freed before callback; returning Nil.
    [583] <engine-1>[GdPAI] ObjectRef(125510356497): object was freed before callback; returning Nil.
    [584] <engine-1>[GdPAI] ObjectRef(124134624705): object was freed before callback; returning Nil.
    [585] <engine-1>[GdPAI] ObjectRef(124134624705): object was freed before callback; returning Nil.
    [586] <engine-1>[GdPAI] ObjectRef(125510356497): object was freed before callback; returning Nil.
    [587] <engine-1>[GdPAI] ObjectRef(124134624705): object was freed before callback; returning Nil.
    [588] <engine-1>[GdPAI] ObjectRef(1382643928884): object was freed before callback; returning Nil.
    [589] <engine-1>[GdPAI] ObjectRef(1382643928884): object was freed before callback; returning Nil.
    [590] <engine-1>[GdPAI] ObjectRef(124621163998): object was freed before callback; returning Nil.
    [591] <engine-1>[GdPAI] ObjectRef(124134624705): object was freed before callback; returning Nil.
    [592] <engine-1>[GdPAI] ObjectRef(124134624705): object was freed before callback; returning Nil.
    [593] <engine-1>[GdPAI] ObjectRef(1382643928884): object was freed before callback; returning Nil.
    [594] <engine-1>[GdPAI] ObjectRef(1382643928884): object was freed before callback; returning Nil.
    [595] <engine-1>[GdPAI] ObjectRef(124621163998): object was freed before callback; returning Nil.
    [596] <engine-1>[GdPAI] ObjectRef(124134624705): object was freed before callback; returning Nil.
    [597] <engine-1>[GdPAI] ObjectRef(124134624705): object was freed before callback; returning Nil.
    [598] <engine-1>[GdPAI] ObjectRef(1382643928884): object was freed before callback; returning Nil.
    [599] <engine-1>[GdPAI] ObjectRef(1382643928884): object was freed before callback; returning Nil.
    [600] <engine-1>[GdPAI] ObjectRef(124621163998): object was freed before callback; returning Nil.
    [601] <engine-1>[GdPAI] ObjectRef(1382643928884): object was freed before callback; returning Nil.
    [602] <engine-1>[GdPAI] ObjectRef(1382643928884): object was freed before callback; returning Nil.
    [603] <engine-1>[GdPAI] ObjectRef(124621163998): object was freed before callback; returning Nil.
    [604] <engine-1>[GdPAI] ObjectRef(1382643928884): object was freed before callback; returning Nil.
    [605] <engine-1>[GdPAI] ObjectRef(1382643928884): object was freed before callback; returning Nil.
    [606] <engine-1>[GdPAI] ObjectRef(124621163998): object was freed before callback; returning Nil.
    [607] <engine-1>[GdPAI] ObjectRef(125510356497): object was freed before callback; returning Nil.
    [608] <engine-1>[GdPAI] ObjectRef(125510356497): object was freed before callback; returning Nil.
    [609] <engine-1>[GdPAI] ObjectRef(1382643928884): object was freed before callback; returning Nil.
    [610] <engine-1>[GdPAI] ObjectRef(1382643928884): object was freed before callback; returning Nil.
    [611] <engine-1>[GdPAI] ObjectRef(124621163998): object was freed before callback; returning Nil.
    [612] <engine-1>[GdPAI] ObjectRef(125510356497): object was freed before callback; returning Nil.
    [613] <engine-1>[GdPAI] ObjectRef(125510356497): object was freed before callback; returning Nil.
    [614] <engine-1>[GdPAI] ObjectRef(1382643928884): object was freed before callback; returning Nil.
    [615] <engine-1>[GdPAI] ObjectRef(1382643928884): object was freed before callback; returning Nil.
    [616] <engine-1>[GdPAI] ObjectRef(124621163998): object was freed before callback; returning Nil.
    [617] <engine-1>[GdPAI] ObjectRef(124134624705): object was freed before callback; returning Nil.
    [618] <engine-1>[GdPAI] ObjectRef(124134624705): object was freed before callback; returning Nil.
    [619] <engine-1>[GdPAI] ObjectRef(1382643928884): object was freed before callback; returning Nil.
    [620] <engine-1>[GdPAI] ObjectRef(1382643928884): object was freed before callback; returning Nil.
    [621] <engine-1>[GdPAI] ObjectRef(124621163998): object was freed before callback; returning Nil.
    [622] <engine-1>[GdPAI] ObjectRef(124134624705): object was freed before callback; returning Nil.
    [623] <engine-1>[GdPAI] ObjectRef(124134624705): object was freed before callback; returning Nil.
    [624] <engine-1>[GdPAI] ObjectRef(1382643928884): object was freed before callback; returning Nil.
    [625] <engine-1>[GdPAI] ObjectRef(1382643928884): object was freed before callback; returning Nil.
    [626] <engine-1>[GdPAI] ObjectRef(124621163998): object was freed before callback; returning Nil.
    [627] <engine-1>[GdPAI] ObjectRef(1382643928884): object was freed before callback; returning Nil.
    [628] <engine-1>[GdPAI] ObjectRef(1382643928884): object was freed before callback; returning Nil.
    [629] <engine-1>[GdPAI] ObjectRef(124621163998): object was freed before callback; returning Nil.
    [630] <engine-1>[GdPAI] ObjectRef(1382643928884): object was freed before callback; returning Nil.
    [631] <engine-1>[GdPAI] ObjectRef(1382643928884): object was freed before callback; returning Nil.
    [632] <engine-1>[GdPAI] ObjectRef(124621163998): object was freed before callback; returning Nil.
    [633] <engine-1>[GdPAI] ObjectRef(124621163998): object was freed before callback; returning Nil.
    [634] <engine-1>[GdPAI] ObjectRef(1382643928884): object was freed before callback; returning Nil.
    [635] <engine-1>[GdPAI] ObjectRef(1382643928884): object was freed before callback; returning Nil.
    [636] <engine-1>[GdPAI] ObjectRef(124621163998): object was freed before callback; returning Nil.
    [637] <engine-1>[GdPAI] ObjectRef(124621163998): object was freed before callback; returning Nil.
    [638] <engine-1>[GdPAI] ObjectRef(1382643928884): object was freed before callback; returning Nil.
    [639] <engine-1>[GdPAI] ObjectRef(1382643928884): object was freed before callback; returning Nil.
    [640] <engine-1>[GdPAI] ObjectRef(1382157389614): object was freed before callback; returning Nil.
    [641] <engine-1>[GdPAI] ObjectRef(1383499573091): object was freed before callback; returning Nil.
    [642] <engine-1>[GdPAI] ObjectRef(1382157389614): object was freed before callback; returning Nil.
    [643] <engine-1>[GdPAI] ObjectRef(1383499573091): object was freed before callback; returning Nil.
    [644] <engine-1>[GdPAI] ObjectRef(124621163998): object was freed before callback; returning Nil.
    [645] <engine-1>[GdPAI] ObjectRef(1382643928884): object was freed before callback; returning Nil.
    [646] <engine-1>[GdPAI] ObjectRef(1382643928884): object was freed before callback; returning Nil.
    [647] <engine-1>[GdPAI] ObjectRef(1382157389614): object was freed before callback; returning Nil.
    [648] <engine-1>[GdPAI] ObjectRef(1383499573091): object was freed before callback; returning Nil.
    [649] <engine-1>[GdPAI] ObjectRef(1382157389614): object was freed before callback; returning Nil.
    [650] <engine-1>[GdPAI] ObjectRef(1383499573091): object was freed before callback; returning Nil.
    [651] <engine-1>[GdPAI] ObjectRef(124621163998): object was freed before callback; returning Nil.
    [652] <engine-1>[GdPAI] ObjectRef(1382643928884): object was freed before callback; returning Nil.
    [653] <engine-1>[GdPAI] ObjectRef(1383499573091): object was freed before callback; returning Nil.
    [654] <engine-1>[GdPAI] ObjectRef(1383499573091): object was freed before callback; returning Nil.
    [655] <engine-1>[GdPAI] ObjectRef(124621163998): object was freed before callback; returning Nil.
    [656] <engine-1>[GdPAI] ObjectRef(1382643928884): object was freed before callback; returning Nil.
    [657] <engine-1>[GdPAI] ObjectRef(1383499573091): object was freed before callback; returning Nil.
    [658] <engine-1>[GdPAI] ObjectRef(1383499573091): object was freed before callback; returning Nil.
    [659] <engine-1>[GdPAI] ObjectRef(124621163998): object was freed before callback; returning Nil.
    [660] <engine-1>[GdPAI] ObjectRef(1382643928884): object was freed before callback; returning Nil.
    [661] <engine-1>[GdPAI] ObjectRef(1382157389614): object was freed before callback; returning Nil.
    [662] <engine-1>[GdPAI] ObjectRef(1382157389614): object was freed before callback; returning Nil.
    [663] <engine-1>[GdPAI] ObjectRef(124621163998): object was freed before callback; returning Nil.
    [664] <engine-1>[GdPAI] ObjectRef(1382643928884): object was freed before callback; returning Nil.
    [665] <engine-1>[GdPAI] ObjectRef(1382157389614): object was freed before callback; returning Nil.
    [666] <engine-1>[GdPAI] ObjectRef(1382157389614): object was freed before callback; returning Nil.
    [667] <engine-1>[GdPAI] ObjectRef(124621163998): object was freed before callback; returning Nil.
    [668] <engine-1>[GdPAI] ObjectRef(1382643928884): object was freed before callback; returning Nil.
    [669] <engine-1>[GdPAI] ObjectRef(124621163998): object was freed before callback; returning Nil.
    [670] <engine-1>[GdPAI] ObjectRef(1382643928884): object was freed before callback; returning Nil.
    [671] <engine-1>[GdPAI] ObjectRef(124621163998): object was freed before callback; returning Nil.
    [672] <engine-1>[GdPAI] ObjectRef(1382643928884): object was freed before callback; returning Nil.
    [673] <engine-1>[GdPAI] ObjectRef(1382643928884): object was freed before callback; returning Nil.
    [674] <engine-1>[GdPAI] ObjectRef(124621163998): object was freed before callback; returning Nil.
    [675] <engine-1>[GdPAI] ObjectRef(1382643928884): object was freed before callback; returning Nil.
    [676] <engine-1>[GdPAI] ObjectRef(1382643928884): object was freed before callback; returning Nil.
    [677] <engine-1>[GdPAI] ObjectRef(124621163998): object was freed before callback; returning Nil.
    [678] <engine-1>[GdPAI] ObjectRef(1382643928884): object was freed before callback; returning Nil.
    [679] <engine-1>[GdPAI] ObjectRef(124621163998): object was freed before callback; returning Nil.
    [680] <engine-1>[GdPAI] ObjectRef(124621163998): object was freed before callback; returning Nil.
    [681] <engine-1>[GdPAI] ObjectRef(1382643928884): object was freed before callback; returning Nil.
    [682] <engine-1>[GdPAI] ObjectRef(124621163998): object was freed before callback; returning Nil.
    [683] <engine-1>[GdPAI] ObjectRef(124621163998): object was freed before callback; returning Nil.
    [684] <engine-1>[GdPAI] ObjectRef(1382643928884): object was freed before callback; returning Nil.
    [685] <engine-1>[GdPAI] ObjectRef(124621163998): object was freed before callback; returning Nil.
    [686] <engine-1>[GdPAI] ObjectRef(1382643928884): object was freed before callback; returning Nil.
    [687] <engine-1>[GdPAI] ObjectRef(124621163998): object was freed before callback; returning Nil.
    [688] <engine-1>[GdPAI] ObjectRef(1382643928884): object was freed before callback; returning Nil.
    [689] <engine-1>[GdPAI] ObjectRef(124621163998): object was freed before callback; returning Nil.
    [690] <engine-1>[GdPAI] ObjectRef(1382643928884): object was freed before callback; returning Nil.
    [691] <engine-1>[GdPAI] ObjectRef(124621163998): object was freed before callback; returning Nil.
    [692] <engine-1>[GdPAI] ObjectRef(1382643928884): object was freed before callback; returning Nil.
    [693] <engine-1>[GdPAI] ObjectRef(1382643928884): object was freed before callback; returning Nil.
    [694] <engine-1>[GdPAI] ObjectRef(1382157389614): object was freed before callback; returning Nil.
    [695] <engine-1>[GdPAI] ObjectRef(1383499573091): object was freed before callback; returning Nil.
    [696] <engine-1>[GdPAI] ObjectRef(1382157389614): object was freed before callback; returning Nil.
    [697] <engine-1>[GdPAI] ObjectRef(1383499573091): object was freed before callback; returning Nil.
    [698] <engine-1>[GdPAI] ObjectRef(124621163998): object was freed before callback; returning Nil.
    [699] <engine-1>[GdPAI] ObjectRef(1382643928884): object was freed before callback; returning Nil.
    [700] <engine-1>[GdPAI] ObjectRef(1382643928884): object was freed before callback; returning Nil.
    [701] <engine-1>[GdPAI] ObjectRef(1382157389614): object was freed before callback; returning Nil.
    [702] <engine-1>[GdPAI] ObjectRef(1383499573091): object was freed before callback; returning Nil.
    [703] <engine-1>[GdPAI] ObjectRef(1382157389614): object was freed before callback; returning Nil.
    [704] <engine-1>[GdPAI] ObjectRef(1383499573091): object was freed before callback; returning Nil.
    [705] <engine-1>[GdPAI] ObjectRef(124621163998): object was freed before callback; returning Nil.
    [706] <engine-1>[GdPAI] ObjectRef(1382643928884): object was freed before callback; returning Nil.
    [707] <engine-1>[GdPAI] ObjectRef(1383499573091): object was freed before callback; returning Nil.
    [708] <engine-1>[GdPAI] ObjectRef(1383499573091): object was freed before callback; returning Nil.
    [709] <engine-1>[GdPAI] ObjectRef(124621163998): object was freed before callback; returning Nil.
    [710] <engine-1>[GdPAI] ObjectRef(1382643928884): object was freed before callback; returning Nil.
    [711] <engine-1>[GdPAI] ObjectRef(1383499573091): object was freed before callback; returning Nil.
    [712] <engine-1>[GdPAI] ObjectRef(1383499573091): object was freed before callback; returning Nil.
    [713] <engine-1>[GdPAI] ObjectRef(124621163998): object was freed before callback; returning Nil.
    [714] <engine-1>[GdPAI] ObjectRef(1382643928884): object was freed before callback; returning Nil.
    [715] <engine-1>[GdPAI] ObjectRef(1382157389614): object was freed before callback; returning Nil.
    [716] <engine-1>[GdPAI] ObjectRef(1382157389614): object was freed before callback; returning Nil.
    [717] <engine-1>[GdPAI] ObjectRef(124621163998): object was freed before callback; returning Nil.
    [718] <engine-1>[GdPAI] ObjectRef(1382643928884): object was freed before callback; returning Nil.
    [719] <engine-1>[GdPAI] ObjectRef(1382157389614): object was freed before callback; returning Nil.
    [720] <engine-1>[GdPAI] ObjectRef(1382157389614): object was freed before callback; returning Nil.
    [721] <engine-1>[GdPAI] ObjectRef(124621163998): object was freed before callback; returning Nil.
    [722] <engine-1>[GdPAI] ObjectRef(1382643928884): object was freed before callback; returning Nil.
    [723] <engine-1>[GdPAI] ObjectRef(124621163998): object was freed before callback; returning Nil.
    [724] <engine-1>[GdPAI] ObjectRef(124621163998): object was freed before callback; returning Nil.
    [725] <engine-1>[GdPAI] ObjectRef(1382643928884): object was freed before callback; returning Nil.
    [726] <engine-1>[GdPAI] ObjectRef(124621163998): object was freed before callback; returning Nil.
    [727] <engine-1>[GdPAI] ObjectRef(124621163998): object was freed before callback; returning Nil.
    [728] <engine-1>[GdPAI] ObjectRef(1382643928884): object was freed before callback; returning Nil.
    [729] <engine-1>[GdPAI] ObjectRef(1382643928884): object was freed before callback; returning Nil.
    [730] <engine-1>[GdPAI] ObjectRef(124621163998): object was freed before callback; returning Nil.
    [731] <engine-1>[GdPAI] ObjectRef(1382643928884): object was freed before callback; returning Nil.
    [732] <engine-1>[GdPAI] ObjectRef(1382643928884): object was freed before callback; returning Nil.
    [733] <engine-1>[GdPAI] ObjectRef(124621163998): object was freed before callback; returning Nil.
    [734] <engine-1>[GdPAI] ObjectRef(1382643928884): object was freed before callback; returning Nil.
    [735] <engine-1>[GdPAI] ObjectRef(124621163998): object was freed before callback; returning Nil.
    [736] <engine-1>[GdPAI] ObjectRef(1382643928884): object was freed before callback; returning Nil.
    [737] <engine-1>[GdPAI] ObjectRef(124621163998): object was freed before callback; returning Nil.
    [738] <engine-1>[GdPAI] ObjectRef(1382643928884): object was freed before callback; returning Nil.
    [739] <engine-1>[GdPAI] ObjectRef(124621163998): object was freed before callback; returning Nil.
    [740] <engine-1>[GdPAI] ObjectRef(1382643928884): object was freed before callback; returning Nil.
    [741] <engine-1>[GdPAI] ObjectRef(124621163998): object was freed before callback; returning Nil.
    [742] <engine-1>[GdPAI] ObjectRef(1382643928884): object was freed before callback; returning Nil.
    [743] <engine-1>[GdPAI] ObjectRef(124621163998): object was freed before callback; returning Nil.
    [744] <engine-1>[GdPAI] ObjectRef(1382643928884): object was freed before callback; returning Nil.
    [745] <engine-1>[GdPAI] ObjectRef(124621163998): object was freed before callback; returning Nil.
    [746] <engine-1>[GdPAI] ObjectRef(1382643928884): object was freed before callback; returning Nil.
    [747] <engine-1>[GdPAI] ObjectRef(1382643928884): object was freed before callback; returning Nil.
    [748] <engine-1>[GdPAI] ObjectRef(124621163998): object was freed before callback; returning Nil.
    [749] <engine-1>[GdPAI] ObjectRef(1382643928884): object was freed before callback; returning Nil.
    [750] <engine-1>[GdPAI] ObjectRef(1382643928884): object was freed before callback; returning Nil.
    [751] <engine-1>[GdPAI] ObjectRef(124621163998): object was freed before callback; returning Nil.
    [752] <engine-1>[GdPAI] ObjectRef(1382643928884): object was freed before callback; returning Nil.
    [753] <engine-1>[GdPAI] ObjectRef(124621163998): object was freed before callback; returning Nil.
    [754] <engine-1>[GdPAI] ObjectRef(124621163998): object was freed before callback; returning Nil.
    [755] <engine-1>[GdPAI] ObjectRef(1382643928884): object was freed before callback; returning Nil.
    [756] <engine-1>[GdPAI] ObjectRef(124621163998): object was freed before callback; returning Nil.
    [757] <engine-1>[GdPAI] ObjectRef(124621163998): object was freed before callback; returning Nil.
    [758] <engine-1>[GdPAI] ObjectRef(1382643928884): object was freed before callback; returning Nil.
    [759] <engine-1>[GdPAI] ObjectRef(124621163998): object was freed before callback; returning Nil.
    [760] <engine-1>[GdPAI] ObjectRef(1382643928884): object was freed before callback; returning Nil.
    [761] <engine-1>[GdPAI] ObjectRef(124621163998): object was freed before callback; returning Nil.
    [762] <engine-1>[GdPAI] ObjectRef(1382643928884): object was freed before callback; returning Nil.
    [763] <engine-1>[GdPAI] ObjectRef(124621163998): object was freed before callback; returning Nil.
    [764] <engine-1>[GdPAI] ObjectRef(1382643928884): object was freed before callback; returning Nil.
    [765] <engine-1>[GdPAI] ObjectRef(124621163998): object was freed before callback; returning Nil.
    [766] <engine-1>[GdPAI] ObjectRef(1382643928884): object was freed before callback; returning Nil.
    [767] <engine-1>[GdPAI] ObjectRef(1382643928884): object was freed before callback; returning Nil.
    [768] <engine-1>[GdPAI] ObjectRef(124621163998): object was freed before callback; returning Nil.
    [769] <engine-1>[GdPAI] ObjectRef(1382643928884): object was freed before callback; returning Nil.
    [770] <engine-1>[GdPAI] ObjectRef(1382643928884): object was freed before callback; returning Nil.
    [771] <engine-1>[GdPAI] ObjectRef(124621163998): object was freed before callback; returning Nil.
    [772] <engine-1>[GdPAI] ObjectRef(1382643928884): object was freed before callback; returning Nil.
    [773] <engine-1>[GdPAI] ObjectRef(124621163998): object was freed before callback; returning Nil.
    [774] <engine-1>[GdPAI] ObjectRef(1382643928884): object was freed before callback; returning Nil.
    [775] <engine-1>[GdPAI] ObjectRef(124621163998): object was freed before callback; returning Nil.
    [776] <engine-1>[GdPAI] ObjectRef(1382643928884): object was freed before callback; returning Nil.
    [777] <engine-1>[GdPAI] ObjectRef(124621163998): object was freed before callback; returning Nil.
    [778] <engine-1>[GdPAI] ObjectRef(1382643928884): object was freed before callback; returning Nil.
    [779] <engine-1>[GdPAI] ObjectRef(124621163998): object was freed before callback; returning Nil.
    [780] <engine-1>[GdPAI] ObjectRef(1382643928884): object was freed before callback; returning Nil.
    [781] <engine-1>[GdPAI] ObjectRef(124621163998): object was freed before callback; returning Nil.
    [782] <engine-1>[GdPAI] ObjectRef(124621163998): object was freed before callback; returning Nil.
    [783] <engine-1>[GdPAI] ObjectRef(1382643928884): object was freed before callback; returning Nil.
    [784] <engine-1>[GdPAI] ObjectRef(124621163998): object was freed before callback; returning Nil.
    [785] <engine-1>[GdPAI] ObjectRef(124621163998): object was freed before callback; returning Nil.
    [786] <engine-1>[GdPAI] ObjectRef(1382643928884): object was freed before callback; returning Nil.
    [787] <engine-1>[GdPAI] ObjectRef(1382643928884): object was freed before callback; returning Nil.
    [788] <engine-1>[GdPAI] ObjectRef(124621163998): object was freed before callback; returning Nil.
    [789] <engine-1>[GdPAI] ObjectRef(1382643928884): object was freed before callback; returning Nil.
    [790] <engine-1>[GdPAI] ObjectRef(1382643928884): object was freed before callback; returning Nil.
    [791] <engine-1>[GdPAI] ObjectRef(124621163998): object was freed before callback; returning Nil.
    [792] <engine-1>[GdPAI] ObjectRef(1382643928884): object was freed before callback; returning Nil.
    [793] <engine-1>[GdPAI] ObjectRef(124621163998): object was freed before callback; returning Nil.
    [794] <engine-1>[GdPAI] ObjectRef(1382643928884): object was freed before callback; returning Nil.
    [795] <engine-1>[GdPAI] ObjectRef(124621163998): object was freed before callback; returning Nil.
    [796] <engine-1>[GdPAI] ObjectRef(1382643928884): object was freed before callback; returning Nil.
    [797] <engine-1>[GdPAI] ObjectRef(124621163998): object was freed before callback; returning Nil.
    [798] <engine-1>[GdPAI] ObjectRef(1382643928884): object was freed before callback; returning Nil.
    [799] <engine-1>[GdPAI] ObjectRef(124621163998): object was freed before callback; returning Nil.
    [800] <engine-1>[GdPAI] ObjectRef(1382643928884): object was freed before callback; returning Nil.
    [801] <engine-1>[GdPAI] ObjectRef(124621163998): object was freed before callback; returning Nil.
    [802] <engine-1>[GdPAI] ObjectRef(1382643928884): object was freed before callback; returning Nil.
    [803] <engine-1>[GdPAI] ObjectRef(124621163998): object was freed before callback; returning Nil.
    [804] <engine-1>[GdPAI] ObjectRef(1382643928884): object was freed before callback; returning Nil.
    [805] <engine-1>[GdPAI] ObjectRef(1382643928884): object was freed before callback; returning Nil.
    [806] <engine-1>[GdPAI] ObjectRef(124621163998): object was freed before callback; returning Nil.
    [807] <engine-1>[GdPAI] ObjectRef(1382643928884): object was freed before callback; returning Nil.
    [808] <engine-1>[GdPAI] ObjectRef(1382643928884): object was freed before callback; returning Nil.
    [809] <engine-1>[GdPAI] ObjectRef(124621163998): object was freed before callback; returning Nil.
    [810] <engine-1>[GdPAI] ObjectRef(1382643928884): object was freed before callback; returning Nil.
    [811] <engine-1>[GdPAI] ObjectRef(124621163998): object was freed before callback; returning Nil.
    [812] <engine-1>[GdPAI] ObjectRef(124621163998): object was freed before callback; returning Nil.
    [813] <engine-1>[GdPAI] ObjectRef(1382643928884): object was freed before callback; returning Nil.
    [814] <engine-1>[GdPAI] ObjectRef(124621163998): object was freed before callback; returning Nil.
    [815] <engine-1>[GdPAI] ObjectRef(124621163998): object was freed before callback; returning Nil.
    [816] <engine-1>[GdPAI] ObjectRef(1382643928884): object was freed before callback; returning Nil.
    [817] <engine-1>[GdPAI] ObjectRef(124621163998): object was freed before callback; returning Nil.
    [818] <engine-1>[GdPAI] ObjectRef(124621163998): object was freed before callback; returning Nil.
    [819] <engine-1>[GdPAI] ObjectRef(1382643928884): object was freed before callback; returning Nil.
    [820] <engine-1>[GdPAI] ObjectRef(124621163998): object was freed before callback; returning Nil.
    [821] <engine-1>[GdPAI] ObjectRef(124621163998): object was freed before callback; returning Nil.
    [822] <engine-1>[GdPAI] ObjectRef(1382643928884): object was freed before callback; returning Nil.
    [823] <engine-1>[GdPAI] ObjectRef(124621163998): object was freed before callback; returning Nil.
    [824] <engine-1>[GdPAI] ObjectRef(124621163998): object was freed before callback; returning Nil.
    [825] <engine-1>[GdPAI] ObjectRef(1382643928884): object was freed before callback; returning Nil.
    [826] <engine-1>[GdPAI] ObjectRef(124621163998): object was freed before callback; returning Nil.
    [827] <engine-1>[GdPAI] ObjectRef(124621163998): object was freed before callback; returning Nil.
    [828] <engine-1>[GdPAI] ObjectRef(1382643928884): object was freed before callback; returning Nil.
    [829] <engine-1>[GdPAI] ObjectRef(1382643928884): object was freed before callback; returning Nil.
    [830] <engine-1>[GdPAI] ObjectRef(124621163998): object was freed before callback; returning Nil.
    [831] <engine-1>[GdPAI] ObjectRef(124621163998): object was freed before callback; returning Nil.
    [832] <engine-1>[GdPAI] ObjectRef(1382643928884): object was freed before callback; returning Nil.
    [833] <engine-1>[GdPAI] ObjectRef(1382643928884): object was freed before callback; returning Nil.
    [834] <engine-1>[GdPAI] ObjectRef(124621163998): object was freed before callback; returning Nil.
    [835] <engine-1>[GdPAI] ObjectRef(124621163998): object was freed before callback; returning Nil.
    [836] <engine-1>[GdPAI] ObjectRef(1382643928884): object was freed before callback; returning Nil.
    [837] <engine-1>[GdPAI] ObjectRef(1382643928884): object was freed before callback; returning Nil.
    [838] <engine-1>[GdPAI] ObjectRef(124621163998): object was freed before callback; returning Nil.
    [839] <engine-1>[GdPAI] ObjectRef(124621163998): object was freed before callback; returning Nil.
    [840] <engine-1>[GdPAI] ObjectRef(1382643928884): object was freed before callback; returning Nil.
    [841] <engine-1>[GdPAI] ObjectRef(1382643928884): object was freed before callback; returning Nil.
    [842] <engine-1>[GdPAI] ObjectRef(124621163998): object was freed before callback; returning Nil.
    [843] <engine-1>[GdPAI] ObjectRef(124621163998): object was freed before callback; returning Nil.
    [844] <engine-1>[GdPAI] ObjectRef(1382643928884): object was freed before callback; returning Nil.
    [845] <engine-1>[GdPAI] ObjectRef(1382643928884): object was freed before callback; returning Nil.
    [846] <engine-1>[GdPAI] ObjectRef(124621163998): object was freed before callback; returning Nil.
    [847] <engine-1>[GdPAI] ObjectRef(124134624705): object was freed before callback; returning Nil.
    [848] <engine-1>[GdPAI] ObjectRef(125510356497): object was freed before callback; returning Nil.
    [849] <engine-1>[GdPAI] ObjectRef(124134624705): object was freed before callback; returning Nil.
    [850] <engine-1>[GdPAI] ObjectRef(125510356497): object was freed before callback; returning Nil.
    [851] <engine-1>[GdPAI] ObjectRef(1382643928884): object was freed before callback; returning Nil.
    [852] <engine-1>[GdPAI] ObjectRef(1382643928884): object was freed before callback; returning Nil.
    [853] <engine-1>[GdPAI] ObjectRef(124621163998): object was freed before callback; returning Nil.
    [854] <engine-1>[GdPAI] ObjectRef(124134624705): object was freed before callback; returning Nil.
    [855] <engine-1>[GdPAI] ObjectRef(125510356497): object was freed before callback; returning Nil.
    [856] <engine-1>[GdPAI] ObjectRef(124134624705): object was freed before callback; returning Nil.
    [857] <engine-1>[GdPAI] ObjectRef(125510356497): object was freed before callback; returning Nil.
    [858] <engine-1>[GdPAI] ObjectRef(1382643928884): object was freed before callback; returning Nil.
    [859] <engine-1>[GdPAI] ObjectRef(1382643928884): object was freed before callback; returning Nil.
    [860] <engine-1>[GdPAI] ObjectRef(124621163998): object was freed before callback; returning Nil.
    [861] <engine-1>[GdPAI] ObjectRef(1382643928884): object was freed before callback; returning Nil.
    [862] <engine-1>[GdPAI] ObjectRef(1382643928884): object was freed before callback; returning Nil.
    [863] <engine-1>[GdPAI] ObjectRef(124621163998): object was freed before callback; returning Nil.
    [864] <engine-1>[GdPAI] ObjectRef(1382643928884): object was freed before callback; returning Nil.
    [865] <engine-1>[GdPAI] ObjectRef(1382643928884): object was freed before callback; returning Nil.
    [866] <engine-1>[GdPAI] ObjectRef(124621163998): object was freed before callback; returning Nil.
    [867] <engine-1>[GdPAI] ObjectRef(125510356497): object was freed before callback; returning Nil.
    [868] <engine-1>[GdPAI] ObjectRef(125510356497): object was freed before callback; returning Nil.
    [869] <engine-1>[GdPAI] ObjectRef(1382643928884): object was freed before callback; returning Nil.
    [870] <engine-1>[GdPAI] ObjectRef(1382643928884): object was freed before callback; returning Nil.
    [871] <engine-1>[GdPAI] ObjectRef(124621163998): object was freed before callback; returning Nil.
    [872] <engine-1>[GdPAI] ObjectRef(125510356497): object was freed before callback; returning Nil.
    [873] <engine-1>[GdPAI] ObjectRef(125510356497): object was freed before callback; returning Nil.
    [874] <engine-1>[GdPAI] ObjectRef(1382643928884): object was freed before callback; returning Nil.
    [875] <engine-1>[GdPAI] ObjectRef(1382643928884): object was freed before callback; returning Nil.
    [876] <engine-1>[GdPAI] ObjectRef(124621163998): object was freed before callback; returning Nil.
    [877] <engine-1>[GdPAI] ObjectRef(124134624705): object was freed before callback; returning Nil.
    [878] <engine-1>[GdPAI] ObjectRef(124134624705): object was freed before callback; returning Nil.
    [879] <engine-1>[GdPAI] ObjectRef(1382643928884): object was freed before callback; returning Nil.
    [880] <engine-1>[GdPAI] ObjectRef(1382643928884): object was freed before callback; returning Nil.
    [881] <engine-1>[GdPAI] ObjectRef(124621163998): object was freed before callback; returning Nil.
    [882] <engine-1>[GdPAI] ObjectRef(124134624705): object was freed before callback; returning Nil.
    [883] <engine-1>[GdPAI] ObjectRef(124134624705): object was freed before callback; returning Nil.
    [884] <engine-1>[GdPAI] ObjectRef(1382643928884): object was freed before callback; returning Nil.
    [885] <engine-1>[GdPAI] ObjectRef(1382643928884): object was freed before callback; returning Nil.
    [886] <engine-1>[GdPAI] ObjectRef(124621163998): object was freed before callback; returning Nil.
    [887] <engine-1>[GdPAI] ObjectRef(1382643928884): object was freed before callback; returning Nil.
    [888] <engine-1>[GdPAI] ObjectRef(1382643928884): object was freed before callback; returning Nil.
    [889] <engine-1>[GdPAI] ObjectRef(124621163998): object was freed before callback; returning Nil.
    [890] <engine-1>[GdPAI] ObjectRef(1382643928884): object was freed before callback; returning Nil.
    [891] <engine-1>[GdPAI] ObjectRef(1382643928884): object was freed before callback; returning Nil.
    [892] <engine-1>[GdPAI] ObjectRef(124621163998): object was freed before callback; returning Nil.
    [893] <engine-1>[GdPAI] ObjectRef(124621163998): object was freed before callback; returning Nil.
    [894] <engine-1>[GdPAI] ObjectRef(1382643928884): object was freed before callback; returning Nil.
    [895] <engine-1>[GdPAI] ObjectRef(1382643928884): object was freed before callback; returning Nil.
    [896] <engine-1>[GdPAI] ObjectRef(124621163998): object was freed before callback; returning Nil.
    [897] <engine-1>[GdPAI] ObjectRef(124621163998): object was freed before callback; returning Nil.
    [898] <engine-1>[GdPAI] ObjectRef(1382643928884): object was freed before callback; returning Nil.
    [899] <engine-1>[GdPAI] ObjectRef(1382643928884): object was freed before callback; returning Nil.
    [900] <engine-1>[GdPAI] ObjectRef(124621163998): object was freed before callback; returning Nil.
    [901] <engine-1>[GdPAI] ObjectRef(124134624705): object was freed before callback; returning Nil.
    [902] <engine-1>[GdPAI] ObjectRef(125510356497): object was freed before callback; returning Nil.
    [903] <engine-1>[GdPAI] ObjectRef(124134624705): object was freed before callback; returning Nil.
    [904] <engine-1>[GdPAI] ObjectRef(125510356497): object was freed before callback; returning Nil.
    [905] <engine-1>[GdPAI] ObjectRef(1382643928884): object was freed before callback; returning Nil.
    [906] <engine-1>[GdPAI] ObjectRef(1382643928884): object was freed before callback; returning Nil.
    [907] <engine-1>[GdPAI] ObjectRef(124621163998): object was freed before callback; returning Nil.
    [908] <engine-1>[GdPAI] ObjectRef(124134624705): object was freed before callback; returning Nil.
    [909] <engine-1>[GdPAI] ObjectRef(125510356497): object was freed before callback; returning Nil.
    [910] <engine-1>[GdPAI] ObjectRef(124134624705): object was freed before callback; returning Nil.
    [911] <engine-1>[GdPAI] ObjectRef(125510356497): object was freed before callback; returning Nil.
    [912] <engine-1>[GdPAI] ObjectRef(1382643928884): object was freed before callback; returning Nil.
    [913] <engine-1>[GdPAI] ObjectRef(1382643928884): object was freed before callback; returning Nil.
    [914] <engine-1>[GdPAI] ObjectRef(124621163998): object was freed before callback; returning Nil.
    [915] <engine-1>[GdPAI] ObjectRef(1382643928884): object was freed before callback; returning Nil.
    [916] <engine-1>[GdPAI] ObjectRef(1382643928884): object was freed before callback; returning Nil.
    [917] <engine-1>[GdPAI] ObjectRef(124621163998): object was freed before callback; returning Nil.
    [918] <engine-1>[GdPAI] ObjectRef(1382643928884): object was freed before callback; returning Nil.
    [919] <engine-1>[GdPAI] ObjectRef(1382643928884): object was freed before callback; returning Nil.
    [920] <engine-1>[GdPAI] ObjectRef(124621163998): object was freed before callback; returning Nil.
    [921] <engine-1>[GdPAI] ObjectRef(125510356497): object was freed before callback; returning Nil.
    [922] <engine-1>[GdPAI] ObjectRef(125510356497): object was freed before callback; returning Nil.
    [923] <engine-1>[GdPAI] ObjectRef(1382643928884): object was freed before callback; returning Nil.
    [924] <engine-1>[GdPAI] ObjectRef(1382643928884): object was freed before callback; returning Nil.
    [925] <engine-1>[GdPAI] ObjectRef(124621163998): object was freed before callback; returning Nil.
    [926] <engine-1>[GdPAI] ObjectRef(125510356497): object was freed before callback; returning Nil.
    [927] <engine-1>[GdPAI] ObjectRef(125510356497): object was freed before callback; returning Nil.
    [928] <engine-1>[GdPAI] ObjectRef(1382643928884): object was freed before callback; returning Nil.
    [929] <engine-1>[GdPAI] ObjectRef(1382643928884): object was freed before callback; returning Nil.
    [930] <engine-1>[GdPAI] ObjectRef(124621163998): object was freed before callback; returning Nil.
    [931] <engine-1>[GdPAI] ObjectRef(124134624705): object was freed before callback; returning Nil.
    [932] <engine-1>[GdPAI] ObjectRef(124134624705): object was freed before callback; returning Nil.
    [933] <engine-1>[GdPAI] ObjectRef(1382643928884): object was freed before callback; returning Nil.
    [934] <engine-1>[GdPAI] ObjectRef(1382643928884): object was freed before callback; returning Nil.
    [935] <engine-1>[GdPAI] ObjectRef(124621163998): object was freed before callback; returning Nil.
    [936] <engine-1>[GdPAI] ObjectRef(124134624705): object was freed before callback; returning Nil.
    [937] <engine-1>[GdPAI] ObjectRef(124134624705): object was freed before callback; returning Nil.
    [938] <engine-1>[GdPAI] ObjectRef(1382643928884): object was freed before callback; returning Nil.
    [939] <engine-1>[GdPAI] ObjectRef(1382643928884): object was freed before callback; returning Nil.
    [940] <engine-1>[GdPAI] ObjectRef(124621163998): object was freed before callback; returning Nil.
    [941] <engine-1>[GdPAI] ObjectRef(1382643928884): object was freed before callback; returning Nil.
    [942] <engine-1>[GdPAI] ObjectRef(1382643928884): object was freed before callback; returning Nil.
    [943] <engine-1>[GdPAI] ObjectRef(124621163998): object was freed before callback; returning Nil.
    [944] <engine-1>[GdPAI] ObjectRef(1382643928884): object was freed before callback; returning Nil.
    [945] <engine-1>[GdPAI] ObjectRef(1382643928884): object was freed before callback; returning Nil.
    [946] <engine-1>[GdPAI] ObjectRef(1382610374135): object was freed before callback; returning Nil.
    [947] <engine-1>[GdPAI] ObjectRef(1383650561484): object was freed before callback; returning Nil.
    [948] <engine-1>[GdPAI] ObjectRef(1382610374135): object was freed before callback; returning Nil.
    [949] <engine-1>[GdPAI] ObjectRef(1383650561484): object was freed before callback; returning Nil.
    [950] <engine-1>[GdPAI] ObjectRef(124621163998): object was freed before callback; returning Nil.
    [951] <engine-1>[GdPAI] ObjectRef(124621163998): object was freed before callback; returning Nil.
    [952] <engine-1>[GdPAI] ObjectRef(1382643928884): object was freed before callback; returning Nil.
    [953] <engine-1>[GdPAI] ObjectRef(1382643928884): object was freed before callback; returning Nil.
    [954] <engine-1>[GdPAI] ObjectRef(1382610374135): object was freed before callback; returning Nil.
    [955] <engine-1>[GdPAI] ObjectRef(1383650561484): object was freed before callback; returning Nil.
    [956] <engine-1>[GdPAI] ObjectRef(1382610374135): object was freed before callback; returning Nil.
    [957] <engine-1>[GdPAI] ObjectRef(1383650561484): object was freed before callback; returning Nil.
    [958] <engine-1>[GdPAI] ObjectRef(124621163998): object was freed before callback; returning Nil.
    [959] <engine-1>[GdPAI] ObjectRef(124621163998): object was freed before callback; returning Nil.
    [960] <engine-1>[GdPAI] ObjectRef(1382643928884): object was freed before callback; returning Nil.
    [961] <engine-1>[GdPAI] ObjectRef(1383650561484): object was freed before callback; returning Nil.
    [962] <engine-1>[GdPAI] ObjectRef(1383650561484): object was freed before callback; returning Nil.
    [963] <engine-1>[GdPAI] ObjectRef(124621163998): object was freed before callback; returning Nil.
    [964] <engine-1>[GdPAI] ObjectRef(124134624705): object was freed before callback; returning Nil.
    [965] <engine-1>[GdPAI] ObjectRef(125510356497): object was freed before callback; returning Nil.
    [966] <engine-1>[GdPAI] ObjectRef(124134624705): object was freed before callback; returning Nil.
    [967] <engine-1>[GdPAI] ObjectRef(125510356497): object was freed before callback; returning Nil.
    [968] <engine-1>[GdPAI] ObjectRef(1382643928884): object was freed before callback; returning Nil.
    [969] <engine-1>[GdPAI] ObjectRef(1383650561484): object was freed before callback; returning Nil.
    [970] <engine-1>[GdPAI] ObjectRef(1383650561484): object was freed before callback; returning Nil.
    [971] <engine-1>[GdPAI] ObjectRef(124621163998): object was freed before callback; returning Nil.
    [972] <engine-1>[GdPAI] ObjectRef(124134624705): object was freed before callback; returning Nil.
    [973] <engine-1>[GdPAI] ObjectRef(125510356497): object was freed before callback; returning Nil.
    [974] <engine-1>[GdPAI] ObjectRef(124134624705): object was freed before callback; returning Nil.
    [975] <engine-1>[GdPAI] ObjectRef(125510356497): object was freed before callback; returning Nil.
    [976] <engine-1>[GdPAI] ObjectRef(1382643928884): object was freed before callback; returning Nil.
    [977] <engine-1>[GdPAI] ObjectRef(1382610374135): object was freed before callback; returning Nil.
    [978] <engine-1>[GdPAI] ObjectRef(1382610374135): object was freed before callback; returning Nil.
    [979] <engine-1>[GdPAI] ObjectRef(124621163998): object was freed before callback; returning Nil.
    [980] <engine-1>[GdPAI] ObjectRef(1382643928884): object was freed before callback; returning Nil.
    [981] <engine-1>[GdPAI] ObjectRef(1382610374135): object was freed before callback; returning Nil.
    [982] <engine-1>[GdPAI] ObjectRef(1382610374135): object was freed before callback; returning Nil.
    [983] <engine-1>[GdPAI] ObjectRef(124621163998): object was freed before callback; returning Nil.
    [984] <engine-1>[GdPAI] ObjectRef(1382643928884): object was freed before callback; returning Nil.
    [985] <engine-1>[GdPAI] ObjectRef(124621163998): object was freed before callback; returning Nil.
    [986] <engine-1>[GdPAI] ObjectRef(125510356497): object was freed before callback; returning Nil.
    [987] <engine-1>[GdPAI] ObjectRef(125510356497): object was freed before callback; returning Nil.
    [988] <engine-1>[GdPAI] ObjectRef(1382643928884): object was freed before callback; returning Nil.
    [989] <engine-1>[GdPAI] ObjectRef(124621163998): object was freed before callback; returning Nil.
    [990] <engine-1>[GdPAI] ObjectRef(125510356497): object was freed before callback; returning Nil.
    [991] <engine-1>[GdPAI] ObjectRef(125510356497): object was freed before callback; returning Nil.
    [992] <engine-1>[GdPAI] ObjectRef(1382643928884): object was freed before callback; returning Nil.
    [993] <engine-1>[GdPAI] ObjectRef(1382643928884): object was freed before callback; returning Nil.
    [994] <engine-1>[GdPAI] ObjectRef(124621163998): object was freed before callback; returning Nil.
    [995] <engine-1>[GdPAI] ObjectRef(124134624705): object was freed before callback; returning Nil.
    [996] <engine-1>[GdPAI] ObjectRef(124134624705): object was freed before callback; returning Nil.
    [997] <engine-1>[GdPAI] ObjectRef(1382643928884): object was freed before callback; returning Nil.
    [998] <engine-1>[GdPAI] ObjectRef(1382643928884): object was freed before callback; returning Nil.
    [999] <engine-1>[GdPAI] ObjectRef(124621163998): object was freed before callback; returning Nil.
    [1000] <engine-1>[GdPAI] ObjectRef(124134624705): object was freed before callback; returning Nil.
    [1001] <engine-1>[GdPAI] ObjectRef(124134624705): object was freed before callback; returning Nil.
    [1002] <engine-1>[GdPAI] ObjectRef(1382643928884): object was freed before callback; returning Nil.
    [1003] <engine-1>[GdPAI] ObjectRef(124621163998): object was freed before callback; returning Nil.
    [1004] <engine-1>[GdPAI] ObjectRef(1382643928884): object was freed before callback; returning Nil.
    [1005] <engine-1>[GdPAI] ObjectRef(124621163998): object was freed before callback; returning Nil.
    [1006] <engine-1>[GdPAI] ObjectRef(1382643928884): object was freed before callback; returning Nil.
    [1007] <engine-1>[GdPAI] ObjectRef(124621163998): object was freed before callback; returning Nil.
    [1008] <engine-1>[GdPAI] ObjectRef(124621163998): object was freed before callback; returning Nil.
    [1009] <engine-1>[GdPAI] ObjectRef(1382643928884): object was freed before callback; returning Nil.
    [1010] <engine-1>[GdPAI] ObjectRef(124621163998): object was freed before callback; returning Nil.
    [1011] <engine-1>[GdPAI] ObjectRef(124621163998): object was freed before callback; returning Nil.
    [1012] <engine-1>[GdPAI] ObjectRef(1382643928884): object was freed before callback; returning Nil.
    [1013] <engine-1>[GdPAI] ObjectRef(124621163998): object was freed before callback; returning Nil.
    [1014] <engine-1>[GdPAI] ObjectRef(124134624705): object was freed before callback; returning Nil.
    [1015] <engine-1>[GdPAI] ObjectRef(125510356497): object was freed before callback; returning Nil.
    [1016] <engine-1>[GdPAI] ObjectRef(124134624705): object was freed before callback; returning Nil.
    [1017] <engine-1>[GdPAI] ObjectRef(125510356497): object was freed before callback; returning Nil.
    [1018] <engine-1>[GdPAI] ObjectRef(1382643928884): object was freed before callback; returning Nil.
    [1019] <engine-1>[GdPAI] ObjectRef(124621163998): object was freed before callback; returning Nil.
    [1020] <engine-1>[GdPAI] ObjectRef(124134624705): object was freed before callback; returning Nil.
    [1021] <engine-1>[GdPAI] ObjectRef(125510356497): object was freed before callback; returning Nil.
    [1022] <engine-1>[GdPAI] ObjectRef(124134624705): object was freed before callback; returning Nil.
    [1023] <engine-1>[GdPAI] ObjectRef(125510356497): object was freed before callback; returning Nil.
    [1024] <engine-1>[GdPAI] ObjectRef(1382643928884): object was freed before callback; returning Nil.
    [1025] <engine-1>[GdPAI] ObjectRef(1382643928884): object was freed before callback; returning Nil.
    [1026] <engine-1>[GdPAI] ObjectRef(1382610374135): object was freed before callback; returning Nil.
    [1027] <engine-1>[GdPAI] ObjectRef(1383650561484): object was freed before callback; returning Nil.
    [1028] <engine-1>[GdPAI] ObjectRef(1382610374135): object was freed before callback; returning Nil.
    [1029] <engine-1>[GdPAI] ObjectRef(1383650561484): object was freed before callback; returning Nil.
    [1030] <engine-1>[GdPAI] ObjectRef(124621163998): object was freed before callback; returning Nil.
    [1031] <engine-1>[GdPAI] ObjectRef(1382643928884): object was freed before callback; returning Nil.
    [1032] <engine-1>[GdPAI] ObjectRef(1382643928884): object was freed before callback; returning Nil.
    [1033] <engine-1>[GdPAI] ObjectRef(1382610374135): object was freed before callback; returning Nil.
    [1034] <engine-1>[GdPAI] ObjectRef(1383650561484): object was freed before callback; returning Nil.
    [1035] <engine-1>[GdPAI] ObjectRef(1382610374135): object was freed before callback; returning Nil.
    [1036] <engine-1>[GdPAI] ObjectRef(1383650561484): object was freed before callback; returning Nil.
    [1037] <engine-1>[GdPAI] ObjectRef(124621163998): object was freed before callback; returning Nil.
    [1038] <engine-1>[GdPAI] ObjectRef(1382643928884): object was freed before callback; returning Nil.
    [1039] <engine-1>[GdPAI] ObjectRef(1383650561484): object was freed before callback; returning Nil.
    [1040] <engine-1>[GdPAI] ObjectRef(1383650561484): object was freed before callback; returning Nil.
    [1041] <engine-1>[GdPAI] ObjectRef(124621163998): object was freed before callback; returning Nil.
    [1042] <engine-1>[GdPAI] ObjectRef(125510356497): object was freed before callback; returning Nil.
    [1043] <engine-1>[GdPAI] ObjectRef(125510356497): object was freed before callback; returning Nil.
    [1044] <engine-1>[GdPAI] ObjectRef(1382643928884): object was freed before callback; returning Nil.
    [1045] <engine-1>[GdPAI] ObjectRef(1383650561484): object was freed before callback; returning Nil.
    [1046] <engine-1>[GdPAI] ObjectRef(1383650561484): object was freed before callback; returning Nil.
    [1047] <engine-1>[GdPAI] ObjectRef(124621163998): object was freed before callback; returning Nil.
    [1048] <engine-1>[GdPAI] ObjectRef(125510356497): object was freed before callback; returning Nil.
    [1049] <engine-1>[GdPAI] ObjectRef(125510356497): object was freed before callback; returning Nil.
    [1050] <engine-1>[GdPAI] ObjectRef(1382643928884): object was freed before callback; returning Nil.
    [1051] <engine-1>[GdPAI] ObjectRef(1382610374135): object was freed before callback; returning Nil.
    [1052] <engine-1>[GdPAI] ObjectRef(1382610374135): object was freed before callback; returning Nil.
    [1053] <engine-1>[GdPAI] ObjectRef(124621163998): object was freed before callback; returning Nil.
    [1054] <engine-1>[GdPAI] ObjectRef(124134624705): object was freed before callback; returning Nil.
    [1055] <engine-1>[GdPAI] ObjectRef(124134624705): object was freed before callback; returning Nil.
    [1056] <engine-1>[GdPAI] ObjectRef(1382643928884): object was freed before callback; returning Nil.
    [1057] <engine-1>[GdPAI] ObjectRef(1382610374135): object was freed before callback; returning Nil.
    [1058] <engine-1>[GdPAI] ObjectRef(1382610374135): object was freed before callback; returning Nil.
    [1059] <engine-1>[GdPAI] ObjectRef(124621163998): object was freed before callback; returning Nil.
    [1060] <engine-1>[GdPAI] ObjectRef(124134624705): object was freed before callback; returning Nil.
    [1061] <engine-1>[GdPAI] ObjectRef(124134624705): object was freed before callback; returning Nil.
    [1062] <engine-1>[GdPAI] ObjectRef(1382643928884): object was freed before callback; returning Nil.
    [1063] <engine-1>[GdPAI] ObjectRef(124621163998): object was freed before callback; returning Nil.
    [1064] <engine-1>[GdPAI] ObjectRef(1382643928884): object was freed before callback; returning Nil.
    [1065] <engine-1>[GdPAI] ObjectRef(124621163998): object was freed before callback; returning Nil.
    [1066] <engine-1>[GdPAI] ObjectRef(1382643928884): object was freed before callback; returning Nil.
    [1067] <engine-1>[GdPAI] ObjectRef(1382643928884): object was freed before callback; returning Nil.
    [1068] <engine-1>[GdPAI] ObjectRef(124621163998): object was freed before callback; returning Nil.
    [1069] <engine-1>[GdPAI] ObjectRef(124621163998): object was freed before callback; returning Nil.
    [1070] <engine-1>[GdPAI] ObjectRef(1382643928884): object was freed before callback; returning Nil.
    [1071] <engine-1>[GdPAI] ObjectRef(1382643928884): object was freed before callback; returning Nil.
      at line 167
WARNING: [GdPAI] ObjectRef(124621163998): object was freed before callback; returning Nil.
   at: gdplanningai_rust::logger::process_logs (src\logger.rs:66)
   GDScript backtrace (most recent call first):
       [0] _drain_scheduler (res://test/integration/test_hunger_example_smoke.gd:26)
       [1] after_each (res://test/integration/test_hunger_example_smoke.gd:18)
       [2] _run_test (res://addons/gut/gut.gd:700)
       [3] test_real_hunger_example_shakes_tree_then_picks_up_food (res://test/integration/test_hunger_example_smoke.gd:167)
       [4] _start_plan_and_wait (res://test/integration/test_hunger_example_smoke.gd:73)
WARNING: [GdPAI] ObjectRef(124621163998): object was freed before callback; returning Nil.
   at: gdplanningai_rust::logger::process_logs (src\logger.rs:66)
   GDScript backtrace (most recent call first):
       [0] _drain_scheduler (res://test/integration/test_hunger_example_smoke.gd:26)
       [1] after_each (res://test/integration/test_hunger_example_smoke.gd:18)
       [2] _run_test (res://addons/gut/gut.gd:700)
       [3] test_real_hunger_example_shakes_tree_then_picks_up_food (res://test/integration/test_hunger_example_smoke.gd:167)
       [4] _start_plan_and_wait (res://test/integration/test_hunger_example_smoke.gd:73)
WARNING: [GdPAI] ObjectRef(1382643928884): object was freed before callback; returning Nil.
   at: gdplanningai_rust::logger::process_logs (src\logger.rs:66)
   GDScript backtrace (most recent call first):
       [0] _drain_scheduler (res://test/integration/test_hunger_example_smoke.gd:26)
       [1] after_each (res://test/integration/test_hunger_example_smoke.gd:18)
       [2] _run_test (res://addons/gut/gut.gd:700)
       [3] test_real_hunger_example_shakes_tree_then_picks_up_food (res://test/integration/test_hunger_example_smoke.gd:167)
       [4] _start_plan_and_wait (res://test/integration/test_hunger_example_smoke.gd:73)
[GdPAI | debug] GetCost: callable returned non-numeric value: null; returning INFINITY
WARNING: [GdPAI] ObjectRef(124621163998): object was freed before callback; returning Nil.
   at: gdplanningai_rust::logger::process_logs (src\logger.rs:66)
   GDScript backtrace (most recent call first):
       [0] _process (res://addons/GdPlanningAI/gdpai_autoload.gd:21)
WARNING: [GdPAI] ObjectRef(124621163998): object was freed before callback; returning Nil.
   at: gdplanningai_rust::logger::process_logs (src\logger.rs:66)
   GDScript backtrace (most recent call first):
       [0] _process (res://addons/GdPlanningAI/gdpai_autoload.gd:21)
[GdPAI | debug] Discovery: Action Cook Potato failed validity check, skipping
[GdPAI | debug] Found candidate: Pick Up Wood (satisfied preconds: [], requirements: [0])
WARNING: [GdPAI] ObjectRef(1382643928884): object was freed before callback; returning Nil.
   at: gdplanningai_rust::logger::process_logs (src\logger.rs:66)
   GDScript backtrace (most recent call first):
       [0] _process (res://addons/GdPlanningAI/gdpai_autoload.gd:21)
[GdPAI | debug] Found candidate: Pick Up Wood (satisfied preconds: [], requirements: [0])
[GdPAI | debug] ApplyEffect [Before] ID=InstanceId(-9223367103430480360): agent props = {"hunger": 95.0603725, "entity": null, "held_item": ""}
[GdPAI | debug] ApplyEffect [After] ID=InstanceId(-9223367103430480360): agent props = {"hunger": 95.0603725, "entity": null, "held_item": ""}
[GdPAI | debug]   Snapshotting prop: hunger = Float(95.0603725) (Variant type: FLOAT)
[GdPAI | debug]   Snapshotting prop: entity = Nil (Variant type: NIL)
[GdPAI | debug]   Snapshotting prop: held_item = Str("") (Variant type: STRING)
[GdPAI | debug] Found candidate: Pick Up Wood (satisfied preconds: [], requirements: [0])
[GdPAI | debug] Found candidate: Pick Up Wood (satisfied preconds: [], requirements: [0])
WARNING: [GdPAI] ObjectRef(124621163998): object was freed before callback; returning Nil.
   at: gdplanningai_rust::logger::process_logs (src\logger.rs:66)
   GDScript backtrace (most recent call first):
       [0] _drain_scheduler (res://test/integration/test_hunger_example_smoke.gd:26)
WARNING: [GdPAI] ObjectRef(124621163998): object was freed before callback; returning Nil.
   at: gdplanningai_rust::logger::process_logs (src\logger.rs:66)
   GDScript backtrace (most recent call first):
       [0] _drain_scheduler (res://test/integration/test_hunger_example_smoke.gd:26)
[GdPAI | debug] Discovery: Action Dig Potato failed validity check, skipping
WARNING: [GdPAI] ObjectRef(1382643928884): object was freed before callback; returning Nil.
   at: gdplanningai_rust::logger::process_logs (src\logger.rs:66)
   GDScript backtrace (most recent call first):
       [0] _drain_scheduler (res://test/integration/test_hunger_example_smoke.gd:26)
[GdPAI | debug] GetCost: callable returned non-numeric value: null; returning INFINITY
WARNING: [GdPAI] ObjectRef(124621163998): object was freed before callback; returning Nil.
   at: gdplanningai_rust::logger::process_logs (src\logger.rs:66)
   GDScript backtrace (most recent call first):
       [0] _process (res://addons/GdPlanningAI/gdpai_autoload.gd:21)
WARNING: [GdPAI] ObjectRef(124621163998): object was freed before callback; returning Nil.
   at: gdplanningai_rust::logger::process_logs (src\logger.rs:66)
   GDScript backtrace (most recent call first):
       [0] _process (res://addons/GdPlanningAI/gdpai_autoload.gd:21)
[GdPAI | debug] Discovery: Action Dig Potato failed validity check, skipping
WARNING: [GdPAI] ObjectRef(1382643928884): object was freed before callback; returning Nil.
   at: gdplanningai_rust::logger::process_logs (src\logger.rs:66)
   GDScript backtrace (most recent call first):
       [0] _process (res://addons/GdPlanningAI/gdpai_autoload.gd:21)
[GdPAI | debug] ApplyEffect [Before] ID=InstanceId(-9223367100830010783): agent props = {"hunger": 95.0603725, "entity": null, "held_item": ""}
[GdPAI | debug] ApplyEffect [After] ID=InstanceId(-9223367100830010783): agent props = {"hunger": 95.0603725, "entity": null, "held_item": ""}
[GdPAI | debug]   Snapshotting prop: hunger = Float(95.0603725) (Variant type: FLOAT)
[GdPAI | debug]   Snapshotting prop: entity = Nil (Variant type: NIL)
[GdPAI | debug]   Snapshotting prop: held_item = Str("") (Variant type: STRING)
[GdPAI | debug]   Snapshotting prop: -9223367527457878223_0_prior_positions = Array([Bytes([5, 0, 0, 0, 38, 21, 137, 67, 192, 66, 134, 66]), Bytes([5, 0, 0, 0, 38, 21, 137, 67, 192, 66, 134, 66])]) (Variant type: ARRAY)
[GdPAI | debug]   Snapshotting prop: -9223367527457878223_0_time_elapsed = Float(0.02142857142857143) (Variant type: FLOAT)
[GdPAI | debug]   Snapshotting prop: -9223367527457878223_0_target_orig_position = Bytes([5, 0, 0, 0, 0, 128, 140, 67, 0, 0, 178, 66]) (Variant type: VECTOR2)
[GdPAI | debug]   Snapshotting prop: entity = ObjectRef(4509094913884) (Variant type: OBJECT)
[GdPAI | debug]   Snapshotting prop: -9223367527457878223_0_agent_location = ObjectRef(4509296240426) (Variant type: OBJECT)
[GdPAI | debug]   Snapshotting prop: hunger = Float(30.77003791666667) (Variant type: FLOAT)
[GdPAI | debug]   Snapshotting prop: -9223367527457878223_0_dist_check = Float(8.0) (Variant type: FLOAT)
[GdPAI | debug]   Snapshotting prop: -9223367527457878223_0_nav_agent = ObjectRef(4509145245517) (Variant type: OBJECT)
[GdPAI | debug]   Snapshotting prop: -9223367527457878223_0_target_set = Bool(true) (Variant type: BOOL)
[GdPAI | debug]   Snapshotting prop: -9223367527457878223_0_target_reached = Bool(true) (Variant type: BOOL)
[GdPAI] Submitting plan: 4 actions, 2 goals, 13 callables
[GdPAI | debug] PlannerEngine: Searching for goal 'Hunger' (reward: 30.77003791666667)
[GdPAI] PlannerEngine: Searching for goal 'Hunger'
[GdPAI | debug] Numeric comparison: 30.77003791666667 LessThan 15.77003791666667 -> false
[GdPAI]   Root branch: 1 open preconds, 0 open requirements
[GdPAI]     Precond 0: Builtin { target: Agent, operation: LessThan, property_name: "hunger", value: Some(Float(15.77003791666667)) }
[GdPAI] A* Iteration: pop node with chain length 0
[GdPAI | debug] find_candidates: Checking 4 actions against 1 preconds and 0 requirements
WARNING: [GdPAI] ObjectRef(124621163998): object was freed before callback; returning Nil.
   at: gdplanningai_rust::logger::process_logs (src\logger.rs:66)
   GDScript backtrace (most recent call first):
       [0] _drain_scheduler (res://test/integration/test_hunger_example_smoke.gd:26)
WARNING: [GdPAI] ObjectRef(124621163998): object was freed before callback; returning Nil.
   at: gdplanningai_rust::logger::process_logs (src\logger.rs:66)
   GDScript backtrace (most recent call first):
       [0] _drain_scheduler (res://test/integration/test_hunger_example_smoke.gd:26)
[GdPAI | debug] Discovery: Action Dig Potato failed validity check, skipping
WARNING: [GdPAI] ObjectRef(1382643928884): object was freed before callback; returning Nil.
   at: gdplanningai_rust::logger::process_logs (src\logger.rs:66)
   GDScript backtrace (most recent call first):
       [0] _drain_scheduler (res://test/integration/test_hunger_example_smoke.gd:26)
[GdPAI | debug] GetCost: callable returned non-numeric value: null; returning INFINITY
[GdPAI | debug] Discovery: Starting simulation for action Go To
WARNING: [GdPAI] ObjectRef(124621163998): object was freed before callback; returning Nil.
   at: gdplanningai_rust::logger::process_logs (src\logger.rs:66)
   GDScript backtrace (most recent call first):
       [0] _process (res://addons/GdPlanningAI/gdpai_autoload.gd:21)
WARNING: [GdPAI] ObjectRef(124621163998): object was freed before callback; returning Nil.
   at: gdplanningai_rust::logger::process_logs (src\logger.rs:66)
   GDScript backtrace (most recent call first):
       [0] _process (res://addons/GdPlanningAI/gdpai_autoload.gd:21)
[GdPAI | debug] Discovery: Action Dig Potato failed validity check, skipping
WARNING: [GdPAI] ObjectRef(1382643928884): object was freed before callback; returning Nil.
   at: gdplanningai_rust::logger::process_logs (src\logger.rs:66)
   GDScript backtrace (most recent call first):
       [0] _process (res://addons/GdPlanningAI/gdpai_autoload.gd:21)
[GdPAI | debug] ApplyEffect [Before] ID=InstanceId(-9223367097575230885): agent props = {"entity": null, "hunger": 95.0603725, "held_item": "wood"}
[GdPAI | debug] ApplyEffect [After] ID=InstanceId(-9223367097575230885): agent props = {"entity": null, "hunger": 95.0603725, "held_item": "wood"}
[GdPAI | debug]   Snapshotting prop: entity = Nil (Variant type: NIL)
[GdPAI | debug]   Snapshotting prop: hunger = Float(95.0603725) (Variant type: FLOAT)
[GdPAI | debug]   Snapshotting prop: held_item = Str("wood") (Variant type: STRING)
WARNING: [GdPAI] ObjectRef(124621163998): object was freed before callback; returning Nil.
   at: gdplanningai_rust::logger::process_logs (src\logger.rs:66)
   GDScript backtrace (most recent call first):
       [0] _drain_scheduler (res://test/integration/test_hunger_example_smoke.gd:26)
WARNING: [GdPAI] ObjectRef(124621163998): object was freed before callback; returning Nil.
   at: gdplanningai_rust::logger::process_logs (src\logger.rs:66)
   GDScript backtrace (most recent call first):
       [0] _drain_scheduler (res://test/integration/test_hunger_example_smoke.gd:26)
WARNING: [GdPAI] ObjectRef(1382643928884): object was freed before callback; returning Nil.
   at: gdplanningai_rust::logger::process_logs (src\logger.rs:66)
   GDScript backtrace (most recent call first):
       [0] _drain_scheduler (res://test/integration/test_hunger_example_smoke.gd:26)
[GdPAI | debug] Discovery: Action Dig Potato failed validity check, skipping
WARNING: [GdPAI] ObjectRef(1382643928884): object was freed before callback; returning Nil.
   at: gdplanningai_rust::logger::process_logs (src\logger.rs:66)
   GDScript backtrace (most recent call first):
       [0] _drain_scheduler (res://test/integration/test_hunger_example_smoke.gd:26)
[GdPAI | debug] GetCost: callable returned non-numeric value: null; returning INFINITY
[GdPAI | debug] ApplyEffect [Before] ID=InstanceId(-9223367095595519359): agent props = {"-9223367527457878223_0_time_elapsed": 0.02142857142857143, "-9223367527457878223_0_agent_location": VariantGd { id: 4509296240426, class: Node }, "-9223367527457878223_0_target_set": true, "-9223367527457878223_0_target_orig_position": Vector2 { x: 281.0, y: 89.0 }, "-9223367527457878223_0_dist_check": 8.0, "-9223367527457878223_0_prior_positions": [(274.1652, 67.13037), (274.1652, 67.13037)], "-9223367527457878223_0_target_reached": true, "entity": VariantGd { id: 4509094913884, class: RigidBody2D }, "-9223367527457878223_0_nav_agent": VariantGd { id: 4509145245517, class: NavigationAgent2D }, "hunger": 30.77003791666667}
[GdPAI | debug] ApplyEffect [After] ID=InstanceId(-9223367095595519359): agent props = {"-9223367527457878223_0_time_elapsed": 0.02142857142857143, "-9223367527457878223_0_agent_location": VariantGd { id: 4509296240426, class: Node }, "-9223367527457878223_0_target_set": true, "-9223367527457878223_0_target_orig_position": Vector2 { x: 281.0, y: 89.0 }, "-9223367527457878223_0_dist_check": 8.0, "-9223367527457878223_0_prior_positions": [(274.1652, 67.13037), (274.1652, 67.13037)], "-9223367527457878223_0_target_reached": true, "entity": VariantGd { id: 4509094913884, class: RigidBody2D }, "-9223367527457878223_0_nav_agent": VariantGd { id: 4509145245517, class: NavigationAgent2D }, "hunger": 30.77003791666667}
[GdPAI | debug]   Snapshotting prop: -9223367527457878223_0_time_elapsed = Float(0.02142857142857143) (Variant type: FLOAT)
[GdPAI | debug]   Snapshotting prop: -9223367527457878223_0_agent_location = ObjectRef(4509296240426) (Variant type: OBJECT)
[GdPAI | debug]   Snapshotting prop: -9223367527457878223_0_target_set = Bool(true) (Variant type: BOOL)
[GdPAI | debug]   Snapshotting prop: -9223367527457878223_0_target_orig_position = Bytes([5, 0, 0, 0, 0, 128, 140, 67, 0, 0, 178, 66]) (Variant type: VECTOR2)
[GdPAI | debug]   Snapshotting prop: -9223367527457878223_0_dist_check = Float(8.0) (Variant type: FLOAT)
[GdPAI | debug]   Snapshotting prop: -9223367527457878223_0_prior_positions = Array([Bytes([5, 0, 0, 0, 38, 21, 137, 67, 192, 66, 134, 66]), Bytes([5, 0, 0, 0, 38, 21, 137, 67, 192, 66, 134, 66])]) (Variant type: ARRAY)
[GdPAI | debug]   Snapshotting prop: -9223367527457878223_0_target_reached = Bool(true) (Variant type: BOOL)
[GdPAI | debug]   Snapshotting prop: entity = ObjectRef(4509094913884) (Variant type: OBJECT)
[GdPAI | debug]   Snapshotting prop: -9223367527457878223_0_nav_agent = ObjectRef(4509145245517) (Variant type: OBJECT)
[GdPAI | debug]   Snapshotting prop: hunger = Float(30.77003791666667) (Variant type: FLOAT)
[GdPAI | debug] Discovery: Simulation success for Go To. Agent props: {"-9223367527457878223_0_agent_location": ObjectRef(4509296240426), "-9223367527457878223_0_target_reached": Bool(true), "-9223367527457878223_0_time_elapsed": Float(0.02142857142857143), "-9223367527457878223_0_target_set": Bool(true), "-9223367527457878223_0_dist_check": Float(8.0), "hunger": Float(30.77003791666667), "-9223367527457878223_0_nav_agent": ObjectRef(4509145245517), "-9223367527457878223_0_target_orig_position": Bytes([5, 0, 0, 0, 0, 128, 140, 67, 0, 0, 178, 66]), "entity": ObjectRef(4509094913884), "-9223367527457878223_0_prior_positions": Array([Bytes([5, 0, 0, 0, 38, 21, 137, 67, 192, 66, 134, 66]), Bytes([5, 0, 0, 0, 38, 21, 137, 67, 192, 66, 134, 66])])}
[GdPAI | debug] Numeric comparison: 30.77003791666667 LessThan 15.77003791666667 -> false
[GdPAI | debug] Discovery: Action Go To did NOT satisfy precond Builtin { target: Agent, operation: LessThan, property_name: "hunger", value: Some(Float(15.77003791666667)) }
[GdPAI | debug] Discovery: Starting simulation for action Eat Held Food
WARNING: [GdPAI] ObjectRef(124621163998): object was freed before callback; returning Nil.
   at: gdplanningai_rust::logger::process_logs (src\logger.rs:66)
   GDScript backtrace (most recent call first):
       [0] _process (res://addons/GdPlanningAI/gdpai_autoload.gd:21)
WARNING: [GdPAI] ObjectRef(124621163998): object was freed before callback; returning Nil.
   at: gdplanningai_rust::logger::process_logs (src\logger.rs:66)
   GDScript backtrace (most recent call first):
       [0] _process (res://addons/GdPlanningAI/gdpai_autoload.gd:21)
[GdPAI | debug] GetCost: callable returned non-numeric value: null; returning INFINITY
WARNING: [GdPAI] ObjectRef(1382643928884): object was freed before callback; returning Nil.
   at: gdplanningai_rust::logger::process_logs (src\logger.rs:66)
   GDScript backtrace (most recent call first):
       [0] _process (res://addons/GdPlanningAI/gdpai_autoload.gd:21)
WARNING: [GdPAI] ObjectRef(1382643928884): object was freed before callback; returning Nil.
   at: gdplanningai_rust::logger::process_logs (src\logger.rs:66)
   GDScript backtrace (most recent call first):
       [0] _process (res://addons/GdPlanningAI/gdpai_autoload.gd:21)
[GdPAI | debug] ApplyEffect [Before] ID=InstanceId(-9223367094689549708): agent props = {"entity": null, "held_item": "", "hunger": 95.0603725}
[GdPAI | debug] ApplyEffect [After] ID=InstanceId(-9223367094689549708): agent props = {"entity": null, "held_item": "", "hunger": 95.0603725}
[GdPAI | debug]   Snapshotting prop: entity = Nil (Variant type: NIL)
[GdPAI | debug]   Snapshotting prop: held_item = Str("") (Variant type: STRING)
[GdPAI | debug]   Snapshotting prop: hunger = Float(95.0603725) (Variant type: FLOAT)
WARNING: [GdPAI] ObjectRef(124621163998): object was freed before callback; returning Nil.
   at: gdplanningai_rust::logger::process_logs (src\logger.rs:66)
   GDScript backtrace (most recent call first):
       [0] _drain_scheduler (res://test/integration/test_hunger_example_smoke.gd:26)
WARNING: [GdPAI] ObjectRef(124621163998): object was freed before callback; returning Nil.
   at: gdplanningai_rust::logger::process_logs (src\logger.rs:66)
   GDScript backtrace (most recent call first):
       [0] _drain_scheduler (res://test/integration/test_hunger_example_smoke.gd:26)
[GdPAI | debug] ApplyEffect [Before] ID=InstanceId(-9223367093800357240): agent props = {"entity": null, "hunger": 70.0627442063492, "held_item": ""}
[GdPAI | debug] ApplyEffect [After] ID=InstanceId(-9223367093800357240): agent props = {"entity": null, "hunger": 70.0627442063492, "held_item": ""}
[GdPAI | debug]   Snapshotting prop: entity = Nil (Variant type: NIL)
[GdPAI | debug]   Snapshotting prop: hunger = Float(70.0627442063492) (Variant type: FLOAT)
[GdPAI | debug]   Snapshotting prop: held_item = Str("") (Variant type: STRING)
WARNING: [GdPAI] ObjectRef(1382643928884): object was freed before callback; returning Nil.
   at: gdplanningai_rust::logger::process_logs (src\logger.rs:66)
   GDScript backtrace (most recent call first):
       [0] _drain_scheduler (res://test/integration/test_hunger_example_smoke.gd:26)
[GdPAI | debug] GetCost: callable returned non-numeric value: null; returning INFINITY
[GdPAI | debug] ApplyEffect [Before] ID=InstanceId(-9223367092659506552): agent props = {"-9223367527457878223_0_agent_location": VariantGd { id: 4509296240426, class: Node }, "-9223367527457878223_0_target_orig_position": Vector2 { x: 281.0, y: 89.0 }, "-9223367527457878223_0_dist_check": 8.0, "entity": VariantGd { id: 4509094913884, class: RigidBody2D }, "-9223367527457878223_0_prior_positions": [(274.1652, 67.13037), (274.1652, 67.13037)], "-9223367527457878223_0_target_set": true, "-9223367527457878223_0_time_elapsed": 0.02142857142857143, "hunger": 30.77003791666667, "-9223367527457878223_0_nav_agent": VariantGd { id: 4509145245517, class: NavigationAgent2D }, "-9223367527457878223_0_target_reached": true}
[GdPAI | debug] ApplyEffect [After] ID=InstanceId(-9223367092659506552): agent props = {"-9223367527457878223_0_agent_location": VariantGd { id: 4509296240426, class: Node }, "held_item": "", "-9223367527457878223_0_target_orig_position": Vector2 { x: 281.0, y: 89.0 }, "-9223367527457878223_0_dist_check": 8.0, "entity": VariantGd { id: 4509094913884, class: RigidBody2D }, "-9223367527457878223_0_prior_positions": [(274.1652, 67.13037), (274.1652, 67.13037)], "-9223367527457878223_0_target_set": true, "-9223367527457878223_0_time_elapsed": 0.02142857142857143, "hunger": 10.77003791666667, "-9223367527457878223_0_nav_agent": VariantGd { id: 4509145245517, class: NavigationAgent2D }, "-9223367527457878223_0_target_reached": true}
[GdPAI | debug]   Snapshotting prop: -9223367527457878223_0_agent_location = ObjectRef(4509296240426) (Variant type: OBJECT)
[GdPAI | debug]   Snapshotting prop: held_item = Str("") (Variant type: STRING)
[GdPAI | debug]   Snapshotting prop: -9223367527457878223_0_target_orig_position = Bytes([5, 0, 0, 0, 0, 128, 140, 67, 0, 0, 178, 66]) (Variant type: VECTOR2)
[GdPAI | debug]   Snapshotting prop: -9223367527457878223_0_dist_check = Float(8.0) (Variant type: FLOAT)
[GdPAI | debug]   Snapshotting prop: entity = ObjectRef(4509094913884) (Variant type: OBJECT)
[GdPAI | debug]   Snapshotting prop: -9223367527457878223_0_prior_positions = Array([Bytes([5, 0, 0, 0, 38, 21, 137, 67, 192, 66, 134, 66]), Bytes([5, 0, 0, 0, 38, 21, 137, 67, 192, 66, 134, 66])]) (Variant type: ARRAY)
[GdPAI | debug]   Snapshotting prop: -9223367527457878223_0_target_set = Bool(true) (Variant type: BOOL)
[GdPAI | debug]   Snapshotting prop: -9223367527457878223_0_time_elapsed = Float(0.02142857142857143) (Variant type: FLOAT)
[GdPAI | debug]   Snapshotting prop: hunger = Float(10.77003791666667) (Variant type: FLOAT)
[GdPAI | debug]   Snapshotting prop: -9223367527457878223_0_nav_agent = ObjectRef(4509145245517) (Variant type: OBJECT)
[GdPAI | debug]   Snapshotting prop: -9223367527457878223_0_target_reached = Bool(true) (Variant type: BOOL)
[GdPAI | debug] Discovery: Simulation success for Eat Held Food. Agent props: {"-9223367527457878223_0_nav_agent": ObjectRef(4509145245517), "-9223367527457878223_0_target_reached": Bool(true), "-9223367527457878223_0_agent_location": ObjectRef(4509296240426), "held_item": Str(""), "-9223367527457878223_0_target_orig_position": Bytes([5, 0, 0, 0, 0, 128, 140, 67, 0, 0, 178, 66]), "entity": ObjectRef(4509094913884), "-9223367527457878223_0_prior_positions": Array([Bytes([5, 0, 0, 0, 38, 21, 137, 67, 192, 66, 134, 66]), Bytes([5, 0, 0, 0, 38, 21, 137, 67, 192, 66, 134, 66])]), "hunger": Float(10.77003791666667), "-9223367527457878223_0_dist_check": Float(8.0), "-9223367527457878223_0_target_set": Bool(true), "-9223367527457878223_0_time_elapsed": Float(0.02142857142857143)}
[GdPAI | debug] Numeric comparison: 10.77003791666667 LessThan 15.77003791666667 -> true
[GdPAI | debug] Discovery: Action Eat Held Food satisfied precond Builtin { target: Agent, operation: LessThan, property_name: "hunger", value: Some(Float(15.77003791666667)) }
[GdPAI | debug] Found candidate: Eat Held Food (satisfied preconds: [0], requirements: [])
WARNING: [GdPAI] ObjectRef(124621163998): object was freed before callback; returning Nil.
   at: gdplanningai_rust::logger::process_logs (src\logger.rs:66)
   GDScript backtrace (most recent call first):
       [0] _process (res://addons/GdPlanningAI/gdpai_autoload.gd:21)
WARNING: [GdPAI] ObjectRef(124134624705): object was freed before callback; returning Nil.
   at: gdplanningai_rust::logger::process_logs (src\logger.rs:66)
   GDScript backtrace (most recent call first):
       [0] _process (res://addons/GdPlanningAI/gdpai_autoload.gd:21)
WARNING: [GdPAI] ObjectRef(125510356497): object was freed before callback; returning Nil.
   at: gdplanningai_rust::logger::process_logs (src\logger.rs:66)
   GDScript backtrace (most recent call first):
       [0] _process (res://addons/GdPlanningAI/gdpai_autoload.gd:21)
WARNING: [GdPAI] ObjectRef(124134624705): object was freed before callback; returning Nil.
   at: gdplanningai_rust::logger::process_logs (src\logger.rs:66)
   GDScript backtrace (most recent call first):
       [0] _process (res://addons/GdPlanningAI/gdpai_autoload.gd:21)
WARNING: [GdPAI] ObjectRef(125510356497): object was freed before callback; returning Nil.
   at: gdplanningai_rust::logger::process_logs (src\logger.rs:66)
   GDScript backtrace (most recent call first):
       [0] _process (res://addons/GdPlanningAI/gdpai_autoload.gd:21)
[GdPAI | debug] GetCost: callable returned non-numeric value: null; returning INFINITY
WARNING: [GdPAI] ObjectRef(1382643928884): object was freed before callback; returning Nil.
   at: gdplanningai_rust::logger::process_logs (src\logger.rs:66)
   GDScript backtrace (most recent call first):
       [0] _process (res://addons/GdPlanningAI/gdpai_autoload.gd:21)
[GdPAI | debug] ApplyEffect [Before] ID=InstanceId(-9223367091803868553): agent props = {"hunger": 95.0603725, "entity": null, "held_item": ""}
[GdPAI | debug] ApplyEffect [After] ID=InstanceId(-9223367091803868553): agent props = {"hunger": 95.0603725, "entity": null, "held_item": ""}
[GdPAI | debug]   Snapshotting prop: hunger = Float(95.0603725) (Variant type: FLOAT)
[GdPAI | debug]   Snapshotting prop: entity = Nil (Variant type: NIL)
[GdPAI | debug]   Snapshotting prop: held_item = Str("") (Variant type: STRING)
[GdPAI | debug] Discovery: Starting simulation for action Wander
WARNING: [GdPAI] ObjectRef(124621163998): object was freed before callback; returning Nil.
   at: gdplanningai_rust::logger::process_logs (src\logger.rs:66)
   GDScript backtrace (most recent call first):
       [0] _drain_scheduler (res://test/integration/test_hunger_example_smoke.gd:26)
WARNING: [GdPAI] ObjectRef(124134624705): object was freed before callback; returning Nil.
   at: gdplanningai_rust::logger::process_logs (src\logger.rs:66)
   GDScript backtrace (most recent call first):
       [0] _drain_scheduler (res://test/integration/test_hunger_example_smoke.gd:26)
WARNING: [GdPAI] ObjectRef(125510356497): object was freed before callback; returning Nil.
   at: gdplanningai_rust::logger::process_logs (src\logger.rs:66)
   GDScript backtrace (most recent call first):
       [0] _drain_scheduler (res://test/integration/test_hunger_example_smoke.gd:26)
WARNING: [GdPAI] ObjectRef(124134624705): object was freed before callback; returning Nil.
   at: gdplanningai_rust::logger::process_logs (src\logger.rs:66)
   GDScript backtrace (most recent call first):
       [0] _drain_scheduler (res://test/integration/test_hunger_example_smoke.gd:26)
WARNING: [GdPAI] ObjectRef(125510356497): object was freed before callback; returning Nil.
   at: gdplanningai_rust::logger::process_logs (src\logger.rs:66)
   GDScript backtrace (most recent call first):
       [0] _drain_scheduler (res://test/integration/test_hunger_example_smoke.gd:26)
[GdPAI | debug] ApplyEffect [Before] ID=InstanceId(-9223367090814012788): agent props = {"hunger": 70.0627442063492, "at_target": null, "entity": null, "held_item": ""}
[GdPAI | debug] ApplyEffect [After] ID=InstanceId(-9223367090814012788): agent props = {"hunger": 70.0627442063492, "at_target": null, "entity": null, "held_item": ""}
[GdPAI | debug]   Snapshotting prop: hunger = Float(70.0627442063492) (Variant type: FLOAT)
[GdPAI | debug]   Snapshotting prop: at_target = Nil (Variant type: NIL)
[GdPAI | debug]   Snapshotting prop: entity = Nil (Variant type: NIL)
[GdPAI | debug]   Snapshotting prop: held_item = Str("") (Variant type: STRING)
WARNING: [GdPAI] ObjectRef(1382643928884): object was freed before callback; returning Nil.
   at: gdplanningai_rust::logger::process_logs (src\logger.rs:66)
   GDScript backtrace (most recent call first):
       [0] _drain_scheduler (res://test/integration/test_hunger_example_smoke.gd:26)
[GdPAI | debug] GetCost: callable returned non-numeric value: null; returning INFINITY
WARNING: [GdPAI] ObjectRef(124621163998): object was freed before callback; returning Nil.
   at: gdplanningai_rust::logger::process_logs (src\logger.rs:66)
   GDScript backtrace (most recent call first):
       [0] _process (res://addons/GdPlanningAI/gdpai_autoload.gd:21)
[GdPAI | debug] GetCost: callable returned non-numeric value: null; returning INFINITY
WARNING: [GdPAI] ObjectRef(1382643928884): object was freed before callback; returning Nil.
   at: gdplanningai_rust::logger::process_logs (src\logger.rs:66)
   GDScript backtrace (most recent call first):
       [0] _process (res://addons/GdPlanningAI/gdpai_autoload.gd:21)
[GdPAI | debug] ApplyEffect [Before] ID=InstanceId(-9223367088666529139): agent props = {"entity": null, "hunger": 95.0603725, "held_item": ""}
[GdPAI | debug] ApplyEffect [After] ID=InstanceId(-9223367088666529139): agent props = {"entity": null, "hunger": 95.0603725, "held_item": ""}
[GdPAI | debug]   Snapshotting prop: entity = Nil (Variant type: NIL)
[GdPAI | debug]   Snapshotting prop: hunger = Float(95.0603725) (Variant type: FLOAT)
[GdPAI | debug]   Snapshotting prop: held_item = Str("") (Variant type: STRING)
[GdPAI | debug] ApplyEffect [Before] ID=InstanceId(-9223367088096103795): agent props = {"-9223367527457878223_0_prior_positions": [(274.1652, 67.13037), (274.1652, 67.13037)], "entity": VariantGd { id: 4509094913884, class: RigidBody2D }, "-9223367527457878223_0_target_orig_position": Vector2 { x: 281.0, y: 89.0 }, "-9223367527457878223_0_time_elapsed": 0.02142857142857143, "-9223367527457878223_0_agent_location": VariantGd { id: 4509296240426, class: Node }, "hunger": 30.77003791666667, "-9223367527457878223_0_dist_check": 8.0, "-9223367527457878223_0_nav_agent": VariantGd { id: 4509145245517, class: NavigationAgent2D }, "-9223367527457878223_0_target_set": true, "-9223367527457878223_0_target_reached": true}
[GdPAI | debug] ApplyEffect [After] ID=InstanceId(-9223367088096103795): agent props = {"-9223367527457878223_0_prior_positions": [(274.1652, 67.13037), (274.1652, 67.13037)], "entity": VariantGd { id: 4509094913884, class: RigidBody2D }, "-9223367527457878223_0_target_orig_position": Vector2 { x: 281.0, y: 89.0 }, "-9223367527457878223_0_time_elapsed": 0.02142857142857143, "-9223367527457878223_0_agent_location": VariantGd { id: 4509296240426, class: Node }, "hunger": 30.77003791666667, "-9223367527457878223_0_dist_check": 8.0, "-9223367527457878223_0_nav_agent": VariantGd { id: 4509145245517, class: NavigationAgent2D }, "-9223367527457878223_0_target_set": true, "-9223367527457878223_0_target_reached": true}
[GdPAI | debug]   Snapshotting prop: -9223367527457878223_0_prior_positions = Array([Bytes([5, 0, 0, 0, 38, 21, 137, 67, 192, 66, 134, 66]), Bytes([5, 0, 0, 0, 38, 21, 137, 67, 192, 66, 134, 66])]) (Variant type: ARRAY)
[GdPAI | debug]   Snapshotting prop: entity = ObjectRef(4509094913884) (Variant type: OBJECT)
[GdPAI | debug]   Snapshotting prop: -9223367527457878223_0_target_orig_position = Bytes([5, 0, 0, 0, 0, 128, 140, 67, 0, 0, 178, 66]) (Variant type: VECTOR2)
[GdPAI | debug]   Snapshotting prop: -9223367527457878223_0_time_elapsed = Float(0.02142857142857143) (Variant type: FLOAT)
[GdPAI | debug]   Snapshotting prop: -9223367527457878223_0_agent_location = ObjectRef(4509296240426) (Variant type: OBJECT)
[GdPAI | debug]   Snapshotting prop: hunger = Float(30.77003791666667) (Variant type: FLOAT)
[GdPAI | debug]   Snapshotting prop: -9223367527457878223_0_dist_check = Float(8.0) (Variant type: FLOAT)
[GdPAI | debug]   Snapshotting prop: -9223367527457878223_0_nav_agent = ObjectRef(4509145245517) (Variant type: OBJECT)
[GdPAI | debug]   Snapshotting prop: -9223367527457878223_0_target_set = Bool(true) (Variant type: BOOL)
[GdPAI | debug]   Snapshotting prop: -9223367527457878223_0_target_reached = Bool(true) (Variant type: BOOL)
[GdPAI | debug] Discovery: Simulation success for Wander. Agent props: {"-9223367527457878223_0_dist_check": Float(8.0), "-9223367527457878223_0_target_orig_position": Bytes([5, 0, 0, 0, 0, 128, 140, 67, 0, 0, 178, 66]), "-9223367527457878223_0_target_reached": Bool(true), "hunger": Float(30.77003791666667), "-9223367527457878223_0_nav_agent": ObjectRef(4509145245517), "-9223367527457878223_0_time_elapsed": Float(0.02142857142857143), "entity": ObjectRef(4509094913884), "-9223367527457878223_0_agent_location": ObjectRef(4509296240426), "-9223367527457878223_0_target_set": Bool(true), "-9223367527457878223_0_prior_positions": Array([Bytes([5, 0, 0, 0, 38, 21, 137, 67, 192, 66, 134, 66]), Bytes([5, 0, 0, 0, 38, 21, 137, 67, 192, 66, 134, 66])])}
[GdPAI | debug] Numeric comparison: 30.77003791666667 LessThan 15.77003791666667 -> false
[GdPAI | debug] Discovery: Action Wander did NOT satisfy precond Builtin { target: Agent, operation: LessThan, property_name: "hunger", value: Some(Float(15.77003791666667)) }
WARNING: [GdPAI] ObjectRef(124621163998): object was freed before callback; returning Nil.
   at: gdplanningai_rust::logger::process_logs (src\logger.rs:66)
   GDScript backtrace (most recent call first):
       [0] _drain_scheduler (res://test/integration/test_hunger_example_smoke.gd:26)
[GdPAI | debug] ApplyEffect [Before] ID=InstanceId(-9223367087877999937): agent props = {"at_target": null, "hunger": 70.0627442063492, "held_item": "wood", "entity": null}
[GdPAI | debug] ApplyEffect [After] ID=InstanceId(-9223367087877999937): agent props = {"at_target": null, "hunger": 70.0627442063492, "held_item": "wood", "entity": null}
[GdPAI | debug]   Snapshotting prop: at_target = Nil (Variant type: NIL)
[GdPAI | debug]   Snapshotting prop: hunger = Float(70.0627442063492) (Variant type: FLOAT)
[GdPAI | debug]   Snapshotting prop: held_item = Str("wood") (Variant type: STRING)
[GdPAI | debug]   Snapshotting prop: entity = Nil (Variant type: NIL)
WARNING: [GdPAI] ObjectRef(1382643928884): object was freed before callback; returning Nil.
   at: gdplanningai_rust::logger::process_logs (src\logger.rs:66)
   GDScript backtrace (most recent call first):
       [0] _drain_scheduler (res://test/integration/test_hunger_example_smoke.gd:26)
[GdPAI | debug] GetCost: callable returned non-numeric value: null; returning INFINITY
[GdPAI | debug] Numeric comparison: 30.77003791666667 GreaterThan 0 -> true
WARNING: [GdPAI] ObjectRef(124621163998): object was freed before callback; returning Nil.
   at: gdplanningai_rust::logger::process_logs (src\logger.rs:66)
   GDScript backtrace (most recent call first):
       [0] _process (res://addons/GdPlanningAI/gdpai_autoload.gd:21)
WARNING: [GdPAI] ObjectRef(125510356497): object was freed before callback; returning Nil.
   at: gdplanningai_rust::logger::process_logs (src\logger.rs:66)
   GDScript backtrace (most recent call first):
       [0] _process (res://addons/GdPlanningAI/gdpai_autoload.gd:21)
WARNING: [GdPAI] ObjectRef(125510356497): object was freed before callback; returning Nil.
   at: gdplanningai_rust::logger::process_logs (src\logger.rs:66)
   GDScript backtrace (most recent call first):
       [0] _process (res://addons/GdPlanningAI/gdpai_autoload.gd:21)
[GdPAI | debug] GetCost: callable returned non-numeric value: null; returning INFINITY
WARNING: [GdPAI] ObjectRef(1382643928884): object was freed before callback; returning Nil.
   at: gdplanningai_rust::logger::process_logs (src\logger.rs:66)
   GDScript backtrace (most recent call first):
       [0] _process (res://addons/GdPlanningAI/gdpai_autoload.gd:21)
[GdPAI | debug] ApplyEffect [Before] ID=InstanceId(-9223367085931842903): agent props = {"entity": null, "held_item": "wood", "hunger": 95.0603725}
[GdPAI | debug] ApplyEffect [After] ID=InstanceId(-9223367085931842903): agent props = {"entity": null, "held_item": "wood", "hunger": 95.0603725}
[GdPAI | debug]   Snapshotting prop: entity = Nil (Variant type: NIL)
[GdPAI | debug]   Snapshotting prop: held_item = Str("wood") (Variant type: STRING)
[GdPAI | debug]   Snapshotting prop: hunger = Float(95.0603725) (Variant type: FLOAT)
[GdPAI | debug] Discovery: Action Shake Tree failed validity check, skipping
WARNING: [GdPAI] ObjectRef(124621163998): object was freed before callback; returning Nil.
   at: gdplanningai_rust::logger::process_logs (src\logger.rs:66)
   GDScript backtrace (most recent call first):
       [0] _drain_scheduler (res://test/integration/test_hunger_example_smoke.gd:26)
WARNING: [GdPAI] ObjectRef(125510356497): object was freed before callback; returning Nil.
   at: gdplanningai_rust::logger::process_logs (src\logger.rs:66)
   GDScript backtrace (most recent call first):
       [0] _drain_scheduler (res://test/integration/test_hunger_example_smoke.gd:26)
WARNING: [GdPAI] ObjectRef(125510356497): object was freed before callback; returning Nil.
   at: gdplanningai_rust::logger::process_logs (src\logger.rs:66)
   GDScript backtrace (most recent call first):
       [0] _drain_scheduler (res://test/integration/test_hunger_example_smoke.gd:26)
[GdPAI | debug] ApplyEffect [Before] ID=InstanceId(-9223367085042650406): agent props = {"hunger": 70.0627442063492, "at_target": null, "held_item": "wood", "entity": null}
[GdPAI | debug] ApplyEffect [After] ID=InstanceId(-9223367085042650406): agent props = {"hunger": 70.0627442063492, "at_target": null, "held_item": "wood", "entity": null}
[GdPAI | debug]   Snapshotting prop: hunger = Float(70.0627442063492) (Variant type: FLOAT)
[GdPAI | debug]   Snapshotting prop: at_target = Nil (Variant type: NIL)
[GdPAI | debug]   Snapshotting prop: held_item = Str("wood") (Variant type: STRING)
[GdPAI | debug]   Snapshotting prop: entity = Nil (Variant type: NIL)
WARNING: [GdPAI] ObjectRef(1382643928884): object was freed before callback; returning Nil.
   at: gdplanningai_rust::logger::process_logs (src\logger.rs:66)
   GDScript backtrace (most recent call first):
       [0] _drain_scheduler (res://test/integration/test_hunger_example_smoke.gd:26)
WARNING: [GdPAI] ObjectRef(1382643928884): object was freed before callback; returning Nil.
   at: gdplanningai_rust::logger::process_logs (src\logger.rs:66)
   GDScript backtrace (most recent call first):
       [0] _drain_scheduler (res://test/integration/test_hunger_example_smoke.gd:26)
[GdPAI | debug] GetCost: callable returned non-numeric value: null; returning INFINITY
WARNING: [GdPAI] ObjectRef(124621163998): object was freed before callback; returning Nil.
   at: gdplanningai_rust::logger::process_logs (src\logger.rs:66)
   GDScript backtrace (most recent call first):
       [0] _process (res://addons/GdPlanningAI/gdpai_autoload.gd:21)
WARNING: [GdPAI] ObjectRef(124134624705): object was freed before callback; returning Nil.
   at: gdplanningai_rust::logger::process_logs (src\logger.rs:66)
   GDScript backtrace (most recent call first):
       [0] _process (res://addons/GdPlanningAI/gdpai_autoload.gd:21)
WARNING: [GdPAI] ObjectRef(124134624705): object was freed before callback; returning Nil.
   at: gdplanningai_rust::logger::process_logs (src\logger.rs:66)
   GDScript backtrace (most recent call first):
       [0] _process (res://addons/GdPlanningAI/gdpai_autoload.gd:21)
[GdPAI | debug] GetCost: callable returned non-numeric value: null; returning INFINITY
WARNING: [GdPAI] ObjectRef(1382643928884): object was freed before callback; returning Nil.
   at: gdplanningai_rust::logger::process_logs (src\logger.rs:66)
   GDScript backtrace (most recent call first):
       [0] _process (res://addons/GdPlanningAI/gdpai_autoload.gd:21)
WARNING: [GdPAI] ObjectRef(1382643928884): object was freed before callback; returning Nil.
   at: gdplanningai_rust::logger::process_logs (src\logger.rs:66)
   GDScript backtrace (most recent call first):
       [0] _process (res://addons/GdPlanningAI/gdpai_autoload.gd:21)
[GdPAI | debug] ApplyEffect [Before] ID=InstanceId(-9223367082945498417): agent props = {"held_item": "", "entity": null, "hunger": 95.0603725}
[GdPAI | debug] ApplyEffect [After] ID=InstanceId(-9223367082945498417): agent props = {"held_item": "", "entity": null, "hunger": 95.0603725}
[GdPAI | debug]   Snapshotting prop: held_item = Str("") (Variant type: STRING)
[GdPAI | debug]   Snapshotting prop: entity = Nil (Variant type: NIL)
[GdPAI | debug]   Snapshotting prop: hunger = Float(95.0603725) (Variant type: FLOAT)
[GdPAI | debug] ApplyEffect [Before] ID=InstanceId(-9223367082375073073): agent props = {"-9223367527457878223_0_nav_agent": VariantGd { id: 4509145245517, class: NavigationAgent2D }, "-9223367527457878223_0_agent_location": VariantGd { id: 4509296240426, class: Node }, "entity": VariantGd { id: 4509094913884, class: RigidBody2D }, "-9223367527457878223_0_prior_positions": [(274.1652, 67.13037), (274.1652, 67.13037)], "hunger": 30.77003791666667, "-9223367527457878223_0_target_reached": true, "-9223367527457878223_0_time_elapsed": 0.02142857142857143, "-9223367527457878223_0_target_set": true, "-9223367527457878223_0_target_orig_position": Vector2 { x: 281.0, y: 89.0 }, "-9223367527457878223_0_dist_check": 8.0}
[GdPAI | debug] ApplyEffect [After] ID=InstanceId(-9223367082375073073): agent props = {"-9223367527457878223_0_nav_agent": VariantGd { id: 4509145245517, class: NavigationAgent2D }, "-9223367527457878223_0_agent_location": VariantGd { id: 4509296240426, class: Node }, "entity": VariantGd { id: 4509094913884, class: RigidBody2D }, "-9223367527457878223_0_prior_positions": [(274.1652, 67.13037), (274.1652, 67.13037)], "hunger": 10.77003791666667, "held_item": "", "-9223367527457878223_0_target_reached": true, "-9223367527457878223_0_time_elapsed": 0.02142857142857143, "-9223367527457878223_0_target_set": true, "-9223367527457878223_0_target_orig_position": Vector2 { x: 281.0, y: 89.0 }, "-9223367527457878223_0_dist_check": 8.0}
[GdPAI | debug]   Snapshotting prop: -9223367527457878223_0_nav_agent = ObjectRef(4509145245517) (Variant type: OBJECT)
[GdPAI | debug]   Snapshotting prop: -9223367527457878223_0_agent_location = ObjectRef(4509296240426) (Variant type: OBJECT)
[GdPAI | debug]   Snapshotting prop: entity = ObjectRef(4509094913884) (Variant type: OBJECT)
[GdPAI | debug]   Snapshotting prop: -9223367527457878223_0_prior_positions = Array([Bytes([5, 0, 0, 0, 38, 21, 137, 67, 192, 66, 134, 66]), Bytes([5, 0, 0, 0, 38, 21, 137, 67, 192, 66, 134, 66])]) (Variant type: ARRAY)
[GdPAI | debug]   Snapshotting prop: hunger = Float(10.77003791666667) (Variant type: FLOAT)
[GdPAI | debug]   Snapshotting prop: held_item = Str("") (Variant type: STRING)
[GdPAI | debug]   Snapshotting prop: -9223367527457878223_0_target_reached = Bool(true) (Variant type: BOOL)
[GdPAI | debug]   Snapshotting prop: -9223367527457878223_0_time_elapsed = Float(0.02142857142857143) (Variant type: FLOAT)
[GdPAI | debug]   Snapshotting prop: -9223367527457878223_0_target_set = Bool(true) (Variant type: BOOL)
[GdPAI | debug]   Snapshotting prop: -9223367527457878223_0_target_orig_position = Bytes([5, 0, 0, 0, 0, 128, 140, 67, 0, 0, 178, 66]) (Variant type: VECTOR2)
[GdPAI | debug]   Snapshotting prop: -9223367527457878223_0_dist_check = Float(8.0) (Variant type: FLOAT)
[GdPAI | debug] Numeric comparison: 30.77003791666667 GreaterThan 0 -> true
[GdPAI] A* Iteration: pop node with chain length 1
[GdPAI | debug] find_candidates: Checking 4 actions against 0 preconds and 2 requirements
WARNING: [GdPAI] ObjectRef(124621163998): object was freed before callback; returning Nil.
   at: gdplanningai_rust::logger::process_logs (src\logger.rs:66)
   GDScript backtrace (most recent call first):
       [0] _drain_scheduler (res://test/integration/test_hunger_example_smoke.gd:26)
WARNING: [GdPAI] ObjectRef(124134624705): object was freed before callback; returning Nil.
   at: gdplanningai_rust::logger::process_logs (src\logger.rs:66)
   GDScript backtrace (most recent call first):
       [0] _drain_scheduler (res://test/integration/test_hunger_example_smoke.gd:26)
WARNING: [GdPAI] ObjectRef(124134624705): object was freed before callback; returning Nil.
   at: gdplanningai_rust::logger::process_logs (src\logger.rs:66)
   GDScript backtrace (most recent call first):
       [0] _drain_scheduler (res://test/integration/test_hunger_example_smoke.gd:26)
[GdPAI | debug] ApplyEffect [Before] ID=InstanceId(-9223367082005974281): agent props = {"hunger": 70.0627442063492, "entity": null, "at_target": null, "held_item": "wood"}
[GdPAI | debug] ApplyEffect [After] ID=InstanceId(-9223367082005974281): agent props = {"hunger": 70.0627442063492, "entity": null, "at_target": null, "held_item": "wood"}
[GdPAI | debug]   Snapshotting prop: hunger = Float(70.0627442063492) (Variant type: FLOAT)
[GdPAI | debug]   Snapshotting prop: entity = Nil (Variant type: NIL)
[GdPAI | debug]   Snapshotting prop: at_target = Nil (Variant type: NIL)
[GdPAI | debug]   Snapshotting prop: held_item = Str("wood") (Variant type: STRING)
WARNING: [GdPAI] ObjectRef(1382643928884): object was freed before callback; returning Nil.
   at: gdplanningai_rust::logger::process_logs (src\logger.rs:66)
   GDScript backtrace (most recent call first):
       [0] _drain_scheduler (res://test/integration/test_hunger_example_smoke.gd:26)
[GdPAI | debug] GetCost: callable returned non-numeric value: null; returning INFINITY
WARNING: [GdPAI] ObjectRef(124621163998): object was freed before callback; returning Nil.
   at: gdplanningai_rust::logger::process_logs (src\logger.rs:66)
   GDScript backtrace (most recent call first):
       [0] _process (res://addons/GdPlanningAI/gdpai_autoload.gd:21)
[GdPAI | debug] GetCost: callable returned non-numeric value: null; returning INFINITY
WARNING: [GdPAI] ObjectRef(1382643928884): object was freed before callback; returning Nil.
   at: gdplanningai_rust::logger::process_logs (src\logger.rs:66)
   GDScript backtrace (most recent call first):
       [0] _process (res://addons/GdPlanningAI/gdpai_autoload.gd:21)
[GdPAI | debug] ApplyEffect [Before] ID=InstanceId(-9223367079959153962): agent props = {"hunger": 95.0603725, "held_item": "", "entity": null}
[GdPAI | debug] ApplyEffect [After] ID=InstanceId(-9223367079959153962): agent props = {"hunger": 95.0603725, "held_item": "", "entity": null}
[GdPAI | debug]   Snapshotting prop: hunger = Float(95.0603725) (Variant type: FLOAT)
[GdPAI | debug]   Snapshotting prop: held_item = Str("") (Variant type: STRING)
[GdPAI | debug]   Snapshotting prop: entity = Nil (Variant type: NIL)
WARNING: [GdPAI] ObjectRef(124621163998): object was freed before callback; returning Nil.
   at: gdplanningai_rust::logger::process_logs (src\logger.rs:66)
   GDScript backtrace (most recent call first):
       [0] _drain_scheduler (res://test/integration/test_hunger_example_smoke.gd:26)
[GdPAI | debug] ApplyEffect [Before] ID=InstanceId(-9223367079170624776): agent props = {"entity": null, "at_target": null, "held_item": "wood", "hunger": 70.0627442063492}
[GdPAI | debug] ApplyEffect [After] ID=InstanceId(-9223367079170624776): agent props = {"entity": null, "at_target": null, "held_item": "wood", "hunger": 70.0627442063492}
[GdPAI | debug]   Snapshotting prop: entity = Nil (Variant type: NIL)
[GdPAI | debug]   Snapshotting prop: at_target = Nil (Variant type: NIL)
[GdPAI | debug]   Snapshotting prop: held_item = Str("wood") (Variant type: STRING)
[GdPAI | debug]   Snapshotting prop: hunger = Float(70.0627442063492) (Variant type: FLOAT)
WARNING: [GdPAI] ObjectRef(1382643928884): object was freed before callback; returning Nil.
   at: gdplanningai_rust::logger::process_logs (src\logger.rs:66)
   GDScript backtrace (most recent call first):
       [0] _drain_scheduler (res://test/integration/test_hunger_example_smoke.gd:26)
[GdPAI | debug] GetCost: callable returned non-numeric value: null; returning INFINITY
[GdPAI | debug] Numeric comparison: 30.77003791666667 GreaterThan 0 -> true
WARNING: [GdPAI] ObjectRef(124621163998): object was freed before callback; returning Nil.
   at: gdplanningai_rust::logger::process_logs (src\logger.rs:66)
   GDScript backtrace (most recent call first):
       [0] _process (res://addons/GdPlanningAI/gdpai_autoload.gd:21)
WARNING: [GdPAI] ObjectRef(124621163998): object was freed before callback; returning Nil.
   at: gdplanningai_rust::logger::process_logs (src\logger.rs:66)
   GDScript backtrace (most recent call first):
       [0] _process (res://addons/GdPlanningAI/gdpai_autoload.gd:21)
[GdPAI | debug] GetCost: callable returned non-numeric value: null; returning INFINITY
WARNING: [GdPAI] ObjectRef(1382643928884): object was freed before callback; returning Nil.
   at: gdplanningai_rust::logger::process_logs (src\logger.rs:66)
   GDScript backtrace (most recent call first):
       [0] _process (res://addons/GdPlanningAI/gdpai_autoload.gd:21)
[GdPAI | debug] ApplyEffect [Before] ID=InstanceId(-9223367077224467724): agent props = {"held_item": "", "hunger": 95.0603725, "entity": null}
[GdPAI | debug] ApplyEffect [After] ID=InstanceId(-9223367077224467724): agent props = {"held_item": "", "hunger": 95.0603725, "entity": null}
[GdPAI | debug]   Snapshotting prop: held_item = Str("") (Variant type: STRING)
[GdPAI | debug]   Snapshotting prop: hunger = Float(95.0603725) (Variant type: FLOAT)
[GdPAI | debug]   Snapshotting prop: entity = Nil (Variant type: NIL)
[GdPAI | debug] Discovery: Action Shake Tree failed validity check, skipping
[GdPAI | debug] No candidates found for branch with 0 preconds and 2 requirements
[GdPAI | debug] PlannerEngine: Searching for goal 'Wander' (reward: 5)
[GdPAI] PlannerEngine: Searching for goal 'Wander'
WARNING: [GdPAI] ObjectRef(124621163998): object was freed before callback; returning Nil.
   at: gdplanningai_rust::logger::process_logs (src\logger.rs:66)
   GDScript backtrace (most recent call first):
       [0] _drain_scheduler (res://test/integration/test_hunger_example_smoke.gd:26)
WARNING: [GdPAI] ObjectRef(124621163998): object was freed before callback; returning Nil.
   at: gdplanningai_rust::logger::process_logs (src\logger.rs:66)
   GDScript backtrace (most recent call first):
       [0] _drain_scheduler (res://test/integration/test_hunger_example_smoke.gd:26)
[GdPAI | debug] ApplyEffect [Before] ID=InstanceId(-9223367076385606903): agent props = {"held_item": "", "hunger": 70.0627442063492, "entity": null}
[GdPAI | debug] ApplyEffect [After] ID=InstanceId(-9223367076385606903): agent props = {"held_item": "", "hunger": 70.0627442063492, "entity": null}
[GdPAI | debug]   Snapshotting prop: held_item = Str("") (Variant type: STRING)
[GdPAI | debug]   Snapshotting prop: hunger = Float(70.0627442063492) (Variant type: FLOAT)
[GdPAI | debug]   Snapshotting prop: entity = Nil (Variant type: NIL)
WARNING: [GdPAI] ObjectRef(1382643928884): object was freed before callback; returning Nil.
   at: gdplanningai_rust::logger::process_logs (src\logger.rs:66)
   GDScript backtrace (most recent call first):
       [0] _drain_scheduler (res://test/integration/test_hunger_example_smoke.gd:26)
[GdPAI | debug] GetCost: callable returned non-numeric value: null; returning INFINITY
[GdPAI]   Root branch: 1 open preconds, 0 open requirements
[GdPAI]     Precond 0: Custom { callable_id: 12, dependent_object_ids: [] }
[GdPAI] A* Iteration: pop node with chain length 0
[GdPAI | debug] find_candidates: Checking 4 actions against 1 preconds and 0 requirements
WARNING: [GdPAI] ObjectRef(124621163998): object was freed before callback; returning Nil.
   at: gdplanningai_rust::logger::process_logs (src\logger.rs:66)
   GDScript backtrace (most recent call first):
       [0] _process (res://addons/GdPlanningAI/gdpai_autoload.gd:21)
WARNING: [GdPAI] ObjectRef(124134624705): object was freed before callback; returning Nil.
   at: gdplanningai_rust::logger::process_logs (src\logger.rs:66)
   GDScript backtrace (most recent call first):
       [0] _process (res://addons/GdPlanningAI/gdpai_autoload.gd:21)
WARNING: [GdPAI] ObjectRef(125510356497): object was freed before callback; returning Nil.
   at: gdplanningai_rust::logger::process_logs (src\logger.rs:66)
   GDScript backtrace (most recent call first):
       [0] _process (res://addons/GdPlanningAI/gdpai_autoload.gd:21)
WARNING: [GdPAI] ObjectRef(124134624705): object was freed before callback; returning Nil.
   at: gdplanningai_rust::logger::process_logs (src\logger.rs:66)
   GDScript backtrace (most recent call first):
       [0] _process (res://addons/GdPlanningAI/gdpai_autoload.gd:21)
WARNING: [GdPAI] ObjectRef(125510356497): object was freed before callback; returning Nil.
   at: gdplanningai_rust::logger::process_logs (src\logger.rs:66)
   GDScript backtrace (most recent call first):
       [0] _process (res://addons/GdPlanningAI/gdpai_autoload.gd:21)
[GdPAI | debug] GetCost: callable returned non-numeric value: null; returning INFINITY
WARNING: [GdPAI] ObjectRef(1382643928884): object was freed before callback; returning Nil.
   at: gdplanningai_rust::logger::process_logs (src\logger.rs:66)
   GDScript backtrace (most recent call first):
       [0] _process (res://addons/GdPlanningAI/gdpai_autoload.gd:21)
[GdPAI | debug] ApplyEffect [Before] ID=InstanceId(-9223367074389118213): agent props = {"hunger": 95.0603725, "held_item": "wood", "entity": null}
[GdPAI | debug] ApplyEffect [After] ID=InstanceId(-9223367074389118213): agent props = {"hunger": 95.0603725, "held_item": "wood", "entity": null}
[GdPAI | debug]   Snapshotting prop: hunger = Float(95.0603725) (Variant type: FLOAT)
[GdPAI | debug]   Snapshotting prop: held_item = Str("wood") (Variant type: STRING)
[GdPAI | debug]   Snapshotting prop: entity = Nil (Variant type: NIL)
[GdPAI | debug] Discovery: Starting simulation for action Go To
WARNING: [GdPAI] ObjectRef(124621163998): object was freed before callback; returning Nil.
   at: gdplanningai_rust::logger::process_logs (src\logger.rs:66)
   GDScript backtrace (most recent call first):
       [0] _drain_scheduler (res://test/integration/test_hunger_example_smoke.gd:26)
WARNING: [GdPAI] ObjectRef(124134624705): object was freed before callback; returning Nil.
   at: gdplanningai_rust::logger::process_logs (src\logger.rs:66)
   GDScript backtrace (most recent call first):
       [0] _drain_scheduler (res://test/integration/test_hunger_example_smoke.gd:26)
WARNING: [GdPAI] ObjectRef(125510356497): object was freed before callback; returning Nil.
   at: gdplanningai_rust::logger::process_logs (src\logger.rs:66)
   GDScript backtrace (most recent call first):
       [0] _drain_scheduler (res://test/integration/test_hunger_example_smoke.gd:26)
WARNING: [GdPAI] ObjectRef(124134624705): object was freed before callback; returning Nil.
   at: gdplanningai_rust::logger::process_logs (src\logger.rs:66)
   GDScript backtrace (most recent call first):
       [0] _drain_scheduler (res://test/integration/test_hunger_example_smoke.gd:26)
WARNING: [GdPAI] ObjectRef(125510356497): object was freed before callback; returning Nil.
   at: gdplanningai_rust::logger::process_logs (src\logger.rs:66)
   GDScript backtrace (most recent call first):
       [0] _drain_scheduler (res://test/integration/test_hunger_example_smoke.gd:26)
[GdPAI | debug] ApplyEffect [Before] ID=InstanceId(-9223367073399262414): agent props = {"held_item": "", "entity": null, "hunger": 70.0627442063492, "at_target": null}
[GdPAI | debug] ApplyEffect [After] ID=InstanceId(-9223367073399262414): agent props = {"held_item": "", "entity": null, "hunger": 70.0627442063492, "at_target": null}
[GdPAI | debug]   Snapshotting prop: held_item = Str("") (Variant type: STRING)
[GdPAI | debug]   Snapshotting prop: entity = Nil (Variant type: NIL)
[GdPAI | debug]   Snapshotting prop: hunger = Float(70.0627442063492) (Variant type: FLOAT)
[GdPAI | debug]   Snapshotting prop: at_target = Nil (Variant type: NIL)
WARNING: [GdPAI] ObjectRef(1382643928884): object was freed before callback; returning Nil.
   at: gdplanningai_rust::logger::process_logs (src\logger.rs:66)
   GDScript backtrace (most recent call first):
       [0] _drain_scheduler (res://test/integration/test_hunger_example_smoke.gd:26)
WARNING: [GdPAI] ObjectRef(1382643928884): object was freed before callback; returning Nil.
   at: gdplanningai_rust::logger::process_logs (src\logger.rs:66)
   GDScript backtrace (most recent call first):
       [0] _drain_scheduler (res://test/integration/test_hunger_example_smoke.gd:26)
[GdPAI | debug] GetCost: callable returned non-numeric value: null; returning INFINITY
WARNING: [GdPAI] ObjectRef(124621163998): object was freed before callback; returning Nil.
   at: gdplanningai_rust::logger::process_logs (src\logger.rs:66)
   GDScript backtrace (most recent call first):
       [0] _process (res://addons/GdPlanningAI/gdpai_autoload.gd:21)
[GdPAI | debug] GetCost: callable returned non-numeric value: null; returning INFINITY
WARNING: [GdPAI] ObjectRef(1382643928884): object was freed before callback; returning Nil.
   at: gdplanningai_rust::logger::process_logs (src\logger.rs:66)
   GDScript backtrace (most recent call first):
       [0] _process (res://addons/GdPlanningAI/gdpai_autoload.gd:21)
WARNING: [GdPAI] ObjectRef(1382643928884): object was freed before callback; returning Nil.
   at: gdplanningai_rust::logger::process_logs (src\logger.rs:66)
   GDScript backtrace (most recent call first):
       [0] _process (res://addons/GdPlanningAI/gdpai_autoload.gd:21)
[GdPAI | debug] ApplyEffect [Before] ID=InstanceId(-9223367071201447143): agent props = {"hunger": 95.0603725, "held_item": "", "entity": null}
[GdPAI | debug] ApplyEffect [After] ID=InstanceId(-9223367071201447143): agent props = {"hunger": 95.0603725, "held_item": "", "entity": null}
[GdPAI | debug]   Snapshotting prop: hunger = Float(95.0603725) (Variant type: FLOAT)
[GdPAI | debug]   Snapshotting prop: held_item = Str("") (Variant type: STRING)
[GdPAI | debug]   Snapshotting prop: entity = Nil (Variant type: NIL)
[GdPAI | debug] ApplyEffect [Before] ID=InstanceId(-9223367070631021799): agent props = {"-9223367527457878223_0_target_orig_position": Vector2 { x: 281.0, y: 89.0 }, "-9223367527457878223_0_target_reached": true, "-9223367527457878223_0_target_set": true, "-9223367527457878223_0_time_elapsed": 0.02142857142857143, "-9223367527457878223_0_agent_location": VariantGd { id: 4509296240426, class: Node }, "hunger": 30.77003791666667, "-9223367527457878223_0_prior_positions": [(274.1652, 67.13037), (274.1652, 67.13037)], "entity": VariantGd { id: 4509094913884, class: RigidBody2D }, "-9223367527457878223_0_dist_check": 8.0, "-9223367527457878223_0_nav_agent": VariantGd { id: 4509145245517, class: NavigationAgent2D }}
[GdPAI | debug] ApplyEffect [After] ID=InstanceId(-9223367070631021799): agent props = {"-9223367527457878223_0_target_orig_position": Vector2 { x: 281.0, y: 89.0 }, "-9223367527457878223_0_target_reached": true, "-9223367527457878223_0_target_set": true, "-9223367527457878223_0_time_elapsed": 0.02142857142857143, "-9223367527457878223_0_agent_location": VariantGd { id: 4509296240426, class: Node }, "hunger": 30.77003791666667, "-9223367527457878223_0_prior_positions": [(274.1652, 67.13037), (274.1652, 67.13037)], "entity": VariantGd { id: 4509094913884, class: RigidBody2D }, "-9223367527457878223_0_dist_check": 8.0, "-9223367527457878223_0_nav_agent": VariantGd { id: 4509145245517, class: NavigationAgent2D }}
[GdPAI | debug]   Snapshotting prop: -9223367527457878223_0_target_orig_position = Bytes([5, 0, 0, 0, 0, 128, 140, 67, 0, 0, 178, 66]) (Variant type: VECTOR2)
[GdPAI | debug]   Snapshotting prop: -9223367527457878223_0_target_reached = Bool(true) (Variant type: BOOL)
[GdPAI | debug]   Snapshotting prop: -9223367527457878223_0_target_set = Bool(true) (Variant type: BOOL)
[GdPAI | debug]   Snapshotting prop: -9223367527457878223_0_time_elapsed = Float(0.02142857142857143) (Variant type: FLOAT)
[GdPAI | debug]   Snapshotting prop: -9223367527457878223_0_agent_location = ObjectRef(4509296240426) (Variant type: OBJECT)
[GdPAI | debug]   Snapshotting prop: hunger = Float(30.77003791666667) (Variant type: FLOAT)
[GdPAI | debug]   Snapshotting prop: -9223367527457878223_0_prior_positions = Array([Bytes([5, 0, 0, 0, 38, 21, 137, 67, 192, 66, 134, 66]), Bytes([5, 0, 0, 0, 38, 21, 137, 67, 192, 66, 134, 66])]) (Variant type: ARRAY)
[GdPAI | debug]   Snapshotting prop: entity = ObjectRef(4509094913884) (Variant type: OBJECT)
[GdPAI | debug]   Snapshotting prop: -9223367527457878223_0_dist_check = Float(8.0) (Variant type: FLOAT)
[GdPAI | debug]   Snapshotting prop: -9223367527457878223_0_nav_agent = ObjectRef(4509145245517) (Variant type: OBJECT)
[GdPAI | debug] Discovery: Simulation success for Go To. Agent props: {"hunger": Float(30.77003791666667), "-9223367527457878223_0_agent_location": ObjectRef(4509296240426), "-9223367527457878223_0_dist_check": Float(8.0), "-9223367527457878223_0_target_reached": Bool(true), "entity": ObjectRef(4509094913884), "-9223367527457878223_0_nav_agent": ObjectRef(4509145245517), "-9223367527457878223_0_target_set": Bool(true), "-9223367527457878223_0_prior_positions": Array([Bytes([5, 0, 0, 0, 38, 21, 137, 67, 192, 66, 134, 66]), Bytes([5, 0, 0, 0, 38, 21, 137, 67, 192, 66, 134, 66])]), "-9223367527457878223_0_target_orig_position": Bytes([5, 0, 0, 0, 0, 128, 140, 67, 0, 0, 178, 66]), "-9223367527457878223_0_time_elapsed": Float(0.02142857142857143)}
WARNING: [GdPAI] ObjectRef(124621163998): object was freed before callback; returning Nil.
   at: gdplanningai_rust::logger::process_logs (src\logger.rs:66)
   GDScript backtrace (most recent call first):
       [0] _drain_scheduler (res://test/integration/test_hunger_example_smoke.gd:26)
[GdPAI | debug] ApplyEffect [Before] ID=InstanceId(-9223367070362586285): agent props = {"held_item": "wood", "entity": null, "at_target": null, "hunger": 70.0627442063492}
[GdPAI | debug] ApplyEffect [After] ID=InstanceId(-9223367070362586285): agent props = {"held_item": "wood", "entity": null, "at_target": null, "hunger": 70.0627442063492}
[GdPAI | debug]   Snapshotting prop: held_item = Str("wood") (Variant type: STRING)
[GdPAI | debug]   Snapshotting prop: entity = Nil (Variant type: NIL)
[GdPAI | debug]   Snapshotting prop: at_target = Nil (Variant type: NIL)
[GdPAI | debug]   Snapshotting prop: hunger = Float(70.0627442063492) (Variant type: FLOAT)
WARNING: [GdPAI] ObjectRef(1382643928884): object was freed before callback; returning Nil.
   at: gdplanningai_rust::logger::process_logs (src\logger.rs:66)
   GDScript backtrace (most recent call first):
       [0] _drain_scheduler (res://test/integration/test_hunger_example_smoke.gd:26)
[GdPAI | debug] GetCost: callable returned non-numeric value: null; returning INFINITY
[GdPAI | debug] Discovery: Action Go To did NOT satisfy precond Custom { callable_id: 12, dependent_object_ids: [] }
[GdPAI | debug] Discovery: Starting simulation for action Eat Held Food
WARNING: [GdPAI] ObjectRef(124621163998): object was freed before callback; returning Nil.
   at: gdplanningai_rust::logger::process_logs (src\logger.rs:66)
   GDScript backtrace (most recent call first):
       [0] _process (res://addons/GdPlanningAI/gdpai_autoload.gd:21)
WARNING: [GdPAI] ObjectRef(125510356497): object was freed before callback; returning Nil.
   at: gdplanningai_rust::logger::process_logs (src\logger.rs:66)
   GDScript backtrace (most recent call first):
       [0] _process (res://addons/GdPlanningAI/gdpai_autoload.gd:21)
WARNING: [GdPAI] ObjectRef(125510356497): object was freed before callback; returning Nil.
   at: gdplanningai_rust::logger::process_logs (src\logger.rs:66)
   GDScript backtrace (most recent call first):
       [0] _process (res://addons/GdPlanningAI/gdpai_autoload.gd:21)
[GdPAI | debug] GetCost: callable returned non-numeric value: null; returning INFINITY
WARNING: [GdPAI] ObjectRef(1382643928884): object was freed before callback; returning Nil.
   at: gdplanningai_rust::logger::process_logs (src\logger.rs:66)
   GDScript backtrace (most recent call first):
       [0] _process (res://addons/GdPlanningAI/gdpai_autoload.gd:21)
[GdPAI | debug] ApplyEffect [Before] ID=InstanceId(-9223367068416429255): agent props = {"entity": null, "held_item": "", "hunger": 95.0603725}
[GdPAI | debug] ApplyEffect [After] ID=InstanceId(-9223367068416429255): agent props = {"entity": null, "held_item": "", "hunger": 95.0603725}
[GdPAI | debug]   Snapshotting prop: entity = Nil (Variant type: NIL)
[GdPAI | debug]   Snapshotting prop: held_item = Str("") (Variant type: STRING)
[GdPAI | debug]   Snapshotting prop: hunger = Float(95.0603725) (Variant type: FLOAT)
WARNING: [GdPAI] ObjectRef(124621163998): object was freed before callback; returning Nil.
   at: gdplanningai_rust::logger::process_logs (src\logger.rs:66)
   GDScript backtrace (most recent call first):
       [0] _drain_scheduler (res://test/integration/test_hunger_example_smoke.gd:26)
WARNING: [GdPAI] ObjectRef(125510356497): object was freed before callback; returning Nil.
   at: gdplanningai_rust::logger::process_logs (src\logger.rs:66)
   GDScript backtrace (most recent call first):
       [0] _drain_scheduler (res://test/integration/test_hunger_example_smoke.gd:26)
WARNING: [GdPAI] ObjectRef(125510356497): object was freed before callback; returning Nil.
   at: gdplanningai_rust::logger::process_logs (src\logger.rs:66)
   GDScript backtrace (most recent call first):
       [0] _drain_scheduler (res://test/integration/test_hunger_example_smoke.gd:26)
[GdPAI | debug] ApplyEffect [Before] ID=InstanceId(-9223367067527236772): agent props = {"at_target": null, "hunger": 70.0627442063492, "entity": null, "held_item": "wood"}
[GdPAI | debug] ApplyEffect [After] ID=InstanceId(-9223367067527236772): agent props = {"at_target": null, "hunger": 70.0627442063492, "entity": null, "held_item": "wood"}
[GdPAI | debug]   Snapshotting prop: at_target = Nil (Variant type: NIL)
[GdPAI | debug]   Snapshotting prop: hunger = Float(70.0627442063492) (Variant type: FLOAT)
[GdPAI | debug]   Snapshotting prop: entity = Nil (Variant type: NIL)
[GdPAI | debug]   Snapshotting prop: held_item = Str("wood") (Variant type: STRING)
WARNING: [GdPAI] ObjectRef(1382643928884): object was freed before callback; returning Nil.
   at: gdplanningai_rust::logger::process_logs (src\logger.rs:66)
   GDScript backtrace (most recent call first):
       [0] _drain_scheduler (res://test/integration/test_hunger_example_smoke.gd:26)
[GdPAI | debug] GetCost: callable returned non-numeric value: null; returning INFINITY
[GdPAI | debug] ApplyEffect [Before] ID=InstanceId(-9223367066386386084): agent props = {"-9223367527457878223_0_target_reached": true, "entity": VariantGd { id: 4509094913884, class: RigidBody2D }, "-9223367527457878223_0_prior_positions": [(274.1652, 67.13037), (274.1652, 67.13037)], "-9223367527457878223_0_agent_location": VariantGd { id: 4509296240426, class: Node }, "hunger": 30.77003791666667, "-9223367527457878223_0_dist_check": 8.0, "-9223367527457878223_0_nav_agent": VariantGd { id: 4509145245517, class: NavigationAgent2D }, "-9223367527457878223_0_target_set": true, "-9223367527457878223_0_target_orig_position": Vector2 { x: 281.0, y: 89.0 }, "-9223367527457878223_0_time_elapsed": 0.02142857142857143}
[GdPAI | debug] ApplyEffect [After] ID=InstanceId(-9223367066386386084): agent props = {"-9223367527457878223_0_target_reached": true, "entity": VariantGd { id: 4509094913884, class: RigidBody2D }, "-9223367527457878223_0_prior_positions": [(274.1652, 67.13037), (274.1652, 67.13037)], "-9223367527457878223_0_agent_location": VariantGd { id: 4509296240426, class: Node }, "hunger": 10.77003791666667, "held_item": "", "-9223367527457878223_0_dist_check": 8.0, "-9223367527457878223_0_nav_agent": VariantGd { id: 4509145245517, class: NavigationAgent2D }, "-9223367527457878223_0_target_set": true, "-9223367527457878223_0_target_orig_position": Vector2 { x: 281.0, y: 89.0 }, "-9223367527457878223_0_time_elapsed": 0.02142857142857143}
[GdPAI | debug]   Snapshotting prop: -9223367527457878223_0_target_reached = Bool(true) (Variant type: BOOL)
[GdPAI | debug]   Snapshotting prop: entity = ObjectRef(4509094913884) (Variant type: OBJECT)
[GdPAI | debug]   Snapshotting prop: -9223367527457878223_0_prior_positions = Array([Bytes([5, 0, 0, 0, 38, 21, 137, 67, 192, 66, 134, 66]), Bytes([5, 0, 0, 0, 38, 21, 137, 67, 192, 66, 134, 66])]) (Variant type: ARRAY)
[GdPAI | debug]   Snapshotting prop: -9223367527457878223_0_agent_location = ObjectRef(4509296240426) (Variant type: OBJECT)
[GdPAI | debug]   Snapshotting prop: hunger = Float(10.77003791666667) (Variant type: FLOAT)
[GdPAI | debug]   Snapshotting prop: held_item = Str("") (Variant type: STRING)
[GdPAI | debug]   Snapshotting prop: -9223367527457878223_0_dist_check = Float(8.0) (Variant type: FLOAT)
[GdPAI | debug]   Snapshotting prop: -9223367527457878223_0_nav_agent = ObjectRef(4509145245517) (Variant type: OBJECT)
[GdPAI | debug]   Snapshotting prop: -9223367527457878223_0_target_set = Bool(true) (Variant type: BOOL)
[GdPAI | debug]   Snapshotting prop: -9223367527457878223_0_target_orig_position = Bytes([5, 0, 0, 0, 0, 128, 140, 67, 0, 0, 178, 66]) (Variant type: VECTOR2)
[GdPAI | debug]   Snapshotting prop: -9223367527457878223_0_time_elapsed = Float(0.02142857142857143) (Variant type: FLOAT)
[GdPAI | debug] Discovery: Simulation success for Eat Held Food. Agent props: {"entity": ObjectRef(4509094913884), "-9223367527457878223_0_target_set": Bool(true), "-9223367527457878223_0_prior_positions": Array([Bytes([5, 0, 0, 0, 38, 21, 137, 67, 192, 66, 134, 66]), Bytes([5, 0, 0, 0, 38, 21, 137, 67, 192, 66, 134, 66])]), "-9223367527457878223_0_target_reached": Bool(true), "held_item": Str(""), "hunger": Float(10.77003791666667), "-9223367527457878223_0_nav_agent": ObjectRef(4509145245517), "-9223367527457878223_0_target_orig_position": Bytes([5, 0, 0, 0, 0, 128, 140, 67, 0, 0, 178, 66]), "-9223367527457878223_0_time_elapsed": Float(0.02142857142857143), "-9223367527457878223_0_agent_location": ObjectRef(4509296240426), "-9223367527457878223_0_dist_check": Float(8.0)}
WARNING: [GdPAI] ObjectRef(124621163998): object was freed before callback; returning Nil.
   at: gdplanningai_rust::logger::process_logs (src\logger.rs:66)
   GDScript backtrace (most recent call first):
       [0] _process (res://addons/GdPlanningAI/gdpai_autoload.gd:21)
WARNING: [GdPAI] ObjectRef(124134624705): object was freed before callback; returning Nil.
   at: gdplanningai_rust::logger::process_logs (src\logger.rs:66)
   GDScript backtrace (most recent call first):
       [0] _process (res://addons/GdPlanningAI/gdpai_autoload.gd:21)
WARNING: [GdPAI] ObjectRef(124134624705): object was freed before callback; returning Nil.
   at: gdplanningai_rust::logger::process_logs (src\logger.rs:66)
   GDScript backtrace (most recent call first):
       [0] _process (res://addons/GdPlanningAI/gdpai_autoload.gd:21)
[GdPAI | debug] GetCost: callable returned non-numeric value: null; returning INFINITY
WARNING: [GdPAI] ObjectRef(1382643928884): object was freed before callback; returning Nil.
   at: gdplanningai_rust::logger::process_logs (src\logger.rs:66)
   GDScript backtrace (most recent call first):
       [0] _process (res://addons/GdPlanningAI/gdpai_autoload.gd:21)
[GdPAI | debug] ApplyEffect [Before] ID=InstanceId(-9223367065480416460): agent props = {"held_item": "", "hunger": 95.0603725, "entity": null}
[GdPAI | debug] ApplyEffect [After] ID=InstanceId(-9223367065480416460): agent props = {"held_item": "", "hunger": 95.0603725, "entity": null}
[GdPAI | debug]   Snapshotting prop: held_item = Str("") (Variant type: STRING)
[GdPAI | debug]   Snapshotting prop: hunger = Float(95.0603725) (Variant type: FLOAT)
[GdPAI | debug]   Snapshotting prop: entity = Nil (Variant type: NIL)
[GdPAI | debug] Discovery: Action Eat Held Food did NOT satisfy precond Custom { callable_id: 12, dependent_object_ids: [] }
WARNING: [GdPAI] ObjectRef(124621163998): object was freed before callback; returning Nil.
   at: gdplanningai_rust::logger::process_logs (src\logger.rs:66)
   GDScript backtrace (most recent call first):
       [0] _drain_scheduler (res://test/integration/test_hunger_example_smoke.gd:26)
WARNING: [GdPAI] ObjectRef(124134624705): object was freed before callback; returning Nil.
   at: gdplanningai_rust::logger::process_logs (src\logger.rs:66)
   GDScript backtrace (most recent call first):
       [0] _drain_scheduler (res://test/integration/test_hunger_example_smoke.gd:26)
WARNING: [GdPAI] ObjectRef(124134624705): object was freed before callback; returning Nil.
   at: gdplanningai_rust::logger::process_logs (src\logger.rs:66)
   GDScript backtrace (most recent call first):
       [0] _drain_scheduler (res://test/integration/test_hunger_example_smoke.gd:26)
[GdPAI | debug] ApplyEffect [Before] ID=InstanceId(-9223367064591223953): agent props = {"entity": null, "at_target": null, "held_item": "wood", "hunger": 70.0627442063492}
[GdPAI | debug] ApplyEffect [After] ID=InstanceId(-9223367064591223953): agent props = {"entity": null, "at_target": null, "held_item": "wood", "hunger": 70.0627442063492}
[GdPAI | debug]   Snapshotting prop: entity = Nil (Variant type: NIL)
[GdPAI | debug]   Snapshotting prop: at_target = Nil (Variant type: NIL)
[GdPAI | debug]   Snapshotting prop: held_item = Str("wood") (Variant type: STRING)
[GdPAI | debug]   Snapshotting prop: hunger = Float(70.0627442063492) (Variant type: FLOAT)
WARNING: [GdPAI] ObjectRef(1382643928884): object was freed before callback; returning Nil.
   at: gdplanningai_rust::logger::process_logs (src\logger.rs:66)
   GDScript backtrace (most recent call first):
       [0] _drain_scheduler (res://test/integration/test_hunger_example_smoke.gd:26)
[GdPAI | debug] GetCost: callable returned non-numeric value: null; returning INFINITY
[GdPAI | debug] Discovery: Starting simulation for action Wander
WARNING: [GdPAI] ObjectRef(124621163998): object was freed before callback; returning Nil.
   at: gdplanningai_rust::logger::process_logs (src\logger.rs:66)
   GDScript backtrace (most recent call first):
       [0] _process (res://addons/GdPlanningAI/gdpai_autoload.gd:21)
[GdPAI | debug] GetCost: callable returned non-numeric value: null; returning INFINITY
WARNING: [GdPAI] ObjectRef(1382643928884): object was freed before callback; returning Nil.
   at: gdplanningai_rust::logger::process_logs (src\logger.rs:66)
   GDScript backtrace (most recent call first):
       [0] _process (res://addons/GdPlanningAI/gdpai_autoload.gd:21)
[GdPAI | debug] ApplyEffect [Before] ID=InstanceId(-9223367062544403599): agent props = {"held_item": "wood", "entity": null, "hunger": 95.0603725}
[GdPAI | debug] ApplyEffect [After] ID=InstanceId(-9223367062544403599): agent props = {"held_item": "wood", "entity": null, "hunger": 95.0603725}
[GdPAI | debug]   Snapshotting prop: held_item = Str("wood") (Variant type: STRING)
[GdPAI | debug]   Snapshotting prop: entity = Nil (Variant type: NIL)
[GdPAI | debug]   Snapshotting prop: hunger = Float(95.0603725) (Variant type: FLOAT)
WARNING: [GdPAI] ObjectRef(124621163998): object was freed before callback; returning Nil.
   at: gdplanningai_rust::logger::process_logs (src\logger.rs:66)
   GDScript backtrace (most recent call first):
       [0] _drain_scheduler (res://test/integration/test_hunger_example_smoke.gd:26)
[GdPAI | debug] ApplyEffect [Before] ID=InstanceId(-9223367061755874410): agent props = {"entity": null, "held_item": "wood", "at_target": null, "hunger": 70.0627442063492}
[GdPAI | debug] ApplyEffect [After] ID=InstanceId(-9223367061755874410): agent props = {"entity": null, "held_item": "wood", "at_target": null, "hunger": 70.0627442063492}
[GdPAI | debug]   Snapshotting prop: entity = Nil (Variant type: NIL)
[GdPAI | debug]   Snapshotting prop: held_item = Str("wood") (Variant type: STRING)
[GdPAI | debug]   Snapshotting prop: at_target = Nil (Variant type: NIL)
[GdPAI | debug]   Snapshotting prop: hunger = Float(70.0627442063492) (Variant type: FLOAT)
WARNING: [GdPAI] ObjectRef(1382643928884): object was freed before callback; returning Nil.
   at: gdplanningai_rust::logger::process_logs (src\logger.rs:66)
   GDScript backtrace (most recent call first):
       [0] _drain_scheduler (res://test/integration/test_hunger_example_smoke.gd:26)
WARNING: [GdPAI] ObjectRef(1382643928884): object was freed before callback; returning Nil.
   at: gdplanningai_rust::logger::process_logs (src\logger.rs:66)
   GDScript backtrace (most recent call first):
       [0] _drain_scheduler (res://test/integration/test_hunger_example_smoke.gd:26)
[GdPAI | debug] GetCost: callable returned non-numeric value: null; returning INFINITY
[GdPAI | debug] ApplyEffect [Before] ID=InstanceId(-9223367060615023722): agent props = {"-9223367527457878223_0_time_elapsed": 0.02142857142857143, "-9223367527457878223_0_nav_agent": VariantGd { id: 4509145245517, class: NavigationAgent2D }, "-9223367527457878223_0_prior_positions": [(274.1652, 67.13037), (274.1652, 67.13037)], "-9223367527457878223_0_dist_check": 8.0, "hunger": 30.77003791666667, "-9223367527457878223_0_target_orig_position": Vector2 { x: 281.0, y: 89.0 }, "-9223367527457878223_0_target_set": true, "-9223367527457878223_0_target_reached": true, "-9223367527457878223_0_agent_location": VariantGd { id: 4509296240426, class: Node }, "entity": VariantGd { id: 4509094913884, class: RigidBody2D }}
[GdPAI | debug] ApplyEffect [After] ID=InstanceId(-9223367060615023722): agent props = {"-9223367527457878223_0_time_elapsed": 0.02142857142857143, "-9223367527457878223_0_nav_agent": VariantGd { id: 4509145245517, class: NavigationAgent2D }, "-9223367527457878223_0_prior_positions": [(274.1652, 67.13037), (274.1652, 67.13037)], "-9223367527457878223_0_dist_check": 8.0, "hunger": 30.77003791666667, "-9223367527457878223_0_target_orig_position": Vector2 { x: 281.0, y: 89.0 }, "-9223367527457878223_0_target_set": true, "-9223367527457878223_0_target_reached": true, "-9223367527457878223_0_agent_location": VariantGd { id: 4509296240426, class: Node }, "entity": VariantGd { id: 4509094913884, class: RigidBody2D }}
[GdPAI | debug]   Snapshotting prop: -9223367527457878223_0_time_elapsed = Float(0.02142857142857143) (Variant type: FLOAT)
[GdPAI | debug]   Snapshotting prop: -9223367527457878223_0_nav_agent = ObjectRef(4509145245517) (Variant type: OBJECT)
[GdPAI | debug]   Snapshotting prop: -9223367527457878223_0_prior_positions = Array([Bytes([5, 0, 0, 0, 38, 21, 137, 67, 192, 66, 134, 66]), Bytes([5, 0, 0, 0, 38, 21, 137, 67, 192, 66, 134, 66])]) (Variant type: ARRAY)
[GdPAI | debug]   Snapshotting prop: -9223367527457878223_0_dist_check = Float(8.0) (Variant type: FLOAT)
[GdPAI | debug]   Snapshotting prop: hunger = Float(30.77003791666667) (Variant type: FLOAT)
[GdPAI | debug]   Snapshotting prop: -9223367527457878223_0_target_orig_position = Bytes([5, 0, 0, 0, 0, 128, 140, 67, 0, 0, 178, 66]) (Variant type: VECTOR2)
[GdPAI | debug]   Snapshotting prop: -9223367527457878223_0_target_set = Bool(true) (Variant type: BOOL)
[GdPAI | debug]   Snapshotting prop: -9223367527457878223_0_target_reached = Bool(true) (Variant type: BOOL)
[GdPAI | debug]   Snapshotting prop: -9223367527457878223_0_agent_location = ObjectRef(4509296240426) (Variant type: OBJECT)
[GdPAI | debug]   Snapshotting prop: entity = ObjectRef(4509094913884) (Variant type: OBJECT)
[GdPAI | debug] Discovery: Simulation success for Wander. Agent props: {"entity": ObjectRef(4509094913884), "-9223367527457878223_0_prior_positions": Array([Bytes([5, 0, 0, 0, 38, 21, 137, 67, 192, 66, 134, 66]), Bytes([5, 0, 0, 0, 38, 21, 137, 67, 192, 66, 134, 66])]), "-9223367527457878223_0_target_orig_position": Bytes([5, 0, 0, 0, 0, 128, 140, 67, 0, 0, 178, 66]), "-9223367527457878223_0_agent_location": ObjectRef(4509296240426), "-9223367527457878223_0_time_elapsed": Float(0.02142857142857143), "-9223367527457878223_0_dist_check": Float(8.0), "-9223367527457878223_0_target_reached": Bool(true), "-9223367527457878223_0_nav_agent": ObjectRef(4509145245517), "hunger": Float(30.77003791666667), "-9223367527457878223_0_target_set": Bool(true)}
WARNING: [GdPAI] ObjectRef(124621163998): object was freed before callback; returning Nil.
   at: gdplanningai_rust::logger::process_logs (src\logger.rs:66)
   GDScript backtrace (most recent call first):
       [0] _process (res://addons/GdPlanningAI/gdpai_autoload.gd:21)
WARNING: [GdPAI] ObjectRef(124621163998): object was freed before callback; returning Nil.
   at: gdplanningai_rust::logger::process_logs (src\logger.rs:66)
   GDScript backtrace (most recent call first):
       [0] _process (res://addons/GdPlanningAI/gdpai_autoload.gd:21)
[GdPAI | debug] GetCost: callable returned non-numeric value: null; returning INFINITY
WARNING: [GdPAI] ObjectRef(1382643928884): object was freed before callback; returning Nil.
   at: gdplanningai_rust::logger::process_logs (src\logger.rs:66)
   GDScript backtrace (most recent call first):
       [0] _process (res://addons/GdPlanningAI/gdpai_autoload.gd:21)
WARNING: [GdPAI] ObjectRef(1382643928884): object was freed before callback; returning Nil.
   at: gdplanningai_rust::logger::process_logs (src\logger.rs:66)
   GDScript backtrace (most recent call first):
       [0] _process (res://addons/GdPlanningAI/gdpai_autoload.gd:21)
[GdPAI | debug] ApplyEffect [Before] ID=InstanceId(-9223367059759385800): agent props = {"held_item": "", "entity": null, "hunger": 95.0603725}
[GdPAI | debug] ApplyEffect [After] ID=InstanceId(-9223367059759385800): agent props = {"held_item": "", "entity": null, "hunger": 95.0603725}
[GdPAI | debug]   Snapshotting prop: held_item = Str("") (Variant type: STRING)
[GdPAI | debug]   Snapshotting prop: entity = Nil (Variant type: NIL)
[GdPAI | debug]   Snapshotting prop: hunger = Float(95.0603725) (Variant type: FLOAT)
[GdPAI | debug] Discovery: Action Wander satisfied precond Custom { callable_id: 12, dependent_object_ids: [] }
[GdPAI | debug] Found candidate: Wander (satisfied preconds: [0], requirements: [])
WARNING: [GdPAI] ObjectRef(124621163998): object was freed before callback; returning Nil.
   at: gdplanningai_rust::logger::process_logs (src\logger.rs:66)
   GDScript backtrace (most recent call first):
       [0] _drain_scheduler (res://test/integration/test_hunger_example_smoke.gd:26)
WARNING: [GdPAI] ObjectRef(124621163998): object was freed before callback; returning Nil.
   at: gdplanningai_rust::logger::process_logs (src\logger.rs:66)
   GDScript backtrace (most recent call first):
       [0] _drain_scheduler (res://test/integration/test_hunger_example_smoke.gd:26)
[GdPAI | debug] ApplyEffect [Before] ID=InstanceId(-9223367058870193281): agent props = {"entity": null, "held_item": "", "hunger": 70.0627442063492}
[GdPAI | debug] ApplyEffect [After] ID=InstanceId(-9223367058870193281): agent props = {"entity": null, "held_item": "", "hunger": 70.0627442063492}
[GdPAI | debug]   Snapshotting prop: entity = Nil (Variant type: NIL)
[GdPAI | debug]   Snapshotting prop: held_item = Str("") (Variant type: STRING)
[GdPAI | debug]   Snapshotting prop: hunger = Float(70.0627442063492) (Variant type: FLOAT)
WARNING: [GdPAI] ObjectRef(1382643928884): object was freed before callback; returning Nil.
   at: gdplanningai_rust::logger::process_logs (src\logger.rs:66)
   GDScript backtrace (most recent call first):
       [0] _drain_scheduler (res://test/integration/test_hunger_example_smoke.gd:26)
[GdPAI | debug] GetCost: callable returned non-numeric value: null; returning INFINITY
[GdPAI | debug] Numeric comparison: 30.77003791666667 GreaterThan 0 -> true
WARNING: [GdPAI] ObjectRef(124621163998): object was freed before callback; returning Nil.
   at: gdplanningai_rust::logger::process_logs (src\logger.rs:66)
   GDScript backtrace (most recent call first):
       [0] _process (res://addons/GdPlanningAI/gdpai_autoload.gd:21)
WARNING: [GdPAI] ObjectRef(124134624705): object was freed before callback; returning Nil.
   at: gdplanningai_rust::logger::process_logs (src\logger.rs:66)
   GDScript backtrace (most recent call first):
       [0] _process (res://addons/GdPlanningAI/gdpai_autoload.gd:21)
WARNING: [GdPAI] ObjectRef(125510356497): object was freed before callback; returning Nil.
   at: gdplanningai_rust::logger::process_logs (src\logger.rs:66)
   GDScript backtrace (most recent call first):
       [0] _process (res://addons/GdPlanningAI/gdpai_autoload.gd:21)
WARNING: [GdPAI] ObjectRef(124134624705): object was freed before callback; returning Nil.
   at: gdplanningai_rust::logger::process_logs (src\logger.rs:66)
   GDScript backtrace (most recent call first):
       [0] _process (res://addons/GdPlanningAI/gdpai_autoload.gd:21)
WARNING: [GdPAI] ObjectRef(125510356497): object was freed before callback; returning Nil.
   at: gdplanningai_rust::logger::process_logs (src\logger.rs:66)
   GDScript backtrace (most recent call first):
       [0] _process (res://addons/GdPlanningAI/gdpai_autoload.gd:21)
[GdPAI | debug] GetCost: callable returned non-numeric value: null; returning INFINITY
WARNING: [GdPAI] ObjectRef(1382643928884): object was freed before callback; returning Nil.
   at: gdplanningai_rust::logger::process_logs (src\logger.rs:66)
   GDScript backtrace (most recent call first):
       [0] _process (res://addons/GdPlanningAI/gdpai_autoload.gd:21)
[GdPAI | debug] ApplyEffect [Before] ID=InstanceId(-9223367056873704664): agent props = {"entity": null, "held_item": "", "hunger": 95.0603725}
[GdPAI | debug] ApplyEffect [After] ID=InstanceId(-9223367056873704664): agent props = {"entity": null, "held_item": "", "hunger": 95.0603725}
[GdPAI | debug]   Snapshotting prop: entity = Nil (Variant type: NIL)
[GdPAI | debug]   Snapshotting prop: held_item = Str("") (Variant type: STRING)
[GdPAI | debug]   Snapshotting prop: hunger = Float(95.0603725) (Variant type: FLOAT)
[GdPAI | debug] Discovery: Action Shake Tree failed validity check, skipping
WARNING: [GdPAI] ObjectRef(124621163998): object was freed before callback; returning Nil.
   at: gdplanningai_rust::logger::process_logs (src\logger.rs:66)
   GDScript backtrace (most recent call first):
       [0] _drain_scheduler (res://test/integration/test_hunger_example_smoke.gd:26)
WARNING: [GdPAI] ObjectRef(124134624705): object was freed before callback; returning Nil.
   at: gdplanningai_rust::logger::process_logs (src\logger.rs:66)
   GDScript backtrace (most recent call first):
       [0] _drain_scheduler (res://test/integration/test_hunger_example_smoke.gd:26)
WARNING: [GdPAI] ObjectRef(125510356497): object was freed before callback; returning Nil.
   at: gdplanningai_rust::logger::process_logs (src\logger.rs:66)
   GDScript backtrace (most recent call first):
       [0] _drain_scheduler (res://test/integration/test_hunger_example_smoke.gd:26)
WARNING: [GdPAI] ObjectRef(124134624705): object was freed before callback; returning Nil.
   at: gdplanningai_rust::logger::process_logs (src\logger.rs:66)
   GDScript backtrace (most recent call first):
       [0] _drain_scheduler (res://test/integration/test_hunger_example_smoke.gd:26)
WARNING: [GdPAI] ObjectRef(125510356497): object was freed before callback; returning Nil.
   at: gdplanningai_rust::logger::process_logs (src\logger.rs:66)
   GDScript backtrace (most recent call first):
       [0] _drain_scheduler (res://test/integration/test_hunger_example_smoke.gd:26)
[GdPAI | debug] ApplyEffect [Before] ID=InstanceId(-9223367055883848774): agent props = {"held_item": "", "hunger": 70.0627442063492, "at_target": null, "entity": null}
[GdPAI | debug] ApplyEffect [After] ID=InstanceId(-9223367055883848774): agent props = {"held_item": "", "hunger": 70.0627442063492, "at_target": null, "entity": null}
[GdPAI | debug]   Snapshotting prop: held_item = Str("") (Variant type: STRING)
[GdPAI | debug]   Snapshotting prop: hunger = Float(70.0627442063492) (Variant type: FLOAT)
[GdPAI | debug]   Snapshotting prop: at_target = Nil (Variant type: NIL)
[GdPAI | debug]   Snapshotting prop: entity = Nil (Variant type: NIL)
WARNING: [GdPAI] ObjectRef(1382643928884): object was freed before callback; returning Nil.
   at: gdplanningai_rust::logger::process_logs (src\logger.rs:66)
   GDScript backtrace (most recent call first):
       [0] _drain_scheduler (res://test/integration/test_hunger_example_smoke.gd:26)
[GdPAI | debug] GetCost: callable returned non-numeric value: null; returning INFINITY
WARNING: [GdPAI] ObjectRef(124621163998): object was freed before callback; returning Nil.
   at: gdplanningai_rust::logger::process_logs (src\logger.rs:66)
   GDScript backtrace (most recent call first):
       [0] _process (res://addons/GdPlanningAI/gdpai_autoload.gd:21)
[GdPAI | debug] GetCost: callable returned non-numeric value: null; returning INFINITY
WARNING: [GdPAI] ObjectRef(1382643928884): object was freed before callback; returning Nil.
   at: gdplanningai_rust::logger::process_logs (src\logger.rs:66)
   GDScript backtrace (most recent call first):
       [0] _process (res://addons/GdPlanningAI/gdpai_autoload.gd:21)
[GdPAI | debug] ApplyEffect [Before] ID=InstanceId(-9223367053736365178): agent props = {"entity": null, "hunger": 95.0603725, "held_item": ""}
[GdPAI | debug] ApplyEffect [After] ID=InstanceId(-9223367053736365178): agent props = {"entity": null, "hunger": 95.0603725, "held_item": ""}
[GdPAI | debug]   Snapshotting prop: entity = Nil (Variant type: NIL)
[GdPAI | debug]   Snapshotting prop: hunger = Float(95.0603725) (Variant type: FLOAT)
[GdPAI | debug]   Snapshotting prop: held_item = Str("") (Variant type: STRING)
[GdPAI | debug] ApplyEffect [Before] ID=InstanceId(-9223367053165939834): agent props = {"hunger": 30.77003791666667, "-9223367527457878223_0_dist_check": 8.0, "-9223367527457878223_0_target_set": true, "-9223367527457878223_0_target_reached": true, "-9223367527457878223_0_target_orig_position": Vector2 { x: 281.0, y: 89.0 }, "-9223367527457878223_0_time_elapsed": 0.02142857142857143, "-9223367527457878223_0_nav_agent": VariantGd { id: 4509145245517, class: NavigationAgent2D }, "-9223367527457878223_0_prior_positions": [(274.1652, 67.13037), (274.1652, 67.13037)], "-9223367527457878223_0_agent_location": VariantGd { id: 4509296240426, class: Node }, "entity": VariantGd { id: 4509094913884, class: RigidBody2D }}
[GdPAI | debug] ApplyEffect [After] ID=InstanceId(-9223367053165939834): agent props = {"hunger": 30.77003791666667, "-9223367527457878223_0_dist_check": 8.0, "-9223367527457878223_0_target_set": true, "-9223367527457878223_0_target_reached": true, "-9223367527457878223_0_target_orig_position": Vector2 { x: 281.0, y: 89.0 }, "-9223367527457878223_0_time_elapsed": 0.02142857142857143, "-9223367527457878223_0_nav_agent": VariantGd { id: 4509145245517, class: NavigationAgent2D }, "-9223367527457878223_0_prior_positions": [(274.1652, 67.13037), (274.1652, 67.13037)], "-9223367527457878223_0_agent_location": VariantGd { id: 4509296240426, class: Node }, "entity": VariantGd { id: 4509094913884, class: RigidBody2D }}
[GdPAI | debug]   Snapshotting prop: hunger = Float(30.77003791666667) (Variant type: FLOAT)
[GdPAI | debug]   Snapshotting prop: -9223367527457878223_0_dist_check = Float(8.0) (Variant type: FLOAT)
[GdPAI | debug]   Snapshotting prop: -9223367527457878223_0_target_set = Bool(true) (Variant type: BOOL)
[GdPAI | debug]   Snapshotting prop: -9223367527457878223_0_target_reached = Bool(true) (Variant type: BOOL)
[GdPAI | debug]   Snapshotting prop: -9223367527457878223_0_target_orig_position = Bytes([5, 0, 0, 0, 0, 128, 140, 67, 0, 0, 178, 66]) (Variant type: VECTOR2)
[GdPAI | debug]   Snapshotting prop: -9223367527457878223_0_time_elapsed = Float(0.02142857142857143) (Variant type: FLOAT)
[GdPAI | debug]   Snapshotting prop: -9223367527457878223_0_nav_agent = ObjectRef(4509145245517) (Variant type: OBJECT)
[GdPAI | debug]   Snapshotting prop: -9223367527457878223_0_prior_positions = Array([Bytes([5, 0, 0, 0, 38, 21, 137, 67, 192, 66, 134, 66]), Bytes([5, 0, 0, 0, 38, 21, 137, 67, 192, 66, 134, 66])]) (Variant type: ARRAY)
[GdPAI | debug]   Snapshotting prop: -9223367527457878223_0_agent_location = ObjectRef(4509296240426) (Variant type: OBJECT)
[GdPAI | debug]   Snapshotting prop: entity = ObjectRef(4509094913884) (Variant type: OBJECT)
[GdPAI] A* Iteration: pop node with chain length 1
WARNING: [GdPAI] ObjectRef(124621163998): object was freed before callback; returning Nil.
   at: gdplanningai_rust::logger::process_logs (src\logger.rs:66)
   GDScript backtrace (most recent call first):
       [0] _drain_scheduler (res://test/integration/test_hunger_example_smoke.gd:26)
[GdPAI | debug] ApplyEffect [Before] ID=InstanceId(-9223367052947835955): agent props = {"hunger": 70.0627442063492, "entity": null, "at_target": null, "held_item": "wood"}
[GdPAI | debug] ApplyEffect [After] ID=InstanceId(-9223367052947835955): agent props = {"hunger": 70.0627442063492, "entity": null, "at_target": null, "held_item": "wood"}
[GdPAI | debug]   Snapshotting prop: hunger = Float(70.0627442063492) (Variant type: FLOAT)
[GdPAI | debug]   Snapshotting prop: entity = Nil (Variant type: NIL)
[GdPAI | debug]   Snapshotting prop: at_target = Nil (Variant type: NIL)
[GdPAI | debug]   Snapshotting prop: held_item = Str("wood") (Variant type: STRING)
WARNING: [GdPAI] ObjectRef(1382643928884): object was freed before callback; returning Nil.
   at: gdplanningai_rust::logger::process_logs (src\logger.rs:66)
   GDScript backtrace (most recent call first):
       [0] _drain_scheduler (res://test/integration/test_hunger_example_smoke.gd:26)
[GdPAI | debug] GetCost: callable returned non-numeric value: null; returning INFINITY
[GdPAI] A* SUCCESS! Returning plan for goal 'Wander'
[GdPAI] PlannerEngine: Found valid plan for goal 'Wander' (cost: 10)
WARNING: [GdPAI] ObjectRef(124621163998): object was freed before callback; returning Nil.
   at: gdplanningai_rust::logger::process_logs (src\logger.rs:66)
   GDScript backtrace (most recent call first):
       [0] _process (res://addons/GdPlanningAI/gdpai_autoload.gd:21)
WARNING: [GdPAI] ObjectRef(125510356497): object was freed before callback; returning Nil.
   at: gdplanningai_rust::logger::process_logs (src\logger.rs:66)
   GDScript backtrace (most recent call first):
       [0] _process (res://addons/GdPlanningAI/gdpai_autoload.gd:21)
WARNING: [GdPAI] ObjectRef(125510356497): object was freed before callback; returning Nil.
   at: gdplanningai_rust::logger::process_logs (src\logger.rs:66)
   GDScript backtrace (most recent call first):
       [0] _process (res://addons/GdPlanningAI/gdpai_autoload.gd:21)
[GdPAI | debug] GetCost: callable returned non-numeric value: null; returning INFINITY
WARNING: [GdPAI] ObjectRef(1382643928884): object was freed before callback; returning Nil.
   at: gdplanningai_rust::logger::process_logs (src\logger.rs:66)
   GDScript backtrace (most recent call first):
       [0] _process (res://addons/GdPlanningAI/gdpai_autoload.gd:21)
[GdPAI | debug] ApplyEffect [Before] ID=InstanceId(-9223367051001678931): agent props = {"hunger": 95.0603725, "held_item": "wood", "entity": null}
[GdPAI | debug] ApplyEffect [After] ID=InstanceId(-9223367051001678931): agent props = {"hunger": 95.0603725, "held_item": "wood", "entity": null}
[GdPAI | debug]   Snapshotting prop: hunger = Float(95.0603725) (Variant type: FLOAT)
[GdPAI | debug]   Snapshotting prop: held_item = Str("wood") (Variant type: STRING)
[GdPAI | debug]   Snapshotting prop: entity = Nil (Variant type: NIL)
[GdPAI] Plan complete: success=true, actions=1, cost=10.0, action_chain=[2]
[GdPAI] A* Iteration: pop node with chain length 3
[GdPAI | debug] find_candidates: Checking 15 actions against 1 preconds and 2 requirements
WARNING: [GdPAI] ObjectRef(124621163998): object was freed before callback; returning Nil.
   at: gdplanningai_rust::logger::process_logs (src\logger.rs:66)
   GDScript backtrace (most recent call first):
       [0] _drain_scheduler (res://test/integration/test_hunger_example_smoke.gd:26)
WARNING: [GdPAI] ObjectRef(125510356497): object was freed before callback; returning Nil.
   at: gdplanningai_rust::logger::process_logs (src\logger.rs:66)
   GDScript backtrace (most recent call first):
       [0] _drain_scheduler (res://test/integration/test_hunger_example_smoke.gd:26)
WARNING: [GdPAI] ObjectRef(125510356497): object was freed before callback; returning Nil.
   at: gdplanningai_rust::logger::process_logs (src\logger.rs:66)
   GDScript backtrace (most recent call first):
       [0] _drain_scheduler (res://test/integration/test_hunger_example_smoke.gd:26)
[GdPAI | debug] ApplyEffect [Before] ID=InstanceId(-9223367050196372533): agent props = {"held_item": "wood", "hunger": 70.0627442063492, "entity": null, "at_target": null}
[GdPAI | debug] ApplyEffect [After] ID=InstanceId(-9223367050196372533): agent props = {"held_item": "wood", "hunger": 70.0627442063492, "entity": null, "at_target": null}
[GdPAI | debug]   Snapshotting prop: held_item = Str("wood") (Variant type: STRING)
[GdPAI | debug]   Snapshotting prop: hunger = Float(70.0627442063492) (Variant type: FLOAT)
[GdPAI | debug]   Snapshotting prop: entity = Nil (Variant type: NIL)
[GdPAI | debug]   Snapshotting prop: at_target = Nil (Variant type: NIL)
WARNING: [GdPAI] ObjectRef(1382643928884): object was freed before callback; returning Nil.
   at: gdplanningai_rust::logger::process_logs (src\logger.rs:66)
   GDScript backtrace (most recent call first):
       [0] _drain_scheduler (res://test/integration/test_hunger_example_smoke.gd:26)
WARNING: [GdPAI] ObjectRef(1382643928884): object was freed before callback; returning Nil.
   at: gdplanningai_rust::logger::process_logs (src\logger.rs:66)
   GDScript backtrace (most recent call first):
       [0] _drain_scheduler (res://test/integration/test_hunger_example_smoke.gd:26)
[GdPAI | debug] Discovery: Starting simulation for action Go To
WARNING: [GdPAI] ObjectRef(124621163998): object was freed before callback; returning Nil.
   at: gdplanningai_rust::logger::process_logs (src\logger.rs:66)
   GDScript backtrace (most recent call first):
       [0] _process (res://addons/GdPlanningAI/gdpai_autoload.gd:21)
WARNING: [GdPAI] ObjectRef(124134624705): object was freed before callback; returning Nil.
   at: gdplanningai_rust::logger::process_logs (src\logger.rs:66)
   GDScript backtrace (most recent call first):
       [0] _process (res://addons/GdPlanningAI/gdpai_autoload.gd:21)
WARNING: [GdPAI] ObjectRef(124134624705): object was freed before callback; returning Nil.
   at: gdplanningai_rust::logger::process_logs (src\logger.rs:66)
   GDScript backtrace (most recent call first):
       [0] _process (res://addons/GdPlanningAI/gdpai_autoload.gd:21)
[GdPAI | debug] GetCost: callable returned non-numeric value: null; returning INFINITY
WARNING: [GdPAI] ObjectRef(1382643928884): object was freed before callback; returning Nil.
   at: gdplanningai_rust::logger::process_logs (src\logger.rs:66)
   GDScript backtrace (most recent call first):
       [0] _process (res://addons/GdPlanningAI/gdpai_autoload.gd:21)
WARNING: [GdPAI] ObjectRef(1382643928884): object was freed before callback; returning Nil.
   at: gdplanningai_rust::logger::process_logs (src\logger.rs:66)
   GDScript backtrace (most recent call first):
       [0] _process (res://addons/GdPlanningAI/gdpai_autoload.gd:21)
[GdPAI | debug] GetCost: callable returned non-numeric value: null; returning INFINITY
WARNING: [GdPAI] ObjectRef(124621163998): object was freed before callback; returning Nil.
   at: gdplanningai_rust::logger::process_logs (src\logger.rs:66)
   GDScript backtrace (most recent call first):
       [0] _drain_scheduler (res://test/integration/test_hunger_example_smoke.gd:26)
WARNING: [GdPAI] ObjectRef(124134624705): object was freed before callback; returning Nil.
   at: gdplanningai_rust::logger::process_logs (src\logger.rs:66)
   GDScript backtrace (most recent call first):
       [0] _drain_scheduler (res://test/integration/test_hunger_example_smoke.gd:26)
WARNING: [GdPAI] ObjectRef(124134624705): object was freed before callback; returning Nil.
   at: gdplanningai_rust::logger::process_logs (src\logger.rs:66)
   GDScript backtrace (most recent call first):
       [0] _drain_scheduler (res://test/integration/test_hunger_example_smoke.gd:26)
[GdPAI | debug] ApplyEffect [Before] ID=InstanceId(-9223367047394577408): agent props = {"at_target": null, "held_item": "wood", "hunger": 70.0627442063492, "entity": null}
[GdPAI | debug] ApplyEffect [After] ID=InstanceId(-9223367047394577408): agent props = {"at_target": null, "held_item": "wood", "hunger": 70.0627442063492, "entity": null}
[GdPAI | debug]   Snapshotting prop: at_target = Nil (Variant type: NIL)
[GdPAI | debug]   Snapshotting prop: held_item = Str("wood") (Variant type: STRING)
[GdPAI | debug]   Snapshotting prop: hunger = Float(70.0627442063492) (Variant type: FLOAT)
[GdPAI | debug]   Snapshotting prop: entity = Nil (Variant type: NIL)
WARNING: [GdPAI] ObjectRef(1382643928884): object was freed before callback; returning Nil.
   at: gdplanningai_rust::logger::process_logs (src\logger.rs:66)
   GDScript backtrace (most recent call first):
       [0] _drain_scheduler (res://test/integration/test_hunger_example_smoke.gd:26)
WARNING: [GdPAI] ObjectRef(1382643928884): object was freed before callback; returning Nil.
   at: gdplanningai_rust::logger::process_logs (src\logger.rs:66)
   GDScript backtrace (most recent call first):
       [0] _drain_scheduler (res://test/integration/test_hunger_example_smoke.gd:26)
[GdPAI | debug] ApplyEffect [Before] ID=InstanceId(-9223367046824152064): agent props = {"hunger": 95.0603725, "entity": null, "held_item": ""}
[GdPAI | debug] ApplyEffect [After] ID=InstanceId(-9223367046824152064): agent props = {"hunger": 95.0603725, "entity": null, "held_item": ""}
[GdPAI | debug]   Snapshotting prop: hunger = Float(95.0603725) (Variant type: FLOAT)
[GdPAI | debug]   Snapshotting prop: entity = Nil (Variant type: NIL)
[GdPAI | debug]   Snapshotting prop: held_item = Str("") (Variant type: STRING)
[GdPAI | debug] Discovery: Simulation success for Go To. Agent props: {"entity": Nil, "held_item": Str(""), "hunger": Float(95.0603725)}
[GdPAI | debug] Discovery: Action Go To satisfied precond Builtin { target: Agent, operation: Equal, property_name: "held_item", value: Some(Str("")) }
[GdPAI | debug] Found candidate: Go To (satisfied preconds: [0], requirements: [0, 1])
[GdPAI | debug] Discovery: Starting simulation for action Eat Held Food
WARNING: [GdPAI] ObjectRef(124621163998): object was freed before callback; returning Nil.
   at: gdplanningai_rust::logger::process_logs (src\logger.rs:66)
   GDScript backtrace (most recent call first):
       [0] _process (res://addons/GdPlanningAI/gdpai_autoload.gd:21)
[GdPAI | debug] GetCost: callable returned non-numeric value: null; returning INFINITY
WARNING: [GdPAI] ObjectRef(1382643928884): object was freed before callback; returning Nil.
   at: gdplanningai_rust::logger::process_logs (src\logger.rs:66)
   GDScript backtrace (most recent call first):
       [0] _process (res://addons/GdPlanningAI/gdpai_autoload.gd:21)
WARNING: [GdPAI] ObjectRef(1382643928884): object was freed before callback; returning Nil.
   at: gdplanningai_rust::logger::process_logs (src\logger.rs:66)
   GDScript backtrace (most recent call first):
       [0] _process (res://addons/GdPlanningAI/gdpai_autoload.gd:21)
[GdPAI | debug] GetCost: callable returned non-numeric value: null; returning INFINITY
WARNING: [GdPAI] ObjectRef(124621163998): object was freed before callback; returning Nil.
   at: gdplanningai_rust::logger::process_logs (src\logger.rs:66)
   GDScript backtrace (most recent call first):
       [0] _drain_scheduler (res://test/integration/test_hunger_example_smoke.gd:26)
[GdPAI | debug] ApplyEffect [Before] ID=InstanceId(-9223367044693445599): agent props = {"hunger": 70.0627442063492, "entity": null, "at_target": null, "held_item": "wood"}
[GdPAI | debug] ApplyEffect [After] ID=InstanceId(-9223367044693445599): agent props = {"hunger": 70.0627442063492, "entity": null, "at_target": null, "held_item": "wood"}
[GdPAI | debug]   Snapshotting prop: hunger = Float(70.0627442063492) (Variant type: FLOAT)
[GdPAI | debug]   Snapshotting prop: entity = Nil (Variant type: NIL)
[GdPAI | debug]   Snapshotting prop: at_target = Nil (Variant type: NIL)
[GdPAI | debug]   Snapshotting prop: held_item = Str("wood") (Variant type: STRING)
WARNING: [GdPAI] ObjectRef(1382643928884): object was freed before callback; returning Nil.
   at: gdplanningai_rust::logger::process_logs (src\logger.rs:66)
   GDScript backtrace (most recent call first):
       [0] _drain_scheduler (res://test/integration/test_hunger_example_smoke.gd:26)
WARNING: [GdPAI] ObjectRef(1382643928884): object was freed before callback; returning Nil.
   at: gdplanningai_rust::logger::process_logs (src\logger.rs:66)
   GDScript backtrace (most recent call first):
       [0] _drain_scheduler (res://test/integration/test_hunger_example_smoke.gd:26)
[GdPAI | debug] ApplyEffect [Before] ID=InstanceId(-9223367044123020255): agent props = {"hunger": 95.0603725, "held_item": "", "entity": null}
[GdPAI | debug] ApplyEffect [After] ID=InstanceId(-9223367044123020255): agent props = {"hunger": 95.0603725, "held_item": "", "entity": null}
[GdPAI | debug]   Snapshotting prop: hunger = Float(95.0603725) (Variant type: FLOAT)
[GdPAI | debug]   Snapshotting prop: held_item = Str("") (Variant type: STRING)
[GdPAI | debug]   Snapshotting prop: entity = Nil (Variant type: NIL)
[GdPAI | debug] Discovery: Simulation success for Eat Held Food. Agent props: {"hunger": Float(95.0603725), "entity": Nil, "held_item": Str("")}
[GdPAI | debug] Discovery: Action Eat Held Food satisfied precond Builtin { target: Agent, operation: Equal, property_name: "held_item", value: Some(Str("")) }
[GdPAI | debug] Found candidate: Eat Held Food (satisfied preconds: [0], requirements: [])
WARNING: [GdPAI] ObjectRef(124621163998): object was freed before callback; returning Nil.
   at: gdplanningai_rust::logger::process_logs (src\logger.rs:66)
   GDScript backtrace (most recent call first):
       [0] _process (res://addons/GdPlanningAI/gdpai_autoload.gd:21)
WARNING: [GdPAI] ObjectRef(124621163998): object was freed before callback; returning Nil.
   at: gdplanningai_rust::logger::process_logs (src\logger.rs:66)
   GDScript backtrace (most recent call first):
       [0] _process (res://addons/GdPlanningAI/gdpai_autoload.gd:21)
[GdPAI | debug] GetCost: callable returned non-numeric value: null; returning INFINITY
WARNING: [GdPAI] ObjectRef(1382643928884): object was freed before callback; returning Nil.
   at: gdplanningai_rust::logger::process_logs (src\logger.rs:66)
   GDScript backtrace (most recent call first):
       [0] _process (res://addons/GdPlanningAI/gdpai_autoload.gd:21)
WARNING: [GdPAI] ObjectRef(1382643928884): object was freed before callback; returning Nil.
   at: gdplanningai_rust::logger::process_logs (src\logger.rs:66)
   GDScript backtrace (most recent call first):
       [0] _process (res://addons/GdPlanningAI/gdpai_autoload.gd:21)
[GdPAI | debug] Discovery: Starting simulation for action Go To
WARNING: [GdPAI] ObjectRef(124621163998): object was freed before callback; returning Nil.
   at: gdplanningai_rust::logger::process_logs (src\logger.rs:66)
   GDScript backtrace (most recent call first):
       [0] _drain_scheduler (res://test/integration/test_hunger_example_smoke.gd:26)
WARNING: [GdPAI] ObjectRef(124621163998): object was freed before callback; returning Nil.
   at: gdplanningai_rust::logger::process_logs (src\logger.rs:66)
   GDScript backtrace (most recent call first):
       [0] _drain_scheduler (res://test/integration/test_hunger_example_smoke.gd:26)
[GdPAI | debug] ApplyEffect [Before] ID=InstanceId(-9223367042042645463): agent props = {"entity": null, "held_item": "", "hunger": 70.0627442063492}
[GdPAI | debug] ApplyEffect [After] ID=InstanceId(-9223367042042645463): agent props = {"entity": null, "held_item": "", "hunger": 70.0627442063492}
[GdPAI | debug]   Snapshotting prop: entity = Nil (Variant type: NIL)
[GdPAI | debug]   Snapshotting prop: held_item = Str("") (Variant type: STRING)
[GdPAI | debug]   Snapshotting prop: hunger = Float(70.0627442063492) (Variant type: FLOAT)
WARNING: [GdPAI] ObjectRef(1382643928884): object was freed before callback; returning Nil.
   at: gdplanningai_rust::logger::process_logs (src\logger.rs:66)
   GDScript backtrace (most recent call first):
       [0] _drain_scheduler (res://test/integration/test_hunger_example_smoke.gd:26)
WARNING: [GdPAI] ObjectRef(1382643928884): object was freed before callback; returning Nil.
   at: gdplanningai_rust::logger::process_logs (src\logger.rs:66)
   GDScript backtrace (most recent call first):
       [0] _drain_scheduler (res://test/integration/test_hunger_example_smoke.gd:26)
[GdPAI | debug] GetCost: callable returned non-numeric value: null; returning INFINITY
WARNING: [GdPAI] ObjectRef(124621163998): object was freed before callback; returning Nil.
   at: gdplanningai_rust::logger::process_logs (src\logger.rs:66)
   GDScript backtrace (most recent call first):
       [0] _process (res://addons/GdPlanningAI/gdpai_autoload.gd:21)
WARNING: [GdPAI] ObjectRef(124134624705): object was freed before callback; returning Nil.
   at: gdplanningai_rust::logger::process_logs (src\logger.rs:66)
   GDScript backtrace (most recent call first):
       [0] _process (res://addons/GdPlanningAI/gdpai_autoload.gd:21)
WARNING: [GdPAI] ObjectRef(125510356497): object was freed before callback; returning Nil.
   at: gdplanningai_rust::logger::process_logs (src\logger.rs:66)
   GDScript backtrace (most recent call first):
       [0] _process (res://addons/GdPlanningAI/gdpai_autoload.gd:21)
WARNING: [GdPAI] ObjectRef(124134624705): object was freed before callback; returning Nil.
   at: gdplanningai_rust::logger::process_logs (src\logger.rs:66)
   GDScript backtrace (most recent call first):
       [0] _process (res://addons/GdPlanningAI/gdpai_autoload.gd:21)
WARNING: [GdPAI] ObjectRef(125510356497): object was freed before callback; returning Nil.
   at: gdplanningai_rust::logger::process_logs (src\logger.rs:66)
   GDScript backtrace (most recent call first):
       [0] _process (res://addons/GdPlanningAI/gdpai_autoload.gd:21)
[GdPAI | debug] GetCost: callable returned non-numeric value: null; returning INFINITY
WARNING: [GdPAI] ObjectRef(1382643928884): object was freed before callback; returning Nil.
   at: gdplanningai_rust::logger::process_logs (src\logger.rs:66)
   GDScript backtrace (most recent call first):
       [0] _process (res://addons/GdPlanningAI/gdpai_autoload.gd:21)
WARNING: [GdPAI] ObjectRef(1382643928884): object was freed before callback; returning Nil.
   at: gdplanningai_rust::logger::process_logs (src\logger.rs:66)
   GDScript backtrace (most recent call first):
       [0] _process (res://addons/GdPlanningAI/gdpai_autoload.gd:21)
[GdPAI | debug] ApplyEffect [Before] ID=InstanceId(-9223367040113265665): agent props = {"entity": null, "hunger": 95.0603725, "held_item": ""}
[GdPAI | debug] ApplyEffect [After] ID=InstanceId(-9223367040113265665): agent props = {"entity": null, "hunger": 95.0603725, "held_item": ""}
[GdPAI | debug]   Snapshotting prop: entity = Nil (Variant type: NIL)
[GdPAI | debug]   Snapshotting prop: hunger = Float(95.0603725) (Variant type: FLOAT)
[GdPAI | debug]   Snapshotting prop: held_item = Str("") (Variant type: STRING)
[GdPAI | debug] Discovery: Simulation success for Go To. Agent props: {"hunger": Float(95.0603725), "entity": Nil, "held_item": Str("")}
[GdPAI | debug] Discovery: Action Go To satisfied precond Builtin { target: Agent, operation: Equal, property_name: "held_item", value: Some(Str("")) }
[GdPAI | debug] Found candidate: Go To (satisfied preconds: [0], requirements: [0, 1])
[GdPAI | debug] Discovery: Starting simulation for action Drop Item
WARNING: [GdPAI] ObjectRef(124621163998): object was freed before callback; returning Nil.
   at: gdplanningai_rust::logger::process_logs (src\logger.rs:66)
   GDScript backtrace (most recent call first):
       [0] _drain_scheduler (res://test/integration/test_hunger_example_smoke.gd:26)
WARNING: [GdPAI] ObjectRef(124134624705): object was freed before callback; returning Nil.
   at: gdplanningai_rust::logger::process_logs (src\logger.rs:66)
   GDScript backtrace (most recent call first):
       [0] _drain_scheduler (res://test/integration/test_hunger_example_smoke.gd:26)
WARNING: [GdPAI] ObjectRef(125510356497): object was freed before callback; returning Nil.
   at: gdplanningai_rust::logger::process_logs (src\logger.rs:66)
   GDScript backtrace (most recent call first):
       [0] _drain_scheduler (res://test/integration/test_hunger_example_smoke.gd:26)
WARNING: [GdPAI] ObjectRef(124134624705): object was freed before callback; returning Nil.
   at: gdplanningai_rust::logger::process_logs (src\logger.rs:66)
   GDScript backtrace (most recent call first):
       [0] _drain_scheduler (res://test/integration/test_hunger_example_smoke.gd:26)
WARNING: [GdPAI] ObjectRef(125510356497): object was freed before callback; returning Nil.
   at: gdplanningai_rust::logger::process_logs (src\logger.rs:66)
   GDScript backtrace (most recent call first):
       [0] _drain_scheduler (res://test/integration/test_hunger_example_smoke.gd:26)
[GdPAI | debug] ApplyEffect [Before] ID=InstanceId(-9223367039190518740): agent props = {"held_item": "", "entity": null, "at_target": null, "hunger": 70.0627442063492}
[GdPAI | debug] ApplyEffect [After] ID=InstanceId(-9223367039190518740): agent props = {"held_item": "", "entity": null, "at_target": null, "hunger": 70.0627442063492}
[GdPAI | debug]   Snapshotting prop: held_item = Str("") (Variant type: STRING)
[GdPAI | debug]   Snapshotting prop: entity = Nil (Variant type: NIL)
[GdPAI | debug]   Snapshotting prop: at_target = Nil (Variant type: NIL)
[GdPAI | debug]   Snapshotting prop: hunger = Float(70.0627442063492) (Variant type: FLOAT)
WARNING: [GdPAI] ObjectRef(1382643928884): object was freed before callback; returning Nil.
   at: gdplanningai_rust::logger::process_logs (src\logger.rs:66)
   GDScript backtrace (most recent call first):
       [0] _drain_scheduler (res://test/integration/test_hunger_example_smoke.gd:26)
WARNING: [GdPAI] ObjectRef(1382643928884): object was freed before callback; returning Nil.
   at: gdplanningai_rust::logger::process_logs (src\logger.rs:66)
   GDScript backtrace (most recent call first):
       [0] _drain_scheduler (res://test/integration/test_hunger_example_smoke.gd:26)
[GdPAI | debug] GetCost: callable returned non-numeric value: null; returning INFINITY
WARNING: [GdPAI] ObjectRef(124621163998): object was freed before callback; returning Nil.
   at: gdplanningai_rust::logger::process_logs (src\logger.rs:66)
   GDScript backtrace (most recent call first):
       [0] _process (res://addons/GdPlanningAI/gdpai_autoload.gd:21)
[GdPAI | debug] GetCost: callable returned non-numeric value: null; returning INFINITY
WARNING: [GdPAI] ObjectRef(1382643928884): object was freed before callback; returning Nil.
   at: gdplanningai_rust::logger::process_logs (src\logger.rs:66)
   GDScript backtrace (most recent call first):
       [0] _process (res://addons/GdPlanningAI/gdpai_autoload.gd:21)
WARNING: [GdPAI] ObjectRef(1382643928884): object was freed before callback; returning Nil.
   at: gdplanningai_rust::logger::process_logs (src\logger.rs:66)
   GDScript backtrace (most recent call first):
       [0] _process (res://addons/GdPlanningAI/gdpai_autoload.gd:21)
[GdPAI | debug] ApplyEffect [Before] ID=InstanceId(-9223367037110143953): agent props = {"held_item": "", "entity": null, "hunger": 95.0603725}
[GdPAI | debug] ApplyEffect [After] ID=InstanceId(-9223367037110143953): agent props = {"held_item": "", "entity": null, "hunger": 95.0603725}
[GdPAI | debug]   Snapshotting prop: held_item = Str("") (Variant type: STRING)
[GdPAI | debug]   Snapshotting prop: entity = Nil (Variant type: NIL)
[GdPAI | debug]   Snapshotting prop: hunger = Float(95.0603725) (Variant type: FLOAT)
[GdPAI | debug] Discovery: Simulation success for Drop Item. Agent props: {"entity": Nil, "hunger": Float(95.0603725), "held_item": Str("")}
[GdPAI | debug] Discovery: Action Drop Item satisfied precond Builtin { target: Agent, operation: Equal, property_name: "held_item", value: Some(Str("")) }
[GdPAI | debug] Found candidate: Drop Item (satisfied preconds: [0], requirements: [])
[GdPAI | debug] Discovery: Starting simulation for action Add Fuel
WARNING: [GdPAI] ObjectRef(124621163998): object was freed before callback; returning Nil.
   at: gdplanningai_rust::logger::process_logs (src\logger.rs:66)
   GDScript backtrace (most recent call first):
       [0] _drain_scheduler (res://test/integration/test_hunger_example_smoke.gd:26)
[GdPAI | debug] ApplyEffect [Before] ID=InstanceId(-9223367036388723608): agent props = {"at_target": null, "hunger": 70.0627442063492, "held_item": "wood", "entity": null}
[GdPAI | debug] ApplyEffect [After] ID=InstanceId(-9223367036388723608): agent props = {"at_target": null, "hunger": 70.0627442063492, "held_item": "wood", "entity": null}
[GdPAI | debug]   Snapshotting prop: at_target = Nil (Variant type: NIL)
[GdPAI | debug]   Snapshotting prop: hunger = Float(70.0627442063492) (Variant type: FLOAT)
[GdPAI | debug]   Snapshotting prop: held_item = Str("wood") (Variant type: STRING)
[GdPAI | debug]   Snapshotting prop: entity = Nil (Variant type: NIL)
WARNING: [GdPAI] ObjectRef(1382643928884): object was freed before callback; returning Nil.
   at: gdplanningai_rust::logger::process_logs (src\logger.rs:66)
   GDScript backtrace (most recent call first):
       [0] _drain_scheduler (res://test/integration/test_hunger_example_smoke.gd:26)
WARNING: [GdPAI] ObjectRef(1382643928884): object was freed before callback; returning Nil.
   at: gdplanningai_rust::logger::process_logs (src\logger.rs:66)
   GDScript backtrace (most recent call first):
       [0] _drain_scheduler (res://test/integration/test_hunger_example_smoke.gd:26)
[GdPAI | debug] GetCost: callable returned non-numeric value: null; returning INFINITY
WARNING: [GdPAI] ObjectRef(124621163998): object was freed before callback; returning Nil.
   at: gdplanningai_rust::logger::process_logs (src\logger.rs:66)
   GDScript backtrace (most recent call first):
       [0] _process (res://addons/GdPlanningAI/gdpai_autoload.gd:21)
WARNING: [GdPAI] ObjectRef(125510356497): object was freed before callback; returning Nil.
   at: gdplanningai_rust::logger::process_logs (src\logger.rs:66)
   GDScript backtrace (most recent call first):
       [0] _process (res://addons/GdPlanningAI/gdpai_autoload.gd:21)
WARNING: [GdPAI] ObjectRef(125510356497): object was freed before callback; returning Nil.
   at: gdplanningai_rust::logger::process_logs (src\logger.rs:66)
   GDScript backtrace (most recent call first):
       [0] _process (res://addons/GdPlanningAI/gdpai_autoload.gd:21)
[GdPAI | debug] GetCost: callable returned non-numeric value: null; returning INFINITY
WARNING: [GdPAI] ObjectRef(1382643928884): object was freed before callback; returning Nil.
   at: gdplanningai_rust::logger::process_logs (src\logger.rs:66)
   GDScript backtrace (most recent call first):
       [0] _process (res://addons/GdPlanningAI/gdpai_autoload.gd:21)
WARNING: [GdPAI] ObjectRef(1382643928884): object was freed before callback; returning Nil.
   at: gdplanningai_rust::logger::process_logs (src\logger.rs:66)
   GDScript backtrace (most recent call first):
       [0] _process (res://addons/GdPlanningAI/gdpai_autoload.gd:21)
[GdPAI | debug] ApplyEffect [Before] ID=InstanceId(-9223367034509675482): agent props = {"held_item": "wood", "hunger": 95.0603725, "entity": null}
[GdPAI | debug] ApplyEffect [After] ID=InstanceId(-9223367034509675482): agent props = {"held_item": "wood", "hunger": 95.0603725, "entity": null}
[GdPAI | debug]   Snapshotting prop: held_item = Str("wood") (Variant type: STRING)
[GdPAI | debug]   Snapshotting prop: hunger = Float(95.0603725) (Variant type: FLOAT)
[GdPAI | debug]   Snapshotting prop: entity = Nil (Variant type: NIL)
[GdPAI | debug] Discovery: Simulation success for Add Fuel. Agent props: {"held_item": Str("wood"), "entity": Nil, "hunger": Float(95.0603725)}
[GdPAI | debug] Discovery: Action Add Fuel did NOT satisfy precond Builtin { target: Agent, operation: Equal, property_name: "held_item", value: Some(Str("")) }
WARNING: [GdPAI] ObjectRef(124621163998): object was freed before callback; returning Nil.
   at: gdplanningai_rust::logger::process_logs (src\logger.rs:66)
   GDScript backtrace (most recent call first):
       [0] _drain_scheduler (res://test/integration/test_hunger_example_smoke.gd:26)
WARNING: [GdPAI] ObjectRef(125510356497): object was freed before callback; returning Nil.
   at: gdplanningai_rust::logger::process_logs (src\logger.rs:66)
   GDScript backtrace (most recent call first):
       [0] _drain_scheduler (res://test/integration/test_hunger_example_smoke.gd:26)
WARNING: [GdPAI] ObjectRef(125510356497): object was freed before callback; returning Nil.
   at: gdplanningai_rust::logger::process_logs (src\logger.rs:66)
   GDScript backtrace (most recent call first):
       [0] _drain_scheduler (res://test/integration/test_hunger_example_smoke.gd:26)
[GdPAI | debug] ApplyEffect [Before] ID=InstanceId(-9223367033687591843): agent props = {"hunger": 70.0627442063492, "held_item": "wood", "at_target": null, "entity": null}
[GdPAI | debug] ApplyEffect [After] ID=InstanceId(-9223367033687591843): agent props = {"hunger": 70.0627442063492, "held_item": "wood", "at_target": null, "entity": null}
[GdPAI | debug]   Snapshotting prop: hunger = Float(70.0627442063492) (Variant type: FLOAT)
[GdPAI | debug]   Snapshotting prop: held_item = Str("wood") (Variant type: STRING)
[GdPAI | debug]   Snapshotting prop: at_target = Nil (Variant type: NIL)
[GdPAI | debug]   Snapshotting prop: entity = Nil (Variant type: NIL)
WARNING: [GdPAI] ObjectRef(1382643928884): object was freed before callback; returning Nil.
   at: gdplanningai_rust::logger::process_logs (src\logger.rs:66)
   GDScript backtrace (most recent call first):
       [0] _drain_scheduler (res://test/integration/test_hunger_example_smoke.gd:26)
WARNING: [GdPAI] ObjectRef(1382643928884): object was freed before callback; returning Nil.
   at: gdplanningai_rust::logger::process_logs (src\logger.rs:66)
   GDScript backtrace (most recent call first):
       [0] _drain_scheduler (res://test/integration/test_hunger_example_smoke.gd:26)
[GdPAI | debug] Discovery: Action Cook Potato failed validity check, skipping
[GdPAI | debug] Discovery: Starting simulation for action Pick Up Wood
WARNING: [GdPAI] ObjectRef(124621163998): object was freed before callback; returning Nil.
   at: gdplanningai_rust::logger::process_logs (src\logger.rs:66)
   GDScript backtrace (most recent call first):
       [0] _process (res://addons/GdPlanningAI/gdpai_autoload.gd:21)
WARNING: [GdPAI] ObjectRef(124134624705): object was freed before callback; returning Nil.
   at: gdplanningai_rust::logger::process_logs (src\logger.rs:66)
   GDScript backtrace (most recent call first):
       [0] _process (res://addons/GdPlanningAI/gdpai_autoload.gd:21)
WARNING: [GdPAI] ObjectRef(124134624705): object was freed before callback; returning Nil.
   at: gdplanningai_rust::logger::process_logs (src\logger.rs:66)
   GDScript backtrace (most recent call first):
       [0] _process (res://addons/GdPlanningAI/gdpai_autoload.gd:21)
[GdPAI | debug] GetCost: callable returned non-numeric value: null; returning INFINITY
WARNING: [GdPAI] ObjectRef(1382643928884): object was freed before callback; returning Nil.
   at: gdplanningai_rust::logger::process_logs (src\logger.rs:66)
   GDScript backtrace (most recent call first):
       [0] _process (res://addons/GdPlanningAI/gdpai_autoload.gd:21)
WARNING: [GdPAI] ObjectRef(1382643928884): object was freed before callback; returning Nil.
   at: gdplanningai_rust::logger::process_logs (src\logger.rs:66)
   GDScript backtrace (most recent call first):
       [0] _process (res://addons/GdPlanningAI/gdpai_autoload.gd:21)
[GdPAI | debug] GetCost: callable returned non-numeric value: null; returning INFINITY
WARNING: [GdPAI] ObjectRef(124621163998): object was freed before callback; returning Nil.
   at: gdplanningai_rust::logger::process_logs (src\logger.rs:66)
   GDScript backtrace (most recent call first):
       [0] _drain_scheduler (res://test/integration/test_hunger_example_smoke.gd:26)
WARNING: [GdPAI] ObjectRef(124134624705): object was freed before callback; returning Nil.
   at: gdplanningai_rust::logger::process_logs (src\logger.rs:66)
   GDScript backtrace (most recent call first):
       [0] _drain_scheduler (res://test/integration/test_hunger_example_smoke.gd:26)
WARNING: [GdPAI] ObjectRef(124134624705): object was freed before callback; returning Nil.
   at: gdplanningai_rust::logger::process_logs (src\logger.rs:66)
   GDScript backtrace (most recent call first):
       [0] _drain_scheduler (res://test/integration/test_hunger_example_smoke.gd:26)
[GdPAI | debug] ApplyEffect [Before] ID=InstanceId(-9223367030885796709): agent props = {"entity": null, "at_target": null, "held_item": "wood", "hunger": 70.0627442063492}
[GdPAI | debug] ApplyEffect [After] ID=InstanceId(-9223367030885796709): agent props = {"entity": null, "at_target": null, "held_item": "wood", "hunger": 70.0627442063492}
[GdPAI | debug]   Snapshotting prop: entity = Nil (Variant type: NIL)
[GdPAI | debug]   Snapshotting prop: at_target = Nil (Variant type: NIL)
[GdPAI | debug]   Snapshotting prop: held_item = Str("wood") (Variant type: STRING)
[GdPAI | debug]   Snapshotting prop: hunger = Float(70.0627442063492) (Variant type: FLOAT)
WARNING: [GdPAI] ObjectRef(1382643928884): object was freed before callback; returning Nil.
   at: gdplanningai_rust::logger::process_logs (src\logger.rs:66)
   GDScript backtrace (most recent call first):
       [0] _drain_scheduler (res://test/integration/test_hunger_example_smoke.gd:26)
WARNING: [GdPAI] ObjectRef(1382643928884): object was freed before callback; returning Nil.
   at: gdplanningai_rust::logger::process_logs (src\logger.rs:66)
   GDScript backtrace (most recent call first):
       [0] _drain_scheduler (res://test/integration/test_hunger_example_smoke.gd:26)
[GdPAI | debug] ApplyEffect [Before] ID=InstanceId(-9223367030315371365): agent props = {"hunger": 95.0603725, "entity": null, "held_item": ""}
[GdPAI | debug] ApplyEffect [After] ID=InstanceId(-9223367030315371365): agent props = {"hunger": 95.0603725, "entity": null, "held_item": ""}
[GdPAI | debug]   Snapshotting prop: hunger = Float(95.0603725) (Variant type: FLOAT)
[GdPAI | debug]   Snapshotting prop: entity = Nil (Variant type: NIL)
[GdPAI | debug]   Snapshotting prop: held_item = Str("") (Variant type: STRING)
[GdPAI | debug] Discovery: Simulation success for Pick Up Wood. Agent props: {"entity": Nil, "held_item": Str(""), "hunger": Float(95.0603725)}
[GdPAI | debug] Discovery: Action Pick Up Wood satisfied precond Builtin { target: Agent, operation: Equal, property_name: "held_item", value: Some(Str("")) }
[GdPAI | debug] Found candidate: Pick Up Wood (satisfied preconds: [0], requirements: [])
[GdPAI | debug] Discovery: Starting simulation for action Pick Up Wood
WARNING: [GdPAI] ObjectRef(124621163998): object was freed before callback; returning Nil.
   at: gdplanningai_rust::logger::process_logs (src\logger.rs:66)
   GDScript backtrace (most recent call first):
       [0] _process (res://addons/GdPlanningAI/gdpai_autoload.gd:21)
[GdPAI | debug] GetCost: callable returned non-numeric value: null; returning INFINITY
WARNING: [GdPAI] ObjectRef(1382643928884): object was freed before callback; returning Nil.
   at: gdplanningai_rust::logger::process_logs (src\logger.rs:66)
   GDScript backtrace (most recent call first):
       [0] _process (res://addons/GdPlanningAI/gdpai_autoload.gd:21)
WARNING: [GdPAI] ObjectRef(1382643928884): object was freed before callback; returning Nil.
   at: gdplanningai_rust::logger::process_logs (src\logger.rs:66)
   GDScript backtrace (most recent call first):
       [0] _process (res://addons/GdPlanningAI/gdpai_autoload.gd:21)
[GdPAI | debug] GetCost: callable returned non-numeric value: null; returning INFINITY
WARNING: [GdPAI] ObjectRef(124621163998): object was freed before callback; returning Nil.
   at: gdplanningai_rust::logger::process_logs (src\logger.rs:66)
   GDScript backtrace (most recent call first):
       [0] _drain_scheduler (res://test/integration/test_hunger_example_smoke.gd:26)
[GdPAI | debug] ApplyEffect [Before] ID=InstanceId(-9223367028184664917): agent props = {"at_target": null, "hunger": 70.0627442063492, "held_item": "wood", "entity": null}
[GdPAI | debug] ApplyEffect [After] ID=InstanceId(-9223367028184664917): agent props = {"at_target": null, "hunger": 70.0627442063492, "held_item": "wood", "entity": null}
[GdPAI | debug]   Snapshotting prop: at_target = Nil (Variant type: NIL)
[GdPAI | debug]   Snapshotting prop: hunger = Float(70.0627442063492) (Variant type: FLOAT)
[GdPAI | debug]   Snapshotting prop: held_item = Str("wood") (Variant type: STRING)
[GdPAI | debug]   Snapshotting prop: entity = Nil (Variant type: NIL)
WARNING: [GdPAI] ObjectRef(1382643928884): object was freed before callback; returning Nil.
   at: gdplanningai_rust::logger::process_logs (src\logger.rs:66)
   GDScript backtrace (most recent call first):
       [0] _drain_scheduler (res://test/integration/test_hunger_example_smoke.gd:26)
WARNING: [GdPAI] ObjectRef(1382643928884): object was freed before callback; returning Nil.
   at: gdplanningai_rust::logger::process_logs (src\logger.rs:66)
   GDScript backtrace (most recent call first):
       [0] _drain_scheduler (res://test/integration/test_hunger_example_smoke.gd:26)
[GdPAI | debug] ApplyEffect [Before] ID=InstanceId(-9223367027614239573): agent props = {"hunger": 95.0603725, "held_item": "", "entity": null}
[GdPAI | debug] ApplyEffect [After] ID=InstanceId(-9223367027614239573): agent props = {"hunger": 95.0603725, "held_item": "", "entity": null}
[GdPAI | debug]   Snapshotting prop: hunger = Float(95.0603725) (Variant type: FLOAT)
[GdPAI | debug]   Snapshotting prop: held_item = Str("") (Variant type: STRING)
[GdPAI | debug]   Snapshotting prop: entity = Nil (Variant type: NIL)
[GdPAI] A* Iteration: pop node with chain length 5
[GdPAI | debug] find_candidates: Checking 15 actions against 0 preconds and 1 requirements
[GdPAI | debug] Discovery: Simulation success for Pick Up Wood. Agent props: {"entity": Nil, "hunger": Float(95.0603725), "held_item": Str("")}
[GdPAI | debug] Discovery: Action Pick Up Wood satisfied precond Builtin { target: Agent, operation: Equal, property_name: "held_item", value: Some(Str("")) }
[GdPAI | debug] Found candidate: Pick Up Wood (satisfied preconds: [0], requirements: [])
[GdPAI | debug] Discovery: Starting simulation for action Pick Up Wood
WARNING: [GdPAI] ObjectRef(124621163998): object was freed before callback; returning Nil.
   at: gdplanningai_rust::logger::process_logs (src\logger.rs:66)
   GDScript backtrace (most recent call first):
       [0] _process (res://addons/GdPlanningAI/gdpai_autoload.gd:21)
WARNING: [GdPAI] ObjectRef(124621163998): object was freed before callback; returning Nil.
   at: gdplanningai_rust::logger::process_logs (src\logger.rs:66)
   GDScript backtrace (most recent call first):
       [0] _process (res://addons/GdPlanningAI/gdpai_autoload.gd:21)
WARNING: [GdPAI] ObjectRef(1382643928884): object was freed before callback; returning Nil.
   at: gdplanningai_rust::logger::process_logs (src\logger.rs:66)
   GDScript backtrace (most recent call first):
       [0] _process (res://addons/GdPlanningAI/gdpai_autoload.gd:21)
[GdPAI | debug] Found candidate: Go To (satisfied preconds: [], requirements: [0])
WARNING: [GdPAI] ObjectRef(1382643928884): object was freed before callback; returning Nil.
   at: gdplanningai_rust::logger::process_logs (src\logger.rs:66)
   GDScript backtrace (most recent call first):
       [0] _process (res://addons/GdPlanningAI/gdpai_autoload.gd:21)
[GdPAI | debug] GetCost: callable returned non-numeric value: null; returning INFINITY
WARNING: [GdPAI] ObjectRef(124621163998): object was freed before callback; returning Nil.
   at: gdplanningai_rust::logger::process_logs (src\logger.rs:66)
   GDScript backtrace (most recent call first):
       [0] _drain_scheduler (res://test/integration/test_hunger_example_smoke.gd:26)
WARNING: [GdPAI] ObjectRef(124621163998): object was freed before callback; returning Nil.
   at: gdplanningai_rust::logger::process_logs (src\logger.rs:66)
   GDScript backtrace (most recent call first):
       [0] _drain_scheduler (res://test/integration/test_hunger_example_smoke.gd:26)
WARNING: [GdPAI] ObjectRef(1382643928884): object was freed before callback; returning Nil.
   at: gdplanningai_rust::logger::process_logs (src\logger.rs:66)
   GDScript backtrace (most recent call first):
       [0] _drain_scheduler (res://test/integration/test_hunger_example_smoke.gd:26)
[GdPAI | debug] Found candidate: Go To (satisfied preconds: [], requirements: [0])
WARNING: [GdPAI] ObjectRef(1382643928884): object was freed before callback; returning Nil.
   at: gdplanningai_rust::logger::process_logs (src\logger.rs:66)
   GDScript backtrace (most recent call first):
       [0] _drain_scheduler (res://test/integration/test_hunger_example_smoke.gd:26)
[GdPAI | debug] ApplyEffect [Before] ID=InstanceId(-9223367024963439428): agent props = {"held_item": "", "entity": null, "hunger": 95.0603725}
[GdPAI | debug] ApplyEffect [After] ID=InstanceId(-9223367024963439428): agent props = {"held_item": "", "entity": null, "hunger": 95.0603725}
[GdPAI | debug]   Snapshotting prop: held_item = Str("") (Variant type: STRING)
[GdPAI | debug]   Snapshotting prop: entity = Nil (Variant type: NIL)
[GdPAI | debug]   Snapshotting prop: hunger = Float(95.0603725) (Variant type: FLOAT)
[GdPAI | debug] Discovery: Simulation success for Pick Up Wood. Agent props: {"held_item": Str(""), "entity": Nil, "hunger": Float(95.0603725)}
[GdPAI | debug] Discovery: Action Pick Up Wood satisfied precond Builtin { target: Agent, operation: Equal, property_name: "held_item", value: Some(Str("")) }
[GdPAI | debug] Found candidate: Pick Up Wood (satisfied preconds: [0], requirements: [])
[GdPAI | debug] Discovery: Starting simulation for action Pick Up Wood
WARNING: [GdPAI] ObjectRef(124621163998): object was freed before callback; returning Nil.
   at: gdplanningai_rust::logger::process_logs (src\logger.rs:66)
   GDScript backtrace (most recent call first):
       [0] _process (res://addons/GdPlanningAI/gdpai_autoload.gd:21)
WARNING: [GdPAI] ObjectRef(124621163998): object was freed before callback; returning Nil.
   at: gdplanningai_rust::logger::process_logs (src\logger.rs:66)
   GDScript backtrace (most recent call first):
       [0] _process (res://addons/GdPlanningAI/gdpai_autoload.gd:21)
WARNING: [GdPAI] ObjectRef(1382643928884): object was freed before callback; returning Nil.
   at: gdplanningai_rust::logger::process_logs (src\logger.rs:66)
   GDScript backtrace (most recent call first):
       [0] _process (res://addons/GdPlanningAI/gdpai_autoload.gd:21)
[GdPAI | debug] Discovery: Action Cook Potato failed validity check, skipping
WARNING: [GdPAI] ObjectRef(1382643928884): object was freed before callback; returning Nil.
   at: gdplanningai_rust::logger::process_logs (src\logger.rs:66)
   GDScript backtrace (most recent call first):
       [0] _process (res://addons/GdPlanningAI/gdpai_autoload.gd:21)
[GdPAI | debug] GetCost: callable returned non-numeric value: null; returning INFINITY
WARNING: [GdPAI] ObjectRef(124621163998): object was freed before callback; returning Nil.
   at: gdplanningai_rust::logger::process_logs (src\logger.rs:66)
   GDScript backtrace (most recent call first):
       [0] _drain_scheduler (res://test/integration/test_hunger_example_smoke.gd:26)
WARNING: [GdPAI] ObjectRef(124621163998): object was freed before callback; returning Nil.
   at: gdplanningai_rust::logger::process_logs (src\logger.rs:66)
   GDScript backtrace (most recent call first):
       [0] _drain_scheduler (res://test/integration/test_hunger_example_smoke.gd:26)
WARNING: [GdPAI] ObjectRef(1382643928884): object was freed before callback; returning Nil.
   at: gdplanningai_rust::logger::process_logs (src\logger.rs:66)
   GDScript backtrace (most recent call first):
       [0] _drain_scheduler (res://test/integration/test_hunger_example_smoke.gd:26)
[GdPAI | debug] Discovery: Action Dig Potato failed validity check, skipping
WARNING: [GdPAI] ObjectRef(1382643928884): object was freed before callback; returning Nil.
   at: gdplanningai_rust::logger::process_logs (src\logger.rs:66)
   GDScript backtrace (most recent call first):
       [0] _drain_scheduler (res://test/integration/test_hunger_example_smoke.gd:26)
[GdPAI | debug] ApplyEffect [Before] ID=InstanceId(-9223367022262307654): agent props = {"held_item": "", "entity": null, "hunger": 95.0603725}
[GdPAI | debug] ApplyEffect [After] ID=InstanceId(-9223367022262307654): agent props = {"held_item": "", "entity": null, "hunger": 95.0603725}
[GdPAI | debug]   Snapshotting prop: held_item = Str("") (Variant type: STRING)
[GdPAI | debug]   Snapshotting prop: entity = Nil (Variant type: NIL)
[GdPAI | debug]   Snapshotting prop: hunger = Float(95.0603725) (Variant type: FLOAT)
[GdPAI | debug] Discovery: Simulation success for Pick Up Wood. Agent props: {"hunger": Float(95.0603725), "entity": Nil, "held_item": Str("")}
[GdPAI | debug] Discovery: Action Pick Up Wood satisfied precond Builtin { target: Agent, operation: Equal, property_name: "held_item", value: Some(Str("")) }
[GdPAI | debug] Found candidate: Pick Up Wood (satisfied preconds: [0], requirements: [])
WARNING: [GdPAI] ObjectRef(124621163998): object was freed before callback; returning Nil.
   at: gdplanningai_rust::logger::process_logs (src\logger.rs:66)
   GDScript backtrace (most recent call first):
       [0] _process (res://addons/GdPlanningAI/gdpai_autoload.gd:21)
WARNING: [GdPAI] ObjectRef(124621163998): object was freed before callback; returning Nil.
   at: gdplanningai_rust::logger::process_logs (src\logger.rs:66)
   GDScript backtrace (most recent call first):
       [0] _process (res://addons/GdPlanningAI/gdpai_autoload.gd:21)
WARNING: [GdPAI] ObjectRef(1382643928884): object was freed before callback; returning Nil.
   at: gdplanningai_rust::logger::process_logs (src\logger.rs:66)
   GDScript backtrace (most recent call first):
       [0] _process (res://addons/GdPlanningAI/gdpai_autoload.gd:21)
[GdPAI | debug] Discovery: Action Dig Potato failed validity check, skipping
WARNING: [GdPAI] ObjectRef(1382643928884): object was freed before callback; returning Nil.
   at: gdplanningai_rust::logger::process_logs (src\logger.rs:66)
   GDScript backtrace (most recent call first):
       [0] _process (res://addons/GdPlanningAI/gdpai_autoload.gd:21)
[GdPAI | debug] Discovery: Action Dig Potato failed validity check, skipping
WARNING: [GdPAI] ObjectRef(124621163998): object was freed before callback; returning Nil.
   at: gdplanningai_rust::logger::process_logs (src\logger.rs:66)
   GDScript backtrace (most recent call first):
       [0] _drain_scheduler (res://test/integration/test_hunger_example_smoke.gd:26)
WARNING: [GdPAI] ObjectRef(124621163998): object was freed before callback; returning Nil.
   at: gdplanningai_rust::logger::process_logs (src\logger.rs:66)
   GDScript backtrace (most recent call first):
       [0] _drain_scheduler (res://test/integration/test_hunger_example_smoke.gd:26)
WARNING: [GdPAI] ObjectRef(1382643928884): object was freed before callback; returning Nil.
   at: gdplanningai_rust::logger::process_logs (src\logger.rs:66)
   GDScript backtrace (most recent call first):
       [0] _drain_scheduler (res://test/integration/test_hunger_example_smoke.gd:26)
[GdPAI | debug] Discovery: Action Dig Potato failed validity check, skipping
WARNING: [GdPAI] ObjectRef(1382643928884): object was freed before callback; returning Nil.
   at: gdplanningai_rust::logger::process_logs (src\logger.rs:66)
   GDScript backtrace (most recent call first):
       [0] _drain_scheduler (res://test/integration/test_hunger_example_smoke.gd:26)
[GdPAI | debug] Discovery: Action Dig Potato failed validity check, skipping
WARNING: [GdPAI] ObjectRef(124621163998): object was freed before callback; returning Nil.
   at: gdplanningai_rust::logger::process_logs (src\logger.rs:66)
   GDScript backtrace (most recent call first):
       [0] _process (res://addons/GdPlanningAI/gdpai_autoload.gd:21)
WARNING: [GdPAI] ObjectRef(124621163998): object was freed before callback; returning Nil.
   at: gdplanningai_rust::logger::process_logs (src\logger.rs:66)
   GDScript backtrace (most recent call first):
       [0] _process (res://addons/GdPlanningAI/gdpai_autoload.gd:21)
WARNING: [GdPAI] ObjectRef(1382643928884): object was freed before callback; returning Nil.
   at: gdplanningai_rust::logger::process_logs (src\logger.rs:66)
   GDScript backtrace (most recent call first):
       [0] _process (res://addons/GdPlanningAI/gdpai_autoload.gd:21)
[GdPAI | debug] Discovery: Action Dig Potato failed validity check, skipping
WARNING: [GdPAI] ObjectRef(1382643928884): object was freed before callback; returning Nil.
   at: gdplanningai_rust::logger::process_logs (src\logger.rs:66)
   GDScript backtrace (most recent call first):
       [0] _process (res://addons/GdPlanningAI/gdpai_autoload.gd:21)
[GdPAI | debug] Discovery: Action Dig Potato failed validity check, skipping
WARNING: [GdPAI] ObjectRef(124621163998): object was freed before callback; returning Nil.
   at: gdplanningai_rust::logger::process_logs (src\logger.rs:66)
   GDScript backtrace (most recent call first):
       [0] _drain_scheduler (res://test/integration/test_hunger_example_smoke.gd:26)
WARNING: [GdPAI] ObjectRef(124621163998): object was freed before callback; returning Nil.
   at: gdplanningai_rust::logger::process_logs (src\logger.rs:66)
   GDScript backtrace (most recent call first):
       [0] _drain_scheduler (res://test/integration/test_hunger_example_smoke.gd:26)
WARNING: [GdPAI] ObjectRef(1382643928884): object was freed before callback; returning Nil.
   at: gdplanningai_rust::logger::process_logs (src\logger.rs:66)
   GDScript backtrace (most recent call first):
       [0] _drain_scheduler (res://test/integration/test_hunger_example_smoke.gd:26)
[GdPAI | debug] Discovery: Action Dig Potato failed validity check, skipping
WARNING: [GdPAI] ObjectRef(1382643928884): object was freed before callback; returning Nil.
   at: gdplanningai_rust::logger::process_logs (src\logger.rs:66)
   GDScript backtrace (most recent call first):
       [0] _drain_scheduler (res://test/integration/test_hunger_example_smoke.gd:26)
[GdPAI | debug] Discovery: Action Dig Potato failed validity check, skipping
WARNING: [GdPAI] ObjectRef(124621163998): object was freed before callback; returning Nil.
   at: gdplanningai_rust::logger::process_logs (src\logger.rs:66)
   GDScript backtrace (most recent call first):
       [0] _process (res://addons/GdPlanningAI/gdpai_autoload.gd:21)
WARNING: [GdPAI] ObjectRef(124621163998): object was freed before callback; returning Nil.
   at: gdplanningai_rust::logger::process_logs (src\logger.rs:66)
   GDScript backtrace (most recent call first):
       [0] _process (res://addons/GdPlanningAI/gdpai_autoload.gd:21)
WARNING: [GdPAI] ObjectRef(125359361544): object was freed before callback; returning Nil.
   at: gdplanningai_rust::logger::process_logs (src\logger.rs:66)
   GDScript backtrace (most recent call first):
       [0] _process (res://addons/GdPlanningAI/gdpai_autoload.gd:21)
WARNING: [GdPAI] ObjectRef(125359361544): object was freed before callback; returning Nil.
   at: gdplanningai_rust::logger::process_logs (src\logger.rs:66)
   GDScript backtrace (most recent call first):
       [0] _process (res://addons/GdPlanningAI/gdpai_autoload.gd:21)
[GdPAI | debug] GetCost: callable returned non-numeric value: null; returning INFINITY
WARNING: [GdPAI] ObjectRef(1382643928884): object was freed before callback; returning Nil.
   at: gdplanningai_rust::logger::process_logs (src\logger.rs:66)
   GDScript backtrace (most recent call first):
       [0] _process (res://addons/GdPlanningAI/gdpai_autoload.gd:21)
WARNING: [GdPAI] ObjectRef(1382643928884): object was freed before callback; returning Nil.
   at: gdplanningai_rust::logger::process_logs (src\logger.rs:66)
   GDScript backtrace (most recent call first):
       [0] _process (res://addons/GdPlanningAI/gdpai_autoload.gd:21)
[GdPAI | debug] Discovery: Action Dig Potato failed validity check, skipping
WARNING: [GdPAI] ObjectRef(124621163998): object was freed before callback; returning Nil.
   at: gdplanningai_rust::logger::process_logs (src\logger.rs:66)
   GDScript backtrace (most recent call first):
       [0] _drain_scheduler (res://test/integration/test_hunger_example_smoke.gd:26)
WARNING: [GdPAI] ObjectRef(124621163998): object was freed before callback; returning Nil.
   at: gdplanningai_rust::logger::process_logs (src\logger.rs:66)
   GDScript backtrace (most recent call first):
       [0] _drain_scheduler (res://test/integration/test_hunger_example_smoke.gd:26)
WARNING: [GdPAI] ObjectRef(125359361544): object was freed before callback; returning Nil.
   at: gdplanningai_rust::logger::process_logs (src\logger.rs:66)
   GDScript backtrace (most recent call first):
       [0] _drain_scheduler (res://test/integration/test_hunger_example_smoke.gd:26)
WARNING: [GdPAI] ObjectRef(125359361544): object was freed before callback; returning Nil.
   at: gdplanningai_rust::logger::process_logs (src\logger.rs:66)
   GDScript backtrace (most recent call first):
       [0] _drain_scheduler (res://test/integration/test_hunger_example_smoke.gd:26)
[GdPAI | debug] ApplyEffect [Before] ID=InstanceId(-9223367014628674268): agent props = {"at_target": null, "entity": null, "held_item": "", "hunger": 70.0627442063492}
[GdPAI | debug] ApplyEffect [After] ID=InstanceId(-9223367014628674268): agent props = {"at_target": null, "entity": null, "held_item": "", "hunger": 70.0627442063492}
[GdPAI | debug]   Snapshotting prop: at_target = Nil (Variant type: NIL)
[GdPAI | debug]   Snapshotting prop: entity = Nil (Variant type: NIL)
[GdPAI | debug]   Snapshotting prop: held_item = Str("") (Variant type: STRING)
[GdPAI | debug]   Snapshotting prop: hunger = Float(70.0627442063492) (Variant type: FLOAT)
WARNING: [GdPAI] ObjectRef(1382643928884): object was freed before callback; returning Nil.
   at: gdplanningai_rust::logger::process_logs (src\logger.rs:66)
   GDScript backtrace (most recent call first):
       [0] _drain_scheduler (res://test/integration/test_hunger_example_smoke.gd:26)
WARNING: [GdPAI] ObjectRef(1382643928884): object was freed before callback; returning Nil.
   at: gdplanningai_rust::logger::process_logs (src\logger.rs:66)
   GDScript backtrace (most recent call first):
       [0] _drain_scheduler (res://test/integration/test_hunger_example_smoke.gd:26)
WARNING: [GdPAI] ObjectRef(1382610374135): object was freed before callback; returning Nil.
   at: gdplanningai_rust::logger::process_logs (src\logger.rs:66)
   GDScript backtrace (most recent call first):
       [0] _drain_scheduler (res://test/integration/test_hunger_example_smoke.gd:26)
WARNING: [GdPAI] ObjectRef(1383499573091): object was freed before callback; returning Nil.
   at: gdplanningai_rust::logger::process_logs (src\logger.rs:66)
   GDScript backtrace (most recent call first):
       [0] _drain_scheduler (res://test/integration/test_hunger_example_smoke.gd:26)
WARNING: [GdPAI] ObjectRef(1382610374135): object was freed before callback; returning Nil.
   at: gdplanningai_rust::logger::process_logs (src\logger.rs:66)
   GDScript backtrace (most recent call first):
       [0] _drain_scheduler (res://test/integration/test_hunger_example_smoke.gd:26)
WARNING: [GdPAI] ObjectRef(1383499573091): object was freed before callback; returning Nil.
   at: gdplanningai_rust::logger::process_logs (src\logger.rs:66)
   GDScript backtrace (most recent call first):
       [0] _drain_scheduler (res://test/integration/test_hunger_example_smoke.gd:26)
[GdPAI | debug] GetCost: callable returned non-numeric value: null; returning INFINITY
WARNING: [GdPAI] ObjectRef(124621163998): object was freed before callback; returning Nil.
   at: gdplanningai_rust::logger::process_logs (src\logger.rs:66)
   GDScript backtrace (most recent call first):
       [0] _process (res://addons/GdPlanningAI/gdpai_autoload.gd:21)
[GdPAI | debug] GetCost: callable returned non-numeric value: null; returning INFINITY
WARNING: [GdPAI] ObjectRef(1382643928884): object was freed before callback; returning Nil.
   at: gdplanningai_rust::logger::process_logs (src\logger.rs:66)
   GDScript backtrace (most recent call first):
       [0] _process (res://addons/GdPlanningAI/gdpai_autoload.gd:21)
WARNING: [GdPAI] ObjectRef(1382643928884): object was freed before callback; returning Nil.
   at: gdplanningai_rust::logger::process_logs (src\logger.rs:66)
   GDScript backtrace (most recent call first):
       [0] _process (res://addons/GdPlanningAI/gdpai_autoload.gd:21)
WARNING: [GdPAI] ObjectRef(1382610374135): object was freed before callback; returning Nil.
   at: gdplanningai_rust::logger::process_logs (src\logger.rs:66)
   GDScript backtrace (most recent call first):
       [0] _process (res://addons/GdPlanningAI/gdpai_autoload.gd:21)
WARNING: [GdPAI] ObjectRef(1383499573091): object was freed before callback; returning Nil.
   at: gdplanningai_rust::logger::process_logs (src\logger.rs:66)
   GDScript backtrace (most recent call first):
       [0] _process (res://addons/GdPlanningAI/gdpai_autoload.gd:21)
WARNING: [GdPAI] ObjectRef(1382610374135): object was freed before callback; returning Nil.
   at: gdplanningai_rust::logger::process_logs (src\logger.rs:66)
   GDScript backtrace (most recent call first):
       [0] _process (res://addons/GdPlanningAI/gdpai_autoload.gd:21)
WARNING: [GdPAI] ObjectRef(1383499573091): object was freed before callback; returning Nil.
   at: gdplanningai_rust::logger::process_logs (src\logger.rs:66)
   GDScript backtrace (most recent call first):
       [0] _process (res://addons/GdPlanningAI/gdpai_autoload.gd:21)
[GdPAI | debug] ApplyEffect [Before] ID=InstanceId(-9223367012397304552): agent props = {"hunger": 95.0603725, "entity": null, "held_item": "", "at_target": null}
[GdPAI | debug] ApplyEffect [After] ID=InstanceId(-9223367012397304552): agent props = {"hunger": 95.0603725, "entity": null, "held_item": "", "at_target": null}
[GdPAI | debug]   Snapshotting prop: hunger = Float(95.0603725) (Variant type: FLOAT)
[GdPAI | debug]   Snapshotting prop: entity = Nil (Variant type: NIL)
[GdPAI | debug]   Snapshotting prop: held_item = Str("") (Variant type: STRING)
[GdPAI | debug]   Snapshotting prop: at_target = Nil (Variant type: NIL)
WARNING: [GdPAI] ObjectRef(124621163998): object was freed before callback; returning Nil.
   at: gdplanningai_rust::logger::process_logs (src\logger.rs:66)
   GDScript backtrace (most recent call first):
       [0] _drain_scheduler (res://test/integration/test_hunger_example_smoke.gd:26)
[GdPAI | debug] ApplyEffect [Before] ID=InstanceId(-9223367011474557678): agent props = {"held_item": "", "hunger": 70.0627442063492, "at_target": null, "entity": null}
[GdPAI | debug] ApplyEffect [After] ID=InstanceId(-9223367011474557678): agent props = {"held_item": "", "hunger": 70.0627442063492, "at_target": null, "entity": null}
[GdPAI | debug]   Snapshotting prop: held_item = Str("") (Variant type: STRING)
[GdPAI | debug]   Snapshotting prop: hunger = Float(70.0627442063492) (Variant type: FLOAT)
[GdPAI | debug]   Snapshotting prop: at_target = Nil (Variant type: NIL)
[GdPAI | debug]   Snapshotting prop: entity = Nil (Variant type: NIL)
WARNING: [GdPAI] ObjectRef(1382643928884): object was freed before callback; returning Nil.
   at: gdplanningai_rust::logger::process_logs (src\logger.rs:66)
   GDScript backtrace (most recent call first):
       [0] _drain_scheduler (res://test/integration/test_hunger_example_smoke.gd:26)
WARNING: [GdPAI] ObjectRef(1383499573091): object was freed before callback; returning Nil.
   at: gdplanningai_rust::logger::process_logs (src\logger.rs:66)
   GDScript backtrace (most recent call first):
       [0] _drain_scheduler (res://test/integration/test_hunger_example_smoke.gd:26)
WARNING: [GdPAI] ObjectRef(1383499573091): object was freed before callback; returning Nil.
   at: gdplanningai_rust::logger::process_logs (src\logger.rs:66)
   GDScript backtrace (most recent call first):
       [0] _drain_scheduler (res://test/integration/test_hunger_example_smoke.gd:26)
[GdPAI | debug] GetCost: callable returned non-numeric value: null; returning INFINITY
WARNING: [GdPAI] ObjectRef(124621163998): object was freed before callback; returning Nil.
   at: gdplanningai_rust::logger::process_logs (src\logger.rs:66)
   GDScript backtrace (most recent call first):
       [0] _process (res://addons/GdPlanningAI/gdpai_autoload.gd:21)
WARNING: [GdPAI] ObjectRef(125359361544): object was freed before callback; returning Nil.
   at: gdplanningai_rust::logger::process_logs (src\logger.rs:66)
   GDScript backtrace (most recent call first):
       [0] _process (res://addons/GdPlanningAI/gdpai_autoload.gd:21)
WARNING: [GdPAI] ObjectRef(125359361544): object was freed before callback; returning Nil.
   at: gdplanningai_rust::logger::process_logs (src\logger.rs:66)
   GDScript backtrace (most recent call first):
       [0] _process (res://addons/GdPlanningAI/gdpai_autoload.gd:21)
[GdPAI | debug] GetCost: callable returned non-numeric value: null; returning INFINITY
WARNING: [GdPAI] ObjectRef(1382643928884): object was freed before callback; returning Nil.
   at: gdplanningai_rust::logger::process_logs (src\logger.rs:66)
   GDScript backtrace (most recent call first):
       [0] _process (res://addons/GdPlanningAI/gdpai_autoload.gd:21)
WARNING: [GdPAI] ObjectRef(1383499573091): object was freed before callback; returning Nil.
   at: gdplanningai_rust::logger::process_logs (src\logger.rs:66)
   GDScript backtrace (most recent call first):
       [0] _process (res://addons/GdPlanningAI/gdpai_autoload.gd:21)
WARNING: [GdPAI] ObjectRef(1383499573091): object was freed before callback; returning Nil.
   at: gdplanningai_rust::logger::process_logs (src\logger.rs:66)
   GDScript backtrace (most recent call first):
       [0] _process (res://addons/GdPlanningAI/gdpai_autoload.gd:21)
[GdPAI | debug] ApplyEffect [Before] ID=InstanceId(-9223367009545177796): agent props = {"entity": null, "hunger": 95.0603725, "held_item": "", "at_target": null}
[GdPAI | debug] ApplyEffect [After] ID=InstanceId(-9223367009545177796): agent props = {"entity": null, "hunger": 95.0603725, "held_item": "", "at_target": null}
[GdPAI | debug]   Snapshotting prop: entity = Nil (Variant type: NIL)
[GdPAI | debug]   Snapshotting prop: hunger = Float(95.0603725) (Variant type: FLOAT)
[GdPAI | debug]   Snapshotting prop: held_item = Str("") (Variant type: STRING)
[GdPAI | debug]   Snapshotting prop: at_target = Nil (Variant type: NIL)
WARNING: [GdPAI] ObjectRef(124621163998): object was freed before callback; returning Nil.
   at: gdplanningai_rust::logger::process_logs (src\logger.rs:66)
   GDScript backtrace (most recent call first):
       [0] _drain_scheduler (res://test/integration/test_hunger_example_smoke.gd:26)
WARNING: [GdPAI] ObjectRef(125359361544): object was freed before callback; returning Nil.
   at: gdplanningai_rust::logger::process_logs (src\logger.rs:66)
   GDScript backtrace (most recent call first):
       [0] _drain_scheduler (res://test/integration/test_hunger_example_smoke.gd:26)
WARNING: [GdPAI] ObjectRef(125359361544): object was freed before callback; returning Nil.
   at: gdplanningai_rust::logger::process_logs (src\logger.rs:66)
   GDScript backtrace (most recent call first):
       [0] _drain_scheduler (res://test/integration/test_hunger_example_smoke.gd:26)
[GdPAI | debug] ApplyEffect [Before] ID=InstanceId(-9223367008672762511): agent props = {"held_item": "", "hunger": 70.0627442063492, "at_target": null, "entity": null}
[GdPAI | debug] ApplyEffect [After] ID=InstanceId(-9223367008672762511): agent props = {"held_item": "", "hunger": 70.0627442063492, "at_target": null, "entity": null}
[GdPAI | debug]   Snapshotting prop: held_item = Str("") (Variant type: STRING)
[GdPAI | debug]   Snapshotting prop: hunger = Float(70.0627442063492) (Variant type: FLOAT)
[GdPAI | debug]   Snapshotting prop: at_target = Nil (Variant type: NIL)
[GdPAI | debug]   Snapshotting prop: entity = Nil (Variant type: NIL)
WARNING: [GdPAI] ObjectRef(1382643928884): object was freed before callback; returning Nil.
   at: gdplanningai_rust::logger::process_logs (src\logger.rs:66)
   GDScript backtrace (most recent call first):
       [0] _drain_scheduler (res://test/integration/test_hunger_example_smoke.gd:26)
WARNING: [GdPAI] ObjectRef(1382610374135): object was freed before callback; returning Nil.
   at: gdplanningai_rust::logger::process_logs (src\logger.rs:66)
   GDScript backtrace (most recent call first):
       [0] _drain_scheduler (res://test/integration/test_hunger_example_smoke.gd:26)
WARNING: [GdPAI] ObjectRef(1382610374135): object was freed before callback; returning Nil.
   at: gdplanningai_rust::logger::process_logs (src\logger.rs:66)
   GDScript backtrace (most recent call first):
       [0] _drain_scheduler (res://test/integration/test_hunger_example_smoke.gd:26)
[GdPAI | debug] GetCost: callable returned non-numeric value: null; returning INFINITY
WARNING: [GdPAI] ObjectRef(124621163998): object was freed before callback; returning Nil.
   at: gdplanningai_rust::logger::process_logs (src\logger.rs:66)
   GDScript backtrace (most recent call first):
       [0] _process (res://addons/GdPlanningAI/gdpai_autoload.gd:21)
WARNING: [GdPAI] ObjectRef(124134624705): object was freed before callback; returning Nil.
   at: gdplanningai_rust::logger::process_logs (src\logger.rs:66)
   GDScript backtrace (most recent call first):
       [0] _process (res://addons/GdPlanningAI/gdpai_autoload.gd:21)
WARNING: [GdPAI] ObjectRef(124134624705): object was freed before callback; returning Nil.
   at: gdplanningai_rust::logger::process_logs (src\logger.rs:66)
   GDScript backtrace (most recent call first):
       [0] _process (res://addons/GdPlanningAI/gdpai_autoload.gd:21)
[GdPAI | debug] GetCost: callable returned non-numeric value: null; returning INFINITY
WARNING: [GdPAI] ObjectRef(1382643928884): object was freed before callback; returning Nil.
   at: gdplanningai_rust::logger::process_logs (src\logger.rs:66)
   GDScript backtrace (most recent call first):
       [0] _process (res://addons/GdPlanningAI/gdpai_autoload.gd:21)
WARNING: [GdPAI] ObjectRef(1382610374135): object was freed before callback; returning Nil.
   at: gdplanningai_rust::logger::process_logs (src\logger.rs:66)
   GDScript backtrace (most recent call first):
       [0] _process (res://addons/GdPlanningAI/gdpai_autoload.gd:21)
WARNING: [GdPAI] ObjectRef(1382610374135): object was freed before callback; returning Nil.
   at: gdplanningai_rust::logger::process_logs (src\logger.rs:66)
   GDScript backtrace (most recent call first):
       [0] _process (res://addons/GdPlanningAI/gdpai_autoload.gd:21)
[GdPAI | debug] ApplyEffect [Before] ID=InstanceId(-9223367006642719385): agent props = {"at_target": null, "hunger": 95.0603725, "entity": null, "held_item": ""}
[GdPAI | debug] ApplyEffect [After] ID=InstanceId(-9223367006642719385): agent props = {"at_target": null, "hunger": 95.0603725, "entity": null, "held_item": ""}
[GdPAI | debug]   Snapshotting prop: at_target = Nil (Variant type: NIL)
[GdPAI | debug]   Snapshotting prop: hunger = Float(95.0603725) (Variant type: FLOAT)
[GdPAI | debug]   Snapshotting prop: entity = Nil (Variant type: NIL)
[GdPAI | debug]   Snapshotting prop: held_item = Str("") (Variant type: STRING)
WARNING: [GdPAI] ObjectRef(124621163998): object was freed before callback; returning Nil.
   at: gdplanningai_rust::logger::process_logs (src\logger.rs:66)
   GDScript backtrace (most recent call first):
       [0] _drain_scheduler (res://test/integration/test_hunger_example_smoke.gd:26)
WARNING: [GdPAI] ObjectRef(124134624705): object was freed before callback; returning Nil.
   at: gdplanningai_rust::logger::process_logs (src\logger.rs:66)
   GDScript backtrace (most recent call first):
       [0] _drain_scheduler (res://test/integration/test_hunger_example_smoke.gd:26)
WARNING: [GdPAI] ObjectRef(124134624705): object was freed before callback; returning Nil.
   at: gdplanningai_rust::logger::process_logs (src\logger.rs:66)
   GDScript backtrace (most recent call first):
       [0] _drain_scheduler (res://test/integration/test_hunger_example_smoke.gd:26)
[GdPAI | debug] ApplyEffect [Before] ID=InstanceId(-9223367005770304113): agent props = {"entity": null, "hunger": 70.0627442063492, "held_item": "", "at_target": null}
[GdPAI | debug] ApplyEffect [After] ID=InstanceId(-9223367005770304113): agent props = {"entity": null, "hunger": 70.0627442063492, "held_item": "", "at_target": null}
[GdPAI | debug]   Snapshotting prop: entity = Nil (Variant type: NIL)
[GdPAI | debug]   Snapshotting prop: hunger = Float(70.0627442063492) (Variant type: FLOAT)
[GdPAI | debug]   Snapshotting prop: held_item = Str("") (Variant type: STRING)
[GdPAI | debug]   Snapshotting prop: at_target = Nil (Variant type: NIL)
WARNING: [GdPAI] ObjectRef(1382643928884): object was freed before callback; returning Nil.
   at: gdplanningai_rust::logger::process_logs (src\logger.rs:66)
   GDScript backtrace (most recent call first):
       [0] _drain_scheduler (res://test/integration/test_hunger_example_smoke.gd:26)
[GdPAI | debug] GetCost: callable returned non-numeric value: null; returning INFINITY
WARNING: [GdPAI] ObjectRef(124621163998): object was freed before callback; returning Nil.
   at: gdplanningai_rust::logger::process_logs (src\logger.rs:66)
   GDScript backtrace (most recent call first):
       [0] _process (res://addons/GdPlanningAI/gdpai_autoload.gd:21)
WARNING: [GdPAI] ObjectRef(124134624705): object was freed before callback; returning Nil.
   at: gdplanningai_rust::logger::process_logs (src\logger.rs:66)
   GDScript backtrace (most recent call first):
       [0] _process (res://addons/GdPlanningAI/gdpai_autoload.gd:21)
WARNING: [GdPAI] ObjectRef(124134624705): object was freed before callback; returning Nil.
   at: gdplanningai_rust::logger::process_logs (src\logger.rs:66)
   GDScript backtrace (most recent call first):
       [0] _process (res://addons/GdPlanningAI/gdpai_autoload.gd:21)
[GdPAI | debug] GetCost: callable returned non-numeric value: null; returning INFINITY
WARNING: [GdPAI] ObjectRef(1382643928884): object was freed before callback; returning Nil.
   at: gdplanningai_rust::logger::process_logs (src\logger.rs:66)
   GDScript backtrace (most recent call first):
       [0] _process (res://addons/GdPlanningAI/gdpai_autoload.gd:21)
[GdPAI | debug] ApplyEffect [Before] ID=InstanceId(-9223367003840924320): agent props = {"hunger": 95.0603725, "entity": null, "held_item": "wood", "at_target": null}
[GdPAI | debug] ApplyEffect [After] ID=InstanceId(-9223367003840924320): agent props = {"hunger": 95.0603725, "entity": null, "held_item": "wood", "at_target": null}
[GdPAI | debug]   Snapshotting prop: hunger = Float(95.0603725) (Variant type: FLOAT)
[GdPAI | debug]   Snapshotting prop: entity = Nil (Variant type: NIL)
[GdPAI | debug]   Snapshotting prop: held_item = Str("wood") (Variant type: STRING)
[GdPAI | debug]   Snapshotting prop: at_target = Nil (Variant type: NIL)
WARNING: [GdPAI] ObjectRef(124621163998): object was freed before callback; returning Nil.
   at: gdplanningai_rust::logger::process_logs (src\logger.rs:66)
   GDScript backtrace (most recent call first):
       [0] _drain_scheduler (res://test/integration/test_hunger_example_smoke.gd:26)
WARNING: [GdPAI] ObjectRef(124134624705): object was freed before callback; returning Nil.
   at: gdplanningai_rust::logger::process_logs (src\logger.rs:66)
   GDScript backtrace (most recent call first):
       [0] _drain_scheduler (res://test/integration/test_hunger_example_smoke.gd:26)
WARNING: [GdPAI] ObjectRef(124134624705): object was freed before callback; returning Nil.
   at: gdplanningai_rust::logger::process_logs (src\logger.rs:66)
   GDScript backtrace (most recent call first):
       [0] _drain_scheduler (res://test/integration/test_hunger_example_smoke.gd:26)
[GdPAI | debug] ApplyEffect [Before] ID=InstanceId(-9223367003069172294): agent props = {"hunger": 70.0627442063492, "held_item": "", "entity": null, "at_target": null}
[GdPAI | debug] ApplyEffect [After] ID=InstanceId(-9223367003069172294): agent props = {"hunger": 70.0627442063492, "held_item": "", "entity": null, "at_target": null}
[GdPAI | debug]   Snapshotting prop: hunger = Float(70.0627442063492) (Variant type: FLOAT)
[GdPAI | debug]   Snapshotting prop: held_item = Str("") (Variant type: STRING)
[GdPAI | debug]   Snapshotting prop: entity = Nil (Variant type: NIL)
[GdPAI | debug]   Snapshotting prop: at_target = Nil (Variant type: NIL)
WARNING: [GdPAI] ObjectRef(1382643928884): object was freed before callback; returning Nil.
   at: gdplanningai_rust::logger::process_logs (src\logger.rs:66)
   GDScript backtrace (most recent call first):
       [0] _drain_scheduler (res://test/integration/test_hunger_example_smoke.gd:26)
WARNING: [GdPAI] ObjectRef(1382643928884): object was freed before callback; returning Nil.
   at: gdplanningai_rust::logger::process_logs (src\logger.rs:66)
   GDScript backtrace (most recent call first):
       [0] _drain_scheduler (res://test/integration/test_hunger_example_smoke.gd:26)
[GdPAI | debug] GetCost: callable returned non-numeric value: null; returning INFINITY
WARNING: [GdPAI] ObjectRef(124621163998): object was freed before callback; returning Nil.
   at: gdplanningai_rust::logger::process_logs (src\logger.rs:66)
   GDScript backtrace (most recent call first):
       [0] _process (res://addons/GdPlanningAI/gdpai_autoload.gd:21)
[GdPAI | debug] GetCost: callable returned non-numeric value: null; returning INFINITY
WARNING: [GdPAI] ObjectRef(1382643928884): object was freed before callback; returning Nil.
   at: gdplanningai_rust::logger::process_logs (src\logger.rs:66)
   GDScript backtrace (most recent call first):
       [0] _process (res://addons/GdPlanningAI/gdpai_autoload.gd:21)
WARNING: [GdPAI] ObjectRef(1382643928884): object was freed before callback; returning Nil.
   at: gdplanningai_rust::logger::process_logs (src\logger.rs:66)
   GDScript backtrace (most recent call first):
       [0] _process (res://addons/GdPlanningAI/gdpai_autoload.gd:21)
[GdPAI | debug] ApplyEffect [Before] ID=InstanceId(-9223367001089460813): agent props = {"hunger": 95.0603725, "entity": null, "held_item": ""}
[GdPAI | debug] ApplyEffect [After] ID=InstanceId(-9223367001089460813): agent props = {"hunger": 95.0603725, "entity": null, "held_item": ""}
[GdPAI | debug]   Snapshotting prop: hunger = Float(95.0603725) (Variant type: FLOAT)
[GdPAI | debug]   Snapshotting prop: entity = Nil (Variant type: NIL)
[GdPAI | debug]   Snapshotting prop: held_item = Str("") (Variant type: STRING)
WARNING: [GdPAI] ObjectRef(124621163998): object was freed before callback; returning Nil.
   at: gdplanningai_rust::logger::process_logs (src\logger.rs:66)
   GDScript backtrace (most recent call first):
       [0] _drain_scheduler (res://test/integration/test_hunger_example_smoke.gd:26)
[GdPAI | debug] ApplyEffect [Before] ID=InstanceId(-9223367000368040496): agent props = {"entity": null, "at_target": null, "hunger": 70.0627442063492, "held_item": "wood"}
[GdPAI | debug] ApplyEffect [After] ID=InstanceId(-9223367000368040496): agent props = {"entity": null, "at_target": null, "hunger": 70.0627442063492, "held_item": "wood"}
[GdPAI | debug]   Snapshotting prop: entity = Nil (Variant type: NIL)
[GdPAI | debug]   Snapshotting prop: at_target = Nil (Variant type: NIL)
[GdPAI | debug]   Snapshotting prop: hunger = Float(70.0627442063492) (Variant type: FLOAT)
[GdPAI | debug]   Snapshotting prop: held_item = Str("wood") (Variant type: STRING)
WARNING: [GdPAI] ObjectRef(1382643928884): object was freed before callback; returning Nil.
   at: gdplanningai_rust::logger::process_logs (src\logger.rs:66)
   GDScript backtrace (most recent call first):
       [0] _drain_scheduler (res://test/integration/test_hunger_example_smoke.gd:26)
[GdPAI | debug] GetCost: callable returned non-numeric value: null; returning INFINITY
WARNING: [GdPAI] ObjectRef(124621163998): object was freed before callback; returning Nil.
   at: gdplanningai_rust::logger::process_logs (src\logger.rs:66)
   GDScript backtrace (most recent call first):
       [0] _process (res://addons/GdPlanningAI/gdpai_autoload.gd:21)
WARNING: [GdPAI] ObjectRef(124621163998): object was freed before callback; returning Nil.
   at: gdplanningai_rust::logger::process_logs (src\logger.rs:66)
   GDScript backtrace (most recent call first):
       [0] _process (res://addons/GdPlanningAI/gdpai_autoload.gd:21)
WARNING: [GdPAI] ObjectRef(125359361544): object was freed before callback; returning Nil.
   at: gdplanningai_rust::logger::process_logs (src\logger.rs:66)
   GDScript backtrace (most recent call first):
       [0] _process (res://addons/GdPlanningAI/gdpai_autoload.gd:21)
WARNING: [GdPAI] ObjectRef(125359361544): object was freed before callback; returning Nil.
   at: gdplanningai_rust::logger::process_logs (src\logger.rs:66)
   GDScript backtrace (most recent call first):
       [0] _process (res://addons/GdPlanningAI/gdpai_autoload.gd:21)
[GdPAI | debug] GetCost: callable returned non-numeric value: null; returning INFINITY
WARNING: [GdPAI] ObjectRef(1382643928884): object was freed before callback; returning Nil.
   at: gdplanningai_rust::logger::process_logs (src\logger.rs:66)
   GDScript backtrace (most recent call first):
       [0] _process (res://addons/GdPlanningAI/gdpai_autoload.gd:21)
[GdPAI | debug] ApplyEffect [Before] ID=InstanceId(-9223366998539323950): agent props = {"held_item": "", "entity": null, "hunger": 95.0603725}
[GdPAI | debug] ApplyEffect [After] ID=InstanceId(-9223366998539323950): agent props = {"held_item": "", "entity": null, "hunger": 95.0603725}
[GdPAI | debug]   Snapshotting prop: held_item = Str("") (Variant type: STRING)
[GdPAI | debug]   Snapshotting prop: entity = Nil (Variant type: NIL)
[GdPAI | debug]   Snapshotting prop: hunger = Float(95.0603725) (Variant type: FLOAT)
WARNING: [GdPAI] ObjectRef(124621163998): object was freed before callback; returning Nil.
   at: gdplanningai_rust::logger::process_logs (src\logger.rs:66)
   GDScript backtrace (most recent call first):
       [0] _drain_scheduler (res://test/integration/test_hunger_example_smoke.gd:26)
WARNING: [GdPAI] ObjectRef(124621163998): object was freed before callback; returning Nil.
   at: gdplanningai_rust::logger::process_logs (src\logger.rs:66)
   GDScript backtrace (most recent call first):
       [0] _drain_scheduler (res://test/integration/test_hunger_example_smoke.gd:26)
WARNING: [GdPAI] ObjectRef(125359361544): object was freed before callback; returning Nil.
   at: gdplanningai_rust::logger::process_logs (src\logger.rs:66)
   GDScript backtrace (most recent call first):
       [0] _drain_scheduler (res://test/integration/test_hunger_example_smoke.gd:26)
WARNING: [GdPAI] ObjectRef(125359361544): object was freed before callback; returning Nil.
   at: gdplanningai_rust::logger::process_logs (src\logger.rs:66)
   GDScript backtrace (most recent call first):
       [0] _drain_scheduler (res://test/integration/test_hunger_example_smoke.gd:26)
[GdPAI | debug] ApplyEffect [Before] ID=InstanceId(-9223366997717240349): agent props = {"held_item": "", "hunger": 70.0627442063492, "entity": null, "at_target": null}
[GdPAI | debug] ApplyEffect [After] ID=InstanceId(-9223366997717240349): agent props = {"held_item": "", "hunger": 70.0627442063492, "entity": null, "at_target": null}
[GdPAI | debug]   Snapshotting prop: held_item = Str("") (Variant type: STRING)
[GdPAI | debug]   Snapshotting prop: hunger = Float(70.0627442063492) (Variant type: FLOAT)
[GdPAI | debug]   Snapshotting prop: entity = Nil (Variant type: NIL)
[GdPAI | debug]   Snapshotting prop: at_target = Nil (Variant type: NIL)
WARNING: [GdPAI] ObjectRef(1382643928884): object was freed before callback; returning Nil.
   at: gdplanningai_rust::logger::process_logs (src\logger.rs:66)
   GDScript backtrace (most recent call first):
       [0] _drain_scheduler (res://test/integration/test_hunger_example_smoke.gd:26)
[GdPAI | debug] GetCost: callable returned non-numeric value: null; returning INFINITY
WARNING: [GdPAI] ObjectRef(124621163998): object was freed before callback; returning Nil.
   at: gdplanningai_rust::logger::process_logs (src\logger.rs:66)
   GDScript backtrace (most recent call first):
       [0] _process (res://addons/GdPlanningAI/gdpai_autoload.gd:21)
[GdPAI | debug] GetCost: callable returned non-numeric value: null; returning INFINITY
WARNING: [GdPAI] ObjectRef(1382643928884): object was freed before callback; returning Nil.
   at: gdplanningai_rust::logger::process_logs (src\logger.rs:66)
   GDScript backtrace (most recent call first):
       [0] _process (res://addons/GdPlanningAI/gdpai_autoload.gd:21)
[GdPAI | debug] ApplyEffect [Before] ID=InstanceId(-9223366995737528872): agent props = {"hunger": 95.0603725, "held_item": "", "entity": null}
[GdPAI | debug] ApplyEffect [After] ID=InstanceId(-9223366995737528872): agent props = {"hunger": 95.0603725, "held_item": "", "entity": null}
[GdPAI | debug]   Snapshotting prop: hunger = Float(95.0603725) (Variant type: FLOAT)
[GdPAI | debug]   Snapshotting prop: held_item = Str("") (Variant type: STRING)
[GdPAI | debug]   Snapshotting prop: entity = Nil (Variant type: NIL)
WARNING: [GdPAI] ObjectRef(124621163998): object was freed before callback; returning Nil.
   at: gdplanningai_rust::logger::process_logs (src\logger.rs:66)
   GDScript backtrace (most recent call first):
       [0] _drain_scheduler (res://test/integration/test_hunger_example_smoke.gd:26)
[GdPAI | debug] ApplyEffect [Before] ID=InstanceId(-9223366995066440180): agent props = {"entity": null, "held_item": "", "hunger": 70.0627442063492, "at_target": null}
[GdPAI | debug] ApplyEffect [After] ID=InstanceId(-9223366995066440180): agent props = {"entity": null, "held_item": "", "hunger": 70.0627442063492, "at_target": null}
[GdPAI | debug]   Snapshotting prop: entity = Nil (Variant type: NIL)
[GdPAI | debug]   Snapshotting prop: held_item = Str("") (Variant type: STRING)
[GdPAI | debug]   Snapshotting prop: hunger = Float(70.0627442063492) (Variant type: FLOAT)
[GdPAI | debug]   Snapshotting prop: at_target = Nil (Variant type: NIL)
WARNING: [GdPAI] ObjectRef(1382643928884): object was freed before callback; returning Nil.
   at: gdplanningai_rust::logger::process_logs (src\logger.rs:66)
   GDScript backtrace (most recent call first):
       [0] _drain_scheduler (res://test/integration/test_hunger_example_smoke.gd:26)
[GdPAI | debug] GetCost: callable returned non-numeric value: null; returning INFINITY
WARNING: [GdPAI] ObjectRef(124621163998): object was freed before callback; returning Nil.
   at: gdplanningai_rust::logger::process_logs (src\logger.rs:66)
   GDScript backtrace (most recent call first):
       [0] _process (res://addons/GdPlanningAI/gdpai_autoload.gd:21)
WARNING: [GdPAI] ObjectRef(125359361544): object was freed before callback; returning Nil.
   at: gdplanningai_rust::logger::process_logs (src\logger.rs:66)
   GDScript backtrace (most recent call first):
       [0] _process (res://addons/GdPlanningAI/gdpai_autoload.gd:21)
WARNING: [GdPAI] ObjectRef(125359361544): object was freed before callback; returning Nil.
   at: gdplanningai_rust::logger::process_logs (src\logger.rs:66)
   GDScript backtrace (most recent call first):
       [0] _process (res://addons/GdPlanningAI/gdpai_autoload.gd:21)
[GdPAI | debug] GetCost: callable returned non-numeric value: null; returning INFINITY
WARNING: [GdPAI] ObjectRef(1382643928884): object was freed before callback; returning Nil.
   at: gdplanningai_rust::logger::process_logs (src\logger.rs:66)
   GDScript backtrace (most recent call first):
       [0] _process (res://addons/GdPlanningAI/gdpai_autoload.gd:21)
[GdPAI | debug] ApplyEffect [Before] ID=InstanceId(-9223366993237723659): agent props = {"held_item": "wood", "entity": null, "hunger": 95.0603725}
[GdPAI | debug] ApplyEffect [After] ID=InstanceId(-9223366993237723659): agent props = {"held_item": "wood", "entity": null, "hunger": 95.0603725}
[GdPAI | debug]   Snapshotting prop: held_item = Str("wood") (Variant type: STRING)
[GdPAI | debug]   Snapshotting prop: entity = Nil (Variant type: NIL)
[GdPAI | debug]   Snapshotting prop: hunger = Float(95.0603725) (Variant type: FLOAT)
[GdPAI | debug] Numeric comparison: 95.0603725 GreaterThan 0 -> true
WARNING: [GdPAI] ObjectRef(124621163998): object was freed before callback; returning Nil.
   at: gdplanningai_rust::logger::process_logs (src\logger.rs:66)
   GDScript backtrace (most recent call first):
       [0] _drain_scheduler (res://test/integration/test_hunger_example_smoke.gd:26)
WARNING: [GdPAI] ObjectRef(125359361544): object was freed before callback; returning Nil.
   at: gdplanningai_rust::logger::process_logs (src\logger.rs:66)
   GDScript backtrace (most recent call first):
       [0] _drain_scheduler (res://test/integration/test_hunger_example_smoke.gd:26)
WARNING: [GdPAI] ObjectRef(125359361544): object was freed before callback; returning Nil.
   at: gdplanningai_rust::logger::process_logs (src\logger.rs:66)
   GDScript backtrace (most recent call first):
       [0] _drain_scheduler (res://test/integration/test_hunger_example_smoke.gd:26)
[GdPAI | debug] ApplyEffect [Before] ID=InstanceId(-9223366992465971686): agent props = {"held_item": "", "hunger": 70.0627442063492, "entity": null, "at_target": null}
[GdPAI | debug] ApplyEffect [After] ID=InstanceId(-9223366992465971686): agent props = {"held_item": "", "hunger": 70.0627442063492, "entity": null, "at_target": null}
[GdPAI | debug]   Snapshotting prop: held_item = Str("") (Variant type: STRING)
[GdPAI | debug]   Snapshotting prop: hunger = Float(70.0627442063492) (Variant type: FLOAT)
[GdPAI | debug]   Snapshotting prop: entity = Nil (Variant type: NIL)
[GdPAI | debug]   Snapshotting prop: at_target = Nil (Variant type: NIL)
WARNING: [GdPAI] ObjectRef(1382643928884): object was freed before callback; returning Nil.
   at: gdplanningai_rust::logger::process_logs (src\logger.rs:66)
   GDScript backtrace (most recent call first):
       [0] _drain_scheduler (res://test/integration/test_hunger_example_smoke.gd:26)
WARNING: [GdPAI] ObjectRef(1382643928884): object was freed before callback; returning Nil.
   at: gdplanningai_rust::logger::process_logs (src\logger.rs:66)
   GDScript backtrace (most recent call first):
       [0] _drain_scheduler (res://test/integration/test_hunger_example_smoke.gd:26)
WARNING: [GdPAI] ObjectRef(1382610374135): object was freed before callback; returning Nil.
   at: gdplanningai_rust::logger::process_logs (src\logger.rs:66)
   GDScript backtrace (most recent call first):
       [0] _drain_scheduler (res://test/integration/test_hunger_example_smoke.gd:26)
WARNING: [GdPAI] ObjectRef(1383499573091): object was freed before callback; returning Nil.
   at: gdplanningai_rust::logger::process_logs (src\logger.rs:66)
   GDScript backtrace (most recent call first):
       [0] _drain_scheduler (res://test/integration/test_hunger_example_smoke.gd:26)
WARNING: [GdPAI] ObjectRef(1382610374135): object was freed before callback; returning Nil.
   at: gdplanningai_rust::logger::process_logs (src\logger.rs:66)
   GDScript backtrace (most recent call first):
       [0] _drain_scheduler (res://test/integration/test_hunger_example_smoke.gd:26)
WARNING: [GdPAI] ObjectRef(1383499573091): object was freed before callback; returning Nil.
   at: gdplanningai_rust::logger::process_logs (src\logger.rs:66)
   GDScript backtrace (most recent call first):
       [0] _drain_scheduler (res://test/integration/test_hunger_example_smoke.gd:26)
[GdPAI | debug] GetCost: callable returned non-numeric value: null; returning INFINITY
WARNING: [GdPAI] ObjectRef(124621163998): object was freed before callback; returning Nil.
   at: gdplanningai_rust::logger::process_logs (src\logger.rs:66)
   GDScript backtrace (most recent call first):
       [0] _process (res://addons/GdPlanningAI/gdpai_autoload.gd:21)
WARNING: [GdPAI] ObjectRef(124134624705): object was freed before callback; returning Nil.
   at: gdplanningai_rust::logger::process_logs (src\logger.rs:66)
   GDScript backtrace (most recent call first):
       [0] _process (res://addons/GdPlanningAI/gdpai_autoload.gd:21)
WARNING: [GdPAI] ObjectRef(124134624705): object was freed before callback; returning Nil.
   at: gdplanningai_rust::logger::process_logs (src\logger.rs:66)
   GDScript backtrace (most recent call first):
       [0] _process (res://addons/GdPlanningAI/gdpai_autoload.gd:21)
[GdPAI | debug] GetCost: callable returned non-numeric value: null; returning INFINITY
WARNING: [GdPAI] ObjectRef(1382643928884): object was freed before callback; returning Nil.
   at: gdplanningai_rust::logger::process_logs (src\logger.rs:66)
   GDScript backtrace (most recent call first):
       [0] _process (res://addons/GdPlanningAI/gdpai_autoload.gd:21)
WARNING: [GdPAI] ObjectRef(1382643928884): object was freed before callback; returning Nil.
   at: gdplanningai_rust::logger::process_logs (src\logger.rs:66)
   GDScript backtrace (most recent call first):
       [0] _process (res://addons/GdPlanningAI/gdpai_autoload.gd:21)
WARNING: [GdPAI] ObjectRef(1382610374135): object was freed before callback; returning Nil.
   at: gdplanningai_rust::logger::process_logs (src\logger.rs:66)
   GDScript backtrace (most recent call first):
       [0] _process (res://addons/GdPlanningAI/gdpai_autoload.gd:21)
WARNING: [GdPAI] ObjectRef(1383499573091): object was freed before callback; returning Nil.
   at: gdplanningai_rust::logger::process_logs (src\logger.rs:66)
   GDScript backtrace (most recent call first):
       [0] _process (res://addons/GdPlanningAI/gdpai_autoload.gd:21)
WARNING: [GdPAI] ObjectRef(1382610374135): object was freed before callback; returning Nil.
   at: gdplanningai_rust::logger::process_logs (src\logger.rs:66)
   GDScript backtrace (most recent call first):
       [0] _process (res://addons/GdPlanningAI/gdpai_autoload.gd:21)
WARNING: [GdPAI] ObjectRef(1383499573091): object was freed before callback; returning Nil.
   at: gdplanningai_rust::logger::process_logs (src\logger.rs:66)
   GDScript backtrace (most recent call first):
       [0] _process (res://addons/GdPlanningAI/gdpai_autoload.gd:21)
[GdPAI | debug] ApplyEffect [Before] ID=InstanceId(-9223366990284933633): agent props = {"at_target": null, "hunger": 95.0603725, "entity": null, "held_item": ""}
[GdPAI | debug] ApplyEffect [After] ID=InstanceId(-9223366990284933633): agent props = {"at_target": null, "hunger": 95.0603725, "entity": null, "held_item": ""}
[GdPAI | debug]   Snapshotting prop: at_target = Nil (Variant type: NIL)
[GdPAI | debug]   Snapshotting prop: hunger = Float(95.0603725) (Variant type: FLOAT)
[GdPAI | debug]   Snapshotting prop: entity = Nil (Variant type: NIL)
[GdPAI | debug]   Snapshotting prop: held_item = Str("") (Variant type: STRING)
WARNING: [GdPAI] ObjectRef(124621163998): object was freed before callback; returning Nil.
   at: gdplanningai_rust::logger::process_logs (src\logger.rs:66)
   GDScript backtrace (most recent call first):
       [0] _drain_scheduler (res://test/integration/test_hunger_example_smoke.gd:26)
WARNING: [GdPAI] ObjectRef(124134624705): object was freed before callback; returning Nil.
   at: gdplanningai_rust::logger::process_logs (src\logger.rs:66)
   GDScript backtrace (most recent call first):
       [0] _drain_scheduler (res://test/integration/test_hunger_example_smoke.gd:26)
WARNING: [GdPAI] ObjectRef(124134624705): object was freed before callback; returning Nil.
   at: gdplanningai_rust::logger::process_logs (src\logger.rs:66)
   GDScript backtrace (most recent call first):
       [0] _drain_scheduler (res://test/integration/test_hunger_example_smoke.gd:26)
[GdPAI | debug] ApplyEffect [Before] ID=InstanceId(-9223366989261523397): agent props = {"entity": null, "hunger": 70.0627442063492, "held_item": "", "at_target": null}
[GdPAI | debug] ApplyEffect [After] ID=InstanceId(-9223366989261523397): agent props = {"entity": null, "hunger": 70.0627442063492, "held_item": "", "at_target": null}
[GdPAI | debug]   Snapshotting prop: entity = Nil (Variant type: NIL)
[GdPAI | debug]   Snapshotting prop: hunger = Float(70.0627442063492) (Variant type: FLOAT)
[GdPAI | debug]   Snapshotting prop: held_item = Str("") (Variant type: STRING)
[GdPAI | debug]   Snapshotting prop: at_target = Nil (Variant type: NIL)
WARNING: [GdPAI] ObjectRef(1382643928884): object was freed before callback; returning Nil.
   at: gdplanningai_rust::logger::process_logs (src\logger.rs:66)
   GDScript backtrace (most recent call first):
       [0] _drain_scheduler (res://test/integration/test_hunger_example_smoke.gd:26)
WARNING: [GdPAI] ObjectRef(1383499573091): object was freed before callback; returning Nil.
   at: gdplanningai_rust::logger::process_logs (src\logger.rs:66)
   GDScript backtrace (most recent call first):
       [0] _drain_scheduler (res://test/integration/test_hunger_example_smoke.gd:26)
WARNING: [GdPAI] ObjectRef(1383499573091): object was freed before callback; returning Nil.
   at: gdplanningai_rust::logger::process_logs (src\logger.rs:66)
   GDScript backtrace (most recent call first):
       [0] _drain_scheduler (res://test/integration/test_hunger_example_smoke.gd:26)
[GdPAI | debug] GetCost: callable returned non-numeric value: null; returning INFINITY
WARNING: [GdPAI] ObjectRef(124621163998): object was freed before callback; returning Nil.
   at: gdplanningai_rust::logger::process_logs (src\logger.rs:66)
   GDScript backtrace (most recent call first):
       [0] _process (res://addons/GdPlanningAI/gdpai_autoload.gd:21)
WARNING: [GdPAI] ObjectRef(124134624705): object was freed before callback; returning Nil.
   at: gdplanningai_rust::logger::process_logs (src\logger.rs:66)
   GDScript backtrace (most recent call first):
       [0] _process (res://addons/GdPlanningAI/gdpai_autoload.gd:21)
WARNING: [GdPAI] ObjectRef(124134624705): object was freed before callback; returning Nil.
   at: gdplanningai_rust::logger::process_logs (src\logger.rs:66)
   GDScript backtrace (most recent call first):
       [0] _process (res://addons/GdPlanningAI/gdpai_autoload.gd:21)
[GdPAI | debug] GetCost: callable returned non-numeric value: null; returning INFINITY
WARNING: [GdPAI] ObjectRef(1382643928884): object was freed before callback; returning Nil.
   at: gdplanningai_rust::logger::process_logs (src\logger.rs:66)
   GDScript backtrace (most recent call first):
       [0] _process (res://addons/GdPlanningAI/gdpai_autoload.gd:21)
WARNING: [GdPAI] ObjectRef(1383499573091): object was freed before callback; returning Nil.
   at: gdplanningai_rust::logger::process_logs (src\logger.rs:66)
   GDScript backtrace (most recent call first):
       [0] _process (res://addons/GdPlanningAI/gdpai_autoload.gd:21)
WARNING: [GdPAI] ObjectRef(1383499573091): object was freed before callback; returning Nil.
   at: gdplanningai_rust::logger::process_logs (src\logger.rs:66)
   GDScript backtrace (most recent call first):
       [0] _process (res://addons/GdPlanningAI/gdpai_autoload.gd:21)
[GdPAI | debug] ApplyEffect [Before] ID=InstanceId(-9223366987231480313): agent props = {"held_item": "", "entity": null, "at_target": null, "hunger": 95.0603725}
[GdPAI | debug] ApplyEffect [After] ID=InstanceId(-9223366987231480313): agent props = {"held_item": "", "entity": null, "at_target": null, "hunger": 95.0603725}
[GdPAI | debug]   Snapshotting prop: held_item = Str("") (Variant type: STRING)
[GdPAI | debug]   Snapshotting prop: entity = Nil (Variant type: NIL)
[GdPAI | debug]   Snapshotting prop: at_target = Nil (Variant type: NIL)
[GdPAI | debug]   Snapshotting prop: hunger = Float(95.0603725) (Variant type: FLOAT)
WARNING: [GdPAI] ObjectRef(124621163998): object was freed before callback; returning Nil.
   at: gdplanningai_rust::logger::process_logs (src\logger.rs:66)
   GDScript backtrace (most recent call first):
       [0] _drain_scheduler (res://test/integration/test_hunger_example_smoke.gd:26)
WARNING: [GdPAI] ObjectRef(124134624705): object was freed before callback; returning Nil.
   at: gdplanningai_rust::logger::process_logs (src\logger.rs:66)
   GDScript backtrace (most recent call first):
       [0] _drain_scheduler (res://test/integration/test_hunger_example_smoke.gd:26)
WARNING: [GdPAI] ObjectRef(124134624705): object was freed before callback; returning Nil.
   at: gdplanningai_rust::logger::process_logs (src\logger.rs:66)
   GDScript backtrace (most recent call first):
       [0] _drain_scheduler (res://test/integration/test_hunger_example_smoke.gd:26)
[GdPAI | debug] ApplyEffect [Before] ID=InstanceId(-9223366986359064988): agent props = {"entity": null, "at_target": null, "held_item": "", "hunger": 70.0627442063492}
[GdPAI | debug] ApplyEffect [After] ID=InstanceId(-9223366986359064988): agent props = {"entity": null, "at_target": null, "held_item": "", "hunger": 70.0627442063492}
[GdPAI | debug]   Snapshotting prop: entity = Nil (Variant type: NIL)
[GdPAI | debug]   Snapshotting prop: at_target = Nil (Variant type: NIL)
[GdPAI | debug]   Snapshotting prop: held_item = Str("") (Variant type: STRING)
[GdPAI | debug]   Snapshotting prop: hunger = Float(70.0627442063492) (Variant type: FLOAT)
WARNING: [GdPAI] ObjectRef(1382643928884): object was freed before callback; returning Nil.
   at: gdplanningai_rust::logger::process_logs (src\logger.rs:66)
   GDScript backtrace (most recent call first):
       [0] _drain_scheduler (res://test/integration/test_hunger_example_smoke.gd:26)
WARNING: [GdPAI] ObjectRef(1382610374135): object was freed before callback; returning Nil.
   at: gdplanningai_rust::logger::process_logs (src\logger.rs:66)
   GDScript backtrace (most recent call first):
       [0] _drain_scheduler (res://test/integration/test_hunger_example_smoke.gd:26)
WARNING: [GdPAI] ObjectRef(1382610374135): object was freed before callback; returning Nil.
   at: gdplanningai_rust::logger::process_logs (src\logger.rs:66)
   GDScript backtrace (most recent call first):
       [0] _drain_scheduler (res://test/integration/test_hunger_example_smoke.gd:26)
[GdPAI | debug] GetCost: callable returned non-numeric value: null; returning INFINITY
WARNING: [GdPAI] ObjectRef(124621163998): object was freed before callback; returning Nil.
   at: gdplanningai_rust::logger::process_logs (src\logger.rs:66)
   GDScript backtrace (most recent call first):
       [0] _process (res://addons/GdPlanningAI/gdpai_autoload.gd:21)
[GdPAI | debug] GetCost: callable returned non-numeric value: null; returning INFINITY
WARNING: [GdPAI] ObjectRef(1382643928884): object was freed before callback; returning Nil.
   at: gdplanningai_rust::logger::process_logs (src\logger.rs:66)
   GDScript backtrace (most recent call first):
       [0] _process (res://addons/GdPlanningAI/gdpai_autoload.gd:21)
WARNING: [GdPAI] ObjectRef(1382610374135): object was freed before callback; returning Nil.
   at: gdplanningai_rust::logger::process_logs (src\logger.rs:66)
   GDScript backtrace (most recent call first):
       [0] _process (res://addons/GdPlanningAI/gdpai_autoload.gd:21)
WARNING: [GdPAI] ObjectRef(1382610374135): object was freed before callback; returning Nil.
   at: gdplanningai_rust::logger::process_logs (src\logger.rs:66)
   GDScript backtrace (most recent call first):
       [0] _process (res://addons/GdPlanningAI/gdpai_autoload.gd:21)
[GdPAI | debug] ApplyEffect [Before] ID=InstanceId(-9223366984329021876): agent props = {"entity": null, "held_item": "", "at_target": null, "hunger": 95.0603725}
[GdPAI | debug] ApplyEffect [After] ID=InstanceId(-9223366984329021876): agent props = {"entity": null, "held_item": "", "at_target": null, "hunger": 95.0603725}
[GdPAI | debug]   Snapshotting prop: entity = Nil (Variant type: NIL)
[GdPAI | debug]   Snapshotting prop: held_item = Str("") (Variant type: STRING)
[GdPAI | debug]   Snapshotting prop: at_target = Nil (Variant type: NIL)
[GdPAI | debug]   Snapshotting prop: hunger = Float(95.0603725) (Variant type: FLOAT)
WARNING: [GdPAI] ObjectRef(124621163998): object was freed before callback; returning Nil.
   at: gdplanningai_rust::logger::process_logs (src\logger.rs:66)
   GDScript backtrace (most recent call first):
       [0] _drain_scheduler (res://test/integration/test_hunger_example_smoke.gd:26)
[GdPAI | debug] ApplyEffect [Before] ID=InstanceId(-9223366983557269882): agent props = {"entity": null, "held_item": "wood", "hunger": 70.0627442063492, "at_target": null}
[GdPAI | debug] ApplyEffect [After] ID=InstanceId(-9223366983557269882): agent props = {"entity": null, "held_item": "wood", "hunger": 70.0627442063492, "at_target": null}
[GdPAI | debug]   Snapshotting prop: entity = Nil (Variant type: NIL)
[GdPAI | debug]   Snapshotting prop: held_item = Str("wood") (Variant type: STRING)
[GdPAI | debug]   Snapshotting prop: hunger = Float(70.0627442063492) (Variant type: FLOAT)
[GdPAI | debug]   Snapshotting prop: at_target = Nil (Variant type: NIL)
WARNING: [GdPAI] ObjectRef(1382643928884): object was freed before callback; returning Nil.
   at: gdplanningai_rust::logger::process_logs (src\logger.rs:66)
   GDScript backtrace (most recent call first):
       [0] _drain_scheduler (res://test/integration/test_hunger_example_smoke.gd:26)
[GdPAI | debug] GetCost: callable returned non-numeric value: null; returning INFINITY
[GdPAI] A* Iteration: pop node with chain length 5
[GdPAI | debug] find_candidates: Checking 15 actions against 1 preconds and 2 requirements
WARNING: [GdPAI] ObjectRef(124621163998): object was freed before callback; returning Nil.
   at: gdplanningai_rust::logger::process_logs (src\logger.rs:66)
   GDScript backtrace (most recent call first):
       [0] _process (res://addons/GdPlanningAI/gdpai_autoload.gd:21)
WARNING: [GdPAI] ObjectRef(124621163998): object was freed before callback; returning Nil.
   at: gdplanningai_rust::logger::process_logs (src\logger.rs:66)
   GDScript backtrace (most recent call first):
       [0] _process (res://addons/GdPlanningAI/gdpai_autoload.gd:21)
[GdPAI | debug] Discovery: Starting simulation for action Go To
WARNING: [GdPAI] ObjectRef(1382643928884): object was freed before callback; returning Nil.
   at: gdplanningai_rust::logger::process_logs (src\logger.rs:66)
   GDScript backtrace (most recent call first):
       [0] _process (res://addons/GdPlanningAI/gdpai_autoload.gd:21)
[GdPAI | debug] ApplyEffect [Before] ID=InstanceId(-9223366981728553341): agent props = {"hunger": 95.0603725, "entity": null, "held_item": "wood", "at_target": null}
[GdPAI | debug] ApplyEffect [After] ID=InstanceId(-9223366981728553341): agent props = {"hunger": 95.0603725, "entity": null, "held_item": "wood", "at_target": null}
[GdPAI | debug]   Snapshotting prop: hunger = Float(95.0603725) (Variant type: FLOAT)
[GdPAI | debug]   Snapshotting prop: entity = Nil (Variant type: NIL)
[GdPAI | debug]   Snapshotting prop: held_item = Str("wood") (Variant type: STRING)
[GdPAI | debug]   Snapshotting prop: at_target = Nil (Variant type: NIL)
WARNING: [GdPAI] ObjectRef(124621163998): object was freed before callback; returning Nil.
   at: gdplanningai_rust::logger::process_logs (src\logger.rs:66)
   GDScript backtrace (most recent call first):
       [0] _drain_scheduler (res://test/integration/test_hunger_example_smoke.gd:26)
WARNING: [GdPAI] ObjectRef(124621163998): object was freed before callback; returning Nil.
   at: gdplanningai_rust::logger::process_logs (src\logger.rs:66)
   GDScript backtrace (most recent call first):
       [0] _drain_scheduler (res://test/integration/test_hunger_example_smoke.gd:26)
[GdPAI | debug] GetCost: callable returned non-numeric value: null; returning INFINITY
WARNING: [GdPAI] ObjectRef(1382643928884): object was freed before callback; returning Nil.
   at: gdplanningai_rust::logger::process_logs (src\logger.rs:66)
   GDScript backtrace (most recent call first):
       [0] _drain_scheduler (res://test/integration/test_hunger_example_smoke.gd:26)
WARNING: [GdPAI] ObjectRef(1382643928884): object was freed before callback; returning Nil.
   at: gdplanningai_rust::logger::process_logs (src\logger.rs:66)
   GDScript backtrace (most recent call first):
       [0] _drain_scheduler (res://test/integration/test_hunger_example_smoke.gd:26)
[GdPAI | debug] GetCost: callable returned non-numeric value: null; returning INFINITY
WARNING: [GdPAI] ObjectRef(124621163998): object was freed before callback; returning Nil.
   at: gdplanningai_rust::logger::process_logs (src\logger.rs:66)
   GDScript backtrace (most recent call first):
       [0] _process (res://addons/GdPlanningAI/gdpai_autoload.gd:21)
WARNING: [GdPAI] ObjectRef(124621163998): object was freed before callback; returning Nil.
   at: gdplanningai_rust::logger::process_logs (src\logger.rs:66)
   GDScript backtrace (most recent call first):
       [0] _process (res://addons/GdPlanningAI/gdpai_autoload.gd:21)
[GdPAI | debug] ApplyEffect [Before] ID=InstanceId(-9223366979648178529): agent props = {"entity": null, "held_item": "", "hunger": 70.0627442063492}
[GdPAI | debug] ApplyEffect [After] ID=InstanceId(-9223366979648178529): agent props = {"entity": null, "held_item": "", "hunger": 70.0627442063492}
[GdPAI | debug]   Snapshotting prop: entity = Nil (Variant type: NIL)
[GdPAI | debug]   Snapshotting prop: held_item = Str("") (Variant type: STRING)
[GdPAI | debug]   Snapshotting prop: hunger = Float(70.0627442063492) (Variant type: FLOAT)
WARNING: [GdPAI] ObjectRef(1382643928884): object was freed before callback; returning Nil.
   at: gdplanningai_rust::logger::process_logs (src\logger.rs:66)
   GDScript backtrace (most recent call first):
       [0] _process (res://addons/GdPlanningAI/gdpai_autoload.gd:21)
[GdPAI | debug] Discovery: Simulation success for Go To. Agent props: {"hunger": Float(70.0627442063492), "entity": Nil, "held_item": Str("")}
[GdPAI | debug] Discovery: Action Go To satisfied precond Builtin { target: Agent, operation: Equal, property_name: "held_item", value: Some(Str("")) }
[GdPAI | debug] Found candidate: Go To (satisfied preconds: [0], requirements: [0, 1])
[GdPAI | debug] Discovery: Starting simulation for action Eat Held Food
WARNING: [GdPAI] ObjectRef(1382643928884): object was freed before callback; returning Nil.
   at: gdplanningai_rust::logger::process_logs (src\logger.rs:66)
   GDScript backtrace (most recent call first):
       [0] _process (res://addons/GdPlanningAI/gdpai_autoload.gd:21)
[GdPAI | debug] ApplyEffect [Before] ID=InstanceId(-9223366979077753185): agent props = {"hunger": 95.0603725, "held_item": "", "entity": null}
[GdPAI | debug] ApplyEffect [After] ID=InstanceId(-9223366979077753185): agent props = {"hunger": 95.0603725, "held_item": "", "entity": null}
[GdPAI | debug]   Snapshotting prop: hunger = Float(95.0603725) (Variant type: FLOAT)
[GdPAI | debug]   Snapshotting prop: held_item = Str("") (Variant type: STRING)
[GdPAI | debug]   Snapshotting prop: entity = Nil (Variant type: NIL)
WARNING: [GdPAI] ObjectRef(124621163998): object was freed before callback; returning Nil.
   at: gdplanningai_rust::logger::process_logs (src\logger.rs:66)
   GDScript backtrace (most recent call first):
       [0] _drain_scheduler (res://test/integration/test_hunger_example_smoke.gd:26)
WARNING: [GdPAI] ObjectRef(124621163998): object was freed before callback; returning Nil.
   at: gdplanningai_rust::logger::process_logs (src\logger.rs:66)
   GDScript backtrace (most recent call first):
       [0] _drain_scheduler (res://test/integration/test_hunger_example_smoke.gd:26)
[GdPAI | debug] GetCost: callable returned non-numeric value: null; returning INFINITY
WARNING: [GdPAI] ObjectRef(1382643928884): object was freed before callback; returning Nil.
   at: gdplanningai_rust::logger::process_logs (src\logger.rs:66)
   GDScript backtrace (most recent call first):
       [0] _drain_scheduler (res://test/integration/test_hunger_example_smoke.gd:26)
[GdPAI | debug] GetCost: callable returned non-numeric value: null; returning INFINITY
WARNING: [GdPAI] ObjectRef(124621163998): object was freed before callback; returning Nil.
   at: gdplanningai_rust::logger::process_logs (src\logger.rs:66)
   GDScript backtrace (most recent call first):
       [0] _process (res://addons/GdPlanningAI/gdpai_autoload.gd:21)
WARNING: [GdPAI] ObjectRef(124621163998): object was freed before callback; returning Nil.
   at: gdplanningai_rust::logger::process_logs (src\logger.rs:66)
   GDScript backtrace (most recent call first):
       [0] _process (res://addons/GdPlanningAI/gdpai_autoload.gd:21)
[GdPAI | debug] ApplyEffect [Before] ID=InstanceId(-9223366976997378400): agent props = {"hunger": 70.0627442063492, "entity": null, "held_item": ""}
[GdPAI | debug] ApplyEffect [After] ID=InstanceId(-9223366976997378400): agent props = {"hunger": 70.0627442063492, "entity": null, "held_item": ""}
[GdPAI | debug]   Snapshotting prop: hunger = Float(70.0627442063492) (Variant type: FLOAT)
[GdPAI | debug]   Snapshotting prop: entity = Nil (Variant type: NIL)
[GdPAI | debug]   Snapshotting prop: held_item = Str("") (Variant type: STRING)
[GdPAI | debug] Discovery: Simulation success for Eat Held Food. Agent props: {"hunger": Float(70.0627442063492), "held_item": Str(""), "entity": Nil}
[GdPAI | debug] Discovery: Action Eat Held Food satisfied precond Builtin { target: Agent, operation: Equal, property_name: "held_item", value: Some(Str("")) }
[GdPAI | debug] Found candidate: Eat Held Food (satisfied preconds: [0], requirements: [])
WARNING: [GdPAI] ObjectRef(1382643928884): object was freed before callback; returning Nil.
   at: gdplanningai_rust::logger::process_logs (src\logger.rs:66)
   GDScript backtrace (most recent call first):
       [0] _process (res://addons/GdPlanningAI/gdpai_autoload.gd:21)
[GdPAI | debug] ApplyEffect [Before] ID=InstanceId(-9223366976426953056): agent props = {"entity": null, "held_item": "", "hunger": 95.0603725}
[GdPAI | debug] ApplyEffect [After] ID=InstanceId(-9223366976426953056): agent props = {"entity": null, "held_item": "", "hunger": 95.0603725}
[GdPAI | debug]   Snapshotting prop: entity = Nil (Variant type: NIL)
[GdPAI | debug]   Snapshotting prop: held_item = Str("") (Variant type: STRING)
[GdPAI | debug]   Snapshotting prop: hunger = Float(95.0603725) (Variant type: FLOAT)
WARNING: [GdPAI] ObjectRef(124621163998): object was freed before callback; returning Nil.
   at: gdplanningai_rust::logger::process_logs (src\logger.rs:66)
   GDScript backtrace (most recent call first):
       [0] _drain_scheduler (res://test/integration/test_hunger_example_smoke.gd:26)
WARNING: [GdPAI] ObjectRef(124621163998): object was freed before callback; returning Nil.
   at: gdplanningai_rust::logger::process_logs (src\logger.rs:66)
   GDScript backtrace (most recent call first):
       [0] _drain_scheduler (res://test/integration/test_hunger_example_smoke.gd:26)
[GdPAI | debug] Discovery: Starting simulation for action Go To
WARNING: [GdPAI] ObjectRef(1382643928884): object was freed before callback; returning Nil.
   at: gdplanningai_rust::logger::process_logs (src\logger.rs:66)
   GDScript backtrace (most recent call first):
       [0] _drain_scheduler (res://test/integration/test_hunger_example_smoke.gd:26)
[GdPAI | debug] GetCost: callable returned non-numeric value: null; returning INFINITY
WARNING: [GdPAI] ObjectRef(124621163998): object was freed before callback; returning Nil.
   at: gdplanningai_rust::logger::process_logs (src\logger.rs:66)
   GDScript backtrace (most recent call first):
       [0] _process (res://addons/GdPlanningAI/gdpai_autoload.gd:21)
WARNING: [GdPAI] ObjectRef(124621163998): object was freed before callback; returning Nil.
   at: gdplanningai_rust::logger::process_logs (src\logger.rs:66)
   GDScript backtrace (most recent call first):
       [0] _process (res://addons/GdPlanningAI/gdpai_autoload.gd:21)
[GdPAI | debug] GetCost: callable returned non-numeric value: null; returning INFINITY
WARNING: [GdPAI] ObjectRef(1382643928884): object was freed before callback; returning Nil.
   at: gdplanningai_rust::logger::process_logs (src\logger.rs:66)
   GDScript backtrace (most recent call first):
       [0] _process (res://addons/GdPlanningAI/gdpai_autoload.gd:21)
[GdPAI | debug] ApplyEffect [Before] ID=InstanceId(-9223366973826484546): agent props = {"hunger": 95.0603725, "held_item": "", "entity": null}
[GdPAI | debug] ApplyEffect [After] ID=InstanceId(-9223366973826484546): agent props = {"hunger": 95.0603725, "held_item": "", "entity": null}
[GdPAI | debug]   Snapshotting prop: hunger = Float(95.0603725) (Variant type: FLOAT)
[GdPAI | debug]   Snapshotting prop: held_item = Str("") (Variant type: STRING)
[GdPAI | debug]   Snapshotting prop: entity = Nil (Variant type: NIL)
WARNING: [GdPAI] ObjectRef(124621163998): object was freed before callback; returning Nil.
   at: gdplanningai_rust::logger::process_logs (src\logger.rs:66)
   GDScript backtrace (most recent call first):
       [0] _drain_scheduler (res://test/integration/test_hunger_example_smoke.gd:26)
WARNING: [GdPAI] ObjectRef(124621163998): object was freed before callback; returning Nil.
   at: gdplanningai_rust::logger::process_logs (src\logger.rs:66)
   GDScript backtrace (most recent call first):
       [0] _drain_scheduler (res://test/integration/test_hunger_example_smoke.gd:26)
[GdPAI | debug] ApplyEffect [Before] ID=InstanceId(-9223366973105064239): agent props = {"entity": null, "hunger": 70.0627442063492, "held_item": ""}
[GdPAI | debug] ApplyEffect [After] ID=InstanceId(-9223366973105064239): agent props = {"entity": null, "hunger": 70.0627442063492, "held_item": ""}
[GdPAI | debug]   Snapshotting prop: entity = Nil (Variant type: NIL)
[GdPAI | debug]   Snapshotting prop: hunger = Float(70.0627442063492) (Variant type: FLOAT)
[GdPAI | debug]   Snapshotting prop: held_item = Str("") (Variant type: STRING)
[GdPAI | debug] Discovery: Simulation success for Go To. Agent props: {"hunger": Float(70.0627442063492), "held_item": Str(""), "entity": Nil}
[GdPAI | debug] Discovery: Action Go To satisfied precond Builtin { target: Agent, operation: Equal, property_name: "held_item", value: Some(Str("")) }
[GdPAI | debug] Found candidate: Go To (satisfied preconds: [0], requirements: [0, 1])
WARNING: [GdPAI] ObjectRef(1382643928884): object was freed before callback; returning Nil.
   at: gdplanningai_rust::logger::process_logs (src\logger.rs:66)
   GDScript backtrace (most recent call first):
       [0] _drain_scheduler (res://test/integration/test_hunger_example_smoke.gd:26)
[GdPAI | debug] GetCost: callable returned non-numeric value: null; returning INFINITY
[GdPAI | debug] Discovery: Starting simulation for action Drop Item
WARNING: [GdPAI] ObjectRef(124621163998): object was freed before callback; returning Nil.
   at: gdplanningai_rust::logger::process_logs (src\logger.rs:66)
   GDScript backtrace (most recent call first):
       [0] _process (res://addons/GdPlanningAI/gdpai_autoload.gd:21)
WARNING: [GdPAI] ObjectRef(124621163998): object was freed before callback; returning Nil.
   at: gdplanningai_rust::logger::process_logs (src\logger.rs:66)
   GDScript backtrace (most recent call first):
       [0] _process (res://addons/GdPlanningAI/gdpai_autoload.gd:21)
[GdPAI | debug] GetCost: callable returned non-numeric value: null; returning INFINITY
WARNING: [GdPAI] ObjectRef(1382643928884): object was freed before callback; returning Nil.
   at: gdplanningai_rust::logger::process_logs (src\logger.rs:66)
   GDScript backtrace (most recent call first):
       [0] _process (res://addons/GdPlanningAI/gdpai_autoload.gd:21)
[GdPAI | debug] ApplyEffect [Before] ID=InstanceId(-9223366971226016105): agent props = {"entity": null, "held_item": "wood", "hunger": 95.0603725}
[GdPAI | debug] ApplyEffect [After] ID=InstanceId(-9223366971226016105): agent props = {"entity": null, "held_item": "wood", "hunger": 95.0603725}
[GdPAI | debug]   Snapshotting prop: entity = Nil (Variant type: NIL)
[GdPAI | debug]   Snapshotting prop: held_item = Str("wood") (Variant type: STRING)
[GdPAI | debug]   Snapshotting prop: hunger = Float(95.0603725) (Variant type: FLOAT)
WARNING: [GdPAI] ObjectRef(124621163998): object was freed before callback; returning Nil.
   at: gdplanningai_rust::logger::process_logs (src\logger.rs:66)
   GDScript backtrace (most recent call first):
       [0] _drain_scheduler (res://test/integration/test_hunger_example_smoke.gd:26)
WARNING: [GdPAI] ObjectRef(124621163998): object was freed before callback; returning Nil.
   at: gdplanningai_rust::logger::process_logs (src\logger.rs:66)
   GDScript backtrace (most recent call first):
       [0] _drain_scheduler (res://test/integration/test_hunger_example_smoke.gd:26)
[GdPAI | debug] ApplyEffect [Before] ID=InstanceId(-9223366970504595724): agent props = {"entity": null, "held_item": "", "hunger": 70.0627442063492}
[GdPAI | debug] ApplyEffect [After] ID=InstanceId(-9223366970504595724): agent props = {"entity": null, "held_item": "", "hunger": 70.0627442063492}
[GdPAI | debug]   Snapshotting prop: entity = Nil (Variant type: NIL)
[GdPAI | debug]   Snapshotting prop: held_item = Str("") (Variant type: STRING)
[GdPAI | debug]   Snapshotting prop: hunger = Float(70.0627442063492) (Variant type: FLOAT)
WARNING: [GdPAI] ObjectRef(1382643928884): object was freed before callback; returning Nil.
   at: gdplanningai_rust::logger::process_logs (src\logger.rs:66)
   GDScript backtrace (most recent call first):
       [0] _drain_scheduler (res://test/integration/test_hunger_example_smoke.gd:26)
[GdPAI | debug] Discovery: Simulation success for Drop Item. Agent props: {"entity": Nil, "hunger": Float(70.0627442063492), "held_item": Str("")}
[GdPAI | debug] Discovery: Action Drop Item satisfied precond Builtin { target: Agent, operation: Equal, property_name: "held_item", value: Some(Str("")) }
[GdPAI | debug] Found candidate: Drop Item (satisfied preconds: [0], requirements: [])
WARNING: [GdPAI] ObjectRef(1382643928884): object was freed before callback; returning Nil.
   at: gdplanningai_rust::logger::process_logs (src\logger.rs:66)
   GDScript backtrace (most recent call first):
       [0] _drain_scheduler (res://test/integration/test_hunger_example_smoke.gd:26)
[GdPAI | debug] GetCost: callable returned non-numeric value: null; returning INFINITY
[GdPAI | debug] Discovery: Starting simulation for action Add Fuel
WARNING: [GdPAI] ObjectRef(124621163998): object was freed before callback; returning Nil.
   at: gdplanningai_rust::logger::process_logs (src\logger.rs:66)
   GDScript backtrace (most recent call first):
       [0] _process (res://addons/GdPlanningAI/gdpai_autoload.gd:21)
WARNING: [GdPAI] ObjectRef(124621163998): object was freed before callback; returning Nil.
   at: gdplanningai_rust::logger::process_logs (src\logger.rs:66)
   GDScript backtrace (most recent call first):
       [0] _process (res://addons/GdPlanningAI/gdpai_autoload.gd:21)
[GdPAI | debug] GetCost: callable returned non-numeric value: null; returning INFINITY
WARNING: [GdPAI] ObjectRef(1382643928884): object was freed before callback; returning Nil.
   at: gdplanningai_rust::logger::process_logs (src\logger.rs:66)
   GDScript backtrace (most recent call first):
       [0] _process (res://addons/GdPlanningAI/gdpai_autoload.gd:21)
WARNING: [GdPAI] ObjectRef(1382643928884): object was freed before callback; returning Nil.
   at: gdplanningai_rust::logger::process_logs (src\logger.rs:66)
   GDScript backtrace (most recent call first):
       [0] _process (res://addons/GdPlanningAI/gdpai_autoload.gd:21)
[GdPAI | debug] ApplyEffect [Before] ID=InstanceId(-9223366968575215966): agent props = {"entity": null, "held_item": "", "hunger": 95.0603725}
[GdPAI | debug] ApplyEffect [After] ID=InstanceId(-9223366968575215966): agent props = {"entity": null, "held_item": "", "hunger": 95.0603725}
[GdPAI | debug]   Snapshotting prop: entity = Nil (Variant type: NIL)
[GdPAI | debug]   Snapshotting prop: held_item = Str("") (Variant type: STRING)
[GdPAI | debug]   Snapshotting prop: hunger = Float(95.0603725) (Variant type: FLOAT)
WARNING: [GdPAI] ObjectRef(124621163998): object was freed before callback; returning Nil.
   at: gdplanningai_rust::logger::process_logs (src\logger.rs:66)
   GDScript backtrace (most recent call first):
       [0] _drain_scheduler (res://test/integration/test_hunger_example_smoke.gd:26)
WARNING: [GdPAI] ObjectRef(124621163998): object was freed before callback; returning Nil.
   at: gdplanningai_rust::logger::process_logs (src\logger.rs:66)
   GDScript backtrace (most recent call first):
       [0] _drain_scheduler (res://test/integration/test_hunger_example_smoke.gd:26)
[GdPAI | debug] ApplyEffect [Before] ID=InstanceId(-9223366967803463929): agent props = {"entity": null, "hunger": 70.0627442063492, "held_item": "wood"}
[GdPAI | debug] ApplyEffect [After] ID=InstanceId(-9223366967803463929): agent props = {"entity": null, "hunger": 70.0627442063492, "held_item": "wood"}
[GdPAI | debug]   Snapshotting prop: entity = Nil (Variant type: NIL)
[GdPAI | debug]   Snapshotting prop: hunger = Float(70.0627442063492) (Variant type: FLOAT)
[GdPAI | debug]   Snapshotting prop: held_item = Str("wood") (Variant type: STRING)
[GdPAI | debug] Discovery: Simulation success for Add Fuel. Agent props: {"held_item": Str("wood"), "entity": Nil, "hunger": Float(70.0627442063492)}
[GdPAI | debug] Discovery: Action Add Fuel did NOT satisfy precond Builtin { target: Agent, operation: Equal, property_name: "held_item", value: Some(Str("")) }
WARNING: [GdPAI] ObjectRef(1382643928884): object was freed before callback; returning Nil.
   at: gdplanningai_rust::logger::process_logs (src\logger.rs:66)
   GDScript backtrace (most recent call first):
       [0] _drain_scheduler (res://test/integration/test_hunger_example_smoke.gd:26)
[GdPAI | debug] GetCost: callable returned non-numeric value: null; returning INFINITY
WARNING: [GdPAI] ObjectRef(124621163998): object was freed before callback; returning Nil.
   at: gdplanningai_rust::logger::process_logs (src\logger.rs:66)
   GDScript backtrace (most recent call first):
       [0] _process (res://addons/GdPlanningAI/gdpai_autoload.gd:21)
WARNING: [GdPAI] ObjectRef(124621163998): object was freed before callback; returning Nil.
   at: gdplanningai_rust::logger::process_logs (src\logger.rs:66)
   GDScript backtrace (most recent call first):
       [0] _process (res://addons/GdPlanningAI/gdpai_autoload.gd:21)
WARNING: [GdPAI] ObjectRef(1382643928884): object was freed before callback; returning Nil.
   at: gdplanningai_rust::logger::process_logs (src\logger.rs:66)
   GDScript backtrace (most recent call first):
       [0] _process (res://addons/GdPlanningAI/gdpai_autoload.gd:21)
[GdPAI | debug] ApplyEffect [Before] ID=InstanceId(-9223366965924415777): agent props = {"entity": null, "hunger": 95.0603725, "held_item": ""}
[GdPAI | debug] ApplyEffect [After] ID=InstanceId(-9223366965924415777): agent props = {"entity": null, "hunger": 95.0603725, "held_item": ""}
[GdPAI | debug]   Snapshotting prop: entity = Nil (Variant type: NIL)
[GdPAI | debug]   Snapshotting prop: hunger = Float(95.0603725) (Variant type: FLOAT)
[GdPAI | debug]   Snapshotting prop: held_item = Str("") (Variant type: STRING)
[GdPAI | debug] Discovery: Action Cook Potato failed validity check, skipping
[GdPAI | debug] Discovery: Starting simulation for action Pick Up Wood
WARNING: [GdPAI] ObjectRef(124621163998): object was freed before callback; returning Nil.
   at: gdplanningai_rust::logger::process_logs (src\logger.rs:66)
   GDScript backtrace (most recent call first):
       [0] _drain_scheduler (res://test/integration/test_hunger_example_smoke.gd:26)
WARNING: [GdPAI] ObjectRef(124621163998): object was freed before callback; returning Nil.
   at: gdplanningai_rust::logger::process_logs (src\logger.rs:66)
   GDScript backtrace (most recent call first):
       [0] _drain_scheduler (res://test/integration/test_hunger_example_smoke.gd:26)
[GdPAI | debug] GetCost: callable returned non-numeric value: null; returning INFINITY
WARNING: [GdPAI] ObjectRef(1382643928884): object was freed before callback; returning Nil.
   at: gdplanningai_rust::logger::process_logs (src\logger.rs:66)
   GDScript backtrace (most recent call first):
       [0] _drain_scheduler (res://test/integration/test_hunger_example_smoke.gd:26)
[GdPAI | debug] GetCost: callable returned non-numeric value: null; returning INFINITY
WARNING: [GdPAI] ObjectRef(124621163998): object was freed before callback; returning Nil.
   at: gdplanningai_rust::logger::process_logs (src\logger.rs:66)
   GDScript backtrace (most recent call first):
       [0] _process (res://addons/GdPlanningAI/gdpai_autoload.gd:21)
WARNING: [GdPAI] ObjectRef(124621163998): object was freed before callback; returning Nil.
   at: gdplanningai_rust::logger::process_logs (src\logger.rs:66)
   GDScript backtrace (most recent call first):
       [0] _process (res://addons/GdPlanningAI/gdpai_autoload.gd:21)
[GdPAI | debug] ApplyEffect [Before] ID=InstanceId(-9223366963894372586): agent props = {"entity": null, "held_item": "", "hunger": 70.0627442063492}
[GdPAI | debug] ApplyEffect [After] ID=InstanceId(-9223366963894372586): agent props = {"entity": null, "held_item": "", "hunger": 70.0627442063492}
[GdPAI | debug]   Snapshotting prop: entity = Nil (Variant type: NIL)
[GdPAI | debug]   Snapshotting prop: held_item = Str("") (Variant type: STRING)
[GdPAI | debug]   Snapshotting prop: hunger = Float(70.0627442063492) (Variant type: FLOAT)
[GdPAI | debug] Discovery: Simulation success for Pick Up Wood. Agent props: {"hunger": Float(70.0627442063492), "held_item": Str(""), "entity": Nil}
[GdPAI | debug] Discovery: Action Pick Up Wood satisfied precond Builtin { target: Agent, operation: Equal, property_name: "held_item", value: Some(Str("")) }
[GdPAI | debug] Found candidate: Pick Up Wood (satisfied preconds: [0], requirements: [])
WARNING: [GdPAI] ObjectRef(1382643928884): object was freed before callback; returning Nil.
   at: gdplanningai_rust::logger::process_logs (src\logger.rs:66)
   GDScript backtrace (most recent call first):
       [0] _process (res://addons/GdPlanningAI/gdpai_autoload.gd:21)
[GdPAI | debug] ApplyEffect [Before] ID=InstanceId(-9223366963323947242): agent props = {"held_item": "", "entity": null, "hunger": 95.0603725}
[GdPAI | debug] ApplyEffect [After] ID=InstanceId(-9223366963323947242): agent props = {"held_item": "", "entity": null, "hunger": 95.0603725}
[GdPAI | debug]   Snapshotting prop: held_item = Str("") (Variant type: STRING)
[GdPAI | debug]   Snapshotting prop: entity = Nil (Variant type: NIL)
[GdPAI | debug]   Snapshotting prop: hunger = Float(95.0603725) (Variant type: FLOAT)
[GdPAI | debug] Discovery: Starting simulation for action Pick Up Wood
WARNING: [GdPAI] ObjectRef(124621163998): object was freed before callback; returning Nil.
   at: gdplanningai_rust::logger::process_logs (src\logger.rs:66)
   GDScript backtrace (most recent call first):
       [0] _drain_scheduler (res://test/integration/test_hunger_example_smoke.gd:26)
WARNING: [GdPAI] ObjectRef(124621163998): object was freed before callback; returning Nil.
   at: gdplanningai_rust::logger::process_logs (src\logger.rs:66)
   GDScript backtrace (most recent call first):
       [0] _drain_scheduler (res://test/integration/test_hunger_example_smoke.gd:26)
[GdPAI | debug] GetCost: callable returned non-numeric value: null; returning INFINITY
WARNING: [GdPAI] ObjectRef(1382643928884): object was freed before callback; returning Nil.
   at: gdplanningai_rust::logger::process_logs (src\logger.rs:66)
   GDScript backtrace (most recent call first):
       [0] _drain_scheduler (res://test/integration/test_hunger_example_smoke.gd:26)
[GdPAI | debug] GetCost: callable returned non-numeric value: null; returning INFINITY
WARNING: [GdPAI] ObjectRef(124621163998): object was freed before callback; returning Nil.
   at: gdplanningai_rust::logger::process_logs (src\logger.rs:66)
   GDScript backtrace (most recent call first):
       [0] _process (res://addons/GdPlanningAI/gdpai_autoload.gd:21)
WARNING: [GdPAI] ObjectRef(124621163998): object was freed before callback; returning Nil.
   at: gdplanningai_rust::logger::process_logs (src\logger.rs:66)
   GDScript backtrace (most recent call first):
       [0] _process (res://addons/GdPlanningAI/gdpai_autoload.gd:21)
[GdPAI | debug] ApplyEffect [Before] ID=InstanceId(-9223366961293904089): agent props = {"held_item": "", "hunger": 70.0627442063492, "entity": null}
[GdPAI | debug] ApplyEffect [After] ID=InstanceId(-9223366961293904089): agent props = {"held_item": "", "hunger": 70.0627442063492, "entity": null}
[GdPAI | debug]   Snapshotting prop: held_item = Str("") (Variant type: STRING)
[GdPAI | debug]   Snapshotting prop: hunger = Float(70.0627442063492) (Variant type: FLOAT)
[GdPAI | debug]   Snapshotting prop: entity = Nil (Variant type: NIL)
[GdPAI | debug] Discovery: Simulation success for Pick Up Wood. Agent props: {"hunger": Float(70.0627442063492), "entity": Nil, "held_item": Str("")}
[GdPAI | debug] Discovery: Action Pick Up Wood satisfied precond Builtin { target: Agent, operation: Equal, property_name: "held_item", value: Some(Str("")) }
[GdPAI | debug] Found candidate: Pick Up Wood (satisfied preconds: [0], requirements: [])
WARNING: [GdPAI] ObjectRef(1382643928884): object was freed before callback; returning Nil.
   at: gdplanningai_rust::logger::process_logs (src\logger.rs:66)
   GDScript backtrace (most recent call first):
       [0] _process (res://addons/GdPlanningAI/gdpai_autoload.gd:21)
[GdPAI | debug] ApplyEffect [Before] ID=InstanceId(-9223366960723478745): agent props = {"entity": null, "hunger": 95.0603725, "held_item": "wood"}
[GdPAI | debug] ApplyEffect [After] ID=InstanceId(-9223366960723478745): agent props = {"entity": null, "hunger": 95.0603725, "held_item": "wood"}
[GdPAI | debug]   Snapshotting prop: entity = Nil (Variant type: NIL)
[GdPAI | debug]   Snapshotting prop: hunger = Float(95.0603725) (Variant type: FLOAT)
[GdPAI | debug]   Snapshotting prop: held_item = Str("wood") (Variant type: STRING)
[GdPAI | debug] Discovery: Starting simulation for action Pick Up Wood
WARNING: [GdPAI] ObjectRef(124621163998): object was freed before callback; returning Nil.
   at: gdplanningai_rust::logger::process_logs (src\logger.rs:66)
   GDScript backtrace (most recent call first):
       [0] _drain_scheduler (res://test/integration/test_hunger_example_smoke.gd:26)
WARNING: [GdPAI] ObjectRef(124621163998): object was freed before callback; returning Nil.
   at: gdplanningai_rust::logger::process_logs (src\logger.rs:66)
   GDScript backtrace (most recent call first):
       [0] _drain_scheduler (res://test/integration/test_hunger_example_smoke.gd:26)
[GdPAI | debug] GetCost: callable returned non-numeric value: null; returning INFINITY
WARNING: [GdPAI] ObjectRef(1382643928884): object was freed before callback; returning Nil.
   at: gdplanningai_rust::logger::process_logs (src\logger.rs:66)
   GDScript backtrace (most recent call first):
       [0] _drain_scheduler (res://test/integration/test_hunger_example_smoke.gd:26)
WARNING: [GdPAI] ObjectRef(1382643928884): object was freed before callback; returning Nil.
   at: gdplanningai_rust::logger::process_logs (src\logger.rs:66)
   GDScript backtrace (most recent call first):
       [0] _drain_scheduler (res://test/integration/test_hunger_example_smoke.gd:26)
[GdPAI | debug] GetCost: callable returned non-numeric value: null; returning INFINITY
WARNING: [GdPAI] ObjectRef(124621163998): object was freed before callback; returning Nil.
   at: gdplanningai_rust::logger::process_logs (src\logger.rs:66)
   GDScript backtrace (most recent call first):
       [0] _process (res://addons/GdPlanningAI/gdpai_autoload.gd:21)
WARNING: [GdPAI] ObjectRef(124621163998): object was freed before callback; returning Nil.
   at: gdplanningai_rust::logger::process_logs (src\logger.rs:66)
   GDScript backtrace (most recent call first):
       [0] _process (res://addons/GdPlanningAI/gdpai_autoload.gd:21)
[GdPAI | debug] ApplyEffect [Before] ID=InstanceId(-9223366958643103942): agent props = {"entity": null, "held_item": "", "hunger": 70.0627442063492}
[GdPAI | debug] ApplyEffect [After] ID=InstanceId(-9223366958643103942): agent props = {"entity": null, "held_item": "", "hunger": 70.0627442063492}
[GdPAI | debug]   Snapshotting prop: entity = Nil (Variant type: NIL)
[GdPAI | debug]   Snapshotting prop: held_item = Str("") (Variant type: STRING)
[GdPAI | debug]   Snapshotting prop: hunger = Float(70.0627442063492) (Variant type: FLOAT)
WARNING: [GdPAI] ObjectRef(1382643928884): object was freed before callback; returning Nil.
   at: gdplanningai_rust::logger::process_logs (src\logger.rs:66)
   GDScript backtrace (most recent call first):
       [0] _process (res://addons/GdPlanningAI/gdpai_autoload.gd:21)
[GdPAI | debug] Discovery: Simulation success for Pick Up Wood. Agent props: {"entity": Nil, "hunger": Float(70.0627442063492), "held_item": Str("")}
[GdPAI | debug] Discovery: Action Pick Up Wood satisfied precond Builtin { target: Agent, operation: Equal, property_name: "held_item", value: Some(Str("")) }
[GdPAI | debug] Found candidate: Pick Up Wood (satisfied preconds: [0], requirements: [])
WARNING: [GdPAI] ObjectRef(1382643928884): object was freed before callback; returning Nil.
   at: gdplanningai_rust::logger::process_logs (src\logger.rs:66)
   GDScript backtrace (most recent call first):
       [0] _process (res://addons/GdPlanningAI/gdpai_autoload.gd:21)
[GdPAI | debug] ApplyEffect [Before] ID=InstanceId(-9223366958072678598): agent props = {"held_item": "", "entity": null, "hunger": 95.0603725}
[GdPAI | debug] ApplyEffect [After] ID=InstanceId(-9223366958072678598): agent props = {"held_item": "", "entity": null, "hunger": 95.0603725}
[GdPAI | debug]   Snapshotting prop: held_item = Str("") (Variant type: STRING)
[GdPAI | debug]   Snapshotting prop: entity = Nil (Variant type: NIL)
[GdPAI | debug]   Snapshotting prop: hunger = Float(95.0603725) (Variant type: FLOAT)
[GdPAI | debug] Discovery: Starting simulation for action Pick Up Wood
WARNING: [GdPAI] ObjectRef(124621163998): object was freed before callback; returning Nil.
   at: gdplanningai_rust::logger::process_logs (src\logger.rs:66)
   GDScript backtrace (most recent call first):
       [0] _drain_scheduler (res://test/integration/test_hunger_example_smoke.gd:26)
WARNING: [GdPAI] ObjectRef(124621163998): object was freed before callback; returning Nil.
   at: gdplanningai_rust::logger::process_logs (src\logger.rs:66)
   GDScript backtrace (most recent call first):
       [0] _drain_scheduler (res://test/integration/test_hunger_example_smoke.gd:26)
[GdPAI | debug] GetCost: callable returned non-numeric value: null; returning INFINITY
WARNING: [GdPAI] ObjectRef(1382643928884): object was freed before callback; returning Nil.
   at: gdplanningai_rust::logger::process_logs (src\logger.rs:66)
   GDScript backtrace (most recent call first):
       [0] _drain_scheduler (res://test/integration/test_hunger_example_smoke.gd:26)
[GdPAI | debug] GetCost: callable returned non-numeric value: null; returning INFINITY
WARNING: [GdPAI] ObjectRef(124621163998): object was freed before callback; returning Nil.
   at: gdplanningai_rust::logger::process_logs (src\logger.rs:66)
   GDScript backtrace (most recent call first):
       [0] _process (res://addons/GdPlanningAI/gdpai_autoload.gd:21)
WARNING: [GdPAI] ObjectRef(124621163998): object was freed before callback; returning Nil.
   at: gdplanningai_rust::logger::process_logs (src\logger.rs:66)
   GDScript backtrace (most recent call first):
       [0] _process (res://addons/GdPlanningAI/gdpai_autoload.gd:21)
[GdPAI | debug] ApplyEffect [Before] ID=InstanceId(-9223366955992303801): agent props = {"held_item": "", "entity": null, "hunger": 70.0627442063492}
[GdPAI | debug] ApplyEffect [After] ID=InstanceId(-9223366955992303801): agent props = {"held_item": "", "entity": null, "hunger": 70.0627442063492}
[GdPAI | debug]   Snapshotting prop: held_item = Str("") (Variant type: STRING)
[GdPAI | debug]   Snapshotting prop: entity = Nil (Variant type: NIL)
[GdPAI | debug]   Snapshotting prop: hunger = Float(70.0627442063492) (Variant type: FLOAT)
[GdPAI | debug] Discovery: Simulation success for Pick Up Wood. Agent props: {"hunger": Float(70.0627442063492), "held_item": Str(""), "entity": Nil}
[GdPAI | debug] Discovery: Action Pick Up Wood satisfied precond Builtin { target: Agent, operation: Equal, property_name: "held_item", value: Some(Str("")) }
[GdPAI | debug] Found candidate: Pick Up Wood (satisfied preconds: [0], requirements: [])
WARNING: [GdPAI] ObjectRef(1382643928884): object was freed before callback; returning Nil.
   at: gdplanningai_rust::logger::process_logs (src\logger.rs:66)
   GDScript backtrace (most recent call first):
       [0] _process (res://addons/GdPlanningAI/gdpai_autoload.gd:21)
[GdPAI | debug] ApplyEffect [Before] ID=InstanceId(-9223366955421878457): agent props = {"hunger": 95.0603725, "entity": null, "held_item": ""}
[GdPAI | debug] ApplyEffect [After] ID=InstanceId(-9223366955421878457): agent props = {"hunger": 95.0603725, "entity": null, "held_item": ""}
[GdPAI | debug]   Snapshotting prop: hunger = Float(95.0603725) (Variant type: FLOAT)
[GdPAI | debug]   Snapshotting prop: entity = Nil (Variant type: NIL)
[GdPAI | debug]   Snapshotting prop: held_item = Str("") (Variant type: STRING)
WARNING: [GdPAI] ObjectRef(124621163998): object was freed before callback; returning Nil.
   at: gdplanningai_rust::logger::process_logs (src\logger.rs:66)
   GDScript backtrace (most recent call first):
       [0] _drain_scheduler (res://test/integration/test_hunger_example_smoke.gd:26)
WARNING: [GdPAI] ObjectRef(124621163998): object was freed before callback; returning Nil.
   at: gdplanningai_rust::logger::process_logs (src\logger.rs:66)
   GDScript backtrace (most recent call first):
       [0] _drain_scheduler (res://test/integration/test_hunger_example_smoke.gd:26)
[GdPAI | debug] Discovery: Action Dig Potato failed validity check, skipping
WARNING: [GdPAI] ObjectRef(1382643928884): object was freed before callback; returning Nil.
   at: gdplanningai_rust::logger::process_logs (src\logger.rs:66)
   GDScript backtrace (most recent call first):
       [0] _drain_scheduler (res://test/integration/test_hunger_example_smoke.gd:26)
[GdPAI | debug] GetCost: callable returned non-numeric value: null; returning INFINITY
WARNING: [GdPAI] ObjectRef(124621163998): object was freed before callback; returning Nil.
   at: gdplanningai_rust::logger::process_logs (src\logger.rs:66)
   GDScript backtrace (most recent call first):
       [0] _process (res://addons/GdPlanningAI/gdpai_autoload.gd:21)
WARNING: [GdPAI] ObjectRef(124621163998): object was freed before callback; returning Nil.
   at: gdplanningai_rust::logger::process_logs (src\logger.rs:66)
   GDScript backtrace (most recent call first):
       [0] _process (res://addons/GdPlanningAI/gdpai_autoload.gd:21)
[GdPAI | debug] Discovery: Action Dig Potato failed validity check, skipping
WARNING: [GdPAI] ObjectRef(1382643928884): object was freed before callback; returning Nil.
   at: gdplanningai_rust::logger::process_logs (src\logger.rs:66)
   GDScript backtrace (most recent call first):
       [0] _process (res://addons/GdPlanningAI/gdpai_autoload.gd:21)
[GdPAI | debug] ApplyEffect [Before] ID=InstanceId(-9223366952821409988): agent props = {"held_item": "", "entity": null, "hunger": 95.0603725}
[GdPAI | debug] ApplyEffect [After] ID=InstanceId(-9223366952821409988): agent props = {"held_item": "", "entity": null, "hunger": 95.0603725}
[GdPAI | debug]   Snapshotting prop: held_item = Str("") (Variant type: STRING)
[GdPAI | debug]   Snapshotting prop: entity = Nil (Variant type: NIL)
[GdPAI | debug]   Snapshotting prop: hunger = Float(95.0603725) (Variant type: FLOAT)
WARNING: [GdPAI] ObjectRef(124621163998): object was freed before callback; returning Nil.
   at: gdplanningai_rust::logger::process_logs (src\logger.rs:66)
   GDScript backtrace (most recent call first):
       [0] _drain_scheduler (res://test/integration/test_hunger_example_smoke.gd:26)
WARNING: [GdPAI] ObjectRef(124621163998): object was freed before callback; returning Nil.
   at: gdplanningai_rust::logger::process_logs (src\logger.rs:66)
   GDScript backtrace (most recent call first):
       [0] _drain_scheduler (res://test/integration/test_hunger_example_smoke.gd:26)
[GdPAI | debug] Discovery: Action Dig Potato failed validity check, skipping
WARNING: [GdPAI] ObjectRef(1382643928884): object was freed before callback; returning Nil.
   at: gdplanningai_rust::logger::process_logs (src\logger.rs:66)
   GDScript backtrace (most recent call first):
       [0] _drain_scheduler (res://test/integration/test_hunger_example_smoke.gd:26)
[GdPAI | debug] GetCost: callable returned non-numeric value: null; returning INFINITY
WARNING: [GdPAI] ObjectRef(124621163998): object was freed before callback; returning Nil.
   at: gdplanningai_rust::logger::process_logs (src\logger.rs:66)
   GDScript backtrace (most recent call first):
       [0] _process (res://addons/GdPlanningAI/gdpai_autoload.gd:21)
WARNING: [GdPAI] ObjectRef(124621163998): object was freed before callback; returning Nil.
   at: gdplanningai_rust::logger::process_logs (src\logger.rs:66)
   GDScript backtrace (most recent call first):
       [0] _process (res://addons/GdPlanningAI/gdpai_autoload.gd:21)
[GdPAI | debug] Discovery: Action Dig Potato failed validity check, skipping
WARNING: [GdPAI] ObjectRef(1382643928884): object was freed before callback; returning Nil.
   at: gdplanningai_rust::logger::process_logs (src\logger.rs:66)
   GDScript backtrace (most recent call first):
       [0] _process (res://addons/GdPlanningAI/gdpai_autoload.gd:21)
[GdPAI | debug] ApplyEffect [Before] ID=InstanceId(-9223366950220941455): agent props = {"entity": null, "hunger": 95.0603725, "held_item": "wood"}
[GdPAI | debug] ApplyEffect [After] ID=InstanceId(-9223366950220941455): agent props = {"entity": null, "hunger": 95.0603725, "held_item": "wood"}
[GdPAI | debug]   Snapshotting prop: entity = Nil (Variant type: NIL)
[GdPAI | debug]   Snapshotting prop: hunger = Float(95.0603725) (Variant type: FLOAT)
[GdPAI | debug]   Snapshotting prop: held_item = Str("wood") (Variant type: STRING)
WARNING: [GdPAI] ObjectRef(124621163998): object was freed before callback; returning Nil.
   at: gdplanningai_rust::logger::process_logs (src\logger.rs:66)
   GDScript backtrace (most recent call first):
       [0] _drain_scheduler (res://test/integration/test_hunger_example_smoke.gd:26)
WARNING: [GdPAI] ObjectRef(124621163998): object was freed before callback; returning Nil.
   at: gdplanningai_rust::logger::process_logs (src\logger.rs:66)
   GDScript backtrace (most recent call first):
       [0] _drain_scheduler (res://test/integration/test_hunger_example_smoke.gd:26)
WARNING: [GdPAI] ObjectRef(1382643928884): object was freed before callback; returning Nil.
   at: gdplanningai_rust::logger::process_logs (src\logger.rs:66)
   GDScript backtrace (most recent call first):
       [0] _drain_scheduler (res://test/integration/test_hunger_example_smoke.gd:26)
[GdPAI | debug] Discovery: Action Dig Potato failed validity check, skipping
WARNING: [GdPAI] ObjectRef(1382643928884): object was freed before callback; returning Nil.
   at: gdplanningai_rust::logger::process_logs (src\logger.rs:66)
   GDScript backtrace (most recent call first):
       [0] _drain_scheduler (res://test/integration/test_hunger_example_smoke.gd:26)
[GdPAI | debug] GetCost: callable returned non-numeric value: null; returning INFINITY
WARNING: [GdPAI] ObjectRef(124621163998): object was freed before callback; returning Nil.
   at: gdplanningai_rust::logger::process_logs (src\logger.rs:66)
   GDScript backtrace (most recent call first):
       [0] _process (res://addons/GdPlanningAI/gdpai_autoload.gd:21)
WARNING: [GdPAI] ObjectRef(124621163998): object was freed before callback; returning Nil.
   at: gdplanningai_rust::logger::process_logs (src\logger.rs:66)
   GDScript backtrace (most recent call first):
       [0] _process (res://addons/GdPlanningAI/gdpai_autoload.gd:21)
WARNING: [GdPAI] ObjectRef(125359361544): object was freed before callback; returning Nil.
   at: gdplanningai_rust::logger::process_logs (src\logger.rs:66)
   GDScript backtrace (most recent call first):
       [0] _process (res://addons/GdPlanningAI/gdpai_autoload.gd:21)
WARNING: [GdPAI] ObjectRef(124285619658): object was freed before callback; returning Nil.
   at: gdplanningai_rust::logger::process_logs (src\logger.rs:66)
   GDScript backtrace (most recent call first):
       [0] _process (res://addons/GdPlanningAI/gdpai_autoload.gd:21)
WARNING: [GdPAI] ObjectRef(125359361544): object was freed before callback; returning Nil.
   at: gdplanningai_rust::logger::process_logs (src\logger.rs:66)
   GDScript backtrace (most recent call first):
       [0] _process (res://addons/GdPlanningAI/gdpai_autoload.gd:21)
WARNING: [GdPAI] ObjectRef(124285619658): object was freed before callback; returning Nil.
   at: gdplanningai_rust::logger::process_logs (src\logger.rs:66)
   GDScript backtrace (most recent call first):
       [0] _process (res://addons/GdPlanningAI/gdpai_autoload.gd:21)
[GdPAI | debug] GetCost: callable returned non-numeric value: null; returning INFINITY
WARNING: [GdPAI] ObjectRef(1382643928884): object was freed before callback; returning Nil.
   at: gdplanningai_rust::logger::process_logs (src\logger.rs:66)
   GDScript backtrace (most recent call first):
       [0] _process (res://addons/GdPlanningAI/gdpai_autoload.gd:21)
WARNING: [GdPAI] ObjectRef(1382643928884): object was freed before callback; returning Nil.
   at: gdplanningai_rust::logger::process_logs (src\logger.rs:66)
   GDScript backtrace (most recent call first):
       [0] _process (res://addons/GdPlanningAI/gdpai_autoload.gd:21)
[GdPAI | debug] ApplyEffect [Before] ID=InstanceId(-9223366947570141306): agent props = {"entity": null, "held_item": "", "hunger": 95.0603725}
[GdPAI | debug] ApplyEffect [After] ID=InstanceId(-9223366947570141306): agent props = {"entity": null, "held_item": "", "hunger": 95.0603725}
[GdPAI | debug]   Snapshotting prop: entity = Nil (Variant type: NIL)
[GdPAI | debug]   Snapshotting prop: held_item = Str("") (Variant type: STRING)
[GdPAI | debug]   Snapshotting prop: hunger = Float(95.0603725) (Variant type: FLOAT)
WARNING: [GdPAI] ObjectRef(124621163998): object was freed before callback; returning Nil.
   at: gdplanningai_rust::logger::process_logs (src\logger.rs:66)
   GDScript backtrace (most recent call first):
       [0] _drain_scheduler (res://test/integration/test_hunger_example_smoke.gd:26)
WARNING: [GdPAI] ObjectRef(124621163998): object was freed before callback; returning Nil.
   at: gdplanningai_rust::logger::process_logs (src\logger.rs:66)
   GDScript backtrace (most recent call first):
       [0] _drain_scheduler (res://test/integration/test_hunger_example_smoke.gd:26)
WARNING: [GdPAI] ObjectRef(125359361544): object was freed before callback; returning Nil.
   at: gdplanningai_rust::logger::process_logs (src\logger.rs:66)
   GDScript backtrace (most recent call first):
       [0] _drain_scheduler (res://test/integration/test_hunger_example_smoke.gd:26)
WARNING: [GdPAI] ObjectRef(124285619658): object was freed before callback; returning Nil.
   at: gdplanningai_rust::logger::process_logs (src\logger.rs:66)
   GDScript backtrace (most recent call first):
       [0] _drain_scheduler (res://test/integration/test_hunger_example_smoke.gd:26)
WARNING: [GdPAI] ObjectRef(125359361544): object was freed before callback; returning Nil.
   at: gdplanningai_rust::logger::process_logs (src\logger.rs:66)
   GDScript backtrace (most recent call first):
       [0] _drain_scheduler (res://test/integration/test_hunger_example_smoke.gd:26)
WARNING: [GdPAI] ObjectRef(124285619658): object was freed before callback; returning Nil.
   at: gdplanningai_rust::logger::process_logs (src\logger.rs:66)
   GDScript backtrace (most recent call first):
       [0] _drain_scheduler (res://test/integration/test_hunger_example_smoke.gd:26)
[GdPAI | debug] ApplyEffect [Before] ID=InstanceId(-9223366946597062746): agent props = {"at_target": null, "hunger": 70.0627442063492, "entity": null, "held_item": ""}
[GdPAI | debug] ApplyEffect [After] ID=InstanceId(-9223366946597062746): agent props = {"at_target": null, "hunger": 70.0627442063492, "entity": null, "held_item": ""}
[GdPAI | debug]   Snapshotting prop: at_target = Nil (Variant type: NIL)
[GdPAI | debug]   Snapshotting prop: hunger = Float(70.0627442063492) (Variant type: FLOAT)
[GdPAI | debug]   Snapshotting prop: entity = Nil (Variant type: NIL)
[GdPAI | debug]   Snapshotting prop: held_item = Str("") (Variant type: STRING)
WARNING: [GdPAI] ObjectRef(1382643928884): object was freed before callback; returning Nil.
   at: gdplanningai_rust::logger::process_logs (src\logger.rs:66)
   GDScript backtrace (most recent call first):
       [0] _drain_scheduler (res://test/integration/test_hunger_example_smoke.gd:26)
[GdPAI | debug] GetCost: callable returned non-numeric value: null; returning INFINITY
WARNING: [GdPAI] ObjectRef(124621163998): object was freed before callback; returning Nil.
   at: gdplanningai_rust::logger::process_logs (src\logger.rs:66)
   GDScript backtrace (most recent call first):
       [0] _process (res://addons/GdPlanningAI/gdpai_autoload.gd:21)
WARNING: [GdPAI] ObjectRef(124285619658): object was freed before callback; returning Nil.
   at: gdplanningai_rust::logger::process_logs (src\logger.rs:66)
   GDScript backtrace (most recent call first):
       [0] _process (res://addons/GdPlanningAI/gdpai_autoload.gd:21)
WARNING: [GdPAI] ObjectRef(124285619658): object was freed before callback; returning Nil.
   at: gdplanningai_rust::logger::process_logs (src\logger.rs:66)
   GDScript backtrace (most recent call first):
       [0] _process (res://addons/GdPlanningAI/gdpai_autoload.gd:21)
[GdPAI | debug] GetCost: callable returned non-numeric value: null; returning INFINITY
WARNING: [GdPAI] ObjectRef(1382643928884): object was freed before callback; returning Nil.
   at: gdplanningai_rust::logger::process_logs (src\logger.rs:66)
   GDScript backtrace (most recent call first):
       [0] _process (res://addons/GdPlanningAI/gdpai_autoload.gd:21)
[GdPAI | debug] ApplyEffect [Before] ID=InstanceId(-9223366944516687974): agent props = {"held_item": "", "entity": null, "hunger": 95.0603725}
[GdPAI | debug] ApplyEffect [After] ID=InstanceId(-9223366944516687974): agent props = {"held_item": "", "entity": null, "hunger": 95.0603725}
[GdPAI | debug]   Snapshotting prop: held_item = Str("") (Variant type: STRING)
[GdPAI | debug]   Snapshotting prop: entity = Nil (Variant type: NIL)
[GdPAI | debug]   Snapshotting prop: hunger = Float(95.0603725) (Variant type: FLOAT)
WARNING: [GdPAI] ObjectRef(124621163998): object was freed before callback; returning Nil.
   at: gdplanningai_rust::logger::process_logs (src\logger.rs:66)
   GDScript backtrace (most recent call first):
       [0] _drain_scheduler (res://test/integration/test_hunger_example_smoke.gd:26)
WARNING: [GdPAI] ObjectRef(124285619658): object was freed before callback; returning Nil.
   at: gdplanningai_rust::logger::process_logs (src\logger.rs:66)
   GDScript backtrace (most recent call first):
       [0] _drain_scheduler (res://test/integration/test_hunger_example_smoke.gd:26)
WARNING: [GdPAI] ObjectRef(124285619658): object was freed before callback; returning Nil.
   at: gdplanningai_rust::logger::process_logs (src\logger.rs:66)
   GDScript backtrace (most recent call first):
       [0] _drain_scheduler (res://test/integration/test_hunger_example_smoke.gd:26)
[GdPAI | debug] ApplyEffect [Before] ID=InstanceId(-9223366943744936011): agent props = {"entity": null, "hunger": 70.0627442063492, "at_target": null, "held_item": ""}
[GdPAI | debug] ApplyEffect [After] ID=InstanceId(-9223366943744936011): agent props = {"entity": null, "hunger": 70.0627442063492, "at_target": null, "held_item": ""}
[GdPAI | debug]   Snapshotting prop: entity = Nil (Variant type: NIL)
[GdPAI | debug]   Snapshotting prop: hunger = Float(70.0627442063492) (Variant type: FLOAT)
[GdPAI | debug]   Snapshotting prop: at_target = Nil (Variant type: NIL)
[GdPAI | debug]   Snapshotting prop: held_item = Str("") (Variant type: STRING)
WARNING: [GdPAI] ObjectRef(1382643928884): object was freed before callback; returning Nil.
   at: gdplanningai_rust::logger::process_logs (src\logger.rs:66)
   GDScript backtrace (most recent call first):
       [0] _drain_scheduler (res://test/integration/test_hunger_example_smoke.gd:26)
[GdPAI | debug] GetCost: callable returned non-numeric value: null; returning INFINITY
WARNING: [GdPAI] ObjectRef(124621163998): object was freed before callback; returning Nil.
   at: gdplanningai_rust::logger::process_logs (src\logger.rs:66)
   GDScript backtrace (most recent call first):
       [0] _process (res://addons/GdPlanningAI/gdpai_autoload.gd:21)
WARNING: [GdPAI] ObjectRef(125359361544): object was freed before callback; returning Nil.
   at: gdplanningai_rust::logger::process_logs (src\logger.rs:66)
   GDScript backtrace (most recent call first):
       [0] _process (res://addons/GdPlanningAI/gdpai_autoload.gd:21)
WARNING: [GdPAI] ObjectRef(125359361544): object was freed before callback; returning Nil.
   at: gdplanningai_rust::logger::process_logs (src\logger.rs:66)
   GDScript backtrace (most recent call first):
       [0] _process (res://addons/GdPlanningAI/gdpai_autoload.gd:21)
[GdPAI | debug] GetCost: callable returned non-numeric value: null; returning INFINITY
WARNING: [GdPAI] ObjectRef(1382643928884): object was freed before callback; returning Nil.
   at: gdplanningai_rust::logger::process_logs (src\logger.rs:66)
   GDScript backtrace (most recent call first):
       [0] _process (res://addons/GdPlanningAI/gdpai_autoload.gd:21)
[GdPAI | debug] ApplyEffect [Before] ID=InstanceId(-9223366941815556220): agent props = {"held_item": "", "entity": null, "hunger": 95.0603725}
[GdPAI | debug] ApplyEffect [After] ID=InstanceId(-9223366941815556220): agent props = {"held_item": "", "entity": null, "hunger": 95.0603725}
[GdPAI | debug]   Snapshotting prop: held_item = Str("") (Variant type: STRING)
[GdPAI | debug]   Snapshotting prop: entity = Nil (Variant type: NIL)
[GdPAI | debug]   Snapshotting prop: hunger = Float(95.0603725) (Variant type: FLOAT)
WARNING: [GdPAI] ObjectRef(124621163998): object was freed before callback; returning Nil.
   at: gdplanningai_rust::logger::process_logs (src\logger.rs:66)
   GDScript backtrace (most recent call first):
       [0] _drain_scheduler (res://test/integration/test_hunger_example_smoke.gd:26)
WARNING: [GdPAI] ObjectRef(125359361544): object was freed before callback; returning Nil.
   at: gdplanningai_rust::logger::process_logs (src\logger.rs:66)
   GDScript backtrace (most recent call first):
       [0] _drain_scheduler (res://test/integration/test_hunger_example_smoke.gd:26)
WARNING: [GdPAI] ObjectRef(125359361544): object was freed before callback; returning Nil.
   at: gdplanningai_rust::logger::process_logs (src\logger.rs:66)
   GDScript backtrace (most recent call first):
       [0] _drain_scheduler (res://test/integration/test_hunger_example_smoke.gd:26)
[GdPAI | debug] ApplyEffect [Before] ID=InstanceId(-9223366941043804293): agent props = {"entity": null, "held_item": "", "hunger": 70.0627442063492, "at_target": null}
[GdPAI | debug] ApplyEffect [After] ID=InstanceId(-9223366941043804293): agent props = {"entity": null, "held_item": "", "hunger": 70.0627442063492, "at_target": null}
[GdPAI | debug]   Snapshotting prop: entity = Nil (Variant type: NIL)
[GdPAI | debug]   Snapshotting prop: held_item = Str("") (Variant type: STRING)
[GdPAI | debug]   Snapshotting prop: hunger = Float(70.0627442063492) (Variant type: FLOAT)
[GdPAI | debug]   Snapshotting prop: at_target = Nil (Variant type: NIL)
WARNING: [GdPAI] ObjectRef(1382643928884): object was freed before callback; returning Nil.
   at: gdplanningai_rust::logger::process_logs (src\logger.rs:66)
   GDScript backtrace (most recent call first):
       [0] _drain_scheduler (res://test/integration/test_hunger_example_smoke.gd:26)
[GdPAI | debug] GetCost: callable returned non-numeric value: null; returning INFINITY
WARNING: [GdPAI] ObjectRef(124621163998): object was freed before callback; returning Nil.
   at: gdplanningai_rust::logger::process_logs (src\logger.rs:66)
   GDScript backtrace (most recent call first):
       [0] _process (res://addons/GdPlanningAI/gdpai_autoload.gd:21)
WARNING: [GdPAI] ObjectRef(124134624705): object was freed before callback; returning Nil.
   at: gdplanningai_rust::logger::process_logs (src\logger.rs:66)
   GDScript backtrace (most recent call first):
       [0] _process (res://addons/GdPlanningAI/gdpai_autoload.gd:21)
WARNING: [GdPAI] ObjectRef(124134624705): object was freed before callback; returning Nil.
   at: gdplanningai_rust::logger::process_logs (src\logger.rs:66)
   GDScript backtrace (most recent call first):
       [0] _process (res://addons/GdPlanningAI/gdpai_autoload.gd:21)
[GdPAI | debug] GetCost: callable returned non-numeric value: null; returning INFINITY
WARNING: [GdPAI] ObjectRef(1382643928884): object was freed before callback; returning Nil.
   at: gdplanningai_rust::logger::process_logs (src\logger.rs:66)
   GDScript backtrace (most recent call first):
       [0] _process (res://addons/GdPlanningAI/gdpai_autoload.gd:21)
[GdPAI | debug] ApplyEffect [Before] ID=InstanceId(-9223366939114424367): agent props = {"hunger": 95.0603725, "entity": null, "held_item": "wood"}
[GdPAI | debug] ApplyEffect [After] ID=InstanceId(-9223366939114424367): agent props = {"hunger": 95.0603725, "entity": null, "held_item": "wood"}
[GdPAI | debug]   Snapshotting prop: hunger = Float(95.0603725) (Variant type: FLOAT)
[GdPAI | debug]   Snapshotting prop: entity = Nil (Variant type: NIL)
[GdPAI | debug]   Snapshotting prop: held_item = Str("wood") (Variant type: STRING)
[33m    2 Orphans[0m
[33m        * [<Node#4545937711783>(gdpai_location_data.gd)]
        * [<Node#4986641626087>(gdpai_location_data.gd)][0m
WARNING: [GdPAI] ObjectRef(124621163998): object was freed before callback; returning Nil.
   at: gdplanningai_rust::logger::process_logs (src\logger.rs:66)
   GDScript backtrace (most recent call first):
       [0] _process (res://addons/GdPlanningAI/gdpai_autoload.gd:21)
WARNING: [GdPAI] ObjectRef(124134624705): object was freed before callback; returning Nil.
   at: gdplanningai_rust::logger::process_logs (src\logger.rs:66)
   GDScript backtrace (most recent call first):
       [0] _process (res://addons/GdPlanningAI/gdpai_autoload.gd:21)
WARNING: [GdPAI] ObjectRef(124134624705): object was freed before callback; returning Nil.
   at: gdplanningai_rust::logger::process_logs (src\logger.rs:66)
   GDScript backtrace (most recent call first):
       [0] _process (res://addons/GdPlanningAI/gdpai_autoload.gd:21)
[GdPAI | debug] ApplyEffect [Before] ID=InstanceId(-9223366938275563544): agent props = {"held_item": "", "at_target": null, "hunger": 70.0627442063492, "entity": null}
[GdPAI | debug] ApplyEffect [After] ID=InstanceId(-9223366938275563544): agent props = {"held_item": "", "at_target": null, "hunger": 70.0627442063492, "entity": null}
[GdPAI | debug]   Snapshotting prop: held_item = Str("") (Variant type: STRING)
[GdPAI | debug]   Snapshotting prop: at_target = Nil (Variant type: NIL)
[GdPAI | debug]   Snapshotting prop: hunger = Float(70.0627442063492) (Variant type: FLOAT)
[GdPAI | debug]   Snapshotting prop: entity = Nil (Variant type: NIL)
WARNING: [GdPAI] ObjectRef(1382643928884): object was freed before callback; returning Nil.
   at: gdplanningai_rust::logger::process_logs (src\logger.rs:66)
   GDScript backtrace (most recent call first):
       [0] _process (res://addons/GdPlanningAI/gdpai_autoload.gd:21)
WARNING: [GdPAI] ObjectRef(1382643928884): object was freed before callback; returning Nil.
   at: gdplanningai_rust::logger::process_logs (src\logger.rs:66)
   GDScript backtrace (most recent call first):
       [0] _process (res://addons/GdPlanningAI/gdpai_autoload.gd:21)
[GdPAI | debug] GetCost: callable returned non-numeric value: null; returning INFINITY
[33m2 orphans[0m
[1m0/1 passed.
[0m[4m

res://test/integration/test_requirements_provisions.gd
[0m* test_pickup_eat_chain_satisfies_hunger
[GdPAI] Direct print from scheduler ready - logging works
[GdPAI] GdPAIPlanScheduler ready — 16 worker thread(s)
[GdPAI | debug] Log channel initialized and ready for planner thread logging
WARNING: [GdPAI] ObjectRef(124621163998): object was freed before callback; returning Nil.
   at: gdplanningai_rust::logger::process_logs (src\logger.rs:66)
   GDScript backtrace (most recent call first):
       [0] _process (res://addons/GdPlanningAI/gdpai_autoload.gd:21)
WARNING: [GdPAI] ObjectRef(124134624705): object was freed before callback; returning Nil.
   at: gdplanningai_rust::logger::process_logs (src\logger.rs:66)
   GDScript backtrace (most recent call first):
       [0] _process (res://addons/GdPlanningAI/gdpai_autoload.gd:21)
WARNING: [GdPAI] ObjectRef(124134624705): object was freed before callback; returning Nil.
   at: gdplanningai_rust::logger::process_logs (src\logger.rs:66)
   GDScript backtrace (most recent call first):
       [0] _process (res://addons/GdPlanningAI/gdpai_autoload.gd:21)
[GdPAI | debug] GetCost: callable returned non-numeric value: null; returning INFINITY
WARNING: [GdPAI] ObjectRef(1382643928884): object was freed before callback; returning Nil.
   at: gdplanningai_rust::logger::process_logs (src\logger.rs:66)
   GDScript backtrace (most recent call first):
       [0] _process (res://addons/GdPlanningAI/gdpai_autoload.gd:21)
WARNING: [GdPAI] ObjectRef(1382643928884): object was freed before callback; returning Nil.
   at: gdplanningai_rust::logger::process_logs (src\logger.rs:66)
   GDScript backtrace (most recent call first):
       [0] _process (res://addons/GdPlanningAI/gdpai_autoload.gd:21)
[GdPAI | debug] ApplyEffect [Before] ID=InstanceId(-9223366935926790316): agent props = {"held_item": "", "hunger": 95.0603725, "entity": null}
[GdPAI | debug] ApplyEffect [After] ID=InstanceId(-9223366935926790316): agent props = {"held_item": "", "hunger": 95.0603725, "entity": null}
[GdPAI | debug]   Snapshotting prop: held_item = Str("") (Variant type: STRING)
[GdPAI | debug]   Snapshotting prop: hunger = Float(95.0603725) (Variant type: FLOAT)
[GdPAI | debug]   Snapshotting prop: entity = Nil (Variant type: NIL)
[GdPAI | debug]   Snapshotting prop: held_item = Str("") (Variant type: STRING)
[GdPAI | debug]   Snapshotting prop: hunger = Float(30.0) (Variant type: FLOAT)
[GdPAI] Submitting plan: 2 actions, 1 goals, 4 callables
[GdPAI | debug] PlannerEngine: Searching for goal 'NotHungry' (reward: 100)
[GdPAI] PlannerEngine: Searching for goal 'NotHungry'
[GdPAI | debug] Numeric comparison: 30 LessThanOrEqual 10 -> false
[GdPAI]   Root branch: 1 open preconds, 0 open requirements
[GdPAI]     Precond 0: Builtin { target: Agent, operation: LessThanOrEqual, property_name: "hunger", value: Some(Float(10.0)) }
[GdPAI] A* Iteration: pop node with chain length 0
[GdPAI | debug] find_candidates: Checking 2 actions against 1 preconds and 0 requirements
[GdPAI | debug] Discovery: Starting simulation for action EatHeldFood
WARNING: [GdPAI] ObjectRef(124621163998): object was freed before callback; returning Nil.
   at: gdplanningai_rust::logger::process_logs (src\logger.rs:66)
   GDScript backtrace (most recent call first):
       [0] _process (res://addons/GdPlanningAI/gdpai_autoload.gd:21)
WARNING: [GdPAI] ObjectRef(124134624705): object was freed before callback; returning Nil.
   at: gdplanningai_rust::logger::process_logs (src\logger.rs:66)
   GDScript backtrace (most recent call first):
       [0] _process (res://addons/GdPlanningAI/gdpai_autoload.gd:21)
WARNING: [GdPAI] ObjectRef(124134624705): object was freed before callback; returning Nil.
   at: gdplanningai_rust::logger::process_logs (src\logger.rs:66)
   GDScript backtrace (most recent call first):
       [0] _process (res://addons/GdPlanningAI/gdpai_autoload.gd:21)
[GdPAI | debug] ApplyEffect [Before] ID=InstanceId(-9223366935004022980): agent props = {"held_item": "", "entity": null, "hunger": 70.0627442063492, "at_target": null}
[GdPAI | debug] ApplyEffect [After] ID=InstanceId(-9223366935004022980): agent props = {"held_item": "", "entity": null, "hunger": 70.0627442063492, "at_target": null}
[GdPAI | debug]   Snapshotting prop: held_item = Str("") (Variant type: STRING)
[GdPAI | debug]   Snapshotting prop: entity = Nil (Variant type: NIL)
[GdPAI | debug]   Snapshotting prop: hunger = Float(70.0627442063492) (Variant type: FLOAT)
[GdPAI | debug]   Snapshotting prop: at_target = Nil (Variant type: NIL)
WARNING: [GdPAI] ObjectRef(1382643928884): object was freed before callback; returning Nil.
   at: gdplanningai_rust::logger::process_logs (src\logger.rs:66)
   GDScript backtrace (most recent call first):
       [0] _process (res://addons/GdPlanningAI/gdpai_autoload.gd:21)
[GdPAI | debug] GetCost: callable returned non-numeric value: null; returning INFINITY
[TEST] eat_effect running. Current hunger: 30.0
[TEST] Setting new hunger: 10.0
[GdPAI | debug] ApplyEffect [Before] ID=InstanceId(-9223366933661845721): agent props = {"hunger": 30.0, "held_item": ""}
[GdPAI | debug] ApplyEffect [After] ID=InstanceId(-9223366933661845721): agent props = {"hunger": 10.0, "held_item": ""}
[GdPAI | debug]   Snapshotting prop: hunger = Float(10.0) (Variant type: FLOAT)
[GdPAI | debug]   Snapshotting prop: held_item = Str("") (Variant type: STRING)
[GdPAI | debug] Discovery: Simulation success for EatHeldFood. Agent props: {"held_item": Str(""), "hunger": Float(10.0)}
[GdPAI | debug] Numeric comparison: 10 LessThanOrEqual 10 -> true
[GdPAI | debug] Discovery: Action EatHeldFood satisfied precond Builtin { target: Agent, operation: LessThanOrEqual, property_name: "hunger", value: Some(Float(10.0)) }
[GdPAI | debug] Found candidate: EatHeldFood (satisfied preconds: [0], requirements: [])
[GdPAI | debug] Discovery: Starting simulation for action PickupBanana
WARNING: [GdPAI] ObjectRef(124621163998): object was freed before callback; returning Nil.
   at: gdplanningai_rust::logger::process_logs (src\logger.rs:66)
   GDScript backtrace (most recent call first):
       [0] _process (res://addons/GdPlanningAI/gdpai_autoload.gd:21)
[GdPAI | debug] GetCost: callable returned non-numeric value: null; returning INFINITY
WARNING: [GdPAI] ObjectRef(1382643928884): object was freed before callback; returning Nil.
   at: gdplanningai_rust::logger::process_logs (src\logger.rs:66)
   GDScript backtrace (most recent call first):
       [0] _process (res://addons/GdPlanningAI/gdpai_autoload.gd:21)
[GdPAI | debug] ApplyEffect [Before] ID=InstanceId(-9223366933041077920): agent props = {"hunger": 95.0603725, "held_item": "", "entity": null}
[GdPAI | debug] ApplyEffect [After] ID=InstanceId(-9223366933041077920): agent props = {"hunger": 95.0603725, "held_item": "", "entity": null}
[GdPAI | debug]   Snapshotting prop: hunger = Float(95.0603725) (Variant type: FLOAT)
[GdPAI | debug]   Snapshotting prop: held_item = Str("") (Variant type: STRING)
[GdPAI | debug]   Snapshotting prop: entity = Nil (Variant type: NIL)
WARNING: [GdPAI] ObjectRef(124621163998): object was freed before callback; returning Nil.
   at: gdplanningai_rust::logger::process_logs (src\logger.rs:66)
   GDScript backtrace (most recent call first):
       [0] _process (res://addons/GdPlanningAI/gdpai_autoload.gd:21)
[GdPAI | debug] ApplyEffect [Before] ID=InstanceId(-9223366932319668441): agent props = {"at_target": null, "entity": null, "held_item": "wood", "hunger": 70.0627442063492}
[GdPAI | debug] ApplyEffect [After] ID=InstanceId(-9223366932319668441): agent props = {"at_target": null, "entity": null, "held_item": "wood", "hunger": 70.0627442063492}
[GdPAI | debug]   Snapshotting prop: at_target = Nil (Variant type: NIL)
[GdPAI | debug]   Snapshotting prop: entity = Nil (Variant type: NIL)
[GdPAI | debug]   Snapshotting prop: held_item = Str("wood") (Variant type: STRING)
[GdPAI | debug]   Snapshotting prop: hunger = Float(70.0627442063492) (Variant type: FLOAT)
WARNING: [GdPAI] ObjectRef(1382643928884): object was freed before callback; returning Nil.
   at: gdplanningai_rust::logger::process_logs (src\logger.rs:66)
   GDScript backtrace (most recent call first):
       [0] _process (res://addons/GdPlanningAI/gdpai_autoload.gd:21)
[GdPAI | debug] GetCost: callable returned non-numeric value: null; returning INFINITY
[GdPAI | debug] ApplyEffect [Before] ID=InstanceId(-9223366931078181273): agent props = {"hunger": 30.0, "held_item": ""}
[GdPAI | debug] ApplyEffect [After] ID=InstanceId(-9223366931078181273): agent props = {"hunger": 30.0, "held_item": "banana"}
[GdPAI | debug]   Snapshotting prop: hunger = Float(30.0) (Variant type: FLOAT)
[GdPAI | debug]   Snapshotting prop: held_item = Str("banana") (Variant type: STRING)
[GdPAI | debug] Discovery: Simulation success for PickupBanana. Agent props: {"hunger": Float(30.0), "held_item": Str("banana")}
[GdPAI | debug] Numeric comparison: 30 LessThanOrEqual 10 -> false
[GdPAI | debug] Discovery: Action PickupBanana did NOT satisfy precond Builtin { target: Agent, operation: LessThanOrEqual, property_name: "hunger", value: Some(Float(10.0)) }
WARNING: [GdPAI] ObjectRef(124621163998): object was freed before callback; returning Nil.
   at: gdplanningai_rust::logger::process_logs (src\logger.rs:66)
   GDScript backtrace (most recent call first):
       [0] _process (res://addons/GdPlanningAI/gdpai_autoload.gd:21)
WARNING: [GdPAI] ObjectRef(124621163998): object was freed before callback; returning Nil.
   at: gdplanningai_rust::logger::process_logs (src\logger.rs:66)
   GDScript backtrace (most recent call first):
       [0] _process (res://addons/GdPlanningAI/gdpai_autoload.gd:21)
[GdPAI | debug] GetCost: callable returned non-numeric value: null; returning INFINITY
WARNING: [GdPAI] ObjectRef(1382643928884): object was freed before callback; returning Nil.
   at: gdplanningai_rust::logger::process_logs (src\logger.rs:66)
   GDScript backtrace (most recent call first):
       [0] _process (res://addons/GdPlanningAI/gdpai_autoload.gd:21)
[GdPAI | debug] ApplyEffect [Before] ID=InstanceId(-9223366930457424473): agent props = {"held_item": "", "hunger": 95.0603725, "entity": null}
[GdPAI | debug] ApplyEffect [After] ID=InstanceId(-9223366930457424473): agent props = {"held_item": "", "hunger": 95.0603725, "entity": null}
[GdPAI | debug]   Snapshotting prop: held_item = Str("") (Variant type: STRING)
[GdPAI | debug]   Snapshotting prop: hunger = Float(95.0603725) (Variant type: FLOAT)
[GdPAI | debug]   Snapshotting prop: entity = Nil (Variant type: NIL)
WARNING: [GdPAI] ObjectRef(124621163998): object was freed before callback; returning Nil.
   at: gdplanningai_rust::logger::process_logs (src\logger.rs:66)
   GDScript backtrace (most recent call first):
       [0] _process (res://addons/GdPlanningAI/gdpai_autoload.gd:21)
WARNING: [GdPAI] ObjectRef(124621163998): object was freed before callback; returning Nil.
   at: gdplanningai_rust::logger::process_logs (src\logger.rs:66)
   GDScript backtrace (most recent call first):
       [0] _process (res://addons/GdPlanningAI/gdpai_autoload.gd:21)
[GdPAI | debug] ApplyEffect [Before] ID=InstanceId(-9223366929685672345): agent props = {"hunger": 70.0627442063492, "held_item": "", "entity": null}
[GdPAI | debug] ApplyEffect [After] ID=InstanceId(-9223366929685672345): agent props = {"hunger": 70.0627442063492, "held_item": "", "entity": null}
[GdPAI | debug]   Snapshotting prop: hunger = Float(70.0627442063492) (Variant type: FLOAT)
[GdPAI | debug]   Snapshotting prop: held_item = Str("") (Variant type: STRING)
[GdPAI | debug]   Snapshotting prop: entity = Nil (Variant type: NIL)
WARNING: [GdPAI] ObjectRef(1382643928884): object was freed before callback; returning Nil.
   at: gdplanningai_rust::logger::process_logs (src\logger.rs:66)
   GDScript backtrace (most recent call first):
       [0] _process (res://addons/GdPlanningAI/gdpai_autoload.gd:21)
[GdPAI | debug] GetCost: callable returned non-numeric value: null; returning INFINITY
[TEST] eat_effect running. Current hunger: 30.0
[TEST] Setting new hunger: 10.0
[GdPAI | debug] ApplyEffect [Before] ID=InstanceId(-9223366928393812208): agent props = {"held_item": "", "hunger": 30.0}
[GdPAI | debug] ApplyEffect [After] ID=InstanceId(-9223366928393812208): agent props = {"held_item": "", "hunger": 10.0}
[GdPAI | debug]   Snapshotting prop: held_item = Str("") (Variant type: STRING)
[GdPAI | debug]   Snapshotting prop: hunger = Float(10.0) (Variant type: FLOAT)
[GdPAI] A* Iteration: pop node with chain length 1
[GdPAI | debug] find_candidates: Checking 2 actions against 0 preconds and 1 requirements
[GdPAI | debug] Found candidate: PickupBanana (satisfied preconds: [], requirements: [0])
WARNING: [GdPAI] ObjectRef(124621163998): object was freed before callback; returning Nil.
   at: gdplanningai_rust::logger::process_logs (src\logger.rs:66)
   GDScript backtrace (most recent call first):
       [0] _process (res://addons/GdPlanningAI/gdpai_autoload.gd:21)
[GdPAI | debug] GetCost: callable returned non-numeric value: null; returning INFINITY
WARNING: [GdPAI] ObjectRef(1382643928884): object was freed before callback; returning Nil.
   at: gdplanningai_rust::logger::process_logs (src\logger.rs:66)
   GDScript backtrace (most recent call first):
       [0] _process (res://addons/GdPlanningAI/gdpai_autoload.gd:21)
[GdPAI | debug] ApplyEffect [Before] ID=InstanceId(-9223366927773032047): agent props = {"hunger": 95.0603725, "entity": null, "held_item": "wood"}
[GdPAI | debug] ApplyEffect [After] ID=InstanceId(-9223366927773032047): agent props = {"hunger": 95.0603725, "entity": null, "held_item": "wood"}
[GdPAI | debug]   Snapshotting prop: hunger = Float(95.0603725) (Variant type: FLOAT)
[GdPAI | debug]   Snapshotting prop: entity = Nil (Variant type: NIL)
[GdPAI | debug]   Snapshotting prop: held_item = Str("wood") (Variant type: STRING)
[GdPAI] A* Iteration: pop node with chain length 3
[GdPAI | debug] find_candidates: Checking 15 actions against 1 preconds and 2 requirements
WARNING: [GdPAI] ObjectRef(124621163998): object was freed before callback; returning Nil.
   at: gdplanningai_rust::logger::process_logs (src\logger.rs:66)
   GDScript backtrace (most recent call first):
       [0] _process (res://addons/GdPlanningAI/gdpai_autoload.gd:21)
[GdPAI | debug] ApplyEffect [Before] ID=InstanceId(-9223366927051634928): agent props = {"hunger": 70.0627442063492, "entity": null, "held_item": ""}
[GdPAI | debug] ApplyEffect [After] ID=InstanceId(-9223366927051634928): agent props = {"hunger": 70.0627442063492, "entity": null, "held_item": ""}
[GdPAI | debug]   Snapshotting prop: hunger = Float(70.0627442063492) (Variant type: FLOAT)
[GdPAI | debug]   Snapshotting prop: entity = Nil (Variant type: NIL)
[GdPAI | debug]   Snapshotting prop: held_item = Str("") (Variant type: STRING)
WARNING: [GdPAI] ObjectRef(1382643928884): object was freed before callback; returning Nil.
   at: gdplanningai_rust::logger::process_logs (src\logger.rs:66)
   GDScript backtrace (most recent call first):
       [0] _process (res://addons/GdPlanningAI/gdpai_autoload.gd:21)
WARNING: [GdPAI] ObjectRef(1382643928884): object was freed before callback; returning Nil.
   at: gdplanningai_rust::logger::process_logs (src\logger.rs:66)
   GDScript backtrace (most recent call first):
       [0] _process (res://addons/GdPlanningAI/gdpai_autoload.gd:21)
[GdPAI | debug] Discovery: Starting simulation for action Go To
[GdPAI | debug] ApplyEffect [Before] ID=InstanceId(-9223366925759789275): agent props = {"held_item": "", "hunger": 30.0}
[GdPAI | debug] ApplyEffect [After] ID=InstanceId(-9223366925759789275): agent props = {"held_item": "banana", "hunger": 30.0}
[GdPAI | debug]   Snapshotting prop: held_item = Str("banana") (Variant type: STRING)
[GdPAI | debug]   Snapshotting prop: hunger = Float(30.0) (Variant type: FLOAT)
WARNING: [GdPAI] ObjectRef(124621163998): object was freed before callback; returning Nil.
   at: gdplanningai_rust::logger::process_logs (src\logger.rs:66)
   GDScript backtrace (most recent call first):
       [0] _process (res://addons/GdPlanningAI/gdpai_autoload.gd:21)
[GdPAI | debug] GetCost: callable returned non-numeric value: null; returning INFINITY
WARNING: [GdPAI] ObjectRef(1382643928884): object was freed before callback; returning Nil.
   at: gdplanningai_rust::logger::process_logs (src\logger.rs:66)
   GDScript backtrace (most recent call first):
       [0] _process (res://addons/GdPlanningAI/gdpai_autoload.gd:21)
WARNING: [GdPAI] ObjectRef(1382643928884): object was freed before callback; returning Nil.
   at: gdplanningai_rust::logger::process_logs (src\logger.rs:66)
   GDScript backtrace (most recent call first):
       [0] _process (res://addons/GdPlanningAI/gdpai_autoload.gd:21)
[GdPAI | debug] GetCost: callable returned non-numeric value: null; returning INFINITY
WARNING: [GdPAI] ObjectRef(124621163998): object was freed before callback; returning Nil.
   at: gdplanningai_rust::logger::process_logs (src\logger.rs:66)
   GDScript backtrace (most recent call first):
       [0] _process (res://addons/GdPlanningAI/gdpai_autoload.gd:21)
[GdPAI | debug] ApplyEffect [Before] ID=InstanceId(-9223366924367280347): agent props = {"hunger": 70.0627442063492, "held_item": "", "entity": null}
[GdPAI | debug] ApplyEffect [After] ID=InstanceId(-9223366924367280347): agent props = {"hunger": 70.0627442063492, "held_item": "", "entity": null}
[GdPAI | debug]   Snapshotting prop: hunger = Float(70.0627442063492) (Variant type: FLOAT)
[GdPAI | debug]   Snapshotting prop: held_item = Str("") (Variant type: STRING)
[GdPAI | debug]   Snapshotting prop: entity = Nil (Variant type: NIL)
WARNING: [GdPAI] ObjectRef(1382643928884): object was freed before callback; returning Nil.
   at: gdplanningai_rust::logger::process_logs (src\logger.rs:66)
   GDScript backtrace (most recent call first):
       [0] _process (res://addons/GdPlanningAI/gdpai_autoload.gd:21)
WARNING: [GdPAI] ObjectRef(1382643928884): object was freed before callback; returning Nil.
   at: gdplanningai_rust::logger::process_logs (src\logger.rs:66)
   GDScript backtrace (most recent call first):
       [0] _process (res://addons/GdPlanningAI/gdpai_autoload.gd:21)
[GdPAI | debug] ApplyEffect [Before] ID=InstanceId(-9223366923796855003): agent props = {"hunger": 95.0603725, "held_item": "", "entity": null}
[GdPAI | debug] ApplyEffect [After] ID=InstanceId(-9223366923796855003): agent props = {"hunger": 95.0603725, "held_item": "", "entity": null}
[GdPAI | debug]   Snapshotting prop: hunger = Float(95.0603725) (Variant type: FLOAT)
[GdPAI | debug]   Snapshotting prop: held_item = Str("") (Variant type: STRING)
[GdPAI | debug]   Snapshotting prop: entity = Nil (Variant type: NIL)
[GdPAI | debug] Discovery: Simulation success for Go To. Agent props: {"entity": Nil, "hunger": Float(95.0603725), "held_item": Str("")}
[GdPAI | debug] Discovery: Action Go To satisfied precond Builtin { target: Agent, operation: Equal, property_name: "held_item", value: Some(Str("")) }
[GdPAI | debug] Found candidate: Go To (satisfied preconds: [0], requirements: [0, 1])
[GdPAI | debug] Discovery: Starting simulation for action Eat Held Food
[TEST] eat_effect running. Current hunger: 30.0
[TEST] Setting new hunger: 10.0
[GdPAI | debug] ApplyEffect [Before] ID=InstanceId(-9223366923075422392): agent props = {"held_item": "banana", "hunger": 30.0}
[GdPAI | debug] ApplyEffect [After] ID=InstanceId(-9223366923075422392): agent props = {"held_item": "", "hunger": 10.0}
[GdPAI | debug]   Snapshotting prop: held_item = Str("") (Variant type: STRING)
[GdPAI | debug]   Snapshotting prop: hunger = Float(10.0) (Variant type: FLOAT)
[GdPAI] A* Iteration: pop node with chain length 2
[GdPAI | debug] Numeric comparison: 10 LessThanOrEqual 10 -> true
[GdPAI] A* SUCCESS! Returning plan for goal 'NotHungry'
[GdPAI] PlannerEngine: Found valid plan for goal 'NotHungry' (cost: 51.5)
WARNING: [GdPAI] ObjectRef(124621163998): object was freed before callback; returning Nil.
   at: gdplanningai_rust::logger::process_logs (src\logger.rs:66)
   GDScript backtrace (most recent call first):
       [0] _process (res://addons/GdPlanningAI/gdpai_autoload.gd:21)
WARNING: [GdPAI] ObjectRef(124134624705): object was freed before callback; returning Nil.
   at: gdplanningai_rust::logger::process_logs (src\logger.rs:66)
   GDScript backtrace (most recent call first):
       [0] _process (res://addons/GdPlanningAI/gdpai_autoload.gd:21)
WARNING: [GdPAI] ObjectRef(124134624705): object was freed before callback; returning Nil.
   at: gdplanningai_rust::logger::process_logs (src\logger.rs:66)
   GDScript backtrace (most recent call first):
       [0] _process (res://addons/GdPlanningAI/gdpai_autoload.gd:21)
[GdPAI | debug] GetCost: callable returned non-numeric value: null; returning INFINITY
WARNING: [GdPAI] ObjectRef(1382643928884): object was freed before callback; returning Nil.
   at: gdplanningai_rust::logger::process_logs (src\logger.rs:66)
   GDScript backtrace (most recent call first):
       [0] _process (res://addons/GdPlanningAI/gdpai_autoload.gd:21)
WARNING: [GdPAI] ObjectRef(1382643928884): object was freed before callback; returning Nil.
   at: gdplanningai_rust::logger::process_logs (src\logger.rs:66)
   GDScript backtrace (most recent call first):
       [0] _process (res://addons/GdPlanningAI/gdpai_autoload.gd:21)
[GdPAI | debug] GetCost: callable returned non-numeric value: null; returning INFINITY
[GdPAI] Plan complete: success=true, actions=2, cost=51.5, action_chain=[1, 0]
[32m    [Passed]:  [0mPlan should succeed with Pickup -> Eat chain
[32m    [Passed]:  [0m[2] expected to equal [2]:  Plan should have 2 actions
[32m    [Passed]:  [0m[1] expected to equal [1]:  First action should be Pickup (index 1)
[32m    [Passed]:  [0m[0] expected to equal [0]:  Second action should be Eat (index 0)
[32m    [Passed]:  [0m[51.5] expected to equal [51.5]:  Total cost should be pickup + eat = 50 + 1.5
[31m    [Failed]:  [0mUnexpected Errors:
    [1] <engine-1>[GdPAI] ObjectRef(124621163998): object was freed before callback; returning Nil.
    [2] <engine-1>[GdPAI] ObjectRef(124134624705): object was freed before callback; returning Nil.
    [3] <engine-1>[GdPAI] ObjectRef(124134624705): object was freed before callback; returning Nil.
    [4] <engine-1>[GdPAI] ObjectRef(1382643928884): object was freed before callback; returning Nil.
    [5] <engine-1>[GdPAI] ObjectRef(1382643928884): object was freed before callback; returning Nil.
    [6] <engine-1>[GdPAI] ObjectRef(124621163998): object was freed before callback; returning Nil.
    [7] <engine-1>[GdPAI] ObjectRef(124134624705): object was freed before callback; returning Nil.
    [8] <engine-1>[GdPAI] ObjectRef(124134624705): object was freed before callback; returning Nil.
    [9] <engine-1>[GdPAI] ObjectRef(1382643928884): object was freed before callback; returning Nil.
    [10] <engine-1>[GdPAI] ObjectRef(124621163998): object was freed before callback; returning Nil.
    [11] <engine-1>[GdPAI] ObjectRef(1382643928884): object was freed before callback; returning Nil.
    [12] <engine-1>[GdPAI] ObjectRef(124621163998): object was freed before callback; returning Nil.
    [13] <engine-1>[GdPAI] ObjectRef(1382643928884): object was freed before callback; returning Nil.
    [14] <engine-1>[GdPAI] ObjectRef(124621163998): object was freed before callback; returning Nil.
    [15] <engine-1>[GdPAI] ObjectRef(124621163998): object was freed before callback; returning Nil.
    [16] <engine-1>[GdPAI] ObjectRef(1382643928884): object was freed before callback; returning Nil.
    [17] <engine-1>[GdPAI] ObjectRef(124621163998): object was freed before callback; returning Nil.
    [18] <engine-1>[GdPAI] ObjectRef(124621163998): object was freed before callback; returning Nil.
    [19] <engine-1>[GdPAI] ObjectRef(1382643928884): object was freed before callback; returning Nil.
    [20] <engine-1>[GdPAI] ObjectRef(124621163998): object was freed before callback; returning Nil.
    [21] <engine-1>[GdPAI] ObjectRef(1382643928884): object was freed before callback; returning Nil.
    [22] <engine-1>[GdPAI] ObjectRef(124621163998): object was freed before callback; returning Nil.
    [23] <engine-1>[GdPAI] ObjectRef(1382643928884): object was freed before callback; returning Nil.
    [24] <engine-1>[GdPAI] ObjectRef(1382643928884): object was freed before callback; returning Nil.
    [25] <engine-1>[GdPAI] ObjectRef(124621163998): object was freed before callback; returning Nil.
    [26] <engine-1>[GdPAI] ObjectRef(1382643928884): object was freed before callback; returning Nil.
    [27] <engine-1>[GdPAI] ObjectRef(1382643928884): object was freed before callback; returning Nil.
    [28] <engine-1>[GdPAI] ObjectRef(124621163998): object was freed before callback; returning Nil.
    [29] <engine-1>[GdPAI] ObjectRef(1382643928884): object was freed before callback; returning Nil.
    [30] <engine-1>[GdPAI] ObjectRef(1382643928884): object was freed before callback; returning Nil.
    [31] <engine-1>[GdPAI] ObjectRef(124621163998): object was freed before callback; returning Nil.
    [32] <engine-1>[GdPAI] ObjectRef(124134624705): object was freed before callback; returning Nil.
    [33] <engine-1>[GdPAI] ObjectRef(124134624705): object was freed before callback; returning Nil.
    [34] <engine-1>[GdPAI] ObjectRef(1382643928884): object was freed before callback; returning Nil.
    [35] <engine-1>[GdPAI] ObjectRef(1382643928884): object was freed before callback; returning Nil.
      at line 151
WARNING: [GdPAI] ObjectRef(124621163998): object was freed before callback; returning Nil.
   at: gdplanningai_rust::logger::process_logs (src\logger.rs:66)
   GDScript backtrace (most recent call first):
       [0] _process (res://addons/GdPlanningAI/gdpai_autoload.gd:21)
WARNING: [GdPAI] ObjectRef(124134624705): object was freed before callback; returning Nil.
   at: gdplanningai_rust::logger::process_logs (src\logger.rs:66)
   GDScript backtrace (most recent call first):
       [0] _process (res://addons/GdPlanningAI/gdpai_autoload.gd:21)
WARNING: [GdPAI] ObjectRef(124134624705): object was freed before callback; returning Nil.
   at: gdplanningai_rust::logger::process_logs (src\logger.rs:66)
   GDScript backtrace (most recent call first):
       [0] _process (res://addons/GdPlanningAI/gdpai_autoload.gd:21)
[GdPAI | debug] ApplyEffect [Before] ID=InstanceId(-9223366920844052664): agent props = {"held_item": "", "entity": null, "at_target": null, "hunger": 70.0627442063492}
[GdPAI | debug] ApplyEffect [After] ID=InstanceId(-9223366920844052664): agent props = {"held_item": "", "entity": null, "at_target": null, "hunger": 70.0627442063492}
[GdPAI | debug]   Snapshotting prop: held_item = Str("") (Variant type: STRING)
[GdPAI | debug]   Snapshotting prop: entity = Nil (Variant type: NIL)
[GdPAI | debug]   Snapshotting prop: at_target = Nil (Variant type: NIL)
[GdPAI | debug]   Snapshotting prop: hunger = Float(70.0627442063492) (Variant type: FLOAT)
WARNING: [GdPAI] ObjectRef(1382643928884): object was freed before callback; returning Nil.
   at: gdplanningai_rust::logger::process_logs (src\logger.rs:66)
   GDScript backtrace (most recent call first):
       [0] _process (res://addons/GdPlanningAI/gdpai_autoload.gd:21)
WARNING: [GdPAI] ObjectRef(1382643928884): object was freed before callback; returning Nil.
   at: gdplanningai_rust::logger::process_logs (src\logger.rs:66)
   GDScript backtrace (most recent call first):
       [0] _process (res://addons/GdPlanningAI/gdpai_autoload.gd:21)
[GdPAI | debug] ApplyEffect [Before] ID=InstanceId(-9223366920273627320): agent props = {"entity": null, "held_item": "", "hunger": 95.0603725}
[GdPAI | debug] ApplyEffect [After] ID=InstanceId(-9223366920273627320): agent props = {"entity": null, "held_item": "", "hunger": 95.0603725}
[GdPAI | debug]   Snapshotting prop: entity = Nil (Variant type: NIL)
[GdPAI | debug]   Snapshotting prop: held_item = Str("") (Variant type: STRING)
[GdPAI | debug]   Snapshotting prop: hunger = Float(95.0603725) (Variant type: FLOAT)
[GdPAI | debug] Discovery: Simulation success for Eat Held Food. Agent props: {"entity": Nil, "hunger": Float(95.0603725), "held_item": Str("")}
[GdPAI | debug] Discovery: Action Eat Held Food satisfied precond Builtin { target: Agent, operation: Equal, property_name: "held_item", value: Some(Str("")) }
[GdPAI | debug] Found candidate: Eat Held Food (satisfied preconds: [0], requirements: [])
* test_eat_alone_fails_without_pickup
[GdPAI] Direct print from scheduler ready - logging works
[GdPAI] GdPAIPlanScheduler ready — 16 worker thread(s)
[GdPAI | debug] Log channel initialized and ready for planner thread logging
WARNING: [GdPAI] ObjectRef(124621163998): object was freed before callback; returning Nil.
   at: gdplanningai_rust::logger::process_logs (src\logger.rs:66)
   GDScript backtrace (most recent call first):
       [0] _process (res://addons/GdPlanningAI/gdpai_autoload.gd:21)
WARNING: [GdPAI] ObjectRef(124134624705): object was freed before callback; returning Nil.
   at: gdplanningai_rust::logger::process_logs (src\logger.rs:66)
   GDScript backtrace (most recent call first):
       [0] _process (res://addons/GdPlanningAI/gdpai_autoload.gd:21)
WARNING: [GdPAI] ObjectRef(124134624705): object was freed before callback; returning Nil.
   at: gdplanningai_rust::logger::process_logs (src\logger.rs:66)
   GDScript backtrace (most recent call first):
       [0] _process (res://addons/GdPlanningAI/gdpai_autoload.gd:21)
[GdPAI | debug] GetCost: callable returned non-numeric value: null; returning INFINITY
WARNING: [GdPAI] ObjectRef(1382643928884): object was freed before callback; returning Nil.
   at: gdplanningai_rust::logger::process_logs (src\logger.rs:66)
   GDScript backtrace (most recent call first):
       [0] _process (res://addons/GdPlanningAI/gdpai_autoload.gd:21)
WARNING: [GdPAI] ObjectRef(1382643928884): object was freed before callback; returning Nil.
   at: gdplanningai_rust::logger::process_logs (src\logger.rs:66)
   GDScript backtrace (most recent call first):
       [0] _process (res://addons/GdPlanningAI/gdpai_autoload.gd:21)
[GdPAI | debug] Discovery: Starting simulation for action Go To
[GdPAI | debug]   Snapshotting prop: hunger = Float(30.0) (Variant type: FLOAT)
[GdPAI | debug]   Snapshotting prop: held_item = Str("") (Variant type: STRING)
[GdPAI] Submitting plan: 1 actions, 1 goals, 2 callables
[GdPAI | debug] PlannerEngine: Searching for goal 'NotHungry' (reward: 100)
[GdPAI] PlannerEngine: Searching for goal 'NotHungry'
[GdPAI | debug] Numeric comparison: 30 LessThanOrEqual 10 -> false
[GdPAI]   Root branch: 1 open preconds, 0 open requirements
[GdPAI]     Precond 0: Builtin { target: Agent, operation: LessThanOrEqual, property_name: "hunger", value: Some(Float(10.0)) }
[GdPAI] A* Iteration: pop node with chain length 0
[GdPAI | debug] find_candidates: Checking 1 actions against 1 preconds and 0 requirements
[GdPAI | debug] Discovery: Starting simulation for action EatHeldFood
WARNING: [GdPAI] ObjectRef(124621163998): object was freed before callback; returning Nil.
   at: gdplanningai_rust::logger::process_logs (src\logger.rs:66)
   GDScript backtrace (most recent call first):
       [0] _process (res://addons/GdPlanningAI/gdpai_autoload.gd:21)
WARNING: [GdPAI] ObjectRef(124134624705): object was freed before callback; returning Nil.
   at: gdplanningai_rust::logger::process_logs (src\logger.rs:66)
   GDScript backtrace (most recent call first):
       [0] _process (res://addons/GdPlanningAI/gdpai_autoload.gd:21)
WARNING: [GdPAI] ObjectRef(124134624705): object was freed before callback; returning Nil.
   at: gdplanningai_rust::logger::process_logs (src\logger.rs:66)
   GDScript backtrace (most recent call first):
       [0] _process (res://addons/GdPlanningAI/gdpai_autoload.gd:21)
[GdPAI | debug] ApplyEffect [Before] ID=InstanceId(-9223366917857691608): agent props = {"held_item": "", "entity": null, "at_target": null, "hunger": 70.0627442063492}
[GdPAI | debug] ApplyEffect [After] ID=InstanceId(-9223366917857691608): agent props = {"held_item": "", "entity": null, "at_target": null, "hunger": 70.0627442063492}
[GdPAI | debug]   Snapshotting prop: held_item = Str("") (Variant type: STRING)
[GdPAI | debug]   Snapshotting prop: entity = Nil (Variant type: NIL)
[GdPAI | debug]   Snapshotting prop: at_target = Nil (Variant type: NIL)
[GdPAI | debug]   Snapshotting prop: hunger = Float(70.0627442063492) (Variant type: FLOAT)
WARNING: [GdPAI] ObjectRef(1382643928884): object was freed before callback; returning Nil.
   at: gdplanningai_rust::logger::process_logs (src\logger.rs:66)
   GDScript backtrace (most recent call first):
       [0] _process (res://addons/GdPlanningAI/gdpai_autoload.gd:21)
WARNING: [GdPAI] ObjectRef(1382643928884): object was freed before callback; returning Nil.
   at: gdplanningai_rust::logger::process_logs (src\logger.rs:66)
   GDScript backtrace (most recent call first):
       [0] _process (res://addons/GdPlanningAI/gdpai_autoload.gd:21)
[GdPAI | debug] GetCost: callable returned non-numeric value: null; returning INFINITY
[GdPAI | debug] ApplyEffect [Before] ID=InstanceId(-9223366916465182645): agent props = {"held_item": "", "hunger": 30.0}
[GdPAI | debug] ApplyEffect [After] ID=InstanceId(-9223366916465182645): agent props = {"held_item": "", "hunger": 10.0}
[GdPAI | debug]   Snapshotting prop: held_item = Str("") (Variant type: STRING)
[GdPAI | debug]   Snapshotting prop: hunger = Float(10.0) (Variant type: FLOAT)
[GdPAI | debug] Discovery: Simulation success for EatHeldFood. Agent props: {"held_item": Str(""), "hunger": Float(10.0)}
[GdPAI | debug] Numeric comparison: 10 LessThanOrEqual 10 -> true
[GdPAI | debug] Discovery: Action EatHeldFood satisfied precond Builtin { target: Agent, operation: LessThanOrEqual, property_name: "hunger", value: Some(Float(10.0)) }
[GdPAI | debug] Found candidate: EatHeldFood (satisfied preconds: [0], requirements: [])
WARNING: [GdPAI] ObjectRef(124621163998): object was freed before callback; returning Nil.
   at: gdplanningai_rust::logger::process_logs (src\logger.rs:66)
   GDScript backtrace (most recent call first):
       [0] _process (res://addons/GdPlanningAI/gdpai_autoload.gd:21)
[GdPAI | debug] GetCost: callable returned non-numeric value: null; returning INFINITY
WARNING: [GdPAI] ObjectRef(1382643928884): object was freed before callback; returning Nil.
   at: gdplanningai_rust::logger::process_logs (src\logger.rs:66)
   GDScript backtrace (most recent call first):
       [0] _process (res://addons/GdPlanningAI/gdpai_autoload.gd:21)
WARNING: [GdPAI] ObjectRef(1382643928884): object was freed before callback; returning Nil.
   at: gdplanningai_rust::logger::process_logs (src\logger.rs:66)
   GDScript backtrace (most recent call first):
       [0] _process (res://addons/GdPlanningAI/gdpai_autoload.gd:21)
[GdPAI | debug] ApplyEffect [Before] ID=InstanceId(-9223366915844425669): agent props = {"held_item": "", "hunger": 95.0603725, "entity": null}
[GdPAI | debug] ApplyEffect [After] ID=InstanceId(-9223366915844425669): agent props = {"held_item": "", "hunger": 95.0603725, "entity": null}
[GdPAI | debug]   Snapshotting prop: held_item = Str("") (Variant type: STRING)
[GdPAI | debug]   Snapshotting prop: hunger = Float(95.0603725) (Variant type: FLOAT)
[GdPAI | debug]   Snapshotting prop: entity = Nil (Variant type: NIL)
[GdPAI | debug] Discovery: Simulation success for Go To. Agent props: {"entity": Nil, "held_item": Str(""), "hunger": Float(95.0603725)}
[GdPAI | debug] Discovery: Action Go To satisfied precond Builtin { target: Agent, operation: Equal, property_name: "held_item", value: Some(Str("")) }
[GdPAI | debug] Found candidate: Go To (satisfied preconds: [0], requirements: [0, 1])
[GdPAI | debug] Discovery: Starting simulation for action Drop Item
WARNING: [GdPAI] ObjectRef(124621163998): object was freed before callback; returning Nil.
   at: gdplanningai_rust::logger::process_logs (src\logger.rs:66)
   GDScript backtrace (most recent call first):
       [0] _process (res://addons/GdPlanningAI/gdpai_autoload.gd:21)
[GdPAI | debug] ApplyEffect [Before] ID=InstanceId(-9223366915072673717): agent props = {"hunger": 70.0627442063492, "entity": null, "held_item": "wood", "at_target": null}
[GdPAI | debug] ApplyEffect [After] ID=InstanceId(-9223366915072673717): agent props = {"hunger": 70.0627442063492, "entity": null, "held_item": "wood", "at_target": null}
[GdPAI | debug]   Snapshotting prop: hunger = Float(70.0627442063492) (Variant type: FLOAT)
[GdPAI | debug]   Snapshotting prop: entity = Nil (Variant type: NIL)
[GdPAI | debug]   Snapshotting prop: held_item = Str("wood") (Variant type: STRING)
[GdPAI | debug]   Snapshotting prop: at_target = Nil (Variant type: NIL)
WARNING: [GdPAI] ObjectRef(1382643928884): object was freed before callback; returning Nil.
   at: gdplanningai_rust::logger::process_logs (src\logger.rs:66)
   GDScript backtrace (most recent call first):
       [0] _process (res://addons/GdPlanningAI/gdpai_autoload.gd:21)
WARNING: [GdPAI] ObjectRef(1382643928884): object was freed before callback; returning Nil.
   at: gdplanningai_rust::logger::process_logs (src\logger.rs:66)
   GDScript backtrace (most recent call first):
       [0] _process (res://addons/GdPlanningAI/gdpai_autoload.gd:21)
[GdPAI | debug] GetCost: callable returned non-numeric value: null; returning INFINITY
[GdPAI | debug] Numeric comparison: 70.0627442063492 GreaterThan 0 -> true
[GdPAI | debug] ApplyEffect [Before] ID=InstanceId(-9223366913780828068): agent props = {"held_item": "", "hunger": 30.0}
[GdPAI | debug] ApplyEffect [After] ID=InstanceId(-9223366913780828068): agent props = {"held_item": "", "hunger": 10.0}
[GdPAI | debug]   Snapshotting prop: held_item = Str("") (Variant type: STRING)
[GdPAI | debug]   Snapshotting prop: hunger = Float(10.0) (Variant type: FLOAT)
[GdPAI] A* Iteration: pop node with chain length 1
[GdPAI | debug] find_candidates: Checking 1 actions against 0 preconds and 1 requirements
[GdPAI | debug] No candidates found for branch with 0 preconds and 1 requirements
WARNING: [GdPAI] ObjectRef(124621163998): object was freed before callback; returning Nil.
   at: gdplanningai_rust::logger::process_logs (src\logger.rs:66)
   GDScript backtrace (most recent call first):
       [0] _process (res://addons/GdPlanningAI/gdpai_autoload.gd:21)
WARNING: [GdPAI] ObjectRef(124621163998): object was freed before callback; returning Nil.
   at: gdplanningai_rust::logger::process_logs (src\logger.rs:66)
   GDScript backtrace (most recent call first):
       [0] _process (res://addons/GdPlanningAI/gdpai_autoload.gd:21)
WARNING: [GdPAI] ObjectRef(125359361544): object was freed before callback; returning Nil.
   at: gdplanningai_rust::logger::process_logs (src\logger.rs:66)
   GDScript backtrace (most recent call first):
       [0] _process (res://addons/GdPlanningAI/gdpai_autoload.gd:21)
WARNING: [GdPAI] ObjectRef(124285619658): object was freed before callback; returning Nil.
   at: gdplanningai_rust::logger::process_logs (src\logger.rs:66)
   GDScript backtrace (most recent call first):
       [0] _process (res://addons/GdPlanningAI/gdpai_autoload.gd:21)
WARNING: [GdPAI] ObjectRef(125359361544): object was freed before callback; returning Nil.
   at: gdplanningai_rust::logger::process_logs (src\logger.rs:66)
   GDScript backtrace (most recent call first):
       [0] _process (res://addons/GdPlanningAI/gdpai_autoload.gd:21)
WARNING: [GdPAI] ObjectRef(124285619658): object was freed before callback; returning Nil.
   at: gdplanningai_rust::logger::process_logs (src\logger.rs:66)
   GDScript backtrace (most recent call first):
       [0] _process (res://addons/GdPlanningAI/gdpai_autoload.gd:21)
[GdPAI | debug] GetCost: callable returned non-numeric value: null; returning INFINITY
WARNING: [GdPAI] ObjectRef(1382643928884): object was freed before callback; returning Nil.
   at: gdplanningai_rust::logger::process_logs (src\logger.rs:66)
   GDScript backtrace (most recent call first):
       [0] _process (res://addons/GdPlanningAI/gdpai_autoload.gd:21)
WARNING: [GdPAI] ObjectRef(1382643928884): object was freed before callback; returning Nil.
   at: gdplanningai_rust::logger::process_logs (src\logger.rs:66)
   GDScript backtrace (most recent call first):
       [0] _process (res://addons/GdPlanningAI/gdpai_autoload.gd:21)
[GdPAI | debug] ApplyEffect [Before] ID=InstanceId(-9223366913160071115): agent props = {"entity": null, "held_item": "", "hunger": 95.0603725}
[GdPAI | debug] ApplyEffect [After] ID=InstanceId(-9223366913160071115): agent props = {"entity": null, "held_item": "", "hunger": 95.0603725}
[GdPAI | debug]   Snapshotting prop: entity = Nil (Variant type: NIL)
[GdPAI | debug]   Snapshotting prop: held_item = Str("") (Variant type: STRING)
[GdPAI | debug]   Snapshotting prop: hunger = Float(95.0603725) (Variant type: FLOAT)
[GdPAI | debug] Discovery: Simulation success for Drop Item. Agent props: {"entity": Nil, "held_item": Str(""), "hunger": Float(95.0603725)}
[GdPAI | debug] Discovery: Action Drop Item satisfied precond Builtin { target: Agent, operation: Equal, property_name: "held_item", value: Some(Str("")) }
[GdPAI | debug] Found candidate: Drop Item (satisfied preconds: [0], requirements: [])
[GdPAI | debug] Discovery: Starting simulation for action Add Fuel
[GdPAI] Plan complete: success=false, actions=0, cost=0.0, action_chain=[]
[32m    [Passed]:  [0mPlan should fail when Eat has no way to get held_item
[31m    [Failed]:  [0mUnexpected Errors:
    [1] <engine-1>[GdPAI] ObjectRef(124621163998): object was freed before callback; returning Nil.
    [2] <engine-1>[GdPAI] ObjectRef(124134624705): object was freed before callback; returning Nil.
    [3] <engine-1>[GdPAI] ObjectRef(124134624705): object was freed before callback; returning Nil.
    [4] <engine-1>[GdPAI] ObjectRef(1382643928884): object was freed before callback; returning Nil.
    [5] <engine-1>[GdPAI] ObjectRef(1382643928884): object was freed before callback; returning Nil.
    [6] <engine-1>[GdPAI] ObjectRef(124621163998): object was freed before callback; returning Nil.
    [7] <engine-1>[GdPAI] ObjectRef(124134624705): object was freed before callback; returning Nil.
    [8] <engine-1>[GdPAI] ObjectRef(124134624705): object was freed before callback; returning Nil.
    [9] <engine-1>[GdPAI] ObjectRef(1382643928884): object was freed before callback; returning Nil.
    [10] <engine-1>[GdPAI] ObjectRef(1382643928884): object was freed before callback; returning Nil.
    [11] <engine-1>[GdPAI] ObjectRef(124621163998): object was freed before callback; returning Nil.
    [12] <engine-1>[GdPAI] ObjectRef(1382643928884): object was freed before callback; returning Nil.
    [13] <engine-1>[GdPAI] ObjectRef(1382643928884): object was freed before callback; returning Nil.
    [14] <engine-1>[GdPAI] ObjectRef(124621163998): object was freed before callback; returning Nil.
    [15] <engine-1>[GdPAI] ObjectRef(1382643928884): object was freed before callback; returning Nil.
    [16] <engine-1>[GdPAI] ObjectRef(1382643928884): object was freed before callback; returning Nil.
    [17] <engine-1>[GdPAI] ObjectRef(124621163998): object was freed before callback; returning Nil.
    [18] <engine-1>[GdPAI] ObjectRef(124621163998): object was freed before callback; returning Nil.
    [19] <engine-1>[GdPAI] ObjectRef(125359361544): object was freed before callback; returning Nil.
    [20] <engine-1>[GdPAI] ObjectRef(124285619658): object was freed before callback; returning Nil.
    [21] <engine-1>[GdPAI] ObjectRef(125359361544): object was freed before callback; returning Nil.
    [22] <engine-1>[GdPAI] ObjectRef(124285619658): object was freed before callback; returning Nil.
    [23] <engine-1>[GdPAI] ObjectRef(1382643928884): object was freed before callback; returning Nil.
    [24] <engine-1>[GdPAI] ObjectRef(1382643928884): object was freed before callback; returning Nil.
      at line 206
* test_action_order_is_pickup_then_eat_not_reversed
[GdPAI] Direct print from scheduler ready - logging works
[GdPAI] GdPAIPlanScheduler ready — 16 worker thread(s)
[GdPAI | debug] Log channel initialized and ready for planner thread logging
WARNING: [GdPAI] ObjectRef(124621163998): object was freed before callback; returning Nil.
   at: gdplanningai_rust::logger::process_logs (src\logger.rs:66)
   GDScript backtrace (most recent call first):
       [0] _process (res://addons/GdPlanningAI/gdpai_autoload.gd:21)
WARNING: [GdPAI] ObjectRef(124621163998): object was freed before callback; returning Nil.
   at: gdplanningai_rust::logger::process_logs (src\logger.rs:66)
   GDScript backtrace (most recent call first):
       [0] _process (res://addons/GdPlanningAI/gdpai_autoload.gd:21)
WARNING: [GdPAI] ObjectRef(125359361544): object was freed before callback; returning Nil.
   at: gdplanningai_rust::logger::process_logs (src\logger.rs:66)
   GDScript backtrace (most recent call first):
       [0] _process (res://addons/GdPlanningAI/gdpai_autoload.gd:21)
WARNING: [GdPAI] ObjectRef(124285619658): object was freed before callback; returning Nil.
   at: gdplanningai_rust::logger::process_logs (src\logger.rs:66)
   GDScript backtrace (most recent call first):
       [0] _process (res://addons/GdPlanningAI/gdpai_autoload.gd:21)
WARNING: [GdPAI] ObjectRef(125359361544): object was freed before callback; returning Nil.
   at: gdplanningai_rust::logger::process_logs (src\logger.rs:66)
   GDScript backtrace (most recent call first):
       [0] _process (res://addons/GdPlanningAI/gdpai_autoload.gd:21)
WARNING: [GdPAI] ObjectRef(124285619658): object was freed before callback; returning Nil.
   at: gdplanningai_rust::logger::process_logs (src\logger.rs:66)
   GDScript backtrace (most recent call first):
       [0] _process (res://addons/GdPlanningAI/gdpai_autoload.gd:21)
[GdPAI | debug] ApplyEffect [Before] ID=InstanceId(-9223366911633344420): agent props = {"entity": null, "hunger": 70.0627442063492, "at_target": null, "held_item": ""}
[GdPAI | debug] ApplyEffect [After] ID=InstanceId(-9223366911633344420): agent props = {"entity": null, "hunger": 70.0627442063492, "at_target": null, "held_item": ""}
[GdPAI | debug]   Snapshotting prop: entity = Nil (Variant type: NIL)
[GdPAI | debug]   Snapshotting prop: hunger = Float(70.0627442063492) (Variant type: FLOAT)
[GdPAI | debug]   Snapshotting prop: at_target = Nil (Variant type: NIL)
[GdPAI | debug]   Snapshotting prop: held_item = Str("") (Variant type: STRING)
WARNING: [GdPAI] ObjectRef(1382643928884): object was freed before callback; returning Nil.
   at: gdplanningai_rust::logger::process_logs (src\logger.rs:66)
   GDScript backtrace (most recent call first):
       [0] _process (res://addons/GdPlanningAI/gdpai_autoload.gd:21)
WARNING: [GdPAI] ObjectRef(1382643928884): object was freed before callback; returning Nil.
   at: gdplanningai_rust::logger::process_logs (src\logger.rs:66)
   GDScript backtrace (most recent call first):
       [0] _process (res://addons/GdPlanningAI/gdpai_autoload.gd:21)
[GdPAI | debug] GetCost: callable returned non-numeric value: null; returning INFINITY
[GdPAI | debug]   Snapshotting prop: hunger = Float(30.0) (Variant type: FLOAT)
[GdPAI | debug]   Snapshotting prop: held_item = Str("") (Variant type: STRING)
[GdPAI] Submitting plan: 2 actions, 1 goals, 4 callables
[GdPAI | debug] PlannerEngine: Searching for goal 'NotHungry' (reward: 100)
[GdPAI] PlannerEngine: Searching for goal 'NotHungry'
[GdPAI | debug] Numeric comparison: 30 LessThanOrEqual 10 -> false
[GdPAI]   Root branch: 1 open preconds, 0 open requirements
[GdPAI]     Precond 0: Builtin { target: Agent, operation: LessThanOrEqual, property_name: "hunger", value: Some(Float(10.0)) }
[GdPAI] A* Iteration: pop node with chain length 0
[GdPAI | debug] find_candidates: Checking 2 actions against 1 preconds and 0 requirements
[GdPAI | debug] Discovery: Starting simulation for action EatHeldFood
WARNING: [GdPAI] ObjectRef(124621163998): object was freed before callback; returning Nil.
   at: gdplanningai_rust::logger::process_logs (src\logger.rs:66)
   GDScript backtrace (most recent call first):
       [0] _process (res://addons/GdPlanningAI/gdpai_autoload.gd:21)
WARNING: [GdPAI] ObjectRef(124285619658): object was freed before callback; returning Nil.
   at: gdplanningai_rust::logger::process_logs (src\logger.rs:66)
   GDScript backtrace (most recent call first):
       [0] _process (res://addons/GdPlanningAI/gdpai_autoload.gd:21)
WARNING: [GdPAI] ObjectRef(124285619658): object was freed before callback; returning Nil.
   at: gdplanningai_rust::logger::process_logs (src\logger.rs:66)
   GDScript backtrace (most recent call first):
       [0] _process (res://addons/GdPlanningAI/gdpai_autoload.gd:21)
[GdPAI | debug] GetCost: callable returned non-numeric value: null; returning INFINITY
WARNING: [GdPAI] ObjectRef(1382643928884): object was freed before callback; returning Nil.
   at: gdplanningai_rust::logger::process_logs (src\logger.rs:66)
   GDScript backtrace (most recent call first):
       [0] _process (res://addons/GdPlanningAI/gdpai_autoload.gd:21)
WARNING: [GdPAI] ObjectRef(1382643928884): object was freed before callback; returning Nil.
   at: gdplanningai_rust::logger::process_logs (src\logger.rs:66)
   GDScript backtrace (most recent call first):
       [0] _process (res://addons/GdPlanningAI/gdpai_autoload.gd:21)
[GdPAI | debug] ApplyEffect [Before] ID=InstanceId(-9223366909418751865): agent props = {"hunger": 95.0603725, "held_item": "wood", "entity": null}
[GdPAI | debug] ApplyEffect [After] ID=InstanceId(-9223366909418751865): agent props = {"hunger": 95.0603725, "held_item": "wood", "entity": null}
[GdPAI | debug]   Snapshotting prop: hunger = Float(95.0603725) (Variant type: FLOAT)
[GdPAI | debug]   Snapshotting prop: held_item = Str("wood") (Variant type: STRING)
[GdPAI | debug]   Snapshotting prop: entity = Nil (Variant type: NIL)
[GdPAI | debug] Discovery: Simulation success for Add Fuel. Agent props: {"entity": Nil, "held_item": Str("wood"), "hunger": Float(95.0603725)}
[GdPAI | debug] Discovery: Action Add Fuel did NOT satisfy precond Builtin { target: Agent, operation: Equal, property_name: "held_item", value: Some(Str("")) }
[GdPAI | debug] ApplyEffect [Before] ID=InstanceId(-9223366908596668242): agent props = {"hunger": 30.0, "held_item": ""}
[GdPAI | debug] ApplyEffect [After] ID=InstanceId(-9223366908596668242): agent props = {"hunger": 10.0, "held_item": ""}
[GdPAI | debug]   Snapshotting prop: hunger = Float(10.0) (Variant type: FLOAT)
[GdPAI | debug]   Snapshotting prop: held_item = Str("") (Variant type: STRING)
[GdPAI | debug] Discovery: Simulation success for EatHeldFood. Agent props: {"hunger": Float(10.0), "held_item": Str("")}
[GdPAI | debug] Numeric comparison: 10 LessThanOrEqual 10 -> true
[GdPAI | debug] Discovery: Action EatHeldFood satisfied precond Builtin { target: Agent, operation: LessThanOrEqual, property_name: "hunger", value: Some(Float(10.0)) }
[GdPAI | debug] Found candidate: EatHeldFood (satisfied preconds: [0], requirements: [])
[GdPAI | debug] Discovery: Starting simulation for action PickupBanana
WARNING: [GdPAI] ObjectRef(124621163998): object was freed before callback; returning Nil.
   at: gdplanningai_rust::logger::process_logs (src\logger.rs:66)
   GDScript backtrace (most recent call first):
       [0] _process (res://addons/GdPlanningAI/gdpai_autoload.gd:21)
WARNING: [GdPAI] ObjectRef(124285619658): object was freed before callback; returning Nil.
   at: gdplanningai_rust::logger::process_logs (src\logger.rs:66)
   GDScript backtrace (most recent call first):
       [0] _process (res://addons/GdPlanningAI/gdpai_autoload.gd:21)
WARNING: [GdPAI] ObjectRef(124285619658): object was freed before callback; returning Nil.
   at: gdplanningai_rust::logger::process_logs (src\logger.rs:66)
   GDScript backtrace (most recent call first):
       [0] _process (res://addons/GdPlanningAI/gdpai_autoload.gd:21)
[GdPAI | debug] ApplyEffect [Before] ID=InstanceId(-9223366908546336599): agent props = {"at_target": null, "held_item": "", "entity": null, "hunger": 70.0627442063492}
[GdPAI | debug] ApplyEffect [After] ID=InstanceId(-9223366908546336599): agent props = {"at_target": null, "held_item": "", "entity": null, "hunger": 70.0627442063492}
[GdPAI | debug]   Snapshotting prop: at_target = Nil (Variant type: NIL)
[GdPAI | debug]   Snapshotting prop: held_item = Str("") (Variant type: STRING)
[GdPAI | debug]   Snapshotting prop: entity = Nil (Variant type: NIL)
[GdPAI | debug]   Snapshotting prop: hunger = Float(70.0627442063492) (Variant type: FLOAT)
WARNING: [GdPAI] ObjectRef(1382643928884): object was freed before callback; returning Nil.
   at: gdplanningai_rust::logger::process_logs (src\logger.rs:66)
   GDScript backtrace (most recent call first):
       [0] _process (res://addons/GdPlanningAI/gdpai_autoload.gd:21)
WARNING: [GdPAI] ObjectRef(1382643928884): object was freed before callback; returning Nil.
   at: gdplanningai_rust::logger::process_logs (src\logger.rs:66)
   GDScript backtrace (most recent call first):
       [0] _process (res://addons/GdPlanningAI/gdpai_autoload.gd:21)
[GdPAI | debug] Discovery: Action Cook Potato failed validity check, skipping
[GdPAI | debug] Discovery: Starting simulation for action Pick Up Wood
WARNING: [GdPAI] ObjectRef(124621163998): object was freed before callback; returning Nil.
   at: gdplanningai_rust::logger::process_logs (src\logger.rs:66)
   GDScript backtrace (most recent call first):
       [0] _process (res://addons/GdPlanningAI/gdpai_autoload.gd:21)
WARNING: [GdPAI] ObjectRef(125359361544): object was freed before callback; returning Nil.
   at: gdplanningai_rust::logger::process_logs (src\logger.rs:66)
   GDScript backtrace (most recent call first):
       [0] _process (res://addons/GdPlanningAI/gdpai_autoload.gd:21)
WARNING: [GdPAI] ObjectRef(125359361544): object was freed before callback; returning Nil.
   at: gdplanningai_rust::logger::process_logs (src\logger.rs:66)
   GDScript backtrace (most recent call first):
       [0] _process (res://addons/GdPlanningAI/gdpai_autoload.gd:21)
[GdPAI | debug] GetCost: callable returned non-numeric value: null; returning INFINITY
WARNING: [GdPAI] ObjectRef(1382643928884): object was freed before callback; returning Nil.
   at: gdplanningai_rust::logger::process_logs (src\logger.rs:66)
   GDScript backtrace (most recent call first):
       [0] _process (res://addons/GdPlanningAI/gdpai_autoload.gd:21)
WARNING: [GdPAI] ObjectRef(1382643928884): object was freed before callback; returning Nil.
   at: gdplanningai_rust::logger::process_logs (src\logger.rs:66)
   GDScript backtrace (most recent call first):
       [0] _process (res://addons/GdPlanningAI/gdpai_autoload.gd:21)
[GdPAI | debug] GetCost: callable returned non-numeric value: null; returning INFINITY
[GdPAI | debug] ApplyEffect [Before] ID=InstanceId(-9223366905710987060): agent props = {"held_item": "", "hunger": 30.0}
[GdPAI | debug] ApplyEffect [After] ID=InstanceId(-9223366905710987060): agent props = {"held_item": "banana", "hunger": 30.0}
[GdPAI | debug]   Snapshotting prop: held_item = Str("banana") (Variant type: STRING)
[GdPAI | debug]   Snapshotting prop: hunger = Float(30.0) (Variant type: FLOAT)
[GdPAI | debug] Discovery: Simulation success for PickupBanana. Agent props: {"held_item": Str("banana"), "hunger": Float(30.0)}
[GdPAI | debug] Numeric comparison: 30 LessThanOrEqual 10 -> false
[GdPAI | debug] Discovery: Action PickupBanana did NOT satisfy precond Builtin { target: Agent, operation: LessThanOrEqual, property_name: "hunger", value: Some(Float(10.0)) }
WARNING: [GdPAI] ObjectRef(124621163998): object was freed before callback; returning Nil.
   at: gdplanningai_rust::logger::process_logs (src\logger.rs:66)
   GDScript backtrace (most recent call first):
       [0] _process (res://addons/GdPlanningAI/gdpai_autoload.gd:21)
WARNING: [GdPAI] ObjectRef(125359361544): object was freed before callback; returning Nil.
   at: gdplanningai_rust::logger::process_logs (src\logger.rs:66)
   GDScript backtrace (most recent call first):
       [0] _process (res://addons/GdPlanningAI/gdpai_autoload.gd:21)
WARNING: [GdPAI] ObjectRef(125359361544): object was freed before callback; returning Nil.
   at: gdplanningai_rust::logger::process_logs (src\logger.rs:66)
   GDScript backtrace (most recent call first):
       [0] _process (res://addons/GdPlanningAI/gdpai_autoload.gd:21)
[GdPAI | debug] ApplyEffect [Before] ID=InstanceId(-9223366905660655445): agent props = {"at_target": null, "entity": null, "held_item": "", "hunger": 70.0627442063492}
[GdPAI | debug] ApplyEffect [After] ID=InstanceId(-9223366905660655445): agent props = {"at_target": null, "entity": null, "held_item": "", "hunger": 70.0627442063492}
[GdPAI | debug]   Snapshotting prop: at_target = Nil (Variant type: NIL)
[GdPAI | debug]   Snapshotting prop: entity = Nil (Variant type: NIL)
[GdPAI | debug]   Snapshotting prop: held_item = Str("") (Variant type: STRING)
[GdPAI | debug]   Snapshotting prop: hunger = Float(70.0627442063492) (Variant type: FLOAT)
WARNING: [GdPAI] ObjectRef(1382643928884): object was freed before callback; returning Nil.
   at: gdplanningai_rust::logger::process_logs (src\logger.rs:66)
   GDScript backtrace (most recent call first):
       [0] _process (res://addons/GdPlanningAI/gdpai_autoload.gd:21)
WARNING: [GdPAI] ObjectRef(1382643928884): object was freed before callback; returning Nil.
   at: gdplanningai_rust::logger::process_logs (src\logger.rs:66)
   GDScript backtrace (most recent call first):
       [0] _process (res://addons/GdPlanningAI/gdpai_autoload.gd:21)
[GdPAI | debug] ApplyEffect [Before] ID=InstanceId(-9223366905090230101): agent props = {"entity": null, "hunger": 95.0603725, "held_item": ""}
[GdPAI | debug] ApplyEffect [After] ID=InstanceId(-9223366905090230101): agent props = {"entity": null, "hunger": 95.0603725, "held_item": ""}
[GdPAI | debug]   Snapshotting prop: entity = Nil (Variant type: NIL)
[GdPAI | debug]   Snapshotting prop: hunger = Float(95.0603725) (Variant type: FLOAT)
[GdPAI | debug]   Snapshotting prop: held_item = Str("") (Variant type: STRING)
[GdPAI | debug] Discovery: Simulation success for Pick Up Wood. Agent props: {"held_item": Str(""), "hunger": Float(95.0603725), "entity": Nil}
[GdPAI | debug] Discovery: Action Pick Up Wood satisfied precond Builtin { target: Agent, operation: Equal, property_name: "held_item", value: Some(Str("")) }
[GdPAI | debug] Found candidate: Pick Up Wood (satisfied preconds: [0], requirements: [])
[GdPAI | debug] Discovery: Starting simulation for action Pick Up Wood
WARNING: [GdPAI] ObjectRef(124621163998): object was freed before callback; returning Nil.
   at: gdplanningai_rust::logger::process_logs (src\logger.rs:66)
   GDScript backtrace (most recent call first):
       [0] _process (res://addons/GdPlanningAI/gdpai_autoload.gd:21)
WARNING: [GdPAI] ObjectRef(124134624705): object was freed before callback; returning Nil.
   at: gdplanningai_rust::logger::process_logs (src\logger.rs:66)
   GDScript backtrace (most recent call first):
       [0] _process (res://addons/GdPlanningAI/gdpai_autoload.gd:21)
WARNING: [GdPAI] ObjectRef(124134624705): object was freed before callback; returning Nil.
   at: gdplanningai_rust::logger::process_logs (src\logger.rs:66)
   GDScript backtrace (most recent call first):
       [0] _process (res://addons/GdPlanningAI/gdpai_autoload.gd:21)
[GdPAI | debug] GetCost: callable returned non-numeric value: null; returning INFINITY
WARNING: [GdPAI] ObjectRef(1382643928884): object was freed before callback; returning Nil.
   at: gdplanningai_rust::logger::process_logs (src\logger.rs:66)
   GDScript backtrace (most recent call first):
       [0] _process (res://addons/GdPlanningAI/gdpai_autoload.gd:21)
WARNING: [GdPAI] ObjectRef(1382643928884): object was freed before callback; returning Nil.
   at: gdplanningai_rust::logger::process_logs (src\logger.rs:66)
   GDScript backtrace (most recent call first):
       [0] _process (res://addons/GdPlanningAI/gdpai_autoload.gd:21)
[GdPAI | debug] GetCost: callable returned non-numeric value: null; returning INFINITY
[GdPAI | debug] ApplyEffect [Before] ID=InstanceId(-9223366902825305894): agent props = {"hunger": 30.0, "held_item": ""}
[GdPAI | debug] ApplyEffect [After] ID=InstanceId(-9223366902825305894): agent props = {"hunger": 10.0, "held_item": ""}
[GdPAI | debug]   Snapshotting prop: hunger = Float(10.0) (Variant type: FLOAT)
[GdPAI | debug]   Snapshotting prop: held_item = Str("") (Variant type: STRING)
[GdPAI] A* Iteration: pop node with chain length 1
[GdPAI | debug] find_candidates: Checking 2 actions against 0 preconds and 1 requirements
[GdPAI | debug] Found candidate: PickupBanana (satisfied preconds: [], requirements: [0])
WARNING: [GdPAI] ObjectRef(124621163998): object was freed before callback; returning Nil.
   at: gdplanningai_rust::logger::process_logs (src\logger.rs:66)
   GDScript backtrace (most recent call first):
       [0] _process (res://addons/GdPlanningAI/gdpai_autoload.gd:21)
WARNING: [GdPAI] ObjectRef(124134624705): object was freed before callback; returning Nil.
   at: gdplanningai_rust::logger::process_logs (src\logger.rs:66)
   GDScript backtrace (most recent call first):
       [0] _process (res://addons/GdPlanningAI/gdpai_autoload.gd:21)
WARNING: [GdPAI] ObjectRef(124134624705): object was freed before callback; returning Nil.
   at: gdplanningai_rust::logger::process_logs (src\logger.rs:66)
   GDScript backtrace (most recent call first):
       [0] _process (res://addons/GdPlanningAI/gdpai_autoload.gd:21)
[GdPAI | debug] ApplyEffect [Before] ID=InstanceId(-9223366902774974267): agent props = {"hunger": 70.0627442063492, "entity": null, "at_target": null, "held_item": ""}
[GdPAI | debug] ApplyEffect [After] ID=InstanceId(-9223366902774974267): agent props = {"hunger": 70.0627442063492, "entity": null, "at_target": null, "held_item": ""}
[GdPAI | debug]   Snapshotting prop: hunger = Float(70.0627442063492) (Variant type: FLOAT)
[GdPAI | debug]   Snapshotting prop: entity = Nil (Variant type: NIL)
[GdPAI | debug]   Snapshotting prop: at_target = Nil (Variant type: NIL)
[GdPAI | debug]   Snapshotting prop: held_item = Str("") (Variant type: STRING)
WARNING: [GdPAI] ObjectRef(1382643928884): object was freed before callback; returning Nil.
   at: gdplanningai_rust::logger::process_logs (src\logger.rs:66)
   GDScript backtrace (most recent call first):
       [0] _process (res://addons/GdPlanningAI/gdpai_autoload.gd:21)
WARNING: [GdPAI] ObjectRef(1382643928884): object was freed before callback; returning Nil.
   at: gdplanningai_rust::logger::process_logs (src\logger.rs:66)
   GDScript backtrace (most recent call first):
       [0] _process (res://addons/GdPlanningAI/gdpai_autoload.gd:21)
[GdPAI | debug] ApplyEffect [Before] ID=InstanceId(-9223366902204548923): agent props = {"entity": null, "hunger": 95.0603725, "held_item": ""}
[GdPAI | debug] ApplyEffect [After] ID=InstanceId(-9223366902204548923): agent props = {"entity": null, "hunger": 95.0603725, "held_item": ""}
[GdPAI | debug]   Snapshotting prop: entity = Nil (Variant type: NIL)
[GdPAI | debug]   Snapshotting prop: hunger = Float(95.0603725) (Variant type: FLOAT)
[GdPAI | debug]   Snapshotting prop: held_item = Str("") (Variant type: STRING)
[GdPAI | debug] Discovery: Simulation success for Pick Up Wood. Agent props: {"hunger": Float(95.0603725), "held_item": Str(""), "entity": Nil}
[GdPAI | debug] Discovery: Action Pick Up Wood satisfied precond Builtin { target: Agent, operation: Equal, property_name: "held_item", value: Some(Str("")) }
[GdPAI | debug] Found candidate: Pick Up Wood (satisfied preconds: [0], requirements: [])
[GdPAI | debug] Discovery: Starting simulation for action Pick Up Wood
WARNING: [GdPAI] ObjectRef(124621163998): object was freed before callback; returning Nil.
   at: gdplanningai_rust::logger::process_logs (src\logger.rs:66)
   GDScript backtrace (most recent call first):
       [0] _process (res://addons/GdPlanningAI/gdpai_autoload.gd:21)
WARNING: [GdPAI] ObjectRef(124134624705): object was freed before callback; returning Nil.
   at: gdplanningai_rust::logger::process_logs (src\logger.rs:66)
   GDScript backtrace (most recent call first):
       [0] _process (res://addons/GdPlanningAI/gdpai_autoload.gd:21)
WARNING: [GdPAI] ObjectRef(124134624705): object was freed before callback; returning Nil.
   at: gdplanningai_rust::logger::process_logs (src\logger.rs:66)
   GDScript backtrace (most recent call first):
       [0] _process (res://addons/GdPlanningAI/gdpai_autoload.gd:21)
[GdPAI | debug] GetCost: callable returned non-numeric value: null; returning INFINITY
WARNING: [GdPAI] ObjectRef(1382643928884): object was freed before callback; returning Nil.
   at: gdplanningai_rust::logger::process_logs (src\logger.rs:66)
   GDScript backtrace (most recent call first):
       [0] _process (res://addons/GdPlanningAI/gdpai_autoload.gd:21)
WARNING: [GdPAI] ObjectRef(1382643928884): object was freed before callback; returning Nil.
   at: gdplanningai_rust::logger::process_logs (src\logger.rs:66)
   GDScript backtrace (most recent call first):
       [0] _process (res://addons/GdPlanningAI/gdpai_autoload.gd:21)
[GdPAI | debug] GetCost: callable returned non-numeric value: null; returning INFINITY
[GdPAI | debug] ApplyEffect [Before] ID=InstanceId(-9223366899939624687): agent props = {"hunger": 30.0, "held_item": ""}
[GdPAI | debug] ApplyEffect [After] ID=InstanceId(-9223366899939624687): agent props = {"hunger": 30.0, "held_item": "banana"}
[GdPAI | debug]   Snapshotting prop: hunger = Float(30.0) (Variant type: FLOAT)
[GdPAI | debug]   Snapshotting prop: held_item = Str("banana") (Variant type: STRING)
WARNING: [GdPAI] ObjectRef(124621163998): object was freed before callback; returning Nil.
   at: gdplanningai_rust::logger::process_logs (src\logger.rs:66)
   GDScript backtrace (most recent call first):
       [0] _process (res://addons/GdPlanningAI/gdpai_autoload.gd:21)
WARNING: [GdPAI] ObjectRef(124134624705): object was freed before callback; returning Nil.
   at: gdplanningai_rust::logger::process_logs (src\logger.rs:66)
   GDScript backtrace (most recent call first):
       [0] _process (res://addons/GdPlanningAI/gdpai_autoload.gd:21)
WARNING: [GdPAI] ObjectRef(124134624705): object was freed before callback; returning Nil.
   at: gdplanningai_rust::logger::process_logs (src\logger.rs:66)
   GDScript backtrace (most recent call first):
       [0] _process (res://addons/GdPlanningAI/gdpai_autoload.gd:21)
[GdPAI | debug] ApplyEffect [Before] ID=InstanceId(-9223366899889293065): agent props = {"held_item": "", "hunger": 70.0627442063492, "entity": null, "at_target": null}
[GdPAI | debug] ApplyEffect [After] ID=InstanceId(-9223366899889293065): agent props = {"held_item": "", "hunger": 70.0627442063492, "entity": null, "at_target": null}
[GdPAI | debug]   Snapshotting prop: held_item = Str("") (Variant type: STRING)
[GdPAI | debug]   Snapshotting prop: hunger = Float(70.0627442063492) (Variant type: FLOAT)
[GdPAI | debug]   Snapshotting prop: entity = Nil (Variant type: NIL)
[GdPAI | debug]   Snapshotting prop: at_target = Nil (Variant type: NIL)
WARNING: [GdPAI] ObjectRef(1382643928884): object was freed before callback; returning Nil.
   at: gdplanningai_rust::logger::process_logs (src\logger.rs:66)
   GDScript backtrace (most recent call first):
       [0] _process (res://addons/GdPlanningAI/gdpai_autoload.gd:21)
WARNING: [GdPAI] ObjectRef(1382643928884): object was freed before callback; returning Nil.
   at: gdplanningai_rust::logger::process_logs (src\logger.rs:66)
   GDScript backtrace (most recent call first):
       [0] _process (res://addons/GdPlanningAI/gdpai_autoload.gd:21)
[GdPAI | debug] ApplyEffect [Before] ID=InstanceId(-9223366899318867721): agent props = {"entity": null, "held_item": "", "hunger": 95.0603725}
[GdPAI | debug] ApplyEffect [After] ID=InstanceId(-9223366899318867721): agent props = {"entity": null, "held_item": "", "hunger": 95.0603725}
[GdPAI | debug]   Snapshotting prop: entity = Nil (Variant type: NIL)
[GdPAI | debug]   Snapshotting prop: held_item = Str("") (Variant type: STRING)
[GdPAI | debug]   Snapshotting prop: hunger = Float(95.0603725) (Variant type: FLOAT)
[GdPAI | debug] Discovery: Simulation success for Pick Up Wood. Agent props: {"hunger": Float(95.0603725), "held_item": Str(""), "entity": Nil}
[GdPAI | debug] Discovery: Action Pick Up Wood satisfied precond Builtin { target: Agent, operation: Equal, property_name: "held_item", value: Some(Str("")) }
[GdPAI | debug] Found candidate: Pick Up Wood (satisfied preconds: [0], requirements: [])
[GdPAI | debug] Discovery: Starting simulation for action Pick Up Wood
WARNING: [GdPAI] ObjectRef(124621163998): object was freed before callback; returning Nil.
   at: gdplanningai_rust::logger::process_logs (src\logger.rs:66)
   GDScript backtrace (most recent call first):
       [0] _process (res://addons/GdPlanningAI/gdpai_autoload.gd:21)
[GdPAI | debug] GetCost: callable returned non-numeric value: null; returning INFINITY
WARNING: [GdPAI] ObjectRef(1382643928884): object was freed before callback; returning Nil.
   at: gdplanningai_rust::logger::process_logs (src\logger.rs:66)
   GDScript backtrace (most recent call first):
       [0] _process (res://addons/GdPlanningAI/gdpai_autoload.gd:21)
WARNING: [GdPAI] ObjectRef(1382643928884): object was freed before callback; returning Nil.
   at: gdplanningai_rust::logger::process_logs (src\logger.rs:66)
   GDScript backtrace (most recent call first):
       [0] _process (res://addons/GdPlanningAI/gdpai_autoload.gd:21)
[GdPAI | debug] GetCost: callable returned non-numeric value: null; returning INFINITY
[GdPAI | debug] ApplyEffect [Before] ID=InstanceId(-9223366897154606825): agent props = {"held_item": "banana", "hunger": 30.0}
[GdPAI | debug] ApplyEffect [After] ID=InstanceId(-9223366897154606825): agent props = {"held_item": "", "hunger": 10.0}
[GdPAI | debug]   Snapshotting prop: held_item = Str("") (Variant type: STRING)
[GdPAI | debug]   Snapshotting prop: hunger = Float(10.0) (Variant type: FLOAT)
[GdPAI] A* Iteration: pop node with chain length 2
[GdPAI | debug] Numeric comparison: 10 LessThanOrEqual 10 -> true
[GdPAI] A* SUCCESS! Returning plan for goal 'NotHungry'
[GdPAI] PlannerEngine: Found valid plan for goal 'NotHungry' (cost: 3.5)
WARNING: [GdPAI] ObjectRef(124621163998): object was freed before callback; returning Nil.
   at: gdplanningai_rust::logger::process_logs (src\logger.rs:66)
   GDScript backtrace (most recent call first):
       [0] _process (res://addons/GdPlanningAI/gdpai_autoload.gd:21)
[GdPAI | debug] ApplyEffect [Before] ID=InstanceId(-9223366897104275203): agent props = {"at_target": null, "entity": null, "hunger": 70.0627442063492, "held_item": "wood"}
[GdPAI | debug] ApplyEffect [After] ID=InstanceId(-9223366897104275203): agent props = {"at_target": null, "entity": null, "hunger": 70.0627442063492, "held_item": "wood"}
[GdPAI | debug]   Snapshotting prop: at_target = Nil (Variant type: NIL)
[GdPAI | debug]   Snapshotting prop: entity = Nil (Variant type: NIL)
[GdPAI | debug]   Snapshotting prop: hunger = Float(70.0627442063492) (Variant type: FLOAT)
[GdPAI | debug]   Snapshotting prop: held_item = Str("wood") (Variant type: STRING)
WARNING: [GdPAI] ObjectRef(1382643928884): object was freed before callback; returning Nil.
   at: gdplanningai_rust::logger::process_logs (src\logger.rs:66)
   GDScript backtrace (most recent call first):
       [0] _process (res://addons/GdPlanningAI/gdpai_autoload.gd:21)
WARNING: [GdPAI] ObjectRef(1382643928884): object was freed before callback; returning Nil.
   at: gdplanningai_rust::logger::process_logs (src\logger.rs:66)
   GDScript backtrace (most recent call first):
       [0] _process (res://addons/GdPlanningAI/gdpai_autoload.gd:21)
[GdPAI | debug] ApplyEffect [Before] ID=InstanceId(-9223366896533849859): agent props = {"hunger": 95.0603725, "entity": null, "held_item": ""}
[GdPAI | debug] ApplyEffect [After] ID=InstanceId(-9223366896533849859): agent props = {"hunger": 95.0603725, "entity": null, "held_item": ""}
[GdPAI | debug]   Snapshotting prop: hunger = Float(95.0603725) (Variant type: FLOAT)
[GdPAI | debug]   Snapshotting prop: entity = Nil (Variant type: NIL)
[GdPAI | debug]   Snapshotting prop: held_item = Str("") (Variant type: STRING)
[GdPAI | debug] Discovery: Simulation success for Pick Up Wood. Agent props: {"held_item": Str(""), "hunger": Float(95.0603725), "entity": Nil}
[GdPAI | debug] Discovery: Action Pick Up Wood satisfied precond Builtin { target: Agent, operation: Equal, property_name: "held_item", value: Some(Str("")) }
[GdPAI | debug] Found candidate: Pick Up Wood (satisfied preconds: [0], requirements: [])
[GdPAI] Plan complete: success=true, actions=2, cost=3.5, action_chain=[1, 0]
[32m    [Passed]:  [0mPlan should succeed
[32m    [Passed]:  [0m[2] expected to equal [2]:  Plan should have 2 actions
[32m    [Passed]:  [0m[1] expected to equal [1]:  First action MUST be Pickup (backward from goal)
[32m    [Passed]:  [0m[0] expected to equal [0]:  Second action MUST be Eat (requires held_item)
[31m    [Failed]:  [0mUnexpected Errors:
    [1] <engine-1>[GdPAI] ObjectRef(124621163998): object was freed before callback; returning Nil.
    [2] <engine-1>[GdPAI] ObjectRef(124621163998): object was freed before callback; returning Nil.
    [3] <engine-1>[GdPAI] ObjectRef(125359361544): object was freed before callback; returning Nil.
    [4] <engine-1>[GdPAI] ObjectRef(124285619658): object was freed before callback; returning Nil.
    [5] <engine-1>[GdPAI] ObjectRef(125359361544): object was freed before callback; returning Nil.
    [6] <engine-1>[GdPAI] ObjectRef(124285619658): object was freed before callback; returning Nil.
    [7] <engine-1>[GdPAI] ObjectRef(1382643928884): object was freed before callback; returning Nil.
    [8] <engine-1>[GdPAI] ObjectRef(1382643928884): object was freed before callback; returning Nil.
    [9] <engine-1>[GdPAI] ObjectRef(124621163998): object was freed before callback; returning Nil.
    [10] <engine-1>[GdPAI] ObjectRef(124285619658): object was freed before callback; returning Nil.
    [11] <engine-1>[GdPAI] ObjectRef(124285619658): object was freed before callback; returning Nil.
    [12] <engine-1>[GdPAI] ObjectRef(1382643928884): object was freed before callback; returning Nil.
    [13] <engine-1>[GdPAI] ObjectRef(1382643928884): object was freed before callback; returning Nil.
    [14] <engine-1>[GdPAI] ObjectRef(124621163998): object was freed before callback; returning Nil.
    [15] <engine-1>[GdPAI] ObjectRef(124285619658): object was freed before callback; returning Nil.
    [16] <engine-1>[GdPAI] ObjectRef(124285619658): object was freed before callback; returning Nil.
    [17] <engine-1>[GdPAI] ObjectRef(1382643928884): object was freed before callback; returning Nil.
    [18] <engine-1>[GdPAI] ObjectRef(1382643928884): object was freed before callback; returning Nil.
    [19] <engine-1>[GdPAI] ObjectRef(124621163998): object was freed before callback; returning Nil.
    [20] <engine-1>[GdPAI] ObjectRef(125359361544): object was freed before callback; returning Nil.
    [21] <engine-1>[GdPAI] ObjectRef(125359361544): object was freed before callback; returning Nil.
    [22] <engine-1>[GdPAI] ObjectRef(1382643928884): object was freed before callback; returning Nil.
    [23] <engine-1>[GdPAI] ObjectRef(1382643928884): object was freed before callback; returning Nil.
    [24] <engine-1>[GdPAI] ObjectRef(124621163998): object was freed before callback; returning Nil.
    [25] <engine-1>[GdPAI] ObjectRef(125359361544): object was freed before callback; returning Nil.
    [26] <engine-1>[GdPAI] ObjectRef(125359361544): object was freed before callback; returning Nil.
    [27] <engine-1>[GdPAI] ObjectRef(1382643928884): object was freed before callback; returning Nil.
    [28] <engine-1>[GdPAI] ObjectRef(1382643928884): object was freed before callback; returning Nil.
    [29] <engine-1>[GdPAI] ObjectRef(124621163998): object was freed before callback; returning Nil.
    [30] <engine-1>[GdPAI] ObjectRef(124134624705): object was freed before callback; returning Nil.
    [31] <engine-1>[GdPAI] ObjectRef(124134624705): object was freed before callback; returning Nil.
    [32] <engine-1>[GdPAI] ObjectRef(1382643928884): object was freed before callback; returning Nil.
    [33] <engine-1>[GdPAI] ObjectRef(1382643928884): object was freed before callback; returning Nil.
    [34] <engine-1>[GdPAI] ObjectRef(124621163998): object was freed before callback; returning Nil.
    [35] <engine-1>[GdPAI] ObjectRef(124134624705): object was freed before callback; returning Nil.
    [36] <engine-1>[GdPAI] ObjectRef(124134624705): object was freed before callback; returning Nil.
    [37] <engine-1>[GdPAI] ObjectRef(1382643928884): object was freed before callback; returning Nil.
    [38] <engine-1>[GdPAI] ObjectRef(1382643928884): object was freed before callback; returning Nil.
    [39] <engine-1>[GdPAI] ObjectRef(124621163998): object was freed before callback; returning Nil.
    [40] <engine-1>[GdPAI] ObjectRef(124134624705): object was freed before callback; returning Nil.
    [41] <engine-1>[GdPAI] ObjectRef(124134624705): object was freed before callback; returning Nil.
    [42] <engine-1>[GdPAI] ObjectRef(1382643928884): object was freed before callback; returning Nil.
    [43] <engine-1>[GdPAI] ObjectRef(1382643928884): object was freed before callback; returning Nil.
    [44] <engine-1>[GdPAI] ObjectRef(124621163998): object was freed before callback; returning Nil.
    [45] <engine-1>[GdPAI] ObjectRef(124134624705): object was freed before callback; returning Nil.
    [46] <engine-1>[GdPAI] ObjectRef(124134624705): object was freed before callback; returning Nil.
    [47] <engine-1>[GdPAI] ObjectRef(1382643928884): object was freed before callback; returning Nil.
    [48] <engine-1>[GdPAI] ObjectRef(1382643928884): object was freed before callback; returning Nil.
    [49] <engine-1>[GdPAI] ObjectRef(124621163998): object was freed before callback; returning Nil.
    [50] <engine-1>[GdPAI] ObjectRef(1382643928884): object was freed before callback; returning Nil.
    [51] <engine-1>[GdPAI] ObjectRef(1382643928884): object was freed before callback; returning Nil.
    [52] <engine-1>[GdPAI] ObjectRef(124621163998): object was freed before callback; returning Nil.
    [53] <engine-1>[GdPAI] ObjectRef(1382643928884): object was freed before callback; returning Nil.
    [54] <engine-1>[GdPAI] ObjectRef(1382643928884): object was freed before callback; returning Nil.
      at line 281
WARNING: [GdPAI] ObjectRef(124621163998): object was freed before callback; returning Nil.
   at: gdplanningai_rust::logger::process_logs (src\logger.rs:66)
   GDScript backtrace (most recent call first):
       [0] _process (res://addons/GdPlanningAI/gdpai_autoload.gd:21)
WARNING: [GdPAI] ObjectRef(124621163998): object was freed before callback; returning Nil.
   at: gdplanningai_rust::logger::process_logs (src\logger.rs:66)
   GDScript backtrace (most recent call first):
       [0] _process (res://addons/GdPlanningAI/gdpai_autoload.gd:21)
[GdPAI | debug] GetCost: callable returned non-numeric value: null; returning INFINITY
WARNING: [GdPAI] ObjectRef(1382643928884): object was freed before callback; returning Nil.
   at: gdplanningai_rust::logger::process_logs (src\logger.rs:66)
   GDScript backtrace (most recent call first):
       [0] _process (res://addons/GdPlanningAI/gdpai_autoload.gd:21)
WARNING: [GdPAI] ObjectRef(1382643928884): object was freed before callback; returning Nil.
   at: gdplanningai_rust::logger::process_logs (src\logger.rs:66)
   GDScript backtrace (most recent call first):
       [0] _process (res://addons/GdPlanningAI/gdpai_autoload.gd:21)
[GdPAI | debug] Discovery: Action Dig Potato failed validity check, skipping
* test_eat_alone_succeeds_when_already_holding_food
[GdPAI] Direct print from scheduler ready - logging works
[GdPAI] GdPAIPlanScheduler ready — 16 worker thread(s)
[GdPAI | debug] Log channel initialized and ready for planner thread logging
WARNING: [GdPAI] ObjectRef(124621163998): object was freed before callback; returning Nil.
   at: gdplanningai_rust::logger::process_logs (src\logger.rs:66)
   GDScript backtrace (most recent call first):
       [0] _process (res://addons/GdPlanningAI/gdpai_autoload.gd:21)
WARNING: [GdPAI] ObjectRef(124621163998): object was freed before callback; returning Nil.
   at: gdplanningai_rust::logger::process_logs (src\logger.rs:66)
   GDScript backtrace (most recent call first):
       [0] _process (res://addons/GdPlanningAI/gdpai_autoload.gd:21)
[GdPAI | debug] ApplyEffect [Before] ID=InstanceId(-9223366893295847296): agent props = {"entity": null, "hunger": 70.0627442063492, "held_item": ""}
[GdPAI | debug] ApplyEffect [After] ID=InstanceId(-9223366893295847296): agent props = {"entity": null, "hunger": 70.0627442063492, "held_item": ""}
[GdPAI | debug]   Snapshotting prop: entity = Nil (Variant type: NIL)
[GdPAI | debug]   Snapshotting prop: hunger = Float(70.0627442063492) (Variant type: FLOAT)
[GdPAI | debug]   Snapshotting prop: held_item = Str("") (Variant type: STRING)
WARNING: [GdPAI] ObjectRef(1382643928884): object was freed before callback; returning Nil.
   at: gdplanningai_rust::logger::process_logs (src\logger.rs:66)
   GDScript backtrace (most recent call first):
       [0] _process (res://addons/GdPlanningAI/gdpai_autoload.gd:21)
WARNING: [GdPAI] ObjectRef(1382643928884): object was freed before callback; returning Nil.
   at: gdplanningai_rust::logger::process_logs (src\logger.rs:66)
   GDScript backtrace (most recent call first):
       [0] _process (res://addons/GdPlanningAI/gdpai_autoload.gd:21)
[GdPAI | debug] Discovery: Action Dig Potato failed validity check, skipping
[GdPAI | debug]   Snapshotting prop: held_item = Str("banana") (Variant type: STRING)
[GdPAI | debug]   Snapshotting prop: hunger = Float(30.0) (Variant type: FLOAT)
[GdPAI] Submitting plan: 1 actions, 1 goals, 2 callables
[GdPAI | debug] PlannerEngine: Searching for goal 'NotHungry' (reward: 100)
[GdPAI] PlannerEngine: Searching for goal 'NotHungry'
[GdPAI | debug] Numeric comparison: 30 LessThanOrEqual 10 -> false
[GdPAI]   Root branch: 1 open preconds, 0 open requirements
[GdPAI]     Precond 0: Builtin { target: Agent, operation: LessThanOrEqual, property_name: "hunger", value: Some(Float(10.0)) }
[GdPAI] A* Iteration: pop node with chain length 0
[GdPAI | debug] find_candidates: Checking 1 actions against 1 preconds and 0 requirements
[GdPAI | debug] Discovery: Starting simulation for action EatHeldFood
WARNING: [GdPAI] ObjectRef(124621163998): object was freed before callback; returning Nil.
   at: gdplanningai_rust::logger::process_logs (src\logger.rs:66)
   GDScript backtrace (most recent call first):
       [0] _process (res://addons/GdPlanningAI/gdpai_autoload.gd:21)
[GdPAI | debug] GetCost: callable returned non-numeric value: null; returning INFINITY
WARNING: [GdPAI] ObjectRef(1382643928884): object was freed before callback; returning Nil.
   at: gdplanningai_rust::logger::process_logs (src\logger.rs:66)
   GDScript backtrace (most recent call first):
       [0] _process (res://addons/GdPlanningAI/gdpai_autoload.gd:21)
WARNING: [GdPAI] ObjectRef(1382643928884): object was freed before callback; returning Nil.
   at: gdplanningai_rust::logger::process_logs (src\logger.rs:66)
   GDScript backtrace (most recent call first):
       [0] _process (res://addons/GdPlanningAI/gdpai_autoload.gd:21)
[GdPAI | debug] Discovery: Action Dig Potato failed validity check, skipping
[GdPAI | debug] ApplyEffect [Before] ID=InstanceId(-9223366890561160817): agent props = {"held_item": "banana", "hunger": 30.0}
[GdPAI | debug] ApplyEffect [After] ID=InstanceId(-9223366890561160817): agent props = {"held_item": "", "hunger": 10.0}
[GdPAI | debug]   Snapshotting prop: held_item = Str("") (Variant type: STRING)
[GdPAI | debug]   Snapshotting prop: hunger = Float(10.0) (Variant type: FLOAT)
[GdPAI | debug] Discovery: Simulation success for EatHeldFood. Agent props: {"held_item": Str(""), "hunger": Float(10.0)}
[GdPAI | debug] Numeric comparison: 10 LessThanOrEqual 10 -> true
[GdPAI | debug] Discovery: Action EatHeldFood satisfied precond Builtin { target: Agent, operation: LessThanOrEqual, property_name: "hunger", value: Some(Float(10.0)) }
[GdPAI | debug] Found candidate: EatHeldFood (satisfied preconds: [0], requirements: [])
WARNING: [GdPAI] ObjectRef(124621163998): object was freed before callback; returning Nil.
   at: gdplanningai_rust::logger::process_logs (src\logger.rs:66)
   GDScript backtrace (most recent call first):
       [0] _process (res://addons/GdPlanningAI/gdpai_autoload.gd:21)
[GdPAI | debug] ApplyEffect [Before] ID=InstanceId(-9223366890510829168): agent props = {"entity": null, "held_item": "", "hunger": 70.0627442063492}
[GdPAI | debug] ApplyEffect [After] ID=InstanceId(-9223366890510829168): agent props = {"entity": null, "held_item": "", "hunger": 70.0627442063492}
[GdPAI | debug]   Snapshotting prop: entity = Nil (Variant type: NIL)
[GdPAI | debug]   Snapshotting prop: held_item = Str("") (Variant type: STRING)
[GdPAI | debug]   Snapshotting prop: hunger = Float(70.0627442063492) (Variant type: FLOAT)
WARNING: [GdPAI] ObjectRef(1382643928884): object was freed before callback; returning Nil.
   at: gdplanningai_rust::logger::process_logs (src\logger.rs:66)
   GDScript backtrace (most recent call first):
       [0] _process (res://addons/GdPlanningAI/gdpai_autoload.gd:21)
WARNING: [GdPAI] ObjectRef(1382643928884): object was freed before callback; returning Nil.
   at: gdplanningai_rust::logger::process_logs (src\logger.rs:66)
   GDScript backtrace (most recent call first):
       [0] _process (res://addons/GdPlanningAI/gdpai_autoload.gd:21)
[GdPAI | debug] Discovery: Action Dig Potato failed validity check, skipping
WARNING: [GdPAI] ObjectRef(124621163998): object was freed before callback; returning Nil.
   at: gdplanningai_rust::logger::process_logs (src\logger.rs:66)
   GDScript backtrace (most recent call first):
       [0] _process (res://addons/GdPlanningAI/gdpai_autoload.gd:21)
[GdPAI | debug] GetCost: callable returned non-numeric value: null; returning INFINITY
WARNING: [GdPAI] ObjectRef(1382643928884): object was freed before callback; returning Nil.
   at: gdplanningai_rust::logger::process_logs (src\logger.rs:66)
   GDScript backtrace (most recent call first):
       [0] _process (res://addons/GdPlanningAI/gdpai_autoload.gd:21)
WARNING: [GdPAI] ObjectRef(1382643928884): object was freed before callback; returning Nil.
   at: gdplanningai_rust::logger::process_logs (src\logger.rs:66)
   GDScript backtrace (most recent call first):
       [0] _process (res://addons/GdPlanningAI/gdpai_autoload.gd:21)
[GdPAI | debug] Discovery: Action Dig Potato failed validity check, skipping
[GdPAI | debug] ApplyEffect [Before] ID=InstanceId(-9223366887876806298): agent props = {"held_item": "banana", "hunger": 30.0}
[GdPAI | debug] ApplyEffect [After] ID=InstanceId(-9223366887876806298): agent props = {"held_item": "", "hunger": 10.0}
[GdPAI | debug]   Snapshotting prop: held_item = Str("") (Variant type: STRING)
[GdPAI | debug]   Snapshotting prop: hunger = Float(10.0) (Variant type: FLOAT)
[GdPAI] A* Iteration: pop node with chain length 1
[GdPAI | debug] Numeric comparison: 10 LessThanOrEqual 10 -> true
[GdPAI] A* SUCCESS! Returning plan for goal 'NotHungry'
[GdPAI] PlannerEngine: Found valid plan for goal 'NotHungry' (cost: 1.5)
WARNING: [GdPAI] ObjectRef(124621163998): object was freed before callback; returning Nil.
   at: gdplanningai_rust::logger::process_logs (src\logger.rs:66)
   GDScript backtrace (most recent call first):
       [0] _process (res://addons/GdPlanningAI/gdpai_autoload.gd:21)
[GdPAI | debug] ApplyEffect [Before] ID=InstanceId(-9223366887826474592): agent props = {"hunger": 70.0627442063492, "held_item": "", "entity": null}
[GdPAI | debug] ApplyEffect [After] ID=InstanceId(-9223366887826474592): agent props = {"hunger": 70.0627442063492, "held_item": "", "entity": null}
[GdPAI | debug]   Snapshotting prop: hunger = Float(70.0627442063492) (Variant type: FLOAT)
[GdPAI | debug]   Snapshotting prop: held_item = Str("") (Variant type: STRING)
[GdPAI | debug]   Snapshotting prop: entity = Nil (Variant type: NIL)
WARNING: [GdPAI] ObjectRef(1382643928884): object was freed before callback; returning Nil.
   at: gdplanningai_rust::logger::process_logs (src\logger.rs:66)
   GDScript backtrace (most recent call first):
       [0] _process (res://addons/GdPlanningAI/gdpai_autoload.gd:21)
WARNING: [GdPAI] ObjectRef(1382643928884): object was freed before callback; returning Nil.
   at: gdplanningai_rust::logger::process_logs (src\logger.rs:66)
   GDScript backtrace (most recent call first):
       [0] _process (res://addons/GdPlanningAI/gdpai_autoload.gd:21)
WARNING: [GdPAI] ObjectRef(1382157389614): object was freed before callback; returning Nil.
   at: gdplanningai_rust::logger::process_logs (src\logger.rs:66)
   GDScript backtrace (most recent call first):
       [0] _process (res://addons/GdPlanningAI/gdpai_autoload.gd:21)
WARNING: [GdPAI] ObjectRef(1383046581817): object was freed before callback; returning Nil.
   at: gdplanningai_rust::logger::process_logs (src\logger.rs:66)
   GDScript backtrace (most recent call first):
       [0] _process (res://addons/GdPlanningAI/gdpai_autoload.gd:21)
WARNING: [GdPAI] ObjectRef(1382157389614): object was freed before callback; returning Nil.
   at: gdplanningai_rust::logger::process_logs (src\logger.rs:66)
   GDScript backtrace (most recent call first):
       [0] _process (res://addons/GdPlanningAI/gdpai_autoload.gd:21)
WARNING: [GdPAI] ObjectRef(1383046581817): object was freed before callback; returning Nil.
   at: gdplanningai_rust::logger::process_logs (src\logger.rs:66)
   GDScript backtrace (most recent call first):
       [0] _process (res://addons/GdPlanningAI/gdpai_autoload.gd:21)
[GdPAI | debug] GetCost: callable returned non-numeric value: null; returning INFINITY
[GdPAI] Plan complete: success=true, actions=1, cost=1.5, action_chain=[0]
[32m    [Passed]:  [0mPlan should succeed when already holding food
[32m    [Passed]:  [0m[1] expected to equal [1]:  Plan should have 1 action (just Eat)
[32m    [Passed]:  [0m[0] expected to equal [0]:  Action should be Eat (index 0)
[32m    [Passed]:  [0m[1.5] expected to equal [1.5]:  Cost should be just eat cost
[31m    [Failed]:  [0mUnexpected Errors:
    [1] <engine-1>[GdPAI] ObjectRef(124621163998): object was freed before callback; returning Nil.
    [2] <engine-1>[GdPAI] ObjectRef(124621163998): object was freed before callback; returning Nil.
    [3] <engine-1>[GdPAI] ObjectRef(1382643928884): object was freed before callback; returning Nil.
    [4] <engine-1>[GdPAI] ObjectRef(1382643928884): object was freed before callback; returning Nil.
    [5] <engine-1>[GdPAI] ObjectRef(124621163998): object was freed before callback; returning Nil.
    [6] <engine-1>[GdPAI] ObjectRef(1382643928884): object was freed before callback; returning Nil.
    [7] <engine-1>[GdPAI] ObjectRef(1382643928884): object was freed before callback; returning Nil.
    [8] <engine-1>[GdPAI] ObjectRef(124621163998): object was freed before callback; returning Nil.
    [9] <engine-1>[GdPAI] ObjectRef(1382643928884): object was freed before callback; returning Nil.
    [10] <engine-1>[GdPAI] ObjectRef(1382643928884): object was freed before callback; returning Nil.
    [11] <engine-1>[GdPAI] ObjectRef(124621163998): object was freed before callback; returning Nil.
    [12] <engine-1>[GdPAI] ObjectRef(1382643928884): object was freed before callback; returning Nil.
    [13] <engine-1>[GdPAI] ObjectRef(1382643928884): object was freed before callback; returning Nil.
    [14] <engine-1>[GdPAI] ObjectRef(124621163998): object was freed before callback; returning Nil.
    [15] <engine-1>[GdPAI] ObjectRef(1382643928884): object was freed before callback; returning Nil.
    [16] <engine-1>[GdPAI] ObjectRef(1382643928884): object was freed before callback; returning Nil.
    [17] <engine-1>[GdPAI] ObjectRef(1382157389614): object was freed before callback; returning Nil.
    [18] <engine-1>[GdPAI] ObjectRef(1383046581817): object was freed before callback; returning Nil.
    [19] <engine-1>[GdPAI] ObjectRef(1382157389614): object was freed before callback; returning Nil.
    [20] <engine-1>[GdPAI] ObjectRef(1383046581817): object was freed before callback; returning Nil.
      at line 339
* test_requirement_dependent_effect_uses_provider_bound_resimulation
[GdPAI] Direct print from scheduler ready - logging works
[GdPAI] GdPAIPlanScheduler ready — 16 worker thread(s)
[GdPAI | debug] Log channel initialized and ready for planner thread logging
WARNING: [GdPAI] ObjectRef(124621163998): object was freed before callback; returning Nil.
   at: gdplanningai_rust::logger::process_logs (src\logger.rs:66)
   GDScript backtrace (most recent call first):
       [0] _process (res://addons/GdPlanningAI/gdpai_autoload.gd:21)
WARNING: [GdPAI] ObjectRef(124134624705): object was freed before callback; returning Nil.
   at: gdplanningai_rust::logger::process_logs (src\logger.rs:66)
   GDScript backtrace (most recent call first):
       [0] _process (res://addons/GdPlanningAI/gdpai_autoload.gd:21)
WARNING: [GdPAI] ObjectRef(124134624705): object was freed before callback; returning Nil.
   at: gdplanningai_rust::logger::process_logs (src\logger.rs:66)
   GDScript backtrace (most recent call first):
       [0] _process (res://addons/GdPlanningAI/gdpai_autoload.gd:21)
[GdPAI | debug] GetCost: callable returned non-numeric value: null; returning INFINITY
WARNING: [GdPAI] ObjectRef(1382643928884): object was freed before callback; returning Nil.
   at: gdplanningai_rust::logger::process_logs (src\logger.rs:66)
   GDScript backtrace (most recent call first):
       [0] _process (res://addons/GdPlanningAI/gdpai_autoload.gd:21)
WARNING: [GdPAI] ObjectRef(1382643928884): object was freed before callback; returning Nil.
   at: gdplanningai_rust::logger::process_logs (src\logger.rs:66)
   GDScript backtrace (most recent call first):
       [0] _process (res://addons/GdPlanningAI/gdpai_autoload.gd:21)
WARNING: [GdPAI] ObjectRef(1382157389614): object was freed before callback; returning Nil.
   at: gdplanningai_rust::logger::process_logs (src\logger.rs:66)
   GDScript backtrace (most recent call first):
       [0] _process (res://addons/GdPlanningAI/gdpai_autoload.gd:21)
WARNING: [GdPAI] ObjectRef(1383046581817): object was freed before callback; returning Nil.
   at: gdplanningai_rust::logger::process_logs (src\logger.rs:66)
   GDScript backtrace (most recent call first):
       [0] _process (res://addons/GdPlanningAI/gdpai_autoload.gd:21)
WARNING: [GdPAI] ObjectRef(1382157389614): object was freed before callback; returning Nil.
   at: gdplanningai_rust::logger::process_logs (src\logger.rs:66)
   GDScript backtrace (most recent call first):
       [0] _process (res://addons/GdPlanningAI/gdpai_autoload.gd:21)
WARNING: [GdPAI] ObjectRef(1383046581817): object was freed before callback; returning Nil.
   at: gdplanningai_rust::logger::process_logs (src\logger.rs:66)
   GDScript backtrace (most recent call first):
       [0] _process (res://addons/GdPlanningAI/gdpai_autoload.gd:21)
[GdPAI | debug] ApplyEffect [Before] ID=InstanceId(-9223366885175674522): agent props = {"entity": null, "at_target": null, "held_item": "", "hunger": 95.0603725}
[GdPAI | debug] ApplyEffect [After] ID=InstanceId(-9223366885175674522): agent props = {"entity": null, "at_target": null, "held_item": "", "hunger": 95.0603725}
[GdPAI | debug]   Snapshotting prop: entity = Nil (Variant type: NIL)
[GdPAI | debug]   Snapshotting prop: at_target = Nil (Variant type: NIL)
[GdPAI | debug]   Snapshotting prop: held_item = Str("") (Variant type: STRING)
[GdPAI | debug]   Snapshotting prop: hunger = Float(95.0603725) (Variant type: FLOAT)
[GdPAI | debug]   Snapshotting prop: held_item = Str("") (Variant type: STRING)
[GdPAI | debug]   Snapshotting prop: hunger = Float(30.0) (Variant type: FLOAT)
[GdPAI] Submitting plan: 2 actions, 1 goals, 4 callables
[GdPAI | debug] PlannerEngine: Searching for goal 'NotHungry' (reward: 100)
[GdPAI] PlannerEngine: Searching for goal 'NotHungry'
[GdPAI | debug] Numeric comparison: 30 LessThanOrEqual 10 -> false
[GdPAI]   Root branch: 1 open preconds, 0 open requirements
[GdPAI]     Precond 0: Builtin { target: Agent, operation: LessThanOrEqual, property_name: "hunger", value: Some(Float(10.0)) }
[GdPAI] A* Iteration: pop node with chain length 0
[GdPAI | debug] find_candidates: Checking 2 actions against 1 preconds and 0 requirements
[GdPAI | debug] Discovery: Starting simulation for action EatHeldFood
WARNING: [GdPAI] ObjectRef(124621163998): object was freed before callback; returning Nil.
   at: gdplanningai_rust::logger::process_logs (src\logger.rs:66)
   GDScript backtrace (most recent call first):
       [0] _process (res://addons/GdPlanningAI/gdpai_autoload.gd:21)
WARNING: [GdPAI] ObjectRef(124134624705): object was freed before callback; returning Nil.
   at: gdplanningai_rust::logger::process_logs (src\logger.rs:66)
   GDScript backtrace (most recent call first):
       [0] _process (res://addons/GdPlanningAI/gdpai_autoload.gd:21)
WARNING: [GdPAI] ObjectRef(124134624705): object was freed before callback; returning Nil.
   at: gdplanningai_rust::logger::process_logs (src\logger.rs:66)
   GDScript backtrace (most recent call first):
       [0] _process (res://addons/GdPlanningAI/gdpai_autoload.gd:21)
[GdPAI | debug] ApplyEffect [Before] ID=InstanceId(-9223366884051600936): agent props = {"hunger": 70.0627442063492, "at_target": null, "entity": null, "held_item": ""}
[GdPAI | debug] ApplyEffect [After] ID=InstanceId(-9223366884051600936): agent props = {"hunger": 70.0627442063492, "at_target": null, "entity": null, "held_item": ""}
[GdPAI | debug]   Snapshotting prop: hunger = Float(70.0627442063492) (Variant type: FLOAT)
[GdPAI | debug]   Snapshotting prop: at_target = Nil (Variant type: NIL)
[GdPAI | debug]   Snapshotting prop: entity = Nil (Variant type: NIL)
[GdPAI | debug]   Snapshotting prop: held_item = Str("") (Variant type: STRING)
WARNING: [GdPAI] ObjectRef(1382643928884): object was freed before callback; returning Nil.
   at: gdplanningai_rust::logger::process_logs (src\logger.rs:66)
   GDScript backtrace (most recent call first):
       [0] _process (res://addons/GdPlanningAI/gdpai_autoload.gd:21)
WARNING: [GdPAI] ObjectRef(1383046581817): object was freed before callback; returning Nil.
   at: gdplanningai_rust::logger::process_logs (src\logger.rs:66)
   GDScript backtrace (most recent call first):
       [0] _process (res://addons/GdPlanningAI/gdpai_autoload.gd:21)
WARNING: [GdPAI] ObjectRef(1383046581817): object was freed before callback; returning Nil.
   at: gdplanningai_rust::logger::process_logs (src\logger.rs:66)
   GDScript backtrace (most recent call first):
       [0] _process (res://addons/GdPlanningAI/gdpai_autoload.gd:21)
[GdPAI | debug] GetCost: callable returned non-numeric value: null; returning INFINITY
[GdPAI | debug] ApplyEffect [Before] ID=InstanceId(-9223366882608760345): agent props = {"hunger": 30.0, "held_item": ""}
[GdPAI | debug] ApplyEffect [After] ID=InstanceId(-9223366882608760345): agent props = {"hunger": 10.0, "held_item": ""}
[GdPAI | debug]   Snapshotting prop: hunger = Float(10.0) (Variant type: FLOAT)
[GdPAI | debug]   Snapshotting prop: held_item = Str("") (Variant type: STRING)
[GdPAI | debug] Discovery: Simulation success for EatHeldFood. Agent props: {"hunger": Float(10.0), "held_item": Str("")}
[GdPAI | debug] Numeric comparison: 10 LessThanOrEqual 10 -> true
[GdPAI | debug] Discovery: Action EatHeldFood satisfied precond Builtin { target: Agent, operation: LessThanOrEqual, property_name: "hunger", value: Some(Float(10.0)) }
[GdPAI | debug] Found candidate: EatHeldFood (satisfied preconds: [0], requirements: [])
[GdPAI | debug] Discovery: Starting simulation for action PickupBanana
WARNING: [GdPAI] ObjectRef(124621163998): object was freed before callback; returning Nil.
   at: gdplanningai_rust::logger::process_logs (src\logger.rs:66)
   GDScript backtrace (most recent call first):
       [0] _process (res://addons/GdPlanningAI/gdpai_autoload.gd:21)
WARNING: [GdPAI] ObjectRef(124134624705): object was freed before callback; returning Nil.
   at: gdplanningai_rust::logger::process_logs (src\logger.rs:66)
   GDScript backtrace (most recent call first):
       [0] _process (res://addons/GdPlanningAI/gdpai_autoload.gd:21)
WARNING: [GdPAI] ObjectRef(124134624705): object was freed before callback; returning Nil.
   at: gdplanningai_rust::logger::process_logs (src\logger.rs:66)
   GDScript backtrace (most recent call first):
       [0] _process (res://addons/GdPlanningAI/gdpai_autoload.gd:21)
[GdPAI | debug] GetCost: callable returned non-numeric value: null; returning INFINITY
WARNING: [GdPAI] ObjectRef(1382643928884): object was freed before callback; returning Nil.
   at: gdplanningai_rust::logger::process_logs (src\logger.rs:66)
   GDScript backtrace (most recent call first):
       [0] _process (res://addons/GdPlanningAI/gdpai_autoload.gd:21)
WARNING: [GdPAI] ObjectRef(1383046581817): object was freed before callback; returning Nil.
   at: gdplanningai_rust::logger::process_logs (src\logger.rs:66)
   GDScript backtrace (most recent call first):
       [0] _process (res://addons/GdPlanningAI/gdpai_autoload.gd:21)
WARNING: [GdPAI] ObjectRef(1383046581817): object was freed before callback; returning Nil.
   at: gdplanningai_rust::logger::process_logs (src\logger.rs:66)
   GDScript backtrace (most recent call first):
       [0] _process (res://addons/GdPlanningAI/gdpai_autoload.gd:21)
[GdPAI | debug] ApplyEffect [Before] ID=InstanceId(-9223366881988003330): agent props = {"at_target": null, "held_item": "", "entity": null, "hunger": 95.0603725}
[GdPAI | debug] ApplyEffect [After] ID=InstanceId(-9223366881988003330): agent props = {"at_target": null, "held_item": "", "entity": null, "hunger": 95.0603725}
[GdPAI | debug]   Snapshotting prop: at_target = Nil (Variant type: NIL)
[GdPAI | debug]   Snapshotting prop: held_item = Str("") (Variant type: STRING)
[GdPAI | debug]   Snapshotting prop: entity = Nil (Variant type: NIL)
[GdPAI | debug]   Snapshotting prop: hunger = Float(95.0603725) (Variant type: FLOAT)
WARNING: [GdPAI] ObjectRef(124621163998): object was freed before callback; returning Nil.
   at: gdplanningai_rust::logger::process_logs (src\logger.rs:66)
   GDScript backtrace (most recent call first):
       [0] _process (res://addons/GdPlanningAI/gdpai_autoload.gd:21)
WARNING: [GdPAI] ObjectRef(124134624705): object was freed before callback; returning Nil.
   at: gdplanningai_rust::logger::process_logs (src\logger.rs:66)
   GDScript backtrace (most recent call first):
       [0] _process (res://addons/GdPlanningAI/gdpai_autoload.gd:21)
WARNING: [GdPAI] ObjectRef(124134624705): object was freed before callback; returning Nil.
   at: gdplanningai_rust::logger::process_logs (src\logger.rs:66)
   GDScript backtrace (most recent call first):
       [0] _process (res://addons/GdPlanningAI/gdpai_autoload.gd:21)
[GdPAI | debug] ApplyEffect [Before] ID=InstanceId(-9223366881065256473): agent props = {"entity": null, "at_target": null, "held_item": "", "hunger": 70.0627442063492}
[GdPAI | debug] ApplyEffect [After] ID=InstanceId(-9223366881065256473): agent props = {"entity": null, "at_target": null, "held_item": "", "hunger": 70.0627442063492}
[GdPAI | debug]   Snapshotting prop: entity = Nil (Variant type: NIL)
[GdPAI | debug]   Snapshotting prop: at_target = Nil (Variant type: NIL)
[GdPAI | debug]   Snapshotting prop: held_item = Str("") (Variant type: STRING)
[GdPAI | debug]   Snapshotting prop: hunger = Float(70.0627442063492) (Variant type: FLOAT)
WARNING: [GdPAI] ObjectRef(1382643928884): object was freed before callback; returning Nil.
   at: gdplanningai_rust::logger::process_logs (src\logger.rs:66)
   GDScript backtrace (most recent call first):
       [0] _process (res://addons/GdPlanningAI/gdpai_autoload.gd:21)
WARNING: [GdPAI] ObjectRef(1382157389614): object was freed before callback; returning Nil.
   at: gdplanningai_rust::logger::process_logs (src\logger.rs:66)
   GDScript backtrace (most recent call first):
       [0] _process (res://addons/GdPlanningAI/gdpai_autoload.gd:21)
WARNING: [GdPAI] ObjectRef(1382157389614): object was freed before callback; returning Nil.
   at: gdplanningai_rust::logger::process_logs (src\logger.rs:66)
   GDScript backtrace (most recent call first):
       [0] _process (res://addons/GdPlanningAI/gdpai_autoload.gd:21)
[GdPAI | debug] GetCost: callable returned non-numeric value: null; returning INFINITY
[GdPAI | debug] ApplyEffect [Before] ID=InstanceId(-9223366879622415852): agent props = {"held_item": "", "hunger": 30.0}
[GdPAI | debug] ApplyEffect [After] ID=InstanceId(-9223366879622415852): agent props = {"held_item": "banana", "hunger": 30.0}
[GdPAI | debug]   Snapshotting prop: held_item = Str("banana") (Variant type: STRING)
[GdPAI | debug]   Snapshotting prop: hunger = Float(30.0) (Variant type: FLOAT)
[GdPAI | debug] Discovery: Simulation success for PickupBanana. Agent props: {"held_item": Str("banana"), "hunger": Float(30.0)}
[GdPAI | debug] Numeric comparison: 30 LessThanOrEqual 10 -> false
[GdPAI | debug] Discovery: Action PickupBanana did NOT satisfy precond Builtin { target: Agent, operation: LessThanOrEqual, property_name: "hunger", value: Some(Float(10.0)) }
WARNING: [GdPAI] ObjectRef(124621163998): object was freed before callback; returning Nil.
   at: gdplanningai_rust::logger::process_logs (src\logger.rs:66)
   GDScript backtrace (most recent call first):
       [0] _process (res://addons/GdPlanningAI/gdpai_autoload.gd:21)
[GdPAI | debug] GetCost: callable returned non-numeric value: null; returning INFINITY
WARNING: [GdPAI] ObjectRef(1382643928884): object was freed before callback; returning Nil.
   at: gdplanningai_rust::logger::process_logs (src\logger.rs:66)
   GDScript backtrace (most recent call first):
       [0] _process (res://addons/GdPlanningAI/gdpai_autoload.gd:21)
WARNING: [GdPAI] ObjectRef(1382157389614): object was freed before callback; returning Nil.
   at: gdplanningai_rust::logger::process_logs (src\logger.rs:66)
   GDScript backtrace (most recent call first):
       [0] _process (res://addons/GdPlanningAI/gdpai_autoload.gd:21)
WARNING: [GdPAI] ObjectRef(1382157389614): object was freed before callback; returning Nil.
   at: gdplanningai_rust::logger::process_logs (src\logger.rs:66)
   GDScript backtrace (most recent call first):
       [0] _process (res://addons/GdPlanningAI/gdpai_autoload.gd:21)
[GdPAI | debug] ApplyEffect [Before] ID=InstanceId(-9223366879001658880): agent props = {"at_target": null, "held_item": "", "entity": null, "hunger": 95.0603725}
[GdPAI | debug] ApplyEffect [After] ID=InstanceId(-9223366879001658880): agent props = {"at_target": null, "held_item": "", "entity": null, "hunger": 95.0603725}
[GdPAI | debug]   Snapshotting prop: at_target = Nil (Variant type: NIL)
[GdPAI | debug]   Snapshotting prop: held_item = Str("") (Variant type: STRING)
[GdPAI | debug]   Snapshotting prop: entity = Nil (Variant type: NIL)
[GdPAI | debug]   Snapshotting prop: hunger = Float(95.0603725) (Variant type: FLOAT)
WARNING: [GdPAI] ObjectRef(124621163998): object was freed before callback; returning Nil.
   at: gdplanningai_rust::logger::process_logs (src\logger.rs:66)
   GDScript backtrace (most recent call first):
       [0] _process (res://addons/GdPlanningAI/gdpai_autoload.gd:21)
[GdPAI | debug] ApplyEffect [Before] ID=InstanceId(-9223366878179575276): agent props = {"hunger": 70.0627442063492, "entity": null, "held_item": "wood", "at_target": null}
[GdPAI | debug] ApplyEffect [After] ID=InstanceId(-9223366878179575276): agent props = {"hunger": 70.0627442063492, "entity": null, "held_item": "wood", "at_target": null}
[GdPAI | debug]   Snapshotting prop: hunger = Float(70.0627442063492) (Variant type: FLOAT)
[GdPAI | debug]   Snapshotting prop: entity = Nil (Variant type: NIL)
[GdPAI | debug]   Snapshotting prop: held_item = Str("wood") (Variant type: STRING)
[GdPAI | debug]   Snapshotting prop: at_target = Nil (Variant type: NIL)
WARNING: [GdPAI] ObjectRef(1382643928884): object was freed before callback; returning Nil.
   at: gdplanningai_rust::logger::process_logs (src\logger.rs:66)
   GDScript backtrace (most recent call first):
       [0] _process (res://addons/GdPlanningAI/gdpai_autoload.gd:21)
[GdPAI | debug] GetCost: callable returned non-numeric value: null; returning INFINITY
[GdPAI | debug] ApplyEffect [Before] ID=InstanceId(-9223366876938061325): agent props = {"held_item": "", "hunger": 30.0}
[GdPAI | debug] ApplyEffect [After] ID=InstanceId(-9223366876938061325): agent props = {"held_item": "", "hunger": 10.0}
[GdPAI | debug]   Snapshotting prop: held_item = Str("") (Variant type: STRING)
[GdPAI | debug]   Snapshotting prop: hunger = Float(10.0) (Variant type: FLOAT)
[GdPAI] A* Iteration: pop node with chain length 1
[GdPAI | debug] find_candidates: Checking 2 actions against 0 preconds and 1 requirements
[GdPAI | debug] Found candidate: PickupBanana (satisfied preconds: [], requirements: [0])
WARNING: [GdPAI] ObjectRef(124621163998): object was freed before callback; returning Nil.
   at: gdplanningai_rust::logger::process_logs (src\logger.rs:66)
   GDScript backtrace (most recent call first):
       [0] _process (res://addons/GdPlanningAI/gdpai_autoload.gd:21)
WARNING: [GdPAI] ObjectRef(124621163998): object was freed before callback; returning Nil.
   at: gdplanningai_rust::logger::process_logs (src\logger.rs:66)
   GDScript backtrace (most recent call first):
       [0] _process (res://addons/GdPlanningAI/gdpai_autoload.gd:21)
[GdPAI | debug] GetCost: callable returned non-numeric value: null; returning INFINITY
WARNING: [GdPAI] ObjectRef(1382643928884): object was freed before callback; returning Nil.
   at: gdplanningai_rust::logger::process_logs (src\logger.rs:66)
   GDScript backtrace (most recent call first):
       [0] _process (res://addons/GdPlanningAI/gdpai_autoload.gd:21)
[GdPAI | debug] ApplyEffect [Before] ID=InstanceId(-9223366876317304317): agent props = {"at_target": null, "entity": null, "held_item": "wood", "hunger": 95.0603725}
[GdPAI | debug] ApplyEffect [After] ID=InstanceId(-9223366876317304317): agent props = {"at_target": null, "entity": null, "held_item": "wood", "hunger": 95.0603725}
[GdPAI | debug]   Snapshotting prop: at_target = Nil (Variant type: NIL)
[GdPAI | debug]   Snapshotting prop: entity = Nil (Variant type: NIL)
[GdPAI | debug]   Snapshotting prop: held_item = Str("wood") (Variant type: STRING)
[GdPAI | debug]   Snapshotting prop: hunger = Float(95.0603725) (Variant type: FLOAT)
WARNING: [GdPAI] ObjectRef(124621163998): object was freed before callback; returning Nil.
   at: gdplanningai_rust::logger::process_logs (src\logger.rs:66)
   GDScript backtrace (most recent call first):
       [0] _process (res://addons/GdPlanningAI/gdpai_autoload.gd:21)
WARNING: [GdPAI] ObjectRef(124621163998): object was freed before callback; returning Nil.
   at: gdplanningai_rust::logger::process_logs (src\logger.rs:66)
   GDScript backtrace (most recent call first):
       [0] _process (res://addons/GdPlanningAI/gdpai_autoload.gd:21)
[GdPAI | debug] ApplyEffect [Before] ID=InstanceId(-9223366875545552397): agent props = {"hunger": 70.0627442063492, "entity": null, "held_item": ""}
[GdPAI | debug] ApplyEffect [After] ID=InstanceId(-9223366875545552397): agent props = {"hunger": 70.0627442063492, "entity": null, "held_item": ""}
[GdPAI | debug]   Snapshotting prop: hunger = Float(70.0627442063492) (Variant type: FLOAT)
[GdPAI | debug]   Snapshotting prop: entity = Nil (Variant type: NIL)
[GdPAI | debug]   Snapshotting prop: held_item = Str("") (Variant type: STRING)
WARNING: [GdPAI] ObjectRef(1382643928884): object was freed before callback; returning Nil.
   at: gdplanningai_rust::logger::process_logs (src\logger.rs:66)
   GDScript backtrace (most recent call first):
       [0] _process (res://addons/GdPlanningAI/gdpai_autoload.gd:21)
WARNING: [GdPAI] ObjectRef(1382643928884): object was freed before callback; returning Nil.
   at: gdplanningai_rust::logger::process_logs (src\logger.rs:66)
   GDScript backtrace (most recent call first):
       [0] _process (res://addons/GdPlanningAI/gdpai_autoload.gd:21)
[GdPAI | debug] GetCost: callable returned non-numeric value: null; returning INFINITY
[GdPAI | debug] ApplyEffect [Before] ID=InstanceId(-9223366874203375041): agent props = {"held_item": "", "hunger": 30.0}
[GdPAI | debug] ApplyEffect [After] ID=InstanceId(-9223366874203375041): agent props = {"held_item": "banana", "hunger": 30.0}
[GdPAI | debug]   Snapshotting prop: held_item = Str("banana") (Variant type: STRING)
[GdPAI | debug]   Snapshotting prop: hunger = Float(30.0) (Variant type: FLOAT)
WARNING: [GdPAI] ObjectRef(124621163998): object was freed before callback; returning Nil.
   at: gdplanningai_rust::logger::process_logs (src\logger.rs:66)
   GDScript backtrace (most recent call first):
       [0] _process (res://addons/GdPlanningAI/gdpai_autoload.gd:21)
[GdPAI | debug] GetCost: callable returned non-numeric value: null; returning INFINITY
WARNING: [GdPAI] ObjectRef(1382643928884): object was freed before callback; returning Nil.
   at: gdplanningai_rust::logger::process_logs (src\logger.rs:66)
   GDScript backtrace (most recent call first):
       [0] _process (res://addons/GdPlanningAI/gdpai_autoload.gd:21)
WARNING: [GdPAI] ObjectRef(1382643928884): object was freed before callback; returning Nil.
   at: gdplanningai_rust::logger::process_logs (src\logger.rs:66)
   GDScript backtrace (most recent call first):
       [0] _process (res://addons/GdPlanningAI/gdpai_autoload.gd:21)
[GdPAI | debug] ApplyEffect [Before] ID=InstanceId(-9223366873582618074): agent props = {"held_item": "", "entity": null, "hunger": 95.0603725}
[GdPAI | debug] ApplyEffect [After] ID=InstanceId(-9223366873582618074): agent props = {"held_item": "", "entity": null, "hunger": 95.0603725}
[GdPAI | debug]   Snapshotting prop: held_item = Str("") (Variant type: STRING)
[GdPAI | debug]   Snapshotting prop: entity = Nil (Variant type: NIL)
[GdPAI | debug]   Snapshotting prop: hunger = Float(95.0603725) (Variant type: FLOAT)
WARNING: [GdPAI] ObjectRef(124621163998): object was freed before callback; returning Nil.
   at: gdplanningai_rust::logger::process_logs (src\logger.rs:66)
   GDScript backtrace (most recent call first):
       [0] _process (res://addons/GdPlanningAI/gdpai_autoload.gd:21)
[GdPAI | debug] ApplyEffect [Before] ID=InstanceId(-9223366872810866113): agent props = {"entity": null, "hunger": 70.0627442063492, "held_item": ""}
[GdPAI | debug] ApplyEffect [After] ID=InstanceId(-9223366872810866113): agent props = {"entity": null, "hunger": 70.0627442063492, "held_item": ""}
[GdPAI | debug]   Snapshotting prop: entity = Nil (Variant type: NIL)
[GdPAI | debug]   Snapshotting prop: hunger = Float(70.0627442063492) (Variant type: FLOAT)
[GdPAI | debug]   Snapshotting prop: held_item = Str("") (Variant type: STRING)
WARNING: [GdPAI] ObjectRef(1382643928884): object was freed before callback; returning Nil.
   at: gdplanningai_rust::logger::process_logs (src\logger.rs:66)
   GDScript backtrace (most recent call first):
       [0] _process (res://addons/GdPlanningAI/gdpai_autoload.gd:21)
[GdPAI | debug] GetCost: callable returned non-numeric value: null; returning INFINITY
[GdPAI | debug] ApplyEffect [Before] ID=InstanceId(-9223366871569352117): agent props = {"held_item": "banana", "hunger": 30.0}
[GdPAI | debug] ApplyEffect [After] ID=InstanceId(-9223366871569352117): agent props = {"held_item": "", "hunger": 10.0}
[GdPAI | debug]   Snapshotting prop: held_item = Str("") (Variant type: STRING)
[GdPAI | debug]   Snapshotting prop: hunger = Float(10.0) (Variant type: FLOAT)
[GdPAI] A* Iteration: pop node with chain length 2
[GdPAI | debug] Numeric comparison: 10 LessThanOrEqual 10 -> true
[GdPAI] A* SUCCESS! Returning plan for goal 'NotHungry'
[GdPAI] PlannerEngine: Found valid plan for goal 'NotHungry' (cost: 3.5)
WARNING: [GdPAI] ObjectRef(124621163998): object was freed before callback; returning Nil.
   at: gdplanningai_rust::logger::process_logs (src\logger.rs:66)
   GDScript backtrace (most recent call first):
       [0] _process (res://addons/GdPlanningAI/gdpai_autoload.gd:21)
[GdPAI | debug] GetCost: callable returned non-numeric value: null; returning INFINITY
WARNING: [GdPAI] ObjectRef(1382643928884): object was freed before callback; returning Nil.
   at: gdplanningai_rust::logger::process_logs (src\logger.rs:66)
   GDScript backtrace (most recent call first):
       [0] _process (res://addons/GdPlanningAI/gdpai_autoload.gd:21)
[GdPAI | debug] ApplyEffect [Before] ID=InstanceId(-9223366870948595119): agent props = {"hunger": 95.0603725, "held_item": "", "entity": null}
[GdPAI | debug] ApplyEffect [After] ID=InstanceId(-9223366870948595119): agent props = {"hunger": 95.0603725, "held_item": "", "entity": null}
[GdPAI | debug]   Snapshotting prop: hunger = Float(95.0603725) (Variant type: FLOAT)
[GdPAI | debug]   Snapshotting prop: held_item = Str("") (Variant type: STRING)
[GdPAI | debug]   Snapshotting prop: entity = Nil (Variant type: NIL)
[GdPAI] Plan complete: success=true, actions=2, cost=3.5, action_chain=[1, 0]
[32m    [Passed]:  [0mPlan should re-simulate Eat after Pickup binds banana
[1m    [INFO]:  [0mArray/Dictionary compared by value.  Use assert_same to compare references.  Use assert_eq_deep to see diff when failing.
[32m    [Passed]:  [0mARRAY([1, 0]) == ARRAY([1, 0])  Plan should pickup banana before eating it
[31m    [Failed]:  [0mUnexpected Errors:
    [1] <engine-1>[GdPAI] ObjectRef(124621163998): object was freed before callback; returning Nil.
    [2] <engine-1>[GdPAI] ObjectRef(124134624705): object was freed before callback; returning Nil.
    [3] <engine-1>[GdPAI] ObjectRef(124134624705): object was freed before callback; returning Nil.
    [4] <engine-1>[GdPAI] ObjectRef(1382643928884): object was freed before callback; returning Nil.
    [5] <engine-1>[GdPAI] ObjectRef(1382643928884): object was freed before callback; returning Nil.
    [6] <engine-1>[GdPAI] ObjectRef(1382157389614): object was freed before callback; returning Nil.
    [7] <engine-1>[GdPAI] ObjectRef(1383046581817): object was freed before callback; returning Nil.
    [8] <engine-1>[GdPAI] ObjectRef(1382157389614): object was freed before callback; returning Nil.
    [9] <engine-1>[GdPAI] ObjectRef(1383046581817): object was freed before callback; returning Nil.
    [10] <engine-1>[GdPAI] ObjectRef(124621163998): object was freed before callback; returning Nil.
    [11] <engine-1>[GdPAI] ObjectRef(124134624705): object was freed before callback; returning Nil.
    [12] <engine-1>[GdPAI] ObjectRef(124134624705): object was freed before callback; returning Nil.
    [13] <engine-1>[GdPAI] ObjectRef(1382643928884): object was freed before callback; returning Nil.
    [14] <engine-1>[GdPAI] ObjectRef(1383046581817): object was freed before callback; returning Nil.
    [15] <engine-1>[GdPAI] ObjectRef(1383046581817): object was freed before callback; returning Nil.
    [16] <engine-1>[GdPAI] ObjectRef(124621163998): object was freed before callback; returning Nil.
    [17] <engine-1>[GdPAI] ObjectRef(124134624705): object was freed before callback; returning Nil.
    [18] <engine-1>[GdPAI] ObjectRef(124134624705): object was freed before callback; returning Nil.
    [19] <engine-1>[GdPAI] ObjectRef(1382643928884): object was freed before callback; returning Nil.
    [20] <engine-1>[GdPAI] ObjectRef(1383046581817): object was freed before callback; returning Nil.
    [21] <engine-1>[GdPAI] ObjectRef(1383046581817): object was freed before callback; returning Nil.
    [22] <engine-1>[GdPAI] ObjectRef(124621163998): object was freed before callback; returning Nil.
    [23] <engine-1>[GdPAI] ObjectRef(124134624705): object was freed before callback; returning Nil.
    [24] <engine-1>[GdPAI] ObjectRef(124134624705): object was freed before callback; returning Nil.
    [25] <engine-1>[GdPAI] ObjectRef(1382643928884): object was freed before callback; returning Nil.
    [26] <engine-1>[GdPAI] ObjectRef(1382157389614): object was freed before callback; returning Nil.
    [27] <engine-1>[GdPAI] ObjectRef(1382157389614): object was freed before callback; returning Nil.
    [28] <engine-1>[GdPAI] ObjectRef(124621163998): object was freed before callback; returning Nil.
    [29] <engine-1>[GdPAI] ObjectRef(1382643928884): object was freed before callback; returning Nil.
    [30] <engine-1>[GdPAI] ObjectRef(1382157389614): object was freed before callback; returning Nil.
    [31] <engine-1>[GdPAI] ObjectRef(1382157389614): object was freed before callback; returning Nil.
    [32] <engine-1>[GdPAI] ObjectRef(124621163998): object was freed before callback; returning Nil.
    [33] <engine-1>[GdPAI] ObjectRef(1382643928884): object was freed before callback; returning Nil.
    [34] <engine-1>[GdPAI] ObjectRef(124621163998): object was freed before callback; returning Nil.
    [35] <engine-1>[GdPAI] ObjectRef(124621163998): object was freed before callback; returning Nil.
    [36] <engine-1>[GdPAI] ObjectRef(1382643928884): object was freed before callback; returning Nil.
    [37] <engine-1>[GdPAI] ObjectRef(124621163998): object was freed before callback; returning Nil.
    [38] <engine-1>[GdPAI] ObjectRef(124621163998): object was freed before callback; returning Nil.
    [39] <engine-1>[GdPAI] ObjectRef(1382643928884): object was freed before callback; returning Nil.
    [40] <engine-1>[GdPAI] ObjectRef(1382643928884): object was freed before callback; returning Nil.
    [41] <engine-1>[GdPAI] ObjectRef(124621163998): object was freed before callback; returning Nil.
    [42] <engine-1>[GdPAI] ObjectRef(1382643928884): object was freed before callback; returning Nil.
    [43] <engine-1>[GdPAI] ObjectRef(1382643928884): object was freed before callback; returning Nil.
    [44] <engine-1>[GdPAI] ObjectRef(124621163998): object was freed before callback; returning Nil.
    [45] <engine-1>[GdPAI] ObjectRef(1382643928884): object was freed before callback; returning Nil.
    [46] <engine-1>[GdPAI] ObjectRef(124621163998): object was freed before callback; returning Nil.
    [47] <engine-1>[GdPAI] ObjectRef(1382643928884): object was freed before callback; returning Nil.
      at line 404
WARNING: [GdPAI] ObjectRef(124621163998): object was freed before callback; returning Nil.
   at: gdplanningai_rust::logger::process_logs (src\logger.rs:66)
   GDScript backtrace (most recent call first):
       [0] _process (res://addons/GdPlanningAI/gdpai_autoload.gd:21)
[GdPAI | debug] ApplyEffect [Before] ID=InstanceId(-9223366869270873525): agent props = {"hunger": 70.0627442063492, "entity": null, "held_item": ""}
[GdPAI | debug] ApplyEffect [After] ID=InstanceId(-9223366869270873525): agent props = {"hunger": 70.0627442063492, "entity": null, "held_item": ""}
[GdPAI | debug]   Snapshotting prop: hunger = Float(70.0627442063492) (Variant type: FLOAT)
[GdPAI | debug]   Snapshotting prop: entity = Nil (Variant type: NIL)
[GdPAI | debug]   Snapshotting prop: held_item = Str("") (Variant type: STRING)
WARNING: [GdPAI] ObjectRef(1382643928884): object was freed before callback; returning Nil.
   at: gdplanningai_rust::logger::process_logs (src\logger.rs:66)
   GDScript backtrace (most recent call first):
       [0] _process (res://addons/GdPlanningAI/gdpai_autoload.gd:21)
[GdPAI | debug] GetCost: callable returned non-numeric value: null; returning INFINITY
* test_search_returns_cheapest_valid_requirement_chain
[GdPAI] Direct print from scheduler ready - logging works
[GdPAI] GdPAIPlanScheduler ready — 16 worker thread(s)
[GdPAI | debug] Log channel initialized and ready for planner thread logging
WARNING: [GdPAI] ObjectRef(124621163998): object was freed before callback; returning Nil.
   at: gdplanningai_rust::logger::process_logs (src\logger.rs:66)
   GDScript backtrace (most recent call first):
       [0] _process (res://addons/GdPlanningAI/gdpai_autoload.gd:21)
WARNING: [GdPAI] ObjectRef(124134624705): object was freed before callback; returning Nil.
   at: gdplanningai_rust::logger::process_logs (src\logger.rs:66)
   GDScript backtrace (most recent call first):
       [0] _process (res://addons/GdPlanningAI/gdpai_autoload.gd:21)
WARNING: [GdPAI] ObjectRef(124134624705): object was freed before callback; returning Nil.
   at: gdplanningai_rust::logger::process_logs (src\logger.rs:66)
   GDScript backtrace (most recent call first):
       [0] _process (res://addons/GdPlanningAI/gdpai_autoload.gd:21)
[GdPAI | debug] GetCost: callable returned non-numeric value: null; returning INFINITY
WARNING: [GdPAI] ObjectRef(1382643928884): object was freed before callback; returning Nil.
   at: gdplanningai_rust::logger::process_logs (src\logger.rs:66)
   GDScript backtrace (most recent call first):
       [0] _process (res://addons/GdPlanningAI/gdpai_autoload.gd:21)
[GdPAI | debug] ApplyEffect [Before] ID=InstanceId(-9223366867358271038): agent props = {"entity": null, "held_item": "", "hunger": 95.0603725}
[GdPAI | debug] ApplyEffect [After] ID=InstanceId(-9223366867358271038): agent props = {"entity": null, "held_item": "", "hunger": 95.0603725}
[GdPAI | debug]   Snapshotting prop: entity = Nil (Variant type: NIL)
[GdPAI | debug]   Snapshotting prop: held_item = Str("") (Variant type: STRING)
[GdPAI | debug]   Snapshotting prop: hunger = Float(95.0603725) (Variant type: FLOAT)
[GdPAI | debug]   Snapshotting prop: task_done = Bool(false) (Variant type: BOOL)
[GdPAI | debug]   Snapshotting prop: tool = Str("") (Variant type: STRING)
[GdPAI] Submitting plan: 4 actions, 1 goals, 8 callables
[GdPAI | debug] PlannerEngine: Searching for goal 'TaskDone' (reward: 100)
[GdPAI] PlannerEngine: Searching for goal 'TaskDone'
[GdPAI]   Root branch: 1 open preconds, 0 open requirements
[GdPAI]     Precond 0: Builtin { target: Agent, operation: Equal, property_name: "task_done", value: Some(Bool(true)) }
[GdPAI] A* Iteration: pop node with chain length 0
[GdPAI | debug] find_candidates: Checking 4 actions against 1 preconds and 0 requirements
[GdPAI | debug] Discovery: Starting simulation for action UseExpensiveTool
WARNING: [GdPAI] ObjectRef(124621163998): object was freed before callback; returning Nil.
   at: gdplanningai_rust::logger::process_logs (src\logger.rs:66)
   GDScript backtrace (most recent call first):
       [0] _process (res://addons/GdPlanningAI/gdpai_autoload.gd:21)
WARNING: [GdPAI] ObjectRef(124134624705): object was freed before callback; returning Nil.
   at: gdplanningai_rust::logger::process_logs (src\logger.rs:66)
   GDScript backtrace (most recent call first):
       [0] _process (res://addons/GdPlanningAI/gdpai_autoload.gd:21)
WARNING: [GdPAI] ObjectRef(124134624705): object was freed before callback; returning Nil.
   at: gdplanningai_rust::logger::process_logs (src\logger.rs:66)
   GDScript backtrace (most recent call first):
       [0] _process (res://addons/GdPlanningAI/gdpai_autoload.gd:21)
[GdPAI | debug] ApplyEffect [Before] ID=InstanceId(-9223366866485855582): agent props = {"at_target": null, "entity": null, "held_item": "", "hunger": 70.0627442063492}
[GdPAI | debug] ApplyEffect [After] ID=InstanceId(-9223366866485855582): agent props = {"at_target": null, "entity": null, "held_item": "", "hunger": 70.0627442063492}
[GdPAI | debug]   Snapshotting prop: at_target = Nil (Variant type: NIL)
[GdPAI | debug]   Snapshotting prop: entity = Nil (Variant type: NIL)
[GdPAI | debug]   Snapshotting prop: held_item = Str("") (Variant type: STRING)
[GdPAI | debug]   Snapshotting prop: hunger = Float(70.0627442063492) (Variant type: FLOAT)
WARNING: [GdPAI] ObjectRef(1382643928884): object was freed before callback; returning Nil.
   at: gdplanningai_rust::logger::process_logs (src\logger.rs:66)
   GDScript backtrace (most recent call first):
       [0] _process (res://addons/GdPlanningAI/gdpai_autoload.gd:21)
[GdPAI | debug] GetCost: callable returned non-numeric value: null; returning INFINITY
[GdPAI | debug] ApplyEffect [Before] ID=InstanceId(-9223366865143678308): agent props = {"tool": "expensive", "task_done": false}
[GdPAI | debug] ApplyEffect [After] ID=InstanceId(-9223366865143678308): agent props = {"tool": "expensive", "task_done": true}
[GdPAI | debug]   Snapshotting prop: tool = Str("expensive") (Variant type: STRING)
[GdPAI | debug]   Snapshotting prop: task_done = Bool(true) (Variant type: BOOL)
[GdPAI | debug] Discovery: Simulation success for UseExpensiveTool. Agent props: {"task_done": Bool(true), "tool": Str("expensive")}
[GdPAI | debug] Discovery: Action UseExpensiveTool satisfied precond Builtin { target: Agent, operation: Equal, property_name: "task_done", value: Some(Bool(true)) }
[GdPAI | debug] Found candidate: UseExpensiveTool (satisfied preconds: [0], requirements: [])
[GdPAI | debug] Discovery: Starting simulation for action GetExpensiveTool
WARNING: [GdPAI] ObjectRef(124621163998): object was freed before callback; returning Nil.
   at: gdplanningai_rust::logger::process_logs (src\logger.rs:66)
   GDScript backtrace (most recent call first):
       [0] _process (res://addons/GdPlanningAI/gdpai_autoload.gd:21)
WARNING: [GdPAI] ObjectRef(124134624705): object was freed before callback; returning Nil.
   at: gdplanningai_rust::logger::process_logs (src\logger.rs:66)
   GDScript backtrace (most recent call first):
       [0] _process (res://addons/GdPlanningAI/gdpai_autoload.gd:21)
WARNING: [GdPAI] ObjectRef(124134624705): object was freed before callback; returning Nil.
   at: gdplanningai_rust::logger::process_logs (src\logger.rs:66)
   GDScript backtrace (most recent call first):
       [0] _process (res://addons/GdPlanningAI/gdpai_autoload.gd:21)
[GdPAI | debug] GetCost: callable returned non-numeric value: null; returning INFINITY
WARNING: [GdPAI] ObjectRef(1382643928884): object was freed before callback; returning Nil.
   at: gdplanningai_rust::logger::process_logs (src\logger.rs:66)
   GDScript backtrace (most recent call first):
       [0] _process (res://addons/GdPlanningAI/gdpai_autoload.gd:21)
[GdPAI | debug] ApplyEffect [Before] ID=InstanceId(-9223366864522921334): agent props = {"held_item": "wood", "hunger": 95.0603725, "entity": null}
[GdPAI | debug] ApplyEffect [After] ID=InstanceId(-9223366864522921334): agent props = {"held_item": "wood", "hunger": 95.0603725, "entity": null}
[GdPAI | debug]   Snapshotting prop: held_item = Str("wood") (Variant type: STRING)
[GdPAI | debug]   Snapshotting prop: hunger = Float(95.0603725) (Variant type: FLOAT)
[GdPAI | debug]   Snapshotting prop: entity = Nil (Variant type: NIL)
[GdPAI | debug] Numeric comparison: 95.0603725 GreaterThan 0 -> true
WARNING: [GdPAI] ObjectRef(124621163998): object was freed before callback; returning Nil.
   at: gdplanningai_rust::logger::process_logs (src\logger.rs:66)
   GDScript backtrace (most recent call first):
       [0] _process (res://addons/GdPlanningAI/gdpai_autoload.gd:21)
WARNING: [GdPAI] ObjectRef(124134624705): object was freed before callback; returning Nil.
   at: gdplanningai_rust::logger::process_logs (src\logger.rs:66)
   GDScript backtrace (most recent call first):
       [0] _process (res://addons/GdPlanningAI/gdpai_autoload.gd:21)
WARNING: [GdPAI] ObjectRef(124134624705): object was freed before callback; returning Nil.
   at: gdplanningai_rust::logger::process_logs (src\logger.rs:66)
   GDScript backtrace (most recent call first):
       [0] _process (res://addons/GdPlanningAI/gdpai_autoload.gd:21)
[GdPAI | debug] ApplyEffect [Before] ID=InstanceId(-9223366863700837732): agent props = {"held_item": "", "entity": null, "hunger": 70.0627442063492, "at_target": null}
[GdPAI | debug] ApplyEffect [After] ID=InstanceId(-9223366863700837732): agent props = {"held_item": "", "entity": null, "hunger": 70.0627442063492, "at_target": null}
[GdPAI | debug]   Snapshotting prop: held_item = Str("") (Variant type: STRING)
[GdPAI | debug]   Snapshotting prop: entity = Nil (Variant type: NIL)
[GdPAI | debug]   Snapshotting prop: hunger = Float(70.0627442063492) (Variant type: FLOAT)
[GdPAI | debug]   Snapshotting prop: at_target = Nil (Variant type: NIL)
WARNING: [GdPAI] ObjectRef(1382643928884): object was freed before callback; returning Nil.
   at: gdplanningai_rust::logger::process_logs (src\logger.rs:66)
   GDScript backtrace (most recent call first):
       [0] _process (res://addons/GdPlanningAI/gdpai_autoload.gd:21)
WARNING: [GdPAI] ObjectRef(1382643928884): object was freed before callback; returning Nil.
   at: gdplanningai_rust::logger::process_logs (src\logger.rs:66)
   GDScript backtrace (most recent call first):
       [0] _process (res://addons/GdPlanningAI/gdpai_autoload.gd:21)
WARNING: [GdPAI] ObjectRef(1382157389614): object was freed before callback; returning Nil.
   at: gdplanningai_rust::logger::process_logs (src\logger.rs:66)
   GDScript backtrace (most recent call first):
       [0] _process (res://addons/GdPlanningAI/gdpai_autoload.gd:21)
WARNING: [GdPAI] ObjectRef(1383046581817): object was freed before callback; returning Nil.
   at: gdplanningai_rust::logger::process_logs (src\logger.rs:66)
   GDScript backtrace (most recent call first):
       [0] _process (res://addons/GdPlanningAI/gdpai_autoload.gd:21)
WARNING: [GdPAI] ObjectRef(1382157389614): object was freed before callback; returning Nil.
   at: gdplanningai_rust::logger::process_logs (src\logger.rs:66)
   GDScript backtrace (most recent call first):
       [0] _process (res://addons/GdPlanningAI/gdpai_autoload.gd:21)
WARNING: [GdPAI] ObjectRef(1383046581817): object was freed before callback; returning Nil.
   at: gdplanningai_rust::logger::process_logs (src\logger.rs:66)
   GDScript backtrace (most recent call first):
       [0] _process (res://addons/GdPlanningAI/gdpai_autoload.gd:21)
[GdPAI | debug] GetCost: callable returned non-numeric value: null; returning INFINITY
[GdPAI | debug] ApplyEffect [Before] ID=InstanceId(-9223366862107002173): agent props = {"task_done": false, "tool": ""}
[GdPAI | debug] ApplyEffect [After] ID=InstanceId(-9223366862107002173): agent props = {"task_done": false, "tool": "expensive"}
[GdPAI | debug]   Snapshotting prop: task_done = Bool(false) (Variant type: BOOL)
[GdPAI | debug]   Snapshotting prop: tool = Str("expensive") (Variant type: STRING)
[GdPAI | debug] Discovery: Simulation success for GetExpensiveTool. Agent props: {"task_done": Bool(false), "tool": Str("expensive")}
[GdPAI | debug] Discovery: Action GetExpensiveTool did NOT satisfy precond Builtin { target: Agent, operation: Equal, property_name: "task_done", value: Some(Bool(true)) }
[GdPAI | debug] Discovery: Starting simulation for action UseCheapTool
WARNING: [GdPAI] ObjectRef(124621163998): object was freed before callback; returning Nil.
   at: gdplanningai_rust::logger::process_logs (src\logger.rs:66)
   GDScript backtrace (most recent call first):
       [0] _process (res://addons/GdPlanningAI/gdpai_autoload.gd:21)
[GdPAI | debug] GetCost: callable returned non-numeric value: null; returning INFINITY
WARNING: [GdPAI] ObjectRef(1382643928884): object was freed before callback; returning Nil.
   at: gdplanningai_rust::logger::process_logs (src\logger.rs:66)
   GDScript backtrace (most recent call first):
       [0] _process (res://addons/GdPlanningAI/gdpai_autoload.gd:21)
WARNING: [GdPAI] ObjectRef(1382643928884): object was freed before callback; returning Nil.
   at: gdplanningai_rust::logger::process_logs (src\logger.rs:66)
   GDScript backtrace (most recent call first):
       [0] _process (res://addons/GdPlanningAI/gdpai_autoload.gd:21)
WARNING: [GdPAI] ObjectRef(1382157389614): object was freed before callback; returning Nil.
   at: gdplanningai_rust::logger::process_logs (src\logger.rs:66)
   GDScript backtrace (most recent call first):
       [0] _process (res://addons/GdPlanningAI/gdpai_autoload.gd:21)
WARNING: [GdPAI] ObjectRef(1383046581817): object was freed before callback; returning Nil.
   at: gdplanningai_rust::logger::process_logs (src\logger.rs:66)
   GDScript backtrace (most recent call first):
       [0] _process (res://addons/GdPlanningAI/gdpai_autoload.gd:21)
WARNING: [GdPAI] ObjectRef(1382157389614): object was freed before callback; returning Nil.
   at: gdplanningai_rust::logger::process_logs (src\logger.rs:66)
   GDScript backtrace (most recent call first):
       [0] _process (res://addons/GdPlanningAI/gdpai_autoload.gd:21)
WARNING: [GdPAI] ObjectRef(1383046581817): object was freed before callback; returning Nil.
   at: gdplanningai_rust::logger::process_logs (src\logger.rs:66)
   GDScript backtrace (most recent call first):
       [0] _process (res://addons/GdPlanningAI/gdpai_autoload.gd:21)
[GdPAI | debug] ApplyEffect [Before] ID=InstanceId(-9223366861486245230): agent props = {"hunger": 95.0603725, "entity": null, "held_item": "", "at_target": null}
[GdPAI | debug] ApplyEffect [After] ID=InstanceId(-9223366861486245230): agent props = {"hunger": 95.0603725, "entity": null, "held_item": "", "at_target": null}
[GdPAI | debug]   Snapshotting prop: hunger = Float(95.0603725) (Variant type: FLOAT)
[GdPAI | debug]   Snapshotting prop: entity = Nil (Variant type: NIL)
[GdPAI | debug]   Snapshotting prop: held_item = Str("") (Variant type: STRING)
[GdPAI | debug]   Snapshotting prop: at_target = Nil (Variant type: NIL)
WARNING: [GdPAI] ObjectRef(124621163998): object was freed before callback; returning Nil.
   at: gdplanningai_rust::logger::process_logs (src\logger.rs:66)
   GDScript backtrace (most recent call first):
       [0] _process (res://addons/GdPlanningAI/gdpai_autoload.gd:21)
[GdPAI | debug] ApplyEffect [Before] ID=InstanceId(-9223366860513166653): agent props = {"hunger": 70.0627442063492, "entity": null, "held_item": "wood", "at_target": null}
[GdPAI | debug] ApplyEffect [After] ID=InstanceId(-9223366860513166653): agent props = {"hunger": 70.0627442063492, "entity": null, "held_item": "wood", "at_target": null}
[GdPAI | debug]   Snapshotting prop: hunger = Float(70.0627442063492) (Variant type: FLOAT)
[GdPAI | debug]   Snapshotting prop: entity = Nil (Variant type: NIL)
[GdPAI | debug]   Snapshotting prop: held_item = Str("wood") (Variant type: STRING)
[GdPAI | debug]   Snapshotting prop: at_target = Nil (Variant type: NIL)
WARNING: [GdPAI] ObjectRef(1382643928884): object was freed before callback; returning Nil.
   at: gdplanningai_rust::logger::process_logs (src\logger.rs:66)
   GDScript backtrace (most recent call first):
       [0] _process (res://addons/GdPlanningAI/gdpai_autoload.gd:21)
WARNING: [GdPAI] ObjectRef(1383046581817): object was freed before callback; returning Nil.
   at: gdplanningai_rust::logger::process_logs (src\logger.rs:66)
   GDScript backtrace (most recent call first):
       [0] _process (res://addons/GdPlanningAI/gdpai_autoload.gd:21)
WARNING: [GdPAI] ObjectRef(1383046581817): object was freed before callback; returning Nil.
   at: gdplanningai_rust::logger::process_logs (src\logger.rs:66)
   GDScript backtrace (most recent call first):
       [0] _process (res://addons/GdPlanningAI/gdpai_autoload.gd:21)
[GdPAI | debug] GetCost: callable returned non-numeric value: null; returning INFINITY
[GdPAI | debug] ApplyEffect [Before] ID=InstanceId(-9223366859170989354): agent props = {"tool": "cheap", "task_done": false}
[GdPAI | debug] ApplyEffect [After] ID=InstanceId(-9223366859170989354): agent props = {"tool": "cheap", "task_done": true}
[GdPAI | debug]   Snapshotting prop: tool = Str("cheap") (Variant type: STRING)
[GdPAI | debug]   Snapshotting prop: task_done = Bool(true) (Variant type: BOOL)
[GdPAI | debug] Discovery: Simulation success for UseCheapTool. Agent props: {"tool": Str("cheap"), "task_done": Bool(true)}
[GdPAI | debug] Discovery: Action UseCheapTool satisfied precond Builtin { target: Agent, operation: Equal, property_name: "task_done", value: Some(Bool(true)) }
[GdPAI | debug] Found candidate: UseCheapTool (satisfied preconds: [0], requirements: [])
[GdPAI | debug] Discovery: Starting simulation for action GetCheapTool
WARNING: [GdPAI] ObjectRef(124621163998): object was freed before callback; returning Nil.
   at: gdplanningai_rust::logger::process_logs (src\logger.rs:66)
   GDScript backtrace (most recent call first):
       [0] _process (res://addons/GdPlanningAI/gdpai_autoload.gd:21)
WARNING: [GdPAI] ObjectRef(124621163998): object was freed before callback; returning Nil.
   at: gdplanningai_rust::logger::process_logs (src\logger.rs:66)
   GDScript backtrace (most recent call first):
       [0] _process (res://addons/GdPlanningAI/gdpai_autoload.gd:21)
[GdPAI | debug] GetCost: callable returned non-numeric value: null; returning INFINITY
WARNING: [GdPAI] ObjectRef(1382643928884): object was freed before callback; returning Nil.
   at: gdplanningai_rust::logger::process_logs (src\logger.rs:66)
   GDScript backtrace (most recent call first):
       [0] _process (res://addons/GdPlanningAI/gdpai_autoload.gd:21)
WARNING: [GdPAI] ObjectRef(1383046581817): object was freed before callback; returning Nil.
   at: gdplanningai_rust::logger::process_logs (src\logger.rs:66)
   GDScript backtrace (most recent call first):
       [0] _process (res://addons/GdPlanningAI/gdpai_autoload.gd:21)
WARNING: [GdPAI] ObjectRef(1383046581817): object was freed before callback; returning Nil.
   at: gdplanningai_rust::logger::process_logs (src\logger.rs:66)
   GDScript backtrace (most recent call first):
       [0] _process (res://addons/GdPlanningAI/gdpai_autoload.gd:21)
[GdPAI | debug] ApplyEffect [Before] ID=InstanceId(-9223366858550232365): agent props = {"at_target": null, "hunger": 95.0603725, "entity": null, "held_item": ""}
[GdPAI | debug] ApplyEffect [After] ID=InstanceId(-9223366858550232365): agent props = {"at_target": null, "hunger": 95.0603725, "entity": null, "held_item": ""}
[GdPAI | debug]   Snapshotting prop: at_target = Nil (Variant type: NIL)
[GdPAI | debug]   Snapshotting prop: hunger = Float(95.0603725) (Variant type: FLOAT)
[GdPAI | debug]   Snapshotting prop: entity = Nil (Variant type: NIL)
[GdPAI | debug]   Snapshotting prop: held_item = Str("") (Variant type: STRING)
WARNING: [GdPAI] ObjectRef(124621163998): object was freed before callback; returning Nil.
   at: gdplanningai_rust::logger::process_logs (src\logger.rs:66)
   GDScript backtrace (most recent call first):
       [0] _process (res://addons/GdPlanningAI/gdpai_autoload.gd:21)
WARNING: [GdPAI] ObjectRef(124621163998): object was freed before callback; returning Nil.
   at: gdplanningai_rust::logger::process_logs (src\logger.rs:66)
   GDScript backtrace (most recent call first):
       [0] _process (res://addons/GdPlanningAI/gdpai_autoload.gd:21)
[GdPAI | debug] ApplyEffect [Before] ID=InstanceId(-9223366857677817130): agent props = {"held_item": "", "hunger": 70.0627442063492, "entity": null}
[GdPAI | debug] ApplyEffect [After] ID=InstanceId(-9223366857677817130): agent props = {"held_item": "", "hunger": 70.0627442063492, "entity": null}
[GdPAI | debug]   Snapshotting prop: held_item = Str("") (Variant type: STRING)
[GdPAI | debug]   Snapshotting prop: hunger = Float(70.0627442063492) (Variant type: FLOAT)
[GdPAI | debug]   Snapshotting prop: entity = Nil (Variant type: NIL)
WARNING: [GdPAI] ObjectRef(1382643928884): object was freed before callback; returning Nil.
   at: gdplanningai_rust::logger::process_logs (src\logger.rs:66)
   GDScript backtrace (most recent call first):
       [0] _process (res://addons/GdPlanningAI/gdpai_autoload.gd:21)
WARNING: [GdPAI] ObjectRef(1382157389614): object was freed before callback; returning Nil.
   at: gdplanningai_rust::logger::process_logs (src\logger.rs:66)
   GDScript backtrace (most recent call first):
       [0] _process (res://addons/GdPlanningAI/gdpai_autoload.gd:21)
WARNING: [GdPAI] ObjectRef(1382157389614): object was freed before callback; returning Nil.
   at: gdplanningai_rust::logger::process_logs (src\logger.rs:66)
   GDScript backtrace (most recent call first):
       [0] _process (res://addons/GdPlanningAI/gdpai_autoload.gd:21)
[GdPAI | debug] GetCost: callable returned non-numeric value: null; returning INFINITY
[GdPAI | debug] ApplyEffect [Before] ID=InstanceId(-9223366856285308143): agent props = {"tool": "", "task_done": false}
[GdPAI | debug] ApplyEffect [After] ID=InstanceId(-9223366856285308143): agent props = {"tool": "cheap", "task_done": false}
[GdPAI | debug]   Snapshotting prop: tool = Str("cheap") (Variant type: STRING)
[GdPAI | debug]   Snapshotting prop: task_done = Bool(false) (Variant type: BOOL)
[GdPAI | debug] Discovery: Simulation success for GetCheapTool. Agent props: {"tool": Str("cheap"), "task_done": Bool(false)}
[GdPAI | debug] Discovery: Action GetCheapTool did NOT satisfy precond Builtin { target: Agent, operation: Equal, property_name: "task_done", value: Some(Bool(true)) }
WARNING: [GdPAI] ObjectRef(124621163998): object was freed before callback; returning Nil.
   at: gdplanningai_rust::logger::process_logs (src\logger.rs:66)
   GDScript backtrace (most recent call first):
       [0] _process (res://addons/GdPlanningAI/gdpai_autoload.gd:21)
[GdPAI | debug] GetCost: callable returned non-numeric value: null; returning INFINITY
WARNING: [GdPAI] ObjectRef(1382643928884): object was freed before callback; returning Nil.
   at: gdplanningai_rust::logger::process_logs (src\logger.rs:66)
   GDScript backtrace (most recent call first):
       [0] _process (res://addons/GdPlanningAI/gdpai_autoload.gd:21)
WARNING: [GdPAI] ObjectRef(1382157389614): object was freed before callback; returning Nil.
   at: gdplanningai_rust::logger::process_logs (src\logger.rs:66)
   GDScript backtrace (most recent call first):
       [0] _process (res://addons/GdPlanningAI/gdpai_autoload.gd:21)
WARNING: [GdPAI] ObjectRef(1382157389614): object was freed before callback; returning Nil.
   at: gdplanningai_rust::logger::process_logs (src\logger.rs:66)
   GDScript backtrace (most recent call first):
       [0] _process (res://addons/GdPlanningAI/gdpai_autoload.gd:21)
[GdPAI | debug] ApplyEffect [Before] ID=InstanceId(-9223366855664551161): agent props = {"hunger": 95.0603725, "entity": null, "held_item": "", "at_target": null}
[GdPAI | debug] ApplyEffect [After] ID=InstanceId(-9223366855664551161): agent props = {"hunger": 95.0603725, "entity": null, "held_item": "", "at_target": null}
[GdPAI | debug]   Snapshotting prop: hunger = Float(95.0603725) (Variant type: FLOAT)
[GdPAI | debug]   Snapshotting prop: entity = Nil (Variant type: NIL)
[GdPAI | debug]   Snapshotting prop: held_item = Str("") (Variant type: STRING)
[GdPAI | debug]   Snapshotting prop: at_target = Nil (Variant type: NIL)
WARNING: [GdPAI] ObjectRef(124621163998): object was freed before callback; returning Nil.
   at: gdplanningai_rust::logger::process_logs (src\logger.rs:66)
   GDScript backtrace (most recent call first):
       [0] _process (res://addons/GdPlanningAI/gdpai_autoload.gd:21)
[GdPAI | debug] ApplyEffect [Before] ID=InstanceId(-9223366854842467567): agent props = {"held_item": "", "entity": null, "hunger": 70.0627442063492}
[GdPAI | debug] ApplyEffect [After] ID=InstanceId(-9223366854842467567): agent props = {"held_item": "", "entity": null, "hunger": 70.0627442063492}
[GdPAI | debug]   Snapshotting prop: held_item = Str("") (Variant type: STRING)
[GdPAI | debug]   Snapshotting prop: entity = Nil (Variant type: NIL)
[GdPAI | debug]   Snapshotting prop: hunger = Float(70.0627442063492) (Variant type: FLOAT)
WARNING: [GdPAI] ObjectRef(1382643928884): object was freed before callback; returning Nil.
   at: gdplanningai_rust::logger::process_logs (src\logger.rs:66)
   GDScript backtrace (most recent call first):
       [0] _process (res://addons/GdPlanningAI/gdpai_autoload.gd:21)
[GdPAI | debug] GetCost: callable returned non-numeric value: null; returning INFINITY
[GdPAI | debug] ApplyEffect [Before] ID=InstanceId(-9223366853600953578): agent props = {"task_done": false, "tool": "expensive"}
[GdPAI | debug] ApplyEffect [After] ID=InstanceId(-9223366853600953578): agent props = {"task_done": true, "tool": "expensive"}
[GdPAI | debug]   Snapshotting prop: task_done = Bool(true) (Variant type: BOOL)
[GdPAI | debug]   Snapshotting prop: tool = Str("expensive") (Variant type: STRING)
WARNING: [GdPAI] ObjectRef(124621163998): object was freed before callback; returning Nil.
   at: gdplanningai_rust::logger::process_logs (src\logger.rs:66)
   GDScript backtrace (most recent call first):
       [0] _process (res://addons/GdPlanningAI/gdpai_autoload.gd:21)
[GdPAI | debug] GetCost: callable returned non-numeric value: null; returning INFINITY
WARNING: [GdPAI] ObjectRef(1382643928884): object was freed before callback; returning Nil.
   at: gdplanningai_rust::logger::process_logs (src\logger.rs:66)
   GDScript backtrace (most recent call first):
       [0] _process (res://addons/GdPlanningAI/gdpai_autoload.gd:21)
[GdPAI | debug] ApplyEffect [Before] ID=InstanceId(-9223366852980196571): agent props = {"hunger": 95.0603725, "at_target": null, "entity": null, "held_item": "wood"}
[GdPAI | debug] ApplyEffect [After] ID=InstanceId(-9223366852980196571): agent props = {"hunger": 95.0603725, "at_target": null, "entity": null, "held_item": "wood"}
[GdPAI | debug]   Snapshotting prop: hunger = Float(95.0603725) (Variant type: FLOAT)
[GdPAI | debug]   Snapshotting prop: at_target = Nil (Variant type: NIL)
[GdPAI | debug]   Snapshotting prop: entity = Nil (Variant type: NIL)
[GdPAI | debug]   Snapshotting prop: held_item = Str("wood") (Variant type: STRING)
WARNING: [GdPAI] ObjectRef(124621163998): object was freed before callback; returning Nil.
   at: gdplanningai_rust::logger::process_logs (src\logger.rs:66)
   GDScript backtrace (most recent call first):
       [0] _process (res://addons/GdPlanningAI/gdpai_autoload.gd:21)
[GdPAI | debug] ApplyEffect [Before] ID=InstanceId(-9223366852258776298): agent props = {"held_item": "", "entity": null, "hunger": 70.0627442063492}
[GdPAI | debug] ApplyEffect [After] ID=InstanceId(-9223366852258776298): agent props = {"held_item": "", "entity": null, "hunger": 70.0627442063492}
[GdPAI | debug]   Snapshotting prop: held_item = Str("") (Variant type: STRING)
[GdPAI | debug]   Snapshotting prop: entity = Nil (Variant type: NIL)
[GdPAI | debug]   Snapshotting prop: hunger = Float(70.0627442063492) (Variant type: FLOAT)
WARNING: [GdPAI] ObjectRef(1382643928884): object was freed before callback; returning Nil.
   at: gdplanningai_rust::logger::process_logs (src\logger.rs:66)
   GDScript backtrace (most recent call first):
       [0] _process (res://addons/GdPlanningAI/gdpai_autoload.gd:21)
WARNING: [GdPAI] ObjectRef(1382643928884): object was freed before callback; returning Nil.
   at: gdplanningai_rust::logger::process_logs (src\logger.rs:66)
   GDScript backtrace (most recent call first):
       [0] _process (res://addons/GdPlanningAI/gdpai_autoload.gd:21)
[GdPAI | debug] GetCost: callable returned non-numeric value: null; returning INFINITY
[GdPAI | debug] ApplyEffect [Before] ID=InstanceId(-9223366850966930659): agent props = {"task_done": false, "tool": "cheap"}
[GdPAI | debug] ApplyEffect [After] ID=InstanceId(-9223366850966930659): agent props = {"task_done": true, "tool": "cheap"}
[GdPAI | debug]   Snapshotting prop: task_done = Bool(true) (Variant type: BOOL)
[GdPAI | debug]   Snapshotting prop: tool = Str("cheap") (Variant type: STRING)
[GdPAI] A* Iteration: pop node with chain length 1
[GdPAI | debug] find_candidates: Checking 4 actions against 0 preconds and 1 requirements
[GdPAI | debug] Found candidate: GetExpensiveTool (satisfied preconds: [], requirements: [0])
WARNING: [GdPAI] ObjectRef(124621163998): object was freed before callback; returning Nil.
   at: gdplanningai_rust::logger::process_logs (src\logger.rs:66)
   GDScript backtrace (most recent call first):
       [0] _process (res://addons/GdPlanningAI/gdpai_autoload.gd:21)
WARNING: [GdPAI] ObjectRef(124134624705): object was freed before callback; returning Nil.
   at: gdplanningai_rust::logger::process_logs (src\logger.rs:66)
   GDScript backtrace (most recent call first):
       [0] _process (res://addons/GdPlanningAI/gdpai_autoload.gd:21)
WARNING: [GdPAI] ObjectRef(124134624705): object was freed before callback; returning Nil.
   at: gdplanningai_rust::logger::process_logs (src\logger.rs:66)
   GDScript backtrace (most recent call first):
       [0] _process (res://addons/GdPlanningAI/gdpai_autoload.gd:21)
[GdPAI | debug] GetCost: callable returned non-numeric value: null; returning INFINITY
WARNING: [GdPAI] ObjectRef(1382643928884): object was freed before callback; returning Nil.
   at: gdplanningai_rust::logger::process_logs (src\logger.rs:66)
   GDScript backtrace (most recent call first):
       [0] _process (res://addons/GdPlanningAI/gdpai_autoload.gd:21)
WARNING: [GdPAI] ObjectRef(1382643928884): object was freed before callback; returning Nil.
   at: gdplanningai_rust::logger::process_logs (src\logger.rs:66)
   GDScript backtrace (most recent call first):
       [0] _process (res://addons/GdPlanningAI/gdpai_autoload.gd:21)
[GdPAI | debug] ApplyEffect [Before] ID=InstanceId(-9223366850346173666): agent props = {"held_item": "", "hunger": 95.0603725, "entity": null}
[GdPAI | debug] ApplyEffect [After] ID=InstanceId(-9223366850346173666): agent props = {"held_item": "", "hunger": 95.0603725, "entity": null}
[GdPAI | debug]   Snapshotting prop: held_item = Str("") (Variant type: STRING)
[GdPAI | debug]   Snapshotting prop: hunger = Float(95.0603725) (Variant type: FLOAT)
[GdPAI | debug]   Snapshotting prop: entity = Nil (Variant type: NIL)
WARNING: [GdPAI] ObjectRef(124621163998): object was freed before callback; returning Nil.
   at: gdplanningai_rust::logger::process_logs (src\logger.rs:66)
   GDScript backtrace (most recent call first):
       [0] _process (res://addons/GdPlanningAI/gdpai_autoload.gd:21)
WARNING: [GdPAI] ObjectRef(124134624705): object was freed before callback; returning Nil.
   at: gdplanningai_rust::logger::process_logs (src\logger.rs:66)
   GDScript backtrace (most recent call first):
       [0] _process (res://addons/GdPlanningAI/gdpai_autoload.gd:21)
WARNING: [GdPAI] ObjectRef(124134624705): object was freed before callback; returning Nil.
   at: gdplanningai_rust::logger::process_logs (src\logger.rs:66)
   GDScript backtrace (most recent call first):
       [0] _process (res://addons/GdPlanningAI/gdpai_autoload.gd:21)
[GdPAI | debug] ApplyEffect [Before] ID=InstanceId(-9223366849473758435): agent props = {"entity": null, "at_target": null, "hunger": 70.0627442063492, "held_item": ""}
[GdPAI | debug] ApplyEffect [After] ID=InstanceId(-9223366849473758435): agent props = {"entity": null, "at_target": null, "hunger": 70.0627442063492, "held_item": ""}
[GdPAI | debug]   Snapshotting prop: entity = Nil (Variant type: NIL)
[GdPAI | debug]   Snapshotting prop: at_target = Nil (Variant type: NIL)
[GdPAI | debug]   Snapshotting prop: hunger = Float(70.0627442063492) (Variant type: FLOAT)
[GdPAI | debug]   Snapshotting prop: held_item = Str("") (Variant type: STRING)
WARNING: [GdPAI] ObjectRef(1382643928884): object was freed before callback; returning Nil.
   at: gdplanningai_rust::logger::process_logs (src\logger.rs:66)
   GDScript backtrace (most recent call first):
       [0] _process (res://addons/GdPlanningAI/gdpai_autoload.gd:21)
[GdPAI | debug] GetCost: callable returned non-numeric value: null; returning INFINITY
[GdPAI | debug] ApplyEffect [Before] ID=InstanceId(-9223366848131581104): agent props = {"tool": "", "task_done": false}
[GdPAI | debug] ApplyEffect [After] ID=InstanceId(-9223366848131581104): agent props = {"tool": "expensive", "task_done": false}
[GdPAI | debug]   Snapshotting prop: tool = Str("expensive") (Variant type: STRING)
[GdPAI | debug]   Snapshotting prop: task_done = Bool(false) (Variant type: BOOL)
WARNING: [GdPAI] ObjectRef(124621163998): object was freed before callback; returning Nil.
   at: gdplanningai_rust::logger::process_logs (src\logger.rs:66)
   GDScript backtrace (most recent call first):
       [0] _process (res://addons/GdPlanningAI/gdpai_autoload.gd:21)
WARNING: [GdPAI] ObjectRef(124134624705): object was freed before callback; returning Nil.
   at: gdplanningai_rust::logger::process_logs (src\logger.rs:66)
   GDScript backtrace (most recent call first):
       [0] _process (res://addons/GdPlanningAI/gdpai_autoload.gd:21)
WARNING: [GdPAI] ObjectRef(124134624705): object was freed before callback; returning Nil.
   at: gdplanningai_rust::logger::process_logs (src\logger.rs:66)
   GDScript backtrace (most recent call first):
       [0] _process (res://addons/GdPlanningAI/gdpai_autoload.gd:21)
[GdPAI | debug] GetCost: callable returned non-numeric value: null; returning INFINITY
WARNING: [GdPAI] ObjectRef(1382643928884): object was freed before callback; returning Nil.
   at: gdplanningai_rust::logger::process_logs (src\logger.rs:66)
   GDScript backtrace (most recent call first):
       [0] _process (res://addons/GdPlanningAI/gdpai_autoload.gd:21)
[GdPAI | debug] ApplyEffect [Before] ID=InstanceId(-9223366847510824130): agent props = {"held_item": "", "entity": null, "hunger": 95.0603725}
[GdPAI | debug] ApplyEffect [After] ID=InstanceId(-9223366847510824130): agent props = {"held_item": "", "entity": null, "hunger": 95.0603725}
[GdPAI | debug]   Snapshotting prop: held_item = Str("") (Variant type: STRING)
[GdPAI | debug]   Snapshotting prop: entity = Nil (Variant type: NIL)
[GdPAI | debug]   Snapshotting prop: hunger = Float(95.0603725) (Variant type: FLOAT)
WARNING: [GdPAI] ObjectRef(124621163998): object was freed before callback; returning Nil.
   at: gdplanningai_rust::logger::process_logs (src\logger.rs:66)
   GDScript backtrace (most recent call first):
       [0] _process (res://addons/GdPlanningAI/gdpai_autoload.gd:21)
WARNING: [GdPAI] ObjectRef(124134624705): object was freed before callback; returning Nil.
   at: gdplanningai_rust::logger::process_logs (src\logger.rs:66)
   GDScript backtrace (most recent call first):
       [0] _process (res://addons/GdPlanningAI/gdpai_autoload.gd:21)
WARNING: [GdPAI] ObjectRef(124134624705): object was freed before callback; returning Nil.
   at: gdplanningai_rust::logger::process_logs (src\logger.rs:66)
   GDScript backtrace (most recent call first):
       [0] _process (res://addons/GdPlanningAI/gdpai_autoload.gd:21)
[GdPAI | debug] ApplyEffect [Before] ID=InstanceId(-9223366846688740528): agent props = {"entity": null, "held_item": "", "at_target": null, "hunger": 70.0627442063492}
[GdPAI | debug] ApplyEffect [After] ID=InstanceId(-9223366846688740528): agent props = {"entity": null, "held_item": "", "at_target": null, "hunger": 70.0627442063492}
[GdPAI | debug]   Snapshotting prop: entity = Nil (Variant type: NIL)
[GdPAI | debug]   Snapshotting prop: held_item = Str("") (Variant type: STRING)
[GdPAI | debug]   Snapshotting prop: at_target = Nil (Variant type: NIL)
[GdPAI | debug]   Snapshotting prop: hunger = Float(70.0627442063492) (Variant type: FLOAT)
WARNING: [GdPAI] ObjectRef(1382643928884): object was freed before callback; returning Nil.
   at: gdplanningai_rust::logger::process_logs (src\logger.rs:66)
   GDScript backtrace (most recent call first):
       [0] _process (res://addons/GdPlanningAI/gdpai_autoload.gd:21)
[GdPAI | debug] GetCost: callable returned non-numeric value: null; returning INFINITY
[GdPAI | debug] ApplyEffect [Before] ID=InstanceId(-9223366845346563249): agent props = {"task_done": false, "tool": "expensive"}
[GdPAI | debug] ApplyEffect [After] ID=InstanceId(-9223366845346563249): agent props = {"task_done": true, "tool": "expensive"}
[GdPAI | debug]   Snapshotting prop: task_done = Bool(true) (Variant type: BOOL)
[GdPAI | debug]   Snapshotting prop: tool = Str("expensive") (Variant type: STRING)
[GdPAI] A* Iteration: pop node with chain length 1
[GdPAI | debug] find_candidates: Checking 4 actions against 0 preconds and 1 requirements
[GdPAI | debug] Found candidate: GetCheapTool (satisfied preconds: [], requirements: [0])
WARNING: [GdPAI] ObjectRef(124621163998): object was freed before callback; returning Nil.
   at: gdplanningai_rust::logger::process_logs (src\logger.rs:66)
   GDScript backtrace (most recent call first):
       [0] _process (res://addons/GdPlanningAI/gdpai_autoload.gd:21)
[GdPAI | debug] GetCost: callable returned non-numeric value: null; returning INFINITY
WARNING: [GdPAI] ObjectRef(1382643928884): object was freed before callback; returning Nil.
   at: gdplanningai_rust::logger::process_logs (src\logger.rs:66)
   GDScript backtrace (most recent call first):
       [0] _process (res://addons/GdPlanningAI/gdpai_autoload.gd:21)
[GdPAI | debug] ApplyEffect [Before] ID=InstanceId(-9223366844725806290): agent props = {"entity": null, "held_item": "", "hunger": 95.0603725}
[GdPAI | debug] ApplyEffect [After] ID=InstanceId(-9223366844725806290): agent props = {"entity": null, "held_item": "", "hunger": 95.0603725}
[GdPAI | debug]   Snapshotting prop: entity = Nil (Variant type: NIL)
[GdPAI | debug]   Snapshotting prop: held_item = Str("") (Variant type: STRING)
[GdPAI | debug]   Snapshotting prop: hunger = Float(95.0603725) (Variant type: FLOAT)
WARNING: [GdPAI] ObjectRef(124621163998): object was freed before callback; returning Nil.
   at: gdplanningai_rust::logger::process_logs (src\logger.rs:66)
   GDScript backtrace (most recent call first):
       [0] _process (res://addons/GdPlanningAI/gdpai_autoload.gd:21)
[GdPAI | debug] ApplyEffect [Before] ID=InstanceId(-9223366844004385969): agent props = {"entity": null, "at_target": null, "held_item": "wood", "hunger": 70.0627442063492}
[GdPAI | debug] ApplyEffect [After] ID=InstanceId(-9223366844004385969): agent props = {"entity": null, "at_target": null, "held_item": "wood", "hunger": 70.0627442063492}
[GdPAI | debug]   Snapshotting prop: entity = Nil (Variant type: NIL)
[GdPAI | debug]   Snapshotting prop: at_target = Nil (Variant type: NIL)
[GdPAI | debug]   Snapshotting prop: held_item = Str("wood") (Variant type: STRING)
[GdPAI | debug]   Snapshotting prop: hunger = Float(70.0627442063492) (Variant type: FLOAT)
WARNING: [GdPAI] ObjectRef(1382643928884): object was freed before callback; returning Nil.
   at: gdplanningai_rust::logger::process_logs (src\logger.rs:66)
   GDScript backtrace (most recent call first):
       [0] _process (res://addons/GdPlanningAI/gdpai_autoload.gd:21)
[GdPAI | debug] GetCost: callable returned non-numeric value: null; returning INFINITY
[GdPAI | debug] ApplyEffect [Before] ID=InstanceId(-9223366842762871933): agent props = {"task_done": false, "tool": ""}
[GdPAI | debug] ApplyEffect [After] ID=InstanceId(-9223366842762871933): agent props = {"task_done": false, "tool": "cheap"}
[GdPAI | debug]   Snapshotting prop: task_done = Bool(false) (Variant type: BOOL)
[GdPAI | debug]   Snapshotting prop: tool = Str("cheap") (Variant type: STRING)
WARNING: [GdPAI] ObjectRef(124621163998): object was freed before callback; returning Nil.
   at: gdplanningai_rust::logger::process_logs (src\logger.rs:66)
   GDScript backtrace (most recent call first):
       [0] _process (res://addons/GdPlanningAI/gdpai_autoload.gd:21)
WARNING: [GdPAI] ObjectRef(124621163998): object was freed before callback; returning Nil.
   at: gdplanningai_rust::logger::process_logs (src\logger.rs:66)
   GDScript backtrace (most recent call first):
       [0] _process (res://addons/GdPlanningAI/gdpai_autoload.gd:21)
[GdPAI | debug] GetCost: callable returned non-numeric value: null; returning INFINITY
WARNING: [GdPAI] ObjectRef(1382643928884): object was freed before callback; returning Nil.
   at: gdplanningai_rust::logger::process_logs (src\logger.rs:66)
   GDScript backtrace (most recent call first):
       [0] _process (res://addons/GdPlanningAI/gdpai_autoload.gd:21)
[GdPAI | debug] ApplyEffect [Before] ID=InstanceId(-9223366842142114978): agent props = {"hunger": 95.0603725, "held_item": "wood", "entity": null}
[GdPAI | debug] ApplyEffect [After] ID=InstanceId(-9223366842142114978): agent props = {"hunger": 95.0603725, "held_item": "wood", "entity": null}
[GdPAI | debug]   Snapshotting prop: hunger = Float(95.0603725) (Variant type: FLOAT)
[GdPAI | debug]   Snapshotting prop: held_item = Str("wood") (Variant type: STRING)
[GdPAI | debug]   Snapshotting prop: entity = Nil (Variant type: NIL)
WARNING: [GdPAI] ObjectRef(124621163998): object was freed before callback; returning Nil.
   at: gdplanningai_rust::logger::process_logs (src\logger.rs:66)
   GDScript backtrace (most recent call first):
       [0] _process (res://addons/GdPlanningAI/gdpai_autoload.gd:21)
WARNING: [GdPAI] ObjectRef(124621163998): object was freed before callback; returning Nil.
   at: gdplanningai_rust::logger::process_logs (src\logger.rs:66)
   GDScript backtrace (most recent call first):
       [0] _process (res://addons/GdPlanningAI/gdpai_autoload.gd:21)
[GdPAI | debug] ApplyEffect [Before] ID=InstanceId(-9223366841370363005): agent props = {"held_item": "", "entity": null, "hunger": 70.0627442063492}
[GdPAI | debug] ApplyEffect [After] ID=InstanceId(-9223366841370363005): agent props = {"held_item": "", "entity": null, "hunger": 70.0627442063492}
[GdPAI | debug]   Snapshotting prop: held_item = Str("") (Variant type: STRING)
[GdPAI | debug]   Snapshotting prop: entity = Nil (Variant type: NIL)
[GdPAI | debug]   Snapshotting prop: hunger = Float(70.0627442063492) (Variant type: FLOAT)
WARNING: [GdPAI] ObjectRef(1382643928884): object was freed before callback; returning Nil.
   at: gdplanningai_rust::logger::process_logs (src\logger.rs:66)
   GDScript backtrace (most recent call first):
       [0] _process (res://addons/GdPlanningAI/gdpai_autoload.gd:21)
WARNING: [GdPAI] ObjectRef(1382643928884): object was freed before callback; returning Nil.
   at: gdplanningai_rust::logger::process_logs (src\logger.rs:66)
   GDScript backtrace (most recent call first):
       [0] _process (res://addons/GdPlanningAI/gdpai_autoload.gd:21)
[GdPAI | debug] GetCost: callable returned non-numeric value: null; returning INFINITY
[GdPAI | debug] ApplyEffect [Before] ID=InstanceId(-9223366840028185710): agent props = {"tool": "cheap", "task_done": false}
[GdPAI | debug] ApplyEffect [After] ID=InstanceId(-9223366840028185710): agent props = {"tool": "cheap", "task_done": true}
[GdPAI | debug]   Snapshotting prop: tool = Str("cheap") (Variant type: STRING)
[GdPAI | debug]   Snapshotting prop: task_done = Bool(true) (Variant type: BOOL)
[GdPAI] A* Iteration: pop node with chain length 2
[GdPAI] A* SUCCESS! Returning plan for goal 'TaskDone'
[GdPAI] PlannerEngine: Found valid plan for goal 'TaskDone' (cost: 3)
WARNING: [GdPAI] ObjectRef(124621163998): object was freed before callback; returning Nil.
   at: gdplanningai_rust::logger::process_logs (src\logger.rs:66)
   GDScript backtrace (most recent call first):
       [0] _process (res://addons/GdPlanningAI/gdpai_autoload.gd:21)
[GdPAI | debug] GetCost: callable returned non-numeric value: null; returning INFINITY
WARNING: [GdPAI] ObjectRef(1382643928884): object was freed before callback; returning Nil.
   at: gdplanningai_rust::logger::process_logs (src\logger.rs:66)
   GDScript backtrace (most recent call first):
       [0] _process (res://addons/GdPlanningAI/gdpai_autoload.gd:21)
WARNING: [GdPAI] ObjectRef(1382643928884): object was freed before callback; returning Nil.
   at: gdplanningai_rust::logger::process_logs (src\logger.rs:66)
   GDScript backtrace (most recent call first):
       [0] _process (res://addons/GdPlanningAI/gdpai_autoload.gd:21)
[GdPAI | debug] ApplyEffect [Before] ID=InstanceId(-9223366839407428728): agent props = {"hunger": 95.0603725, "held_item": "", "entity": null}
[GdPAI | debug] ApplyEffect [After] ID=InstanceId(-9223366839407428728): agent props = {"hunger": 95.0603725, "held_item": "", "entity": null}
[GdPAI | debug]   Snapshotting prop: hunger = Float(95.0603725) (Variant type: FLOAT)
[GdPAI | debug]   Snapshotting prop: held_item = Str("") (Variant type: STRING)
[GdPAI | debug]   Snapshotting prop: entity = Nil (Variant type: NIL)
[GdPAI] Plan complete: success=true, actions=2, cost=3.0, action_chain=[3, 2]
[32m    [Passed]:  [0mPlan should succeed
[32m    [Passed]:  [0m[3.0] expected to equal [3.0]:  Plan should use the cheapest complete valid chain
[1m    [INFO]:  [0mArray/Dictionary compared by value.  Use assert_same to compare references.  Use assert_eq_deep to see diff when failing.
[32m    [Passed]:  [0mARRAY([3, 2]) == ARRAY([3, 2])  Plan should get and use the cheap tool
[31m    [Failed]:  [0mUnexpected Errors:
    [1] <engine-1>[GdPAI] ObjectRef(124621163998): object was freed before callback; returning Nil.
    [2] <engine-1>[GdPAI] ObjectRef(124134624705): object was freed before callback; returning Nil.
    [3] <engine-1>[GdPAI] ObjectRef(124134624705): object was freed before callback; returning Nil.
    [4] <engine-1>[GdPAI] ObjectRef(1382643928884): object was freed before callback; returning Nil.
    [5] <engine-1>[GdPAI] ObjectRef(124621163998): object was freed before callback; returning Nil.
    [6] <engine-1>[GdPAI] ObjectRef(124134624705): object was freed before callback; returning Nil.
    [7] <engine-1>[GdPAI] ObjectRef(124134624705): object was freed before callback; returning Nil.
    [8] <engine-1>[GdPAI] ObjectRef(1382643928884): object was freed before callback; returning Nil.
    [9] <engine-1>[GdPAI] ObjectRef(124621163998): object was freed before callback; returning Nil.
    [10] <engine-1>[GdPAI] ObjectRef(124134624705): object was freed before callback; returning Nil.
    [11] <engine-1>[GdPAI] ObjectRef(124134624705): object was freed before callback; returning Nil.
    [12] <engine-1>[GdPAI] ObjectRef(1382643928884): object was freed before callback; returning Nil.
    [13] <engine-1>[GdPAI] ObjectRef(124621163998): object was freed before callback; returning Nil.
    [14] <engine-1>[GdPAI] ObjectRef(124134624705): object was freed before callback; returning Nil.
    [15] <engine-1>[GdPAI] ObjectRef(124134624705): object was freed before callback; returning Nil.
    [16] <engine-1>[GdPAI] ObjectRef(1382643928884): object was freed before callback; returning Nil.
    [17] <engine-1>[GdPAI] ObjectRef(1382643928884): object was freed before callback; returning Nil.
    [18] <engine-1>[GdPAI] ObjectRef(1382157389614): object was freed before callback; returning Nil.
    [19] <engine-1>[GdPAI] ObjectRef(1383046581817): object was freed before callback; returning Nil.
    [20] <engine-1>[GdPAI] ObjectRef(1382157389614): object was freed before callback; returning Nil.
    [21] <engine-1>[GdPAI] ObjectRef(1383046581817): object was freed before callback; returning Nil.
    [22] <engine-1>[GdPAI] ObjectRef(124621163998): object was freed before callback; returning Nil.
    [23] <engine-1>[GdPAI] ObjectRef(1382643928884): object was freed before callback; returning Nil.
    [24] <engine-1>[GdPAI] ObjectRef(1382643928884): object was freed before callback; returning Nil.
    [25] <engine-1>[GdPAI] ObjectRef(1382157389614): object was freed before callback; returning Nil.
    [26] <engine-1>[GdPAI] ObjectRef(1383046581817): object was freed before callback; returning Nil.
    [27] <engine-1>[GdPAI] ObjectRef(1382157389614): object was freed before callback; returning Nil.
    [28] <engine-1>[GdPAI] ObjectRef(1383046581817): object was freed before callback; returning Nil.
    [29] <engine-1>[GdPAI] ObjectRef(124621163998): object was freed before callback; returning Nil.
    [30] <engine-1>[GdPAI] ObjectRef(1382643928884): object was freed before callback; returning Nil.
    [31] <engine-1>[GdPAI] ObjectRef(1383046581817): object was freed before callback; returning Nil.
    [32] <engine-1>[GdPAI] ObjectRef(1383046581817): object was freed before callback; returning Nil.
    [33] <engine-1>[GdPAI] ObjectRef(124621163998): object was freed before callback; returning Nil.
    [34] <engine-1>[GdPAI] ObjectRef(124621163998): object was freed before callback; returning Nil.
    [35] <engine-1>[GdPAI] ObjectRef(1382643928884): object was freed before callback; returning Nil.
    [36] <engine-1>[GdPAI] ObjectRef(1383046581817): object was freed before callback; returning Nil.
    [37] <engine-1>[GdPAI] ObjectRef(1383046581817): object was freed before callback; returning Nil.
    [38] <engine-1>[GdPAI] ObjectRef(124621163998): object was freed before callback; returning Nil.
    [39] <engine-1>[GdPAI] ObjectRef(124621163998): object was freed before callback; returning Nil.
    [40] <engine-1>[GdPAI] ObjectRef(1382643928884): object was freed before callback; returning Nil.
    [41] <engine-1>[GdPAI] ObjectRef(1382157389614): object was freed before callback; returning Nil.
    [42] <engine-1>[GdPAI] ObjectRef(1382157389614): object was freed before callback; returning Nil.
    [43] <engine-1>[GdPAI] ObjectRef(124621163998): object was freed before callback; returning Nil.
    [44] <engine-1>[GdPAI] ObjectRef(1382643928884): object was freed before callback; returning Nil.
    [45] <engine-1>[GdPAI] ObjectRef(1382157389614): object was freed before callback; returning Nil.
    [46] <engine-1>[GdPAI] ObjectRef(1382157389614): object was freed before callback; returning Nil.
    [47] <engine-1>[GdPAI] ObjectRef(124621163998): object was freed before callback; returning Nil.
    [48] <engine-1>[GdPAI] ObjectRef(1382643928884): object was freed before callback; returning Nil.
    [49] <engine-1>[GdPAI] ObjectRef(124621163998): object was freed before callback; returning Nil.
    [50] <engine-1>[GdPAI] ObjectRef(1382643928884): object was freed before callback; returning Nil.
    [51] <engine-1>[GdPAI] ObjectRef(124621163998): object was freed before callback; returning Nil.
    [52] <engine-1>[GdPAI] ObjectRef(1382643928884): object was freed before callback; returning Nil.
    [53] <engine-1>[GdPAI] ObjectRef(1382643928884): object was freed before callback; returning Nil.
    [54] <engine-1>[GdPAI] ObjectRef(124621163998): object was freed before callback; returning Nil.
    [55] <engine-1>[GdPAI] ObjectRef(124134624705): object was freed before callback; returning Nil.
    [56] <engine-1>[GdPAI] ObjectRef(124134624705): object was freed before callback; returning Nil.
    [57] <engine-1>[GdPAI] ObjectRef(1382643928884): object was freed before callback; returning Nil.
    [58] <engine-1>[GdPAI] ObjectRef(1382643928884): object was freed before callback; returning Nil.
    [59] <engine-1>[GdPAI] ObjectRef(124621163998): object was freed before callback; returning Nil.
    [60] <engine-1>[GdPAI] ObjectRef(124134624705): object was freed before callback; returning Nil.
    [61] <engine-1>[GdPAI] ObjectRef(124134624705): object was freed before callback; returning Nil.
    [62] <engine-1>[GdPAI] ObjectRef(1382643928884): object was freed before callback; returning Nil.
    [63] <engine-1>[GdPAI] ObjectRef(124621163998): object was freed before callback; returning Nil.
    [64] <engine-1>[GdPAI] ObjectRef(124134624705): object was freed before callback; returning Nil.
    [65] <engine-1>[GdPAI] ObjectRef(124134624705): object was freed before callback; returning Nil.
    [66] <engine-1>[GdPAI] ObjectRef(1382643928884): object was freed before callback; returning Nil.
    [67] <engine-1>[GdPAI] ObjectRef(124621163998): object was freed before callback; returning Nil.
    [68] <engine-1>[GdPAI] ObjectRef(124134624705): object was freed before callback; returning Nil.
    [69] <engine-1>[GdPAI] ObjectRef(124134624705): object was freed before callback; returning Nil.
    [70] <engine-1>[GdPAI] ObjectRef(1382643928884): object was freed before callback; returning Nil.
    [71] <engine-1>[GdPAI] ObjectRef(124621163998): object was freed before callback; returning Nil.
    [72] <engine-1>[GdPAI] ObjectRef(1382643928884): object was freed before callback; returning Nil.
    [73] <engine-1>[GdPAI] ObjectRef(124621163998): object was freed before callback; returning Nil.
    [74] <engine-1>[GdPAI] ObjectRef(1382643928884): object was freed before callback; returning Nil.
    [75] <engine-1>[GdPAI] ObjectRef(124621163998): object was freed before callback; returning Nil.
    [76] <engine-1>[GdPAI] ObjectRef(124621163998): object was freed before callback; returning Nil.
    [77] <engine-1>[GdPAI] ObjectRef(1382643928884): object was freed before callback; returning Nil.
    [78] <engine-1>[GdPAI] ObjectRef(124621163998): object was freed before callback; returning Nil.
    [79] <engine-1>[GdPAI] ObjectRef(124621163998): object was freed before callback; returning Nil.
    [80] <engine-1>[GdPAI] ObjectRef(1382643928884): object was freed before callback; returning Nil.
    [81] <engine-1>[GdPAI] ObjectRef(1382643928884): object was freed before callback; returning Nil.
    [82] <engine-1>[GdPAI] ObjectRef(124621163998): object was freed before callback; returning Nil.
    [83] <engine-1>[GdPAI] ObjectRef(1382643928884): object was freed before callback; returning Nil.
    [84] <engine-1>[GdPAI] ObjectRef(1382643928884): object was freed before callback; returning Nil.
      at line 503
WARNING: [GdPAI] ObjectRef(124621163998): object was freed before callback; returning Nil.
   at: gdplanningai_rust::logger::process_logs (src\logger.rs:66)
   GDScript backtrace (most recent call first):
       [0] _process (res://addons/GdPlanningAI/gdpai_autoload.gd:21)
[GdPAI | debug] ApplyEffect [Before] ID=InstanceId(-9223366837025064046): agent props = {"held_item": "", "entity": null, "hunger": 70.0627442063492}
[GdPAI | debug] ApplyEffect [After] ID=InstanceId(-9223366837025064046): agent props = {"held_item": "", "entity": null, "hunger": 70.0627442063492}
[GdPAI | debug]   Snapshotting prop: held_item = Str("") (Variant type: STRING)
[GdPAI | debug]   Snapshotting prop: entity = Nil (Variant type: NIL)
[GdPAI | debug]   Snapshotting prop: hunger = Float(70.0627442063492) (Variant type: FLOAT)
WARNING: [GdPAI] ObjectRef(1382643928884): object was freed before callback; returning Nil.
   at: gdplanningai_rust::logger::process_logs (src\logger.rs:66)
   GDScript backtrace (most recent call first):
       [0] _process (res://addons/GdPlanningAI/gdpai_autoload.gd:21)
[GdPAI | debug] GetCost: callable returned non-numeric value: null; returning INFINITY
* test_binding_in_set_requires_world_group_membership
[GdPAI] Direct print from scheduler ready - logging works
[GdPAI] GdPAIPlanScheduler ready — 16 worker thread(s)
[GdPAI | debug] Log channel initialized and ready for planner thread logging
WARNING: [GdPAI] ObjectRef(124621163998): object was freed before callback; returning Nil.
   at: gdplanningai_rust::logger::process_logs (src\logger.rs:66)
   GDScript backtrace (most recent call first):
       [0] _process (res://addons/GdPlanningAI/gdpai_autoload.gd:21)
[GdPAI | debug] GetCost: callable returned non-numeric value: null; returning INFINITY
WARNING: [GdPAI] ObjectRef(1382643928884): object was freed before callback; returning Nil.
   at: gdplanningai_rust::logger::process_logs (src\logger.rs:66)
   GDScript backtrace (most recent call first):
       [0] _process (res://addons/GdPlanningAI/gdpai_autoload.gd:21)
[GdPAI | debug] ApplyEffect [Before] ID=InstanceId(-9223366835078907260): agent props = {"held_item": "", "hunger": 95.0603725, "entity": null}
[GdPAI | debug] ApplyEffect [After] ID=InstanceId(-9223366835078907260): agent props = {"held_item": "", "hunger": 95.0603725, "entity": null}
[GdPAI | debug]   Snapshotting prop: held_item = Str("") (Variant type: STRING)
[GdPAI | debug]   Snapshotting prop: hunger = Float(95.0603725) (Variant type: FLOAT)
[GdPAI | debug]   Snapshotting prop: entity = Nil (Variant type: NIL)
[GdPAI | debug]   Snapshotting prop: ate = Bool(false) (Variant type: BOOL)
[GdPAI | debug]   Snapshotting prop: held_item = Str("") (Variant type: STRING)
[GdPAI] Submitting plan: 3 actions, 1 goals, 6 callables
[GdPAI | debug] PlannerEngine: Searching for goal 'Ate' (reward: 100)
[GdPAI] PlannerEngine: Searching for goal 'Ate'
[GdPAI]   Root branch: 1 open preconds, 0 open requirements
[GdPAI]     Precond 0: Builtin { target: Agent, operation: Equal, property_name: "ate", value: Some(Bool(true)) }
[GdPAI] A* Iteration: pop node with chain length 0
[GdPAI | debug] find_candidates: Checking 3 actions against 1 preconds and 0 requirements
[GdPAI | debug] Discovery: Starting simulation for action EatEdible
WARNING: [GdPAI] ObjectRef(124621163998): object was freed before callback; returning Nil.
   at: gdplanningai_rust::logger::process_logs (src\logger.rs:66)
   GDScript backtrace (most recent call first):
       [0] _process (res://addons/GdPlanningAI/gdpai_autoload.gd:21)
[GdPAI | debug] ApplyEffect [Before] ID=InstanceId(-9223366834240046091): agent props = {"entity": null, "hunger": 70.0627442063492, "held_item": ""}
[GdPAI | debug] ApplyEffect [After] ID=InstanceId(-9223366834240046091): agent props = {"entity": null, "hunger": 70.0627442063492, "held_item": ""}
[GdPAI | debug]   Snapshotting prop: entity = Nil (Variant type: NIL)
[GdPAI | debug]   Snapshotting prop: hunger = Float(70.0627442063492) (Variant type: FLOAT)
[GdPAI | debug]   Snapshotting prop: held_item = Str("") (Variant type: STRING)
WARNING: [GdPAI] ObjectRef(1382643928884): object was freed before callback; returning Nil.
   at: gdplanningai_rust::logger::process_logs (src\logger.rs:66)
   GDScript backtrace (most recent call first):
       [0] _process (res://addons/GdPlanningAI/gdpai_autoload.gd:21)
[GdPAI | debug] GetCost: callable returned non-numeric value: null; returning INFINITY
[GdPAI | debug] ApplyEffect [Before] ID=InstanceId(-9223366832998532110): agent props = {"ate": false, "held_item": ""}
[GdPAI | debug] ApplyEffect [After] ID=InstanceId(-9223366832998532110): agent props = {"ate": true, "held_item": ""}
[GdPAI | debug]   Snapshotting prop: ate = Bool(true) (Variant type: BOOL)
[GdPAI | debug]   Snapshotting prop: held_item = Str("") (Variant type: STRING)
[GdPAI | debug] Discovery: Simulation success for EatEdible. Agent props: {"ate": Bool(true), "held_item": Str("")}
[GdPAI | debug] Discovery: Action EatEdible satisfied precond Builtin { target: Agent, operation: Equal, property_name: "ate", value: Some(Bool(true)) }
[GdPAI | debug] Found candidate: EatEdible (satisfied preconds: [0], requirements: [])
[GdPAI | debug] Discovery: Starting simulation for action PickupBanana
WARNING: [GdPAI] ObjectRef(124621163998): object was freed before callback; returning Nil.
   at: gdplanningai_rust::logger::process_logs (src\logger.rs:66)
   GDScript backtrace (most recent call first):
       [0] _process (res://addons/GdPlanningAI/gdpai_autoload.gd:21)
WARNING: [GdPAI] ObjectRef(124134624705): object was freed before callback; returning Nil.
   at: gdplanningai_rust::logger::process_logs (src\logger.rs:66)
   GDScript backtrace (most recent call first):
       [0] _process (res://addons/GdPlanningAI/gdpai_autoload.gd:21)
WARNING: [GdPAI] ObjectRef(124134624705): object was freed before callback; returning Nil.
   at: gdplanningai_rust::logger::process_logs (src\logger.rs:66)
   GDScript backtrace (most recent call first):
       [0] _process (res://addons/GdPlanningAI/gdpai_autoload.gd:21)
[GdPAI | debug] GetCost: callable returned non-numeric value: null; returning INFINITY
WARNING: [GdPAI] ObjectRef(1382643928884): object was freed before callback; returning Nil.
   at: gdplanningai_rust::logger::process_logs (src\logger.rs:66)
   GDScript backtrace (most recent call first):
       [0] _process (res://addons/GdPlanningAI/gdpai_autoload.gd:21)
[GdPAI | debug] ApplyEffect [Before] ID=InstanceId(-9223366832344220701): agent props = {"held_item": "", "entity": null, "hunger": 95.0603725}
[GdPAI | debug] ApplyEffect [After] ID=InstanceId(-9223366832344220701): agent props = {"held_item": "", "entity": null, "hunger": 95.0603725}
[GdPAI | debug]   Snapshotting prop: held_item = Str("") (Variant type: STRING)
[GdPAI | debug]   Snapshotting prop: entity = Nil (Variant type: NIL)
[GdPAI | debug]   Snapshotting prop: hunger = Float(95.0603725) (Variant type: FLOAT)
WARNING: [GdPAI] ObjectRef(124621163998): object was freed before callback; returning Nil.
   at: gdplanningai_rust::logger::process_logs (src\logger.rs:66)
   GDScript backtrace (most recent call first):
       [0] _process (res://addons/GdPlanningAI/gdpai_autoload.gd:21)
WARNING: [GdPAI] ObjectRef(124134624705): object was freed before callback; returning Nil.
   at: gdplanningai_rust::logger::process_logs (src\logger.rs:66)
   GDScript backtrace (most recent call first):
       [0] _process (res://addons/GdPlanningAI/gdpai_autoload.gd:21)
WARNING: [GdPAI] ObjectRef(124134624705): object was freed before callback; returning Nil.
   at: gdplanningai_rust::logger::process_logs (src\logger.rs:66)
   GDScript backtrace (most recent call first):
       [0] _process (res://addons/GdPlanningAI/gdpai_autoload.gd:21)
[GdPAI | debug] ApplyEffect [Before] ID=InstanceId(-9223366831488582670): agent props = {"held_item": "", "at_target": null, "entity": null, "hunger": 70.0627442063492}
[GdPAI | debug] ApplyEffect [After] ID=InstanceId(-9223366831488582670): agent props = {"held_item": "", "at_target": null, "entity": null, "hunger": 70.0627442063492}
[GdPAI | debug]   Snapshotting prop: held_item = Str("") (Variant type: STRING)
[GdPAI | debug]   Snapshotting prop: at_target = Nil (Variant type: NIL)
[GdPAI | debug]   Snapshotting prop: entity = Nil (Variant type: NIL)
[GdPAI | debug]   Snapshotting prop: hunger = Float(70.0627442063492) (Variant type: FLOAT)
WARNING: [GdPAI] ObjectRef(1382643928884): object was freed before callback; returning Nil.
   at: gdplanningai_rust::logger::process_logs (src\logger.rs:66)
   GDScript backtrace (most recent call first):
       [0] _process (res://addons/GdPlanningAI/gdpai_autoload.gd:21)
[GdPAI | debug] GetCost: callable returned non-numeric value: null; returning INFINITY
[GdPAI | debug] ApplyEffect [Before] ID=InstanceId(-9223366830146405379): agent props = {"held_item": "", "ate": false}
[GdPAI | debug] ApplyEffect [After] ID=InstanceId(-9223366830146405379): agent props = {"held_item": VariantGd { id: 5201104780262, class: Node }, "ate": false}
[GdPAI | debug]   Snapshotting prop: held_item = ObjectRef(5201104780262) (Variant type: OBJECT)
[GdPAI | debug]   Snapshotting prop: ate = Bool(false) (Variant type: BOOL)
[GdPAI | debug] Discovery: Simulation success for PickupBanana. Agent props: {"ate": Bool(false), "held_item": ObjectRef(5201104780262)}
[GdPAI | debug] Discovery: Action PickupBanana did NOT satisfy precond Builtin { target: Agent, operation: Equal, property_name: "ate", value: Some(Bool(true)) }
[GdPAI | debug] Discovery: Starting simulation for action PickupRock
WARNING: [GdPAI] ObjectRef(124621163998): object was freed before callback; returning Nil.
   at: gdplanningai_rust::logger::process_logs (src\logger.rs:66)
   GDScript backtrace (most recent call first):
       [0] _process (res://addons/GdPlanningAI/gdpai_autoload.gd:21)
WARNING: [GdPAI] ObjectRef(124134624705): object was freed before callback; returning Nil.
   at: gdplanningai_rust::logger::process_logs (src\logger.rs:66)
   GDScript backtrace (most recent call first):
       [0] _process (res://addons/GdPlanningAI/gdpai_autoload.gd:21)
WARNING: [GdPAI] ObjectRef(124134624705): object was freed before callback; returning Nil.
   at: gdplanningai_rust::logger::process_logs (src\logger.rs:66)
   GDScript backtrace (most recent call first):
       [0] _process (res://addons/GdPlanningAI/gdpai_autoload.gd:21)
[GdPAI | debug] GetCost: callable returned non-numeric value: null; returning INFINITY
WARNING: [GdPAI] ObjectRef(1382643928884): object was freed before callback; returning Nil.
   at: gdplanningai_rust::logger::process_logs (src\logger.rs:66)
   GDScript backtrace (most recent call first):
       [0] _process (res://addons/GdPlanningAI/gdpai_autoload.gd:21)
[GdPAI | debug] ApplyEffect [Before] ID=InstanceId(-9223366829492093929): agent props = {"entity": null, "hunger": 95.0603725, "held_item": "wood"}
[GdPAI | debug] ApplyEffect [After] ID=InstanceId(-9223366829492093929): agent props = {"entity": null, "hunger": 95.0603725, "held_item": "wood"}
[GdPAI | debug]   Snapshotting prop: entity = Nil (Variant type: NIL)
[GdPAI | debug]   Snapshotting prop: hunger = Float(95.0603725) (Variant type: FLOAT)
[GdPAI | debug]   Snapshotting prop: held_item = Str("wood") (Variant type: STRING)
WARNING: [GdPAI] ObjectRef(124621163998): object was freed before callback; returning Nil.
   at: gdplanningai_rust::logger::process_logs (src\logger.rs:66)
   GDScript backtrace (most recent call first):
       [0] _process (res://addons/GdPlanningAI/gdpai_autoload.gd:21)
WARNING: [GdPAI] ObjectRef(124134624705): object was freed before callback; returning Nil.
   at: gdplanningai_rust::logger::process_logs (src\logger.rs:66)
   GDScript backtrace (most recent call first):
       [0] _process (res://addons/GdPlanningAI/gdpai_autoload.gd:21)
WARNING: [GdPAI] ObjectRef(124134624705): object was freed before callback; returning Nil.
   at: gdplanningai_rust::logger::process_logs (src\logger.rs:66)
   GDScript backtrace (most recent call first):
       [0] _process (res://addons/GdPlanningAI/gdpai_autoload.gd:21)
[GdPAI | debug] ApplyEffect [Before] ID=InstanceId(-9223366828636455939): agent props = {"held_item": "", "hunger": 70.0627442063492, "entity": null, "at_target": null}
[GdPAI | debug] ApplyEffect [After] ID=InstanceId(-9223366828636455939): agent props = {"held_item": "", "hunger": 70.0627442063492, "entity": null, "at_target": null}
[GdPAI | debug]   Snapshotting prop: held_item = Str("") (Variant type: STRING)
[GdPAI | debug]   Snapshotting prop: hunger = Float(70.0627442063492) (Variant type: FLOAT)
[GdPAI | debug]   Snapshotting prop: entity = Nil (Variant type: NIL)
[GdPAI | debug]   Snapshotting prop: at_target = Nil (Variant type: NIL)
WARNING: [GdPAI] ObjectRef(1382643928884): object was freed before callback; returning Nil.
   at: gdplanningai_rust::logger::process_logs (src\logger.rs:66)
   GDScript backtrace (most recent call first):
       [0] _process (res://addons/GdPlanningAI/gdpai_autoload.gd:21)
WARNING: [GdPAI] ObjectRef(1382643928884): object was freed before callback; returning Nil.
   at: gdplanningai_rust::logger::process_logs (src\logger.rs:66)
   GDScript backtrace (most recent call first):
       [0] _process (res://addons/GdPlanningAI/gdpai_autoload.gd:21)
[GdPAI | debug] GetCost: callable returned non-numeric value: null; returning INFINITY
[GdPAI | debug] ApplyEffect [Before] ID=InstanceId(-9223366827243946974): agent props = {"ate": false, "held_item": ""}
[GdPAI | debug] ApplyEffect [After] ID=InstanceId(-9223366827243946974): agent props = {"ate": false, "held_item": VariantGd { id: 5201121557477, class: Node }}
[GdPAI | debug]   Snapshotting prop: ate = Bool(false) (Variant type: BOOL)
[GdPAI | debug]   Snapshotting prop: held_item = ObjectRef(5201121557477) (Variant type: OBJECT)
[GdPAI | debug] Discovery: Simulation success for PickupRock. Agent props: {"held_item": ObjectRef(5201121557477), "ate": Bool(false)}
[GdPAI | debug] Discovery: Action PickupRock did NOT satisfy precond Builtin { target: Agent, operation: Equal, property_name: "ate", value: Some(Bool(true)) }
WARNING: [GdPAI] ObjectRef(124621163998): object was freed before callback; returning Nil.
   at: gdplanningai_rust::logger::process_logs (src\logger.rs:66)
   GDScript backtrace (most recent call first):
       [0] _process (res://addons/GdPlanningAI/gdpai_autoload.gd:21)
[GdPAI | debug] GetCost: callable returned non-numeric value: null; returning INFINITY
WARNING: [GdPAI] ObjectRef(1382643928884): object was freed before callback; returning Nil.
   at: gdplanningai_rust::logger::process_logs (src\logger.rs:66)
   GDScript backtrace (most recent call first):
       [0] _process (res://addons/GdPlanningAI/gdpai_autoload.gd:21)
WARNING: [GdPAI] ObjectRef(1382643928884): object was freed before callback; returning Nil.
   at: gdplanningai_rust::logger::process_logs (src\logger.rs:66)
   GDScript backtrace (most recent call first):
       [0] _process (res://addons/GdPlanningAI/gdpai_autoload.gd:21)
[GdPAI | debug] ApplyEffect [Before] ID=InstanceId(-9223366826589635543): agent props = {"held_item": "", "hunger": 95.0603725, "entity": null}
[GdPAI | debug] ApplyEffect [After] ID=InstanceId(-9223366826589635543): agent props = {"held_item": "", "hunger": 95.0603725, "entity": null}
[GdPAI | debug]   Snapshotting prop: held_item = Str("") (Variant type: STRING)
[GdPAI | debug]   Snapshotting prop: hunger = Float(95.0603725) (Variant type: FLOAT)
[GdPAI | debug]   Snapshotting prop: entity = Nil (Variant type: NIL)
WARNING: [GdPAI] ObjectRef(124621163998): object was freed before callback; returning Nil.
   at: gdplanningai_rust::logger::process_logs (src\logger.rs:66)
   GDScript backtrace (most recent call first):
       [0] _process (res://addons/GdPlanningAI/gdpai_autoload.gd:21)
[GdPAI | debug] ApplyEffect [Before] ID=InstanceId(-9223366825784329182): agent props = {"entity": null, "hunger": 70.0627442063492, "at_target": null, "held_item": "wood"}
[GdPAI | debug] ApplyEffect [After] ID=InstanceId(-9223366825784329182): agent props = {"entity": null, "hunger": 70.0627442063492, "at_target": null, "held_item": "wood"}
[GdPAI | debug]   Snapshotting prop: entity = Nil (Variant type: NIL)
[GdPAI | debug]   Snapshotting prop: hunger = Float(70.0627442063492) (Variant type: FLOAT)
[GdPAI | debug]   Snapshotting prop: at_target = Nil (Variant type: NIL)
[GdPAI | debug]   Snapshotting prop: held_item = Str("wood") (Variant type: STRING)
WARNING: [GdPAI] ObjectRef(1382643928884): object was freed before callback; returning Nil.
   at: gdplanningai_rust::logger::process_logs (src\logger.rs:66)
   GDScript backtrace (most recent call first):
       [0] _process (res://addons/GdPlanningAI/gdpai_autoload.gd:21)
[GdPAI | debug] GetCost: callable returned non-numeric value: null; returning INFINITY
[GdPAI | debug] ApplyEffect [Before] ID=InstanceId(-9223366824542815183): agent props = {"ate": false, "held_item": ""}
[GdPAI | debug] ApplyEffect [After] ID=InstanceId(-9223366824542815183): agent props = {"ate": true, "held_item": ""}
[GdPAI | debug]   Snapshotting prop: ate = Bool(true) (Variant type: BOOL)
[GdPAI | debug]   Snapshotting prop: held_item = Str("") (Variant type: STRING)
[GdPAI] A* Iteration: pop node with chain length 1
[GdPAI | debug] find_candidates: Checking 3 actions against 0 preconds and 1 requirements
[GdPAI | debug] Found candidate: PickupBanana (satisfied preconds: [], requirements: [0])
WARNING: [GdPAI] ObjectRef(124621163998): object was freed before callback; returning Nil.
   at: gdplanningai_rust::logger::process_logs (src\logger.rs:66)
   GDScript backtrace (most recent call first):
       [0] _process (res://addons/GdPlanningAI/gdpai_autoload.gd:21)
WARNING: [GdPAI] ObjectRef(124621163998): object was freed before callback; returning Nil.
   at: gdplanningai_rust::logger::process_logs (src\logger.rs:66)
   GDScript backtrace (most recent call first):
       [0] _process (res://addons/GdPlanningAI/gdpai_autoload.gd:21)
[GdPAI | debug] GetCost: callable returned non-numeric value: null; returning INFINITY
WARNING: [GdPAI] ObjectRef(1382643928884): object was freed before callback; returning Nil.
   at: gdplanningai_rust::logger::process_logs (src\logger.rs:66)
   GDScript backtrace (most recent call first):
       [0] _process (res://addons/GdPlanningAI/gdpai_autoload.gd:21)
[GdPAI | debug] ApplyEffect [Before] ID=InstanceId(-9223366823888503745): agent props = {"held_item": "", "hunger": 95.0603725, "entity": null}
[GdPAI | debug] ApplyEffect [After] ID=InstanceId(-9223366823888503745): agent props = {"held_item": "", "hunger": 95.0603725, "entity": null}
[GdPAI | debug]   Snapshotting prop: held_item = Str("") (Variant type: STRING)
[GdPAI | debug]   Snapshotting prop: hunger = Float(95.0603725) (Variant type: FLOAT)
[GdPAI | debug]   Snapshotting prop: entity = Nil (Variant type: NIL)
WARNING: [GdPAI] ObjectRef(124621163998): object was freed before callback; returning Nil.
   at: gdplanningai_rust::logger::process_logs (src\logger.rs:66)
   GDScript backtrace (most recent call first):
       [0] _process (res://addons/GdPlanningAI/gdpai_autoload.gd:21)
WARNING: [GdPAI] ObjectRef(124621163998): object was freed before callback; returning Nil.
   at: gdplanningai_rust::logger::process_logs (src\logger.rs:66)
   GDScript backtrace (most recent call first):
       [0] _process (res://addons/GdPlanningAI/gdpai_autoload.gd:21)
[GdPAI | debug] ApplyEffect [Before] ID=InstanceId(-9223366823083197391): agent props = {"held_item": "", "entity": null, "hunger": 70.0627442063492}
[GdPAI | debug] ApplyEffect [After] ID=InstanceId(-9223366823083197391): agent props = {"held_item": "", "entity": null, "hunger": 70.0627442063492}
[GdPAI | debug]   Snapshotting prop: held_item = Str("") (Variant type: STRING)
[GdPAI | debug]   Snapshotting prop: entity = Nil (Variant type: NIL)
[GdPAI | debug]   Snapshotting prop: hunger = Float(70.0627442063492) (Variant type: FLOAT)
WARNING: [GdPAI] ObjectRef(1382643928884): object was freed before callback; returning Nil.
   at: gdplanningai_rust::logger::process_logs (src\logger.rs:66)
   GDScript backtrace (most recent call first):
       [0] _process (res://addons/GdPlanningAI/gdpai_autoload.gd:21)
[GdPAI | debug] GetCost: callable returned non-numeric value: null; returning INFINITY
[GdPAI | debug] ApplyEffect [Before] ID=InstanceId(-9223366821791351751): agent props = {"held_item": "", "ate": false}
[GdPAI | debug] ApplyEffect [After] ID=InstanceId(-9223366821791351751): agent props = {"held_item": VariantGd { id: 5201104780262, class: Node }, "ate": false}
[GdPAI | debug]   Snapshotting prop: held_item = ObjectRef(5201104780262) (Variant type: OBJECT)
[GdPAI | debug]   Snapshotting prop: ate = Bool(false) (Variant type: BOOL)
WARNING: [GdPAI] ObjectRef(124621163998): object was freed before callback; returning Nil.
   at: gdplanningai_rust::logger::process_logs (src\logger.rs:66)
   GDScript backtrace (most recent call first):
       [0] _process (res://addons/GdPlanningAI/gdpai_autoload.gd:21)
[GdPAI | debug] GetCost: callable returned non-numeric value: null; returning INFINITY
WARNING: [GdPAI] ObjectRef(1382643928884): object was freed before callback; returning Nil.
   at: gdplanningai_rust::logger::process_logs (src\logger.rs:66)
   GDScript backtrace (most recent call first):
       [0] _process (res://addons/GdPlanningAI/gdpai_autoload.gd:21)
[GdPAI | debug] ApplyEffect [Before] ID=InstanceId(-9223366821137040309): agent props = {"held_item": "", "hunger": 95.0603725, "entity": null}
[GdPAI | debug] ApplyEffect [After] ID=InstanceId(-9223366821137040309): agent props = {"held_item": "", "hunger": 95.0603725, "entity": null}
[GdPAI | debug]   Snapshotting prop: held_item = Str("") (Variant type: STRING)
[GdPAI | debug]   Snapshotting prop: hunger = Float(95.0603725) (Variant type: FLOAT)
[GdPAI | debug]   Snapshotting prop: entity = Nil (Variant type: NIL)
WARNING: [GdPAI] ObjectRef(124621163998): object was freed before callback; returning Nil.
   at: gdplanningai_rust::logger::process_logs (src\logger.rs:66)
   GDScript backtrace (most recent call first):
       [0] _process (res://addons/GdPlanningAI/gdpai_autoload.gd:21)
[GdPAI | debug] ApplyEffect [Before] ID=InstanceId(-9223366820382065607): agent props = {"hunger": 70.0627442063492, "entity": null, "held_item": ""}
[GdPAI | debug] ApplyEffect [After] ID=InstanceId(-9223366820382065607): agent props = {"hunger": 70.0627442063492, "entity": null, "held_item": ""}
[GdPAI | debug]   Snapshotting prop: hunger = Float(70.0627442063492) (Variant type: FLOAT)
[GdPAI | debug]   Snapshotting prop: entity = Nil (Variant type: NIL)
[GdPAI | debug]   Snapshotting prop: held_item = Str("") (Variant type: STRING)
WARNING: [GdPAI] ObjectRef(1382643928884): object was freed before callback; returning Nil.
   at: gdplanningai_rust::logger::process_logs (src\logger.rs:66)
   GDScript backtrace (most recent call first):
       [0] _process (res://addons/GdPlanningAI/gdpai_autoload.gd:21)
[GdPAI | debug] GetCost: callable returned non-numeric value: null; returning INFINITY
[GdPAI | debug] ApplyEffect [Before] ID=InstanceId(-9223366819140551581): agent props = {"ate": false, "held_item": VariantGd { id: 5201104780262, class: Node }}
[GdPAI | debug] ApplyEffect [After] ID=InstanceId(-9223366819140551581): agent props = {"ate": true, "held_item": VariantGd { id: 5201104780262, class: Node }}
[GdPAI | debug]   Snapshotting prop: ate = Bool(true) (Variant type: BOOL)
[GdPAI | debug]   Snapshotting prop: held_item = ObjectRef(5201104780262) (Variant type: OBJECT)
[GdPAI] A* Iteration: pop node with chain length 2
[GdPAI] A* SUCCESS! Returning plan for goal 'Ate'
[GdPAI] PlannerEngine: Found valid plan for goal 'Ate' (cost: 3)
WARNING: [GdPAI] ObjectRef(124621163998): object was freed before callback; returning Nil.
   at: gdplanningai_rust::logger::process_logs (src\logger.rs:66)
   GDScript backtrace (most recent call first):
       [0] _process (res://addons/GdPlanningAI/gdpai_autoload.gd:21)
[GdPAI | debug] GetCost: callable returned non-numeric value: null; returning INFINITY
WARNING: [GdPAI] ObjectRef(1382643928884): object was freed before callback; returning Nil.
   at: gdplanningai_rust::logger::process_logs (src\logger.rs:66)
   GDScript backtrace (most recent call first):
       [0] _process (res://addons/GdPlanningAI/gdpai_autoload.gd:21)
[GdPAI | debug] ApplyEffect [Before] ID=InstanceId(-9223366818486240167): agent props = {"held_item": "wood", "hunger": 95.0603725, "entity": null}
[GdPAI | debug] ApplyEffect [After] ID=InstanceId(-9223366818486240167): agent props = {"held_item": "wood", "hunger": 95.0603725, "entity": null}
[GdPAI | debug]   Snapshotting prop: held_item = Str("wood") (Variant type: STRING)
[GdPAI | debug]   Snapshotting prop: hunger = Float(95.0603725) (Variant type: FLOAT)
[GdPAI | debug]   Snapshotting prop: entity = Nil (Variant type: NIL)
[GdPAI] Plan complete: success=true, actions=2, cost=3.0, action_chain=[1, 0]
[32m    [Passed]:  [0mPlan should succeed
[1m    [INFO]:  [0mArray/Dictionary compared by value.  Use assert_same to compare references.  Use assert_eq_deep to see diff when failing.
[32m    [Passed]:  [0mARRAY([1, 0]) == ARRAY([1, 0])  Plan should choose the edible item provider
[31m    [Failed]:  [0mUnexpected Errors:
    [1] <engine-1>[GdPAI] ObjectRef(124621163998): object was freed before callback; returning Nil.
    [2] <engine-1>[GdPAI] ObjectRef(1382643928884): object was freed before callback; returning Nil.
    [3] <engine-1>[GdPAI] ObjectRef(124621163998): object was freed before callback; returning Nil.
    [4] <engine-1>[GdPAI] ObjectRef(1382643928884): object was freed before callback; returning Nil.
    [5] <engine-1>[GdPAI] ObjectRef(124621163998): object was freed before callback; returning Nil.
    [6] <engine-1>[GdPAI] ObjectRef(124134624705): object was freed before callback; returning Nil.
    [7] <engine-1>[GdPAI] ObjectRef(124134624705): object was freed before callback; returning Nil.
    [8] <engine-1>[GdPAI] ObjectRef(1382643928884): object was freed before callback; returning Nil.
    [9] <engine-1>[GdPAI] ObjectRef(124621163998): object was freed before callback; returning Nil.
    [10] <engine-1>[GdPAI] ObjectRef(124134624705): object was freed before callback; returning Nil.
    [11] <engine-1>[GdPAI] ObjectRef(124134624705): object was freed before callback; returning Nil.
    [12] <engine-1>[GdPAI] ObjectRef(1382643928884): object was freed before callback; returning Nil.
    [13] <engine-1>[GdPAI] ObjectRef(124621163998): object was freed before callback; returning Nil.
    [14] <engine-1>[GdPAI] ObjectRef(124134624705): object was freed before callback; returning Nil.
    [15] <engine-1>[GdPAI] ObjectRef(124134624705): object was freed before callback; returning Nil.
    [16] <engine-1>[GdPAI] ObjectRef(1382643928884): object was freed before callback; returning Nil.
    [17] <engine-1>[GdPAI] ObjectRef(124621163998): object was freed before callback; returning Nil.
    [18] <engine-1>[GdPAI] ObjectRef(124134624705): object was freed before callback; returning Nil.
    [19] <engine-1>[GdPAI] ObjectRef(124134624705): object was freed before callback; returning Nil.
    [20] <engine-1>[GdPAI] ObjectRef(1382643928884): object was freed before callback; returning Nil.
    [21] <engine-1>[GdPAI] ObjectRef(1382643928884): object was freed before callback; returning Nil.
    [22] <engine-1>[GdPAI] ObjectRef(124621163998): object was freed before callback; returning Nil.
    [23] <engine-1>[GdPAI] ObjectRef(1382643928884): object was freed before callback; returning Nil.
    [24] <engine-1>[GdPAI] ObjectRef(1382643928884): object was freed before callback; returning Nil.
    [25] <engine-1>[GdPAI] ObjectRef(124621163998): object was freed before callback; returning Nil.
    [26] <engine-1>[GdPAI] ObjectRef(1382643928884): object was freed before callback; returning Nil.
    [27] <engine-1>[GdPAI] ObjectRef(124621163998): object was freed before callback; returning Nil.
    [28] <engine-1>[GdPAI] ObjectRef(124621163998): object was freed before callback; returning Nil.
    [29] <engine-1>[GdPAI] ObjectRef(1382643928884): object was freed before callback; returning Nil.
    [30] <engine-1>[GdPAI] ObjectRef(124621163998): object was freed before callback; returning Nil.
    [31] <engine-1>[GdPAI] ObjectRef(124621163998): object was freed before callback; returning Nil.
    [32] <engine-1>[GdPAI] ObjectRef(1382643928884): object was freed before callback; returning Nil.
    [33] <engine-1>[GdPAI] ObjectRef(124621163998): object was freed before callback; returning Nil.
    [34] <engine-1>[GdPAI] ObjectRef(1382643928884): object was freed before callback; returning Nil.
    [35] <engine-1>[GdPAI] ObjectRef(124621163998): object was freed before callback; returning Nil.
    [36] <engine-1>[GdPAI] ObjectRef(1382643928884): object was freed before callback; returning Nil.
    [37] <engine-1>[GdPAI] ObjectRef(124621163998): object was freed before callback; returning Nil.
    [38] <engine-1>[GdPAI] ObjectRef(1382643928884): object was freed before callback; returning Nil.
      at line 585
WARNING: [GdPAI] ObjectRef(124621163998): object was freed before callback; returning Nil.
   at: gdplanningai_rust::logger::process_logs (src\logger.rs:66)
   GDScript backtrace (most recent call first):
       [0] _process (res://addons/GdPlanningAI/gdpai_autoload.gd:21)
[GdPAI | debug] ApplyEffect [Before] ID=InstanceId(-9223366816959513501): agent props = {"hunger": 70.0627442063492, "entity": null, "held_item": ""}
[GdPAI | debug] ApplyEffect [After] ID=InstanceId(-9223366816959513501): agent props = {"hunger": 70.0627442063492, "entity": null, "held_item": ""}
[GdPAI | debug]   Snapshotting prop: hunger = Float(70.0627442063492) (Variant type: FLOAT)
[GdPAI | debug]   Snapshotting prop: entity = Nil (Variant type: NIL)
[GdPAI | debug]   Snapshotting prop: held_item = Str("") (Variant type: STRING)
WARNING: [GdPAI] ObjectRef(1382643928884): object was freed before callback; returning Nil.
   at: gdplanningai_rust::logger::process_logs (src\logger.rs:66)
   GDScript backtrace (most recent call first):
       [0] _process (res://addons/GdPlanningAI/gdpai_autoload.gd:21)
WARNING: [GdPAI] ObjectRef(1382643928884): object was freed before callback; returning Nil.
   at: gdplanningai_rust::logger::process_logs (src\logger.rs:66)
   GDScript backtrace (most recent call first):
       [0] _process (res://addons/GdPlanningAI/gdpai_autoload.gd:21)
[GdPAI | debug] GetCost: callable returned non-numeric value: null; returning INFINITY
* test_wildcard_fact_provision_matches_specific_requirement
[GdPAI] Direct print from scheduler ready - logging works
[GdPAI] GdPAIPlanScheduler ready — 16 worker thread(s)
[GdPAI | debug] Log channel initialized and ready for planner thread logging
WARNING: [GdPAI] ObjectRef(124621163998): object was freed before callback; returning Nil.
   at: gdplanningai_rust::logger::process_logs (src\logger.rs:66)
   GDScript backtrace (most recent call first):
       [0] _process (res://addons/GdPlanningAI/gdpai_autoload.gd:21)
WARNING: [GdPAI] ObjectRef(124134624705): object was freed before callback; returning Nil.
   at: gdplanningai_rust::logger::process_logs (src\logger.rs:66)
   GDScript backtrace (most recent call first):
       [0] _process (res://addons/GdPlanningAI/gdpai_autoload.gd:21)
WARNING: [GdPAI] ObjectRef(124134624705): object was freed before callback; returning Nil.
   at: gdplanningai_rust::logger::process_logs (src\logger.rs:66)
   GDScript backtrace (most recent call first):
       [0] _process (res://addons/GdPlanningAI/gdpai_autoload.gd:21)
[GdPAI | debug] GetCost: callable returned non-numeric value: null; returning INFINITY
WARNING: [GdPAI] ObjectRef(1382643928884): object was freed before callback; returning Nil.
   at: gdplanningai_rust::logger::process_logs (src\logger.rs:66)
   GDScript backtrace (most recent call first):
       [0] _process (res://addons/GdPlanningAI/gdpai_autoload.gd:21)
WARNING: [GdPAI] ObjectRef(1382643928884): object was freed before callback; returning Nil.
   at: gdplanningai_rust::logger::process_logs (src\logger.rs:66)
   GDScript backtrace (most recent call first):
       [0] _process (res://addons/GdPlanningAI/gdpai_autoload.gd:21)
[GdPAI | debug] ApplyEffect [Before] ID=InstanceId(-9223366814996579355): agent props = {"entity": null, "hunger": 95.0603725, "held_item": ""}
[GdPAI | debug] ApplyEffect [After] ID=InstanceId(-9223366814996579355): agent props = {"entity": null, "hunger": 95.0603725, "held_item": ""}
[GdPAI | debug]   Snapshotting prop: entity = Nil (Variant type: NIL)
[GdPAI | debug]   Snapshotting prop: hunger = Float(95.0603725) (Variant type: FLOAT)
[GdPAI | debug]   Snapshotting prop: held_item = Str("") (Variant type: STRING)
[GdPAI | debug]   Snapshotting prop: interacted = Bool(false) (Variant type: BOOL)
[GdPAI] Submitting plan: 2 actions, 1 goals, 4 callables
[GdPAI | debug] PlannerEngine: Searching for goal 'Interacted' (reward: 100)
[GdPAI] PlannerEngine: Searching for goal 'Interacted'
[GdPAI]   Root branch: 1 open preconds, 0 open requirements
[GdPAI]     Precond 0: Builtin { target: Agent, operation: Equal, property_name: "interacted", value: Some(Bool(true)) }
[GdPAI] A* Iteration: pop node with chain length 0
[GdPAI | debug] find_candidates: Checking 2 actions against 1 preconds and 0 requirements
[GdPAI | debug] Discovery: Starting simulation for action InteractAtLocation
WARNING: [GdPAI] ObjectRef(124621163998): object was freed before callback; returning Nil.
   at: gdplanningai_rust::logger::process_logs (src\logger.rs:66)
   GDScript backtrace (most recent call first):
       [0] _process (res://addons/GdPlanningAI/gdpai_autoload.gd:21)
WARNING: [GdPAI] ObjectRef(124134624705): object was freed before callback; returning Nil.
   at: gdplanningai_rust::logger::process_logs (src\logger.rs:66)
   GDScript backtrace (most recent call first):
       [0] _process (res://addons/GdPlanningAI/gdpai_autoload.gd:21)
WARNING: [GdPAI] ObjectRef(124134624705): object was freed before callback; returning Nil.
   at: gdplanningai_rust::logger::process_logs (src\logger.rs:66)
   GDScript backtrace (most recent call first):
       [0] _process (res://addons/GdPlanningAI/gdpai_autoload.gd:21)
[GdPAI | debug] ApplyEffect [Before] ID=InstanceId(-9223366814073832304): agent props = {"at_target": null, "held_item": "", "hunger": 70.0627442063492, "entity": null}
[GdPAI | debug] ApplyEffect [After] ID=InstanceId(-9223366814073832304): agent props = {"at_target": null, "held_item": "", "hunger": 70.0627442063492, "entity": null}
[GdPAI | debug]   Snapshotting prop: at_target = Nil (Variant type: NIL)
[GdPAI | debug]   Snapshotting prop: held_item = Str("") (Variant type: STRING)
[GdPAI | debug]   Snapshotting prop: hunger = Float(70.0627442063492) (Variant type: FLOAT)
[GdPAI | debug]   Snapshotting prop: entity = Nil (Variant type: NIL)
WARNING: [GdPAI] ObjectRef(1382643928884): object was freed before callback; returning Nil.
   at: gdplanningai_rust::logger::process_logs (src\logger.rs:66)
   GDScript backtrace (most recent call first):
       [0] _process (res://addons/GdPlanningAI/gdpai_autoload.gd:21)
[GdPAI | debug] GetCost: callable returned non-numeric value: null; returning INFINITY
[GdPAI | debug] ApplyEffect [Before] ID=InstanceId(-9223366812731654987): agent props = {"interacted": false}
[GdPAI | debug] ApplyEffect [After] ID=InstanceId(-9223366812731654987): agent props = {"interacted": true}
[GdPAI | debug]   Snapshotting prop: interacted = Bool(true) (Variant type: BOOL)
[GdPAI | debug] Discovery: Simulation success for InteractAtLocation. Agent props: {"interacted": Bool(true)}
[GdPAI | debug] Discovery: Action InteractAtLocation satisfied precond Builtin { target: Agent, operation: Equal, property_name: "interacted", value: Some(Bool(true)) }
[GdPAI | debug] Found candidate: InteractAtLocation (satisfied preconds: [0], requirements: [])
[GdPAI | debug] Discovery: Starting simulation for action GoToWildcard
WARNING: [GdPAI] ObjectRef(124621163998): object was freed before callback; returning Nil.
   at: gdplanningai_rust::logger::process_logs (src\logger.rs:66)
   GDScript backtrace (most recent call first):
       [0] _process (res://addons/GdPlanningAI/gdpai_autoload.gd:21)
WARNING: [GdPAI] ObjectRef(124134624705): object was freed before callback; returning Nil.
   at: gdplanningai_rust::logger::process_logs (src\logger.rs:66)
   GDScript backtrace (most recent call first):
       [0] _process (res://addons/GdPlanningAI/gdpai_autoload.gd:21)
WARNING: [GdPAI] ObjectRef(124134624705): object was freed before callback; returning Nil.
   at: gdplanningai_rust::logger::process_logs (src\logger.rs:66)
   GDScript backtrace (most recent call first):
       [0] _process (res://addons/GdPlanningAI/gdpai_autoload.gd:21)
[GdPAI | debug] GetCost: callable returned non-numeric value: null; returning INFINITY
WARNING: [GdPAI] ObjectRef(1382643928884): object was freed before callback; returning Nil.
   at: gdplanningai_rust::logger::process_logs (src\logger.rs:66)
   GDScript backtrace (most recent call first):
       [0] _process (res://addons/GdPlanningAI/gdpai_autoload.gd:21)
[GdPAI | debug] ApplyEffect [Before] ID=InstanceId(-9223366812110898003): agent props = {"held_item": "", "hunger": 95.0603725, "entity": null}
[GdPAI | debug] ApplyEffect [After] ID=InstanceId(-9223366812110898003): agent props = {"held_item": "", "hunger": 95.0603725, "entity": null}
[GdPAI | debug]   Snapshotting prop: held_item = Str("") (Variant type: STRING)
[GdPAI | debug]   Snapshotting prop: hunger = Float(95.0603725) (Variant type: FLOAT)
[GdPAI | debug]   Snapshotting prop: entity = Nil (Variant type: NIL)
WARNING: [GdPAI] ObjectRef(124621163998): object was freed before callback; returning Nil.
   at: gdplanningai_rust::logger::process_logs (src\logger.rs:66)
   GDScript backtrace (most recent call first):
       [0] _process (res://addons/GdPlanningAI/gdpai_autoload.gd:21)
WARNING: [GdPAI] ObjectRef(124134624705): object was freed before callback; returning Nil.
   at: gdplanningai_rust::logger::process_logs (src\logger.rs:66)
   GDScript backtrace (most recent call first):
       [0] _process (res://addons/GdPlanningAI/gdpai_autoload.gd:21)
WARNING: [GdPAI] ObjectRef(124134624705): object was freed before callback; returning Nil.
   at: gdplanningai_rust::logger::process_logs (src\logger.rs:66)
   GDScript backtrace (most recent call first):
       [0] _process (res://addons/GdPlanningAI/gdpai_autoload.gd:21)
[GdPAI | debug] ApplyEffect [Before] ID=InstanceId(-9223366811288814411): agent props = {"at_target": null, "held_item": "", "hunger": 70.0627442063492, "entity": null}
[GdPAI | debug] ApplyEffect [After] ID=InstanceId(-9223366811288814411): agent props = {"at_target": null, "held_item": "", "hunger": 70.0627442063492, "entity": null}
[GdPAI | debug]   Snapshotting prop: at_target = Nil (Variant type: NIL)
[GdPAI | debug]   Snapshotting prop: held_item = Str("") (Variant type: STRING)
[GdPAI | debug]   Snapshotting prop: hunger = Float(70.0627442063492) (Variant type: FLOAT)
[GdPAI | debug]   Snapshotting prop: entity = Nil (Variant type: NIL)
WARNING: [GdPAI] ObjectRef(1382643928884): object was freed before callback; returning Nil.
   at: gdplanningai_rust::logger::process_logs (src\logger.rs:66)
   GDScript backtrace (most recent call first):
       [0] _process (res://addons/GdPlanningAI/gdpai_autoload.gd:21)
[GdPAI | debug] GetCost: callable returned non-numeric value: null; returning INFINITY
[GdPAI | debug] ApplyEffect [Before] ID=InstanceId(-9223366809946637130): agent props = {"interacted": false}
[GdPAI | debug] ApplyEffect [After] ID=InstanceId(-9223366809946637130): agent props = {"interacted": false, "at_location": true}
[GdPAI | debug]   Snapshotting prop: interacted = Bool(false) (Variant type: BOOL)
[GdPAI | debug]   Snapshotting prop: at_location = Bool(true) (Variant type: BOOL)
[GdPAI | debug] Discovery: Simulation success for GoToWildcard. Agent props: {"interacted": Bool(false), "at_location": Bool(true)}
[GdPAI | debug] Discovery: Action GoToWildcard did NOT satisfy precond Builtin { target: Agent, operation: Equal, property_name: "interacted", value: Some(Bool(true)) }
WARNING: [GdPAI] ObjectRef(124621163998): object was freed before callback; returning Nil.
   at: gdplanningai_rust::logger::process_logs (src\logger.rs:66)
   GDScript backtrace (most recent call first):
       [0] _process (res://addons/GdPlanningAI/gdpai_autoload.gd:21)
[GdPAI | debug] GetCost: callable returned non-numeric value: null; returning INFINITY
WARNING: [GdPAI] ObjectRef(1382643928884): object was freed before callback; returning Nil.
   at: gdplanningai_rust::logger::process_logs (src\logger.rs:66)
   GDScript backtrace (most recent call first):
       [0] _process (res://addons/GdPlanningAI/gdpai_autoload.gd:21)
[GdPAI | debug] ApplyEffect [Before] ID=InstanceId(-9223366809325880120): agent props = {"hunger": 95.0603725, "held_item": "", "entity": null}
[GdPAI | debug] ApplyEffect [After] ID=InstanceId(-9223366809325880120): agent props = {"hunger": 95.0603725, "held_item": "", "entity": null}
[GdPAI | debug]   Snapshotting prop: hunger = Float(95.0603725) (Variant type: FLOAT)
[GdPAI | debug]   Snapshotting prop: held_item = Str("") (Variant type: STRING)
[GdPAI | debug]   Snapshotting prop: entity = Nil (Variant type: NIL)
WARNING: [GdPAI] ObjectRef(124621163998): object was freed before callback; returning Nil.
   at: gdplanningai_rust::logger::process_logs (src\logger.rs:66)
   GDScript backtrace (most recent call first):
       [0] _process (res://addons/GdPlanningAI/gdpai_autoload.gd:21)
[GdPAI | debug] ApplyEffect [Before] ID=InstanceId(-9223366808604459850): agent props = {"entity": null, "at_target": null, "hunger": 70.0627442063492, "held_item": "wood"}
[GdPAI | debug] ApplyEffect [After] ID=InstanceId(-9223366808604459850): agent props = {"entity": null, "at_target": null, "hunger": 70.0627442063492, "held_item": "wood"}
[GdPAI | debug]   Snapshotting prop: entity = Nil (Variant type: NIL)
[GdPAI | debug]   Snapshotting prop: at_target = Nil (Variant type: NIL)
[GdPAI | debug]   Snapshotting prop: hunger = Float(70.0627442063492) (Variant type: FLOAT)
[GdPAI | debug]   Snapshotting prop: held_item = Str("wood") (Variant type: STRING)
WARNING: [GdPAI] ObjectRef(1382643928884): object was freed before callback; returning Nil.
   at: gdplanningai_rust::logger::process_logs (src\logger.rs:66)
   GDScript backtrace (most recent call first):
       [0] _process (res://addons/GdPlanningAI/gdpai_autoload.gd:21)
[GdPAI | debug] GetCost: callable returned non-numeric value: null; returning INFINITY
[GdPAI] A* Iteration: pop node with chain length 5
[GdPAI | debug] Numeric comparison: 70.0627442063492 LessThan 55.062744206349194 -> false
[GdPAI | debug] find_candidates: Checking 15 actions against 0 preconds and 0 requirements
[GdPAI | debug] ApplyEffect [Before] ID=InstanceId(-9223366807362945863): agent props = {"interacted": false}
[GdPAI | debug] ApplyEffect [After] ID=InstanceId(-9223366807362945863): agent props = {"interacted": true}
[GdPAI | debug]   Snapshotting prop: interacted = Bool(true) (Variant type: BOOL)
[GdPAI] A* Iteration: pop node with chain length 1
[GdPAI | debug] find_candidates: Checking 2 actions against 0 preconds and 1 requirements
[GdPAI | debug] Found candidate: GoToWildcard (satisfied preconds: [], requirements: [0])
WARNING: [GdPAI] ObjectRef(124621163998): object was freed before callback; returning Nil.
   at: gdplanningai_rust::logger::process_logs (src\logger.rs:66)
   GDScript backtrace (most recent call first):
       [0] _process (res://addons/GdPlanningAI/gdpai_autoload.gd:21)
WARNING: [GdPAI] ObjectRef(124621163998): object was freed before callback; returning Nil.
   at: gdplanningai_rust::logger::process_logs (src\logger.rs:66)
   GDScript backtrace (most recent call first):
       [0] _process (res://addons/GdPlanningAI/gdpai_autoload.gd:21)
WARNING: [GdPAI] ObjectRef(1382643928884): object was freed before callback; returning Nil.
   at: gdplanningai_rust::logger::process_logs (src\logger.rs:66)
   GDScript backtrace (most recent call first):
       [0] _process (res://addons/GdPlanningAI/gdpai_autoload.gd:21)
[GdPAI | debug] ApplyEffect [Before] ID=InstanceId(-9223366806742188853): agent props = {"hunger": 95.0603725, "held_item": "wood", "entity": null}
[GdPAI | debug] ApplyEffect [After] ID=InstanceId(-9223366806742188853): agent props = {"hunger": 95.0603725, "held_item": "wood", "entity": null}
[GdPAI | debug]   Snapshotting prop: hunger = Float(95.0603725) (Variant type: FLOAT)
[GdPAI | debug]   Snapshotting prop: held_item = Str("wood") (Variant type: STRING)
[GdPAI | debug]   Snapshotting prop: entity = Nil (Variant type: NIL)
WARNING: [GdPAI] ObjectRef(124621163998): object was freed before callback; returning Nil.
   at: gdplanningai_rust::logger::process_logs (src\logger.rs:66)
   GDScript backtrace (most recent call first):
       [0] _process (res://addons/GdPlanningAI/gdpai_autoload.gd:21)
WARNING: [GdPAI] ObjectRef(124621163998): object was freed before callback; returning Nil.
   at: gdplanningai_rust::logger::process_logs (src\logger.rs:66)
   GDScript backtrace (most recent call first):
       [0] _process (res://addons/GdPlanningAI/gdpai_autoload.gd:21)
WARNING: [GdPAI] ObjectRef(1382643928884): object was freed before callback; returning Nil.
   at: gdplanningai_rust::logger::process_logs (src\logger.rs:66)
   GDScript backtrace (most recent call first):
       [0] _process (res://addons/GdPlanningAI/gdpai_autoload.gd:21)
WARNING: [GdPAI] ObjectRef(1382643928884): object was freed before callback; returning Nil.
   at: gdplanningai_rust::logger::process_logs (src\logger.rs:66)
   GDScript backtrace (most recent call first):
       [0] _process (res://addons/GdPlanningAI/gdpai_autoload.gd:21)
[GdPAI | debug] GetCost: callable returned non-numeric value: null; returning INFINITY
[GdPAI | debug] ApplyEffect [Before] ID=InstanceId(-9223366804628259603): agent props = {"at_target": "location_123", "interacted": false}
[GdPAI | debug] ApplyEffect [After] ID=InstanceId(-9223366804628259603): agent props = {"at_target": "location_123", "interacted": false, "at_location": true}
[GdPAI | debug]   Snapshotting prop: at_target = Str("location_123") (Variant type: STRING)
[GdPAI | debug]   Snapshotting prop: interacted = Bool(false) (Variant type: BOOL)
[GdPAI | debug]   Snapshotting prop: at_location = Bool(true) (Variant type: BOOL)
WARNING: [GdPAI] ObjectRef(124621163998): object was freed before callback; returning Nil.
   at: gdplanningai_rust::logger::process_logs (src\logger.rs:66)
   GDScript backtrace (most recent call first):
       [0] _process (res://addons/GdPlanningAI/gdpai_autoload.gd:21)
WARNING: [GdPAI] ObjectRef(124621163998): object was freed before callback; returning Nil.
   at: gdplanningai_rust::logger::process_logs (src\logger.rs:66)
   GDScript backtrace (most recent call first):
       [0] _process (res://addons/GdPlanningAI/gdpai_autoload.gd:21)
WARNING: [GdPAI] ObjectRef(1382643928884): object was freed before callback; returning Nil.
   at: gdplanningai_rust::logger::process_logs (src\logger.rs:66)
   GDScript backtrace (most recent call first):
       [0] _process (res://addons/GdPlanningAI/gdpai_autoload.gd:21)
[GdPAI | debug] Discovery: Action Cook Potato failed validity check, skipping
WARNING: [GdPAI] ObjectRef(1382643928884): object was freed before callback; returning Nil.
   at: gdplanningai_rust::logger::process_logs (src\logger.rs:66)
   GDScript backtrace (most recent call first):
       [0] _process (res://addons/GdPlanningAI/gdpai_autoload.gd:21)
[GdPAI | debug] ApplyEffect [Before] ID=InstanceId(-9223366804007502640): agent props = {"held_item": "", "entity": null, "hunger": 95.0603725}
[GdPAI | debug] ApplyEffect [After] ID=InstanceId(-9223366804007502640): agent props = {"held_item": "", "entity": null, "hunger": 95.0603725}
[GdPAI | debug]   Snapshotting prop: held_item = Str("") (Variant type: STRING)
[GdPAI | debug]   Snapshotting prop: entity = Nil (Variant type: NIL)
[GdPAI | debug]   Snapshotting prop: hunger = Float(95.0603725) (Variant type: FLOAT)
WARNING: [GdPAI] ObjectRef(124621163998): object was freed before callback; returning Nil.
   at: gdplanningai_rust::logger::process_logs (src\logger.rs:66)
   GDScript backtrace (most recent call first):
       [0] _process (res://addons/GdPlanningAI/gdpai_autoload.gd:21)
WARNING: [GdPAI] ObjectRef(124621163998): object was freed before callback; returning Nil.
   at: gdplanningai_rust::logger::process_logs (src\logger.rs:66)
   GDScript backtrace (most recent call first):
       [0] _process (res://addons/GdPlanningAI/gdpai_autoload.gd:21)
[GdPAI | debug] Discovery: Action Dig Potato failed validity check, skipping
WARNING: [GdPAI] ObjectRef(1382643928884): object was freed before callback; returning Nil.
   at: gdplanningai_rust::logger::process_logs (src\logger.rs:66)
   GDScript backtrace (most recent call first):
       [0] _process (res://addons/GdPlanningAI/gdpai_autoload.gd:21)
[GdPAI | debug] GetCost: callable returned non-numeric value: null; returning INFINITY
[GdPAI | debug] ApplyEffect [Before] ID=InstanceId(-9223366801893573365): agent props = {"at_target": "location_123", "interacted": false, "at_location": true}
[GdPAI | debug] ApplyEffect [After] ID=InstanceId(-9223366801893573365): agent props = {"at_target": "location_123", "interacted": true, "at_location": true}
[GdPAI | debug]   Snapshotting prop: at_target = Str("location_123") (Variant type: STRING)
[GdPAI | debug]   Snapshotting prop: interacted = Bool(true) (Variant type: BOOL)
[GdPAI | debug]   Snapshotting prop: at_location = Bool(true) (Variant type: BOOL)
[GdPAI] A* Iteration: pop node with chain length 2
[GdPAI] A* SUCCESS! Returning plan for goal 'Interacted'
[GdPAI] PlannerEngine: Found valid plan for goal 'Interacted' (cost: 6)
WARNING: [GdPAI] ObjectRef(124621163998): object was freed before callback; returning Nil.
   at: gdplanningai_rust::logger::process_logs (src\logger.rs:66)
   GDScript backtrace (most recent call first):
       [0] _process (res://addons/GdPlanningAI/gdpai_autoload.gd:21)
WARNING: [GdPAI] ObjectRef(124621163998): object was freed before callback; returning Nil.
   at: gdplanningai_rust::logger::process_logs (src\logger.rs:66)
   GDScript backtrace (most recent call first):
       [0] _process (res://addons/GdPlanningAI/gdpai_autoload.gd:21)
[GdPAI | debug] Discovery: Action Dig Potato failed validity check, skipping
WARNING: [GdPAI] ObjectRef(1382643928884): object was freed before callback; returning Nil.
   at: gdplanningai_rust::logger::process_logs (src\logger.rs:66)
   GDScript backtrace (most recent call first):
       [0] _process (res://addons/GdPlanningAI/gdpai_autoload.gd:21)
[GdPAI | debug] ApplyEffect [Before] ID=InstanceId(-9223366801272816387): agent props = {"entity": null, "held_item": "", "hunger": 95.0603725}
[GdPAI | debug] ApplyEffect [After] ID=InstanceId(-9223366801272816387): agent props = {"entity": null, "held_item": "", "hunger": 95.0603725}
[GdPAI | debug]   Snapshotting prop: entity = Nil (Variant type: NIL)
[GdPAI | debug]   Snapshotting prop: held_item = Str("") (Variant type: STRING)
[GdPAI | debug]   Snapshotting prop: hunger = Float(95.0603725) (Variant type: FLOAT)
[GdPAI] Plan complete: success=true, actions=2, cost=6.0, action_chain=[1, 0]
[32m    [Passed]:  [0mPlan should succeed
[1m    [INFO]:  [0mArray/Dictionary compared by value.  Use assert_same to compare references.  Use assert_eq_deep to see diff when failing.
[32m    [Passed]:  [0mARRAY([1, 0]) == ARRAY([1, 0])  Plan should chain GoToWildcard -> InteractAtLocation
[31m    [Failed]:  [0mUnexpected Errors:
    [1] <engine-1>[GdPAI] ObjectRef(124621163998): object was freed before callback; returning Nil.
    [2] <engine-1>[GdPAI] ObjectRef(124134624705): object was freed before callback; returning Nil.
    [3] <engine-1>[GdPAI] ObjectRef(124134624705): object was freed before callback; returning Nil.
    [4] <engine-1>[GdPAI] ObjectRef(1382643928884): object was freed before callback; returning Nil.
    [5] <engine-1>[GdPAI] ObjectRef(1382643928884): object was freed before callback; returning Nil.
    [6] <engine-1>[GdPAI] ObjectRef(124621163998): object was freed before callback; returning Nil.
    [7] <engine-1>[GdPAI] ObjectRef(124134624705): object was freed before callback; returning Nil.
    [8] <engine-1>[GdPAI] ObjectRef(124134624705): object was freed before callback; returning Nil.
    [9] <engine-1>[GdPAI] ObjectRef(1382643928884): object was freed before callback; returning Nil.
    [10] <engine-1>[GdPAI] ObjectRef(124621163998): object was freed before callback; returning Nil.
    [11] <engine-1>[GdPAI] ObjectRef(124134624705): object was freed before callback; returning Nil.
    [12] <engine-1>[GdPAI] ObjectRef(124134624705): object was freed before callback; returning Nil.
    [13] <engine-1>[GdPAI] ObjectRef(1382643928884): object was freed before callback; returning Nil.
    [14] <engine-1>[GdPAI] ObjectRef(124621163998): object was freed before callback; returning Nil.
    [15] <engine-1>[GdPAI] ObjectRef(124134624705): object was freed before callback; returning Nil.
    [16] <engine-1>[GdPAI] ObjectRef(124134624705): object was freed before callback; returning Nil.
    [17] <engine-1>[GdPAI] ObjectRef(1382643928884): object was freed before callback; returning Nil.
    [18] <engine-1>[GdPAI] ObjectRef(124621163998): object was freed before callback; returning Nil.
    [19] <engine-1>[GdPAI] ObjectRef(1382643928884): object was freed before callback; returning Nil.
    [20] <engine-1>[GdPAI] ObjectRef(124621163998): object was freed before callback; returning Nil.
    [21] <engine-1>[GdPAI] ObjectRef(1382643928884): object was freed before callback; returning Nil.
    [22] <engine-1>[GdPAI] ObjectRef(124621163998): object was freed before callback; returning Nil.
    [23] <engine-1>[GdPAI] ObjectRef(124621163998): object was freed before callback; returning Nil.
    [24] <engine-1>[GdPAI] ObjectRef(1382643928884): object was freed before callback; returning Nil.
    [25] <engine-1>[GdPAI] ObjectRef(124621163998): object was freed before callback; returning Nil.
    [26] <engine-1>[GdPAI] ObjectRef(124621163998): object was freed before callback; returning Nil.
    [27] <engine-1>[GdPAI] ObjectRef(1382643928884): object was freed before callback; returning Nil.
    [28] <engine-1>[GdPAI] ObjectRef(1382643928884): object was freed before callback; returning Nil.
    [29] <engine-1>[GdPAI] ObjectRef(124621163998): object was freed before callback; returning Nil.
    [30] <engine-1>[GdPAI] ObjectRef(124621163998): object was freed before callback; returning Nil.
    [31] <engine-1>[GdPAI] ObjectRef(1382643928884): object was freed before callback; returning Nil.
    [32] <engine-1>[GdPAI] ObjectRef(1382643928884): object was freed before callback; returning Nil.
    [33] <engine-1>[GdPAI] ObjectRef(124621163998): object was freed before callback; returning Nil.
    [34] <engine-1>[GdPAI] ObjectRef(124621163998): object was freed before callback; returning Nil.
    [35] <engine-1>[GdPAI] ObjectRef(1382643928884): object was freed before callback; returning Nil.
    [36] <engine-1>[GdPAI] ObjectRef(124621163998): object was freed before callback; returning Nil.
    [37] <engine-1>[GdPAI] ObjectRef(124621163998): object was freed before callback; returning Nil.
    [38] <engine-1>[GdPAI] ObjectRef(1382643928884): object was freed before callback; returning Nil.
      at line 645
WARNING: [GdPAI] ObjectRef(124621163998): object was freed before callback; returning Nil.
   at: gdplanningai_rust::logger::process_logs (src\logger.rs:66)
   GDScript backtrace (most recent call first):
       [0] _process (res://addons/GdPlanningAI/gdpai_autoload.gd:21)
WARNING: [GdPAI] ObjectRef(124621163998): object was freed before callback; returning Nil.
   at: gdplanningai_rust::logger::process_logs (src\logger.rs:66)
   GDScript backtrace (most recent call first):
       [0] _process (res://addons/GdPlanningAI/gdpai_autoload.gd:21)
[GdPAI | debug] Discovery: Action Dig Potato failed validity check, skipping
WARNING: [GdPAI] ObjectRef(1382643928884): object was freed before callback; returning Nil.
   at: gdplanningai_rust::logger::process_logs (src\logger.rs:66)
   GDScript backtrace (most recent call first):
       [0] _process (res://addons/GdPlanningAI/gdpai_autoload.gd:21)
[GdPAI | debug] GetCost: callable returned non-numeric value: null; returning INFINITY
* test_wildcard_fact_provision_matches_multiple_requirements
[GdPAI] Direct print from scheduler ready - logging works
[GdPAI] GdPAIPlanScheduler ready — 16 worker thread(s)
[GdPAI | debug] Log channel initialized and ready for planner thread logging
WARNING: [GdPAI] ObjectRef(124621163998): object was freed before callback; returning Nil.
   at: gdplanningai_rust::logger::process_logs (src\logger.rs:66)
   GDScript backtrace (most recent call first):
       [0] _process (res://addons/GdPlanningAI/gdpai_autoload.gd:21)
WARNING: [GdPAI] ObjectRef(124621163998): object was freed before callback; returning Nil.
   at: gdplanningai_rust::logger::process_logs (src\logger.rs:66)
   GDScript backtrace (most recent call first):
       [0] _process (res://addons/GdPlanningAI/gdpai_autoload.gd:21)
[GdPAI | debug] Discovery: Action Dig Potato failed validity check, skipping
WARNING: [GdPAI] ObjectRef(1382643928884): object was freed before callback; returning Nil.
   at: gdplanningai_rust::logger::process_logs (src\logger.rs:66)
   GDScript backtrace (most recent call first):
       [0] _process (res://addons/GdPlanningAI/gdpai_autoload.gd:21)
[GdPAI | debug] ApplyEffect [Before] ID=InstanceId(-9223366797732824090): agent props = {"entity": null, "held_item": "", "hunger": 95.0603725}
[GdPAI | debug] ApplyEffect [After] ID=InstanceId(-9223366797732824090): agent props = {"entity": null, "held_item": "", "hunger": 95.0603725}
[GdPAI | debug]   Snapshotting prop: entity = Nil (Variant type: NIL)
[GdPAI | debug]   Snapshotting prop: held_item = Str("") (Variant type: STRING)
[GdPAI | debug]   Snapshotting prop: hunger = Float(95.0603725) (Variant type: FLOAT)
[GdPAI | debug]   Snapshotting prop: interacted_a = Bool(false) (Variant type: BOOL)
[GdPAI] Submitting plan: 3 actions, 1 goals, 6 callables
[GdPAI | debug] PlannerEngine: Searching for goal 'InteractedA' (reward: 100)
[GdPAI] PlannerEngine: Searching for goal 'InteractedA'
[GdPAI]   Root branch: 1 open preconds, 0 open requirements
[GdPAI]     Precond 0: Builtin { target: Agent, operation: Equal, property_name: "interacted_a", value: Some(Bool(true)) }
[GdPAI] A* Iteration: pop node with chain length 0
[GdPAI | debug] find_candidates: Checking 3 actions against 1 preconds and 0 requirements
[GdPAI | debug] Discovery: Starting simulation for action InteractAtA
WARNING: [GdPAI] ObjectRef(124621163998): object was freed before callback; returning Nil.
   at: gdplanningai_rust::logger::process_logs (src\logger.rs:66)
   GDScript backtrace (most recent call first):
       [0] _process (res://addons/GdPlanningAI/gdpai_autoload.gd:21)
WARNING: [GdPAI] ObjectRef(124621163998): object was freed before callback; returning Nil.
   at: gdplanningai_rust::logger::process_logs (src\logger.rs:66)
   GDScript backtrace (most recent call first):
       [0] _process (res://addons/GdPlanningAI/gdpai_autoload.gd:21)
[GdPAI | debug] Discovery: Action Dig Potato failed validity check, skipping
[GdPAI | debug] No candidates found for branch with 0 preconds and 0 requirements
[GdPAI] A* Iteration: pop node with chain length 6
WARNING: [GdPAI] ObjectRef(1382643928884): object was freed before callback; returning Nil.
   at: gdplanningai_rust::logger::process_logs (src\logger.rs:66)
   GDScript backtrace (most recent call first):
       [0] _process (res://addons/GdPlanningAI/gdpai_autoload.gd:21)
[GdPAI | debug] GetCost: callable returned non-numeric value: null; returning INFINITY
[GdPAI] A* Iteration: pop node with chain length 6
[GdPAI] A* Iteration: pop node with chain length 6
[GdPAI] A* Iteration: pop node with chain length 6
[GdPAI] A* Iteration: pop node with chain length 6
[GdPAI] A* Iteration: pop node with chain length 6
[GdPAI | debug] Numeric comparison: 70.0627442063492 LessThan 55.062744206349194 -> false
[GdPAI] A* Iteration: pop node with chain length 6
[GdPAI] A* Iteration: pop node with chain length 6
[GdPAI] A* Iteration: pop node with chain length 6
[GdPAI] A* Iteration: pop node with chain length 6
[GdPAI] A* Iteration: pop node with chain length 6
[GdPAI] A* Iteration: pop node with chain length 6
[GdPAI | debug] Numeric comparison: 70.0627442063492 LessThan 55.062744206349194 -> false
[GdPAI] A* Iteration: pop node with chain length 6
[GdPAI] A* Iteration: pop node with chain length 6
[GdPAI | debug] Numeric comparison: 70.0627442063492 LessThan 55.062744206349194 -> false
[GdPAI] A* Iteration: pop node with chain length 6
[GdPAI | debug] Numeric comparison: 70.0627442063492 LessThan 55.062744206349194 -> false
[GdPAI] A* Iteration: pop node with chain length 6
[GdPAI] A* Iteration: pop node with chain length 6
[GdPAI] A* Iteration: pop node with chain length 6
[GdPAI] A* Iteration: pop node with chain length 6
[GdPAI] A* Iteration: pop node with chain length 6
[GdPAI] A* Iteration: pop node with chain length 6
[GdPAI] A* Iteration: pop node with chain length 6
[GdPAI] A* Iteration: pop node with chain length 6
[GdPAI] A* Iteration: pop node with chain length 6
[GdPAI] A* Iteration: pop node with chain length 6
[GdPAI] A* Iteration: pop node with chain length 6
[GdPAI] A* Iteration: pop node with chain length 6
[GdPAI] A* Iteration: pop node with chain length 6
[GdPAI] A* Iteration: pop node with chain length 6
[GdPAI] A* Iteration: pop node with chain length 6
[GdPAI] A* Iteration: pop node with chain length 6
[GdPAI] A* Iteration: pop node with chain length 6
[GdPAI] A* Iteration: pop node with chain length 6
[GdPAI] A* Iteration: pop node with chain length 6
[GdPAI] A* Iteration: pop node with chain length 5
[GdPAI | debug] find_candidates: Checking 15 actions against 0 preconds and 3 requirements
[GdPAI | debug] ApplyEffect [Before] ID=InstanceId(-9223366795618894539): agent props = {"interacted_a": false}
[GdPAI | debug] ApplyEffect [After] ID=InstanceId(-9223366795618894539): agent props = {"interacted_a": true}
[GdPAI | debug]   Snapshotting prop: interacted_a = Bool(true) (Variant type: BOOL)
[GdPAI | debug] Discovery: Simulation success for InteractAtA. Agent props: {"interacted_a": Bool(true)}
[GdPAI | debug] Discovery: Action InteractAtA satisfied precond Builtin { target: Agent, operation: Equal, property_name: "interacted_a", value: Some(Bool(true)) }
[GdPAI | debug] Found candidate: InteractAtA (satisfied preconds: [0], requirements: [])
[GdPAI | debug] Discovery: Starting simulation for action InteractAtB
WARNING: [GdPAI] ObjectRef(124621163998): object was freed before callback; returning Nil.
   at: gdplanningai_rust::logger::process_logs (src\logger.rs:66)
   GDScript backtrace (most recent call first):
       [0] _process (res://addons/GdPlanningAI/gdpai_autoload.gd:21)
WARNING: [GdPAI] ObjectRef(124621163998): object was freed before callback; returning Nil.
   at: gdplanningai_rust::logger::process_logs (src\logger.rs:66)
   GDScript backtrace (most recent call first):
       [0] _process (res://addons/GdPlanningAI/gdpai_autoload.gd:21)
[GdPAI | debug] Found candidate: Go To (satisfied preconds: [], requirements: [0])
WARNING: [GdPAI] ObjectRef(1382643928884): object was freed before callback; returning Nil.
   at: gdplanningai_rust::logger::process_logs (src\logger.rs:66)
   GDScript backtrace (most recent call first):
       [0] _process (res://addons/GdPlanningAI/gdpai_autoload.gd:21)
[GdPAI | debug] ApplyEffect [Before] ID=InstanceId(-9223366794998137515): agent props = {"hunger": 95.0603725, "held_item": "wood", "entity": null}
[GdPAI | debug] ApplyEffect [After] ID=InstanceId(-9223366794998137515): agent props = {"hunger": 95.0603725, "held_item": "wood", "entity": null}
[GdPAI | debug]   Snapshotting prop: hunger = Float(95.0603725) (Variant type: FLOAT)
[GdPAI | debug]   Snapshotting prop: held_item = Str("wood") (Variant type: STRING)
[GdPAI | debug]   Snapshotting prop: entity = Nil (Variant type: NIL)
[GdPAI] A* Iteration: pop node with chain length 3
[GdPAI | debug] find_candidates: Checking 15 actions against 1 preconds and 2 requirements
WARNING: [GdPAI] ObjectRef(124621163998): object was freed before callback; returning Nil.
   at: gdplanningai_rust::logger::process_logs (src\logger.rs:66)
   GDScript backtrace (most recent call first):
       [0] _process (res://addons/GdPlanningAI/gdpai_autoload.gd:21)
WARNING: [GdPAI] ObjectRef(124621163998): object was freed before callback; returning Nil.
   at: gdplanningai_rust::logger::process_logs (src\logger.rs:66)
   GDScript backtrace (most recent call first):
       [0] _process (res://addons/GdPlanningAI/gdpai_autoload.gd:21)
WARNING: [GdPAI] ObjectRef(1382643928884): object was freed before callback; returning Nil.
   at: gdplanningai_rust::logger::process_logs (src\logger.rs:66)
   GDScript backtrace (most recent call first):
       [0] _process (res://addons/GdPlanningAI/gdpai_autoload.gd:21)
[GdPAI | debug] Found candidate: Go To (satisfied preconds: [], requirements: [0])
WARNING: [GdPAI] ObjectRef(1382643928884): object was freed before callback; returning Nil.
   at: gdplanningai_rust::logger::process_logs (src\logger.rs:66)
   GDScript backtrace (most recent call first):
       [0] _process (res://addons/GdPlanningAI/gdpai_autoload.gd:21)
[GdPAI | debug] Discovery: Starting simulation for action Go To
[GdPAI | debug] ApplyEffect [Before] ID=InstanceId(-9223366792884208276): agent props = {"interacted_a": false}
[GdPAI | debug] ApplyEffect [After] ID=InstanceId(-9223366792884208276): agent props = {"interacted_a": false, "interacted_b": true}
[GdPAI | debug]   Snapshotting prop: interacted_a = Bool(false) (Variant type: BOOL)
[GdPAI | debug]   Snapshotting prop: interacted_b = Bool(true) (Variant type: BOOL)
[GdPAI | debug] Discovery: Simulation success for InteractAtB. Agent props: {"interacted_a": Bool(false), "interacted_b": Bool(true)}
[GdPAI | debug] Discovery: Action InteractAtB did NOT satisfy precond Builtin { target: Agent, operation: Equal, property_name: "interacted_a", value: Some(Bool(true)) }
[GdPAI | debug] Discovery: Starting simulation for action GoToWildcard
WARNING: [GdPAI] ObjectRef(124621163998): object was freed before callback; returning Nil.
   at: gdplanningai_rust::logger::process_logs (src\logger.rs:66)
   GDScript backtrace (most recent call first):
       [0] _process (res://addons/GdPlanningAI/gdpai_autoload.gd:21)
WARNING: [GdPAI] ObjectRef(124621163998): object was freed before callback; returning Nil.
   at: gdplanningai_rust::logger::process_logs (src\logger.rs:66)
   GDScript backtrace (most recent call first):
       [0] _process (res://addons/GdPlanningAI/gdpai_autoload.gd:21)
WARNING: [GdPAI] ObjectRef(1382643928884): object was freed before callback; returning Nil.
   at: gdplanningai_rust::logger::process_logs (src\logger.rs:66)
   GDScript backtrace (most recent call first):
       [0] _process (res://addons/GdPlanningAI/gdpai_autoload.gd:21)
[GdPAI | debug] Discovery: Action Cook Potato failed validity check, skipping
[GdPAI | debug] Found candidate: Pick Up Wood (satisfied preconds: [], requirements: [1])
[GdPAI | debug] Found candidate: Pick Up Wood (satisfied preconds: [], requirements: [1])
WARNING: [GdPAI] ObjectRef(1382643928884): object was freed before callback; returning Nil.
   at: gdplanningai_rust::logger::process_logs (src\logger.rs:66)
   GDScript backtrace (most recent call first):
       [0] _process (res://addons/GdPlanningAI/gdpai_autoload.gd:21)
[GdPAI | debug] Found candidate: Pick Up Wood (satisfied preconds: [], requirements: [1])
[GdPAI | debug] GetCost: callable returned non-numeric value: null; returning INFINITY
[GdPAI | debug] Found candidate: Pick Up Wood (satisfied preconds: [], requirements: [1])
WARNING: [GdPAI] ObjectRef(124621163998): object was freed before callback; returning Nil.
   at: gdplanningai_rust::logger::process_logs (src\logger.rs:66)
   GDScript backtrace (most recent call first):
       [0] _process (res://addons/GdPlanningAI/gdpai_autoload.gd:21)
WARNING: [GdPAI] ObjectRef(124621163998): object was freed before callback; returning Nil.
   at: gdplanningai_rust::logger::process_logs (src\logger.rs:66)
   GDScript backtrace (most recent call first):
       [0] _process (res://addons/GdPlanningAI/gdpai_autoload.gd:21)
WARNING: [GdPAI] ObjectRef(1382643928884): object was freed before callback; returning Nil.
   at: gdplanningai_rust::logger::process_logs (src\logger.rs:66)
   GDScript backtrace (most recent call first):
       [0] _process (res://addons/GdPlanningAI/gdpai_autoload.gd:21)
[GdPAI | debug] Discovery: Action Dig Potato failed validity check, skipping
WARNING: [GdPAI] ObjectRef(1382643928884): object was freed before callback; returning Nil.
   at: gdplanningai_rust::logger::process_logs (src\logger.rs:66)
   GDScript backtrace (most recent call first):
       [0] _process (res://addons/GdPlanningAI/gdpai_autoload.gd:21)
[GdPAI | debug] ApplyEffect [Before] ID=InstanceId(-9223366790870942356): agent props = {"entity": null, "held_item": "", "hunger": 95.0603725}
[GdPAI | debug] ApplyEffect [After] ID=InstanceId(-9223366790870942356): agent props = {"entity": null, "held_item": "", "hunger": 95.0603725}
[GdPAI | debug]   Snapshotting prop: entity = Nil (Variant type: NIL)
[GdPAI | debug]   Snapshotting prop: held_item = Str("") (Variant type: STRING)
[GdPAI | debug]   Snapshotting prop: hunger = Float(95.0603725) (Variant type: FLOAT)
[GdPAI | debug] Discovery: Simulation success for Go To. Agent props: {"held_item": Str(""), "entity": Nil, "hunger": Float(95.0603725)}
[GdPAI | debug] Discovery: Action Go To satisfied precond Builtin { target: Agent, operation: Equal, property_name: "held_item", value: Some(Str("")) }
[GdPAI | debug] Found candidate: Go To (satisfied preconds: [0], requirements: [0, 1])
[GdPAI | debug] Discovery: Starting simulation for action Eat Held Food
[GdPAI | debug] ApplyEffect [Before] ID=InstanceId(-9223366790099190421): agent props = {"interacted_a": false}
[GdPAI | debug] ApplyEffect [After] ID=InstanceId(-9223366790099190421): agent props = {"at_location": true, "interacted_a": false}
[GdPAI | debug]   Snapshotting prop: at_location = Bool(true) (Variant type: BOOL)
[GdPAI | debug]   Snapshotting prop: interacted_a = Bool(false) (Variant type: BOOL)
[GdPAI | debug] Discovery: Simulation success for GoToWildcard. Agent props: {"at_location": Bool(true), "interacted_a": Bool(false)}
[GdPAI | debug] Discovery: Action GoToWildcard did NOT satisfy precond Builtin { target: Agent, operation: Equal, property_name: "interacted_a", value: Some(Bool(true)) }
WARNING: [GdPAI] ObjectRef(124621163998): object was freed before callback; returning Nil.
   at: gdplanningai_rust::logger::process_logs (src\logger.rs:66)
   GDScript backtrace (most recent call first):
       [0] _process (res://addons/GdPlanningAI/gdpai_autoload.gd:21)
WARNING: [GdPAI] ObjectRef(124621163998): object was freed before callback; returning Nil.
   at: gdplanningai_rust::logger::process_logs (src\logger.rs:66)
   GDScript backtrace (most recent call first):
       [0] _process (res://addons/GdPlanningAI/gdpai_autoload.gd:21)
WARNING: [GdPAI] ObjectRef(1382643928884): object was freed before callback; returning Nil.
   at: gdplanningai_rust::logger::process_logs (src\logger.rs:66)
   GDScript backtrace (most recent call first):
       [0] _process (res://addons/GdPlanningAI/gdpai_autoload.gd:21)
[GdPAI | debug] Discovery: Action Dig Potato failed validity check, skipping
WARNING: [GdPAI] ObjectRef(1382643928884): object was freed before callback; returning Nil.
   at: gdplanningai_rust::logger::process_logs (src\logger.rs:66)
   GDScript backtrace (most recent call first):
       [0] _process (res://addons/GdPlanningAI/gdpai_autoload.gd:21)
[GdPAI | debug] GetCost: callable returned non-numeric value: null; returning INFINITY
WARNING: [GdPAI] ObjectRef(124621163998): object was freed before callback; returning Nil.
   at: gdplanningai_rust::logger::process_logs (src\logger.rs:66)
   GDScript backtrace (most recent call first):
       [0] _process (res://addons/GdPlanningAI/gdpai_autoload.gd:21)
WARNING: [GdPAI] ObjectRef(124621163998): object was freed before callback; returning Nil.
   at: gdplanningai_rust::logger::process_logs (src\logger.rs:66)
   GDScript backtrace (most recent call first):
       [0] _process (res://addons/GdPlanningAI/gdpai_autoload.gd:21)
WARNING: [GdPAI] ObjectRef(1382643928884): object was freed before callback; returning Nil.
   at: gdplanningai_rust::logger::process_logs (src\logger.rs:66)
   GDScript backtrace (most recent call first):
       [0] _process (res://addons/GdPlanningAI/gdpai_autoload.gd:21)
[GdPAI | debug] Discovery: Action Dig Potato failed validity check, skipping
WARNING: [GdPAI] ObjectRef(1382643928884): object was freed before callback; returning Nil.
   at: gdplanningai_rust::logger::process_logs (src\logger.rs:66)
   GDScript backtrace (most recent call first):
       [0] _process (res://addons/GdPlanningAI/gdpai_autoload.gd:21)
[GdPAI | debug] ApplyEffect [Before] ID=InstanceId(-9223366788085924501): agent props = {"held_item": "", "entity": null, "hunger": 95.0603725}
[GdPAI | debug] ApplyEffect [After] ID=InstanceId(-9223366788085924501): agent props = {"held_item": "", "entity": null, "hunger": 95.0603725}
[GdPAI | debug]   Snapshotting prop: held_item = Str("") (Variant type: STRING)
[GdPAI | debug]   Snapshotting prop: entity = Nil (Variant type: NIL)
[GdPAI | debug]   Snapshotting prop: hunger = Float(95.0603725) (Variant type: FLOAT)
[GdPAI | debug] Discovery: Simulation success for Eat Held Food. Agent props: {"entity": Nil, "held_item": Str(""), "hunger": Float(95.0603725)}
[GdPAI | debug] Discovery: Action Eat Held Food satisfied precond Builtin { target: Agent, operation: Equal, property_name: "held_item", value: Some(Str("")) }
[GdPAI | debug] Found candidate: Eat Held Food (satisfied preconds: [0], requirements: [])
[GdPAI | debug] ApplyEffect [Before] ID=InstanceId(-9223366787314172510): agent props = {"interacted_a": false}
[GdPAI | debug] ApplyEffect [After] ID=InstanceId(-9223366787314172510): agent props = {"interacted_a": true}
[GdPAI | debug]   Snapshotting prop: interacted_a = Bool(true) (Variant type: BOOL)
[GdPAI] A* Iteration: pop node with chain length 1
[GdPAI | debug] find_candidates: Checking 3 actions against 0 preconds and 1 requirements
[GdPAI | debug] Found candidate: GoToWildcard (satisfied preconds: [], requirements: [0])
WARNING: [GdPAI] ObjectRef(124621163998): object was freed before callback; returning Nil.
   at: gdplanningai_rust::logger::process_logs (src\logger.rs:66)
   GDScript backtrace (most recent call first):
       [0] _process (res://addons/GdPlanningAI/gdpai_autoload.gd:21)
WARNING: [GdPAI] ObjectRef(124621163998): object was freed before callback; returning Nil.
   at: gdplanningai_rust::logger::process_logs (src\logger.rs:66)
   GDScript backtrace (most recent call first):
       [0] _process (res://addons/GdPlanningAI/gdpai_autoload.gd:21)
WARNING: [GdPAI] ObjectRef(1382643928884): object was freed before callback; returning Nil.
   at: gdplanningai_rust::logger::process_logs (src\logger.rs:66)
   GDScript backtrace (most recent call first):
       [0] _process (res://addons/GdPlanningAI/gdpai_autoload.gd:21)
[GdPAI | debug] Discovery: Action Dig Potato failed validity check, skipping
WARNING: [GdPAI] ObjectRef(1382643928884): object was freed before callback; returning Nil.
   at: gdplanningai_rust::logger::process_logs (src\logger.rs:66)
   GDScript backtrace (most recent call first):
       [0] _process (res://addons/GdPlanningAI/gdpai_autoload.gd:21)
[GdPAI | debug] Discovery: Starting simulation for action Go To
WARNING: [GdPAI] ObjectRef(124621163998): object was freed before callback; returning Nil.
   at: gdplanningai_rust::logger::process_logs (src\logger.rs:66)
   GDScript backtrace (most recent call first):
       [0] _process (res://addons/GdPlanningAI/gdpai_autoload.gd:21)
WARNING: [GdPAI] ObjectRef(124621163998): object was freed before callback; returning Nil.
   at: gdplanningai_rust::logger::process_logs (src\logger.rs:66)
   GDScript backtrace (most recent call first):
       [0] _process (res://addons/GdPlanningAI/gdpai_autoload.gd:21)
WARNING: [GdPAI] ObjectRef(1382643928884): object was freed before callback; returning Nil.
   at: gdplanningai_rust::logger::process_logs (src\logger.rs:66)
   GDScript backtrace (most recent call first):
       [0] _process (res://addons/GdPlanningAI/gdpai_autoload.gd:21)
[GdPAI | debug] Discovery: Action Dig Potato failed validity check, skipping
WARNING: [GdPAI] ObjectRef(1382643928884): object was freed before callback; returning Nil.
   at: gdplanningai_rust::logger::process_logs (src\logger.rs:66)
   GDScript backtrace (most recent call first):
       [0] _process (res://addons/GdPlanningAI/gdpai_autoload.gd:21)
[GdPAI | debug] GetCost: callable returned non-numeric value: null; returning INFINITY
[GdPAI | debug] ApplyEffect [Before] ID=InstanceId(-9223366784529154635): agent props = {"interacted_a": false, "at_target": "location_a"}
[GdPAI | debug] ApplyEffect [After] ID=InstanceId(-9223366784529154635): agent props = {"at_location": true, "interacted_a": false, "at_target": "location_a"}
[GdPAI | debug]   Snapshotting prop: at_location = Bool(true) (Variant type: BOOL)
[GdPAI | debug]   Snapshotting prop: interacted_a = Bool(false) (Variant type: BOOL)
[GdPAI | debug]   Snapshotting prop: at_target = Str("location_a") (Variant type: STRING)
WARNING: [GdPAI] ObjectRef(124621163998): object was freed before callback; returning Nil.
   at: gdplanningai_rust::logger::process_logs (src\logger.rs:66)
   GDScript backtrace (most recent call first):
       [0] _process (res://addons/GdPlanningAI/gdpai_autoload.gd:21)
WARNING: [GdPAI] ObjectRef(124621163998): object was freed before callback; returning Nil.
   at: gdplanningai_rust::logger::process_logs (src\logger.rs:66)
   GDScript backtrace (most recent call first):
       [0] _process (res://addons/GdPlanningAI/gdpai_autoload.gd:21)
WARNING: [GdPAI] ObjectRef(125359361544): object was freed before callback; returning Nil.
   at: gdplanningai_rust::logger::process_logs (src\logger.rs:66)
   GDScript backtrace (most recent call first):
       [0] _process (res://addons/GdPlanningAI/gdpai_autoload.gd:21)
WARNING: [GdPAI] ObjectRef(125359361544): object was freed before callback; returning Nil.
   at: gdplanningai_rust::logger::process_logs (src\logger.rs:66)
   GDScript backtrace (most recent call first):
       [0] _process (res://addons/GdPlanningAI/gdpai_autoload.gd:21)
[GdPAI | debug] GetCost: callable returned non-numeric value: null; returning INFINITY
WARNING: [GdPAI] ObjectRef(1382643928884): object was freed before callback; returning Nil.
   at: gdplanningai_rust::logger::process_logs (src\logger.rs:66)
   GDScript backtrace (most recent call first):
       [0] _process (res://addons/GdPlanningAI/gdpai_autoload.gd:21)
WARNING: [GdPAI] ObjectRef(1382643928884): object was freed before callback; returning Nil.
   at: gdplanningai_rust::logger::process_logs (src\logger.rs:66)
   GDScript backtrace (most recent call first):
       [0] _process (res://addons/GdPlanningAI/gdpai_autoload.gd:21)
[GdPAI | debug] ApplyEffect [Before] ID=InstanceId(-9223366783908397650): agent props = {"entity": null, "held_item": "", "hunger": 95.0603725}
[GdPAI | debug] ApplyEffect [After] ID=InstanceId(-9223366783908397650): agent props = {"entity": null, "held_item": "", "hunger": 95.0603725}
[GdPAI | debug]   Snapshotting prop: entity = Nil (Variant type: NIL)
[GdPAI | debug]   Snapshotting prop: held_item = Str("") (Variant type: STRING)
[GdPAI | debug]   Snapshotting prop: hunger = Float(95.0603725) (Variant type: FLOAT)
[GdPAI | debug] Discovery: Simulation success for Go To. Agent props: {"held_item": Str(""), "hunger": Float(95.0603725), "entity": Nil}
[GdPAI | debug] Discovery: Action Go To satisfied precond Builtin { target: Agent, operation: Equal, property_name: "held_item", value: Some(Str("")) }
[GdPAI | debug] Found candidate: Go To (satisfied preconds: [0], requirements: [0, 1])
[GdPAI | debug] Discovery: Starting simulation for action Drop Item
WARNING: [GdPAI] ObjectRef(124621163998): object was freed before callback; returning Nil.
   at: gdplanningai_rust::logger::process_logs (src\logger.rs:66)
   GDScript backtrace (most recent call first):
       [0] _process (res://addons/GdPlanningAI/gdpai_autoload.gd:21)
WARNING: [GdPAI] ObjectRef(124621163998): object was freed before callback; returning Nil.
   at: gdplanningai_rust::logger::process_logs (src\logger.rs:66)
   GDScript backtrace (most recent call first):
       [0] _process (res://addons/GdPlanningAI/gdpai_autoload.gd:21)
WARNING: [GdPAI] ObjectRef(125359361544): object was freed before callback; returning Nil.
   at: gdplanningai_rust::logger::process_logs (src\logger.rs:66)
   GDScript backtrace (most recent call first):
       [0] _process (res://addons/GdPlanningAI/gdpai_autoload.gd:21)
WARNING: [GdPAI] ObjectRef(125359361544): object was freed before callback; returning Nil.
   at: gdplanningai_rust::logger::process_logs (src\logger.rs:66)
   GDScript backtrace (most recent call first):
       [0] _process (res://addons/GdPlanningAI/gdpai_autoload.gd:21)
[GdPAI | debug] ApplyEffect [Before] ID=InstanceId(-9223366782985650763): agent props = {"held_item": "", "hunger": 70.0627442063492, "at_target": null, "entity": null}
[GdPAI | debug] ApplyEffect [After] ID=InstanceId(-9223366782985650763): agent props = {"held_item": "", "hunger": 70.0627442063492, "at_target": null, "entity": null}
[GdPAI | debug]   Snapshotting prop: held_item = Str("") (Variant type: STRING)
[GdPAI | debug]   Snapshotting prop: hunger = Float(70.0627442063492) (Variant type: FLOAT)
[GdPAI | debug]   Snapshotting prop: at_target = Nil (Variant type: NIL)
[GdPAI | debug]   Snapshotting prop: entity = Nil (Variant type: NIL)
WARNING: [GdPAI] ObjectRef(1382643928884): object was freed before callback; returning Nil.
   at: gdplanningai_rust::logger::process_logs (src\logger.rs:66)
   GDScript backtrace (most recent call first):
       [0] _process (res://addons/GdPlanningAI/gdpai_autoload.gd:21)
WARNING: [GdPAI] ObjectRef(1382643928884): object was freed before callback; returning Nil.
   at: gdplanningai_rust::logger::process_logs (src\logger.rs:66)
   GDScript backtrace (most recent call first):
       [0] _process (res://addons/GdPlanningAI/gdpai_autoload.gd:21)
[GdPAI | debug] GetCost: callable returned non-numeric value: null; returning INFINITY
[GdPAI | debug] ApplyEffect [Before] ID=InstanceId(-9223366781542810158): agent props = {"at_target": "location_a", "at_location": true, "interacted_a": false}
[GdPAI | debug] ApplyEffect [After] ID=InstanceId(-9223366781542810158): agent props = {"at_target": "location_a", "at_location": true, "interacted_a": true}
[GdPAI | debug]   Snapshotting prop: at_target = Str("location_a") (Variant type: STRING)
[GdPAI | debug]   Snapshotting prop: at_location = Bool(true) (Variant type: BOOL)
[GdPAI | debug]   Snapshotting prop: interacted_a = Bool(true) (Variant type: BOOL)
[GdPAI] A* Iteration: pop node with chain length 2
[GdPAI] A* SUCCESS! Returning plan for goal 'InteractedA'
[GdPAI] PlannerEngine: Found valid plan for goal 'InteractedA' (cost: 6)
WARNING: [GdPAI] ObjectRef(124621163998): object was freed before callback; returning Nil.
   at: gdplanningai_rust::logger::process_logs (src\logger.rs:66)
   GDScript backtrace (most recent call first):
       [0] _process (res://addons/GdPlanningAI/gdpai_autoload.gd:21)
[GdPAI | debug] GetCost: callable returned non-numeric value: null; returning INFINITY
WARNING: [GdPAI] ObjectRef(1382643928884): object was freed before callback; returning Nil.
   at: gdplanningai_rust::logger::process_logs (src\logger.rs:66)
   GDScript backtrace (most recent call first):
       [0] _process (res://addons/GdPlanningAI/gdpai_autoload.gd:21)
WARNING: [GdPAI] ObjectRef(1382643928884): object was freed before callback; returning Nil.
   at: gdplanningai_rust::logger::process_logs (src\logger.rs:66)
   GDScript backtrace (most recent call first):
       [0] _process (res://addons/GdPlanningAI/gdpai_autoload.gd:21)
[GdPAI | debug] ApplyEffect [Before] ID=InstanceId(-9223366780922053193): agent props = {"held_item": "", "hunger": 95.0603725, "entity": null}
[GdPAI | debug] ApplyEffect [After] ID=InstanceId(-9223366780922053193): agent props = {"held_item": "", "hunger": 95.0603725, "entity": null}
[GdPAI | debug]   Snapshotting prop: held_item = Str("") (Variant type: STRING)
[GdPAI | debug]   Snapshotting prop: hunger = Float(95.0603725) (Variant type: FLOAT)
[GdPAI | debug]   Snapshotting prop: entity = Nil (Variant type: NIL)
[GdPAI | debug] Discovery: Simulation success for Drop Item. Agent props: {"entity": Nil, "held_item": Str(""), "hunger": Float(95.0603725)}
[GdPAI | debug] Discovery: Action Drop Item satisfied precond Builtin { target: Agent, operation: Equal, property_name: "held_item", value: Some(Str("")) }
[GdPAI | debug] Found candidate: Drop Item (satisfied preconds: [0], requirements: [])
[GdPAI | debug] Discovery: Starting simulation for action Add Fuel
[GdPAI] Plan complete: success=true, actions=2, cost=6.0, action_chain=[2, 0]
[32m    [Passed]:  [0mPlan should succeed with wildcard satisfying location_a requirement
[1m    [INFO]:  [0mArray/Dictionary compared by value.  Use assert_same to compare references.  Use assert_eq_deep to see diff when failing.
[32m    [Passed]:  [0mARRAY([2, 0]) == ARRAY([2, 0])  Plan should chain GoToWildcard -> InteractAtA
[31m    [Failed]:  [0mUnexpected Errors:
    [1] <engine-1>[GdPAI] ObjectRef(124621163998): object was freed before callback; returning Nil.
    [2] <engine-1>[GdPAI] ObjectRef(124621163998): object was freed before callback; returning Nil.
    [3] <engine-1>[GdPAI] ObjectRef(1382643928884): object was freed before callback; returning Nil.
    [4] <engine-1>[GdPAI] ObjectRef(124621163998): object was freed before callback; returning Nil.
    [5] <engine-1>[GdPAI] ObjectRef(124621163998): object was freed before callback; returning Nil.
    [6] <engine-1>[GdPAI] ObjectRef(1382643928884): object was freed before callback; returning Nil.
    [7] <engine-1>[GdPAI] ObjectRef(124621163998): object was freed before callback; returning Nil.
    [8] <engine-1>[GdPAI] ObjectRef(124621163998): object was freed before callback; returning Nil.
    [9] <engine-1>[GdPAI] ObjectRef(1382643928884): object was freed before callback; returning Nil.
    [10] <engine-1>[GdPAI] ObjectRef(124621163998): object was freed before callback; returning Nil.
    [11] <engine-1>[GdPAI] ObjectRef(124621163998): object was freed before callback; returning Nil.
    [12] <engine-1>[GdPAI] ObjectRef(1382643928884): object was freed before callback; returning Nil.
    [13] <engine-1>[GdPAI] ObjectRef(1382643928884): object was freed before callback; returning Nil.
    [14] <engine-1>[GdPAI] ObjectRef(124621163998): object was freed before callback; returning Nil.
    [15] <engine-1>[GdPAI] ObjectRef(124621163998): object was freed before callback; returning Nil.
    [16] <engine-1>[GdPAI] ObjectRef(1382643928884): object was freed before callback; returning Nil.
    [17] <engine-1>[GdPAI] ObjectRef(1382643928884): object was freed before callback; returning Nil.
    [18] <engine-1>[GdPAI] ObjectRef(124621163998): object was freed before callback; returning Nil.
    [19] <engine-1>[GdPAI] ObjectRef(124621163998): object was freed before callback; returning Nil.
    [20] <engine-1>[GdPAI] ObjectRef(1382643928884): object was freed before callback; returning Nil.
    [21] <engine-1>[GdPAI] ObjectRef(1382643928884): object was freed before callback; returning Nil.
    [22] <engine-1>[GdPAI] ObjectRef(124621163998): object was freed before callback; returning Nil.
    [23] <engine-1>[GdPAI] ObjectRef(124621163998): object was freed before callback; returning Nil.
    [24] <engine-1>[GdPAI] ObjectRef(1382643928884): object was freed before callback; returning Nil.
    [25] <engine-1>[GdPAI] ObjectRef(1382643928884): object was freed before callback; returning Nil.
    [26] <engine-1>[GdPAI] ObjectRef(124621163998): object was freed before callback; returning Nil.
    [27] <engine-1>[GdPAI] ObjectRef(124621163998): object was freed before callback; returning Nil.
    [28] <engine-1>[GdPAI] ObjectRef(1382643928884): object was freed before callback; returning Nil.
    [29] <engine-1>[GdPAI] ObjectRef(1382643928884): object was freed before callback; returning Nil.
    [30] <engine-1>[GdPAI] ObjectRef(124621163998): object was freed before callback; returning Nil.
    [31] <engine-1>[GdPAI] ObjectRef(124621163998): object was freed before callback; returning Nil.
    [32] <engine-1>[GdPAI] ObjectRef(1382643928884): object was freed before callback; returning Nil.
    [33] <engine-1>[GdPAI] ObjectRef(1382643928884): object was freed before callback; returning Nil.
    [34] <engine-1>[GdPAI] ObjectRef(124621163998): object was freed before callback; returning Nil.
    [35] <engine-1>[GdPAI] ObjectRef(124621163998): object was freed before callback; returning Nil.
    [36] <engine-1>[GdPAI] ObjectRef(1382643928884): object was freed before callback; returning Nil.
    [37] <engine-1>[GdPAI] ObjectRef(1382643928884): object was freed before callback; returning Nil.
    [38] <engine-1>[GdPAI] ObjectRef(124621163998): object was freed before callback; returning Nil.
    [39] <engine-1>[GdPAI] ObjectRef(124621163998): object was freed before callback; returning Nil.
    [40] <engine-1>[GdPAI] ObjectRef(125359361544): object was freed before callback; returning Nil.
    [41] <engine-1>[GdPAI] ObjectRef(125359361544): object was freed before callback; returning Nil.
    [42] <engine-1>[GdPAI] ObjectRef(1382643928884): object was freed before callback; returning Nil.
    [43] <engine-1>[GdPAI] ObjectRef(1382643928884): object was freed before callback; returning Nil.
    [44] <engine-1>[GdPAI] ObjectRef(124621163998): object was freed before callback; returning Nil.
    [45] <engine-1>[GdPAI] ObjectRef(124621163998): object was freed before callback; returning Nil.
    [46] <engine-1>[GdPAI] ObjectRef(125359361544): object was freed before callback; returning Nil.
    [47] <engine-1>[GdPAI] ObjectRef(125359361544): object was freed before callback; returning Nil.
    [48] <engine-1>[GdPAI] ObjectRef(1382643928884): object was freed before callback; returning Nil.
    [49] <engine-1>[GdPAI] ObjectRef(1382643928884): object was freed before callback; returning Nil.
    [50] <engine-1>[GdPAI] ObjectRef(124621163998): object was freed before callback; returning Nil.
    [51] <engine-1>[GdPAI] ObjectRef(1382643928884): object was freed before callback; returning Nil.
    [52] <engine-1>[GdPAI] ObjectRef(1382643928884): object was freed before callback; returning Nil.
      at line 725
WARNING: [GdPAI] ObjectRef(124621163998): object was freed before callback; returning Nil.
   at: gdplanningai_rust::logger::process_logs (src\logger.rs:66)
   GDScript backtrace (most recent call first):
       [0] _process (res://addons/GdPlanningAI/gdpai_autoload.gd:21)
[GdPAI | debug] ApplyEffect [Before] ID=InstanceId(-9223366779110113838): agent props = {"at_target": null, "held_item": "", "entity": null, "hunger": 70.0627442063492}
[GdPAI | debug] ApplyEffect [After] ID=InstanceId(-9223366779110113838): agent props = {"at_target": null, "held_item": "", "entity": null, "hunger": 70.0627442063492}
[GdPAI | debug]   Snapshotting prop: at_target = Nil (Variant type: NIL)
[GdPAI | debug]   Snapshotting prop: held_item = Str("") (Variant type: STRING)
[GdPAI | debug]   Snapshotting prop: entity = Nil (Variant type: NIL)
[GdPAI | debug]   Snapshotting prop: hunger = Float(70.0627442063492) (Variant type: FLOAT)
WARNING: [GdPAI] ObjectRef(1382643928884): object was freed before callback; returning Nil.
   at: gdplanningai_rust::logger::process_logs (src\logger.rs:66)
   GDScript backtrace (most recent call first):
       [0] _process (res://addons/GdPlanningAI/gdpai_autoload.gd:21)
WARNING: [GdPAI] ObjectRef(1382643928884): object was freed before callback; returning Nil.
   at: gdplanningai_rust::logger::process_logs (src\logger.rs:66)
   GDScript backtrace (most recent call first):
       [0] _process (res://addons/GdPlanningAI/gdpai_autoload.gd:21)
[GdPAI | debug] GetCost: callable returned non-numeric value: null; returning INFINITY
* test_goto_action_wildcard_chains_to_pickup_interaction
[GdPAI] Direct print from scheduler ready - logging works
[GdPAI] GdPAIPlanScheduler ready — 16 worker thread(s)
[GdPAI | debug] Log channel initialized and ready for planner thread logging
WARNING: [GdPAI] ObjectRef(124621163998): object was freed before callback; returning Nil.
   at: gdplanningai_rust::logger::process_logs (src\logger.rs:66)
   GDScript backtrace (most recent call first):
       [0] _process (res://addons/GdPlanningAI/gdpai_autoload.gd:21)
WARNING: [GdPAI] ObjectRef(125359361544): object was freed before callback; returning Nil.
   at: gdplanningai_rust::logger::process_logs (src\logger.rs:66)
   GDScript backtrace (most recent call first):
       [0] _process (res://addons/GdPlanningAI/gdpai_autoload.gd:21)
WARNING: [GdPAI] ObjectRef(125359361544): object was freed before callback; returning Nil.
   at: gdplanningai_rust::logger::process_logs (src\logger.rs:66)
   GDScript backtrace (most recent call first):
       [0] _process (res://addons/GdPlanningAI/gdpai_autoload.gd:21)
[GdPAI | debug] GetCost: callable returned non-numeric value: null; returning INFINITY
WARNING: [GdPAI] ObjectRef(1382643928884): object was freed before callback; returning Nil.
   at: gdplanningai_rust::logger::process_logs (src\logger.rs:66)
   GDScript backtrace (most recent call first):
       [0] _process (res://addons/GdPlanningAI/gdpai_autoload.gd:21)
WARNING: [GdPAI] ObjectRef(1382643928884): object was freed before callback; returning Nil.
   at: gdplanningai_rust::logger::process_logs (src\logger.rs:66)
   GDScript backtrace (most recent call first):
       [0] _process (res://addons/GdPlanningAI/gdpai_autoload.gd:21)
[GdPAI | debug] ApplyEffect [Before] ID=InstanceId(-9223366777147179729): agent props = {"held_item": "wood", "hunger": 95.0603725, "entity": null}
[GdPAI | debug] ApplyEffect [After] ID=InstanceId(-9223366777147179729): agent props = {"held_item": "wood", "hunger": 95.0603725, "entity": null}
[GdPAI | debug]   Snapshotting prop: held_item = Str("wood") (Variant type: STRING)
[GdPAI | debug]   Snapshotting prop: hunger = Float(95.0603725) (Variant type: FLOAT)
[GdPAI | debug]   Snapshotting prop: entity = Nil (Variant type: NIL)
[GdPAI | debug] Discovery: Simulation success for Add Fuel. Agent props: {"entity": Nil, "held_item": Str("wood"), "hunger": Float(95.0603725)}
[GdPAI | debug] Discovery: Action Add Fuel did NOT satisfy precond Builtin { target: Agent, operation: Equal, property_name: "held_item", value: Some(Str("")) }
[GdPAI | debug]   Snapshotting prop: hunger = Float(30.0) (Variant type: FLOAT)
[GdPAI | debug]   Snapshotting prop: held_item = Str("") (Variant type: STRING)
[GdPAI] Submitting plan: 3 actions, 1 goals, 6 callables
[GdPAI | debug] PlannerEngine: Searching for goal 'NotHungry' (reward: 100)
[GdPAI] PlannerEngine: Searching for goal 'NotHungry'
[GdPAI | debug] Numeric comparison: 30 LessThanOrEqual 10 -> false
[GdPAI]   Root branch: 1 open preconds, 0 open requirements
[GdPAI]     Precond 0: Builtin { target: Agent, operation: LessThanOrEqual, property_name: "hunger", value: Some(Float(10.0)) }
[GdPAI] A* Iteration: pop node with chain length 0
[GdPAI | debug] find_candidates: Checking 3 actions against 1 preconds and 0 requirements
[GdPAI | debug] Discovery: Starting simulation for action EatHeldFood
WARNING: [GdPAI] ObjectRef(124621163998): object was freed before callback; returning Nil.
   at: gdplanningai_rust::logger::process_logs (src\logger.rs:66)
   GDScript backtrace (most recent call first):
       [0] _process (res://addons/GdPlanningAI/gdpai_autoload.gd:21)
WARNING: [GdPAI] ObjectRef(125359361544): object was freed before callback; returning Nil.
   at: gdplanningai_rust::logger::process_logs (src\logger.rs:66)
   GDScript backtrace (most recent call first):
       [0] _process (res://addons/GdPlanningAI/gdpai_autoload.gd:21)
WARNING: [GdPAI] ObjectRef(125359361544): object was freed before callback; returning Nil.
   at: gdplanningai_rust::logger::process_logs (src\logger.rs:66)
   GDScript backtrace (most recent call first):
       [0] _process (res://addons/GdPlanningAI/gdpai_autoload.gd:21)
[GdPAI | debug] ApplyEffect [Before] ID=InstanceId(-9223366776207655615): agent props = {"held_item": "", "entity": null, "at_target": null, "hunger": 70.0627442063492}
[GdPAI | debug] ApplyEffect [After] ID=InstanceId(-9223366776207655615): agent props = {"held_item": "", "entity": null, "at_target": null, "hunger": 70.0627442063492}
[GdPAI | debug]   Snapshotting prop: held_item = Str("") (Variant type: STRING)
[GdPAI | debug]   Snapshotting prop: entity = Nil (Variant type: NIL)
[GdPAI | debug]   Snapshotting prop: at_target = Nil (Variant type: NIL)
[GdPAI | debug]   Snapshotting prop: hunger = Float(70.0627442063492) (Variant type: FLOAT)
WARNING: [GdPAI] ObjectRef(1382643928884): object was freed before callback; returning Nil.
   at: gdplanningai_rust::logger::process_logs (src\logger.rs:66)
   GDScript backtrace (most recent call first):
       [0] _process (res://addons/GdPlanningAI/gdpai_autoload.gd:21)
WARNING: [GdPAI] ObjectRef(1382643928884): object was freed before callback; returning Nil.
   at: gdplanningai_rust::logger::process_logs (src\logger.rs:66)
   GDScript backtrace (most recent call first):
       [0] _process (res://addons/GdPlanningAI/gdpai_autoload.gd:21)
[GdPAI | debug] Discovery: Action Cook Potato failed validity check, skipping
[GdPAI | debug] Discovery: Starting simulation for action Pick Up Wood
[GdPAI | debug] ApplyEffect [Before] ID=InstanceId(-9223366774815146451): agent props = {"hunger": 30.0, "held_item": ""}
[GdPAI | debug] ApplyEffect [After] ID=InstanceId(-9223366774815146451): agent props = {"hunger": 10.0, "held_item": ""}
[GdPAI | debug]   Snapshotting prop: hunger = Float(10.0) (Variant type: FLOAT)
[GdPAI | debug]   Snapshotting prop: held_item = Str("") (Variant type: STRING)
[GdPAI | debug] Discovery: Simulation success for EatHeldFood. Agent props: {"held_item": Str(""), "hunger": Float(10.0)}
[GdPAI | debug] Numeric comparison: 10 LessThanOrEqual 10 -> true
[GdPAI | debug] Discovery: Action EatHeldFood satisfied precond Builtin { target: Agent, operation: LessThanOrEqual, property_name: "hunger", value: Some(Float(10.0)) }
[GdPAI | debug] Found candidate: EatHeldFood (satisfied preconds: [0], requirements: [])
[GdPAI | debug] Discovery: Starting simulation for action PickupInteraction
WARNING: [GdPAI] ObjectRef(124621163998): object was freed before callback; returning Nil.
   at: gdplanningai_rust::logger::process_logs (src\logger.rs:66)
   GDScript backtrace (most recent call first):
       [0] _process (res://addons/GdPlanningAI/gdpai_autoload.gd:21)
WARNING: [GdPAI] ObjectRef(124134624705): object was freed before callback; returning Nil.
   at: gdplanningai_rust::logger::process_logs (src\logger.rs:66)
   GDScript backtrace (most recent call first):
       [0] _process (res://addons/GdPlanningAI/gdpai_autoload.gd:21)
WARNING: [GdPAI] ObjectRef(124134624705): object was freed before callback; returning Nil.
   at: gdplanningai_rust::logger::process_logs (src\logger.rs:66)
   GDScript backtrace (most recent call first):
       [0] _process (res://addons/GdPlanningAI/gdpai_autoload.gd:21)
[GdPAI | debug] GetCost: callable returned non-numeric value: null; returning INFINITY
WARNING: [GdPAI] ObjectRef(1382643928884): object was freed before callback; returning Nil.
   at: gdplanningai_rust::logger::process_logs (src\logger.rs:66)
   GDScript backtrace (most recent call first):
       [0] _process (res://addons/GdPlanningAI/gdpai_autoload.gd:21)
WARNING: [GdPAI] ObjectRef(1382643928884): object was freed before callback; returning Nil.
   at: gdplanningai_rust::logger::process_logs (src\logger.rs:66)
   GDScript backtrace (most recent call first):
       [0] _process (res://addons/GdPlanningAI/gdpai_autoload.gd:21)
[GdPAI | debug] GetCost: callable returned non-numeric value: null; returning INFINITY
WARNING: [GdPAI] ObjectRef(124621163998): object was freed before callback; returning Nil.
   at: gdplanningai_rust::logger::process_logs (src\logger.rs:66)
   GDScript backtrace (most recent call first):
       [0] _process (res://addons/GdPlanningAI/gdpai_autoload.gd:21)
WARNING: [GdPAI] ObjectRef(124134624705): object was freed before callback; returning Nil.
   at: gdplanningai_rust::logger::process_logs (src\logger.rs:66)
   GDScript backtrace (most recent call first):
       [0] _process (res://addons/GdPlanningAI/gdpai_autoload.gd:21)
WARNING: [GdPAI] ObjectRef(124134624705): object was freed before callback; returning Nil.
   at: gdplanningai_rust::logger::process_logs (src\logger.rs:66)
   GDScript backtrace (most recent call first):
       [0] _process (res://addons/GdPlanningAI/gdpai_autoload.gd:21)
[GdPAI | debug] ApplyEffect [Before] ID=InstanceId(-9223366773321974227): agent props = {"held_item": "", "hunger": 70.0627442063492, "at_target": null, "entity": null}
[GdPAI | debug] ApplyEffect [After] ID=InstanceId(-9223366773321974227): agent props = {"held_item": "", "hunger": 70.0627442063492, "at_target": null, "entity": null}
[GdPAI | debug]   Snapshotting prop: held_item = Str("") (Variant type: STRING)
[GdPAI | debug]   Snapshotting prop: hunger = Float(70.0627442063492) (Variant type: FLOAT)
[GdPAI | debug]   Snapshotting prop: at_target = Nil (Variant type: NIL)
[GdPAI | debug]   Snapshotting prop: entity = Nil (Variant type: NIL)
WARNING: [GdPAI] ObjectRef(1382643928884): object was freed before callback; returning Nil.
   at: gdplanningai_rust::logger::process_logs (src\logger.rs:66)
   GDScript backtrace (most recent call first):
       [0] _process (res://addons/GdPlanningAI/gdpai_autoload.gd:21)
WARNING: [GdPAI] ObjectRef(1382643928884): object was freed before callback; returning Nil.
   at: gdplanningai_rust::logger::process_logs (src\logger.rs:66)
   GDScript backtrace (most recent call first):
       [0] _process (res://addons/GdPlanningAI/gdpai_autoload.gd:21)
[GdPAI | debug] ApplyEffect [Before] ID=InstanceId(-9223366772751548883): agent props = {"held_item": "", "hunger": 95.0603725, "entity": null}
[GdPAI | debug] ApplyEffect [After] ID=InstanceId(-9223366772751548883): agent props = {"held_item": "", "hunger": 95.0603725, "entity": null}
[GdPAI | debug]   Snapshotting prop: held_item = Str("") (Variant type: STRING)
[GdPAI | debug]   Snapshotting prop: hunger = Float(95.0603725) (Variant type: FLOAT)
[GdPAI | debug]   Snapshotting prop: entity = Nil (Variant type: NIL)
[GdPAI | debug] Discovery: Simulation success for Pick Up Wood. Agent props: {"entity": Nil, "hunger": Float(95.0603725), "held_item": Str("")}
[GdPAI | debug] Discovery: Action Pick Up Wood satisfied precond Builtin { target: Agent, operation: Equal, property_name: "held_item", value: Some(Str("")) }
[GdPAI | debug] Found candidate: Pick Up Wood (satisfied preconds: [0], requirements: [])
[GdPAI | debug] Discovery: Starting simulation for action Pick Up Wood
[GdPAI | debug] ApplyEffect [Before] ID=InstanceId(-9223366771929465244): agent props = {"hunger": 30.0, "held_item": ""}
[GdPAI | debug] ApplyEffect [After] ID=InstanceId(-9223366771929465244): agent props = {"hunger": 30.0, "held_item": "test_item"}
[GdPAI | debug]   Snapshotting prop: hunger = Float(30.0) (Variant type: FLOAT)
[GdPAI | debug]   Snapshotting prop: held_item = Str("test_item") (Variant type: STRING)
[GdPAI | debug] Discovery: Simulation success for PickupInteraction. Agent props: {"held_item": Str("test_item"), "hunger": Float(30.0)}
[GdPAI | debug] Numeric comparison: 30 LessThanOrEqual 10 -> false
[GdPAI | debug] Discovery: Action PickupInteraction did NOT satisfy precond Builtin { target: Agent, operation: LessThanOrEqual, property_name: "hunger", value: Some(Float(10.0)) }
[GdPAI | debug] Discovery: Starting simulation for action GoTo
WARNING: [GdPAI] ObjectRef(124621163998): object was freed before callback; returning Nil.
   at: gdplanningai_rust::logger::process_logs (src\logger.rs:66)
   GDScript backtrace (most recent call first):
       [0] _process (res://addons/GdPlanningAI/gdpai_autoload.gd:21)
WARNING: [GdPAI] ObjectRef(124134624705): object was freed before callback; returning Nil.
   at: gdplanningai_rust::logger::process_logs (src\logger.rs:66)
   GDScript backtrace (most recent call first):
       [0] _process (res://addons/GdPlanningAI/gdpai_autoload.gd:21)
WARNING: [GdPAI] ObjectRef(124134624705): object was freed before callback; returning Nil.
   at: gdplanningai_rust::logger::process_logs (src\logger.rs:66)
   GDScript backtrace (most recent call first):
       [0] _process (res://addons/GdPlanningAI/gdpai_autoload.gd:21)
[GdPAI | debug] GetCost: callable returned non-numeric value: null; returning INFINITY
WARNING: [GdPAI] ObjectRef(1382643928884): object was freed before callback; returning Nil.
   at: gdplanningai_rust::logger::process_logs (src\logger.rs:66)
   GDScript backtrace (most recent call first):
       [0] _process (res://addons/GdPlanningAI/gdpai_autoload.gd:21)
WARNING: [GdPAI] ObjectRef(1382643928884): object was freed before callback; returning Nil.
   at: gdplanningai_rust::logger::process_logs (src\logger.rs:66)
   GDScript backtrace (most recent call first):
       [0] _process (res://addons/GdPlanningAI/gdpai_autoload.gd:21)
[GdPAI | debug] GetCost: callable returned non-numeric value: null; returning INFINITY
WARNING: [GdPAI] ObjectRef(124621163998): object was freed before callback; returning Nil.
   at: gdplanningai_rust::logger::process_logs (src\logger.rs:66)
   GDScript backtrace (most recent call first):
       [0] _process (res://addons/GdPlanningAI/gdpai_autoload.gd:21)
WARNING: [GdPAI] ObjectRef(124134624705): object was freed before callback; returning Nil.
   at: gdplanningai_rust::logger::process_logs (src\logger.rs:66)
   GDScript backtrace (most recent call first):
       [0] _process (res://addons/GdPlanningAI/gdpai_autoload.gd:21)
WARNING: [GdPAI] ObjectRef(124134624705): object was freed before callback; returning Nil.
   at: gdplanningai_rust::logger::process_logs (src\logger.rs:66)
   GDScript backtrace (most recent call first):
       [0] _process (res://addons/GdPlanningAI/gdpai_autoload.gd:21)
[GdPAI | debug] ApplyEffect [Before] ID=InstanceId(-9223366770436293020): agent props = {"hunger": 70.0627442063492, "entity": null, "at_target": null, "held_item": ""}
[GdPAI | debug] ApplyEffect [After] ID=InstanceId(-9223366770436293020): agent props = {"hunger": 70.0627442063492, "entity": null, "at_target": null, "held_item": ""}
[GdPAI | debug]   Snapshotting prop: hunger = Float(70.0627442063492) (Variant type: FLOAT)
[GdPAI | debug]   Snapshotting prop: entity = Nil (Variant type: NIL)
[GdPAI | debug]   Snapshotting prop: at_target = Nil (Variant type: NIL)
[GdPAI | debug]   Snapshotting prop: held_item = Str("") (Variant type: STRING)
WARNING: [GdPAI] ObjectRef(1382643928884): object was freed before callback; returning Nil.
   at: gdplanningai_rust::logger::process_logs (src\logger.rs:66)
   GDScript backtrace (most recent call first):
       [0] _process (res://addons/GdPlanningAI/gdpai_autoload.gd:21)
WARNING: [GdPAI] ObjectRef(1382643928884): object was freed before callback; returning Nil.
   at: gdplanningai_rust::logger::process_logs (src\logger.rs:66)
   GDScript backtrace (most recent call first):
       [0] _process (res://addons/GdPlanningAI/gdpai_autoload.gd:21)
[GdPAI | debug] ApplyEffect [Before] ID=InstanceId(-9223366769865867676): agent props = {"hunger": 95.0603725, "entity": null, "held_item": ""}
[GdPAI | debug] ApplyEffect [After] ID=InstanceId(-9223366769865867676): agent props = {"hunger": 95.0603725, "entity": null, "held_item": ""}
[GdPAI | debug]   Snapshotting prop: hunger = Float(95.0603725) (Variant type: FLOAT)
[GdPAI | debug]   Snapshotting prop: entity = Nil (Variant type: NIL)
[GdPAI | debug]   Snapshotting prop: held_item = Str("") (Variant type: STRING)
[GdPAI | debug] Discovery: Simulation success for Pick Up Wood. Agent props: {"held_item": Str(""), "entity": Nil, "hunger": Float(95.0603725)}
[GdPAI | debug] Discovery: Action Pick Up Wood satisfied precond Builtin { target: Agent, operation: Equal, property_name: "held_item", value: Some(Str("")) }
[GdPAI | debug] Found candidate: Pick Up Wood (satisfied preconds: [0], requirements: [])
[GdPAI | debug] Discovery: Starting simulation for action Pick Up Wood
[GdPAI | debug] ApplyEffect [Before] ID=InstanceId(-9223366769043784078): agent props = {"held_item": "", "hunger": 30.0}
[GdPAI | debug] ApplyEffect [After] ID=InstanceId(-9223366769043784078): agent props = {"held_item": "", "hunger": 30.0, "at_location": true}
[GdPAI | debug]   Snapshotting prop: held_item = Str("") (Variant type: STRING)
[GdPAI | debug]   Snapshotting prop: hunger = Float(30.0) (Variant type: FLOAT)
[GdPAI | debug]   Snapshotting prop: at_location = Bool(true) (Variant type: BOOL)
[GdPAI | debug] Discovery: Simulation success for GoTo. Agent props: {"at_location": Bool(true), "hunger": Float(30.0), "held_item": Str("")}
[GdPAI | debug] Numeric comparison: 30 LessThanOrEqual 10 -> false
[GdPAI | debug] Discovery: Action GoTo did NOT satisfy precond Builtin { target: Agent, operation: LessThanOrEqual, property_name: "hunger", value: Some(Float(10.0)) }
WARNING: [GdPAI] ObjectRef(124621163998): object was freed before callback; returning Nil.
   at: gdplanningai_rust::logger::process_logs (src\logger.rs:66)
   GDScript backtrace (most recent call first):
       [0] _process (res://addons/GdPlanningAI/gdpai_autoload.gd:21)
[GdPAI | debug] GetCost: callable returned non-numeric value: null; returning INFINITY
WARNING: [GdPAI] ObjectRef(1382643928884): object was freed before callback; returning Nil.
   at: gdplanningai_rust::logger::process_logs (src\logger.rs:66)
   GDScript backtrace (most recent call first):
       [0] _process (res://addons/GdPlanningAI/gdpai_autoload.gd:21)
WARNING: [GdPAI] ObjectRef(1382643928884): object was freed before callback; returning Nil.
   at: gdplanningai_rust::logger::process_logs (src\logger.rs:66)
   GDScript backtrace (most recent call first):
       [0] _process (res://addons/GdPlanningAI/gdpai_autoload.gd:21)
[GdPAI | debug] GetCost: callable returned non-numeric value: null; returning INFINITY
WARNING: [GdPAI] ObjectRef(124621163998): object was freed before callback; returning Nil.
   at: gdplanningai_rust::logger::process_logs (src\logger.rs:66)
   GDScript backtrace (most recent call first):
       [0] _process (res://addons/GdPlanningAI/gdpai_autoload.gd:21)
[GdPAI | debug] ApplyEffect [Before] ID=InstanceId(-9223366767651275150): agent props = {"at_target": null, "entity": null, "held_item": "wood", "hunger": 70.0627442063492}
[GdPAI | debug] ApplyEffect [After] ID=InstanceId(-9223366767651275150): agent props = {"at_target": null, "entity": null, "held_item": "wood", "hunger": 70.0627442063492}
[GdPAI | debug]   Snapshotting prop: at_target = Nil (Variant type: NIL)
[GdPAI | debug]   Snapshotting prop: entity = Nil (Variant type: NIL)
[GdPAI | debug]   Snapshotting prop: held_item = Str("wood") (Variant type: STRING)
[GdPAI | debug]   Snapshotting prop: hunger = Float(70.0627442063492) (Variant type: FLOAT)
WARNING: [GdPAI] ObjectRef(1382643928884): object was freed before callback; returning Nil.
   at: gdplanningai_rust::logger::process_logs (src\logger.rs:66)
   GDScript backtrace (most recent call first):
       [0] _process (res://addons/GdPlanningAI/gdpai_autoload.gd:21)
WARNING: [GdPAI] ObjectRef(1382643928884): object was freed before callback; returning Nil.
   at: gdplanningai_rust::logger::process_logs (src\logger.rs:66)
   GDScript backtrace (most recent call first):
       [0] _process (res://addons/GdPlanningAI/gdpai_autoload.gd:21)
[GdPAI | debug] ApplyEffect [Before] ID=InstanceId(-9223366767080849806): agent props = {"hunger": 95.0603725, "entity": null, "held_item": ""}
[GdPAI | debug] ApplyEffect [After] ID=InstanceId(-9223366767080849806): agent props = {"hunger": 95.0603725, "entity": null, "held_item": ""}
[GdPAI | debug]   Snapshotting prop: hunger = Float(95.0603725) (Variant type: FLOAT)
[GdPAI | debug]   Snapshotting prop: entity = Nil (Variant type: NIL)
[GdPAI | debug]   Snapshotting prop: held_item = Str("") (Variant type: STRING)
[GdPAI | debug] Discovery: Simulation success for Pick Up Wood. Agent props: {"entity": Nil, "held_item": Str(""), "hunger": Float(95.0603725)}
[GdPAI | debug] Discovery: Action Pick Up Wood satisfied precond Builtin { target: Agent, operation: Equal, property_name: "held_item", value: Some(Str("")) }
[GdPAI | debug] Found candidate: Pick Up Wood (satisfied preconds: [0], requirements: [])
[GdPAI | debug] Discovery: Starting simulation for action Pick Up Wood
[GdPAI | debug] ApplyEffect [Before] ID=InstanceId(-9223366766359429530): agent props = {"hunger": 30.0, "held_item": ""}
[GdPAI | debug] ApplyEffect [After] ID=InstanceId(-9223366766359429530): agent props = {"hunger": 10.0, "held_item": ""}
[GdPAI | debug]   Snapshotting prop: hunger = Float(10.0) (Variant type: FLOAT)
[GdPAI | debug]   Snapshotting prop: held_item = Str("") (Variant type: STRING)
[GdPAI] A* Iteration: pop node with chain length 1
[GdPAI | debug] find_candidates: Checking 3 actions against 0 preconds and 1 requirements
[GdPAI | debug] Found candidate: PickupInteraction (satisfied preconds: [], requirements: [0])
WARNING: [GdPAI] ObjectRef(124621163998): object was freed before callback; returning Nil.
   at: gdplanningai_rust::logger::process_logs (src\logger.rs:66)
   GDScript backtrace (most recent call first):
       [0] _process (res://addons/GdPlanningAI/gdpai_autoload.gd:21)
WARNING: [GdPAI] ObjectRef(124621163998): object was freed before callback; returning Nil.
   at: gdplanningai_rust::logger::process_logs (src\logger.rs:66)
   GDScript backtrace (most recent call first):
       [0] _process (res://addons/GdPlanningAI/gdpai_autoload.gd:21)
WARNING: [GdPAI] ObjectRef(125359361544): object was freed before callback; returning Nil.
   at: gdplanningai_rust::logger::process_logs (src\logger.rs:66)
   GDScript backtrace (most recent call first):
       [0] _process (res://addons/GdPlanningAI/gdpai_autoload.gd:21)
WARNING: [GdPAI] ObjectRef(125359361544): object was freed before callback; returning Nil.
   at: gdplanningai_rust::logger::process_logs (src\logger.rs:66)
   GDScript backtrace (most recent call first):
       [0] _process (res://addons/GdPlanningAI/gdpai_autoload.gd:21)
[GdPAI | debug] GetCost: callable returned non-numeric value: null; returning INFINITY
WARNING: [GdPAI] ObjectRef(1382643928884): object was freed before callback; returning Nil.
   at: gdplanningai_rust::logger::process_logs (src\logger.rs:66)
   GDScript backtrace (most recent call first):
       [0] _process (res://addons/GdPlanningAI/gdpai_autoload.gd:21)
WARNING: [GdPAI] ObjectRef(1382643928884): object was freed before callback; returning Nil.
   at: gdplanningai_rust::logger::process_logs (src\logger.rs:66)
   GDScript backtrace (most recent call first):
       [0] _process (res://addons/GdPlanningAI/gdpai_autoload.gd:21)
[GdPAI | debug] GetCost: callable returned non-numeric value: null; returning INFINITY
WARNING: [GdPAI] ObjectRef(124621163998): object was freed before callback; returning Nil.
   at: gdplanningai_rust::logger::process_logs (src\logger.rs:66)
   GDScript backtrace (most recent call first):
       [0] _process (res://addons/GdPlanningAI/gdpai_autoload.gd:21)
WARNING: [GdPAI] ObjectRef(124621163998): object was freed before callback; returning Nil.
   at: gdplanningai_rust::logger::process_logs (src\logger.rs:66)
   GDScript backtrace (most recent call first):
       [0] _process (res://addons/GdPlanningAI/gdpai_autoload.gd:21)
WARNING: [GdPAI] ObjectRef(125359361544): object was freed before callback; returning Nil.
   at: gdplanningai_rust::logger::process_logs (src\logger.rs:66)
   GDScript backtrace (most recent call first):
       [0] _process (res://addons/GdPlanningAI/gdpai_autoload.gd:21)
WARNING: [GdPAI] ObjectRef(125359361544): object was freed before callback; returning Nil.
   at: gdplanningai_rust::logger::process_logs (src\logger.rs:66)
   GDScript backtrace (most recent call first):
       [0] _process (res://addons/GdPlanningAI/gdpai_autoload.gd:21)
[GdPAI | debug] ApplyEffect [Before] ID=InstanceId(-9223366764815925658): agent props = {"entity": null, "held_item": "", "hunger": 70.0627442063492, "at_target": null}
[GdPAI | debug] ApplyEffect [After] ID=InstanceId(-9223366764815925658): agent props = {"entity": null, "held_item": "", "hunger": 70.0627442063492, "at_target": null}
[GdPAI | debug]   Snapshotting prop: entity = Nil (Variant type: NIL)
[GdPAI | debug]   Snapshotting prop: held_item = Str("") (Variant type: STRING)
[GdPAI | debug]   Snapshotting prop: hunger = Float(70.0627442063492) (Variant type: FLOAT)
[GdPAI | debug]   Snapshotting prop: at_target = Nil (Variant type: NIL)
WARNING: [GdPAI] ObjectRef(1382643928884): object was freed before callback; returning Nil.
   at: gdplanningai_rust::logger::process_logs (src\logger.rs:66)
   GDScript backtrace (most recent call first):
       [0] _process (res://addons/GdPlanningAI/gdpai_autoload.gd:21)
WARNING: [GdPAI] ObjectRef(1382643928884): object was freed before callback; returning Nil.
   at: gdplanningai_rust::logger::process_logs (src\logger.rs:66)
   GDScript backtrace (most recent call first):
       [0] _process (res://addons/GdPlanningAI/gdpai_autoload.gd:21)
[GdPAI | debug] ApplyEffect [Before] ID=InstanceId(-9223366764245500314): agent props = {"entity": null, "held_item": "", "hunger": 95.0603725}
[GdPAI | debug] ApplyEffect [After] ID=InstanceId(-9223366764245500314): agent props = {"entity": null, "held_item": "", "hunger": 95.0603725}
[GdPAI | debug]   Snapshotting prop: entity = Nil (Variant type: NIL)
[GdPAI | debug]   Snapshotting prop: held_item = Str("") (Variant type: STRING)
[GdPAI | debug]   Snapshotting prop: hunger = Float(95.0603725) (Variant type: FLOAT)
[GdPAI | debug] Discovery: Simulation success for Pick Up Wood. Agent props: {"hunger": Float(95.0603725), "entity": Nil, "held_item": Str("")}
[GdPAI | debug] Discovery: Action Pick Up Wood satisfied precond Builtin { target: Agent, operation: Equal, property_name: "held_item", value: Some(Str("")) }
[GdPAI | debug] Found candidate: Pick Up Wood (satisfied preconds: [0], requirements: [])
[GdPAI | debug] ApplyEffect [Before] ID=InstanceId(-9223366763373085011): agent props = {"held_item": "", "hunger": 30.0}
[GdPAI | debug] ApplyEffect [After] ID=InstanceId(-9223366763373085011): agent props = {"held_item": "test_item", "hunger": 30.0}
[GdPAI | debug]   Snapshotting prop: held_item = Str("test_item") (Variant type: STRING)
[GdPAI | debug]   Snapshotting prop: hunger = Float(30.0) (Variant type: FLOAT)
WARNING: [GdPAI] ObjectRef(124621163998): object was freed before callback; returning Nil.
   at: gdplanningai_rust::logger::process_logs (src\logger.rs:66)
   GDScript backtrace (most recent call first):
       [0] _process (res://addons/GdPlanningAI/gdpai_autoload.gd:21)
[GdPAI | debug] GetCost: callable returned non-numeric value: null; returning INFINITY
WARNING: [GdPAI] ObjectRef(1382643928884): object was freed before callback; returning Nil.
   at: gdplanningai_rust::logger::process_logs (src\logger.rs:66)
   GDScript backtrace (most recent call first):
       [0] _process (res://addons/GdPlanningAI/gdpai_autoload.gd:21)
WARNING: [GdPAI] ObjectRef(1382643928884): object was freed before callback; returning Nil.
   at: gdplanningai_rust::logger::process_logs (src\logger.rs:66)
   GDScript backtrace (most recent call first):
       [0] _process (res://addons/GdPlanningAI/gdpai_autoload.gd:21)
[GdPAI | debug] Discovery: Action Dig Potato failed validity check, skipping
WARNING: [GdPAI] ObjectRef(124621163998): object was freed before callback; returning Nil.
   at: gdplanningai_rust::logger::process_logs (src\logger.rs:66)
   GDScript backtrace (most recent call first):
       [0] _process (res://addons/GdPlanningAI/gdpai_autoload.gd:21)
[GdPAI | debug] ApplyEffect [Before] ID=InstanceId(-9223366761980576083): agent props = {"held_item": "", "entity": null, "at_target": null, "hunger": 70.0627442063492}
[GdPAI | debug] ApplyEffect [After] ID=InstanceId(-9223366761980576083): agent props = {"held_item": "", "entity": null, "at_target": null, "hunger": 70.0627442063492}
[GdPAI | debug]   Snapshotting prop: held_item = Str("") (Variant type: STRING)
[GdPAI | debug]   Snapshotting prop: entity = Nil (Variant type: NIL)
[GdPAI | debug]   Snapshotting prop: at_target = Nil (Variant type: NIL)
[GdPAI | debug]   Snapshotting prop: hunger = Float(70.0627442063492) (Variant type: FLOAT)
WARNING: [GdPAI] ObjectRef(1382643928884): object was freed before callback; returning Nil.
   at: gdplanningai_rust::logger::process_logs (src\logger.rs:66)
   GDScript backtrace (most recent call first):
       [0] _process (res://addons/GdPlanningAI/gdpai_autoload.gd:21)
WARNING: [GdPAI] ObjectRef(1382643928884): object was freed before callback; returning Nil.
   at: gdplanningai_rust::logger::process_logs (src\logger.rs:66)
   GDScript backtrace (most recent call first):
       [0] _process (res://addons/GdPlanningAI/gdpai_autoload.gd:21)
[GdPAI | debug] Discovery: Action Dig Potato failed validity check, skipping
[GdPAI | debug] ApplyEffect [Before] ID=InstanceId(-9223366760688730460): agent props = {"held_item": "test_item", "hunger": 30.0}
[GdPAI | debug] ApplyEffect [After] ID=InstanceId(-9223366760688730460): agent props = {"held_item": "", "hunger": 10.0}
[GdPAI | debug]   Snapshotting prop: held_item = Str("") (Variant type: STRING)
[GdPAI | debug]   Snapshotting prop: hunger = Float(10.0) (Variant type: FLOAT)
[GdPAI] A* Iteration: pop node with chain length 2
[GdPAI | debug] find_candidates: Checking 3 actions against 0 preconds and 1 requirements
[GdPAI | debug] Found candidate: GoTo (satisfied preconds: [], requirements: [0])
WARNING: [GdPAI] ObjectRef(124621163998): object was freed before callback; returning Nil.
   at: gdplanningai_rust::logger::process_logs (src\logger.rs:66)
   GDScript backtrace (most recent call first):
       [0] _process (res://addons/GdPlanningAI/gdpai_autoload.gd:21)
WARNING: [GdPAI] ObjectRef(125359361544): object was freed before callback; returning Nil.
   at: gdplanningai_rust::logger::process_logs (src\logger.rs:66)
   GDScript backtrace (most recent call first):
       [0] _process (res://addons/GdPlanningAI/gdpai_autoload.gd:21)
WARNING: [GdPAI] ObjectRef(125359361544): object was freed before callback; returning Nil.
   at: gdplanningai_rust::logger::process_logs (src\logger.rs:66)
   GDScript backtrace (most recent call first):
       [0] _process (res://addons/GdPlanningAI/gdpai_autoload.gd:21)
[GdPAI | debug] GetCost: callable returned non-numeric value: null; returning INFINITY
WARNING: [GdPAI] ObjectRef(1382643928884): object was freed before callback; returning Nil.
   at: gdplanningai_rust::logger::process_logs (src\logger.rs:66)
   GDScript backtrace (most recent call first):
       [0] _process (res://addons/GdPlanningAI/gdpai_autoload.gd:21)
WARNING: [GdPAI] ObjectRef(1382643928884): object was freed before callback; returning Nil.
   at: gdplanningai_rust::logger::process_logs (src\logger.rs:66)
   GDScript backtrace (most recent call first):
       [0] _process (res://addons/GdPlanningAI/gdpai_autoload.gd:21)
[GdPAI | debug] Discovery: Action Dig Potato failed validity check, skipping
WARNING: [GdPAI] ObjectRef(124621163998): object was freed before callback; returning Nil.
   at: gdplanningai_rust::logger::process_logs (src\logger.rs:66)
   GDScript backtrace (most recent call first):
       [0] _process (res://addons/GdPlanningAI/gdpai_autoload.gd:21)
WARNING: [GdPAI] ObjectRef(125359361544): object was freed before callback; returning Nil.
   at: gdplanningai_rust::logger::process_logs (src\logger.rs:66)
   GDScript backtrace (most recent call first):
       [0] _process (res://addons/GdPlanningAI/gdpai_autoload.gd:21)
WARNING: [GdPAI] ObjectRef(125359361544): object was freed before callback; returning Nil.
   at: gdplanningai_rust::logger::process_logs (src\logger.rs:66)
   GDScript backtrace (most recent call first):
       [0] _process (res://addons/GdPlanningAI/gdpai_autoload.gd:21)
[GdPAI | debug] ApplyEffect [Before] ID=InstanceId(-9223366759195558236): agent props = {"hunger": 70.0627442063492, "held_item": "", "entity": null, "at_target": null}
[GdPAI | debug] ApplyEffect [After] ID=InstanceId(-9223366759195558236): agent props = {"hunger": 70.0627442063492, "held_item": "", "entity": null, "at_target": null}
[GdPAI | debug]   Snapshotting prop: hunger = Float(70.0627442063492) (Variant type: FLOAT)
[GdPAI | debug]   Snapshotting prop: held_item = Str("") (Variant type: STRING)
[GdPAI | debug]   Snapshotting prop: entity = Nil (Variant type: NIL)
[GdPAI | debug]   Snapshotting prop: at_target = Nil (Variant type: NIL)
WARNING: [GdPAI] ObjectRef(1382643928884): object was freed before callback; returning Nil.
   at: gdplanningai_rust::logger::process_logs (src\logger.rs:66)
   GDScript backtrace (most recent call first):
       [0] _process (res://addons/GdPlanningAI/gdpai_autoload.gd:21)
WARNING: [GdPAI] ObjectRef(1382643928884): object was freed before callback; returning Nil.
   at: gdplanningai_rust::logger::process_logs (src\logger.rs:66)
   GDScript backtrace (most recent call first):
       [0] _process (res://addons/GdPlanningAI/gdpai_autoload.gd:21)
[GdPAI | debug] Discovery: Action Dig Potato failed validity check, skipping
[GdPAI | debug] ApplyEffect [Before] ID=InstanceId(-9223366757803049261): agent props = {"at_target": VariantGd { id: 5260529679897, class: Node }, "held_item": "", "hunger": 30.0}
[GdPAI | debug] ApplyEffect [After] ID=InstanceId(-9223366757803049261): agent props = {"at_target": VariantGd { id: 5260529679897, class: Node }, "hunger": 30.0, "held_item": "", "at_location": true}
[GdPAI | debug]   Snapshotting prop: at_target = ObjectRef(5260529679897) (Variant type: OBJECT)
[GdPAI | debug]   Snapshotting prop: hunger = Float(30.0) (Variant type: FLOAT)
[GdPAI | debug]   Snapshotting prop: held_item = Str("") (Variant type: STRING)
[GdPAI | debug]   Snapshotting prop: at_location = Bool(true) (Variant type: BOOL)
WARNING: [GdPAI] ObjectRef(124621163998): object was freed before callback; returning Nil.
   at: gdplanningai_rust::logger::process_logs (src\logger.rs:66)
   GDScript backtrace (most recent call first):
       [0] _process (res://addons/GdPlanningAI/gdpai_autoload.gd:21)
WARNING: [GdPAI] ObjectRef(124134624705): object was freed before callback; returning Nil.
   at: gdplanningai_rust::logger::process_logs (src\logger.rs:66)
   GDScript backtrace (most recent call first):
       [0] _process (res://addons/GdPlanningAI/gdpai_autoload.gd:21)
WARNING: [GdPAI] ObjectRef(124134624705): object was freed before callback; returning Nil.
   at: gdplanningai_rust::logger::process_logs (src\logger.rs:66)
   GDScript backtrace (most recent call first):
       [0] _process (res://addons/GdPlanningAI/gdpai_autoload.gd:21)
[GdPAI | debug] GetCost: callable returned non-numeric value: null; returning INFINITY
WARNING: [GdPAI] ObjectRef(1382643928884): object was freed before callback; returning Nil.
   at: gdplanningai_rust::logger::process_logs (src\logger.rs:66)
   GDScript backtrace (most recent call first):
       [0] _process (res://addons/GdPlanningAI/gdpai_autoload.gd:21)
WARNING: [GdPAI] ObjectRef(1382643928884): object was freed before callback; returning Nil.
   at: gdplanningai_rust::logger::process_logs (src\logger.rs:66)
   GDScript backtrace (most recent call first):
       [0] _process (res://addons/GdPlanningAI/gdpai_autoload.gd:21)
[GdPAI | debug] Discovery: Action Dig Potato failed validity check, skipping
WARNING: [GdPAI] ObjectRef(124621163998): object was freed before callback; returning Nil.
   at: gdplanningai_rust::logger::process_logs (src\logger.rs:66)
   GDScript backtrace (most recent call first):
       [0] _process (res://addons/GdPlanningAI/gdpai_autoload.gd:21)
WARNING: [GdPAI] ObjectRef(124134624705): object was freed before callback; returning Nil.
   at: gdplanningai_rust::logger::process_logs (src\logger.rs:66)
   GDScript backtrace (most recent call first):
       [0] _process (res://addons/GdPlanningAI/gdpai_autoload.gd:21)
WARNING: [GdPAI] ObjectRef(124134624705): object was freed before callback; returning Nil.
   at: gdplanningai_rust::logger::process_logs (src\logger.rs:66)
   GDScript backtrace (most recent call first):
       [0] _process (res://addons/GdPlanningAI/gdpai_autoload.gd:21)
[GdPAI | debug] ApplyEffect [Before] ID=InstanceId(-9223366756309877037): agent props = {"hunger": 70.0627442063492, "held_item": "", "at_target": null, "entity": null}
[GdPAI | debug] ApplyEffect [After] ID=InstanceId(-9223366756309877037): agent props = {"hunger": 70.0627442063492, "held_item": "", "at_target": null, "entity": null}
[GdPAI | debug]   Snapshotting prop: hunger = Float(70.0627442063492) (Variant type: FLOAT)
[GdPAI | debug]   Snapshotting prop: held_item = Str("") (Variant type: STRING)
[GdPAI | debug]   Snapshotting prop: at_target = Nil (Variant type: NIL)
[GdPAI | debug]   Snapshotting prop: entity = Nil (Variant type: NIL)
WARNING: [GdPAI] ObjectRef(1382643928884): object was freed before callback; returning Nil.
   at: gdplanningai_rust::logger::process_logs (src\logger.rs:66)
   GDScript backtrace (most recent call first):
       [0] _process (res://addons/GdPlanningAI/gdpai_autoload.gd:21)
WARNING: [GdPAI] ObjectRef(1382643928884): object was freed before callback; returning Nil.
   at: gdplanningai_rust::logger::process_logs (src\logger.rs:66)
   GDScript backtrace (most recent call first):
       [0] _process (res://addons/GdPlanningAI/gdpai_autoload.gd:21)
WARNING: [GdPAI] ObjectRef(1382157389614): object was freed before callback; returning Nil.
   at: gdplanningai_rust::logger::process_logs (src\logger.rs:66)
   GDScript backtrace (most recent call first):
       [0] _process (res://addons/GdPlanningAI/gdpai_autoload.gd:21)
WARNING: [GdPAI] ObjectRef(1383197576744): object was freed before callback; returning Nil.
   at: gdplanningai_rust::logger::process_logs (src\logger.rs:66)
   GDScript backtrace (most recent call first):
       [0] _process (res://addons/GdPlanningAI/gdpai_autoload.gd:21)
WARNING: [GdPAI] ObjectRef(1382157389614): object was freed before callback; returning Nil.
   at: gdplanningai_rust::logger::process_logs (src\logger.rs:66)
   GDScript backtrace (most recent call first):
       [0] _process (res://addons/GdPlanningAI/gdpai_autoload.gd:21)
WARNING: [GdPAI] ObjectRef(1383197576744): object was freed before callback; returning Nil.
   at: gdplanningai_rust::logger::process_logs (src\logger.rs:66)
   GDScript backtrace (most recent call first):
       [0] _process (res://addons/GdPlanningAI/gdpai_autoload.gd:21)
[GdPAI | debug] GetCost: callable returned non-numeric value: null; returning INFINITY
[GdPAI | debug] ApplyEffect [Before] ID=InstanceId(-9223366754716041468): agent props = {"at_target": VariantGd { id: 5260529679897, class: Node }, "at_location": true, "hunger": 30.0, "held_item": ""}
[GdPAI | debug] ApplyEffect [After] ID=InstanceId(-9223366754716041468): agent props = {"at_target": VariantGd { id: 5260529679897, class: Node }, "at_location": true, "hunger": 30.0, "held_item": "test_item"}
[GdPAI | debug]   Snapshotting prop: at_target = ObjectRef(5260529679897) (Variant type: OBJECT)
[GdPAI | debug]   Snapshotting prop: at_location = Bool(true) (Variant type: BOOL)
[GdPAI | debug]   Snapshotting prop: hunger = Float(30.0) (Variant type: FLOAT)
[GdPAI | debug]   Snapshotting prop: held_item = Str("test_item") (Variant type: STRING)
WARNING: [GdPAI] ObjectRef(124621163998): object was freed before callback; returning Nil.
   at: gdplanningai_rust::logger::process_logs (src\logger.rs:66)
   GDScript backtrace (most recent call first):
       [0] _process (res://addons/GdPlanningAI/gdpai_autoload.gd:21)
WARNING: [GdPAI] ObjectRef(124134624705): object was freed before callback; returning Nil.
   at: gdplanningai_rust::logger::process_logs (src\logger.rs:66)
   GDScript backtrace (most recent call first):
       [0] _process (res://addons/GdPlanningAI/gdpai_autoload.gd:21)
WARNING: [GdPAI] ObjectRef(124134624705): object was freed before callback; returning Nil.
   at: gdplanningai_rust::logger::process_logs (src\logger.rs:66)
   GDScript backtrace (most recent call first):
       [0] _process (res://addons/GdPlanningAI/gdpai_autoload.gd:21)
[GdPAI | debug] GetCost: callable returned non-numeric value: null; returning INFINITY
WARNING: [GdPAI] ObjectRef(1382643928884): object was freed before callback; returning Nil.
   at: gdplanningai_rust::logger::process_logs (src\logger.rs:66)
   GDScript backtrace (most recent call first):
       [0] _process (res://addons/GdPlanningAI/gdpai_autoload.gd:21)
WARNING: [GdPAI] ObjectRef(1382643928884): object was freed before callback; returning Nil.
   at: gdplanningai_rust::logger::process_logs (src\logger.rs:66)
   GDScript backtrace (most recent call first):
       [0] _process (res://addons/GdPlanningAI/gdpai_autoload.gd:21)
WARNING: [GdPAI] ObjectRef(1382157389614): object was freed before callback; returning Nil.
   at: gdplanningai_rust::logger::process_logs (src\logger.rs:66)
   GDScript backtrace (most recent call first):
       [0] _process (res://addons/GdPlanningAI/gdpai_autoload.gd:21)
WARNING: [GdPAI] ObjectRef(1383197576744): object was freed before callback; returning Nil.
   at: gdplanningai_rust::logger::process_logs (src\logger.rs:66)
   GDScript backtrace (most recent call first):
       [0] _process (res://addons/GdPlanningAI/gdpai_autoload.gd:21)
WARNING: [GdPAI] ObjectRef(1382157389614): object was freed before callback; returning Nil.
   at: gdplanningai_rust::logger::process_logs (src\logger.rs:66)
   GDScript backtrace (most recent call first):
       [0] _process (res://addons/GdPlanningAI/gdpai_autoload.gd:21)
WARNING: [GdPAI] ObjectRef(1383197576744): object was freed before callback; returning Nil.
   at: gdplanningai_rust::logger::process_logs (src\logger.rs:66)
   GDScript backtrace (most recent call first):
       [0] _process (res://addons/GdPlanningAI/gdpai_autoload.gd:21)
[GdPAI | debug] ApplyEffect [Before] ID=InstanceId(-9223366754095284538): agent props = {"entity": null, "held_item": "", "at_target": null, "hunger": 95.0603725}
[GdPAI | debug] ApplyEffect [After] ID=InstanceId(-9223366754095284538): agent props = {"entity": null, "held_item": "", "at_target": null, "hunger": 95.0603725}
[GdPAI | debug]   Snapshotting prop: entity = Nil (Variant type: NIL)
[GdPAI | debug]   Snapshotting prop: held_item = Str("") (Variant type: STRING)
[GdPAI | debug]   Snapshotting prop: at_target = Nil (Variant type: NIL)
[GdPAI | debug]   Snapshotting prop: hunger = Float(95.0603725) (Variant type: FLOAT)
WARNING: [GdPAI] ObjectRef(124621163998): object was freed before callback; returning Nil.
   at: gdplanningai_rust::logger::process_logs (src\logger.rs:66)
   GDScript backtrace (most recent call first):
       [0] _process (res://addons/GdPlanningAI/gdpai_autoload.gd:21)
WARNING: [GdPAI] ObjectRef(124134624705): object was freed before callback; returning Nil.
   at: gdplanningai_rust::logger::process_logs (src\logger.rs:66)
   GDScript backtrace (most recent call first):
       [0] _process (res://addons/GdPlanningAI/gdpai_autoload.gd:21)
WARNING: [GdPAI] ObjectRef(124134624705): object was freed before callback; returning Nil.
   at: gdplanningai_rust::logger::process_logs (src\logger.rs:66)
   GDScript backtrace (most recent call first):
       [0] _process (res://addons/GdPlanningAI/gdpai_autoload.gd:21)
[GdPAI | debug] ApplyEffect [Before] ID=InstanceId(-9223366753021542652): agent props = {"hunger": 70.0627442063492, "at_target": null, "held_item": "", "entity": null}
[GdPAI | debug] ApplyEffect [After] ID=InstanceId(-9223366753021542652): agent props = {"hunger": 70.0627442063492, "at_target": null, "held_item": "", "entity": null}
[GdPAI | debug]   Snapshotting prop: hunger = Float(70.0627442063492) (Variant type: FLOAT)
[GdPAI | debug]   Snapshotting prop: at_target = Nil (Variant type: NIL)
[GdPAI | debug]   Snapshotting prop: held_item = Str("") (Variant type: STRING)
[GdPAI | debug]   Snapshotting prop: entity = Nil (Variant type: NIL)
WARNING: [GdPAI] ObjectRef(1382643928884): object was freed before callback; returning Nil.
   at: gdplanningai_rust::logger::process_logs (src\logger.rs:66)
   GDScript backtrace (most recent call first):
       [0] _process (res://addons/GdPlanningAI/gdpai_autoload.gd:21)
WARNING: [GdPAI] ObjectRef(1383197576744): object was freed before callback; returning Nil.
   at: gdplanningai_rust::logger::process_logs (src\logger.rs:66)
   GDScript backtrace (most recent call first):
       [0] _process (res://addons/GdPlanningAI/gdpai_autoload.gd:21)
WARNING: [GdPAI] ObjectRef(1383197576744): object was freed before callback; returning Nil.
   at: gdplanningai_rust::logger::process_logs (src\logger.rs:66)
   GDScript backtrace (most recent call first):
       [0] _process (res://addons/GdPlanningAI/gdpai_autoload.gd:21)
[GdPAI | debug] GetCost: callable returned non-numeric value: null; returning INFINITY
[GdPAI | debug] ApplyEffect [Before] ID=InstanceId(-9223366751578702064): agent props = {"at_location": true, "at_target": VariantGd { id: 5260529679897, class: Node }, "held_item": "test_item", "hunger": 30.0}
[GdPAI | debug] ApplyEffect [After] ID=InstanceId(-9223366751578702064): agent props = {"at_location": true, "at_target": VariantGd { id: 5260529679897, class: Node }, "held_item": "", "hunger": 10.0}
[GdPAI | debug]   Snapshotting prop: at_location = Bool(true) (Variant type: BOOL)
[GdPAI | debug]   Snapshotting prop: at_target = ObjectRef(5260529679897) (Variant type: OBJECT)
[GdPAI | debug]   Snapshotting prop: held_item = Str("") (Variant type: STRING)
[GdPAI | debug]   Snapshotting prop: hunger = Float(10.0) (Variant type: FLOAT)
[GdPAI] A* Iteration: pop node with chain length 3
[GdPAI | debug] Numeric comparison: 10 LessThanOrEqual 10 -> true
[GdPAI] A* SUCCESS! Returning plan for goal 'NotHungry'
[GdPAI] PlannerEngine: Found valid plan for goal 'NotHungry' (cost: 7.5)
WARNING: [GdPAI] ObjectRef(124621163998): object was freed before callback; returning Nil.
   at: gdplanningai_rust::logger::process_logs (src\logger.rs:66)
   GDScript backtrace (most recent call first):
       [0] _process (res://addons/GdPlanningAI/gdpai_autoload.gd:21)
[GdPAI | debug] GetCost: callable returned non-numeric value: null; returning INFINITY
WARNING: [GdPAI] ObjectRef(1382643928884): object was freed before callback; returning Nil.
   at: gdplanningai_rust::logger::process_logs (src\logger.rs:66)
   GDScript backtrace (most recent call first):
       [0] _process (res://addons/GdPlanningAI/gdpai_autoload.gd:21)
WARNING: [GdPAI] ObjectRef(1383197576744): object was freed before callback; returning Nil.
   at: gdplanningai_rust::logger::process_logs (src\logger.rs:66)
   GDScript backtrace (most recent call first):
       [0] _process (res://addons/GdPlanningAI/gdpai_autoload.gd:21)
WARNING: [GdPAI] ObjectRef(1383197576744): object was freed before callback; returning Nil.
   at: gdplanningai_rust::logger::process_logs (src\logger.rs:66)
   GDScript backtrace (most recent call first):
       [0] _process (res://addons/GdPlanningAI/gdpai_autoload.gd:21)
[GdPAI | debug] ApplyEffect [Before] ID=InstanceId(-9223366750957945074): agent props = {"hunger": 95.0603725, "at_target": null, "held_item": "", "entity": null}
[GdPAI | debug] ApplyEffect [After] ID=InstanceId(-9223366750957945074): agent props = {"hunger": 95.0603725, "at_target": null, "held_item": "", "entity": null}
[GdPAI | debug]   Snapshotting prop: hunger = Float(95.0603725) (Variant type: FLOAT)
[GdPAI | debug]   Snapshotting prop: at_target = Nil (Variant type: NIL)
[GdPAI | debug]   Snapshotting prop: held_item = Str("") (Variant type: STRING)
[GdPAI | debug]   Snapshotting prop: entity = Nil (Variant type: NIL)
[GdPAI] Plan complete: success=true, actions=3, cost=7.5, action_chain=[2, 1, 0]
[32m    [Passed]:  [0mPlan should succeed with GoTo -> Pickup -> Eat chain
[32m    [Passed]:  [0m[3] expected to equal [3]:  Plan should have 3 actions
[32m    [Passed]:  [0m[2] expected to equal [2]:  First action should be GoTo
[32m    [Passed]:  [0m[1] expected to equal [1]:  Second action should be Pickup
[32m    [Passed]:  [0m[0] expected to equal [0]:  Third action should be Eat
[31m    [Failed]:  [0mUnexpected Errors:
    [1] <engine-1>[GdPAI] ObjectRef(124621163998): object was freed before callback; returning Nil.
    [2] <engine-1>[GdPAI] ObjectRef(125359361544): object was freed before callback; returning Nil.
    [3] <engine-1>[GdPAI] ObjectRef(125359361544): object was freed before callback; returning Nil.
    [4] <engine-1>[GdPAI] ObjectRef(1382643928884): object was freed before callback; returning Nil.
    [5] <engine-1>[GdPAI] ObjectRef(1382643928884): object was freed before callback; returning Nil.
    [6] <engine-1>[GdPAI] ObjectRef(124621163998): object was freed before callback; returning Nil.
    [7] <engine-1>[GdPAI] ObjectRef(125359361544): object was freed before callback; returning Nil.
    [8] <engine-1>[GdPAI] ObjectRef(125359361544): object was freed before callback; returning Nil.
    [9] <engine-1>[GdPAI] ObjectRef(1382643928884): object was freed before callback; returning Nil.
    [10] <engine-1>[GdPAI] ObjectRef(1382643928884): object was freed before callback; returning Nil.
    [11] <engine-1>[GdPAI] ObjectRef(124621163998): object was freed before callback; returning Nil.
    [12] <engine-1>[GdPAI] ObjectRef(124134624705): object was freed before callback; returning Nil.
    [13] <engine-1>[GdPAI] ObjectRef(124134624705): object was freed before callback; returning Nil.
    [14] <engine-1>[GdPAI] ObjectRef(1382643928884): object was freed before callback; returning Nil.
    [15] <engine-1>[GdPAI] ObjectRef(1382643928884): object was freed before callback; returning Nil.
    [16] <engine-1>[GdPAI] ObjectRef(124621163998): object was freed before callback; returning Nil.
    [17] <engine-1>[GdPAI] ObjectRef(124134624705): object was freed before callback; returning Nil.
    [18] <engine-1>[GdPAI] ObjectRef(124134624705): object was freed before callback; returning Nil.
    [19] <engine-1>[GdPAI] ObjectRef(1382643928884): object was freed before callback; returning Nil.
    [20] <engine-1>[GdPAI] ObjectRef(1382643928884): object was freed before callback; returning Nil.
    [21] <engine-1>[GdPAI] ObjectRef(124621163998): object was freed before callback; returning Nil.
    [22] <engine-1>[GdPAI] ObjectRef(124134624705): object was freed before callback; returning Nil.
    [23] <engine-1>[GdPAI] ObjectRef(124134624705): object was freed before callback; returning Nil.
    [24] <engine-1>[GdPAI] ObjectRef(1382643928884): object was freed before callback; returning Nil.
    [25] <engine-1>[GdPAI] ObjectRef(1382643928884): object was freed before callback; returning Nil.
    [26] <engine-1>[GdPAI] ObjectRef(124621163998): object was freed before callback; returning Nil.
    [27] <engine-1>[GdPAI] ObjectRef(124134624705): object was freed before callback; returning Nil.
    [28] <engine-1>[GdPAI] ObjectRef(124134624705): object was freed before callback; returning Nil.
    [29] <engine-1>[GdPAI] ObjectRef(1382643928884): object was freed before callback; returning Nil.
    [30] <engine-1>[GdPAI] ObjectRef(1382643928884): object was freed before callback; returning Nil.
    [31] <engine-1>[GdPAI] ObjectRef(124621163998): object was freed before callback; returning Nil.
    [32] <engine-1>[GdPAI] ObjectRef(1382643928884): object was freed before callback; returning Nil.
    [33] <engine-1>[GdPAI] ObjectRef(1382643928884): object was freed before callback; returning Nil.
    [34] <engine-1>[GdPAI] ObjectRef(124621163998): object was freed before callback; returning Nil.
    [35] <engine-1>[GdPAI] ObjectRef(1382643928884): object was freed before callback; returning Nil.
    [36] <engine-1>[GdPAI] ObjectRef(1382643928884): object was freed before callback; returning Nil.
    [37] <engine-1>[GdPAI] ObjectRef(124621163998): object was freed before callback; returning Nil.
    [38] <engine-1>[GdPAI] ObjectRef(124621163998): object was freed before callback; returning Nil.
    [39] <engine-1>[GdPAI] ObjectRef(125359361544): object was freed before callback; returning Nil.
    [40] <engine-1>[GdPAI] ObjectRef(125359361544): object was freed before callback; returning Nil.
    [41] <engine-1>[GdPAI] ObjectRef(1382643928884): object was freed before callback; returning Nil.
    [42] <engine-1>[GdPAI] ObjectRef(1382643928884): object was freed before callback; returning Nil.
    [43] <engine-1>[GdPAI] ObjectRef(124621163998): object was freed before callback; returning Nil.
    [44] <engine-1>[GdPAI] ObjectRef(124621163998): object was freed before callback; returning Nil.
    [45] <engine-1>[GdPAI] ObjectRef(125359361544): object was freed before callback; returning Nil.
    [46] <engine-1>[GdPAI] ObjectRef(125359361544): object was freed before callback; returning Nil.
    [47] <engine-1>[GdPAI] ObjectRef(1382643928884): object was freed before callback; returning Nil.
    [48] <engine-1>[GdPAI] ObjectRef(1382643928884): object was freed before callback; returning Nil.
    [49] <engine-1>[GdPAI] ObjectRef(124621163998): object was freed before callback; returning Nil.
    [50] <engine-1>[GdPAI] ObjectRef(1382643928884): object was freed before callback; returning Nil.
    [51] <engine-1>[GdPAI] ObjectRef(1382643928884): object was freed before callback; returning Nil.
    [52] <engine-1>[GdPAI] ObjectRef(124621163998): object was freed before callback; returning Nil.
    [53] <engine-1>[GdPAI] ObjectRef(1382643928884): object was freed before callback; returning Nil.
    [54] <engine-1>[GdPAI] ObjectRef(1382643928884): object was freed before callback; returning Nil.
    [55] <engine-1>[GdPAI] ObjectRef(124621163998): object was freed before callback; returning Nil.
    [56] <engine-1>[GdPAI] ObjectRef(125359361544): object was freed before callback; returning Nil.
    [57] <engine-1>[GdPAI] ObjectRef(125359361544): object was freed before callback; returning Nil.
    [58] <engine-1>[GdPAI] ObjectRef(1382643928884): object was freed before callback; returning Nil.
    [59] <engine-1>[GdPAI] ObjectRef(1382643928884): object was freed before callback; returning Nil.
    [60] <engine-1>[GdPAI] ObjectRef(124621163998): object was freed before callback; returning Nil.
    [61] <engine-1>[GdPAI] ObjectRef(125359361544): object was freed before callback; returning Nil.
    [62] <engine-1>[GdPAI] ObjectRef(125359361544): object was freed before callback; returning Nil.
    [63] <engine-1>[GdPAI] ObjectRef(1382643928884): object was freed before callback; returning Nil.
    [64] <engine-1>[GdPAI] ObjectRef(1382643928884): object was freed before callback; returning Nil.
    [65] <engine-1>[GdPAI] ObjectRef(124621163998): object was freed before callback; returning Nil.
    [66] <engine-1>[GdPAI] ObjectRef(124134624705): object was freed before callback; returning Nil.
    [67] <engine-1>[GdPAI] ObjectRef(124134624705): object was freed before callback; returning Nil.
    [68] <engine-1>[GdPAI] ObjectRef(1382643928884): object was freed before callback; returning Nil.
    [69] <engine-1>[GdPAI] ObjectRef(1382643928884): object was freed before callback; returning Nil.
    [70] <engine-1>[GdPAI] ObjectRef(124621163998): object was freed before callback; returning Nil.
    [71] <engine-1>[GdPAI] ObjectRef(124134624705): object was freed before callback; returning Nil.
    [72] <engine-1>[GdPAI] ObjectRef(124134624705): object was freed before callback; returning Nil.
    [73] <engine-1>[GdPAI] ObjectRef(1382643928884): object was freed before callback; returning Nil.
    [74] <engine-1>[GdPAI] ObjectRef(1382643928884): object was freed before callback; returning Nil.
    [75] <engine-1>[GdPAI] ObjectRef(1382157389614): object was freed before callback; returning Nil.
    [76] <engine-1>[GdPAI] ObjectRef(1383197576744): object was freed before callback; returning Nil.
    [77] <engine-1>[GdPAI] ObjectRef(1382157389614): object was freed before callback; returning Nil.
    [78] <engine-1>[GdPAI] ObjectRef(1383197576744): object was freed before callback; returning Nil.
    [79] <engine-1>[GdPAI] ObjectRef(124621163998): object was freed before callback; returning Nil.
    [80] <engine-1>[GdPAI] ObjectRef(124134624705): object was freed before callback; returning Nil.
    [81] <engine-1>[GdPAI] ObjectRef(124134624705): object was freed before callback; returning Nil.
    [82] <engine-1>[GdPAI] ObjectRef(1382643928884): object was freed before callback; returning Nil.
    [83] <engine-1>[GdPAI] ObjectRef(1382643928884): object was freed before callback; returning Nil.
    [84] <engine-1>[GdPAI] ObjectRef(1382157389614): object was freed before callback; returning Nil.
    [85] <engine-1>[GdPAI] ObjectRef(1383197576744): object was freed before callback; returning Nil.
    [86] <engine-1>[GdPAI] ObjectRef(1382157389614): object was freed before callback; returning Nil.
    [87] <engine-1>[GdPAI] ObjectRef(1383197576744): object was freed before callback; returning Nil.
    [88] <engine-1>[GdPAI] ObjectRef(124621163998): object was freed before callback; returning Nil.
    [89] <engine-1>[GdPAI] ObjectRef(124134624705): object was freed before callback; returning Nil.
    [90] <engine-1>[GdPAI] ObjectRef(124134624705): object was freed before callback; returning Nil.
    [91] <engine-1>[GdPAI] ObjectRef(1382643928884): object was freed before callback; returning Nil.
    [92] <engine-1>[GdPAI] ObjectRef(1383197576744): object was freed before callback; returning Nil.
    [93] <engine-1>[GdPAI] ObjectRef(1383197576744): object was freed before callback; returning Nil.
    [94] <engine-1>[GdPAI] ObjectRef(124621163998): object was freed before callback; returning Nil.
    [95] <engine-1>[GdPAI] ObjectRef(1382643928884): object was freed before callback; returning Nil.
    [96] <engine-1>[GdPAI] ObjectRef(1383197576744): object was freed before callback; returning Nil.
    [97] <engine-1>[GdPAI] ObjectRef(1383197576744): object was freed before callback; returning Nil.
      at line 815
WARNING: [GdPAI] ObjectRef(124621163998): object was freed before callback; returning Nil.
   at: gdplanningai_rust::logger::process_logs (src\logger.rs:66)
   GDScript backtrace (most recent call first):
       [0] _process (res://addons/GdPlanningAI/gdpai_autoload.gd:21)
[GdPAI | debug] ApplyEffect [Before] ID=InstanceId(-9223366748357476592): agent props = {"hunger": 70.0627442063492, "at_target": null, "entity": null, "held_item": "wood"}
[GdPAI | debug] ApplyEffect [After] ID=InstanceId(-9223366748357476592): agent props = {"hunger": 70.0627442063492, "at_target": null, "entity": null, "held_item": "wood"}
[GdPAI | debug]   Snapshotting prop: hunger = Float(70.0627442063492) (Variant type: FLOAT)
[GdPAI | debug]   Snapshotting prop: at_target = Nil (Variant type: NIL)
[GdPAI | debug]   Snapshotting prop: entity = Nil (Variant type: NIL)
[GdPAI | debug]   Snapshotting prop: held_item = Str("wood") (Variant type: STRING)
WARNING: [GdPAI] ObjectRef(1382643928884): object was freed before callback; returning Nil.
   at: gdplanningai_rust::logger::process_logs (src\logger.rs:66)
   GDScript backtrace (most recent call first):
       [0] _process (res://addons/GdPlanningAI/gdpai_autoload.gd:21)
WARNING: [GdPAI] ObjectRef(1382157389614): object was freed before callback; returning Nil.
   at: gdplanningai_rust::logger::process_logs (src\logger.rs:66)
   GDScript backtrace (most recent call first):
       [0] _process (res://addons/GdPlanningAI/gdpai_autoload.gd:21)
WARNING: [GdPAI] ObjectRef(1382157389614): object was freed before callback; returning Nil.
   at: gdplanningai_rust::logger::process_logs (src\logger.rs:66)
   GDScript backtrace (most recent call first):
       [0] _process (res://addons/GdPlanningAI/gdpai_autoload.gd:21)
[GdPAI | debug] GetCost: callable returned non-numeric value: null; returning INFINITY
[1m0/10 passed.
[0m[4m

res://test/unit/test_gdpai_blackboard.gd
[0m* test_property_basic_operations
[32m    [Passed]:  [0mShould have property after setting
[32m    [Passed]:  [0m[100] expected to equal [100]:  Should retrieve set property
[32m    [Passed]:  [0mShould not have property after erasing
[32m    [Passed]:  [0m[<null>] expected to equal [<null>]:  Erased property should return null
* test_property_type_preservation
[32m    [Passed]:  [0m[42] expected to equal [42]:  
[32m    [Passed]:  [0m[3.14] expected to equal [3.14]:  
[32m    [Passed]:  [0m["hello"] expected to equal ["hello"]:  
[32m    [Passed]:  [0m[true] expected to equal [true]:  
[1m    [INFO]:  [0mArray/Dictionary compared by value.  Use assert_same to compare references.  Use assert_eq_deep to see diff when failing.
[32m    [Passed]:  [0mARRAY([1, 2, 3]) == ARRAY([1, 2, 3])  
* test_property_overwrite
[32m    [Passed]:  [0m[10] expected to equal [10]:  
[32m    [Passed]:  [0m[20] expected to equal [20]:  Should overwrite existing property
* test_get_dict_and_set_dict
[32m    [Passed]:  [0m[1] expected to equal [1]:  Dict should contain property a
[32m    [Passed]:  [0m[2] expected to equal [2]:  Dict should contain property b
[32m    [Passed]:  [0m[3] expected to equal [3]:  Dict should contain property c
[32m    [Passed]:  [0m[1] expected to equal [1]:  Should restore property a from dict
[32m    [Passed]:  [0m[2] expected to equal [2]:  Should restore property b from dict
[32m    [Passed]:  [0m[3] expected to equal [3]:  Should restore property c from dict
* test_set_dict_clears_existing
[32m    [Passed]:  [0mOld property should be cleared
[32m    [Passed]:  [0mNew property should exist
* test_missing_property_returns_null
[32m    [Passed]:  [0m[<null>] expected to equal [<null>]:  Missing property returns null
[32m    [Passed]:  [0mMissing property has_property false
* test_erase_missing_property_safe
[32m    [Passed]:  [0mErasing missing property is safe
* test_gdpai_objects_property_creates_proxies
WARNING: [GdPAI] ObjectRef(124621163998): object was freed before callback; returning Nil.
   at: gdplanningai_rust::logger::process_logs (src\logger.rs:66)
   GDScript backtrace (most recent call first):
       [0] _process (res://addons/GdPlanningAI/gdpai_autoload.gd:21)
WARNING: [GdPAI] ObjectRef(124621163998): object was freed before callback; returning Nil.
   at: gdplanningai_rust::logger::process_logs (src\logger.rs:66)
   GDScript backtrace (most recent call first):
       [0] _process (res://addons/GdPlanningAI/gdpai_autoload.gd:21)
[GdPAI | debug] GetCost: callable returned non-numeric value: null; returning INFINITY
WARNING: [GdPAI] ObjectRef(1382643928884): object was freed before callback; returning Nil.
   at: gdplanningai_rust::logger::process_logs (src\logger.rs:66)
   GDScript backtrace (most recent call first):
       [0] _process (res://addons/GdPlanningAI/gdpai_autoload.gd:21)
WARNING: [GdPAI] ObjectRef(1382157389614): object was freed before callback; returning Nil.
   at: gdplanningai_rust::logger::process_logs (src\logger.rs:66)
   GDScript backtrace (most recent call first):
       [0] _process (res://addons/GdPlanningAI/gdpai_autoload.gd:21)
WARNING: [GdPAI] ObjectRef(1382157389614): object was freed before callback; returning Nil.
   at: gdplanningai_rust::logger::process_logs (src\logger.rs:66)
   GDScript backtrace (most recent call first):
       [0] _process (res://addons/GdPlanningAI/gdpai_autoload.gd:21)
[GdPAI | debug] ApplyEffect [Before] ID=InstanceId(-9223366745018810855): agent props = {"held_item": "", "at_target": null, "hunger": 95.0603725, "entity": null}
[GdPAI | debug] ApplyEffect [After] ID=InstanceId(-9223366745018810855): agent props = {"held_item": "", "at_target": null, "hunger": 95.0603725, "entity": null}
[GdPAI | debug]   Snapshotting prop: held_item = Str("") (Variant type: STRING)
[GdPAI | debug]   Snapshotting prop: at_target = Nil (Variant type: NIL)
[GdPAI | debug]   Snapshotting prop: hunger = Float(95.0603725) (Variant type: FLOAT)
[GdPAI | debug]   Snapshotting prop: entity = Nil (Variant type: NIL)
[32m    [Passed]:  [0m[1] expected to equal [1]:  Should find 1 enemy
[32m    [Passed]:  [0m[1] expected to equal [1]:  Should find 1 ally
[31m    [Failed]:  [0mUnexpected Errors:
    [1] <engine-1>[GdPAI] ObjectRef(124621163998): object was freed before callback; returning Nil.
    [2] <engine-1>[GdPAI] ObjectRef(124621163998): object was freed before callback; returning Nil.
    [3] <engine-1>[GdPAI] ObjectRef(1382643928884): object was freed before callback; returning Nil.
    [4] <engine-1>[GdPAI] ObjectRef(1382157389614): object was freed before callback; returning Nil.
    [5] <engine-1>[GdPAI] ObjectRef(1382157389614): object was freed before callback; returning Nil.
      at line 120
* test_get_proxy_in_group_returns_first
WARNING: [GdPAI] ObjectRef(124621163998): object was freed before callback; returning Nil.
   at: gdplanningai_rust::logger::process_logs (src\logger.rs:66)
   GDScript backtrace (most recent call first):
       [0] _process (res://addons/GdPlanningAI/gdpai_autoload.gd:21)
WARNING: [GdPAI] ObjectRef(124621163998): object was freed before callback; returning Nil.
   at: gdplanningai_rust::logger::process_logs (src\logger.rs:66)
   GDScript backtrace (most recent call first):
       [0] _process (res://addons/GdPlanningAI/gdpai_autoload.gd:21)
[GdPAI | debug] ApplyEffect [Before] ID=InstanceId(-9223366743844405293): agent props = {"entity": null, "hunger": 70.0627442063492, "held_item": ""}
[GdPAI | debug] ApplyEffect [After] ID=InstanceId(-9223366743844405293): agent props = {"entity": null, "hunger": 70.0627442063492, "held_item": ""}
[GdPAI | debug]   Snapshotting prop: entity = Nil (Variant type: NIL)
[GdPAI | debug]   Snapshotting prop: hunger = Float(70.0627442063492) (Variant type: FLOAT)
[GdPAI | debug]   Snapshotting prop: held_item = Str("") (Variant type: STRING)
WARNING: [GdPAI] ObjectRef(1382643928884): object was freed before callback; returning Nil.
   at: gdplanningai_rust::logger::process_logs (src\logger.rs:66)
   GDScript backtrace (most recent call first):
       [0] _process (res://addons/GdPlanningAI/gdpai_autoload.gd:21)
[GdPAI | debug] GetCost: callable returned non-numeric value: null; returning INFINITY
[32m    [Passed]:  [0mExpected [<SimObjectProxy#-9223366742552559632>] to be anything but NULL:  Should return a proxy
[31m    [Failed]:  [0mUnexpected Errors:
    [1] <engine-1>[GdPAI] ObjectRef(124621163998): object was freed before callback; returning Nil.
    [2] <engine-1>[GdPAI] ObjectRef(124621163998): object was freed before callback; returning Nil.
    [3] <engine-1>[GdPAI] ObjectRef(1382643928884): object was freed before callback; returning Nil.
      at line 136
* test_get_proxy_in_group_returns_null_when_not_found
WARNING: [GdPAI] ObjectRef(124621163998): object was freed before callback; returning Nil.
   at: gdplanningai_rust::logger::process_logs (src\logger.rs:66)
   GDScript backtrace (most recent call first):
       [0] _process (res://addons/GdPlanningAI/gdpai_autoload.gd:21)
[GdPAI | debug] GetCost: callable returned non-numeric value: null; returning INFINITY
WARNING: [GdPAI] ObjectRef(1382643928884): object was freed before callback; returning Nil.
   at: gdplanningai_rust::logger::process_logs (src\logger.rs:66)
   GDScript backtrace (most recent call first):
       [0] _process (res://addons/GdPlanningAI/gdpai_autoload.gd:21)
[GdPAI | debug] ApplyEffect [Before] ID=InstanceId(-9223366741730476056): agent props = {"at_target": null, "hunger": 95.0603725, "entity": null, "held_item": "wood"}
[GdPAI | debug] ApplyEffect [After] ID=InstanceId(-9223366741730476056): agent props = {"at_target": null, "hunger": 95.0603725, "entity": null, "held_item": "wood"}
[GdPAI | debug]   Snapshotting prop: at_target = Nil (Variant type: NIL)
[GdPAI | debug]   Snapshotting prop: hunger = Float(95.0603725) (Variant type: FLOAT)
[GdPAI | debug]   Snapshotting prop: entity = Nil (Variant type: NIL)
[GdPAI | debug]   Snapshotting prop: held_item = Str("wood") (Variant type: STRING)
[32m    [Passed]:  [0mExpected [<null>] to be NULL:  Should return null when group not found
[31m    [Failed]:  [0mUnexpected Errors:
    [1] <engine-1>[GdPAI] ObjectRef(124621163998): object was freed before callback; returning Nil.
    [2] <engine-1>[GdPAI] ObjectRef(1382643928884): object was freed before callback; returning Nil.
      at line 149
* test_get_object_for_returns_proxy
WARNING: [GdPAI] ObjectRef(124621163998): object was freed before callback; returning Nil.
   at: gdplanningai_rust::logger::process_logs (src\logger.rs:66)
   GDScript backtrace (most recent call first):
       [0] _process (res://addons/GdPlanningAI/gdpai_autoload.gd:21)
[GdPAI | debug] ApplyEffect [Before] ID=InstanceId(-9223366740841283624): agent props = {"held_item": "wood", "hunger": 70.0627442063492, "entity": null}
[GdPAI | debug] ApplyEffect [After] ID=InstanceId(-9223366740841283624): agent props = {"held_item": "wood", "hunger": 70.0627442063492, "entity": null}
[GdPAI | debug]   Snapshotting prop: held_item = Str("wood") (Variant type: STRING)
[GdPAI | debug]   Snapshotting prop: hunger = Float(70.0627442063492) (Variant type: FLOAT)
[GdPAI | debug]   Snapshotting prop: entity = Nil (Variant type: NIL)
WARNING: [GdPAI] ObjectRef(1382643928884): object was freed before callback; returning Nil.
   at: gdplanningai_rust::logger::process_logs (src\logger.rs:66)
   GDScript backtrace (most recent call first):
       [0] _process (res://addons/GdPlanningAI/gdpai_autoload.gd:21)
WARNING: [GdPAI] ObjectRef(1382643928884): object was freed before callback; returning Nil.
   at: gdplanningai_rust::logger::process_logs (src\logger.rs:66)
   GDScript backtrace (most recent call first):
       [0] _process (res://addons/GdPlanningAI/gdpai_autoload.gd:21)
[GdPAI | debug] GetCost: callable returned non-numeric value: null; returning INFINITY
[32m    [Passed]:  [0mExpected [<SimObjectProxy#-9223366739549437923>] to be anything but NULL:  Should return proxy for the node
[32m    [Passed]:  [0m[42] expected to equal [42]:  Proxy should have sim properties
[31m    [Failed]:  [0mUnexpected Errors:
    [1] <engine-1>[GdPAI] ObjectRef(124621163998): object was freed before callback; returning Nil.
    [2] <engine-1>[GdPAI] ObjectRef(1382643928884): object was freed before callback; returning Nil.
    [3] <engine-1>[GdPAI] ObjectRef(1382643928884): object was freed before callback; returning Nil.
      at line 165
WARNING: [GdPAI] ObjectRef(124621163998): object was freed before callback; returning Nil.
   at: gdplanningai_rust::logger::process_logs (src\logger.rs:66)
   GDScript backtrace (most recent call first):
       [0] _process (res://addons/GdPlanningAI/gdpai_autoload.gd:21)
[GdPAI | debug] GetCost: callable returned non-numeric value: null; returning INFINITY
WARNING: [GdPAI] ObjectRef(1382643928884): object was freed before callback; returning Nil.
   at: gdplanningai_rust::logger::process_logs (src\logger.rs:66)
   GDScript backtrace (most recent call first):
       [0] _process (res://addons/GdPlanningAI/gdpai_autoload.gd:21)
WARNING: [GdPAI] ObjectRef(1382643928884): object was freed before callback; returning Nil.
   at: gdplanningai_rust::logger::process_logs (src\logger.rs:66)
   GDScript backtrace (most recent call first):
       [0] _process (res://addons/GdPlanningAI/gdpai_autoload.gd:21)
[GdPAI | debug] ApplyEffect [Before] ID=InstanceId(-9223366738811240443): agent props = {"held_item": "", "hunger": 95.0603725, "entity": null}
[GdPAI | debug] ApplyEffect [After] ID=InstanceId(-9223366738811240443): agent props = {"held_item": "", "hunger": 95.0603725, "entity": null}
[GdPAI | debug]   Snapshotting prop: held_item = Str("") (Variant type: STRING)
[GdPAI | debug]   Snapshotting prop: hunger = Float(95.0603725) (Variant type: FLOAT)
[GdPAI | debug]   Snapshotting prop: entity = Nil (Variant type: NIL)
* test_clone_preserves_object_proxies
WARNING: [GdPAI] ObjectRef(124621163998): object was freed before callback; returning Nil.
   at: gdplanningai_rust::logger::process_logs (src\logger.rs:66)
   GDScript backtrace (most recent call first):
       [0] _process (res://addons/GdPlanningAI/gdpai_autoload.gd:21)
[GdPAI | debug] ApplyEffect [Before] ID=InstanceId(-9223366737972379657): agent props = {"hunger": 70.0627442063492, "held_item": "wood", "entity": null}
[GdPAI | debug] ApplyEffect [After] ID=InstanceId(-9223366737972379657): agent props = {"hunger": 70.0627442063492, "held_item": "wood", "entity": null}
[GdPAI | debug]   Snapshotting prop: hunger = Float(70.0627442063492) (Variant type: FLOAT)
[GdPAI | debug]   Snapshotting prop: held_item = Str("wood") (Variant type: STRING)
[GdPAI | debug]   Snapshotting prop: entity = Nil (Variant type: NIL)
WARNING: [GdPAI] ObjectRef(1382643928884): object was freed before callback; returning Nil.
   at: gdplanningai_rust::logger::process_logs (src\logger.rs:66)
   GDScript backtrace (most recent call first):
       [0] _process (res://addons/GdPlanningAI/gdpai_autoload.gd:21)
[GdPAI | debug] GetCost: callable returned non-numeric value: null; returning INFINITY
[32m    [Passed]:  [0m[1] expected to equal [1]:  Original should have 1 enemy
[32m    [Passed]:  [0m[1] expected to equal [1]:  Clone should have 1 enemy
[32m    [Passed]:  [0m[100] expected to equal [100]:  Original proxy should remain unchanged
[31m    [Failed]:  [0mUnexpected Errors:
    [1] <engine-1>[GdPAI] ObjectRef(124621163998): object was freed before callback; returning Nil.
    [2] <engine-1>[GdPAI] ObjectRef(1382643928884): object was freed before callback; returning Nil.
      at line 192
[1m7/12 passed.
[0m[4m

res://test/unit/test_sim_object_proxy.gd
[0m* test_proxy_property_operations
[32m    [Passed]:  [0m[100] expected to equal [100]:  Should retrieve set property
[32m    [Passed]:  [0mShould have property after setting
* test_proxy_property_types
[32m    [Passed]:  [0m[42] expected to equal [42]:  
[32m    [Passed]:  [0m[3.14] expected to equal [3.14]:  
[32m    [Passed]:  [0m["test"] expected to equal ["test"]:  
[32m    [Passed]:  [0m[true] expected to equal [true]:  
* test_proxy_missing_property
[32m    [Passed]:  [0m[<null>] expected to equal [<null>]:  Missing property returns null
[32m    [Passed]:  [0mMissing property has_property false
* test_proxy_property_overwrite
[32m    [Passed]:  [0m[20] expected to equal [20]:  Should overwrite existing property
[1m4/4 passed.
[0mWARNING: [GdPAI] ObjectRef(124621163998): object was freed before callback; returning Nil.
   at: gdplanningai_rust::logger::process_logs (src\logger.rs:66)
   GDScript backtrace (most recent call first):
       [0] _process (res://addons/GdPlanningAI/gdpai_autoload.gd:21)
WARNING: [GdPAI] ObjectRef(124134624705): object was freed before callback; returning Nil.
   at: gdplanningai_rust::logger::process_logs (src\logger.rs:66)
   GDScript backtrace (most recent call first):
       [0] _process (res://addons/GdPlanningAI/gdpai_autoload.gd:21)
WARNING: [GdPAI] ObjectRef(124134624705): object was freed before callback; returning Nil.
   at: gdplanningai_rust::logger::process_logs (src\logger.rs:66)
   GDScript backtrace (most recent call first):
       [0] _process (res://addons/GdPlanningAI/gdpai_autoload.gd:21)
[GdPAI | debug] GetCost: callable returned non-numeric value: null; returning INFINITY
WARNING: [GdPAI] ObjectRef(1382643928884): object was freed before callback; returning Nil.
   at: gdplanningai_rust::logger::process_logs (src\logger.rs:66)
   GDScript backtrace (most recent call first):
       [0] _process (res://addons/GdPlanningAI/gdpai_autoload.gd:21)
[GdPAI | debug] ApplyEffect [Before] ID=InstanceId(-9223366735187361748): agent props = {"entity": null, "held_item": "", "hunger": 95.0603725}
[GdPAI | debug] ApplyEffect [After] ID=InstanceId(-9223366735187361748): agent props = {"entity": null, "held_item": "", "hunger": 95.0603725}
[GdPAI | debug]   Snapshotting prop: entity = Nil (Variant type: NIL)
[GdPAI | debug]   Snapshotting prop: held_item = Str("") (Variant type: STRING)
[GdPAI | debug]   Snapshotting prop: hunger = Float(95.0603725) (Variant type: FLOAT)
WARNING: [GdPAI] ObjectRef(124621163998): object was freed before callback; returning Nil.
   at: gdplanningai_rust::logger::process_logs (src\logger.rs:66)
   GDScript backtrace (most recent call first):
       [0] _process (res://addons/GdPlanningAI/gdpai_autoload.gd:21)
WARNING: [GdPAI] ObjectRef(124134624705): object was freed before callback; returning Nil.
   at: gdplanningai_rust::logger::process_logs (src\logger.rs:66)
   GDScript backtrace (most recent call first):
       [0] _process (res://addons/GdPlanningAI/gdpai_autoload.gd:21)
WARNING: [GdPAI] ObjectRef(124134624705): object was freed before callback; returning Nil.
   at: gdplanningai_rust::logger::process_logs (src\logger.rs:66)
   GDScript backtrace (most recent call first):
       [0] _process (res://addons/GdPlanningAI/gdpai_autoload.gd:21)
[GdPAI | debug] ApplyEffect [Before] ID=InstanceId(-9223366734415609820): agent props = {"entity": null, "held_item": "wood", "hunger": 70.0627442063492, "at_target": null}
[GdPAI | debug] ApplyEffect [After] ID=InstanceId(-9223366734415609820): agent props = {"entity": null, "held_item": "wood", "hunger": 70.0627442063492, "at_target": null}
[GdPAI | debug]   Snapshotting prop: entity = Nil (Variant type: NIL)
[GdPAI | debug]   Snapshotting prop: held_item = Str("wood") (Variant type: STRING)
[GdPAI | debug]   Snapshotting prop: hunger = Float(70.0627442063492) (Variant type: FLOAT)
[GdPAI | debug]   Snapshotting prop: at_target = Nil (Variant type: NIL)
WARNING: [GdPAI] ObjectRef(1382643928884): object was freed before callback; returning Nil.
   at: gdplanningai_rust::logger::process_logs (src\logger.rs:66)
   GDScript backtrace (most recent call first):
       [0] _process (res://addons/GdPlanningAI/gdpai_autoload.gd:21)
[GdPAI | debug] GetCost: callable returned non-numeric value: null; returning INFINITY
WARNING: [GdPAI] ObjectRef(124621163998): object was freed before callback; returning Nil.
   at: gdplanningai_rust::logger::process_logs (src\logger.rs:66)
   GDScript backtrace (most recent call first):
       [0] _process (res://addons/GdPlanningAI/gdpai_autoload.gd:21)
WARNING: [GdPAI] ObjectRef(124134624705): object was freed before callback; returning Nil.
   at: gdplanningai_rust::logger::process_logs (src\logger.rs:66)
   GDScript backtrace (most recent call first):
       [0] _process (res://addons/GdPlanningAI/gdpai_autoload.gd:21)
WARNING: [GdPAI] ObjectRef(124134624705): object was freed before callback; returning Nil.
   at: gdplanningai_rust::logger::process_logs (src\logger.rs:66)
   GDScript backtrace (most recent call first):
       [0] _process (res://addons/GdPlanningAI/gdpai_autoload.gd:21)
[GdPAI | debug] GetCost: callable returned non-numeric value: null; returning INFINITY
WARNING: [GdPAI] ObjectRef(1382643928884): object was freed before callback; returning Nil.
   at: gdplanningai_rust::logger::process_logs (src\logger.rs:66)
   GDScript backtrace (most recent call first):
       [0] _process (res://addons/GdPlanningAI/gdpai_autoload.gd:21)
[GdPAI | debug] ApplyEffect [Before] ID=InstanceId(-9223366732503007148): agent props = {"entity": null, "hunger": 95.0603725, "held_item": ""}
[GdPAI | debug] ApplyEffect [After] ID=InstanceId(-9223366732503007148): agent props = {"entity": null, "hunger": 95.0603725, "held_item": ""}
[GdPAI | debug]   Snapshotting prop: entity = Nil (Variant type: NIL)
[GdPAI | debug]   Snapshotting prop: hunger = Float(95.0603725) (Variant type: FLOAT)
[GdPAI | debug]   Snapshotting prop: held_item = Str("") (Variant type: STRING)
WARNING: [GdPAI] ObjectRef(124621163998): object was freed before callback; returning Nil.
   at: gdplanningai_rust::logger::process_logs (src\logger.rs:66)
   GDScript backtrace (most recent call first):
       [0] _process (res://addons/GdPlanningAI/gdpai_autoload.gd:21)
WARNING: [GdPAI] ObjectRef(124134624705): object was freed before callback; returning Nil.
   at: gdplanningai_rust::logger::process_logs (src\logger.rs:66)
   GDScript backtrace (most recent call first):
       [0] _process (res://addons/GdPlanningAI/gdpai_autoload.gd:21)
WARNING: [GdPAI] ObjectRef(124134624705): object was freed before callback; returning Nil.
   at: gdplanningai_rust::logger::process_logs (src\logger.rs:66)
   GDScript backtrace (most recent call first):
       [0] _process (res://addons/GdPlanningAI/gdpai_autoload.gd:21)
[GdPAI | debug] ApplyEffect [Before] ID=InstanceId(-9223366731731255204): agent props = {"hunger": 70.0627442063492, "entity": null, "at_target": null, "held_item": "wood"}
[GdPAI | debug] ApplyEffect [After] ID=InstanceId(-9223366731731255204): agent props = {"hunger": 70.0627442063492, "entity": null, "at_target": null, "held_item": "wood"}
[GdPAI | debug]   Snapshotting prop: hunger = Float(70.0627442063492) (Variant type: FLOAT)
[GdPAI | debug]   Snapshotting prop: entity = Nil (Variant type: NIL)
[GdPAI | debug]   Snapshotting prop: at_target = Nil (Variant type: NIL)
[GdPAI | debug]   Snapshotting prop: held_item = Str("wood") (Variant type: STRING)
WARNING: [GdPAI] ObjectRef(1382643928884): object was freed before callback; returning Nil.
   at: gdplanningai_rust::logger::process_logs (src\logger.rs:66)
   GDScript backtrace (most recent call first):
       [0] _process (res://addons/GdPlanningAI/gdpai_autoload.gd:21)
[GdPAI | debug] GetCost: callable returned non-numeric value: null; returning INFINITY
WARNING: [GdPAI] ObjectRef(124621163998): object was freed before callback; returning Nil.
   at: gdplanningai_rust::logger::process_logs (src\logger.rs:66)
   GDScript backtrace (most recent call first):
       [0] _process (res://addons/GdPlanningAI/gdpai_autoload.gd:21)
[GdPAI | debug] GetCost: callable returned non-numeric value: null; returning INFINITY
WARNING: [GdPAI] ObjectRef(1382643928884): object was freed before callback; returning Nil.
   at: gdplanningai_rust::logger::process_logs (src\logger.rs:66)
   GDScript backtrace (most recent call first):
       [0] _process (res://addons/GdPlanningAI/gdpai_autoload.gd:21)
[GdPAI | debug] ApplyEffect [Before] ID=InstanceId(-9223366729818652621): agent props = {"held_item": "wood", "hunger": 95.0603725, "entity": null}
[GdPAI | debug] ApplyEffect [After] ID=InstanceId(-9223366729818652621): agent props = {"held_item": "wood", "hunger": 95.0603725, "entity": null}
[GdPAI | debug]   Snapshotting prop: held_item = Str("wood") (Variant type: STRING)
[GdPAI | debug]   Snapshotting prop: hunger = Float(95.0603725) (Variant type: FLOAT)
[GdPAI | debug]   Snapshotting prop: entity = Nil (Variant type: NIL)
[GdPAI | debug] Numeric comparison: 95.0603725 GreaterThan 0 -> true
WARNING: [GdPAI] ObjectRef(124621163998): object was freed before callback; returning Nil.
   at: gdplanningai_rust::logger::process_logs (src\logger.rs:66)
   GDScript backtrace (most recent call first):
       [0] _process (res://addons/GdPlanningAI/gdpai_autoload.gd:21)
[GdPAI | debug] ApplyEffect [Before] ID=InstanceId(-9223366729147563912): agent props = {"hunger": 70.0627442063492, "held_item": "wood", "entity": null, "at_target": null}
[GdPAI | debug] ApplyEffect [After] ID=InstanceId(-9223366729147563912): agent props = {"hunger": 70.0627442063492, "held_item": "wood", "entity": null, "at_target": null}
[GdPAI | debug]   Snapshotting prop: hunger = Float(70.0627442063492) (Variant type: FLOAT)
[GdPAI | debug]   Snapshotting prop: held_item = Str("wood") (Variant type: STRING)
[GdPAI | debug]   Snapshotting prop: entity = Nil (Variant type: NIL)
[GdPAI | debug]   Snapshotting prop: at_target = Nil (Variant type: NIL)
WARNING: [GdPAI] ObjectRef(1382643928884): object was freed before callback; returning Nil.
   at: gdplanningai_rust::logger::process_logs (src\logger.rs:66)
   GDScript backtrace (most recent call first):
       [0] _process (res://addons/GdPlanningAI/gdpai_autoload.gd:21)
WARNING: [GdPAI] ObjectRef(1382643928884): object was freed before callback; returning Nil.
   at: gdplanningai_rust::logger::process_logs (src\logger.rs:66)
   GDScript backtrace (most recent call first):
       [0] _process (res://addons/GdPlanningAI/gdpai_autoload.gd:21)
WARNING: [GdPAI] ObjectRef(1382157389614): object was freed before callback; returning Nil.
   at: gdplanningai_rust::logger::process_logs (src\logger.rs:66)
   GDScript backtrace (most recent call first):
       [0] _process (res://addons/GdPlanningAI/gdpai_autoload.gd:21)
WARNING: [GdPAI] ObjectRef(1383197576744): object was freed before callback; returning Nil.
   at: gdplanningai_rust::logger::process_logs (src\logger.rs:66)
   GDScript backtrace (most recent call first):
       [0] _process (res://addons/GdPlanningAI/gdpai_autoload.gd:21)
WARNING: [GdPAI] ObjectRef(1382157389614): object was freed before callback; returning Nil.
   at: gdplanningai_rust::logger::process_logs (src\logger.rs:66)
   GDScript backtrace (most recent call first):
       [0] _process (res://addons/GdPlanningAI/gdpai_autoload.gd:21)
WARNING: [GdPAI] ObjectRef(1383197576744): object was freed before callback; returning Nil.
   at: gdplanningai_rust::logger::process_logs (src\logger.rs:66)
   GDScript backtrace (most recent call first):
       [0] _process (res://addons/GdPlanningAI/gdpai_autoload.gd:21)
[GdPAI | debug] GetCost: callable returned non-numeric value: null; returning INFINITY
WARNING: [GdPAI] ObjectRef(124621163998): object was freed before callback; returning Nil.
   at: gdplanningai_rust::logger::process_logs (src\logger.rs:66)
   GDScript backtrace (most recent call first):
       [0] _process (res://addons/GdPlanningAI/gdpai_autoload.gd:21)
WARNING: [GdPAI] ObjectRef(124621163998): object was freed before callback; returning Nil.
   at: gdplanningai_rust::logger::process_logs (src\logger.rs:66)
   GDScript backtrace (most recent call first):
       [0] _process (res://addons/GdPlanningAI/gdpai_autoload.gd:21)
[GdPAI | debug] GetCost: callable returned non-numeric value: null; returning INFINITY
WARNING: [GdPAI] ObjectRef(1382643928884): object was freed before callback; returning Nil.
   at: gdplanningai_rust::logger::process_logs (src\logger.rs:66)
   GDScript backtrace (most recent call first):
       [0] _process (res://addons/GdPlanningAI/gdpai_autoload.gd:21)
WARNING: [GdPAI] ObjectRef(1382643928884): object was freed before callback; returning Nil.
   at: gdplanningai_rust::logger::process_logs (src\logger.rs:66)
   GDScript backtrace (most recent call first):
       [0] _process (res://addons/GdPlanningAI/gdpai_autoload.gd:21)
WARNING: [GdPAI] ObjectRef(1382157389614): object was freed before callback; returning Nil.
   at: gdplanningai_rust::logger::process_logs (src\logger.rs:66)
   GDScript backtrace (most recent call first):
       [0] _process (res://addons/GdPlanningAI/gdpai_autoload.gd:21)
WARNING: [GdPAI] ObjectRef(1383197576744): object was freed before callback; returning Nil.
   at: gdplanningai_rust::logger::process_logs (src\logger.rs:66)
   GDScript backtrace (most recent call first):
       [0] _process (res://addons/GdPlanningAI/gdpai_autoload.gd:21)
WARNING: [GdPAI] ObjectRef(1382157389614): object was freed before callback; returning Nil.
   at: gdplanningai_rust::logger::process_logs (src\logger.rs:66)
   GDScript backtrace (most recent call first):
       [0] _process (res://addons/GdPlanningAI/gdpai_autoload.gd:21)
WARNING: [GdPAI] ObjectRef(1383197576744): object was freed before callback; returning Nil.
   at: gdplanningai_rust::logger::process_logs (src\logger.rs:66)
   GDScript backtrace (most recent call first):
       [0] _process (res://addons/GdPlanningAI/gdpai_autoload.gd:21)
[GdPAI | debug] ApplyEffect [Before] ID=InstanceId(-9223366727083966390): agent props = {"held_item": "", "hunger": 95.0603725, "at_target": null, "entity": null}
[GdPAI | debug] ApplyEffect [After] ID=InstanceId(-9223366727083966390): agent props = {"held_item": "", "hunger": 95.0603725, "at_target": null, "entity": null}
[GdPAI | debug]   Snapshotting prop: held_item = Str("") (Variant type: STRING)
[GdPAI | debug]   Snapshotting prop: hunger = Float(95.0603725) (Variant type: FLOAT)
[GdPAI | debug]   Snapshotting prop: at_target = Nil (Variant type: NIL)
[GdPAI | debug]   Snapshotting prop: entity = Nil (Variant type: NIL)
WARNING: [GdPAI] ObjectRef(124621163998): object was freed before callback; returning Nil.
   at: gdplanningai_rust::logger::process_logs (src\logger.rs:66)
   GDScript backtrace (most recent call first):
       [0] _process (res://addons/GdPlanningAI/gdpai_autoload.gd:21)
WARNING: [GdPAI] ObjectRef(124621163998): object was freed before callback; returning Nil.
   at: gdplanningai_rust::logger::process_logs (src\logger.rs:66)
   GDScript backtrace (most recent call first):
       [0] _process (res://addons/GdPlanningAI/gdpai_autoload.gd:21)
[GdPAI | debug] ApplyEffect [Before] ID=InstanceId(-9223366726110887799): agent props = {"held_item": "", "entity": null, "hunger": 70.0627442063492}
[GdPAI | debug] ApplyEffect [After] ID=InstanceId(-9223366726110887799): agent props = {"held_item": "", "entity": null, "hunger": 70.0627442063492}
[GdPAI | debug]   Snapshotting prop: held_item = Str("") (Variant type: STRING)
[GdPAI | debug]   Snapshotting prop: entity = Nil (Variant type: NIL)
[GdPAI | debug]   Snapshotting prop: hunger = Float(70.0627442063492) (Variant type: FLOAT)
WARNING: [GdPAI] ObjectRef(1382643928884): object was freed before callback; returning Nil.
   at: gdplanningai_rust::logger::process_logs (src\logger.rs:66)
   GDScript backtrace (most recent call first):
       [0] _process (res://addons/GdPlanningAI/gdpai_autoload.gd:21)
WARNING: [GdPAI] ObjectRef(1383197576744): object was freed before callback; returning Nil.
   at: gdplanningai_rust::logger::process_logs (src\logger.rs:66)
   GDScript backtrace (most recent call first):
       [0] _process (res://addons/GdPlanningAI/gdpai_autoload.gd:21)
WARNING: [GdPAI] ObjectRef(1383197576744): object was freed before callback; returning Nil.
   at: gdplanningai_rust::logger::process_logs (src\logger.rs:66)
   GDScript backtrace (most recent call first):
       [0] _process (res://addons/GdPlanningAI/gdpai_autoload.gd:21)
[GdPAI | debug] GetCost: callable returned non-numeric value: null; returning INFINITY
WARNING: [GdPAI] ObjectRef(124621163998): object was freed before callback; returning Nil.
   at: gdplanningai_rust::logger::process_logs (src\logger.rs:66)
   GDScript backtrace (most recent call first):
       [0] _process (res://addons/GdPlanningAI/gdpai_autoload.gd:21)
[GdPAI | debug] GetCost: callable returned non-numeric value: null; returning INFINITY
WARNING: [GdPAI] ObjectRef(1382643928884): object was freed before callback; returning Nil.
   at: gdplanningai_rust::logger::process_logs (src\logger.rs:66)
   GDScript backtrace (most recent call first):
       [0] _process (res://addons/GdPlanningAI/gdpai_autoload.gd:21)
WARNING: [GdPAI] ObjectRef(1383197576744): object was freed before callback; returning Nil.
   at: gdplanningai_rust::logger::process_logs (src\logger.rs:66)
   GDScript backtrace (most recent call first):
       [0] _process (res://addons/GdPlanningAI/gdpai_autoload.gd:21)
WARNING: [GdPAI] ObjectRef(1383197576744): object was freed before callback; returning Nil.
   at: gdplanningai_rust::logger::process_logs (src\logger.rs:66)
   GDScript backtrace (most recent call first):
       [0] _process (res://addons/GdPlanningAI/gdpai_autoload.gd:21)
[GdPAI | debug] ApplyEffect [Before] ID=InstanceId(-9223366724147953495): agent props = {"hunger": 95.0603725, "at_target": null, "held_item": "", "entity": null}
[GdPAI | debug] ApplyEffect [After] ID=InstanceId(-9223366724147953495): agent props = {"hunger": 95.0603725, "at_target": null, "held_item": "", "entity": null}
[GdPAI | debug]   Snapshotting prop: hunger = Float(95.0603725) (Variant type: FLOAT)
[GdPAI | debug]   Snapshotting prop: at_target = Nil (Variant type: NIL)
[GdPAI | debug]   Snapshotting prop: held_item = Str("") (Variant type: STRING)
[GdPAI | debug]   Snapshotting prop: entity = Nil (Variant type: NIL)
WARNING: [GdPAI] ObjectRef(124621163998): object was freed before callback; returning Nil.
   at: gdplanningai_rust::logger::process_logs (src\logger.rs:66)
   GDScript backtrace (most recent call first):
       [0] _process (res://addons/GdPlanningAI/gdpai_autoload.gd:21)
[GdPAI | debug] ApplyEffect [Before] ID=InstanceId(-9223366723376201549): agent props = {"entity": null, "held_item": "wood", "hunger": 70.0627442063492}
[GdPAI | debug] ApplyEffect [After] ID=InstanceId(-9223366723376201549): agent props = {"entity": null, "held_item": "wood", "hunger": 70.0627442063492}
[GdPAI | debug]   Snapshotting prop: entity = Nil (Variant type: NIL)
[GdPAI | debug]   Snapshotting prop: held_item = Str("wood") (Variant type: STRING)
[GdPAI | debug]   Snapshotting prop: hunger = Float(70.0627442063492) (Variant type: FLOAT)
WARNING: [GdPAI] ObjectRef(1382643928884): object was freed before callback; returning Nil.
   at: gdplanningai_rust::logger::process_logs (src\logger.rs:66)
   GDScript backtrace (most recent call first):
       [0] _process (res://addons/GdPlanningAI/gdpai_autoload.gd:21)
WARNING: [GdPAI] ObjectRef(1382157389614): object was freed before callback; returning Nil.
   at: gdplanningai_rust::logger::process_logs (src\logger.rs:66)
   GDScript backtrace (most recent call first):
       [0] _process (res://addons/GdPlanningAI/gdpai_autoload.gd:21)
WARNING: [GdPAI] ObjectRef(1382157389614): object was freed before callback; returning Nil.
   at: gdplanningai_rust::logger::process_logs (src\logger.rs:66)
   GDScript backtrace (most recent call first):
       [0] _process (res://addons/GdPlanningAI/gdpai_autoload.gd:21)
[GdPAI | debug] GetCost: callable returned non-numeric value: null; returning INFINITY
WARNING: [GdPAI] ObjectRef(124621163998): object was freed before callback; returning Nil.
   at: gdplanningai_rust::logger::process_logs (src\logger.rs:66)
   GDScript backtrace (most recent call first):
       [0] _process (res://addons/GdPlanningAI/gdpai_autoload.gd:21)
[GdPAI | debug] GetCost: callable returned non-numeric value: null; returning INFINITY
WARNING: [GdPAI] ObjectRef(1382643928884): object was freed before callback; returning Nil.
   at: gdplanningai_rust::logger::process_logs (src\logger.rs:66)
   GDScript backtrace (most recent call first):
       [0] _process (res://addons/GdPlanningAI/gdpai_autoload.gd:21)
WARNING: [GdPAI] ObjectRef(1382157389614): object was freed before callback; returning Nil.
   at: gdplanningai_rust::logger::process_logs (src\logger.rs:66)
   GDScript backtrace (most recent call first):
       [0] _process (res://addons/GdPlanningAI/gdpai_autoload.gd:21)
WARNING: [GdPAI] ObjectRef(1382157389614): object was freed before callback; returning Nil.
   at: gdplanningai_rust::logger::process_logs (src\logger.rs:66)
   GDScript backtrace (most recent call first):
       [0] _process (res://addons/GdPlanningAI/gdpai_autoload.gd:21)
[GdPAI | debug] ApplyEffect [Before] ID=InstanceId(-9223366721463598902): agent props = {"at_target": null, "entity": null, "held_item": "", "hunger": 95.0603725}
[GdPAI | debug] ApplyEffect [After] ID=InstanceId(-9223366721463598902): agent props = {"at_target": null, "entity": null, "held_item": "", "hunger": 95.0603725}
[GdPAI | debug]   Snapshotting prop: at_target = Nil (Variant type: NIL)
[GdPAI | debug]   Snapshotting prop: entity = Nil (Variant type: NIL)
[GdPAI | debug]   Snapshotting prop: held_item = Str("") (Variant type: STRING)
[GdPAI | debug]   Snapshotting prop: hunger = Float(95.0603725) (Variant type: FLOAT)
WARNING: [GdPAI] ObjectRef(124621163998): object was freed before callback; returning Nil.
   at: gdplanningai_rust::logger::process_logs (src\logger.rs:66)
   GDScript backtrace (most recent call first):
       [0] _process (res://addons/GdPlanningAI/gdpai_autoload.gd:21)
[GdPAI | debug] ApplyEffect [Before] ID=InstanceId(-9223366720691846967): agent props = {"hunger": 70.0627442063492, "entity": null, "held_item": "wood"}
[GdPAI | debug] ApplyEffect [After] ID=InstanceId(-9223366720691846967): agent props = {"hunger": 70.0627442063492, "entity": null, "held_item": "wood"}
[GdPAI | debug]   Snapshotting prop: hunger = Float(70.0627442063492) (Variant type: FLOAT)
[GdPAI | debug]   Snapshotting prop: entity = Nil (Variant type: NIL)
[GdPAI | debug]   Snapshotting prop: held_item = Str("wood") (Variant type: STRING)
WARNING: [GdPAI] ObjectRef(1382643928884): object was freed before callback; returning Nil.
   at: gdplanningai_rust::logger::process_logs (src\logger.rs:66)
   GDScript backtrace (most recent call first):
       [0] _process (res://addons/GdPlanningAI/gdpai_autoload.gd:21)
[GdPAI | debug] GetCost: callable returned non-numeric value: null; returning INFINITY
WARNING: [GdPAI] ObjectRef(124621163998): object was freed before callback; returning Nil.
   at: gdplanningai_rust::logger::process_logs (src\logger.rs:66)
   GDScript backtrace (most recent call first):
       [0] _process (res://addons/GdPlanningAI/gdpai_autoload.gd:21)
WARNING: [GdPAI] ObjectRef(124134624705): object was freed before callback; returning Nil.
   at: gdplanningai_rust::logger::process_logs (src\logger.rs:66)
   GDScript backtrace (most recent call first):
       [0] _process (res://addons/GdPlanningAI/gdpai_autoload.gd:21)
WARNING: [GdPAI] ObjectRef(124134624705): object was freed before callback; returning Nil.
   at: gdplanningai_rust::logger::process_logs (src\logger.rs:66)
   GDScript backtrace (most recent call first):
       [0] _process (res://addons/GdPlanningAI/gdpai_autoload.gd:21)
[GdPAI | debug] GetCost: callable returned non-numeric value: null; returning INFINITY
WARNING: [GdPAI] ObjectRef(1382643928884): object was freed before callback; returning Nil.
   at: gdplanningai_rust::logger::process_logs (src\logger.rs:66)
   GDScript backtrace (most recent call first):
       [0] _process (res://addons/GdPlanningAI/gdpai_autoload.gd:21)
[GdPAI | debug] ApplyEffect [Before] ID=InstanceId(-9223366718879907648): agent props = {"hunger": 95.0603725, "at_target": null, "entity": null, "held_item": "wood"}
[GdPAI | debug] ApplyEffect [After] ID=InstanceId(-9223366718879907648): agent props = {"hunger": 95.0603725, "at_target": null, "entity": null, "held_item": "wood"}
[GdPAI | debug]   Snapshotting prop: hunger = Float(95.0603725) (Variant type: FLOAT)
[GdPAI | debug]   Snapshotting prop: at_target = Nil (Variant type: NIL)
[GdPAI | debug]   Snapshotting prop: entity = Nil (Variant type: NIL)
[GdPAI | debug]   Snapshotting prop: held_item = Str("wood") (Variant type: STRING)
WARNING: [GdPAI] ObjectRef(124621163998): object was freed before callback; returning Nil.
   at: gdplanningai_rust::logger::process_logs (src\logger.rs:66)
   GDScript backtrace (most recent call first):
       [0] _process (res://addons/GdPlanningAI/gdpai_autoload.gd:21)
WARNING: [GdPAI] ObjectRef(124134624705): object was freed before callback; returning Nil.
   at: gdplanningai_rust::logger::process_logs (src\logger.rs:66)
   GDScript backtrace (most recent call first):
       [0] _process (res://addons/GdPlanningAI/gdpai_autoload.gd:21)
WARNING: [GdPAI] ObjectRef(124134624705): object was freed before callback; returning Nil.
   at: gdplanningai_rust::logger::process_logs (src\logger.rs:66)
   GDScript backtrace (most recent call first):
       [0] _process (res://addons/GdPlanningAI/gdpai_autoload.gd:21)
[GdPAI | debug] ApplyEffect [Before] ID=InstanceId(-9223366718108155680): agent props = {"entity": null, "at_target": null, "held_item": "wood", "hunger": 70.0627442063492}
[GdPAI | debug] ApplyEffect [After] ID=InstanceId(-9223366718108155680): agent props = {"entity": null, "at_target": null, "held_item": "wood", "hunger": 70.0627442063492}
[GdPAI | debug]   Snapshotting prop: entity = Nil (Variant type: NIL)
[GdPAI | debug]   Snapshotting prop: at_target = Nil (Variant type: NIL)
[GdPAI | debug]   Snapshotting prop: held_item = Str("wood") (Variant type: STRING)
[GdPAI | debug]   Snapshotting prop: hunger = Float(70.0627442063492) (Variant type: FLOAT)
WARNING: [GdPAI] ObjectRef(1382643928884): object was freed before callback; returning Nil.
   at: gdplanningai_rust::logger::process_logs (src\logger.rs:66)
   GDScript backtrace (most recent call first):
       [0] _process (res://addons/GdPlanningAI/gdpai_autoload.gd:21)
WARNING: [GdPAI] ObjectRef(1382643928884): object was freed before callback; returning Nil.
   at: gdplanningai_rust::logger::process_logs (src\logger.rs:66)
   GDScript backtrace (most recent call first):
       [0] _process (res://addons/GdPlanningAI/gdpai_autoload.gd:21)
[GdPAI | debug] GetCost: callable returned non-numeric value: null; returning INFINITY
WARNING: [GdPAI] ObjectRef(124621163998): object was freed before callback; returning Nil.
   at: gdplanningai_rust::logger::process_logs (src\logger.rs:66)
   GDScript backtrace (most recent call first):
       [0] _process (res://addons/GdPlanningAI/gdpai_autoload.gd:21)
WARNING: [GdPAI] ObjectRef(124134624705): object was freed before callback; returning Nil.
   at: gdplanningai_rust::logger::process_logs (src\logger.rs:66)
   GDScript backtrace (most recent call first):
       [0] _process (res://addons/GdPlanningAI/gdpai_autoload.gd:21)
WARNING: [GdPAI] ObjectRef(124134624705): object was freed before callback; returning Nil.
   at: gdplanningai_rust::logger::process_logs (src\logger.rs:66)
   GDScript backtrace (most recent call first):
       [0] _process (res://addons/GdPlanningAI/gdpai_autoload.gd:21)
[GdPAI | debug] GetCost: callable returned non-numeric value: null; returning INFINITY
WARNING: [GdPAI] ObjectRef(1382643928884): object was freed before callback; returning Nil.
   at: gdplanningai_rust::logger::process_logs (src\logger.rs:66)
   GDScript backtrace (most recent call first):
       [0] _process (res://addons/GdPlanningAI/gdpai_autoload.gd:21)
WARNING: [GdPAI] ObjectRef(1382643928884): object was freed before callback; returning Nil.
   at: gdplanningai_rust::logger::process_logs (src\logger.rs:66)
   GDScript backtrace (most recent call first):
       [0] _process (res://addons/GdPlanningAI/gdpai_autoload.gd:21)
[GdPAI | debug] ApplyEffect [Before] ID=InstanceId(-9223366716145221443): agent props = {"held_item": "", "entity": null, "hunger": 95.0603725}
[GdPAI | debug] ApplyEffect [After] ID=InstanceId(-9223366716145221443): agent props = {"held_item": "", "entity": null, "hunger": 95.0603725}
[GdPAI | debug]   Snapshotting prop: held_item = Str("") (Variant type: STRING)
[GdPAI | debug]   Snapshotting prop: entity = Nil (Variant type: NIL)
[GdPAI | debug]   Snapshotting prop: hunger = Float(95.0603725) (Variant type: FLOAT)
WARNING: [GdPAI] ObjectRef(124621163998): object was freed before callback; returning Nil.
   at: gdplanningai_rust::logger::process_logs (src\logger.rs:66)
   GDScript backtrace (most recent call first):
       [0] _process (res://addons/GdPlanningAI/gdpai_autoload.gd:21)
WARNING: [GdPAI] ObjectRef(124134624705): object was freed before callback; returning Nil.
   at: gdplanningai_rust::logger::process_logs (src\logger.rs:66)
   GDScript backtrace (most recent call first):
       [0] _process (res://addons/GdPlanningAI/gdpai_autoload.gd:21)
WARNING: [GdPAI] ObjectRef(124134624705): object was freed before callback; returning Nil.
   at: gdplanningai_rust::logger::process_logs (src\logger.rs:66)
   GDScript backtrace (most recent call first):
       [0] _process (res://addons/GdPlanningAI/gdpai_autoload.gd:21)
[GdPAI | debug] ApplyEffect [Before] ID=InstanceId(-9223366715323137786): agent props = {"entity": null, "hunger": 70.0627442063492, "at_target": null, "held_item": "wood"}
[GdPAI | debug] ApplyEffect [After] ID=InstanceId(-9223366715323137786): agent props = {"entity": null, "hunger": 70.0627442063492, "at_target": null, "held_item": "wood"}
[GdPAI | debug]   Snapshotting prop: entity = Nil (Variant type: NIL)
[GdPAI | debug]   Snapshotting prop: hunger = Float(70.0627442063492) (Variant type: FLOAT)
[GdPAI | debug]   Snapshotting prop: at_target = Nil (Variant type: NIL)
[GdPAI | debug]   Snapshotting prop: held_item = Str("wood") (Variant type: STRING)
WARNING: [GdPAI] ObjectRef(1382643928884): object was freed before callback; returning Nil.
   at: gdplanningai_rust::logger::process_logs (src\logger.rs:66)
   GDScript backtrace (most recent call first):
       [0] _process (res://addons/GdPlanningAI/gdpai_autoload.gd:21)
[GdPAI | debug] GetCost: callable returned non-numeric value: null; returning INFINITY
WARNING: [GdPAI] ObjectRef(124621163998): object was freed before callback; returning Nil.
   at: gdplanningai_rust::logger::process_logs (src\logger.rs:66)
   GDScript backtrace (most recent call first):
       [0] _process (res://addons/GdPlanningAI/gdpai_autoload.gd:21)
[GdPAI | debug] GetCost: callable returned non-numeric value: null; returning INFINITY
WARNING: [GdPAI] ObjectRef(1382643928884): object was freed before callback; returning Nil.
   at: gdplanningai_rust::logger::process_logs (src\logger.rs:66)
   GDScript backtrace (most recent call first):
       [0] _process (res://addons/GdPlanningAI/gdpai_autoload.gd:21)
[GdPAI | debug] ApplyEffect [Before] ID=InstanceId(-9223366713410535181): agent props = {"held_item": "", "entity": null, "hunger": 95.0603725}
[GdPAI | debug] ApplyEffect [After] ID=InstanceId(-9223366713410535181): agent props = {"held_item": "", "entity": null, "hunger": 95.0603725}
[GdPAI | debug]   Snapshotting prop: held_item = Str("") (Variant type: STRING)
[GdPAI | debug]   Snapshotting prop: entity = Nil (Variant type: NIL)
[GdPAI | debug]   Snapshotting prop: hunger = Float(95.0603725) (Variant type: FLOAT)
WARNING: [GdPAI] ObjectRef(124621163998): object was freed before callback; returning Nil.
   at: gdplanningai_rust::logger::process_logs (src\logger.rs:66)
   GDScript backtrace (most recent call first):
       [0] _process (res://addons/GdPlanningAI/gdpai_autoload.gd:21)
[GdPAI | debug] ApplyEffect [Before] ID=InstanceId(-9223366712739446495): agent props = {"entity": null, "held_item": "wood", "hunger": 70.0627442063492, "at_target": null}
[GdPAI | debug] ApplyEffect [After] ID=InstanceId(-9223366712739446495): agent props = {"entity": null, "held_item": "wood", "hunger": 70.0627442063492, "at_target": null}
[GdPAI | debug]   Snapshotting prop: entity = Nil (Variant type: NIL)
[GdPAI | debug]   Snapshotting prop: held_item = Str("wood") (Variant type: STRING)
[GdPAI | debug]   Snapshotting prop: hunger = Float(70.0627442063492) (Variant type: FLOAT)
[GdPAI | debug]   Snapshotting prop: at_target = Nil (Variant type: NIL)
WARNING: [GdPAI] ObjectRef(1382643928884): object was freed before callback; returning Nil.
   at: gdplanningai_rust::logger::process_logs (src\logger.rs:66)
   GDScript backtrace (most recent call first):
       [0] _process (res://addons/GdPlanningAI/gdpai_autoload.gd:21)
[GdPAI | debug] GetCost: callable returned non-numeric value: null; returning INFINITY
WARNING: [GdPAI] ObjectRef(124621163998): object was freed before callback; returning Nil.
   at: gdplanningai_rust::logger::process_logs (src\logger.rs:66)
   GDScript backtrace (most recent call first):
       [0] _process (res://addons/GdPlanningAI/gdpai_autoload.gd:21)
WARNING: [GdPAI] ObjectRef(124621163998): object was freed before callback; returning Nil.
   at: gdplanningai_rust::logger::process_logs (src\logger.rs:66)
   GDScript backtrace (most recent call first):
       [0] _process (res://addons/GdPlanningAI/gdpai_autoload.gd:21)
[GdPAI | debug] GetCost: callable returned non-numeric value: null; returning INFINITY
WARNING: [GdPAI] ObjectRef(1382643928884): object was freed before callback; returning Nil.
   at: gdplanningai_rust::logger::process_logs (src\logger.rs:66)
   GDScript backtrace (most recent call first):
       [0] _process (res://addons/GdPlanningAI/gdpai_autoload.gd:21)
[GdPAI | debug] ApplyEffect [Before] ID=InstanceId(-9223366710927507214): agent props = {"held_item": "", "hunger": 95.0603725, "entity": null}
[GdPAI | debug] ApplyEffect [After] ID=InstanceId(-9223366710927507214): agent props = {"held_item": "", "hunger": 95.0603725, "entity": null}
[GdPAI | debug]   Snapshotting prop: held_item = Str("") (Variant type: STRING)
[GdPAI | debug]   Snapshotting prop: hunger = Float(95.0603725) (Variant type: FLOAT)
[GdPAI | debug]   Snapshotting prop: entity = Nil (Variant type: NIL)
WARNING: [GdPAI] ObjectRef(124621163998): object was freed before callback; returning Nil.
   at: gdplanningai_rust::logger::process_logs (src\logger.rs:66)
   GDScript backtrace (most recent call first):
       [0] _process (res://addons/GdPlanningAI/gdpai_autoload.gd:21)
WARNING: [GdPAI] ObjectRef(124621163998): object was freed before callback; returning Nil.
   at: gdplanningai_rust::logger::process_logs (src\logger.rs:66)
   GDScript backtrace (most recent call first):
       [0] _process (res://addons/GdPlanningAI/gdpai_autoload.gd:21)
[GdPAI | debug] ApplyEffect [Before] ID=InstanceId(-9223366710206086876): agent props = {"entity": null, "held_item": "", "hunger": 70.0627442063492}
[GdPAI | debug] ApplyEffect [After] ID=InstanceId(-9223366710206086876): agent props = {"entity": null, "held_item": "", "hunger": 70.0627442063492}
[GdPAI | debug]   Snapshotting prop: entity = Nil (Variant type: NIL)
[GdPAI | debug]   Snapshotting prop: held_item = Str("") (Variant type: STRING)
[GdPAI | debug]   Snapshotting prop: hunger = Float(70.0627442063492) (Variant type: FLOAT)
WARNING: [GdPAI] ObjectRef(1382643928884): object was freed before callback; returning Nil.
   at: gdplanningai_rust::logger::process_logs (src\logger.rs:66)
   GDScript backtrace (most recent call first):
       [0] _process (res://addons/GdPlanningAI/gdpai_autoload.gd:21)
[GdPAI | debug] GetCost: callable returned non-numeric value: null; returning INFINITY
WARNING: [GdPAI] ObjectRef(124621163998): object was freed before callback; returning Nil.
   at: gdplanningai_rust::logger::process_logs (src\logger.rs:66)
   GDScript backtrace (most recent call first):
       [0] _process (res://addons/GdPlanningAI/gdpai_autoload.gd:21)
[GdPAI | debug] GetCost: callable returned non-numeric value: null; returning INFINITY
WARNING: [GdPAI] ObjectRef(1382643928884): object was freed before callback; returning Nil.
   at: gdplanningai_rust::logger::process_logs (src\logger.rs:66)
   GDScript backtrace (most recent call first):
       [0] _process (res://addons/GdPlanningAI/gdpai_autoload.gd:21)
[GdPAI | debug] ApplyEffect [Before] ID=InstanceId(-9223366708343815937): agent props = {"held_item": "wood", "entity": null, "hunger": 95.0603725}
[GdPAI | debug] ApplyEffect [After] ID=InstanceId(-9223366708343815937): agent props = {"held_item": "wood", "entity": null, "hunger": 95.0603725}
[GdPAI | debug]   Snapshotting prop: held_item = Str("wood") (Variant type: STRING)
[GdPAI | debug]   Snapshotting prop: entity = Nil (Variant type: NIL)
[GdPAI | debug]   Snapshotting prop: hunger = Float(95.0603725) (Variant type: FLOAT)
WARNING: [GdPAI] ObjectRef(124621163998): object was freed before callback; returning Nil.
   at: gdplanningai_rust::logger::process_logs (src\logger.rs:66)
   GDScript backtrace (most recent call first):
       [0] _process (res://addons/GdPlanningAI/gdpai_autoload.gd:21)
[GdPAI | debug] ApplyEffect [Before] ID=InstanceId(-9223366707672727236): agent props = {"entity": null, "held_item": "wood", "hunger": 70.0627442063492}
[GdPAI | debug] ApplyEffect [After] ID=InstanceId(-9223366707672727236): agent props = {"entity": null, "held_item": "wood", "hunger": 70.0627442063492}
[GdPAI | debug]   Snapshotting prop: entity = Nil (Variant type: NIL)
[GdPAI | debug]   Snapshotting prop: held_item = Str("wood") (Variant type: STRING)
[GdPAI | debug]   Snapshotting prop: hunger = Float(70.0627442063492) (Variant type: FLOAT)
WARNING: [GdPAI] ObjectRef(1382643928884): object was freed before callback; returning Nil.
   at: gdplanningai_rust::logger::process_logs (src\logger.rs:66)
   GDScript backtrace (most recent call first):
       [0] _process (res://addons/GdPlanningAI/gdpai_autoload.gd:21)
WARNING: [GdPAI] ObjectRef(1382643928884): object was freed before callback; returning Nil.
   at: gdplanningai_rust::logger::process_logs (src\logger.rs:66)
   GDScript backtrace (most recent call first):
       [0] _process (res://addons/GdPlanningAI/gdpai_autoload.gd:21)
[GdPAI | debug] GetCost: callable returned non-numeric value: null; returning INFINITY
WARNING: [GdPAI] ObjectRef(124621163998): object was freed before callback; returning Nil.
   at: gdplanningai_rust::logger::process_logs (src\logger.rs:66)
   GDScript backtrace (most recent call first):
       [0] _process (res://addons/GdPlanningAI/gdpai_autoload.gd:21)
[GdPAI | debug] GetCost: callable returned non-numeric value: null; returning INFINITY
WARNING: [GdPAI] ObjectRef(1382643928884): object was freed before callback; returning Nil.
   at: gdplanningai_rust::logger::process_logs (src\logger.rs:66)
   GDScript backtrace (most recent call first):
       [0] _process (res://addons/GdPlanningAI/gdpai_autoload.gd:21)
WARNING: [GdPAI] ObjectRef(1382643928884): object was freed before callback; returning Nil.
   at: gdplanningai_rust::logger::process_logs (src\logger.rs:66)
   GDScript backtrace (most recent call first):
       [0] _process (res://addons/GdPlanningAI/gdpai_autoload.gd:21)
[GdPAI | debug] ApplyEffect [Before] ID=InstanceId(-9223366705810456279): agent props = {"hunger": 95.0603725, "held_item": "", "entity": null}
[GdPAI | debug] ApplyEffect [After] ID=InstanceId(-9223366705810456279): agent props = {"hunger": 95.0603725, "held_item": "", "entity": null}
[GdPAI | debug]   Snapshotting prop: hunger = Float(95.0603725) (Variant type: FLOAT)
[GdPAI | debug]   Snapshotting prop: held_item = Str("") (Variant type: STRING)
[GdPAI | debug]   Snapshotting prop: entity = Nil (Variant type: NIL)
WARNING: [GdPAI] ObjectRef(124621163998): object was freed before callback; returning Nil.
   at: gdplanningai_rust::logger::process_logs (src\logger.rs:66)
   GDScript backtrace (most recent call first):
       [0] _process (res://addons/GdPlanningAI/gdpai_autoload.gd:21)
[GdPAI | debug] ApplyEffect [Before] ID=InstanceId(-9223366705089035951): agent props = {"held_item": "wood", "hunger": 70.0627442063492, "entity": null}
[GdPAI | debug] ApplyEffect [After] ID=InstanceId(-9223366705089035951): agent props = {"held_item": "wood", "hunger": 70.0627442063492, "entity": null}
[GdPAI | debug]   Snapshotting prop: held_item = Str("wood") (Variant type: STRING)
[GdPAI | debug]   Snapshotting prop: hunger = Float(70.0627442063492) (Variant type: FLOAT)
[GdPAI | debug]   Snapshotting prop: entity = Nil (Variant type: NIL)
WARNING: [GdPAI] ObjectRef(1382643928884): object was freed before callback; returning Nil.
   at: gdplanningai_rust::logger::process_logs (src\logger.rs:66)
   GDScript backtrace (most recent call first):
       [0] _process (res://addons/GdPlanningAI/gdpai_autoload.gd:21)
[GdPAI | debug] GetCost: callable returned non-numeric value: null; returning INFINITY
WARNING: [GdPAI] ObjectRef(124621163998): object was freed before callback; returning Nil.
   at: gdplanningai_rust::logger::process_logs (src\logger.rs:66)
   GDScript backtrace (most recent call first):
       [0] _process (res://addons/GdPlanningAI/gdpai_autoload.gd:21)
WARNING: [GdPAI] ObjectRef(124134624705): object was freed before callback; returning Nil.
   at: gdplanningai_rust::logger::process_logs (src\logger.rs:66)
   GDScript backtrace (most recent call first):
       [0] _process (res://addons/GdPlanningAI/gdpai_autoload.gd:21)
WARNING: [GdPAI] ObjectRef(124134624705): object was freed before callback; returning Nil.
   at: gdplanningai_rust::logger::process_logs (src\logger.rs:66)
   GDScript backtrace (most recent call first):
       [0] _process (res://addons/GdPlanningAI/gdpai_autoload.gd:21)
[GdPAI | debug] GetCost: callable returned non-numeric value: null; returning INFINITY
WARNING: [GdPAI] ObjectRef(1382643928884): object was freed before callback; returning Nil.
   at: gdplanningai_rust::logger::process_logs (src\logger.rs:66)
   GDScript backtrace (most recent call first):
       [0] _process (res://addons/GdPlanningAI/gdpai_autoload.gd:21)
[GdPAI | debug] ApplyEffect [Before] ID=InstanceId(-9223366703277096621): agent props = {"held_item": "", "hunger": 95.0603725, "entity": null}
[GdPAI | debug] ApplyEffect [After] ID=InstanceId(-9223366703277096621): agent props = {"held_item": "", "hunger": 95.0603725, "entity": null}
[GdPAI | debug]   Snapshotting prop: held_item = Str("") (Variant type: STRING)
[GdPAI | debug]   Snapshotting prop: hunger = Float(95.0603725) (Variant type: FLOAT)
[GdPAI | debug]   Snapshotting prop: entity = Nil (Variant type: NIL)
WARNING: [GdPAI] ObjectRef(124621163998): object was freed before callback; returning Nil.
   at: gdplanningai_rust::logger::process_logs (src\logger.rs:66)
   GDScript backtrace (most recent call first):
       [0] _process (res://addons/GdPlanningAI/gdpai_autoload.gd:21)
WARNING: [GdPAI] ObjectRef(124134624705): object was freed before callback; returning Nil.
   at: gdplanningai_rust::logger::process_logs (src\logger.rs:66)
   GDScript backtrace (most recent call first):
       [0] _process (res://addons/GdPlanningAI/gdpai_autoload.gd:21)
WARNING: [GdPAI] ObjectRef(124134624705): object was freed before callback; returning Nil.
   at: gdplanningai_rust::logger::process_logs (src\logger.rs:66)
   GDScript backtrace (most recent call first):
       [0] _process (res://addons/GdPlanningAI/gdpai_autoload.gd:21)
[GdPAI | debug] ApplyEffect [Before] ID=InstanceId(-9223366702505344673): agent props = {"at_target": null, "hunger": 70.0627442063492, "held_item": "wood", "entity": null}
[GdPAI | debug] ApplyEffect [After] ID=InstanceId(-9223366702505344673): agent props = {"at_target": null, "hunger": 70.0627442063492, "held_item": "wood", "entity": null}
[GdPAI | debug]   Snapshotting prop: at_target = Nil (Variant type: NIL)
[GdPAI | debug]   Snapshotting prop: hunger = Float(70.0627442063492) (Variant type: FLOAT)
[GdPAI | debug]   Snapshotting prop: held_item = Str("wood") (Variant type: STRING)
[GdPAI | debug]   Snapshotting prop: entity = Nil (Variant type: NIL)
WARNING: [GdPAI] ObjectRef(1382643928884): object was freed before callback; returning Nil.
   at: gdplanningai_rust::logger::process_logs (src\logger.rs:66)
   GDScript backtrace (most recent call first):
       [0] _process (res://addons/GdPlanningAI/gdpai_autoload.gd:21)
[GdPAI | debug] GetCost: callable returned non-numeric value: null; returning INFINITY
WARNING: [GdPAI] ObjectRef(124621163998): object was freed before callback; returning Nil.
   at: gdplanningai_rust::logger::process_logs (src\logger.rs:66)
   GDScript backtrace (most recent call first):
       [0] _process (res://addons/GdPlanningAI/gdpai_autoload.gd:21)
WARNING: [GdPAI] ObjectRef(124134624705): object was freed before callback; returning Nil.
   at: gdplanningai_rust::logger::process_logs (src\logger.rs:66)
   GDScript backtrace (most recent call first):
       [0] _process (res://addons/GdPlanningAI/gdpai_autoload.gd:21)
WARNING: [GdPAI] ObjectRef(124134624705): object was freed before callback; returning Nil.
   at: gdplanningai_rust::logger::process_logs (src\logger.rs:66)
   GDScript backtrace (most recent call first):
       [0] _process (res://addons/GdPlanningAI/gdpai_autoload.gd:21)
[GdPAI | debug] GetCost: callable returned non-numeric value: null; returning INFINITY
WARNING: [GdPAI] ObjectRef(1382643928884): object was freed before callback; returning Nil.
   at: gdplanningai_rust::logger::process_logs (src\logger.rs:66)
   GDScript backtrace (most recent call first):
       [0] _process (res://addons/GdPlanningAI/gdpai_autoload.gd:21)
[GdPAI | debug] ApplyEffect [Before] ID=InstanceId(-9223366700592742042): agent props = {"entity": null, "hunger": 95.0603725, "held_item": ""}
[GdPAI | debug] ApplyEffect [After] ID=InstanceId(-9223366700592742042): agent props = {"entity": null, "hunger": 95.0603725, "held_item": ""}
[GdPAI | debug]   Snapshotting prop: entity = Nil (Variant type: NIL)
[GdPAI | debug]   Snapshotting prop: hunger = Float(95.0603725) (Variant type: FLOAT)
[GdPAI | debug]   Snapshotting prop: held_item = Str("") (Variant type: STRING)
WARNING: [GdPAI] ObjectRef(124621163998): object was freed before callback; returning Nil.
   at: gdplanningai_rust::logger::process_logs (src\logger.rs:66)
   GDScript backtrace (most recent call first):
       [0] _process (res://addons/GdPlanningAI/gdpai_autoload.gd:21)
WARNING: [GdPAI] ObjectRef(124134624705): object was freed before callback; returning Nil.
   at: gdplanningai_rust::logger::process_logs (src\logger.rs:66)
   GDScript backtrace (most recent call first):
       [0] _process (res://addons/GdPlanningAI/gdpai_autoload.gd:21)
WARNING: [GdPAI] ObjectRef(124134624705): object was freed before callback; returning Nil.
   at: gdplanningai_rust::logger::process_logs (src\logger.rs:66)
   GDScript backtrace (most recent call first):
       [0] _process (res://addons/GdPlanningAI/gdpai_autoload.gd:21)
[GdPAI | debug] ApplyEffect [Before] ID=InstanceId(-9223366699820990094): agent props = {"held_item": "wood", "at_target": null, "entity": null, "hunger": 70.0627442063492}
[GdPAI | debug] ApplyEffect [After] ID=InstanceId(-9223366699820990094): agent props = {"held_item": "wood", "at_target": null, "entity": null, "hunger": 70.0627442063492}
[GdPAI | debug]   Snapshotting prop: held_item = Str("wood") (Variant type: STRING)
[GdPAI | debug]   Snapshotting prop: at_target = Nil (Variant type: NIL)
[GdPAI | debug]   Snapshotting prop: entity = Nil (Variant type: NIL)
[GdPAI | debug]   Snapshotting prop: hunger = Float(70.0627442063492) (Variant type: FLOAT)
WARNING: [GdPAI] ObjectRef(1382643928884): object was freed before callback; returning Nil.
   at: gdplanningai_rust::logger::process_logs (src\logger.rs:66)
   GDScript backtrace (most recent call first):
       [0] _process (res://addons/GdPlanningAI/gdpai_autoload.gd:21)
[GdPAI | debug] GetCost: callable returned non-numeric value: null; returning INFINITY
WARNING: [GdPAI] ObjectRef(124621163998): object was freed before callback; returning Nil.
   at: gdplanningai_rust::logger::process_logs (src\logger.rs:66)
   GDScript backtrace (most recent call first):
       [0] _process (res://addons/GdPlanningAI/gdpai_autoload.gd:21)
[GdPAI | debug] GetCost: callable returned non-numeric value: null; returning INFINITY
WARNING: [GdPAI] ObjectRef(1382643928884): object was freed before callback; returning Nil.
   at: gdplanningai_rust::logger::process_logs (src\logger.rs:66)
   GDScript backtrace (most recent call first):
       [0] _process (res://addons/GdPlanningAI/gdpai_autoload.gd:21)
[GdPAI | debug] ApplyEffect [Before] ID=InstanceId(-9223366697908387473): agent props = {"held_item": "wood", "entity": null, "hunger": 95.0603725}
[GdPAI | debug] ApplyEffect [After] ID=InstanceId(-9223366697908387473): agent props = {"held_item": "wood", "entity": null, "hunger": 95.0603725}
[GdPAI | debug]   Snapshotting prop: held_item = Str("wood") (Variant type: STRING)
[GdPAI | debug]   Snapshotting prop: entity = Nil (Variant type: NIL)
[GdPAI | debug]   Snapshotting prop: hunger = Float(95.0603725) (Variant type: FLOAT)
WARNING: [GdPAI] ObjectRef(124621163998): object was freed before callback; returning Nil.
   at: gdplanningai_rust::logger::process_logs (src\logger.rs:66)
   GDScript backtrace (most recent call first):
       [0] _process (res://addons/GdPlanningAI/gdpai_autoload.gd:21)
[GdPAI | debug] ApplyEffect [Before] ID=InstanceId(-9223366697237298800): agent props = {"hunger": 70.0627442063492, "entity": null, "held_item": "wood", "at_target": null}
[GdPAI | debug] ApplyEffect [After] ID=InstanceId(-9223366697237298800): agent props = {"hunger": 70.0627442063492, "entity": null, "held_item": "wood", "at_target": null}
[GdPAI | debug]   Snapshotting prop: hunger = Float(70.0627442063492) (Variant type: FLOAT)
[GdPAI | debug]   Snapshotting prop: entity = Nil (Variant type: NIL)
[GdPAI | debug]   Snapshotting prop: held_item = Str("wood") (Variant type: STRING)
[GdPAI | debug]   Snapshotting prop: at_target = Nil (Variant type: NIL)
WARNING: [GdPAI] ObjectRef(1382643928884): object was freed before callback; returning Nil.
   at: gdplanningai_rust::logger::process_logs (src\logger.rs:66)
   GDScript backtrace (most recent call first):
       [0] _process (res://addons/GdPlanningAI/gdpai_autoload.gd:21)
WARNING: [GdPAI] ObjectRef(1382643928884): object was freed before callback; returning Nil.
   at: gdplanningai_rust::logger::process_logs (src\logger.rs:66)
   GDScript backtrace (most recent call first):
       [0] _process (res://addons/GdPlanningAI/gdpai_autoload.gd:21)
[GdPAI | debug] GetCost: callable returned non-numeric value: null; returning INFINITY
WARNING: [GdPAI] ObjectRef(124621163998): object was freed before callback; returning Nil.
   at: gdplanningai_rust::logger::process_logs (src\logger.rs:66)
   GDScript backtrace (most recent call first):
       [0] _process (res://addons/GdPlanningAI/gdpai_autoload.gd:21)
WARNING: [GdPAI] ObjectRef(124621163998): object was freed before callback; returning Nil.
   at: gdplanningai_rust::logger::process_logs (src\logger.rs:66)
   GDScript backtrace (most recent call first):
       [0] _process (res://addons/GdPlanningAI/gdpai_autoload.gd:21)
[GdPAI | debug] GetCost: callable returned non-numeric value: null; returning INFINITY
WARNING: [GdPAI] ObjectRef(1382643928884): object was freed before callback; returning Nil.
   at: gdplanningai_rust::logger::process_logs (src\logger.rs:66)
   GDScript backtrace (most recent call first):
       [0] _process (res://addons/GdPlanningAI/gdpai_autoload.gd:21)
WARNING: [GdPAI] ObjectRef(1382643928884): object was freed before callback; returning Nil.
   at: gdplanningai_rust::logger::process_logs (src\logger.rs:66)
   GDScript backtrace (most recent call first):
       [0] _process (res://addons/GdPlanningAI/gdpai_autoload.gd:21)
[GdPAI | debug] ApplyEffect [Before] ID=InstanceId(-9223366695375027831): agent props = {"held_item": "", "hunger": 95.0603725, "entity": null}
[GdPAI | debug] ApplyEffect [After] ID=InstanceId(-9223366695375027831): agent props = {"held_item": "", "hunger": 95.0603725, "entity": null}
[GdPAI | debug]   Snapshotting prop: held_item = Str("") (Variant type: STRING)
[GdPAI | debug]   Snapshotting prop: hunger = Float(95.0603725) (Variant type: FLOAT)
[GdPAI | debug]   Snapshotting prop: entity = Nil (Variant type: NIL)
WARNING: [GdPAI] ObjectRef(124621163998): object was freed before callback; returning Nil.
   at: gdplanningai_rust::logger::process_logs (src\logger.rs:66)
   GDScript backtrace (most recent call first):
       [0] _process (res://addons/GdPlanningAI/gdpai_autoload.gd:21)
WARNING: [GdPAI] ObjectRef(124621163998): object was freed before callback; returning Nil.
   at: gdplanningai_rust::logger::process_logs (src\logger.rs:66)
   GDScript backtrace (most recent call first):
       [0] _process (res://addons/GdPlanningAI/gdpai_autoload.gd:21)
[GdPAI | debug] ApplyEffect [Before] ID=InstanceId(-9223366694603275899): agent props = {"hunger": 70.0627442063492, "held_item": "", "entity": null}
[GdPAI | debug] ApplyEffect [After] ID=InstanceId(-9223366694603275899): agent props = {"hunger": 70.0627442063492, "held_item": "", "entity": null}
[GdPAI | debug]   Snapshotting prop: hunger = Float(70.0627442063492) (Variant type: FLOAT)
[GdPAI | debug]   Snapshotting prop: held_item = Str("") (Variant type: STRING)
[GdPAI | debug]   Snapshotting prop: entity = Nil (Variant type: NIL)
WARNING: [GdPAI] ObjectRef(1382643928884): object was freed before callback; returning Nil.
   at: gdplanningai_rust::logger::process_logs (src\logger.rs:66)
   GDScript backtrace (most recent call first):
       [0] _process (res://addons/GdPlanningAI/gdpai_autoload.gd:21)
[GdPAI | debug] GetCost: callable returned non-numeric value: null; returning INFINITY
WARNING: [GdPAI] ObjectRef(124621163998): object was freed before callback; returning Nil.
   at: gdplanningai_rust::logger::process_logs (src\logger.rs:66)
   GDScript backtrace (most recent call first):
       [0] _process (res://addons/GdPlanningAI/gdpai_autoload.gd:21)
[GdPAI | debug] GetCost: callable returned non-numeric value: null; returning INFINITY
WARNING: [GdPAI] ObjectRef(1382643928884): object was freed before callback; returning Nil.
   at: gdplanningai_rust::logger::process_logs (src\logger.rs:66)
   GDScript backtrace (most recent call first):
       [0] _process (res://addons/GdPlanningAI/gdpai_autoload.gd:21)
[GdPAI | debug] ApplyEffect [Before] ID=InstanceId(-9223366692741004895): agent props = {"held_item": "", "entity": null, "hunger": 95.0603725}
[GdPAI | debug] ApplyEffect [After] ID=InstanceId(-9223366692741004895): agent props = {"held_item": "", "entity": null, "hunger": 95.0603725}
[GdPAI | debug]   Snapshotting prop: held_item = Str("") (Variant type: STRING)
[GdPAI | debug]   Snapshotting prop: entity = Nil (Variant type: NIL)
[GdPAI | debug]   Snapshotting prop: hunger = Float(95.0603725) (Variant type: FLOAT)
WARNING: [GdPAI] ObjectRef(124621163998): object was freed before callback; returning Nil.
   at: gdplanningai_rust::logger::process_logs (src\logger.rs:66)
   GDScript backtrace (most recent call first):
       [0] _process (res://addons/GdPlanningAI/gdpai_autoload.gd:21)
[GdPAI | debug] ApplyEffect [Before] ID=InstanceId(-9223366692069916238): agent props = {"entity": null, "hunger": 70.0627442063492, "held_item": "wood"}
[GdPAI | debug] ApplyEffect [After] ID=InstanceId(-9223366692069916238): agent props = {"entity": null, "hunger": 70.0627442063492, "held_item": "wood"}
[GdPAI | debug]   Snapshotting prop: entity = Nil (Variant type: NIL)
[GdPAI | debug]   Snapshotting prop: hunger = Float(70.0627442063492) (Variant type: FLOAT)
[GdPAI | debug]   Snapshotting prop: held_item = Str("wood") (Variant type: STRING)
WARNING: [GdPAI] ObjectRef(1382643928884): object was freed before callback; returning Nil.
   at: gdplanningai_rust::logger::process_logs (src\logger.rs:66)
   GDScript backtrace (most recent call first):
       [0] _process (res://addons/GdPlanningAI/gdpai_autoload.gd:21)
[GdPAI | debug] GetCost: callable returned non-numeric value: null; returning INFINITY
WARNING: [GdPAI] ObjectRef(124621163998): object was freed before callback; returning Nil.
   at: gdplanningai_rust::logger::process_logs (src\logger.rs:66)
   GDScript backtrace (most recent call first):
       [0] _process (res://addons/GdPlanningAI/gdpai_autoload.gd:21)
[GdPAI | debug] GetCost: callable returned non-numeric value: null; returning INFINITY
WARNING: [GdPAI] ObjectRef(1382643928884): object was freed before callback; returning Nil.
   at: gdplanningai_rust::logger::process_logs (src\logger.rs:66)
   GDScript backtrace (most recent call first):
       [0] _process (res://addons/GdPlanningAI/gdpai_autoload.gd:21)
[GdPAI | debug] ApplyEffect [Before] ID=InstanceId(-9223366690257976921): agent props = {"entity": null, "hunger": 95.0603725, "held_item": ""}
[GdPAI | debug] ApplyEffect [After] ID=InstanceId(-9223366690257976921): agent props = {"entity": null, "hunger": 95.0603725, "held_item": ""}
[GdPAI | debug]   Snapshotting prop: entity = Nil (Variant type: NIL)
[GdPAI | debug]   Snapshotting prop: hunger = Float(95.0603725) (Variant type: FLOAT)
[GdPAI | debug]   Snapshotting prop: held_item = Str("") (Variant type: STRING)
WARNING: [GdPAI] ObjectRef(124621163998): object was freed before callback; returning Nil.
   at: gdplanningai_rust::logger::process_logs (src\logger.rs:66)
   GDScript backtrace (most recent call first):
       [0] _process (res://addons/GdPlanningAI/gdpai_autoload.gd:21)
[GdPAI | debug] ApplyEffect [Before] ID=InstanceId(-9223366689586888263): agent props = {"entity": null, "held_item": "wood", "hunger": 70.0627442063492}
[GdPAI | debug] ApplyEffect [After] ID=InstanceId(-9223366689586888263): agent props = {"entity": null, "held_item": "wood", "hunger": 70.0627442063492}
[GdPAI | debug]   Snapshotting prop: entity = Nil (Variant type: NIL)
[GdPAI | debug]   Snapshotting prop: held_item = Str("wood") (Variant type: STRING)
[GdPAI | debug]   Snapshotting prop: hunger = Float(70.0627442063492) (Variant type: FLOAT)
WARNING: [GdPAI] ObjectRef(1382643928884): object was freed before callback; returning Nil.
   at: gdplanningai_rust::logger::process_logs (src\logger.rs:66)
   GDScript backtrace (most recent call first):
       [0] _process (res://addons/GdPlanningAI/gdpai_autoload.gd:21)
[GdPAI | debug] GetCost: callable returned non-numeric value: null; returning INFINITY
WARNING: [GdPAI] ObjectRef(124621163998): object was freed before callback; returning Nil.
   at: gdplanningai_rust::logger::process_logs (src\logger.rs:66)
   GDScript backtrace (most recent call first):
       [0] _process (res://addons/GdPlanningAI/gdpai_autoload.gd:21)
WARNING: [GdPAI] ObjectRef(124134624705): object was freed before callback; returning Nil.
   at: gdplanningai_rust::logger::process_logs (src\logger.rs:66)
   GDScript backtrace (most recent call first):
       [0] _process (res://addons/GdPlanningAI/gdpai_autoload.gd:21)
WARNING: [GdPAI] ObjectRef(124134624705): object was freed before callback; returning Nil.
   at: gdplanningai_rust::logger::process_logs (src\logger.rs:66)
   GDScript backtrace (most recent call first):
       [0] _process (res://addons/GdPlanningAI/gdpai_autoload.gd:21)
[GdPAI | debug] GetCost: callable returned non-numeric value: null; returning INFINITY
WARNING: [GdPAI] ObjectRef(1382643928884): object was freed before callback; returning Nil.
   at: gdplanningai_rust::logger::process_logs (src\logger.rs:66)
   GDScript backtrace (most recent call first):
       [0] _process (res://addons/GdPlanningAI/gdpai_autoload.gd:21)
[GdPAI | debug] ApplyEffect [Before] ID=InstanceId(-9223366687774948939): agent props = {"entity": null, "hunger": 95.0603725, "held_item": "wood"}
[GdPAI | debug] ApplyEffect [After] ID=InstanceId(-9223366687774948939): agent props = {"entity": null, "hunger": 95.0603725, "held_item": "wood"}
[GdPAI | debug]   Snapshotting prop: entity = Nil (Variant type: NIL)
[GdPAI | debug]   Snapshotting prop: hunger = Float(95.0603725) (Variant type: FLOAT)
[GdPAI | debug]   Snapshotting prop: held_item = Str("wood") (Variant type: STRING)
WARNING: [GdPAI] ObjectRef(124621163998): object was freed before callback; returning Nil.
   at: gdplanningai_rust::logger::process_logs (src\logger.rs:66)
   GDScript backtrace (most recent call first):
       [0] _process (res://addons/GdPlanningAI/gdpai_autoload.gd:21)
WARNING: [GdPAI] ObjectRef(124134624705): object was freed before callback; returning Nil.
   at: gdplanningai_rust::logger::process_logs (src\logger.rs:66)
   GDScript backtrace (most recent call first):
       [0] _process (res://addons/GdPlanningAI/gdpai_autoload.gd:21)
WARNING: [GdPAI] ObjectRef(124134624705): object was freed before callback; returning Nil.
   at: gdplanningai_rust::logger::process_logs (src\logger.rs:66)
   GDScript backtrace (most recent call first):
       [0] _process (res://addons/GdPlanningAI/gdpai_autoload.gd:21)
[GdPAI | debug] ApplyEffect [Before] ID=InstanceId(-9223366687003196982): agent props = {"held_item": "wood", "entity": null, "hunger": 70.0627442063492, "at_target": null}
[GdPAI | debug] ApplyEffect [After] ID=InstanceId(-9223366687003196982): agent props = {"held_item": "wood", "entity": null, "hunger": 70.0627442063492, "at_target": null}
[GdPAI | debug]   Snapshotting prop: held_item = Str("wood") (Variant type: STRING)
[GdPAI | debug]   Snapshotting prop: entity = Nil (Variant type: NIL)
[GdPAI | debug]   Snapshotting prop: hunger = Float(70.0627442063492) (Variant type: FLOAT)
[GdPAI | debug]   Snapshotting prop: at_target = Nil (Variant type: NIL)
WARNING: [GdPAI] ObjectRef(1382643928884): object was freed before callback; returning Nil.
   at: gdplanningai_rust::logger::process_logs (src\logger.rs:66)
   GDScript backtrace (most recent call first):
       [0] _process (res://addons/GdPlanningAI/gdpai_autoload.gd:21)
WARNING: [GdPAI] ObjectRef(1382643928884): object was freed before callback; returning Nil.
   at: gdplanningai_rust::logger::process_logs (src\logger.rs:66)
   GDScript backtrace (most recent call first):
       [0] _process (res://addons/GdPlanningAI/gdpai_autoload.gd:21)
[GdPAI | debug] GetCost: callable returned non-numeric value: null; returning INFINITY
WARNING: [GdPAI] ObjectRef(124621163998): object was freed before callback; returning Nil.
   at: gdplanningai_rust::logger::process_logs (src\logger.rs:66)
   GDScript backtrace (most recent call first):
       [0] _process (res://addons/GdPlanningAI/gdpai_autoload.gd:21)
WARNING: [GdPAI] ObjectRef(124134624705): object was freed before callback; returning Nil.
   at: gdplanningai_rust::logger::process_logs (src\logger.rs:66)
   GDScript backtrace (most recent call first):
       [0] _process (res://addons/GdPlanningAI/gdpai_autoload.gd:21)
WARNING: [GdPAI] ObjectRef(124134624705): object was freed before callback; returning Nil.
   at: gdplanningai_rust::logger::process_logs (src\logger.rs:66)
   GDScript backtrace (most recent call first):
       [0] _process (res://addons/GdPlanningAI/gdpai_autoload.gd:21)
[GdPAI | debug] GetCost: callable returned non-numeric value: null; returning INFINITY
WARNING: [GdPAI] ObjectRef(1382643928884): object was freed before callback; returning Nil.
   at: gdplanningai_rust::logger::process_logs (src\logger.rs:66)
   GDScript backtrace (most recent call first):
       [0] _process (res://addons/GdPlanningAI/gdpai_autoload.gd:21)
WARNING: [GdPAI] ObjectRef(1382643928884): object was freed before callback; returning Nil.
   at: gdplanningai_rust::logger::process_logs (src\logger.rs:66)
   GDScript backtrace (most recent call first):
       [0] _process (res://addons/GdPlanningAI/gdpai_autoload.gd:21)
[GdPAI | debug] ApplyEffect [Before] ID=InstanceId(-9223366685040262697): agent props = {"entity": null, "held_item": "", "hunger": 95.0603725}
[GdPAI | debug] ApplyEffect [After] ID=InstanceId(-9223366685040262697): agent props = {"entity": null, "held_item": "", "hunger": 95.0603725}
[GdPAI | debug]   Snapshotting prop: entity = Nil (Variant type: NIL)
[GdPAI | debug]   Snapshotting prop: held_item = Str("") (Variant type: STRING)
[GdPAI | debug]   Snapshotting prop: hunger = Float(95.0603725) (Variant type: FLOAT)
WARNING: [GdPAI] ObjectRef(124621163998): object was freed before callback; returning Nil.
   at: gdplanningai_rust::logger::process_logs (src\logger.rs:66)
   GDScript backtrace (most recent call first):
       [0] _process (res://addons/GdPlanningAI/gdpai_autoload.gd:21)
WARNING: [GdPAI] ObjectRef(124134624705): object was freed before callback; returning Nil.
   at: gdplanningai_rust::logger::process_logs (src\logger.rs:66)
   GDScript backtrace (most recent call first):
       [0] _process (res://addons/GdPlanningAI/gdpai_autoload.gd:21)
WARNING: [GdPAI] ObjectRef(124134624705): object was freed before callback; returning Nil.
   at: gdplanningai_rust::logger::process_logs (src\logger.rs:66)
   GDScript backtrace (most recent call first):
       [0] _process (res://addons/GdPlanningAI/gdpai_autoload.gd:21)
[GdPAI | debug] ApplyEffect [Before] ID=InstanceId(-9223366684218179163): agent props = {"hunger": 70.0627442063492, "entity": null, "at_target": null, "held_item": "wood"}
[GdPAI | debug] ApplyEffect [After] ID=InstanceId(-9223366684218179163): agent props = {"hunger": 70.0627442063492, "entity": null, "at_target": null, "held_item": "wood"}
[GdPAI | debug]   Snapshotting prop: hunger = Float(70.0627442063492) (Variant type: FLOAT)
[GdPAI | debug]   Snapshotting prop: entity = Nil (Variant type: NIL)
[GdPAI | debug]   Snapshotting prop: at_target = Nil (Variant type: NIL)
[GdPAI | debug]   Snapshotting prop: held_item = Str("wood") (Variant type: STRING)
WARNING: [GdPAI] ObjectRef(1382643928884): object was freed before callback; returning Nil.
   at: gdplanningai_rust::logger::process_logs (src\logger.rs:66)
   GDScript backtrace (most recent call first):
       [0] _process (res://addons/GdPlanningAI/gdpai_autoload.gd:21)
[GdPAI | debug] GetCost: callable returned non-numeric value: null; returning INFINITY
WARNING: [GdPAI] ObjectRef(124621163998): object was freed before callback; returning Nil.
   at: gdplanningai_rust::logger::process_logs (src\logger.rs:66)
   GDScript backtrace (most recent call first):
       [0] _process (res://addons/GdPlanningAI/gdpai_autoload.gd:21)
[GdPAI | debug] GetCost: callable returned non-numeric value: null; returning INFINITY
WARNING: [GdPAI] ObjectRef(1382643928884): object was freed before callback; returning Nil.
   at: gdplanningai_rust::logger::process_logs (src\logger.rs:66)
   GDScript backtrace (most recent call first):
       [0] _process (res://addons/GdPlanningAI/gdpai_autoload.gd:21)
[GdPAI | debug] ApplyEffect [Before] ID=InstanceId(-9223366682305576459): agent props = {"held_item": "", "entity": null, "hunger": 95.0603725}
[GdPAI | debug] ApplyEffect [After] ID=InstanceId(-9223366682305576459): agent props = {"held_item": "", "entity": null, "hunger": 95.0603725}
[GdPAI | debug]   Snapshotting prop: held_item = Str("") (Variant type: STRING)
[GdPAI | debug]   Snapshotting prop: entity = Nil (Variant type: NIL)
[GdPAI | debug]   Snapshotting prop: hunger = Float(95.0603725) (Variant type: FLOAT)
WARNING: [GdPAI] ObjectRef(124621163998): object was freed before callback; returning Nil.
   at: gdplanningai_rust::logger::process_logs (src\logger.rs:66)
   GDScript backtrace (most recent call first):
       [0] _process (res://addons/GdPlanningAI/gdpai_autoload.gd:21)
[GdPAI | debug] ApplyEffect [Before] ID=InstanceId(-9223366681634487806): agent props = {"entity": null, "hunger": 70.0627442063492, "held_item": "wood", "at_target": null}
[GdPAI | debug] ApplyEffect [After] ID=InstanceId(-9223366681634487806): agent props = {"entity": null, "hunger": 70.0627442063492, "held_item": "wood", "at_target": null}
[GdPAI | debug]   Snapshotting prop: entity = Nil (Variant type: NIL)
[GdPAI | debug]   Snapshotting prop: hunger = Float(70.0627442063492) (Variant type: FLOAT)
[GdPAI | debug]   Snapshotting prop: held_item = Str("wood") (Variant type: STRING)
[GdPAI | debug]   Snapshotting prop: at_target = Nil (Variant type: NIL)
WARNING: [GdPAI] ObjectRef(1382643928884): object was freed before callback; returning Nil.
   at: gdplanningai_rust::logger::process_logs (src\logger.rs:66)
   GDScript backtrace (most recent call first):
       [0] _process (res://addons/GdPlanningAI/gdpai_autoload.gd:21)
[GdPAI | debug] GetCost: callable returned non-numeric value: null; returning INFINITY
[GdPAI] A* Iteration: pop node with chain length 5
[GdPAI | debug] Numeric comparison: 70.0627442063492 LessThan 55.062744206349194 -> false
[GdPAI | debug] find_candidates: Checking 15 actions against 0 preconds and 0 requirements
WARNING: [GdPAI] ObjectRef(124621163998): object was freed before callback; returning Nil.
   at: gdplanningai_rust::logger::process_logs (src\logger.rs:66)
   GDScript backtrace (most recent call first):
       [0] _process (res://addons/GdPlanningAI/gdpai_autoload.gd:21)
WARNING: [GdPAI] ObjectRef(124621163998): object was freed before callback; returning Nil.
   at: gdplanningai_rust::logger::process_logs (src\logger.rs:66)
   GDScript backtrace (most recent call first):
       [0] _process (res://addons/GdPlanningAI/gdpai_autoload.gd:21)
WARNING: [GdPAI] ObjectRef(1382643928884): object was freed before callback; returning Nil.
   at: gdplanningai_rust::logger::process_logs (src\logger.rs:66)
   GDScript backtrace (most recent call first):
       [0] _process (res://addons/GdPlanningAI/gdpai_autoload.gd:21)
[GdPAI | debug] ApplyEffect [Before] ID=InstanceId(-9223366679822548481): agent props = {"hunger": 95.0603725, "entity": null, "held_item": ""}
[GdPAI | debug] ApplyEffect [After] ID=InstanceId(-9223366679822548481): agent props = {"hunger": 95.0603725, "entity": null, "held_item": ""}
[GdPAI | debug]   Snapshotting prop: hunger = Float(95.0603725) (Variant type: FLOAT)
[GdPAI | debug]   Snapshotting prop: entity = Nil (Variant type: NIL)
[GdPAI | debug]   Snapshotting prop: held_item = Str("") (Variant type: STRING)
WARNING: [GdPAI] ObjectRef(124621163998): object was freed before callback; returning Nil.
   at: gdplanningai_rust::logger::process_logs (src\logger.rs:66)
   GDScript backtrace (most recent call first):
       [0] _process (res://addons/GdPlanningAI/gdpai_autoload.gd:21)
WARNING: [GdPAI] ObjectRef(124621163998): object was freed before callback; returning Nil.
   at: gdplanningai_rust::logger::process_logs (src\logger.rs:66)
   GDScript backtrace (most recent call first):
       [0] _process (res://addons/GdPlanningAI/gdpai_autoload.gd:21)
WARNING: [GdPAI] ObjectRef(1382643928884): object was freed before callback; returning Nil.
   at: gdplanningai_rust::logger::process_logs (src\logger.rs:66)
   GDScript backtrace (most recent call first):
       [0] _process (res://addons/GdPlanningAI/gdpai_autoload.gd:21)
[GdPAI | debug] GetCost: callable returned non-numeric value: null; returning INFINITY
WARNING: [GdPAI] ObjectRef(124621163998): object was freed before callback; returning Nil.
   at: gdplanningai_rust::logger::process_logs (src\logger.rs:66)
   GDScript backtrace (most recent call first):
       [0] _process (res://addons/GdPlanningAI/gdpai_autoload.gd:21)
WARNING: [GdPAI] ObjectRef(124621163998): object was freed before callback; returning Nil.
   at: gdplanningai_rust::logger::process_logs (src\logger.rs:66)
   GDScript backtrace (most recent call first):
       [0] _process (res://addons/GdPlanningAI/gdpai_autoload.gd:21)
[GdPAI | debug] Discovery: Action Cook Potato failed validity check, skipping
WARNING: [GdPAI] ObjectRef(1382643928884): object was freed before callback; returning Nil.
   at: gdplanningai_rust::logger::process_logs (src\logger.rs:66)
   GDScript backtrace (most recent call first):
       [0] _process (res://addons/GdPlanningAI/gdpai_autoload.gd:21)
[GdPAI | debug] ApplyEffect [Before] ID=InstanceId(-9223366677238857221): agent props = {"entity": null, "hunger": 95.0603725, "held_item": "wood"}
[GdPAI | debug] ApplyEffect [After] ID=InstanceId(-9223366677238857221): agent props = {"entity": null, "hunger": 95.0603725, "held_item": "wood"}
[GdPAI | debug]   Snapshotting prop: entity = Nil (Variant type: NIL)
[GdPAI | debug]   Snapshotting prop: hunger = Float(95.0603725) (Variant type: FLOAT)
[GdPAI | debug]   Snapshotting prop: held_item = Str("wood") (Variant type: STRING)
WARNING: [GdPAI] ObjectRef(124621163998): object was freed before callback; returning Nil.
   at: gdplanningai_rust::logger::process_logs (src\logger.rs:66)
   GDScript backtrace (most recent call first):
       [0] _process (res://addons/GdPlanningAI/gdpai_autoload.gd:21)
WARNING: [GdPAI] ObjectRef(124621163998): object was freed before callback; returning Nil.
   at: gdplanningai_rust::logger::process_logs (src\logger.rs:66)
   GDScript backtrace (most recent call first):
       [0] _process (res://addons/GdPlanningAI/gdpai_autoload.gd:21)
WARNING: [GdPAI] ObjectRef(1382643928884): object was freed before callback; returning Nil.
   at: gdplanningai_rust::logger::process_logs (src\logger.rs:66)
   GDScript backtrace (most recent call first):
       [0] _process (res://addons/GdPlanningAI/gdpai_autoload.gd:21)
[GdPAI | debug] Discovery: Action Dig Potato failed validity check, skipping
WARNING: [GdPAI] ObjectRef(1382643928884): object was freed before callback; returning Nil.
   at: gdplanningai_rust::logger::process_logs (src\logger.rs:66)
   GDScript backtrace (most recent call first):
       [0] _process (res://addons/GdPlanningAI/gdpai_autoload.gd:21)
[GdPAI | debug] GetCost: callable returned non-numeric value: null; returning INFINITY
WARNING: [GdPAI] ObjectRef(124621163998): object was freed before callback; returning Nil.
   at: gdplanningai_rust::logger::process_logs (src\logger.rs:66)
   GDScript backtrace (most recent call first):
       [0] _process (res://addons/GdPlanningAI/gdpai_autoload.gd:21)
WARNING: [GdPAI] ObjectRef(124621163998): object was freed before callback; returning Nil.
   at: gdplanningai_rust::logger::process_logs (src\logger.rs:66)
   GDScript backtrace (most recent call first):
       [0] _process (res://addons/GdPlanningAI/gdpai_autoload.gd:21)
WARNING: [GdPAI] ObjectRef(1382643928884): object was freed before callback; returning Nil.
   at: gdplanningai_rust::logger::process_logs (src\logger.rs:66)
   GDScript backtrace (most recent call first):
       [0] _process (res://addons/GdPlanningAI/gdpai_autoload.gd:21)
[GdPAI | debug] Discovery: Action Dig Potato failed validity check, skipping
WARNING: [GdPAI] ObjectRef(1382643928884): object was freed before callback; returning Nil.
   at: gdplanningai_rust::logger::process_logs (src\logger.rs:66)
   GDScript backtrace (most recent call first):
       [0] _process (res://addons/GdPlanningAI/gdpai_autoload.gd:21)
[GdPAI | debug] ApplyEffect [Before] ID=InstanceId(-9223366674604834269): agent props = {"hunger": 95.0603725, "entity": null, "held_item": ""}
[GdPAI | debug] ApplyEffect [After] ID=InstanceId(-9223366674604834269): agent props = {"hunger": 95.0603725, "entity": null, "held_item": ""}
[GdPAI | debug]   Snapshotting prop: hunger = Float(95.0603725) (Variant type: FLOAT)
[GdPAI | debug]   Snapshotting prop: entity = Nil (Variant type: NIL)
[GdPAI | debug]   Snapshotting prop: held_item = Str("") (Variant type: STRING)
WARNING: [GdPAI] ObjectRef(124621163998): object was freed before callback; returning Nil.
   at: gdplanningai_rust::logger::process_logs (src\logger.rs:66)
   GDScript backtrace (most recent call first):
       [0] _process (res://addons/GdPlanningAI/gdpai_autoload.gd:21)
WARNING: [GdPAI] ObjectRef(124621163998): object was freed before callback; returning Nil.
   at: gdplanningai_rust::logger::process_logs (src\logger.rs:66)
   GDScript backtrace (most recent call first):
       [0] _process (res://addons/GdPlanningAI/gdpai_autoload.gd:21)
[GdPAI | debug] Discovery: Action Dig Potato failed validity check, skipping
WARNING: [GdPAI] ObjectRef(1382643928884): object was freed before callback; returning Nil.
   at: gdplanningai_rust::logger::process_logs (src\logger.rs:66)
   GDScript backtrace (most recent call first):
       [0] _process (res://addons/GdPlanningAI/gdpai_autoload.gd:21)
[GdPAI | debug] GetCost: callable returned non-numeric value: null; returning INFINITY
WARNING: [GdPAI] ObjectRef(124621163998): object was freed before callback; returning Nil.
   at: gdplanningai_rust::logger::process_logs (src\logger.rs:66)
   GDScript backtrace (most recent call first):
       [0] _process (res://addons/GdPlanningAI/gdpai_autoload.gd:21)
WARNING: [GdPAI] ObjectRef(124621163998): object was freed before callback; returning Nil.
   at: gdplanningai_rust::logger::process_logs (src\logger.rs:66)
   GDScript backtrace (most recent call first):
       [0] _process (res://addons/GdPlanningAI/gdpai_autoload.gd:21)
[GdPAI | debug] Discovery: Action Dig Potato failed validity check, skipping
WARNING: [GdPAI] ObjectRef(1382643928884): object was freed before callback; returning Nil.
   at: gdplanningai_rust::logger::process_logs (src\logger.rs:66)
   GDScript backtrace (most recent call first):
       [0] _process (res://addons/GdPlanningAI/gdpai_autoload.gd:21)
[GdPAI | debug] ApplyEffect [Before] ID=InstanceId(-9223366671970811388): agent props = {"entity": null, "held_item": "", "hunger": 95.0603725}
[GdPAI | debug] ApplyEffect [After] ID=InstanceId(-9223366671970811388): agent props = {"entity": null, "held_item": "", "hunger": 95.0603725}
[GdPAI | debug]   Snapshotting prop: entity = Nil (Variant type: NIL)
[GdPAI | debug]   Snapshotting prop: held_item = Str("") (Variant type: STRING)
[GdPAI | debug]   Snapshotting prop: hunger = Float(95.0603725) (Variant type: FLOAT)
WARNING: [GdPAI] ObjectRef(124621163998): object was freed before callback; returning Nil.
   at: gdplanningai_rust::logger::process_logs (src\logger.rs:66)
   GDScript backtrace (most recent call first):
       [0] _process (res://addons/GdPlanningAI/gdpai_autoload.gd:21)
WARNING: [GdPAI] ObjectRef(124621163998): object was freed before callback; returning Nil.
   at: gdplanningai_rust::logger::process_logs (src\logger.rs:66)
   GDScript backtrace (most recent call first):
       [0] _process (res://addons/GdPlanningAI/gdpai_autoload.gd:21)
[GdPAI | debug] Discovery: Action Dig Potato failed validity check, skipping
[GdPAI | debug] No candidates found for branch with 0 preconds and 0 requirements
[GdPAI] A* Iteration: pop node with chain length 5
[GdPAI | debug] find_candidates: Checking 15 actions against 1 preconds and 2 requirements
WARNING: [GdPAI] ObjectRef(1382643928884): object was freed before callback; returning Nil.
   at: gdplanningai_rust::logger::process_logs (src\logger.rs:66)
   GDScript backtrace (most recent call first):
       [0] _process (res://addons/GdPlanningAI/gdpai_autoload.gd:21)
[GdPAI | debug] GetCost: callable returned non-numeric value: null; returning INFINITY
WARNING: [GdPAI] ObjectRef(124621163998): object was freed before callback; returning Nil.
   at: gdplanningai_rust::logger::process_logs (src\logger.rs:66)
   GDScript backtrace (most recent call first):
       [0] _process (res://addons/GdPlanningAI/gdpai_autoload.gd:21)
WARNING: [GdPAI] ObjectRef(124621163998): object was freed before callback; returning Nil.
   at: gdplanningai_rust::logger::process_logs (src\logger.rs:66)
   GDScript backtrace (most recent call first):
       [0] _process (res://addons/GdPlanningAI/gdpai_autoload.gd:21)
[GdPAI | debug] Discovery: Starting simulation for action Go To
WARNING: [GdPAI] ObjectRef(1382643928884): object was freed before callback; returning Nil.
   at: gdplanningai_rust::logger::process_logs (src\logger.rs:66)
   GDScript backtrace (most recent call first):
       [0] _process (res://addons/GdPlanningAI/gdpai_autoload.gd:21)
[GdPAI | debug] ApplyEffect [Before] ID=InstanceId(-9223366669387120074): agent props = {"entity": null, "held_item": "", "hunger": 95.0603725}
[GdPAI | debug] ApplyEffect [After] ID=InstanceId(-9223366669387120074): agent props = {"entity": null, "held_item": "", "hunger": 95.0603725}
[GdPAI | debug]   Snapshotting prop: entity = Nil (Variant type: NIL)
[GdPAI | debug]   Snapshotting prop: held_item = Str("") (Variant type: STRING)
[GdPAI | debug]   Snapshotting prop: hunger = Float(95.0603725) (Variant type: FLOAT)
WARNING: [GdPAI] ObjectRef(124621163998): object was freed before callback; returning Nil.
   at: gdplanningai_rust::logger::process_logs (src\logger.rs:66)
   GDScript backtrace (most recent call first):
       [0] _process (res://addons/GdPlanningAI/gdpai_autoload.gd:21)
WARNING: [GdPAI] ObjectRef(124621163998): object was freed before callback; returning Nil.
   at: gdplanningai_rust::logger::process_logs (src\logger.rs:66)
   GDScript backtrace (most recent call first):
       [0] _process (res://addons/GdPlanningAI/gdpai_autoload.gd:21)
[GdPAI | debug] GetCost: callable returned non-numeric value: null; returning INFINITY
WARNING: [GdPAI] ObjectRef(1382643928884): object was freed before callback; returning Nil.
   at: gdplanningai_rust::logger::process_logs (src\logger.rs:66)
   GDScript backtrace (most recent call first):
       [0] _process (res://addons/GdPlanningAI/gdpai_autoload.gd:21)
[GdPAI | debug] GetCost: callable returned non-numeric value: null; returning INFINITY
WARNING: [GdPAI] ObjectRef(124621163998): object was freed before callback; returning Nil.
   at: gdplanningai_rust::logger::process_logs (src\logger.rs:66)
   GDScript backtrace (most recent call first):
       [0] _process (res://addons/GdPlanningAI/gdpai_autoload.gd:21)
WARNING: [GdPAI] ObjectRef(124621163998): object was freed before callback; returning Nil.
   at: gdplanningai_rust::logger::process_logs (src\logger.rs:66)
   GDScript backtrace (most recent call first):
       [0] _process (res://addons/GdPlanningAI/gdpai_autoload.gd:21)
[GdPAI | debug] ApplyEffect [Before] ID=InstanceId(-9223366667373854146): agent props = {"hunger": 70.0627442063492, "held_item": "", "entity": null}
[GdPAI | debug] ApplyEffect [After] ID=InstanceId(-9223366667373854146): agent props = {"hunger": 70.0627442063492, "held_item": "", "entity": null}
[GdPAI | debug]   Snapshotting prop: hunger = Float(70.0627442063492) (Variant type: FLOAT)
[GdPAI | debug]   Snapshotting prop: held_item = Str("") (Variant type: STRING)
[GdPAI | debug]   Snapshotting prop: entity = Nil (Variant type: NIL)
[GdPAI | debug] Discovery: Simulation success for Go To. Agent props: {"entity": Nil, "hunger": Float(70.0627442063492), "held_item": Str("")}
[GdPAI | debug] Discovery: Action Go To satisfied precond Builtin { target: Agent, operation: Equal, property_name: "held_item", value: Some(Str("")) }
[GdPAI | debug] Found candidate: Go To (satisfied preconds: [0], requirements: [0, 1])
WARNING: [GdPAI] ObjectRef(1382643928884): object was freed before callback; returning Nil.
   at: gdplanningai_rust::logger::process_logs (src\logger.rs:66)
   GDScript backtrace (most recent call first):
       [0] _process (res://addons/GdPlanningAI/gdpai_autoload.gd:21)
[GdPAI | debug] ApplyEffect [Before] ID=InstanceId(-9223366666803428802): agent props = {"hunger": 95.0603725, "held_item": "wood", "entity": null}
[GdPAI | debug] ApplyEffect [After] ID=InstanceId(-9223366666803428802): agent props = {"hunger": 95.0603725, "held_item": "wood", "entity": null}
[GdPAI | debug]   Snapshotting prop: hunger = Float(95.0603725) (Variant type: FLOAT)
[GdPAI | debug]   Snapshotting prop: held_item = Str("wood") (Variant type: STRING)
[GdPAI | debug]   Snapshotting prop: entity = Nil (Variant type: NIL)
[GdPAI | debug] Discovery: Starting simulation for action Eat Held Food
[GdPAI] A* Iteration: pop node with chain length 3
[GdPAI | debug] find_candidates: Checking 15 actions against 1 preconds and 2 requirements
WARNING: [GdPAI] ObjectRef(124621163998): object was freed before callback; returning Nil.
   at: gdplanningai_rust::logger::process_logs (src\logger.rs:66)
   GDScript backtrace (most recent call first):
       [0] _process (res://addons/GdPlanningAI/gdpai_autoload.gd:21)
WARNING: [GdPAI] ObjectRef(124621163998): object was freed before callback; returning Nil.
   at: gdplanningai_rust::logger::process_logs (src\logger.rs:66)
   GDScript backtrace (most recent call first):
       [0] _process (res://addons/GdPlanningAI/gdpai_autoload.gd:21)
[GdPAI | debug] GetCost: callable returned non-numeric value: null; returning INFINITY
WARNING: [GdPAI] ObjectRef(1382643928884): object was freed before callback; returning Nil.
   at: gdplanningai_rust::logger::process_logs (src\logger.rs:66)
   GDScript backtrace (most recent call first):
       [0] _process (res://addons/GdPlanningAI/gdpai_autoload.gd:21)
WARNING: [GdPAI] ObjectRef(1382643928884): object was freed before callback; returning Nil.
   at: gdplanningai_rust::logger::process_logs (src\logger.rs:66)
   GDScript backtrace (most recent call first):
       [0] _process (res://addons/GdPlanningAI/gdpai_autoload.gd:21)
[GdPAI | debug] Discovery: Starting simulation for action Go To
WARNING: [GdPAI] ObjectRef(124621163998): object was freed before callback; returning Nil.
   at: gdplanningai_rust::logger::process_logs (src\logger.rs:66)
   GDScript backtrace (most recent call first):
       [0] _process (res://addons/GdPlanningAI/gdpai_autoload.gd:21)
WARNING: [GdPAI] ObjectRef(124621163998): object was freed before callback; returning Nil.
   at: gdplanningai_rust::logger::process_logs (src\logger.rs:66)
   GDScript backtrace (most recent call first):
       [0] _process (res://addons/GdPlanningAI/gdpai_autoload.gd:21)
[GdPAI | debug] ApplyEffect [Before] ID=InstanceId(-9223366664739831174): agent props = {"hunger": 70.0627442063492, "entity": null, "held_item": ""}
[GdPAI | debug] ApplyEffect [After] ID=InstanceId(-9223366664739831174): agent props = {"hunger": 70.0627442063492, "entity": null, "held_item": ""}
[GdPAI | debug]   Snapshotting prop: hunger = Float(70.0627442063492) (Variant type: FLOAT)
[GdPAI | debug]   Snapshotting prop: entity = Nil (Variant type: NIL)
[GdPAI | debug]   Snapshotting prop: held_item = Str("") (Variant type: STRING)
WARNING: [GdPAI] ObjectRef(1382643928884): object was freed before callback; returning Nil.
   at: gdplanningai_rust::logger::process_logs (src\logger.rs:66)
   GDScript backtrace (most recent call first):
       [0] _process (res://addons/GdPlanningAI/gdpai_autoload.gd:21)
[GdPAI | debug] Discovery: Simulation success for Eat Held Food. Agent props: {"entity": Nil, "held_item": Str(""), "hunger": Float(70.0627442063492)}
[GdPAI | debug] Discovery: Action Eat Held Food satisfied precond Builtin { target: Agent, operation: Equal, property_name: "held_item", value: Some(Str("")) }
[GdPAI | debug] Found candidate: Eat Held Food (satisfied preconds: [0], requirements: [])
WARNING: [GdPAI] ObjectRef(1382643928884): object was freed before callback; returning Nil.
   at: gdplanningai_rust::logger::process_logs (src\logger.rs:66)
   GDScript backtrace (most recent call first):
       [0] _process (res://addons/GdPlanningAI/gdpai_autoload.gd:21)
[GdPAI | debug] GetCost: callable returned non-numeric value: null; returning INFINITY
WARNING: [GdPAI] ObjectRef(124621163998): object was freed before callback; returning Nil.
   at: gdplanningai_rust::logger::process_logs (src\logger.rs:66)
   GDScript backtrace (most recent call first):
       [0] _process (res://addons/GdPlanningAI/gdpai_autoload.gd:21)
WARNING: [GdPAI] ObjectRef(124621163998): object was freed before callback; returning Nil.
   at: gdplanningai_rust::logger::process_logs (src\logger.rs:66)
   GDScript backtrace (most recent call first):
       [0] _process (res://addons/GdPlanningAI/gdpai_autoload.gd:21)
WARNING: [GdPAI] ObjectRef(1382643928884): object was freed before callback; returning Nil.
   at: gdplanningai_rust::logger::process_logs (src\logger.rs:66)
   GDScript backtrace (most recent call first):
       [0] _process (res://addons/GdPlanningAI/gdpai_autoload.gd:21)
[GdPAI | debug] Discovery: Starting simulation for action Go To
WARNING: [GdPAI] ObjectRef(1382643928884): object was freed before callback; returning Nil.
   at: gdplanningai_rust::logger::process_logs (src\logger.rs:66)
   GDScript backtrace (most recent call first):
       [0] _process (res://addons/GdPlanningAI/gdpai_autoload.gd:21)
[GdPAI | debug] ApplyEffect [Before] ID=InstanceId(-9223366662827228539): agent props = {"hunger": 95.0603725, "held_item": "", "entity": null}
[GdPAI | debug] ApplyEffect [After] ID=InstanceId(-9223366662827228539): agent props = {"hunger": 95.0603725, "held_item": "", "entity": null}
[GdPAI | debug]   Snapshotting prop: hunger = Float(95.0603725) (Variant type: FLOAT)
[GdPAI | debug]   Snapshotting prop: held_item = Str("") (Variant type: STRING)
[GdPAI | debug]   Snapshotting prop: entity = Nil (Variant type: NIL)
[GdPAI | debug] Discovery: Simulation success for Go To. Agent props: {"held_item": Str(""), "entity": Nil, "hunger": Float(95.0603725)}
[GdPAI | debug] Discovery: Action Go To satisfied precond Builtin { target: Agent, operation: Equal, property_name: "held_item", value: Some(Str("")) }
[GdPAI | debug] Found candidate: Go To (satisfied preconds: [0], requirements: [0, 1])
[GdPAI | debug] Discovery: Starting simulation for action Eat Held Food
WARNING: [GdPAI] ObjectRef(124621163998): object was freed before callback; returning Nil.
   at: gdplanningai_rust::logger::process_logs (src\logger.rs:66)
   GDScript backtrace (most recent call first):
       [0] _process (res://addons/GdPlanningAI/gdpai_autoload.gd:21)
WARNING: [GdPAI] ObjectRef(124621163998): object was freed before callback; returning Nil.
   at: gdplanningai_rust::logger::process_logs (src\logger.rs:66)
   GDScript backtrace (most recent call first):
       [0] _process (res://addons/GdPlanningAI/gdpai_autoload.gd:21)
[GdPAI | debug] GetCost: callable returned non-numeric value: null; returning INFINITY
WARNING: [GdPAI] ObjectRef(1382643928884): object was freed before callback; returning Nil.
   at: gdplanningai_rust::logger::process_logs (src\logger.rs:66)
   GDScript backtrace (most recent call first):
       [0] _process (res://addons/GdPlanningAI/gdpai_autoload.gd:21)
WARNING: [GdPAI] ObjectRef(1382643928884): object was freed before callback; returning Nil.
   at: gdplanningai_rust::logger::process_logs (src\logger.rs:66)
   GDScript backtrace (most recent call first):
       [0] _process (res://addons/GdPlanningAI/gdpai_autoload.gd:21)
[GdPAI | debug] GetCost: callable returned non-numeric value: null; returning INFINITY
WARNING: [GdPAI] ObjectRef(124621163998): object was freed before callback; returning Nil.
   at: gdplanningai_rust::logger::process_logs (src\logger.rs:66)
   GDScript backtrace (most recent call first):
       [0] _process (res://addons/GdPlanningAI/gdpai_autoload.gd:21)
WARNING: [GdPAI] ObjectRef(124621163998): object was freed before callback; returning Nil.
   at: gdplanningai_rust::logger::process_logs (src\logger.rs:66)
   GDScript backtrace (most recent call first):
       [0] _process (res://addons/GdPlanningAI/gdpai_autoload.gd:21)
[GdPAI | debug] ApplyEffect [Before] ID=InstanceId(-9223366660713299342): agent props = {"entity": null, "held_item": "", "hunger": 70.0627442063492}
[GdPAI | debug] ApplyEffect [After] ID=InstanceId(-9223366660713299342): agent props = {"entity": null, "held_item": "", "hunger": 70.0627442063492}
[GdPAI | debug]   Snapshotting prop: entity = Nil (Variant type: NIL)
[GdPAI | debug]   Snapshotting prop: held_item = Str("") (Variant type: STRING)
[GdPAI | debug]   Snapshotting prop: hunger = Float(70.0627442063492) (Variant type: FLOAT)
WARNING: [GdPAI] ObjectRef(1382643928884): object was freed before callback; returning Nil.
   at: gdplanningai_rust::logger::process_logs (src\logger.rs:66)
   GDScript backtrace (most recent call first):
       [0] _process (res://addons/GdPlanningAI/gdpai_autoload.gd:21)
[GdPAI | debug] Discovery: Simulation success for Go To. Agent props: {"entity": Nil, "held_item": Str(""), "hunger": Float(70.0627442063492)}
[GdPAI | debug] Discovery: Action Go To satisfied precond Builtin { target: Agent, operation: Equal, property_name: "held_item", value: Some(Str("")) }
[GdPAI | debug] Found candidate: Go To (satisfied preconds: [0], requirements: [0, 1])
WARNING: [GdPAI] ObjectRef(1382643928884): object was freed before callback; returning Nil.
   at: gdplanningai_rust::logger::process_logs (src\logger.rs:66)
   GDScript backtrace (most recent call first):
       [0] _process (res://addons/GdPlanningAI/gdpai_autoload.gd:21)
[GdPAI | debug] ApplyEffect [Before] ID=InstanceId(-9223366660142873998): agent props = {"entity": null, "hunger": 95.0603725, "held_item": ""}
[GdPAI | debug] ApplyEffect [After] ID=InstanceId(-9223366660142873998): agent props = {"entity": null, "hunger": 95.0603725, "held_item": ""}
[GdPAI | debug]   Snapshotting prop: entity = Nil (Variant type: NIL)
[GdPAI | debug]   Snapshotting prop: hunger = Float(95.0603725) (Variant type: FLOAT)
[GdPAI | debug]   Snapshotting prop: held_item = Str("") (Variant type: STRING)
[GdPAI | debug] Discovery: Starting simulation for action Drop Item
[GdPAI | debug] Discovery: Simulation success for Eat Held Food. Agent props: {"hunger": Float(95.0603725), "held_item": Str(""), "entity": Nil}
[GdPAI | debug] Discovery: Action Eat Held Food satisfied precond Builtin { target: Agent, operation: Equal, property_name: "held_item", value: Some(Str("")) }
[GdPAI | debug] Found candidate: Eat Held Food (satisfied preconds: [0], requirements: [])




[33m==============================================[0m
[33m= 2 Orphans[0m
[33m==============================================[0m
test_hunger_example_smoke.gd
    - test_real_hunger_example_shakes_tree_then_picks_up_food
[33m        * [<Node#4545937711783>(gdpai_location_data.gd)]
        * [<Node#4986641626087>(gdpai_location_data.gd)][0m


[33m==============================================
[0m[33m= Run Summary
[0m[33m==============================================
[0m[4m
res://test/integration/test_campfire_example_smoke.gd
[0m- test_full_cooking_chain
[31m    [Failed]:  [0mTimed out waiting for submitted agent plan
          at line -1
[31m    [Failed]:  [0mAgent should plan when hungry with fire available
          at line 108
[31m    [Failed]:  [0m[0] expected to equal [5]:  Plan should have 5 actions: 
          at line 111
[31m    [Failed]:  [0mUnexpected Errors:
    [1] <engine-2>Out of bounds get index '0' (on base: 'Array[Action]')
          at line 112
- test_fire_too_low_to_cook
[31m    [Failed]:  [0mTimed out waiting for submitted agent plan
          at line -1
[31m    [Failed]:  [0mUnexpected Errors:
    [1] <engine-1>[GdPAI] ObjectRef(124621163998): object was freed before callback; returning Nil.
    [2] <engine-1>[GdPAI] ObjectRef(124134624705): object was freed before callback; returning Nil.
    [3] <engine-1>[GdPAI] ObjectRef(124134624705): object was freed before callback; returning Nil.
    [4] <engine-1>[GdPAI] ObjectRef(124621163998): object was freed before callback; returning Nil.
    [5] <engine-1>[GdPAI] ObjectRef(124134624705): object was freed before callback; returning Nil.
    [6] <engine-1>[GdPAI] ObjectRef(124134624705): object was freed before callback; returning Nil.
    [7] <engine-1>[GdPAI] ObjectRef(124621163998): object was freed before callback; returning Nil.
    [8] <engine-1>[GdPAI] ObjectRef(124134624705): object was freed before callback; returning Nil.
    [9] <engine-1>[GdPAI] ObjectRef(124134624705): object was freed before callback; returning Nil.
    [10] <engine-1>[GdPAI] ObjectRef(124621163998): object was freed before callback; returning Nil.
    [11] <engine-1>[GdPAI] ObjectRef(124134624705): object was freed before callback; returning Nil.
    [12] <engine-1>[GdPAI] ObjectRef(124134624705): object was freed before callback; returning Nil.
    [13] <engine-1>[GdPAI] ObjectRef(124621163998): object was freed before callback; returning Nil.
    [14] <engine-1>[GdPAI] ObjectRef(124621163998): object was freed before callback; returning Nil.
    [15] <engine-1>[GdPAI] ObjectRef(124621163998): object was freed before callback; returning Nil.
    [16] <engine-1>[GdPAI] ObjectRef(124621163998): object was freed before callback; returning Nil.
    [17] <engine-1>[GdPAI] ObjectRef(124621163998): object was freed before callback; returning Nil.
    [18] <engine-1>[GdPAI] ObjectRef(124621163998): object was freed before callback; returning Nil.
    [19] <engine-1>[GdPAI] ObjectRef(124621163998): object was freed before callback; returning Nil.
    [20] <engine-1>[GdPAI] ObjectRef(124134624705): object was freed before callback; returning Nil.
    [21] <engine-1>[GdPAI] ObjectRef(124134624705): object was freed before callback; returning Nil.
    [22] <engine-1>[GdPAI] ObjectRef(124621163998): object was freed before callback; returning Nil.
    [23] <engine-1>[GdPAI] ObjectRef(124134624705): object was freed before callback; returning Nil.
    [24] <engine-1>[GdPAI] ObjectRef(124134624705): object was freed before callback; returning Nil.
    [25] <engine-1>[GdPAI] ObjectRef(124621163998): object was freed before callback; returning Nil.
    [26] <engine-1>[GdPAI] ObjectRef(124134624705): object was freed before callback; returning Nil.
    [27] <engine-1>[GdPAI] ObjectRef(124134624705): object was freed before callback; returning Nil.
    [28] <engine-1>[GdPAI] ObjectRef(124621163998): object was freed before callback; returning Nil.
    [29] <engine-1>[GdPAI] ObjectRef(124134624705): object was freed before callback; returning Nil.
    [30] <engine-1>[GdPAI] ObjectRef(124134624705): object was freed before callback; returning Nil.
    [31] <engine-1>[GdPAI] ObjectRef(124621163998): object was freed before callback; returning Nil.
    [32] <engine-1>[GdPAI] ObjectRef(124621163998): object was freed before callback; returning Nil.
    [33] <engine-1>[GdPAI] ObjectRef(124621163998): object was freed before callback; returning Nil.
    [34] <engine-1>[GdPAI] ObjectRef(124621163998): object was freed before callback; returning Nil.
    [35] <engine-1>[GdPAI] ObjectRef(124621163998): object was freed before callback; returning Nil.
    [36] <engine-1>[GdPAI] ObjectRef(124621163998): object was freed before callback; returning Nil.
    [37] <engine-1>[GdPAI] ObjectRef(124621163998): object was freed before callback; returning Nil.
    [38] <engine-1>[GdPAI] ObjectRef(124134624705): object was freed before callback; returning Nil.
    [39] <engine-1>[GdPAI] ObjectRef(124134624705): object was freed before callback; returning Nil.
    [40] <engine-1>[GdPAI] ObjectRef(124621163998): object was freed before callback; returning Nil.
    [41] <engine-1>[GdPAI] ObjectRef(124134624705): object was freed before callback; returning Nil.
    [42] <engine-1>[GdPAI] ObjectRef(124134624705): object was freed before callback; returning Nil.
    [43] <engine-1>[GdPAI] ObjectRef(124621163998): object was freed before callback; returning Nil.
    [44] <engine-1>[GdPAI] ObjectRef(124134624705): object was freed before callback; returning Nil.
    [45] <engine-1>[GdPAI] ObjectRef(124134624705): object was freed before callback; returning Nil.
    [46] <engine-1>[GdPAI] ObjectRef(124621163998): object was freed before callback; returning Nil.
    [47] <engine-1>[GdPAI] ObjectRef(124134624705): object was freed before callback; returning Nil.
    [48] <engine-1>[GdPAI] ObjectRef(124134624705): object was freed before callback; returning Nil.
    [49] <engine-1>[GdPAI] ObjectRef(124621163998): object was freed before callback; returning Nil.
    [50] <engine-1>[GdPAI] ObjectRef(124621163998): object was freed before callback; returning Nil.
    [51] <engine-1>[GdPAI] ObjectRef(124621163998): object was freed before callback; returning Nil.
    [52] <engine-1>[GdPAI] ObjectRef(124621163998): object was freed before callback; returning Nil.
    [53] <engine-1>[GdPAI] ObjectRef(124621163998): object was freed before callback; returning Nil.
    [54] <engine-1>[GdPAI] ObjectRef(124621163998): object was freed before callback; returning Nil.
    [55] <engine-1>[GdPAI] ObjectRef(124621163998): object was freed before callback; returning Nil.
    [56] <engine-1>[GdPAI] ObjectRef(124134624705): object was freed before callback; returning Nil.
    [57] <engine-1>[GdPAI] ObjectRef(124134624705): object was freed before callback; returning Nil.
    [58] <engine-1>[GdPAI] ObjectRef(124621163998): object was freed before callback; returning Nil.
    [59] <engine-1>[GdPAI] ObjectRef(124134624705): object was freed before callback; returning Nil.
    [60] <engine-1>[GdPAI] ObjectRef(124134624705): object was freed before callback; returning Nil.
    [61] <engine-1>[GdPAI] ObjectRef(124621163998): object was freed before callback; returning Nil.
    [62] <engine-1>[GdPAI] ObjectRef(124134624705): object was freed before callback; returning Nil.
    [63] <engine-1>[GdPAI] ObjectRef(124134624705): object was freed before callback; returning Nil.
    [64] <engine-1>[GdPAI] ObjectRef(124621163998): object was freed before callback; returning Nil.
    [65] <engine-1>[GdPAI] ObjectRef(124134624705): object was freed before callback; returning Nil.
    [66] <engine-1>[GdPAI] ObjectRef(124134624705): object was freed before callback; returning Nil.
    [67] <engine-1>[GdPAI] ObjectRef(124621163998): object was freed before callback; returning Nil.
    [68] <engine-1>[GdPAI] ObjectRef(124621163998): object was freed before callback; returning Nil.
    [69] <engine-1>[GdPAI] ObjectRef(124621163998): object was freed before callback; returning Nil.
    [70] <engine-1>[GdPAI] ObjectRef(124621163998): object was freed before callback; returning Nil.
    [71] <engine-1>[GdPAI] ObjectRef(124621163998): object was freed before callback; returning Nil.
    [72] <engine-1>[GdPAI] ObjectRef(124621163998): object was freed before callback; returning Nil.
    [73] <engine-1>[GdPAI] ObjectRef(124621163998): object was freed before callback; returning Nil.
    [74] <engine-1>[GdPAI] ObjectRef(124134624705): object was freed before callback; returning Nil.
    [75] <engine-1>[GdPAI] ObjectRef(124134624705): object was freed before callback; returning Nil.
    [76] <engine-1>[GdPAI] ObjectRef(124621163998): object was freed before callback; returning Nil.
    [77] <engine-1>[GdPAI] ObjectRef(124134624705): object was freed before callback; returning Nil.
    [78] <engine-1>[GdPAI] ObjectRef(124134624705): object was freed before callback; returning Nil.
    [79] <engine-1>[GdPAI] ObjectRef(124621163998): object was freed before callback; returning Nil.
    [80] <engine-1>[GdPAI] ObjectRef(124134624705): object was freed before callback; returning Nil.
    [81] <engine-1>[GdPAI] ObjectRef(124134624705): object was freed before callback; returning Nil.
    [82] <engine-1>[GdPAI] ObjectRef(124621163998): object was freed before callback; returning Nil.
    [83] <engine-1>[GdPAI] ObjectRef(124134624705): object was freed before callback; returning Nil.
    [84] <engine-1>[GdPAI] ObjectRef(124134624705): object was freed before callback; returning Nil.
    [85] <engine-1>[GdPAI] ObjectRef(124621163998): object was freed before callback; returning Nil.
    [86] <engine-1>[GdPAI] ObjectRef(124621163998): object was freed before callback; returning Nil.
    [87] <engine-1>[GdPAI] ObjectRef(124621163998): object was freed before callback; returning Nil.
    [88] <engine-1>[GdPAI] ObjectRef(124621163998): object was freed before callback; returning Nil.
    [89] <engine-1>[GdPAI] ObjectRef(124621163998): object was freed before callback; returning Nil.
    [90] <engine-1>[GdPAI] ObjectRef(124621163998): object was freed before callback; returning Nil.
    [91] <engine-1>[GdPAI] ObjectRef(124621163998): object was freed before callback; returning Nil.
    [92] <engine-1>[GdPAI] ObjectRef(124134624705): object was freed before callback; returning Nil.
    [93] <engine-1>[GdPAI] ObjectRef(124134624705): object was freed before callback; returning Nil.
    [94] <engine-1>[GdPAI] ObjectRef(124621163998): object was freed before callback; returning Nil.
    [95] <engine-1>[GdPAI] ObjectRef(124134624705): object was freed before callback; returning Nil.
    [96] <engine-1>[GdPAI] ObjectRef(124134624705): object was freed before callback; returning Nil.
    [97] <engine-1>[GdPAI] ObjectRef(124621163998): object was freed before callback; returning Nil.
    [98] <engine-1>[GdPAI] ObjectRef(124134624705): object was freed before callback; returning Nil.
    [99] <engine-1>[GdPAI] ObjectRef(124134624705): object was freed before callback; returning Nil.
    [100] <engine-1>[GdPAI] ObjectRef(124621163998): object was freed before callback; returning Nil.
    [101] <engine-1>[GdPAI] ObjectRef(124134624705): object was freed before callback; returning Nil.
    [102] <engine-1>[GdPAI] ObjectRef(124134624705): object was freed before callback; returning Nil.
    [103] <engine-1>[GdPAI] ObjectRef(124621163998): object was freed before callback; returning Nil.
    [104] <engine-1>[GdPAI] ObjectRef(124621163998): object was freed before callback; returning Nil.
    [105] <engine-1>[GdPAI] ObjectRef(124621163998): object was freed before callback; returning Nil.
    [106] <engine-1>[GdPAI] ObjectRef(124621163998): object was freed before callback; returning Nil.
    [107] <engine-1>[GdPAI] ObjectRef(124621163998): object was freed before callback; returning Nil.
    [108] <engine-1>[GdPAI] ObjectRef(124621163998): object was freed before callback; returning Nil.
    [109] <engine-1>[GdPAI] ObjectRef(124621163998): object was freed before callback; returning Nil.
    [110] <engine-1>[GdPAI] ObjectRef(124621163998): object was freed before callback; returning Nil.
    [111] <engine-1>[GdPAI] ObjectRef(124621163998): object was freed before callback; returning Nil.
    [112] <engine-1>[GdPAI] ObjectRef(124621163998): object was freed before callback; returning Nil.
    [113] <engine-1>[GdPAI] ObjectRef(124621163998): object was freed before callback; returning Nil.
    [114] <engine-1>[GdPAI] ObjectRef(124621163998): object was freed before callback; returning Nil.
    [115] <engine-1>[GdPAI] ObjectRef(124621163998): object was freed before callback; returning Nil.
    [116] <engine-1>[GdPAI] ObjectRef(124621163998): object was freed before callback; returning Nil.
    [117] <engine-1>[GdPAI] ObjectRef(124621163998): object was freed before callback; returning Nil.
    [118] <engine-1>[GdPAI] ObjectRef(124621163998): object was freed before callback; returning Nil.
    [119] <engine-1>[GdPAI] ObjectRef(124621163998): object was freed before callback; returning Nil.
    [120] <engine-1>[GdPAI] ObjectRef(124621163998): object was freed before callback; returning Nil.
    [121] <engine-1>[GdPAI] ObjectRef(124621163998): object was freed before callback; returning Nil.
    [122] <engine-1>[GdPAI] ObjectRef(124621163998): object was freed before callback; returning Nil.
    [123] <engine-1>[GdPAI] ObjectRef(124587609564): object was freed before callback; returning Nil.
    [124] <engine-1>[GdPAI] ObjectRef(124587609564): object was freed before callback; returning Nil.
    [125] <engine-1>[GdPAI] ObjectRef(124621163998): object was freed before callback; returning Nil.
    [126] <engine-1>[GdPAI] ObjectRef(124621163998): object was freed before callback; returning Nil.
    [127] <engine-1>[GdPAI] ObjectRef(124587609564): object was freed before callback; returning Nil.
    [128] <engine-1>[GdPAI] ObjectRef(124587609564): object was freed before callback; returning Nil.
    [129] <engine-1>[GdPAI] ObjectRef(124621163998): object was freed before callback; returning Nil.
    [130] <engine-1>[GdPAI] ObjectRef(124587609564): object was freed before callback; returning Nil.
    [131] <engine-1>[GdPAI] ObjectRef(124587609564): object was freed before callback; returning Nil.
    [132] <engine-1>[GdPAI] ObjectRef(124621163998): object was freed before callback; returning Nil.
    [133] <engine-1>[GdPAI] ObjectRef(124587609564): object was freed before callback; returning Nil.
    [134] <engine-1>[GdPAI] ObjectRef(124587609564): object was freed before callback; returning Nil.
    [135] <engine-1>[GdPAI] ObjectRef(124621163998): object was freed before callback; returning Nil.
    [136] <engine-1>[GdPAI] ObjectRef(124621163998): object was freed before callback; returning Nil.
    [137] <engine-1>[GdPAI] ObjectRef(124621163998): object was freed before callback; returning Nil.
    [138] <engine-1>[GdPAI] ObjectRef(124621163998): object was freed before callback; returning Nil.
    [139] <engine-1>[GdPAI] ObjectRef(124587609564): object was freed before callback; returning Nil.
    [140] <engine-1>[GdPAI] ObjectRef(124587609564): object was freed before callback; returning Nil.
    [141] <engine-1>[GdPAI] ObjectRef(124621163998): object was freed before callback; returning Nil.
    [142] <engine-1>[GdPAI] ObjectRef(124621163998): object was freed before callback; returning Nil.
    [143] <engine-1>[GdPAI] ObjectRef(124587609564): object was freed before callback; returning Nil.
    [144] <engine-1>[GdPAI] ObjectRef(124587609564): object was freed before callback; returning Nil.
    [145] <engine-1>[GdPAI] ObjectRef(124621163998): object was freed before callback; returning Nil.
    [146] <engine-1>[GdPAI] ObjectRef(124587609564): object was freed before callback; returning Nil.
    [147] <engine-1>[GdPAI] ObjectRef(124587609564): object was freed before callback; returning Nil.
    [148] <engine-1>[GdPAI] ObjectRef(124621163998): object was freed before callback; returning Nil.
    [149] <engine-1>[GdPAI] ObjectRef(124587609564): object was freed before callback; returning Nil.
    [150] <engine-1>[GdPAI] ObjectRef(124587609564): object was freed before callback; returning Nil.
    [151] <engine-1>[GdPAI] ObjectRef(124621163998): object was freed before callback; returning Nil.
    [152] <engine-1>[GdPAI] ObjectRef(124621163998): object was freed before callback; returning Nil.
    [153] <engine-1>[GdPAI] ObjectRef(124621163998): object was freed before callback; returning Nil.
    [154] <engine-1>[GdPAI] ObjectRef(124621163998): object was freed before callback; returning Nil.
    [155] <engine-1>[GdPAI] ObjectRef(124621163998): object was freed before callback; returning Nil.
    [156] <engine-1>[GdPAI] ObjectRef(124621163998): object was freed before callback; returning Nil.
    [157] <engine-1>[GdPAI] ObjectRef(124621163998): object was freed before callback; returning Nil.
    [158] <engine-1>[GdPAI] ObjectRef(124621163998): object was freed before callback; returning Nil.
    [159] <engine-1>[GdPAI] ObjectRef(124621163998): object was freed before callback; returning Nil.
    [160] <engine-1>[GdPAI] ObjectRef(124621163998): object was freed before callback; returning Nil.
    [161] <engine-1>[GdPAI] ObjectRef(124621163998): object was freed before callback; returning Nil.
    [162] <engine-1>[GdPAI] ObjectRef(124621163998): object was freed before callback; returning Nil.
    [163] <engine-1>[GdPAI] ObjectRef(124621163998): object was freed before callback; returning Nil.
    [164] <engine-1>[GdPAI] ObjectRef(124621163998): object was freed before callback; returning Nil.
    [165] <engine-1>[GdPAI] ObjectRef(124621163998): object was freed before callback; returning Nil.
    [166] <engine-1>[GdPAI] ObjectRef(124621163998): object was freed before callback; returning Nil.
    [167] <engine-1>[GdPAI] ObjectRef(124621163998): object was freed before callback; returning Nil.
    [168] <engine-1>[GdPAI] ObjectRef(124621163998): object was freed before callback; returning Nil.
    [169] <engine-1>[GdPAI] ObjectRef(124621163998): object was freed before callback; returning Nil.
    [170] <engine-1>[GdPAI] ObjectRef(124621163998): object was freed before callback; returning Nil.
    [171] <engine-1>[GdPAI] ObjectRef(124285619658): object was freed before callback; returning Nil.
    [172] <engine-1>[GdPAI] ObjectRef(124285619658): object was freed before callback; returning Nil.
    [173] <engine-1>[GdPAI] ObjectRef(124621163998): object was freed before callback; returning Nil.
    [174] <engine-1>[GdPAI] ObjectRef(124621163998): object was freed before callback; returning Nil.
    [175] <engine-1>[GdPAI] ObjectRef(124285619658): object was freed before callback; returning Nil.
    [176] <engine-1>[GdPAI] ObjectRef(124285619658): object was freed before callback; returning Nil.
    [177] <engine-1>[GdPAI] ObjectRef(124621163998): object was freed before callback; returning Nil.
    [178] <engine-1>[GdPAI] ObjectRef(124285619658): object was freed before callback; returning Nil.
    [179] <engine-1>[GdPAI] ObjectRef(124285619658): object was freed before callback; returning Nil.
    [180] <engine-1>[GdPAI] ObjectRef(124621163998): object was freed before callback; returning Nil.
    [181] <engine-1>[GdPAI] ObjectRef(124285619658): object was freed before callback; returning Nil.
    [182] <engine-1>[GdPAI] ObjectRef(124285619658): object was freed before callback; returning Nil.
    [183] <engine-1>[GdPAI] ObjectRef(124621163998): object was freed before callback; returning Nil.
    [184] <engine-1>[GdPAI] ObjectRef(124621163998): object was freed before callback; returning Nil.
    [185] <engine-1>[GdPAI] ObjectRef(124621163998): object was freed before callback; returning Nil.
    [186] <engine-1>[GdPAI] ObjectRef(124621163998): object was freed before callback; returning Nil.
    [187] <engine-1>[GdPAI] ObjectRef(124285619658): object was freed before callback; returning Nil.
    [188] <engine-1>[GdPAI] ObjectRef(124285619658): object was freed before callback; returning Nil.
    [189] <engine-1>[GdPAI] ObjectRef(124621163998): object was freed before callback; returning Nil.
    [190] <engine-1>[GdPAI] ObjectRef(124621163998): object was freed before callback; returning Nil.
    [191] <engine-1>[GdPAI] ObjectRef(124285619658): object was freed before callback; returning Nil.
    [192] <engine-1>[GdPAI] ObjectRef(124285619658): object was freed before callback; returning Nil.
    [193] <engine-1>[GdPAI] ObjectRef(124621163998): object was freed before callback; returning Nil.
    [194] <engine-1>[GdPAI] ObjectRef(124285619658): object was freed before callback; returning Nil.
    [195] <engine-1>[GdPAI] ObjectRef(124285619658): object was freed before callback; returning Nil.
    [196] <engine-1>[GdPAI] ObjectRef(124621163998): object was freed before callback; returning Nil.
    [197] <engine-1>[GdPAI] ObjectRef(124285619658): object was freed before callback; returning Nil.
    [198] <engine-1>[GdPAI] ObjectRef(124285619658): object was freed before callback; returning Nil.
    [199] <engine-1>[GdPAI] ObjectRef(124621163998): object was freed before callback; returning Nil.
    [200] <engine-1>[GdPAI] ObjectRef(124621163998): object was freed before callback; returning Nil.
    [201] <engine-1>[GdPAI] ObjectRef(124621163998): object was freed before callback; returning Nil.
    [202] <engine-1>[GdPAI] ObjectRef(124621163998): object was freed before callback; returning Nil.
    [203] <engine-1>[GdPAI] ObjectRef(124621163998): object was freed before callback; returning Nil.
    [204] <engine-1>[GdPAI] ObjectRef(124621163998): object was freed before callback; returning Nil.
    [205] <engine-1>[GdPAI] ObjectRef(124621163998): object was freed before callback; returning Nil.
    [206] <engine-1>[GdPAI] ObjectRef(124621163998): object was freed before callback; returning Nil.
    [207] <engine-1>[GdPAI] ObjectRef(124621163998): object was freed before callback; returning Nil.
    [208] <engine-1>[GdPAI] ObjectRef(124621163998): object was freed before callback; returning Nil.
    [209] <engine-1>[GdPAI] ObjectRef(124621163998): object was freed before callback; returning Nil.
    [210] <engine-1>[GdPAI] ObjectRef(124621163998): object was freed before callback; returning Nil.
    [211] <engine-1>[GdPAI] ObjectRef(124621163998): object was freed before callback; returning Nil.
    [212] <engine-1>[GdPAI] ObjectRef(124621163998): object was freed before callback; returning Nil.
    [213] <engine-1>[GdPAI] ObjectRef(124621163998): object was freed before callback; returning Nil.
    [214] <engine-1>[GdPAI] ObjectRef(124621163998): object was freed before callback; returning Nil.
    [215] <engine-1>[GdPAI] ObjectRef(124621163998): object was freed before callback; returning Nil.
    [216] <engine-1>[GdPAI] ObjectRef(124621163998): object was freed before callback; returning Nil.
    [217] <engine-1>[GdPAI] ObjectRef(124621163998): object was freed before callback; returning Nil.
    [218] <engine-1>[GdPAI] ObjectRef(124621163998): object was freed before callback; returning Nil.
    [219] <engine-1>[GdPAI] ObjectRef(124436614611): object was freed before callback; returning Nil.
    [220] <engine-1>[GdPAI] ObjectRef(124436614611): object was freed before callback; returning Nil.
    [221] <engine-1>[GdPAI] ObjectRef(124621163998): object was freed before callback; returning Nil.
    [222] <engine-1>[GdPAI] ObjectRef(124621163998): object was freed before callback; returning Nil.
    [223] <engine-1>[GdPAI] ObjectRef(124436614611): object was freed before callback; returning Nil.
    [224] <engine-1>[GdPAI] ObjectRef(124436614611): object was freed before callback; returning Nil.
    [225] <engine-1>[GdPAI] ObjectRef(124621163998): object was freed before callback; returning Nil.
    [226] <engine-1>[GdPAI] ObjectRef(124436614611): object was freed before callback; returning Nil.
    [227] <engine-1>[GdPAI] ObjectRef(124436614611): object was freed before callback; returning Nil.
    [228] <engine-1>[GdPAI] ObjectRef(124621163998): object was freed before callback; returning Nil.
    [229] <engine-1>[GdPAI] ObjectRef(124436614611): object was freed before callback; returning Nil.
    [230] <engine-1>[GdPAI] ObjectRef(124436614611): object was freed before callback; returning Nil.
    [231] <engine-1>[GdPAI] ObjectRef(124621163998): object was freed before callback; returning Nil.
    [232] <engine-1>[GdPAI] ObjectRef(124621163998): object was freed before callback; returning Nil.
    [233] <engine-1>[GdPAI] ObjectRef(124621163998): object was freed before callback; returning Nil.
    [234] <engine-1>[GdPAI] ObjectRef(124621163998): object was freed before callback; returning Nil.
    [235] <engine-1>[GdPAI] ObjectRef(124436614611): object was freed before callback; returning Nil.
    [236] <engine-1>[GdPAI] ObjectRef(124436614611): object was freed before callback; returning Nil.
    [237] <engine-1>[GdPAI] ObjectRef(124621163998): object was freed before callback; returning Nil.
    [238] <engine-1>[GdPAI] ObjectRef(124621163998): object was freed before callback; returning Nil.
    [239] <engine-1>[GdPAI] ObjectRef(124436614611): object was freed before callback; returning Nil.
    [240] <engine-1>[GdPAI] ObjectRef(124436614611): object was freed before callback; returning Nil.
    [241] <engine-1>[GdPAI] ObjectRef(124621163998): object was freed before callback; returning Nil.
    [242] <engine-1>[GdPAI] ObjectRef(124436614611): object was freed before callback; returning Nil.
    [243] <engine-1>[GdPAI] ObjectRef(124436614611): object was freed before callback; returning Nil.
    [244] <engine-1>[GdPAI] ObjectRef(124621163998): object was freed before callback; returning Nil.
    [245] <engine-1>[GdPAI] ObjectRef(124436614611): object was freed before callback; returning Nil.
    [246] <engine-1>[GdPAI] ObjectRef(124436614611): object was freed before callback; returning Nil.
    [247] <engine-1>[GdPAI] ObjectRef(124621163998): object was freed before callback; returning Nil.
    [248] <engine-1>[GdPAI] ObjectRef(124621163998): object was freed before callback; returning Nil.
    [249] <engine-1>[GdPAI] ObjectRef(124621163998): object was freed before callback; returning Nil.
    [250] <engine-1>[GdPAI] ObjectRef(124621163998): object was freed before callback; returning Nil.
    [251] <engine-1>[GdPAI] ObjectRef(124621163998): object was freed before callback; returning Nil.
    [252] <engine-1>[GdPAI] ObjectRef(124621163998): object was freed before callback; returning Nil.
    [253] <engine-1>[GdPAI] ObjectRef(124621163998): object was freed before callback; returning Nil.
    [254] <engine-1>[GdPAI] ObjectRef(124621163998): object was freed before callback; returning Nil.
    [255] <engine-1>[GdPAI] ObjectRef(124621163998): object was freed before callback; returning Nil.
    [256] <engine-1>[GdPAI] ObjectRef(124621163998): object was freed before callback; returning Nil.
    [257] <engine-1>[GdPAI] ObjectRef(124621163998): object was freed before callback; returning Nil.
    [258] <engine-1>[GdPAI] ObjectRef(124621163998): object was freed before callback; returning Nil.
    [259] <engine-1>[GdPAI] ObjectRef(124621163998): object was freed before callback; returning Nil.
    [260] <engine-1>[GdPAI] ObjectRef(124621163998): object was freed before callback; returning Nil.
    [261] <engine-1>[GdPAI] ObjectRef(124621163998): object was freed before callback; returning Nil.
    [262] <engine-1>[GdPAI] ObjectRef(124621163998): object was freed before callback; returning Nil.
    [263] <engine-1>[GdPAI] ObjectRef(124621163998): object was freed before callback; returning Nil.
    [264] <engine-1>[GdPAI] ObjectRef(124621163998): object was freed before callback; returning Nil.
    [265] <engine-1>[GdPAI] ObjectRef(124621163998): object was freed before callback; returning Nil.
    [266] <engine-1>[GdPAI] ObjectRef(124621163998): object was freed before callback; returning Nil.
    [267] <engine-1>[GdPAI] ObjectRef(124621163998): object was freed before callback; returning Nil.
    [268] <engine-1>[GdPAI] ObjectRef(124621163998): object was freed before callback; returning Nil.
    [269] <engine-1>[GdPAI] ObjectRef(124621163998): object was freed before callback; returning Nil.
    [270] <engine-1>[GdPAI] ObjectRef(124621163998): object was freed before callback; returning Nil.
    [271] <engine-1>[GdPAI] ObjectRef(124621163998): object was freed before callback; returning Nil.
    [272] <engine-1>[GdPAI] ObjectRef(124621163998): object was freed before callback; returning Nil.
    [273] <engine-1>[GdPAI] ObjectRef(124621163998): object was freed before callback; returning Nil.
    [274] <engine-1>[GdPAI] ObjectRef(124621163998): object was freed before callback; returning Nil.
    [275] <engine-1>[GdPAI] ObjectRef(124621163998): object was freed before callback; returning Nil.
    [276] <engine-1>[GdPAI] ObjectRef(124621163998): object was freed before callback; returning Nil.
    [277] <engine-1>[GdPAI] ObjectRef(124621163998): object was freed before callback; returning Nil.
    [278] <engine-1>[GdPAI] ObjectRef(124621163998): object was freed before callback; returning Nil.
    [279] <engine-1>[GdPAI] ObjectRef(124621163998): object was freed before callback; returning Nil.
    [280] <engine-1>[GdPAI] ObjectRef(124621163998): object was freed before callback; returning Nil.
    [281] <engine-1>[GdPAI] ObjectRef(124621163998): object was freed before callback; returning Nil.
    [282] <engine-1>[GdPAI] ObjectRef(124621163998): object was freed before callback; returning Nil.
    [283] <engine-1>[GdPAI] ObjectRef(124621163998): object was freed before callback; returning Nil.
    [284] <engine-1>[GdPAI] ObjectRef(124621163998): object was freed before callback; returning Nil.
    [285] <engine-1>[GdPAI] ObjectRef(124621163998): object was freed before callback; returning Nil.
    [286] <engine-1>[GdPAI] ObjectRef(124621163998): object was freed before callback; returning Nil.
    [287] <engine-1>[GdPAI] ObjectRef(124621163998): object was freed before callback; returning Nil.
    [288] <engine-1>[GdPAI] ObjectRef(124621163998): object was freed before callback; returning Nil.
    [289] <engine-1>[GdPAI] ObjectRef(124621163998): object was freed before callback; returning Nil.
    [290] <engine-1>[GdPAI] ObjectRef(124621163998): object was freed before callback; returning Nil.
    [291] <engine-1>[GdPAI] ObjectRef(124621163998): object was freed before callback; returning Nil.
    [292] <engine-1>[GdPAI] ObjectRef(124621163998): object was freed before callback; returning Nil.
    [293] <engine-1>[GdPAI] ObjectRef(124621163998): object was freed before callback; returning Nil.
    [294] <engine-1>[GdPAI] ObjectRef(124621163998): object was freed before callback; returning Nil.
    [295] <engine-1>[GdPAI] ObjectRef(124621163998): object was freed before callback; returning Nil.
    [296] <engine-1>[GdPAI] ObjectRef(124621163998): object was freed before callback; returning Nil.
    [297] <engine-1>[GdPAI] ObjectRef(124621163998): object was freed before callback; returning Nil.
    [298] <engine-1>[GdPAI] ObjectRef(124621163998): object was freed before callback; returning Nil.
    [299] <engine-1>[GdPAI] ObjectRef(124621163998): object was freed before callback; returning Nil.
    [300] <engine-1>[GdPAI] ObjectRef(124621163998): object was freed before callback; returning Nil.
    [301] <engine-1>[GdPAI] ObjectRef(124621163998): object was freed before callback; returning Nil.
    [302] <engine-1>[GdPAI] ObjectRef(124621163998): object was freed before callback; returning Nil.
    [303] <engine-1>[GdPAI] ObjectRef(124621163998): object was freed before callback; returning Nil.
    [304] <engine-1>[GdPAI] ObjectRef(124621163998): object was freed before callback; returning Nil.
    [305] <engine-1>[GdPAI] ObjectRef(124621163998): object was freed before callback; returning Nil.
    [306] <engine-1>[GdPAI] ObjectRef(124621163998): object was freed before callback; returning Nil.
    [307] <engine-1>[GdPAI] ObjectRef(124621163998): object was freed before callback; returning Nil.
    [308] <engine-1>[GdPAI] ObjectRef(124621163998): object was freed before callback; returning Nil.
    [309] <engine-1>[GdPAI] ObjectRef(124621163998): object was freed before callback; returning Nil.
    [310] <engine-1>[GdPAI] ObjectRef(124621163998): object was freed before callback; returning Nil.
    [311] <engine-1>[GdPAI] ObjectRef(124621163998): object was freed before callback; returning Nil.
    [312] <engine-1>[GdPAI] ObjectRef(124621163998): object was freed before callback; returning Nil.
    [313] <engine-1>[GdPAI] ObjectRef(124621163998): object was freed before callback; returning Nil.
    [314] <engine-1>[GdPAI] ObjectRef(124621163998): object was freed before callback; returning Nil.
    [315] <engine-1>[GdPAI] ObjectRef(124621163998): object was freed before callback; returning Nil.
    [316] <engine-1>[GdPAI] ObjectRef(124621163998): object was freed before callback; returning Nil.
    [317] <engine-1>[GdPAI] ObjectRef(124621163998): object was freed before callback; returning Nil.
    [318] <engine-1>[GdPAI] ObjectRef(124621163998): object was freed before callback; returning Nil.
    [319] <engine-1>[GdPAI] ObjectRef(124621163998): object was freed before callback; returning Nil.
    [320] <engine-1>[GdPAI] ObjectRef(124621163998): object was freed before callback; returning Nil.
    [321] <engine-1>[GdPAI] ObjectRef(124621163998): object was freed before callback; returning Nil.
    [322] <engine-1>[GdPAI] ObjectRef(124621163998): object was freed before callback; returning Nil.
    [323] <engine-1>[GdPAI] ObjectRef(124621163998): object was freed before callback; returning Nil.
    [324] <engine-1>[GdPAI] ObjectRef(124621163998): object was freed before callback; returning Nil.
    [325] <engine-1>[GdPAI] ObjectRef(124621163998): object was freed before callback; returning Nil.
    [326] <engine-1>[GdPAI] ObjectRef(124621163998): object was freed before callback; returning Nil.
    [327] <engine-1>[GdPAI] ObjectRef(124621163998): object was freed before callback; returning Nil.
    [328] <engine-1>[GdPAI] ObjectRef(124621163998): object was freed before callback; returning Nil.
    [329] <engine-1>[GdPAI] ObjectRef(124621163998): object was freed before callback; returning Nil.
    [330] <engine-1>[GdPAI] ObjectRef(124621163998): object was freed before callback; returning Nil.
    [331] <engine-1>[GdPAI] ObjectRef(124621163998): object was freed before callback; returning Nil.
    [332] <engine-1>[GdPAI] ObjectRef(124621163998): object was freed before callback; returning Nil.
    [333] <engine-1>[GdPAI] ObjectRef(124621163998): object was freed before callback; returning Nil.
    [334] <engine-1>[GdPAI] ObjectRef(124621163998): object was freed before callback; returning Nil.
    [335] <engine-1>[GdPAI] ObjectRef(124621163998): object was freed before callback; returning Nil.
    [336] <engine-1>[GdPAI] ObjectRef(124621163998): object was freed before callback; returning Nil.
    [337] <engine-1>[GdPAI] ObjectRef(124621163998): object was freed before callback; returning Nil.
    [338] <engine-1>[GdPAI] ObjectRef(124621163998): object was freed before callback; returning Nil.
    [339] <engine-1>[GdPAI] ObjectRef(124621163998): object was freed before callback; returning Nil.
    [340] <engine-1>[GdPAI] ObjectRef(124621163998): object was freed before callback; returning Nil.
    [341] <engine-1>[GdPAI] ObjectRef(124621163998): object was freed before callback; returning Nil.
    [342] <engine-1>[GdPAI] ObjectRef(124621163998): object was freed before callback; returning Nil.
    [343] <engine-1>[GdPAI] ObjectRef(124621163998): object was freed before callback; returning Nil.
    [344] <engine-1>[GdPAI] ObjectRef(124621163998): object was freed before callback; returning Nil.
    [345] <engine-1>[GdPAI] ObjectRef(124621163998): object was freed before callback; returning Nil.
    [346] <engine-1>[GdPAI] ObjectRef(124621163998): object was freed before callback; returning Nil.
    [347] <engine-1>[GdPAI] ObjectRef(124621163998): object was freed before callback; returning Nil.
    [348] <engine-1>[GdPAI] ObjectRef(124621163998): object was freed before callback; returning Nil.
    [349] <engine-1>[GdPAI] ObjectRef(124621163998): object was freed before callback; returning Nil.
    [350] <engine-1>[GdPAI] ObjectRef(124621163998): object was freed before callback; returning Nil.
    [351] <engine-1>[GdPAI] ObjectRef(124621163998): object was freed before callback; returning Nil.
    [352] <engine-1>[GdPAI] ObjectRef(124621163998): object was freed before callback; returning Nil.
    [353] <engine-1>[GdPAI] ObjectRef(124621163998): object was freed before callback; returning Nil.
    [354] <engine-1>[GdPAI] ObjectRef(124621163998): object was freed before callback; returning Nil.
    [355] <engine-1>[GdPAI] ObjectRef(124621163998): object was freed before callback; returning Nil.
    [356] <engine-1>[GdPAI] ObjectRef(124621163998): object was freed before callback; returning Nil.
    [357] <engine-1>[GdPAI] ObjectRef(124621163998): object was freed before callback; returning Nil.
    [358] <engine-1>[GdPAI] ObjectRef(124621163998): object was freed before callback; returning Nil.
    [359] <engine-1>[GdPAI] ObjectRef(124621163998): object was freed before callback; returning Nil.
    [360] <engine-1>[GdPAI] ObjectRef(124621163998): object was freed before callback; returning Nil.
    [361] <engine-1>[GdPAI] ObjectRef(124621163998): object was freed before callback; returning Nil.
    [362] <engine-1>[GdPAI] ObjectRef(124621163998): object was freed before callback; returning Nil.
    [363] <engine-1>[GdPAI] ObjectRef(124621163998): object was freed before callback; returning Nil.
    [364] <engine-1>[GdPAI] ObjectRef(124621163998): object was freed before callback; returning Nil.
    [365] <engine-1>[GdPAI] ObjectRef(124621163998): object was freed before callback; returning Nil.
    [366] <engine-1>[GdPAI] ObjectRef(124621163998): object was freed before callback; returning Nil.
    [367] <engine-1>[GdPAI] ObjectRef(124621163998): object was freed before callback; returning Nil.
    [368] <engine-1>[GdPAI] ObjectRef(124621163998): object was freed before callback; returning Nil.
    [369] <engine-1>[GdPAI] ObjectRef(124621163998): object was freed before callback; returning Nil.
    [370] <engine-1>[GdPAI] ObjectRef(124621163998): object was freed before callback; returning Nil.
    [371] <engine-1>[GdPAI] ObjectRef(124621163998): object was freed before callback; returning Nil.
    [372] <engine-1>[GdPAI] ObjectRef(124621163998): object was freed before callback; returning Nil.
    [373] <engine-1>[GdPAI] ObjectRef(124621163998): object was freed before callback; returning Nil.
    [374] <engine-1>[GdPAI] ObjectRef(124621163998): object was freed before callback; returning Nil.
    [375] <engine-1>[GdPAI] ObjectRef(124621163998): object was freed before callback; returning Nil.
    [376] <engine-1>[GdPAI] ObjectRef(124621163998): object was freed before callback; returning Nil.
    [377] <engine-1>[GdPAI] ObjectRef(124621163998): object was freed before callback; returning Nil.
    [378] <engine-1>[GdPAI] ObjectRef(124621163998): object was freed before callback; returning Nil.
    [379] <engine-1>[GdPAI] ObjectRef(124621163998): object was freed before callback; returning Nil.
    [380] <engine-1>[GdPAI] ObjectRef(124621163998): object was freed before callback; returning Nil.
    [381] <engine-1>[GdPAI] ObjectRef(124621163998): object was freed before callback; returning Nil.
    [382] <engine-1>[GdPAI] ObjectRef(124621163998): object was freed before callback; returning Nil.
    [383] <engine-1>[GdPAI] ObjectRef(124621163998): object was freed before callback; returning Nil.
    [384] <engine-1>[GdPAI] ObjectRef(124621163998): object was freed before callback; returning Nil.
    [385] <engine-1>[GdPAI] ObjectRef(124621163998): object was freed before callback; returning Nil.
    [386] <engine-1>[GdPAI] ObjectRef(124621163998): object was freed before callback; returning Nil.
    [387] <engine-1>[GdPAI] ObjectRef(124621163998): object was freed before callback; returning Nil.
    [388] <engine-1>[GdPAI] ObjectRef(124621163998): object was freed before callback; returning Nil.
    [389] <engine-1>[GdPAI] ObjectRef(124621163998): object was freed before callback; returning Nil.
    [390] <engine-1>[GdPAI] ObjectRef(124621163998): object was freed before callback; returning Nil.
    [391] <engine-1>[GdPAI] ObjectRef(124621163998): object was freed before callback; returning Nil.
    [392] <engine-1>[GdPAI] ObjectRef(124621163998): object was freed before callback; returning Nil.
    [393] <engine-1>[GdPAI] ObjectRef(124621163998): object was freed before callback; returning Nil.
    [394] <engine-1>[GdPAI] ObjectRef(124621163998): object was freed before callback; returning Nil.
    [395] <engine-1>[GdPAI] ObjectRef(124621163998): object was freed before callback; returning Nil.
    [396] <engine-1>[GdPAI] ObjectRef(124621163998): object was freed before callback; returning Nil.
    [397] <engine-1>[GdPAI] ObjectRef(124621163998): object was freed before callback; returning Nil.
    [398] <engine-1>[GdPAI] ObjectRef(124621163998): object was freed before callback; returning Nil.
    [399] <engine-1>[GdPAI] ObjectRef(125661351450): object was freed before callback; returning Nil.
    [400] <engine-1>[GdPAI] ObjectRef(125661351450): object was freed before callback; returning Nil.
    [401] <engine-1>[GdPAI] ObjectRef(124621163998): object was freed before callback; returning Nil.
    [402] <engine-1>[GdPAI] ObjectRef(124621163998): object was freed before callback; returning Nil.
    [403] <engine-1>[GdPAI] ObjectRef(125661351450): object was freed before callback; returning Nil.
    [404] <engine-1>[GdPAI] ObjectRef(125661351450): object was freed before callback; returning Nil.
    [405] <engine-1>[GdPAI] ObjectRef(124621163998): object was freed before callback; returning Nil.
    [406] <engine-1>[GdPAI] ObjectRef(125661351450): object was freed before callback; returning Nil.
    [407] <engine-1>[GdPAI] ObjectRef(125661351450): object was freed before callback; returning Nil.
    [408] <engine-1>[GdPAI] ObjectRef(124621163998): object was freed before callback; returning Nil.
    [409] <engine-1>[GdPAI] ObjectRef(125661351450): object was freed before callback; returning Nil.
    [410] <engine-1>[GdPAI] ObjectRef(125661351450): object was freed before callback; returning Nil.
    [411] <engine-1>[GdPAI] ObjectRef(124621163998): object was freed before callback; returning Nil.
    [412] <engine-1>[GdPAI] ObjectRef(124134624705): object was freed before callback; returning Nil.
    [413] <engine-1>[GdPAI] ObjectRef(124134624705): object was freed before callback; returning Nil.
    [414] <engine-1>[GdPAI] ObjectRef(124621163998): object was freed before callback; returning Nil.
    [415] <engine-1>[GdPAI] ObjectRef(124134624705): object was freed before callback; returning Nil.
    [416] <engine-1>[GdPAI] ObjectRef(124134624705): object was freed before callback; returning Nil.
    [417] <engine-1>[GdPAI] ObjectRef(124621163998): object was freed before callback; returning Nil.
    [418] <engine-1>[GdPAI] ObjectRef(124134624705): object was freed before callback; returning Nil.
    [419] <engine-1>[GdPAI] ObjectRef(124134624705): object was freed before callback; returning Nil.
    [420] <engine-1>[GdPAI] ObjectRef(124621163998): object was freed before callback; returning Nil.
    [421] <engine-1>[GdPAI] ObjectRef(124134624705): object was freed before callback; returning Nil.
    [422] <engine-1>[GdPAI] ObjectRef(124134624705): object was freed before callback; returning Nil.
    [423] <engine-1>[GdPAI] ObjectRef(124621163998): object was freed before callback; returning Nil.
    [424] <engine-1>[GdPAI] ObjectRef(124621163998): object was freed before callback; returning Nil.
    [425] <engine-1>[GdPAI] ObjectRef(124621163998): object was freed before callback; returning Nil.
    [426] <engine-1>[GdPAI] ObjectRef(124621163998): object was freed before callback; returning Nil.
    [427] <engine-1>[GdPAI] ObjectRef(124621163998): object was freed before callback; returning Nil.
    [428] <engine-1>[GdPAI] ObjectRef(124621163998): object was freed before callback; returning Nil.
    [429] <engine-1>[GdPAI] ObjectRef(124621163998): object was freed before callback; returning Nil.
    [430] <engine-1>[GdPAI] ObjectRef(124621163998): object was freed before callback; returning Nil.
    [431] <engine-1>[GdPAI] ObjectRef(124621163998): object was freed before callback; returning Nil.
    [432] <engine-1>[GdPAI] ObjectRef(124134624705): object was freed before callback; returning Nil.
    [433] <engine-1>[GdPAI] ObjectRef(124134624705): object was freed before callback; returning Nil.
    [434] <engine-1>[GdPAI] ObjectRef(124621163998): object was freed before callback; returning Nil.
    [435] <engine-1>[GdPAI] ObjectRef(124134624705): object was freed before callback; returning Nil.
    [436] <engine-1>[GdPAI] ObjectRef(124134624705): object was freed before callback; returning Nil.
    [437] <engine-1>[GdPAI] ObjectRef(124621163998): object was freed before callback; returning Nil.
    [438] <engine-1>[GdPAI] ObjectRef(124134624705): object was freed before callback; returning Nil.
    [439] <engine-1>[GdPAI] ObjectRef(124134624705): object was freed before callback; returning Nil.
    [440] <engine-1>[GdPAI] ObjectRef(124621163998): object was freed before callback; returning Nil.
    [441] <engine-1>[GdPAI] ObjectRef(124134624705): object was freed before callback; returning Nil.
    [442] <engine-1>[GdPAI] ObjectRef(124134624705): object was freed before callback; returning Nil.
    [443] <engine-1>[GdPAI] ObjectRef(124621163998): object was freed before callback; returning Nil.
    [444] <engine-1>[GdPAI] ObjectRef(124621163998): object was freed before callback; returning Nil.
    [445] <engine-1>[GdPAI] ObjectRef(124621163998): object was freed before callback; returning Nil.
    [446] <engine-1>[GdPAI] ObjectRef(124621163998): object was freed before callback; returning Nil.
    [447] <engine-1>[GdPAI] ObjectRef(125661351450): object was freed before callback; returning Nil.
    [448] <engine-1>[GdPAI] ObjectRef(125661351450): object was freed before callback; returning Nil.
    [449] <engine-1>[GdPAI] ObjectRef(124621163998): object was freed before callback; returning Nil.
    [450] <engine-1>[GdPAI] ObjectRef(124621163998): object was freed before callback; returning Nil.
    [451] <engine-1>[GdPAI] ObjectRef(125661351450): object was freed before callback; returning Nil.
    [452] <engine-1>[GdPAI] ObjectRef(125661351450): object was freed before callback; returning Nil.
    [453] <engine-1>[GdPAI] ObjectRef(124621163998): object was freed before callback; returning Nil.
    [454] <engine-1>[GdPAI] ObjectRef(125661351450): object was freed before callback; returning Nil.
    [455] <engine-1>[GdPAI] ObjectRef(125661351450): object was freed before callback; returning Nil.
    [456] <engine-1>[GdPAI] ObjectRef(124621163998): object was freed before callback; returning Nil.
    [457] <engine-1>[GdPAI] ObjectRef(125661351450): object was freed before callback; returning Nil.
    [458] <engine-1>[GdPAI] ObjectRef(125661351450): object was freed before callback; returning Nil.
    [459] <engine-1>[GdPAI] ObjectRef(124621163998): object was freed before callback; returning Nil.
    [460] <engine-1>[GdPAI] ObjectRef(124134624705): object was freed before callback; returning Nil.
    [461] <engine-1>[GdPAI] ObjectRef(124134624705): object was freed before callback; returning Nil.
    [462] <engine-1>[GdPAI] ObjectRef(124621163998): object was freed before callback; returning Nil.
    [463] <engine-1>[GdPAI] ObjectRef(124134624705): object was freed before callback; returning Nil.
    [464] <engine-1>[GdPAI] ObjectRef(124134624705): object was freed before callback; returning Nil.
    [465] <engine-1>[GdPAI] ObjectRef(124621163998): object was freed before callback; returning Nil.
    [466] <engine-1>[GdPAI] ObjectRef(124134624705): object was freed before callback; returning Nil.
    [467] <engine-1>[GdPAI] ObjectRef(124134624705): object was freed before callback; returning Nil.
    [468] <engine-1>[GdPAI] ObjectRef(124621163998): object was freed before callback; returning Nil.
    [469] <engine-1>[GdPAI] ObjectRef(124134624705): object was freed before callback; returning Nil.
    [470] <engine-1>[GdPAI] ObjectRef(124134624705): object was freed before callback; returning Nil.
    [471] <engine-1>[GdPAI] ObjectRef(124621163998): object was freed before callback; returning Nil.
    [472] <engine-1>[GdPAI] ObjectRef(124621163998): object was freed before callback; returning Nil.
    [473] <engine-1>[GdPAI] ObjectRef(124621163998): object was freed before callback; returning Nil.
    [474] <engine-1>[GdPAI] ObjectRef(124621163998): object was freed before callback; returning Nil.
    [475] <engine-1>[GdPAI] ObjectRef(124621163998): object was freed before callback; returning Nil.
    [476] <engine-1>[GdPAI] ObjectRef(124621163998): object was freed before callback; returning Nil.
    [477] <engine-1>[GdPAI] ObjectRef(124621163998): object was freed before callback; returning Nil.
    [478] <engine-1>[GdPAI] ObjectRef(124621163998): object was freed before callback; returning Nil.
    [479] <engine-1>[GdPAI] ObjectRef(124621163998): object was freed before callback; returning Nil.
    [480] <engine-1>[GdPAI] ObjectRef(124134624705): object was freed before callback; returning Nil.
    [481] <engine-1>[GdPAI] ObjectRef(124134624705): object was freed before callback; returning Nil.
    [482] <engine-1>[GdPAI] ObjectRef(124621163998): object was freed before callback; returning Nil.
    [483] <engine-1>[GdPAI] ObjectRef(124134624705): object was freed before callback; returning Nil.
    [484] <engine-1>[GdPAI] ObjectRef(124134624705): object was freed before callback; returning Nil.
    [485] <engine-1>[GdPAI] ObjectRef(124621163998): object was freed before callback; returning Nil.
    [486] <engine-1>[GdPAI] ObjectRef(124134624705): object was freed before callback; returning Nil.
    [487] <engine-1>[GdPAI] ObjectRef(124134624705): object was freed before callback; returning Nil.
    [488] <engine-1>[GdPAI] ObjectRef(124621163998): object was freed before callback; returning Nil.
    [489] <engine-1>[GdPAI] ObjectRef(124134624705): object was freed before callback; returning Nil.
    [490] <engine-1>[GdPAI] ObjectRef(124134624705): object was freed before callback; returning Nil.
    [491] <engine-1>[GdPAI] ObjectRef(124621163998): object was freed before callback; returning Nil.
    [492] <engine-1>[GdPAI] ObjectRef(124621163998): object was freed before callback; returning Nil.
    [493] <engine-1>[GdPAI] ObjectRef(124621163998): object was freed before callback; returning Nil.
    [494] <engine-1>[GdPAI] ObjectRef(124621163998): object was freed before callback; returning Nil.
    [495] <engine-1>[GdPAI] ObjectRef(124621163998): object was freed before callback; returning Nil.
    [496] <engine-1>[GdPAI] ObjectRef(124621163998): object was freed before callback; returning Nil.
    [497] <engine-1>[GdPAI] ObjectRef(124621163998): object was freed before callback; returning Nil.
    [498] <engine-1>[GdPAI] ObjectRef(124621163998): object was freed before callback; returning Nil.
    [499] <engine-1>[GdPAI] ObjectRef(124621163998): object was freed before callback; returning Nil.
    [500] <engine-1>[GdPAI] ObjectRef(124134624705): object was freed before callback; returning Nil.
    [501] <engine-1>[GdPAI] ObjectRef(124134624705): object was freed before callback; returning Nil.
    [502] <engine-1>[GdPAI] ObjectRef(124621163998): object was freed before callback; returning Nil.
    [503] <engine-1>[GdPAI] ObjectRef(124134624705): object was freed before callback; returning Nil.
    [504] <engine-1>[GdPAI] ObjectRef(124134624705): object was freed before callback; returning Nil.
    [505] <engine-1>[GdPAI] ObjectRef(124621163998): object was freed before callback; returning Nil.
    [506] <engine-1>[GdPAI] ObjectRef(124134624705): object was freed before callback; returning Nil.
    [507] <engine-1>[GdPAI] ObjectRef(124134624705): object was freed before callback; returning Nil.
    [508] <engine-1>[GdPAI] ObjectRef(124621163998): object was freed before callback; returning Nil.
    [509] <engine-1>[GdPAI] ObjectRef(124134624705): object was freed before callback; returning Nil.
    [510] <engine-1>[GdPAI] ObjectRef(124134624705): object was freed before callback; returning Nil.
    [511] <engine-1>[GdPAI] ObjectRef(124621163998): object was freed before callback; returning Nil.
    [512] <engine-1>[GdPAI] ObjectRef(124621163998): object was freed before callback; returning Nil.
    [513] <engine-1>[GdPAI] ObjectRef(124621163998): object was freed before callback; returning Nil.
    [514] <engine-1>[GdPAI] ObjectRef(124621163998): object was freed before callback; returning Nil.
    [515] <engine-1>[GdPAI] ObjectRef(124621163998): object was freed before callback; returning Nil.
    [516] <engine-1>[GdPAI] ObjectRef(124621163998): object was freed before callback; returning Nil.
    [517] <engine-1>[GdPAI] ObjectRef(124621163998): object was freed before callback; returning Nil.
    [518] <engine-1>[GdPAI] ObjectRef(124621163998): object was freed before callback; returning Nil.
    [519] <engine-1>[GdPAI] ObjectRef(124621163998): object was freed before callback; returning Nil.
    [520] <engine-1>[GdPAI] ObjectRef(124134624705): object was freed before callback; returning Nil.
    [521] <engine-1>[GdPAI] ObjectRef(124134624705): object was freed before callback; returning Nil.
    [522] <engine-1>[GdPAI] ObjectRef(124621163998): object was freed before callback; returning Nil.
    [523] <engine-1>[GdPAI] ObjectRef(124134624705): object was freed before callback; returning Nil.
    [524] <engine-1>[GdPAI] ObjectRef(124134624705): object was freed before callback; returning Nil.
    [525] <engine-1>[GdPAI] ObjectRef(124621163998): object was freed before callback; returning Nil.
    [526] <engine-1>[GdPAI] ObjectRef(124134624705): object was freed before callback; returning Nil.
    [527] <engine-1>[GdPAI] ObjectRef(124134624705): object was freed before callback; returning Nil.
    [528] <engine-1>[GdPAI] ObjectRef(124621163998): object was freed before callback; returning Nil.
    [529] <engine-1>[GdPAI] ObjectRef(124134624705): object was freed before callback; returning Nil.
    [530] <engine-1>[GdPAI] ObjectRef(124134624705): object was freed before callback; returning Nil.
    [531] <engine-1>[GdPAI] ObjectRef(124621163998): object was freed before callback; returning Nil.
    [532] <engine-1>[GdPAI] ObjectRef(124621163998): object was freed before callback; returning Nil.
    [533] <engine-1>[GdPAI] ObjectRef(124621163998): object was freed before callback; returning Nil.
    [534] <engine-1>[GdPAI] ObjectRef(124621163998): object was freed before callback; returning Nil.
    [535] <engine-1>[GdPAI] ObjectRef(124621163998): object was freed before callback; returning Nil.
    [536] <engine-1>[GdPAI] ObjectRef(124621163998): object was freed before callback; returning Nil.
    [537] <engine-1>[GdPAI] ObjectRef(124621163998): object was freed before callback; returning Nil.
    [538] <engine-1>[GdPAI] ObjectRef(124621163998): object was freed before callback; returning Nil.
    [539] <engine-1>[GdPAI] ObjectRef(124621163998): object was freed before callback; returning Nil.
    [540] <engine-1>[GdPAI] ObjectRef(124134624705): object was freed before callback; returning Nil.
    [541] <engine-1>[GdPAI] ObjectRef(124134624705): object was freed before callback; returning Nil.
    [542] <engine-1>[GdPAI] ObjectRef(124621163998): object was freed before callback; returning Nil.
    [543] <engine-1>[GdPAI] ObjectRef(124134624705): object was freed before callback; returning Nil.
    [544] <engine-1>[GdPAI] ObjectRef(124134624705): object was freed before callback; returning Nil.
    [545] <engine-1>[GdPAI] ObjectRef(124621163998): object was freed before callback; returning Nil.
    [546] <engine-1>[GdPAI] ObjectRef(124134624705): object was freed before callback; returning Nil.
    [547] <engine-1>[GdPAI] ObjectRef(124134624705): object was freed before callback; returning Nil.
    [548] <engine-1>[GdPAI] ObjectRef(124621163998): object was freed before callback; returning Nil.
    [549] <engine-1>[GdPAI] ObjectRef(124134624705): object was freed before callback; returning Nil.
    [550] <engine-1>[GdPAI] ObjectRef(124134624705): object was freed before callback; returning Nil.
    [551] <engine-1>[GdPAI] ObjectRef(124621163998): object was freed before callback; returning Nil.
    [552] <engine-1>[GdPAI] ObjectRef(124621163998): object was freed before callback; returning Nil.
    [553] <engine-1>[GdPAI] ObjectRef(124621163998): object was freed before callback; returning Nil.
    [554] <engine-1>[GdPAI] ObjectRef(124621163998): object was freed before callback; returning Nil.
    [555] <engine-1>[GdPAI] ObjectRef(124621163998): object was freed before callback; returning Nil.
    [556] <engine-1>[GdPAI] ObjectRef(124621163998): object was freed before callback; returning Nil.
    [557] <engine-1>[GdPAI] ObjectRef(124621163998): object was freed before callback; returning Nil.
    [558] <engine-1>[GdPAI] ObjectRef(124621163998): object was freed before callback; returning Nil.
    [559] <engine-1>[GdPAI] ObjectRef(124621163998): object was freed before callback; returning Nil.
    [560] <engine-1>[GdPAI] ObjectRef(124134624705): object was freed before callback; returning Nil.
    [561] <engine-1>[GdPAI] ObjectRef(124134624705): object was freed before callback; returning Nil.
    [562] <engine-1>[GdPAI] ObjectRef(124621163998): object was freed before callback; returning Nil.
    [563] <engine-1>[GdPAI] ObjectRef(124134624705): object was freed before callback; returning Nil.
    [564] <engine-1>[GdPAI] ObjectRef(124134624705): object was freed before callback; returning Nil.
    [565] <engine-1>[GdPAI] ObjectRef(124621163998): object was freed before callback; returning Nil.
    [566] <engine-1>[GdPAI] ObjectRef(124134624705): object was freed before callback; returning Nil.
    [567] <engine-1>[GdPAI] ObjectRef(124134624705): object was freed before callback; returning Nil.
    [568] <engine-1>[GdPAI] ObjectRef(124621163998): object was freed before callback; returning Nil.
    [569] <engine-1>[GdPAI] ObjectRef(124134624705): object was freed before callback; returning Nil.
    [570] <engine-1>[GdPAI] ObjectRef(124134624705): object was freed before callback; returning Nil.
    [571] <engine-1>[GdPAI] ObjectRef(124621163998): object was freed before callback; returning Nil.
    [572] <engine-1>[GdPAI] ObjectRef(124621163998): object was freed before callback; returning Nil.
    [573] <engine-1>[GdPAI] ObjectRef(124621163998): object was freed before callback; returning Nil.
    [574] <engine-1>[GdPAI] ObjectRef(124621163998): object was freed before callback; returning Nil.
    [575] <engine-1>[GdPAI] ObjectRef(124621163998): object was freed before callback; returning Nil.
    [576] <engine-1>[GdPAI] ObjectRef(124621163998): object was freed before callback; returning Nil.
    [577] <engine-1>[GdPAI] ObjectRef(124621163998): object was freed before callback; returning Nil.
    [578] <engine-1>[GdPAI] ObjectRef(124621163998): object was freed before callback; returning Nil.
    [579] <engine-1>[GdPAI] ObjectRef(124621163998): object was freed before callback; returning Nil.
    [580] <engine-1>[GdPAI] ObjectRef(124621163998): object was freed before callback; returning Nil.
    [581] <engine-1>[GdPAI] ObjectRef(124621163998): object was freed before callback; returning Nil.
    [582] <engine-1>[GdPAI] ObjectRef(124621163998): object was freed before callback; returning Nil.
    [583] <engine-1>[GdPAI] ObjectRef(124621163998): object was freed before callback; returning Nil.
    [584] <engine-1>[GdPAI] ObjectRef(124621163998): object was freed before callback; returning Nil.
    [585] <engine-1>[GdPAI] ObjectRef(124621163998): object was freed before callback; returning Nil.
    [586] <engine-1>[GdPAI] ObjectRef(124621163998): object was freed before callback; returning Nil.
    [587] <engine-1>[GdPAI] ObjectRef(124621163998): object was freed before callback; returning Nil.
    [588] <engine-1>[GdPAI] ObjectRef(124621163998): object was freed before callback; returning Nil.
    [589] <engine-1>[GdPAI] ObjectRef(124621163998): object was freed before callback; returning Nil.
    [590] <engine-1>[GdPAI] ObjectRef(124621163998): object was freed before callback; returning Nil.
    [591] <engine-1>[GdPAI] ObjectRef(124621163998): object was freed before callback; returning Nil.
    [592] <engine-1>[GdPAI] ObjectRef(124621163998): object was freed before callback; returning Nil.
    [593] <engine-1>[GdPAI] ObjectRef(124621163998): object was freed before callback; returning Nil.
    [594] <engine-1>[GdPAI] ObjectRef(124621163998): object was freed before callback; returning Nil.
    [595] <engine-1>[GdPAI] ObjectRef(124621163998): object was freed before callback; returning Nil.
    [596] <engine-1>[GdPAI] ObjectRef(124621163998): object was freed before callback; returning Nil.
    [597] <engine-1>[GdPAI] ObjectRef(124621163998): object was freed before callback; returning Nil.
    [598] <engine-1>[GdPAI] ObjectRef(124621163998): object was freed before callback; returning Nil.
    [599] <engine-1>[GdPAI] ObjectRef(124621163998): object was freed before callback; returning Nil.
    [600] <engine-1>[GdPAI] ObjectRef(124621163998): object was freed before callback; returning Nil.
    [601] <engine-1>[GdPAI] ObjectRef(124621163998): object was freed before callback; returning Nil.
    [602] <engine-1>[GdPAI] ObjectRef(124621163998): object was freed before callback; returning Nil.
    [603] <engine-1>[GdPAI] ObjectRef(124621163998): object was freed before callback; returning Nil.
    [604] <engine-1>[GdPAI] ObjectRef(124621163998): object was freed before callback; returning Nil.
    [605] <engine-1>[GdPAI] ObjectRef(124621163998): object was freed before callback; returning Nil.
    [606] <engine-1>[GdPAI] ObjectRef(124621163998): object was freed before callback; returning Nil.
    [607] <engine-1>[GdPAI] ObjectRef(124621163998): object was freed before callback; returning Nil.
    [608] <engine-1>[GdPAI] ObjectRef(124621163998): object was freed before callback; returning Nil.
    [609] <engine-1>[GdPAI] ObjectRef(124621163998): object was freed before callback; returning Nil.
    [610] <engine-1>[GdPAI] ObjectRef(124621163998): object was freed before callback; returning Nil.
    [611] <engine-1>[GdPAI] ObjectRef(124621163998): object was freed before callback; returning Nil.
    [612] <engine-1>[GdPAI] ObjectRef(124621163998): object was freed before callback; returning Nil.
    [613] <engine-1>[GdPAI] ObjectRef(124621163998): object was freed before callback; returning Nil.
    [614] <engine-1>[GdPAI] ObjectRef(124621163998): object was freed before callback; returning Nil.
    [615] <engine-1>[GdPAI] ObjectRef(124621163998): object was freed before callback; returning Nil.
    [616] <engine-1>[GdPAI] ObjectRef(124621163998): object was freed before callback; returning Nil.
    [617] <engine-1>[GdPAI] ObjectRef(124621163998): object was freed before callback; returning Nil.
    [618] <engine-1>[GdPAI] ObjectRef(124621163998): object was freed before callback; returning Nil.
    [619] <engine-1>[GdPAI] ObjectRef(124621163998): object was freed before callback; returning Nil.
    [620] <engine-1>[GdPAI] ObjectRef(124621163998): object was freed before callback; returning Nil.
    [621] <engine-1>[GdPAI] ObjectRef(124621163998): object was freed before callback; returning Nil.
    [622] <engine-1>[GdPAI] ObjectRef(124621163998): object was freed before callback; returning Nil.
    [623] <engine-1>[GdPAI] ObjectRef(124621163998): object was freed before callback; returning Nil.
    [624] <engine-1>[GdPAI] ObjectRef(124621163998): object was freed before callback; returning Nil.
    [625] <engine-1>[GdPAI] ObjectRef(124621163998): object was freed before callback; returning Nil.
    [626] <engine-1>[GdPAI] ObjectRef(124621163998): object was freed before callback; returning Nil.
    [627] <engine-1>[GdPAI] ObjectRef(125510356497): object was freed before callback; returning Nil.
    [628] <engine-1>[GdPAI] ObjectRef(125510356497): object was freed before callback; returning Nil.
    [629] <engine-1>[GdPAI] ObjectRef(124621163998): object was freed before callback; returning Nil.
    [630] <engine-1>[GdPAI] ObjectRef(124621163998): object was freed before callback; returning Nil.
    [631] <engine-1>[GdPAI] ObjectRef(125510356497): object was freed before callback; returning Nil.
    [632] <engine-1>[GdPAI] ObjectRef(125510356497): object was freed before callback; returning Nil.
    [633] <engine-1>[GdPAI] ObjectRef(124621163998): object was freed before callback; returning Nil.
    [634] <engine-1>[GdPAI] ObjectRef(125510356497): object was freed before callback; returning Nil.
    [635] <engine-1>[GdPAI] ObjectRef(125510356497): object was freed before callback; returning Nil.
    [636] <engine-1>[GdPAI] ObjectRef(124621163998): object was freed before callback; returning Nil.
    [637] <engine-1>[GdPAI] ObjectRef(125510356497): object was freed before callback; returning Nil.
    [638] <engine-1>[GdPAI] ObjectRef(125510356497): object was freed before callback; returning Nil.
    [639] <engine-1>[GdPAI] ObjectRef(124621163998): object was freed before callback; returning Nil.
    [640] <engine-1>[GdPAI] ObjectRef(124134624705): object was freed before callback; returning Nil.
    [641] <engine-1>[GdPAI] ObjectRef(124134624705): object was freed before callback; returning Nil.
    [642] <engine-1>[GdPAI] ObjectRef(124621163998): object was freed before callback; returning Nil.
    [643] <engine-1>[GdPAI] ObjectRef(124134624705): object was freed before callback; returning Nil.
    [644] <engine-1>[GdPAI] ObjectRef(124134624705): object was freed before callback; returning Nil.
    [645] <engine-1>[GdPAI] ObjectRef(124621163998): object was freed before callback; returning Nil.
    [646] <engine-1>[GdPAI] ObjectRef(124134624705): object was freed before callback; returning Nil.
    [647] <engine-1>[GdPAI] ObjectRef(124134624705): object was freed before callback; returning Nil.
    [648] <engine-1>[GdPAI] ObjectRef(124621163998): object was freed before callback; returning Nil.
    [649] <engine-1>[GdPAI] ObjectRef(124134624705): object was freed before callback; returning Nil.
    [650] <engine-1>[GdPAI] ObjectRef(124134624705): object was freed before callback; returning Nil.
    [651] <engine-1>[GdPAI] ObjectRef(124621163998): object was freed before callback; returning Nil.
    [652] <engine-1>[GdPAI] ObjectRef(124621163998): object was freed before callback; returning Nil.
    [653] <engine-1>[GdPAI] ObjectRef(124621163998): object was freed before callback; returning Nil.
    [654] <engine-1>[GdPAI] ObjectRef(124621163998): object was freed before callback; returning Nil.
    [655] <engine-1>[GdPAI] ObjectRef(124621163998): object was freed before callback; returning Nil.
    [656] <engine-1>[GdPAI] ObjectRef(124621163998): object was freed before callback; returning Nil.
    [657] <engine-1>[GdPAI] ObjectRef(124621163998): object was freed before callback; returning Nil.
    [658] <engine-1>[GdPAI] ObjectRef(124621163998): object was freed before callback; returning Nil.
    [659] <engine-1>[GdPAI] ObjectRef(124621163998): object was freed before callback; returning Nil.
    [660] <engine-1>[GdPAI] ObjectRef(124134624705): object was freed before callback; returning Nil.
    [661] <engine-1>[GdPAI] ObjectRef(124134624705): object was freed before callback; returning Nil.
    [662] <engine-1>[GdPAI] ObjectRef(124621163998): object was freed before callback; returning Nil.
    [663] <engine-1>[GdPAI] ObjectRef(124134624705): object was freed before callback; returning Nil.
    [664] <engine-1>[GdPAI] ObjectRef(124134624705): object was freed before callback; returning Nil.
    [665] <engine-1>[GdPAI] ObjectRef(124621163998): object was freed before callback; returning Nil.
    [666] <engine-1>[GdPAI] ObjectRef(124134624705): object was freed before callback; returning Nil.
    [667] <engine-1>[GdPAI] ObjectRef(124134624705): object was freed before callback; returning Nil.
    [668] <engine-1>[GdPAI] ObjectRef(124621163998): object was freed before callback; returning Nil.
    [669] <engine-1>[GdPAI] ObjectRef(124134624705): object was freed before callback; returning Nil.
    [670] <engine-1>[GdPAI] ObjectRef(124134624705): object was freed before callback; returning Nil.
    [671] <engine-1>[GdPAI] ObjectRef(124621163998): object was freed before callback; returning Nil.
    [672] <engine-1>[GdPAI] ObjectRef(124621163998): object was freed before callback; returning Nil.
    [673] <engine-1>[GdPAI] ObjectRef(124621163998): object was freed before callback; returning Nil.
    [674] <engine-1>[GdPAI] ObjectRef(124621163998): object was freed before callback; returning Nil.
    [675] <engine-1>[GdPAI] ObjectRef(125510356497): object was freed before callback; returning Nil.
    [676] <engine-1>[GdPAI] ObjectRef(125510356497): object was freed before callback; returning Nil.
    [677] <engine-1>[GdPAI] ObjectRef(124621163998): object was freed before callback; returning Nil.
    [678] <engine-1>[GdPAI] ObjectRef(124621163998): object was freed before callback; returning Nil.
    [679] <engine-1>[GdPAI] ObjectRef(125510356497): object was freed before callback; returning Nil.
    [680] <engine-1>[GdPAI] ObjectRef(125510356497): object was freed before callback; returning Nil.
    [681] <engine-1>[GdPAI] ObjectRef(124621163998): object was freed before callback; returning Nil.
    [682] <engine-1>[GdPAI] ObjectRef(125510356497): object was freed before callback; returning Nil.
    [683] <engine-1>[GdPAI] ObjectRef(125510356497): object was freed before callback; returning Nil.
    [684] <engine-1>[GdPAI] ObjectRef(124621163998): object was freed before callback; returning Nil.
    [685] <engine-1>[GdPAI] ObjectRef(125510356497): object was freed before callback; returning Nil.
    [686] <engine-1>[GdPAI] ObjectRef(125510356497): object was freed before callback; returning Nil.
    [687] <engine-1>[GdPAI] ObjectRef(124621163998): object was freed before callback; returning Nil.
    [688] <engine-1>[GdPAI] ObjectRef(124134624705): object was freed before callback; returning Nil.
    [689] <engine-1>[GdPAI] ObjectRef(124134624705): object was freed before callback; returning Nil.
    [690] <engine-1>[GdPAI] ObjectRef(124621163998): object was freed before callback; returning Nil.
    [691] <engine-1>[GdPAI] ObjectRef(124134624705): object was freed before callback; returning Nil.
    [692] <engine-1>[GdPAI] ObjectRef(124134624705): object was freed before callback; returning Nil.
    [693] <engine-1>[GdPAI] ObjectRef(124621163998): object was freed before callback; returning Nil.
    [694] <engine-1>[GdPAI] ObjectRef(124134624705): object was freed before callback; returning Nil.
    [695] <engine-1>[GdPAI] ObjectRef(124134624705): object was freed before callback; returning Nil.
    [696] <engine-1>[GdPAI] ObjectRef(124621163998): object was freed before callback; returning Nil.
    [697] <engine-1>[GdPAI] ObjectRef(124134624705): object was freed before callback; returning Nil.
    [698] <engine-1>[GdPAI] ObjectRef(124134624705): object was freed before callback; returning Nil.
    [699] <engine-1>[GdPAI] ObjectRef(124621163998): object was freed before callback; returning Nil.
    [700] <engine-1>[GdPAI] ObjectRef(124621163998): object was freed before callback; returning Nil.
    [701] <engine-1>[GdPAI] ObjectRef(124621163998): object was freed before callback; returning Nil.
    [702] <engine-1>[GdPAI] ObjectRef(124621163998): object was freed before callback; returning Nil.
    [703] <engine-1>[GdPAI] ObjectRef(124621163998): object was freed before callback; returning Nil.
    [704] <engine-1>[GdPAI] ObjectRef(124621163998): object was freed before callback; returning Nil.
    [705] <engine-1>[GdPAI] ObjectRef(124621163998): object was freed before callback; returning Nil.
    [706] <engine-1>[GdPAI] ObjectRef(124621163998): object was freed before callback; returning Nil.
    [707] <engine-1>[GdPAI] ObjectRef(124621163998): object was freed before callback; returning Nil.
    [708] <engine-1>[GdPAI] ObjectRef(124134624705): object was freed before callback; returning Nil.
    [709] <engine-1>[GdPAI] ObjectRef(124134624705): object was freed before callback; returning Nil.
    [710] <engine-1>[GdPAI] ObjectRef(124621163998): object was freed before callback; returning Nil.
    [711] <engine-1>[GdPAI] ObjectRef(124134624705): object was freed before callback; returning Nil.
    [712] <engine-1>[GdPAI] ObjectRef(124134624705): object was freed before callback; returning Nil.
    [713] <engine-1>[GdPAI] ObjectRef(124621163998): object was freed before callback; returning Nil.
    [714] <engine-1>[GdPAI] ObjectRef(124134624705): object was freed before callback; returning Nil.
    [715] <engine-1>[GdPAI] ObjectRef(124134624705): object was freed before callback; returning Nil.
    [716] <engine-1>[GdPAI] ObjectRef(124621163998): object was freed before callback; returning Nil.
    [717] <engine-1>[GdPAI] ObjectRef(124134624705): object was freed before callback; returning Nil.
    [718] <engine-1>[GdPAI] ObjectRef(124134624705): object was freed before callback; returning Nil.
    [719] <engine-1>[GdPAI] ObjectRef(124621163998): object was freed before callback; returning Nil.
    [720] <engine-1>[GdPAI] ObjectRef(124621163998): object was freed before callback; returning Nil.
    [721] <engine-1>[GdPAI] ObjectRef(124621163998): object was freed before callback; returning Nil.
    [722] <engine-1>[GdPAI] ObjectRef(124621163998): object was freed before callback; returning Nil.
    [723] <engine-1>[GdPAI] ObjectRef(124621163998): object was freed before callback; returning Nil.
    [724] <engine-1>[GdPAI] ObjectRef(124621163998): object was freed before callback; returning Nil.
    [725] <engine-1>[GdPAI] ObjectRef(124621163998): object was freed before callback; returning Nil.
    [726] <engine-1>[GdPAI] ObjectRef(124621163998): object was freed before callback; returning Nil.
    [727] <engine-1>[GdPAI] ObjectRef(124621163998): object was freed before callback; returning Nil.
    [728] <engine-1>[GdPAI] ObjectRef(124134624705): object was freed before callback; returning Nil.
    [729] <engine-1>[GdPAI] ObjectRef(124134624705): object was freed before callback; returning Nil.
    [730] <engine-1>[GdPAI] ObjectRef(124621163998): object was freed before callback; returning Nil.
    [731] <engine-1>[GdPAI] ObjectRef(124134624705): object was freed before callback; returning Nil.
    [732] <engine-1>[GdPAI] ObjectRef(124134624705): object was freed before callback; returning Nil.
    [733] <engine-1>[GdPAI] ObjectRef(124621163998): object was freed before callback; returning Nil.
    [734] <engine-1>[GdPAI] ObjectRef(124134624705): object was freed before callback; returning Nil.
    [735] <engine-1>[GdPAI] ObjectRef(124134624705): object was freed before callback; returning Nil.
    [736] <engine-1>[GdPAI] ObjectRef(124621163998): object was freed before callback; returning Nil.
    [737] <engine-1>[GdPAI] ObjectRef(124134624705): object was freed before callback; returning Nil.
    [738] <engine-1>[GdPAI] ObjectRef(124134624705): object was freed before callback; returning Nil.
    [739] <engine-1>[GdPAI] ObjectRef(124621163998): object was freed before callback; returning Nil.
    [740] <engine-1>[GdPAI] ObjectRef(124621163998): object was freed before callback; returning Nil.
    [741] <engine-1>[GdPAI] ObjectRef(124621163998): object was freed before callback; returning Nil.
    [742] <engine-1>[GdPAI] ObjectRef(124621163998): object was freed before callback; returning Nil.
    [743] <engine-1>[GdPAI] ObjectRef(124621163998): object was freed before callback; returning Nil.
    [744] <engine-1>[GdPAI] ObjectRef(124621163998): object was freed before callback; returning Nil.
    [745] <engine-1>[GdPAI] ObjectRef(124621163998): object was freed before callback; returning Nil.
    [746] <engine-1>[GdPAI] ObjectRef(124621163998): object was freed before callback; returning Nil.
    [747] <engine-1>[GdPAI] ObjectRef(124621163998): object was freed before callback; returning Nil.
    [748] <engine-1>[GdPAI] ObjectRef(124134624705): object was freed before callback; returning Nil.
    [749] <engine-1>[GdPAI] ObjectRef(124134624705): object was freed before callback; returning Nil.
    [750] <engine-1>[GdPAI] ObjectRef(124621163998): object was freed before callback; returning Nil.
    [751] <engine-1>[GdPAI] ObjectRef(124134624705): object was freed before callback; returning Nil.
    [752] <engine-1>[GdPAI] ObjectRef(124134624705): object was freed before callback; returning Nil.
    [753] <engine-1>[GdPAI] ObjectRef(124621163998): object was freed before callback; returning Nil.
    [754] <engine-1>[GdPAI] ObjectRef(124134624705): object was freed before callback; returning Nil.
    [755] <engine-1>[GdPAI] ObjectRef(124134624705): object was freed before callback; returning Nil.
    [756] <engine-1>[GdPAI] ObjectRef(124621163998): object was freed before callback; returning Nil.
    [757] <engine-1>[GdPAI] ObjectRef(124134624705): object was freed before callback; returning Nil.
    [758] <engine-1>[GdPAI] ObjectRef(124134624705): object was freed before callback; returning Nil.
    [759] <engine-1>[GdPAI] ObjectRef(124621163998): object was freed before callback; returning Nil.
    [760] <engine-1>[GdPAI] ObjectRef(124621163998): object was freed before callback; returning Nil.
    [761] <engine-1>[GdPAI] ObjectRef(124621163998): object was freed before callback; returning Nil.
    [762] <engine-1>[GdPAI] ObjectRef(124621163998): object was freed before callback; returning Nil.
    [763] <engine-1>[GdPAI] ObjectRef(124621163998): object was freed before callback; returning Nil.
    [764] <engine-1>[GdPAI] ObjectRef(124621163998): object was freed before callback; returning Nil.
    [765] <engine-1>[GdPAI] ObjectRef(124621163998): object was freed before callback; returning Nil.
    [766] <engine-1>[GdPAI] ObjectRef(124621163998): object was freed before callback; returning Nil.
    [767] <engine-1>[GdPAI] ObjectRef(124621163998): object was freed before callback; returning Nil.
    [768] <engine-1>[GdPAI] ObjectRef(124134624705): object was freed before callback; returning Nil.
    [769] <engine-1>[GdPAI] ObjectRef(124134624705): object was freed before callback; returning Nil.
    [770] <engine-1>[GdPAI] ObjectRef(124621163998): object was freed before callback; returning Nil.
    [771] <engine-1>[GdPAI] ObjectRef(124134624705): object was freed before callback; returning Nil.
    [772] <engine-1>[GdPAI] ObjectRef(124134624705): object was freed before callback; returning Nil.
    [773] <engine-1>[GdPAI] ObjectRef(124621163998): object was freed before callback; returning Nil.
    [774] <engine-1>[GdPAI] ObjectRef(124134624705): object was freed before callback; returning Nil.
    [775] <engine-1>[GdPAI] ObjectRef(124134624705): object was freed before callback; returning Nil.
    [776] <engine-1>[GdPAI] ObjectRef(124621163998): object was freed before callback; returning Nil.
    [777] <engine-1>[GdPAI] ObjectRef(124134624705): object was freed before callback; returning Nil.
    [778] <engine-1>[GdPAI] ObjectRef(124134624705): object was freed before callback; returning Nil.
    [779] <engine-1>[GdPAI] ObjectRef(124621163998): object was freed before callback; returning Nil.
    [780] <engine-1>[GdPAI] ObjectRef(124621163998): object was freed before callback; returning Nil.
    [781] <engine-1>[GdPAI] ObjectRef(124621163998): object was freed before callback; returning Nil.
    [782] <engine-1>[GdPAI] ObjectRef(124621163998): object was freed before callback; returning Nil.
    [783] <engine-1>[GdPAI] ObjectRef(124621163998): object was freed before callback; returning Nil.
    [784] <engine-1>[GdPAI] ObjectRef(124621163998): object was freed before callback; returning Nil.
    [785] <engine-1>[GdPAI] ObjectRef(124621163998): object was freed before callback; returning Nil.
    [786] <engine-1>[GdPAI] ObjectRef(124621163998): object was freed before callback; returning Nil.
    [787] <engine-1>[GdPAI] ObjectRef(124621163998): object was freed before callback; returning Nil.
    [788] <engine-1>[GdPAI] ObjectRef(124134624705): object was freed before callback; returning Nil.
    [789] <engine-1>[GdPAI] ObjectRef(124134624705): object was freed before callback; returning Nil.
    [790] <engine-1>[GdPAI] ObjectRef(124621163998): object was freed before callback; returning Nil.
    [791] <engine-1>[GdPAI] ObjectRef(124134624705): object was freed before callback; returning Nil.
    [792] <engine-1>[GdPAI] ObjectRef(124134624705): object was freed before callback; returning Nil.
    [793] <engine-1>[GdPAI] ObjectRef(124621163998): object was freed before callback; returning Nil.
    [794] <engine-1>[GdPAI] ObjectRef(124134624705): object was freed before callback; returning Nil.
    [795] <engine-1>[GdPAI] ObjectRef(124134624705): object was freed before callback; returning Nil.
    [796] <engine-1>[GdPAI] ObjectRef(124621163998): object was freed before callback; returning Nil.
    [797] <engine-1>[GdPAI] ObjectRef(124134624705): object was freed before callback; returning Nil.
    [798] <engine-1>[GdPAI] ObjectRef(124134624705): object was freed before callback; returning Nil.
    [799] <engine-1>[GdPAI] ObjectRef(124621163998): object was freed before callback; returning Nil.
    [800] <engine-1>[GdPAI] ObjectRef(124621163998): object was freed before callback; returning Nil.
    [801] <engine-1>[GdPAI] ObjectRef(124621163998): object was freed before callback; returning Nil.
    [802] <engine-1>[GdPAI] ObjectRef(124621163998): object was freed before callback; returning Nil.
    [803] <engine-1>[GdPAI] ObjectRef(124621163998): object was freed before callback; returning Nil.
    [804] <engine-1>[GdPAI] ObjectRef(124621163998): object was freed before callback; returning Nil.
    [805] <engine-1>[GdPAI] ObjectRef(124621163998): object was freed before callback; returning Nil.
    [806] <engine-1>[GdPAI] ObjectRef(124621163998): object was freed before callback; returning Nil.
    [807] <engine-1>[GdPAI] ObjectRef(124621163998): object was freed before callback; returning Nil.
    [808] <engine-1>[GdPAI] ObjectRef(124621163998): object was freed before callback; returning Nil.
    [809] <engine-1>[GdPAI] ObjectRef(124621163998): object was freed before callback; returning Nil.
    [810] <engine-1>[GdPAI] ObjectRef(124621163998): object was freed before callback; returning Nil.
    [811] <engine-1>[GdPAI] ObjectRef(124621163998): object was freed before callback; returning Nil.
    [812] <engine-1>[GdPAI] ObjectRef(124621163998): object was freed before callback; returning Nil.
    [813] <engine-1>[GdPAI] ObjectRef(124621163998): object was freed before callback; returning Nil.
    [814] <engine-1>[GdPAI] ObjectRef(124621163998): object was freed before callback; returning Nil.
    [815] <engine-1>[GdPAI] ObjectRef(124621163998): object was freed before callback; returning Nil.
    [816] <engine-1>[GdPAI] ObjectRef(124621163998): object was freed before callback; returning Nil.
    [817] <engine-1>[GdPAI] ObjectRef(124621163998): object was freed before callback; returning Nil.
    [818] <engine-1>[GdPAI] ObjectRef(124621163998): object was freed before callback; returning Nil.
    [819] <engine-1>[GdPAI] ObjectRef(124621163998): object was freed before callback; returning Nil.
    [820] <engine-1>[GdPAI] ObjectRef(124621163998): object was freed before callback; returning Nil.
    [821] <engine-1>[GdPAI] ObjectRef(124621163998): object was freed before callback; returning Nil.
    [822] <engine-1>[GdPAI] ObjectRef(124621163998): object was freed before callback; returning Nil.
    [823] <engine-1>[GdPAI] ObjectRef(124621163998): object was freed before callback; returning Nil.
    [824] <engine-1>[GdPAI] ObjectRef(124621163998): object was freed before callback; returning Nil.
    [825] <engine-1>[GdPAI] ObjectRef(124621163998): object was freed before callback; returning Nil.
    [826] <engine-1>[GdPAI] ObjectRef(124621163998): object was freed before callback; returning Nil.
    [827] <engine-1>[GdPAI] ObjectRef(124621163998): object was freed before callback; returning Nil.
    [828] <engine-1>[GdPAI] ObjectRef(124621163998): object was freed before callback; returning Nil.
    [829] <engine-1>[GdPAI] ObjectRef(124621163998): object was freed before callback; returning Nil.
    [830] <engine-1>[GdPAI] ObjectRef(124621163998): object was freed before callback; returning Nil.
    [831] <engine-1>[GdPAI] ObjectRef(124621163998): object was freed before callback; returning Nil.
    [832] <engine-1>[GdPAI] ObjectRef(124621163998): object was freed before callback; returning Nil.
    [833] <engine-1>[GdPAI] ObjectRef(124621163998): object was freed before callback; returning Nil.
    [834] <engine-1>[GdPAI] ObjectRef(124621163998): object was freed before callback; returning Nil.
    [835] <engine-1>[GdPAI] ObjectRef(124621163998): object was freed before callback; returning Nil.
    [836] <engine-1>[GdPAI] ObjectRef(124621163998): object was freed before callback; returning Nil.
    [837] <engine-1>[GdPAI] ObjectRef(124621163998): object was freed before callback; returning Nil.
    [838] <engine-1>[GdPAI] ObjectRef(124621163998): object was freed before callback; returning Nil.
    [839] <engine-1>[GdPAI] ObjectRef(124621163998): object was freed before callback; returning Nil.
    [840] <engine-1>[GdPAI] ObjectRef(124621163998): object was freed before callback; returning Nil.
    [841] <engine-1>[GdPAI] ObjectRef(124621163998): object was freed before callback; returning Nil.
    [842] <engine-1>[GdPAI] ObjectRef(124621163998): object was freed before callback; returning Nil.
    [843] <engine-1>[GdPAI] ObjectRef(124621163998): object was freed before callback; returning Nil.
    [844] <engine-1>[GdPAI] ObjectRef(124621163998): object was freed before callback; returning Nil.
    [845] <engine-1>[GdPAI] ObjectRef(124621163998): object was freed before callback; returning Nil.
    [846] <engine-1>[GdPAI] ObjectRef(124621163998): object was freed before callback; returning Nil.
    [847] <engine-1>[GdPAI] ObjectRef(124621163998): object was freed before callback; returning Nil.
    [848] <engine-1>[GdPAI] ObjectRef(124621163998): object was freed before callback; returning Nil.
    [849] <engine-1>[GdPAI] ObjectRef(124621163998): object was freed before callback; returning Nil.
    [850] <engine-1>[GdPAI] ObjectRef(124621163998): object was freed before callback; returning Nil.
    [851] <engine-1>[GdPAI] ObjectRef(124621163998): object was freed before callback; returning Nil.
    [852] <engine-1>[GdPAI] ObjectRef(124621163998): object was freed before callback; returning Nil.
    [853] <engine-1>[GdPAI] ObjectRef(124621163998): object was freed before callback; returning Nil.
    [854] <engine-1>[GdPAI] ObjectRef(124621163998): object was freed before callback; returning Nil.
    [855] <engine-1>[GdPAI] ObjectRef(125208366591): object was freed before callback; returning Nil.
    [856] <engine-1>[GdPAI] ObjectRef(125208366591): object was freed before callback; returning Nil.
    [857] <engine-1>[GdPAI] ObjectRef(124621163998): object was freed before callback; returning Nil.
    [858] <engine-1>[GdPAI] ObjectRef(124621163998): object was freed before callback; returning Nil.
    [859] <engine-1>[GdPAI] ObjectRef(125208366591): object was freed before callback; returning Nil.
    [860] <engine-1>[GdPAI] ObjectRef(125208366591): object was freed before callback; returning Nil.
    [861] <engine-1>[GdPAI] ObjectRef(124621163998): object was freed before callback; returning Nil.
    [862] <engine-1>[GdPAI] ObjectRef(125208366591): object was freed before callback; returning Nil.
    [863] <engine-1>[GdPAI] ObjectRef(125208366591): object was freed before callback; returning Nil.
    [864] <engine-1>[GdPAI] ObjectRef(124621163998): object was freed before callback; returning Nil.
    [865] <engine-1>[GdPAI] ObjectRef(125208366591): object was freed before callback; returning Nil.
    [866] <engine-1>[GdPAI] ObjectRef(125208366591): object was freed before callback; returning Nil.
    [867] <engine-1>[GdPAI] ObjectRef(124621163998): object was freed before callback; returning Nil.
    [868] <engine-1>[GdPAI] ObjectRef(124134624705): object was freed before callback; returning Nil.
    [869] <engine-1>[GdPAI] ObjectRef(124134624705): object was freed before callback; returning Nil.
    [870] <engine-1>[GdPAI] ObjectRef(124621163998): object was freed before callback; returning Nil.
    [871] <engine-1>[GdPAI] ObjectRef(124134624705): object was freed before callback; returning Nil.
    [872] <engine-1>[GdPAI] ObjectRef(124134624705): object was freed before callback; returning Nil.
    [873] <engine-1>[GdPAI] ObjectRef(124621163998): object was freed before callback; returning Nil.
    [874] <engine-1>[GdPAI] ObjectRef(124134624705): object was freed before callback; returning Nil.
    [875] <engine-1>[GdPAI] ObjectRef(124134624705): object was freed before callback; returning Nil.
    [876] <engine-1>[GdPAI] ObjectRef(124621163998): object was freed before callback; returning Nil.
    [877] <engine-1>[GdPAI] ObjectRef(124134624705): object was freed before callback; returning Nil.
    [878] <engine-1>[GdPAI] ObjectRef(124134624705): object was freed before callback; returning Nil.
    [879] <engine-1>[GdPAI] ObjectRef(124621163998): object was freed before callback; returning Nil.
    [880] <engine-1>[GdPAI] ObjectRef(124621163998): object was freed before callback; returning Nil.
    [881] <engine-1>[GdPAI] ObjectRef(124621163998): object was freed before callback; returning Nil.
    [882] <engine-1>[GdPAI] ObjectRef(124621163998): object was freed before callback; returning Nil.
    [883] <engine-1>[GdPAI] ObjectRef(124621163998): object was freed before callback; returning Nil.
    [884] <engine-1>[GdPAI] ObjectRef(124621163998): object was freed before callback; returning Nil.
    [885] <engine-1>[GdPAI] ObjectRef(124621163998): object was freed before callback; returning Nil.
    [886] <engine-1>[GdPAI] ObjectRef(124621163998): object was freed before callback; returning Nil.
    [887] <engine-1>[GdPAI] ObjectRef(124621163998): object was freed before callback; returning Nil.
    [888] <engine-1>[GdPAI] ObjectRef(124134624705): object was freed before callback; returning Nil.
    [889] <engine-1>[GdPAI] ObjectRef(124134624705): object was freed before callback; returning Nil.
    [890] <engine-1>[GdPAI] ObjectRef(124621163998): object was freed before callback; returning Nil.
    [891] <engine-1>[GdPAI] ObjectRef(124134624705): object was freed before callback; returning Nil.
    [892] <engine-1>[GdPAI] ObjectRef(124134624705): object was freed before callback; returning Nil.
    [893] <engine-1>[GdPAI] ObjectRef(124621163998): object was freed before callback; returning Nil.
    [894] <engine-1>[GdPAI] ObjectRef(124134624705): object was freed before callback; returning Nil.
    [895] <engine-1>[GdPAI] ObjectRef(124134624705): object was freed before callback; returning Nil.
    [896] <engine-1>[GdPAI] ObjectRef(124621163998): object was freed before callback; returning Nil.
    [897] <engine-1>[GdPAI] ObjectRef(124134624705): object was freed before callback; returning Nil.
    [898] <engine-1>[GdPAI] ObjectRef(124134624705): object was freed before callback; returning Nil.
    [899] <engine-1>[GdPAI] ObjectRef(124621163998): object was freed before callback; returning Nil.
    [900] <engine-1>[GdPAI] ObjectRef(124621163998): object was freed before callback; returning Nil.
    [901] <engine-1>[GdPAI] ObjectRef(124621163998): object was freed before callback; returning Nil.
    [902] <engine-1>[GdPAI] ObjectRef(124621163998): object was freed before callback; returning Nil.
    [903] <engine-1>[GdPAI] ObjectRef(125208366591): object was freed before callback; returning Nil.
    [904] <engine-1>[GdPAI] ObjectRef(125208366591): object was freed before callback; returning Nil.
    [905] <engine-1>[GdPAI] ObjectRef(124621163998): object was freed before callback; returning Nil.
    [906] <engine-1>[GdPAI] ObjectRef(124621163998): object was freed before callback; returning Nil.
    [907] <engine-1>[GdPAI] ObjectRef(125208366591): object was freed before callback; returning Nil.
    [908] <engine-1>[GdPAI] ObjectRef(125208366591): object was freed before callback; returning Nil.
    [909] <engine-1>[GdPAI] ObjectRef(124621163998): object was freed before callback; returning Nil.
    [910] <engine-1>[GdPAI] ObjectRef(125208366591): object was freed before callback; returning Nil.
    [911] <engine-1>[GdPAI] ObjectRef(125208366591): object was freed before callback; returning Nil.
    [912] <engine-1>[GdPAI] ObjectRef(124621163998): object was freed before callback; returning Nil.
    [913] <engine-1>[GdPAI] ObjectRef(125208366591): object was freed before callback; returning Nil.
    [914] <engine-1>[GdPAI] ObjectRef(125208366591): object was freed before callback; returning Nil.
    [915] <engine-1>[GdPAI] ObjectRef(124621163998): object was freed before callback; returning Nil.
    [916] <engine-1>[GdPAI] ObjectRef(124134624705): object was freed before callback; returning Nil.
    [917] <engine-1>[GdPAI] ObjectRef(124134624705): object was freed before callback; returning Nil.
    [918] <engine-1>[GdPAI] ObjectRef(124621163998): object was freed before callback; returning Nil.
    [919] <engine-1>[GdPAI] ObjectRef(124134624705): object was freed before callback; returning Nil.
    [920] <engine-1>[GdPAI] ObjectRef(124134624705): object was freed before callback; returning Nil.
    [921] <engine-1>[GdPAI] ObjectRef(124621163998): object was freed before callback; returning Nil.
    [922] <engine-1>[GdPAI] ObjectRef(124134624705): object was freed before callback; returning Nil.
    [923] <engine-1>[GdPAI] ObjectRef(124134624705): object was freed before callback; returning Nil.
    [924] <engine-1>[GdPAI] ObjectRef(124621163998): object was freed before callback; returning Nil.
    [925] <engine-1>[GdPAI] ObjectRef(124134624705): object was freed before callback; returning Nil.
    [926] <engine-1>[GdPAI] ObjectRef(124134624705): object was freed before callback; returning Nil.
    [927] <engine-1>[GdPAI] ObjectRef(124621163998): object was freed before callback; returning Nil.
    [928] <engine-1>[GdPAI] ObjectRef(124621163998): object was freed before callback; returning Nil.
    [929] <engine-1>[GdPAI] ObjectRef(124621163998): object was freed before callback; returning Nil.
    [930] <engine-1>[GdPAI] ObjectRef(124621163998): object was freed before callback; returning Nil.
    [931] <engine-1>[GdPAI] ObjectRef(124621163998): object was freed before callback; returning Nil.
    [932] <engine-1>[GdPAI] ObjectRef(124621163998): object was freed before callback; returning Nil.
    [933] <engine-1>[GdPAI] ObjectRef(124621163998): object was freed before callback; returning Nil.
    [934] <engine-1>[GdPAI] ObjectRef(124621163998): object was freed before callback; returning Nil.
    [935] <engine-1>[GdPAI] ObjectRef(124621163998): object was freed before callback; returning Nil.
    [936] <engine-1>[GdPAI] ObjectRef(124134624705): object was freed before callback; returning Nil.
    [937] <engine-1>[GdPAI] ObjectRef(124134624705): object was freed before callback; returning Nil.
    [938] <engine-1>[GdPAI] ObjectRef(124621163998): object was freed before callback; returning Nil.
    [939] <engine-1>[GdPAI] ObjectRef(124134624705): object was freed before callback; returning Nil.
    [940] <engine-1>[GdPAI] ObjectRef(124134624705): object was freed before callback; returning Nil.
    [941] <engine-1>[GdPAI] ObjectRef(124621163998): object was freed before callback; returning Nil.
    [942] <engine-1>[GdPAI] ObjectRef(124134624705): object was freed before callback; returning Nil.
    [943] <engine-1>[GdPAI] ObjectRef(124134624705): object was freed before callback; returning Nil.
    [944] <engine-1>[GdPAI] ObjectRef(124621163998): object was freed before callback; returning Nil.
    [945] <engine-1>[GdPAI] ObjectRef(124134624705): object was freed before callback; returning Nil.
    [946] <engine-1>[GdPAI] ObjectRef(124134624705): object was freed before callback; returning Nil.
    [947] <engine-1>[GdPAI] ObjectRef(124621163998): object was freed before callback; returning Nil.
    [948] <engine-1>[GdPAI] ObjectRef(124621163998): object was freed before callback; returning Nil.
    [949] <engine-1>[GdPAI] ObjectRef(124621163998): object was freed before callback; returning Nil.
    [950] <engine-1>[GdPAI] ObjectRef(124621163998): object was freed before callback; returning Nil.
    [951] <engine-1>[GdPAI] ObjectRef(124621163998): object was freed before callback; returning Nil.
    [952] <engine-1>[GdPAI] ObjectRef(124621163998): object was freed before callback; returning Nil.
    [953] <engine-1>[GdPAI] ObjectRef(124621163998): object was freed before callback; returning Nil.
    [954] <engine-1>[GdPAI] ObjectRef(124621163998): object was freed before callback; returning Nil.
    [955] <engine-1>[GdPAI] ObjectRef(124621163998): object was freed before callback; returning Nil.
    [956] <engine-1>[GdPAI] ObjectRef(124134624705): object was freed before callback; returning Nil.
    [957] <engine-1>[GdPAI] ObjectRef(124134624705): object was freed before callback; returning Nil.
    [958] <engine-1>[GdPAI] ObjectRef(124621163998): object was freed before callback; returning Nil.
    [959] <engine-1>[GdPAI] ObjectRef(124134624705): object was freed before callback; returning Nil.
    [960] <engine-1>[GdPAI] ObjectRef(124134624705): object was freed before callback; returning Nil.
    [961] <engine-1>[GdPAI] ObjectRef(124621163998): object was freed before callback; returning Nil.
    [962] <engine-1>[GdPAI] ObjectRef(124134624705): object was freed before callback; returning Nil.
    [963] <engine-1>[GdPAI] ObjectRef(124134624705): object was freed before callback; returning Nil.
    [964] <engine-1>[GdPAI] ObjectRef(124621163998): object was freed before callback; returning Nil.
    [965] <engine-1>[GdPAI] ObjectRef(124134624705): object was freed before callback; returning Nil.
    [966] <engine-1>[GdPAI] ObjectRef(124134624705): object was freed before callback; returning Nil.
    [967] <engine-1>[GdPAI] ObjectRef(124621163998): object was freed before callback; returning Nil.
    [968] <engine-1>[GdPAI] ObjectRef(124621163998): object was freed before callback; returning Nil.
    [969] <engine-1>[GdPAI] ObjectRef(124621163998): object was freed before callback; returning Nil.
    [970] <engine-1>[GdPAI] ObjectRef(124621163998): object was freed before callback; returning Nil.
    [971] <engine-1>[GdPAI] ObjectRef(124621163998): object was freed before callback; returning Nil.
    [972] <engine-1>[GdPAI] ObjectRef(124621163998): object was freed before callback; returning Nil.
    [973] <engine-1>[GdPAI] ObjectRef(124621163998): object was freed before callback; returning Nil.
    [974] <engine-1>[GdPAI] ObjectRef(124621163998): object was freed before callback; returning Nil.
    [975] <engine-1>[GdPAI] ObjectRef(124621163998): object was freed before callback; returning Nil.
    [976] <engine-1>[GdPAI] ObjectRef(124134624705): object was freed before callback; returning Nil.
    [977] <engine-1>[GdPAI] ObjectRef(124134624705): object was freed before callback; returning Nil.
    [978] <engine-1>[GdPAI] ObjectRef(124621163998): object was freed before callback; returning Nil.
    [979] <engine-1>[GdPAI] ObjectRef(124134624705): object was freed before callback; returning Nil.
    [980] <engine-1>[GdPAI] ObjectRef(124134624705): object was freed before callback; returning Nil.
    [981] <engine-1>[GdPAI] ObjectRef(124621163998): object was freed before callback; returning Nil.
    [982] <engine-1>[GdPAI] ObjectRef(124134624705): object was freed before callback; returning Nil.
    [983] <engine-1>[GdPAI] ObjectRef(124134624705): object was freed before callback; returning Nil.
    [984] <engine-1>[GdPAI] ObjectRef(124621163998): object was freed before callback; returning Nil.
    [985] <engine-1>[GdPAI] ObjectRef(124134624705): object was freed before callback; returning Nil.
    [986] <engine-1>[GdPAI] ObjectRef(124134624705): object was freed before callback; returning Nil.
    [987] <engine-1>[GdPAI] ObjectRef(124621163998): object was freed before callback; returning Nil.
    [988] <engine-1>[GdPAI] ObjectRef(124621163998): object was freed before callback; returning Nil.
    [989] <engine-1>[GdPAI] ObjectRef(124621163998): object was freed before callback; returning Nil.
    [990] <engine-1>[GdPAI] ObjectRef(124621163998): object was freed before callback; returning Nil.
    [991] <engine-1>[GdPAI] ObjectRef(124621163998): object was freed before callback; returning Nil.
    [992] <engine-1>[GdPAI] ObjectRef(124621163998): object was freed before callback; returning Nil.
    [993] <engine-1>[GdPAI] ObjectRef(124621163998): object was freed before callback; returning Nil.
    [994] <engine-1>[GdPAI] ObjectRef(124621163998): object was freed before callback; returning Nil.
    [995] <engine-1>[GdPAI] ObjectRef(124621163998): object was freed before callback; returning Nil.
    [996] <engine-1>[GdPAI] ObjectRef(124134624705): object was freed before callback; returning Nil.
    [997] <engine-1>[GdPAI] ObjectRef(124134624705): object was freed before callback; returning Nil.
    [998] <engine-1>[GdPAI] ObjectRef(124621163998): object was freed before callback; returning Nil.
    [999] <engine-1>[GdPAI] ObjectRef(124134624705): object was freed before callback; returning Nil.
    [1000] <engine-1>[GdPAI] ObjectRef(124134624705): object was freed before callback; returning Nil.
    [1001] <engine-1>[GdPAI] ObjectRef(124621163998): object was freed before callback; returning Nil.
    [1002] <engine-1>[GdPAI] ObjectRef(124134624705): object was freed before callback; returning Nil.
    [1003] <engine-1>[GdPAI] ObjectRef(124134624705): object was freed before callback; returning Nil.
    [1004] <engine-1>[GdPAI] ObjectRef(124621163998): object was freed before callback; returning Nil.
    [1005] <engine-1>[GdPAI] ObjectRef(124134624705): object was freed before callback; returning Nil.
    [1006] <engine-1>[GdPAI] ObjectRef(124134624705): object was freed before callback; returning Nil.
    [1007] <engine-1>[GdPAI] ObjectRef(124621163998): object was freed before callback; returning Nil.
    [1008] <engine-1>[GdPAI] ObjectRef(124621163998): object was freed before callback; returning Nil.
    [1009] <engine-1>[GdPAI] ObjectRef(124621163998): object was freed before callback; returning Nil.
    [1010] <engine-1>[GdPAI] ObjectRef(124621163998): object was freed before callback; returning Nil.
    [1011] <engine-1>[GdPAI] ObjectRef(124621163998): object was freed before callback; returning Nil.
    [1012] <engine-1>[GdPAI] ObjectRef(124621163998): object was freed before callback; returning Nil.
    [1013] <engine-1>[GdPAI] ObjectRef(124621163998): object was freed before callback; returning Nil.
    [1014] <engine-1>[GdPAI] ObjectRef(124621163998): object was freed before callback; returning Nil.
    [1015] <engine-1>[GdPAI] ObjectRef(124621163998): object was freed before callback; returning Nil.
    [1016] <engine-1>[GdPAI] ObjectRef(124134624705): object was freed before callback; returning Nil.
    [1017] <engine-1>[GdPAI] ObjectRef(124134624705): object was freed before callback; returning Nil.
    [1018] <engine-1>[GdPAI] ObjectRef(124621163998): object was freed before callback; returning Nil.
    [1019] <engine-1>[GdPAI] ObjectRef(124134624705): object was freed before callback; returning Nil.
    [1020] <engine-1>[GdPAI] ObjectRef(124134624705): object was freed before callback; returning Nil.
    [1021] <engine-1>[GdPAI] ObjectRef(124621163998): object was freed before callback; returning Nil.
    [1022] <engine-1>[GdPAI] ObjectRef(124134624705): object was freed before callback; returning Nil.
    [1023] <engine-1>[GdPAI] ObjectRef(124134624705): object was freed before callback; returning Nil.
    [1024] <engine-1>[GdPAI] ObjectRef(124621163998): object was freed before callback; returning Nil.
    [1025] <engine-1>[GdPAI] ObjectRef(124134624705): object was freed before callback; returning Nil.
    [1026] <engine-1>[GdPAI] ObjectRef(124134624705): object was freed before callback; returning Nil.
    [1027] <engine-1>[GdPAI] ObjectRef(124621163998): object was freed before callback; returning Nil.
    [1028] <engine-1>[GdPAI] ObjectRef(124621163998): object was freed before callback; returning Nil.
    [1029] <engine-1>[GdPAI] ObjectRef(124621163998): object was freed before callback; returning Nil.
    [1030] <engine-1>[GdPAI] ObjectRef(124621163998): object was freed before callback; returning Nil.
    [1031] <engine-1>[GdPAI] ObjectRef(124621163998): object was freed before callback; returning Nil.
    [1032] <engine-1>[GdPAI] ObjectRef(124621163998): object was freed before callback; returning Nil.
    [1033] <engine-1>[GdPAI] ObjectRef(124621163998): object was freed before callback; returning Nil.
    [1034] <engine-1>[GdPAI] ObjectRef(124621163998): object was freed before callback; returning Nil.
    [1035] <engine-1>[GdPAI] ObjectRef(124621163998): object was freed before callback; returning Nil.
    [1036] <engine-1>[GdPAI] ObjectRef(124621163998): object was freed before callback; returning Nil.
    [1037] <engine-1>[GdPAI] ObjectRef(124621163998): object was freed before callback; returning Nil.
    [1038] <engine-1>[GdPAI] ObjectRef(124621163998): object was freed before callback; returning Nil.
    [1039] <engine-1>[GdPAI] ObjectRef(124621163998): object was freed before callback; returning Nil.
    [1040] <engine-1>[GdPAI] ObjectRef(124621163998): object was freed before callback; returning Nil.
    [1041] <engine-1>[GdPAI] ObjectRef(124621163998): object was freed before callback; returning Nil.
    [1042] <engine-1>[GdPAI] ObjectRef(124621163998): object was freed before callback; returning Nil.
    [1043] <engine-1>[GdPAI] ObjectRef(124621163998): object was freed before callback; returning Nil.
    [1044] <engine-1>[GdPAI] ObjectRef(124621163998): object was freed before callback; returning Nil.
    [1045] <engine-1>[GdPAI] ObjectRef(124621163998): object was freed before callback; returning Nil.
    [1046] <engine-1>[GdPAI] ObjectRef(124621163998): object was freed before callback; returning Nil.
    [1047] <engine-1>[GdPAI] ObjectRef(124621163998): object was freed before callback; returning Nil.
    [1048] <engine-1>[GdPAI] ObjectRef(124621163998): object was freed before callback; returning Nil.
    [1049] <engine-1>[GdPAI] ObjectRef(124621163998): object was freed before callback; returning Nil.
    [1050] <engine-1>[GdPAI] ObjectRef(124621163998): object was freed before callback; returning Nil.
    [1051] <engine-1>[GdPAI] ObjectRef(124621163998): object was freed before callback; returning Nil.
    [1052] <engine-1>[GdPAI] ObjectRef(124621163998): object was freed before callback; returning Nil.
    [1053] <engine-1>[GdPAI] ObjectRef(124621163998): object was freed before callback; returning Nil.
    [1054] <engine-1>[GdPAI] ObjectRef(124621163998): object was freed before callback; returning Nil.
    [1055] <engine-1>[GdPAI] ObjectRef(124621163998): object was freed before callback; returning Nil.
    [1056] <engine-1>[GdPAI] ObjectRef(124621163998): object was freed before callback; returning Nil.
    [1057] <engine-1>[GdPAI] ObjectRef(124621163998): object was freed before callback; returning Nil.
    [1058] <engine-1>[GdPAI] ObjectRef(124621163998): object was freed before callback; returning Nil.
    [1059] <engine-1>[GdPAI] ObjectRef(124621163998): object was freed before callback; returning Nil.
    [1060] <engine-1>[GdPAI] ObjectRef(124621163998): object was freed before callback; returning Nil.
    [1061] <engine-1>[GdPAI] ObjectRef(124621163998): object was freed before callback; returning Nil.
    [1062] <engine-1>[GdPAI] ObjectRef(124621163998): object was freed before callback; returning Nil.
    [1063] <engine-1>[GdPAI] ObjectRef(124621163998): object was freed before callback; returning Nil.
    [1064] <engine-1>[GdPAI] ObjectRef(124621163998): object was freed before callback; returning Nil.
    [1065] <engine-1>[GdPAI] ObjectRef(124621163998): object was freed before callback; returning Nil.
    [1066] <engine-1>[GdPAI] ObjectRef(124621163998): object was freed before callback; returning Nil.
    [1067] <engine-1>[GdPAI] ObjectRef(124621163998): object was freed before callback; returning Nil.
    [1068] <engine-1>[GdPAI] ObjectRef(124621163998): object was freed before callback; returning Nil.
    [1069] <engine-1>[GdPAI] ObjectRef(124621163998): object was freed before callback; returning Nil.
    [1070] <engine-1>[GdPAI] ObjectRef(124621163998): object was freed before callback; returning Nil.
    [1071] <engine-1>[GdPAI] ObjectRef(124621163998): object was freed before callback; returning Nil.
    [1072] <engine-1>[GdPAI] ObjectRef(124621163998): object was freed before callback; returning Nil.
    [1073] <engine-1>[GdPAI] ObjectRef(124621163998): object was freed before callback; returning Nil.
    [1074] <engine-1>[GdPAI] ObjectRef(124621163998): object was freed before callback; returning Nil.
    [1075] <engine-1>[GdPAI] ObjectRef(124621163998): object was freed before callback; returning Nil.
    [1076] <engine-1>[GdPAI] ObjectRef(124621163998): object was freed before callback; returning Nil.
    [1077] <engine-1>[GdPAI] ObjectRef(124621163998): object was freed before callback; returning Nil.
    [1078] <engine-1>[GdPAI] ObjectRef(124621163998): object was freed before callback; returning Nil.
    [1079] <engine-1>[GdPAI] ObjectRef(124621163998): object was freed before callback; returning Nil.
    [1080] <engine-1>[GdPAI] ObjectRef(124621163998): object was freed before callback; returning Nil.
    [1081] <engine-1>[GdPAI] ObjectRef(124621163998): object was freed before callback; returning Nil.
    [1082] <engine-1>[GdPAI] ObjectRef(124621163998): object was freed before callback; returning Nil.
    [1083] <engine-1>[GdPAI] ObjectRef(125359361544): object was freed before callback; returning Nil.
    [1084] <engine-1>[GdPAI] ObjectRef(125359361544): object was freed before callback; returning Nil.
    [1085] <engine-1>[GdPAI] ObjectRef(124621163998): object was freed before callback; returning Nil.
    [1086] <engine-1>[GdPAI] ObjectRef(124621163998): object was freed before callback; returning Nil.
    [1087] <engine-1>[GdPAI] ObjectRef(125359361544): object was freed before callback; returning Nil.
    [1088] <engine-1>[GdPAI] ObjectRef(125359361544): object was freed before callback; returning Nil.
    [1089] <engine-1>[GdPAI] ObjectRef(124621163998): object was freed before callback; returning Nil.
    [1090] <engine-1>[GdPAI] ObjectRef(125359361544): object was freed before callback; returning Nil.
    [1091] <engine-1>[GdPAI] ObjectRef(125359361544): object was freed before callback; returning Nil.
    [1092] <engine-1>[GdPAI] ObjectRef(124621163998): object was freed before callback; returning Nil.
    [1093] <engine-1>[GdPAI] ObjectRef(125359361544): object was freed before callback; returning Nil.
    [1094] <engine-1>[GdPAI] ObjectRef(125359361544): object was freed before callback; returning Nil.
    [1095] <engine-1>[GdPAI] ObjectRef(124621163998): object was freed before callback; returning Nil.
    [1096] <engine-1>[GdPAI] ObjectRef(124134624705): object was freed before callback; returning Nil.
    [1097] <engine-1>[GdPAI] ObjectRef(124134624705): object was freed before callback; returning Nil.
    [1098] <engine-1>[GdPAI] ObjectRef(124621163998): object was freed before callback; returning Nil.
    [1099] <engine-1>[GdPAI] ObjectRef(124134624705): object was freed before callback; returning Nil.
    [1100] <engine-1>[GdPAI] ObjectRef(124134624705): object was freed before callback; returning Nil.
    [1101] <engine-1>[GdPAI] ObjectRef(124621163998): object was freed before callback; returning Nil.
    [1102] <engine-1>[GdPAI] ObjectRef(124134624705): object was freed before callback; returning Nil.
    [1103] <engine-1>[GdPAI] ObjectRef(124134624705): object was freed before callback; returning Nil.
    [1104] <engine-1>[GdPAI] ObjectRef(124621163998): object was freed before callback; returning Nil.
    [1105] <engine-1>[GdPAI] ObjectRef(124134624705): object was freed before callback; returning Nil.
    [1106] <engine-1>[GdPAI] ObjectRef(124134624705): object was freed before callback; returning Nil.
    [1107] <engine-1>[GdPAI] ObjectRef(124621163998): object was freed before callback; returning Nil.
    [1108] <engine-1>[GdPAI] ObjectRef(124621163998): object was freed before callback; returning Nil.
    [1109] <engine-1>[GdPAI] ObjectRef(124621163998): object was freed before callback; returning Nil.
    [1110] <engine-1>[GdPAI] ObjectRef(124621163998): object was freed before callback; returning Nil.
    [1111] <engine-1>[GdPAI] ObjectRef(124621163998): object was freed before callback; returning Nil.
    [1112] <engine-1>[GdPAI] ObjectRef(124621163998): object was freed before callback; returning Nil.
    [1113] <engine-1>[GdPAI] ObjectRef(124621163998): object was freed before callback; returning Nil.
    [1114] <engine-1>[GdPAI] ObjectRef(124621163998): object was freed before callback; returning Nil.
    [1115] <engine-1>[GdPAI] ObjectRef(124621163998): object was freed before callback; returning Nil.
    [1116] <engine-1>[GdPAI] ObjectRef(124134624705): object was freed before callback; returning Nil.
    [1117] <engine-1>[GdPAI] ObjectRef(124134624705): object was freed before callback; returning Nil.
    [1118] <engine-1>[GdPAI] ObjectRef(124621163998): object was freed before callback; returning Nil.
    [1119] <engine-1>[GdPAI] ObjectRef(124134624705): object was freed before callback; returning Nil.
    [1120] <engine-1>[GdPAI] ObjectRef(124134624705): object was freed before callback; returning Nil.
    [1121] <engine-1>[GdPAI] ObjectRef(124621163998): object was freed before callback; returning Nil.
    [1122] <engine-1>[GdPAI] ObjectRef(124134624705): object was freed before callback; returning Nil.
    [1123] <engine-1>[GdPAI] ObjectRef(124134624705): object was freed before callback; returning Nil.
    [1124] <engine-1>[GdPAI] ObjectRef(124621163998): object was freed before callback; returning Nil.
    [1125] <engine-1>[GdPAI] ObjectRef(124134624705): object was freed before callback; returning Nil.
    [1126] <engine-1>[GdPAI] ObjectRef(124134624705): object was freed before callback; returning Nil.
    [1127] <engine-1>[GdPAI] ObjectRef(124621163998): object was freed before callback; returning Nil.
    [1128] <engine-1>[GdPAI] ObjectRef(124621163998): object was freed before callback; returning Nil.
    [1129] <engine-1>[GdPAI] ObjectRef(124621163998): object was freed before callback; returning Nil.
    [1130] <engine-1>[GdPAI] ObjectRef(124621163998): object was freed before callback; returning Nil.
    [1131] <engine-1>[GdPAI] ObjectRef(125359361544): object was freed before callback; returning Nil.
    [1132] <engine-1>[GdPAI] ObjectRef(125359361544): object was freed before callback; returning Nil.
    [1133] <engine-1>[GdPAI] ObjectRef(124621163998): object was freed before callback; returning Nil.
    [1134] <engine-1>[GdPAI] ObjectRef(124621163998): object was freed before callback; returning Nil.
    [1135] <engine-1>[GdPAI] ObjectRef(125359361544): object was freed before callback; returning Nil.
    [1136] <engine-1>[GdPAI] ObjectRef(125359361544): object was freed before callback; returning Nil.
    [1137] <engine-1>[GdPAI] ObjectRef(124621163998): object was freed before callback; returning Nil.
    [1138] <engine-1>[GdPAI] ObjectRef(125359361544): object was freed before callback; returning Nil.
    [1139] <engine-1>[GdPAI] ObjectRef(125359361544): object was freed before callback; returning Nil.
    [1140] <engine-1>[GdPAI] ObjectRef(124621163998): object was freed before callback; returning Nil.
    [1141] <engine-1>[GdPAI] ObjectRef(125359361544): object was freed before callback; returning Nil.
    [1142] <engine-1>[GdPAI] ObjectRef(125359361544): object was freed before callback; returning Nil.
    [1143] <engine-1>[GdPAI] ObjectRef(124621163998): object was freed before callback; returning Nil.
    [1144] <engine-1>[GdPAI] ObjectRef(124134624705): object was freed before callback; returning Nil.
    [1145] <engine-1>[GdPAI] ObjectRef(124134624705): object was freed before callback; returning Nil.
    [1146] <engine-1>[GdPAI] ObjectRef(124621163998): object was freed before callback; returning Nil.
    [1147] <engine-1>[GdPAI] ObjectRef(124134624705): object was freed before callback; returning Nil.
    [1148] <engine-1>[GdPAI] ObjectRef(124134624705): object was freed before callback; returning Nil.
    [1149] <engine-1>[GdPAI] ObjectRef(124621163998): object was freed before callback; returning Nil.
    [1150] <engine-1>[GdPAI] ObjectRef(124134624705): object was freed before callback; returning Nil.
    [1151] <engine-1>[GdPAI] ObjectRef(124134624705): object was freed before callback; returning Nil.
    [1152] <engine-1>[GdPAI] ObjectRef(124621163998): object was freed before callback; returning Nil.
    [1153] <engine-1>[GdPAI] ObjectRef(124134624705): object was freed before callback; returning Nil.
    [1154] <engine-1>[GdPAI] ObjectRef(124134624705): object was freed before callback; returning Nil.
    [1155] <engine-1>[GdPAI] ObjectRef(124621163998): object was freed before callback; returning Nil.
    [1156] <engine-1>[GdPAI] ObjectRef(124621163998): object was freed before callback; returning Nil.
    [1157] <engine-1>[GdPAI] ObjectRef(124621163998): object was freed before callback; returning Nil.
    [1158] <engine-1>[GdPAI] ObjectRef(124621163998): object was freed before callback; returning Nil.
    [1159] <engine-1>[GdPAI] ObjectRef(124621163998): object was freed before callback; returning Nil.
    [1160] <engine-1>[GdPAI] ObjectRef(124621163998): object was freed before callback; returning Nil.
    [1161] <engine-1>[GdPAI] ObjectRef(124621163998): object was freed before callback; returning Nil.
    [1162] <engine-1>[GdPAI] ObjectRef(124621163998): object was freed before callback; returning Nil.
    [1163] <engine-1>[GdPAI] ObjectRef(124621163998): object was freed before callback; returning Nil.
    [1164] <engine-1>[GdPAI] ObjectRef(124134624705): object was freed before callback; returning Nil.
    [1165] <engine-1>[GdPAI] ObjectRef(124134624705): object was freed before callback; returning Nil.
    [1166] <engine-1>[GdPAI] ObjectRef(124621163998): object was freed before callback; returning Nil.
    [1167] <engine-1>[GdPAI] ObjectRef(124134624705): object was freed before callback; returning Nil.
    [1168] <engine-1>[GdPAI] ObjectRef(124134624705): object was freed before callback; returning Nil.
    [1169] <engine-1>[GdPAI] ObjectRef(124621163998): object was freed before callback; returning Nil.
    [1170] <engine-1>[GdPAI] ObjectRef(124134624705): object was freed before callback; returning Nil.
    [1171] <engine-1>[GdPAI] ObjectRef(124134624705): object was freed before callback; returning Nil.
    [1172] <engine-1>[GdPAI] ObjectRef(124621163998): object was freed before callback; returning Nil.
    [1173] <engine-1>[GdPAI] ObjectRef(124134624705): object was freed before callback; returning Nil.
    [1174] <engine-1>[GdPAI] ObjectRef(124134624705): object was freed before callback; returning Nil.
    [1175] <engine-1>[GdPAI] ObjectRef(124621163998): object was freed before callback; returning Nil.
    [1176] <engine-1>[GdPAI] ObjectRef(124621163998): object was freed before callback; returning Nil.
    [1177] <engine-1>[GdPAI] ObjectRef(124621163998): object was freed before callback; returning Nil.
    [1178] <engine-1>[GdPAI] ObjectRef(124621163998): object was freed before callback; returning Nil.
    [1179] <engine-1>[GdPAI] ObjectRef(124621163998): object was freed before callback; returning Nil.
    [1180] <engine-1>[GdPAI] ObjectRef(124621163998): object was freed before callback; returning Nil.
    [1181] <engine-1>[GdPAI] ObjectRef(124621163998): object was freed before callback; returning Nil.
    [1182] <engine-1>[GdPAI] ObjectRef(124621163998): object was freed before callback; returning Nil.
    [1183] <engine-1>[GdPAI] ObjectRef(124621163998): object was freed before callback; returning Nil.
    [1184] <engine-1>[GdPAI] ObjectRef(124134624705): object was freed before callback; returning Nil.
    [1185] <engine-1>[GdPAI] ObjectRef(124134624705): object was freed before callback; returning Nil.
    [1186] <engine-1>[GdPAI] ObjectRef(124621163998): object was freed before callback; returning Nil.
    [1187] <engine-1>[GdPAI] ObjectRef(124134624705): object was freed before callback; returning Nil.
    [1188] <engine-1>[GdPAI] ObjectRef(124134624705): object was freed before callback; returning Nil.
    [1189] <engine-1>[GdPAI] ObjectRef(124621163998): object was freed before callback; returning Nil.
    [1190] <engine-1>[GdPAI] ObjectRef(124134624705): object was freed before callback; returning Nil.
    [1191] <engine-1>[GdPAI] ObjectRef(124134624705): object was freed before callback; returning Nil.
    [1192] <engine-1>[GdPAI] ObjectRef(124621163998): object was freed before callback; returning Nil.
    [1193] <engine-1>[GdPAI] ObjectRef(124134624705): object was freed before callback; returning Nil.
    [1194] <engine-1>[GdPAI] ObjectRef(124134624705): object was freed before callback; returning Nil.
    [1195] <engine-1>[GdPAI] ObjectRef(124621163998): object was freed before callback; returning Nil.
    [1196] <engine-1>[GdPAI] ObjectRef(124621163998): object was freed before callback; returning Nil.
    [1197] <engine-1>[GdPAI] ObjectRef(124621163998): object was freed before callback; returning Nil.
    [1198] <engine-1>[GdPAI] ObjectRef(124621163998): object was freed before callback; returning Nil.
    [1199] <engine-1>[GdPAI] ObjectRef(124621163998): object was freed before callback; returning Nil.
    [1200] <engine-1>[GdPAI] ObjectRef(124621163998): object was freed before callback; returning Nil.
    [1201] <engine-1>[GdPAI] ObjectRef(124621163998): object was freed before callback; returning Nil.
    [1202] <engine-1>[GdPAI] ObjectRef(124621163998): object was freed before callback; returning Nil.
    [1203] <engine-1>[GdPAI] ObjectRef(124621163998): object was freed before callback; returning Nil.
    [1204] <engine-1>[GdPAI] ObjectRef(124134624705): object was freed before callback; returning Nil.
    [1205] <engine-1>[GdPAI] ObjectRef(124134624705): object was freed before callback; returning Nil.
    [1206] <engine-1>[GdPAI] ObjectRef(124621163998): object was freed before callback; returning Nil.
    [1207] <engine-1>[GdPAI] ObjectRef(124134624705): object was freed before callback; returning Nil.
    [1208] <engine-1>[GdPAI] ObjectRef(124134624705): object was freed before callback; returning Nil.
    [1209] <engine-1>[GdPAI] ObjectRef(124621163998): object was freed before callback; returning Nil.
    [1210] <engine-1>[GdPAI] ObjectRef(124134624705): object was freed before callback; returning Nil.
    [1211] <engine-1>[GdPAI] ObjectRef(124134624705): object was freed before callback; returning Nil.
    [1212] <engine-1>[GdPAI] ObjectRef(124621163998): object was freed before callback; returning Nil.
    [1213] <engine-1>[GdPAI] ObjectRef(124134624705): object was freed before callback; returning Nil.
    [1214] <engine-1>[GdPAI] ObjectRef(124134624705): object was freed before callback; returning Nil.
    [1215] <engine-1>[GdPAI] ObjectRef(124621163998): object was freed before callback; returning Nil.
    [1216] <engine-1>[GdPAI] ObjectRef(124621163998): object was freed before callback; returning Nil.
    [1217] <engine-1>[GdPAI] ObjectRef(124621163998): object was freed before callback; returning Nil.
    [1218] <engine-1>[GdPAI] ObjectRef(124621163998): object was freed before callback; returning Nil.
    [1219] <engine-1>[GdPAI] ObjectRef(124621163998): object was freed before callback; returning Nil.
    [1220] <engine-1>[GdPAI] ObjectRef(124621163998): object was freed before callback; returning Nil.
    [1221] <engine-1>[GdPAI] ObjectRef(124621163998): object was freed before callback; returning Nil.
    [1222] <engine-1>[GdPAI] ObjectRef(124621163998): object was freed before callback; returning Nil.
    [1223] <engine-1>[GdPAI] ObjectRef(124621163998): object was freed before callback; returning Nil.
    [1224] <engine-1>[GdPAI] ObjectRef(124134624705): object was freed before callback; returning Nil.
    [1225] <engine-1>[GdPAI] ObjectRef(124134624705): object was freed before callback; returning Nil.
    [1226] <engine-1>[GdPAI] ObjectRef(124621163998): object was freed before callback; returning Nil.
    [1227] <engine-1>[GdPAI] ObjectRef(124134624705): object was freed before callback; returning Nil.
    [1228] <engine-1>[GdPAI] ObjectRef(124134624705): object was freed before callback; returning Nil.
    [1229] <engine-1>[GdPAI] ObjectRef(124621163998): object was freed before callback; returning Nil.
    [1230] <engine-1>[GdPAI] ObjectRef(124134624705): object was freed before callback; returning Nil.
    [1231] <engine-1>[GdPAI] ObjectRef(124134624705): object was freed before callback; returning Nil.
    [1232] <engine-1>[GdPAI] ObjectRef(124621163998): object was freed before callback; returning Nil.
    [1233] <engine-1>[GdPAI] ObjectRef(124134624705): object was freed before callback; returning Nil.
    [1234] <engine-1>[GdPAI] ObjectRef(124134624705): object was freed before callback; returning Nil.
    [1235] <engine-1>[GdPAI] ObjectRef(124621163998): object was freed before callback; returning Nil.
    [1236] <engine-1>[GdPAI] ObjectRef(124621163998): object was freed before callback; returning Nil.
    [1237] <engine-1>[GdPAI] ObjectRef(124621163998): object was freed before callback; returning Nil.
    [1238] <engine-1>[GdPAI] ObjectRef(124621163998): object was freed before callback; returning Nil.
    [1239] <engine-1>[GdPAI] ObjectRef(124621163998): object was freed before callback; returning Nil.
    [1240] <engine-1>[GdPAI] ObjectRef(124621163998): object was freed before callback; returning Nil.
    [1241] <engine-1>[GdPAI] ObjectRef(124621163998): object was freed before callback; returning Nil.
    [1242] <engine-1>[GdPAI] ObjectRef(124621163998): object was freed before callback; returning Nil.
    [1243] <engine-1>[GdPAI] ObjectRef(124621163998): object was freed before callback; returning Nil.
    [1244] <engine-1>[GdPAI] ObjectRef(124134624705): object was freed before callback; returning Nil.
    [1245] <engine-1>[GdPAI] ObjectRef(124134624705): object was freed before callback; returning Nil.
    [1246] <engine-1>[GdPAI] ObjectRef(124621163998): object was freed before callback; returning Nil.
    [1247] <engine-1>[GdPAI] ObjectRef(124134624705): object was freed before callback; returning Nil.
    [1248] <engine-1>[GdPAI] ObjectRef(124134624705): object was freed before callback; returning Nil.
    [1249] <engine-1>[GdPAI] ObjectRef(124621163998): object was freed before callback; returning Nil.
    [1250] <engine-1>[GdPAI] ObjectRef(124134624705): object was freed before callback; returning Nil.
    [1251] <engine-1>[GdPAI] ObjectRef(124134624705): object was freed before callback; returning Nil.
    [1252] <engine-1>[GdPAI] ObjectRef(124621163998): object was freed before callback; returning Nil.
    [1253] <engine-1>[GdPAI] ObjectRef(124134624705): object was freed before callback; returning Nil.
    [1254] <engine-1>[GdPAI] ObjectRef(124134624705): object was freed before callback; returning Nil.
    [1255] <engine-1>[GdPAI] ObjectRef(124621163998): object was freed before callback; returning Nil.
    [1256] <engine-1>[GdPAI] ObjectRef(124621163998): object was freed before callback; returning Nil.
    [1257] <engine-1>[GdPAI] ObjectRef(124621163998): object was freed before callback; returning Nil.
    [1258] <engine-1>[GdPAI] ObjectRef(124621163998): object was freed before callback; returning Nil.
    [1259] <engine-1>[GdPAI] ObjectRef(124621163998): object was freed before callback; returning Nil.
    [1260] <engine-1>[GdPAI] ObjectRef(124621163998): object was freed before callback; returning Nil.
    [1261] <engine-1>[GdPAI] ObjectRef(124621163998): object was freed before callback; returning Nil.
    [1262] <engine-1>[GdPAI] ObjectRef(124621163998): object was freed before callback; returning Nil.
    [1263] <engine-1>[GdPAI] ObjectRef(124621163998): object was freed before callback; returning Nil.
    [1264] <engine-1>[GdPAI] ObjectRef(124621163998): object was freed before callback; returning Nil.
    [1265] <engine-1>[GdPAI] ObjectRef(124621163998): object was freed before callback; returning Nil.
    [1266] <engine-1>[GdPAI] ObjectRef(124621163998): object was freed before callback; returning Nil.
    [1267] <engine-1>[GdPAI] ObjectRef(124621163998): object was freed before callback; returning Nil.
    [1268] <engine-1>[GdPAI] ObjectRef(124621163998): object was freed before callback; returning Nil.
    [1269] <engine-1>[GdPAI] ObjectRef(124621163998): object was freed before callback; returning Nil.
    [1270] <engine-1>[GdPAI] ObjectRef(124621163998): object was freed before callback; returning Nil.
    [1271] <engine-1>[GdPAI] ObjectRef(124621163998): object was freed before callback; returning Nil.
    [1272] <engine-1>[GdPAI] ObjectRef(124621163998): object was freed before callback; returning Nil.
    [1273] <engine-1>[GdPAI] ObjectRef(124621163998): object was freed before callback; returning Nil.
    [1274] <engine-1>[GdPAI] ObjectRef(124621163998): object was freed before callback; returning Nil.
    [1275] <engine-1>[GdPAI] ObjectRef(124621163998): object was freed before callback; returning Nil.
    [1276] <engine-1>[GdPAI] ObjectRef(124621163998): object was freed before callback; returning Nil.
    [1277] <engine-1>[GdPAI] ObjectRef(124621163998): object was freed before callback; returning Nil.
    [1278] <engine-1>[GdPAI] ObjectRef(124621163998): object was freed before callback; returning Nil.
    [1279] <engine-1>[GdPAI] ObjectRef(124621163998): object was freed before callback; returning Nil.
    [1280] <engine-1>[GdPAI] ObjectRef(124621163998): object was freed before callback; returning Nil.
    [1281] <engine-1>[GdPAI] ObjectRef(124621163998): object was freed before callback; returning Nil.
    [1282] <engine-1>[GdPAI] ObjectRef(124621163998): object was freed before callback; returning Nil.
    [1283] <engine-1>[GdPAI] ObjectRef(124621163998): object was freed before callback; returning Nil.
    [1284] <engine-1>[GdPAI] ObjectRef(124621163998): object was freed before callback; returning Nil.
    [1285] <engine-1>[GdPAI] ObjectRef(124621163998): object was freed before callback; returning Nil.
    [1286] <engine-1>[GdPAI] ObjectRef(124621163998): object was freed before callback; returning Nil.
    [1287] <engine-1>[GdPAI] ObjectRef(124621163998): object was freed before callback; returning Nil.
    [1288] <engine-1>[GdPAI] ObjectRef(124621163998): object was freed before callback; returning Nil.
    [1289] <engine-1>[GdPAI] ObjectRef(124621163998): object was freed before callback; returning Nil.
    [1290] <engine-1>[GdPAI] ObjectRef(124621163998): object was freed before callback; returning Nil.
    [1291] <engine-1>[GdPAI] ObjectRef(124621163998): object was freed before callback; returning Nil.
    [1292] <engine-1>[GdPAI] ObjectRef(124621163998): object was freed before callback; returning Nil.
    [1293] <engine-1>[GdPAI] ObjectRef(124621163998): object was freed before callback; returning Nil.
    [1294] <engine-1>[GdPAI] ObjectRef(124621163998): object was freed before callback; returning Nil.
    [1295] <engine-1>[GdPAI] ObjectRef(124621163998): object was freed before callback; returning Nil.
    [1296] <engine-1>[GdPAI] ObjectRef(124621163998): object was freed before callback; returning Nil.
    [1297] <engine-1>[GdPAI] ObjectRef(124621163998): object was freed before callback; returning Nil.
    [1298] <engine-1>[GdPAI] ObjectRef(124621163998): object was freed before callback; returning Nil.
    [1299] <engine-1>[GdPAI] ObjectRef(124621163998): object was freed before callback; returning Nil.
    [1300] <engine-1>[GdPAI] ObjectRef(124621163998): object was freed before callback; returning Nil.
    [1301] <engine-1>[GdPAI] ObjectRef(124621163998): object was freed before callback; returning Nil.
    [1302] <engine-1>[GdPAI] ObjectRef(124621163998): object was freed before callback; returning Nil.
    [1303] <engine-1>[GdPAI] ObjectRef(124621163998): object was freed before callback; returning Nil.
    [1304] <engine-1>[GdPAI] ObjectRef(124621163998): object was freed before callback; returning Nil.
    [1305] <engine-1>[GdPAI] ObjectRef(124621163998): object was freed before callback; returning Nil.
    [1306] <engine-1>[GdPAI] ObjectRef(124621163998): object was freed before callback; returning Nil.
    [1307] <engine-1>[GdPAI] ObjectRef(124621163998): object was freed before callback; returning Nil.
    [1308] <engine-1>[GdPAI] ObjectRef(124621163998): object was freed before callback; returning Nil.
    [1309] <engine-1>[GdPAI] ObjectRef(124621163998): object was freed before callback; returning Nil.
    [1310] <engine-1>[GdPAI] ObjectRef(124621163998): object was freed before callback; returning Nil.
    [1311] <engine-1>[GdPAI] ObjectRef(125057371638): object was freed before callback; returning Nil.
    [1312] <engine-1>[GdPAI] ObjectRef(125057371638): object was freed before callback; returning Nil.
    [1313] <engine-1>[GdPAI] ObjectRef(124621163998): object was freed before callback; returning Nil.
    [1314] <engine-1>[GdPAI] ObjectRef(124621163998): object was freed before callback; returning Nil.
    [1315] <engine-1>[GdPAI] ObjectRef(125057371638): object was freed before callback; returning Nil.
    [1316] <engine-1>[GdPAI] ObjectRef(125057371638): object was freed before callback; returning Nil.
    [1317] <engine-1>[GdPAI] ObjectRef(124621163998): object was freed before callback; returning Nil.
    [1318] <engine-1>[GdPAI] ObjectRef(125057371638): object was freed before callback; returning Nil.
    [1319] <engine-1>[GdPAI] ObjectRef(125057371638): object was freed before callback; returning Nil.
    [1320] <engine-1>[GdPAI] ObjectRef(124621163998): object was freed before callback; returning Nil.
    [1321] <engine-1>[GdPAI] ObjectRef(125057371638): object was freed before callback; returning Nil.
    [1322] <engine-1>[GdPAI] ObjectRef(125057371638): object was freed before callback; returning Nil.
    [1323] <engine-1>[GdPAI] ObjectRef(124621163998): object was freed before callback; returning Nil.
    [1324] <engine-1>[GdPAI] ObjectRef(124134624705): object was freed before callback; returning Nil.
    [1325] <engine-1>[GdPAI] ObjectRef(124134624705): object was freed before callback; returning Nil.
    [1326] <engine-1>[GdPAI] ObjectRef(124621163998): object was freed before callback; returning Nil.
    [1327] <engine-1>[GdPAI] ObjectRef(124134624705): object was freed before callback; returning Nil.
    [1328] <engine-1>[GdPAI] ObjectRef(124134624705): object was freed before callback; returning Nil.
    [1329] <engine-1>[GdPAI] ObjectRef(124621163998): object was freed before callback; returning Nil.
    [1330] <engine-1>[GdPAI] ObjectRef(124134624705): object was freed before callback; returning Nil.
    [1331] <engine-1>[GdPAI] ObjectRef(124134624705): object was freed before callback; returning Nil.
    [1332] <engine-1>[GdPAI] ObjectRef(124621163998): object was freed before callback; returning Nil.
    [1333] <engine-1>[GdPAI] ObjectRef(124134624705): object was freed before callback; returning Nil.
    [1334] <engine-1>[GdPAI] ObjectRef(124134624705): object was freed before callback; returning Nil.
    [1335] <engine-1>[GdPAI] ObjectRef(124621163998): object was freed before callback; returning Nil.
    [1336] <engine-1>[GdPAI] ObjectRef(124621163998): object was freed before callback; returning Nil.
    [1337] <engine-1>[GdPAI] ObjectRef(124621163998): object was freed before callback; returning Nil.
    [1338] <engine-1>[GdPAI] ObjectRef(124621163998): object was freed before callback; returning Nil.
    [1339] <engine-1>[GdPAI] ObjectRef(124621163998): object was freed before callback; returning Nil.
    [1340] <engine-1>[GdPAI] ObjectRef(124621163998): object was freed before callback; returning Nil.
    [1341] <engine-1>[GdPAI] ObjectRef(124621163998): object was freed before callback; returning Nil.
    [1342] <engine-1>[GdPAI] ObjectRef(124621163998): object was freed before callback; returning Nil.
    [1343] <engine-1>[GdPAI] ObjectRef(124621163998): object was freed before callback; returning Nil.
    [1344] <engine-1>[GdPAI] ObjectRef(124134624705): object was freed before callback; returning Nil.
    [1345] <engine-1>[GdPAI] ObjectRef(124134624705): object was freed before callback; returning Nil.
    [1346] <engine-1>[GdPAI] ObjectRef(124621163998): object was freed before callback; returning Nil.
    [1347] <engine-1>[GdPAI] ObjectRef(124134624705): object was freed before callback; returning Nil.
    [1348] <engine-1>[GdPAI] ObjectRef(124134624705): object was freed before callback; returning Nil.
    [1349] <engine-1>[GdPAI] ObjectRef(124621163998): object was freed before callback; returning Nil.
    [1350] <engine-1>[GdPAI] ObjectRef(124134624705): object was freed before callback; returning Nil.
    [1351] <engine-1>[GdPAI] ObjectRef(124134624705): object was freed before callback; returning Nil.
    [1352] <engine-1>[GdPAI] ObjectRef(124621163998): object was freed before callback; returning Nil.
    [1353] <engine-1>[GdPAI] ObjectRef(124134624705): object was freed before callback; returning Nil.
    [1354] <engine-1>[GdPAI] ObjectRef(124134624705): object was freed before callback; returning Nil.
    [1355] <engine-1>[GdPAI] ObjectRef(124621163998): object was freed before callback; returning Nil.
    [1356] <engine-1>[GdPAI] ObjectRef(124621163998): object was freed before callback; returning Nil.
    [1357] <engine-1>[GdPAI] ObjectRef(124621163998): object was freed before callback; returning Nil.
    [1358] <engine-1>[GdPAI] ObjectRef(124621163998): object was freed before callback; returning Nil.
    [1359] <engine-1>[GdPAI] ObjectRef(125057371638): object was freed before callback; returning Nil.
    [1360] <engine-1>[GdPAI] ObjectRef(125057371638): object was freed before callback; returning Nil.
    [1361] <engine-1>[GdPAI] ObjectRef(124621163998): object was freed before callback; returning Nil.
    [1362] <engine-1>[GdPAI] ObjectRef(124621163998): object was freed before callback; returning Nil.
    [1363] <engine-1>[GdPAI] ObjectRef(125057371638): object was freed before callback; returning Nil.
    [1364] <engine-1>[GdPAI] ObjectRef(125057371638): object was freed before callback; returning Nil.
    [1365] <engine-1>[GdPAI] ObjectRef(124621163998): object was freed before callback; returning Nil.
    [1366] <engine-1>[GdPAI] ObjectRef(125057371638): object was freed before callback; returning Nil.
    [1367] <engine-1>[GdPAI] ObjectRef(125057371638): object was freed before callback; returning Nil.
    [1368] <engine-1>[GdPAI] ObjectRef(124621163998): object was freed before callback; returning Nil.
    [1369] <engine-1>[GdPAI] ObjectRef(125057371638): object was freed before callback; returning Nil.
    [1370] <engine-1>[GdPAI] ObjectRef(125057371638): object was freed before callback; returning Nil.
    [1371] <engine-1>[GdPAI] ObjectRef(124621163998): object was freed before callback; returning Nil.
    [1372] <engine-1>[GdPAI] ObjectRef(124134624705): object was freed before callback; returning Nil.
    [1373] <engine-1>[GdPAI] ObjectRef(124134624705): object was freed before callback; returning Nil.
    [1374] <engine-1>[GdPAI] ObjectRef(124621163998): object was freed before callback; returning Nil.
    [1375] <engine-1>[GdPAI] ObjectRef(124134624705): object was freed before callback; returning Nil.
    [1376] <engine-1>[GdPAI] ObjectRef(124134624705): object was freed before callback; returning Nil.
          at line 130
- test_preemptive_fire_maintenance
[31m    [Failed]:  [0mUnexpected Errors:
    [1] <engine-1>[GdPAI] ObjectRef(124621163998): object was freed before callback; returning Nil.
    [2] <engine-1>[GdPAI] ObjectRef(124621163998): object was freed before callback; returning Nil.
    [3] <engine-1>[GdPAI] ObjectRef(124621163998): object was freed before callback; returning Nil.
    [4] <engine-1>[GdPAI] ObjectRef(124621163998): object was freed before callback; returning Nil.
    [5] <engine-1>[GdPAI] ObjectRef(124621163998): object was freed before callback; returning Nil.
    [6] <engine-1>[GdPAI] ObjectRef(124621163998): object was freed before callback; returning Nil.
    [7] <engine-1>[GdPAI] ObjectRef(124621163998): object was freed before callback; returning Nil.
    [8] <engine-1>[GdPAI] ObjectRef(124621163998): object was freed before callback; returning Nil.
    [9] <engine-1>[GdPAI] ObjectRef(124621163998): object was freed before callback; returning Nil.
    [10] <engine-1>[GdPAI] ObjectRef(124621163998): object was freed before callback; returning Nil.
    [11] <engine-1>[GdPAI] ObjectRef(124621163998): object was freed before callback; returning Nil.
    [12] <engine-1>[GdPAI] ObjectRef(124621163998): object was freed before callback; returning Nil.
    [13] <engine-1>[GdPAI] ObjectRef(124621163998): object was freed before callback; returning Nil.
    [14] <engine-1>[GdPAI] ObjectRef(124621163998): object was freed before callback; returning Nil.
    [15] <engine-1>[GdPAI] ObjectRef(124621163998): object was freed before callback; returning Nil.
    [16] <engine-1>[GdPAI] ObjectRef(124621163998): object was freed before callback; returning Nil.
    [17] <engine-1>[GdPAI] ObjectRef(124621163998): object was freed before callback; returning Nil.
    [18] <engine-1>[GdPAI] ObjectRef(124621163998): object was freed before callback; returning Nil.
    [19] <engine-1>[GdPAI] ObjectRef(124621163998): object was freed before callback; returning Nil.
    [20] <engine-1>[GdPAI] ObjectRef(124621163998): object was freed before callback; returning Nil.
    [21] <engine-1>[GdPAI] ObjectRef(124621163998): object was freed before callback; returning Nil.
    [22] <engine-1>[GdPAI] ObjectRef(124621163998): object was freed before callback; returning Nil.
    [23] <engine-1>[GdPAI] ObjectRef(124621163998): object was freed before callback; returning Nil.
    [24] <engine-1>[GdPAI] ObjectRef(124621163998): object was freed before callback; returning Nil.
    [25] <engine-1>[GdPAI] ObjectRef(124621163998): object was freed before callback; returning Nil.
    [26] <engine-1>[GdPAI] ObjectRef(124621163998): object was freed before callback; returning Nil.
    [27] <engine-1>[GdPAI] ObjectRef(124621163998): object was freed before callback; returning Nil.
    [28] <engine-1>[GdPAI] ObjectRef(124621163998): object was freed before callback; returning Nil.
    [29] <engine-1>[GdPAI] ObjectRef(124621163998): object was freed before callback; returning Nil.
    [30] <engine-1>[GdPAI] ObjectRef(124621163998): object was freed before callback; returning Nil.
    [31] <engine-1>[GdPAI] ObjectRef(124621163998): object was freed before callback; returning Nil.
    [32] <engine-1>[GdPAI] ObjectRef(124621163998): object was freed before callback; returning Nil.
    [33] <engine-1>[GdPAI] ObjectRef(124621163998): object was freed before callback; returning Nil.
    [34] <engine-1>[GdPAI] ObjectRef(124621163998): object was freed before callback; returning Nil.
    [35] <engine-1>[GdPAI] ObjectRef(124621163998): object was freed before callback; returning Nil.
    [36] <engine-1>[GdPAI] ObjectRef(124621163998): object was freed before callback; returning Nil.
    [37] <engine-1>[GdPAI] ObjectRef(124621163998): object was freed before callback; returning Nil.
    [38] <engine-1>[GdPAI] ObjectRef(124621163998): object was freed before callback; returning Nil.
    [39] <engine-1>[GdPAI] ObjectRef(124621163998): object was freed before callback; returning Nil.
    [40] <engine-1>[GdPAI] ObjectRef(124621163998): object was freed before callback; returning Nil.
    [41] <engine-1>[GdPAI] ObjectRef(124621163998): object was freed before callback; returning Nil.
    [42] <engine-1>[GdPAI] ObjectRef(124621163998): object was freed before callback; returning Nil.
    [43] <engine-1>[GdPAI] ObjectRef(124621163998): object was freed before callback; returning Nil.
    [44] <engine-1>[GdPAI] ObjectRef(124621163998): object was freed before callback; returning Nil.
    [45] <engine-1>[GdPAI] ObjectRef(124621163998): object was freed before callback; returning Nil.
    [46] <engine-1>[GdPAI] ObjectRef(124621163998): object was freed before callback; returning Nil.
    [47] <engine-1>[GdPAI] ObjectRef(124621163998): object was freed before callback; returning Nil.
    [48] <engine-1>[GdPAI] ObjectRef(124621163998): object was freed before callback; returning Nil.
    [49] <engine-1>[GdPAI] ObjectRef(124621163998): object was freed before callback; returning Nil.
    [50] <engine-1>[GdPAI] ObjectRef(124621163998): object was freed before callback; returning Nil.
    [51] <engine-1>[GdPAI] ObjectRef(124621163998): object was freed before callback; returning Nil.
    [52] <engine-1>[GdPAI] ObjectRef(124621163998): object was freed before callback; returning Nil.
    [53] <engine-1>[GdPAI] ObjectRef(124621163998): object was freed before callback; returning Nil.
    [54] <engine-1>[GdPAI] ObjectRef(124621163998): object was freed before callback; returning Nil.
    [55] <engine-1>[GdPAI] ObjectRef(124621163998): object was freed before callback; returning Nil.
    [56] <engine-1>[GdPAI] ObjectRef(124621163998): object was freed before callback; returning Nil.
    [57] <engine-1>[GdPAI] ObjectRef(124621163998): object was freed before callback; returning Nil.
    [58] <engine-1>[GdPAI] ObjectRef(124621163998): object was freed before callback; returning Nil.
    [59] <engine-1>[GdPAI] ObjectRef(124621163998): object was freed before callback; returning Nil.
    [60] <engine-1>[GdPAI] ObjectRef(124621163998): object was freed before callback; returning Nil.
    [61] <engine-1>[GdPAI] ObjectRef(124621163998): object was freed before callback; returning Nil.
    [62] <engine-1>[GdPAI] ObjectRef(124621163998): object was freed before callback; returning Nil.
    [63] <engine-1>[GdPAI] ObjectRef(124621163998): object was freed before callback; returning Nil.
    [64] <engine-1>[GdPAI] ObjectRef(124621163998): object was freed before callback; returning Nil.
    [65] <engine-1>[GdPAI] ObjectRef(124621163998): object was freed before callback; returning Nil.
    [66] <engine-1>[GdPAI] ObjectRef(124621163998): object was freed before callback; returning Nil.
    [67] <engine-1>[GdPAI] ObjectRef(124621163998): object was freed before callback; returning Nil.
    [68] <engine-1>[GdPAI] ObjectRef(124621163998): object was freed before callback; returning Nil.
    [69] <engine-1>[GdPAI] ObjectRef(124621163998): object was freed before callback; returning Nil.
    [70] <engine-1>[GdPAI] ObjectRef(124621163998): object was freed before callback; returning Nil.
    [71] <engine-1>[GdPAI] ObjectRef(124621163998): object was freed before callback; returning Nil.
    [72] <engine-1>[GdPAI] ObjectRef(124621163998): object was freed before callback; returning Nil.
    [73] <engine-1>[GdPAI] ObjectRef(124621163998): object was freed before callback; returning Nil.
    [74] <engine-1>[GdPAI] ObjectRef(124621163998): object was freed before callback; returning Nil.
    [75] <engine-1>[GdPAI] ObjectRef(124621163998): object was freed before callback; returning Nil.
    [76] <engine-1>[GdPAI] ObjectRef(124621163998): object was freed before callback; returning Nil.
    [77] <engine-1>[GdPAI] ObjectRef(124621163998): object was freed before callback; returning Nil.
    [78] <engine-1>[GdPAI] ObjectRef(124621163998): object was freed before callback; returning Nil.
    [79] <engine-1>[GdPAI] ObjectRef(124621163998): object was freed before callback; returning Nil.
    [80] <engine-1>[GdPAI] ObjectRef(124621163998): object was freed before callback; returning Nil.
    [81] <engine-1>[GdPAI] ObjectRef(124621163998): object was freed before callback; returning Nil.
    [82] <engine-1>[GdPAI] ObjectRef(124621163998): object was freed before callback; returning Nil.
    [83] <engine-1>[GdPAI] ObjectRef(124621163998): object was freed before callback; returning Nil.
    [84] <engine-1>[GdPAI] ObjectRef(124621163998): object was freed before callback; returning Nil.
    [85] <engine-1>[GdPAI] ObjectRef(124621163998): object was freed before callback; returning Nil.
    [86] <engine-1>[GdPAI] ObjectRef(124621163998): object was freed before callback; returning Nil.
    [87] <engine-1>[GdPAI] ObjectRef(124621163998): object was freed before callback; returning Nil.
    [88] <engine-1>[GdPAI] ObjectRef(124621163998): object was freed before callback; returning Nil.
    [89] <engine-1>[GdPAI] ObjectRef(124621163998): object was freed before callback; returning Nil.
    [90] <engine-1>[GdPAI] ObjectRef(124621163998): object was freed before callback; returning Nil.
    [91] <engine-1>[GdPAI] ObjectRef(124621163998): object was freed before callback; returning Nil.
    [92] <engine-1>[GdPAI] ObjectRef(124621163998): object was freed before callback; returning Nil.
    [93] <engine-1>[GdPAI] ObjectRef(124621163998): object was freed before callback; returning Nil.
    [94] <engine-1>[GdPAI] ObjectRef(124621163998): object was freed before callback; returning Nil.
    [95] <engine-1>[GdPAI] ObjectRef(124621163998): object was freed before callback; returning Nil.
    [96] <engine-1>[GdPAI] ObjectRef(124621163998): object was freed before callback; returning Nil.
    [97] <engine-1>[GdPAI] ObjectRef(124621163998): object was freed before callback; returning Nil.
    [98] <engine-1>[GdPAI] ObjectRef(124621163998): object was freed before callback; returning Nil.
    [99] <engine-1>[GdPAI] ObjectRef(124621163998): object was freed before callback; returning Nil.
    [100] <engine-1>[GdPAI] ObjectRef(124621163998): object was freed before callback; returning Nil.
    [101] <engine-1>[GdPAI] ObjectRef(124621163998): object was freed before callback; returning Nil.
    [102] <engine-1>[GdPAI] ObjectRef(124621163998): object was freed before callback; returning Nil.
    [103] <engine-1>[GdPAI] ObjectRef(124134624705): object was freed before callback; returning Nil.
    [104] <engine-1>[GdPAI] ObjectRef(125359361544): object was freed before callback; returning Nil.
    [105] <engine-1>[GdPAI] ObjectRef(124134624705): object was freed before callback; returning Nil.
    [106] <engine-1>[GdPAI] ObjectRef(125359361544): object was freed before callback; returning Nil.
    [107] <engine-1>[GdPAI] ObjectRef(124621163998): object was freed before callback; returning Nil.
    [108] <engine-1>[GdPAI] ObjectRef(124621163998): object was freed before callback; returning Nil.
    [109] <engine-1>[GdPAI] ObjectRef(124134624705): object was freed before callback; returning Nil.
    [110] <engine-1>[GdPAI] ObjectRef(125359361544): object was freed before callback; returning Nil.
    [111] <engine-1>[GdPAI] ObjectRef(124134624705): object was freed before callback; returning Nil.
    [112] <engine-1>[GdPAI] ObjectRef(125359361544): object was freed before callback; returning Nil.
    [113] <engine-1>[GdPAI] ObjectRef(124621163998): object was freed before callback; returning Nil.
    [114] <engine-1>[GdPAI] ObjectRef(125359361544): object was freed before callback; returning Nil.
    [115] <engine-1>[GdPAI] ObjectRef(125359361544): object was freed before callback; returning Nil.
    [116] <engine-1>[GdPAI] ObjectRef(124621163998): object was freed before callback; returning Nil.
    [117] <engine-1>[GdPAI] ObjectRef(125359361544): object was freed before callback; returning Nil.
    [118] <engine-1>[GdPAI] ObjectRef(125359361544): object was freed before callback; returning Nil.
    [119] <engine-1>[GdPAI] ObjectRef(124621163998): object was freed before callback; returning Nil.
    [120] <engine-1>[GdPAI] ObjectRef(124134624705): object was freed before callback; returning Nil.
    [121] <engine-1>[GdPAI] ObjectRef(124134624705): object was freed before callback; returning Nil.
    [122] <engine-1>[GdPAI] ObjectRef(124621163998): object was freed before callback; returning Nil.
    [123] <engine-1>[GdPAI] ObjectRef(124134624705): object was freed before callback; returning Nil.
    [124] <engine-1>[GdPAI] ObjectRef(124134624705): object was freed before callback; returning Nil.
    [125] <engine-1>[GdPAI] ObjectRef(124621163998): object was freed before callback; returning Nil.
    [126] <engine-1>[GdPAI] ObjectRef(124621163998): object was freed before callback; returning Nil.
    [127] <engine-1>[GdPAI] ObjectRef(124621163998): object was freed before callback; returning Nil.
    [128] <engine-1>[GdPAI] ObjectRef(124621163998): object was freed before callback; returning Nil.
    [129] <engine-1>[GdPAI] ObjectRef(124621163998): object was freed before callback; returning Nil.
    [130] <engine-1>[GdPAI] ObjectRef(124621163998): object was freed before callback; returning Nil.
    [131] <engine-1>[GdPAI] ObjectRef(124621163998): object was freed before callback; returning Nil.
    [132] <engine-1>[GdPAI] ObjectRef(124621163998): object was freed before callback; returning Nil.
    [133] <engine-1>[GdPAI] ObjectRef(124621163998): object was freed before callback; returning Nil.
    [134] <engine-1>[GdPAI] ObjectRef(124621163998): object was freed before callback; returning Nil.
    [135] <engine-1>[GdPAI] ObjectRef(124621163998): object was freed before callback; returning Nil.
    [136] <engine-1>[GdPAI] ObjectRef(124621163998): object was freed before callback; returning Nil.
    [137] <engine-1>[GdPAI] ObjectRef(124621163998): object was freed before callback; returning Nil.
    [138] <engine-1>[GdPAI] ObjectRef(124621163998): object was freed before callback; returning Nil.
    [139] <engine-1>[GdPAI] ObjectRef(124134624705): object was freed before callback; returning Nil.
    [140] <engine-1>[GdPAI] ObjectRef(125359361544): object was freed before callback; returning Nil.
    [141] <engine-1>[GdPAI] ObjectRef(124134624705): object was freed before callback; returning Nil.
    [142] <engine-1>[GdPAI] ObjectRef(125359361544): object was freed before callback; returning Nil.
    [143] <engine-1>[GdPAI] ObjectRef(124621163998): object was freed before callback; returning Nil.
    [144] <engine-1>[GdPAI] ObjectRef(124621163998): object was freed before callback; returning Nil.
    [145] <engine-1>[GdPAI] ObjectRef(124134624705): object was freed before callback; returning Nil.
    [146] <engine-1>[GdPAI] ObjectRef(125359361544): object was freed before callback; returning Nil.
    [147] <engine-1>[GdPAI] ObjectRef(124134624705): object was freed before callback; returning Nil.
    [148] <engine-1>[GdPAI] ObjectRef(125359361544): object was freed before callback; returning Nil.
    [149] <engine-1>[GdPAI] ObjectRef(124621163998): object was freed before callback; returning Nil.
    [150] <engine-1>[GdPAI] ObjectRef(125359361544): object was freed before callback; returning Nil.
    [151] <engine-1>[GdPAI] ObjectRef(125359361544): object was freed before callback; returning Nil.
    [152] <engine-1>[GdPAI] ObjectRef(124621163998): object was freed before callback; returning Nil.
    [153] <engine-1>[GdPAI] ObjectRef(125359361544): object was freed before callback; returning Nil.
    [154] <engine-1>[GdPAI] ObjectRef(125359361544): object was freed before callback; returning Nil.
    [155] <engine-1>[GdPAI] ObjectRef(124621163998): object was freed before callback; returning Nil.
    [156] <engine-1>[GdPAI] ObjectRef(124134624705): object was freed before callback; returning Nil.
    [157] <engine-1>[GdPAI] ObjectRef(124134624705): object was freed before callback; returning Nil.
    [158] <engine-1>[GdPAI] ObjectRef(124621163998): object was freed before callback; returning Nil.
    [159] <engine-1>[GdPAI] ObjectRef(124134624705): object was freed before callback; returning Nil.
    [160] <engine-1>[GdPAI] ObjectRef(124134624705): object was freed before callback; returning Nil.
    [161] <engine-1>[GdPAI] ObjectRef(124621163998): object was freed before callback; returning Nil.
    [162] <engine-1>[GdPAI] ObjectRef(124621163998): object was freed before callback; returning Nil.
    [163] <engine-1>[GdPAI] ObjectRef(124621163998): object was freed before callback; returning Nil.
    [164] <engine-1>[GdPAI] ObjectRef(124621163998): object was freed before callback; returning Nil.
    [165] <engine-1>[GdPAI] ObjectRef(124621163998): object was freed before callback; returning Nil.
    [166] <engine-1>[GdPAI] ObjectRef(124621163998): object was freed before callback; returning Nil.
    [167] <engine-1>[GdPAI] ObjectRef(124621163998): object was freed before callback; returning Nil.
    [168] <engine-1>[GdPAI] ObjectRef(124621163998): object was freed before callback; returning Nil.
    [169] <engine-1>[GdPAI] ObjectRef(124621163998): object was freed before callback; returning Nil.
    [170] <engine-1>[GdPAI] ObjectRef(124621163998): object was freed before callback; returning Nil.
    [171] <engine-1>[GdPAI] ObjectRef(124621163998): object was freed before callback; returning Nil.
    [172] <engine-1>[GdPAI] ObjectRef(124621163998): object was freed before callback; returning Nil.
    [173] <engine-1>[GdPAI] ObjectRef(124621163998): object was freed before callback; returning Nil.
    [174] <engine-1>[GdPAI] ObjectRef(124621163998): object was freed before callback; returning Nil.
    [175] <engine-1>[GdPAI] ObjectRef(124621163998): object was freed before callback; returning Nil.
    [176] <engine-1>[GdPAI] ObjectRef(124621163998): object was freed before callback; returning Nil.
    [177] <engine-1>[GdPAI] ObjectRef(124621163998): object was freed before callback; returning Nil.
    [178] <engine-1>[GdPAI] ObjectRef(124621163998): object was freed before callback; returning Nil.
    [179] <engine-1>[GdPAI] ObjectRef(124621163998): object was freed before callback; returning Nil.
    [180] <engine-1>[GdPAI] ObjectRef(124621163998): object was freed before callback; returning Nil.
    [181] <engine-1>[GdPAI] ObjectRef(124621163998): object was freed before callback; returning Nil.
    [182] <engine-1>[GdPAI] ObjectRef(124621163998): object was freed before callback; returning Nil.
    [183] <engine-1>[GdPAI] ObjectRef(124621163998): object was freed before callback; returning Nil.
    [184] <engine-1>[GdPAI] ObjectRef(124621163998): object was freed before callback; returning Nil.
    [185] <engine-1>[GdPAI] ObjectRef(124621163998): object was freed before callback; returning Nil.
    [186] <engine-1>[GdPAI] ObjectRef(124621163998): object was freed before callback; returning Nil.
    [187] <engine-1>[GdPAI] ObjectRef(124621163998): object was freed before callback; returning Nil.
    [188] <engine-1>[GdPAI] ObjectRef(124621163998): object was freed before callback; returning Nil.
    [189] <engine-1>[GdPAI] ObjectRef(124621163998): object was freed before callback; returning Nil.
    [190] <engine-1>[GdPAI] ObjectRef(124621163998): object was freed before callback; returning Nil.
    [191] <engine-1>[GdPAI] ObjectRef(124621163998): object was freed before callback; returning Nil.
    [192] <engine-1>[GdPAI] ObjectRef(124621163998): object was freed before callback; returning Nil.
    [193] <engine-1>[GdPAI] ObjectRef(124621163998): object was freed before callback; returning Nil.
    [194] <engine-1>[GdPAI] ObjectRef(124621163998): object was freed before callback; returning Nil.
    [195] <engine-1>[GdPAI] ObjectRef(124621163998): object was freed before callback; returning Nil.
    [196] <engine-1>[GdPAI] ObjectRef(124621163998): object was freed before callback; returning Nil.
    [197] <engine-1>[GdPAI] ObjectRef(124621163998): object was freed before callback; returning Nil.
    [198] <engine-1>[GdPAI] ObjectRef(124621163998): object was freed before callback; returning Nil.
    [199] <engine-1>[GdPAI] ObjectRef(124621163998): object was freed before callback; returning Nil.
    [200] <engine-1>[GdPAI] ObjectRef(124621163998): object was freed before callback; returning Nil.
    [201] <engine-1>[GdPAI] ObjectRef(124621163998): object was freed before callback; returning Nil.
    [202] <engine-1>[GdPAI] ObjectRef(124621163998): object was freed before callback; returning Nil.
    [203] <engine-1>[GdPAI] ObjectRef(124621163998): object was freed before callback; returning Nil.
    [204] <engine-1>[GdPAI] ObjectRef(124621163998): object was freed before callback; returning Nil.
    [205] <engine-1>[GdPAI] ObjectRef(124621163998): object was freed before callback; returning Nil.
    [206] <engine-1>[GdPAI] ObjectRef(124621163998): object was freed before callback; returning Nil.
    [207] <engine-1>[GdPAI] ObjectRef(124621163998): object was freed before callback; returning Nil.
    [208] <engine-1>[GdPAI] ObjectRef(124621163998): object was freed before callback; returning Nil.
    [209] <engine-1>[GdPAI] ObjectRef(124621163998): object was freed before callback; returning Nil.
    [210] <engine-1>[GdPAI] ObjectRef(124621163998): object was freed before callback; returning Nil.
    [211] <engine-1>[GdPAI] ObjectRef(124621163998): object was freed before callback; returning Nil.
    [212] <engine-1>[GdPAI] ObjectRef(124621163998): object was freed before callback; returning Nil.
    [213] <engine-1>[GdPAI] ObjectRef(124621163998): object was freed before callback; returning Nil.
    [214] <engine-1>[GdPAI] ObjectRef(124621163998): object was freed before callback; returning Nil.
    [215] <engine-1>[GdPAI] ObjectRef(124621163998): object was freed before callback; returning Nil.
    [216] <engine-1>[GdPAI] ObjectRef(124621163998): object was freed before callback; returning Nil.
    [217] <engine-1>[GdPAI] ObjectRef(124621163998): object was freed before callback; returning Nil.
    [218] <engine-1>[GdPAI] ObjectRef(124621163998): object was freed before callback; returning Nil.
    [219] <engine-1>[GdPAI] ObjectRef(124621163998): object was freed before callback; returning Nil.
    [220] <engine-1>[GdPAI] ObjectRef(124621163998): object was freed before callback; returning Nil.
    [221] <engine-1>[GdPAI] ObjectRef(124621163998): object was freed before callback; returning Nil.
    [222] <engine-1>[GdPAI] ObjectRef(124621163998): object was freed before callback; returning Nil.
    [223] <engine-1>[GdPAI] ObjectRef(124621163998): object was freed before callback; returning Nil.
    [224] <engine-1>[GdPAI] ObjectRef(124621163998): object was freed before callback; returning Nil.
    [225] <engine-1>[GdPAI] ObjectRef(124621163998): object was freed before callback; returning Nil.
    [226] <engine-1>[GdPAI] ObjectRef(124621163998): object was freed before callback; returning Nil.
    [227] <engine-1>[GdPAI] ObjectRef(124621163998): object was freed before callback; returning Nil.
    [228] <engine-1>[GdPAI] ObjectRef(124621163998): object was freed before callback; returning Nil.
    [229] <engine-1>[GdPAI] ObjectRef(124621163998): object was freed before callback; returning Nil.
    [230] <engine-1>[GdPAI] ObjectRef(124621163998): object was freed before callback; returning Nil.
    [231] <engine-1>[GdPAI] ObjectRef(124621163998): object was freed before callback; returning Nil.
    [232] <engine-1>[GdPAI] ObjectRef(124621163998): object was freed before callback; returning Nil.
    [233] <engine-1>[GdPAI] ObjectRef(124621163998): object was freed before callback; returning Nil.
    [234] <engine-1>[GdPAI] ObjectRef(124621163998): object was freed before callback; returning Nil.
    [235] <engine-1>[GdPAI] ObjectRef(124621163998): object was freed before callback; returning Nil.
    [236] <engine-1>[GdPAI] ObjectRef(124621163998): object was freed before callback; returning Nil.
    [237] <engine-1>[GdPAI] ObjectRef(124621163998): object was freed before callback; returning Nil.
    [238] <engine-1>[GdPAI] ObjectRef(124621163998): object was freed before callback; returning Nil.
    [239] <engine-1>[GdPAI] ObjectRef(124621163998): object was freed before callback; returning Nil.
    [240] <engine-1>[GdPAI] ObjectRef(124621163998): object was freed before callback; returning Nil.
    [241] <engine-1>[GdPAI] ObjectRef(124621163998): object was freed before callback; returning Nil.
    [242] <engine-1>[GdPAI] ObjectRef(124621163998): object was freed before callback; returning Nil.
    [243] <engine-1>[GdPAI] ObjectRef(124621163998): object was freed before callback; returning Nil.
    [244] <engine-1>[GdPAI] ObjectRef(124621163998): object was freed before callback; returning Nil.
    [245] <engine-1>[GdPAI] ObjectRef(124621163998): object was freed before callback; returning Nil.
    [246] <engine-1>[GdPAI] ObjectRef(124621163998): object was freed before callback; returning Nil.
    [247] <engine-1>[GdPAI] ObjectRef(124621163998): object was freed before callback; returning Nil.
    [248] <engine-1>[GdPAI] ObjectRef(124621163998): object was freed before callback; returning Nil.
    [249] <engine-1>[GdPAI] ObjectRef(124621163998): object was freed before callback; returning Nil.
    [250] <engine-1>[GdPAI] ObjectRef(124621163998): object was freed before callback; returning Nil.
    [251] <engine-1>[GdPAI] ObjectRef(124621163998): object was freed before callback; returning Nil.
    [252] <engine-1>[GdPAI] ObjectRef(124621163998): object was freed before callback; returning Nil.
    [253] <engine-1>[GdPAI] ObjectRef(124621163998): object was freed before callback; returning Nil.
    [254] <engine-1>[GdPAI] ObjectRef(124621163998): object was freed before callback; returning Nil.
    [255] <engine-1>[GdPAI] ObjectRef(124621163998): object was freed before callback; returning Nil.
    [256] <engine-1>[GdPAI] ObjectRef(124621163998): object was freed before callback; returning Nil.
    [257] <engine-1>[GdPAI] ObjectRef(124621163998): object was freed before callback; returning Nil.
    [258] <engine-1>[GdPAI] ObjectRef(124621163998): object was freed before callback; returning Nil.
    [259] <engine-1>[GdPAI] ObjectRef(124621163998): object was freed before callback; returning Nil.
    [260] <engine-1>[GdPAI] ObjectRef(124621163998): object was freed before callback; returning Nil.
    [261] <engine-1>[GdPAI] ObjectRef(124621163998): object was freed before callback; returning Nil.
    [262] <engine-1>[GdPAI] ObjectRef(124621163998): object was freed before callback; returning Nil.
    [263] <engine-1>[GdPAI] ObjectRef(124621163998): object was freed before callback; returning Nil.
    [264] <engine-1>[GdPAI] ObjectRef(124621163998): object was freed before callback; returning Nil.
    [265] <engine-1>[GdPAI] ObjectRef(124621163998): object was freed before callback; returning Nil.
    [266] <engine-1>[GdPAI] ObjectRef(124621163998): object was freed before callback; returning Nil.
    [267] <engine-1>[GdPAI] ObjectRef(124134624705): object was freed before callback; returning Nil.
    [268] <engine-1>[GdPAI] ObjectRef(125057371638): object was freed before callback; returning Nil.
    [269] <engine-1>[GdPAI] ObjectRef(124134624705): object was freed before callback; returning Nil.
    [270] <engine-1>[GdPAI] ObjectRef(125057371638): object was freed before callback; returning Nil.
    [271] <engine-1>[GdPAI] ObjectRef(124621163998): object was freed before callback; returning Nil.
    [272] <engine-1>[GdPAI] ObjectRef(124621163998): object was freed before callback; returning Nil.
    [273] <engine-1>[GdPAI] ObjectRef(124134624705): object was freed before callback; returning Nil.
    [274] <engine-1>[GdPAI] ObjectRef(125057371638): object was freed before callback; returning Nil.
    [275] <engine-1>[GdPAI] ObjectRef(124134624705): object was freed before callback; returning Nil.
    [276] <engine-1>[GdPAI] ObjectRef(125057371638): object was freed before callback; returning Nil.
    [277] <engine-1>[GdPAI] ObjectRef(124621163998): object was freed before callback; returning Nil.
    [278] <engine-1>[GdPAI] ObjectRef(125057371638): object was freed before callback; returning Nil.
    [279] <engine-1>[GdPAI] ObjectRef(125057371638): object was freed before callback; returning Nil.
    [280] <engine-1>[GdPAI] ObjectRef(124621163998): object was freed before callback; returning Nil.
    [281] <engine-1>[GdPAI] ObjectRef(125057371638): object was freed before callback; returning Nil.
    [282] <engine-1>[GdPAI] ObjectRef(125057371638): object was freed before callback; returning Nil.
    [283] <engine-1>[GdPAI] ObjectRef(124621163998): object was freed before callback; returning Nil.
    [284] <engine-1>[GdPAI] ObjectRef(124134624705): object was freed before callback; returning Nil.
    [285] <engine-1>[GdPAI] ObjectRef(124134624705): object was freed before callback; returning Nil.
    [286] <engine-1>[GdPAI] ObjectRef(124621163998): object was freed before callback; returning Nil.
    [287] <engine-1>[GdPAI] ObjectRef(124134624705): object was freed before callback; returning Nil.
    [288] <engine-1>[GdPAI] ObjectRef(124134624705): object was freed before callback; returning Nil.
    [289] <engine-1>[GdPAI] ObjectRef(124621163998): object was freed before callback; returning Nil.
    [290] <engine-1>[GdPAI] ObjectRef(124621163998): object was freed before callback; returning Nil.
    [291] <engine-1>[GdPAI] ObjectRef(124621163998): object was freed before callback; returning Nil.
    [292] <engine-1>[GdPAI] ObjectRef(124621163998): object was freed before callback; returning Nil.
    [293] <engine-1>[GdPAI] ObjectRef(124621163998): object was freed before callback; returning Nil.
    [294] <engine-1>[GdPAI] ObjectRef(124621163998): object was freed before callback; returning Nil.
    [295] <engine-1>[GdPAI] ObjectRef(124621163998): object was freed before callback; returning Nil.
    [296] <engine-1>[GdPAI] ObjectRef(124621163998): object was freed before callback; returning Nil.
    [297] <engine-1>[GdPAI] ObjectRef(124621163998): object was freed before callback; returning Nil.
    [298] <engine-1>[GdPAI] ObjectRef(124621163998): object was freed before callback; returning Nil.
    [299] <engine-1>[GdPAI] ObjectRef(124621163998): object was freed before callback; returning Nil.
    [300] <engine-1>[GdPAI] ObjectRef(124621163998): object was freed before callback; returning Nil.
    [301] <engine-1>[GdPAI] ObjectRef(124621163998): object was freed before callback; returning Nil.
    [302] <engine-1>[GdPAI] ObjectRef(124621163998): object was freed before callback; returning Nil.
    [303] <engine-1>[GdPAI] ObjectRef(124134624705): object was freed before callback; returning Nil.
    [304] <engine-1>[GdPAI] ObjectRef(125057371638): object was freed before callback; returning Nil.
    [305] <engine-1>[GdPAI] ObjectRef(124134624705): object was freed before callback; returning Nil.
    [306] <engine-1>[GdPAI] ObjectRef(125057371638): object was freed before callback; returning Nil.
    [307] <engine-1>[GdPAI] ObjectRef(124621163998): object was freed before callback; returning Nil.
    [308] <engine-1>[GdPAI] ObjectRef(124621163998): object was freed before callback; returning Nil.
    [309] <engine-1>[GdPAI] ObjectRef(124134624705): object was freed before callback; returning Nil.
    [310] <engine-1>[GdPAI] ObjectRef(125057371638): object was freed before callback; returning Nil.
    [311] <engine-1>[GdPAI] ObjectRef(124134624705): object was freed before callback; returning Nil.
    [312] <engine-1>[GdPAI] ObjectRef(125057371638): object was freed before callback; returning Nil.
    [313] <engine-1>[GdPAI] ObjectRef(124621163998): object was freed before callback; returning Nil.
    [314] <engine-1>[GdPAI] ObjectRef(125057371638): object was freed before callback; returning Nil.
    [315] <engine-1>[GdPAI] ObjectRef(125057371638): object was freed before callback; returning Nil.
    [316] <engine-1>[GdPAI] ObjectRef(124621163998): object was freed before callback; returning Nil.
    [317] <engine-1>[GdPAI] ObjectRef(125057371638): object was freed before callback; returning Nil.
    [318] <engine-1>[GdPAI] ObjectRef(125057371638): object was freed before callback; returning Nil.
    [319] <engine-1>[GdPAI] ObjectRef(124621163998): object was freed before callback; returning Nil.
    [320] <engine-1>[GdPAI] ObjectRef(124134624705): object was freed before callback; returning Nil.
    [321] <engine-1>[GdPAI] ObjectRef(124134624705): object was freed before callback; returning Nil.
    [322] <engine-1>[GdPAI] ObjectRef(124621163998): object was freed before callback; returning Nil.
    [323] <engine-1>[GdPAI] ObjectRef(124134624705): object was freed before callback; returning Nil.
    [324] <engine-1>[GdPAI] ObjectRef(124134624705): object was freed before callback; returning Nil.
    [325] <engine-1>[GdPAI] ObjectRef(124621163998): object was freed before callback; returning Nil.
    [326] <engine-1>[GdPAI] ObjectRef(124621163998): object was freed before callback; returning Nil.
    [327] <engine-1>[GdPAI] ObjectRef(124621163998): object was freed before callback; returning Nil.
    [328] <engine-1>[GdPAI] ObjectRef(124621163998): object was freed before callback; returning Nil.
    [329] <engine-1>[GdPAI] ObjectRef(124621163998): object was freed before callback; returning Nil.
    [330] <engine-1>[GdPAI] ObjectRef(124621163998): object was freed before callback; returning Nil.
    [331] <engine-1>[GdPAI] ObjectRef(124621163998): object was freed before callback; returning Nil.
    [332] <engine-1>[GdPAI] ObjectRef(124621163998): object was freed before callback; returning Nil.
    [333] <engine-1>[GdPAI] ObjectRef(124621163998): object was freed before callback; returning Nil.
    [334] <engine-1>[GdPAI] ObjectRef(124621163998): object was freed before callback; returning Nil.
    [335] <engine-1>[GdPAI] ObjectRef(124621163998): object was freed before callback; returning Nil.
    [336] <engine-1>[GdPAI] ObjectRef(124621163998): object was freed before callback; returning Nil.
    [337] <engine-1>[GdPAI] ObjectRef(124621163998): object was freed before callback; returning Nil.
    [338] <engine-1>[GdPAI] ObjectRef(124621163998): object was freed before callback; returning Nil.
    [339] <engine-1>[GdPAI] ObjectRef(124621163998): object was freed before callback; returning Nil.
    [340] <engine-1>[GdPAI] ObjectRef(124621163998): object was freed before callback; returning Nil.
    [341] <engine-1>[GdPAI] ObjectRef(124621163998): object was freed before callback; returning Nil.
    [342] <engine-1>[GdPAI] ObjectRef(124621163998): object was freed before callback; returning Nil.
    [343] <engine-1>[GdPAI] ObjectRef(124621163998): object was freed before callback; returning Nil.
    [344] <engine-1>[GdPAI] ObjectRef(124621163998): object was freed before callback; returning Nil.
    [345] <engine-1>[GdPAI] ObjectRef(124621163998): object was freed before callback; returning Nil.
    [346] <engine-1>[GdPAI] ObjectRef(124621163998): object was freed before callback; returning Nil.
    [347] <engine-1>[GdPAI] ObjectRef(124621163998): object was freed before callback; returning Nil.
    [348] <engine-1>[GdPAI] ObjectRef(124621163998): object was freed before callback; returning Nil.
    [349] <engine-1>[GdPAI] ObjectRef(124621163998): object was freed before callback; returning Nil.
    [350] <engine-1>[GdPAI] ObjectRef(124621163998): object was freed before callback; returning Nil.
    [351] <engine-1>[GdPAI] ObjectRef(124621163998): object was freed before callback; returning Nil.
    [352] <engine-1>[GdPAI] ObjectRef(124621163998): object was freed before callback; returning Nil.
    [353] <engine-1>[GdPAI] ObjectRef(124621163998): object was freed before callback; returning Nil.
    [354] <engine-1>[GdPAI] ObjectRef(124621163998): object was freed before callback; returning Nil.
    [355] <engine-1>[GdPAI] ObjectRef(124621163998): object was freed before callback; returning Nil.
    [356] <engine-1>[GdPAI] ObjectRef(124621163998): object was freed before callback; returning Nil.
    [357] <engine-1>[GdPAI] ObjectRef(124621163998): object was freed before callback; returning Nil.
    [358] <engine-1>[GdPAI] ObjectRef(124621163998): object was freed before callback; returning Nil.
    [359] <engine-1>[GdPAI] ObjectRef(124621163998): object was freed before callback; returning Nil.
    [360] <engine-1>[GdPAI] ObjectRef(124621163998): object was freed before callback; returning Nil.
    [361] <engine-1>[GdPAI] ObjectRef(124621163998): object was freed before callback; returning Nil.
    [362] <engine-1>[GdPAI] ObjectRef(124621163998): object was freed before callback; returning Nil.
    [363] <engine-1>[GdPAI] ObjectRef(124621163998): object was freed before callback; returning Nil.
    [364] <engine-1>[GdPAI] ObjectRef(124621163998): object was freed before callback; returning Nil.
    [365] <engine-1>[GdPAI] ObjectRef(124621163998): object was freed before callback; returning Nil.
    [366] <engine-1>[GdPAI] ObjectRef(124621163998): object was freed before callback; returning Nil.
    [367] <engine-1>[GdPAI] ObjectRef(124621163998): object was freed before callback; returning Nil.
    [368] <engine-1>[GdPAI] ObjectRef(124621163998): object was freed before callback; returning Nil.
    [369] <engine-1>[GdPAI] ObjectRef(124621163998): object was freed before callback; returning Nil.
    [370] <engine-1>[GdPAI] ObjectRef(124621163998): object was freed before callback; returning Nil.
    [371] <engine-1>[GdPAI] ObjectRef(124621163998): object was freed before callback; returning Nil.
    [372] <engine-1>[GdPAI] ObjectRef(124621163998): object was freed before callback; returning Nil.
    [373] <engine-1>[GdPAI] ObjectRef(124621163998): object was freed before callback; returning Nil.
    [374] <engine-1>[GdPAI] ObjectRef(124621163998): object was freed before callback; returning Nil.
    [375] <engine-1>[GdPAI] ObjectRef(124621163998): object was freed before callback; returning Nil.
    [376] <engine-1>[GdPAI] ObjectRef(124621163998): object was freed before callback; returning Nil.
    [377] <engine-1>[GdPAI] ObjectRef(124621163998): object was freed before callback; returning Nil.
    [378] <engine-1>[GdPAI] ObjectRef(124621163998): object was freed before callback; returning Nil.
    [379] <engine-1>[GdPAI] ObjectRef(124621163998): object was freed before callback; returning Nil.
    [380] <engine-1>[GdPAI] ObjectRef(124621163998): object was freed before callback; returning Nil.
    [381] <engine-1>[GdPAI] ObjectRef(124621163998): object was freed before callback; returning Nil.
    [382] <engine-1>[GdPAI] ObjectRef(124621163998): object was freed before callback; returning Nil.
    [383] <engine-1>[GdPAI] ObjectRef(124621163998): object was freed before callback; returning Nil.
    [384] <engine-1>[GdPAI] ObjectRef(124621163998): object was freed before callback; returning Nil.
    [385] <engine-1>[GdPAI] ObjectRef(124621163998): object was freed before callback; returning Nil.
    [386] <engine-1>[GdPAI] ObjectRef(124621163998): object was freed before callback; returning Nil.
    [387] <engine-1>[GdPAI] ObjectRef(124621163998): object was freed before callback; returning Nil.
    [388] <engine-1>[GdPAI] ObjectRef(124621163998): object was freed before callback; returning Nil.
          at line 155
- test_competing_priorities_hunger_wins
[31m    [Failed]:  [0mTimed out waiting for submitted agent plan
          at line -1
[31m    [Failed]:  [0mUnexpected Errors:
    [1] <engine-1>[GdPAI] ObjectRef(124621163998): object was freed before callback; returning Nil.
    [2] <engine-1>[GdPAI] ObjectRef(124621163998): object was freed before callback; returning Nil.
    [3] <engine-1>[GdPAI] ObjectRef(124621163998): object was freed before callback; returning Nil.
    [4] <engine-1>[GdPAI] ObjectRef(124621163998): object was freed before callback; returning Nil.
    [5] <engine-1>[GdPAI] ObjectRef(124621163998): object was freed before callback; returning Nil.
    [6] <engine-1>[GdPAI] ObjectRef(124621163998): object was freed before callback; returning Nil.
    [7] <engine-1>[GdPAI] ObjectRef(124621163998): object was freed before callback; returning Nil.
    [8] <engine-1>[GdPAI] ObjectRef(124134624705): object was freed before callback; returning Nil.
    [9] <engine-1>[GdPAI] ObjectRef(125661351450): object was freed before callback; returning Nil.
    [10] <engine-1>[GdPAI] ObjectRef(124134624705): object was freed before callback; returning Nil.
    [11] <engine-1>[GdPAI] ObjectRef(125661351450): object was freed before callback; returning Nil.
    [12] <engine-1>[GdPAI] ObjectRef(124621163998): object was freed before callback; returning Nil.
    [13] <engine-1>[GdPAI] ObjectRef(124621163998): object was freed before callback; returning Nil.
    [14] <engine-1>[GdPAI] ObjectRef(124134624705): object was freed before callback; returning Nil.
    [15] <engine-1>[GdPAI] ObjectRef(125661351450): object was freed before callback; returning Nil.
    [16] <engine-1>[GdPAI] ObjectRef(124134624705): object was freed before callback; returning Nil.
    [17] <engine-1>[GdPAI] ObjectRef(125661351450): object was freed before callback; returning Nil.
    [18] <engine-1>[GdPAI] ObjectRef(124621163998): object was freed before callback; returning Nil.
    [19] <engine-1>[GdPAI] ObjectRef(125661351450): object was freed before callback; returning Nil.
    [20] <engine-1>[GdPAI] ObjectRef(125661351450): object was freed before callback; returning Nil.
    [21] <engine-1>[GdPAI] ObjectRef(124621163998): object was freed before callback; returning Nil.
    [22] <engine-1>[GdPAI] ObjectRef(125661351450): object was freed before callback; returning Nil.
    [23] <engine-1>[GdPAI] ObjectRef(125661351450): object was freed before callback; returning Nil.
    [24] <engine-1>[GdPAI] ObjectRef(124621163998): object was freed before callback; returning Nil.
    [25] <engine-1>[GdPAI] ObjectRef(124134624705): object was freed before callback; returning Nil.
    [26] <engine-1>[GdPAI] ObjectRef(124134624705): object was freed before callback; returning Nil.
    [27] <engine-1>[GdPAI] ObjectRef(124621163998): object was freed before callback; returning Nil.
    [28] <engine-1>[GdPAI] ObjectRef(124134624705): object was freed before callback; returning Nil.
    [29] <engine-1>[GdPAI] ObjectRef(124134624705): object was freed before callback; returning Nil.
    [30] <engine-1>[GdPAI] ObjectRef(124621163998): object was freed before callback; returning Nil.
    [31] <engine-1>[GdPAI] ObjectRef(124621163998): object was freed before callback; returning Nil.
    [32] <engine-1>[GdPAI] ObjectRef(124621163998): object was freed before callback; returning Nil.
    [33] <engine-1>[GdPAI] ObjectRef(124621163998): object was freed before callback; returning Nil.
    [34] <engine-1>[GdPAI] ObjectRef(124621163998): object was freed before callback; returning Nil.
    [35] <engine-1>[GdPAI] ObjectRef(124621163998): object was freed before callback; returning Nil.
    [36] <engine-1>[GdPAI] ObjectRef(124621163998): object was freed before callback; returning Nil.
    [37] <engine-1>[GdPAI] ObjectRef(124621163998): object was freed before callback; returning Nil.
    [38] <engine-1>[GdPAI] ObjectRef(124621163998): object was freed before callback; returning Nil.
    [39] <engine-1>[GdPAI] ObjectRef(124621163998): object was freed before callback; returning Nil.
    [40] <engine-1>[GdPAI] ObjectRef(124621163998): object was freed before callback; returning Nil.
    [41] <engine-1>[GdPAI] ObjectRef(124621163998): object was freed before callback; returning Nil.
    [42] <engine-1>[GdPAI] ObjectRef(124621163998): object was freed before callback; returning Nil.
    [43] <engine-1>[GdPAI] ObjectRef(124621163998): object was freed before callback; returning Nil.
    [44] <engine-1>[GdPAI] ObjectRef(124621163998): object was freed before callback; returning Nil.
    [45] <engine-1>[GdPAI] ObjectRef(124621163998): object was freed before callback; returning Nil.
    [46] <engine-1>[GdPAI] ObjectRef(124621163998): object was freed before callback; returning Nil.
    [47] <engine-1>[GdPAI] ObjectRef(124621163998): object was freed before callback; returning Nil.
    [48] <engine-1>[GdPAI] ObjectRef(124621163998): object was freed before callback; returning Nil.
    [49] <engine-1>[GdPAI] ObjectRef(124621163998): object was freed before callback; returning Nil.
    [50] <engine-1>[GdPAI] ObjectRef(124621163998): object was freed before callback; returning Nil.
    [51] <engine-1>[GdPAI] ObjectRef(124621163998): object was freed before callback; returning Nil.
    [52] <engine-1>[GdPAI] ObjectRef(124621163998): object was freed before callback; returning Nil.
    [53] <engine-1>[GdPAI] ObjectRef(124621163998): object was freed before callback; returning Nil.
    [54] <engine-1>[GdPAI] ObjectRef(124621163998): object was freed before callback; returning Nil.
    [55] <engine-1>[GdPAI] ObjectRef(124621163998): object was freed before callback; returning Nil.
    [56] <engine-1>[GdPAI] ObjectRef(124621163998): object was freed before callback; returning Nil.
    [57] <engine-1>[GdPAI] ObjectRef(124621163998): object was freed before callback; returning Nil.
    [58] <engine-1>[GdPAI] ObjectRef(124621163998): object was freed before callback; returning Nil.
    [59] <engine-1>[GdPAI] ObjectRef(124621163998): object was freed before callback; returning Nil.
    [60] <engine-1>[GdPAI] ObjectRef(124621163998): object was freed before callback; returning Nil.
    [61] <engine-1>[GdPAI] ObjectRef(124621163998): object was freed before callback; returning Nil.
    [62] <engine-1>[GdPAI] ObjectRef(124621163998): object was freed before callback; returning Nil.
    [63] <engine-1>[GdPAI] ObjectRef(124621163998): object was freed before callback; returning Nil.
    [64] <engine-1>[GdPAI] ObjectRef(124621163998): object was freed before callback; returning Nil.
    [65] <engine-1>[GdPAI] ObjectRef(124621163998): object was freed before callback; returning Nil.
    [66] <engine-1>[GdPAI] ObjectRef(124621163998): object was freed before callback; returning Nil.
    [67] <engine-1>[GdPAI] ObjectRef(124621163998): object was freed before callback; returning Nil.
    [68] <engine-1>[GdPAI] ObjectRef(124621163998): object was freed before callback; returning Nil.
    [69] <engine-1>[GdPAI] ObjectRef(124621163998): object was freed before callback; returning Nil.
    [70] <engine-1>[GdPAI] ObjectRef(124621163998): object was freed before callback; returning Nil.
    [71] <engine-1>[GdPAI] ObjectRef(124621163998): object was freed before callback; returning Nil.
    [72] <engine-1>[GdPAI] ObjectRef(124621163998): object was freed before callback; returning Nil.
    [73] <engine-1>[GdPAI] ObjectRef(124621163998): object was freed before callback; returning Nil.
    [74] <engine-1>[GdPAI] ObjectRef(124621163998): object was freed before callback; returning Nil.
    [75] <engine-1>[GdPAI] ObjectRef(124621163998): object was freed before callback; returning Nil.
    [76] <engine-1>[GdPAI] ObjectRef(124621163998): object was freed before callback; returning Nil.
    [77] <engine-1>[GdPAI] ObjectRef(124621163998): object was freed before callback; returning Nil.
    [78] <engine-1>[GdPAI] ObjectRef(124621163998): object was freed before callback; returning Nil.
    [79] <engine-1>[GdPAI] ObjectRef(124621163998): object was freed before callback; returning Nil.
    [80] <engine-1>[GdPAI] ObjectRef(124621163998): object was freed before callback; returning Nil.
    [81] <engine-1>[GdPAI] ObjectRef(124621163998): object was freed before callback; returning Nil.
    [82] <engine-1>[GdPAI] ObjectRef(124621163998): object was freed before callback; returning Nil.
    [83] <engine-1>[GdPAI] ObjectRef(124621163998): object was freed before callback; returning Nil.
    [84] <engine-1>[GdPAI] ObjectRef(124621163998): object was freed before callback; returning Nil.
    [85] <engine-1>[GdPAI] ObjectRef(124621163998): object was freed before callback; returning Nil.
    [86] <engine-1>[GdPAI] ObjectRef(124621163998): object was freed before callback; returning Nil.
    [87] <engine-1>[GdPAI] ObjectRef(124621163998): object was freed before callback; returning Nil.
    [88] <engine-1>[GdPAI] ObjectRef(124621163998): object was freed before callback; returning Nil.
    [89] <engine-1>[GdPAI] ObjectRef(124621163998): object was freed before callback; returning Nil.
    [90] <engine-1>[GdPAI] ObjectRef(124621163998): object was freed before callback; returning Nil.
    [91] <engine-1>[GdPAI] ObjectRef(124621163998): object was freed before callback; returning Nil.
    [92] <engine-1>[GdPAI] ObjectRef(124621163998): object was freed before callback; returning Nil.
    [93] <engine-1>[GdPAI] ObjectRef(124621163998): object was freed before callback; returning Nil.
    [94] <engine-1>[GdPAI] ObjectRef(124621163998): object was freed before callback; returning Nil.
    [95] <engine-1>[GdPAI] ObjectRef(124621163998): object was freed before callback; returning Nil.
    [96] <engine-1>[GdPAI] ObjectRef(124621163998): object was freed before callback; returning Nil.
    [97] <engine-1>[GdPAI] ObjectRef(124621163998): object was freed before callback; returning Nil.
    [98] <engine-1>[GdPAI] ObjectRef(124621163998): object was freed before callback; returning Nil.
    [99] <engine-1>[GdPAI] ObjectRef(124621163998): object was freed before callback; returning Nil.
    [100] <engine-1>[GdPAI] ObjectRef(124621163998): object was freed before callback; returning Nil.
    [101] <engine-1>[GdPAI] ObjectRef(124621163998): object was freed before callback; returning Nil.
    [102] <engine-1>[GdPAI] ObjectRef(124621163998): object was freed before callback; returning Nil.
    [103] <engine-1>[GdPAI] ObjectRef(124621163998): object was freed before callback; returning Nil.
    [104] <engine-1>[GdPAI] ObjectRef(124621163998): object was freed before callback; returning Nil.
    [105] <engine-1>[GdPAI] ObjectRef(124621163998): object was freed before callback; returning Nil.
    [106] <engine-1>[GdPAI] ObjectRef(124621163998): object was freed before callback; returning Nil.
    [107] <engine-1>[GdPAI] ObjectRef(124621163998): object was freed before callback; returning Nil.
    [108] <engine-1>[GdPAI] ObjectRef(124621163998): object was freed before callback; returning Nil.
    [109] <engine-1>[GdPAI] ObjectRef(124621163998): object was freed before callback; returning Nil.
    [110] <engine-1>[GdPAI] ObjectRef(124621163998): object was freed before callback; returning Nil.
    [111] <engine-1>[GdPAI] ObjectRef(124621163998): object was freed before callback; returning Nil.
    [112] <engine-1>[GdPAI] ObjectRef(124621163998): object was freed before callback; returning Nil.
    [113] <engine-1>[GdPAI] ObjectRef(124621163998): object was freed before callback; returning Nil.
    [114] <engine-1>[GdPAI] ObjectRef(124621163998): object was freed before callback; returning Nil.
    [115] <engine-1>[GdPAI] ObjectRef(124621163998): object was freed before callback; returning Nil.
    [116] <engine-1>[GdPAI] ObjectRef(124621163998): object was freed before callback; returning Nil.
    [117] <engine-1>[GdPAI] ObjectRef(124621163998): object was freed before callback; returning Nil.
    [118] <engine-1>[GdPAI] ObjectRef(124621163998): object was freed before callback; returning Nil.
    [119] <engine-1>[GdPAI] ObjectRef(124621163998): object was freed before callback; returning Nil.
    [120] <engine-1>[GdPAI] ObjectRef(124621163998): object was freed before callback; returning Nil.
    [121] <engine-1>[GdPAI] ObjectRef(124621163998): object was freed before callback; returning Nil.
    [122] <engine-1>[GdPAI] ObjectRef(124621163998): object was freed before callback; returning Nil.
    [123] <engine-1>[GdPAI] ObjectRef(124621163998): object was freed before callback; returning Nil.
    [124] <engine-1>[GdPAI] ObjectRef(124621163998): object was freed before callback; returning Nil.
    [125] <engine-1>[GdPAI] ObjectRef(124621163998): object was freed before callback; returning Nil.
    [126] <engine-1>[GdPAI] ObjectRef(124621163998): object was freed before callback; returning Nil.
    [127] <engine-1>[GdPAI] ObjectRef(124621163998): object was freed before callback; returning Nil.
    [128] <engine-1>[GdPAI] ObjectRef(124621163998): object was freed before callback; returning Nil.
    [129] <engine-1>[GdPAI] ObjectRef(124621163998): object was freed before callback; returning Nil.
    [130] <engine-1>[GdPAI] ObjectRef(124621163998): object was freed before callback; returning Nil.
    [131] <engine-1>[GdPAI] ObjectRef(124621163998): object was freed before callback; returning Nil.
    [132] <engine-1>[GdPAI] ObjectRef(124621163998): object was freed before callback; returning Nil.
    [133] <engine-1>[GdPAI] ObjectRef(124621163998): object was freed before callback; returning Nil.
    [134] <engine-1>[GdPAI] ObjectRef(124621163998): object was freed before callback; returning Nil.
    [135] <engine-1>[GdPAI] ObjectRef(124621163998): object was freed before callback; returning Nil.
    [136] <engine-1>[GdPAI] ObjectRef(123983629752): object was freed before callback; returning Nil.
    [137] <engine-1>[GdPAI] ObjectRef(123983629752): object was freed before callback; returning Nil.
    [138] <engine-1>[GdPAI] ObjectRef(124621163998): object was freed before callback; returning Nil.
    [139] <engine-1>[GdPAI] ObjectRef(124621163998): object was freed before callback; returning Nil.
    [140] <engine-1>[GdPAI] ObjectRef(123983629752): object was freed before callback; returning Nil.
    [141] <engine-1>[GdPAI] ObjectRef(123983629752): object was freed before callback; returning Nil.
    [142] <engine-1>[GdPAI] ObjectRef(124621163998): object was freed before callback; returning Nil.
    [143] <engine-1>[GdPAI] ObjectRef(123983629752): object was freed before callback; returning Nil.
    [144] <engine-1>[GdPAI] ObjectRef(123983629752): object was freed before callback; returning Nil.
    [145] <engine-1>[GdPAI] ObjectRef(124621163998): object was freed before callback; returning Nil.
    [146] <engine-1>[GdPAI] ObjectRef(123983629752): object was freed before callback; returning Nil.
    [147] <engine-1>[GdPAI] ObjectRef(123983629752): object was freed before callback; returning Nil.
    [148] <engine-1>[GdPAI] ObjectRef(124621163998): object was freed before callback; returning Nil.
    [149] <engine-1>[GdPAI] ObjectRef(124621163998): object was freed before callback; returning Nil.
    [150] <engine-1>[GdPAI] ObjectRef(124621163998): object was freed before callback; returning Nil.
    [151] <engine-1>[GdPAI] ObjectRef(124621163998): object was freed before callback; returning Nil.
    [152] <engine-1>[GdPAI] ObjectRef(124621163998): object was freed before callback; returning Nil.
    [153] <engine-1>[GdPAI] ObjectRef(124621163998): object was freed before callback; returning Nil.
    [154] <engine-1>[GdPAI] ObjectRef(124621163998): object was freed before callback; returning Nil.
    [155] <engine-1>[GdPAI] ObjectRef(124621163998): object was freed before callback; returning Nil.
    [156] <engine-1>[GdPAI] ObjectRef(124621163998): object was freed before callback; returning Nil.
    [157] <engine-1>[GdPAI] ObjectRef(124621163998): object was freed before callback; returning Nil.
    [158] <engine-1>[GdPAI] ObjectRef(124621163998): object was freed before callback; returning Nil.
    [159] <engine-1>[GdPAI] ObjectRef(124621163998): object was freed before callback; returning Nil.
    [160] <engine-1>[GdPAI] ObjectRef(123983629752): object was freed before callback; returning Nil.
    [161] <engine-1>[GdPAI] ObjectRef(123983629752): object was freed before callback; returning Nil.
    [162] <engine-1>[GdPAI] ObjectRef(124621163998): object was freed before callback; returning Nil.
    [163] <engine-1>[GdPAI] ObjectRef(124621163998): object was freed before callback; returning Nil.
    [164] <engine-1>[GdPAI] ObjectRef(123983629752): object was freed before callback; returning Nil.
    [165] <engine-1>[GdPAI] ObjectRef(123983629752): object was freed before callback; returning Nil.
    [166] <engine-1>[GdPAI] ObjectRef(124621163998): object was freed before callback; returning Nil.
    [167] <engine-1>[GdPAI] ObjectRef(123983629752): object was freed before callback; returning Nil.
    [168] <engine-1>[GdPAI] ObjectRef(123983629752): object was freed before callback; returning Nil.
    [169] <engine-1>[GdPAI] ObjectRef(124621163998): object was freed before callback; returning Nil.
    [170] <engine-1>[GdPAI] ObjectRef(123983629752): object was freed before callback; returning Nil.
    [171] <engine-1>[GdPAI] ObjectRef(123983629752): object was freed before callback; returning Nil.
    [172] <engine-1>[GdPAI] ObjectRef(124621163998): object was freed before callback; returning Nil.
    [173] <engine-1>[GdPAI] ObjectRef(124621163998): object was freed before callback; returning Nil.
    [174] <engine-1>[GdPAI] ObjectRef(124621163998): object was freed before callback; returning Nil.
    [175] <engine-1>[GdPAI] ObjectRef(124621163998): object was freed before callback; returning Nil.
    [176] <engine-1>[GdPAI] ObjectRef(124621163998): object was freed before callback; returning Nil.
    [177] <engine-1>[GdPAI] ObjectRef(124621163998): object was freed before callback; returning Nil.
    [178] <engine-1>[GdPAI] ObjectRef(124621163998): object was freed before callback; returning Nil.
    [179] <engine-1>[GdPAI] ObjectRef(124621163998): object was freed before callback; returning Nil.
    [180] <engine-1>[GdPAI] ObjectRef(124621163998): object was freed before callback; returning Nil.
    [181] <engine-1>[GdPAI] ObjectRef(124621163998): object was freed before callback; returning Nil.
    [182] <engine-1>[GdPAI] ObjectRef(124621163998): object was freed before callback; returning Nil.
    [183] <engine-1>[GdPAI] ObjectRef(124621163998): object was freed before callback; returning Nil.
    [184] <engine-1>[GdPAI] ObjectRef(124621163998): object was freed before callback; returning Nil.
    [185] <engine-1>[GdPAI] ObjectRef(124621163998): object was freed before callback; returning Nil.
    [186] <engine-1>[GdPAI] ObjectRef(124621163998): object was freed before callback; returning Nil.
    [187] <engine-1>[GdPAI] ObjectRef(124621163998): object was freed before callback; returning Nil.
    [188] <engine-1>[GdPAI] ObjectRef(124621163998): object was freed before callback; returning Nil.
    [189] <engine-1>[GdPAI] ObjectRef(124621163998): object was freed before callback; returning Nil.
    [190] <engine-1>[GdPAI] ObjectRef(124621163998): object was freed before callback; returning Nil.
    [191] <engine-1>[GdPAI] ObjectRef(124621163998): object was freed before callback; returning Nil.
    [192] <engine-1>[GdPAI] ObjectRef(124621163998): object was freed before callback; returning Nil.
    [193] <engine-1>[GdPAI] ObjectRef(124621163998): object was freed before callback; returning Nil.
    [194] <engine-1>[GdPAI] ObjectRef(124621163998): object was freed before callback; returning Nil.
    [195] <engine-1>[GdPAI] ObjectRef(124621163998): object was freed before callback; returning Nil.
    [196] <engine-1>[GdPAI] ObjectRef(124621163998): object was freed before callback; returning Nil.
    [197] <engine-1>[GdPAI] ObjectRef(124621163998): object was freed before callback; returning Nil.
    [198] <engine-1>[GdPAI] ObjectRef(124621163998): object was freed before callback; returning Nil.
    [199] <engine-1>[GdPAI] ObjectRef(124621163998): object was freed before callback; returning Nil.
    [200] <engine-1>[GdPAI] ObjectRef(124621163998): object was freed before callback; returning Nil.
    [201] <engine-1>[GdPAI] ObjectRef(124621163998): object was freed before callback; returning Nil.
    [202] <engine-1>[GdPAI] ObjectRef(124621163998): object was freed before callback; returning Nil.
    [203] <engine-1>[GdPAI] ObjectRef(124621163998): object was freed before callback; returning Nil.
    [204] <engine-1>[GdPAI] ObjectRef(124621163998): object was freed before callback; returning Nil.
    [205] <engine-1>[GdPAI] ObjectRef(124621163998): object was freed before callback; returning Nil.
    [206] <engine-1>[GdPAI] ObjectRef(124621163998): object was freed before callback; returning Nil.
    [207] <engine-1>[GdPAI] ObjectRef(124621163998): object was freed before callback; returning Nil.
    [208] <engine-1>[GdPAI] ObjectRef(124621163998): object was freed before callback; returning Nil.
    [209] <engine-1>[GdPAI] ObjectRef(124621163998): object was freed before callback; returning Nil.
    [210] <engine-1>[GdPAI] ObjectRef(124621163998): object was freed before callback; returning Nil.
    [211] <engine-1>[GdPAI] ObjectRef(124621163998): object was freed before callback; returning Nil.
    [212] <engine-1>[GdPAI] ObjectRef(124621163998): object was freed before callback; returning Nil.
    [213] <engine-1>[GdPAI] ObjectRef(124621163998): object was freed before callback; returning Nil.
    [214] <engine-1>[GdPAI] ObjectRef(124621163998): object was freed before callback; returning Nil.
    [215] <engine-1>[GdPAI] ObjectRef(124621163998): object was freed before callback; returning Nil.
    [216] <engine-1>[GdPAI] ObjectRef(124621163998): object was freed before callback; returning Nil.
    [217] <engine-1>[GdPAI] ObjectRef(124621163998): object was freed before callback; returning Nil.
    [218] <engine-1>[GdPAI] ObjectRef(124621163998): object was freed before callback; returning Nil.
    [219] <engine-1>[GdPAI] ObjectRef(124621163998): object was freed before callback; returning Nil.
    [220] <engine-1>[GdPAI] ObjectRef(124621163998): object was freed before callback; returning Nil.
    [221] <engine-1>[GdPAI] ObjectRef(124621163998): object was freed before callback; returning Nil.
    [222] <engine-1>[GdPAI] ObjectRef(124621163998): object was freed before callback; returning Nil.
    [223] <engine-1>[GdPAI] ObjectRef(124621163998): object was freed before callback; returning Nil.
    [224] <engine-1>[GdPAI] ObjectRef(124621163998): object was freed before callback; returning Nil.
    [225] <engine-1>[GdPAI] ObjectRef(124621163998): object was freed before callback; returning Nil.
    [226] <engine-1>[GdPAI] ObjectRef(124621163998): object was freed before callback; returning Nil.
    [227] <engine-1>[GdPAI] ObjectRef(124621163998): object was freed before callback; returning Nil.
    [228] <engine-1>[GdPAI] ObjectRef(124621163998): object was freed before callback; returning Nil.
    [229] <engine-1>[GdPAI] ObjectRef(124621163998): object was freed before callback; returning Nil.
    [230] <engine-1>[GdPAI] ObjectRef(124621163998): object was freed before callback; returning Nil.
    [231] <engine-1>[GdPAI] ObjectRef(124621163998): object was freed before callback; returning Nil.
    [232] <engine-1>[GdPAI] ObjectRef(124621163998): object was freed before callback; returning Nil.
    [233] <engine-1>[GdPAI] ObjectRef(124621163998): object was freed before callback; returning Nil.
    [234] <engine-1>[GdPAI] ObjectRef(124621163998): object was freed before callback; returning Nil.
    [235] <engine-1>[GdPAI] ObjectRef(124621163998): object was freed before callback; returning Nil.
    [236] <engine-1>[GdPAI] ObjectRef(124621163998): object was freed before callback; returning Nil.
    [237] <engine-1>[GdPAI] ObjectRef(124621163998): object was freed before callback; returning Nil.
    [238] <engine-1>[GdPAI] ObjectRef(124621163998): object was freed before callback; returning Nil.
    [239] <engine-1>[GdPAI] ObjectRef(124621163998): object was freed before callback; returning Nil.
    [240] <engine-1>[GdPAI] ObjectRef(124621163998): object was freed before callback; returning Nil.
    [241] <engine-1>[GdPAI] ObjectRef(124621163998): object was freed before callback; returning Nil.
    [242] <engine-1>[GdPAI] ObjectRef(124621163998): object was freed before callback; returning Nil.
    [243] <engine-1>[GdPAI] ObjectRef(124621163998): object was freed before callback; returning Nil.
    [244] <engine-1>[GdPAI] ObjectRef(124621163998): object was freed before callback; returning Nil.
    [245] <engine-1>[GdPAI] ObjectRef(124621163998): object was freed before callback; returning Nil.
    [246] <engine-1>[GdPAI] ObjectRef(124621163998): object was freed before callback; returning Nil.
    [247] <engine-1>[GdPAI] ObjectRef(124621163998): object was freed before callback; returning Nil.
    [248] <engine-1>[GdPAI] ObjectRef(124621163998): object was freed before callback; returning Nil.
    [249] <engine-1>[GdPAI] ObjectRef(124621163998): object was freed before callback; returning Nil.
    [250] <engine-1>[GdPAI] ObjectRef(124621163998): object was freed before callback; returning Nil.
    [251] <engine-1>[GdPAI] ObjectRef(124621163998): object was freed before callback; returning Nil.
    [252] <engine-1>[GdPAI] ObjectRef(124621163998): object was freed before callback; returning Nil.
    [253] <engine-1>[GdPAI] ObjectRef(124621163998): object was freed before callback; returning Nil.
    [254] <engine-1>[GdPAI] ObjectRef(124621163998): object was freed before callback; returning Nil.
    [255] <engine-1>[GdPAI] ObjectRef(124621163998): object was freed before callback; returning Nil.
    [256] <engine-1>[GdPAI] ObjectRef(124621163998): object was freed before callback; returning Nil.
    [257] <engine-1>[GdPAI] ObjectRef(124621163998): object was freed before callback; returning Nil.
    [258] <engine-1>[GdPAI] ObjectRef(124621163998): object was freed before callback; returning Nil.
    [259] <engine-1>[GdPAI] ObjectRef(124621163998): object was freed before callback; returning Nil.
    [260] <engine-1>[GdPAI] ObjectRef(124621163998): object was freed before callback; returning Nil.
    [261] <engine-1>[GdPAI] ObjectRef(124621163998): object was freed before callback; returning Nil.
    [262] <engine-1>[GdPAI] ObjectRef(124621163998): object was freed before callback; returning Nil.
    [263] <engine-1>[GdPAI] ObjectRef(124621163998): object was freed before callback; returning Nil.
    [264] <engine-1>[GdPAI] ObjectRef(124621163998): object was freed before callback; returning Nil.
    [265] <engine-1>[GdPAI] ObjectRef(124621163998): object was freed before callback; returning Nil.
    [266] <engine-1>[GdPAI] ObjectRef(124621163998): object was freed before callback; returning Nil.
    [267] <engine-1>[GdPAI] ObjectRef(124621163998): object was freed before callback; returning Nil.
    [268] <engine-1>[GdPAI] ObjectRef(124621163998): object was freed before callback; returning Nil.
    [269] <engine-1>[GdPAI] ObjectRef(124621163998): object was freed before callback; returning Nil.
    [270] <engine-1>[GdPAI] ObjectRef(124621163998): object was freed before callback; returning Nil.
    [271] <engine-1>[GdPAI] ObjectRef(124621163998): object was freed before callback; returning Nil.
    [272] <engine-1>[GdPAI] ObjectRef(124621163998): object was freed before callback; returning Nil.
    [273] <engine-1>[GdPAI] ObjectRef(124621163998): object was freed before callback; returning Nil.
    [274] <engine-1>[GdPAI] ObjectRef(124621163998): object was freed before callback; returning Nil.
    [275] <engine-1>[GdPAI] ObjectRef(124621163998): object was freed before callback; returning Nil.
    [276] <engine-1>[GdPAI] ObjectRef(124621163998): object was freed before callback; returning Nil.
    [277] <engine-1>[GdPAI] ObjectRef(124621163998): object was freed before callback; returning Nil.
    [278] <engine-1>[GdPAI] ObjectRef(124621163998): object was freed before callback; returning Nil.
    [279] <engine-1>[GdPAI] ObjectRef(124621163998): object was freed before callback; returning Nil.
    [280] <engine-1>[GdPAI] ObjectRef(124621163998): object was freed before callback; returning Nil.
    [281] <engine-1>[GdPAI] ObjectRef(124621163998): object was freed before callback; returning Nil.
    [282] <engine-1>[GdPAI] ObjectRef(124621163998): object was freed before callback; returning Nil.
    [283] <engine-1>[GdPAI] ObjectRef(124621163998): object was freed before callback; returning Nil.
    [284] <engine-1>[GdPAI] ObjectRef(124621163998): object was freed before callback; returning Nil.
    [285] <engine-1>[GdPAI] ObjectRef(124621163998): object was freed before callback; returning Nil.
    [286] <engine-1>[GdPAI] ObjectRef(124621163998): object was freed before callback; returning Nil.
    [287] <engine-1>[GdPAI] ObjectRef(124621163998): object was freed before callback; returning Nil.
    [288] <engine-1>[GdPAI] ObjectRef(124621163998): object was freed before callback; returning Nil.
    [289] <engine-1>[GdPAI] ObjectRef(124621163998): object was freed before callback; returning Nil.
    [290] <engine-1>[GdPAI] ObjectRef(124621163998): object was freed before callback; returning Nil.
    [291] <engine-1>[GdPAI] ObjectRef(124621163998): object was freed before callback; returning Nil.
    [292] <engine-1>[GdPAI] ObjectRef(124621163998): object was freed before callback; returning Nil.
    [293] <engine-1>[GdPAI] ObjectRef(124621163998): object was freed before callback; returning Nil.
    [294] <engine-1>[GdPAI] ObjectRef(124621163998): object was freed before callback; returning Nil.
    [295] <engine-1>[GdPAI] ObjectRef(124621163998): object was freed before callback; returning Nil.
    [296] <engine-1>[GdPAI] ObjectRef(124621163998): object was freed before callback; returning Nil.
    [297] <engine-1>[GdPAI] ObjectRef(124621163998): object was freed before callback; returning Nil.
    [298] <engine-1>[GdPAI] ObjectRef(124621163998): object was freed before callback; returning Nil.
    [299] <engine-1>[GdPAI] ObjectRef(124621163998): object was freed before callback; returning Nil.
    [300] <engine-1>[GdPAI] ObjectRef(123983629752): object was freed before callback; returning Nil.
    [301] <engine-1>[GdPAI] ObjectRef(123983629752): object was freed before callback; returning Nil.
    [302] <engine-1>[GdPAI] ObjectRef(124621163998): object was freed before callback; returning Nil.
    [303] <engine-1>[GdPAI] ObjectRef(124621163998): object was freed before callback; returning Nil.
    [304] <engine-1>[GdPAI] ObjectRef(123983629752): object was freed before callback; returning Nil.
    [305] <engine-1>[GdPAI] ObjectRef(123983629752): object was freed before callback; returning Nil.
    [306] <engine-1>[GdPAI] ObjectRef(124621163998): object was freed before callback; returning Nil.
    [307] <engine-1>[GdPAI] ObjectRef(123983629752): object was freed before callback; returning Nil.
    [308] <engine-1>[GdPAI] ObjectRef(123983629752): object was freed before callback; returning Nil.
    [309] <engine-1>[GdPAI] ObjectRef(124621163998): object was freed before callback; returning Nil.
    [310] <engine-1>[GdPAI] ObjectRef(123983629752): object was freed before callback; returning Nil.
    [311] <engine-1>[GdPAI] ObjectRef(123983629752): object was freed before callback; returning Nil.
    [312] <engine-1>[GdPAI] ObjectRef(124621163998): object was freed before callback; returning Nil.
    [313] <engine-1>[GdPAI] ObjectRef(124134624705): object was freed before callback; returning Nil.
    [314] <engine-1>[GdPAI] ObjectRef(124134624705): object was freed before callback; returning Nil.
    [315] <engine-1>[GdPAI] ObjectRef(124621163998): object was freed before callback; returning Nil.
    [316] <engine-1>[GdPAI] ObjectRef(124134624705): object was freed before callback; returning Nil.
    [317] <engine-1>[GdPAI] ObjectRef(124134624705): object was freed before callback; returning Nil.
    [318] <engine-1>[GdPAI] ObjectRef(124621163998): object was freed before callback; returning Nil.
    [319] <engine-1>[GdPAI] ObjectRef(124134624705): object was freed before callback; returning Nil.
    [320] <engine-1>[GdPAI] ObjectRef(124134624705): object was freed before callback; returning Nil.
    [321] <engine-1>[GdPAI] ObjectRef(124621163998): object was freed before callback; returning Nil.
    [322] <engine-1>[GdPAI] ObjectRef(124134624705): object was freed before callback; returning Nil.
    [323] <engine-1>[GdPAI] ObjectRef(124134624705): object was freed before callback; returning Nil.
    [324] <engine-1>[GdPAI] ObjectRef(124621163998): object was freed before callback; returning Nil.
    [325] <engine-1>[GdPAI] ObjectRef(124621163998): object was freed before callback; returning Nil.
    [326] <engine-1>[GdPAI] ObjectRef(124621163998): object was freed before callback; returning Nil.
    [327] <engine-1>[GdPAI] ObjectRef(124621163998): object was freed before callback; returning Nil.
    [328] <engine-1>[GdPAI] ObjectRef(124621163998): object was freed before callback; returning Nil.
    [329] <engine-1>[GdPAI] ObjectRef(124621163998): object was freed before callback; returning Nil.
    [330] <engine-1>[GdPAI] ObjectRef(124621163998): object was freed before callback; returning Nil.
    [331] <engine-1>[GdPAI] ObjectRef(124621163998): object was freed before callback; returning Nil.
    [332] <engine-1>[GdPAI] ObjectRef(124621163998): object was freed before callback; returning Nil.
    [333] <engine-1>[GdPAI] ObjectRef(124134624705): object was freed before callback; returning Nil.
    [334] <engine-1>[GdPAI] ObjectRef(124134624705): object was freed before callback; returning Nil.
    [335] <engine-1>[GdPAI] ObjectRef(124621163998): object was freed before callback; returning Nil.
    [336] <engine-1>[GdPAI] ObjectRef(124134624705): object was freed before callback; returning Nil.
    [337] <engine-1>[GdPAI] ObjectRef(124134624705): object was freed before callback; returning Nil.
    [338] <engine-1>[GdPAI] ObjectRef(124621163998): object was freed before callback; returning Nil.
    [339] <engine-1>[GdPAI] ObjectRef(124134624705): object was freed before callback; returning Nil.
    [340] <engine-1>[GdPAI] ObjectRef(124134624705): object was freed before callback; returning Nil.
    [341] <engine-1>[GdPAI] ObjectRef(124621163998): object was freed before callback; returning Nil.
    [342] <engine-1>[GdPAI] ObjectRef(124134624705): object was freed before callback; returning Nil.
    [343] <engine-1>[GdPAI] ObjectRef(124134624705): object was freed before callback; returning Nil.
    [344] <engine-1>[GdPAI] ObjectRef(124621163998): object was freed before callback; returning Nil.
    [345] <engine-1>[GdPAI] ObjectRef(124621163998): object was freed before callback; returning Nil.
    [346] <engine-1>[GdPAI] ObjectRef(124621163998): object was freed before callback; returning Nil.
    [347] <engine-1>[GdPAI] ObjectRef(124621163998): object was freed before callback; returning Nil.
    [348] <engine-1>[GdPAI] ObjectRef(123983629752): object was freed before callback; returning Nil.
    [349] <engine-1>[GdPAI] ObjectRef(123983629752): object was freed before callback; returning Nil.
    [350] <engine-1>[GdPAI] ObjectRef(124621163998): object was freed before callback; returning Nil.
    [351] <engine-1>[GdPAI] ObjectRef(124621163998): object was freed before callback; returning Nil.
    [352] <engine-1>[GdPAI] ObjectRef(123983629752): object was freed before callback; returning Nil.
    [353] <engine-1>[GdPAI] ObjectRef(123983629752): object was freed before callback; returning Nil.
    [354] <engine-1>[GdPAI] ObjectRef(124621163998): object was freed before callback; returning Nil.
    [355] <engine-1>[GdPAI] ObjectRef(123983629752): object was freed before callback; returning Nil.
    [356] <engine-1>[GdPAI] ObjectRef(123983629752): object was freed before callback; returning Nil.
    [357] <engine-1>[GdPAI] ObjectRef(124621163998): object was freed before callback; returning Nil.
    [358] <engine-1>[GdPAI] ObjectRef(123983629752): object was freed before callback; returning Nil.
    [359] <engine-1>[GdPAI] ObjectRef(123983629752): object was freed before callback; returning Nil.
    [360] <engine-1>[GdPAI] ObjectRef(124621163998): object was freed before callback; returning Nil.
    [361] <engine-1>[GdPAI] ObjectRef(124134624705): object was freed before callback; returning Nil.
    [362] <engine-1>[GdPAI] ObjectRef(124134624705): object was freed before callback; returning Nil.
    [363] <engine-1>[GdPAI] ObjectRef(124621163998): object was freed before callback; returning Nil.
    [364] <engine-1>[GdPAI] ObjectRef(124134624705): object was freed before callback; returning Nil.
    [365] <engine-1>[GdPAI] ObjectRef(124134624705): object was freed before callback; returning Nil.
    [366] <engine-1>[GdPAI] ObjectRef(124621163998): object was freed before callback; returning Nil.
    [367] <engine-1>[GdPAI] ObjectRef(124134624705): object was freed before callback; returning Nil.
    [368] <engine-1>[GdPAI] ObjectRef(124134624705): object was freed before callback; returning Nil.
    [369] <engine-1>[GdPAI] ObjectRef(124621163998): object was freed before callback; returning Nil.
    [370] <engine-1>[GdPAI] ObjectRef(124134624705): object was freed before callback; returning Nil.
    [371] <engine-1>[GdPAI] ObjectRef(124134624705): object was freed before callback; returning Nil.
    [372] <engine-1>[GdPAI] ObjectRef(124621163998): object was freed before callback; returning Nil.
    [373] <engine-1>[GdPAI] ObjectRef(124621163998): object was freed before callback; returning Nil.
    [374] <engine-1>[GdPAI] ObjectRef(124621163998): object was freed before callback; returning Nil.
    [375] <engine-1>[GdPAI] ObjectRef(124621163998): object was freed before callback; returning Nil.
    [376] <engine-1>[GdPAI] ObjectRef(124621163998): object was freed before callback; returning Nil.
    [377] <engine-1>[GdPAI] ObjectRef(124621163998): object was freed before callback; returning Nil.
    [378] <engine-1>[GdPAI] ObjectRef(124621163998): object was freed before callback; returning Nil.
    [379] <engine-1>[GdPAI] ObjectRef(124621163998): object was freed before callback; returning Nil.
    [380] <engine-1>[GdPAI] ObjectRef(124621163998): object was freed before callback; returning Nil.
    [381] <engine-1>[GdPAI] ObjectRef(124134624705): object was freed before callback; returning Nil.
    [382] <engine-1>[GdPAI] ObjectRef(124134624705): object was freed before callback; returning Nil.
    [383] <engine-1>[GdPAI] ObjectRef(124621163998): object was freed before callback; returning Nil.
    [384] <engine-1>[GdPAI] ObjectRef(124134624705): object was freed before callback; returning Nil.
    [385] <engine-1>[GdPAI] ObjectRef(124134624705): object was freed before callback; returning Nil.
    [386] <engine-1>[GdPAI] ObjectRef(124621163998): object was freed before callback; returning Nil.
    [387] <engine-1>[GdPAI] ObjectRef(124134624705): object was freed before callback; returning Nil.
    [388] <engine-1>[GdPAI] ObjectRef(124134624705): object was freed before callback; returning Nil.
    [389] <engine-1>[GdPAI] ObjectRef(124621163998): object was freed before callback; returning Nil.
    [390] <engine-1>[GdPAI] ObjectRef(124134624705): object was freed before callback; returning Nil.
    [391] <engine-1>[GdPAI] ObjectRef(124134624705): object was freed before callback; returning Nil.
    [392] <engine-1>[GdPAI] ObjectRef(124621163998): object was freed before callback; returning Nil.
    [393] <engine-1>[GdPAI] ObjectRef(124621163998): object was freed before callback; returning Nil.
    [394] <engine-1>[GdPAI] ObjectRef(124621163998): object was freed before callback; returning Nil.
    [395] <engine-1>[GdPAI] ObjectRef(124621163998): object was freed before callback; returning Nil.
    [396] <engine-1>[GdPAI] ObjectRef(124621163998): object was freed before callback; returning Nil.
    [397] <engine-1>[GdPAI] ObjectRef(124621163998): object was freed before callback; returning Nil.
    [398] <engine-1>[GdPAI] ObjectRef(124621163998): object was freed before callback; returning Nil.
    [399] <engine-1>[GdPAI] ObjectRef(124621163998): object was freed before callback; returning Nil.
    [400] <engine-1>[GdPAI] ObjectRef(124621163998): object was freed before callback; returning Nil.
    [401] <engine-1>[GdPAI] ObjectRef(124134624705): object was freed before callback; returning Nil.
    [402] <engine-1>[GdPAI] ObjectRef(124134624705): object was freed before callback; returning Nil.
    [403] <engine-1>[GdPAI] ObjectRef(124621163998): object was freed before callback; returning Nil.
    [404] <engine-1>[GdPAI] ObjectRef(124134624705): object was freed before callback; returning Nil.
    [405] <engine-1>[GdPAI] ObjectRef(124134624705): object was freed before callback; returning Nil.
    [406] <engine-1>[GdPAI] ObjectRef(124621163998): object was freed before callback; returning Nil.
    [407] <engine-1>[GdPAI] ObjectRef(124134624705): object was freed before callback; returning Nil.
    [408] <engine-1>[GdPAI] ObjectRef(124134624705): object was freed before callback; returning Nil.
    [409] <engine-1>[GdPAI] ObjectRef(124621163998): object was freed before callback; returning Nil.
    [410] <engine-1>[GdPAI] ObjectRef(124134624705): object was freed before callback; returning Nil.
    [411] <engine-1>[GdPAI] ObjectRef(124134624705): object was freed before callback; returning Nil.
    [412] <engine-1>[GdPAI] ObjectRef(124621163998): object was freed before callback; returning Nil.
    [413] <engine-1>[GdPAI] ObjectRef(124621163998): object was freed before callback; returning Nil.
    [414] <engine-1>[GdPAI] ObjectRef(124621163998): object was freed before callback; returning Nil.
    [415] <engine-1>[GdPAI] ObjectRef(124621163998): object was freed before callback; returning Nil.
    [416] <engine-1>[GdPAI] ObjectRef(124621163998): object was freed before callback; returning Nil.
    [417] <engine-1>[GdPAI] ObjectRef(124621163998): object was freed before callback; returning Nil.
    [418] <engine-1>[GdPAI] ObjectRef(124621163998): object was freed before callback; returning Nil.
    [419] <engine-1>[GdPAI] ObjectRef(124621163998): object was freed before callback; returning Nil.
    [420] <engine-1>[GdPAI] ObjectRef(124621163998): object was freed before callback; returning Nil.
    [421] <engine-1>[GdPAI] ObjectRef(124134624705): object was freed before callback; returning Nil.
    [422] <engine-1>[GdPAI] ObjectRef(124134624705): object was freed before callback; returning Nil.
    [423] <engine-1>[GdPAI] ObjectRef(124621163998): object was freed before callback; returning Nil.
    [424] <engine-1>[GdPAI] ObjectRef(124134624705): object was freed before callback; returning Nil.
    [425] <engine-1>[GdPAI] ObjectRef(124134624705): object was freed before callback; returning Nil.
    [426] <engine-1>[GdPAI] ObjectRef(124621163998): object was freed before callback; returning Nil.
    [427] <engine-1>[GdPAI] ObjectRef(124134624705): object was freed before callback; returning Nil.
    [428] <engine-1>[GdPAI] ObjectRef(124134624705): object was freed before callback; returning Nil.
    [429] <engine-1>[GdPAI] ObjectRef(124621163998): object was freed before callback; returning Nil.
    [430] <engine-1>[GdPAI] ObjectRef(124134624705): object was freed before callback; returning Nil.
    [431] <engine-1>[GdPAI] ObjectRef(124134624705): object was freed before callback; returning Nil.
    [432] <engine-1>[GdPAI] ObjectRef(124621163998): object was freed before callback; returning Nil.
    [433] <engine-1>[GdPAI] ObjectRef(124621163998): object was freed before callback; returning Nil.
    [434] <engine-1>[GdPAI] ObjectRef(124621163998): object was freed before callback; returning Nil.
    [435] <engine-1>[GdPAI] ObjectRef(124621163998): object was freed before callback; returning Nil.
    [436] <engine-1>[GdPAI] ObjectRef(124621163998): object was freed before callback; returning Nil.
    [437] <engine-1>[GdPAI] ObjectRef(124621163998): object was freed before callback; returning Nil.
    [438] <engine-1>[GdPAI] ObjectRef(124621163998): object was freed before callback; returning Nil.
    [439] <engine-1>[GdPAI] ObjectRef(124621163998): object was freed before callback; returning Nil.
    [440] <engine-1>[GdPAI] ObjectRef(124621163998): object was freed before callback; returning Nil.
    [441] <engine-1>[GdPAI] ObjectRef(124134624705): object was freed before callback; returning Nil.
    [442] <engine-1>[GdPAI] ObjectRef(124134624705): object was freed before callback; returning Nil.
    [443] <engine-1>[GdPAI] ObjectRef(124621163998): object was freed before callback; returning Nil.
    [444] <engine-1>[GdPAI] ObjectRef(124134624705): object was freed before callback; returning Nil.
    [445] <engine-1>[GdPAI] ObjectRef(124134624705): object was freed before callback; returning Nil.
    [446] <engine-1>[GdPAI] ObjectRef(124621163998): object was freed before callback; returning Nil.
    [447] <engine-1>[GdPAI] ObjectRef(124134624705): object was freed before callback; returning Nil.
    [448] <engine-1>[GdPAI] ObjectRef(124134624705): object was freed before callback; returning Nil.
    [449] <engine-1>[GdPAI] ObjectRef(124621163998): object was freed before callback; returning Nil.
    [450] <engine-1>[GdPAI] ObjectRef(124134624705): object was freed before callback; returning Nil.
    [451] <engine-1>[GdPAI] ObjectRef(124134624705): object was freed before callback; returning Nil.
    [452] <engine-1>[GdPAI] ObjectRef(124621163998): object was freed before callback; returning Nil.
    [453] <engine-1>[GdPAI] ObjectRef(124621163998): object was freed before callback; returning Nil.
    [454] <engine-1>[GdPAI] ObjectRef(124621163998): object was freed before callback; returning Nil.
    [455] <engine-1>[GdPAI] ObjectRef(124621163998): object was freed before callback; returning Nil.
    [456] <engine-1>[GdPAI] ObjectRef(124621163998): object was freed before callback; returning Nil.
    [457] <engine-1>[GdPAI] ObjectRef(124621163998): object was freed before callback; returning Nil.
    [458] <engine-1>[GdPAI] ObjectRef(124621163998): object was freed before callback; returning Nil.
    [459] <engine-1>[GdPAI] ObjectRef(124621163998): object was freed before callback; returning Nil.
    [460] <engine-1>[GdPAI] ObjectRef(124621163998): object was freed before callback; returning Nil.
    [461] <engine-1>[GdPAI] ObjectRef(124134624705): object was freed before callback; returning Nil.
    [462] <engine-1>[GdPAI] ObjectRef(124134624705): object was freed before callback; returning Nil.
    [463] <engine-1>[GdPAI] ObjectRef(124621163998): object was freed before callback; returning Nil.
    [464] <engine-1>[GdPAI] ObjectRef(124134624705): object was freed before callback; returning Nil.
    [465] <engine-1>[GdPAI] ObjectRef(124134624705): object was freed before callback; returning Nil.
    [466] <engine-1>[GdPAI] ObjectRef(124621163998): object was freed before callback; returning Nil.
    [467] <engine-1>[GdPAI] ObjectRef(124134624705): object was freed before callback; returning Nil.
    [468] <engine-1>[GdPAI] ObjectRef(124134624705): object was freed before callback; returning Nil.
    [469] <engine-1>[GdPAI] ObjectRef(124621163998): object was freed before callback; returning Nil.
    [470] <engine-1>[GdPAI] ObjectRef(124134624705): object was freed before callback; returning Nil.
    [471] <engine-1>[GdPAI] ObjectRef(124134624705): object was freed before callback; returning Nil.
    [472] <engine-1>[GdPAI] ObjectRef(124621163998): object was freed before callback; returning Nil.
    [473] <engine-1>[GdPAI] ObjectRef(124621163998): object was freed before callback; returning Nil.
    [474] <engine-1>[GdPAI] ObjectRef(124621163998): object was freed before callback; returning Nil.
    [475] <engine-1>[GdPAI] ObjectRef(124621163998): object was freed before callback; returning Nil.
    [476] <engine-1>[GdPAI] ObjectRef(124621163998): object was freed before callback; returning Nil.
    [477] <engine-1>[GdPAI] ObjectRef(124621163998): object was freed before callback; returning Nil.
    [478] <engine-1>[GdPAI] ObjectRef(124621163998): object was freed before callback; returning Nil.
    [479] <engine-1>[GdPAI] ObjectRef(124621163998): object was freed before callback; returning Nil.
    [480] <engine-1>[GdPAI] ObjectRef(124621163998): object was freed before callback; returning Nil.
    [481] <engine-1>[GdPAI] ObjectRef(124621163998): object was freed before callback; returning Nil.
    [482] <engine-1>[GdPAI] ObjectRef(124621163998): object was freed before callback; returning Nil.
    [483] <engine-1>[GdPAI] ObjectRef(124621163998): object was freed before callback; returning Nil.
    [484] <engine-1>[GdPAI] ObjectRef(124621163998): object was freed before callback; returning Nil.
    [485] <engine-1>[GdPAI] ObjectRef(124621163998): object was freed before callback; returning Nil.
    [486] <engine-1>[GdPAI] ObjectRef(124621163998): object was freed before callback; returning Nil.
    [487] <engine-1>[GdPAI] ObjectRef(124621163998): object was freed before callback; returning Nil.
    [488] <engine-1>[GdPAI] ObjectRef(124621163998): object was freed before callback; returning Nil.
    [489] <engine-1>[GdPAI] ObjectRef(124621163998): object was freed before callback; returning Nil.
    [490] <engine-1>[GdPAI] ObjectRef(124621163998): object was freed before callback; returning Nil.
    [491] <engine-1>[GdPAI] ObjectRef(124621163998): object was freed before callback; returning Nil.
    [492] <engine-1>[GdPAI] ObjectRef(124621163998): object was freed before callback; returning Nil.
    [493] <engine-1>[GdPAI] ObjectRef(124621163998): object was freed before callback; returning Nil.
    [494] <engine-1>[GdPAI] ObjectRef(124621163998): object was freed before callback; returning Nil.
    [495] <engine-1>[GdPAI] ObjectRef(124621163998): object was freed before callback; returning Nil.
    [496] <engine-1>[GdPAI] ObjectRef(124621163998): object was freed before callback; returning Nil.
    [497] <engine-1>[GdPAI] ObjectRef(124621163998): object was freed before callback; returning Nil.
    [498] <engine-1>[GdPAI] ObjectRef(124621163998): object was freed before callback; returning Nil.
    [499] <engine-1>[GdPAI] ObjectRef(124621163998): object was freed before callback; returning Nil.
    [500] <engine-1>[GdPAI] ObjectRef(124621163998): object was freed before callback; returning Nil.
    [501] <engine-1>[GdPAI] ObjectRef(124621163998): object was freed before callback; returning Nil.
    [502] <engine-1>[GdPAI] ObjectRef(124621163998): object was freed before callback; returning Nil.
    [503] <engine-1>[GdPAI] ObjectRef(124621163998): object was freed before callback; returning Nil.
    [504] <engine-1>[GdPAI] ObjectRef(124621163998): object was freed before callback; returning Nil.
    [505] <engine-1>[GdPAI] ObjectRef(124621163998): object was freed before callback; returning Nil.
    [506] <engine-1>[GdPAI] ObjectRef(124621163998): object was freed before callback; returning Nil.
    [507] <engine-1>[GdPAI] ObjectRef(124621163998): object was freed before callback; returning Nil.
    [508] <engine-1>[GdPAI] ObjectRef(124621163998): object was freed before callback; returning Nil.
    [509] <engine-1>[GdPAI] ObjectRef(124621163998): object was freed before callback; returning Nil.
    [510] <engine-1>[GdPAI] ObjectRef(124621163998): object was freed before callback; returning Nil.
    [511] <engine-1>[GdPAI] ObjectRef(124621163998): object was freed before callback; returning Nil.
    [512] <engine-1>[GdPAI] ObjectRef(124621163998): object was freed before callback; returning Nil.
    [513] <engine-1>[GdPAI] ObjectRef(124621163998): object was freed before callback; returning Nil.
    [514] <engine-1>[GdPAI] ObjectRef(124621163998): object was freed before callback; returning Nil.
    [515] <engine-1>[GdPAI] ObjectRef(124621163998): object was freed before callback; returning Nil.
    [516] <engine-1>[GdPAI] ObjectRef(124621163998): object was freed before callback; returning Nil.
    [517] <engine-1>[GdPAI] ObjectRef(124621163998): object was freed before callback; returning Nil.
    [518] <engine-1>[GdPAI] ObjectRef(124621163998): object was freed before callback; returning Nil.
    [519] <engine-1>[GdPAI] ObjectRef(124621163998): object was freed before callback; returning Nil.
    [520] <engine-1>[GdPAI] ObjectRef(124621163998): object was freed before callback; returning Nil.
    [521] <engine-1>[GdPAI] ObjectRef(124621163998): object was freed before callback; returning Nil.
    [522] <engine-1>[GdPAI] ObjectRef(124621163998): object was freed before callback; returning Nil.
    [523] <engine-1>[GdPAI] ObjectRef(124621163998): object was freed before callback; returning Nil.
    [524] <engine-1>[GdPAI] ObjectRef(124621163998): object was freed before callback; returning Nil.
    [525] <engine-1>[GdPAI] ObjectRef(124621163998): object was freed before callback; returning Nil.
    [526] <engine-1>[GdPAI] ObjectRef(124621163998): object was freed before callback; returning Nil.
    [527] <engine-1>[GdPAI] ObjectRef(124621163998): object was freed before callback; returning Nil.
    [528] <engine-1>[GdPAI] ObjectRef(124134624705): object was freed before callback; returning Nil.
    [529] <engine-1>[GdPAI] ObjectRef(123983629752): object was freed before callback; returning Nil.
    [530] <engine-1>[GdPAI] ObjectRef(124134624705): object was freed before callback; returning Nil.
    [531] <engine-1>[GdPAI] ObjectRef(123983629752): object was freed before callback; returning Nil.
    [532] <engine-1>[GdPAI] ObjectRef(124621163998): object was freed before callback; returning Nil.
    [533] <engine-1>[GdPAI] ObjectRef(124621163998): object was freed before callback; returning Nil.
    [534] <engine-1>[GdPAI] ObjectRef(124134624705): object was freed before callback; returning Nil.
    [535] <engine-1>[GdPAI] ObjectRef(123983629752): object was freed before callback; returning Nil.
    [536] <engine-1>[GdPAI] ObjectRef(124134624705): object was freed before callback; returning Nil.
    [537] <engine-1>[GdPAI] ObjectRef(123983629752): object was freed before callback; returning Nil.
    [538] <engine-1>[GdPAI] ObjectRef(124621163998): object was freed before callback; returning Nil.
    [539] <engine-1>[GdPAI] ObjectRef(123983629752): object was freed before callback; returning Nil.
    [540] <engine-1>[GdPAI] ObjectRef(123983629752): object was freed before callback; returning Nil.
    [541] <engine-1>[GdPAI] ObjectRef(124621163998): object was freed before callback; returning Nil.
    [542] <engine-1>[GdPAI] ObjectRef(123983629752): object was freed before callback; returning Nil.
    [543] <engine-1>[GdPAI] ObjectRef(123983629752): object was freed before callback; returning Nil.
    [544] <engine-1>[GdPAI] ObjectRef(124621163998): object was freed before callback; returning Nil.
    [545] <engine-1>[GdPAI] ObjectRef(124134624705): object was freed before callback; returning Nil.
    [546] <engine-1>[GdPAI] ObjectRef(124134624705): object was freed before callback; returning Nil.
    [547] <engine-1>[GdPAI] ObjectRef(124621163998): object was freed before callback; returning Nil.
    [548] <engine-1>[GdPAI] ObjectRef(124134624705): object was freed before callback; returning Nil.
    [549] <engine-1>[GdPAI] ObjectRef(124134624705): object was freed before callback; returning Nil.
    [550] <engine-1>[GdPAI] ObjectRef(124621163998): object was freed before callback; returning Nil.
    [551] <engine-1>[GdPAI] ObjectRef(124621163998): object was freed before callback; returning Nil.
    [552] <engine-1>[GdPAI] ObjectRef(124621163998): object was freed before callback; returning Nil.
    [553] <engine-1>[GdPAI] ObjectRef(124621163998): object was freed before callback; returning Nil.
    [554] <engine-1>[GdPAI] ObjectRef(124621163998): object was freed before callback; returning Nil.
    [555] <engine-1>[GdPAI] ObjectRef(124621163998): object was freed before callback; returning Nil.
    [556] <engine-1>[GdPAI] ObjectRef(124621163998): object was freed before callback; returning Nil.
    [557] <engine-1>[GdPAI] ObjectRef(124621163998): object was freed before callback; returning Nil.
    [558] <engine-1>[GdPAI] ObjectRef(124621163998): object was freed before callback; returning Nil.
    [559] <engine-1>[GdPAI] ObjectRef(124621163998): object was freed before callback; returning Nil.
    [560] <engine-1>[GdPAI] ObjectRef(124621163998): object was freed before callback; returning Nil.
    [561] <engine-1>[GdPAI] ObjectRef(124621163998): object was freed before callback; returning Nil.
    [562] <engine-1>[GdPAI] ObjectRef(124621163998): object was freed before callback; returning Nil.
    [563] <engine-1>[GdPAI] ObjectRef(124621163998): object was freed before callback; returning Nil.
    [564] <engine-1>[GdPAI] ObjectRef(124134624705): object was freed before callback; returning Nil.
    [565] <engine-1>[GdPAI] ObjectRef(123983629752): object was freed before callback; returning Nil.
    [566] <engine-1>[GdPAI] ObjectRef(124134624705): object was freed before callback; returning Nil.
    [567] <engine-1>[GdPAI] ObjectRef(123983629752): object was freed before callback; returning Nil.
    [568] <engine-1>[GdPAI] ObjectRef(124621163998): object was freed before callback; returning Nil.
    [569] <engine-1>[GdPAI] ObjectRef(124621163998): object was freed before callback; returning Nil.
    [570] <engine-1>[GdPAI] ObjectRef(124134624705): object was freed before callback; returning Nil.
    [571] <engine-1>[GdPAI] ObjectRef(123983629752): object was freed before callback; returning Nil.
    [572] <engine-1>[GdPAI] ObjectRef(124134624705): object was freed before callback; returning Nil.
    [573] <engine-1>[GdPAI] ObjectRef(123983629752): object was freed before callback; returning Nil.
    [574] <engine-1>[GdPAI] ObjectRef(124621163998): object was freed before callback; returning Nil.
    [575] <engine-1>[GdPAI] ObjectRef(123983629752): object was freed before callback; returning Nil.
    [576] <engine-1>[GdPAI] ObjectRef(123983629752): object was freed before callback; returning Nil.
    [577] <engine-1>[GdPAI] ObjectRef(124621163998): object was freed before callback; returning Nil.
    [578] <engine-1>[GdPAI] ObjectRef(123983629752): object was freed before callback; returning Nil.
    [579] <engine-1>[GdPAI] ObjectRef(123983629752): object was freed before callback; returning Nil.
    [580] <engine-1>[GdPAI] ObjectRef(124621163998): object was freed before callback; returning Nil.
    [581] <engine-1>[GdPAI] ObjectRef(124134624705): object was freed before callback; returning Nil.
    [582] <engine-1>[GdPAI] ObjectRef(124134624705): object was freed before callback; returning Nil.
    [583] <engine-1>[GdPAI] ObjectRef(124621163998): object was freed before callback; returning Nil.
    [584] <engine-1>[GdPAI] ObjectRef(124134624705): object was freed before callback; returning Nil.
    [585] <engine-1>[GdPAI] ObjectRef(124134624705): object was freed before callback; returning Nil.
    [586] <engine-1>[GdPAI] ObjectRef(124621163998): object was freed before callback; returning Nil.
    [587] <engine-1>[GdPAI] ObjectRef(124621163998): object was freed before callback; returning Nil.
    [588] <engine-1>[GdPAI] ObjectRef(124621163998): object was freed before callback; returning Nil.
    [589] <engine-1>[GdPAI] ObjectRef(124621163998): object was freed before callback; returning Nil.
    [590] <engine-1>[GdPAI] ObjectRef(124621163998): object was freed before callback; returning Nil.
    [591] <engine-1>[GdPAI] ObjectRef(124621163998): object was freed before callback; returning Nil.
    [592] <engine-1>[GdPAI] ObjectRef(124621163998): object was freed before callback; returning Nil.
    [593] <engine-1>[GdPAI] ObjectRef(124621163998): object was freed before callback; returning Nil.
    [594] <engine-1>[GdPAI] ObjectRef(124621163998): object was freed before callback; returning Nil.
    [595] <engine-1>[GdPAI] ObjectRef(124621163998): object was freed before callback; returning Nil.
    [596] <engine-1>[GdPAI] ObjectRef(124621163998): object was freed before callback; returning Nil.
    [597] <engine-1>[GdPAI] ObjectRef(124621163998): object was freed before callback; returning Nil.
    [598] <engine-1>[GdPAI] ObjectRef(124621163998): object was freed before callback; returning Nil.
    [599] <engine-1>[GdPAI] ObjectRef(124621163998): object was freed before callback; returning Nil.
    [600] <engine-1>[GdPAI] ObjectRef(124621163998): object was freed before callback; returning Nil.
    [601] <engine-1>[GdPAI] ObjectRef(124621163998): object was freed before callback; returning Nil.
    [602] <engine-1>[GdPAI] ObjectRef(124621163998): object was freed before callback; returning Nil.
    [603] <engine-1>[GdPAI] ObjectRef(124621163998): object was freed before callback; returning Nil.
    [604] <engine-1>[GdPAI] ObjectRef(124621163998): object was freed before callback; returning Nil.
    [605] <engine-1>[GdPAI] ObjectRef(124621163998): object was freed before callback; returning Nil.
    [606] <engine-1>[GdPAI] ObjectRef(124621163998): object was freed before callback; returning Nil.
    [607] <engine-1>[GdPAI] ObjectRef(124621163998): object was freed before callback; returning Nil.
    [608] <engine-1>[GdPAI] ObjectRef(124621163998): object was freed before callback; returning Nil.
    [609] <engine-1>[GdPAI] ObjectRef(124621163998): object was freed before callback; returning Nil.
    [610] <engine-1>[GdPAI] ObjectRef(124621163998): object was freed before callback; returning Nil.
    [611] <engine-1>[GdPAI] ObjectRef(124621163998): object was freed before callback; returning Nil.
    [612] <engine-1>[GdPAI] ObjectRef(124621163998): object was freed before callback; returning Nil.
    [613] <engine-1>[GdPAI] ObjectRef(124621163998): object was freed before callback; returning Nil.
    [614] <engine-1>[GdPAI] ObjectRef(124621163998): object was freed before callback; returning Nil.
    [615] <engine-1>[GdPAI] ObjectRef(124621163998): object was freed before callback; returning Nil.
    [616] <engine-1>[GdPAI] ObjectRef(124621163998): object was freed before callback; returning Nil.
    [617] <engine-1>[GdPAI] ObjectRef(124621163998): object was freed before callback; returning Nil.
    [618] <engine-1>[GdPAI] ObjectRef(124621163998): object was freed before callback; returning Nil.
    [619] <engine-1>[GdPAI] ObjectRef(124621163998): object was freed before callback; returning Nil.
    [620] <engine-1>[GdPAI] ObjectRef(124621163998): object was freed before callback; returning Nil.
    [621] <engine-1>[GdPAI] ObjectRef(124621163998): object was freed before callback; returning Nil.
    [622] <engine-1>[GdPAI] ObjectRef(124621163998): object was freed before callback; returning Nil.
    [623] <engine-1>[GdPAI] ObjectRef(124621163998): object was freed before callback; returning Nil.
    [624] <engine-1>[GdPAI] ObjectRef(124621163998): object was freed before callback; returning Nil.
    [625] <engine-1>[GdPAI] ObjectRef(124621163998): object was freed before callback; returning Nil.
    [626] <engine-1>[GdPAI] ObjectRef(124621163998): object was freed before callback; returning Nil.
    [627] <engine-1>[GdPAI] ObjectRef(124621163998): object was freed before callback; returning Nil.
    [628] <engine-1>[GdPAI] ObjectRef(124621163998): object was freed before callback; returning Nil.
    [629] <engine-1>[GdPAI] ObjectRef(124621163998): object was freed before callback; returning Nil.
    [630] <engine-1>[GdPAI] ObjectRef(124621163998): object was freed before callback; returning Nil.
    [631] <engine-1>[GdPAI] ObjectRef(124621163998): object was freed before callback; returning Nil.
    [632] <engine-1>[GdPAI] ObjectRef(124621163998): object was freed before callback; returning Nil.
    [633] <engine-1>[GdPAI] ObjectRef(124621163998): object was freed before callback; returning Nil.
    [634] <engine-1>[GdPAI] ObjectRef(124621163998): object was freed before callback; returning Nil.
    [635] <engine-1>[GdPAI] ObjectRef(124621163998): object was freed before callback; returning Nil.
    [636] <engine-1>[GdPAI] ObjectRef(124621163998): object was freed before callback; returning Nil.
    [637] <engine-1>[GdPAI] ObjectRef(124621163998): object was freed before callback; returning Nil.
    [638] <engine-1>[GdPAI] ObjectRef(124621163998): object was freed before callback; returning Nil.
    [639] <engine-1>[GdPAI] ObjectRef(124621163998): object was freed before callback; returning Nil.
    [640] <engine-1>[GdPAI] ObjectRef(124621163998): object was freed before callback; returning Nil.
    [641] <engine-1>[GdPAI] ObjectRef(124621163998): object was freed before callback; returning Nil.
    [642] <engine-1>[GdPAI] ObjectRef(124621163998): object was freed before callback; returning Nil.
    [643] <engine-1>[GdPAI] ObjectRef(124621163998): object was freed before callback; returning Nil.
    [644] <engine-1>[GdPAI] ObjectRef(124621163998): object was freed before callback; returning Nil.
    [645] <engine-1>[GdPAI] ObjectRef(124621163998): object was freed before callback; returning Nil.
    [646] <engine-1>[GdPAI] ObjectRef(124621163998): object was freed before callback; returning Nil.
    [647] <engine-1>[GdPAI] ObjectRef(124621163998): object was freed before callback; returning Nil.
    [648] <engine-1>[GdPAI] ObjectRef(124621163998): object was freed before callback; returning Nil.
    [649] <engine-1>[GdPAI] ObjectRef(124621163998): object was freed before callback; returning Nil.
    [650] <engine-1>[GdPAI] ObjectRef(124621163998): object was freed before callback; returning Nil.
    [651] <engine-1>[GdPAI] ObjectRef(124621163998): object was freed before callback; returning Nil.
    [652] <engine-1>[GdPAI] ObjectRef(124621163998): object was freed before callback; returning Nil.
    [653] <engine-1>[GdPAI] ObjectRef(124621163998): object was freed before callback; returning Nil.
    [654] <engine-1>[GdPAI] ObjectRef(124621163998): object was freed before callback; returning Nil.
    [655] <engine-1>[GdPAI] ObjectRef(124621163998): object was freed before callback; returning Nil.
    [656] <engine-1>[GdPAI] ObjectRef(124621163998): object was freed before callback; returning Nil.
    [657] <engine-1>[GdPAI] ObjectRef(124621163998): object was freed before callback; returning Nil.
    [658] <engine-1>[GdPAI] ObjectRef(124621163998): object was freed before callback; returning Nil.
    [659] <engine-1>[GdPAI] ObjectRef(124621163998): object was freed before callback; returning Nil.
    [660] <engine-1>[GdPAI] ObjectRef(124621163998): object was freed before callback; returning Nil.
    [661] <engine-1>[GdPAI] ObjectRef(124621163998): object was freed before callback; returning Nil.
    [662] <engine-1>[GdPAI] ObjectRef(124621163998): object was freed before callback; returning Nil.
    [663] <engine-1>[GdPAI] ObjectRef(124621163998): object was freed before callback; returning Nil.
    [664] <engine-1>[GdPAI] ObjectRef(124621163998): object was freed before callback; returning Nil.
    [665] <engine-1>[GdPAI] ObjectRef(124621163998): object was freed before callback; returning Nil.
    [666] <engine-1>[GdPAI] ObjectRef(124621163998): object was freed before callback; returning Nil.
    [667] <engine-1>[GdPAI] ObjectRef(124621163998): object was freed before callback; returning Nil.
    [668] <engine-1>[GdPAI] ObjectRef(124621163998): object was freed before callback; returning Nil.
    [669] <engine-1>[GdPAI] ObjectRef(124621163998): object was freed before callback; returning Nil.
    [670] <engine-1>[GdPAI] ObjectRef(124621163998): object was freed before callback; returning Nil.
    [671] <engine-1>[GdPAI] ObjectRef(124621163998): object was freed before callback; returning Nil.
    [672] <engine-1>[GdPAI] ObjectRef(124621163998): object was freed before callback; returning Nil.
    [673] <engine-1>[GdPAI] ObjectRef(124621163998): object was freed before callback; returning Nil.
    [674] <engine-1>[GdPAI] ObjectRef(124621163998): object was freed before callback; returning Nil.
    [675] <engine-1>[GdPAI] ObjectRef(124621163998): object was freed before callback; returning Nil.
    [676] <engine-1>[GdPAI] ObjectRef(124621163998): object was freed before callback; returning Nil.
    [677] <engine-1>[GdPAI] ObjectRef(124621163998): object was freed before callback; returning Nil.
    [678] <engine-1>[GdPAI] ObjectRef(124621163998): object was freed before callback; returning Nil.
    [679] <engine-1>[GdPAI] ObjectRef(124621163998): object was freed before callback; returning Nil.
    [680] <engine-1>[GdPAI] ObjectRef(124621163998): object was freed before callback; returning Nil.
    [681] <engine-1>[GdPAI] ObjectRef(124621163998): object was freed before callback; returning Nil.
    [682] <engine-1>[GdPAI] ObjectRef(124621163998): object was freed before callback; returning Nil.
    [683] <engine-1>[GdPAI] ObjectRef(124621163998): object was freed before callback; returning Nil.
    [684] <engine-1>[GdPAI] ObjectRef(124621163998): object was freed before callback; returning Nil.
    [685] <engine-1>[GdPAI] ObjectRef(124621163998): object was freed before callback; returning Nil.
    [686] <engine-1>[GdPAI] ObjectRef(124621163998): object was freed before callback; returning Nil.
    [687] <engine-1>[GdPAI] ObjectRef(124621163998): object was freed before callback; returning Nil.
    [688] <engine-1>[GdPAI] ObjectRef(124621163998): object was freed before callback; returning Nil.
    [689] <engine-1>[GdPAI] ObjectRef(124621163998): object was freed before callback; returning Nil.
    [690] <engine-1>[GdPAI] ObjectRef(124621163998): object was freed before callback; returning Nil.
    [691] <engine-1>[GdPAI] ObjectRef(124621163998): object was freed before callback; returning Nil.
    [692] <engine-1>[GdPAI] ObjectRef(125510356497): object was freed before callback; returning Nil.
    [693] <engine-1>[GdPAI] ObjectRef(125510356497): object was freed before callback; returning Nil.
    [694] <engine-1>[GdPAI] ObjectRef(124621163998): object was freed before callback; returning Nil.
    [695] <engine-1>[GdPAI] ObjectRef(124621163998): object was freed before callback; returning Nil.
    [696] <engine-1>[GdPAI] ObjectRef(125510356497): object was freed before callback; returning Nil.
    [697] <engine-1>[GdPAI] ObjectRef(125510356497): object was freed before callback; returning Nil.
    [698] <engine-1>[GdPAI] ObjectRef(124621163998): object was freed before callback; returning Nil.
    [699] <engine-1>[GdPAI] ObjectRef(125510356497): object was freed before callback; returning Nil.
    [700] <engine-1>[GdPAI] ObjectRef(125510356497): object was freed before callback; returning Nil.
    [701] <engine-1>[GdPAI] ObjectRef(124621163998): object was freed before callback; returning Nil.
    [702] <engine-1>[GdPAI] ObjectRef(125510356497): object was freed before callback; returning Nil.
    [703] <engine-1>[GdPAI] ObjectRef(125510356497): object was freed before callback; returning Nil.
    [704] <engine-1>[GdPAI] ObjectRef(124621163998): object was freed before callback; returning Nil.
    [705] <engine-1>[GdPAI] ObjectRef(124134624705): object was freed before callback; returning Nil.
    [706] <engine-1>[GdPAI] ObjectRef(124134624705): object was freed before callback; returning Nil.
    [707] <engine-1>[GdPAI] ObjectRef(124621163998): object was freed before callback; returning Nil.
    [708] <engine-1>[GdPAI] ObjectRef(124134624705): object was freed before callback; returning Nil.
    [709] <engine-1>[GdPAI] ObjectRef(124134624705): object was freed before callback; returning Nil.
    [710] <engine-1>[GdPAI] ObjectRef(124621163998): object was freed before callback; returning Nil.
    [711] <engine-1>[GdPAI] ObjectRef(124134624705): object was freed before callback; returning Nil.
    [712] <engine-1>[GdPAI] ObjectRef(124134624705): object was freed before callback; returning Nil.
    [713] <engine-1>[GdPAI] ObjectRef(124621163998): object was freed before callback; returning Nil.
    [714] <engine-1>[GdPAI] ObjectRef(124134624705): object was freed before callback; returning Nil.
    [715] <engine-1>[GdPAI] ObjectRef(124134624705): object was freed before callback; returning Nil.
    [716] <engine-1>[GdPAI] ObjectRef(124621163998): object was freed before callback; returning Nil.
    [717] <engine-1>[GdPAI] ObjectRef(124621163998): object was freed before callback; returning Nil.
    [718] <engine-1>[GdPAI] ObjectRef(124621163998): object was freed before callback; returning Nil.
    [719] <engine-1>[GdPAI] ObjectRef(124621163998): object was freed before callback; returning Nil.
    [720] <engine-1>[GdPAI] ObjectRef(124621163998): object was freed before callback; returning Nil.
    [721] <engine-1>[GdPAI] ObjectRef(124621163998): object was freed before callback; returning Nil.
    [722] <engine-1>[GdPAI] ObjectRef(124621163998): object was freed before callback; returning Nil.
    [723] <engine-1>[GdPAI] ObjectRef(124621163998): object was freed before callback; returning Nil.
    [724] <engine-1>[GdPAI] ObjectRef(124621163998): object was freed before callback; returning Nil.
    [725] <engine-1>[GdPAI] ObjectRef(124134624705): object was freed before callback; returning Nil.
    [726] <engine-1>[GdPAI] ObjectRef(124134624705): object was freed before callback; returning Nil.
    [727] <engine-1>[GdPAI] ObjectRef(124621163998): object was freed before callback; returning Nil.
    [728] <engine-1>[GdPAI] ObjectRef(124134624705): object was freed before callback; returning Nil.
    [729] <engine-1>[GdPAI] ObjectRef(124134624705): object was freed before callback; returning Nil.
    [730] <engine-1>[GdPAI] ObjectRef(124621163998): object was freed before callback; returning Nil.
    [731] <engine-1>[GdPAI] ObjectRef(124134624705): object was freed before callback; returning Nil.
    [732] <engine-1>[GdPAI] ObjectRef(124134624705): object was freed before callback; returning Nil.
    [733] <engine-1>[GdPAI] ObjectRef(124621163998): object was freed before callback; returning Nil.
    [734] <engine-1>[GdPAI] ObjectRef(124134624705): object was freed before callback; returning Nil.
    [735] <engine-1>[GdPAI] ObjectRef(124134624705): object was freed before callback; returning Nil.
    [736] <engine-1>[GdPAI] ObjectRef(124621163998): object was freed before callback; returning Nil.
    [737] <engine-1>[GdPAI] ObjectRef(124621163998): object was freed before callback; returning Nil.
    [738] <engine-1>[GdPAI] ObjectRef(124621163998): object was freed before callback; returning Nil.
    [739] <engine-1>[GdPAI] ObjectRef(124621163998): object was freed before callback; returning Nil.
    [740] <engine-1>[GdPAI] ObjectRef(125510356497): object was freed before callback; returning Nil.
    [741] <engine-1>[GdPAI] ObjectRef(125510356497): object was freed before callback; returning Nil.
    [742] <engine-1>[GdPAI] ObjectRef(124621163998): object was freed before callback; returning Nil.
    [743] <engine-1>[GdPAI] ObjectRef(124621163998): object was freed before callback; returning Nil.
    [744] <engine-1>[GdPAI] ObjectRef(125510356497): object was freed before callback; returning Nil.
    [745] <engine-1>[GdPAI] ObjectRef(125510356497): object was freed before callback; returning Nil.
    [746] <engine-1>[GdPAI] ObjectRef(124621163998): object was freed before callback; returning Nil.
    [747] <engine-1>[GdPAI] ObjectRef(125510356497): object was freed before callback; returning Nil.
    [748] <engine-1>[GdPAI] ObjectRef(125510356497): object was freed before callback; returning Nil.
    [749] <engine-1>[GdPAI] ObjectRef(124621163998): object was freed before callback; returning Nil.
    [750] <engine-1>[GdPAI] ObjectRef(125510356497): object was freed before callback; returning Nil.
    [751] <engine-1>[GdPAI] ObjectRef(125510356497): object was freed before callback; returning Nil.
    [752] <engine-1>[GdPAI] ObjectRef(124621163998): object was freed before callback; returning Nil.
    [753] <engine-1>[GdPAI] ObjectRef(124134624705): object was freed before callback; returning Nil.
    [754] <engine-1>[GdPAI] ObjectRef(124134624705): object was freed before callback; returning Nil.
    [755] <engine-1>[GdPAI] ObjectRef(124621163998): object was freed before callback; returning Nil.
    [756] <engine-1>[GdPAI] ObjectRef(124134624705): object was freed before callback; returning Nil.
    [757] <engine-1>[GdPAI] ObjectRef(124134624705): object was freed before callback; returning Nil.
    [758] <engine-1>[GdPAI] ObjectRef(124621163998): object was freed before callback; returning Nil.
    [759] <engine-1>[GdPAI] ObjectRef(124134624705): object was freed before callback; returning Nil.
    [760] <engine-1>[GdPAI] ObjectRef(124134624705): object was freed before callback; returning Nil.
    [761] <engine-1>[GdPAI] ObjectRef(124621163998): object was freed before callback; returning Nil.
    [762] <engine-1>[GdPAI] ObjectRef(124134624705): object was freed before callback; returning Nil.
    [763] <engine-1>[GdPAI] ObjectRef(124134624705): object was freed before callback; returning Nil.
    [764] <engine-1>[GdPAI] ObjectRef(124621163998): object was freed before callback; returning Nil.
    [765] <engine-1>[GdPAI] ObjectRef(124621163998): object was freed before callback; returning Nil.
    [766] <engine-1>[GdPAI] ObjectRef(124621163998): object was freed before callback; returning Nil.
    [767] <engine-1>[GdPAI] ObjectRef(124621163998): object was freed before callback; returning Nil.
    [768] <engine-1>[GdPAI] ObjectRef(124621163998): object was freed before callback; returning Nil.
    [769] <engine-1>[GdPAI] ObjectRef(124621163998): object was freed before callback; returning Nil.
    [770] <engine-1>[GdPAI] ObjectRef(124621163998): object was freed before callback; returning Nil.
    [771] <engine-1>[GdPAI] ObjectRef(124621163998): object was freed before callback; returning Nil.
    [772] <engine-1>[GdPAI] ObjectRef(124621163998): object was freed before callback; returning Nil.
    [773] <engine-1>[GdPAI] ObjectRef(124134624705): object was freed before callback; returning Nil.
    [774] <engine-1>[GdPAI] ObjectRef(124134624705): object was freed before callback; returning Nil.
    [775] <engine-1>[GdPAI] ObjectRef(124621163998): object was freed before callback; returning Nil.
    [776] <engine-1>[GdPAI] ObjectRef(124134624705): object was freed before callback; returning Nil.
    [777] <engine-1>[GdPAI] ObjectRef(124134624705): object was freed before callback; returning Nil.
    [778] <engine-1>[GdPAI] ObjectRef(124621163998): object was freed before callback; returning Nil.
    [779] <engine-1>[GdPAI] ObjectRef(124134624705): object was freed before callback; returning Nil.
    [780] <engine-1>[GdPAI] ObjectRef(124134624705): object was freed before callback; returning Nil.
    [781] <engine-1>[GdPAI] ObjectRef(124621163998): object was freed before callback; returning Nil.
    [782] <engine-1>[GdPAI] ObjectRef(124134624705): object was freed before callback; returning Nil.
    [783] <engine-1>[GdPAI] ObjectRef(124134624705): object was freed before callback; returning Nil.
    [784] <engine-1>[GdPAI] ObjectRef(124621163998): object was freed before callback; returning Nil.
    [785] <engine-1>[GdPAI] ObjectRef(124621163998): object was freed before callback; returning Nil.
    [786] <engine-1>[GdPAI] ObjectRef(124621163998): object was freed before callback; returning Nil.
    [787] <engine-1>[GdPAI] ObjectRef(124621163998): object was freed before callback; returning Nil.
    [788] <engine-1>[GdPAI] ObjectRef(124621163998): object was freed before callback; returning Nil.
    [789] <engine-1>[GdPAI] ObjectRef(124621163998): object was freed before callback; returning Nil.
    [790] <engine-1>[GdPAI] ObjectRef(124621163998): object was freed before callback; returning Nil.
    [791] <engine-1>[GdPAI] ObjectRef(124621163998): object was freed before callback; returning Nil.
    [792] <engine-1>[GdPAI] ObjectRef(124621163998): object was freed before callback; returning Nil.
    [793] <engine-1>[GdPAI] ObjectRef(124134624705): object was freed before callback; returning Nil.
    [794] <engine-1>[GdPAI] ObjectRef(124134624705): object was freed before callback; returning Nil.
    [795] <engine-1>[GdPAI] ObjectRef(124621163998): object was freed before callback; returning Nil.
    [796] <engine-1>[GdPAI] ObjectRef(124134624705): object was freed before callback; returning Nil.
    [797] <engine-1>[GdPAI] ObjectRef(124134624705): object was freed before callback; returning Nil.
    [798] <engine-1>[GdPAI] ObjectRef(124621163998): object was freed before callback; returning Nil.
    [799] <engine-1>[GdPAI] ObjectRef(124134624705): object was freed before callback; returning Nil.
    [800] <engine-1>[GdPAI] ObjectRef(124134624705): object was freed before callback; returning Nil.
    [801] <engine-1>[GdPAI] ObjectRef(124621163998): object was freed before callback; returning Nil.
    [802] <engine-1>[GdPAI] ObjectRef(124134624705): object was freed before callback; returning Nil.
    [803] <engine-1>[GdPAI] ObjectRef(124134624705): object was freed before callback; returning Nil.
    [804] <engine-1>[GdPAI] ObjectRef(124621163998): object was freed before callback; returning Nil.
    [805] <engine-1>[GdPAI] ObjectRef(124621163998): object was freed before callback; returning Nil.
    [806] <engine-1>[GdPAI] ObjectRef(124621163998): object was freed before callback; returning Nil.
    [807] <engine-1>[GdPAI] ObjectRef(124621163998): object was freed before callback; returning Nil.
    [808] <engine-1>[GdPAI] ObjectRef(124621163998): object was freed before callback; returning Nil.
    [809] <engine-1>[GdPAI] ObjectRef(124621163998): object was freed before callback; returning Nil.
    [810] <engine-1>[GdPAI] ObjectRef(124621163998): object was freed before callback; returning Nil.
    [811] <engine-1>[GdPAI] ObjectRef(124621163998): object was freed before callback; returning Nil.
    [812] <engine-1>[GdPAI] ObjectRef(124621163998): object was freed before callback; returning Nil.
    [813] <engine-1>[GdPAI] ObjectRef(124134624705): object was freed before callback; returning Nil.
    [814] <engine-1>[GdPAI] ObjectRef(124134624705): object was freed before callback; returning Nil.
    [815] <engine-1>[GdPAI] ObjectRef(124621163998): object was freed before callback; returning Nil.
    [816] <engine-1>[GdPAI] ObjectRef(124134624705): object was freed before callback; returning Nil.
    [817] <engine-1>[GdPAI] ObjectRef(124134624705): object was freed before callback; returning Nil.
    [818] <engine-1>[GdPAI] ObjectRef(124621163998): object was freed before callback; returning Nil.
    [819] <engine-1>[GdPAI] ObjectRef(124134624705): object was freed before callback; returning Nil.
    [820] <engine-1>[GdPAI] ObjectRef(124134624705): object was freed before callback; returning Nil.
    [821] <engine-1>[GdPAI] ObjectRef(124621163998): object was freed before callback; returning Nil.
    [822] <engine-1>[GdPAI] ObjectRef(124134624705): object was freed before callback; returning Nil.
    [823] <engine-1>[GdPAI] ObjectRef(124134624705): object was freed before callback; returning Nil.
    [824] <engine-1>[GdPAI] ObjectRef(124621163998): object was freed before callback; returning Nil.
    [825] <engine-1>[GdPAI] ObjectRef(124621163998): object was freed before callback; returning Nil.
    [826] <engine-1>[GdPAI] ObjectRef(124621163998): object was freed before callback; returning Nil.
    [827] <engine-1>[GdPAI] ObjectRef(124621163998): object was freed before callback; returning Nil.
    [828] <engine-1>[GdPAI] ObjectRef(124621163998): object was freed before callback; returning Nil.
    [829] <engine-1>[GdPAI] ObjectRef(124621163998): object was freed before callback; returning Nil.
    [830] <engine-1>[GdPAI] ObjectRef(124621163998): object was freed before callback; returning Nil.
    [831] <engine-1>[GdPAI] ObjectRef(124621163998): object was freed before callback; returning Nil.
    [832] <engine-1>[GdPAI] ObjectRef(124621163998): object was freed before callback; returning Nil.
    [833] <engine-1>[GdPAI] ObjectRef(124134624705): object was freed before callback; returning Nil.
    [834] <engine-1>[GdPAI] ObjectRef(124134624705): object was freed before callback; returning Nil.
    [835] <engine-1>[GdPAI] ObjectRef(124621163998): object was freed before callback; returning Nil.
    [836] <engine-1>[GdPAI] ObjectRef(124134624705): object was freed before callback; returning Nil.
    [837] <engine-1>[GdPAI] ObjectRef(124134624705): object was freed before callback; returning Nil.
    [838] <engine-1>[GdPAI] ObjectRef(124621163998): object was freed before callback; returning Nil.
    [839] <engine-1>[GdPAI] ObjectRef(124134624705): object was freed before callback; returning Nil.
    [840] <engine-1>[GdPAI] ObjectRef(124134624705): object was freed before callback; returning Nil.
    [841] <engine-1>[GdPAI] ObjectRef(124621163998): object was freed before callback; returning Nil.
    [842] <engine-1>[GdPAI] ObjectRef(124134624705): object was freed before callback; returning Nil.
    [843] <engine-1>[GdPAI] ObjectRef(124134624705): object was freed before callback; returning Nil.
    [844] <engine-1>[GdPAI] ObjectRef(124621163998): object was freed before callback; returning Nil.
    [845] <engine-1>[GdPAI] ObjectRef(124621163998): object was freed before callback; returning Nil.
    [846] <engine-1>[GdPAI] ObjectRef(124621163998): object was freed before callback; returning Nil.
    [847] <engine-1>[GdPAI] ObjectRef(124621163998): object was freed before callback; returning Nil.
    [848] <engine-1>[GdPAI] ObjectRef(124621163998): object was freed before callback; returning Nil.
    [849] <engine-1>[GdPAI] ObjectRef(124621163998): object was freed before callback; returning Nil.
    [850] <engine-1>[GdPAI] ObjectRef(124621163998): object was freed before callback; returning Nil.
    [851] <engine-1>[GdPAI] ObjectRef(124621163998): object was freed before callback; returning Nil.
    [852] <engine-1>[GdPAI] ObjectRef(124621163998): object was freed before callback; returning Nil.
    [853] <engine-1>[GdPAI] ObjectRef(124134624705): object was freed before callback; returning Nil.
    [854] <engine-1>[GdPAI] ObjectRef(124134624705): object was freed before callback; returning Nil.
    [855] <engine-1>[GdPAI] ObjectRef(124621163998): object was freed before callback; returning Nil.
    [856] <engine-1>[GdPAI] ObjectRef(124134624705): object was freed before callback; returning Nil.
    [857] <engine-1>[GdPAI] ObjectRef(124134624705): object was freed before callback; returning Nil.
    [858] <engine-1>[GdPAI] ObjectRef(124621163998): object was freed before callback; returning Nil.
    [859] <engine-1>[GdPAI] ObjectRef(124134624705): object was freed before callback; returning Nil.
    [860] <engine-1>[GdPAI] ObjectRef(124134624705): object was freed before callback; returning Nil.
    [861] <engine-1>[GdPAI] ObjectRef(124621163998): object was freed before callback; returning Nil.
    [862] <engine-1>[GdPAI] ObjectRef(124134624705): object was freed before callback; returning Nil.
    [863] <engine-1>[GdPAI] ObjectRef(124134624705): object was freed before callback; returning Nil.
    [864] <engine-1>[GdPAI] ObjectRef(124621163998): object was freed before callback; returning Nil.
    [865] <engine-1>[GdPAI] ObjectRef(124621163998): object was freed before callback; returning Nil.
    [866] <engine-1>[GdPAI] ObjectRef(124621163998): object was freed before callback; returning Nil.
    [867] <engine-1>[GdPAI] ObjectRef(124621163998): object was freed before callback; returning Nil.
    [868] <engine-1>[GdPAI] ObjectRef(124621163998): object was freed before callback; returning Nil.
    [869] <engine-1>[GdPAI] ObjectRef(124621163998): object was freed before callback; returning Nil.
    [870] <engine-1>[GdPAI] ObjectRef(124621163998): object was freed before callback; returning Nil.
    [871] <engine-1>[GdPAI] ObjectRef(124621163998): object was freed before callback; returning Nil.
    [872] <engine-1>[GdPAI] ObjectRef(124621163998): object was freed before callback; returning Nil.
    [873] <engine-1>[GdPAI] ObjectRef(124621163998): object was freed before callback; returning Nil.
    [874] <engine-1>[GdPAI] ObjectRef(124621163998): object was freed before callback; returning Nil.
    [875] <engine-1>[GdPAI] ObjectRef(124621163998): object was freed before callback; returning Nil.
    [876] <engine-1>[GdPAI] ObjectRef(124621163998): object was freed before callback; returning Nil.
    [877] <engine-1>[GdPAI] ObjectRef(124621163998): object was freed before callback; returning Nil.
    [878] <engine-1>[GdPAI] ObjectRef(124621163998): object was freed before callback; returning Nil.
    [879] <engine-1>[GdPAI] ObjectRef(124621163998): object was freed before callback; returning Nil.
    [880] <engine-1>[GdPAI] ObjectRef(124621163998): object was freed before callback; returning Nil.
    [881] <engine-1>[GdPAI] ObjectRef(124621163998): object was freed before callback; returning Nil.
    [882] <engine-1>[GdPAI] ObjectRef(124621163998): object was freed before callback; returning Nil.
    [883] <engine-1>[GdPAI] ObjectRef(124621163998): object was freed before callback; returning Nil.
    [884] <engine-1>[GdPAI] ObjectRef(124621163998): object was freed before callback; returning Nil.
    [885] <engine-1>[GdPAI] ObjectRef(124621163998): object was freed before callback; returning Nil.
    [886] <engine-1>[GdPAI] ObjectRef(124621163998): object was freed before callback; returning Nil.
    [887] <engine-1>[GdPAI] ObjectRef(124621163998): object was freed before callback; returning Nil.
    [888] <engine-1>[GdPAI] ObjectRef(124621163998): object was freed before callback; returning Nil.
    [889] <engine-1>[GdPAI] ObjectRef(124621163998): object was freed before callback; returning Nil.
    [890] <engine-1>[GdPAI] ObjectRef(124621163998): object was freed before callback; returning Nil.
    [891] <engine-1>[GdPAI] ObjectRef(124621163998): object was freed before callback; returning Nil.
    [892] <engine-1>[GdPAI] ObjectRef(124621163998): object was freed before callback; returning Nil.
    [893] <engine-1>[GdPAI] ObjectRef(124621163998): object was freed before callback; returning Nil.
    [894] <engine-1>[GdPAI] ObjectRef(124621163998): object was freed before callback; returning Nil.
    [895] <engine-1>[GdPAI] ObjectRef(124621163998): object was freed before callback; returning Nil.
    [896] <engine-1>[GdPAI] ObjectRef(124621163998): object was freed before callback; returning Nil.
    [897] <engine-1>[GdPAI] ObjectRef(124621163998): object was freed before callback; returning Nil.
    [898] <engine-1>[GdPAI] ObjectRef(124621163998): object was freed before callback; returning Nil.
    [899] <engine-1>[GdPAI] ObjectRef(124621163998): object was freed before callback; returning Nil.
    [900] <engine-1>[GdPAI] ObjectRef(124621163998): object was freed before callback; returning Nil.
    [901] <engine-1>[GdPAI] ObjectRef(124621163998): object was freed before callback; returning Nil.
    [902] <engine-1>[GdPAI] ObjectRef(124621163998): object was freed before callback; returning Nil.
    [903] <engine-1>[GdPAI] ObjectRef(124621163998): object was freed before callback; returning Nil.
    [904] <engine-1>[GdPAI] ObjectRef(124621163998): object was freed before callback; returning Nil.
    [905] <engine-1>[GdPAI] ObjectRef(124621163998): object was freed before callback; returning Nil.
    [906] <engine-1>[GdPAI] ObjectRef(124621163998): object was freed before callback; returning Nil.
    [907] <engine-1>[GdPAI] ObjectRef(124621163998): object was freed before callback; returning Nil.
    [908] <engine-1>[GdPAI] ObjectRef(124621163998): object was freed before callback; returning Nil.
    [909] <engine-1>[GdPAI] ObjectRef(124621163998): object was freed before callback; returning Nil.
    [910] <engine-1>[GdPAI] ObjectRef(124621163998): object was freed before callback; returning Nil.
    [911] <engine-1>[GdPAI] ObjectRef(124621163998): object was freed before callback; returning Nil.
    [912] <engine-1>[GdPAI] ObjectRef(124621163998): object was freed before callback; returning Nil.
    [913] <engine-1>[GdPAI] ObjectRef(124621163998): object was freed before callback; returning Nil.
    [914] <engine-1>[GdPAI] ObjectRef(124621163998): object was freed before callback; returning Nil.
    [915] <engine-1>[GdPAI] ObjectRef(124621163998): object was freed before callback; returning Nil.
    [916] <engine-1>[GdPAI] ObjectRef(124621163998): object was freed before callback; returning Nil.
    [917] <engine-1>[GdPAI] ObjectRef(124621163998): object was freed before callback; returning Nil.
    [918] <engine-1>[GdPAI] ObjectRef(124621163998): object was freed before callback; returning Nil.
    [919] <engine-1>[GdPAI] ObjectRef(124621163998): object was freed before callback; returning Nil.
    [920] <engine-1>[GdPAI] ObjectRef(125359361544): object was freed before callback; returning Nil.
    [921] <engine-1>[GdPAI] ObjectRef(125359361544): object was freed before callback; returning Nil.
    [922] <engine-1>[GdPAI] ObjectRef(124621163998): object was freed before callback; returning Nil.
    [923] <engine-1>[GdPAI] ObjectRef(124621163998): object was freed before callback; returning Nil.
    [924] <engine-1>[GdPAI] ObjectRef(125359361544): object was freed before callback; returning Nil.
    [925] <engine-1>[GdPAI] ObjectRef(125359361544): object was freed before callback; returning Nil.
    [926] <engine-1>[GdPAI] ObjectRef(124621163998): object was freed before callback; returning Nil.
    [927] <engine-1>[GdPAI] ObjectRef(125359361544): object was freed before callback; returning Nil.
    [928] <engine-1>[GdPAI] ObjectRef(125359361544): object was freed before callback; returning Nil.
    [929] <engine-1>[GdPAI] ObjectRef(124621163998): object was freed before callback; returning Nil.
    [930] <engine-1>[GdPAI] ObjectRef(125359361544): object was freed before callback; returning Nil.
    [931] <engine-1>[GdPAI] ObjectRef(125359361544): object was freed before callback; returning Nil.
    [932] <engine-1>[GdPAI] ObjectRef(124621163998): object was freed before callback; returning Nil.
    [933] <engine-1>[GdPAI] ObjectRef(124134624705): object was freed before callback; returning Nil.
    [934] <engine-1>[GdPAI] ObjectRef(124134624705): object was freed before callback; returning Nil.
    [935] <engine-1>[GdPAI] ObjectRef(124621163998): object was freed before callback; returning Nil.
    [936] <engine-1>[GdPAI] ObjectRef(124134624705): object was freed before callback; returning Nil.
    [937] <engine-1>[GdPAI] ObjectRef(124134624705): object was freed before callback; returning Nil.
    [938] <engine-1>[GdPAI] ObjectRef(124621163998): object was freed before callback; returning Nil.
    [939] <engine-1>[GdPAI] ObjectRef(124134624705): object was freed before callback; returning Nil.
    [940] <engine-1>[GdPAI] ObjectRef(124134624705): object was freed before callback; returning Nil.
    [941] <engine-1>[GdPAI] ObjectRef(124621163998): object was freed before callback; returning Nil.
    [942] <engine-1>[GdPAI] ObjectRef(124134624705): object was freed before callback; returning Nil.
    [943] <engine-1>[GdPAI] ObjectRef(124134624705): object was freed before callback; returning Nil.
    [944] <engine-1>[GdPAI] ObjectRef(124621163998): object was freed before callback; returning Nil.
    [945] <engine-1>[GdPAI] ObjectRef(124621163998): object was freed before callback; returning Nil.
    [946] <engine-1>[GdPAI] ObjectRef(124621163998): object was freed before callback; returning Nil.
    [947] <engine-1>[GdPAI] ObjectRef(124621163998): object was freed before callback; returning Nil.
    [948] <engine-1>[GdPAI] ObjectRef(124621163998): object was freed before callback; returning Nil.
    [949] <engine-1>[GdPAI] ObjectRef(124621163998): object was freed before callback; returning Nil.
    [950] <engine-1>[GdPAI] ObjectRef(124621163998): object was freed before callback; returning Nil.
    [951] <engine-1>[GdPAI] ObjectRef(124621163998): object was freed before callback; returning Nil.
    [952] <engine-1>[GdPAI] ObjectRef(124621163998): object was freed before callback; returning Nil.
    [953] <engine-1>[GdPAI] ObjectRef(124134624705): object was freed before callback; returning Nil.
    [954] <engine-1>[GdPAI] ObjectRef(124134624705): object was freed before callback; returning Nil.
    [955] <engine-1>[GdPAI] ObjectRef(124621163998): object was freed before callback; returning Nil.
    [956] <engine-1>[GdPAI] ObjectRef(124134624705): object was freed before callback; returning Nil.
    [957] <engine-1>[GdPAI] ObjectRef(124134624705): object was freed before callback; returning Nil.
    [958] <engine-1>[GdPAI] ObjectRef(124621163998): object was freed before callback; returning Nil.
    [959] <engine-1>[GdPAI] ObjectRef(124134624705): object was freed before callback; returning Nil.
    [960] <engine-1>[GdPAI] ObjectRef(124134624705): object was freed before callback; returning Nil.
    [961] <engine-1>[GdPAI] ObjectRef(124621163998): object was freed before callback; returning Nil.
    [962] <engine-1>[GdPAI] ObjectRef(124134624705): object was freed before callback; returning Nil.
    [963] <engine-1>[GdPAI] ObjectRef(124134624705): object was freed before callback; returning Nil.
    [964] <engine-1>[GdPAI] ObjectRef(124621163998): object was freed before callback; returning Nil.
    [965] <engine-1>[GdPAI] ObjectRef(124621163998): object was freed before callback; returning Nil.
    [966] <engine-1>[GdPAI] ObjectRef(124621163998): object was freed before callback; returning Nil.
    [967] <engine-1>[GdPAI] ObjectRef(124621163998): object was freed before callback; returning Nil.
    [968] <engine-1>[GdPAI] ObjectRef(125359361544): object was freed before callback; returning Nil.
    [969] <engine-1>[GdPAI] ObjectRef(125359361544): object was freed before callback; returning Nil.
    [970] <engine-1>[GdPAI] ObjectRef(124621163998): object was freed before callback; returning Nil.
    [971] <engine-1>[GdPAI] ObjectRef(124621163998): object was freed before callback; returning Nil.
    [972] <engine-1>[GdPAI] ObjectRef(125359361544): object was freed before callback; returning Nil.
    [973] <engine-1>[GdPAI] ObjectRef(125359361544): object was freed before callback; returning Nil.
    [974] <engine-1>[GdPAI] ObjectRef(124621163998): object was freed before callback; returning Nil.
    [975] <engine-1>[GdPAI] ObjectRef(125359361544): object was freed before callback; returning Nil.
    [976] <engine-1>[GdPAI] ObjectRef(125359361544): object was freed before callback; returning Nil.
    [977] <engine-1>[GdPAI] ObjectRef(124621163998): object was freed before callback; returning Nil.
    [978] <engine-1>[GdPAI] ObjectRef(125359361544): object was freed before callback; returning Nil.
    [979] <engine-1>[GdPAI] ObjectRef(125359361544): object was freed before callback; returning Nil.
    [980] <engine-1>[GdPAI] ObjectRef(124621163998): object was freed before callback; returning Nil.
    [981] <engine-1>[GdPAI] ObjectRef(124134624705): object was freed before callback; returning Nil.
    [982] <engine-1>[GdPAI] ObjectRef(124134624705): object was freed before callback; returning Nil.
    [983] <engine-1>[GdPAI] ObjectRef(124621163998): object was freed before callback; returning Nil.
    [984] <engine-1>[GdPAI] ObjectRef(124134624705): object was freed before callback; returning Nil.
    [985] <engine-1>[GdPAI] ObjectRef(124134624705): object was freed before callback; returning Nil.
    [986] <engine-1>[GdPAI] ObjectRef(124621163998): object was freed before callback; returning Nil.
    [987] <engine-1>[GdPAI] ObjectRef(124134624705): object was freed before callback; returning Nil.
    [988] <engine-1>[GdPAI] ObjectRef(124134624705): object was freed before callback; returning Nil.
    [989] <engine-1>[GdPAI] ObjectRef(124621163998): object was freed before callback; returning Nil.
    [990] <engine-1>[GdPAI] ObjectRef(124134624705): object was freed before callback; returning Nil.
    [991] <engine-1>[GdPAI] ObjectRef(124134624705): object was freed before callback; returning Nil.
    [992] <engine-1>[GdPAI] ObjectRef(124621163998): object was freed before callback; returning Nil.
    [993] <engine-1>[GdPAI] ObjectRef(124621163998): object was freed before callback; returning Nil.
    [994] <engine-1>[GdPAI] ObjectRef(124621163998): object was freed before callback; returning Nil.
    [995] <engine-1>[GdPAI] ObjectRef(124621163998): object was freed before callback; returning Nil.
    [996] <engine-1>[GdPAI] ObjectRef(124621163998): object was freed before callback; returning Nil.
    [997] <engine-1>[GdPAI] ObjectRef(124621163998): object was freed before callback; returning Nil.
    [998] <engine-1>[GdPAI] ObjectRef(124621163998): object was freed before callback; returning Nil.
    [999] <engine-1>[GdPAI] ObjectRef(124621163998): object was freed before callback; returning Nil.
    [1000] <engine-1>[GdPAI] ObjectRef(124621163998): object was freed before callback; returning Nil.
    [1001] <engine-1>[GdPAI] ObjectRef(124134624705): object was freed before callback; returning Nil.
    [1002] <engine-1>[GdPAI] ObjectRef(124134624705): object was freed before callback; returning Nil.
    [1003] <engine-1>[GdPAI] ObjectRef(124621163998): object was freed before callback; returning Nil.
    [1004] <engine-1>[GdPAI] ObjectRef(124134624705): object was freed before callback; returning Nil.
    [1005] <engine-1>[GdPAI] ObjectRef(124134624705): object was freed before callback; returning Nil.
    [1006] <engine-1>[GdPAI] ObjectRef(124621163998): object was freed before callback; returning Nil.
    [1007] <engine-1>[GdPAI] ObjectRef(124134624705): object was freed before callback; returning Nil.
    [1008] <engine-1>[GdPAI] ObjectRef(124134624705): object was freed before callback; returning Nil.
    [1009] <engine-1>[GdPAI] ObjectRef(124621163998): object was freed before callback; returning Nil.
    [1010] <engine-1>[GdPAI] ObjectRef(124134624705): object was freed before callback; returning Nil.
    [1011] <engine-1>[GdPAI] ObjectRef(124134624705): object was freed before callback; returning Nil.
    [1012] <engine-1>[GdPAI] ObjectRef(124621163998): object was freed before callback; returning Nil.
    [1013] <engine-1>[GdPAI] ObjectRef(124621163998): object was freed before callback; returning Nil.
    [1014] <engine-1>[GdPAI] ObjectRef(124621163998): object was freed before callback; returning Nil.
    [1015] <engine-1>[GdPAI] ObjectRef(124621163998): object was freed before callback; returning Nil.
    [1016] <engine-1>[GdPAI] ObjectRef(124621163998): object was freed before callback; returning Nil.
    [1017] <engine-1>[GdPAI] ObjectRef(124621163998): object was freed before callback; returning Nil.
    [1018] <engine-1>[GdPAI] ObjectRef(124621163998): object was freed before callback; returning Nil.
    [1019] <engine-1>[GdPAI] ObjectRef(124621163998): object was freed before callback; returning Nil.
    [1020] <engine-1>[GdPAI] ObjectRef(124621163998): object was freed before callback; returning Nil.
    [1021] <engine-1>[GdPAI] ObjectRef(124134624705): object was freed before callback; returning Nil.
    [1022] <engine-1>[GdPAI] ObjectRef(124134624705): object was freed before callback; returning Nil.
    [1023] <engine-1>[GdPAI] ObjectRef(124621163998): object was freed before callback; returning Nil.
    [1024] <engine-1>[GdPAI] ObjectRef(124134624705): object was freed before callback; returning Nil.
    [1025] <engine-1>[GdPAI] ObjectRef(124134624705): object was freed before callback; returning Nil.
    [1026] <engine-1>[GdPAI] ObjectRef(124621163998): object was freed before callback; returning Nil.
    [1027] <engine-1>[GdPAI] ObjectRef(124134624705): object was freed before callback; returning Nil.
    [1028] <engine-1>[GdPAI] ObjectRef(124134624705): object was freed before callback; returning Nil.
    [1029] <engine-1>[GdPAI] ObjectRef(124621163998): object was freed before callback; returning Nil.
    [1030] <engine-1>[GdPAI] ObjectRef(124134624705): object was freed before callback; returning Nil.
    [1031] <engine-1>[GdPAI] ObjectRef(124134624705): object was freed before callback; returning Nil.
    [1032] <engine-1>[GdPAI] ObjectRef(124621163998): object was freed before callback; returning Nil.
    [1033] <engine-1>[GdPAI] ObjectRef(124621163998): object was freed before callback; returning Nil.
    [1034] <engine-1>[GdPAI] ObjectRef(124621163998): object was freed before callback; returning Nil.
    [1035] <engine-1>[GdPAI] ObjectRef(124621163998): object was freed before callback; returning Nil.
    [1036] <engine-1>[GdPAI] ObjectRef(124621163998): object was freed before callback; returning Nil.
    [1037] <engine-1>[GdPAI] ObjectRef(124621163998): object was freed before callback; returning Nil.
    [1038] <engine-1>[GdPAI] ObjectRef(124621163998): object was freed before callback; returning Nil.
    [1039] <engine-1>[GdPAI] ObjectRef(124621163998): object was freed before callback; returning Nil.
    [1040] <engine-1>[GdPAI] ObjectRef(124621163998): object was freed before callback; returning Nil.
    [1041] <engine-1>[GdPAI] ObjectRef(124134624705): object was freed before callback; returning Nil.
    [1042] <engine-1>[GdPAI] ObjectRef(124134624705): object was freed before callback; returning Nil.
    [1043] <engine-1>[GdPAI] ObjectRef(124621163998): object was freed before callback; returning Nil.
    [1044] <engine-1>[GdPAI] ObjectRef(124134624705): object was freed before callback; returning Nil.
    [1045] <engine-1>[GdPAI] ObjectRef(124134624705): object was freed before callback; returning Nil.
    [1046] <engine-1>[GdPAI] ObjectRef(124621163998): object was freed before callback; returning Nil.
    [1047] <engine-1>[GdPAI] ObjectRef(124134624705): object was freed before callback; returning Nil.
    [1048] <engine-1>[GdPAI] ObjectRef(124134624705): object was freed before callback; returning Nil.
    [1049] <engine-1>[GdPAI] ObjectRef(124621163998): object was freed before callback; returning Nil.
    [1050] <engine-1>[GdPAI] ObjectRef(124134624705): object was freed before callback; returning Nil.
    [1051] <engine-1>[GdPAI] ObjectRef(124134624705): object was freed before callback; returning Nil.
    [1052] <engine-1>[GdPAI] ObjectRef(124621163998): object was freed before callback; returning Nil.
    [1053] <engine-1>[GdPAI] ObjectRef(124621163998): object was freed before callback; returning Nil.
    [1054] <engine-1>[GdPAI] ObjectRef(124621163998): object was freed before callback; returning Nil.
    [1055] <engine-1>[GdPAI] ObjectRef(124621163998): object was freed before callback; returning Nil.
    [1056] <engine-1>[GdPAI] ObjectRef(124621163998): object was freed before callback; returning Nil.
    [1057] <engine-1>[GdPAI] ObjectRef(124621163998): object was freed before callback; returning Nil.
    [1058] <engine-1>[GdPAI] ObjectRef(124621163998): object was freed before callback; returning Nil.
    [1059] <engine-1>[GdPAI] ObjectRef(124621163998): object was freed before callback; returning Nil.
    [1060] <engine-1>[GdPAI] ObjectRef(124621163998): object was freed before callback; returning Nil.
    [1061] <engine-1>[GdPAI] ObjectRef(124134624705): object was freed before callback; returning Nil.
    [1062] <engine-1>[GdPAI] ObjectRef(124134624705): object was freed before callback; returning Nil.
    [1063] <engine-1>[GdPAI] ObjectRef(124621163998): object was freed before callback; returning Nil.
    [1064] <engine-1>[GdPAI] ObjectRef(124134624705): object was freed before callback; returning Nil.
    [1065] <engine-1>[GdPAI] ObjectRef(124134624705): object was freed before callback; returning Nil.
    [1066] <engine-1>[GdPAI] ObjectRef(124621163998): object was freed before callback; returning Nil.
    [1067] <engine-1>[GdPAI] ObjectRef(124134624705): object was freed before callback; returning Nil.
    [1068] <engine-1>[GdPAI] ObjectRef(124134624705): object was freed before callback; returning Nil.
    [1069] <engine-1>[GdPAI] ObjectRef(124621163998): object was freed before callback; returning Nil.
    [1070] <engine-1>[GdPAI] ObjectRef(124134624705): object was freed before callback; returning Nil.
    [1071] <engine-1>[GdPAI] ObjectRef(124134624705): object was freed before callback; returning Nil.
    [1072] <engine-1>[GdPAI] ObjectRef(124621163998): object was freed before callback; returning Nil.
    [1073] <engine-1>[GdPAI] ObjectRef(124621163998): object was freed before callback; returning Nil.
    [1074] <engine-1>[GdPAI] ObjectRef(124621163998): object was freed before callback; returning Nil.
    [1075] <engine-1>[GdPAI] ObjectRef(124621163998): object was freed before callback; returning Nil.
    [1076] <engine-1>[GdPAI] ObjectRef(124621163998): object was freed before callback; returning Nil.
    [1077] <engine-1>[GdPAI] ObjectRef(124621163998): object was freed before callback; returning Nil.
    [1078] <engine-1>[GdPAI] ObjectRef(124621163998): object was freed before callback; returning Nil.
    [1079] <engine-1>[GdPAI] ObjectRef(124621163998): object was freed before callback; returning Nil.
    [1080] <engine-1>[GdPAI] ObjectRef(124621163998): object was freed before callback; returning Nil.
    [1081] <engine-1>[GdPAI] ObjectRef(124134624705): object was freed before callback; returning Nil.
    [1082] <engine-1>[GdPAI] ObjectRef(124134624705): object was freed before callback; returning Nil.
    [1083] <engine-1>[GdPAI] ObjectRef(124621163998): object was freed before callback; returning Nil.
    [1084] <engine-1>[GdPAI] ObjectRef(124134624705): object was freed before callback; returning Nil.
    [1085] <engine-1>[GdPAI] ObjectRef(124134624705): object was freed before callback; returning Nil.
    [1086] <engine-1>[GdPAI] ObjectRef(124621163998): object was freed before callback; returning Nil.
    [1087] <engine-1>[GdPAI] ObjectRef(124134624705): object was freed before callback; returning Nil.
    [1088] <engine-1>[GdPAI] ObjectRef(124134624705): object was freed before callback; returning Nil.
    [1089] <engine-1>[GdPAI] ObjectRef(124621163998): object was freed before callback; returning Nil.
    [1090] <engine-1>[GdPAI] ObjectRef(124134624705): object was freed before callback; returning Nil.
    [1091] <engine-1>[GdPAI] ObjectRef(124134624705): object was freed before callback; returning Nil.
    [1092] <engine-1>[GdPAI] ObjectRef(124621163998): object was freed before callback; returning Nil.
    [1093] <engine-1>[GdPAI] ObjectRef(124621163998): object was freed before callback; returning Nil.
    [1094] <engine-1>[GdPAI] ObjectRef(124621163998): object was freed before callback; returning Nil.
    [1095] <engine-1>[GdPAI] ObjectRef(124621163998): object was freed before callback; returning Nil.
    [1096] <engine-1>[GdPAI] ObjectRef(124621163998): object was freed before callback; returning Nil.
    [1097] <engine-1>[GdPAI] ObjectRef(124621163998): object was freed before callback; returning Nil.
    [1098] <engine-1>[GdPAI] ObjectRef(124621163998): object was freed before callback; returning Nil.
    [1099] <engine-1>[GdPAI] ObjectRef(124621163998): object was freed before callback; returning Nil.
    [1100] <engine-1>[GdPAI] ObjectRef(124621163998): object was freed before callback; returning Nil.
    [1101] <engine-1>[GdPAI] ObjectRef(124621163998): object was freed before callback; returning Nil.
    [1102] <engine-1>[GdPAI] ObjectRef(124621163998): object was freed before callback; returning Nil.
    [1103] <engine-1>[GdPAI] ObjectRef(124621163998): object was freed before callback; returning Nil.
    [1104] <engine-1>[GdPAI] ObjectRef(124621163998): object was freed before callback; returning Nil.
    [1105] <engine-1>[GdPAI] ObjectRef(124621163998): object was freed before callback; returning Nil.
    [1106] <engine-1>[GdPAI] ObjectRef(124621163998): object was freed before callback; returning Nil.
    [1107] <engine-1>[GdPAI] ObjectRef(124621163998): object was freed before callback; returning Nil.
    [1108] <engine-1>[GdPAI] ObjectRef(124621163998): object was freed before callback; returning Nil.
    [1109] <engine-1>[GdPAI] ObjectRef(124621163998): object was freed before callback; returning Nil.
    [1110] <engine-1>[GdPAI] ObjectRef(124621163998): object was freed before callback; returning Nil.
    [1111] <engine-1>[GdPAI] ObjectRef(124621163998): object was freed before callback; returning Nil.
    [1112] <engine-1>[GdPAI] ObjectRef(124621163998): object was freed before callback; returning Nil.
    [1113] <engine-1>[GdPAI] ObjectRef(124621163998): object was freed before callback; returning Nil.
    [1114] <engine-1>[GdPAI] ObjectRef(124621163998): object was freed before callback; returning Nil.
    [1115] <engine-1>[GdPAI] ObjectRef(124621163998): object was freed before callback; returning Nil.
    [1116] <engine-1>[GdPAI] ObjectRef(124621163998): object was freed before callback; returning Nil.
    [1117] <engine-1>[GdPAI] ObjectRef(124621163998): object was freed before callback; returning Nil.
    [1118] <engine-1>[GdPAI] ObjectRef(124621163998): object was freed before callback; returning Nil.
    [1119] <engine-1>[GdPAI] ObjectRef(124621163998): object was freed before callback; returning Nil.
    [1120] <engine-1>[GdPAI] ObjectRef(124621163998): object was freed before callback; returning Nil.
    [1121] <engine-1>[GdPAI] ObjectRef(124621163998): object was freed before callback; returning Nil.
    [1122] <engine-1>[GdPAI] ObjectRef(124621163998): object was freed before callback; returning Nil.
    [1123] <engine-1>[GdPAI] ObjectRef(124621163998): object was freed before callback; returning Nil.
    [1124] <engine-1>[GdPAI] ObjectRef(124621163998): object was freed before callback; returning Nil.
    [1125] <engine-1>[GdPAI] ObjectRef(124621163998): object was freed before callback; returning Nil.
    [1126] <engine-1>[GdPAI] ObjectRef(124621163998): object was freed before callback; returning Nil.
    [1127] <engine-1>[GdPAI] ObjectRef(124621163998): object was freed before callback; returning Nil.
    [1128] <engine-1>[GdPAI] ObjectRef(124134624705): object was freed before callback; returning Nil.
    [1129] <engine-1>[GdPAI] ObjectRef(125510356497): object was freed before callback; returning Nil.
    [1130] <engine-1>[GdPAI] ObjectRef(124134624705): object was freed before callback; returning Nil.
    [1131] <engine-1>[GdPAI] ObjectRef(125510356497): object was freed before callback; returning Nil.
    [1132] <engine-1>[GdPAI] ObjectRef(124621163998): object was freed before callback; returning Nil.
    [1133] <engine-1>[GdPAI] ObjectRef(124621163998): object was freed before callback; returning Nil.
    [1134] <engine-1>[GdPAI] ObjectRef(124134624705): object was freed before callback; returning Nil.
    [1135] <engine-1>[GdPAI] ObjectRef(125510356497): object was freed before callback; returning Nil.
    [1136] <engine-1>[GdPAI] ObjectRef(124134624705): object was freed before callback; returning Nil.
    [1137] <engine-1>[GdPAI] ObjectRef(125510356497): object was freed before callback; returning Nil.
    [1138] <engine-1>[GdPAI] ObjectRef(124621163998): object was freed before callback; returning Nil.
    [1139] <engine-1>[GdPAI] ObjectRef(124621163998): object was freed before callback; returning Nil.
    [1140] <engine-1>[GdPAI] ObjectRef(124621163998): object was freed before callback; returning Nil.
    [1141] <engine-1>[GdPAI] ObjectRef(125510356497): object was freed before callback; returning Nil.
    [1142] <engine-1>[GdPAI] ObjectRef(125510356497): object was freed before callback; returning Nil.
    [1143] <engine-1>[GdPAI] ObjectRef(124621163998): object was freed before callback; returning Nil.
    [1144] <engine-1>[GdPAI] ObjectRef(125510356497): object was freed before callback; returning Nil.
    [1145] <engine-1>[GdPAI] ObjectRef(125510356497): object was freed before callback; returning Nil.
    [1146] <engine-1>[GdPAI] ObjectRef(124621163998): object was freed before callback; returning Nil.
    [1147] <engine-1>[GdPAI] ObjectRef(124134624705): object was freed before callback; returning Nil.
    [1148] <engine-1>[GdPAI] ObjectRef(124134624705): object was freed before callback; returning Nil.
    [1149] <engine-1>[GdPAI] ObjectRef(124621163998): object was freed before callback; returning Nil.
    [1150] <engine-1>[GdPAI] ObjectRef(124134624705): object was freed before callback; returning Nil.
    [1151] <engine-1>[GdPAI] ObjectRef(124134624705): object was freed before callback; returning Nil.
    [1152] <engine-1>[GdPAI] ObjectRef(124621163998): object was freed before callback; returning Nil.
    [1153] <engine-1>[GdPAI] ObjectRef(124621163998): object was freed before callback; returning Nil.
    [1154] <engine-1>[GdPAI] ObjectRef(124621163998): object was freed before callback; returning Nil.
    [1155] <engine-1>[GdPAI] ObjectRef(124621163998): object was freed before callback; returning Nil.
    [1156] <engine-1>[GdPAI] ObjectRef(124134624705): object was freed before callback; returning Nil.
    [1157] <engine-1>[GdPAI] ObjectRef(125510356497): object was freed before callback; returning Nil.
    [1158] <engine-1>[GdPAI] ObjectRef(124134624705): object was freed before callback; returning Nil.
    [1159] <engine-1>[GdPAI] ObjectRef(125510356497): object was freed before callback; returning Nil.
    [1160] <engine-1>[GdPAI] ObjectRef(124621163998): object was freed before callback; returning Nil.
    [1161] <engine-1>[GdPAI] ObjectRef(124621163998): object was freed before callback; returning Nil.
    [1162] <engine-1>[GdPAI] ObjectRef(124134624705): object was freed before callback; returning Nil.
    [1163] <engine-1>[GdPAI] ObjectRef(125510356497): object was freed before callback; returning Nil.
    [1164] <engine-1>[GdPAI] ObjectRef(124134624705): object was freed before callback; returning Nil.
    [1165] <engine-1>[GdPAI] ObjectRef(125510356497): object was freed before callback; returning Nil.
    [1166] <engine-1>[GdPAI] ObjectRef(124621163998): object was freed before callback; returning Nil.
    [1167] <engine-1>[GdPAI] ObjectRef(124621163998): object was freed before callback; returning Nil.
    [1168] <engine-1>[GdPAI] ObjectRef(124621163998): object was freed before callback; returning Nil.
    [1169] <engine-1>[GdPAI] ObjectRef(125510356497): object was freed before callback; returning Nil.
    [1170] <engine-1>[GdPAI] ObjectRef(125510356497): object was freed before callback; returning Nil.
    [1171] <engine-1>[GdPAI] ObjectRef(124621163998): object was freed before callback; returning Nil.
    [1172] <engine-1>[GdPAI] ObjectRef(125510356497): object was freed before callback; returning Nil.
    [1173] <engine-1>[GdPAI] ObjectRef(125510356497): object was freed before callback; returning Nil.
    [1174] <engine-1>[GdPAI] ObjectRef(124621163998): object was freed before callback; returning Nil.
    [1175] <engine-1>[GdPAI] ObjectRef(124134624705): object was freed before callback; returning Nil.
    [1176] <engine-1>[GdPAI] ObjectRef(124134624705): object was freed before callback; returning Nil.
    [1177] <engine-1>[GdPAI] ObjectRef(124621163998): object was freed before callback; returning Nil.
    [1178] <engine-1>[GdPAI] ObjectRef(124134624705): object was freed before callback; returning Nil.
    [1179] <engine-1>[GdPAI] ObjectRef(124134624705): object was freed before callback; returning Nil.
    [1180] <engine-1>[GdPAI] ObjectRef(124621163998): object was freed before callback; returning Nil.
    [1181] <engine-1>[GdPAI] ObjectRef(124621163998): object was freed before callback; returning Nil.
    [1182] <engine-1>[GdPAI] ObjectRef(124621163998): object was freed before callback; returning Nil.
    [1183] <engine-1>[GdPAI] ObjectRef(124621163998): object was freed before callback; returning Nil.
    [1184] <engine-1>[GdPAI] ObjectRef(124621163998): object was freed before callback; returning Nil.
    [1185] <engine-1>[GdPAI] ObjectRef(124621163998): object was freed before callback; returning Nil.
    [1186] <engine-1>[GdPAI] ObjectRef(124621163998): object was freed before callback; returning Nil.
    [1187] <engine-1>[GdPAI] ObjectRef(124621163998): object was freed before callback; returning Nil.
    [1188] <engine-1>[GdPAI] ObjectRef(124621163998): object was freed before callback; returning Nil.
    [1189] <engine-1>[GdPAI] ObjectRef(124621163998): object was freed before callback; returning Nil.
    [1190] <engine-1>[GdPAI] ObjectRef(124621163998): object was freed before callback; returning Nil.
    [1191] <engine-1>[GdPAI] ObjectRef(124621163998): object was freed before callback; returning Nil.
    [1192] <engine-1>[GdPAI] ObjectRef(124621163998): object was freed before callback; returning Nil.
    [1193] <engine-1>[GdPAI] ObjectRef(124621163998): object was freed before callback; returning Nil.
    [1194] <engine-1>[GdPAI] ObjectRef(124621163998): object was freed before callback; returning Nil.
    [1195] <engine-1>[GdPAI] ObjectRef(124621163998): object was freed before callback; returning Nil.
    [1196] <engine-1>[GdPAI] ObjectRef(124621163998): object was freed before callback; returning Nil.
    [1197] <engine-1>[GdPAI] ObjectRef(124621163998): object was freed before callback; returning Nil.
    [1198] <engine-1>[GdPAI] ObjectRef(124621163998): object was freed before callback; returning Nil.
    [1199] <engine-1>[GdPAI] ObjectRef(124621163998): object was freed before callback; returning Nil.
    [1200] <engine-1>[GdPAI] ObjectRef(124621163998): object was freed before callback; returning Nil.
    [1201] <engine-1>[GdPAI] ObjectRef(124621163998): object was freed before callback; returning Nil.
    [1202] <engine-1>[GdPAI] ObjectRef(124621163998): object was freed before callback; returning Nil.
    [1203] <engine-1>[GdPAI] ObjectRef(124621163998): object was freed before callback; returning Nil.
    [1204] <engine-1>[GdPAI] ObjectRef(124621163998): object was freed before callback; returning Nil.
    [1205] <engine-1>[GdPAI] ObjectRef(124621163998): object was freed before callback; returning Nil.
    [1206] <engine-1>[GdPAI] ObjectRef(124621163998): object was freed before callback; returning Nil.
    [1207] <engine-1>[GdPAI] ObjectRef(124621163998): object was freed before callback; returning Nil.
    [1208] <engine-1>[GdPAI] ObjectRef(124621163998): object was freed before callback; returning Nil.
    [1209] <engine-1>[GdPAI] ObjectRef(124621163998): object was freed before callback; returning Nil.
    [1210] <engine-1>[GdPAI] ObjectRef(124621163998): object was freed before callback; returning Nil.
    [1211] <engine-1>[GdPAI] ObjectRef(124621163998): object was freed before callback; returning Nil.
    [1212] <engine-1>[GdPAI] ObjectRef(124621163998): object was freed before callback; returning Nil.
    [1213] <engine-1>[GdPAI] ObjectRef(124621163998): object was freed before callback; returning Nil.
    [1214] <engine-1>[GdPAI] ObjectRef(124621163998): object was freed before callback; returning Nil.
    [1215] <engine-1>[GdPAI] ObjectRef(124621163998): object was freed before callback; returning Nil.
    [1216] <engine-1>[GdPAI] ObjectRef(124621163998): object was freed before callback; returning Nil.
    [1217] <engine-1>[GdPAI] ObjectRef(124621163998): object was freed before callback; returning Nil.
    [1218] <engine-1>[GdPAI] ObjectRef(124621163998): object was freed before callback; returning Nil.
    [1219] <engine-1>[GdPAI] ObjectRef(124621163998): object was freed before callback; returning Nil.
    [1220] <engine-1>[GdPAI] ObjectRef(124621163998): object was freed before callback; returning Nil.
    [1221] <engine-1>[GdPAI] ObjectRef(124621163998): object was freed before callback; returning Nil.
    [1222] <engine-1>[GdPAI] ObjectRef(124621163998): object was freed before callback; returning Nil.
    [1223] <engine-1>[GdPAI] ObjectRef(124621163998): object was freed before callback; returning Nil.
    [1224] <engine-1>[GdPAI] ObjectRef(124621163998): object was freed before callback; returning Nil.
    [1225] <engine-1>[GdPAI] ObjectRef(124621163998): object was freed before callback; returning Nil.
    [1226] <engine-1>[GdPAI] ObjectRef(124621163998): object was freed before callback; returning Nil.
    [1227] <engine-1>[GdPAI] ObjectRef(124621163998): object was freed before callback; returning Nil.
    [1228] <engine-1>[GdPAI] ObjectRef(124621163998): object was freed before callback; returning Nil.
    [1229] <engine-1>[GdPAI] ObjectRef(124621163998): object was freed before callback; returning Nil.
    [1230] <engine-1>[GdPAI] ObjectRef(124621163998): object was freed before callback; returning Nil.
    [1231] <engine-1>[GdPAI] ObjectRef(124621163998): object was freed before callback; returning Nil.
    [1232] <engine-1>[GdPAI] ObjectRef(124621163998): object was freed before callback; returning Nil.
    [1233] <engine-1>[GdPAI] ObjectRef(124621163998): object was freed before callback; returning Nil.
    [1234] <engine-1>[GdPAI] ObjectRef(124621163998): object was freed before callback; returning Nil.
    [1235] <engine-1>[GdPAI] ObjectRef(124621163998): object was freed before callback; returning Nil.
          at line 169
- test_cannot_add_fuel_when_full
[31m    [Failed]:  [0mTimed out waiting for submitted agent plan
          at line -1
[31m    [Failed]:  [0mUnexpected Errors:
    [1] <engine-1>[GdPAI] ObjectRef(124621163998): object was freed before callback; returning Nil.
    [2] <engine-1>[GdPAI] ObjectRef(124621163998): object was freed before callback; returning Nil.
    [3] <engine-1>[GdPAI] ObjectRef(1382643928884): object was freed before callback; returning Nil.
    [4] <engine-1>[GdPAI] ObjectRef(1382643928884): object was freed before callback; returning Nil.
    [5] <engine-1>[GdPAI] ObjectRef(124621163998): object was freed before callback; returning Nil.
    [6] <engine-1>[GdPAI] ObjectRef(124621163998): object was freed before callback; returning Nil.
    [7] <engine-1>[GdPAI] ObjectRef(1382643928884): object was freed before callback; returning Nil.
    [8] <engine-1>[GdPAI] ObjectRef(1382643928884): object was freed before callback; returning Nil.
    [9] <engine-1>[GdPAI] ObjectRef(124621163998): object was freed before callback; returning Nil.
    [10] <engine-1>[GdPAI] ObjectRef(124621163998): object was freed before callback; returning Nil.
    [11] <engine-1>[GdPAI] ObjectRef(1382643928884): object was freed before callback; returning Nil.
    [12] <engine-1>[GdPAI] ObjectRef(1382643928884): object was freed before callback; returning Nil.
    [13] <engine-1>[GdPAI] ObjectRef(124621163998): object was freed before callback; returning Nil.
    [14] <engine-1>[GdPAI] ObjectRef(124621163998): object was freed before callback; returning Nil.
    [15] <engine-1>[GdPAI] ObjectRef(1382643928884): object was freed before callback; returning Nil.
    [16] <engine-1>[GdPAI] ObjectRef(1382643928884): object was freed before callback; returning Nil.
    [17] <engine-1>[GdPAI] ObjectRef(124621163998): object was freed before callback; returning Nil.
    [18] <engine-1>[GdPAI] ObjectRef(124621163998): object was freed before callback; returning Nil.
    [19] <engine-1>[GdPAI] ObjectRef(1382643928884): object was freed before callback; returning Nil.
    [20] <engine-1>[GdPAI] ObjectRef(1382643928884): object was freed before callback; returning Nil.
    [21] <engine-1>[GdPAI] ObjectRef(124621163998): object was freed before callback; returning Nil.
    [22] <engine-1>[GdPAI] ObjectRef(124621163998): object was freed before callback; returning Nil.
    [23] <engine-1>[GdPAI] ObjectRef(1382643928884): object was freed before callback; returning Nil.
    [24] <engine-1>[GdPAI] ObjectRef(1382643928884): object was freed before callback; returning Nil.
    [25] <engine-1>[GdPAI] ObjectRef(124621163998): object was freed before callback; returning Nil.
    [26] <engine-1>[GdPAI] ObjectRef(124621163998): object was freed before callback; returning Nil.
    [27] <engine-1>[GdPAI] ObjectRef(1382643928884): object was freed before callback; returning Nil.
    [28] <engine-1>[GdPAI] ObjectRef(1382643928884): object was freed before callback; returning Nil.
    [29] <engine-1>[GdPAI] ObjectRef(124621163998): object was freed before callback; returning Nil.
    [30] <engine-1>[GdPAI] ObjectRef(124621163998): object was freed before callback; returning Nil.
    [31] <engine-1>[GdPAI] ObjectRef(1382643928884): object was freed before callback; returning Nil.
    [32] <engine-1>[GdPAI] ObjectRef(1382643928884): object was freed before callback; returning Nil.
    [33] <engine-1>[GdPAI] ObjectRef(124621163998): object was freed before callback; returning Nil.
    [34] <engine-1>[GdPAI] ObjectRef(124621163998): object was freed before callback; returning Nil.
    [35] <engine-1>[GdPAI] ObjectRef(123983629752): object was freed before callback; returning Nil.
    [36] <engine-1>[GdPAI] ObjectRef(124587609564): object was freed before callback; returning Nil.
    [37] <engine-1>[GdPAI] ObjectRef(123983629752): object was freed before callback; returning Nil.
    [38] <engine-1>[GdPAI] ObjectRef(124587609564): object was freed before callback; returning Nil.
    [39] <engine-1>[GdPAI] ObjectRef(1382643928884): object was freed before callback; returning Nil.
    [40] <engine-1>[GdPAI] ObjectRef(1382643928884): object was freed before callback; returning Nil.
    [41] <engine-1>[GdPAI] ObjectRef(124621163998): object was freed before callback; returning Nil.
    [42] <engine-1>[GdPAI] ObjectRef(124621163998): object was freed before callback; returning Nil.
    [43] <engine-1>[GdPAI] ObjectRef(123983629752): object was freed before callback; returning Nil.
    [44] <engine-1>[GdPAI] ObjectRef(124587609564): object was freed before callback; returning Nil.
    [45] <engine-1>[GdPAI] ObjectRef(123983629752): object was freed before callback; returning Nil.
    [46] <engine-1>[GdPAI] ObjectRef(124587609564): object was freed before callback; returning Nil.
    [47] <engine-1>[GdPAI] ObjectRef(1382643928884): object was freed before callback; returning Nil.
    [48] <engine-1>[GdPAI] ObjectRef(1382643928884): object was freed before callback; returning Nil.
    [49] <engine-1>[GdPAI] ObjectRef(1382459379475): object was freed before callback; returning Nil.
    [50] <engine-1>[GdPAI] ObjectRef(1382459379475): object was freed before callback; returning Nil.
    [51] <engine-1>[GdPAI] ObjectRef(124621163998): object was freed before callback; returning Nil.
    [52] <engine-1>[GdPAI] ObjectRef(124587609564): object was freed before callback; returning Nil.
    [53] <engine-1>[GdPAI] ObjectRef(124587609564): object was freed before callback; returning Nil.
    [54] <engine-1>[GdPAI] ObjectRef(1382643928884): object was freed before callback; returning Nil.
    [55] <engine-1>[GdPAI] ObjectRef(1382643928884): object was freed before callback; returning Nil.
    [56] <engine-1>[GdPAI] ObjectRef(1382459379475): object was freed before callback; returning Nil.
    [57] <engine-1>[GdPAI] ObjectRef(1382459379475): object was freed before callback; returning Nil.
    [58] <engine-1>[GdPAI] ObjectRef(124621163998): object was freed before callback; returning Nil.
    [59] <engine-1>[GdPAI] ObjectRef(124587609564): object was freed before callback; returning Nil.
    [60] <engine-1>[GdPAI] ObjectRef(124587609564): object was freed before callback; returning Nil.
    [61] <engine-1>[GdPAI] ObjectRef(1382643928884): object was freed before callback; returning Nil.
    [62] <engine-1>[GdPAI] ObjectRef(1382459379475): object was freed before callback; returning Nil.
    [63] <engine-1>[GdPAI] ObjectRef(1382459379475): object was freed before callback; returning Nil.
    [64] <engine-1>[GdPAI] ObjectRef(124621163998): object was freed before callback; returning Nil.
    [65] <engine-1>[GdPAI] ObjectRef(123983629752): object was freed before callback; returning Nil.
    [66] <engine-1>[GdPAI] ObjectRef(123983629752): object was freed before callback; returning Nil.
    [67] <engine-1>[GdPAI] ObjectRef(1382643928884): object was freed before callback; returning Nil.
    [68] <engine-1>[GdPAI] ObjectRef(1382459379475): object was freed before callback; returning Nil.
    [69] <engine-1>[GdPAI] ObjectRef(1382459379475): object was freed before callback; returning Nil.
    [70] <engine-1>[GdPAI] ObjectRef(124621163998): object was freed before callback; returning Nil.
    [71] <engine-1>[GdPAI] ObjectRef(123983629752): object was freed before callback; returning Nil.
    [72] <engine-1>[GdPAI] ObjectRef(123983629752): object was freed before callback; returning Nil.
    [73] <engine-1>[GdPAI] ObjectRef(1382643928884): object was freed before callback; returning Nil.
    [74] <engine-1>[GdPAI] ObjectRef(124621163998): object was freed before callback; returning Nil.
    [75] <engine-1>[GdPAI] ObjectRef(124134624705): object was freed before callback; returning Nil.
    [76] <engine-1>[GdPAI] ObjectRef(124134624705): object was freed before callback; returning Nil.
    [77] <engine-1>[GdPAI] ObjectRef(1382643928884): object was freed before callback; returning Nil.
    [78] <engine-1>[GdPAI] ObjectRef(124621163998): object was freed before callback; returning Nil.
    [79] <engine-1>[GdPAI] ObjectRef(124134624705): object was freed before callback; returning Nil.
    [80] <engine-1>[GdPAI] ObjectRef(124134624705): object was freed before callback; returning Nil.
    [81] <engine-1>[GdPAI] ObjectRef(1382643928884): object was freed before callback; returning Nil.
    [82] <engine-1>[GdPAI] ObjectRef(1382643928884): object was freed before callback; returning Nil.
    [83] <engine-1>[GdPAI] ObjectRef(1382459379475): object was freed before callback; returning Nil.
    [84] <engine-1>[GdPAI] ObjectRef(1382459379475): object was freed before callback; returning Nil.
    [85] <engine-1>[GdPAI] ObjectRef(124621163998): object was freed before callback; returning Nil.
    [86] <engine-1>[GdPAI] ObjectRef(124134624705): object was freed before callback; returning Nil.
    [87] <engine-1>[GdPAI] ObjectRef(124134624705): object was freed before callback; returning Nil.
    [88] <engine-1>[GdPAI] ObjectRef(1382643928884): object was freed before callback; returning Nil.
    [89] <engine-1>[GdPAI] ObjectRef(1382643928884): object was freed before callback; returning Nil.
    [90] <engine-1>[GdPAI] ObjectRef(1382459379475): object was freed before callback; returning Nil.
    [91] <engine-1>[GdPAI] ObjectRef(1382459379475): object was freed before callback; returning Nil.
    [92] <engine-1>[GdPAI] ObjectRef(124621163998): object was freed before callback; returning Nil.
    [93] <engine-1>[GdPAI] ObjectRef(124134624705): object was freed before callback; returning Nil.
    [94] <engine-1>[GdPAI] ObjectRef(124134624705): object was freed before callback; returning Nil.
    [95] <engine-1>[GdPAI] ObjectRef(1382643928884): object was freed before callback; returning Nil.
    [96] <engine-1>[GdPAI] ObjectRef(1382459379475): object was freed before callback; returning Nil.
    [97] <engine-1>[GdPAI] ObjectRef(1382459379475): object was freed before callback; returning Nil.
    [98] <engine-1>[GdPAI] ObjectRef(124621163998): object was freed before callback; returning Nil.
    [99] <engine-1>[GdPAI] ObjectRef(1382643928884): object was freed before callback; returning Nil.
    [100] <engine-1>[GdPAI] ObjectRef(1382459379475): object was freed before callback; returning Nil.
    [101] <engine-1>[GdPAI] ObjectRef(1382459379475): object was freed before callback; returning Nil.
    [102] <engine-1>[GdPAI] ObjectRef(124621163998): object was freed before callback; returning Nil.
    [103] <engine-1>[GdPAI] ObjectRef(1382643928884): object was freed before callback; returning Nil.
    [104] <engine-1>[GdPAI] ObjectRef(124621163998): object was freed before callback; returning Nil.
    [105] <engine-1>[GdPAI] ObjectRef(124621163998): object was freed before callback; returning Nil.
    [106] <engine-1>[GdPAI] ObjectRef(123983629752): object was freed before callback; returning Nil.
    [107] <engine-1>[GdPAI] ObjectRef(124587609564): object was freed before callback; returning Nil.
    [108] <engine-1>[GdPAI] ObjectRef(123983629752): object was freed before callback; returning Nil.
    [109] <engine-1>[GdPAI] ObjectRef(124587609564): object was freed before callback; returning Nil.
    [110] <engine-1>[GdPAI] ObjectRef(1382643928884): object was freed before callback; returning Nil.
    [111] <engine-1>[GdPAI] ObjectRef(124621163998): object was freed before callback; returning Nil.
    [112] <engine-1>[GdPAI] ObjectRef(124621163998): object was freed before callback; returning Nil.
    [113] <engine-1>[GdPAI] ObjectRef(123983629752): object was freed before callback; returning Nil.
    [114] <engine-1>[GdPAI] ObjectRef(124587609564): object was freed before callback; returning Nil.
    [115] <engine-1>[GdPAI] ObjectRef(123983629752): object was freed before callback; returning Nil.
    [116] <engine-1>[GdPAI] ObjectRef(124587609564): object was freed before callback; returning Nil.
    [117] <engine-1>[GdPAI] ObjectRef(1382643928884): object was freed before callback; returning Nil.
    [118] <engine-1>[GdPAI] ObjectRef(1382643928884): object was freed before callback; returning Nil.
    [119] <engine-1>[GdPAI] ObjectRef(124621163998): object was freed before callback; returning Nil.
    [120] <engine-1>[GdPAI] ObjectRef(124587609564): object was freed before callback; returning Nil.
    [121] <engine-1>[GdPAI] ObjectRef(124587609564): object was freed before callback; returning Nil.
    [122] <engine-1>[GdPAI] ObjectRef(1382643928884): object was freed before callback; returning Nil.
    [123] <engine-1>[GdPAI] ObjectRef(1382643928884): object was freed before callback; returning Nil.
    [124] <engine-1>[GdPAI] ObjectRef(124621163998): object was freed before callback; returning Nil.
    [125] <engine-1>[GdPAI] ObjectRef(124587609564): object was freed before callback; returning Nil.
    [126] <engine-1>[GdPAI] ObjectRef(124587609564): object was freed before callback; returning Nil.
    [127] <engine-1>[GdPAI] ObjectRef(1382643928884): object was freed before callback; returning Nil.
    [128] <engine-1>[GdPAI] ObjectRef(1382643928884): object was freed before callback; returning Nil.
    [129] <engine-1>[GdPAI] ObjectRef(124621163998): object was freed before callback; returning Nil.
    [130] <engine-1>[GdPAI] ObjectRef(123983629752): object was freed before callback; returning Nil.
    [131] <engine-1>[GdPAI] ObjectRef(123983629752): object was freed before callback; returning Nil.
    [132] <engine-1>[GdPAI] ObjectRef(1382643928884): object was freed before callback; returning Nil.
    [133] <engine-1>[GdPAI] ObjectRef(1382643928884): object was freed before callback; returning Nil.
    [134] <engine-1>[GdPAI] ObjectRef(124621163998): object was freed before callback; returning Nil.
    [135] <engine-1>[GdPAI] ObjectRef(123983629752): object was freed before callback; returning Nil.
    [136] <engine-1>[GdPAI] ObjectRef(123983629752): object was freed before callback; returning Nil.
    [137] <engine-1>[GdPAI] ObjectRef(1382643928884): object was freed before callback; returning Nil.
    [138] <engine-1>[GdPAI] ObjectRef(1382643928884): object was freed before callback; returning Nil.
    [139] <engine-1>[GdPAI] ObjectRef(124621163998): object was freed before callback; returning Nil.
    [140] <engine-1>[GdPAI] ObjectRef(124134624705): object was freed before callback; returning Nil.
    [141] <engine-1>[GdPAI] ObjectRef(124134624705): object was freed before callback; returning Nil.
    [142] <engine-1>[GdPAI] ObjectRef(1382643928884): object was freed before callback; returning Nil.
    [143] <engine-1>[GdPAI] ObjectRef(1382643928884): object was freed before callback; returning Nil.
    [144] <engine-1>[GdPAI] ObjectRef(124621163998): object was freed before callback; returning Nil.
    [145] <engine-1>[GdPAI] ObjectRef(124134624705): object was freed before callback; returning Nil.
    [146] <engine-1>[GdPAI] ObjectRef(124134624705): object was freed before callback; returning Nil.
    [147] <engine-1>[GdPAI] ObjectRef(1382643928884): object was freed before callback; returning Nil.
    [148] <engine-1>[GdPAI] ObjectRef(1382643928884): object was freed before callback; returning Nil.
    [149] <engine-1>[GdPAI] ObjectRef(124621163998): object was freed before callback; returning Nil.
    [150] <engine-1>[GdPAI] ObjectRef(124134624705): object was freed before callback; returning Nil.
    [151] <engine-1>[GdPAI] ObjectRef(124134624705): object was freed before callback; returning Nil.
    [152] <engine-1>[GdPAI] ObjectRef(1382643928884): object was freed before callback; returning Nil.
    [153] <engine-1>[GdPAI] ObjectRef(1382643928884): object was freed before callback; returning Nil.
    [154] <engine-1>[GdPAI] ObjectRef(124621163998): object was freed before callback; returning Nil.
    [155] <engine-1>[GdPAI] ObjectRef(124134624705): object was freed before callback; returning Nil.
    [156] <engine-1>[GdPAI] ObjectRef(124134624705): object was freed before callback; returning Nil.
    [157] <engine-1>[GdPAI] ObjectRef(1382643928884): object was freed before callback; returning Nil.
    [158] <engine-1>[GdPAI] ObjectRef(1382643928884): object was freed before callback; returning Nil.
    [159] <engine-1>[GdPAI] ObjectRef(124621163998): object was freed before callback; returning Nil.
    [160] <engine-1>[GdPAI] ObjectRef(1382643928884): object was freed before callback; returning Nil.
    [161] <engine-1>[GdPAI] ObjectRef(1382643928884): object was freed before callback; returning Nil.
    [162] <engine-1>[GdPAI] ObjectRef(124621163998): object was freed before callback; returning Nil.
    [163] <engine-1>[GdPAI] ObjectRef(1382643928884): object was freed before callback; returning Nil.
    [164] <engine-1>[GdPAI] ObjectRef(1382643928884): object was freed before callback; returning Nil.
    [165] <engine-1>[GdPAI] ObjectRef(124621163998): object was freed before callback; returning Nil.
    [166] <engine-1>[GdPAI] ObjectRef(124621163998): object was freed before callback; returning Nil.
    [167] <engine-1>[GdPAI] ObjectRef(1382643928884): object was freed before callback; returning Nil.
    [168] <engine-1>[GdPAI] ObjectRef(1382643928884): object was freed before callback; returning Nil.
    [169] <engine-1>[GdPAI] ObjectRef(124621163998): object was freed before callback; returning Nil.
    [170] <engine-1>[GdPAI] ObjectRef(124621163998): object was freed before callback; returning Nil.
    [171] <engine-1>[GdPAI] ObjectRef(1382643928884): object was freed before callback; returning Nil.
    [172] <engine-1>[GdPAI] ObjectRef(1382643928884): object was freed before callback; returning Nil.
    [173] <engine-1>[GdPAI] ObjectRef(124621163998): object was freed before callback; returning Nil.
    [174] <engine-1>[GdPAI] ObjectRef(124621163998): object was freed before callback; returning Nil.
    [175] <engine-1>[GdPAI] ObjectRef(1382643928884): object was freed before callback; returning Nil.
    [176] <engine-1>[GdPAI] ObjectRef(1382643928884): object was freed before callback; returning Nil.
    [177] <engine-1>[GdPAI] ObjectRef(124621163998): object was freed before callback; returning Nil.
    [178] <engine-1>[GdPAI] ObjectRef(124621163998): object was freed before callback; returning Nil.
    [179] <engine-1>[GdPAI] ObjectRef(1382643928884): object was freed before callback; returning Nil.
    [180] <engine-1>[GdPAI] ObjectRef(1382643928884): object was freed before callback; returning Nil.
    [181] <engine-1>[GdPAI] ObjectRef(124621163998): object was freed before callback; returning Nil.
    [182] <engine-1>[GdPAI] ObjectRef(124621163998): object was freed before callback; returning Nil.
    [183] <engine-1>[GdPAI] ObjectRef(1382643928884): object was freed before callback; returning Nil.
    [184] <engine-1>[GdPAI] ObjectRef(1382643928884): object was freed before callback; returning Nil.
    [185] <engine-1>[GdPAI] ObjectRef(124621163998): object was freed before callback; returning Nil.
    [186] <engine-1>[GdPAI] ObjectRef(124621163998): object was freed before callback; returning Nil.
    [187] <engine-1>[GdPAI] ObjectRef(1382643928884): object was freed before callback; returning Nil.
    [188] <engine-1>[GdPAI] ObjectRef(1382643928884): object was freed before callback; returning Nil.
    [189] <engine-1>[GdPAI] ObjectRef(124621163998): object was freed before callback; returning Nil.
    [190] <engine-1>[GdPAI] ObjectRef(124621163998): object was freed before callback; returning Nil.
    [191] <engine-1>[GdPAI] ObjectRef(1382643928884): object was freed before callback; returning Nil.
    [192] <engine-1>[GdPAI] ObjectRef(1382643928884): object was freed before callback; returning Nil.
    [193] <engine-1>[GdPAI] ObjectRef(124621163998): object was freed before callback; returning Nil.
    [194] <engine-1>[GdPAI] ObjectRef(124621163998): object was freed before callback; returning Nil.
    [195] <engine-1>[GdPAI] ObjectRef(1382643928884): object was freed before callback; returning Nil.
    [196] <engine-1>[GdPAI] ObjectRef(1382643928884): object was freed before callback; returning Nil.
    [197] <engine-1>[GdPAI] ObjectRef(124621163998): object was freed before callback; returning Nil.
    [198] <engine-1>[GdPAI] ObjectRef(124621163998): object was freed before callback; returning Nil.
    [199] <engine-1>[GdPAI] ObjectRef(1382643928884): object was freed before callback; returning Nil.
    [200] <engine-1>[GdPAI] ObjectRef(1382643928884): object was freed before callback; returning Nil.
    [201] <engine-1>[GdPAI] ObjectRef(124621163998): object was freed before callback; returning Nil.
    [202] <engine-1>[GdPAI] ObjectRef(124621163998): object was freed before callback; returning Nil.
    [203] <engine-1>[GdPAI] ObjectRef(1382643928884): object was freed before callback; returning Nil.
    [204] <engine-1>[GdPAI] ObjectRef(1382643928884): object was freed before callback; returning Nil.
    [205] <engine-1>[GdPAI] ObjectRef(124621163998): object was freed before callback; returning Nil.
    [206] <engine-1>[GdPAI] ObjectRef(124621163998): object was freed before callback; returning Nil.
    [207] <engine-1>[GdPAI] ObjectRef(1382643928884): object was freed before callback; returning Nil.
    [208] <engine-1>[GdPAI] ObjectRef(1382643928884): object was freed before callback; returning Nil.
    [209] <engine-1>[GdPAI] ObjectRef(124621163998): object was freed before callback; returning Nil.
    [210] <engine-1>[GdPAI] ObjectRef(124621163998): object was freed before callback; returning Nil.
    [211] <engine-1>[GdPAI] ObjectRef(1382643928884): object was freed before callback; returning Nil.
    [212] <engine-1>[GdPAI] ObjectRef(1382643928884): object was freed before callback; returning Nil.
    [213] <engine-1>[GdPAI] ObjectRef(124621163998): object was freed before callback; returning Nil.
    [214] <engine-1>[GdPAI] ObjectRef(124621163998): object was freed before callback; returning Nil.
    [215] <engine-1>[GdPAI] ObjectRef(1382643928884): object was freed before callback; returning Nil.
    [216] <engine-1>[GdPAI] ObjectRef(1382643928884): object was freed before callback; returning Nil.
    [217] <engine-1>[GdPAI] ObjectRef(124621163998): object was freed before callback; returning Nil.
    [218] <engine-1>[GdPAI] ObjectRef(124621163998): object was freed before callback; returning Nil.
    [219] <engine-1>[GdPAI] ObjectRef(1382643928884): object was freed before callback; returning Nil.
    [220] <engine-1>[GdPAI] ObjectRef(1382643928884): object was freed before callback; returning Nil.
    [221] <engine-1>[GdPAI] ObjectRef(124621163998): object was freed before callback; returning Nil.
    [222] <engine-1>[GdPAI] ObjectRef(124621163998): object was freed before callback; returning Nil.
    [223] <engine-1>[GdPAI] ObjectRef(1382643928884): object was freed before callback; returning Nil.
    [224] <engine-1>[GdPAI] ObjectRef(1382643928884): object was freed before callback; returning Nil.
    [225] <engine-1>[GdPAI] ObjectRef(124621163998): object was freed before callback; returning Nil.
    [226] <engine-1>[GdPAI] ObjectRef(124621163998): object was freed before callback; returning Nil.
    [227] <engine-1>[GdPAI] ObjectRef(1382643928884): object was freed before callback; returning Nil.
    [228] <engine-1>[GdPAI] ObjectRef(1382643928884): object was freed before callback; returning Nil.
    [229] <engine-1>[GdPAI] ObjectRef(124621163998): object was freed before callback; returning Nil.
    [230] <engine-1>[GdPAI] ObjectRef(124621163998): object was freed before callback; returning Nil.
    [231] <engine-1>[GdPAI] ObjectRef(1382643928884): object was freed before callback; returning Nil.
    [232] <engine-1>[GdPAI] ObjectRef(1382643928884): object was freed before callback; returning Nil.
    [233] <engine-1>[GdPAI] ObjectRef(124621163998): object was freed before callback; returning Nil.
    [234] <engine-1>[GdPAI] ObjectRef(124621163998): object was freed before callback; returning Nil.
    [235] <engine-1>[GdPAI] ObjectRef(1382643928884): object was freed before callback; returning Nil.
    [236] <engine-1>[GdPAI] ObjectRef(1382643928884): object was freed before callback; returning Nil.
    [237] <engine-1>[GdPAI] ObjectRef(124621163998): object was freed before callback; returning Nil.
    [238] <engine-1>[GdPAI] ObjectRef(124621163998): object was freed before callback; returning Nil.
    [239] <engine-1>[GdPAI] ObjectRef(1382643928884): object was freed before callback; returning Nil.
    [240] <engine-1>[GdPAI] ObjectRef(1382643928884): object was freed before callback; returning Nil.
    [241] <engine-1>[GdPAI] ObjectRef(124621163998): object was freed before callback; returning Nil.
    [242] <engine-1>[GdPAI] ObjectRef(124621163998): object was freed before callback; returning Nil.
    [243] <engine-1>[GdPAI] ObjectRef(1382643928884): object was freed before callback; returning Nil.
    [244] <engine-1>[GdPAI] ObjectRef(1382643928884): object was freed before callback; returning Nil.
    [245] <engine-1>[GdPAI] ObjectRef(124621163998): object was freed before callback; returning Nil.
    [246] <engine-1>[GdPAI] ObjectRef(124621163998): object was freed before callback; returning Nil.
    [247] <engine-1>[GdPAI] ObjectRef(1382643928884): object was freed before callback; returning Nil.
    [248] <engine-1>[GdPAI] ObjectRef(1382643928884): object was freed before callback; returning Nil.
    [249] <engine-1>[GdPAI] ObjectRef(124621163998): object was freed before callback; returning Nil.
    [250] <engine-1>[GdPAI] ObjectRef(124621163998): object was freed before callback; returning Nil.
    [251] <engine-1>[GdPAI] ObjectRef(1382643928884): object was freed before callback; returning Nil.
    [252] <engine-1>[GdPAI] ObjectRef(1382643928884): object was freed before callback; returning Nil.
    [253] <engine-1>[GdPAI] ObjectRef(124621163998): object was freed before callback; returning Nil.
    [254] <engine-1>[GdPAI] ObjectRef(124621163998): object was freed before callback; returning Nil.
    [255] <engine-1>[GdPAI] ObjectRef(1382643928884): object was freed before callback; returning Nil.
    [256] <engine-1>[GdPAI] ObjectRef(1382643928884): object was freed before callback; returning Nil.
    [257] <engine-1>[GdPAI] ObjectRef(124621163998): object was freed before callback; returning Nil.
    [258] <engine-1>[GdPAI] ObjectRef(124621163998): object was freed before callback; returning Nil.
    [259] <engine-1>[GdPAI] ObjectRef(1382643928884): object was freed before callback; returning Nil.
    [260] <engine-1>[GdPAI] ObjectRef(1382643928884): object was freed before callback; returning Nil.
    [261] <engine-1>[GdPAI] ObjectRef(124621163998): object was freed before callback; returning Nil.
    [262] <engine-1>[GdPAI] ObjectRef(124621163998): object was freed before callback; returning Nil.
    [263] <engine-1>[GdPAI] ObjectRef(1382643928884): object was freed before callback; returning Nil.
    [264] <engine-1>[GdPAI] ObjectRef(1382643928884): object was freed before callback; returning Nil.
    [265] <engine-1>[GdPAI] ObjectRef(124621163998): object was freed before callback; returning Nil.
    [266] <engine-1>[GdPAI] ObjectRef(124621163998): object was freed before callback; returning Nil.
    [267] <engine-1>[GdPAI] ObjectRef(1382643928884): object was freed before callback; returning Nil.
    [268] <engine-1>[GdPAI] ObjectRef(1382643928884): object was freed before callback; returning Nil.
    [269] <engine-1>[GdPAI] ObjectRef(124621163998): object was freed before callback; returning Nil.
    [270] <engine-1>[GdPAI] ObjectRef(124621163998): object was freed before callback; returning Nil.
    [271] <engine-1>[GdPAI] ObjectRef(124134624705): object was freed before callback; returning Nil.
    [272] <engine-1>[GdPAI] ObjectRef(123983629752): object was freed before callback; returning Nil.
    [273] <engine-1>[GdPAI] ObjectRef(124587609564): object was freed before callback; returning Nil.
    [274] <engine-1>[GdPAI] ObjectRef(124134624705): object was freed before callback; returning Nil.
    [275] <engine-1>[GdPAI] ObjectRef(123983629752): object was freed before callback; returning Nil.
    [276] <engine-1>[GdPAI] ObjectRef(124587609564): object was freed before callback; returning Nil.
    [277] <engine-1>[GdPAI] ObjectRef(1382643928884): object was freed before callback; returning Nil.
    [278] <engine-1>[GdPAI] ObjectRef(1382643928884): object was freed before callback; returning Nil.
    [279] <engine-1>[GdPAI] ObjectRef(124621163998): object was freed before callback; returning Nil.
    [280] <engine-1>[GdPAI] ObjectRef(124621163998): object was freed before callback; returning Nil.
    [281] <engine-1>[GdPAI] ObjectRef(124134624705): object was freed before callback; returning Nil.
    [282] <engine-1>[GdPAI] ObjectRef(123983629752): object was freed before callback; returning Nil.
    [283] <engine-1>[GdPAI] ObjectRef(124587609564): object was freed before callback; returning Nil.
    [284] <engine-1>[GdPAI] ObjectRef(124134624705): object was freed before callback; returning Nil.
    [285] <engine-1>[GdPAI] ObjectRef(123983629752): object was freed before callback; returning Nil.
    [286] <engine-1>[GdPAI] ObjectRef(124587609564): object was freed before callback; returning Nil.
    [287] <engine-1>[GdPAI] ObjectRef(1382643928884): object was freed before callback; returning Nil.
    [288] <engine-1>[GdPAI] ObjectRef(1382643928884): object was freed before callback; returning Nil.
    [289] <engine-1>[GdPAI] ObjectRef(124621163998): object was freed before callback; returning Nil.
    [290] <engine-1>[GdPAI] ObjectRef(124587609564): object was freed before callback; returning Nil.
    [291] <engine-1>[GdPAI] ObjectRef(124587609564): object was freed before callback; returning Nil.
    [292] <engine-1>[GdPAI] ObjectRef(1382643928884): object was freed before callback; returning Nil.
    [293] <engine-1>[GdPAI] ObjectRef(1382643928884): object was freed before callback; returning Nil.
    [294] <engine-1>[GdPAI] ObjectRef(124621163998): object was freed before callback; returning Nil.
    [295] <engine-1>[GdPAI] ObjectRef(124587609564): object was freed before callback; returning Nil.
    [296] <engine-1>[GdPAI] ObjectRef(124587609564): object was freed before callback; returning Nil.
    [297] <engine-1>[GdPAI] ObjectRef(1382643928884): object was freed before callback; returning Nil.
    [298] <engine-1>[GdPAI] ObjectRef(1382643928884): object was freed before callback; returning Nil.
    [299] <engine-1>[GdPAI] ObjectRef(124621163998): object was freed before callback; returning Nil.
    [300] <engine-1>[GdPAI] ObjectRef(123983629752): object was freed before callback; returning Nil.
    [301] <engine-1>[GdPAI] ObjectRef(123983629752): object was freed before callback; returning Nil.
    [302] <engine-1>[GdPAI] ObjectRef(1382643928884): object was freed before callback; returning Nil.
    [303] <engine-1>[GdPAI] ObjectRef(1382643928884): object was freed before callback; returning Nil.
    [304] <engine-1>[GdPAI] ObjectRef(124621163998): object was freed before callback; returning Nil.
    [305] <engine-1>[GdPAI] ObjectRef(123983629752): object was freed before callback; returning Nil.
    [306] <engine-1>[GdPAI] ObjectRef(123983629752): object was freed before callback; returning Nil.
    [307] <engine-1>[GdPAI] ObjectRef(1382643928884): object was freed before callback; returning Nil.
    [308] <engine-1>[GdPAI] ObjectRef(1382643928884): object was freed before callback; returning Nil.
    [309] <engine-1>[GdPAI] ObjectRef(1383348571562): object was freed before callback; returning Nil.
    [310] <engine-1>[GdPAI] ObjectRef(1383348571562): object was freed before callback; returning Nil.
    [311] <engine-1>[GdPAI] ObjectRef(124621163998): object was freed before callback; returning Nil.
    [312] <engine-1>[GdPAI] ObjectRef(124134624705): object was freed before callback; returning Nil.
    [313] <engine-1>[GdPAI] ObjectRef(124134624705): object was freed before callback; returning Nil.
    [314] <engine-1>[GdPAI] ObjectRef(1382643928884): object was freed before callback; returning Nil.
    [315] <engine-1>[GdPAI] ObjectRef(1382643928884): object was freed before callback; returning Nil.
    [316] <engine-1>[GdPAI] ObjectRef(1383348571562): object was freed before callback; returning Nil.
    [317] <engine-1>[GdPAI] ObjectRef(1383348571562): object was freed before callback; returning Nil.
    [318] <engine-1>[GdPAI] ObjectRef(124621163998): object was freed before callback; returning Nil.
    [319] <engine-1>[GdPAI] ObjectRef(124134624705): object was freed before callback; returning Nil.
    [320] <engine-1>[GdPAI] ObjectRef(124134624705): object was freed before callback; returning Nil.
    [321] <engine-1>[GdPAI] ObjectRef(1382643928884): object was freed before callback; returning Nil.
    [322] <engine-1>[GdPAI] ObjectRef(1383348571562): object was freed before callback; returning Nil.
    [323] <engine-1>[GdPAI] ObjectRef(1383348571562): object was freed before callback; returning Nil.
    [324] <engine-1>[GdPAI] ObjectRef(124621163998): object was freed before callback; returning Nil.
    [325] <engine-1>[GdPAI] ObjectRef(1382643928884): object was freed before callback; returning Nil.
    [326] <engine-1>[GdPAI] ObjectRef(1383348571562): object was freed before callback; returning Nil.
    [327] <engine-1>[GdPAI] ObjectRef(1383348571562): object was freed before callback; returning Nil.
    [328] <engine-1>[GdPAI] ObjectRef(124621163998): object was freed before callback; returning Nil.
    [329] <engine-1>[GdPAI] ObjectRef(1382643928884): object was freed before callback; returning Nil.
    [330] <engine-1>[GdPAI] ObjectRef(1382157389614): object was freed before callback; returning Nil.
    [331] <engine-1>[GdPAI] ObjectRef(1382157389614): object was freed before callback; returning Nil.
    [332] <engine-1>[GdPAI] ObjectRef(124621163998): object was freed before callback; returning Nil.
    [333] <engine-1>[GdPAI] ObjectRef(124621163998): object was freed before callback; returning Nil.
    [334] <engine-1>[GdPAI] ObjectRef(124134624705): object was freed before callback; returning Nil.
    [335] <engine-1>[GdPAI] ObjectRef(123983629752): object was freed before callback; returning Nil.
    [336] <engine-1>[GdPAI] ObjectRef(124587609564): object was freed before callback; returning Nil.
    [337] <engine-1>[GdPAI] ObjectRef(124134624705): object was freed before callback; returning Nil.
    [338] <engine-1>[GdPAI] ObjectRef(123983629752): object was freed before callback; returning Nil.
    [339] <engine-1>[GdPAI] ObjectRef(124587609564): object was freed before callback; returning Nil.
    [340] <engine-1>[GdPAI] ObjectRef(1382643928884): object was freed before callback; returning Nil.
    [341] <engine-1>[GdPAI] ObjectRef(1382157389614): object was freed before callback; returning Nil.
    [342] <engine-1>[GdPAI] ObjectRef(1382157389614): object was freed before callback; returning Nil.
    [343] <engine-1>[GdPAI] ObjectRef(124621163998): object was freed before callback; returning Nil.
    [344] <engine-1>[GdPAI] ObjectRef(124621163998): object was freed before callback; returning Nil.
    [345] <engine-1>[GdPAI] ObjectRef(124134624705): object was freed before callback; returning Nil.
    [346] <engine-1>[GdPAI] ObjectRef(123983629752): object was freed before callback; returning Nil.
    [347] <engine-1>[GdPAI] ObjectRef(124587609564): object was freed before callback; returning Nil.
    [348] <engine-1>[GdPAI] ObjectRef(124134624705): object was freed before callback; returning Nil.
    [349] <engine-1>[GdPAI] ObjectRef(123983629752): object was freed before callback; returning Nil.
    [350] <engine-1>[GdPAI] ObjectRef(124587609564): object was freed before callback; returning Nil.
    [351] <engine-1>[GdPAI] ObjectRef(1382643928884): object was freed before callback; returning Nil.
    [352] <engine-1>[GdPAI] ObjectRef(1382157389614): object was freed before callback; returning Nil.
    [353] <engine-1>[GdPAI] ObjectRef(1382157389614): object was freed before callback; returning Nil.
    [354] <engine-1>[GdPAI] ObjectRef(124621163998): object was freed before callback; returning Nil.
    [355] <engine-1>[GdPAI] ObjectRef(124587609564): object was freed before callback; returning Nil.
    [356] <engine-1>[GdPAI] ObjectRef(124587609564): object was freed before callback; returning Nil.
    [357] <engine-1>[GdPAI] ObjectRef(1382643928884): object was freed before callback; returning Nil.
    [358] <engine-1>[GdPAI] ObjectRef(1382157389614): object was freed before callback; returning Nil.
    [359] <engine-1>[GdPAI] ObjectRef(1382157389614): object was freed before callback; returning Nil.
    [360] <engine-1>[GdPAI] ObjectRef(124621163998): object was freed before callback; returning Nil.
    [361] <engine-1>[GdPAI] ObjectRef(124587609564): object was freed before callback; returning Nil.
    [362] <engine-1>[GdPAI] ObjectRef(124587609564): object was freed before callback; returning Nil.
    [363] <engine-1>[GdPAI] ObjectRef(1382643928884): object was freed before callback; returning Nil.
    [364] <engine-1>[GdPAI] ObjectRef(124621163998): object was freed before callback; returning Nil.
    [365] <engine-1>[GdPAI] ObjectRef(123983629752): object was freed before callback; returning Nil.
    [366] <engine-1>[GdPAI] ObjectRef(123983629752): object was freed before callback; returning Nil.
    [367] <engine-1>[GdPAI] ObjectRef(1382643928884): object was freed before callback; returning Nil.
    [368] <engine-1>[GdPAI] ObjectRef(124621163998): object was freed before callback; returning Nil.
    [369] <engine-1>[GdPAI] ObjectRef(123983629752): object was freed before callback; returning Nil.
    [370] <engine-1>[GdPAI] ObjectRef(123983629752): object was freed before callback; returning Nil.
    [371] <engine-1>[GdPAI] ObjectRef(1382643928884): object was freed before callback; returning Nil.
    [372] <engine-1>[GdPAI] ObjectRef(1382643928884): object was freed before callback; returning Nil.
    [373] <engine-1>[GdPAI] ObjectRef(124621163998): object was freed before callback; returning Nil.
    [374] <engine-1>[GdPAI] ObjectRef(124134624705): object was freed before callback; returning Nil.
    [375] <engine-1>[GdPAI] ObjectRef(124134624705): object was freed before callback; returning Nil.
    [376] <engine-1>[GdPAI] ObjectRef(1382643928884): object was freed before callback; returning Nil.
    [377] <engine-1>[GdPAI] ObjectRef(1382643928884): object was freed before callback; returning Nil.
    [378] <engine-1>[GdPAI] ObjectRef(124621163998): object was freed before callback; returning Nil.
    [379] <engine-1>[GdPAI] ObjectRef(124134624705): object was freed before callback; returning Nil.
    [380] <engine-1>[GdPAI] ObjectRef(124134624705): object was freed before callback; returning Nil.
    [381] <engine-1>[GdPAI] ObjectRef(1382643928884): object was freed before callback; returning Nil.
    [382] <engine-1>[GdPAI] ObjectRef(124621163998): object was freed before callback; returning Nil.
    [383] <engine-1>[GdPAI] ObjectRef(1382643928884): object was freed before callback; returning Nil.
    [384] <engine-1>[GdPAI] ObjectRef(124621163998): object was freed before callback; returning Nil.
    [385] <engine-1>[GdPAI] ObjectRef(1382643928884): object was freed before callback; returning Nil.
    [386] <engine-1>[GdPAI] ObjectRef(1382157389614): object was freed before callback; returning Nil.
    [387] <engine-1>[GdPAI] ObjectRef(1382157389614): object was freed before callback; returning Nil.
    [388] <engine-1>[GdPAI] ObjectRef(124621163998): object was freed before callback; returning Nil.
    [389] <engine-1>[GdPAI] ObjectRef(124621163998): object was freed before callback; returning Nil.
    [390] <engine-1>[GdPAI] ObjectRef(1382643928884): object was freed before callback; returning Nil.
    [391] <engine-1>[GdPAI] ObjectRef(1382157389614): object was freed before callback; returning Nil.
    [392] <engine-1>[GdPAI] ObjectRef(1382157389614): object was freed before callback; returning Nil.
    [393] <engine-1>[GdPAI] ObjectRef(124621163998): object was freed before callback; returning Nil.
    [394] <engine-1>[GdPAI] ObjectRef(124621163998): object was freed before callback; returning Nil.
    [395] <engine-1>[GdPAI] ObjectRef(1382643928884): object was freed before callback; returning Nil.
    [396] <engine-1>[GdPAI] ObjectRef(1382157389614): object was freed before callback; returning Nil.
    [397] <engine-1>[GdPAI] ObjectRef(1382157389614): object was freed before callback; returning Nil.
    [398] <engine-1>[GdPAI] ObjectRef(124621163998): object was freed before callback; returning Nil.
    [399] <engine-1>[GdPAI] ObjectRef(124621163998): object was freed before callback; returning Nil.
    [400] <engine-1>[GdPAI] ObjectRef(1382643928884): object was freed before callback; returning Nil.
    [401] <engine-1>[GdPAI] ObjectRef(1382157389614): object was freed before callback; returning Nil.
    [402] <engine-1>[GdPAI] ObjectRef(1382157389614): object was freed before callback; returning Nil.
    [403] <engine-1>[GdPAI] ObjectRef(124621163998): object was freed before callback; returning Nil.
    [404] <engine-1>[GdPAI] ObjectRef(124621163998): object was freed before callback; returning Nil.
    [405] <engine-1>[GdPAI] ObjectRef(1382643928884): object was freed before callback; returning Nil.
    [406] <engine-1>[GdPAI] ObjectRef(124621163998): object was freed before callback; returning Nil.
    [407] <engine-1>[GdPAI] ObjectRef(124621163998): object was freed before callback; returning Nil.
    [408] <engine-1>[GdPAI] ObjectRef(1382643928884): object was freed before callback; returning Nil.
    [409] <engine-1>[GdPAI] ObjectRef(124621163998): object was freed before callback; returning Nil.
    [410] <engine-1>[GdPAI] ObjectRef(124621163998): object was freed before callback; returning Nil.
    [411] <engine-1>[GdPAI] ObjectRef(1382643928884): object was freed before callback; returning Nil.
    [412] <engine-1>[GdPAI] ObjectRef(1382643928884): object was freed before callback; returning Nil.
    [413] <engine-1>[GdPAI] ObjectRef(1383348571562): object was freed before callback; returning Nil.
    [414] <engine-1>[GdPAI] ObjectRef(1383348571562): object was freed before callback; returning Nil.
    [415] <engine-1>[GdPAI] ObjectRef(124621163998): object was freed before callback; returning Nil.
    [416] <engine-1>[GdPAI] ObjectRef(124621163998): object was freed before callback; returning Nil.
    [417] <engine-1>[GdPAI] ObjectRef(1382643928884): object was freed before callback; returning Nil.
    [418] <engine-1>[GdPAI] ObjectRef(1382643928884): object was freed before callback; returning Nil.
    [419] <engine-1>[GdPAI] ObjectRef(1383348571562): object was freed before callback; returning Nil.
    [420] <engine-1>[GdPAI] ObjectRef(1383348571562): object was freed before callback; returning Nil.
    [421] <engine-1>[GdPAI] ObjectRef(124621163998): object was freed before callback; returning Nil.
    [422] <engine-1>[GdPAI] ObjectRef(124621163998): object was freed before callback; returning Nil.
    [423] <engine-1>[GdPAI] ObjectRef(1382643928884): object was freed before callback; returning Nil.
    [424] <engine-1>[GdPAI] ObjectRef(1383348571562): object was freed before callback; returning Nil.
    [425] <engine-1>[GdPAI] ObjectRef(1383348571562): object was freed before callback; returning Nil.
    [426] <engine-1>[GdPAI] ObjectRef(124621163998): object was freed before callback; returning Nil.
    [427] <engine-1>[GdPAI] ObjectRef(124621163998): object was freed before callback; returning Nil.
    [428] <engine-1>[GdPAI] ObjectRef(1382643928884): object was freed before callback; returning Nil.
    [429] <engine-1>[GdPAI] ObjectRef(1383348571562): object was freed before callback; returning Nil.
    [430] <engine-1>[GdPAI] ObjectRef(1383348571562): object was freed before callback; returning Nil.
    [431] <engine-1>[GdPAI] ObjectRef(124621163998): object was freed before callback; returning Nil.
    [432] <engine-1>[GdPAI] ObjectRef(124621163998): object was freed before callback; returning Nil.
    [433] <engine-1>[GdPAI] ObjectRef(1382643928884): object was freed before callback; returning Nil.
    [434] <engine-1>[GdPAI] ObjectRef(1382157389614): object was freed before callback; returning Nil.
    [435] <engine-1>[GdPAI] ObjectRef(1382157389614): object was freed before callback; returning Nil.
    [436] <engine-1>[GdPAI] ObjectRef(124621163998): object was freed before callback; returning Nil.
    [437] <engine-1>[GdPAI] ObjectRef(124621163998): object was freed before callback; returning Nil.
    [438] <engine-1>[GdPAI] ObjectRef(1382643928884): object was freed before callback; returning Nil.
    [439] <engine-1>[GdPAI] ObjectRef(1382157389614): object was freed before callback; returning Nil.
    [440] <engine-1>[GdPAI] ObjectRef(1382157389614): object was freed before callback; returning Nil.
    [441] <engine-1>[GdPAI] ObjectRef(124621163998): object was freed before callback; returning Nil.
    [442] <engine-1>[GdPAI] ObjectRef(124621163998): object was freed before callback; returning Nil.
    [443] <engine-1>[GdPAI] ObjectRef(1382643928884): object was freed before callback; returning Nil.
    [444] <engine-1>[GdPAI] ObjectRef(1382157389614): object was freed before callback; returning Nil.
    [445] <engine-1>[GdPAI] ObjectRef(1382157389614): object was freed before callback; returning Nil.
    [446] <engine-1>[GdPAI] ObjectRef(124621163998): object was freed before callback; returning Nil.
    [447] <engine-1>[GdPAI] ObjectRef(124621163998): object was freed before callback; returning Nil.
    [448] <engine-1>[GdPAI] ObjectRef(1382643928884): object was freed before callback; returning Nil.
    [449] <engine-1>[GdPAI] ObjectRef(1382157389614): object was freed before callback; returning Nil.
    [450] <engine-1>[GdPAI] ObjectRef(1382157389614): object was freed before callback; returning Nil.
    [451] <engine-1>[GdPAI] ObjectRef(124621163998): object was freed before callback; returning Nil.
    [452] <engine-1>[GdPAI] ObjectRef(124621163998): object was freed before callback; returning Nil.
    [453] <engine-1>[GdPAI] ObjectRef(1382643928884): object was freed before callback; returning Nil.
    [454] <engine-1>[GdPAI] ObjectRef(124621163998): object was freed before callback; returning Nil.
    [455] <engine-1>[GdPAI] ObjectRef(124621163998): object was freed before callback; returning Nil.
    [456] <engine-1>[GdPAI] ObjectRef(1382643928884): object was freed before callback; returning Nil.
    [457] <engine-1>[GdPAI] ObjectRef(124621163998): object was freed before callback; returning Nil.
    [458] <engine-1>[GdPAI] ObjectRef(124621163998): object was freed before callback; returning Nil.
    [459] <engine-1>[GdPAI] ObjectRef(1382643928884): object was freed before callback; returning Nil.
    [460] <engine-1>[GdPAI] ObjectRef(1382643928884): object was freed before callback; returning Nil.
    [461] <engine-1>[GdPAI] ObjectRef(124621163998): object was freed before callback; returning Nil.
    [462] <engine-1>[GdPAI] ObjectRef(124621163998): object was freed before callback; returning Nil.
    [463] <engine-1>[GdPAI] ObjectRef(1382643928884): object was freed before callback; returning Nil.
    [464] <engine-1>[GdPAI] ObjectRef(1382643928884): object was freed before callback; returning Nil.
    [465] <engine-1>[GdPAI] ObjectRef(124621163998): object was freed before callback; returning Nil.
    [466] <engine-1>[GdPAI] ObjectRef(124621163998): object was freed before callback; returning Nil.
    [467] <engine-1>[GdPAI] ObjectRef(1382643928884): object was freed before callback; returning Nil.
    [468] <engine-1>[GdPAI] ObjectRef(124621163998): object was freed before callback; returning Nil.
    [469] <engine-1>[GdPAI] ObjectRef(124621163998): object was freed before callback; returning Nil.
    [470] <engine-1>[GdPAI] ObjectRef(1382643928884): object was freed before callback; returning Nil.
    [471] <engine-1>[GdPAI] ObjectRef(124621163998): object was freed before callback; returning Nil.
    [472] <engine-1>[GdPAI] ObjectRef(124621163998): object was freed before callback; returning Nil.
    [473] <engine-1>[GdPAI] ObjectRef(1382643928884): object was freed before callback; returning Nil.
    [474] <engine-1>[GdPAI] ObjectRef(1382157389614): object was freed before callback; returning Nil.
    [475] <engine-1>[GdPAI] ObjectRef(1382157389614): object was freed before callback; returning Nil.
    [476] <engine-1>[GdPAI] ObjectRef(124621163998): object was freed before callback; returning Nil.
    [477] <engine-1>[GdPAI] ObjectRef(124621163998): object was freed before callback; returning Nil.
    [478] <engine-1>[GdPAI] ObjectRef(1382643928884): object was freed before callback; returning Nil.
    [479] <engine-1>[GdPAI] ObjectRef(1382157389614): object was freed before callback; returning Nil.
    [480] <engine-1>[GdPAI] ObjectRef(1382157389614): object was freed before callback; returning Nil.
    [481] <engine-1>[GdPAI] ObjectRef(124621163998): object was freed before callback; returning Nil.
    [482] <engine-1>[GdPAI] ObjectRef(124621163998): object was freed before callback; returning Nil.
    [483] <engine-1>[GdPAI] ObjectRef(1382643928884): object was freed before callback; returning Nil.
    [484] <engine-1>[GdPAI] ObjectRef(1382157389614): object was freed before callback; returning Nil.
    [485] <engine-1>[GdPAI] ObjectRef(1382157389614): object was freed before callback; returning Nil.
    [486] <engine-1>[GdPAI] ObjectRef(124621163998): object was freed before callback; returning Nil.
    [487] <engine-1>[GdPAI] ObjectRef(124621163998): object was freed before callback; returning Nil.
    [488] <engine-1>[GdPAI] ObjectRef(1382643928884): object was freed before callback; returning Nil.
    [489] <engine-1>[GdPAI] ObjectRef(1382157389614): object was freed before callback; returning Nil.
    [490] <engine-1>[GdPAI] ObjectRef(1382157389614): object was freed before callback; returning Nil.
    [491] <engine-1>[GdPAI] ObjectRef(124621163998): object was freed before callback; returning Nil.
    [492] <engine-1>[GdPAI] ObjectRef(124621163998): object was freed before callback; returning Nil.
    [493] <engine-1>[GdPAI] ObjectRef(1382643928884): object was freed before callback; returning Nil.
    [494] <engine-1>[GdPAI] ObjectRef(124621163998): object was freed before callback; returning Nil.
    [495] <engine-1>[GdPAI] ObjectRef(124621163998): object was freed before callback; returning Nil.
    [496] <engine-1>[GdPAI] ObjectRef(1382643928884): object was freed before callback; returning Nil.
    [497] <engine-1>[GdPAI] ObjectRef(124621163998): object was freed before callback; returning Nil.
    [498] <engine-1>[GdPAI] ObjectRef(124621163998): object was freed before callback; returning Nil.
    [499] <engine-1>[GdPAI] ObjectRef(1382643928884): object was freed before callback; returning Nil.
    [500] <engine-1>[GdPAI] ObjectRef(1382643928884): object was freed before callback; returning Nil.
    [501] <engine-1>[GdPAI] ObjectRef(124621163998): object was freed before callback; returning Nil.
    [502] <engine-1>[GdPAI] ObjectRef(124621163998): object was freed before callback; returning Nil.
    [503] <engine-1>[GdPAI] ObjectRef(125510356497): object was freed before callback; returning Nil.
    [504] <engine-1>[GdPAI] ObjectRef(124587609564): object was freed before callback; returning Nil.
    [505] <engine-1>[GdPAI] ObjectRef(125510356497): object was freed before callback; returning Nil.
    [506] <engine-1>[GdPAI] ObjectRef(124587609564): object was freed before callback; returning Nil.
    [507] <engine-1>[GdPAI] ObjectRef(1382643928884): object was freed before callback; returning Nil.
    [508] <engine-1>[GdPAI] ObjectRef(1382643928884): object was freed before callback; returning Nil.
    [509] <engine-1>[GdPAI] ObjectRef(124621163998): object was freed before callback; returning Nil.
    [510] <engine-1>[GdPAI] ObjectRef(124621163998): object was freed before callback; returning Nil.
    [511] <engine-1>[GdPAI] ObjectRef(125510356497): object was freed before callback; returning Nil.
    [512] <engine-1>[GdPAI] ObjectRef(124587609564): object was freed before callback; returning Nil.
    [513] <engine-1>[GdPAI] ObjectRef(125510356497): object was freed before callback; returning Nil.
    [514] <engine-1>[GdPAI] ObjectRef(124587609564): object was freed before callback; returning Nil.
    [515] <engine-1>[GdPAI] ObjectRef(1382643928884): object was freed before callback; returning Nil.
    [516] <engine-1>[GdPAI] ObjectRef(124621163998): object was freed before callback; returning Nil.
    [517] <engine-1>[GdPAI] ObjectRef(124587609564): object was freed before callback; returning Nil.
    [518] <engine-1>[GdPAI] ObjectRef(124587609564): object was freed before callback; returning Nil.
    [519] <engine-1>[GdPAI] ObjectRef(1382643928884): object was freed before callback; returning Nil.
    [520] <engine-1>[GdPAI] ObjectRef(124621163998): object was freed before callback; returning Nil.
    [521] <engine-1>[GdPAI] ObjectRef(124587609564): object was freed before callback; returning Nil.
    [522] <engine-1>[GdPAI] ObjectRef(124587609564): object was freed before callback; returning Nil.
    [523] <engine-1>[GdPAI] ObjectRef(1382643928884): object was freed before callback; returning Nil.
    [524] <engine-1>[GdPAI] ObjectRef(1382157389614): object was freed before callback; returning Nil.
    [525] <engine-1>[GdPAI] ObjectRef(1382157389614): object was freed before callback; returning Nil.
    [526] <engine-1>[GdPAI] ObjectRef(124621163998): object was freed before callback; returning Nil.
    [527] <engine-1>[GdPAI] ObjectRef(125510356497): object was freed before callback; returning Nil.
    [528] <engine-1>[GdPAI] ObjectRef(125510356497): object was freed before callback; returning Nil.
    [529] <engine-1>[GdPAI] ObjectRef(1382643928884): object was freed before callback; returning Nil.
    [530] <engine-1>[GdPAI] ObjectRef(1382157389614): object was freed before callback; returning Nil.
    [531] <engine-1>[GdPAI] ObjectRef(1382157389614): object was freed before callback; returning Nil.
    [532] <engine-1>[GdPAI] ObjectRef(124621163998): object was freed before callback; returning Nil.
    [533] <engine-1>[GdPAI] ObjectRef(125510356497): object was freed before callback; returning Nil.
    [534] <engine-1>[GdPAI] ObjectRef(125510356497): object was freed before callback; returning Nil.
    [535] <engine-1>[GdPAI] ObjectRef(1382643928884): object was freed before callback; returning Nil.
    [536] <engine-1>[GdPAI] ObjectRef(1382157389614): object was freed before callback; returning Nil.
    [537] <engine-1>[GdPAI] ObjectRef(1382157389614): object was freed before callback; returning Nil.
    [538] <engine-1>[GdPAI] ObjectRef(124621163998): object was freed before callback; returning Nil.
    [539] <engine-1>[GdPAI] ObjectRef(124134624705): object was freed before callback; returning Nil.
    [540] <engine-1>[GdPAI] ObjectRef(124134624705): object was freed before callback; returning Nil.
    [541] <engine-1>[GdPAI] ObjectRef(1382643928884): object was freed before callback; returning Nil.
    [542] <engine-1>[GdPAI] ObjectRef(1382157389614): object was freed before callback; returning Nil.
    [543] <engine-1>[GdPAI] ObjectRef(1382157389614): object was freed before callback; returning Nil.
    [544] <engine-1>[GdPAI] ObjectRef(124621163998): object was freed before callback; returning Nil.
    [545] <engine-1>[GdPAI] ObjectRef(124134624705): object was freed before callback; returning Nil.
    [546] <engine-1>[GdPAI] ObjectRef(124134624705): object was freed before callback; returning Nil.
    [547] <engine-1>[GdPAI] ObjectRef(1382643928884): object was freed before callback; returning Nil.
    [548] <engine-1>[GdPAI] ObjectRef(124621163998): object was freed before callback; returning Nil.
    [549] <engine-1>[GdPAI] ObjectRef(124134624705): object was freed before callback; returning Nil.
    [550] <engine-1>[GdPAI] ObjectRef(124134624705): object was freed before callback; returning Nil.
    [551] <engine-1>[GdPAI] ObjectRef(1382643928884): object was freed before callback; returning Nil.
    [552] <engine-1>[GdPAI] ObjectRef(124621163998): object was freed before callback; returning Nil.
    [553] <engine-1>[GdPAI] ObjectRef(124134624705): object was freed before callback; returning Nil.
    [554] <engine-1>[GdPAI] ObjectRef(124134624705): object was freed before callback; returning Nil.
    [555] <engine-1>[GdPAI] ObjectRef(1382643928884): object was freed before callback; returning Nil.
    [556] <engine-1>[GdPAI] ObjectRef(1382643928884): object was freed before callback; returning Nil.
    [557] <engine-1>[GdPAI] ObjectRef(124621163998): object was freed before callback; returning Nil.
    [558] <engine-1>[GdPAI] ObjectRef(1382643928884): object was freed before callback; returning Nil.
    [559] <engine-1>[GdPAI] ObjectRef(1382643928884): object was freed before callback; returning Nil.
    [560] <engine-1>[GdPAI] ObjectRef(124621163998): object was freed before callback; returning Nil.
    [561] <engine-1>[GdPAI] ObjectRef(1382643928884): object was freed before callback; returning Nil.
    [562] <engine-1>[GdPAI] ObjectRef(124621163998): object was freed before callback; returning Nil.
    [563] <engine-1>[GdPAI] ObjectRef(124621163998): object was freed before callback; returning Nil.
    [564] <engine-1>[GdPAI] ObjectRef(1382643928884): object was freed before callback; returning Nil.
    [565] <engine-1>[GdPAI] ObjectRef(124621163998): object was freed before callback; returning Nil.
    [566] <engine-1>[GdPAI] ObjectRef(124621163998): object was freed before callback; returning Nil.
    [567] <engine-1>[GdPAI] ObjectRef(1382643928884): object was freed before callback; returning Nil.
    [568] <engine-1>[GdPAI] ObjectRef(1382157389614): object was freed before callback; returning Nil.
    [569] <engine-1>[GdPAI] ObjectRef(1382157389614): object was freed before callback; returning Nil.
    [570] <engine-1>[GdPAI] ObjectRef(124621163998): object was freed before callback; returning Nil.
    [571] <engine-1>[GdPAI] ObjectRef(1382643928884): object was freed before callback; returning Nil.
    [572] <engine-1>[GdPAI] ObjectRef(1382157389614): object was freed before callback; returning Nil.
    [573] <engine-1>[GdPAI] ObjectRef(1382157389614): object was freed before callback; returning Nil.
    [574] <engine-1>[GdPAI] ObjectRef(124621163998): object was freed before callback; returning Nil.
    [575] <engine-1>[GdPAI] ObjectRef(1382643928884): object was freed before callback; returning Nil.
    [576] <engine-1>[GdPAI] ObjectRef(1382157389614): object was freed before callback; returning Nil.
    [577] <engine-1>[GdPAI] ObjectRef(1382157389614): object was freed before callback; returning Nil.
    [578] <engine-1>[GdPAI] ObjectRef(124621163998): object was freed before callback; returning Nil.
    [579] <engine-1>[GdPAI] ObjectRef(1382643928884): object was freed before callback; returning Nil.
    [580] <engine-1>[GdPAI] ObjectRef(1382157389614): object was freed before callback; returning Nil.
    [581] <engine-1>[GdPAI] ObjectRef(1382157389614): object was freed before callback; returning Nil.
    [582] <engine-1>[GdPAI] ObjectRef(124621163998): object was freed before callback; returning Nil.
    [583] <engine-1>[GdPAI] ObjectRef(1382643928884): object was freed before callback; returning Nil.
    [584] <engine-1>[GdPAI] ObjectRef(124621163998): object was freed before callback; returning Nil.
    [585] <engine-1>[GdPAI] ObjectRef(124134624705): object was freed before callback; returning Nil.
    [586] <engine-1>[GdPAI] ObjectRef(124134624705): object was freed before callback; returning Nil.
    [587] <engine-1>[GdPAI] ObjectRef(1382643928884): object was freed before callback; returning Nil.
    [588] <engine-1>[GdPAI] ObjectRef(124621163998): object was freed before callback; returning Nil.
    [589] <engine-1>[GdPAI] ObjectRef(124134624705): object was freed before callback; returning Nil.
    [590] <engine-1>[GdPAI] ObjectRef(124134624705): object was freed before callback; returning Nil.
    [591] <engine-1>[GdPAI] ObjectRef(1382643928884): object was freed before callback; returning Nil.
    [592] <engine-1>[GdPAI] ObjectRef(1382643928884): object was freed before callback; returning Nil.
    [593] <engine-1>[GdPAI] ObjectRef(124621163998): object was freed before callback; returning Nil.
    [594] <engine-1>[GdPAI] ObjectRef(124134624705): object was freed before callback; returning Nil.
    [595] <engine-1>[GdPAI] ObjectRef(124134624705): object was freed before callback; returning Nil.
    [596] <engine-1>[GdPAI] ObjectRef(1382643928884): object was freed before callback; returning Nil.
    [597] <engine-1>[GdPAI] ObjectRef(1382643928884): object was freed before callback; returning Nil.
    [598] <engine-1>[GdPAI] ObjectRef(124621163998): object was freed before callback; returning Nil.
    [599] <engine-1>[GdPAI] ObjectRef(124134624705): object was freed before callback; returning Nil.
    [600] <engine-1>[GdPAI] ObjectRef(124134624705): object was freed before callback; returning Nil.
    [601] <engine-1>[GdPAI] ObjectRef(1382643928884): object was freed before callback; returning Nil.
    [602] <engine-1>[GdPAI] ObjectRef(124621163998): object was freed before callback; returning Nil.
    [603] <engine-1>[GdPAI] ObjectRef(1382643928884): object was freed before callback; returning Nil.
    [604] <engine-1>[GdPAI] ObjectRef(124621163998): object was freed before callback; returning Nil.
    [605] <engine-1>[GdPAI] ObjectRef(1382643928884): object was freed before callback; returning Nil.
    [606] <engine-1>[GdPAI] ObjectRef(1382157389614): object was freed before callback; returning Nil.
    [607] <engine-1>[GdPAI] ObjectRef(1382157389614): object was freed before callback; returning Nil.
    [608] <engine-1>[GdPAI] ObjectRef(124621163998): object was freed before callback; returning Nil.
    [609] <engine-1>[GdPAI] ObjectRef(124621163998): object was freed before callback; returning Nil.
    [610] <engine-1>[GdPAI] ObjectRef(125510356497): object was freed before callback; returning Nil.
    [611] <engine-1>[GdPAI] ObjectRef(124587609564): object was freed before callback; returning Nil.
    [612] <engine-1>[GdPAI] ObjectRef(125510356497): object was freed before callback; returning Nil.
    [613] <engine-1>[GdPAI] ObjectRef(124587609564): object was freed before callback; returning Nil.
    [614] <engine-1>[GdPAI] ObjectRef(1382643928884): object was freed before callback; returning Nil.
    [615] <engine-1>[GdPAI] ObjectRef(1382157389614): object was freed before callback; returning Nil.
    [616] <engine-1>[GdPAI] ObjectRef(1382157389614): object was freed before callback; returning Nil.
    [617] <engine-1>[GdPAI] ObjectRef(124621163998): object was freed before callback; returning Nil.
    [618] <engine-1>[GdPAI] ObjectRef(124621163998): object was freed before callback; returning Nil.
    [619] <engine-1>[GdPAI] ObjectRef(125510356497): object was freed before callback; returning Nil.
    [620] <engine-1>[GdPAI] ObjectRef(124587609564): object was freed before callback; returning Nil.
    [621] <engine-1>[GdPAI] ObjectRef(125510356497): object was freed before callback; returning Nil.
    [622] <engine-1>[GdPAI] ObjectRef(124587609564): object was freed before callback; returning Nil.
    [623] <engine-1>[GdPAI] ObjectRef(1382643928884): object was freed before callback; returning Nil.
    [624] <engine-1>[GdPAI] ObjectRef(1382157389614): object was freed before callback; returning Nil.
    [625] <engine-1>[GdPAI] ObjectRef(1382157389614): object was freed before callback; returning Nil.
    [626] <engine-1>[GdPAI] ObjectRef(124621163998): object was freed before callback; returning Nil.
    [627] <engine-1>[GdPAI] ObjectRef(124587609564): object was freed before callback; returning Nil.
    [628] <engine-1>[GdPAI] ObjectRef(124587609564): object was freed before callback; returning Nil.
    [629] <engine-1>[GdPAI] ObjectRef(1382643928884): object was freed before callback; returning Nil.
    [630] <engine-1>[GdPAI] ObjectRef(1382157389614): object was freed before callback; returning Nil.
    [631] <engine-1>[GdPAI] ObjectRef(1382157389614): object was freed before callback; returning Nil.
    [632] <engine-1>[GdPAI] ObjectRef(124621163998): object was freed before callback; returning Nil.
    [633] <engine-1>[GdPAI] ObjectRef(124587609564): object was freed before callback; returning Nil.
    [634] <engine-1>[GdPAI] ObjectRef(124587609564): object was freed before callback; returning Nil.
    [635] <engine-1>[GdPAI] ObjectRef(1382643928884): object was freed before callback; returning Nil.
    [636] <engine-1>[GdPAI] ObjectRef(124621163998): object was freed before callback; returning Nil.
    [637] <engine-1>[GdPAI] ObjectRef(125510356497): object was freed before callback; returning Nil.
    [638] <engine-1>[GdPAI] ObjectRef(125510356497): object was freed before callback; returning Nil.
    [639] <engine-1>[GdPAI] ObjectRef(1382643928884): object was freed before callback; returning Nil.
    [640] <engine-1>[GdPAI] ObjectRef(124621163998): object was freed before callback; returning Nil.
    [641] <engine-1>[GdPAI] ObjectRef(125510356497): object was freed before callback; returning Nil.
    [642] <engine-1>[GdPAI] ObjectRef(125510356497): object was freed before callback; returning Nil.
    [643] <engine-1>[GdPAI] ObjectRef(1382643928884): object was freed before callback; returning Nil.
    [644] <engine-1>[GdPAI] ObjectRef(1382643928884): object was freed before callback; returning Nil.
    [645] <engine-1>[GdPAI] ObjectRef(124621163998): object was freed before callback; returning Nil.
    [646] <engine-1>[GdPAI] ObjectRef(124134624705): object was freed before callback; returning Nil.
    [647] <engine-1>[GdPAI] ObjectRef(124134624705): object was freed before callback; returning Nil.
    [648] <engine-1>[GdPAI] ObjectRef(1382643928884): object was freed before callback; returning Nil.
    [649] <engine-1>[GdPAI] ObjectRef(1382643928884): object was freed before callback; returning Nil.
    [650] <engine-1>[GdPAI] ObjectRef(124621163998): object was freed before callback; returning Nil.
    [651] <engine-1>[GdPAI] ObjectRef(124134624705): object was freed before callback; returning Nil.
    [652] <engine-1>[GdPAI] ObjectRef(124134624705): object was freed before callback; returning Nil.
    [653] <engine-1>[GdPAI] ObjectRef(1382643928884): object was freed before callback; returning Nil.
    [654] <engine-1>[GdPAI] ObjectRef(124621163998): object was freed before callback; returning Nil.
    [655] <engine-1>[GdPAI] ObjectRef(124134624705): object was freed before callback; returning Nil.
    [656] <engine-1>[GdPAI] ObjectRef(124134624705): object was freed before callback; returning Nil.
    [657] <engine-1>[GdPAI] ObjectRef(1382643928884): object was freed before callback; returning Nil.
    [658] <engine-1>[GdPAI] ObjectRef(124621163998): object was freed before callback; returning Nil.
    [659] <engine-1>[GdPAI] ObjectRef(124134624705): object was freed before callback; returning Nil.
    [660] <engine-1>[GdPAI] ObjectRef(124134624705): object was freed before callback; returning Nil.
    [661] <engine-1>[GdPAI] ObjectRef(1382643928884): object was freed before callback; returning Nil.
    [662] <engine-1>[GdPAI] ObjectRef(1382157389614): object was freed before callback; returning Nil.
    [663] <engine-1>[GdPAI] ObjectRef(1382157389614): object was freed before callback; returning Nil.
    [664] <engine-1>[GdPAI] ObjectRef(124621163998): object was freed before callback; returning Nil.
    [665] <engine-1>[GdPAI] ObjectRef(1382643928884): object was freed before callback; returning Nil.
    [666] <engine-1>[GdPAI] ObjectRef(1382157389614): object was freed before callback; returning Nil.
    [667] <engine-1>[GdPAI] ObjectRef(1382157389614): object was freed before callback; returning Nil.
    [668] <engine-1>[GdPAI] ObjectRef(124621163998): object was freed before callback; returning Nil.
    [669] <engine-1>[GdPAI] ObjectRef(1382643928884): object was freed before callback; returning Nil.
    [670] <engine-1>[GdPAI] ObjectRef(1382157389614): object was freed before callback; returning Nil.
    [671] <engine-1>[GdPAI] ObjectRef(1382157389614): object was freed before callback; returning Nil.
    [672] <engine-1>[GdPAI] ObjectRef(124621163998): object was freed before callback; returning Nil.
    [673] <engine-1>[GdPAI] ObjectRef(124621163998): object was freed before callback; returning Nil.
    [674] <engine-1>[GdPAI] ObjectRef(1382643928884): object was freed before callback; returning Nil.
    [675] <engine-1>[GdPAI] ObjectRef(1382157389614): object was freed before callback; returning Nil.
    [676] <engine-1>[GdPAI] ObjectRef(1382157389614): object was freed before callback; returning Nil.
    [677] <engine-1>[GdPAI] ObjectRef(124621163998): object was freed before callback; returning Nil.
    [678] <engine-1>[GdPAI] ObjectRef(124621163998): object was freed before callback; returning Nil.
    [679] <engine-1>[GdPAI] ObjectRef(1382643928884): object was freed before callback; returning Nil.
    [680] <engine-1>[GdPAI] ObjectRef(124621163998): object was freed before callback; returning Nil.
    [681] <engine-1>[GdPAI] ObjectRef(1382643928884): object was freed before callback; returning Nil.
    [682] <engine-1>[GdPAI] ObjectRef(124621163998): object was freed before callback; returning Nil.
    [683] <engine-1>[GdPAI] ObjectRef(1382643928884): object was freed before callback; returning Nil.
    [684] <engine-1>[GdPAI] ObjectRef(1382643928884): object was freed before callback; returning Nil.
    [685] <engine-1>[GdPAI] ObjectRef(124621163998): object was freed before callback; returning Nil.
    [686] <engine-1>[GdPAI] ObjectRef(1382643928884): object was freed before callback; returning Nil.
    [687] <engine-1>[GdPAI] ObjectRef(1382643928884): object was freed before callback; returning Nil.
    [688] <engine-1>[GdPAI] ObjectRef(124621163998): object was freed before callback; returning Nil.
    [689] <engine-1>[GdPAI] ObjectRef(1382643928884): object was freed before callback; returning Nil.
    [690] <engine-1>[GdPAI] ObjectRef(1382643928884): object was freed before callback; returning Nil.
    [691] <engine-1>[GdPAI] ObjectRef(124621163998): object was freed before callback; returning Nil.
    [692] <engine-1>[GdPAI] ObjectRef(124134624705): object was freed before callback; returning Nil.
    [693] <engine-1>[GdPAI] ObjectRef(124134624705): object was freed before callback; returning Nil.
    [694] <engine-1>[GdPAI] ObjectRef(1382643928884): object was freed before callback; returning Nil.
    [695] <engine-1>[GdPAI] ObjectRef(1382643928884): object was freed before callback; returning Nil.
    [696] <engine-1>[GdPAI] ObjectRef(124621163998): object was freed before callback; returning Nil.
    [697] <engine-1>[GdPAI] ObjectRef(124134624705): object was freed before callback; returning Nil.
    [698] <engine-1>[GdPAI] ObjectRef(124134624705): object was freed before callback; returning Nil.
    [699] <engine-1>[GdPAI] ObjectRef(1382643928884): object was freed before callback; returning Nil.
    [700] <engine-1>[GdPAI] ObjectRef(1382643928884): object was freed before callback; returning Nil.
    [701] <engine-1>[GdPAI] ObjectRef(124621163998): object was freed before callback; returning Nil.
    [702] <engine-1>[GdPAI] ObjectRef(124134624705): object was freed before callback; returning Nil.
    [703] <engine-1>[GdPAI] ObjectRef(124134624705): object was freed before callback; returning Nil.
    [704] <engine-1>[GdPAI] ObjectRef(1382643928884): object was freed before callback; returning Nil.
    [705] <engine-1>[GdPAI] ObjectRef(1382643928884): object was freed before callback; returning Nil.
    [706] <engine-1>[GdPAI] ObjectRef(124621163998): object was freed before callback; returning Nil.
    [707] <engine-1>[GdPAI] ObjectRef(124134624705): object was freed before callback; returning Nil.
    [708] <engine-1>[GdPAI] ObjectRef(124134624705): object was freed before callback; returning Nil.
    [709] <engine-1>[GdPAI] ObjectRef(1382643928884): object was freed before callback; returning Nil.
    [710] <engine-1>[GdPAI] ObjectRef(1382643928884): object was freed before callback; returning Nil.
    [711] <engine-1>[GdPAI] ObjectRef(124621163998): object was freed before callback; returning Nil.
    [712] <engine-1>[GdPAI] ObjectRef(1382643928884): object was freed before callback; returning Nil.
    [713] <engine-1>[GdPAI] ObjectRef(1382643928884): object was freed before callback; returning Nil.
    [714] <engine-1>[GdPAI] ObjectRef(124621163998): object was freed before callback; returning Nil.
    [715] <engine-1>[GdPAI] ObjectRef(1382643928884): object was freed before callback; returning Nil.
    [716] <engine-1>[GdPAI] ObjectRef(1382643928884): object was freed before callback; returning Nil.
    [717] <engine-1>[GdPAI] ObjectRef(124621163998): object was freed before callback; returning Nil.
    [718] <engine-1>[GdPAI] ObjectRef(124621163998): object was freed before callback; returning Nil.
    [719] <engine-1>[GdPAI] ObjectRef(1382643928884): object was freed before callback; returning Nil.
    [720] <engine-1>[GdPAI] ObjectRef(1382643928884): object was freed before callback; returning Nil.
    [721] <engine-1>[GdPAI] ObjectRef(124621163998): object was freed before callback; returning Nil.
    [722] <engine-1>[GdPAI] ObjectRef(124621163998): object was freed before callback; returning Nil.
    [723] <engine-1>[GdPAI] ObjectRef(1382643928884): object was freed before callback; returning Nil.
    [724] <engine-1>[GdPAI] ObjectRef(1382643928884): object was freed before callback; returning Nil.
    [725] <engine-1>[GdPAI] ObjectRef(124621163998): object was freed before callback; returning Nil.
    [726] <engine-1>[GdPAI] ObjectRef(1382643928884): object was freed before callback; returning Nil.
    [727] <engine-1>[GdPAI] ObjectRef(1382643928884): object was freed before callback; returning Nil.
    [728] <engine-1>[GdPAI] ObjectRef(124621163998): object was freed before callback; returning Nil.
    [729] <engine-1>[GdPAI] ObjectRef(1382643928884): object was freed before callback; returning Nil.
    [730] <engine-1>[GdPAI] ObjectRef(1382643928884): object was freed before callback; returning Nil.
    [731] <engine-1>[GdPAI] ObjectRef(124621163998): object was freed before callback; returning Nil.
    [732] <engine-1>[GdPAI] ObjectRef(1382643928884): object was freed before callback; returning Nil.
    [733] <engine-1>[GdPAI] ObjectRef(1382643928884): object was freed before callback; returning Nil.
    [734] <engine-1>[GdPAI] ObjectRef(124621163998): object was freed before callback; returning Nil.
    [735] <engine-1>[GdPAI] ObjectRef(1382643928884): object was freed before callback; returning Nil.
    [736] <engine-1>[GdPAI] ObjectRef(1382643928884): object was freed before callback; returning Nil.
    [737] <engine-1>[GdPAI] ObjectRef(124621163998): object was freed before callback; returning Nil.
    [738] <engine-1>[GdPAI] ObjectRef(124134624705): object was freed before callback; returning Nil.
    [739] <engine-1>[GdPAI] ObjectRef(124134624705): object was freed before callback; returning Nil.
    [740] <engine-1>[GdPAI] ObjectRef(1382643928884): object was freed before callback; returning Nil.
    [741] <engine-1>[GdPAI] ObjectRef(1382643928884): object was freed before callback; returning Nil.
    [742] <engine-1>[GdPAI] ObjectRef(124621163998): object was freed before callback; returning Nil.
    [743] <engine-1>[GdPAI] ObjectRef(124134624705): object was freed before callback; returning Nil.
    [744] <engine-1>[GdPAI] ObjectRef(124134624705): object was freed before callback; returning Nil.
    [745] <engine-1>[GdPAI] ObjectRef(1382643928884): object was freed before callback; returning Nil.
    [746] <engine-1>[GdPAI] ObjectRef(1382643928884): object was freed before callback; returning Nil.
    [747] <engine-1>[GdPAI] ObjectRef(124621163998): object was freed before callback; returning Nil.
    [748] <engine-1>[GdPAI] ObjectRef(124134624705): object was freed before callback; returning Nil.
    [749] <engine-1>[GdPAI] ObjectRef(124134624705): object was freed before callback; returning Nil.
    [750] <engine-1>[GdPAI] ObjectRef(1382643928884): object was freed before callback; returning Nil.
    [751] <engine-1>[GdPAI] ObjectRef(1382643928884): object was freed before callback; returning Nil.
    [752] <engine-1>[GdPAI] ObjectRef(124621163998): object was freed before callback; returning Nil.
    [753] <engine-1>[GdPAI] ObjectRef(124134624705): object was freed before callback; returning Nil.
    [754] <engine-1>[GdPAI] ObjectRef(124134624705): object was freed before callback; returning Nil.
    [755] <engine-1>[GdPAI] ObjectRef(1382643928884): object was freed before callback; returning Nil.
    [756] <engine-1>[GdPAI] ObjectRef(1382643928884): object was freed before callback; returning Nil.
    [757] <engine-1>[GdPAI] ObjectRef(124621163998): object was freed before callback; returning Nil.
    [758] <engine-1>[GdPAI] ObjectRef(1382643928884): object was freed before callback; returning Nil.
    [759] <engine-1>[GdPAI] ObjectRef(1382643928884): object was freed before callback; returning Nil.
    [760] <engine-1>[GdPAI] ObjectRef(124621163998): object was freed before callback; returning Nil.
    [761] <engine-1>[GdPAI] ObjectRef(1382643928884): object was freed before callback; returning Nil.
    [762] <engine-1>[GdPAI] ObjectRef(1382643928884): object was freed before callback; returning Nil.
    [763] <engine-1>[GdPAI] ObjectRef(124621163998): object was freed before callback; returning Nil.
    [764] <engine-1>[GdPAI] ObjectRef(124621163998): object was freed before callback; returning Nil.
    [765] <engine-1>[GdPAI] ObjectRef(1382643928884): object was freed before callback; returning Nil.
    [766] <engine-1>[GdPAI] ObjectRef(1382643928884): object was freed before callback; returning Nil.
    [767] <engine-1>[GdPAI] ObjectRef(124621163998): object was freed before callback; returning Nil.
    [768] <engine-1>[GdPAI] ObjectRef(124621163998): object was freed before callback; returning Nil.
    [769] <engine-1>[GdPAI] ObjectRef(1382643928884): object was freed before callback; returning Nil.
    [770] <engine-1>[GdPAI] ObjectRef(1382643928884): object was freed before callback; returning Nil.
    [771] <engine-1>[GdPAI] ObjectRef(124621163998): object was freed before callback; returning Nil.
    [772] <engine-1>[GdPAI] ObjectRef(1382643928884): object was freed before callback; returning Nil.
    [773] <engine-1>[GdPAI] ObjectRef(1382643928884): object was freed before callback; returning Nil.
    [774] <engine-1>[GdPAI] ObjectRef(124621163998): object was freed before callback; returning Nil.
    [775] <engine-1>[GdPAI] ObjectRef(1382643928884): object was freed before callback; returning Nil.
    [776] <engine-1>[GdPAI] ObjectRef(1382643928884): object was freed before callback; returning Nil.
    [777] <engine-1>[GdPAI] ObjectRef(124621163998): object was freed before callback; returning Nil.
    [778] <engine-1>[GdPAI] ObjectRef(1382643928884): object was freed before callback; returning Nil.
    [779] <engine-1>[GdPAI] ObjectRef(1382643928884): object was freed before callback; returning Nil.
    [780] <engine-1>[GdPAI] ObjectRef(124621163998): object was freed before callback; returning Nil.
    [781] <engine-1>[GdPAI] ObjectRef(1382643928884): object was freed before callback; returning Nil.
    [782] <engine-1>[GdPAI] ObjectRef(1382643928884): object was freed before callback; returning Nil.
    [783] <engine-1>[GdPAI] ObjectRef(1383650561484): object was freed before callback; returning Nil.
    [784] <engine-1>[GdPAI] ObjectRef(1383650561484): object was freed before callback; returning Nil.
    [785] <engine-1>[GdPAI] ObjectRef(124621163998): object was freed before callback; returning Nil.
    [786] <engine-1>[GdPAI] ObjectRef(124134624705): object was freed before callback; returning Nil.
    [787] <engine-1>[GdPAI] ObjectRef(124134624705): object was freed before callback; returning Nil.
    [788] <engine-1>[GdPAI] ObjectRef(1382643928884): object was freed before callback; returning Nil.
    [789] <engine-1>[GdPAI] ObjectRef(1382643928884): object was freed before callback; returning Nil.
    [790] <engine-1>[GdPAI] ObjectRef(1383650561484): object was freed before callback; returning Nil.
    [791] <engine-1>[GdPAI] ObjectRef(1383650561484): object was freed before callback; returning Nil.
    [792] <engine-1>[GdPAI] ObjectRef(124621163998): object was freed before callback; returning Nil.
    [793] <engine-1>[GdPAI] ObjectRef(124134624705): object was freed before callback; returning Nil.
    [794] <engine-1>[GdPAI] ObjectRef(124134624705): object was freed before callback; returning Nil.
    [795] <engine-1>[GdPAI] ObjectRef(1382643928884): object was freed before callback; returning Nil.
    [796] <engine-1>[GdPAI] ObjectRef(1383650561484): object was freed before callback; returning Nil.
    [797] <engine-1>[GdPAI] ObjectRef(1383650561484): object was freed before callback; returning Nil.
    [798] <engine-1>[GdPAI] ObjectRef(124621163998): object was freed before callback; returning Nil.
    [799] <engine-1>[GdPAI] ObjectRef(124134624705): object was freed before callback; returning Nil.
    [800] <engine-1>[GdPAI] ObjectRef(124134624705): object was freed before callback; returning Nil.
    [801] <engine-1>[GdPAI] ObjectRef(1382643928884): object was freed before callback; returning Nil.
    [802] <engine-1>[GdPAI] ObjectRef(1383650561484): object was freed before callback; returning Nil.
    [803] <engine-1>[GdPAI] ObjectRef(1383650561484): object was freed before callback; returning Nil.
    [804] <engine-1>[GdPAI] ObjectRef(124621163998): object was freed before callback; returning Nil.
    [805] <engine-1>[GdPAI] ObjectRef(124134624705): object was freed before callback; returning Nil.
    [806] <engine-1>[GdPAI] ObjectRef(124134624705): object was freed before callback; returning Nil.
    [807] <engine-1>[GdPAI] ObjectRef(1382643928884): object was freed before callback; returning Nil.
    [808] <engine-1>[GdPAI] ObjectRef(1382157389614): object was freed before callback; returning Nil.
    [809] <engine-1>[GdPAI] ObjectRef(1382157389614): object was freed before callback; returning Nil.
    [810] <engine-1>[GdPAI] ObjectRef(124621163998): object was freed before callback; returning Nil.
    [811] <engine-1>[GdPAI] ObjectRef(1382643928884): object was freed before callback; returning Nil.
    [812] <engine-1>[GdPAI] ObjectRef(1382157389614): object was freed before callback; returning Nil.
    [813] <engine-1>[GdPAI] ObjectRef(1382157389614): object was freed before callback; returning Nil.
    [814] <engine-1>[GdPAI] ObjectRef(124621163998): object was freed before callback; returning Nil.
    [815] <engine-1>[GdPAI] ObjectRef(1382643928884): object was freed before callback; returning Nil.
    [816] <engine-1>[GdPAI] ObjectRef(1382157389614): object was freed before callback; returning Nil.
    [817] <engine-1>[GdPAI] ObjectRef(1382157389614): object was freed before callback; returning Nil.
    [818] <engine-1>[GdPAI] ObjectRef(124621163998): object was freed before callback; returning Nil.
    [819] <engine-1>[GdPAI] ObjectRef(124621163998): object was freed before callback; returning Nil.
    [820] <engine-1>[GdPAI] ObjectRef(1382643928884): object was freed before callback; returning Nil.
    [821] <engine-1>[GdPAI] ObjectRef(1382157389614): object was freed before callback; returning Nil.
    [822] <engine-1>[GdPAI] ObjectRef(1382157389614): object was freed before callback; returning Nil.
    [823] <engine-1>[GdPAI] ObjectRef(124621163998): object was freed before callback; returning Nil.
    [824] <engine-1>[GdPAI] ObjectRef(124621163998): object was freed before callback; returning Nil.
    [825] <engine-1>[GdPAI] ObjectRef(1382643928884): object was freed before callback; returning Nil.
    [826] <engine-1>[GdPAI] ObjectRef(124621163998): object was freed before callback; returning Nil.
    [827] <engine-1>[GdPAI] ObjectRef(1382643928884): object was freed before callback; returning Nil.
    [828] <engine-1>[GdPAI] ObjectRef(124621163998): object was freed before callback; returning Nil.
    [829] <engine-1>[GdPAI] ObjectRef(1382643928884): object was freed before callback; returning Nil.
    [830] <engine-1>[GdPAI] ObjectRef(1382643928884): object was freed before callback; returning Nil.
    [831] <engine-1>[GdPAI] ObjectRef(124621163998): object was freed before callback; returning Nil.
    [832] <engine-1>[GdPAI] ObjectRef(1382643928884): object was freed before callback; returning Nil.
    [833] <engine-1>[GdPAI] ObjectRef(1382643928884): object was freed before callback; returning Nil.
    [834] <engine-1>[GdPAI] ObjectRef(124621163998): object was freed before callback; returning Nil.
    [835] <engine-1>[GdPAI] ObjectRef(1382643928884): object was freed before callback; returning Nil.
    [836] <engine-1>[GdPAI] ObjectRef(124621163998): object was freed before callback; returning Nil.
    [837] <engine-1>[GdPAI] ObjectRef(124134624705): object was freed before callback; returning Nil.
    [838] <engine-1>[GdPAI] ObjectRef(124134624705): object was freed before callback; returning Nil.
    [839] <engine-1>[GdPAI] ObjectRef(1382643928884): object was freed before callback; returning Nil.
    [840] <engine-1>[GdPAI] ObjectRef(124621163998): object was freed before callback; returning Nil.
    [841] <engine-1>[GdPAI] ObjectRef(124134624705): object was freed before callback; returning Nil.
    [842] <engine-1>[GdPAI] ObjectRef(124134624705): object was freed before callback; returning Nil.
    [843] <engine-1>[GdPAI] ObjectRef(1382643928884): object was freed before callback; returning Nil.
    [844] <engine-1>[GdPAI] ObjectRef(1382157389614): object was freed before callback; returning Nil.
    [845] <engine-1>[GdPAI] ObjectRef(1382157389614): object was freed before callback; returning Nil.
    [846] <engine-1>[GdPAI] ObjectRef(124621163998): object was freed before callback; returning Nil.
    [847] <engine-1>[GdPAI] ObjectRef(124134624705): object was freed before callback; returning Nil.
    [848] <engine-1>[GdPAI] ObjectRef(124134624705): object was freed before callback; returning Nil.
    [849] <engine-1>[GdPAI] ObjectRef(1382643928884): object was freed before callback; returning Nil.
    [850] <engine-1>[GdPAI] ObjectRef(1382157389614): object was freed before callback; returning Nil.
    [851] <engine-1>[GdPAI] ObjectRef(1382157389614): object was freed before callback; returning Nil.
    [852] <engine-1>[GdPAI] ObjectRef(124621163998): object was freed before callback; returning Nil.
    [853] <engine-1>[GdPAI] ObjectRef(124134624705): object was freed before callback; returning Nil.
    [854] <engine-1>[GdPAI] ObjectRef(124134624705): object was freed before callback; returning Nil.
    [855] <engine-1>[GdPAI] ObjectRef(1382643928884): object was freed before callback; returning Nil.
    [856] <engine-1>[GdPAI] ObjectRef(1382157389614): object was freed before callback; returning Nil.
    [857] <engine-1>[GdPAI] ObjectRef(1382157389614): object was freed before callback; returning Nil.
    [858] <engine-1>[GdPAI] ObjectRef(124621163998): object was freed before callback; returning Nil.
    [859] <engine-1>[GdPAI] ObjectRef(1382643928884): object was freed before callback; returning Nil.
    [860] <engine-1>[GdPAI] ObjectRef(1382157389614): object was freed before callback; returning Nil.
    [861] <engine-1>[GdPAI] ObjectRef(1382157389614): object was freed before callback; returning Nil.
    [862] <engine-1>[GdPAI] ObjectRef(124621163998): object was freed before callback; returning Nil.
    [863] <engine-1>[GdPAI] ObjectRef(1382643928884): object was freed before callback; returning Nil.
    [864] <engine-1>[GdPAI] ObjectRef(124621163998): object was freed before callback; returning Nil.
    [865] <engine-1>[GdPAI] ObjectRef(124621163998): object was freed before callback; returning Nil.
    [866] <engine-1>[GdPAI] ObjectRef(1382643928884): object was freed before callback; returning Nil.
    [867] <engine-1>[GdPAI] ObjectRef(124621163998): object was freed before callback; returning Nil.
    [868] <engine-1>[GdPAI] ObjectRef(124621163998): object was freed before callback; returning Nil.
    [869] <engine-1>[GdPAI] ObjectRef(1382643928884): object was freed before callback; returning Nil.
    [870] <engine-1>[GdPAI] ObjectRef(1382643928884): object was freed before callback; returning Nil.
    [871] <engine-1>[GdPAI] ObjectRef(1383650561484): object was freed before callback; returning Nil.
    [872] <engine-1>[GdPAI] ObjectRef(1383650561484): object was freed before callback; returning Nil.
    [873] <engine-1>[GdPAI] ObjectRef(124621163998): object was freed before callback; returning Nil.
    [874] <engine-1>[GdPAI] ObjectRef(1382643928884): object was freed before callback; returning Nil.
    [875] <engine-1>[GdPAI] ObjectRef(1382643928884): object was freed before callback; returning Nil.
    [876] <engine-1>[GdPAI] ObjectRef(1383650561484): object was freed before callback; returning Nil.
    [877] <engine-1>[GdPAI] ObjectRef(1383650561484): object was freed before callback; returning Nil.
    [878] <engine-1>[GdPAI] ObjectRef(124621163998): object was freed before callback; returning Nil.
    [879] <engine-1>[GdPAI] ObjectRef(1382643928884): object was freed before callback; returning Nil.
    [880] <engine-1>[GdPAI] ObjectRef(1383650561484): object was freed before callback; returning Nil.
    [881] <engine-1>[GdPAI] ObjectRef(1383650561484): object was freed before callback; returning Nil.
    [882] <engine-1>[GdPAI] ObjectRef(124621163998): object was freed before callback; returning Nil.
    [883] <engine-1>[GdPAI] ObjectRef(1382643928884): object was freed before callback; returning Nil.
    [884] <engine-1>[GdPAI] ObjectRef(1383650561484): object was freed before callback; returning Nil.
    [885] <engine-1>[GdPAI] ObjectRef(1383650561484): object was freed before callback; returning Nil.
    [886] <engine-1>[GdPAI] ObjectRef(124621163998): object was freed before callback; returning Nil.
    [887] <engine-1>[GdPAI] ObjectRef(1382643928884): object was freed before callback; returning Nil.
    [888] <engine-1>[GdPAI] ObjectRef(1382157389614): object was freed before callback; returning Nil.
    [889] <engine-1>[GdPAI] ObjectRef(1382157389614): object was freed before callback; returning Nil.
    [890] <engine-1>[GdPAI] ObjectRef(124621163998): object was freed before callback; returning Nil.
    [891] <engine-1>[GdPAI] ObjectRef(124134624705): object was freed before callback; returning Nil.
    [892] <engine-1>[GdPAI] ObjectRef(124134624705): object was freed before callback; returning Nil.
    [893] <engine-1>[GdPAI] ObjectRef(1382643928884): object was freed before callback; returning Nil.
    [894] <engine-1>[GdPAI] ObjectRef(1382157389614): object was freed before callback; returning Nil.
    [895] <engine-1>[GdPAI] ObjectRef(1382157389614): object was freed before callback; returning Nil.
    [896] <engine-1>[GdPAI] ObjectRef(124621163998): object was freed before callback; returning Nil.
    [897] <engine-1>[GdPAI] ObjectRef(124134624705): object was freed before callback; returning Nil.
    [898] <engine-1>[GdPAI] ObjectRef(124134624705): object was freed before callback; returning Nil.
    [899] <engine-1>[GdPAI] ObjectRef(1382643928884): object was freed before callback; returning Nil.
    [900] <engine-1>[GdPAI] ObjectRef(1382157389614): object was freed before callback; returning Nil.
    [901] <engine-1>[GdPAI] ObjectRef(1382157389614): object was freed before callback; returning Nil.
    [902] <engine-1>[GdPAI] ObjectRef(124621163998): object was freed before callback; returning Nil.
    [903] <engine-1>[GdPAI] ObjectRef(124134624705): object was freed before callback; returning Nil.
    [904] <engine-1>[GdPAI] ObjectRef(124134624705): object was freed before callback; returning Nil.
    [905] <engine-1>[GdPAI] ObjectRef(1382643928884): object was freed before callback; returning Nil.
    [906] <engine-1>[GdPAI] ObjectRef(1382157389614): object was freed before callback; returning Nil.
    [907] <engine-1>[GdPAI] ObjectRef(1382157389614): object was freed before callback; returning Nil.
    [908] <engine-1>[GdPAI] ObjectRef(124621163998): object was freed before callback; returning Nil.
    [909] <engine-1>[GdPAI] ObjectRef(124134624705): object was freed before callback; returning Nil.
    [910] <engine-1>[GdPAI] ObjectRef(124134624705): object was freed before callback; returning Nil.
    [911] <engine-1>[GdPAI] ObjectRef(1382643928884): object was freed before callback; returning Nil.
    [912] <engine-1>[GdPAI] ObjectRef(124621163998): object was freed before callback; returning Nil.
    [913] <engine-1>[GdPAI] ObjectRef(1382643928884): object was freed before callback; returning Nil.
    [914] <engine-1>[GdPAI] ObjectRef(124621163998): object was freed before callback; returning Nil.
    [915] <engine-1>[GdPAI] ObjectRef(1382643928884): object was freed before callback; returning Nil.
    [916] <engine-1>[GdPAI] ObjectRef(1382643928884): object was freed before callback; returning Nil.
    [917] <engine-1>[GdPAI] ObjectRef(124621163998): object was freed before callback; returning Nil.
    [918] <engine-1>[GdPAI] ObjectRef(124621163998): object was freed before callback; returning Nil.
    [919] <engine-1>[GdPAI] ObjectRef(1382643928884): object was freed before callback; returning Nil.
    [920] <engine-1>[GdPAI] ObjectRef(1382643928884): object was freed before callback; returning Nil.
    [921] <engine-1>[GdPAI] ObjectRef(124621163998): object was freed before callback; returning Nil.
    [922] <engine-1>[GdPAI] ObjectRef(124621163998): object was freed before callback; returning Nil.
    [923] <engine-1>[GdPAI] ObjectRef(1382643928884): object was freed before callback; returning Nil.
    [924] <engine-1>[GdPAI] ObjectRef(124621163998): object was freed before callback; returning Nil.
    [925] <engine-1>[GdPAI] ObjectRef(124621163998): object was freed before callback; returning Nil.
    [926] <engine-1>[GdPAI] ObjectRef(1382643928884): object was freed before callback; returning Nil.
    [927] <engine-1>[GdPAI] ObjectRef(124621163998): object was freed before callback; returning Nil.
    [928] <engine-1>[GdPAI] ObjectRef(124621163998): object was freed before callback; returning Nil.
    [929] <engine-1>[GdPAI] ObjectRef(1382643928884): object was freed before callback; returning Nil.
    [930] <engine-1>[GdPAI] ObjectRef(1382157389614): object was freed before callback; returning Nil.
    [931] <engine-1>[GdPAI] ObjectRef(1382157389614): object was freed before callback; returning Nil.
    [932] <engine-1>[GdPAI] ObjectRef(124621163998): object was freed before callback; returning Nil.
    [933] <engine-1>[GdPAI] ObjectRef(124621163998): object was freed before callback; returning Nil.
    [934] <engine-1>[GdPAI] ObjectRef(1382643928884): object was freed before callback; returning Nil.
    [935] <engine-1>[GdPAI] ObjectRef(1382157389614): object was freed before callback; returning Nil.
    [936] <engine-1>[GdPAI] ObjectRef(1382157389614): object was freed before callback; returning Nil.
    [937] <engine-1>[GdPAI] ObjectRef(124621163998): object was freed before callback; returning Nil.
    [938] <engine-1>[GdPAI] ObjectRef(124621163998): object was freed before callback; returning Nil.
    [939] <engine-1>[GdPAI] ObjectRef(1382643928884): object was freed before callback; returning Nil.
    [940] <engine-1>[GdPAI] ObjectRef(1382157389614): object was freed before callback; returning Nil.
    [941] <engine-1>[GdPAI] ObjectRef(1382157389614): object was freed before callback; returning Nil.
    [942] <engine-1>[GdPAI] ObjectRef(124621163998): object was freed before callback; returning Nil.
    [943] <engine-1>[GdPAI] ObjectRef(124621163998): object was freed before callback; returning Nil.
    [944] <engine-1>[GdPAI] ObjectRef(1382643928884): object was freed before callback; returning Nil.
    [945] <engine-1>[GdPAI] ObjectRef(1382157389614): object was freed before callback; returning Nil.
    [946] <engine-1>[GdPAI] ObjectRef(1382157389614): object was freed before callback; returning Nil.
    [947] <engine-1>[GdPAI] ObjectRef(124621163998): object was freed before callback; returning Nil.
    [948] <engine-1>[GdPAI] ObjectRef(124621163998): object was freed before callback; returning Nil.
    [949] <engine-1>[GdPAI] ObjectRef(1382643928884): object was freed before callback; returning Nil.
    [950] <engine-1>[GdPAI] ObjectRef(124621163998): object was freed before callback; returning Nil.
    [951] <engine-1>[GdPAI] ObjectRef(124621163998): object was freed before callback; returning Nil.
    [952] <engine-1>[GdPAI] ObjectRef(1382643928884): object was freed before callback; returning Nil.
    [953] <engine-1>[GdPAI] ObjectRef(124621163998): object was freed before callback; returning Nil.
    [954] <engine-1>[GdPAI] ObjectRef(124621163998): object was freed before callback; returning Nil.
    [955] <engine-1>[GdPAI] ObjectRef(1382643928884): object was freed before callback; returning Nil.
    [956] <engine-1>[GdPAI] ObjectRef(1382643928884): object was freed before callback; returning Nil.
    [957] <engine-1>[GdPAI] ObjectRef(124621163998): object was freed before callback; returning Nil.
    [958] <engine-1>[GdPAI] ObjectRef(124621163998): object was freed before callback; returning Nil.
    [959] <engine-1>[GdPAI] ObjectRef(1382643928884): object was freed before callback; returning Nil.
    [960] <engine-1>[GdPAI] ObjectRef(1382643928884): object was freed before callback; returning Nil.
    [961] <engine-1>[GdPAI] ObjectRef(124621163998): object was freed before callback; returning Nil.
    [962] <engine-1>[GdPAI] ObjectRef(124621163998): object was freed before callback; returning Nil.
    [963] <engine-1>[GdPAI] ObjectRef(1382643928884): object was freed before callback; returning Nil.
    [964] <engine-1>[GdPAI] ObjectRef(124621163998): object was freed before callback; returning Nil.
    [965] <engine-1>[GdPAI] ObjectRef(124621163998): object was freed before callback; returning Nil.
    [966] <engine-1>[GdPAI] ObjectRef(1382643928884): object was freed before callback; returning Nil.
    [967] <engine-1>[GdPAI] ObjectRef(124621163998): object was freed before callback; returning Nil.
    [968] <engine-1>[GdPAI] ObjectRef(124621163998): object was freed before callback; returning Nil.
    [969] <engine-1>[GdPAI] ObjectRef(1382643928884): object was freed before callback; returning Nil.
    [970] <engine-1>[GdPAI] ObjectRef(1382157389614): object was freed before callback; returning Nil.
    [971] <engine-1>[GdPAI] ObjectRef(1382157389614): object was freed before callback; returning Nil.
    [972] <engine-1>[GdPAI] ObjectRef(124621163998): object was freed before callback; returning Nil.
    [973] <engine-1>[GdPAI] ObjectRef(124621163998): object was freed before callback; returning Nil.
    [974] <engine-1>[GdPAI] ObjectRef(1382643928884): object was freed before callback; returning Nil.
    [975] <engine-1>[GdPAI] ObjectRef(1382157389614): object was freed before callback; returning Nil.
    [976] <engine-1>[GdPAI] ObjectRef(1382157389614): object was freed before callback; returning Nil.
    [977] <engine-1>[GdPAI] ObjectRef(124621163998): object was freed before callback; returning Nil.
    [978] <engine-1>[GdPAI] ObjectRef(124621163998): object was freed before callback; returning Nil.
    [979] <engine-1>[GdPAI] ObjectRef(1382643928884): object was freed before callback; returning Nil.
    [980] <engine-1>[GdPAI] ObjectRef(1382157389614): object was freed before callback; returning Nil.
    [981] <engine-1>[GdPAI] ObjectRef(1382157389614): object was freed before callback; returning Nil.
    [982] <engine-1>[GdPAI] ObjectRef(124621163998): object was freed before callback; returning Nil.
    [983] <engine-1>[GdPAI] ObjectRef(124621163998): object was freed before callback; returning Nil.
    [984] <engine-1>[GdPAI] ObjectRef(1382643928884): object was freed before callback; returning Nil.
    [985] <engine-1>[GdPAI] ObjectRef(1382157389614): object was freed before callback; returning Nil.
    [986] <engine-1>[GdPAI] ObjectRef(1382157389614): object was freed before callback; returning Nil.
    [987] <engine-1>[GdPAI] ObjectRef(124621163998): object was freed before callback; returning Nil.
    [988] <engine-1>[GdPAI] ObjectRef(124621163998): object was freed before callback; returning Nil.
    [989] <engine-1>[GdPAI] ObjectRef(1382643928884): object was freed before callback; returning Nil.
    [990] <engine-1>[GdPAI] ObjectRef(124621163998): object was freed before callback; returning Nil.
    [991] <engine-1>[GdPAI] ObjectRef(124621163998): object was freed before callback; returning Nil.
    [992] <engine-1>[GdPAI] ObjectRef(1382643928884): object was freed before callback; returning Nil.
    [993] <engine-1>[GdPAI] ObjectRef(124621163998): object was freed before callback; returning Nil.
    [994] <engine-1>[GdPAI] ObjectRef(124621163998): object was freed before callback; returning Nil.
    [995] <engine-1>[GdPAI] ObjectRef(1382643928884): object was freed before callback; returning Nil.
    [996] <engine-1>[GdPAI] ObjectRef(1382643928884): object was freed before callback; returning Nil.
    [997] <engine-1>[GdPAI] ObjectRef(124621163998): object was freed before callback; returning Nil.
    [998] <engine-1>[GdPAI] ObjectRef(124621163998): object was freed before callback; returning Nil.
    [999] <engine-1>[GdPAI] ObjectRef(1382643928884): object was freed before callback; returning Nil.
    [1000] <engine-1>[GdPAI] ObjectRef(1382643928884): object was freed before callback; returning Nil.
    [1001] <engine-1>[GdPAI] ObjectRef(124621163998): object was freed before callback; returning Nil.
    [1002] <engine-1>[GdPAI] ObjectRef(124621163998): object was freed before callback; returning Nil.
    [1003] <engine-1>[GdPAI] ObjectRef(1382643928884): object was freed before callback; returning Nil.
    [1004] <engine-1>[GdPAI] ObjectRef(124621163998): object was freed before callback; returning Nil.
    [1005] <engine-1>[GdPAI] ObjectRef(124621163998): object was freed before callback; returning Nil.
    [1006] <engine-1>[GdPAI] ObjectRef(1382643928884): object was freed before callback; returning Nil.
    [1007] <engine-1>[GdPAI] ObjectRef(124621163998): object was freed before callback; returning Nil.
    [1008] <engine-1>[GdPAI] ObjectRef(124621163998): object was freed before callback; returning Nil.
    [1009] <engine-1>[GdPAI] ObjectRef(1382643928884): object was freed before callback; returning Nil.
    [1010] <engine-1>[GdPAI] ObjectRef(1382157389614): object was freed before callback; returning Nil.
    [1011] <engine-1>[GdPAI] ObjectRef(1382157389614): object was freed before callback; returning Nil.
    [1012] <engine-1>[GdPAI] ObjectRef(124621163998): object was freed before callback; returning Nil.
    [1013] <engine-1>[GdPAI] ObjectRef(124621163998): object was freed before callback; returning Nil.
    [1014] <engine-1>[GdPAI] ObjectRef(1382643928884): object was freed before callback; returning Nil.
    [1015] <engine-1>[GdPAI] ObjectRef(1382157389614): object was freed before callback; returning Nil.
    [1016] <engine-1>[GdPAI] ObjectRef(1382157389614): object was freed before callback; returning Nil.
    [1017] <engine-1>[GdPAI] ObjectRef(124621163998): object was freed before callback; returning Nil.
    [1018] <engine-1>[GdPAI] ObjectRef(124621163998): object was freed before callback; returning Nil.
    [1019] <engine-1>[GdPAI] ObjectRef(1382643928884): object was freed before callback; returning Nil.
    [1020] <engine-1>[GdPAI] ObjectRef(1382157389614): object was freed before callback; returning Nil.
    [1021] <engine-1>[GdPAI] ObjectRef(1382157389614): object was freed before callback; returning Nil.
    [1022] <engine-1>[GdPAI] ObjectRef(124621163998): object was freed before callback; returning Nil.
    [1023] <engine-1>[GdPAI] ObjectRef(124621163998): object was freed before callback; returning Nil.
    [1024] <engine-1>[GdPAI] ObjectRef(125359361544): object was freed before callback; returning Nil.
    [1025] <engine-1>[GdPAI] ObjectRef(124134624705): object was freed before callback; returning Nil.
    [1026] <engine-1>[GdPAI] ObjectRef(125359361544): object was freed before callback; returning Nil.
    [1027] <engine-1>[GdPAI] ObjectRef(124134624705): object was freed before callback; returning Nil.
    [1028] <engine-1>[GdPAI] ObjectRef(1382643928884): object was freed before callback; returning Nil.
    [1029] <engine-1>[GdPAI] ObjectRef(1382157389614): object was freed before callback; returning Nil.
    [1030] <engine-1>[GdPAI] ObjectRef(1382157389614): object was freed before callback; returning Nil.
    [1031] <engine-1>[GdPAI] ObjectRef(124621163998): object was freed before callback; returning Nil.
    [1032] <engine-1>[GdPAI] ObjectRef(124621163998): object was freed before callback; returning Nil.
    [1033] <engine-1>[GdPAI] ObjectRef(125359361544): object was freed before callback; returning Nil.
    [1034] <engine-1>[GdPAI] ObjectRef(124134624705): object was freed before callback; returning Nil.
    [1035] <engine-1>[GdPAI] ObjectRef(125359361544): object was freed before callback; returning Nil.
    [1036] <engine-1>[GdPAI] ObjectRef(124134624705): object was freed before callback; returning Nil.
    [1037] <engine-1>[GdPAI] ObjectRef(1382643928884): object was freed before callback; returning Nil.
    [1038] <engine-1>[GdPAI] ObjectRef(124621163998): object was freed before callback; returning Nil.
    [1039] <engine-1>[GdPAI] ObjectRef(124134624705): object was freed before callback; returning Nil.
    [1040] <engine-1>[GdPAI] ObjectRef(124134624705): object was freed before callback; returning Nil.
    [1041] <engine-1>[GdPAI] ObjectRef(1382643928884): object was freed before callback; returning Nil.
    [1042] <engine-1>[GdPAI] ObjectRef(124621163998): object was freed before callback; returning Nil.
    [1043] <engine-1>[GdPAI] ObjectRef(124134624705): object was freed before callback; returning Nil.
    [1044] <engine-1>[GdPAI] ObjectRef(124134624705): object was freed before callback; returning Nil.
    [1045] <engine-1>[GdPAI] ObjectRef(1382643928884): object was freed before callback; returning Nil.
    [1046] <engine-1>[GdPAI] ObjectRef(1382643928884): object was freed before callback; returning Nil.
    [1047] <engine-1>[GdPAI] ObjectRef(124621163998): object was freed before callback; returning Nil.
    [1048] <engine-1>[GdPAI] ObjectRef(125359361544): object was freed before callback; returning Nil.
    [1049] <engine-1>[GdPAI] ObjectRef(125359361544): object was freed before callback; returning Nil.
    [1050] <engine-1>[GdPAI] ObjectRef(1382643928884): object was freed before callback; returning Nil.
    [1051] <engine-1>[GdPAI] ObjectRef(1382643928884): object was freed before callback; returning Nil.
    [1052] <engine-1>[GdPAI] ObjectRef(124621163998): object was freed before callback; returning Nil.
    [1053] <engine-1>[GdPAI] ObjectRef(125359361544): object was freed before callback; returning Nil.
    [1054] <engine-1>[GdPAI] ObjectRef(125359361544): object was freed before callback; returning Nil.
    [1055] <engine-1>[GdPAI] ObjectRef(1382643928884): object was freed before callback; returning Nil.
    [1056] <engine-1>[GdPAI] ObjectRef(124621163998): object was freed before callback; returning Nil.
    [1057] <engine-1>[GdPAI] ObjectRef(124134624705): object was freed before callback; returning Nil.
    [1058] <engine-1>[GdPAI] ObjectRef(124134624705): object was freed before callback; returning Nil.
    [1059] <engine-1>[GdPAI] ObjectRef(1382643928884): object was freed before callback; returning Nil.
    [1060] <engine-1>[GdPAI] ObjectRef(124621163998): object was freed before callback; returning Nil.
    [1061] <engine-1>[GdPAI] ObjectRef(124134624705): object was freed before callback; returning Nil.
    [1062] <engine-1>[GdPAI] ObjectRef(124134624705): object was freed before callback; returning Nil.
    [1063] <engine-1>[GdPAI] ObjectRef(1382643928884): object was freed before callback; returning Nil.
    [1064] <engine-1>[GdPAI] ObjectRef(1382157389614): object was freed before callback; returning Nil.
    [1065] <engine-1>[GdPAI] ObjectRef(1382157389614): object was freed before callback; returning Nil.
    [1066] <engine-1>[GdPAI] ObjectRef(124621163998): object was freed before callback; returning Nil.
    [1067] <engine-1>[GdPAI] ObjectRef(124134624705): object was freed before callback; returning Nil.
    [1068] <engine-1>[GdPAI] ObjectRef(124134624705): object was freed before callback; returning Nil.
    [1069] <engine-1>[GdPAI] ObjectRef(1382643928884): object was freed before callback; returning Nil.
    [1070] <engine-1>[GdPAI] ObjectRef(1382157389614): object was freed before callback; returning Nil.
    [1071] <engine-1>[GdPAI] ObjectRef(1382157389614): object was freed before callback; returning Nil.
    [1072] <engine-1>[GdPAI] ObjectRef(124621163998): object was freed before callback; returning Nil.
    [1073] <engine-1>[GdPAI] ObjectRef(124134624705): object was freed before callback; returning Nil.
    [1074] <engine-1>[GdPAI] ObjectRef(124134624705): object was freed before callback; returning Nil.
    [1075] <engine-1>[GdPAI] ObjectRef(1382643928884): object was freed before callback; returning Nil.
    [1076] <engine-1>[GdPAI] ObjectRef(1382157389614): object was freed before callback; returning Nil.
    [1077] <engine-1>[GdPAI] ObjectRef(1382157389614): object was freed before callback; returning Nil.
    [1078] <engine-1>[GdPAI] ObjectRef(124621163998): object was freed before callback; returning Nil.
    [1079] <engine-1>[GdPAI] ObjectRef(1382643928884): object was freed before callback; returning Nil.
    [1080] <engine-1>[GdPAI] ObjectRef(1382157389614): object was freed before callback; returning Nil.
    [1081] <engine-1>[GdPAI] ObjectRef(1382157389614): object was freed before callback; returning Nil.
    [1082] <engine-1>[GdPAI] ObjectRef(124621163998): object was freed before callback; returning Nil.
    [1083] <engine-1>[GdPAI] ObjectRef(1382643928884): object was freed before callback; returning Nil.
    [1084] <engine-1>[GdPAI] ObjectRef(124621163998): object was freed before callback; returning Nil.
    [1085] <engine-1>[GdPAI] ObjectRef(124621163998): object was freed before callback; returning Nil.
    [1086] <engine-1>[GdPAI] ObjectRef(1382643928884): object was freed before callback; returning Nil.
    [1087] <engine-1>[GdPAI] ObjectRef(124621163998): object was freed before callback; returning Nil.
    [1088] <engine-1>[GdPAI] ObjectRef(124621163998): object was freed before callback; returning Nil.
    [1089] <engine-1>[GdPAI] ObjectRef(1382643928884): object was freed before callback; returning Nil.
    [1090] <engine-1>[GdPAI] ObjectRef(1382643928884): object was freed before callback; returning Nil.
    [1091] <engine-1>[GdPAI] ObjectRef(124621163998): object was freed before callback; returning Nil.
    [1092] <engine-1>[GdPAI] ObjectRef(1382643928884): object was freed before callback; returning Nil.
    [1093] <engine-1>[GdPAI] ObjectRef(1382643928884): object was freed before callback; returning Nil.
    [1094] <engine-1>[GdPAI] ObjectRef(124621163998): object was freed before callback; returning Nil.
    [1095] <engine-1>[GdPAI] ObjectRef(1382643928884): object was freed before callback; returning Nil.
    [1096] <engine-1>[GdPAI] ObjectRef(124621163998): object was freed before callback; returning Nil.
    [1097] <engine-1>[GdPAI] ObjectRef(1382643928884): object was freed before callback; returning Nil.
    [1098] <engine-1>[GdPAI] ObjectRef(124621163998): object was freed before callback; returning Nil.
    [1099] <engine-1>[GdPAI] ObjectRef(1382643928884): object was freed before callback; returning Nil.
    [1100] <engine-1>[GdPAI] ObjectRef(1382157389614): object was freed before callback; returning Nil.
    [1101] <engine-1>[GdPAI] ObjectRef(1382157389614): object was freed before callback; returning Nil.
    [1102] <engine-1>[GdPAI] ObjectRef(124621163998): object was freed before callback; returning Nil.
    [1103] <engine-1>[GdPAI] ObjectRef(124134624705): object was freed before callback; returning Nil.
    [1104] <engine-1>[GdPAI] ObjectRef(124134624705): object was freed before callback; returning Nil.
    [1105] <engine-1>[GdPAI] ObjectRef(1382643928884): object was freed before callback; returning Nil.
    [1106] <engine-1>[GdPAI] ObjectRef(1382157389614): object was freed before callback; returning Nil.
    [1107] <engine-1>[GdPAI] ObjectRef(1382157389614): object was freed before callback; returning Nil.
    [1108] <engine-1>[GdPAI] ObjectRef(124621163998): object was freed before callback; returning Nil.
    [1109] <engine-1>[GdPAI] ObjectRef(124134624705): object was freed before callback; returning Nil.
    [1110] <engine-1>[GdPAI] ObjectRef(124134624705): object was freed before callback; returning Nil.
    [1111] <engine-1>[GdPAI] ObjectRef(1382643928884): object was freed before callback; returning Nil.
    [1112] <engine-1>[GdPAI] ObjectRef(1382157389614): object was freed before callback; returning Nil.
    [1113] <engine-1>[GdPAI] ObjectRef(1382157389614): object was freed before callback; returning Nil.
    [1114] <engine-1>[GdPAI] ObjectRef(124621163998): object was freed before callback; returning Nil.
    [1115] <engine-1>[GdPAI] ObjectRef(124134624705): object was freed before callback; returning Nil.
    [1116] <engine-1>[GdPAI] ObjectRef(124134624705): object was freed before callback; returning Nil.
    [1117] <engine-1>[GdPAI] ObjectRef(1382643928884): object was freed before callback; returning Nil.
    [1118] <engine-1>[GdPAI] ObjectRef(1382157389614): object was freed before callback; returning Nil.
    [1119] <engine-1>[GdPAI] ObjectRef(1382157389614): object was freed before callback; returning Nil.
    [1120] <engine-1>[GdPAI] ObjectRef(124621163998): object was freed before callback; returning Nil.
    [1121] <engine-1>[GdPAI] ObjectRef(124134624705): object was freed before callback; returning Nil.
    [1122] <engine-1>[GdPAI] ObjectRef(124134624705): object was freed before callback; returning Nil.
    [1123] <engine-1>[GdPAI] ObjectRef(1382643928884): object was freed before callback; returning Nil.
    [1124] <engine-1>[GdPAI] ObjectRef(124621163998): object was freed before callback; returning Nil.
    [1125] <engine-1>[GdPAI] ObjectRef(1382643928884): object was freed before callback; returning Nil.
    [1126] <engine-1>[GdPAI] ObjectRef(124621163998): object was freed before callback; returning Nil.
    [1127] <engine-1>[GdPAI] ObjectRef(1382643928884): object was freed before callback; returning Nil.
    [1128] <engine-1>[GdPAI] ObjectRef(1382643928884): object was freed before callback; returning Nil.
    [1129] <engine-1>[GdPAI] ObjectRef(124621163998): object was freed before callback; returning Nil.
    [1130] <engine-1>[GdPAI] ObjectRef(124621163998): object was freed before callback; returning Nil.
    [1131] <engine-1>[GdPAI] ObjectRef(125359361544): object was freed before callback; returning Nil.
    [1132] <engine-1>[GdPAI] ObjectRef(124134624705): object was freed before callback; returning Nil.
    [1133] <engine-1>[GdPAI] ObjectRef(125359361544): object was freed before callback; returning Nil.
    [1134] <engine-1>[GdPAI] ObjectRef(124134624705): object was freed before callback; returning Nil.
    [1135] <engine-1>[GdPAI] ObjectRef(1382643928884): object was freed before callback; returning Nil.
    [1136] <engine-1>[GdPAI] ObjectRef(1382643928884): object was freed before callback; returning Nil.
    [1137] <engine-1>[GdPAI] ObjectRef(124621163998): object was freed before callback; returning Nil.
    [1138] <engine-1>[GdPAI] ObjectRef(124621163998): object was freed before callback; returning Nil.
    [1139] <engine-1>[GdPAI] ObjectRef(125359361544): object was freed before callback; returning Nil.
    [1140] <engine-1>[GdPAI] ObjectRef(124134624705): object was freed before callback; returning Nil.
    [1141] <engine-1>[GdPAI] ObjectRef(125359361544): object was freed before callback; returning Nil.
    [1142] <engine-1>[GdPAI] ObjectRef(124134624705): object was freed before callback; returning Nil.
    [1143] <engine-1>[GdPAI] ObjectRef(1382643928884): object was freed before callback; returning Nil.
    [1144] <engine-1>[GdPAI] ObjectRef(1382643928884): object was freed before callback; returning Nil.
    [1145] <engine-1>[GdPAI] ObjectRef(124621163998): object was freed before callback; returning Nil.
    [1146] <engine-1>[GdPAI] ObjectRef(124134624705): object was freed before callback; returning Nil.
    [1147] <engine-1>[GdPAI] ObjectRef(124134624705): object was freed before callback; returning Nil.
    [1148] <engine-1>[GdPAI] ObjectRef(1382643928884): object was freed before callback; returning Nil.
    [1149] <engine-1>[GdPAI] ObjectRef(1382643928884): object was freed before callback; returning Nil.
    [1150] <engine-1>[GdPAI] ObjectRef(124621163998): object was freed before callback; returning Nil.
    [1151] <engine-1>[GdPAI] ObjectRef(124134624705): object was freed before callback; returning Nil.
    [1152] <engine-1>[GdPAI] ObjectRef(124134624705): object was freed before callback; returning Nil.
    [1153] <engine-1>[GdPAI] ObjectRef(1382643928884): object was freed before callback; returning Nil.
    [1154] <engine-1>[GdPAI] ObjectRef(1382643928884): object was freed before callback; returning Nil.
    [1155] <engine-1>[GdPAI] ObjectRef(124621163998): object was freed before callback; returning Nil.
    [1156] <engine-1>[GdPAI] ObjectRef(125359361544): object was freed before callback; returning Nil.
    [1157] <engine-1>[GdPAI] ObjectRef(125359361544): object was freed before callback; returning Nil.
    [1158] <engine-1>[GdPAI] ObjectRef(1382643928884): object was freed before callback; returning Nil.
    [1159] <engine-1>[GdPAI] ObjectRef(1382643928884): object was freed before callback; returning Nil.
    [1160] <engine-1>[GdPAI] ObjectRef(124621163998): object was freed before callback; returning Nil.
    [1161] <engine-1>[GdPAI] ObjectRef(125359361544): object was freed before callback; returning Nil.
    [1162] <engine-1>[GdPAI] ObjectRef(125359361544): object was freed before callback; returning Nil.
    [1163] <engine-1>[GdPAI] ObjectRef(1382643928884): object was freed before callback; returning Nil.
    [1164] <engine-1>[GdPAI] ObjectRef(1382643928884): object was freed before callback; returning Nil.
    [1165] <engine-1>[GdPAI] ObjectRef(124621163998): object was freed before callback; returning Nil.
    [1166] <engine-1>[GdPAI] ObjectRef(124134624705): object was freed before callback; returning Nil.
    [1167] <engine-1>[GdPAI] ObjectRef(124134624705): object was freed before callback; returning Nil.
    [1168] <engine-1>[GdPAI] ObjectRef(1382643928884): object was freed before callback; returning Nil.
    [1169] <engine-1>[GdPAI] ObjectRef(1382643928884): object was freed before callback; returning Nil.
    [1170] <engine-1>[GdPAI] ObjectRef(124621163998): object was freed before callback; returning Nil.
    [1171] <engine-1>[GdPAI] ObjectRef(124134624705): object was freed before callback; returning Nil.
    [1172] <engine-1>[GdPAI] ObjectRef(124134624705): object was freed before callback; returning Nil.
    [1173] <engine-1>[GdPAI] ObjectRef(1382643928884): object was freed before callback; returning Nil.
    [1174] <engine-1>[GdPAI] ObjectRef(1382643928884): object was freed before callback; returning Nil.
    [1175] <engine-1>[GdPAI] ObjectRef(124621163998): object was freed before callback; returning Nil.
    [1176] <engine-1>[GdPAI] ObjectRef(124134624705): object was freed before callback; returning Nil.
    [1177] <engine-1>[GdPAI] ObjectRef(124134624705): object was freed before callback; returning Nil.
    [1178] <engine-1>[GdPAI] ObjectRef(1382643928884): object was freed before callback; returning Nil.
    [1179] <engine-1>[GdPAI] ObjectRef(1382643928884): object was freed before callback; returning Nil.
    [1180] <engine-1>[GdPAI] ObjectRef(124621163998): object was freed before callback; returning Nil.
    [1181] <engine-1>[GdPAI] ObjectRef(124134624705): object was freed before callback; returning Nil.
    [1182] <engine-1>[GdPAI] ObjectRef(124134624705): object was freed before callback; returning Nil.
    [1183] <engine-1>[GdPAI] ObjectRef(1382643928884): object was freed before callback; returning Nil.
    [1184] <engine-1>[GdPAI] ObjectRef(1382643928884): object was freed before callback; returning Nil.
    [1185] <engine-1>[GdPAI] ObjectRef(124621163998): object was freed before callback; returning Nil.
    [1186] <engine-1>[GdPAI] ObjectRef(1382643928884): object was freed before callback; returning Nil.
    [1187] <engine-1>[GdPAI] ObjectRef(1382643928884): object was freed before callback; returning Nil.
    [1188] <engine-1>[GdPAI] ObjectRef(124621163998): object was freed before callback; returning Nil.
    [1189] <engine-1>[GdPAI] ObjectRef(1382643928884): object was freed before callback; returning Nil.
    [1190] <engine-1>[GdPAI] ObjectRef(1382643928884): object was freed before callback; returning Nil.
    [1191] <engine-1>[GdPAI] ObjectRef(124621163998): object was freed before callback; returning Nil.
    [1192] <engine-1>[GdPAI] ObjectRef(124621163998): object was freed before callback; returning Nil.
    [1193] <engine-1>[GdPAI] ObjectRef(1382643928884): object was freed before callback; returning Nil.
    [1194] <engine-1>[GdPAI] ObjectRef(1382643928884): object was freed before callback; returning Nil.
    [1195] <engine-1>[GdPAI] ObjectRef(124621163998): object was freed before callback; returning Nil.
    [1196] <engine-1>[GdPAI] ObjectRef(124621163998): object was freed before callback; returning Nil.
    [1197] <engine-1>[GdPAI] ObjectRef(1382643928884): object was freed before callback; returning Nil.
    [1198] <engine-1>[GdPAI] ObjectRef(1382643928884): object was freed before callback; returning Nil.
    [1199] <engine-1>[GdPAI] ObjectRef(124621163998): object was freed before callback; returning Nil.
    [1200] <engine-1>[GdPAI] ObjectRef(1382643928884): object was freed before callback; returning Nil.
    [1201] <engine-1>[GdPAI] ObjectRef(1382643928884): object was freed before callback; returning Nil.
    [1202] <engine-1>[GdPAI] ObjectRef(124621163998): object was freed before callback; returning Nil.
    [1203] <engine-1>[GdPAI] ObjectRef(1382643928884): object was freed before callback; returning Nil.
    [1204] <engine-1>[GdPAI] ObjectRef(1382643928884): object was freed before callback; returning Nil.
    [1205] <engine-1>[GdPAI] ObjectRef(124621163998): object was freed before callback; returning Nil.
    [1206] <engine-1>[GdPAI] ObjectRef(1382643928884): object was freed before callback; returning Nil.
    [1207] <engine-1>[GdPAI] ObjectRef(1382643928884): object was freed before callback; returning Nil.
    [1208] <engine-1>[GdPAI] ObjectRef(124621163998): object was freed before callback; returning Nil.
    [1209] <engine-1>[GdPAI] ObjectRef(1382643928884): object was freed before callback; returning Nil.
    [1210] <engine-1>[GdPAI] ObjectRef(1382643928884): object was freed before callback; returning Nil.
    [1211] <engine-1>[GdPAI] ObjectRef(124621163998): object was freed before callback; returning Nil.
    [1212] <engine-1>[GdPAI] ObjectRef(124134624705): object was freed before callback; returning Nil.
    [1213] <engine-1>[GdPAI] ObjectRef(124134624705): object was freed before callback; returning Nil.
    [1214] <engine-1>[GdPAI] ObjectRef(1382643928884): object was freed before callback; returning Nil.
    [1215] <engine-1>[GdPAI] ObjectRef(1382643928884): object was freed before callback; returning Nil.
    [1216] <engine-1>[GdPAI] ObjectRef(124621163998): object was freed before callback; returning Nil.
    [1217] <engine-1>[GdPAI] ObjectRef(124134624705): object was freed before callback; returning Nil.
    [1218] <engine-1>[GdPAI] ObjectRef(124134624705): object was freed before callback; returning Nil.
    [1219] <engine-1>[GdPAI] ObjectRef(1382643928884): object was freed before callback; returning Nil.
    [1220] <engine-1>[GdPAI] ObjectRef(1382643928884): object was freed before callback; returning Nil.
    [1221] <engine-1>[GdPAI] ObjectRef(124621163998): object was freed before callback; returning Nil.
    [1222] <engine-1>[GdPAI] ObjectRef(124134624705): object was freed before callback; returning Nil.
    [1223] <engine-1>[GdPAI] ObjectRef(124134624705): object was freed before callback; returning Nil.
    [1224] <engine-1>[GdPAI] ObjectRef(1382643928884): object was freed before callback; returning Nil.
    [1225] <engine-1>[GdPAI] ObjectRef(1382643928884): object was freed before callback; returning Nil.
    [1226] <engine-1>[GdPAI] ObjectRef(124621163998): object was freed before callback; returning Nil.
    [1227] <engine-1>[GdPAI] ObjectRef(124134624705): object was freed before callback; returning Nil.
    [1228] <engine-1>[GdPAI] ObjectRef(124134624705): object was freed before callback; returning Nil.
    [1229] <engine-1>[GdPAI] ObjectRef(1382643928884): object was freed before callback; returning Nil.
    [1230] <engine-1>[GdPAI] ObjectRef(1382643928884): object was freed before callback; returning Nil.
    [1231] <engine-1>[GdPAI] ObjectRef(124621163998): object was freed before callback; returning Nil.
    [1232] <engine-1>[GdPAI] ObjectRef(1382643928884): object was freed before callback; returning Nil.
    [1233] <engine-1>[GdPAI] ObjectRef(1382643928884): object was freed before callback; returning Nil.
    [1234] <engine-1>[GdPAI] ObjectRef(124621163998): object was freed before callback; returning Nil.
    [1235] <engine-1>[GdPAI] ObjectRef(1382643928884): object was freed before callback; returning Nil.
    [1236] <engine-1>[GdPAI] ObjectRef(1382643928884): object was freed before callback; returning Nil.
    [1237] <engine-1>[GdPAI] ObjectRef(124621163998): object was freed before callback; returning Nil.
    [1238] <engine-1>[GdPAI] ObjectRef(124621163998): object was freed before callback; returning Nil.
    [1239] <engine-1>[GdPAI] ObjectRef(1382643928884): object was freed before callback; returning Nil.
    [1240] <engine-1>[GdPAI] ObjectRef(1382643928884): object was freed before callback; returning Nil.
    [1241] <engine-1>[GdPAI] ObjectRef(124621163998): object was freed before callback; returning Nil.
    [1242] <engine-1>[GdPAI] ObjectRef(124621163998): object was freed before callback; returning Nil.
    [1243] <engine-1>[GdPAI] ObjectRef(1382643928884): object was freed before callback; returning Nil.
    [1244] <engine-1>[GdPAI] ObjectRef(1382643928884): object was freed before callback; returning Nil.
    [1245] <engine-1>[GdPAI] ObjectRef(1383499573091): object was freed before callback; returning Nil.
    [1246] <engine-1>[GdPAI] ObjectRef(1383499573091): object was freed before callback; returning Nil.
    [1247] <engine-1>[GdPAI] ObjectRef(124621163998): object was freed before callback; returning Nil.
    [1248] <engine-1>[GdPAI] ObjectRef(1382643928884): object was freed before callback; returning Nil.
    [1249] <engine-1>[GdPAI] ObjectRef(1382643928884): object was freed before callback; returning Nil.
    [1250] <engine-1>[GdPAI] ObjectRef(1383499573091): object was freed before callback; returning Nil.
    [1251] <engine-1>[GdPAI] ObjectRef(1383499573091): object was freed before callback; returning Nil.
    [1252] <engine-1>[GdPAI] ObjectRef(124621163998): object was freed before callback; returning Nil.
    [1253] <engine-1>[GdPAI] ObjectRef(1382643928884): object was freed before callback; returning Nil.
    [1254] <engine-1>[GdPAI] ObjectRef(1383499573091): object was freed before callback; returning Nil.
    [1255] <engine-1>[GdPAI] ObjectRef(1383499573091): object was freed before callback; returning Nil.
    [1256] <engine-1>[GdPAI] ObjectRef(124621163998): object was freed before callback; returning Nil.
    [1257] <engine-1>[GdPAI] ObjectRef(1382643928884): object was freed before callback; returning Nil.
    [1258] <engine-1>[GdPAI] ObjectRef(1383499573091): object was freed before callback; returning Nil.
    [1259] <engine-1>[GdPAI] ObjectRef(1383499573091): object was freed before callback; returning Nil.
    [1260] <engine-1>[GdPAI] ObjectRef(124621163998): object was freed before callback; returning Nil.
    [1261] <engine-1>[GdPAI] ObjectRef(1382643928884): object was freed before callback; returning Nil.
    [1262] <engine-1>[GdPAI] ObjectRef(1382157389614): object was freed before callback; returning Nil.
    [1263] <engine-1>[GdPAI] ObjectRef(1382157389614): object was freed before callback; returning Nil.
    [1264] <engine-1>[GdPAI] ObjectRef(124621163998): object was freed before callback; returning Nil.
    [1265] <engine-1>[GdPAI] ObjectRef(124134624705): object was freed before callback; returning Nil.
    [1266] <engine-1>[GdPAI] ObjectRef(124134624705): object was freed before callback; returning Nil.
    [1267] <engine-1>[GdPAI] ObjectRef(1382643928884): object was freed before callback; returning Nil.
    [1268] <engine-1>[GdPAI] ObjectRef(1382157389614): object was freed before callback; returning Nil.
    [1269] <engine-1>[GdPAI] ObjectRef(1382157389614): object was freed before callback; returning Nil.
    [1270] <engine-1>[GdPAI] ObjectRef(124621163998): object was freed before callback; returning Nil.
    [1271] <engine-1>[GdPAI] ObjectRef(124134624705): object was freed before callback; returning Nil.
    [1272] <engine-1>[GdPAI] ObjectRef(124134624705): object was freed before callback; returning Nil.
    [1273] <engine-1>[GdPAI] ObjectRef(1382643928884): object was freed before callback; returning Nil.
    [1274] <engine-1>[GdPAI] ObjectRef(1382157389614): object was freed before callback; returning Nil.
    [1275] <engine-1>[GdPAI] ObjectRef(1382157389614): object was freed before callback; returning Nil.
    [1276] <engine-1>[GdPAI] ObjectRef(124621163998): object was freed before callback; returning Nil.
    [1277] <engine-1>[GdPAI] ObjectRef(124134624705): object was freed before callback; returning Nil.
    [1278] <engine-1>[GdPAI] ObjectRef(124134624705): object was freed before callback; returning Nil.
    [1279] <engine-1>[GdPAI] ObjectRef(1382643928884): object was freed before callback; returning Nil.
    [1280] <engine-1>[GdPAI] ObjectRef(1382157389614): object was freed before callback; returning Nil.
    [1281] <engine-1>[GdPAI] ObjectRef(1382157389614): object was freed before callback; returning Nil.
    [1282] <engine-1>[GdPAI] ObjectRef(124621163998): object was freed before callback; returning Nil.
    [1283] <engine-1>[GdPAI] ObjectRef(124134624705): object was freed before callback; returning Nil.
    [1284] <engine-1>[GdPAI] ObjectRef(124134624705): object was freed before callback; returning Nil.
    [1285] <engine-1>[GdPAI] ObjectRef(1382643928884): object was freed before callback; returning Nil.
    [1286] <engine-1>[GdPAI] ObjectRef(124621163998): object was freed before callback; returning Nil.
    [1287] <engine-1>[GdPAI] ObjectRef(1382643928884): object was freed before callback; returning Nil.
    [1288] <engine-1>[GdPAI] ObjectRef(124621163998): object was freed before callback; returning Nil.
    [1289] <engine-1>[GdPAI] ObjectRef(1382643928884): object was freed before callback; returning Nil.
    [1290] <engine-1>[GdPAI] ObjectRef(1382643928884): object was freed before callback; returning Nil.
    [1291] <engine-1>[GdPAI] ObjectRef(124621163998): object was freed before callback; returning Nil.
    [1292] <engine-1>[GdPAI] ObjectRef(124621163998): object was freed before callback; returning Nil.
    [1293] <engine-1>[GdPAI] ObjectRef(1382643928884): object was freed before callback; returning Nil.
    [1294] <engine-1>[GdPAI] ObjectRef(1382643928884): object was freed before callback; returning Nil.
    [1295] <engine-1>[GdPAI] ObjectRef(124621163998): object was freed before callback; returning Nil.
    [1296] <engine-1>[GdPAI] ObjectRef(124621163998): object was freed before callback; returning Nil.
    [1297] <engine-1>[GdPAI] ObjectRef(1382643928884): object was freed before callback; returning Nil.
    [1298] <engine-1>[GdPAI] ObjectRef(124621163998): object was freed before callback; returning Nil.
    [1299] <engine-1>[GdPAI] ObjectRef(1382643928884): object was freed before callback; returning Nil.
    [1300] <engine-1>[GdPAI] ObjectRef(124621163998): object was freed before callback; returning Nil.
    [1301] <engine-1>[GdPAI] ObjectRef(1382643928884): object was freed before callback; returning Nil.
    [1302] <engine-1>[GdPAI] ObjectRef(1382157389614): object was freed before callback; returning Nil.
    [1303] <engine-1>[GdPAI] ObjectRef(1382157389614): object was freed before callback; returning Nil.
    [1304] <engine-1>[GdPAI] ObjectRef(124621163998): object was freed before callback; returning Nil.
    [1305] <engine-1>[GdPAI] ObjectRef(1382643928884): object was freed before callback; returning Nil.
    [1306] <engine-1>[GdPAI] ObjectRef(1382157389614): object was freed before callback; returning Nil.
    [1307] <engine-1>[GdPAI] ObjectRef(1382157389614): object was freed before callback; returning Nil.
    [1308] <engine-1>[GdPAI] ObjectRef(124621163998): object was freed before callback; returning Nil.
    [1309] <engine-1>[GdPAI] ObjectRef(1382643928884): object was freed before callback; returning Nil.
    [1310] <engine-1>[GdPAI] ObjectRef(1382157389614): object was freed before callback; returning Nil.
    [1311] <engine-1>[GdPAI] ObjectRef(1382157389614): object was freed before callback; returning Nil.
    [1312] <engine-1>[GdPAI] ObjectRef(124621163998): object was freed before callback; returning Nil.
    [1313] <engine-1>[GdPAI] ObjectRef(124134624705): object was freed before callback; returning Nil.
    [1314] <engine-1>[GdPAI] ObjectRef(124134624705): object was freed before callback; returning Nil.
    [1315] <engine-1>[GdPAI] ObjectRef(1382643928884): object was freed before callback; returning Nil.
    [1316] <engine-1>[GdPAI] ObjectRef(1382157389614): object was freed before callback; returning Nil.
    [1317] <engine-1>[GdPAI] ObjectRef(1382157389614): object was freed before callback; returning Nil.
    [1318] <engine-1>[GdPAI] ObjectRef(124621163998): object was freed before callback; returning Nil.
    [1319] <engine-1>[GdPAI] ObjectRef(124134624705): object was freed before callback; returning Nil.
    [1320] <engine-1>[GdPAI] ObjectRef(124134624705): object was freed before callback; returning Nil.
    [1321] <engine-1>[GdPAI] ObjectRef(1382643928884): object was freed before callback; returning Nil.
    [1322] <engine-1>[GdPAI] ObjectRef(124621163998): object was freed before callback; returning Nil.
    [1323] <engine-1>[GdPAI] ObjectRef(124134624705): object was freed before callback; returning Nil.
    [1324] <engine-1>[GdPAI] ObjectRef(124134624705): object was freed before callback; returning Nil.
    [1325] <engine-1>[GdPAI] ObjectRef(1382643928884): object was freed before callback; returning Nil.
    [1326] <engine-1>[GdPAI] ObjectRef(124621163998): object was freed before callback; returning Nil.
    [1327] <engine-1>[GdPAI] ObjectRef(124134624705): object was freed before callback; returning Nil.
    [1328] <engine-1>[GdPAI] ObjectRef(124134624705): object was freed before callback; returning Nil.
    [1329] <engine-1>[GdPAI] ObjectRef(1382643928884): object was freed before callback; returning Nil.
    [1330] <engine-1>[GdPAI] ObjectRef(1382643928884): object was freed before callback; returning Nil.
    [1331] <engine-1>[GdPAI] ObjectRef(1383499573091): object was freed before callback; returning Nil.
    [1332] <engine-1>[GdPAI] ObjectRef(1383499573091): object was freed before callback; returning Nil.
    [1333] <engine-1>[GdPAI] ObjectRef(124621163998): object was freed before callback; returning Nil.
    [1334] <engine-1>[GdPAI] ObjectRef(1382643928884): object was freed before callback; returning Nil.
    [1335] <engine-1>[GdPAI] ObjectRef(1382643928884): object was freed before callback; returning Nil.
    [1336] <engine-1>[GdPAI] ObjectRef(1383499573091): object was freed before callback; returning Nil.
    [1337] <engine-1>[GdPAI] ObjectRef(1383499573091): object was freed before callback; returning Nil.
    [1338] <engine-1>[GdPAI] ObjectRef(124621163998): object was freed before callback; returning Nil.
    [1339] <engine-1>[GdPAI] ObjectRef(1382643928884): object was freed before callback; returning Nil.
    [1340] <engine-1>[GdPAI] ObjectRef(1383499573091): object was freed before callback; returning Nil.
    [1341] <engine-1>[GdPAI] ObjectRef(1383499573091): object was freed before callback; returning Nil.
    [1342] <engine-1>[GdPAI] ObjectRef(124621163998): object was freed before callback; returning Nil.
    [1343] <engine-1>[GdPAI] ObjectRef(124621163998): object was freed before callback; returning Nil.
    [1344] <engine-1>[GdPAI] ObjectRef(1382643928884): object was freed before callback; returning Nil.
    [1345] <engine-1>[GdPAI] ObjectRef(1383499573091): object was freed before callback; returning Nil.
    [1346] <engine-1>[GdPAI] ObjectRef(1383499573091): object was freed before callback; returning Nil.
    [1347] <engine-1>[GdPAI] ObjectRef(124621163998): object was freed before callback; returning Nil.
    [1348] <engine-1>[GdPAI] ObjectRef(124621163998): object was freed before callback; returning Nil.
    [1349] <engine-1>[GdPAI] ObjectRef(1382643928884): object was freed before callback; returning Nil.
    [1350] <engine-1>[GdPAI] ObjectRef(1382157389614): object was freed before callback; returning Nil.
    [1351] <engine-1>[GdPAI] ObjectRef(1382157389614): object was freed before callback; returning Nil.
    [1352] <engine-1>[GdPAI] ObjectRef(124621163998): object was freed before callback; returning Nil.
    [1353] <engine-1>[GdPAI] ObjectRef(1382643928884): object was freed before callback; returning Nil.
    [1354] <engine-1>[GdPAI] ObjectRef(1382157389614): object was freed before callback; returning Nil.
    [1355] <engine-1>[GdPAI] ObjectRef(1382157389614): object was freed before callback; returning Nil.
    [1356] <engine-1>[GdPAI] ObjectRef(124621163998): object was freed before callback; returning Nil.
    [1357] <engine-1>[GdPAI] ObjectRef(1382643928884): object was freed before callback; returning Nil.
    [1358] <engine-1>[GdPAI] ObjectRef(1382157389614): object was freed before callback; returning Nil.
    [1359] <engine-1>[GdPAI] ObjectRef(1382157389614): object was freed before callback; returning Nil.
    [1360] <engine-1>[GdPAI] ObjectRef(124621163998): object was freed before callback; returning Nil.
    [1361] <engine-1>[GdPAI] ObjectRef(1382643928884): object was freed before callback; returning Nil.
    [1362] <engine-1>[GdPAI] ObjectRef(1382157389614): object was freed before callback; returning Nil.
    [1363] <engine-1>[GdPAI] ObjectRef(1382157389614): object was freed before callback; returning Nil.
    [1364] <engine-1>[GdPAI] ObjectRef(124621163998): object was freed before callback; returning Nil.
    [1365] <engine-1>[GdPAI] ObjectRef(1382643928884): object was freed before callback; returning Nil.
    [1366] <engine-1>[GdPAI] ObjectRef(124621163998): object was freed before callback; returning Nil.
    [1367] <engine-1>[GdPAI] ObjectRef(124134624705): object was freed before callback; returning Nil.
    [1368] <engine-1>[GdPAI] ObjectRef(124134624705): object was freed before callback; returning Nil.
    [1369] <engine-1>[GdPAI] ObjectRef(1382643928884): object was freed before callback; returning Nil.
    [1370] <engine-1>[GdPAI] ObjectRef(124621163998): object was freed before callback; returning Nil.
    [1371] <engine-1>[GdPAI] ObjectRef(124134624705): object was freed before callback; returning Nil.
    [1372] <engine-1>[GdPAI] ObjectRef(124134624705): object was freed before callback; returning Nil.
    [1373] <engine-1>[GdPAI] ObjectRef(1382643928884): object was freed before callback; returning Nil.
    [1374] <engine-1>[GdPAI] ObjectRef(1382643928884): object was freed before callback; returning Nil.
    [1375] <engine-1>[GdPAI] ObjectRef(124621163998): object was freed before callback; returning Nil.
    [1376] <engine-1>[GdPAI] ObjectRef(124134624705): object was freed before callback; returning Nil.
    [1377] <engine-1>[GdPAI] ObjectRef(124134624705): object was freed before callback; returning Nil.
    [1378] <engine-1>[GdPAI] ObjectRef(1382643928884): object was freed before callback; returning Nil.
    [1379] <engine-1>[GdPAI] ObjectRef(1382643928884): object was freed before callback; returning Nil.
    [1380] <engine-1>[GdPAI] ObjectRef(124621163998): object was freed before callback; returning Nil.
    [1381] <engine-1>[GdPAI] ObjectRef(124134624705): object was freed before callback; returning Nil.
    [1382] <engine-1>[GdPAI] ObjectRef(124134624705): object was freed before callback; returning Nil.
    [1383] <engine-1>[GdPAI] ObjectRef(1382643928884): object was freed before callback; returning Nil.
    [1384] <engine-1>[GdPAI] ObjectRef(124621163998): object was freed before callback; returning Nil.
    [1385] <engine-1>[GdPAI] ObjectRef(1382643928884): object was freed before callback; returning Nil.
    [1386] <engine-1>[GdPAI] ObjectRef(124621163998): object was freed before callback; returning Nil.
    [1387] <engine-1>[GdPAI] ObjectRef(1382643928884): object was freed before callback; returning Nil.
    [1388] <engine-1>[GdPAI] ObjectRef(1382157389614): object was freed before callback; returning Nil.
    [1389] <engine-1>[GdPAI] ObjectRef(1382157389614): object was freed before callback; returning Nil.
    [1390] <engine-1>[GdPAI] ObjectRef(124621163998): object was freed before callback; returning Nil.
    [1391] <engine-1>[GdPAI] ObjectRef(124621163998): object was freed before callback; returning Nil.
    [1392] <engine-1>[GdPAI] ObjectRef(1382643928884): object was freed before callback; returning Nil.
    [1393] <engine-1>[GdPAI] ObjectRef(1382157389614): object was freed before callback; returning Nil.
    [1394] <engine-1>[GdPAI] ObjectRef(1382157389614): object was freed before callback; returning Nil.
    [1395] <engine-1>[GdPAI] ObjectRef(124621163998): object was freed before callback; returning Nil.
    [1396] <engine-1>[GdPAI] ObjectRef(124621163998): object was freed before callback; returning Nil.
    [1397] <engine-1>[GdPAI] ObjectRef(1382643928884): object was freed before callback; returning Nil.
    [1398] <engine-1>[GdPAI] ObjectRef(1382157389614): object was freed before callback; returning Nil.
    [1399] <engine-1>[GdPAI] ObjectRef(1382157389614): object was freed before callback; returning Nil.
    [1400] <engine-1>[GdPAI] ObjectRef(124621163998): object was freed before callback; returning Nil.
    [1401] <engine-1>[GdPAI] ObjectRef(1382643928884): object was freed before callback; returning Nil.
    [1402] <engine-1>[GdPAI] ObjectRef(1382157389614): object was freed before callback; returning Nil.
    [1403] <engine-1>[GdPAI] ObjectRef(1382157389614): object was freed before callback; returning Nil.
    [1404] <engine-1>[GdPAI] ObjectRef(124621163998): object was freed before callback; returning Nil.
    [1405] <engine-1>[GdPAI] ObjectRef(1382643928884): object was freed before callback; returning Nil.
    [1406] <engine-1>[GdPAI] ObjectRef(124621163998): object was freed before callback; returning Nil.
    [1407] <engine-1>[GdPAI] ObjectRef(1382643928884): object was freed before callback; returning Nil.
    [1408] <engine-1>[GdPAI] ObjectRef(124621163998): object was freed before callback; returning Nil.
    [1409] <engine-1>[GdPAI] ObjectRef(1382643928884): object was freed before callback; returning Nil.
    [1410] <engine-1>[GdPAI] ObjectRef(1382643928884): object was freed before callback; returning Nil.
    [1411] <engine-1>[GdPAI] ObjectRef(124621163998): object was freed before callback; returning Nil.
    [1412] <engine-1>[GdPAI] ObjectRef(124134624705): object was freed before callback; returning Nil.
    [1413] <engine-1>[GdPAI] ObjectRef(124134624705): object was freed before callback; returning Nil.
    [1414] <engine-1>[GdPAI] ObjectRef(1382643928884): object was freed before callback; returning Nil.
    [1415] <engine-1>[GdPAI] ObjectRef(1382643928884): object was freed before callback; returning Nil.
    [1416] <engine-1>[GdPAI] ObjectRef(124621163998): object was freed before callback; returning Nil.
    [1417] <engine-1>[GdPAI] ObjectRef(124134624705): object was freed before callback; returning Nil.
    [1418] <engine-1>[GdPAI] ObjectRef(124134624705): object was freed before callback; returning Nil.
    [1419] <engine-1>[GdPAI] ObjectRef(1382643928884): object was freed before callback; returning Nil.
    [1420] <engine-1>[GdPAI] ObjectRef(124621163998): object was freed before callback; returning Nil.
    [1421] <engine-1>[GdPAI] ObjectRef(124134624705): object was freed before callback; returning Nil.
    [1422] <engine-1>[GdPAI] ObjectRef(124134624705): object was freed before callback; returning Nil.
    [1423] <engine-1>[GdPAI] ObjectRef(1382643928884): object was freed before callback; returning Nil.
    [1424] <engine-1>[GdPAI] ObjectRef(124621163998): object was freed before callback; returning Nil.
    [1425] <engine-1>[GdPAI] ObjectRef(124134624705): object was freed before callback; returning Nil.
    [1426] <engine-1>[GdPAI] ObjectRef(124134624705): object was freed before callback; returning Nil.
    [1427] <engine-1>[GdPAI] ObjectRef(1382643928884): object was freed before callback; returning Nil.
    [1428] <engine-1>[GdPAI] ObjectRef(1382157389614): object was freed before callback; returning Nil.
    [1429] <engine-1>[GdPAI] ObjectRef(1382157389614): object was freed before callback; returning Nil.
    [1430] <engine-1>[GdPAI] ObjectRef(124621163998): object was freed before callback; returning Nil.
    [1431] <engine-1>[GdPAI] ObjectRef(1382643928884): object was freed before callback; returning Nil.
    [1432] <engine-1>[GdPAI] ObjectRef(1382157389614): object was freed before callback; returning Nil.
    [1433] <engine-1>[GdPAI] ObjectRef(1382157389614): object was freed before callback; returning Nil.
    [1434] <engine-1>[GdPAI] ObjectRef(124621163998): object was freed before callback; returning Nil.
    [1435] <engine-1>[GdPAI] ObjectRef(1382643928884): object was freed before callback; returning Nil.
    [1436] <engine-1>[GdPAI] ObjectRef(1382157389614): object was freed before callback; returning Nil.
    [1437] <engine-1>[GdPAI] ObjectRef(1382157389614): object was freed before callback; returning Nil.
    [1438] <engine-1>[GdPAI] ObjectRef(124621163998): object was freed before callback; returning Nil.
    [1439] <engine-1>[GdPAI] ObjectRef(124621163998): object was freed before callback; returning Nil.
    [1440] <engine-1>[GdPAI] ObjectRef(1382643928884): object was freed before callback; returning Nil.
    [1441] <engine-1>[GdPAI] ObjectRef(1382157389614): object was freed before callback; returning Nil.
    [1442] <engine-1>[GdPAI] ObjectRef(1382157389614): object was freed before callback; returning Nil.
    [1443] <engine-1>[GdPAI] ObjectRef(124621163998): object was freed before callback; returning Nil.
    [1444] <engine-1>[GdPAI] ObjectRef(124621163998): object was freed before callback; returning Nil.
    [1445] <engine-1>[GdPAI] ObjectRef(1382643928884): object was freed before callback; returning Nil.
    [1446] <engine-1>[GdPAI] ObjectRef(124621163998): object was freed before callback; returning Nil.
    [1447] <engine-1>[GdPAI] ObjectRef(124621163998): object was freed before callback; returning Nil.
    [1448] <engine-1>[GdPAI] ObjectRef(1382643928884): object was freed before callback; returning Nil.
    [1449] <engine-1>[GdPAI] ObjectRef(124621163998): object was freed before callback; returning Nil.
    [1450] <engine-1>[GdPAI] ObjectRef(124621163998): object was freed before callback; returning Nil.
    [1451] <engine-1>[GdPAI] ObjectRef(1382643928884): object was freed before callback; returning Nil.
    [1452] <engine-1>[GdPAI] ObjectRef(1382643928884): object was freed before callback; returning Nil.
    [1453] <engine-1>[GdPAI] ObjectRef(124621163998): object was freed before callback; returning Nil.
    [1454] <engine-1>[GdPAI] ObjectRef(124621163998): object was freed before callback; returning Nil.
    [1455] <engine-1>[GdPAI] ObjectRef(1382643928884): object was freed before callback; returning Nil.
    [1456] <engine-1>[GdPAI] ObjectRef(1382643928884): object was freed before callback; returning Nil.
    [1457] <engine-1>[GdPAI] ObjectRef(124621163998): object was freed before callback; returning Nil.
    [1458] <engine-1>[GdPAI] ObjectRef(124621163998): object was freed before callback; returning Nil.
    [1459] <engine-1>[GdPAI] ObjectRef(1382643928884): object was freed before callback; returning Nil.
    [1460] <engine-1>[GdPAI] ObjectRef(124621163998): object was freed before callback; returning Nil.
    [1461] <engine-1>[GdPAI] ObjectRef(124621163998): object was freed before callback; returning Nil.
    [1462] <engine-1>[GdPAI] ObjectRef(1382643928884): object was freed before callback; returning Nil.
    [1463] <engine-1>[GdPAI] ObjectRef(124621163998): object was freed before callback; returning Nil.
    [1464] <engine-1>[GdPAI] ObjectRef(124621163998): object was freed before callback; returning Nil.
    [1465] <engine-1>[GdPAI] ObjectRef(1382643928884): object was freed before callback; returning Nil.
    [1466] <engine-1>[GdPAI] ObjectRef(1382157389614): object was freed before callback; returning Nil.
    [1467] <engine-1>[GdPAI] ObjectRef(1382157389614): object was freed before callback; returning Nil.
    [1468] <engine-1>[GdPAI] ObjectRef(124621163998): object was freed before callback; returning Nil.
    [1469] <engine-1>[GdPAI] ObjectRef(124621163998): object was freed before callback; returning Nil.
    [1470] <engine-1>[GdPAI] ObjectRef(1382643928884): object was freed before callback; returning Nil.
    [1471] <engine-1>[GdPAI] ObjectRef(1382157389614): object was freed before callback; returning Nil.
    [1472] <engine-1>[GdPAI] ObjectRef(1382157389614): object was freed before callback; returning Nil.
    [1473] <engine-1>[GdPAI] ObjectRef(124621163998): object was freed before callback; returning Nil.
    [1474] <engine-1>[GdPAI] ObjectRef(124621163998): object was freed before callback; returning Nil.
    [1475] <engine-1>[GdPAI] ObjectRef(1382643928884): object was freed before callback; returning Nil.
    [1476] <engine-1>[GdPAI] ObjectRef(1382157389614): object was freed before callback; returning Nil.
    [1477] <engine-1>[GdPAI] ObjectRef(1382157389614): object was freed before callback; returning Nil.
    [1478] <engine-1>[GdPAI] ObjectRef(124621163998): object was freed before callback; returning Nil.
    [1479] <engine-1>[GdPAI] ObjectRef(124621163998): object was freed before callback; returning Nil.
    [1480] <engine-1>[GdPAI] ObjectRef(1382643928884): object was freed before callback; returning Nil.
    [1481] <engine-1>[GdPAI] ObjectRef(1382157389614): object was freed before callback; returning Nil.
    [1482] <engine-1>[GdPAI] ObjectRef(1382157389614): object was freed before callback; returning Nil.
    [1483] <engine-1>[GdPAI] ObjectRef(124621163998): object was freed before callback; returning Nil.
    [1484] <engine-1>[GdPAI] ObjectRef(124621163998): object was freed before callback; returning Nil.
    [1485] <engine-1>[GdPAI] ObjectRef(1382643928884): object was freed before callback; returning Nil.
    [1486] <engine-1>[GdPAI] ObjectRef(124621163998): object was freed before callback; returning Nil.
    [1487] <engine-1>[GdPAI] ObjectRef(124621163998): object was freed before callback; returning Nil.
    [1488] <engine-1>[GdPAI] ObjectRef(1382643928884): object was freed before callback; returning Nil.
    [1489] <engine-1>[GdPAI] ObjectRef(124621163998): object was freed before callback; returning Nil.
    [1490] <engine-1>[GdPAI] ObjectRef(124621163998): object was freed before callback; returning Nil.
    [1491] <engine-1>[GdPAI] ObjectRef(1382643928884): object was freed before callback; returning Nil.
    [1492] <engine-1>[GdPAI] ObjectRef(1382643928884): object was freed before callback; returning Nil.
    [1493] <engine-1>[GdPAI] ObjectRef(124621163998): object was freed before callback; returning Nil.
    [1494] <engine-1>[GdPAI] ObjectRef(124621163998): object was freed before callback; returning Nil.
    [1495] <engine-1>[GdPAI] ObjectRef(1382643928884): object was freed before callback; returning Nil.
    [1496] <engine-1>[GdPAI] ObjectRef(1382643928884): object was freed before callback; returning Nil.
    [1497] <engine-1>[GdPAI] ObjectRef(124621163998): object was freed before callback; returning Nil.
    [1498] <engine-1>[GdPAI] ObjectRef(124621163998): object was freed before callback; returning Nil.
    [1499] <engine-1>[GdPAI] ObjectRef(1382643928884): object was freed before callback; returning Nil.
    [1500] <engine-1>[GdPAI] ObjectRef(124621163998): object was freed before callback; returning Nil.
    [1501] <engine-1>[GdPAI] ObjectRef(124621163998): object was freed before callback; returning Nil.
    [1502] <engine-1>[GdPAI] ObjectRef(1382643928884): object was freed before callback; returning Nil.
    [1503] <engine-1>[GdPAI] ObjectRef(124621163998): object was freed before callback; returning Nil.
    [1504] <engine-1>[GdPAI] ObjectRef(124621163998): object was freed before callback; returning Nil.
    [1505] <engine-1>[GdPAI] ObjectRef(1382643928884): object was freed before callback; returning Nil.
    [1506] <engine-1>[GdPAI] ObjectRef(1382157389614): object was freed before callback; returning Nil.
    [1507] <engine-1>[GdPAI] ObjectRef(1382157389614): object was freed before callback; returning Nil.
    [1508] <engine-1>[GdPAI] ObjectRef(124621163998): object was freed before callback; returning Nil.
    [1509] <engine-1>[GdPAI] ObjectRef(124621163998): object was freed before callback; returning Nil.
    [1510] <engine-1>[GdPAI] ObjectRef(1382643928884): object was freed before callback; returning Nil.
    [1511] <engine-1>[GdPAI] ObjectRef(1382157389614): object was freed before callback; returning Nil.
    [1512] <engine-1>[GdPAI] ObjectRef(1382157389614): object was freed before callback; returning Nil.
    [1513] <engine-1>[GdPAI] ObjectRef(124621163998): object was freed before callback; returning Nil.
    [1514] <engine-1>[GdPAI] ObjectRef(124621163998): object was freed before callback; returning Nil.
    [1515] <engine-1>[GdPAI] ObjectRef(1382643928884): object was freed before callback; returning Nil.
    [1516] <engine-1>[GdPAI] ObjectRef(1382157389614): object was freed before callback; returning Nil.
    [1517] <engine-1>[GdPAI] ObjectRef(1382157389614): object was freed before callback; returning Nil.
    [1518] <engine-1>[GdPAI] ObjectRef(124621163998): object was freed before callback; returning Nil.
    [1519] <engine-1>[GdPAI] ObjectRef(124621163998): object was freed before callback; returning Nil.
    [1520] <engine-1>[GdPAI] ObjectRef(1382643928884): object was freed before callback; returning Nil.
    [1521] <engine-1>[GdPAI] ObjectRef(1382157389614): object was freed before callback; returning Nil.
    [1522] <engine-1>[GdPAI] ObjectRef(1382157389614): object was freed before callback; returning Nil.
    [1523] <engine-1>[GdPAI] ObjectRef(124621163998): object was freed before callback; returning Nil.
    [1524] <engine-1>[GdPAI] ObjectRef(124621163998): object was freed before callback; returning Nil.
    [1525] <engine-1>[GdPAI] ObjectRef(1382643928884): object was freed before callback; returning Nil.
    [1526] <engine-1>[GdPAI] ObjectRef(124621163998): object was freed before callback; returning Nil.
    [1527] <engine-1>[GdPAI] ObjectRef(124621163998): object was freed before callback; returning Nil.
    [1528] <engine-1>[GdPAI] ObjectRef(1382643928884): object was freed before callback; returning Nil.
    [1529] <engine-1>[GdPAI] ObjectRef(124621163998): object was freed before callback; returning Nil.
    [1530] <engine-1>[GdPAI] ObjectRef(124621163998): object was freed before callback; returning Nil.
    [1531] <engine-1>[GdPAI] ObjectRef(1382643928884): object was freed before callback; returning Nil.
    [1532] <engine-1>[GdPAI] ObjectRef(1382643928884): object was freed before callback; returning Nil.
    [1533] <engine-1>[GdPAI] ObjectRef(124621163998): object was freed before callback; returning Nil.
    [1534] <engine-1>[GdPAI] ObjectRef(124621163998): object was freed before callback; returning Nil.
    [1535] <engine-1>[GdPAI] ObjectRef(1382643928884): object was freed before callback; returning Nil.
    [1536] <engine-1>[GdPAI] ObjectRef(1382643928884): object was freed before callback; returning Nil.
    [1537] <engine-1>[GdPAI] ObjectRef(124621163998): object was freed before callback; returning Nil.
    [1538] <engine-1>[GdPAI] ObjectRef(124621163998): object was freed before callback; returning Nil.
    [1539] <engine-1>[GdPAI] ObjectRef(1382643928884): object was freed before callback; returning Nil.
    [1540] <engine-1>[GdPAI] ObjectRef(124621163998): object was freed before callback; returning Nil.
    [1541] <engine-1>[GdPAI] ObjectRef(124621163998): object was freed before callback; returning Nil.
    [1542] <engine-1>[GdPAI] ObjectRef(125359361544): object was freed before callback; returning Nil.
    [1543] <engine-1>[GdPAI] ObjectRef(124587609564): object was freed before callback; returning Nil.
    [1544] <engine-1>[GdPAI] ObjectRef(125359361544): object was freed before callback; returning Nil.
    [1545] <engine-1>[GdPAI] ObjectRef(124587609564): object was freed before callback; returning Nil.
    [1546] <engine-1>[GdPAI] ObjectRef(1382643928884): object was freed before callback; returning Nil.
    [1547] <engine-1>[GdPAI] ObjectRef(124621163998): object was freed before callback; returning Nil.
    [1548] <engine-1>[GdPAI] ObjectRef(124621163998): object was freed before callback; returning Nil.
    [1549] <engine-1>[GdPAI] ObjectRef(125359361544): object was freed before callback; returning Nil.
    [1550] <engine-1>[GdPAI] ObjectRef(124587609564): object was freed before callback; returning Nil.
    [1551] <engine-1>[GdPAI] ObjectRef(125359361544): object was freed before callback; returning Nil.
    [1552] <engine-1>[GdPAI] ObjectRef(124587609564): object was freed before callback; returning Nil.
    [1553] <engine-1>[GdPAI] ObjectRef(1382643928884): object was freed before callback; returning Nil.
    [1554] <engine-1>[GdPAI] ObjectRef(1382157389614): object was freed before callback; returning Nil.
    [1555] <engine-1>[GdPAI] ObjectRef(1382157389614): object was freed before callback; returning Nil.
    [1556] <engine-1>[GdPAI] ObjectRef(124621163998): object was freed before callback; returning Nil.
    [1557] <engine-1>[GdPAI] ObjectRef(124587609564): object was freed before callback; returning Nil.
    [1558] <engine-1>[GdPAI] ObjectRef(124587609564): object was freed before callback; returning Nil.
    [1559] <engine-1>[GdPAI] ObjectRef(1382643928884): object was freed before callback; returning Nil.
    [1560] <engine-1>[GdPAI] ObjectRef(1382157389614): object was freed before callback; returning Nil.
    [1561] <engine-1>[GdPAI] ObjectRef(1382157389614): object was freed before callback; returning Nil.
    [1562] <engine-1>[GdPAI] ObjectRef(124621163998): object was freed before callback; returning Nil.
    [1563] <engine-1>[GdPAI] ObjectRef(124587609564): object was freed before callback; returning Nil.
    [1564] <engine-1>[GdPAI] ObjectRef(124587609564): object was freed before callback; returning Nil.
    [1565] <engine-1>[GdPAI] ObjectRef(1382643928884): object was freed before callback; returning Nil.
    [1566] <engine-1>[GdPAI] ObjectRef(1382157389614): object was freed before callback; returning Nil.
    [1567] <engine-1>[GdPAI] ObjectRef(1382157389614): object was freed before callback; returning Nil.
    [1568] <engine-1>[GdPAI] ObjectRef(124621163998): object was freed before callback; returning Nil.
    [1569] <engine-1>[GdPAI] ObjectRef(125359361544): object was freed before callback; returning Nil.
    [1570] <engine-1>[GdPAI] ObjectRef(125359361544): object was freed before callback; returning Nil.
    [1571] <engine-1>[GdPAI] ObjectRef(1382643928884): object was freed before callback; returning Nil.
    [1572] <engine-1>[GdPAI] ObjectRef(1382157389614): object was freed before callback; returning Nil.
    [1573] <engine-1>[GdPAI] ObjectRef(1382157389614): object was freed before callback; returning Nil.
    [1574] <engine-1>[GdPAI] ObjectRef(124621163998): object was freed before callback; returning Nil.
    [1575] <engine-1>[GdPAI] ObjectRef(125359361544): object was freed before callback; returning Nil.
    [1576] <engine-1>[GdPAI] ObjectRef(125359361544): object was freed before callback; returning Nil.
    [1577] <engine-1>[GdPAI] ObjectRef(1382643928884): object was freed before callback; returning Nil.
    [1578] <engine-1>[GdPAI] ObjectRef(124621163998): object was freed before callback; returning Nil.
    [1579] <engine-1>[GdPAI] ObjectRef(124134624705): object was freed before callback; returning Nil.
    [1580] <engine-1>[GdPAI] ObjectRef(124134624705): object was freed before callback; returning Nil.
    [1581] <engine-1>[GdPAI] ObjectRef(1382643928884): object was freed before callback; returning Nil.
    [1582] <engine-1>[GdPAI] ObjectRef(124621163998): object was freed before callback; returning Nil.
    [1583] <engine-1>[GdPAI] ObjectRef(124134624705): object was freed before callback; returning Nil.
    [1584] <engine-1>[GdPAI] ObjectRef(124134624705): object was freed before callback; returning Nil.
    [1585] <engine-1>[GdPAI] ObjectRef(1382643928884): object was freed before callback; returning Nil.
    [1586] <engine-1>[GdPAI] ObjectRef(1382643928884): object was freed before callback; returning Nil.
    [1587] <engine-1>[GdPAI] ObjectRef(124621163998): object was freed before callback; returning Nil.
    [1588] <engine-1>[GdPAI] ObjectRef(124134624705): object was freed before callback; returning Nil.
    [1589] <engine-1>[GdPAI] ObjectRef(124134624705): object was freed before callback; returning Nil.
    [1590] <engine-1>[GdPAI] ObjectRef(1382643928884): object was freed before callback; returning Nil.
    [1591] <engine-1>[GdPAI] ObjectRef(1382643928884): object was freed before callback; returning Nil.
    [1592] <engine-1>[GdPAI] ObjectRef(124621163998): object was freed before callback; returning Nil.
    [1593] <engine-1>[GdPAI] ObjectRef(124134624705): object was freed before callback; returning Nil.
    [1594] <engine-1>[GdPAI] ObjectRef(124134624705): object was freed before callback; returning Nil.
    [1595] <engine-1>[GdPAI] ObjectRef(1382643928884): object was freed before callback; returning Nil.
    [1596] <engine-1>[GdPAI] ObjectRef(1382643928884): object was freed before callback; returning Nil.
    [1597] <engine-1>[GdPAI] ObjectRef(124621163998): object was freed before callback; returning Nil.
    [1598] <engine-1>[GdPAI] ObjectRef(1382643928884): object was freed before callback; returning Nil.
    [1599] <engine-1>[GdPAI] ObjectRef(1382643928884): object was freed before callback; returning Nil.
    [1600] <engine-1>[GdPAI] ObjectRef(124621163998): object was freed before callback; returning Nil.
    [1601] <engine-1>[GdPAI] ObjectRef(1382643928884): object was freed before callback; returning Nil.
    [1602] <engine-1>[GdPAI] ObjectRef(1382643928884): object was freed before callback; returning Nil.
    [1603] <engine-1>[GdPAI] ObjectRef(124621163998): object was freed before callback; returning Nil.
    [1604] <engine-1>[GdPAI] ObjectRef(124621163998): object was freed before callback; returning Nil.
    [1605] <engine-1>[GdPAI] ObjectRef(1382643928884): object was freed before callback; returning Nil.
    [1606] <engine-1>[GdPAI] ObjectRef(1382643928884): object was freed before callback; returning Nil.
    [1607] <engine-1>[GdPAI] ObjectRef(124621163998): object was freed before callback; returning Nil.
    [1608] <engine-1>[GdPAI] ObjectRef(124621163998): object was freed before callback; returning Nil.
    [1609] <engine-1>[GdPAI] ObjectRef(1382643928884): object was freed before callback; returning Nil.
    [1610] <engine-1>[GdPAI] ObjectRef(1382643928884): object was freed before callback; returning Nil.
    [1611] <engine-1>[GdPAI] ObjectRef(124621163998): object was freed before callback; returning Nil.
    [1612] <engine-1>[GdPAI] ObjectRef(1382643928884): object was freed before callback; returning Nil.
    [1613] <engine-1>[GdPAI] ObjectRef(1382643928884): object was freed before callback; returning Nil.
    [1614] <engine-1>[GdPAI] ObjectRef(124621163998): object was freed before callback; returning Nil.
    [1615] <engine-1>[GdPAI] ObjectRef(1382643928884): object was freed before callback; returning Nil.
    [1616] <engine-1>[GdPAI] ObjectRef(1382643928884): object was freed before callback; returning Nil.
    [1617] <engine-1>[GdPAI] ObjectRef(124621163998): object was freed before callback; returning Nil.
    [1618] <engine-1>[GdPAI] ObjectRef(1382643928884): object was freed before callback; returning Nil.
    [1619] <engine-1>[GdPAI] ObjectRef(1382643928884): object was freed before callback; returning Nil.
    [1620] <engine-1>[GdPAI] ObjectRef(124621163998): object was freed before callback; returning Nil.
    [1621] <engine-1>[GdPAI] ObjectRef(1382643928884): object was freed before callback; returning Nil.
    [1622] <engine-1>[GdPAI] ObjectRef(1382643928884): object was freed before callback; returning Nil.
    [1623] <engine-1>[GdPAI] ObjectRef(124621163998): object was freed before callback; returning Nil.
    [1624] <engine-1>[GdPAI] ObjectRef(124134624705): object was freed before callback; returning Nil.
    [1625] <engine-1>[GdPAI] ObjectRef(124134624705): object was freed before callback; returning Nil.
    [1626] <engine-1>[GdPAI] ObjectRef(1382643928884): object was freed before callback; returning Nil.
    [1627] <engine-1>[GdPAI] ObjectRef(1382643928884): object was freed before callback; returning Nil.
    [1628] <engine-1>[GdPAI] ObjectRef(124621163998): object was freed before callback; returning Nil.
    [1629] <engine-1>[GdPAI] ObjectRef(124134624705): object was freed before callback; returning Nil.
    [1630] <engine-1>[GdPAI] ObjectRef(124134624705): object was freed before callback; returning Nil.
    [1631] <engine-1>[GdPAI] ObjectRef(1382643928884): object was freed before callback; returning Nil.
    [1632] <engine-1>[GdPAI] ObjectRef(1382643928884): object was freed before callback; returning Nil.
    [1633] <engine-1>[GdPAI] ObjectRef(124621163998): object was freed before callback; returning Nil.
    [1634] <engine-1>[GdPAI] ObjectRef(124134624705): object was freed before callback; returning Nil.
    [1635] <engine-1>[GdPAI] ObjectRef(124134624705): object was freed before callback; returning Nil.
    [1636] <engine-1>[GdPAI] ObjectRef(1382643928884): object was freed before callback; returning Nil.
    [1637] <engine-1>[GdPAI] ObjectRef(1382643928884): object was freed before callback; returning Nil.
    [1638] <engine-1>[GdPAI] ObjectRef(124621163998): object was freed before callback; returning Nil.
    [1639] <engine-1>[GdPAI] ObjectRef(124134624705): object was freed before callback; returning Nil.
    [1640] <engine-1>[GdPAI] ObjectRef(124134624705): object was freed before callback; returning Nil.
    [1641] <engine-1>[GdPAI] ObjectRef(1382643928884): object was freed before callback; returning Nil.
    [1642] <engine-1>[GdPAI] ObjectRef(1382643928884): object was freed before callback; returning Nil.
    [1643] <engine-1>[GdPAI] ObjectRef(124621163998): object was freed before callback; returning Nil.
    [1644] <engine-1>[GdPAI] ObjectRef(1382643928884): object was freed before callback; returning Nil.
    [1645] <engine-1>[GdPAI] ObjectRef(1382643928884): object was freed before callback; returning Nil.
    [1646] <engine-1>[GdPAI] ObjectRef(124621163998): object was freed before callback; returning Nil.
    [1647] <engine-1>[GdPAI] ObjectRef(1382643928884): object was freed before callback; returning Nil.
    [1648] <engine-1>[GdPAI] ObjectRef(1382643928884): object was freed before callback; returning Nil.
    [1649] <engine-1>[GdPAI] ObjectRef(124621163998): object was freed before callback; returning Nil.
    [1650] <engine-1>[GdPAI] ObjectRef(124621163998): object was freed before callback; returning Nil.
    [1651] <engine-1>[GdPAI] ObjectRef(125359361544): object was freed before callback; returning Nil.
    [1652] <engine-1>[GdPAI] ObjectRef(124587609564): object was freed before callback; returning Nil.
    [1653] <engine-1>[GdPAI] ObjectRef(125359361544): object was freed before callback; returning Nil.
    [1654] <engine-1>[GdPAI] ObjectRef(124587609564): object was freed before callback; returning Nil.
    [1655] <engine-1>[GdPAI] ObjectRef(1382643928884): object was freed before callback; returning Nil.
    [1656] <engine-1>[GdPAI] ObjectRef(1382643928884): object was freed before callback; returning Nil.
    [1657] <engine-1>[GdPAI] ObjectRef(124621163998): object was freed before callback; returning Nil.
    [1658] <engine-1>[GdPAI] ObjectRef(124621163998): object was freed before callback; returning Nil.
    [1659] <engine-1>[GdPAI] ObjectRef(125359361544): object was freed before callback; returning Nil.
    [1660] <engine-1>[GdPAI] ObjectRef(124587609564): object was freed before callback; returning Nil.
    [1661] <engine-1>[GdPAI] ObjectRef(125359361544): object was freed before callback; returning Nil.
    [1662] <engine-1>[GdPAI] ObjectRef(124587609564): object was freed before callback; returning Nil.
    [1663] <engine-1>[GdPAI] ObjectRef(1382643928884): object was freed before callback; returning Nil.
    [1664] <engine-1>[GdPAI] ObjectRef(1382643928884): object was freed before callback; returning Nil.
    [1665] <engine-1>[GdPAI] ObjectRef(124621163998): object was freed before callback; returning Nil.
    [1666] <engine-1>[GdPAI] ObjectRef(124587609564): object was freed before callback; returning Nil.
    [1667] <engine-1>[GdPAI] ObjectRef(124587609564): object was freed before callback; returning Nil.
    [1668] <engine-1>[GdPAI] ObjectRef(1382643928884): object was freed before callback; returning Nil.
    [1669] <engine-1>[GdPAI] ObjectRef(1382643928884): object was freed before callback; returning Nil.
    [1670] <engine-1>[GdPAI] ObjectRef(124621163998): object was freed before callback; returning Nil.
    [1671] <engine-1>[GdPAI] ObjectRef(124587609564): object was freed before callback; returning Nil.
    [1672] <engine-1>[GdPAI] ObjectRef(124587609564): object was freed before callback; returning Nil.
    [1673] <engine-1>[GdPAI] ObjectRef(1382643928884): object was freed before callback; returning Nil.
    [1674] <engine-1>[GdPAI] ObjectRef(1382643928884): object was freed before callback; returning Nil.
    [1675] <engine-1>[GdPAI] ObjectRef(124621163998): object was freed before callback; returning Nil.
    [1676] <engine-1>[GdPAI] ObjectRef(125359361544): object was freed before callback; returning Nil.
    [1677] <engine-1>[GdPAI] ObjectRef(125359361544): object was freed before callback; returning Nil.
    [1678] <engine-1>[GdPAI] ObjectRef(1382643928884): object was freed before callback; returning Nil.
    [1679] <engine-1>[GdPAI] ObjectRef(1382643928884): object was freed before callback; returning Nil.
    [1680] <engine-1>[GdPAI] ObjectRef(124621163998): object was freed before callback; returning Nil.
    [1681] <engine-1>[GdPAI] ObjectRef(125359361544): object was freed before callback; returning Nil.
    [1682] <engine-1>[GdPAI] ObjectRef(125359361544): object was freed before callback; returning Nil.
    [1683] <engine-1>[GdPAI] ObjectRef(1382643928884): object was freed before callback; returning Nil.
    [1684] <engine-1>[GdPAI] ObjectRef(1382643928884): object was freed before callback; returning Nil.
    [1685] <engine-1>[GdPAI] ObjectRef(124621163998): object was freed before callback; returning Nil.
    [1686] <engine-1>[GdPAI] ObjectRef(124134624705): object was freed before callback; returning Nil.
    [1687] <engine-1>[GdPAI] ObjectRef(124134624705): object was freed before callback; returning Nil.
    [1688] <engine-1>[GdPAI] ObjectRef(1382643928884): object was freed before callback; returning Nil.
    [1689] <engine-1>[GdPAI] ObjectRef(1382643928884): object was freed before callback; returning Nil.
    [1690] <engine-1>[GdPAI] ObjectRef(124621163998): object was freed before callback; returning Nil.
    [1691] <engine-1>[GdPAI] ObjectRef(124134624705): object was freed before callback; returning Nil.
    [1692] <engine-1>[GdPAI] ObjectRef(124134624705): object was freed before callback; returning Nil.
    [1693] <engine-1>[GdPAI] ObjectRef(1382643928884): object was freed before callback; returning Nil.
    [1694] <engine-1>[GdPAI] ObjectRef(1382643928884): object was freed before callback; returning Nil.
    [1695] <engine-1>[GdPAI] ObjectRef(124621163998): object was freed before callback; returning Nil.
    [1696] <engine-1>[GdPAI] ObjectRef(124134624705): object was freed before callback; returning Nil.
    [1697] <engine-1>[GdPAI] ObjectRef(124134624705): object was freed before callback; returning Nil.
    [1698] <engine-1>[GdPAI] ObjectRef(1382643928884): object was freed before callback; returning Nil.
    [1699] <engine-1>[GdPAI] ObjectRef(1382643928884): object was freed before callback; returning Nil.
    [1700] <engine-1>[GdPAI] ObjectRef(124621163998): object was freed before callback; returning Nil.
    [1701] <engine-1>[GdPAI] ObjectRef(124134624705): object was freed before callback; returning Nil.
    [1702] <engine-1>[GdPAI] ObjectRef(124134624705): object was freed before callback; returning Nil.
    [1703] <engine-1>[GdPAI] ObjectRef(1382643928884): object was freed before callback; returning Nil.
    [1704] <engine-1>[GdPAI] ObjectRef(1382643928884): object was freed before callback; returning Nil.
    [1705] <engine-1>[GdPAI] ObjectRef(1383650561484): object was freed before callback; returning Nil.
    [1706] <engine-1>[GdPAI] ObjectRef(1383650561484): object was freed before callback; returning Nil.
    [1707] <engine-1>[GdPAI] ObjectRef(124621163998): object was freed before callback; returning Nil.
    [1708] <engine-1>[GdPAI] ObjectRef(1382643928884): object was freed before callback; returning Nil.
    [1709] <engine-1>[GdPAI] ObjectRef(1382643928884): object was freed before callback; returning Nil.
    [1710] <engine-1>[GdPAI] ObjectRef(1383650561484): object was freed before callback; returning Nil.
    [1711] <engine-1>[GdPAI] ObjectRef(1383650561484): object was freed before callback; returning Nil.
    [1712] <engine-1>[GdPAI] ObjectRef(124621163998): object was freed before callback; returning Nil.
    [1713] <engine-1>[GdPAI] ObjectRef(1382643928884): object was freed before callback; returning Nil.
    [1714] <engine-1>[GdPAI] ObjectRef(1383650561484): object was freed before callback; returning Nil.
    [1715] <engine-1>[GdPAI] ObjectRef(1383650561484): object was freed before callback; returning Nil.
    [1716] <engine-1>[GdPAI] ObjectRef(124621163998): object was freed before callback; returning Nil.
    [1717] <engine-1>[GdPAI] ObjectRef(124621163998): object was freed before callback; returning Nil.
    [1718] <engine-1>[GdPAI] ObjectRef(1382643928884): object was freed before callback; returning Nil.
    [1719] <engine-1>[GdPAI] ObjectRef(1383650561484): object was freed before callback; returning Nil.
    [1720] <engine-1>[GdPAI] ObjectRef(1383650561484): object was freed before callback; returning Nil.
    [1721] <engine-1>[GdPAI] ObjectRef(124621163998): object was freed before callback; returning Nil.
    [1722] <engine-1>[GdPAI] ObjectRef(124621163998): object was freed before callback; returning Nil.
    [1723] <engine-1>[GdPAI] ObjectRef(1382643928884): object was freed before callback; returning Nil.
    [1724] <engine-1>[GdPAI] ObjectRef(1382157389614): object was freed before callback; returning Nil.
    [1725] <engine-1>[GdPAI] ObjectRef(1382157389614): object was freed before callback; returning Nil.
    [1726] <engine-1>[GdPAI] ObjectRef(124621163998): object was freed before callback; returning Nil.
    [1727] <engine-1>[GdPAI] ObjectRef(1382643928884): object was freed before callback; returning Nil.
    [1728] <engine-1>[GdPAI] ObjectRef(1382157389614): object was freed before callback; returning Nil.
    [1729] <engine-1>[GdPAI] ObjectRef(1382157389614): object was freed before callback; returning Nil.
    [1730] <engine-1>[GdPAI] ObjectRef(124621163998): object was freed before callback; returning Nil.
    [1731] <engine-1>[GdPAI] ObjectRef(1382643928884): object was freed before callback; returning Nil.
    [1732] <engine-1>[GdPAI] ObjectRef(1382157389614): object was freed before callback; returning Nil.
    [1733] <engine-1>[GdPAI] ObjectRef(1382157389614): object was freed before callback; returning Nil.
    [1734] <engine-1>[GdPAI] ObjectRef(124621163998): object was freed before callback; returning Nil.
    [1735] <engine-1>[GdPAI] ObjectRef(1382643928884): object was freed before callback; returning Nil.
    [1736] <engine-1>[GdPAI] ObjectRef(1382157389614): object was freed before callback; returning Nil.
    [1737] <engine-1>[GdPAI] ObjectRef(1382157389614): object was freed before callback; returning Nil.
    [1738] <engine-1>[GdPAI] ObjectRef(124621163998): object was freed before callback; returning Nil.
    [1739] <engine-1>[GdPAI] ObjectRef(1382643928884): object was freed before callback; returning Nil.
    [1740] <engine-1>[GdPAI] ObjectRef(124621163998): object was freed before callback; returning Nil.
    [1741] <engine-1>[GdPAI] ObjectRef(124134624705): object was freed before callback; returning Nil.
    [1742] <engine-1>[GdPAI] ObjectRef(124134624705): object was freed before callback; returning Nil.
    [1743] <engine-1>[GdPAI] ObjectRef(1382643928884): object was freed before callback; returning Nil.
    [1744] <engine-1>[GdPAI] ObjectRef(124621163998): object was freed before callback; returning Nil.
    [1745] <engine-1>[GdPAI] ObjectRef(124134624705): object was freed before callback; returning Nil.
    [1746] <engine-1>[GdPAI] ObjectRef(124134624705): object was freed before callback; returning Nil.
    [1747] <engine-1>[GdPAI] ObjectRef(1382643928884): object was freed before callback; returning Nil.
    [1748] <engine-1>[GdPAI] ObjectRef(1382643928884): object was freed before callback; returning Nil.
    [1749] <engine-1>[GdPAI] ObjectRef(124621163998): object was freed before callback; returning Nil.
    [1750] <engine-1>[GdPAI] ObjectRef(124134624705): object was freed before callback; returning Nil.
    [1751] <engine-1>[GdPAI] ObjectRef(124134624705): object was freed before callback; returning Nil.
    [1752] <engine-1>[GdPAI] ObjectRef(1382643928884): object was freed before callback; returning Nil.
    [1753] <engine-1>[GdPAI] ObjectRef(1382643928884): object was freed before callback; returning Nil.
    [1754] <engine-1>[GdPAI] ObjectRef(124621163998): object was freed before callback; returning Nil.
    [1755] <engine-1>[GdPAI] ObjectRef(124134624705): object was freed before callback; returning Nil.
    [1756] <engine-1>[GdPAI] ObjectRef(124134624705): object was freed before callback; returning Nil.
    [1757] <engine-1>[GdPAI] ObjectRef(1382643928884): object was freed before callback; returning Nil.
    [1758] <engine-1>[GdPAI] ObjectRef(124621163998): object was freed before callback; returning Nil.
    [1759] <engine-1>[GdPAI] ObjectRef(1382643928884): object was freed before callback; returning Nil.
    [1760] <engine-1>[GdPAI] ObjectRef(124621163998): object was freed before callback; returning Nil.
    [1761] <engine-1>[GdPAI] ObjectRef(1382643928884): object was freed before callback; returning Nil.
    [1762] <engine-1>[GdPAI] ObjectRef(1382157389614): object was freed before callback; returning Nil.
    [1763] <engine-1>[GdPAI] ObjectRef(1382157389614): object was freed before callback; returning Nil.
    [1764] <engine-1>[GdPAI] ObjectRef(124621163998): object was freed before callback; returning Nil.
    [1765] <engine-1>[GdPAI] ObjectRef(124621163998): object was freed before callback; returning Nil.
    [1766] <engine-1>[GdPAI] ObjectRef(1382643928884): object was freed before callback; returning Nil.
    [1767] <engine-1>[GdPAI] ObjectRef(1382157389614): object was freed before callback; returning Nil.
    [1768] <engine-1>[GdPAI] ObjectRef(1382157389614): object was freed before callback; returning Nil.
    [1769] <engine-1>[GdPAI] ObjectRef(124621163998): object was freed before callback; returning Nil.
    [1770] <engine-1>[GdPAI] ObjectRef(124621163998): object was freed before callback; returning Nil.
    [1771] <engine-1>[GdPAI] ObjectRef(1382643928884): object was freed before callback; returning Nil.
    [1772] <engine-1>[GdPAI] ObjectRef(1382157389614): object was freed before callback; returning Nil.
    [1773] <engine-1>[GdPAI] ObjectRef(1382157389614): object was freed before callback; returning Nil.
    [1774] <engine-1>[GdPAI] ObjectRef(124621163998): object was freed before callback; returning Nil.
    [1775] <engine-1>[GdPAI] ObjectRef(1382643928884): object was freed before callback; returning Nil.
    [1776] <engine-1>[GdPAI] ObjectRef(1382157389614): object was freed before callback; returning Nil.
    [1777] <engine-1>[GdPAI] ObjectRef(1382157389614): object was freed before callback; returning Nil.
    [1778] <engine-1>[GdPAI] ObjectRef(124621163998): object was freed before callback; returning Nil.
    [1779] <engine-1>[GdPAI] ObjectRef(1382643928884): object was freed before callback; returning Nil.
    [1780] <engine-1>[GdPAI] ObjectRef(124621163998): object was freed before callback; returning Nil.
    [1781] <engine-1>[GdPAI] ObjectRef(1382643928884): object was freed before callback; returning Nil.
    [1782] <engine-1>[GdPAI] ObjectRef(124621163998): object was freed before callback; returning Nil.
    [1783] <engine-1>[GdPAI] ObjectRef(1382643928884): object was freed before callback; returning Nil.
    [1784] <engine-1>[GdPAI] ObjectRef(1382643928884): object was freed before callback; returning Nil.
    [1785] <engine-1>[GdPAI] ObjectRef(1383650561484): object was freed before callback; returning Nil.
    [1786] <engine-1>[GdPAI] ObjectRef(1383650561484): object was freed before callback; returning Nil.
    [1787] <engine-1>[GdPAI] ObjectRef(124621163998): object was freed before callback; returning Nil.
    [1788] <engine-1>[GdPAI] ObjectRef(124134624705): object was freed before callback; returning Nil.
    [1789] <engine-1>[GdPAI] ObjectRef(124134624705): object was freed before callback; returning Nil.
    [1790] <engine-1>[GdPAI] ObjectRef(1382643928884): object was freed before callback; returning Nil.
    [1791] <engine-1>[GdPAI] ObjectRef(1382643928884): object was freed before callback; returning Nil.
    [1792] <engine-1>[GdPAI] ObjectRef(1383650561484): object was freed before callback; returning Nil.
    [1793] <engine-1>[GdPAI] ObjectRef(1383650561484): object was freed before callback; returning Nil.
    [1794] <engine-1>[GdPAI] ObjectRef(124621163998): object was freed before callback; returning Nil.
    [1795] <engine-1>[GdPAI] ObjectRef(124134624705): object was freed before callback; returning Nil.
    [1796] <engine-1>[GdPAI] ObjectRef(124134624705): object was freed before callback; returning Nil.
    [1797] <engine-1>[GdPAI] ObjectRef(1382643928884): object was freed before callback; returning Nil.
    [1798] <engine-1>[GdPAI] ObjectRef(1383650561484): object was freed before callback; returning Nil.
    [1799] <engine-1>[GdPAI] ObjectRef(1383650561484): object was freed before callback; returning Nil.
    [1800] <engine-1>[GdPAI] ObjectRef(124621163998): object was freed before callback; returning Nil.
    [1801] <engine-1>[GdPAI] ObjectRef(124134624705): object was freed before callback; returning Nil.
    [1802] <engine-1>[GdPAI] ObjectRef(124134624705): object was freed before callback; returning Nil.
    [1803] <engine-1>[GdPAI] ObjectRef(1382643928884): object was freed before callback; returning Nil.
    [1804] <engine-1>[GdPAI] ObjectRef(1383650561484): object was freed before callback; returning Nil.
    [1805] <engine-1>[GdPAI] ObjectRef(1383650561484): object was freed before callback; returning Nil.
    [1806] <engine-1>[GdPAI] ObjectRef(124621163998): object was freed before callback; returning Nil.
    [1807] <engine-1>[GdPAI] ObjectRef(124134624705): object was freed before callback; returning Nil.
    [1808] <engine-1>[GdPAI] ObjectRef(124134624705): object was freed before callback; returning Nil.
    [1809] <engine-1>[GdPAI] ObjectRef(1382643928884): object was freed before callback; returning Nil.
    [1810] <engine-1>[GdPAI] ObjectRef(1382157389614): object was freed before callback; returning Nil.
    [1811] <engine-1>[GdPAI] ObjectRef(1382157389614): object was freed before callback; returning Nil.
    [1812] <engine-1>[GdPAI] ObjectRef(124621163998): object was freed before callback; returning Nil.
    [1813] <engine-1>[GdPAI] ObjectRef(1382643928884): object was freed before callback; returning Nil.
    [1814] <engine-1>[GdPAI] ObjectRef(1382157389614): object was freed before callback; returning Nil.
    [1815] <engine-1>[GdPAI] ObjectRef(1382157389614): object was freed before callback; returning Nil.
    [1816] <engine-1>[GdPAI] ObjectRef(124621163998): object was freed before callback; returning Nil.
    [1817] <engine-1>[GdPAI] ObjectRef(1382643928884): object was freed before callback; returning Nil.
    [1818] <engine-1>[GdPAI] ObjectRef(1382157389614): object was freed before callback; returning Nil.
    [1819] <engine-1>[GdPAI] ObjectRef(1382157389614): object was freed before callback; returning Nil.
    [1820] <engine-1>[GdPAI] ObjectRef(124621163998): object was freed before callback; returning Nil.
    [1821] <engine-1>[GdPAI] ObjectRef(124621163998): object was freed before callback; returning Nil.
    [1822] <engine-1>[GdPAI] ObjectRef(1382643928884): object was freed before callback; returning Nil.
    [1823] <engine-1>[GdPAI] ObjectRef(1382157389614): object was freed before callback; returning Nil.
    [1824] <engine-1>[GdPAI] ObjectRef(1382157389614): object was freed before callback; returning Nil.
    [1825] <engine-1>[GdPAI] ObjectRef(124621163998): object was freed before callback; returning Nil.
    [1826] <engine-1>[GdPAI] ObjectRef(124621163998): object was freed before callback; returning Nil.
    [1827] <engine-1>[GdPAI] ObjectRef(1382643928884): object was freed before callback; returning Nil.
    [1828] <engine-1>[GdPAI] ObjectRef(124621163998): object was freed before callback; returning Nil.
    [1829] <engine-1>[GdPAI] ObjectRef(1382643928884): object was freed before callback; returning Nil.
    [1830] <engine-1>[GdPAI] ObjectRef(124621163998): object was freed before callback; returning Nil.
    [1831] <engine-1>[GdPAI] ObjectRef(1382643928884): object was freed before callback; returning Nil.
    [1832] <engine-1>[GdPAI] ObjectRef(1382643928884): object was freed before callback; returning Nil.
    [1833] <engine-1>[GdPAI] ObjectRef(124621163998): object was freed before callback; returning Nil.
    [1834] <engine-1>[GdPAI] ObjectRef(1382643928884): object was freed before callback; returning Nil.
    [1835] <engine-1>[GdPAI] ObjectRef(1382643928884): object was freed before callback; returning Nil.
    [1836] <engine-1>[GdPAI] ObjectRef(124621163998): object was freed before callback; returning Nil.
    [1837] <engine-1>[GdPAI] ObjectRef(1382643928884): object was freed before callback; returning Nil.
    [1838] <engine-1>[GdPAI] ObjectRef(124621163998): object was freed before callback; returning Nil.
    [1839] <engine-1>[GdPAI] ObjectRef(124134624705): object was freed before callback; returning Nil.
    [1840] <engine-1>[GdPAI] ObjectRef(124134624705): object was freed before callback; returning Nil.
    [1841] <engine-1>[GdPAI] ObjectRef(1382643928884): object was freed before callback; returning Nil.
    [1842] <engine-1>[GdPAI] ObjectRef(124621163998): object was freed before callback; returning Nil.
    [1843] <engine-1>[GdPAI] ObjectRef(124134624705): object was freed before callback; returning Nil.
    [1844] <engine-1>[GdPAI] ObjectRef(124134624705): object was freed before callback; returning Nil.
    [1845] <engine-1>[GdPAI] ObjectRef(1382643928884): object was freed before callback; returning Nil.
    [1846] <engine-1>[GdPAI] ObjectRef(1382157389614): object was freed before callback; returning Nil.
    [1847] <engine-1>[GdPAI] ObjectRef(1382157389614): object was freed before callback; returning Nil.
    [1848] <engine-1>[GdPAI] ObjectRef(124621163998): object was freed before callback; returning Nil.
    [1849] <engine-1>[GdPAI] ObjectRef(124134624705): object was freed before callback; returning Nil.
    [1850] <engine-1>[GdPAI] ObjectRef(124134624705): object was freed before callback; returning Nil.
    [1851] <engine-1>[GdPAI] ObjectRef(1382643928884): object was freed before callback; returning Nil.
    [1852] <engine-1>[GdPAI] ObjectRef(1382157389614): object was freed before callback; returning Nil.
    [1853] <engine-1>[GdPAI] ObjectRef(1382157389614): object was freed before callback; returning Nil.
    [1854] <engine-1>[GdPAI] ObjectRef(124621163998): object was freed before callback; returning Nil.
    [1855] <engine-1>[GdPAI] ObjectRef(124134624705): object was freed before callback; returning Nil.
    [1856] <engine-1>[GdPAI] ObjectRef(124134624705): object was freed before callback; returning Nil.
    [1857] <engine-1>[GdPAI] ObjectRef(1382643928884): object was freed before callback; returning Nil.
    [1858] <engine-1>[GdPAI] ObjectRef(1382157389614): object was freed before callback; returning Nil.
    [1859] <engine-1>[GdPAI] ObjectRef(1382157389614): object was freed before callback; returning Nil.
    [1860] <engine-1>[GdPAI] ObjectRef(124621163998): object was freed before callback; returning Nil.
    [1861] <engine-1>[GdPAI] ObjectRef(1382643928884): object was freed before callback; returning Nil.
    [1862] <engine-1>[GdPAI] ObjectRef(1382157389614): object was freed before callback; returning Nil.
    [1863] <engine-1>[GdPAI] ObjectRef(1382157389614): object was freed before callback; returning Nil.
    [1864] <engine-1>[GdPAI] ObjectRef(124621163998): object was freed before callback; returning Nil.
    [1865] <engine-1>[GdPAI] ObjectRef(1382643928884): object was freed before callback; returning Nil.
    [1866] <engine-1>[GdPAI] ObjectRef(124621163998): object was freed before callback; returning Nil.
    [1867] <engine-1>[GdPAI] ObjectRef(124621163998): object was freed before callback; returning Nil.
    [1868] <engine-1>[GdPAI] ObjectRef(1382643928884): object was freed before callback; returning Nil.
    [1869] <engine-1>[GdPAI] ObjectRef(124621163998): object was freed before callback; returning Nil.
    [1870] <engine-1>[GdPAI] ObjectRef(124621163998): object was freed before callback; returning Nil.
    [1871] <engine-1>[GdPAI] ObjectRef(1382643928884): object was freed before callback; returning Nil.
    [1872] <engine-1>[GdPAI] ObjectRef(1382643928884): object was freed before callback; returning Nil.
    [1873] <engine-1>[GdPAI] ObjectRef(124621163998): object was freed before callback; returning Nil.
    [1874] <engine-1>[GdPAI] ObjectRef(1382643928884): object was freed before callback; returning Nil.
    [1875] <engine-1>[GdPAI] ObjectRef(1382643928884): object was freed before callback; returning Nil.
    [1876] <engine-1>[GdPAI] ObjectRef(124621163998): object was freed before callback; returning Nil.
    [1877] <engine-1>[GdPAI] ObjectRef(1382643928884): object was freed before callback; returning Nil.
    [1878] <engine-1>[GdPAI] ObjectRef(124621163998): object was freed before callback; returning Nil.
    [1879] <engine-1>[GdPAI] ObjectRef(1382643928884): object was freed before callback; returning Nil.
    [1880] <engine-1>[GdPAI] ObjectRef(124621163998): object was freed before callback; returning Nil.
    [1881] <engine-1>[GdPAI] ObjectRef(1382643928884): object was freed before callback; returning Nil.
    [1882] <engine-1>[GdPAI] ObjectRef(1382157389614): object was freed before callback; returning Nil.
    [1883] <engine-1>[GdPAI] ObjectRef(1382157389614): object was freed before callback; returning Nil.
    [1884] <engine-1>[GdPAI] ObjectRef(124621163998): object was freed before callback; returning Nil.
    [1885] <engine-1>[GdPAI] ObjectRef(124134624705): object was freed before callback; returning Nil.
    [1886] <engine-1>[GdPAI] ObjectRef(124134624705): object was freed before callback; returning Nil.
    [1887] <engine-1>[GdPAI] ObjectRef(1382643928884): object was freed before callback; returning Nil.
    [1888] <engine-1>[GdPAI] ObjectRef(1382157389614): object was freed before callback; returning Nil.
    [1889] <engine-1>[GdPAI] ObjectRef(1382157389614): object was freed before callback; returning Nil.
    [1890] <engine-1>[GdPAI] ObjectRef(124621163998): object was freed before callback; returning Nil.
    [1891] <engine-1>[GdPAI] ObjectRef(124134624705): object was freed before callback; returning Nil.
    [1892] <engine-1>[GdPAI] ObjectRef(124134624705): object was freed before callback; returning Nil.
    [1893] <engine-1>[GdPAI] ObjectRef(1382643928884): object was freed before callback; returning Nil.
    [1894] <engine-1>[GdPAI] ObjectRef(1382157389614): object was freed before callback; returning Nil.
    [1895] <engine-1>[GdPAI] ObjectRef(1382157389614): object was freed before callback; returning Nil.
    [1896] <engine-1>[GdPAI] ObjectRef(124621163998): object was freed before callback; returning Nil.
    [1897] <engine-1>[GdPAI] ObjectRef(124134624705): object was freed before callback; returning Nil.
    [1898] <engine-1>[GdPAI] ObjectRef(124134624705): object was freed before callback; returning Nil.
    [1899] <engine-1>[GdPAI] ObjectRef(1382643928884): object was freed before callback; returning Nil.
    [1900] <engine-1>[GdPAI] ObjectRef(1382157389614): object was freed before callback; returning Nil.
    [1901] <engine-1>[GdPAI] ObjectRef(1382157389614): object was freed before callback; returning Nil.
    [1902] <engine-1>[GdPAI] ObjectRef(124621163998): object was freed before callback; returning Nil.
    [1903] <engine-1>[GdPAI] ObjectRef(124134624705): object was freed before callback; returning Nil.
    [1904] <engine-1>[GdPAI] ObjectRef(124134624705): object was freed before callback; returning Nil.
    [1905] <engine-1>[GdPAI] ObjectRef(1382643928884): object was freed before callback; returning Nil.
    [1906] <engine-1>[GdPAI] ObjectRef(124621163998): object was freed before callback; returning Nil.
    [1907] <engine-1>[GdPAI] ObjectRef(1382643928884): object was freed before callback; returning Nil.
    [1908] <engine-1>[GdPAI] ObjectRef(124621163998): object was freed before callback; returning Nil.
    [1909] <engine-1>[GdPAI] ObjectRef(1382643928884): object was freed before callback; returning Nil.
    [1910] <engine-1>[GdPAI] ObjectRef(1382643928884): object was freed before callback; returning Nil.
    [1911] <engine-1>[GdPAI] ObjectRef(124621163998): object was freed before callback; returning Nil.
    [1912] <engine-1>[GdPAI] ObjectRef(124621163998): object was freed before callback; returning Nil.
    [1913] <engine-1>[GdPAI] ObjectRef(1382643928884): object was freed before callback; returning Nil.
    [1914] <engine-1>[GdPAI] ObjectRef(1382643928884): object was freed before callback; returning Nil.
    [1915] <engine-1>[GdPAI] ObjectRef(124621163998): object was freed before callback; returning Nil.
    [1916] <engine-1>[GdPAI] ObjectRef(124621163998): object was freed before callback; returning Nil.
    [1917] <engine-1>[GdPAI] ObjectRef(1382643928884): object was freed before callback; returning Nil.
    [1918] <engine-1>[GdPAI] ObjectRef(124621163998): object was freed before callback; returning Nil.
    [1919] <engine-1>[GdPAI] ObjectRef(1382643928884): object was freed before callback; returning Nil.
    [1920] <engine-1>[GdPAI] ObjectRef(124621163998): object was freed before callback; returning Nil.
    [1921] <engine-1>[GdPAI] ObjectRef(1382643928884): object was freed before callback; returning Nil.
    [1922] <engine-1>[GdPAI] ObjectRef(1382157389614): object was freed before callback; returning Nil.
    [1923] <engine-1>[GdPAI] ObjectRef(1382157389614): object was freed before callback; returning Nil.
    [1924] <engine-1>[GdPAI] ObjectRef(124621163998): object was freed before callback; returning Nil.
    [1925] <engine-1>[GdPAI] ObjectRef(1382643928884): object was freed before callback; returning Nil.
    [1926] <engine-1>[GdPAI] ObjectRef(1382157389614): object was freed before callback; returning Nil.
    [1927] <engine-1>[GdPAI] ObjectRef(1382157389614): object was freed before callback; returning Nil.
    [1928] <engine-1>[GdPAI] ObjectRef(124621163998): object was freed before callback; returning Nil.
    [1929] <engine-1>[GdPAI] ObjectRef(1382643928884): object was freed before callback; returning Nil.
    [1930] <engine-1>[GdPAI] ObjectRef(1382157389614): object was freed before callback; returning Nil.
    [1931] <engine-1>[GdPAI] ObjectRef(1382157389614): object was freed before callback; returning Nil.
    [1932] <engine-1>[GdPAI] ObjectRef(124621163998): object was freed before callback; returning Nil.
    [1933] <engine-1>[GdPAI] ObjectRef(124134624705): object was freed before callback; returning Nil.
    [1934] <engine-1>[GdPAI] ObjectRef(124134624705): object was freed before callback; returning Nil.
    [1935] <engine-1>[GdPAI] ObjectRef(1382643928884): object was freed before callback; returning Nil.
    [1936] <engine-1>[GdPAI] ObjectRef(1382157389614): object was freed before callback; returning Nil.
    [1937] <engine-1>[GdPAI] ObjectRef(1382157389614): object was freed before callback; returning Nil.
    [1938] <engine-1>[GdPAI] ObjectRef(124621163998): object was freed before callback; returning Nil.
    [1939] <engine-1>[GdPAI] ObjectRef(124134624705): object was freed before callback; returning Nil.
    [1940] <engine-1>[GdPAI] ObjectRef(124134624705): object was freed before callback; returning Nil.
    [1941] <engine-1>[GdPAI] ObjectRef(1382643928884): object was freed before callback; returning Nil.
    [1942] <engine-1>[GdPAI] ObjectRef(124621163998): object was freed before callback; returning Nil.
    [1943] <engine-1>[GdPAI] ObjectRef(124134624705): object was freed before callback; returning Nil.
    [1944] <engine-1>[GdPAI] ObjectRef(124134624705): object was freed before callback; returning Nil.
    [1945] <engine-1>[GdPAI] ObjectRef(1382643928884): object was freed before callback; returning Nil.
    [1946] <engine-1>[GdPAI] ObjectRef(124621163998): object was freed before callback; returning Nil.
    [1947] <engine-1>[GdPAI] ObjectRef(124134624705): object was freed before callback; returning Nil.
    [1948] <engine-1>[GdPAI] ObjectRef(124134624705): object was freed before callback; returning Nil.
    [1949] <engine-1>[GdPAI] ObjectRef(1382643928884): object was freed before callback; returning Nil.
    [1950] <engine-1>[GdPAI] ObjectRef(1382643928884): object was freed before callback; returning Nil.
    [1951] <engine-1>[GdPAI] ObjectRef(124621163998): object was freed before callback; returning Nil.
    [1952] <engine-1>[GdPAI] ObjectRef(1382643928884): object was freed before callback; returning Nil.
    [1953] <engine-1>[GdPAI] ObjectRef(1382643928884): object was freed before callback; returning Nil.
    [1954] <engine-1>[GdPAI] ObjectRef(124621163998): object was freed before callback; returning Nil.
    [1955] <engine-1>[GdPAI] ObjectRef(1382643928884): object was freed before callback; returning Nil.
    [1956] <engine-1>[GdPAI] ObjectRef(124621163998): object was freed before callback; returning Nil.
    [1957] <engine-1>[GdPAI] ObjectRef(124621163998): object was freed before callback; returning Nil.
    [1958] <engine-1>[GdPAI] ObjectRef(1382643928884): object was freed before callback; returning Nil.
    [1959] <engine-1>[GdPAI] ObjectRef(124621163998): object was freed before callback; returning Nil.
    [1960] <engine-1>[GdPAI] ObjectRef(124621163998): object was freed before callback; returning Nil.
    [1961] <engine-1>[GdPAI] ObjectRef(1382643928884): object was freed before callback; returning Nil.
    [1962] <engine-1>[GdPAI] ObjectRef(1382157389614): object was freed before callback; returning Nil.
    [1963] <engine-1>[GdPAI] ObjectRef(1382157389614): object was freed before callback; returning Nil.
    [1964] <engine-1>[GdPAI] ObjectRef(124621163998): object was freed before callback; returning Nil.
    [1965] <engine-1>[GdPAI] ObjectRef(124621163998): object was freed before callback; returning Nil.
    [1966] <engine-1>[GdPAI] ObjectRef(1382643928884): object was freed before callback; returning Nil.
    [1967] <engine-1>[GdPAI] ObjectRef(1382157389614): object was freed before callback; returning Nil.
    [1968] <engine-1>[GdPAI] ObjectRef(1382157389614): object was freed before callback; returning Nil.
    [1969] <engine-1>[GdPAI] ObjectRef(124621163998): object was freed before callback; returning Nil.
    [1970] <engine-1>[GdPAI] ObjectRef(124621163998): object was freed before callback; returning Nil.
    [1971] <engine-1>[GdPAI] ObjectRef(1382643928884): object was freed before callback; returning Nil.
    [1972] <engine-1>[GdPAI] ObjectRef(1382157389614): object was freed before callback; returning Nil.
    [1973] <engine-1>[GdPAI] ObjectRef(1382157389614): object was freed before callback; returning Nil.
    [1974] <engine-1>[GdPAI] ObjectRef(124621163998): object was freed before callback; returning Nil.
    [1975] <engine-1>[GdPAI] ObjectRef(124621163998): object was freed before callback; returning Nil.
    [1976] <engine-1>[GdPAI] ObjectRef(1382643928884): object was freed before callback; returning Nil.
    [1977] <engine-1>[GdPAI] ObjectRef(1382157389614): object was freed before callback; returning Nil.
    [1978] <engine-1>[GdPAI] ObjectRef(1382157389614): object was freed before callback; returning Nil.
    [1979] <engine-1>[GdPAI] ObjectRef(124621163998): object was freed before callback; returning Nil.
    [1980] <engine-1>[GdPAI] ObjectRef(124621163998): object was freed before callback; returning Nil.
    [1981] <engine-1>[GdPAI] ObjectRef(1382643928884): object was freed before callback; returning Nil.
    [1982] <engine-1>[GdPAI] ObjectRef(124621163998): object was freed before callback; returning Nil.
    [1983] <engine-1>[GdPAI] ObjectRef(124621163998): object was freed before callback; returning Nil.
    [1984] <engine-1>[GdPAI] ObjectRef(1382643928884): object was freed before callback; returning Nil.
    [1985] <engine-1>[GdPAI] ObjectRef(124621163998): object was freed before callback; returning Nil.
    [1986] <engine-1>[GdPAI] ObjectRef(124621163998): object was freed before callback; returning Nil.
    [1987] <engine-1>[GdPAI] ObjectRef(1382643928884): object was freed before callback; returning Nil.
    [1988] <engine-1>[GdPAI] ObjectRef(1382643928884): object was freed before callback; returning Nil.
    [1989] <engine-1>[GdPAI] ObjectRef(124621163998): object was freed before callback; returning Nil.
    [1990] <engine-1>[GdPAI] ObjectRef(124621163998): object was freed before callback; returning Nil.
    [1991] <engine-1>[GdPAI] ObjectRef(1382643928884): object was freed before callback; returning Nil.
    [1992] <engine-1>[GdPAI] ObjectRef(1382643928884): object was freed before callback; returning Nil.
    [1993] <engine-1>[GdPAI] ObjectRef(124621163998): object was freed before callback; returning Nil.
    [1994] <engine-1>[GdPAI] ObjectRef(124621163998): object was freed before callback; returning Nil.
    [1995] <engine-1>[GdPAI] ObjectRef(1382643928884): object was freed before callback; returning Nil.
    [1996] <engine-1>[GdPAI] ObjectRef(124621163998): object was freed before callback; returning Nil.
    [1997] <engine-1>[GdPAI] ObjectRef(124621163998): object was freed before callback; returning Nil.
    [1998] <engine-1>[GdPAI] ObjectRef(1382643928884): object was freed before callback; returning Nil.
    [1999] <engine-1>[GdPAI] ObjectRef(124621163998): object was freed before callback; returning Nil.
    [2000] <engine-1>[GdPAI] ObjectRef(124621163998): object was freed before callback; returning Nil.
    [2001] <engine-1>[GdPAI] ObjectRef(1382643928884): object was freed before callback; returning Nil.
    [2002] <engine-1>[GdPAI] ObjectRef(1382157389614): object was freed before callback; returning Nil.
    [2003] <engine-1>[GdPAI] ObjectRef(1382157389614): object was freed before callback; returning Nil.
    [2004] <engine-1>[GdPAI] ObjectRef(124621163998): object was freed before callback; returning Nil.
    [2005] <engine-1>[GdPAI] ObjectRef(124621163998): object was freed before callback; returning Nil.
    [2006] <engine-1>[GdPAI] ObjectRef(1382643928884): object was freed before callback; returning Nil.
    [2007] <engine-1>[GdPAI] ObjectRef(1382157389614): object was freed before callback; returning Nil.
    [2008] <engine-1>[GdPAI] ObjectRef(1382157389614): object was freed before callback; returning Nil.
    [2009] <engine-1>[GdPAI] ObjectRef(124621163998): object was freed before callback; returning Nil.
    [2010] <engine-1>[GdPAI] ObjectRef(124621163998): object was freed before callback; returning Nil.
    [2011] <engine-1>[GdPAI] ObjectRef(1382643928884): object was freed before callback; returning Nil.
    [2012] <engine-1>[GdPAI] ObjectRef(1382157389614): object was freed before callback; returning Nil.
    [2013] <engine-1>[GdPAI] ObjectRef(1382157389614): object was freed before callback; returning Nil.
    [2014] <engine-1>[GdPAI] ObjectRef(124621163998): object was freed before callback; returning Nil.
    [2015] <engine-1>[GdPAI] ObjectRef(124621163998): object was freed before callback; returning Nil.
    [2016] <engine-1>[GdPAI] ObjectRef(1382643928884): object was freed before callback; returning Nil.
    [2017] <engine-1>[GdPAI] ObjectRef(1382157389614): object was freed before callback; returning Nil.
    [2018] <engine-1>[GdPAI] ObjectRef(1382157389614): object was freed before callback; returning Nil.
    [2019] <engine-1>[GdPAI] ObjectRef(124621163998): object was freed before callback; returning Nil.
    [2020] <engine-1>[GdPAI] ObjectRef(124621163998): object was freed before callback; returning Nil.
    [2021] <engine-1>[GdPAI] ObjectRef(1382643928884): object was freed before callback; returning Nil.
    [2022] <engine-1>[GdPAI] ObjectRef(124621163998): object was freed before callback; returning Nil.
    [2023] <engine-1>[GdPAI] ObjectRef(124621163998): object was freed before callback; returning Nil.
    [2024] <engine-1>[GdPAI] ObjectRef(1382643928884): object was freed before callback; returning Nil.
    [2025] <engine-1>[GdPAI] ObjectRef(124621163998): object was freed before callback; returning Nil.
    [2026] <engine-1>[GdPAI] ObjectRef(124621163998): object was freed before callback; returning Nil.
    [2027] <engine-1>[GdPAI] ObjectRef(1382643928884): object was freed before callback; returning Nil.
    [2028] <engine-1>[GdPAI] ObjectRef(1382643928884): object was freed before callback; returning Nil.
    [2029] <engine-1>[GdPAI] ObjectRef(124621163998): object was freed before callback; returning Nil.
    [2030] <engine-1>[GdPAI] ObjectRef(124621163998): object was freed before callback; returning Nil.
    [2031] <engine-1>[GdPAI] ObjectRef(1382643928884): object was freed before callback; returning Nil.
    [2032] <engine-1>[GdPAI] ObjectRef(1382643928884): object was freed before callback; returning Nil.
    [2033] <engine-1>[GdPAI] ObjectRef(124621163998): object was freed before callback; returning Nil.
    [2034] <engine-1>[GdPAI] ObjectRef(124621163998): object was freed before callback; returning Nil.
    [2035] <engine-1>[GdPAI] ObjectRef(1382643928884): object was freed before callback; returning Nil.
    [2036] <engine-1>[GdPAI] ObjectRef(1382643928884): object was freed before callback; returning Nil.
    [2037] <engine-1>[GdPAI] ObjectRef(124621163998): object was freed before callback; returning Nil.
    [2038] <engine-1>[GdPAI] ObjectRef(124621163998): object was freed before callback; returning Nil.
    [2039] <engine-1>[GdPAI] ObjectRef(1382643928884): object was freed before callback; returning Nil.
    [2040] <engine-1>[GdPAI] ObjectRef(1382643928884): object was freed before callback; returning Nil.
    [2041] <engine-1>[GdPAI] ObjectRef(124621163998): object was freed before callback; returning Nil.
    [2042] <engine-1>[GdPAI] ObjectRef(124621163998): object was freed before callback; returning Nil.
    [2043] <engine-1>[GdPAI] ObjectRef(1382643928884): object was freed before callback; returning Nil.
    [2044] <engine-1>[GdPAI] ObjectRef(1382643928884): object was freed before callback; returning Nil.
    [2045] <engine-1>[GdPAI] ObjectRef(124621163998): object was freed before callback; returning Nil.
    [2046] <engine-1>[GdPAI] ObjectRef(124621163998): object was freed before callback; returning Nil.
    [2047] <engine-1>[GdPAI] ObjectRef(1382643928884): object was freed before callback; returning Nil.
    [2048] <engine-1>[GdPAI] ObjectRef(1382643928884): object was freed before callback; returning Nil.
    [2049] <engine-1>[GdPAI] ObjectRef(124621163998): object was freed before callback; returning Nil.
    [2050] <engine-1>[GdPAI] ObjectRef(124621163998): object was freed before callback; returning Nil.
    [2051] <engine-1>[GdPAI] ObjectRef(1382643928884): object was freed before callback; returning Nil.
    [2052] <engine-1>[GdPAI] ObjectRef(1382643928884): object was freed before callback; returning Nil.
    [2053] <engine-1>[GdPAI] ObjectRef(124621163998): object was freed before callback; returning Nil.
    [2054] <engine-1>[GdPAI] ObjectRef(124621163998): object was freed before callback; returning Nil.
    [2055] <engine-1>[GdPAI] ObjectRef(1382643928884): object was freed before callback; returning Nil.
    [2056] <engine-1>[GdPAI] ObjectRef(1382643928884): object was freed before callback; returning Nil.
    [2057] <engine-1>[GdPAI] ObjectRef(124621163998): object was freed before callback; returning Nil.
    [2058] <engine-1>[GdPAI] ObjectRef(124621163998): object was freed before callback; returning Nil.
    [2059] <engine-1>[GdPAI] ObjectRef(1382643928884): object was freed before callback; returning Nil.
    [2060] <engine-1>[GdPAI] ObjectRef(1382643928884): object was freed before callback; returning Nil.
    [2061] <engine-1>[GdPAI] ObjectRef(124621163998): object was freed before callback; returning Nil.
    [2062] <engine-1>[GdPAI] ObjectRef(124621163998): object was freed before callback; returning Nil.
    [2063] <engine-1>[GdPAI] ObjectRef(125359361544): object was freed before callback; returning Nil.
    [2064] <engine-1>[GdPAI] ObjectRef(124436614611): object was freed before callback; returning Nil.
    [2065] <engine-1>[GdPAI] ObjectRef(125359361544): object was freed before callback; returning Nil.
    [2066] <engine-1>[GdPAI] ObjectRef(124436614611): object was freed before callback; returning Nil.
    [2067] <engine-1>[GdPAI] ObjectRef(1382643928884): object was freed before callback; returning Nil.
    [2068] <engine-1>[GdPAI] ObjectRef(1382643928884): object was freed before callback; returning Nil.
    [2069] <engine-1>[GdPAI] ObjectRef(124621163998): object was freed before callback; returning Nil.
    [2070] <engine-1>[GdPAI] ObjectRef(124621163998): object was freed before callback; returning Nil.
    [2071] <engine-1>[GdPAI] ObjectRef(125359361544): object was freed before callback; returning Nil.
    [2072] <engine-1>[GdPAI] ObjectRef(124436614611): object was freed before callback; returning Nil.
    [2073] <engine-1>[GdPAI] ObjectRef(125359361544): object was freed before callback; returning Nil.
    [2074] <engine-1>[GdPAI] ObjectRef(124436614611): object was freed before callback; returning Nil.
    [2075] <engine-1>[GdPAI] ObjectRef(1382643928884): object was freed before callback; returning Nil.
    [2076] <engine-1>[GdPAI] ObjectRef(1382643928884): object was freed before callback; returning Nil.
    [2077] <engine-1>[GdPAI] ObjectRef(124621163998): object was freed before callback; returning Nil.
    [2078] <engine-1>[GdPAI] ObjectRef(124436614611): object was freed before callback; returning Nil.
    [2079] <engine-1>[GdPAI] ObjectRef(124436614611): object was freed before callback; returning Nil.
    [2080] <engine-1>[GdPAI] ObjectRef(1382643928884): object was freed before callback; returning Nil.
    [2081] <engine-1>[GdPAI] ObjectRef(1382643928884): object was freed before callback; returning Nil.
    [2082] <engine-1>[GdPAI] ObjectRef(124621163998): object was freed before callback; returning Nil.
    [2083] <engine-1>[GdPAI] ObjectRef(124436614611): object was freed before callback; returning Nil.
    [2084] <engine-1>[GdPAI] ObjectRef(124436614611): object was freed before callback; returning Nil.
    [2085] <engine-1>[GdPAI] ObjectRef(1382643928884): object was freed before callback; returning Nil.
    [2086] <engine-1>[GdPAI] ObjectRef(1382643928884): object was freed before callback; returning Nil.
    [2087] <engine-1>[GdPAI] ObjectRef(124621163998): object was freed before callback; returning Nil.
    [2088] <engine-1>[GdPAI] ObjectRef(125359361544): object was freed before callback; returning Nil.
    [2089] <engine-1>[GdPAI] ObjectRef(125359361544): object was freed before callback; returning Nil.
    [2090] <engine-1>[GdPAI] ObjectRef(1382643928884): object was freed before callback; returning Nil.
    [2091] <engine-1>[GdPAI] ObjectRef(1382643928884): object was freed before callback; returning Nil.
    [2092] <engine-1>[GdPAI] ObjectRef(124621163998): object was freed before callback; returning Nil.
    [2093] <engine-1>[GdPAI] ObjectRef(125359361544): object was freed before callback; returning Nil.
    [2094] <engine-1>[GdPAI] ObjectRef(125359361544): object was freed before callback; returning Nil.
    [2095] <engine-1>[GdPAI] ObjectRef(1382643928884): object was freed before callback; returning Nil.
    [2096] <engine-1>[GdPAI] ObjectRef(1382643928884): object was freed before callback; returning Nil.
    [2097] <engine-1>[GdPAI] ObjectRef(124621163998): object was freed before callback; returning Nil.
    [2098] <engine-1>[GdPAI] ObjectRef(124134624705): object was freed before callback; returning Nil.
    [2099] <engine-1>[GdPAI] ObjectRef(124134624705): object was freed before callback; returning Nil.
    [2100] <engine-1>[GdPAI] ObjectRef(1382643928884): object was freed before callback; returning Nil.
    [2101] <engine-1>[GdPAI] ObjectRef(1382643928884): object was freed before callback; returning Nil.
    [2102] <engine-1>[GdPAI] ObjectRef(124621163998): object was freed before callback; returning Nil.
    [2103] <engine-1>[GdPAI] ObjectRef(124134624705): object was freed before callback; returning Nil.
    [2104] <engine-1>[GdPAI] ObjectRef(124134624705): object was freed before callback; returning Nil.
    [2105] <engine-1>[GdPAI] ObjectRef(1382643928884): object was freed before callback; returning Nil.
    [2106] <engine-1>[GdPAI] ObjectRef(1382643928884): object was freed before callback; returning Nil.
    [2107] <engine-1>[GdPAI] ObjectRef(124621163998): object was freed before callback; returning Nil.
    [2108] <engine-1>[GdPAI] ObjectRef(124134624705): object was freed before callback; returning Nil.
    [2109] <engine-1>[GdPAI] ObjectRef(124134624705): object was freed before callback; returning Nil.
    [2110] <engine-1>[GdPAI] ObjectRef(1382643928884): object was freed before callback; returning Nil.
    [2111] <engine-1>[GdPAI] ObjectRef(1382643928884): object was freed before callback; returning Nil.
    [2112] <engine-1>[GdPAI] ObjectRef(124621163998): object was freed before callback; returning Nil.
    [2113] <engine-1>[GdPAI] ObjectRef(124134624705): object was freed before callback; returning Nil.
    [2114] <engine-1>[GdPAI] ObjectRef(124134624705): object was freed before callback; returning Nil.
    [2115] <engine-1>[GdPAI] ObjectRef(1382643928884): object was freed before callback; returning Nil.
    [2116] <engine-1>[GdPAI] ObjectRef(1382643928884): object was freed before callback; returning Nil.
    [2117] <engine-1>[GdPAI] ObjectRef(124621163998): object was freed before callback; returning Nil.
    [2118] <engine-1>[GdPAI] ObjectRef(1382643928884): object was freed before callback; returning Nil.
    [2119] <engine-1>[GdPAI] ObjectRef(1382643928884): object was freed before callback; returning Nil.
    [2120] <engine-1>[GdPAI] ObjectRef(124621163998): object was freed before callback; returning Nil.
    [2121] <engine-1>[GdPAI] ObjectRef(1382643928884): object was freed before callback; returning Nil.
    [2122] <engine-1>[GdPAI] ObjectRef(1382643928884): object was freed before callback; returning Nil.
    [2123] <engine-1>[GdPAI] ObjectRef(124621163998): object was freed before callback; returning Nil.
    [2124] <engine-1>[GdPAI] ObjectRef(124621163998): object was freed before callback; returning Nil.
    [2125] <engine-1>[GdPAI] ObjectRef(1382643928884): object was freed before callback; returning Nil.
    [2126] <engine-1>[GdPAI] ObjectRef(1382643928884): object was freed before callback; returning Nil.
    [2127] <engine-1>[GdPAI] ObjectRef(124621163998): object was freed before callback; returning Nil.
    [2128] <engine-1>[GdPAI] ObjectRef(124621163998): object was freed before callback; returning Nil.
    [2129] <engine-1>[GdPAI] ObjectRef(1382643928884): object was freed before callback; returning Nil.
    [2130] <engine-1>[GdPAI] ObjectRef(1382643928884): object was freed before callback; returning Nil.
    [2131] <engine-1>[GdPAI] ObjectRef(124621163998): object was freed before callback; returning Nil.
    [2132] <engine-1>[GdPAI] ObjectRef(1382643928884): object was freed before callback; returning Nil.
    [2133] <engine-1>[GdPAI] ObjectRef(1382643928884): object was freed before callback; returning Nil.
    [2134] <engine-1>[GdPAI] ObjectRef(124621163998): object was freed before callback; returning Nil.
    [2135] <engine-1>[GdPAI] ObjectRef(1382643928884): object was freed before callback; returning Nil.
    [2136] <engine-1>[GdPAI] ObjectRef(1382643928884): object was freed before callback; returning Nil.
    [2137] <engine-1>[GdPAI] ObjectRef(124621163998): object was freed before callback; returning Nil.
    [2138] <engine-1>[GdPAI] ObjectRef(1382643928884): object was freed before callback; returning Nil.
    [2139] <engine-1>[GdPAI] ObjectRef(1382643928884): object was freed before callback; returning Nil.
    [2140] <engine-1>[GdPAI] ObjectRef(124621163998): object was freed before callback; returning Nil.
    [2141] <engine-1>[GdPAI] ObjectRef(1382643928884): object was freed before callback; returning Nil.
    [2142] <engine-1>[GdPAI] ObjectRef(1382643928884): object was freed before callback; returning Nil.
    [2143] <engine-1>[GdPAI] ObjectRef(1383197576744): object was freed before callback; returning Nil.
    [2144] <engine-1>[GdPAI] ObjectRef(1383197576744): object was freed before callback; returning Nil.
    [2145] <engine-1>[GdPAI] ObjectRef(124621163998): object was freed before callback; returning Nil.
    [2146] <engine-1>[GdPAI] ObjectRef(124134624705): object was freed before callback; returning Nil.
    [2147] <engine-1>[GdPAI] ObjectRef(124134624705): object was freed before callback; returning Nil.
    [2148] <engine-1>[GdPAI] ObjectRef(1382643928884): object was freed before callback; returning Nil.
    [2149] <engine-1>[GdPAI] ObjectRef(1382643928884): object was freed before callback; returning Nil.
    [2150] <engine-1>[GdPAI] ObjectRef(1383197576744): object was freed before callback; returning Nil.
    [2151] <engine-1>[GdPAI] ObjectRef(1383197576744): object was freed before callback; returning Nil.
    [2152] <engine-1>[GdPAI] ObjectRef(124621163998): object was freed before callback; returning Nil.
    [2153] <engine-1>[GdPAI] ObjectRef(124134624705): object was freed before callback; returning Nil.
    [2154] <engine-1>[GdPAI] ObjectRef(124134624705): object was freed before callback; returning Nil.
    [2155] <engine-1>[GdPAI] ObjectRef(1382643928884): object was freed before callback; returning Nil.
    [2156] <engine-1>[GdPAI] ObjectRef(1383197576744): object was freed before callback; returning Nil.
    [2157] <engine-1>[GdPAI] ObjectRef(1383197576744): object was freed before callback; returning Nil.
    [2158] <engine-1>[GdPAI] ObjectRef(124621163998): object was freed before callback; returning Nil.
    [2159] <engine-1>[GdPAI] ObjectRef(124134624705): object was freed before callback; returning Nil.
    [2160] <engine-1>[GdPAI] ObjectRef(124134624705): object was freed before callback; returning Nil.
    [2161] <engine-1>[GdPAI] ObjectRef(1382643928884): object was freed before callback; returning Nil.
    [2162] <engine-1>[GdPAI] ObjectRef(1383197576744): object was freed before callback; returning Nil.
    [2163] <engine-1>[GdPAI] ObjectRef(1383197576744): object was freed before callback; returning Nil.
    [2164] <engine-1>[GdPAI] ObjectRef(124621163998): object was freed before callback; returning Nil.
    [2165] <engine-1>[GdPAI] ObjectRef(124134624705): object was freed before callback; returning Nil.
    [2166] <engine-1>[GdPAI] ObjectRef(124134624705): object was freed before callback; returning Nil.
    [2167] <engine-1>[GdPAI] ObjectRef(1382643928884): object was freed before callback; returning Nil.
    [2168] <engine-1>[GdPAI] ObjectRef(1382157389614): object was freed before callback; returning Nil.
    [2169] <engine-1>[GdPAI] ObjectRef(1382157389614): object was freed before callback; returning Nil.
    [2170] <engine-1>[GdPAI] ObjectRef(124621163998): object was freed before callback; returning Nil.
    [2171] <engine-1>[GdPAI] ObjectRef(1382643928884): object was freed before callback; returning Nil.
    [2172] <engine-1>[GdPAI] ObjectRef(1382157389614): object was freed before callback; returning Nil.
    [2173] <engine-1>[GdPAI] ObjectRef(1382157389614): object was freed before callback; returning Nil.
    [2174] <engine-1>[GdPAI] ObjectRef(124621163998): object was freed before callback; returning Nil.
    [2175] <engine-1>[GdPAI] ObjectRef(1382643928884): object was freed before callback; returning Nil.
    [2176] <engine-1>[GdPAI] ObjectRef(1382157389614): object was freed before callback; returning Nil.
    [2177] <engine-1>[GdPAI] ObjectRef(1382157389614): object was freed before callback; returning Nil.
    [2178] <engine-1>[GdPAI] ObjectRef(124621163998): object was freed before callback; returning Nil.
    [2179] <engine-1>[GdPAI] ObjectRef(124621163998): object was freed before callback; returning Nil.
    [2180] <engine-1>[GdPAI] ObjectRef(125359361544): object was freed before callback; returning Nil.
    [2181] <engine-1>[GdPAI] ObjectRef(124436614611): object was freed before callback; returning Nil.
    [2182] <engine-1>[GdPAI] ObjectRef(125359361544): object was freed before callback; returning Nil.
    [2183] <engine-1>[GdPAI] ObjectRef(124436614611): object was freed before callback; returning Nil.
    [2184] <engine-1>[GdPAI] ObjectRef(1382643928884): object was freed before callback; returning Nil.
    [2185] <engine-1>[GdPAI] ObjectRef(1382157389614): object was freed before callback; returning Nil.
    [2186] <engine-1>[GdPAI] ObjectRef(1382157389614): object was freed before callback; returning Nil.
    [2187] <engine-1>[GdPAI] ObjectRef(124621163998): object was freed before callback; returning Nil.
    [2188] <engine-1>[GdPAI] ObjectRef(124621163998): object was freed before callback; returning Nil.
    [2189] <engine-1>[GdPAI] ObjectRef(125359361544): object was freed before callback; returning Nil.
    [2190] <engine-1>[GdPAI] ObjectRef(124436614611): object was freed before callback; returning Nil.
    [2191] <engine-1>[GdPAI] ObjectRef(125359361544): object was freed before callback; returning Nil.
    [2192] <engine-1>[GdPAI] ObjectRef(124436614611): object was freed before callback; returning Nil.
    [2193] <engine-1>[GdPAI] ObjectRef(1382643928884): object was freed before callback; returning Nil.
    [2194] <engine-1>[GdPAI] ObjectRef(124621163998): object was freed before callback; returning Nil.
    [2195] <engine-1>[GdPAI] ObjectRef(124436614611): object was freed before callback; returning Nil.
    [2196] <engine-1>[GdPAI] ObjectRef(124436614611): object was freed before callback; returning Nil.
    [2197] <engine-1>[GdPAI] ObjectRef(1382643928884): object was freed before callback; returning Nil.
    [2198] <engine-1>[GdPAI] ObjectRef(124621163998): object was freed before callback; returning Nil.
    [2199] <engine-1>[GdPAI] ObjectRef(124436614611): object was freed before callback; returning Nil.
    [2200] <engine-1>[GdPAI] ObjectRef(124436614611): object was freed before callback; returning Nil.
    [2201] <engine-1>[GdPAI] ObjectRef(1382643928884): object was freed before callback; returning Nil.
    [2202] <engine-1>[GdPAI] ObjectRef(1382643928884): object was freed before callback; returning Nil.
    [2203] <engine-1>[GdPAI] ObjectRef(124621163998): object was freed before callback; returning Nil.
    [2204] <engine-1>[GdPAI] ObjectRef(125359361544): object was freed before callback; returning Nil.
    [2205] <engine-1>[GdPAI] ObjectRef(125359361544): object was freed before callback; returning Nil.
    [2206] <engine-1>[GdPAI] ObjectRef(1382643928884): object was freed before callback; returning Nil.
    [2207] <engine-1>[GdPAI] ObjectRef(1382643928884): object was freed before callback; returning Nil.
    [2208] <engine-1>[GdPAI] ObjectRef(124621163998): object was freed before callback; returning Nil.
    [2209] <engine-1>[GdPAI] ObjectRef(125359361544): object was freed before callback; returning Nil.
    [2210] <engine-1>[GdPAI] ObjectRef(125359361544): object was freed before callback; returning Nil.
    [2211] <engine-1>[GdPAI] ObjectRef(1382643928884): object was freed before callback; returning Nil.
    [2212] <engine-1>[GdPAI] ObjectRef(124621163998): object was freed before callback; returning Nil.
    [2213] <engine-1>[GdPAI] ObjectRef(124134624705): object was freed before callback; returning Nil.
    [2214] <engine-1>[GdPAI] ObjectRef(124134624705): object was freed before callback; returning Nil.
    [2215] <engine-1>[GdPAI] ObjectRef(1382643928884): object was freed before callback; returning Nil.
    [2216] <engine-1>[GdPAI] ObjectRef(124621163998): object was freed before callback; returning Nil.
    [2217] <engine-1>[GdPAI] ObjectRef(124134624705): object was freed before callback; returning Nil.
    [2218] <engine-1>[GdPAI] ObjectRef(124134624705): object was freed before callback; returning Nil.
    [2219] <engine-1>[GdPAI] ObjectRef(1382643928884): object was freed before callback; returning Nil.
    [2220] <engine-1>[GdPAI] ObjectRef(1382157389614): object was freed before callback; returning Nil.
    [2221] <engine-1>[GdPAI] ObjectRef(1382157389614): object was freed before callback; returning Nil.
    [2222] <engine-1>[GdPAI] ObjectRef(124621163998): object was freed before callback; returning Nil.
    [2223] <engine-1>[GdPAI] ObjectRef(124134624705): object was freed before callback; returning Nil.
    [2224] <engine-1>[GdPAI] ObjectRef(124134624705): object was freed before callback; returning Nil.
    [2225] <engine-1>[GdPAI] ObjectRef(1382643928884): object was freed before callback; returning Nil.
    [2226] <engine-1>[GdPAI] ObjectRef(1382157389614): object was freed before callback; returning Nil.
    [2227] <engine-1>[GdPAI] ObjectRef(1382157389614): object was freed before callback; returning Nil.
    [2228] <engine-1>[GdPAI] ObjectRef(124621163998): object was freed before callback; returning Nil.
    [2229] <engine-1>[GdPAI] ObjectRef(124134624705): object was freed before callback; returning Nil.
    [2230] <engine-1>[GdPAI] ObjectRef(124134624705): object was freed before callback; returning Nil.
    [2231] <engine-1>[GdPAI] ObjectRef(1382643928884): object was freed before callback; returning Nil.
    [2232] <engine-1>[GdPAI] ObjectRef(1382157389614): object was freed before callback; returning Nil.
    [2233] <engine-1>[GdPAI] ObjectRef(1382157389614): object was freed before callback; returning Nil.
    [2234] <engine-1>[GdPAI] ObjectRef(124621163998): object was freed before callback; returning Nil.
    [2235] <engine-1>[GdPAI] ObjectRef(1382643928884): object was freed before callback; returning Nil.
    [2236] <engine-1>[GdPAI] ObjectRef(1382157389614): object was freed before callback; returning Nil.
    [2237] <engine-1>[GdPAI] ObjectRef(1382157389614): object was freed before callback; returning Nil.
    [2238] <engine-1>[GdPAI] ObjectRef(124621163998): object was freed before callback; returning Nil.
    [2239] <engine-1>[GdPAI] ObjectRef(1382643928884): object was freed before callback; returning Nil.
    [2240] <engine-1>[GdPAI] ObjectRef(124621163998): object was freed before callback; returning Nil.
    [2241] <engine-1>[GdPAI] ObjectRef(124621163998): object was freed before callback; returning Nil.
    [2242] <engine-1>[GdPAI] ObjectRef(1382643928884): object was freed before callback; returning Nil.
    [2243] <engine-1>[GdPAI] ObjectRef(124621163998): object was freed before callback; returning Nil.
    [2244] <engine-1>[GdPAI] ObjectRef(124621163998): object was freed before callback; returning Nil.
    [2245] <engine-1>[GdPAI] ObjectRef(1382643928884): object was freed before callback; returning Nil.
    [2246] <engine-1>[GdPAI] ObjectRef(1382643928884): object was freed before callback; returning Nil.
    [2247] <engine-1>[GdPAI] ObjectRef(1383197576744): object was freed before callback; returning Nil.
    [2248] <engine-1>[GdPAI] ObjectRef(1383197576744): object was freed before callback; returning Nil.
    [2249] <engine-1>[GdPAI] ObjectRef(124621163998): object was freed before callback; returning Nil.
    [2250] <engine-1>[GdPAI] ObjectRef(1382643928884): object was freed before callback; returning Nil.
    [2251] <engine-1>[GdPAI] ObjectRef(1382643928884): object was freed before callback; returning Nil.
    [2252] <engine-1>[GdPAI] ObjectRef(1383197576744): object was freed before callback; returning Nil.
    [2253] <engine-1>[GdPAI] ObjectRef(1383197576744): object was freed before callback; returning Nil.
    [2254] <engine-1>[GdPAI] ObjectRef(124621163998): object was freed before callback; returning Nil.
    [2255] <engine-1>[GdPAI] ObjectRef(1382643928884): object was freed before callback; returning Nil.
    [2256] <engine-1>[GdPAI] ObjectRef(1383197576744): object was freed before callback; returning Nil.
    [2257] <engine-1>[GdPAI] ObjectRef(1383197576744): object was freed before callback; returning Nil.
    [2258] <engine-1>[GdPAI] ObjectRef(124621163998): object was freed before callback; returning Nil.
    [2259] <engine-1>[GdPAI] ObjectRef(1382643928884): object was freed before callback; returning Nil.
    [2260] <engine-1>[GdPAI] ObjectRef(1383197576744): object was freed before callback; returning Nil.
    [2261] <engine-1>[GdPAI] ObjectRef(1383197576744): object was freed before callback; returning Nil.
    [2262] <engine-1>[GdPAI] ObjectRef(124621163998): object was freed before callback; returning Nil.
    [2263] <engine-1>[GdPAI] ObjectRef(1382643928884): object was freed before callback; returning Nil.
    [2264] <engine-1>[GdPAI] ObjectRef(1382157389614): object was freed before callback; returning Nil.
    [2265] <engine-1>[GdPAI] ObjectRef(1382157389614): object was freed before callback; returning Nil.
    [2266] <engine-1>[GdPAI] ObjectRef(124621163998): object was freed before callback; returning Nil.
    [2267] <engine-1>[GdPAI] ObjectRef(124134624705): object was freed before callback; returning Nil.
    [2268] <engine-1>[GdPAI] ObjectRef(124134624705): object was freed before callback; returning Nil.
    [2269] <engine-1>[GdPAI] ObjectRef(1382643928884): object was freed before callback; returning Nil.
    [2270] <engine-1>[GdPAI] ObjectRef(1382157389614): object was freed before callback; returning Nil.
    [2271] <engine-1>[GdPAI] ObjectRef(1382157389614): object was freed before callback; returning Nil.
    [2272] <engine-1>[GdPAI] ObjectRef(124621163998): object was freed before callback; returning Nil.
    [2273] <engine-1>[GdPAI] ObjectRef(124134624705): object was freed before callback; returning Nil.
    [2274] <engine-1>[GdPAI] ObjectRef(124134624705): object was freed before callback; returning Nil.
    [2275] <engine-1>[GdPAI] ObjectRef(1382643928884): object was freed before callback; returning Nil.
    [2276] <engine-1>[GdPAI] ObjectRef(1382157389614): object was freed before callback; returning Nil.
    [2277] <engine-1>[GdPAI] ObjectRef(1382157389614): object was freed before callback; returning Nil.
    [2278] <engine-1>[GdPAI] ObjectRef(124621163998): object was freed before callback; returning Nil.
    [2279] <engine-1>[GdPAI] ObjectRef(124134624705): object was freed before callback; returning Nil.
    [2280] <engine-1>[GdPAI] ObjectRef(124134624705): object was freed before callback; returning Nil.
    [2281] <engine-1>[GdPAI] ObjectRef(1382643928884): object was freed before callback; returning Nil.
    [2282] <engine-1>[GdPAI] ObjectRef(1382157389614): object was freed before callback; returning Nil.
    [2283] <engine-1>[GdPAI] ObjectRef(1382157389614): object was freed before callback; returning Nil.
    [2284] <engine-1>[GdPAI] ObjectRef(124621163998): object was freed before callback; returning Nil.
    [2285] <engine-1>[GdPAI] ObjectRef(124134624705): object was freed before callback; returning Nil.
    [2286] <engine-1>[GdPAI] ObjectRef(124134624705): object was freed before callback; returning Nil.
    [2287] <engine-1>[GdPAI] ObjectRef(1382643928884): object was freed before callback; returning Nil.
    [2288] <engine-1>[GdPAI] ObjectRef(124621163998): object was freed before callback; returning Nil.
    [2289] <engine-1>[GdPAI] ObjectRef(1382643928884): object was freed before callback; returning Nil.
    [2290] <engine-1>[GdPAI] ObjectRef(124621163998): object was freed before callback; returning Nil.
    [2291] <engine-1>[GdPAI] ObjectRef(1382643928884): object was freed before callback; returning Nil.
    [2292] <engine-1>[GdPAI] ObjectRef(1382643928884): object was freed before callback; returning Nil.
    [2293] <engine-1>[GdPAI] ObjectRef(124621163998): object was freed before callback; returning Nil.
    [2294] <engine-1>[GdPAI] ObjectRef(124621163998): object was freed before callback; returning Nil.
    [2295] <engine-1>[GdPAI] ObjectRef(1382643928884): object was freed before callback; returning Nil.
    [2296] <engine-1>[GdPAI] ObjectRef(1382643928884): object was freed before callback; returning Nil.
    [2297] <engine-1>[GdPAI] ObjectRef(124621163998): object was freed before callback; returning Nil.
    [2298] <engine-1>[GdPAI] ObjectRef(124621163998): object was freed before callback; returning Nil.
    [2299] <engine-1>[GdPAI] ObjectRef(1382643928884): object was freed before callback; returning Nil.
    [2300] <engine-1>[GdPAI] ObjectRef(124621163998): object was freed before callback; returning Nil.
    [2301] <engine-1>[GdPAI] ObjectRef(1382643928884): object was freed before callback; returning Nil.
    [2302] <engine-1>[GdPAI] ObjectRef(124621163998): object was freed before callback; returning Nil.
    [2303] <engine-1>[GdPAI] ObjectRef(1382643928884): object was freed before callback; returning Nil.
    [2304] <engine-1>[GdPAI] ObjectRef(1382157389614): object was freed before callback; returning Nil.
    [2305] <engine-1>[GdPAI] ObjectRef(1382157389614): object was freed before callback; returning Nil.
    [2306] <engine-1>[GdPAI] ObjectRef(124621163998): object was freed before callback; returning Nil.
    [2307] <engine-1>[GdPAI] ObjectRef(1382643928884): object was freed before callback; returning Nil.
    [2308] <engine-1>[GdPAI] ObjectRef(1382157389614): object was freed before callback; returning Nil.
    [2309] <engine-1>[GdPAI] ObjectRef(1382157389614): object was freed before callback; returning Nil.
    [2310] <engine-1>[GdPAI] ObjectRef(124621163998): object was freed before callback; returning Nil.
    [2311] <engine-1>[GdPAI] ObjectRef(1382643928884): object was freed before callback; returning Nil.
    [2312] <engine-1>[GdPAI] ObjectRef(1382157389614): object was freed before callback; returning Nil.
    [2313] <engine-1>[GdPAI] ObjectRef(1382157389614): object was freed before callback; returning Nil.
    [2314] <engine-1>[GdPAI] ObjectRef(124621163998): object was freed before callback; returning Nil.
    [2315] <engine-1>[GdPAI] ObjectRef(124134624705): object was freed before callback; returning Nil.
    [2316] <engine-1>[GdPAI] ObjectRef(124134624705): object was freed before callback; returning Nil.
    [2317] <engine-1>[GdPAI] ObjectRef(1382643928884): object was freed before callback; returning Nil.
    [2318] <engine-1>[GdPAI] ObjectRef(1382157389614): object was freed before callback; returning Nil.
    [2319] <engine-1>[GdPAI] ObjectRef(1382157389614): object was freed before callback; returning Nil.
    [2320] <engine-1>[GdPAI] ObjectRef(124621163998): object was freed before callback; returning Nil.
    [2321] <engine-1>[GdPAI] ObjectRef(124134624705): object was freed before callback; returning Nil.
    [2322] <engine-1>[GdPAI] ObjectRef(124134624705): object was freed before callback; returning Nil.
    [2323] <engine-1>[GdPAI] ObjectRef(1382643928884): object was freed before callback; returning Nil.
    [2324] <engine-1>[GdPAI] ObjectRef(124621163998): object was freed before callback; returning Nil.
    [2325] <engine-1>[GdPAI] ObjectRef(124134624705): object was freed before callback; returning Nil.
    [2326] <engine-1>[GdPAI] ObjectRef(124134624705): object was freed before callback; returning Nil.
    [2327] <engine-1>[GdPAI] ObjectRef(1382643928884): object was freed before callback; returning Nil.
    [2328] <engine-1>[GdPAI] ObjectRef(124621163998): object was freed before callback; returning Nil.
    [2329] <engine-1>[GdPAI] ObjectRef(124134624705): object was freed before callback; returning Nil.
    [2330] <engine-1>[GdPAI] ObjectRef(124134624705): object was freed before callback; returning Nil.
    [2331] <engine-1>[GdPAI] ObjectRef(1382643928884): object was freed before callback; returning Nil.
    [2332] <engine-1>[GdPAI] ObjectRef(1382643928884): object was freed before callback; returning Nil.
    [2333] <engine-1>[GdPAI] ObjectRef(124621163998): object was freed before callback; returning Nil.
    [2334] <engine-1>[GdPAI] ObjectRef(1382643928884): object was freed before callback; returning Nil.
    [2335] <engine-1>[GdPAI] ObjectRef(1382643928884): object was freed before callback; returning Nil.
    [2336] <engine-1>[GdPAI] ObjectRef(124621163998): object was freed before callback; returning Nil.
    [2337] <engine-1>[GdPAI] ObjectRef(1382643928884): object was freed before callback; returning Nil.
    [2338] <engine-1>[GdPAI] ObjectRef(124621163998): object was freed before callback; returning Nil.
    [2339] <engine-1>[GdPAI] ObjectRef(124621163998): object was freed before callback; returning Nil.
    [2340] <engine-1>[GdPAI] ObjectRef(1382643928884): object was freed before callback; returning Nil.
    [2341] <engine-1>[GdPAI] ObjectRef(124621163998): object was freed before callback; returning Nil.
    [2342] <engine-1>[GdPAI] ObjectRef(124621163998): object was freed before callback; returning Nil.
    [2343] <engine-1>[GdPAI] ObjectRef(1382643928884): object was freed before callback; returning Nil.
    [2344] <engine-1>[GdPAI] ObjectRef(1382157389614): object was freed before callback; returning Nil.
    [2345] <engine-1>[GdPAI] ObjectRef(1382157389614): object was freed before callback; returning Nil.
    [2346] <engine-1>[GdPAI] ObjectRef(124621163998): object was freed before callback; returning Nil.
    [2347] <engine-1>[GdPAI] ObjectRef(1382643928884): object was freed before callback; returning Nil.
    [2348] <engine-1>[GdPAI] ObjectRef(1382157389614): object was freed before callback; returning Nil.
    [2349] <engine-1>[GdPAI] ObjectRef(1382157389614): object was freed before callback; returning Nil.
    [2350] <engine-1>[GdPAI] ObjectRef(124621163998): object was freed before callback; returning Nil.
    [2351] <engine-1>[GdPAI] ObjectRef(1382643928884): object was freed before callback; returning Nil.
    [2352] <engine-1>[GdPAI] ObjectRef(1382157389614): object was freed before callback; returning Nil.
    [2353] <engine-1>[GdPAI] ObjectRef(1382157389614): object was freed before callback; returning Nil.
    [2354] <engine-1>[GdPAI] ObjectRef(124621163998): object was freed before callback; returning Nil.
    [2355] <engine-1>[GdPAI] ObjectRef(1382643928884): object was freed before callback; returning Nil.
    [2356] <engine-1>[GdPAI] ObjectRef(1382157389614): object was freed before callback; returning Nil.
    [2357] <engine-1>[GdPAI] ObjectRef(1382157389614): object was freed before callback; returning Nil.
    [2358] <engine-1>[GdPAI] ObjectRef(124621163998): object was freed before callback; returning Nil.
    [2359] <engine-1>[GdPAI] ObjectRef(1382643928884): object was freed before callback; returning Nil.
    [2360] <engine-1>[GdPAI] ObjectRef(124621163998): object was freed before callback; returning Nil.
    [2361] <engine-1>[GdPAI] ObjectRef(124134624705): object was freed before callback; returning Nil.
    [2362] <engine-1>[GdPAI] ObjectRef(124134624705): object was freed before callback; returning Nil.
    [2363] <engine-1>[GdPAI] ObjectRef(1382643928884): object was freed before callback; returning Nil.
    [2364] <engine-1>[GdPAI] ObjectRef(124621163998): object was freed before callback; returning Nil.
    [2365] <engine-1>[GdPAI] ObjectRef(124134624705): object was freed before callback; returning Nil.
    [2366] <engine-1>[GdPAI] ObjectRef(124134624705): object was freed before callback; returning Nil.
    [2367] <engine-1>[GdPAI] ObjectRef(1382643928884): object was freed before callback; returning Nil.
    [2368] <engine-1>[GdPAI] ObjectRef(1382643928884): object was freed before callback; returning Nil.
    [2369] <engine-1>[GdPAI] ObjectRef(124621163998): object was freed before callback; returning Nil.
    [2370] <engine-1>[GdPAI] ObjectRef(124134624705): object was freed before callback; returning Nil.
    [2371] <engine-1>[GdPAI] ObjectRef(124134624705): object was freed before callback; returning Nil.
    [2372] <engine-1>[GdPAI] ObjectRef(1382643928884): object was freed before callback; returning Nil.
    [2373] <engine-1>[GdPAI] ObjectRef(1382643928884): object was freed before callback; returning Nil.
    [2374] <engine-1>[GdPAI] ObjectRef(124621163998): object was freed before callback; returning Nil.
    [2375] <engine-1>[GdPAI] ObjectRef(124134624705): object was freed before callback; returning Nil.
    [2376] <engine-1>[GdPAI] ObjectRef(124134624705): object was freed before callback; returning Nil.
    [2377] <engine-1>[GdPAI] ObjectRef(1382643928884): object was freed before callback; returning Nil.
    [2378] <engine-1>[GdPAI] ObjectRef(124621163998): object was freed before callback; returning Nil.
    [2379] <engine-1>[GdPAI] ObjectRef(1382643928884): object was freed before callback; returning Nil.
    [2380] <engine-1>[GdPAI] ObjectRef(124621163998): object was freed before callback; returning Nil.
    [2381] <engine-1>[GdPAI] ObjectRef(1382643928884): object was freed before callback; returning Nil.
    [2382] <engine-1>[GdPAI] ObjectRef(1382157389614): object was freed before callback; returning Nil.
    [2383] <engine-1>[GdPAI] ObjectRef(1382157389614): object was freed before callback; returning Nil.
    [2384] <engine-1>[GdPAI] ObjectRef(124621163998): object was freed before callback; returning Nil.
    [2385] <engine-1>[GdPAI] ObjectRef(124621163998): object was freed before callback; returning Nil.
    [2386] <engine-1>[GdPAI] ObjectRef(1382643928884): object was freed before callback; returning Nil.
    [2387] <engine-1>[GdPAI] ObjectRef(1382157389614): object was freed before callback; returning Nil.
    [2388] <engine-1>[GdPAI] ObjectRef(1382157389614): object was freed before callback; returning Nil.
    [2389] <engine-1>[GdPAI] ObjectRef(124621163998): object was freed before callback; returning Nil.
    [2390] <engine-1>[GdPAI] ObjectRef(124621163998): object was freed before callback; returning Nil.
    [2391] <engine-1>[GdPAI] ObjectRef(1382643928884): object was freed before callback; returning Nil.
    [2392] <engine-1>[GdPAI] ObjectRef(1382157389614): object was freed before callback; returning Nil.
    [2393] <engine-1>[GdPAI] ObjectRef(1382157389614): object was freed before callback; returning Nil.
    [2394] <engine-1>[GdPAI] ObjectRef(124621163998): object was freed before callback; returning Nil.
    [2395] <engine-1>[GdPAI] ObjectRef(1382643928884): object was freed before callback; returning Nil.
    [2396] <engine-1>[GdPAI] ObjectRef(1382157389614): object was freed before callback; returning Nil.
    [2397] <engine-1>[GdPAI] ObjectRef(1382157389614): object was freed before callback; returning Nil.
    [2398] <engine-1>[GdPAI] ObjectRef(124621163998): object was freed before callback; returning Nil.
    [2399] <engine-1>[GdPAI] ObjectRef(1382643928884): object was freed before callback; returning Nil.
    [2400] <engine-1>[GdPAI] ObjectRef(124621163998): object was freed before callback; returning Nil.
    [2401] <engine-1>[GdPAI] ObjectRef(1382643928884): object was freed before callback; returning Nil.
    [2402] <engine-1>[GdPAI] ObjectRef(124621163998): object was freed before callback; returning Nil.
    [2403] <engine-1>[GdPAI] ObjectRef(1382643928884): object was freed before callback; returning Nil.
    [2404] <engine-1>[GdPAI] ObjectRef(1382643928884): object was freed before callback; returning Nil.
    [2405] <engine-1>[GdPAI] ObjectRef(124621163998): object was freed before callback; returning Nil.
    [2406] <engine-1>[GdPAI] ObjectRef(124134624705): object was freed before callback; returning Nil.
    [2407] <engine-1>[GdPAI] ObjectRef(124134624705): object was freed before callback; returning Nil.
    [2408] <engine-1>[GdPAI] ObjectRef(1382643928884): object was freed before callback; returning Nil.
    [2409] <engine-1>[GdPAI] ObjectRef(1382643928884): object was freed before callback; returning Nil.
    [2410] <engine-1>[GdPAI] ObjectRef(124621163998): object was freed before callback; returning Nil.
    [2411] <engine-1>[GdPAI] ObjectRef(124134624705): object was freed before callback; returning Nil.
    [2412] <engine-1>[GdPAI] ObjectRef(124134624705): object was freed before callback; returning Nil.
    [2413] <engine-1>[GdPAI] ObjectRef(1382643928884): object was freed before callback; returning Nil.
    [2414] <engine-1>[GdPAI] ObjectRef(124621163998): object was freed before callback; returning Nil.
    [2415] <engine-1>[GdPAI] ObjectRef(124134624705): object was freed before callback; returning Nil.
    [2416] <engine-1>[GdPAI] ObjectRef(124134624705): object was freed before callback; returning Nil.
    [2417] <engine-1>[GdPAI] ObjectRef(1382643928884): object was freed before callback; returning Nil.
    [2418] <engine-1>[GdPAI] ObjectRef(124621163998): object was freed before callback; returning Nil.
    [2419] <engine-1>[GdPAI] ObjectRef(124134624705): object was freed before callback; returning Nil.
    [2420] <engine-1>[GdPAI] ObjectRef(124134624705): object was freed before callback; returning Nil.
    [2421] <engine-1>[GdPAI] ObjectRef(1382643928884): object was freed before callback; returning Nil.
    [2422] <engine-1>[GdPAI] ObjectRef(1382157389614): object was freed before callback; returning Nil.
    [2423] <engine-1>[GdPAI] ObjectRef(1382157389614): object was freed before callback; returning Nil.
    [2424] <engine-1>[GdPAI] ObjectRef(124621163998): object was freed before callback; returning Nil.
    [2425] <engine-1>[GdPAI] ObjectRef(1382643928884): object was freed before callback; returning Nil.
    [2426] <engine-1>[GdPAI] ObjectRef(1382157389614): object was freed before callback; returning Nil.
    [2427] <engine-1>[GdPAI] ObjectRef(1382157389614): object was freed before callback; returning Nil.
    [2428] <engine-1>[GdPAI] ObjectRef(124621163998): object was freed before callback; returning Nil.
    [2429] <engine-1>[GdPAI] ObjectRef(1382643928884): object was freed before callback; returning Nil.
    [2430] <engine-1>[GdPAI] ObjectRef(1382157389614): object was freed before callback; returning Nil.
    [2431] <engine-1>[GdPAI] ObjectRef(1382157389614): object was freed before callback; returning Nil.
    [2432] <engine-1>[GdPAI] ObjectRef(124621163998): object was freed before callback; returning Nil.
    [2433] <engine-1>[GdPAI] ObjectRef(124621163998): object was freed before callback; returning Nil.
    [2434] <engine-1>[GdPAI] ObjectRef(1382643928884): object was freed before callback; returning Nil.
    [2435] <engine-1>[GdPAI] ObjectRef(1382157389614): object was freed before callback; returning Nil.
    [2436] <engine-1>[GdPAI] ObjectRef(1382157389614): object was freed before callback; returning Nil.
    [2437] <engine-1>[GdPAI] ObjectRef(124621163998): object was freed before callback; returning Nil.
    [2438] <engine-1>[GdPAI] ObjectRef(124621163998): object was freed before callback; returning Nil.
    [2439] <engine-1>[GdPAI] ObjectRef(1382643928884): object was freed before callback; returning Nil.
    [2440] <engine-1>[GdPAI] ObjectRef(124621163998): object was freed before callback; returning Nil.
    [2441] <engine-1>[GdPAI] ObjectRef(1382643928884): object was freed before callback; returning Nil.
    [2442] <engine-1>[GdPAI] ObjectRef(124621163998): object was freed before callback; returning Nil.
    [2443] <engine-1>[GdPAI] ObjectRef(1382643928884): object was freed before callback; returning Nil.
    [2444] <engine-1>[GdPAI] ObjectRef(1382643928884): object was freed before callback; returning Nil.
    [2445] <engine-1>[GdPAI] ObjectRef(124621163998): object was freed before callback; returning Nil.
    [2446] <engine-1>[GdPAI] ObjectRef(1382643928884): object was freed before callback; returning Nil.
    [2447] <engine-1>[GdPAI] ObjectRef(1382643928884): object was freed before callback; returning Nil.
    [2448] <engine-1>[GdPAI] ObjectRef(124621163998): object was freed before callback; returning Nil.
    [2449] <engine-1>[GdPAI] ObjectRef(1382643928884): object was freed before callback; returning Nil.
    [2450] <engine-1>[GdPAI] ObjectRef(124621163998): object was freed before callback; returning Nil.
    [2451] <engine-1>[GdPAI] ObjectRef(124134624705): object was freed before callback; returning Nil.
    [2452] <engine-1>[GdPAI] ObjectRef(124134624705): object was freed before callback; returning Nil.
    [2453] <engine-1>[GdPAI] ObjectRef(1382643928884): object was freed before callback; returning Nil.
    [2454] <engine-1>[GdPAI] ObjectRef(124621163998): object was freed before callback; returning Nil.
    [2455] <engine-1>[GdPAI] ObjectRef(124134624705): object was freed before callback; returning Nil.
    [2456] <engine-1>[GdPAI] ObjectRef(124134624705): object was freed before callback; returning Nil.
    [2457] <engine-1>[GdPAI] ObjectRef(1382643928884): object was freed before callback; returning Nil.
    [2458] <engine-1>[GdPAI] ObjectRef(1382157389614): object was freed before callback; returning Nil.
    [2459] <engine-1>[GdPAI] ObjectRef(1382157389614): object was freed before callback; returning Nil.
    [2460] <engine-1>[GdPAI] ObjectRef(124621163998): object was freed before callback; returning Nil.
    [2461] <engine-1>[GdPAI] ObjectRef(124134624705): object was freed before callback; returning Nil.
    [2462] <engine-1>[GdPAI] ObjectRef(124134624705): object was freed before callback; returning Nil.
    [2463] <engine-1>[GdPAI] ObjectRef(1382643928884): object was freed before callback; returning Nil.
    [2464] <engine-1>[GdPAI] ObjectRef(1382157389614): object was freed before callback; returning Nil.
    [2465] <engine-1>[GdPAI] ObjectRef(1382157389614): object was freed before callback; returning Nil.
    [2466] <engine-1>[GdPAI] ObjectRef(124621163998): object was freed before callback; returning Nil.
    [2467] <engine-1>[GdPAI] ObjectRef(124134624705): object was freed before callback; returning Nil.
    [2468] <engine-1>[GdPAI] ObjectRef(124134624705): object was freed before callback; returning Nil.
    [2469] <engine-1>[GdPAI] ObjectRef(1382643928884): object was freed before callback; returning Nil.
    [2470] <engine-1>[GdPAI] ObjectRef(1382157389614): object was freed before callback; returning Nil.
    [2471] <engine-1>[GdPAI] ObjectRef(1382157389614): object was freed before callback; returning Nil.
    [2472] <engine-1>[GdPAI] ObjectRef(124621163998): object was freed before callback; returning Nil.
    [2473] <engine-1>[GdPAI] ObjectRef(1382643928884): object was freed before callback; returning Nil.
    [2474] <engine-1>[GdPAI] ObjectRef(1382157389614): object was freed before callback; returning Nil.
    [2475] <engine-1>[GdPAI] ObjectRef(1382157389614): object was freed before callback; returning Nil.
    [2476] <engine-1>[GdPAI] ObjectRef(124621163998): object was freed before callback; returning Nil.
    [2477] <engine-1>[GdPAI] ObjectRef(1382643928884): object was freed before callback; returning Nil.
    [2478] <engine-1>[GdPAI] ObjectRef(124621163998): object was freed before callback; returning Nil.
    [2479] <engine-1>[GdPAI] ObjectRef(124621163998): object was freed before callback; returning Nil.
    [2480] <engine-1>[GdPAI] ObjectRef(1382643928884): object was freed before callback; returning Nil.
    [2481] <engine-1>[GdPAI] ObjectRef(124621163998): object was freed before callback; returning Nil.
    [2482] <engine-1>[GdPAI] ObjectRef(124621163998): object was freed before callback; returning Nil.
    [2483] <engine-1>[GdPAI] ObjectRef(1382643928884): object was freed before callback; returning Nil.
    [2484] <engine-1>[GdPAI] ObjectRef(1382643928884): object was freed before callback; returning Nil.
    [2485] <engine-1>[GdPAI] ObjectRef(124621163998): object was freed before callback; returning Nil.
    [2486] <engine-1>[GdPAI] ObjectRef(124621163998): object was freed before callback; returning Nil.
    [2487] <engine-1>[GdPAI] ObjectRef(1382643928884): object was freed before callback; returning Nil.
    [2488] <engine-1>[GdPAI] ObjectRef(1382643928884): object was freed before callback; returning Nil.
    [2489] <engine-1>[GdPAI] ObjectRef(124621163998): object was freed before callback; returning Nil.
    [2490] <engine-1>[GdPAI] ObjectRef(124621163998): object was freed before callback; returning Nil.
    [2491] <engine-1>[GdPAI] ObjectRef(1382643928884): object was freed before callback; returning Nil.
    [2492] <engine-1>[GdPAI] ObjectRef(1382643928884): object was freed before callback; returning Nil.
    [2493] <engine-1>[GdPAI] ObjectRef(124621163998): object was freed before callback; returning Nil.
    [2494] <engine-1>[GdPAI] ObjectRef(124621163998): object was freed before callback; returning Nil.
    [2495] <engine-1>[GdPAI] ObjectRef(1382643928884): object was freed before callback; returning Nil.
    [2496] <engine-1>[GdPAI] ObjectRef(1382643928884): object was freed before callback; returning Nil.
    [2497] <engine-1>[GdPAI] ObjectRef(124621163998): object was freed before callback; returning Nil.
    [2498] <engine-1>[GdPAI] ObjectRef(124621163998): object was freed before callback; returning Nil.
    [2499] <engine-1>[GdPAI] ObjectRef(1382643928884): object was freed before callback; returning Nil.
    [2500] <engine-1>[GdPAI] ObjectRef(1382643928884): object was freed before callback; returning Nil.
    [2501] <engine-1>[GdPAI] ObjectRef(124621163998): object was freed before callback; returning Nil.
    [2502] <engine-1>[GdPAI] ObjectRef(124621163998): object was freed before callback; returning Nil.
    [2503] <engine-1>[GdPAI] ObjectRef(1382643928884): object was freed before callback; returning Nil.
    [2504] <engine-1>[GdPAI] ObjectRef(1382643928884): object was freed before callback; returning Nil.
    [2505] <engine-1>[GdPAI] ObjectRef(124621163998): object was freed before callback; returning Nil.
    [2506] <engine-1>[GdPAI] ObjectRef(124621163998): object was freed before callback; returning Nil.
    [2507] <engine-1>[GdPAI] ObjectRef(1382643928884): object was freed before callback; returning Nil.
    [2508] <engine-1>[GdPAI] ObjectRef(1382643928884): object was freed before callback; returning Nil.
    [2509] <engine-1>[GdPAI] ObjectRef(124621163998): object was freed before callback; returning Nil.
    [2510] <engine-1>[GdPAI] ObjectRef(124621163998): object was freed before callback; returning Nil.
    [2511] <engine-1>[GdPAI] ObjectRef(1382643928884): object was freed before callback; returning Nil.
    [2512] <engine-1>[GdPAI] ObjectRef(1382643928884): object was freed before callback; returning Nil.
    [2513] <engine-1>[GdPAI] ObjectRef(124621163998): object was freed before callback; returning Nil.
    [2514] <engine-1>[GdPAI] ObjectRef(124621163998): object was freed before callback; returning Nil.
    [2515] <engine-1>[GdPAI] ObjectRef(1382643928884): object was freed before callback; returning Nil.
    [2516] <engine-1>[GdPAI] ObjectRef(1382643928884): object was freed before callback; returning Nil.
    [2517] <engine-1>[GdPAI] ObjectRef(124621163998): object was freed before callback; returning Nil.
    [2518] <engine-1>[GdPAI] ObjectRef(124621163998): object was freed before callback; returning Nil.
    [2519] <engine-1>[GdPAI] ObjectRef(1382643928884): object was freed before callback; returning Nil.
    [2520] <engine-1>[GdPAI] ObjectRef(1382643928884): object was freed before callback; returning Nil.
    [2521] <engine-1>[GdPAI] ObjectRef(124621163998): object was freed before callback; returning Nil.
    [2522] <engine-1>[GdPAI] ObjectRef(124621163998): object was freed before callback; returning Nil.
    [2523] <engine-1>[GdPAI] ObjectRef(1382643928884): object was freed before callback; returning Nil.
    [2524] <engine-1>[GdPAI] ObjectRef(1382643928884): object was freed before callback; returning Nil.
    [2525] <engine-1>[GdPAI] ObjectRef(124621163998): object was freed before callback; returning Nil.
    [2526] <engine-1>[GdPAI] ObjectRef(124621163998): object was freed before callback; returning Nil.
    [2527] <engine-1>[GdPAI] ObjectRef(1382643928884): object was freed before callback; returning Nil.
    [2528] <engine-1>[GdPAI] ObjectRef(1382643928884): object was freed before callback; returning Nil.
    [2529] <engine-1>[GdPAI] ObjectRef(124621163998): object was freed before callback; returning Nil.
    [2530] <engine-1>[GdPAI] ObjectRef(124621163998): object was freed before callback; returning Nil.
    [2531] <engine-1>[GdPAI] ObjectRef(1382643928884): object was freed before callback; returning Nil.
    [2532] <engine-1>[GdPAI] ObjectRef(1382643928884): object was freed before callback; returning Nil.
    [2533] <engine-1>[GdPAI] ObjectRef(124621163998): object was freed before callback; returning Nil.
    [2534] <engine-1>[GdPAI] ObjectRef(124621163998): object was freed before callback; returning Nil.
    [2535] <engine-1>[GdPAI] ObjectRef(1382643928884): object was freed before callback; returning Nil.
    [2536] <engine-1>[GdPAI] ObjectRef(1382643928884): object was freed before callback; returning Nil.
    [2537] <engine-1>[GdPAI] ObjectRef(124621163998): object was freed before callback; returning Nil.
    [2538] <engine-1>[GdPAI] ObjectRef(124621163998): object was freed before callback; returning Nil.
    [2539] <engine-1>[GdPAI] ObjectRef(1382643928884): object was freed before callback; returning Nil.
    [2540] <engine-1>[GdPAI] ObjectRef(1382643928884): object was freed before callback; returning Nil.
    [2541] <engine-1>[GdPAI] ObjectRef(124621163998): object was freed before callback; returning Nil.
    [2542] <engine-1>[GdPAI] ObjectRef(124621163998): object was freed before callback; returning Nil.
    [2543] <engine-1>[GdPAI] ObjectRef(1382643928884): object was freed before callback; returning Nil.
    [2544] <engine-1>[GdPAI] ObjectRef(1382643928884): object was freed before callback; returning Nil.
    [2545] <engine-1>[GdPAI] ObjectRef(124621163998): object was freed before callback; returning Nil.
    [2546] <engine-1>[GdPAI] ObjectRef(124621163998): object was freed before callback; returning Nil.
    [2547] <engine-1>[GdPAI] ObjectRef(1382643928884): object was freed before callback; returning Nil.
    [2548] <engine-1>[GdPAI] ObjectRef(1382643928884): object was freed before callback; returning Nil.
    [2549] <engine-1>[GdPAI] ObjectRef(124621163998): object was freed before callback; returning Nil.
    [2550] <engine-1>[GdPAI] ObjectRef(124621163998): object was freed before callback; returning Nil.
    [2551] <engine-1>[GdPAI] ObjectRef(1382643928884): object was freed before callback; returning Nil.
    [2552] <engine-1>[GdPAI] ObjectRef(1382643928884): object was freed before callback; returning Nil.
    [2553] <engine-1>[GdPAI] ObjectRef(124621163998): object was freed before callback; returning Nil.
    [2554] <engine-1>[GdPAI] ObjectRef(124621163998): object was freed before callback; returning Nil.
    [2555] <engine-1>[GdPAI] ObjectRef(1382643928884): object was freed before callback; returning Nil.
    [2556] <engine-1>[GdPAI] ObjectRef(1382643928884): object was freed before callback; returning Nil.
    [2557] <engine-1>[GdPAI] ObjectRef(124621163998): object was freed before callback; returning Nil.
    [2558] <engine-1>[GdPAI] ObjectRef(124621163998): object was freed before callback; returning Nil.
    [2559] <engine-1>[GdPAI] ObjectRef(1382643928884): object was freed before callback; returning Nil.
    [2560] <engine-1>[GdPAI] ObjectRef(1382643928884): object was freed before callback; returning Nil.
    [2561] <engine-1>[GdPAI] ObjectRef(124621163998): object was freed before callback; returning Nil.
    [2562] <engine-1>[GdPAI] ObjectRef(124621163998): object was freed before callback; returning Nil.
    [2563] <engine-1>[GdPAI] ObjectRef(1382643928884): object was freed before callback; returning Nil.
    [2564] <engine-1>[GdPAI] ObjectRef(1382643928884): object was freed before callback; returning Nil.
    [2565] <engine-1>[GdPAI] ObjectRef(124621163998): object was freed before callback; returning Nil.
    [2566] <engine-1>[GdPAI] ObjectRef(124621163998): object was freed before callback; returning Nil.
    [2567] <engine-1>[GdPAI] ObjectRef(1382643928884): object was freed before callback; returning Nil.
    [2568] <engine-1>[GdPAI] ObjectRef(1382643928884): object was freed before callback; returning Nil.
    [2569] <engine-1>[GdPAI] ObjectRef(124621163998): object was freed before callback; returning Nil.
    [2570] <engine-1>[GdPAI] ObjectRef(124621163998): object was freed before callback; returning Nil.
    [2571] <engine-1>[GdPAI] ObjectRef(1382643928884): object was freed before callback; returning Nil.
    [2572] <engine-1>[GdPAI] ObjectRef(1382643928884): object was freed before callback; returning Nil.
    [2573] <engine-1>[GdPAI] ObjectRef(124621163998): object was freed before callback; returning Nil.
    [2574] <engine-1>[GdPAI] ObjectRef(124621163998): object was freed before callback; returning Nil.
    [2575] <engine-1>[GdPAI] ObjectRef(1382643928884): object was freed before callback; returning Nil.
    [2576] <engine-1>[GdPAI] ObjectRef(1382643928884): object was freed before callback; returning Nil.
    [2577] <engine-1>[GdPAI] ObjectRef(124621163998): object was freed before callback; returning Nil.
    [2578] <engine-1>[GdPAI] ObjectRef(124621163998): object was freed before callback; returning Nil.
    [2579] <engine-1>[GdPAI] ObjectRef(1382643928884): object was freed before callback; returning Nil.
    [2580] <engine-1>[GdPAI] ObjectRef(1382643928884): object was freed before callback; returning Nil.
    [2581] <engine-1>[GdPAI] ObjectRef(124621163998): object was freed before callback; returning Nil.
    [2582] <engine-1>[GdPAI] ObjectRef(124621163998): object was freed before callback; returning Nil.
    [2583] <engine-1>[GdPAI] ObjectRef(124134624705): object was freed before callback; returning Nil.
    [2584] <engine-1>[GdPAI] ObjectRef(125510356497): object was freed before callback; returning Nil.
    [2585] <engine-1>[GdPAI] ObjectRef(124587609564): object was freed before callback; returning Nil.
    [2586] <engine-1>[GdPAI] ObjectRef(124134624705): object was freed before callback; returning Nil.
    [2587] <engine-1>[GdPAI] ObjectRef(125510356497): object was freed before callback; returning Nil.
    [2588] <engine-1>[GdPAI] ObjectRef(124587609564): object was freed before callback; returning Nil.
    [2589] <engine-1>[GdPAI] ObjectRef(1382643928884): object was freed before callback; returning Nil.
    [2590] <engine-1>[GdPAI] ObjectRef(1382643928884): object was freed before callback; returning Nil.
    [2591] <engine-1>[GdPAI] ObjectRef(124621163998): object was freed before callback; returning Nil.
    [2592] <engine-1>[GdPAI] ObjectRef(124621163998): object was freed before callback; returning Nil.
    [2593] <engine-1>[GdPAI] ObjectRef(124134624705): object was freed before callback; returning Nil.
    [2594] <engine-1>[GdPAI] ObjectRef(125510356497): object was freed before callback; returning Nil.
    [2595] <engine-1>[GdPAI] ObjectRef(124587609564): object was freed before callback; returning Nil.
    [2596] <engine-1>[GdPAI] ObjectRef(124134624705): object was freed before callback; returning Nil.
    [2597] <engine-1>[GdPAI] ObjectRef(125510356497): object was freed before callback; returning Nil.
    [2598] <engine-1>[GdPAI] ObjectRef(124587609564): object was freed before callback; returning Nil.
    [2599] <engine-1>[GdPAI] ObjectRef(1382643928884): object was freed before callback; returning Nil.
    [2600] <engine-1>[GdPAI] ObjectRef(1382643928884): object was freed before callback; returning Nil.
    [2601] <engine-1>[GdPAI] ObjectRef(1383046581817): object was freed before callback; returning Nil.
    [2602] <engine-1>[GdPAI] ObjectRef(1383046581817): object was freed before callback; returning Nil.
    [2603] <engine-1>[GdPAI] ObjectRef(124621163998): object was freed before callback; returning Nil.
    [2604] <engine-1>[GdPAI] ObjectRef(124587609564): object was freed before callback; returning Nil.
    [2605] <engine-1>[GdPAI] ObjectRef(124587609564): object was freed before callback; returning Nil.
    [2606] <engine-1>[GdPAI] ObjectRef(1382643928884): object was freed before callback; returning Nil.
    [2607] <engine-1>[GdPAI] ObjectRef(1382643928884): object was freed before callback; returning Nil.
    [2608] <engine-1>[GdPAI] ObjectRef(1383046581817): object was freed before callback; returning Nil.
    [2609] <engine-1>[GdPAI] ObjectRef(1383046581817): object was freed before callback; returning Nil.
    [2610] <engine-1>[GdPAI] ObjectRef(124621163998): object was freed before callback; returning Nil.
    [2611] <engine-1>[GdPAI] ObjectRef(124587609564): object was freed before callback; returning Nil.
    [2612] <engine-1>[GdPAI] ObjectRef(124587609564): object was freed before callback; returning Nil.
    [2613] <engine-1>[GdPAI] ObjectRef(1382643928884): object was freed before callback; returning Nil.
    [2614] <engine-1>[GdPAI] ObjectRef(1383046581817): object was freed before callback; returning Nil.
    [2615] <engine-1>[GdPAI] ObjectRef(1383046581817): object was freed before callback; returning Nil.
    [2616] <engine-1>[GdPAI] ObjectRef(124621163998): object was freed before callback; returning Nil.
    [2617] <engine-1>[GdPAI] ObjectRef(1382643928884): object was freed before callback; returning Nil.
    [2618] <engine-1>[GdPAI] ObjectRef(1383046581817): object was freed before callback; returning Nil.
    [2619] <engine-1>[GdPAI] ObjectRef(1383046581817): object was freed before callback; returning Nil.
    [2620] <engine-1>[GdPAI] ObjectRef(124621163998): object was freed before callback; returning Nil.
    [2621] <engine-1>[GdPAI] ObjectRef(1382643928884): object was freed before callback; returning Nil.
    [2622] <engine-1>[GdPAI] ObjectRef(1382157389614): object was freed before callback; returning Nil.
    [2623] <engine-1>[GdPAI] ObjectRef(1382157389614): object was freed before callback; returning Nil.
    [2624] <engine-1>[GdPAI] ObjectRef(124621163998): object was freed before callback; returning Nil.
    [2625] <engine-1>[GdPAI] ObjectRef(125510356497): object was freed before callback; returning Nil.
    [2626] <engine-1>[GdPAI] ObjectRef(125510356497): object was freed before callback; returning Nil.
    [2627] <engine-1>[GdPAI] ObjectRef(1382643928884): object was freed before callback; returning Nil.
    [2628] <engine-1>[GdPAI] ObjectRef(1382157389614): object was freed before callback; returning Nil.
    [2629] <engine-1>[GdPAI] ObjectRef(1382157389614): object was freed before callback; returning Nil.
    [2630] <engine-1>[GdPAI] ObjectRef(124621163998): object was freed before callback; returning Nil.
    [2631] <engine-1>[GdPAI] ObjectRef(125510356497): object was freed before callback; returning Nil.
    [2632] <engine-1>[GdPAI] ObjectRef(125510356497): object was freed before callback; returning Nil.
    [2633] <engine-1>[GdPAI] ObjectRef(1382643928884): object was freed before callback; returning Nil.
    [2634] <engine-1>[GdPAI] ObjectRef(1382157389614): object was freed before callback; returning Nil.
    [2635] <engine-1>[GdPAI] ObjectRef(1382157389614): object was freed before callback; returning Nil.
    [2636] <engine-1>[GdPAI] ObjectRef(124621163998): object was freed before callback; returning Nil.
    [2637] <engine-1>[GdPAI] ObjectRef(124134624705): object was freed before callback; returning Nil.
    [2638] <engine-1>[GdPAI] ObjectRef(124134624705): object was freed before callback; returning Nil.
    [2639] <engine-1>[GdPAI] ObjectRef(1382643928884): object was freed before callback; returning Nil.
    [2640] <engine-1>[GdPAI] ObjectRef(1382157389614): object was freed before callback; returning Nil.
    [2641] <engine-1>[GdPAI] ObjectRef(1382157389614): object was freed before callback; returning Nil.
    [2642] <engine-1>[GdPAI] ObjectRef(124621163998): object was freed before callback; returning Nil.
    [2643] <engine-1>[GdPAI] ObjectRef(124134624705): object was freed before callback; returning Nil.
    [2644] <engine-1>[GdPAI] ObjectRef(124134624705): object was freed before callback; returning Nil.
    [2645] <engine-1>[GdPAI] ObjectRef(1382643928884): object was freed before callback; returning Nil.
    [2646] <engine-1>[GdPAI] ObjectRef(124621163998): object was freed before callback; returning Nil.
    [2647] <engine-1>[GdPAI] ObjectRef(1382643928884): object was freed before callback; returning Nil.
    [2648] <engine-1>[GdPAI] ObjectRef(124621163998): object was freed before callback; returning Nil.
    [2649] <engine-1>[GdPAI] ObjectRef(1382643928884): object was freed before callback; returning Nil.
    [2650] <engine-1>[GdPAI] ObjectRef(1382643928884): object was freed before callback; returning Nil.
    [2651] <engine-1>[GdPAI] ObjectRef(124621163998): object was freed before callback; returning Nil.
    [2652] <engine-1>[GdPAI] ObjectRef(124621163998): object was freed before callback; returning Nil.
    [2653] <engine-1>[GdPAI] ObjectRef(1382643928884): object was freed before callback; returning Nil.
    [2654] <engine-1>[GdPAI] ObjectRef(1382643928884): object was freed before callback; returning Nil.
    [2655] <engine-1>[GdPAI] ObjectRef(124621163998): object was freed before callback; returning Nil.
    [2656] <engine-1>[GdPAI] ObjectRef(124621163998): object was freed before callback; returning Nil.
    [2657] <engine-1>[GdPAI] ObjectRef(1382643928884): object was freed before callback; returning Nil.
    [2658] <engine-1>[GdPAI] ObjectRef(124621163998): object was freed before callback; returning Nil.
    [2659] <engine-1>[GdPAI] ObjectRef(1382643928884): object was freed before callback; returning Nil.
    [2660] <engine-1>[GdPAI] ObjectRef(124621163998): object was freed before callback; returning Nil.
    [2661] <engine-1>[GdPAI] ObjectRef(1382643928884): object was freed before callback; returning Nil.
    [2662] <engine-1>[GdPAI] ObjectRef(1382157389614): object was freed before callback; returning Nil.
    [2663] <engine-1>[GdPAI] ObjectRef(1382157389614): object was freed before callback; returning Nil.
    [2664] <engine-1>[GdPAI] ObjectRef(124621163998): object was freed before callback; returning Nil.
    [2665] <engine-1>[GdPAI] ObjectRef(1382643928884): object was freed before callback; returning Nil.
    [2666] <engine-1>[GdPAI] ObjectRef(1382157389614): object was freed before callback; returning Nil.
    [2667] <engine-1>[GdPAI] ObjectRef(1382157389614): object was freed before callback; returning Nil.
    [2668] <engine-1>[GdPAI] ObjectRef(124621163998): object was freed before callback; returning Nil.
    [2669] <engine-1>[GdPAI] ObjectRef(1382643928884): object was freed before callback; returning Nil.
    [2670] <engine-1>[GdPAI] ObjectRef(1382157389614): object was freed before callback; returning Nil.
    [2671] <engine-1>[GdPAI] ObjectRef(1382157389614): object was freed before callback; returning Nil.
    [2672] <engine-1>[GdPAI] ObjectRef(124621163998): object was freed before callback; returning Nil.
    [2673] <engine-1>[GdPAI] ObjectRef(1382643928884): object was freed before callback; returning Nil.
    [2674] <engine-1>[GdPAI] ObjectRef(1382157389614): object was freed before callback; returning Nil.
    [2675] <engine-1>[GdPAI] ObjectRef(1382157389614): object was freed before callback; returning Nil.
    [2676] <engine-1>[GdPAI] ObjectRef(124621163998): object was freed before callback; returning Nil.
    [2677] <engine-1>[GdPAI] ObjectRef(1382643928884): object was freed before callback; returning Nil.
    [2678] <engine-1>[GdPAI] ObjectRef(124621163998): object was freed before callback; returning Nil.
    [2679] <engine-1>[GdPAI] ObjectRef(1382643928884): object was freed before callback; returning Nil.
    [2680] <engine-1>[GdPAI] ObjectRef(124621163998): object was freed before callback; returning Nil.
    [2681] <engine-1>[GdPAI] ObjectRef(1382643928884): object was freed before callback; returning Nil.
    [2682] <engine-1>[GdPAI] ObjectRef(1382643928884): object was freed before callback; returning Nil.
    [2683] <engine-1>[GdPAI] ObjectRef(1383046581817): object was freed before callback; returning Nil.
    [2684] <engine-1>[GdPAI] ObjectRef(1383046581817): object was freed before callback; returning Nil.
    [2685] <engine-1>[GdPAI] ObjectRef(124621163998): object was freed before callback; returning Nil.
    [2686] <engine-1>[GdPAI] ObjectRef(1382643928884): object was freed before callback; returning Nil.
    [2687] <engine-1>[GdPAI] ObjectRef(1382643928884): object was freed before callback; returning Nil.
    [2688] <engine-1>[GdPAI] ObjectRef(1383046581817): object was freed before callback; returning Nil.
    [2689] <engine-1>[GdPAI] ObjectRef(1383046581817): object was freed before callback; returning Nil.
    [2690] <engine-1>[GdPAI] ObjectRef(124621163998): object was freed before callback; returning Nil.
    [2691] <engine-1>[GdPAI] ObjectRef(1382643928884): object was freed before callback; returning Nil.
    [2692] <engine-1>[GdPAI] ObjectRef(1383046581817): object was freed before callback; returning Nil.
    [2693] <engine-1>[GdPAI] ObjectRef(1383046581817): object was freed before callback; returning Nil.
    [2694] <engine-1>[GdPAI] ObjectRef(124621163998): object was freed before callback; returning Nil.
    [2695] <engine-1>[GdPAI] ObjectRef(124621163998): object was freed before callback; returning Nil.
    [2696] <engine-1>[GdPAI] ObjectRef(124134624705): object was freed before callback; returning Nil.
    [2697] <engine-1>[GdPAI] ObjectRef(125510356497): object was freed before callback; returning Nil.
    [2698] <engine-1>[GdPAI] ObjectRef(124587609564): object was freed before callback; returning Nil.
    [2699] <engine-1>[GdPAI] ObjectRef(124134624705): object was freed before callback; returning Nil.
    [2700] <engine-1>[GdPAI] ObjectRef(125510356497): object was freed before callback; returning Nil.
    [2701] <engine-1>[GdPAI] ObjectRef(124587609564): object was freed before callback; returning Nil.
    [2702] <engine-1>[GdPAI] ObjectRef(1382643928884): object was freed before callback; returning Nil.
    [2703] <engine-1>[GdPAI] ObjectRef(1383046581817): object was freed before callback; returning Nil.
    [2704] <engine-1>[GdPAI] ObjectRef(1383046581817): object was freed before callback; returning Nil.
    [2705] <engine-1>[GdPAI] ObjectRef(124621163998): object was freed before callback; returning Nil.
    [2706] <engine-1>[GdPAI] ObjectRef(124621163998): object was freed before callback; returning Nil.
    [2707] <engine-1>[GdPAI] ObjectRef(124134624705): object was freed before callback; returning Nil.
    [2708] <engine-1>[GdPAI] ObjectRef(125510356497): object was freed before callback; returning Nil.
    [2709] <engine-1>[GdPAI] ObjectRef(124587609564): object was freed before callback; returning Nil.
    [2710] <engine-1>[GdPAI] ObjectRef(124134624705): object was freed before callback; returning Nil.
    [2711] <engine-1>[GdPAI] ObjectRef(125510356497): object was freed before callback; returning Nil.
    [2712] <engine-1>[GdPAI] ObjectRef(124587609564): object was freed before callback; returning Nil.
    [2713] <engine-1>[GdPAI] ObjectRef(1382643928884): object was freed before callback; returning Nil.
    [2714] <engine-1>[GdPAI] ObjectRef(1382157389614): object was freed before callback; returning Nil.
    [2715] <engine-1>[GdPAI] ObjectRef(1382157389614): object was freed before callback; returning Nil.
    [2716] <engine-1>[GdPAI] ObjectRef(124621163998): object was freed before callback; returning Nil.
    [2717] <engine-1>[GdPAI] ObjectRef(124587609564): object was freed before callback; returning Nil.
    [2718] <engine-1>[GdPAI] ObjectRef(124587609564): object was freed before callback; returning Nil.
    [2719] <engine-1>[GdPAI] ObjectRef(1382643928884): object was freed before callback; returning Nil.
    [2720] <engine-1>[GdPAI] ObjectRef(1382157389614): object was freed before callback; returning Nil.
    [2721] <engine-1>[GdPAI] ObjectRef(1382157389614): object was freed before callback; returning Nil.
    [2722] <engine-1>[GdPAI] ObjectRef(124621163998): object was freed before callback; returning Nil.
    [2723] <engine-1>[GdPAI] ObjectRef(124587609564): object was freed before callback; returning Nil.
    [2724] <engine-1>[GdPAI] ObjectRef(124587609564): object was freed before callback; returning Nil.
    [2725] <engine-1>[GdPAI] ObjectRef(1382643928884): object was freed before callback; returning Nil.
    [2726] <engine-1>[GdPAI] ObjectRef(1382157389614): object was freed before callback; returning Nil.
    [2727] <engine-1>[GdPAI] ObjectRef(1382157389614): object was freed before callback; returning Nil.
    [2728] <engine-1>[GdPAI] ObjectRef(124621163998): object was freed before callback; returning Nil.
    [2729] <engine-1>[GdPAI] ObjectRef(1382643928884): object was freed before callback; returning Nil.
    [2730] <engine-1>[GdPAI] ObjectRef(1382157389614): object was freed before callback; returning Nil.
    [2731] <engine-1>[GdPAI] ObjectRef(1382157389614): object was freed before callback; returning Nil.
          at line 188
- test_cannot_cook_without_potato
[31m    [Failed]:  [0mTimed out waiting for submitted agent plan
          at line -1
[31m    [Failed]:  [0mUnexpected Errors:
    [1] <engine-1>[GdPAI] ObjectRef(124621163998): object was freed before callback; returning Nil.
    [2] <engine-1>[GdPAI] ObjectRef(124587609564): object was freed before callback; returning Nil.
    [3] <engine-1>[GdPAI] ObjectRef(124587609564): object was freed before callback; returning Nil.
    [4] <engine-1>[GdPAI] ObjectRef(1382643928884): object was freed before callback; returning Nil.
    [5] <engine-1>[GdPAI] ObjectRef(124621163998): object was freed before callback; returning Nil.
    [6] <engine-1>[GdPAI] ObjectRef(124587609564): object was freed before callback; returning Nil.
    [7] <engine-1>[GdPAI] ObjectRef(124587609564): object was freed before callback; returning Nil.
    [8] <engine-1>[GdPAI] ObjectRef(1382643928884): object was freed before callback; returning Nil.
    [9] <engine-1>[GdPAI] ObjectRef(1382157389614): object was freed before callback; returning Nil.
    [10] <engine-1>[GdPAI] ObjectRef(1382157389614): object was freed before callback; returning Nil.
    [11] <engine-1>[GdPAI] ObjectRef(124621163998): object was freed before callback; returning Nil.
    [12] <engine-1>[GdPAI] ObjectRef(125661351450): object was freed before callback; returning Nil.
    [13] <engine-1>[GdPAI] ObjectRef(125661351450): object was freed before callback; returning Nil.
    [14] <engine-1>[GdPAI] ObjectRef(1382643928884): object was freed before callback; returning Nil.
    [15] <engine-1>[GdPAI] ObjectRef(1382157389614): object was freed before callback; returning Nil.
    [16] <engine-1>[GdPAI] ObjectRef(1382157389614): object was freed before callback; returning Nil.
    [17] <engine-1>[GdPAI] ObjectRef(124621163998): object was freed before callback; returning Nil.
    [18] <engine-1>[GdPAI] ObjectRef(125661351450): object was freed before callback; returning Nil.
    [19] <engine-1>[GdPAI] ObjectRef(125661351450): object was freed before callback; returning Nil.
    [20] <engine-1>[GdPAI] ObjectRef(1382643928884): object was freed before callback; returning Nil.
    [21] <engine-1>[GdPAI] ObjectRef(1382157389614): object was freed before callback; returning Nil.
    [22] <engine-1>[GdPAI] ObjectRef(1382157389614): object was freed before callback; returning Nil.
    [23] <engine-1>[GdPAI] ObjectRef(124621163998): object was freed before callback; returning Nil.
    [24] <engine-1>[GdPAI] ObjectRef(124134624705): object was freed before callback; returning Nil.
    [25] <engine-1>[GdPAI] ObjectRef(124134624705): object was freed before callback; returning Nil.
    [26] <engine-1>[GdPAI] ObjectRef(1382643928884): object was freed before callback; returning Nil.
    [27] <engine-1>[GdPAI] ObjectRef(1382157389614): object was freed before callback; returning Nil.
    [28] <engine-1>[GdPAI] ObjectRef(1382157389614): object was freed before callback; returning Nil.
    [29] <engine-1>[GdPAI] ObjectRef(124621163998): object was freed before callback; returning Nil.
    [30] <engine-1>[GdPAI] ObjectRef(124134624705): object was freed before callback; returning Nil.
    [31] <engine-1>[GdPAI] ObjectRef(124134624705): object was freed before callback; returning Nil.
    [32] <engine-1>[GdPAI] ObjectRef(1382643928884): object was freed before callback; returning Nil.
    [33] <engine-1>[GdPAI] ObjectRef(124621163998): object was freed before callback; returning Nil.
    [34] <engine-1>[GdPAI] ObjectRef(1382643928884): object was freed before callback; returning Nil.
    [35] <engine-1>[GdPAI] ObjectRef(124621163998): object was freed before callback; returning Nil.
    [36] <engine-1>[GdPAI] ObjectRef(1382643928884): object was freed before callback; returning Nil.
    [37] <engine-1>[GdPAI] ObjectRef(1382643928884): object was freed before callback; returning Nil.
    [38] <engine-1>[GdPAI] ObjectRef(124621163998): object was freed before callback; returning Nil.
    [39] <engine-1>[GdPAI] ObjectRef(124621163998): object was freed before callback; returning Nil.
    [40] <engine-1>[GdPAI] ObjectRef(1382643928884): object was freed before callback; returning Nil.
    [41] <engine-1>[GdPAI] ObjectRef(1382643928884): object was freed before callback; returning Nil.
    [42] <engine-1>[GdPAI] ObjectRef(124621163998): object was freed before callback; returning Nil.
    [43] <engine-1>[GdPAI] ObjectRef(124621163998): object was freed before callback; returning Nil.
    [44] <engine-1>[GdPAI] ObjectRef(1382643928884): object was freed before callback; returning Nil.
    [45] <engine-1>[GdPAI] ObjectRef(124621163998): object was freed before callback; returning Nil.
    [46] <engine-1>[GdPAI] ObjectRef(1382643928884): object was freed before callback; returning Nil.
    [47] <engine-1>[GdPAI] ObjectRef(124621163998): object was freed before callback; returning Nil.
    [48] <engine-1>[GdPAI] ObjectRef(1382643928884): object was freed before callback; returning Nil.
    [49] <engine-1>[GdPAI] ObjectRef(1382157389614): object was freed before callback; returning Nil.
    [50] <engine-1>[GdPAI] ObjectRef(1382157389614): object was freed before callback; returning Nil.
    [51] <engine-1>[GdPAI] ObjectRef(124621163998): object was freed before callback; returning Nil.
    [52] <engine-1>[GdPAI] ObjectRef(1382643928884): object was freed before callback; returning Nil.
    [53] <engine-1>[GdPAI] ObjectRef(1382157389614): object was freed before callback; returning Nil.
    [54] <engine-1>[GdPAI] ObjectRef(1382157389614): object was freed before callback; returning Nil.
    [55] <engine-1>[GdPAI] ObjectRef(124621163998): object was freed before callback; returning Nil.
    [56] <engine-1>[GdPAI] ObjectRef(1382643928884): object was freed before callback; returning Nil.
    [57] <engine-1>[GdPAI] ObjectRef(1382157389614): object was freed before callback; returning Nil.
    [58] <engine-1>[GdPAI] ObjectRef(1382157389614): object was freed before callback; returning Nil.
    [59] <engine-1>[GdPAI] ObjectRef(124621163998): object was freed before callback; returning Nil.
    [60] <engine-1>[GdPAI] ObjectRef(1382643928884): object was freed before callback; returning Nil.
    [61] <engine-1>[GdPAI] ObjectRef(1382157389614): object was freed before callback; returning Nil.
    [62] <engine-1>[GdPAI] ObjectRef(1382157389614): object was freed before callback; returning Nil.
    [63] <engine-1>[GdPAI] ObjectRef(124621163998): object was freed before callback; returning Nil.
    [64] <engine-1>[GdPAI] ObjectRef(1382643928884): object was freed before callback; returning Nil.
    [65] <engine-1>[GdPAI] ObjectRef(124621163998): object was freed before callback; returning Nil.
    [66] <engine-1>[GdPAI] ObjectRef(1382643928884): object was freed before callback; returning Nil.
    [67] <engine-1>[GdPAI] ObjectRef(124621163998): object was freed before callback; returning Nil.
    [68] <engine-1>[GdPAI] ObjectRef(1382643928884): object was freed before callback; returning Nil.
    [69] <engine-1>[GdPAI] ObjectRef(1382643928884): object was freed before callback; returning Nil.
    [70] <engine-1>[GdPAI] ObjectRef(124621163998): object was freed before callback; returning Nil.
    [71] <engine-1>[GdPAI] ObjectRef(1382643928884): object was freed before callback; returning Nil.
    [72] <engine-1>[GdPAI] ObjectRef(1382643928884): object was freed before callback; returning Nil.
    [73] <engine-1>[GdPAI] ObjectRef(124621163998): object was freed before callback; returning Nil.
    [74] <engine-1>[GdPAI] ObjectRef(1382643928884): object was freed before callback; returning Nil.
    [75] <engine-1>[GdPAI] ObjectRef(124621163998): object was freed before callback; returning Nil.
    [76] <engine-1>[GdPAI] ObjectRef(124621163998): object was freed before callback; returning Nil.
    [77] <engine-1>[GdPAI] ObjectRef(1382643928884): object was freed before callback; returning Nil.
    [78] <engine-1>[GdPAI] ObjectRef(124621163998): object was freed before callback; returning Nil.
    [79] <engine-1>[GdPAI] ObjectRef(124621163998): object was freed before callback; returning Nil.
    [80] <engine-1>[GdPAI] ObjectRef(1382643928884): object was freed before callback; returning Nil.
    [81] <engine-1>[GdPAI] ObjectRef(1382157389614): object was freed before callback; returning Nil.
    [82] <engine-1>[GdPAI] ObjectRef(1382157389614): object was freed before callback; returning Nil.
    [83] <engine-1>[GdPAI] ObjectRef(124621163998): object was freed before callback; returning Nil.
    [84] <engine-1>[GdPAI] ObjectRef(1382643928884): object was freed before callback; returning Nil.
    [85] <engine-1>[GdPAI] ObjectRef(1382157389614): object was freed before callback; returning Nil.
    [86] <engine-1>[GdPAI] ObjectRef(1382157389614): object was freed before callback; returning Nil.
    [87] <engine-1>[GdPAI] ObjectRef(124621163998): object was freed before callback; returning Nil.
    [88] <engine-1>[GdPAI] ObjectRef(1382643928884): object was freed before callback; returning Nil.
    [89] <engine-1>[GdPAI] ObjectRef(1382157389614): object was freed before callback; returning Nil.
    [90] <engine-1>[GdPAI] ObjectRef(1382157389614): object was freed before callback; returning Nil.
    [91] <engine-1>[GdPAI] ObjectRef(124621163998): object was freed before callback; returning Nil.
    [92] <engine-1>[GdPAI] ObjectRef(1382643928884): object was freed before callback; returning Nil.
    [93] <engine-1>[GdPAI] ObjectRef(1382157389614): object was freed before callback; returning Nil.
    [94] <engine-1>[GdPAI] ObjectRef(1382157389614): object was freed before callback; returning Nil.
    [95] <engine-1>[GdPAI] ObjectRef(124621163998): object was freed before callback; returning Nil.
    [96] <engine-1>[GdPAI] ObjectRef(1382643928884): object was freed before callback; returning Nil.
    [97] <engine-1>[GdPAI] ObjectRef(124621163998): object was freed before callback; returning Nil.
    [98] <engine-1>[GdPAI] ObjectRef(1382643928884): object was freed before callback; returning Nil.
    [99] <engine-1>[GdPAI] ObjectRef(124621163998): object was freed before callback; returning Nil.
    [100] <engine-1>[GdPAI] ObjectRef(1382643928884): object was freed before callback; returning Nil.
    [101] <engine-1>[GdPAI] ObjectRef(1382643928884): object was freed before callback; returning Nil.
    [102] <engine-1>[GdPAI] ObjectRef(124621163998): object was freed before callback; returning Nil.
    [103] <engine-1>[GdPAI] ObjectRef(1382643928884): object was freed before callback; returning Nil.
    [104] <engine-1>[GdPAI] ObjectRef(1382643928884): object was freed before callback; returning Nil.
    [105] <engine-1>[GdPAI] ObjectRef(124621163998): object was freed before callback; returning Nil.
    [106] <engine-1>[GdPAI] ObjectRef(1382643928884): object was freed before callback; returning Nil.
    [107] <engine-1>[GdPAI] ObjectRef(124621163998): object was freed before callback; returning Nil.
    [108] <engine-1>[GdPAI] ObjectRef(1382643928884): object was freed before callback; returning Nil.
    [109] <engine-1>[GdPAI] ObjectRef(124621163998): object was freed before callback; returning Nil.
    [110] <engine-1>[GdPAI] ObjectRef(1382643928884): object was freed before callback; returning Nil.
    [111] <engine-1>[GdPAI] ObjectRef(1382157389614): object was freed before callback; returning Nil.
    [112] <engine-1>[GdPAI] ObjectRef(1382157389614): object was freed before callback; returning Nil.
    [113] <engine-1>[GdPAI] ObjectRef(124621163998): object was freed before callback; returning Nil.
    [114] <engine-1>[GdPAI] ObjectRef(124621163998): object was freed before callback; returning Nil.
    [115] <engine-1>[GdPAI] ObjectRef(1382643928884): object was freed before callback; returning Nil.
    [116] <engine-1>[GdPAI] ObjectRef(1382157389614): object was freed before callback; returning Nil.
    [117] <engine-1>[GdPAI] ObjectRef(1382157389614): object was freed before callback; returning Nil.
    [118] <engine-1>[GdPAI] ObjectRef(124621163998): object was freed before callback; returning Nil.
    [119] <engine-1>[GdPAI] ObjectRef(124621163998): object was freed before callback; returning Nil.
    [120] <engine-1>[GdPAI] ObjectRef(1382643928884): object was freed before callback; returning Nil.
    [121] <engine-1>[GdPAI] ObjectRef(1382157389614): object was freed before callback; returning Nil.
    [122] <engine-1>[GdPAI] ObjectRef(1382157389614): object was freed before callback; returning Nil.
    [123] <engine-1>[GdPAI] ObjectRef(124621163998): object was freed before callback; returning Nil.
    [124] <engine-1>[GdPAI] ObjectRef(1382643928884): object was freed before callback; returning Nil.
    [125] <engine-1>[GdPAI] ObjectRef(1382157389614): object was freed before callback; returning Nil.
    [126] <engine-1>[GdPAI] ObjectRef(1382157389614): object was freed before callback; returning Nil.
    [127] <engine-1>[GdPAI] ObjectRef(124621163998): object was freed before callback; returning Nil.
    [128] <engine-1>[GdPAI] ObjectRef(1382643928884): object was freed before callback; returning Nil.
    [129] <engine-1>[GdPAI] ObjectRef(124621163998): object was freed before callback; returning Nil.
    [130] <engine-1>[GdPAI] ObjectRef(1382643928884): object was freed before callback; returning Nil.
    [131] <engine-1>[GdPAI] ObjectRef(124621163998): object was freed before callback; returning Nil.
    [132] <engine-1>[GdPAI] ObjectRef(1382643928884): object was freed before callback; returning Nil.
    [133] <engine-1>[GdPAI] ObjectRef(1382643928884): object was freed before callback; returning Nil.
    [134] <engine-1>[GdPAI] ObjectRef(124621163998): object was freed before callback; returning Nil.
    [135] <engine-1>[GdPAI] ObjectRef(1382643928884): object was freed before callback; returning Nil.
    [136] <engine-1>[GdPAI] ObjectRef(1382643928884): object was freed before callback; returning Nil.
    [137] <engine-1>[GdPAI] ObjectRef(124621163998): object was freed before callback; returning Nil.
    [138] <engine-1>[GdPAI] ObjectRef(1382643928884): object was freed before callback; returning Nil.
    [139] <engine-1>[GdPAI] ObjectRef(1382643928884): object was freed before callback; returning Nil.
    [140] <engine-1>[GdPAI] ObjectRef(124621163998): object was freed before callback; returning Nil.
    [141] <engine-1>[GdPAI] ObjectRef(1382643928884): object was freed before callback; returning Nil.
    [142] <engine-1>[GdPAI] ObjectRef(1382643928884): object was freed before callback; returning Nil.
    [143] <engine-1>[GdPAI] ObjectRef(124621163998): object was freed before callback; returning Nil.
    [144] <engine-1>[GdPAI] ObjectRef(1382643928884): object was freed before callback; returning Nil.
    [145] <engine-1>[GdPAI] ObjectRef(1382643928884): object was freed before callback; returning Nil.
    [146] <engine-1>[GdPAI] ObjectRef(124621163998): object was freed before callback; returning Nil.
    [147] <engine-1>[GdPAI] ObjectRef(1382643928884): object was freed before callback; returning Nil.
    [148] <engine-1>[GdPAI] ObjectRef(1382643928884): object was freed before callback; returning Nil.
    [149] <engine-1>[GdPAI] ObjectRef(124621163998): object was freed before callback; returning Nil.
    [150] <engine-1>[GdPAI] ObjectRef(1382643928884): object was freed before callback; returning Nil.
    [151] <engine-1>[GdPAI] ObjectRef(1382643928884): object was freed before callback; returning Nil.
    [152] <engine-1>[GdPAI] ObjectRef(124621163998): object was freed before callback; returning Nil.
    [153] <engine-1>[GdPAI] ObjectRef(124621163998): object was freed before callback; returning Nil.
    [154] <engine-1>[GdPAI] ObjectRef(1382643928884): object was freed before callback; returning Nil.
    [155] <engine-1>[GdPAI] ObjectRef(1382643928884): object was freed before callback; returning Nil.
    [156] <engine-1>[GdPAI] ObjectRef(124621163998): object was freed before callback; returning Nil.
    [157] <engine-1>[GdPAI] ObjectRef(124621163998): object was freed before callback; returning Nil.
    [158] <engine-1>[GdPAI] ObjectRef(1382643928884): object was freed before callback; returning Nil.
    [159] <engine-1>[GdPAI] ObjectRef(1382643928884): object was freed before callback; returning Nil.
    [160] <engine-1>[GdPAI] ObjectRef(124621163998): object was freed before callback; returning Nil.
    [161] <engine-1>[GdPAI] ObjectRef(1382643928884): object was freed before callback; returning Nil.
    [162] <engine-1>[GdPAI] ObjectRef(1382643928884): object was freed before callback; returning Nil.
    [163] <engine-1>[GdPAI] ObjectRef(124621163998): object was freed before callback; returning Nil.
    [164] <engine-1>[GdPAI] ObjectRef(1382643928884): object was freed before callback; returning Nil.
    [165] <engine-1>[GdPAI] ObjectRef(1382643928884): object was freed before callback; returning Nil.
    [166] <engine-1>[GdPAI] ObjectRef(124621163998): object was freed before callback; returning Nil.
    [167] <engine-1>[GdPAI] ObjectRef(1382643928884): object was freed before callback; returning Nil.
    [168] <engine-1>[GdPAI] ObjectRef(1382643928884): object was freed before callback; returning Nil.
    [169] <engine-1>[GdPAI] ObjectRef(124621163998): object was freed before callback; returning Nil.
    [170] <engine-1>[GdPAI] ObjectRef(1382643928884): object was freed before callback; returning Nil.
    [171] <engine-1>[GdPAI] ObjectRef(1382643928884): object was freed before callback; returning Nil.
    [172] <engine-1>[GdPAI] ObjectRef(124621163998): object was freed before callback; returning Nil.
    [173] <engine-1>[GdPAI] ObjectRef(1382643928884): object was freed before callback; returning Nil.
    [174] <engine-1>[GdPAI] ObjectRef(1382643928884): object was freed before callback; returning Nil.
    [175] <engine-1>[GdPAI] ObjectRef(124621163998): object was freed before callback; returning Nil.
    [176] <engine-1>[GdPAI] ObjectRef(1382643928884): object was freed before callback; returning Nil.
    [177] <engine-1>[GdPAI] ObjectRef(1382643928884): object was freed before callback; returning Nil.
    [178] <engine-1>[GdPAI] ObjectRef(124621163998): object was freed before callback; returning Nil.
    [179] <engine-1>[GdPAI] ObjectRef(1382643928884): object was freed before callback; returning Nil.
    [180] <engine-1>[GdPAI] ObjectRef(1382643928884): object was freed before callback; returning Nil.
    [181] <engine-1>[GdPAI] ObjectRef(124621163998): object was freed before callback; returning Nil.
    [182] <engine-1>[GdPAI] ObjectRef(1382643928884): object was freed before callback; returning Nil.
    [183] <engine-1>[GdPAI] ObjectRef(1382643928884): object was freed before callback; returning Nil.
    [184] <engine-1>[GdPAI] ObjectRef(124621163998): object was freed before callback; returning Nil.
    [185] <engine-1>[GdPAI] ObjectRef(1382643928884): object was freed before callback; returning Nil.
    [186] <engine-1>[GdPAI] ObjectRef(1382643928884): object was freed before callback; returning Nil.
    [187] <engine-1>[GdPAI] ObjectRef(124621163998): object was freed before callback; returning Nil.
    [188] <engine-1>[GdPAI] ObjectRef(1382643928884): object was freed before callback; returning Nil.
    [189] <engine-1>[GdPAI] ObjectRef(1382643928884): object was freed before callback; returning Nil.
    [190] <engine-1>[GdPAI] ObjectRef(124621163998): object was freed before callback; returning Nil.
    [191] <engine-1>[GdPAI] ObjectRef(124621163998): object was freed before callback; returning Nil.
    [192] <engine-1>[GdPAI] ObjectRef(1382643928884): object was freed before callback; returning Nil.
    [193] <engine-1>[GdPAI] ObjectRef(1382643928884): object was freed before callback; returning Nil.
    [194] <engine-1>[GdPAI] ObjectRef(124621163998): object was freed before callback; returning Nil.
    [195] <engine-1>[GdPAI] ObjectRef(124621163998): object was freed before callback; returning Nil.
    [196] <engine-1>[GdPAI] ObjectRef(1382643928884): object was freed before callback; returning Nil.
    [197] <engine-1>[GdPAI] ObjectRef(1382643928884): object was freed before callback; returning Nil.
    [198] <engine-1>[GdPAI] ObjectRef(124621163998): object was freed before callback; returning Nil.
    [199] <engine-1>[GdPAI] ObjectRef(1382643928884): object was freed before callback; returning Nil.
    [200] <engine-1>[GdPAI] ObjectRef(1382643928884): object was freed before callback; returning Nil.
    [201] <engine-1>[GdPAI] ObjectRef(124621163998): object was freed before callback; returning Nil.
    [202] <engine-1>[GdPAI] ObjectRef(1382643928884): object was freed before callback; returning Nil.
    [203] <engine-1>[GdPAI] ObjectRef(1382643928884): object was freed before callback; returning Nil.
    [204] <engine-1>[GdPAI] ObjectRef(124621163998): object was freed before callback; returning Nil.
    [205] <engine-1>[GdPAI] ObjectRef(1382643928884): object was freed before callback; returning Nil.
    [206] <engine-1>[GdPAI] ObjectRef(1382643928884): object was freed before callback; returning Nil.
    [207] <engine-1>[GdPAI] ObjectRef(124621163998): object was freed before callback; returning Nil.
    [208] <engine-1>[GdPAI] ObjectRef(1382643928884): object was freed before callback; returning Nil.
    [209] <engine-1>[GdPAI] ObjectRef(1382643928884): object was freed before callback; returning Nil.
    [210] <engine-1>[GdPAI] ObjectRef(124621163998): object was freed before callback; returning Nil.
    [211] <engine-1>[GdPAI] ObjectRef(1382643928884): object was freed before callback; returning Nil.
    [212] <engine-1>[GdPAI] ObjectRef(1382643928884): object was freed before callback; returning Nil.
    [213] <engine-1>[GdPAI] ObjectRef(124621163998): object was freed before callback; returning Nil.
    [214] <engine-1>[GdPAI] ObjectRef(1382643928884): object was freed before callback; returning Nil.
    [215] <engine-1>[GdPAI] ObjectRef(1382643928884): object was freed before callback; returning Nil.
    [216] <engine-1>[GdPAI] ObjectRef(1383046581817): object was freed before callback; returning Nil.
    [217] <engine-1>[GdPAI] ObjectRef(1383046581817): object was freed before callback; returning Nil.
    [218] <engine-1>[GdPAI] ObjectRef(124621163998): object was freed before callback; returning Nil.
    [219] <engine-1>[GdPAI] ObjectRef(1382643928884): object was freed before callback; returning Nil.
    [220] <engine-1>[GdPAI] ObjectRef(1382643928884): object was freed before callback; returning Nil.
    [221] <engine-1>[GdPAI] ObjectRef(1383046581817): object was freed before callback; returning Nil.
    [222] <engine-1>[GdPAI] ObjectRef(1383046581817): object was freed before callback; returning Nil.
    [223] <engine-1>[GdPAI] ObjectRef(124621163998): object was freed before callback; returning Nil.
    [224] <engine-1>[GdPAI] ObjectRef(1382643928884): object was freed before callback; returning Nil.
    [225] <engine-1>[GdPAI] ObjectRef(1383046581817): object was freed before callback; returning Nil.
    [226] <engine-1>[GdPAI] ObjectRef(1383046581817): object was freed before callback; returning Nil.
    [227] <engine-1>[GdPAI] ObjectRef(124621163998): object was freed before callback; returning Nil.
    [228] <engine-1>[GdPAI] ObjectRef(1382643928884): object was freed before callback; returning Nil.
    [229] <engine-1>[GdPAI] ObjectRef(1383046581817): object was freed before callback; returning Nil.
    [230] <engine-1>[GdPAI] ObjectRef(1383046581817): object was freed before callback; returning Nil.
    [231] <engine-1>[GdPAI] ObjectRef(124621163998): object was freed before callback; returning Nil.
    [232] <engine-1>[GdPAI] ObjectRef(1382643928884): object was freed before callback; returning Nil.
    [233] <engine-1>[GdPAI] ObjectRef(1382157389614): object was freed before callback; returning Nil.
    [234] <engine-1>[GdPAI] ObjectRef(1382157389614): object was freed before callback; returning Nil.
    [235] <engine-1>[GdPAI] ObjectRef(124621163998): object was freed before callback; returning Nil.
    [236] <engine-1>[GdPAI] ObjectRef(124621163998): object was freed before callback; returning Nil.
    [237] <engine-1>[GdPAI] ObjectRef(1382643928884): object was freed before callback; returning Nil.
    [238] <engine-1>[GdPAI] ObjectRef(1382157389614): object was freed before callback; returning Nil.
    [239] <engine-1>[GdPAI] ObjectRef(1382157389614): object was freed before callback; returning Nil.
    [240] <engine-1>[GdPAI] ObjectRef(124621163998): object was freed before callback; returning Nil.
    [241] <engine-1>[GdPAI] ObjectRef(124621163998): object was freed before callback; returning Nil.
    [242] <engine-1>[GdPAI] ObjectRef(1382643928884): object was freed before callback; returning Nil.
    [243] <engine-1>[GdPAI] ObjectRef(1382157389614): object was freed before callback; returning Nil.
    [244] <engine-1>[GdPAI] ObjectRef(1382157389614): object was freed before callback; returning Nil.
    [245] <engine-1>[GdPAI] ObjectRef(124621163998): object was freed before callback; returning Nil.
    [246] <engine-1>[GdPAI] ObjectRef(124621163998): object was freed before callback; returning Nil.
    [247] <engine-1>[GdPAI] ObjectRef(1382643928884): object was freed before callback; returning Nil.
    [248] <engine-1>[GdPAI] ObjectRef(1382157389614): object was freed before callback; returning Nil.
    [249] <engine-1>[GdPAI] ObjectRef(1382157389614): object was freed before callback; returning Nil.
    [250] <engine-1>[GdPAI] ObjectRef(124621163998): object was freed before callback; returning Nil.
    [251] <engine-1>[GdPAI] ObjectRef(124621163998): object was freed before callback; returning Nil.
    [252] <engine-1>[GdPAI] ObjectRef(1382643928884): object was freed before callback; returning Nil.
    [253] <engine-1>[GdPAI] ObjectRef(124621163998): object was freed before callback; returning Nil.
    [254] <engine-1>[GdPAI] ObjectRef(124621163998): object was freed before callback; returning Nil.
    [255] <engine-1>[GdPAI] ObjectRef(1382643928884): object was freed before callback; returning Nil.
    [256] <engine-1>[GdPAI] ObjectRef(124621163998): object was freed before callback; returning Nil.
    [257] <engine-1>[GdPAI] ObjectRef(124621163998): object was freed before callback; returning Nil.
    [258] <engine-1>[GdPAI] ObjectRef(1382643928884): object was freed before callback; returning Nil.
    [259] <engine-1>[GdPAI] ObjectRef(1382643928884): object was freed before callback; returning Nil.
    [260] <engine-1>[GdPAI] ObjectRef(124621163998): object was freed before callback; returning Nil.
    [261] <engine-1>[GdPAI] ObjectRef(124621163998): object was freed before callback; returning Nil.
    [262] <engine-1>[GdPAI] ObjectRef(1382643928884): object was freed before callback; returning Nil.
    [263] <engine-1>[GdPAI] ObjectRef(1382643928884): object was freed before callback; returning Nil.
    [264] <engine-1>[GdPAI] ObjectRef(124621163998): object was freed before callback; returning Nil.
    [265] <engine-1>[GdPAI] ObjectRef(124621163998): object was freed before callback; returning Nil.
    [266] <engine-1>[GdPAI] ObjectRef(1382643928884): object was freed before callback; returning Nil.
    [267] <engine-1>[GdPAI] ObjectRef(124621163998): object was freed before callback; returning Nil.
    [268] <engine-1>[GdPAI] ObjectRef(124621163998): object was freed before callback; returning Nil.
    [269] <engine-1>[GdPAI] ObjectRef(1382643928884): object was freed before callback; returning Nil.
    [270] <engine-1>[GdPAI] ObjectRef(124621163998): object was freed before callback; returning Nil.
    [271] <engine-1>[GdPAI] ObjectRef(124621163998): object was freed before callback; returning Nil.
    [272] <engine-1>[GdPAI] ObjectRef(1382643928884): object was freed before callback; returning Nil.
    [273] <engine-1>[GdPAI] ObjectRef(1382157389614): object was freed before callback; returning Nil.
    [274] <engine-1>[GdPAI] ObjectRef(1382157389614): object was freed before callback; returning Nil.
    [275] <engine-1>[GdPAI] ObjectRef(124621163998): object was freed before callback; returning Nil.
    [276] <engine-1>[GdPAI] ObjectRef(124621163998): object was freed before callback; returning Nil.
    [277] <engine-1>[GdPAI] ObjectRef(1382643928884): object was freed before callback; returning Nil.
    [278] <engine-1>[GdPAI] ObjectRef(1382157389614): object was freed before callback; returning Nil.
    [279] <engine-1>[GdPAI] ObjectRef(1382157389614): object was freed before callback; returning Nil.
    [280] <engine-1>[GdPAI] ObjectRef(124621163998): object was freed before callback; returning Nil.
    [281] <engine-1>[GdPAI] ObjectRef(124621163998): object was freed before callback; returning Nil.
    [282] <engine-1>[GdPAI] ObjectRef(1382643928884): object was freed before callback; returning Nil.
    [283] <engine-1>[GdPAI] ObjectRef(1382157389614): object was freed before callback; returning Nil.
    [284] <engine-1>[GdPAI] ObjectRef(1382157389614): object was freed before callback; returning Nil.
    [285] <engine-1>[GdPAI] ObjectRef(124621163998): object was freed before callback; returning Nil.
    [286] <engine-1>[GdPAI] ObjectRef(124621163998): object was freed before callback; returning Nil.
    [287] <engine-1>[GdPAI] ObjectRef(1382643928884): object was freed before callback; returning Nil.
    [288] <engine-1>[GdPAI] ObjectRef(1382157389614): object was freed before callback; returning Nil.
    [289] <engine-1>[GdPAI] ObjectRef(1382157389614): object was freed before callback; returning Nil.
    [290] <engine-1>[GdPAI] ObjectRef(124621163998): object was freed before callback; returning Nil.
    [291] <engine-1>[GdPAI] ObjectRef(124621163998): object was freed before callback; returning Nil.
    [292] <engine-1>[GdPAI] ObjectRef(1382643928884): object was freed before callback; returning Nil.
    [293] <engine-1>[GdPAI] ObjectRef(124621163998): object was freed before callback; returning Nil.
    [294] <engine-1>[GdPAI] ObjectRef(124621163998): object was freed before callback; returning Nil.
    [295] <engine-1>[GdPAI] ObjectRef(1382643928884): object was freed before callback; returning Nil.
    [296] <engine-1>[GdPAI] ObjectRef(124621163998): object was freed before callback; returning Nil.
    [297] <engine-1>[GdPAI] ObjectRef(124621163998): object was freed before callback; returning Nil.
    [298] <engine-1>[GdPAI] ObjectRef(1382643928884): object was freed before callback; returning Nil.
    [299] <engine-1>[GdPAI] ObjectRef(1382643928884): object was freed before callback; returning Nil.
    [300] <engine-1>[GdPAI] ObjectRef(1383046581817): object was freed before callback; returning Nil.
    [301] <engine-1>[GdPAI] ObjectRef(1383046581817): object was freed before callback; returning Nil.
    [302] <engine-1>[GdPAI] ObjectRef(124621163998): object was freed before callback; returning Nil.
    [303] <engine-1>[GdPAI] ObjectRef(124621163998): object was freed before callback; returning Nil.
    [304] <engine-1>[GdPAI] ObjectRef(1382643928884): object was freed before callback; returning Nil.
    [305] <engine-1>[GdPAI] ObjectRef(1382643928884): object was freed before callback; returning Nil.
    [306] <engine-1>[GdPAI] ObjectRef(1383046581817): object was freed before callback; returning Nil.
    [307] <engine-1>[GdPAI] ObjectRef(1383046581817): object was freed before callback; returning Nil.
    [308] <engine-1>[GdPAI] ObjectRef(124621163998): object was freed before callback; returning Nil.
    [309] <engine-1>[GdPAI] ObjectRef(124621163998): object was freed before callback; returning Nil.
    [310] <engine-1>[GdPAI] ObjectRef(1382643928884): object was freed before callback; returning Nil.
    [311] <engine-1>[GdPAI] ObjectRef(1383046581817): object was freed before callback; returning Nil.
    [312] <engine-1>[GdPAI] ObjectRef(1383046581817): object was freed before callback; returning Nil.
    [313] <engine-1>[GdPAI] ObjectRef(124621163998): object was freed before callback; returning Nil.
    [314] <engine-1>[GdPAI] ObjectRef(124621163998): object was freed before callback; returning Nil.
    [315] <engine-1>[GdPAI] ObjectRef(1382643928884): object was freed before callback; returning Nil.
    [316] <engine-1>[GdPAI] ObjectRef(1383046581817): object was freed before callback; returning Nil.
    [317] <engine-1>[GdPAI] ObjectRef(1383046581817): object was freed before callback; returning Nil.
    [318] <engine-1>[GdPAI] ObjectRef(124621163998): object was freed before callback; returning Nil.
    [319] <engine-1>[GdPAI] ObjectRef(124621163998): object was freed before callback; returning Nil.
    [320] <engine-1>[GdPAI] ObjectRef(1382643928884): object was freed before callback; returning Nil.
    [321] <engine-1>[GdPAI] ObjectRef(1382157389614): object was freed before callback; returning Nil.
    [322] <engine-1>[GdPAI] ObjectRef(1382157389614): object was freed before callback; returning Nil.
    [323] <engine-1>[GdPAI] ObjectRef(124621163998): object was freed before callback; returning Nil.
    [324] <engine-1>[GdPAI] ObjectRef(124621163998): object was freed before callback; returning Nil.
    [325] <engine-1>[GdPAI] ObjectRef(1382643928884): object was freed before callback; returning Nil.
    [326] <engine-1>[GdPAI] ObjectRef(1382157389614): object was freed before callback; returning Nil.
    [327] <engine-1>[GdPAI] ObjectRef(1382157389614): object was freed before callback; returning Nil.
    [328] <engine-1>[GdPAI] ObjectRef(124621163998): object was freed before callback; returning Nil.
    [329] <engine-1>[GdPAI] ObjectRef(124621163998): object was freed before callback; returning Nil.
    [330] <engine-1>[GdPAI] ObjectRef(1382643928884): object was freed before callback; returning Nil.
    [331] <engine-1>[GdPAI] ObjectRef(1382157389614): object was freed before callback; returning Nil.
    [332] <engine-1>[GdPAI] ObjectRef(1382157389614): object was freed before callback; returning Nil.
    [333] <engine-1>[GdPAI] ObjectRef(124621163998): object was freed before callback; returning Nil.
    [334] <engine-1>[GdPAI] ObjectRef(124621163998): object was freed before callback; returning Nil.
    [335] <engine-1>[GdPAI] ObjectRef(1382643928884): object was freed before callback; returning Nil.
    [336] <engine-1>[GdPAI] ObjectRef(1382157389614): object was freed before callback; returning Nil.
    [337] <engine-1>[GdPAI] ObjectRef(1382157389614): object was freed before callback; returning Nil.
    [338] <engine-1>[GdPAI] ObjectRef(124621163998): object was freed before callback; returning Nil.
    [339] <engine-1>[GdPAI] ObjectRef(124621163998): object was freed before callback; returning Nil.
    [340] <engine-1>[GdPAI] ObjectRef(1382643928884): object was freed before callback; returning Nil.
    [341] <engine-1>[GdPAI] ObjectRef(124621163998): object was freed before callback; returning Nil.
    [342] <engine-1>[GdPAI] ObjectRef(124621163998): object was freed before callback; returning Nil.
    [343] <engine-1>[GdPAI] ObjectRef(1382643928884): object was freed before callback; returning Nil.
    [344] <engine-1>[GdPAI] ObjectRef(124621163998): object was freed before callback; returning Nil.
    [345] <engine-1>[GdPAI] ObjectRef(124621163998): object was freed before callback; returning Nil.
    [346] <engine-1>[GdPAI] ObjectRef(1382643928884): object was freed before callback; returning Nil.
    [347] <engine-1>[GdPAI] ObjectRef(1382643928884): object was freed before callback; returning Nil.
    [348] <engine-1>[GdPAI] ObjectRef(124621163998): object was freed before callback; returning Nil.
    [349] <engine-1>[GdPAI] ObjectRef(124621163998): object was freed before callback; returning Nil.
    [350] <engine-1>[GdPAI] ObjectRef(1382643928884): object was freed before callback; returning Nil.
    [351] <engine-1>[GdPAI] ObjectRef(1382643928884): object was freed before callback; returning Nil.
    [352] <engine-1>[GdPAI] ObjectRef(124621163998): object was freed before callback; returning Nil.
    [353] <engine-1>[GdPAI] ObjectRef(124621163998): object was freed before callback; returning Nil.
    [354] <engine-1>[GdPAI] ObjectRef(1382643928884): object was freed before callback; returning Nil.
    [355] <engine-1>[GdPAI] ObjectRef(124621163998): object was freed before callback; returning Nil.
    [356] <engine-1>[GdPAI] ObjectRef(124621163998): object was freed before callback; returning Nil.
    [357] <engine-1>[GdPAI] ObjectRef(1382643928884): object was freed before callback; returning Nil.
    [358] <engine-1>[GdPAI] ObjectRef(124621163998): object was freed before callback; returning Nil.
    [359] <engine-1>[GdPAI] ObjectRef(124621163998): object was freed before callback; returning Nil.
    [360] <engine-1>[GdPAI] ObjectRef(1382643928884): object was freed before callback; returning Nil.
    [361] <engine-1>[GdPAI] ObjectRef(1382157389614): object was freed before callback; returning Nil.
    [362] <engine-1>[GdPAI] ObjectRef(1382157389614): object was freed before callback; returning Nil.
    [363] <engine-1>[GdPAI] ObjectRef(124621163998): object was freed before callback; returning Nil.
    [364] <engine-1>[GdPAI] ObjectRef(124621163998): object was freed before callback; returning Nil.
    [365] <engine-1>[GdPAI] ObjectRef(1382643928884): object was freed before callback; returning Nil.
    [366] <engine-1>[GdPAI] ObjectRef(1382157389614): object was freed before callback; returning Nil.
    [367] <engine-1>[GdPAI] ObjectRef(1382157389614): object was freed before callback; returning Nil.
    [368] <engine-1>[GdPAI] ObjectRef(124621163998): object was freed before callback; returning Nil.
    [369] <engine-1>[GdPAI] ObjectRef(124621163998): object was freed before callback; returning Nil.
    [370] <engine-1>[GdPAI] ObjectRef(1382643928884): object was freed before callback; returning Nil.
    [371] <engine-1>[GdPAI] ObjectRef(1382157389614): object was freed before callback; returning Nil.
    [372] <engine-1>[GdPAI] ObjectRef(1382157389614): object was freed before callback; returning Nil.
    [373] <engine-1>[GdPAI] ObjectRef(124621163998): object was freed before callback; returning Nil.
    [374] <engine-1>[GdPAI] ObjectRef(124621163998): object was freed before callback; returning Nil.
    [375] <engine-1>[GdPAI] ObjectRef(1382643928884): object was freed before callback; returning Nil.
    [376] <engine-1>[GdPAI] ObjectRef(1382157389614): object was freed before callback; returning Nil.
    [377] <engine-1>[GdPAI] ObjectRef(1382157389614): object was freed before callback; returning Nil.
    [378] <engine-1>[GdPAI] ObjectRef(124621163998): object was freed before callback; returning Nil.
    [379] <engine-1>[GdPAI] ObjectRef(124621163998): object was freed before callback; returning Nil.
    [380] <engine-1>[GdPAI] ObjectRef(1382643928884): object was freed before callback; returning Nil.
    [381] <engine-1>[GdPAI] ObjectRef(124621163998): object was freed before callback; returning Nil.
    [382] <engine-1>[GdPAI] ObjectRef(124621163998): object was freed before callback; returning Nil.
    [383] <engine-1>[GdPAI] ObjectRef(1382643928884): object was freed before callback; returning Nil.
    [384] <engine-1>[GdPAI] ObjectRef(124621163998): object was freed before callback; returning Nil.
    [385] <engine-1>[GdPAI] ObjectRef(124621163998): object was freed before callback; returning Nil.
    [386] <engine-1>[GdPAI] ObjectRef(1382643928884): object was freed before callback; returning Nil.
    [387] <engine-1>[GdPAI] ObjectRef(1382643928884): object was freed before callback; returning Nil.
    [388] <engine-1>[GdPAI] ObjectRef(124621163998): object was freed before callback; returning Nil.
    [389] <engine-1>[GdPAI] ObjectRef(124621163998): object was freed before callback; returning Nil.
    [390] <engine-1>[GdPAI] ObjectRef(1382643928884): object was freed before callback; returning Nil.
    [391] <engine-1>[GdPAI] ObjectRef(1382643928884): object was freed before callback; returning Nil.
    [392] <engine-1>[GdPAI] ObjectRef(124621163998): object was freed before callback; returning Nil.
    [393] <engine-1>[GdPAI] ObjectRef(124621163998): object was freed before callback; returning Nil.
    [394] <engine-1>[GdPAI] ObjectRef(1382643928884): object was freed before callback; returning Nil.
    [395] <engine-1>[GdPAI] ObjectRef(124621163998): object was freed before callback; returning Nil.
    [396] <engine-1>[GdPAI] ObjectRef(124621163998): object was freed before callback; returning Nil.
    [397] <engine-1>[GdPAI] ObjectRef(1382643928884): object was freed before callback; returning Nil.
    [398] <engine-1>[GdPAI] ObjectRef(124621163998): object was freed before callback; returning Nil.
    [399] <engine-1>[GdPAI] ObjectRef(124621163998): object was freed before callback; returning Nil.
    [400] <engine-1>[GdPAI] ObjectRef(1382643928884): object was freed before callback; returning Nil.
    [401] <engine-1>[GdPAI] ObjectRef(1382157389614): object was freed before callback; returning Nil.
    [402] <engine-1>[GdPAI] ObjectRef(1382157389614): object was freed before callback; returning Nil.
    [403] <engine-1>[GdPAI] ObjectRef(124621163998): object was freed before callback; returning Nil.
    [404] <engine-1>[GdPAI] ObjectRef(124621163998): object was freed before callback; returning Nil.
    [405] <engine-1>[GdPAI] ObjectRef(1382643928884): object was freed before callback; returning Nil.
    [406] <engine-1>[GdPAI] ObjectRef(1382157389614): object was freed before callback; returning Nil.
    [407] <engine-1>[GdPAI] ObjectRef(1382157389614): object was freed before callback; returning Nil.
    [408] <engine-1>[GdPAI] ObjectRef(124621163998): object was freed before callback; returning Nil.
    [409] <engine-1>[GdPAI] ObjectRef(124621163998): object was freed before callback; returning Nil.
    [410] <engine-1>[GdPAI] ObjectRef(1382643928884): object was freed before callback; returning Nil.
    [411] <engine-1>[GdPAI] ObjectRef(1382157389614): object was freed before callback; returning Nil.
    [412] <engine-1>[GdPAI] ObjectRef(1382157389614): object was freed before callback; returning Nil.
    [413] <engine-1>[GdPAI] ObjectRef(124621163998): object was freed before callback; returning Nil.
    [414] <engine-1>[GdPAI] ObjectRef(124621163998): object was freed before callback; returning Nil.
    [415] <engine-1>[GdPAI] ObjectRef(1382643928884): object was freed before callback; returning Nil.
    [416] <engine-1>[GdPAI] ObjectRef(1382157389614): object was freed before callback; returning Nil.
    [417] <engine-1>[GdPAI] ObjectRef(1382157389614): object was freed before callback; returning Nil.
    [418] <engine-1>[GdPAI] ObjectRef(124621163998): object was freed before callback; returning Nil.
    [419] <engine-1>[GdPAI] ObjectRef(124621163998): object was freed before callback; returning Nil.
    [420] <engine-1>[GdPAI] ObjectRef(1382643928884): object was freed before callback; returning Nil.
    [421] <engine-1>[GdPAI] ObjectRef(124621163998): object was freed before callback; returning Nil.
    [422] <engine-1>[GdPAI] ObjectRef(124621163998): object was freed before callback; returning Nil.
    [423] <engine-1>[GdPAI] ObjectRef(1382643928884): object was freed before callback; returning Nil.
    [424] <engine-1>[GdPAI] ObjectRef(124621163998): object was freed before callback; returning Nil.
    [425] <engine-1>[GdPAI] ObjectRef(124621163998): object was freed before callback; returning Nil.
    [426] <engine-1>[GdPAI] ObjectRef(1382643928884): object was freed before callback; returning Nil.
    [427] <engine-1>[GdPAI] ObjectRef(1382643928884): object was freed before callback; returning Nil.
    [428] <engine-1>[GdPAI] ObjectRef(124621163998): object was freed before callback; returning Nil.
    [429] <engine-1>[GdPAI] ObjectRef(124621163998): object was freed before callback; returning Nil.
    [430] <engine-1>[GdPAI] ObjectRef(1382643928884): object was freed before callback; returning Nil.
    [431] <engine-1>[GdPAI] ObjectRef(1382643928884): object was freed before callback; returning Nil.
    [432] <engine-1>[GdPAI] ObjectRef(124621163998): object was freed before callback; returning Nil.
    [433] <engine-1>[GdPAI] ObjectRef(124621163998): object was freed before callback; returning Nil.
    [434] <engine-1>[GdPAI] ObjectRef(1382643928884): object was freed before callback; returning Nil.
    [435] <engine-1>[GdPAI] ObjectRef(124621163998): object was freed before callback; returning Nil.
    [436] <engine-1>[GdPAI] ObjectRef(124621163998): object was freed before callback; returning Nil.
    [437] <engine-1>[GdPAI] ObjectRef(1382643928884): object was freed before callback; returning Nil.
    [438] <engine-1>[GdPAI] ObjectRef(124621163998): object was freed before callback; returning Nil.
    [439] <engine-1>[GdPAI] ObjectRef(124621163998): object was freed before callback; returning Nil.
    [440] <engine-1>[GdPAI] ObjectRef(1382643928884): object was freed before callback; returning Nil.
    [441] <engine-1>[GdPAI] ObjectRef(1382157389614): object was freed before callback; returning Nil.
    [442] <engine-1>[GdPAI] ObjectRef(1382157389614): object was freed before callback; returning Nil.
    [443] <engine-1>[GdPAI] ObjectRef(124621163998): object was freed before callback; returning Nil.
    [444] <engine-1>[GdPAI] ObjectRef(124621163998): object was freed before callback; returning Nil.
    [445] <engine-1>[GdPAI] ObjectRef(1382643928884): object was freed before callback; returning Nil.
    [446] <engine-1>[GdPAI] ObjectRef(1382157389614): object was freed before callback; returning Nil.
    [447] <engine-1>[GdPAI] ObjectRef(1382157389614): object was freed before callback; returning Nil.
    [448] <engine-1>[GdPAI] ObjectRef(124621163998): object was freed before callback; returning Nil.
    [449] <engine-1>[GdPAI] ObjectRef(124621163998): object was freed before callback; returning Nil.
    [450] <engine-1>[GdPAI] ObjectRef(1382643928884): object was freed before callback; returning Nil.
    [451] <engine-1>[GdPAI] ObjectRef(1382157389614): object was freed before callback; returning Nil.
    [452] <engine-1>[GdPAI] ObjectRef(1382157389614): object was freed before callback; returning Nil.
    [453] <engine-1>[GdPAI] ObjectRef(124621163998): object was freed before callback; returning Nil.
    [454] <engine-1>[GdPAI] ObjectRef(124621163998): object was freed before callback; returning Nil.
    [455] <engine-1>[GdPAI] ObjectRef(1382643928884): object was freed before callback; returning Nil.
    [456] <engine-1>[GdPAI] ObjectRef(1382157389614): object was freed before callback; returning Nil.
    [457] <engine-1>[GdPAI] ObjectRef(1382157389614): object was freed before callback; returning Nil.
    [458] <engine-1>[GdPAI] ObjectRef(124621163998): object was freed before callback; returning Nil.
    [459] <engine-1>[GdPAI] ObjectRef(124621163998): object was freed before callback; returning Nil.
    [460] <engine-1>[GdPAI] ObjectRef(1382643928884): object was freed before callback; returning Nil.
    [461] <engine-1>[GdPAI] ObjectRef(124621163998): object was freed before callback; returning Nil.
    [462] <engine-1>[GdPAI] ObjectRef(124621163998): object was freed before callback; returning Nil.
    [463] <engine-1>[GdPAI] ObjectRef(1382643928884): object was freed before callback; returning Nil.
    [464] <engine-1>[GdPAI] ObjectRef(124621163998): object was freed before callback; returning Nil.
    [465] <engine-1>[GdPAI] ObjectRef(124621163998): object was freed before callback; returning Nil.
    [466] <engine-1>[GdPAI] ObjectRef(1382643928884): object was freed before callback; returning Nil.
    [467] <engine-1>[GdPAI] ObjectRef(1382643928884): object was freed before callback; returning Nil.
    [468] <engine-1>[GdPAI] ObjectRef(124621163998): object was freed before callback; returning Nil.
    [469] <engine-1>[GdPAI] ObjectRef(124621163998): object was freed before callback; returning Nil.
    [470] <engine-1>[GdPAI] ObjectRef(1382643928884): object was freed before callback; returning Nil.
    [471] <engine-1>[GdPAI] ObjectRef(1382643928884): object was freed before callback; returning Nil.
    [472] <engine-1>[GdPAI] ObjectRef(124621163998): object was freed before callback; returning Nil.
    [473] <engine-1>[GdPAI] ObjectRef(124621163998): object was freed before callback; returning Nil.
    [474] <engine-1>[GdPAI] ObjectRef(1382643928884): object was freed before callback; returning Nil.
    [475] <engine-1>[GdPAI] ObjectRef(124621163998): object was freed before callback; returning Nil.
    [476] <engine-1>[GdPAI] ObjectRef(124621163998): object was freed before callback; returning Nil.
    [477] <engine-1>[GdPAI] ObjectRef(1382643928884): object was freed before callback; returning Nil.
    [478] <engine-1>[GdPAI] ObjectRef(124621163998): object was freed before callback; returning Nil.
    [479] <engine-1>[GdPAI] ObjectRef(124621163998): object was freed before callback; returning Nil.
    [480] <engine-1>[GdPAI] ObjectRef(1382643928884): object was freed before callback; returning Nil.
    [481] <engine-1>[GdPAI] ObjectRef(1382157389614): object was freed before callback; returning Nil.
    [482] <engine-1>[GdPAI] ObjectRef(1382157389614): object was freed before callback; returning Nil.
    [483] <engine-1>[GdPAI] ObjectRef(124621163998): object was freed before callback; returning Nil.
    [484] <engine-1>[GdPAI] ObjectRef(124621163998): object was freed before callback; returning Nil.
    [485] <engine-1>[GdPAI] ObjectRef(1382643928884): object was freed before callback; returning Nil.
    [486] <engine-1>[GdPAI] ObjectRef(1382157389614): object was freed before callback; returning Nil.
    [487] <engine-1>[GdPAI] ObjectRef(1382157389614): object was freed before callback; returning Nil.
    [488] <engine-1>[GdPAI] ObjectRef(124621163998): object was freed before callback; returning Nil.
    [489] <engine-1>[GdPAI] ObjectRef(124621163998): object was freed before callback; returning Nil.
    [490] <engine-1>[GdPAI] ObjectRef(1382643928884): object was freed before callback; returning Nil.
    [491] <engine-1>[GdPAI] ObjectRef(1382157389614): object was freed before callback; returning Nil.
    [492] <engine-1>[GdPAI] ObjectRef(1382157389614): object was freed before callback; returning Nil.
    [493] <engine-1>[GdPAI] ObjectRef(124621163998): object was freed before callback; returning Nil.
    [494] <engine-1>[GdPAI] ObjectRef(124621163998): object was freed before callback; returning Nil.
    [495] <engine-1>[GdPAI] ObjectRef(1382643928884): object was freed before callback; returning Nil.
    [496] <engine-1>[GdPAI] ObjectRef(1382157389614): object was freed before callback; returning Nil.
    [497] <engine-1>[GdPAI] ObjectRef(1382157389614): object was freed before callback; returning Nil.
    [498] <engine-1>[GdPAI] ObjectRef(124621163998): object was freed before callback; returning Nil.
    [499] <engine-1>[GdPAI] ObjectRef(124621163998): object was freed before callback; returning Nil.
    [500] <engine-1>[GdPAI] ObjectRef(1382643928884): object was freed before callback; returning Nil.
    [501] <engine-1>[GdPAI] ObjectRef(124621163998): object was freed before callback; returning Nil.
    [502] <engine-1>[GdPAI] ObjectRef(124621163998): object was freed before callback; returning Nil.
    [503] <engine-1>[GdPAI] ObjectRef(1382643928884): object was freed before callback; returning Nil.
    [504] <engine-1>[GdPAI] ObjectRef(124621163998): object was freed before callback; returning Nil.
    [505] <engine-1>[GdPAI] ObjectRef(124621163998): object was freed before callback; returning Nil.
    [506] <engine-1>[GdPAI] ObjectRef(1382643928884): object was freed before callback; returning Nil.
    [507] <engine-1>[GdPAI] ObjectRef(1382643928884): object was freed before callback; returning Nil.
    [508] <engine-1>[GdPAI] ObjectRef(124621163998): object was freed before callback; returning Nil.
    [509] <engine-1>[GdPAI] ObjectRef(124621163998): object was freed before callback; returning Nil.
    [510] <engine-1>[GdPAI] ObjectRef(1382643928884): object was freed before callback; returning Nil.
    [511] <engine-1>[GdPAI] ObjectRef(1382643928884): object was freed before callback; returning Nil.
    [512] <engine-1>[GdPAI] ObjectRef(124621163998): object was freed before callback; returning Nil.
    [513] <engine-1>[GdPAI] ObjectRef(124621163998): object was freed before callback; returning Nil.
    [514] <engine-1>[GdPAI] ObjectRef(1382643928884): object was freed before callback; returning Nil.
    [515] <engine-1>[GdPAI] ObjectRef(124621163998): object was freed before callback; returning Nil.
    [516] <engine-1>[GdPAI] ObjectRef(124621163998): object was freed before callback; returning Nil.
    [517] <engine-1>[GdPAI] ObjectRef(1382643928884): object was freed before callback; returning Nil.
    [518] <engine-1>[GdPAI] ObjectRef(124621163998): object was freed before callback; returning Nil.
    [519] <engine-1>[GdPAI] ObjectRef(124621163998): object was freed before callback; returning Nil.
    [520] <engine-1>[GdPAI] ObjectRef(1382643928884): object was freed before callback; returning Nil.
    [521] <engine-1>[GdPAI] ObjectRef(1382157389614): object was freed before callback; returning Nil.
    [522] <engine-1>[GdPAI] ObjectRef(1382157389614): object was freed before callback; returning Nil.
    [523] <engine-1>[GdPAI] ObjectRef(124621163998): object was freed before callback; returning Nil.
    [524] <engine-1>[GdPAI] ObjectRef(124621163998): object was freed before callback; returning Nil.
    [525] <engine-1>[GdPAI] ObjectRef(1382643928884): object was freed before callback; returning Nil.
    [526] <engine-1>[GdPAI] ObjectRef(1382157389614): object was freed before callback; returning Nil.
    [527] <engine-1>[GdPAI] ObjectRef(1382157389614): object was freed before callback; returning Nil.
    [528] <engine-1>[GdPAI] ObjectRef(124621163998): object was freed before callback; returning Nil.
    [529] <engine-1>[GdPAI] ObjectRef(124621163998): object was freed before callback; returning Nil.
    [530] <engine-1>[GdPAI] ObjectRef(1382643928884): object was freed before callback; returning Nil.
    [531] <engine-1>[GdPAI] ObjectRef(1382157389614): object was freed before callback; returning Nil.
    [532] <engine-1>[GdPAI] ObjectRef(1382157389614): object was freed before callback; returning Nil.
    [533] <engine-1>[GdPAI] ObjectRef(124621163998): object was freed before callback; returning Nil.
    [534] <engine-1>[GdPAI] ObjectRef(124621163998): object was freed before callback; returning Nil.
    [535] <engine-1>[GdPAI] ObjectRef(1382643928884): object was freed before callback; returning Nil.
    [536] <engine-1>[GdPAI] ObjectRef(1382157389614): object was freed before callback; returning Nil.
    [537] <engine-1>[GdPAI] ObjectRef(1382157389614): object was freed before callback; returning Nil.
    [538] <engine-1>[GdPAI] ObjectRef(124621163998): object was freed before callback; returning Nil.
    [539] <engine-1>[GdPAI] ObjectRef(124621163998): object was freed before callback; returning Nil.
    [540] <engine-1>[GdPAI] ObjectRef(1382643928884): object was freed before callback; returning Nil.
    [541] <engine-1>[GdPAI] ObjectRef(124621163998): object was freed before callback; returning Nil.
    [542] <engine-1>[GdPAI] ObjectRef(124621163998): object was freed before callback; returning Nil.
    [543] <engine-1>[GdPAI] ObjectRef(1382643928884): object was freed before callback; returning Nil.
    [544] <engine-1>[GdPAI] ObjectRef(124621163998): object was freed before callback; returning Nil.
    [545] <engine-1>[GdPAI] ObjectRef(124621163998): object was freed before callback; returning Nil.
    [546] <engine-1>[GdPAI] ObjectRef(1382643928884): object was freed before callback; returning Nil.
    [547] <engine-1>[GdPAI] ObjectRef(1382643928884): object was freed before callback; returning Nil.
    [548] <engine-1>[GdPAI] ObjectRef(124621163998): object was freed before callback; returning Nil.
    [549] <engine-1>[GdPAI] ObjectRef(124621163998): object was freed before callback; returning Nil.
    [550] <engine-1>[GdPAI] ObjectRef(1382643928884): object was freed before callback; returning Nil.
    [551] <engine-1>[GdPAI] ObjectRef(1382643928884): object was freed before callback; returning Nil.
    [552] <engine-1>[GdPAI] ObjectRef(124621163998): object was freed before callback; returning Nil.
    [553] <engine-1>[GdPAI] ObjectRef(124621163998): object was freed before callback; returning Nil.
    [554] <engine-1>[GdPAI] ObjectRef(1382643928884): object was freed before callback; returning Nil.
    [555] <engine-1>[GdPAI] ObjectRef(1382643928884): object was freed before callback; returning Nil.
    [556] <engine-1>[GdPAI] ObjectRef(124621163998): object was freed before callback; returning Nil.
    [557] <engine-1>[GdPAI] ObjectRef(124621163998): object was freed before callback; returning Nil.
    [558] <engine-1>[GdPAI] ObjectRef(124134624705): object was freed before callback; returning Nil.
    [559] <engine-1>[GdPAI] ObjectRef(125661351450): object was freed before callback; returning Nil.
    [560] <engine-1>[GdPAI] ObjectRef(124587609564): object was freed before callback; returning Nil.
    [561] <engine-1>[GdPAI] ObjectRef(124436614611): object was freed before callback; returning Nil.
    [562] <engine-1>[GdPAI] ObjectRef(124134624705): object was freed before callback; returning Nil.
    [563] <engine-1>[GdPAI] ObjectRef(125661351450): object was freed before callback; returning Nil.
    [564] <engine-1>[GdPAI] ObjectRef(124587609564): object was freed before callback; returning Nil.
    [565] <engine-1>[GdPAI] ObjectRef(124436614611): object was freed before callback; returning Nil.
    [566] <engine-1>[GdPAI] ObjectRef(1382643928884): object was freed before callback; returning Nil.
    [567] <engine-1>[GdPAI] ObjectRef(1382643928884): object was freed before callback; returning Nil.
    [568] <engine-1>[GdPAI] ObjectRef(124621163998): object was freed before callback; returning Nil.
    [569] <engine-1>[GdPAI] ObjectRef(124621163998): object was freed before callback; returning Nil.
    [570] <engine-1>[GdPAI] ObjectRef(124134624705): object was freed before callback; returning Nil.
    [571] <engine-1>[GdPAI] ObjectRef(125661351450): object was freed before callback; returning Nil.
    [572] <engine-1>[GdPAI] ObjectRef(124587609564): object was freed before callback; returning Nil.
    [573] <engine-1>[GdPAI] ObjectRef(124436614611): object was freed before callback; returning Nil.
    [574] <engine-1>[GdPAI] ObjectRef(124134624705): object was freed before callback; returning Nil.
    [575] <engine-1>[GdPAI] ObjectRef(125661351450): object was freed before callback; returning Nil.
    [576] <engine-1>[GdPAI] ObjectRef(124587609564): object was freed before callback; returning Nil.
    [577] <engine-1>[GdPAI] ObjectRef(124436614611): object was freed before callback; returning Nil.
    [578] <engine-1>[GdPAI] ObjectRef(1382643928884): object was freed before callback; returning Nil.
    [579] <engine-1>[GdPAI] ObjectRef(1382643928884): object was freed before callback; returning Nil.
    [580] <engine-1>[GdPAI] ObjectRef(124621163998): object was freed before callback; returning Nil.
    [581] <engine-1>[GdPAI] ObjectRef(124436614611): object was freed before callback; returning Nil.
    [582] <engine-1>[GdPAI] ObjectRef(124436614611): object was freed before callback; returning Nil.
    [583] <engine-1>[GdPAI] ObjectRef(1382643928884): object was freed before callback; returning Nil.
    [584] <engine-1>[GdPAI] ObjectRef(1382643928884): object was freed before callback; returning Nil.
    [585] <engine-1>[GdPAI] ObjectRef(124621163998): object was freed before callback; returning Nil.
    [586] <engine-1>[GdPAI] ObjectRef(124436614611): object was freed before callback; returning Nil.
    [587] <engine-1>[GdPAI] ObjectRef(124436614611): object was freed before callback; returning Nil.
    [588] <engine-1>[GdPAI] ObjectRef(1382643928884): object was freed before callback; returning Nil.
    [589] <engine-1>[GdPAI] ObjectRef(1382643928884): object was freed before callback; returning Nil.
    [590] <engine-1>[GdPAI] ObjectRef(124621163998): object was freed before callback; returning Nil.
    [591] <engine-1>[GdPAI] ObjectRef(124587609564): object was freed before callback; returning Nil.
    [592] <engine-1>[GdPAI] ObjectRef(124587609564): object was freed before callback; returning Nil.
    [593] <engine-1>[GdPAI] ObjectRef(1382643928884): object was freed before callback; returning Nil.
    [594] <engine-1>[GdPAI] ObjectRef(1382643928884): object was freed before callback; returning Nil.
    [595] <engine-1>[GdPAI] ObjectRef(124621163998): object was freed before callback; returning Nil.
    [596] <engine-1>[GdPAI] ObjectRef(124587609564): object was freed before callback; returning Nil.
    [597] <engine-1>[GdPAI] ObjectRef(124587609564): object was freed before callback; returning Nil.
    [598] <engine-1>[GdPAI] ObjectRef(1382643928884): object was freed before callback; returning Nil.
    [599] <engine-1>[GdPAI] ObjectRef(1382643928884): object was freed before callback; returning Nil.
    [600] <engine-1>[GdPAI] ObjectRef(124621163998): object was freed before callback; returning Nil.
    [601] <engine-1>[GdPAI] ObjectRef(125661351450): object was freed before callback; returning Nil.
    [602] <engine-1>[GdPAI] ObjectRef(125661351450): object was freed before callback; returning Nil.
    [603] <engine-1>[GdPAI] ObjectRef(1382643928884): object was freed before callback; returning Nil.
    [604] <engine-1>[GdPAI] ObjectRef(1382643928884): object was freed before callback; returning Nil.
    [605] <engine-1>[GdPAI] ObjectRef(124621163998): object was freed before callback; returning Nil.
    [606] <engine-1>[GdPAI] ObjectRef(125661351450): object was freed before callback; returning Nil.
    [607] <engine-1>[GdPAI] ObjectRef(125661351450): object was freed before callback; returning Nil.
    [608] <engine-1>[GdPAI] ObjectRef(1382643928884): object was freed before callback; returning Nil.
    [609] <engine-1>[GdPAI] ObjectRef(1382643928884): object was freed before callback; returning Nil.
    [610] <engine-1>[GdPAI] ObjectRef(124621163998): object was freed before callback; returning Nil.
    [611] <engine-1>[GdPAI] ObjectRef(124134624705): object was freed before callback; returning Nil.
    [612] <engine-1>[GdPAI] ObjectRef(124134624705): object was freed before callback; returning Nil.
    [613] <engine-1>[GdPAI] ObjectRef(1382643928884): object was freed before callback; returning Nil.
    [614] <engine-1>[GdPAI] ObjectRef(1382643928884): object was freed before callback; returning Nil.
    [615] <engine-1>[GdPAI] ObjectRef(124621163998): object was freed before callback; returning Nil.
    [616] <engine-1>[GdPAI] ObjectRef(124134624705): object was freed before callback; returning Nil.
    [617] <engine-1>[GdPAI] ObjectRef(124134624705): object was freed before callback; returning Nil.
    [618] <engine-1>[GdPAI] ObjectRef(1382643928884): object was freed before callback; returning Nil.
    [619] <engine-1>[GdPAI] ObjectRef(1382643928884): object was freed before callback; returning Nil.
    [620] <engine-1>[GdPAI] ObjectRef(124621163998): object was freed before callback; returning Nil.
    [621] <engine-1>[GdPAI] ObjectRef(1382643928884): object was freed before callback; returning Nil.
    [622] <engine-1>[GdPAI] ObjectRef(1382643928884): object was freed before callback; returning Nil.
    [623] <engine-1>[GdPAI] ObjectRef(124621163998): object was freed before callback; returning Nil.
    [624] <engine-1>[GdPAI] ObjectRef(1382643928884): object was freed before callback; returning Nil.
    [625] <engine-1>[GdPAI] ObjectRef(1382643928884): object was freed before callback; returning Nil.
    [626] <engine-1>[GdPAI] ObjectRef(124621163998): object was freed before callback; returning Nil.
    [627] <engine-1>[GdPAI] ObjectRef(124621163998): object was freed before callback; returning Nil.
    [628] <engine-1>[GdPAI] ObjectRef(1382643928884): object was freed before callback; returning Nil.
    [629] <engine-1>[GdPAI] ObjectRef(1382643928884): object was freed before callback; returning Nil.
    [630] <engine-1>[GdPAI] ObjectRef(124621163998): object was freed before callback; returning Nil.
    [631] <engine-1>[GdPAI] ObjectRef(124621163998): object was freed before callback; returning Nil.
    [632] <engine-1>[GdPAI] ObjectRef(1382643928884): object was freed before callback; returning Nil.
    [633] <engine-1>[GdPAI] ObjectRef(1382643928884): object was freed before callback; returning Nil.
    [634] <engine-1>[GdPAI] ObjectRef(124621163998): object was freed before callback; returning Nil.
    [635] <engine-1>[GdPAI] ObjectRef(1382643928884): object was freed before callback; returning Nil.
    [636] <engine-1>[GdPAI] ObjectRef(1382643928884): object was freed before callback; returning Nil.
    [637] <engine-1>[GdPAI] ObjectRef(124621163998): object was freed before callback; returning Nil.
    [638] <engine-1>[GdPAI] ObjectRef(1382643928884): object was freed before callback; returning Nil.
    [639] <engine-1>[GdPAI] ObjectRef(1382643928884): object was freed before callback; returning Nil.
    [640] <engine-1>[GdPAI] ObjectRef(124621163998): object was freed before callback; returning Nil.
    [641] <engine-1>[GdPAI] ObjectRef(1382643928884): object was freed before callback; returning Nil.
    [642] <engine-1>[GdPAI] ObjectRef(1382643928884): object was freed before callback; returning Nil.
    [643] <engine-1>[GdPAI] ObjectRef(124621163998): object was freed before callback; returning Nil.
    [644] <engine-1>[GdPAI] ObjectRef(1382643928884): object was freed before callback; returning Nil.
    [645] <engine-1>[GdPAI] ObjectRef(1382643928884): object was freed before callback; returning Nil.
    [646] <engine-1>[GdPAI] ObjectRef(124621163998): object was freed before callback; returning Nil.
    [647] <engine-1>[GdPAI] ObjectRef(1382643928884): object was freed before callback; returning Nil.
    [648] <engine-1>[GdPAI] ObjectRef(1382643928884): object was freed before callback; returning Nil.
    [649] <engine-1>[GdPAI] ObjectRef(124621163998): object was freed before callback; returning Nil.
    [650] <engine-1>[GdPAI] ObjectRef(1382643928884): object was freed before callback; returning Nil.
    [651] <engine-1>[GdPAI] ObjectRef(1382643928884): object was freed before callback; returning Nil.
    [652] <engine-1>[GdPAI] ObjectRef(124621163998): object was freed before callback; returning Nil.
    [653] <engine-1>[GdPAI] ObjectRef(1382643928884): object was freed before callback; returning Nil.
    [654] <engine-1>[GdPAI] ObjectRef(1382643928884): object was freed before callback; returning Nil.
    [655] <engine-1>[GdPAI] ObjectRef(124621163998): object was freed before callback; returning Nil.
    [656] <engine-1>[GdPAI] ObjectRef(1382643928884): object was freed before callback; returning Nil.
    [657] <engine-1>[GdPAI] ObjectRef(1382643928884): object was freed before callback; returning Nil.
    [658] <engine-1>[GdPAI] ObjectRef(124621163998): object was freed before callback; returning Nil.
    [659] <engine-1>[GdPAI] ObjectRef(1382643928884): object was freed before callback; returning Nil.
    [660] <engine-1>[GdPAI] ObjectRef(1382643928884): object was freed before callback; returning Nil.
    [661] <engine-1>[GdPAI] ObjectRef(124621163998): object was freed before callback; returning Nil.
    [662] <engine-1>[GdPAI] ObjectRef(1382643928884): object was freed before callback; returning Nil.
    [663] <engine-1>[GdPAI] ObjectRef(1382643928884): object was freed before callback; returning Nil.
    [664] <engine-1>[GdPAI] ObjectRef(1383197576744): object was freed before callback; returning Nil.
    [665] <engine-1>[GdPAI] ObjectRef(1383197576744): object was freed before callback; returning Nil.
    [666] <engine-1>[GdPAI] ObjectRef(124621163998): object was freed before callback; returning Nil.
    [667] <engine-1>[GdPAI] ObjectRef(124621163998): object was freed before callback; returning Nil.
    [668] <engine-1>[GdPAI] ObjectRef(124134624705): object was freed before callback; returning Nil.
    [669] <engine-1>[GdPAI] ObjectRef(125661351450): object was freed before callback; returning Nil.
    [670] <engine-1>[GdPAI] ObjectRef(124587609564): object was freed before callback; returning Nil.
    [671] <engine-1>[GdPAI] ObjectRef(124436614611): object was freed before callback; returning Nil.
    [672] <engine-1>[GdPAI] ObjectRef(124134624705): object was freed before callback; returning Nil.
    [673] <engine-1>[GdPAI] ObjectRef(125661351450): object was freed before callback; returning Nil.
    [674] <engine-1>[GdPAI] ObjectRef(124587609564): object was freed before callback; returning Nil.
    [675] <engine-1>[GdPAI] ObjectRef(124436614611): object was freed before callback; returning Nil.
    [676] <engine-1>[GdPAI] ObjectRef(1382643928884): object was freed before callback; returning Nil.
    [677] <engine-1>[GdPAI] ObjectRef(1382643928884): object was freed before callback; returning Nil.
    [678] <engine-1>[GdPAI] ObjectRef(1383197576744): object was freed before callback; returning Nil.
    [679] <engine-1>[GdPAI] ObjectRef(1383197576744): object was freed before callback; returning Nil.
    [680] <engine-1>[GdPAI] ObjectRef(124621163998): object was freed before callback; returning Nil.
    [681] <engine-1>[GdPAI] ObjectRef(124621163998): object was freed before callback; returning Nil.
    [682] <engine-1>[GdPAI] ObjectRef(124134624705): object was freed before callback; returning Nil.
    [683] <engine-1>[GdPAI] ObjectRef(125661351450): object was freed before callback; returning Nil.
    [684] <engine-1>[GdPAI] ObjectRef(124587609564): object was freed before callback; returning Nil.
    [685] <engine-1>[GdPAI] ObjectRef(124436614611): object was freed before callback; returning Nil.
    [686] <engine-1>[GdPAI] ObjectRef(124134624705): object was freed before callback; returning Nil.
    [687] <engine-1>[GdPAI] ObjectRef(125661351450): object was freed before callback; returning Nil.
    [688] <engine-1>[GdPAI] ObjectRef(124587609564): object was freed before callback; returning Nil.
    [689] <engine-1>[GdPAI] ObjectRef(124436614611): object was freed before callback; returning Nil.
    [690] <engine-1>[GdPAI] ObjectRef(1382643928884): object was freed before callback; returning Nil.
    [691] <engine-1>[GdPAI] ObjectRef(1383197576744): object was freed before callback; returning Nil.
    [692] <engine-1>[GdPAI] ObjectRef(1383197576744): object was freed before callback; returning Nil.
    [693] <engine-1>[GdPAI] ObjectRef(124621163998): object was freed before callback; returning Nil.
    [694] <engine-1>[GdPAI] ObjectRef(124436614611): object was freed before callback; returning Nil.
    [695] <engine-1>[GdPAI] ObjectRef(124436614611): object was freed before callback; returning Nil.
    [696] <engine-1>[GdPAI] ObjectRef(1382643928884): object was freed before callback; returning Nil.
    [697] <engine-1>[GdPAI] ObjectRef(1383197576744): object was freed before callback; returning Nil.
    [698] <engine-1>[GdPAI] ObjectRef(1383197576744): object was freed before callback; returning Nil.
    [699] <engine-1>[GdPAI] ObjectRef(124621163998): object was freed before callback; returning Nil.
    [700] <engine-1>[GdPAI] ObjectRef(124436614611): object was freed before callback; returning Nil.
    [701] <engine-1>[GdPAI] ObjectRef(124436614611): object was freed before callback; returning Nil.
    [702] <engine-1>[GdPAI] ObjectRef(1382643928884): object was freed before callback; returning Nil.
    [703] <engine-1>[GdPAI] ObjectRef(1382157389614): object was freed before callback; returning Nil.
    [704] <engine-1>[GdPAI] ObjectRef(1382157389614): object was freed before callback; returning Nil.
    [705] <engine-1>[GdPAI] ObjectRef(124621163998): object was freed before callback; returning Nil.
    [706] <engine-1>[GdPAI] ObjectRef(124587609564): object was freed before callback; returning Nil.
    [707] <engine-1>[GdPAI] ObjectRef(124587609564): object was freed before callback; returning Nil.
    [708] <engine-1>[GdPAI] ObjectRef(1382643928884): object was freed before callback; returning Nil.
    [709] <engine-1>[GdPAI] ObjectRef(1382157389614): object was freed before callback; returning Nil.
    [710] <engine-1>[GdPAI] ObjectRef(1382157389614): object was freed before callback; returning Nil.
    [711] <engine-1>[GdPAI] ObjectRef(124621163998): object was freed before callback; returning Nil.
    [712] <engine-1>[GdPAI] ObjectRef(124587609564): object was freed before callback; returning Nil.
    [713] <engine-1>[GdPAI] ObjectRef(124587609564): object was freed before callback; returning Nil.
    [714] <engine-1>[GdPAI] ObjectRef(1382643928884): object was freed before callback; returning Nil.
    [715] <engine-1>[GdPAI] ObjectRef(1382157389614): object was freed before callback; returning Nil.
    [716] <engine-1>[GdPAI] ObjectRef(1382157389614): object was freed before callback; returning Nil.
    [717] <engine-1>[GdPAI] ObjectRef(124621163998): object was freed before callback; returning Nil.
    [718] <engine-1>[GdPAI] ObjectRef(125661351450): object was freed before callback; returning Nil.
    [719] <engine-1>[GdPAI] ObjectRef(125661351450): object was freed before callback; returning Nil.
    [720] <engine-1>[GdPAI] ObjectRef(1382643928884): object was freed before callback; returning Nil.
    [721] <engine-1>[GdPAI] ObjectRef(1382157389614): object was freed before callback; returning Nil.
    [722] <engine-1>[GdPAI] ObjectRef(1382157389614): object was freed before callback; returning Nil.
    [723] <engine-1>[GdPAI] ObjectRef(124621163998): object was freed before callback; returning Nil.
    [724] <engine-1>[GdPAI] ObjectRef(125661351450): object was freed before callback; returning Nil.
    [725] <engine-1>[GdPAI] ObjectRef(125661351450): object was freed before callback; returning Nil.
    [726] <engine-1>[GdPAI] ObjectRef(1382643928884): object was freed before callback; returning Nil.
    [727] <engine-1>[GdPAI] ObjectRef(124621163998): object was freed before callback; returning Nil.
    [728] <engine-1>[GdPAI] ObjectRef(124134624705): object was freed before callback; returning Nil.
    [729] <engine-1>[GdPAI] ObjectRef(124134624705): object was freed before callback; returning Nil.
    [730] <engine-1>[GdPAI] ObjectRef(1382643928884): object was freed before callback; returning Nil.
    [731] <engine-1>[GdPAI] ObjectRef(124621163998): object was freed before callback; returning Nil.
    [732] <engine-1>[GdPAI] ObjectRef(124134624705): object was freed before callback; returning Nil.
    [733] <engine-1>[GdPAI] ObjectRef(124134624705): object was freed before callback; returning Nil.
    [734] <engine-1>[GdPAI] ObjectRef(1382643928884): object was freed before callback; returning Nil.
    [735] <engine-1>[GdPAI] ObjectRef(1382643928884): object was freed before callback; returning Nil.
    [736] <engine-1>[GdPAI] ObjectRef(124621163998): object was freed before callback; returning Nil.
    [737] <engine-1>[GdPAI] ObjectRef(1382643928884): object was freed before callback; returning Nil.
    [738] <engine-1>[GdPAI] ObjectRef(1382643928884): object was freed before callback; returning Nil.
    [739] <engine-1>[GdPAI] ObjectRef(124621163998): object was freed before callback; returning Nil.
    [740] <engine-1>[GdPAI] ObjectRef(1382643928884): object was freed before callback; returning Nil.
    [741] <engine-1>[GdPAI] ObjectRef(124621163998): object was freed before callback; returning Nil.
    [742] <engine-1>[GdPAI] ObjectRef(124621163998): object was freed before callback; returning Nil.
    [743] <engine-1>[GdPAI] ObjectRef(1382643928884): object was freed before callback; returning Nil.
    [744] <engine-1>[GdPAI] ObjectRef(124621163998): object was freed before callback; returning Nil.
    [745] <engine-1>[GdPAI] ObjectRef(124621163998): object was freed before callback; returning Nil.
    [746] <engine-1>[GdPAI] ObjectRef(1382643928884): object was freed before callback; returning Nil.
    [747] <engine-1>[GdPAI] ObjectRef(1382157389614): object was freed before callback; returning Nil.
    [748] <engine-1>[GdPAI] ObjectRef(1382157389614): object was freed before callback; returning Nil.
    [749] <engine-1>[GdPAI] ObjectRef(124621163998): object was freed before callback; returning Nil.
    [750] <engine-1>[GdPAI] ObjectRef(1382643928884): object was freed before callback; returning Nil.
    [751] <engine-1>[GdPAI] ObjectRef(1382157389614): object was freed before callback; returning Nil.
    [752] <engine-1>[GdPAI] ObjectRef(1382157389614): object was freed before callback; returning Nil.
    [753] <engine-1>[GdPAI] ObjectRef(124621163998): object was freed before callback; returning Nil.
    [754] <engine-1>[GdPAI] ObjectRef(1382643928884): object was freed before callback; returning Nil.
    [755] <engine-1>[GdPAI] ObjectRef(1382157389614): object was freed before callback; returning Nil.
    [756] <engine-1>[GdPAI] ObjectRef(1382157389614): object was freed before callback; returning Nil.
    [757] <engine-1>[GdPAI] ObjectRef(124621163998): object was freed before callback; returning Nil.
    [758] <engine-1>[GdPAI] ObjectRef(1382643928884): object was freed before callback; returning Nil.
    [759] <engine-1>[GdPAI] ObjectRef(1382157389614): object was freed before callback; returning Nil.
    [760] <engine-1>[GdPAI] ObjectRef(1382157389614): object was freed before callback; returning Nil.
    [761] <engine-1>[GdPAI] ObjectRef(124621163998): object was freed before callback; returning Nil.
    [762] <engine-1>[GdPAI] ObjectRef(1382643928884): object was freed before callback; returning Nil.
    [763] <engine-1>[GdPAI] ObjectRef(124621163998): object was freed before callback; returning Nil.
    [764] <engine-1>[GdPAI] ObjectRef(1382643928884): object was freed before callback; returning Nil.
    [765] <engine-1>[GdPAI] ObjectRef(124621163998): object was freed before callback; returning Nil.
    [766] <engine-1>[GdPAI] ObjectRef(1382643928884): object was freed before callback; returning Nil.
    [767] <engine-1>[GdPAI] ObjectRef(1382643928884): object was freed before callback; returning Nil.
    [768] <engine-1>[GdPAI] ObjectRef(1383197576744): object was freed before callback; returning Nil.
    [769] <engine-1>[GdPAI] ObjectRef(1383197576744): object was freed before callback; returning Nil.
    [770] <engine-1>[GdPAI] ObjectRef(124621163998): object was freed before callback; returning Nil.
    [771] <engine-1>[GdPAI] ObjectRef(1382643928884): object was freed before callback; returning Nil.
    [772] <engine-1>[GdPAI] ObjectRef(1382643928884): object was freed before callback; returning Nil.
    [773] <engine-1>[GdPAI] ObjectRef(1383197576744): object was freed before callback; returning Nil.
    [774] <engine-1>[GdPAI] ObjectRef(1383197576744): object was freed before callback; returning Nil.
    [775] <engine-1>[GdPAI] ObjectRef(124621163998): object was freed before callback; returning Nil.
    [776] <engine-1>[GdPAI] ObjectRef(1382643928884): object was freed before callback; returning Nil.
    [777] <engine-1>[GdPAI] ObjectRef(1383197576744): object was freed before callback; returning Nil.
    [778] <engine-1>[GdPAI] ObjectRef(1383197576744): object was freed before callback; returning Nil.
    [779] <engine-1>[GdPAI] ObjectRef(124621163998): object was freed before callback; returning Nil.
    [780] <engine-1>[GdPAI] ObjectRef(1382643928884): object was freed before callback; returning Nil.
    [781] <engine-1>[GdPAI] ObjectRef(1383197576744): object was freed before callback; returning Nil.
    [782] <engine-1>[GdPAI] ObjectRef(1383197576744): object was freed before callback; returning Nil.
    [783] <engine-1>[GdPAI] ObjectRef(124621163998): object was freed before callback; returning Nil.
    [784] <engine-1>[GdPAI] ObjectRef(1382643928884): object was freed before callback; returning Nil.
    [785] <engine-1>[GdPAI] ObjectRef(1382157389614): object was freed before callback; returning Nil.
    [786] <engine-1>[GdPAI] ObjectRef(1382157389614): object was freed before callback; returning Nil.
    [787] <engine-1>[GdPAI] ObjectRef(124621163998): object was freed before callback; returning Nil.
    [788] <engine-1>[GdPAI] ObjectRef(124621163998): object was freed before callback; returning Nil.
    [789] <engine-1>[GdPAI] ObjectRef(1382643928884): object was freed before callback; returning Nil.
    [790] <engine-1>[GdPAI] ObjectRef(1382157389614): object was freed before callback; returning Nil.
    [791] <engine-1>[GdPAI] ObjectRef(1382157389614): object was freed before callback; returning Nil.
    [792] <engine-1>[GdPAI] ObjectRef(124621163998): object was freed before callback; returning Nil.
    [793] <engine-1>[GdPAI] ObjectRef(124621163998): object was freed before callback; returning Nil.
    [794] <engine-1>[GdPAI] ObjectRef(1382643928884): object was freed before callback; returning Nil.
    [795] <engine-1>[GdPAI] ObjectRef(1382157389614): object was freed before callback; returning Nil.
    [796] <engine-1>[GdPAI] ObjectRef(1382157389614): object was freed before callback; returning Nil.
    [797] <engine-1>[GdPAI] ObjectRef(124621163998): object was freed before callback; returning Nil.
    [798] <engine-1>[GdPAI] ObjectRef(1382643928884): object was freed before callback; returning Nil.
    [799] <engine-1>[GdPAI] ObjectRef(1382157389614): object was freed before callback; returning Nil.
    [800] <engine-1>[GdPAI] ObjectRef(1382157389614): object was freed before callback; returning Nil.
    [801] <engine-1>[GdPAI] ObjectRef(124621163998): object was freed before callback; returning Nil.
    [802] <engine-1>[GdPAI] ObjectRef(1382643928884): object was freed before callback; returning Nil.
    [803] <engine-1>[GdPAI] ObjectRef(124621163998): object was freed before callback; returning Nil.
    [804] <engine-1>[GdPAI] ObjectRef(1382643928884): object was freed before callback; returning Nil.
    [805] <engine-1>[GdPAI] ObjectRef(124621163998): object was freed before callback; returning Nil.
    [806] <engine-1>[GdPAI] ObjectRef(1382643928884): object was freed before callback; returning Nil.
    [807] <engine-1>[GdPAI] ObjectRef(1382643928884): object was freed before callback; returning Nil.
    [808] <engine-1>[GdPAI] ObjectRef(124621163998): object was freed before callback; returning Nil.
    [809] <engine-1>[GdPAI] ObjectRef(1382643928884): object was freed before callback; returning Nil.
    [810] <engine-1>[GdPAI] ObjectRef(1382643928884): object was freed before callback; returning Nil.
    [811] <engine-1>[GdPAI] ObjectRef(124621163998): object was freed before callback; returning Nil.
    [812] <engine-1>[GdPAI] ObjectRef(1382643928884): object was freed before callback; returning Nil.
    [813] <engine-1>[GdPAI] ObjectRef(124621163998): object was freed before callback; returning Nil.
    [814] <engine-1>[GdPAI] ObjectRef(1382643928884): object was freed before callback; returning Nil.
    [815] <engine-1>[GdPAI] ObjectRef(124621163998): object was freed before callback; returning Nil.
    [816] <engine-1>[GdPAI] ObjectRef(1382643928884): object was freed before callback; returning Nil.
    [817] <engine-1>[GdPAI] ObjectRef(1382157389614): object was freed before callback; returning Nil.
    [818] <engine-1>[GdPAI] ObjectRef(1382157389614): object was freed before callback; returning Nil.
    [819] <engine-1>[GdPAI] ObjectRef(124621163998): object was freed before callback; returning Nil.
    [820] <engine-1>[GdPAI] ObjectRef(1382643928884): object was freed before callback; returning Nil.
    [821] <engine-1>[GdPAI] ObjectRef(1382157389614): object was freed before callback; returning Nil.
    [822] <engine-1>[GdPAI] ObjectRef(1382157389614): object was freed before callback; returning Nil.
    [823] <engine-1>[GdPAI] ObjectRef(124621163998): object was freed before callback; returning Nil.
    [824] <engine-1>[GdPAI] ObjectRef(1382643928884): object was freed before callback; returning Nil.
    [825] <engine-1>[GdPAI] ObjectRef(1382157389614): object was freed before callback; returning Nil.
    [826] <engine-1>[GdPAI] ObjectRef(1382157389614): object was freed before callback; returning Nil.
    [827] <engine-1>[GdPAI] ObjectRef(124621163998): object was freed before callback; returning Nil.
    [828] <engine-1>[GdPAI] ObjectRef(124621163998): object was freed before callback; returning Nil.
    [829] <engine-1>[GdPAI] ObjectRef(1382643928884): object was freed before callback; returning Nil.
    [830] <engine-1>[GdPAI] ObjectRef(1382157389614): object was freed before callback; returning Nil.
    [831] <engine-1>[GdPAI] ObjectRef(1382157389614): object was freed before callback; returning Nil.
    [832] <engine-1>[GdPAI] ObjectRef(124621163998): object was freed before callback; returning Nil.
    [833] <engine-1>[GdPAI] ObjectRef(124621163998): object was freed before callback; returning Nil.
    [834] <engine-1>[GdPAI] ObjectRef(1382643928884): object was freed before callback; returning Nil.
    [835] <engine-1>[GdPAI] ObjectRef(124621163998): object was freed before callback; returning Nil.
    [836] <engine-1>[GdPAI] ObjectRef(1382643928884): object was freed before callback; returning Nil.
    [837] <engine-1>[GdPAI] ObjectRef(124621163998): object was freed before callback; returning Nil.
    [838] <engine-1>[GdPAI] ObjectRef(1382643928884): object was freed before callback; returning Nil.
    [839] <engine-1>[GdPAI] ObjectRef(1382643928884): object was freed before callback; returning Nil.
    [840] <engine-1>[GdPAI] ObjectRef(124621163998): object was freed before callback; returning Nil.
    [841] <engine-1>[GdPAI] ObjectRef(1382643928884): object was freed before callback; returning Nil.
    [842] <engine-1>[GdPAI] ObjectRef(1382643928884): object was freed before callback; returning Nil.
    [843] <engine-1>[GdPAI] ObjectRef(124621163998): object was freed before callback; returning Nil.
    [844] <engine-1>[GdPAI] ObjectRef(1382643928884): object was freed before callback; returning Nil.
    [845] <engine-1>[GdPAI] ObjectRef(124621163998): object was freed before callback; returning Nil.
    [846] <engine-1>[GdPAI] ObjectRef(1382643928884): object was freed before callback; returning Nil.
    [847] <engine-1>[GdPAI] ObjectRef(124621163998): object was freed before callback; returning Nil.
    [848] <engine-1>[GdPAI] ObjectRef(1382643928884): object was freed before callback; returning Nil.
    [849] <engine-1>[GdPAI] ObjectRef(1382157389614): object was freed before callback; returning Nil.
    [850] <engine-1>[GdPAI] ObjectRef(1382157389614): object was freed before callback; returning Nil.
    [851] <engine-1>[GdPAI] ObjectRef(124621163998): object was freed before callback; returning Nil.
    [852] <engine-1>[GdPAI] ObjectRef(1382643928884): object was freed before callback; returning Nil.
    [853] <engine-1>[GdPAI] ObjectRef(1382157389614): object was freed before callback; returning Nil.
    [854] <engine-1>[GdPAI] ObjectRef(1382157389614): object was freed before callback; returning Nil.
    [855] <engine-1>[GdPAI] ObjectRef(124621163998): object was freed before callback; returning Nil.
    [856] <engine-1>[GdPAI] ObjectRef(1382643928884): object was freed before callback; returning Nil.
    [857] <engine-1>[GdPAI] ObjectRef(1382157389614): object was freed before callback; returning Nil.
    [858] <engine-1>[GdPAI] ObjectRef(1382157389614): object was freed before callback; returning Nil.
    [859] <engine-1>[GdPAI] ObjectRef(124621163998): object was freed before callback; returning Nil.
    [860] <engine-1>[GdPAI] ObjectRef(1382643928884): object was freed before callback; returning Nil.
    [861] <engine-1>[GdPAI] ObjectRef(1382157389614): object was freed before callback; returning Nil.
    [862] <engine-1>[GdPAI] ObjectRef(1382157389614): object was freed before callback; returning Nil.
    [863] <engine-1>[GdPAI] ObjectRef(124621163998): object was freed before callback; returning Nil.
    [864] <engine-1>[GdPAI] ObjectRef(1382643928884): object was freed before callback; returning Nil.
    [865] <engine-1>[GdPAI] ObjectRef(124621163998): object was freed before callback; returning Nil.
    [866] <engine-1>[GdPAI] ObjectRef(124621163998): object was freed before callback; returning Nil.
    [867] <engine-1>[GdPAI] ObjectRef(1382643928884): object was freed before callback; returning Nil.
    [868] <engine-1>[GdPAI] ObjectRef(124621163998): object was freed before callback; returning Nil.
    [869] <engine-1>[GdPAI] ObjectRef(124621163998): object was freed before callback; returning Nil.
    [870] <engine-1>[GdPAI] ObjectRef(1382643928884): object was freed before callback; returning Nil.
    [871] <engine-1>[GdPAI] ObjectRef(1382643928884): object was freed before callback; returning Nil.
    [872] <engine-1>[GdPAI] ObjectRef(124621163998): object was freed before callback; returning Nil.
    [873] <engine-1>[GdPAI] ObjectRef(1382643928884): object was freed before callback; returning Nil.
    [874] <engine-1>[GdPAI] ObjectRef(1382643928884): object was freed before callback; returning Nil.
    [875] <engine-1>[GdPAI] ObjectRef(124621163998): object was freed before callback; returning Nil.
    [876] <engine-1>[GdPAI] ObjectRef(1382643928884): object was freed before callback; returning Nil.
    [877] <engine-1>[GdPAI] ObjectRef(124621163998): object was freed before callback; returning Nil.
    [878] <engine-1>[GdPAI] ObjectRef(1382643928884): object was freed before callback; returning Nil.
    [879] <engine-1>[GdPAI] ObjectRef(124621163998): object was freed before callback; returning Nil.
    [880] <engine-1>[GdPAI] ObjectRef(1382643928884): object was freed before callback; returning Nil.
    [881] <engine-1>[GdPAI] ObjectRef(1382157389614): object was freed before callback; returning Nil.
    [882] <engine-1>[GdPAI] ObjectRef(1382157389614): object was freed before callback; returning Nil.
    [883] <engine-1>[GdPAI] ObjectRef(124621163998): object was freed before callback; returning Nil.
    [884] <engine-1>[GdPAI] ObjectRef(1382643928884): object was freed before callback; returning Nil.
    [885] <engine-1>[GdPAI] ObjectRef(1382157389614): object was freed before callback; returning Nil.
    [886] <engine-1>[GdPAI] ObjectRef(1382157389614): object was freed before callback; returning Nil.
    [887] <engine-1>[GdPAI] ObjectRef(124621163998): object was freed before callback; returning Nil.
    [888] <engine-1>[GdPAI] ObjectRef(1382643928884): object was freed before callback; returning Nil.
    [889] <engine-1>[GdPAI] ObjectRef(1382157389614): object was freed before callback; returning Nil.
    [890] <engine-1>[GdPAI] ObjectRef(1382157389614): object was freed before callback; returning Nil.
    [891] <engine-1>[GdPAI] ObjectRef(124621163998): object was freed before callback; returning Nil.
    [892] <engine-1>[GdPAI] ObjectRef(1382643928884): object was freed before callback; returning Nil.
    [893] <engine-1>[GdPAI] ObjectRef(1382157389614): object was freed before callback; returning Nil.
    [894] <engine-1>[GdPAI] ObjectRef(1382157389614): object was freed before callback; returning Nil.
    [895] <engine-1>[GdPAI] ObjectRef(124621163998): object was freed before callback; returning Nil.
    [896] <engine-1>[GdPAI] ObjectRef(1382643928884): object was freed before callback; returning Nil.
    [897] <engine-1>[GdPAI] ObjectRef(124621163998): object was freed before callback; returning Nil.
    [898] <engine-1>[GdPAI] ObjectRef(1382643928884): object was freed before callback; returning Nil.
    [899] <engine-1>[GdPAI] ObjectRef(124621163998): object was freed before callback; returning Nil.
    [900] <engine-1>[GdPAI] ObjectRef(1382643928884): object was freed before callback; returning Nil.
    [901] <engine-1>[GdPAI] ObjectRef(1382643928884): object was freed before callback; returning Nil.
    [902] <engine-1>[GdPAI] ObjectRef(124621163998): object was freed before callback; returning Nil.
    [903] <engine-1>[GdPAI] ObjectRef(124621163998): object was freed before callback; returning Nil.
    [904] <engine-1>[GdPAI] ObjectRef(1382643928884): object was freed before callback; returning Nil.
    [905] <engine-1>[GdPAI] ObjectRef(1382643928884): object was freed before callback; returning Nil.
    [906] <engine-1>[GdPAI] ObjectRef(124621163998): object was freed before callback; returning Nil.
    [907] <engine-1>[GdPAI] ObjectRef(124621163998): object was freed before callback; returning Nil.
    [908] <engine-1>[GdPAI] ObjectRef(1382643928884): object was freed before callback; returning Nil.
    [909] <engine-1>[GdPAI] ObjectRef(124621163998): object was freed before callback; returning Nil.
    [910] <engine-1>[GdPAI] ObjectRef(1382643928884): object was freed before callback; returning Nil.
    [911] <engine-1>[GdPAI] ObjectRef(124621163998): object was freed before callback; returning Nil.
    [912] <engine-1>[GdPAI] ObjectRef(1382643928884): object was freed before callback; returning Nil.
    [913] <engine-1>[GdPAI] ObjectRef(1382157389614): object was freed before callback; returning Nil.
    [914] <engine-1>[GdPAI] ObjectRef(1382157389614): object was freed before callback; returning Nil.
    [915] <engine-1>[GdPAI] ObjectRef(124621163998): object was freed before callback; returning Nil.
    [916] <engine-1>[GdPAI] ObjectRef(1382643928884): object was freed before callback; returning Nil.
    [917] <engine-1>[GdPAI] ObjectRef(1382157389614): object was freed before callback; returning Nil.
    [918] <engine-1>[GdPAI] ObjectRef(1382157389614): object was freed before callback; returning Nil.
    [919] <engine-1>[GdPAI] ObjectRef(124621163998): object was freed before callback; returning Nil.
    [920] <engine-1>[GdPAI] ObjectRef(1382643928884): object was freed before callback; returning Nil.
    [921] <engine-1>[GdPAI] ObjectRef(1382157389614): object was freed before callback; returning Nil.
    [922] <engine-1>[GdPAI] ObjectRef(1382157389614): object was freed before callback; returning Nil.
    [923] <engine-1>[GdPAI] ObjectRef(124621163998): object was freed before callback; returning Nil.
    [924] <engine-1>[GdPAI] ObjectRef(1382643928884): object was freed before callback; returning Nil.
    [925] <engine-1>[GdPAI] ObjectRef(1382157389614): object was freed before callback; returning Nil.
    [926] <engine-1>[GdPAI] ObjectRef(1382157389614): object was freed before callback; returning Nil.
    [927] <engine-1>[GdPAI] ObjectRef(124621163998): object was freed before callback; returning Nil.
    [928] <engine-1>[GdPAI] ObjectRef(1382643928884): object was freed before callback; returning Nil.
    [929] <engine-1>[GdPAI] ObjectRef(124621163998): object was freed before callback; returning Nil.
    [930] <engine-1>[GdPAI] ObjectRef(1382643928884): object was freed before callback; returning Nil.
    [931] <engine-1>[GdPAI] ObjectRef(124621163998): object was freed before callback; returning Nil.
    [932] <engine-1>[GdPAI] ObjectRef(1382643928884): object was freed before callback; returning Nil.
    [933] <engine-1>[GdPAI] ObjectRef(1382643928884): object was freed before callback; returning Nil.
    [934] <engine-1>[GdPAI] ObjectRef(124621163998): object was freed before callback; returning Nil.
    [935] <engine-1>[GdPAI] ObjectRef(1382643928884): object was freed before callback; returning Nil.
    [936] <engine-1>[GdPAI] ObjectRef(1382643928884): object was freed before callback; returning Nil.
    [937] <engine-1>[GdPAI] ObjectRef(124621163998): object was freed before callback; returning Nil.
    [938] <engine-1>[GdPAI] ObjectRef(1382643928884): object was freed before callback; returning Nil.
    [939] <engine-1>[GdPAI] ObjectRef(124621163998): object was freed before callback; returning Nil.
    [940] <engine-1>[GdPAI] ObjectRef(124621163998): object was freed before callback; returning Nil.
    [941] <engine-1>[GdPAI] ObjectRef(1382643928884): object was freed before callback; returning Nil.
    [942] <engine-1>[GdPAI] ObjectRef(124621163998): object was freed before callback; returning Nil.
    [943] <engine-1>[GdPAI] ObjectRef(124621163998): object was freed before callback; returning Nil.
    [944] <engine-1>[GdPAI] ObjectRef(1382643928884): object was freed before callback; returning Nil.
    [945] <engine-1>[GdPAI] ObjectRef(1382157389614): object was freed before callback; returning Nil.
    [946] <engine-1>[GdPAI] ObjectRef(1382157389614): object was freed before callback; returning Nil.
    [947] <engine-1>[GdPAI] ObjectRef(124621163998): object was freed before callback; returning Nil.
    [948] <engine-1>[GdPAI] ObjectRef(124621163998): object was freed before callback; returning Nil.
    [949] <engine-1>[GdPAI] ObjectRef(1382643928884): object was freed before callback; returning Nil.
    [950] <engine-1>[GdPAI] ObjectRef(1382157389614): object was freed before callback; returning Nil.
    [951] <engine-1>[GdPAI] ObjectRef(1382157389614): object was freed before callback; returning Nil.
    [952] <engine-1>[GdPAI] ObjectRef(124621163998): object was freed before callback; returning Nil.
    [953] <engine-1>[GdPAI] ObjectRef(124621163998): object was freed before callback; returning Nil.
    [954] <engine-1>[GdPAI] ObjectRef(1382643928884): object was freed before callback; returning Nil.
    [955] <engine-1>[GdPAI] ObjectRef(1382157389614): object was freed before callback; returning Nil.
    [956] <engine-1>[GdPAI] ObjectRef(1382157389614): object was freed before callback; returning Nil.
    [957] <engine-1>[GdPAI] ObjectRef(124621163998): object was freed before callback; returning Nil.
    [958] <engine-1>[GdPAI] ObjectRef(124621163998): object was freed before callback; returning Nil.
    [959] <engine-1>[GdPAI] ObjectRef(1382643928884): object was freed before callback; returning Nil.
    [960] <engine-1>[GdPAI] ObjectRef(1382157389614): object was freed before callback; returning Nil.
    [961] <engine-1>[GdPAI] ObjectRef(1382157389614): object was freed before callback; returning Nil.
    [962] <engine-1>[GdPAI] ObjectRef(124621163998): object was freed before callback; returning Nil.
    [963] <engine-1>[GdPAI] ObjectRef(124621163998): object was freed before callback; returning Nil.
    [964] <engine-1>[GdPAI] ObjectRef(1382643928884): object was freed before callback; returning Nil.
    [965] <engine-1>[GdPAI] ObjectRef(124621163998): object was freed before callback; returning Nil.
    [966] <engine-1>[GdPAI] ObjectRef(124621163998): object was freed before callback; returning Nil.
    [967] <engine-1>[GdPAI] ObjectRef(1382643928884): object was freed before callback; returning Nil.
    [968] <engine-1>[GdPAI] ObjectRef(124621163998): object was freed before callback; returning Nil.
    [969] <engine-1>[GdPAI] ObjectRef(124621163998): object was freed before callback; returning Nil.
    [970] <engine-1>[GdPAI] ObjectRef(1382643928884): object was freed before callback; returning Nil.
    [971] <engine-1>[GdPAI] ObjectRef(1382643928884): object was freed before callback; returning Nil.
    [972] <engine-1>[GdPAI] ObjectRef(124621163998): object was freed before callback; returning Nil.
    [973] <engine-1>[GdPAI] ObjectRef(124621163998): object was freed before callback; returning Nil.
    [974] <engine-1>[GdPAI] ObjectRef(1382643928884): object was freed before callback; returning Nil.
    [975] <engine-1>[GdPAI] ObjectRef(1382643928884): object was freed before callback; returning Nil.
    [976] <engine-1>[GdPAI] ObjectRef(124621163998): object was freed before callback; returning Nil.
    [977] <engine-1>[GdPAI] ObjectRef(124621163998): object was freed before callback; returning Nil.
    [978] <engine-1>[GdPAI] ObjectRef(1382643928884): object was freed before callback; returning Nil.
    [979] <engine-1>[GdPAI] ObjectRef(1382643928884): object was freed before callback; returning Nil.
    [980] <engine-1>[GdPAI] ObjectRef(124621163998): object was freed before callback; returning Nil.
    [981] <engine-1>[GdPAI] ObjectRef(124621163998): object was freed before callback; returning Nil.
    [982] <engine-1>[GdPAI] ObjectRef(1382643928884): object was freed before callback; returning Nil.
    [983] <engine-1>[GdPAI] ObjectRef(1382643928884): object was freed before callback; returning Nil.
    [984] <engine-1>[GdPAI] ObjectRef(124621163998): object was freed before callback; returning Nil.
    [985] <engine-1>[GdPAI] ObjectRef(124621163998): object was freed before callback; returning Nil.
    [986] <engine-1>[GdPAI] ObjectRef(1382643928884): object was freed before callback; returning Nil.
    [987] <engine-1>[GdPAI] ObjectRef(1382643928884): object was freed before callback; returning Nil.
    [988] <engine-1>[GdPAI] ObjectRef(124621163998): object was freed before callback; returning Nil.
    [989] <engine-1>[GdPAI] ObjectRef(124621163998): object was freed before callback; returning Nil.
    [990] <engine-1>[GdPAI] ObjectRef(1382643928884): object was freed before callback; returning Nil.
    [991] <engine-1>[GdPAI] ObjectRef(1382643928884): object was freed before callback; returning Nil.
    [992] <engine-1>[GdPAI] ObjectRef(124621163998): object was freed before callback; returning Nil.
    [993] <engine-1>[GdPAI] ObjectRef(124621163998): object was freed before callback; returning Nil.
    [994] <engine-1>[GdPAI] ObjectRef(1382643928884): object was freed before callback; returning Nil.
    [995] <engine-1>[GdPAI] ObjectRef(1382643928884): object was freed before callback; returning Nil.
    [996] <engine-1>[GdPAI] ObjectRef(124621163998): object was freed before callback; returning Nil.
    [997] <engine-1>[GdPAI] ObjectRef(124621163998): object was freed before callback; returning Nil.
    [998] <engine-1>[GdPAI] ObjectRef(1382643928884): object was freed before callback; returning Nil.
    [999] <engine-1>[GdPAI] ObjectRef(1382643928884): object was freed before callback; returning Nil.
    [1000] <engine-1>[GdPAI] ObjectRef(124621163998): object was freed before callback; returning Nil.
    [1001] <engine-1>[GdPAI] ObjectRef(124621163998): object was freed before callback; returning Nil.
    [1002] <engine-1>[GdPAI] ObjectRef(1382643928884): object was freed before callback; returning Nil.
    [1003] <engine-1>[GdPAI] ObjectRef(1382643928884): object was freed before callback; returning Nil.
    [1004] <engine-1>[GdPAI] ObjectRef(124621163998): object was freed before callback; returning Nil.
    [1005] <engine-1>[GdPAI] ObjectRef(124621163998): object was freed before callback; returning Nil.
    [1006] <engine-1>[GdPAI] ObjectRef(1382643928884): object was freed before callback; returning Nil.
    [1007] <engine-1>[GdPAI] ObjectRef(1382643928884): object was freed before callback; returning Nil.
    [1008] <engine-1>[GdPAI] ObjectRef(124621163998): object was freed before callback; returning Nil.
    [1009] <engine-1>[GdPAI] ObjectRef(124621163998): object was freed before callback; returning Nil.
    [1010] <engine-1>[GdPAI] ObjectRef(1382643928884): object was freed before callback; returning Nil.
    [1011] <engine-1>[GdPAI] ObjectRef(1382643928884): object was freed before callback; returning Nil.
    [1012] <engine-1>[GdPAI] ObjectRef(124621163998): object was freed before callback; returning Nil.
    [1013] <engine-1>[GdPAI] ObjectRef(124621163998): object was freed before callback; returning Nil.
    [1014] <engine-1>[GdPAI] ObjectRef(1382643928884): object was freed before callback; returning Nil.
    [1015] <engine-1>[GdPAI] ObjectRef(1382643928884): object was freed before callback; returning Nil.
    [1016] <engine-1>[GdPAI] ObjectRef(124621163998): object was freed before callback; returning Nil.
    [1017] <engine-1>[GdPAI] ObjectRef(124621163998): object was freed before callback; returning Nil.
    [1018] <engine-1>[GdPAI] ObjectRef(1382643928884): object was freed before callback; returning Nil.
    [1019] <engine-1>[GdPAI] ObjectRef(1382643928884): object was freed before callback; returning Nil.
    [1020] <engine-1>[GdPAI] ObjectRef(124621163998): object was freed before callback; returning Nil.
    [1021] <engine-1>[GdPAI] ObjectRef(124621163998): object was freed before callback; returning Nil.
    [1022] <engine-1>[GdPAI] ObjectRef(1382643928884): object was freed before callback; returning Nil.
    [1023] <engine-1>[GdPAI] ObjectRef(1382643928884): object was freed before callback; returning Nil.
    [1024] <engine-1>[GdPAI] ObjectRef(124621163998): object was freed before callback; returning Nil.
    [1025] <engine-1>[GdPAI] ObjectRef(124621163998): object was freed before callback; returning Nil.
    [1026] <engine-1>[GdPAI] ObjectRef(1382643928884): object was freed before callback; returning Nil.
    [1027] <engine-1>[GdPAI] ObjectRef(1382643928884): object was freed before callback; returning Nil.
    [1028] <engine-1>[GdPAI] ObjectRef(124621163998): object was freed before callback; returning Nil.
    [1029] <engine-1>[GdPAI] ObjectRef(124621163998): object was freed before callback; returning Nil.
    [1030] <engine-1>[GdPAI] ObjectRef(1382643928884): object was freed before callback; returning Nil.
    [1031] <engine-1>[GdPAI] ObjectRef(1382643928884): object was freed before callback; returning Nil.
    [1032] <engine-1>[GdPAI] ObjectRef(124621163998): object was freed before callback; returning Nil.
    [1033] <engine-1>[GdPAI] ObjectRef(124621163998): object was freed before callback; returning Nil.
    [1034] <engine-1>[GdPAI] ObjectRef(1382643928884): object was freed before callback; returning Nil.
    [1035] <engine-1>[GdPAI] ObjectRef(1382643928884): object was freed before callback; returning Nil.
    [1036] <engine-1>[GdPAI] ObjectRef(124621163998): object was freed before callback; returning Nil.
    [1037] <engine-1>[GdPAI] ObjectRef(124621163998): object was freed before callback; returning Nil.
    [1038] <engine-1>[GdPAI] ObjectRef(1382643928884): object was freed before callback; returning Nil.
    [1039] <engine-1>[GdPAI] ObjectRef(1382643928884): object was freed before callback; returning Nil.
    [1040] <engine-1>[GdPAI] ObjectRef(124621163998): object was freed before callback; returning Nil.
    [1041] <engine-1>[GdPAI] ObjectRef(124621163998): object was freed before callback; returning Nil.
    [1042] <engine-1>[GdPAI] ObjectRef(1382643928884): object was freed before callback; returning Nil.
    [1043] <engine-1>[GdPAI] ObjectRef(1382643928884): object was freed before callback; returning Nil.
    [1044] <engine-1>[GdPAI] ObjectRef(124621163998): object was freed before callback; returning Nil.
    [1045] <engine-1>[GdPAI] ObjectRef(124621163998): object was freed before callback; returning Nil.
    [1046] <engine-1>[GdPAI] ObjectRef(124134624705): object was freed before callback; returning Nil.
    [1047] <engine-1>[GdPAI] ObjectRef(125661351450): object was freed before callback; returning Nil.
    [1048] <engine-1>[GdPAI] ObjectRef(124587609564): object was freed before callback; returning Nil.
    [1049] <engine-1>[GdPAI] ObjectRef(124285619658): object was freed before callback; returning Nil.
    [1050] <engine-1>[GdPAI] ObjectRef(124134624705): object was freed before callback; returning Nil.
    [1051] <engine-1>[GdPAI] ObjectRef(125661351450): object was freed before callback; returning Nil.
    [1052] <engine-1>[GdPAI] ObjectRef(124587609564): object was freed before callback; returning Nil.
    [1053] <engine-1>[GdPAI] ObjectRef(124285619658): object was freed before callback; returning Nil.
    [1054] <engine-1>[GdPAI] ObjectRef(1382643928884): object was freed before callback; returning Nil.
    [1055] <engine-1>[GdPAI] ObjectRef(1382643928884): object was freed before callback; returning Nil.
    [1056] <engine-1>[GdPAI] ObjectRef(124621163998): object was freed before callback; returning Nil.
    [1057] <engine-1>[GdPAI] ObjectRef(124621163998): object was freed before callback; returning Nil.
    [1058] <engine-1>[GdPAI] ObjectRef(124134624705): object was freed before callback; returning Nil.
    [1059] <engine-1>[GdPAI] ObjectRef(125661351450): object was freed before callback; returning Nil.
    [1060] <engine-1>[GdPAI] ObjectRef(124587609564): object was freed before callback; returning Nil.
    [1061] <engine-1>[GdPAI] ObjectRef(124285619658): object was freed before callback; returning Nil.
    [1062] <engine-1>[GdPAI] ObjectRef(124134624705): object was freed before callback; returning Nil.
    [1063] <engine-1>[GdPAI] ObjectRef(125661351450): object was freed before callback; returning Nil.
    [1064] <engine-1>[GdPAI] ObjectRef(124587609564): object was freed before callback; returning Nil.
    [1065] <engine-1>[GdPAI] ObjectRef(124285619658): object was freed before callback; returning Nil.
    [1066] <engine-1>[GdPAI] ObjectRef(1382643928884): object was freed before callback; returning Nil.
    [1067] <engine-1>[GdPAI] ObjectRef(1382643928884): object was freed before callback; returning Nil.
    [1068] <engine-1>[GdPAI] ObjectRef(124621163998): object was freed before callback; returning Nil.
    [1069] <engine-1>[GdPAI] ObjectRef(124285619658): object was freed before callback; returning Nil.
    [1070] <engine-1>[GdPAI] ObjectRef(124285619658): object was freed before callback; returning Nil.
    [1071] <engine-1>[GdPAI] ObjectRef(1382643928884): object was freed before callback; returning Nil.
    [1072] <engine-1>[GdPAI] ObjectRef(1382643928884): object was freed before callback; returning Nil.
    [1073] <engine-1>[GdPAI] ObjectRef(124621163998): object was freed before callback; returning Nil.
    [1074] <engine-1>[GdPAI] ObjectRef(124285619658): object was freed before callback; returning Nil.
    [1075] <engine-1>[GdPAI] ObjectRef(124285619658): object was freed before callback; returning Nil.
    [1076] <engine-1>[GdPAI] ObjectRef(1382643928884): object was freed before callback; returning Nil.
    [1077] <engine-1>[GdPAI] ObjectRef(1382643928884): object was freed before callback; returning Nil.
    [1078] <engine-1>[GdPAI] ObjectRef(124621163998): object was freed before callback; returning Nil.
    [1079] <engine-1>[GdPAI] ObjectRef(124587609564): object was freed before callback; returning Nil.
    [1080] <engine-1>[GdPAI] ObjectRef(124587609564): object was freed before callback; returning Nil.
    [1081] <engine-1>[GdPAI] ObjectRef(1382643928884): object was freed before callback; returning Nil.
    [1082] <engine-1>[GdPAI] ObjectRef(1382643928884): object was freed before callback; returning Nil.
    [1083] <engine-1>[GdPAI] ObjectRef(124621163998): object was freed before callback; returning Nil.
    [1084] <engine-1>[GdPAI] ObjectRef(124587609564): object was freed before callback; returning Nil.
    [1085] <engine-1>[GdPAI] ObjectRef(124587609564): object was freed before callback; returning Nil.
    [1086] <engine-1>[GdPAI] ObjectRef(1382643928884): object was freed before callback; returning Nil.
    [1087] <engine-1>[GdPAI] ObjectRef(1382643928884): object was freed before callback; returning Nil.
    [1088] <engine-1>[GdPAI] ObjectRef(124621163998): object was freed before callback; returning Nil.
    [1089] <engine-1>[GdPAI] ObjectRef(125661351450): object was freed before callback; returning Nil.
    [1090] <engine-1>[GdPAI] ObjectRef(125661351450): object was freed before callback; returning Nil.
    [1091] <engine-1>[GdPAI] ObjectRef(1382643928884): object was freed before callback; returning Nil.
    [1092] <engine-1>[GdPAI] ObjectRef(1382643928884): object was freed before callback; returning Nil.
    [1093] <engine-1>[GdPAI] ObjectRef(124621163998): object was freed before callback; returning Nil.
    [1094] <engine-1>[GdPAI] ObjectRef(125661351450): object was freed before callback; returning Nil.
    [1095] <engine-1>[GdPAI] ObjectRef(125661351450): object was freed before callback; returning Nil.
    [1096] <engine-1>[GdPAI] ObjectRef(1382643928884): object was freed before callback; returning Nil.
    [1097] <engine-1>[GdPAI] ObjectRef(1382643928884): object was freed before callback; returning Nil.
    [1098] <engine-1>[GdPAI] ObjectRef(1383348571562): object was freed before callback; returning Nil.
    [1099] <engine-1>[GdPAI] ObjectRef(1383348571562): object was freed before callback; returning Nil.
    [1100] <engine-1>[GdPAI] ObjectRef(124621163998): object was freed before callback; returning Nil.
    [1101] <engine-1>[GdPAI] ObjectRef(124134624705): object was freed before callback; returning Nil.
    [1102] <engine-1>[GdPAI] ObjectRef(124134624705): object was freed before callback; returning Nil.
    [1103] <engine-1>[GdPAI] ObjectRef(1382643928884): object was freed before callback; returning Nil.
    [1104] <engine-1>[GdPAI] ObjectRef(1382643928884): object was freed before callback; returning Nil.
    [1105] <engine-1>[GdPAI] ObjectRef(1383348571562): object was freed before callback; returning Nil.
    [1106] <engine-1>[GdPAI] ObjectRef(1383348571562): object was freed before callback; returning Nil.
    [1107] <engine-1>[GdPAI] ObjectRef(124621163998): object was freed before callback; returning Nil.
    [1108] <engine-1>[GdPAI] ObjectRef(124134624705): object was freed before callback; returning Nil.
    [1109] <engine-1>[GdPAI] ObjectRef(124134624705): object was freed before callback; returning Nil.
    [1110] <engine-1>[GdPAI] ObjectRef(1382643928884): object was freed before callback; returning Nil.
    [1111] <engine-1>[GdPAI] ObjectRef(1383348571562): object was freed before callback; returning Nil.
    [1112] <engine-1>[GdPAI] ObjectRef(1383348571562): object was freed before callback; returning Nil.
    [1113] <engine-1>[GdPAI] ObjectRef(124621163998): object was freed before callback; returning Nil.
    [1114] <engine-1>[GdPAI] ObjectRef(1382643928884): object was freed before callback; returning Nil.
    [1115] <engine-1>[GdPAI] ObjectRef(1383348571562): object was freed before callback; returning Nil.
    [1116] <engine-1>[GdPAI] ObjectRef(1383348571562): object was freed before callback; returning Nil.
    [1117] <engine-1>[GdPAI] ObjectRef(124621163998): object was freed before callback; returning Nil.
    [1118] <engine-1>[GdPAI] ObjectRef(1382643928884): object was freed before callback; returning Nil.
    [1119] <engine-1>[GdPAI] ObjectRef(1382157389614): object was freed before callback; returning Nil.
    [1120] <engine-1>[GdPAI] ObjectRef(1382157389614): object was freed before callback; returning Nil.
    [1121] <engine-1>[GdPAI] ObjectRef(124621163998): object was freed before callback; returning Nil.
    [1122] <engine-1>[GdPAI] ObjectRef(124621163998): object was freed before callback; returning Nil.
    [1123] <engine-1>[GdPAI] ObjectRef(1382643928884): object was freed before callback; returning Nil.
    [1124] <engine-1>[GdPAI] ObjectRef(1382157389614): object was freed before callback; returning Nil.
    [1125] <engine-1>[GdPAI] ObjectRef(1382157389614): object was freed before callback; returning Nil.
    [1126] <engine-1>[GdPAI] ObjectRef(124621163998): object was freed before callback; returning Nil.
    [1127] <engine-1>[GdPAI] ObjectRef(124621163998): object was freed before callback; returning Nil.
    [1128] <engine-1>[GdPAI] ObjectRef(1382643928884): object was freed before callback; returning Nil.
    [1129] <engine-1>[GdPAI] ObjectRef(1382157389614): object was freed before callback; returning Nil.
    [1130] <engine-1>[GdPAI] ObjectRef(1382157389614): object was freed before callback; returning Nil.
    [1131] <engine-1>[GdPAI] ObjectRef(124621163998): object was freed before callback; returning Nil.
    [1132] <engine-1>[GdPAI] ObjectRef(1382643928884): object was freed before callback; returning Nil.
    [1133] <engine-1>[GdPAI] ObjectRef(1382157389614): object was freed before callback; returning Nil.
    [1134] <engine-1>[GdPAI] ObjectRef(1382157389614): object was freed before callback; returning Nil.
    [1135] <engine-1>[GdPAI] ObjectRef(124621163998): object was freed before callback; returning Nil.
    [1136] <engine-1>[GdPAI] ObjectRef(1382643928884): object was freed before callback; returning Nil.
    [1137] <engine-1>[GdPAI] ObjectRef(124621163998): object was freed before callback; returning Nil.
    [1138] <engine-1>[GdPAI] ObjectRef(1382643928884): object was freed before callback; returning Nil.
    [1139] <engine-1>[GdPAI] ObjectRef(124621163998): object was freed before callback; returning Nil.
    [1140] <engine-1>[GdPAI] ObjectRef(1382643928884): object was freed before callback; returning Nil.
    [1141] <engine-1>[GdPAI] ObjectRef(1382643928884): object was freed before callback; returning Nil.
    [1142] <engine-1>[GdPAI] ObjectRef(124621163998): object was freed before callback; returning Nil.
    [1143] <engine-1>[GdPAI] ObjectRef(1382643928884): object was freed before callback; returning Nil.
    [1144] <engine-1>[GdPAI] ObjectRef(1382643928884): object was freed before callback; returning Nil.
    [1145] <engine-1>[GdPAI] ObjectRef(124621163998): object was freed before callback; returning Nil.
    [1146] <engine-1>[GdPAI] ObjectRef(1382643928884): object was freed before callback; returning Nil.
    [1147] <engine-1>[GdPAI] ObjectRef(124621163998): object was freed before callback; returning Nil.
    [1148] <engine-1>[GdPAI] ObjectRef(1382643928884): object was freed before callback; returning Nil.
    [1149] <engine-1>[GdPAI] ObjectRef(124621163998): object was freed before callback; returning Nil.
    [1150] <engine-1>[GdPAI] ObjectRef(1382643928884): object was freed before callback; returning Nil.
    [1151] <engine-1>[GdPAI] ObjectRef(1382157389614): object was freed before callback; returning Nil.
    [1152] <engine-1>[GdPAI] ObjectRef(1382157389614): object was freed before callback; returning Nil.
    [1153] <engine-1>[GdPAI] ObjectRef(124621163998): object was freed before callback; returning Nil.
    [1154] <engine-1>[GdPAI] ObjectRef(1382643928884): object was freed before callback; returning Nil.
    [1155] <engine-1>[GdPAI] ObjectRef(1382157389614): object was freed before callback; returning Nil.
    [1156] <engine-1>[GdPAI] ObjectRef(1382157389614): object was freed before callback; returning Nil.
    [1157] <engine-1>[GdPAI] ObjectRef(124621163998): object was freed before callback; returning Nil.
    [1158] <engine-1>[GdPAI] ObjectRef(1382643928884): object was freed before callback; returning Nil.
    [1159] <engine-1>[GdPAI] ObjectRef(1382157389614): object was freed before callback; returning Nil.
    [1160] <engine-1>[GdPAI] ObjectRef(1382157389614): object was freed before callback; returning Nil.
    [1161] <engine-1>[GdPAI] ObjectRef(124621163998): object was freed before callback; returning Nil.
    [1162] <engine-1>[GdPAI] ObjectRef(124621163998): object was freed before callback; returning Nil.
    [1163] <engine-1>[GdPAI] ObjectRef(124134624705): object was freed before callback; returning Nil.
    [1164] <engine-1>[GdPAI] ObjectRef(125661351450): object was freed before callback; returning Nil.
    [1165] <engine-1>[GdPAI] ObjectRef(124587609564): object was freed before callback; returning Nil.
    [1166] <engine-1>[GdPAI] ObjectRef(124285619658): object was freed before callback; returning Nil.
    [1167] <engine-1>[GdPAI] ObjectRef(124134624705): object was freed before callback; returning Nil.
    [1168] <engine-1>[GdPAI] ObjectRef(125661351450): object was freed before callback; returning Nil.
    [1169] <engine-1>[GdPAI] ObjectRef(124587609564): object was freed before callback; returning Nil.
    [1170] <engine-1>[GdPAI] ObjectRef(124285619658): object was freed before callback; returning Nil.
    [1171] <engine-1>[GdPAI] ObjectRef(1382643928884): object was freed before callback; returning Nil.
    [1172] <engine-1>[GdPAI] ObjectRef(1382157389614): object was freed before callback; returning Nil.
    [1173] <engine-1>[GdPAI] ObjectRef(1382157389614): object was freed before callback; returning Nil.
    [1174] <engine-1>[GdPAI] ObjectRef(124621163998): object was freed before callback; returning Nil.
    [1175] <engine-1>[GdPAI] ObjectRef(124621163998): object was freed before callback; returning Nil.
    [1176] <engine-1>[GdPAI] ObjectRef(124134624705): object was freed before callback; returning Nil.
    [1177] <engine-1>[GdPAI] ObjectRef(125661351450): object was freed before callback; returning Nil.
    [1178] <engine-1>[GdPAI] ObjectRef(124587609564): object was freed before callback; returning Nil.
    [1179] <engine-1>[GdPAI] ObjectRef(124285619658): object was freed before callback; returning Nil.
    [1180] <engine-1>[GdPAI] ObjectRef(124134624705): object was freed before callback; returning Nil.
    [1181] <engine-1>[GdPAI] ObjectRef(125661351450): object was freed before callback; returning Nil.
    [1182] <engine-1>[GdPAI] ObjectRef(124587609564): object was freed before callback; returning Nil.
    [1183] <engine-1>[GdPAI] ObjectRef(124285619658): object was freed before callback; returning Nil.
    [1184] <engine-1>[GdPAI] ObjectRef(1382643928884): object was freed before callback; returning Nil.
    [1185] <engine-1>[GdPAI] ObjectRef(124621163998): object was freed before callback; returning Nil.
    [1186] <engine-1>[GdPAI] ObjectRef(124285619658): object was freed before callback; returning Nil.
    [1187] <engine-1>[GdPAI] ObjectRef(124285619658): object was freed before callback; returning Nil.
    [1188] <engine-1>[GdPAI] ObjectRef(1382643928884): object was freed before callback; returning Nil.
    [1189] <engine-1>[GdPAI] ObjectRef(124621163998): object was freed before callback; returning Nil.
    [1190] <engine-1>[GdPAI] ObjectRef(124285619658): object was freed before callback; returning Nil.
    [1191] <engine-1>[GdPAI] ObjectRef(124285619658): object was freed before callback; returning Nil.
    [1192] <engine-1>[GdPAI] ObjectRef(1382643928884): object was freed before callback; returning Nil.
    [1193] <engine-1>[GdPAI] ObjectRef(1382643928884): object was freed before callback; returning Nil.
    [1194] <engine-1>[GdPAI] ObjectRef(1383348571562): object was freed before callback; returning Nil.
    [1195] <engine-1>[GdPAI] ObjectRef(1383348571562): object was freed before callback; returning Nil.
    [1196] <engine-1>[GdPAI] ObjectRef(124621163998): object was freed before callback; returning Nil.
    [1197] <engine-1>[GdPAI] ObjectRef(124587609564): object was freed before callback; returning Nil.
    [1198] <engine-1>[GdPAI] ObjectRef(124587609564): object was freed before callback; returning Nil.
    [1199] <engine-1>[GdPAI] ObjectRef(1382643928884): object was freed before callback; returning Nil.
    [1200] <engine-1>[GdPAI] ObjectRef(1382643928884): object was freed before callback; returning Nil.
    [1201] <engine-1>[GdPAI] ObjectRef(1383348571562): object was freed before callback; returning Nil.
    [1202] <engine-1>[GdPAI] ObjectRef(1383348571562): object was freed before callback; returning Nil.
    [1203] <engine-1>[GdPAI] ObjectRef(124621163998): object was freed before callback; returning Nil.
    [1204] <engine-1>[GdPAI] ObjectRef(124587609564): object was freed before callback; returning Nil.
    [1205] <engine-1>[GdPAI] ObjectRef(124587609564): object was freed before callback; returning Nil.
    [1206] <engine-1>[GdPAI] ObjectRef(1382643928884): object was freed before callback; returning Nil.
    [1207] <engine-1>[GdPAI] ObjectRef(1383348571562): object was freed before callback; returning Nil.
    [1208] <engine-1>[GdPAI] ObjectRef(1383348571562): object was freed before callback; returning Nil.
    [1209] <engine-1>[GdPAI] ObjectRef(124621163998): object was freed before callback; returning Nil.
    [1210] <engine-1>[GdPAI] ObjectRef(125661351450): object was freed before callback; returning Nil.
    [1211] <engine-1>[GdPAI] ObjectRef(125661351450): object was freed before callback; returning Nil.
    [1212] <engine-1>[GdPAI] ObjectRef(1382643928884): object was freed before callback; returning Nil.
    [1213] <engine-1>[GdPAI] ObjectRef(1383348571562): object was freed before callback; returning Nil.
    [1214] <engine-1>[GdPAI] ObjectRef(1383348571562): object was freed before callback; returning Nil.
    [1215] <engine-1>[GdPAI] ObjectRef(124621163998): object was freed before callback; returning Nil.
    [1216] <engine-1>[GdPAI] ObjectRef(125661351450): object was freed before callback; returning Nil.
    [1217] <engine-1>[GdPAI] ObjectRef(125661351450): object was freed before callback; returning Nil.
    [1218] <engine-1>[GdPAI] ObjectRef(1382643928884): object was freed before callback; returning Nil.
    [1219] <engine-1>[GdPAI] ObjectRef(1382157389614): object was freed before callback; returning Nil.
    [1220] <engine-1>[GdPAI] ObjectRef(1382157389614): object was freed before callback; returning Nil.
    [1221] <engine-1>[GdPAI] ObjectRef(124621163998): object was freed before callback; returning Nil.
    [1222] <engine-1>[GdPAI] ObjectRef(124134624705): object was freed before callback; returning Nil.
    [1223] <engine-1>[GdPAI] ObjectRef(124134624705): object was freed before callback; returning Nil.
    [1224] <engine-1>[GdPAI] ObjectRef(1382643928884): object was freed before callback; returning Nil.
    [1225] <engine-1>[GdPAI] ObjectRef(1382157389614): object was freed before callback; returning Nil.
    [1226] <engine-1>[GdPAI] ObjectRef(1382157389614): object was freed before callback; returning Nil.
    [1227] <engine-1>[GdPAI] ObjectRef(124621163998): object was freed before callback; returning Nil.
    [1228] <engine-1>[GdPAI] ObjectRef(124134624705): object was freed before callback; returning Nil.
    [1229] <engine-1>[GdPAI] ObjectRef(124134624705): object was freed before callback; returning Nil.
    [1230] <engine-1>[GdPAI] ObjectRef(1382643928884): object was freed before callback; returning Nil.
    [1231] <engine-1>[GdPAI] ObjectRef(1382157389614): object was freed before callback; returning Nil.
    [1232] <engine-1>[GdPAI] ObjectRef(1382157389614): object was freed before callback; returning Nil.
    [1233] <engine-1>[GdPAI] ObjectRef(124621163998): object was freed before callback; returning Nil.
    [1234] <engine-1>[GdPAI] ObjectRef(1382643928884): object was freed before callback; returning Nil.
    [1235] <engine-1>[GdPAI] ObjectRef(1382157389614): object was freed before callback; returning Nil.
    [1236] <engine-1>[GdPAI] ObjectRef(1382157389614): object was freed before callback; returning Nil.
    [1237] <engine-1>[GdPAI] ObjectRef(124621163998): object was freed before callback; returning Nil.
    [1238] <engine-1>[GdPAI] ObjectRef(1382643928884): object was freed before callback; returning Nil.
    [1239] <engine-1>[GdPAI] ObjectRef(124621163998): object was freed before callback; returning Nil.
    [1240] <engine-1>[GdPAI] ObjectRef(124621163998): object was freed before callback; returning Nil.
    [1241] <engine-1>[GdPAI] ObjectRef(1382643928884): object was freed before callback; returning Nil.
    [1242] <engine-1>[GdPAI] ObjectRef(124621163998): object was freed before callback; returning Nil.
    [1243] <engine-1>[GdPAI] ObjectRef(124621163998): object was freed before callback; returning Nil.
    [1244] <engine-1>[GdPAI] ObjectRef(1382643928884): object was freed before callback; returning Nil.
    [1245] <engine-1>[GdPAI] ObjectRef(1382643928884): object was freed before callback; returning Nil.
    [1246] <engine-1>[GdPAI] ObjectRef(124621163998): object was freed before callback; returning Nil.
    [1247] <engine-1>[GdPAI] ObjectRef(1382643928884): object was freed before callback; returning Nil.
    [1248] <engine-1>[GdPAI] ObjectRef(1382643928884): object was freed before callback; returning Nil.
    [1249] <engine-1>[GdPAI] ObjectRef(124621163998): object was freed before callback; returning Nil.
    [1250] <engine-1>[GdPAI] ObjectRef(1382643928884): object was freed before callback; returning Nil.
    [1251] <engine-1>[GdPAI] ObjectRef(124621163998): object was freed before callback; returning Nil.
    [1252] <engine-1>[GdPAI] ObjectRef(1382643928884): object was freed before callback; returning Nil.
    [1253] <engine-1>[GdPAI] ObjectRef(124621163998): object was freed before callback; returning Nil.
    [1254] <engine-1>[GdPAI] ObjectRef(1382643928884): object was freed before callback; returning Nil.
    [1255] <engine-1>[GdPAI] ObjectRef(1382157389614): object was freed before callback; returning Nil.
    [1256] <engine-1>[GdPAI] ObjectRef(1382157389614): object was freed before callback; returning Nil.
    [1257] <engine-1>[GdPAI] ObjectRef(124621163998): object was freed before callback; returning Nil.
    [1258] <engine-1>[GdPAI] ObjectRef(1382643928884): object was freed before callback; returning Nil.
    [1259] <engine-1>[GdPAI] ObjectRef(1382157389614): object was freed before callback; returning Nil.
    [1260] <engine-1>[GdPAI] ObjectRef(1382157389614): object was freed before callback; returning Nil.
    [1261] <engine-1>[GdPAI] ObjectRef(124621163998): object was freed before callback; returning Nil.
    [1262] <engine-1>[GdPAI] ObjectRef(1382643928884): object was freed before callback; returning Nil.
    [1263] <engine-1>[GdPAI] ObjectRef(1382157389614): object was freed before callback; returning Nil.
    [1264] <engine-1>[GdPAI] ObjectRef(1382157389614): object was freed before callback; returning Nil.
    [1265] <engine-1>[GdPAI] ObjectRef(124621163998): object was freed before callback; returning Nil.
    [1266] <engine-1>[GdPAI] ObjectRef(1382643928884): object was freed before callback; returning Nil.
    [1267] <engine-1>[GdPAI] ObjectRef(1382157389614): object was freed before callback; returning Nil.
    [1268] <engine-1>[GdPAI] ObjectRef(1382157389614): object was freed before callback; returning Nil.
    [1269] <engine-1>[GdPAI] ObjectRef(124621163998): object was freed before callback; returning Nil.
    [1270] <engine-1>[GdPAI] ObjectRef(1382643928884): object was freed before callback; returning Nil.
    [1271] <engine-1>[GdPAI] ObjectRef(124621163998): object was freed before callback; returning Nil.
    [1272] <engine-1>[GdPAI] ObjectRef(1382643928884): object was freed before callback; returning Nil.
    [1273] <engine-1>[GdPAI] ObjectRef(124621163998): object was freed before callback; returning Nil.
    [1274] <engine-1>[GdPAI] ObjectRef(1382643928884): object was freed before callback; returning Nil.
    [1275] <engine-1>[GdPAI] ObjectRef(1382643928884): object was freed before callback; returning Nil.
    [1276] <engine-1>[GdPAI] ObjectRef(124621163998): object was freed before callback; returning Nil.
    [1277] <engine-1>[GdPAI] ObjectRef(124621163998): object was freed before callback; returning Nil.
    [1278] <engine-1>[GdPAI] ObjectRef(1382643928884): object was freed before callback; returning Nil.
    [1279] <engine-1>[GdPAI] ObjectRef(1382643928884): object was freed before callback; returning Nil.
    [1280] <engine-1>[GdPAI] ObjectRef(124621163998): object was freed before callback; returning Nil.
    [1281] <engine-1>[GdPAI] ObjectRef(124621163998): object was freed before callback; returning Nil.
    [1282] <engine-1>[GdPAI] ObjectRef(1382643928884): object was freed before callback; returning Nil.
    [1283] <engine-1>[GdPAI] ObjectRef(124621163998): object was freed before callback; returning Nil.
    [1284] <engine-1>[GdPAI] ObjectRef(1382643928884): object was freed before callback; returning Nil.
    [1285] <engine-1>[GdPAI] ObjectRef(124621163998): object was freed before callback; returning Nil.
    [1286] <engine-1>[GdPAI] ObjectRef(1382643928884): object was freed before callback; returning Nil.
    [1287] <engine-1>[GdPAI] ObjectRef(1382157389614): object was freed before callback; returning Nil.
    [1288] <engine-1>[GdPAI] ObjectRef(1382157389614): object was freed before callback; returning Nil.
    [1289] <engine-1>[GdPAI] ObjectRef(124621163998): object was freed before callback; returning Nil.
    [1290] <engine-1>[GdPAI] ObjectRef(1382643928884): object was freed before callback; returning Nil.
    [1291] <engine-1>[GdPAI] ObjectRef(1382157389614): object was freed before callback; returning Nil.
    [1292] <engine-1>[GdPAI] ObjectRef(1382157389614): object was freed before callback; returning Nil.
    [1293] <engine-1>[GdPAI] ObjectRef(124621163998): object was freed before callback; returning Nil.
    [1294] <engine-1>[GdPAI] ObjectRef(1382643928884): object was freed before callback; returning Nil.
    [1295] <engine-1>[GdPAI] ObjectRef(1382157389614): object was freed before callback; returning Nil.
    [1296] <engine-1>[GdPAI] ObjectRef(1382157389614): object was freed before callback; returning Nil.
    [1297] <engine-1>[GdPAI] ObjectRef(124621163998): object was freed before callback; returning Nil.
    [1298] <engine-1>[GdPAI] ObjectRef(1382643928884): object was freed before callback; returning Nil.
    [1299] <engine-1>[GdPAI] ObjectRef(1382157389614): object was freed before callback; returning Nil.
    [1300] <engine-1>[GdPAI] ObjectRef(1382157389614): object was freed before callback; returning Nil.
    [1301] <engine-1>[GdPAI] ObjectRef(124621163998): object was freed before callback; returning Nil.
    [1302] <engine-1>[GdPAI] ObjectRef(1382643928884): object was freed before callback; returning Nil.
    [1303] <engine-1>[GdPAI] ObjectRef(124621163998): object was freed before callback; returning Nil.
    [1304] <engine-1>[GdPAI] ObjectRef(1382643928884): object was freed before callback; returning Nil.
    [1305] <engine-1>[GdPAI] ObjectRef(124621163998): object was freed before callback; returning Nil.
    [1306] <engine-1>[GdPAI] ObjectRef(1382643928884): object was freed before callback; returning Nil.
    [1307] <engine-1>[GdPAI] ObjectRef(1382643928884): object was freed before callback; returning Nil.
    [1308] <engine-1>[GdPAI] ObjectRef(124621163998): object was freed before callback; returning Nil.
    [1309] <engine-1>[GdPAI] ObjectRef(1382643928884): object was freed before callback; returning Nil.
    [1310] <engine-1>[GdPAI] ObjectRef(1382643928884): object was freed before callback; returning Nil.
    [1311] <engine-1>[GdPAI] ObjectRef(124621163998): object was freed before callback; returning Nil.
    [1312] <engine-1>[GdPAI] ObjectRef(1382643928884): object was freed before callback; returning Nil.
    [1313] <engine-1>[GdPAI] ObjectRef(124621163998): object was freed before callback; returning Nil.
    [1314] <engine-1>[GdPAI] ObjectRef(124621163998): object was freed before callback; returning Nil.
    [1315] <engine-1>[GdPAI] ObjectRef(1382643928884): object was freed before callback; returning Nil.
    [1316] <engine-1>[GdPAI] ObjectRef(124621163998): object was freed before callback; returning Nil.
    [1317] <engine-1>[GdPAI] ObjectRef(124621163998): object was freed before callback; returning Nil.
    [1318] <engine-1>[GdPAI] ObjectRef(1382643928884): object was freed before callback; returning Nil.
    [1319] <engine-1>[GdPAI] ObjectRef(1382157389614): object was freed before callback; returning Nil.
    [1320] <engine-1>[GdPAI] ObjectRef(1382157389614): object was freed before callback; returning Nil.
    [1321] <engine-1>[GdPAI] ObjectRef(124621163998): object was freed before callback; returning Nil.
    [1322] <engine-1>[GdPAI] ObjectRef(1382643928884): object was freed before callback; returning Nil.
    [1323] <engine-1>[GdPAI] ObjectRef(1382157389614): object was freed before callback; returning Nil.
    [1324] <engine-1>[GdPAI] ObjectRef(1382157389614): object was freed before callback; returning Nil.
    [1325] <engine-1>[GdPAI] ObjectRef(124621163998): object was freed before callback; returning Nil.
    [1326] <engine-1>[GdPAI] ObjectRef(1382643928884): object was freed before callback; returning Nil.
    [1327] <engine-1>[GdPAI] ObjectRef(1382157389614): object was freed before callback; returning Nil.
    [1328] <engine-1>[GdPAI] ObjectRef(1382157389614): object was freed before callback; returning Nil.
    [1329] <engine-1>[GdPAI] ObjectRef(124621163998): object was freed before callback; returning Nil.
    [1330] <engine-1>[GdPAI] ObjectRef(1382643928884): object was freed before callback; returning Nil.
    [1331] <engine-1>[GdPAI] ObjectRef(1382157389614): object was freed before callback; returning Nil.
    [1332] <engine-1>[GdPAI] ObjectRef(1382157389614): object was freed before callback; returning Nil.
    [1333] <engine-1>[GdPAI] ObjectRef(124621163998): object was freed before callback; returning Nil.
    [1334] <engine-1>[GdPAI] ObjectRef(1382643928884): object was freed before callback; returning Nil.
    [1335] <engine-1>[GdPAI] ObjectRef(124621163998): object was freed before callback; returning Nil.
    [1336] <engine-1>[GdPAI] ObjectRef(1382643928884): object was freed before callback; returning Nil.
    [1337] <engine-1>[GdPAI] ObjectRef(124621163998): object was freed before callback; returning Nil.
    [1338] <engine-1>[GdPAI] ObjectRef(1382643928884): object was freed before callback; returning Nil.
    [1339] <engine-1>[GdPAI] ObjectRef(1382643928884): object was freed before callback; returning Nil.
    [1340] <engine-1>[GdPAI] ObjectRef(124621163998): object was freed before callback; returning Nil.
    [1341] <engine-1>[GdPAI] ObjectRef(1382643928884): object was freed before callback; returning Nil.
    [1342] <engine-1>[GdPAI] ObjectRef(1382643928884): object was freed before callback; returning Nil.
    [1343] <engine-1>[GdPAI] ObjectRef(124621163998): object was freed before callback; returning Nil.
    [1344] <engine-1>[GdPAI] ObjectRef(1382643928884): object was freed before callback; returning Nil.
    [1345] <engine-1>[GdPAI] ObjectRef(124621163998): object was freed before callback; returning Nil.
    [1346] <engine-1>[GdPAI] ObjectRef(1382643928884): object was freed before callback; returning Nil.
    [1347] <engine-1>[GdPAI] ObjectRef(124621163998): object was freed before callback; returning Nil.
    [1348] <engine-1>[GdPAI] ObjectRef(1382643928884): object was freed before callback; returning Nil.
    [1349] <engine-1>[GdPAI] ObjectRef(1382157389614): object was freed before callback; returning Nil.
    [1350] <engine-1>[GdPAI] ObjectRef(1382157389614): object was freed before callback; returning Nil.
    [1351] <engine-1>[GdPAI] ObjectRef(124621163998): object was freed before callback; returning Nil.
    [1352] <engine-1>[GdPAI] ObjectRef(124621163998): object was freed before callback; returning Nil.
    [1353] <engine-1>[GdPAI] ObjectRef(1382643928884): object was freed before callback; returning Nil.
    [1354] <engine-1>[GdPAI] ObjectRef(1382157389614): object was freed before callback; returning Nil.
    [1355] <engine-1>[GdPAI] ObjectRef(1382157389614): object was freed before callback; returning Nil.
    [1356] <engine-1>[GdPAI] ObjectRef(124621163998): object was freed before callback; returning Nil.
    [1357] <engine-1>[GdPAI] ObjectRef(124621163998): object was freed before callback; returning Nil.
    [1358] <engine-1>[GdPAI] ObjectRef(1382643928884): object was freed before callback; returning Nil.
    [1359] <engine-1>[GdPAI] ObjectRef(1382157389614): object was freed before callback; returning Nil.
    [1360] <engine-1>[GdPAI] ObjectRef(1382157389614): object was freed before callback; returning Nil.
    [1361] <engine-1>[GdPAI] ObjectRef(124621163998): object was freed before callback; returning Nil.
    [1362] <engine-1>[GdPAI] ObjectRef(1382643928884): object was freed before callback; returning Nil.
    [1363] <engine-1>[GdPAI] ObjectRef(1382157389614): object was freed before callback; returning Nil.
    [1364] <engine-1>[GdPAI] ObjectRef(1382157389614): object was freed before callback; returning Nil.
    [1365] <engine-1>[GdPAI] ObjectRef(124621163998): object was freed before callback; returning Nil.
    [1366] <engine-1>[GdPAI] ObjectRef(1382643928884): object was freed before callback; returning Nil.
    [1367] <engine-1>[GdPAI] ObjectRef(124621163998): object was freed before callback; returning Nil.
    [1368] <engine-1>[GdPAI] ObjectRef(1382643928884): object was freed before callback; returning Nil.
    [1369] <engine-1>[GdPAI] ObjectRef(124621163998): object was freed before callback; returning Nil.
    [1370] <engine-1>[GdPAI] ObjectRef(1382643928884): object was freed before callback; returning Nil.
    [1371] <engine-1>[GdPAI] ObjectRef(1382643928884): object was freed before callback; returning Nil.
    [1372] <engine-1>[GdPAI] ObjectRef(124621163998): object was freed before callback; returning Nil.
    [1373] <engine-1>[GdPAI] ObjectRef(1382643928884): object was freed before callback; returning Nil.
    [1374] <engine-1>[GdPAI] ObjectRef(1382643928884): object was freed before callback; returning Nil.
    [1375] <engine-1>[GdPAI] ObjectRef(124621163998): object was freed before callback; returning Nil.
    [1376] <engine-1>[GdPAI] ObjectRef(1382643928884): object was freed before callback; returning Nil.
    [1377] <engine-1>[GdPAI] ObjectRef(124621163998): object was freed before callback; returning Nil.
    [1378] <engine-1>[GdPAI] ObjectRef(1382643928884): object was freed before callback; returning Nil.
    [1379] <engine-1>[GdPAI] ObjectRef(124621163998): object was freed before callback; returning Nil.
    [1380] <engine-1>[GdPAI] ObjectRef(1382643928884): object was freed before callback; returning Nil.
    [1381] <engine-1>[GdPAI] ObjectRef(1382157389614): object was freed before callback; returning Nil.
    [1382] <engine-1>[GdPAI] ObjectRef(1382157389614): object was freed before callback; returning Nil.
    [1383] <engine-1>[GdPAI] ObjectRef(124621163998): object was freed before callback; returning Nil.
    [1384] <engine-1>[GdPAI] ObjectRef(1382643928884): object was freed before callback; returning Nil.
    [1385] <engine-1>[GdPAI] ObjectRef(1382157389614): object was freed before callback; returning Nil.
    [1386] <engine-1>[GdPAI] ObjectRef(1382157389614): object was freed before callback; returning Nil.
    [1387] <engine-1>[GdPAI] ObjectRef(124621163998): object was freed before callback; returning Nil.
    [1388] <engine-1>[GdPAI] ObjectRef(1382643928884): object was freed before callback; returning Nil.
    [1389] <engine-1>[GdPAI] ObjectRef(1382157389614): object was freed before callback; returning Nil.
    [1390] <engine-1>[GdPAI] ObjectRef(1382157389614): object was freed before callback; returning Nil.
    [1391] <engine-1>[GdPAI] ObjectRef(124621163998): object was freed before callback; returning Nil.
    [1392] <engine-1>[GdPAI] ObjectRef(124621163998): object was freed before callback; returning Nil.
    [1393] <engine-1>[GdPAI] ObjectRef(1382643928884): object was freed before callback; returning Nil.
    [1394] <engine-1>[GdPAI] ObjectRef(1382157389614): object was freed before callback; returning Nil.
    [1395] <engine-1>[GdPAI] ObjectRef(1382157389614): object was freed before callback; returning Nil.
    [1396] <engine-1>[GdPAI] ObjectRef(124621163998): object was freed before callback; returning Nil.
    [1397] <engine-1>[GdPAI] ObjectRef(124621163998): object was freed before callback; returning Nil.
    [1398] <engine-1>[GdPAI] ObjectRef(1382643928884): object was freed before callback; returning Nil.
    [1399] <engine-1>[GdPAI] ObjectRef(124621163998): object was freed before callback; returning Nil.
    [1400] <engine-1>[GdPAI] ObjectRef(1382643928884): object was freed before callback; returning Nil.
    [1401] <engine-1>[GdPAI] ObjectRef(124621163998): object was freed before callback; returning Nil.
    [1402] <engine-1>[GdPAI] ObjectRef(1382643928884): object was freed before callback; returning Nil.
    [1403] <engine-1>[GdPAI] ObjectRef(1382643928884): object was freed before callback; returning Nil.
    [1404] <engine-1>[GdPAI] ObjectRef(124621163998): object was freed before callback; returning Nil.
    [1405] <engine-1>[GdPAI] ObjectRef(1382643928884): object was freed before callback; returning Nil.
    [1406] <engine-1>[GdPAI] ObjectRef(1382643928884): object was freed before callback; returning Nil.
    [1407] <engine-1>[GdPAI] ObjectRef(124621163998): object was freed before callback; returning Nil.
    [1408] <engine-1>[GdPAI] ObjectRef(1382643928884): object was freed before callback; returning Nil.
    [1409] <engine-1>[GdPAI] ObjectRef(1382643928884): object was freed before callback; returning Nil.
    [1410] <engine-1>[GdPAI] ObjectRef(124621163998): object was freed before callback; returning Nil.
    [1411] <engine-1>[GdPAI] ObjectRef(1382643928884): object was freed before callback; returning Nil.
    [1412] <engine-1>[GdPAI] ObjectRef(1382643928884): object was freed before callback; returning Nil.
    [1413] <engine-1>[GdPAI] ObjectRef(124621163998): object was freed before callback; returning Nil.
    [1414] <engine-1>[GdPAI] ObjectRef(1382643928884): object was freed before callback; returning Nil.
    [1415] <engine-1>[GdPAI] ObjectRef(1382643928884): object was freed before callback; returning Nil.
    [1416] <engine-1>[GdPAI] ObjectRef(124621163998): object was freed before callback; returning Nil.
    [1417] <engine-1>[GdPAI] ObjectRef(1382643928884): object was freed before callback; returning Nil.
    [1418] <engine-1>[GdPAI] ObjectRef(1382643928884): object was freed before callback; returning Nil.
    [1419] <engine-1>[GdPAI] ObjectRef(124621163998): object was freed before callback; returning Nil.
    [1420] <engine-1>[GdPAI] ObjectRef(1382643928884): object was freed before callback; returning Nil.
    [1421] <engine-1>[GdPAI] ObjectRef(1382643928884): object was freed before callback; returning Nil.
    [1422] <engine-1>[GdPAI] ObjectRef(124621163998): object was freed before callback; returning Nil.
    [1423] <engine-1>[GdPAI] ObjectRef(1382643928884): object was freed before callback; returning Nil.
    [1424] <engine-1>[GdPAI] ObjectRef(1382643928884): object was freed before callback; returning Nil.
    [1425] <engine-1>[GdPAI] ObjectRef(124621163998): object was freed before callback; returning Nil.
    [1426] <engine-1>[GdPAI] ObjectRef(1382643928884): object was freed before callback; returning Nil.
    [1427] <engine-1>[GdPAI] ObjectRef(1382643928884): object was freed before callback; returning Nil.
    [1428] <engine-1>[GdPAI] ObjectRef(124621163998): object was freed before callback; returning Nil.
    [1429] <engine-1>[GdPAI] ObjectRef(124621163998): object was freed before callback; returning Nil.
    [1430] <engine-1>[GdPAI] ObjectRef(1382643928884): object was freed before callback; returning Nil.
    [1431] <engine-1>[GdPAI] ObjectRef(1382643928884): object was freed before callback; returning Nil.
    [1432] <engine-1>[GdPAI] ObjectRef(124621163998): object was freed before callback; returning Nil.
    [1433] <engine-1>[GdPAI] ObjectRef(124621163998): object was freed before callback; returning Nil.
    [1434] <engine-1>[GdPAI] ObjectRef(1382643928884): object was freed before callback; returning Nil.
    [1435] <engine-1>[GdPAI] ObjectRef(1382643928884): object was freed before callback; returning Nil.
    [1436] <engine-1>[GdPAI] ObjectRef(124621163998): object was freed before callback; returning Nil.
    [1437] <engine-1>[GdPAI] ObjectRef(124621163998): object was freed before callback; returning Nil.
    [1438] <engine-1>[GdPAI] ObjectRef(1382643928884): object was freed before callback; returning Nil.
    [1439] <engine-1>[GdPAI] ObjectRef(1382643928884): object was freed before callback; returning Nil.
    [1440] <engine-1>[GdPAI] ObjectRef(124621163998): object was freed before callback; returning Nil.
    [1441] <engine-1>[GdPAI] ObjectRef(124621163998): object was freed before callback; returning Nil.
    [1442] <engine-1>[GdPAI] ObjectRef(1382643928884): object was freed before callback; returning Nil.
    [1443] <engine-1>[GdPAI] ObjectRef(1382643928884): object was freed before callback; returning Nil.
    [1444] <engine-1>[GdPAI] ObjectRef(124621163998): object was freed before callback; returning Nil.
    [1445] <engine-1>[GdPAI] ObjectRef(124621163998): object was freed before callback; returning Nil.
    [1446] <engine-1>[GdPAI] ObjectRef(1382643928884): object was freed before callback; returning Nil.
    [1447] <engine-1>[GdPAI] ObjectRef(1382643928884): object was freed before callback; returning Nil.
    [1448] <engine-1>[GdPAI] ObjectRef(124621163998): object was freed before callback; returning Nil.
    [1449] <engine-1>[GdPAI] ObjectRef(124621163998): object was freed before callback; returning Nil.
    [1450] <engine-1>[GdPAI] ObjectRef(1382643928884): object was freed before callback; returning Nil.
    [1451] <engine-1>[GdPAI] ObjectRef(1382643928884): object was freed before callback; returning Nil.
    [1452] <engine-1>[GdPAI] ObjectRef(124621163998): object was freed before callback; returning Nil.
    [1453] <engine-1>[GdPAI] ObjectRef(124621163998): object was freed before callback; returning Nil.
    [1454] <engine-1>[GdPAI] ObjectRef(1382643928884): object was freed before callback; returning Nil.
    [1455] <engine-1>[GdPAI] ObjectRef(1382643928884): object was freed before callback; returning Nil.
    [1456] <engine-1>[GdPAI] ObjectRef(124621163998): object was freed before callback; returning Nil.
    [1457] <engine-1>[GdPAI] ObjectRef(124621163998): object was freed before callback; returning Nil.
    [1458] <engine-1>[GdPAI] ObjectRef(1382643928884): object was freed before callback; returning Nil.
    [1459] <engine-1>[GdPAI] ObjectRef(1382643928884): object was freed before callback; returning Nil.
    [1460] <engine-1>[GdPAI] ObjectRef(124621163998): object was freed before callback; returning Nil.
    [1461] <engine-1>[GdPAI] ObjectRef(124621163998): object was freed before callback; returning Nil.
    [1462] <engine-1>[GdPAI] ObjectRef(1382643928884): object was freed before callback; returning Nil.
    [1463] <engine-1>[GdPAI] ObjectRef(1382643928884): object was freed before callback; returning Nil.
    [1464] <engine-1>[GdPAI] ObjectRef(124621163998): object was freed before callback; returning Nil.
    [1465] <engine-1>[GdPAI] ObjectRef(124621163998): object was freed before callback; returning Nil.
    [1466] <engine-1>[GdPAI] ObjectRef(1382643928884): object was freed before callback; returning Nil.
    [1467] <engine-1>[GdPAI] ObjectRef(1382643928884): object was freed before callback; returning Nil.
    [1468] <engine-1>[GdPAI] ObjectRef(124621163998): object was freed before callback; returning Nil.
    [1469] <engine-1>[GdPAI] ObjectRef(124621163998): object was freed before callback; returning Nil.
    [1470] <engine-1>[GdPAI] ObjectRef(1382643928884): object was freed before callback; returning Nil.
    [1471] <engine-1>[GdPAI] ObjectRef(1382643928884): object was freed before callback; returning Nil.
    [1472] <engine-1>[GdPAI] ObjectRef(124621163998): object was freed before callback; returning Nil.
    [1473] <engine-1>[GdPAI] ObjectRef(124621163998): object was freed before callback; returning Nil.
    [1474] <engine-1>[GdPAI] ObjectRef(1382643928884): object was freed before callback; returning Nil.
    [1475] <engine-1>[GdPAI] ObjectRef(1382643928884): object was freed before callback; returning Nil.
    [1476] <engine-1>[GdPAI] ObjectRef(124621163998): object was freed before callback; returning Nil.
    [1477] <engine-1>[GdPAI] ObjectRef(124621163998): object was freed before callback; returning Nil.
    [1478] <engine-1>[GdPAI] ObjectRef(1382643928884): object was freed before callback; returning Nil.
    [1479] <engine-1>[GdPAI] ObjectRef(1382643928884): object was freed before callback; returning Nil.
    [1480] <engine-1>[GdPAI] ObjectRef(124621163998): object was freed before callback; returning Nil.
    [1481] <engine-1>[GdPAI] ObjectRef(124621163998): object was freed before callback; returning Nil.
    [1482] <engine-1>[GdPAI] ObjectRef(1382643928884): object was freed before callback; returning Nil.
    [1483] <engine-1>[GdPAI] ObjectRef(1382643928884): object was freed before callback; returning Nil.
    [1484] <engine-1>[GdPAI] ObjectRef(124621163998): object was freed before callback; returning Nil.
    [1485] <engine-1>[GdPAI] ObjectRef(124621163998): object was freed before callback; returning Nil.
    [1486] <engine-1>[GdPAI] ObjectRef(1382643928884): object was freed before callback; returning Nil.
    [1487] <engine-1>[GdPAI] ObjectRef(1382643928884): object was freed before callback; returning Nil.
    [1488] <engine-1>[GdPAI] ObjectRef(124621163998): object was freed before callback; returning Nil.
    [1489] <engine-1>[GdPAI] ObjectRef(124621163998): object was freed before callback; returning Nil.
    [1490] <engine-1>[GdPAI] ObjectRef(1382643928884): object was freed before callback; returning Nil.
    [1491] <engine-1>[GdPAI] ObjectRef(1382643928884): object was freed before callback; returning Nil.
    [1492] <engine-1>[GdPAI] ObjectRef(124621163998): object was freed before callback; returning Nil.
    [1493] <engine-1>[GdPAI] ObjectRef(124621163998): object was freed before callback; returning Nil.
    [1494] <engine-1>[GdPAI] ObjectRef(1382643928884): object was freed before callback; returning Nil.
    [1495] <engine-1>[GdPAI] ObjectRef(1382643928884): object was freed before callback; returning Nil.
    [1496] <engine-1>[GdPAI] ObjectRef(124621163998): object was freed before callback; returning Nil.
    [1497] <engine-1>[GdPAI] ObjectRef(124621163998): object was freed before callback; returning Nil.
    [1498] <engine-1>[GdPAI] ObjectRef(1382643928884): object was freed before callback; returning Nil.
    [1499] <engine-1>[GdPAI] ObjectRef(1382643928884): object was freed before callback; returning Nil.
    [1500] <engine-1>[GdPAI] ObjectRef(1382308384561): object was freed before callback; returning Nil.
    [1501] <engine-1>[GdPAI] ObjectRef(1383499573091): object was freed before callback; returning Nil.
    [1502] <engine-1>[GdPAI] ObjectRef(1382308384561): object was freed before callback; returning Nil.
    [1503] <engine-1>[GdPAI] ObjectRef(1383499573091): object was freed before callback; returning Nil.
    [1504] <engine-1>[GdPAI] ObjectRef(124621163998): object was freed before callback; returning Nil.
    [1505] <engine-1>[GdPAI] ObjectRef(124621163998): object was freed before callback; returning Nil.
    [1506] <engine-1>[GdPAI] ObjectRef(1382643928884): object was freed before callback; returning Nil.
    [1507] <engine-1>[GdPAI] ObjectRef(1382643928884): object was freed before callback; returning Nil.
    [1508] <engine-1>[GdPAI] ObjectRef(1382308384561): object was freed before callback; returning Nil.
    [1509] <engine-1>[GdPAI] ObjectRef(1383499573091): object was freed before callback; returning Nil.
    [1510] <engine-1>[GdPAI] ObjectRef(1382308384561): object was freed before callback; returning Nil.
    [1511] <engine-1>[GdPAI] ObjectRef(1383499573091): object was freed before callback; returning Nil.
    [1512] <engine-1>[GdPAI] ObjectRef(124621163998): object was freed before callback; returning Nil.
    [1513] <engine-1>[GdPAI] ObjectRef(124621163998): object was freed before callback; returning Nil.
    [1514] <engine-1>[GdPAI] ObjectRef(1382643928884): object was freed before callback; returning Nil.
    [1515] <engine-1>[GdPAI] ObjectRef(1383499573091): object was freed before callback; returning Nil.
    [1516] <engine-1>[GdPAI] ObjectRef(1383499573091): object was freed before callback; returning Nil.
    [1517] <engine-1>[GdPAI] ObjectRef(124621163998): object was freed before callback; returning Nil.
    [1518] <engine-1>[GdPAI] ObjectRef(124621163998): object was freed before callback; returning Nil.
    [1519] <engine-1>[GdPAI] ObjectRef(1382643928884): object was freed before callback; returning Nil.
    [1520] <engine-1>[GdPAI] ObjectRef(1383499573091): object was freed before callback; returning Nil.
    [1521] <engine-1>[GdPAI] ObjectRef(1383499573091): object was freed before callback; returning Nil.
    [1522] <engine-1>[GdPAI] ObjectRef(124621163998): object was freed before callback; returning Nil.
    [1523] <engine-1>[GdPAI] ObjectRef(124621163998): object was freed before callback; returning Nil.
    [1524] <engine-1>[GdPAI] ObjectRef(1382643928884): object was freed before callback; returning Nil.
    [1525] <engine-1>[GdPAI] ObjectRef(1382308384561): object was freed before callback; returning Nil.
    [1526] <engine-1>[GdPAI] ObjectRef(1382308384561): object was freed before callback; returning Nil.
    [1527] <engine-1>[GdPAI] ObjectRef(124621163998): object was freed before callback; returning Nil.
    [1528] <engine-1>[GdPAI] ObjectRef(124621163998): object was freed before callback; returning Nil.
    [1529] <engine-1>[GdPAI] ObjectRef(1382643928884): object was freed before callback; returning Nil.
    [1530] <engine-1>[GdPAI] ObjectRef(1382308384561): object was freed before callback; returning Nil.
    [1531] <engine-1>[GdPAI] ObjectRef(1382308384561): object was freed before callback; returning Nil.
    [1532] <engine-1>[GdPAI] ObjectRef(124621163998): object was freed before callback; returning Nil.
    [1533] <engine-1>[GdPAI] ObjectRef(124621163998): object was freed before callback; returning Nil.
    [1534] <engine-1>[GdPAI] ObjectRef(1382643928884): object was freed before callback; returning Nil.
    [1535] <engine-1>[GdPAI] ObjectRef(124621163998): object was freed before callback; returning Nil.
    [1536] <engine-1>[GdPAI] ObjectRef(124621163998): object was freed before callback; returning Nil.
    [1537] <engine-1>[GdPAI] ObjectRef(1382643928884): object was freed before callback; returning Nil.
    [1538] <engine-1>[GdPAI] ObjectRef(124621163998): object was freed before callback; returning Nil.
    [1539] <engine-1>[GdPAI] ObjectRef(124621163998): object was freed before callback; returning Nil.
    [1540] <engine-1>[GdPAI] ObjectRef(1382643928884): object was freed before callback; returning Nil.
    [1541] <engine-1>[GdPAI] ObjectRef(1382643928884): object was freed before callback; returning Nil.
    [1542] <engine-1>[GdPAI] ObjectRef(124621163998): object was freed before callback; returning Nil.
    [1543] <engine-1>[GdPAI] ObjectRef(124621163998): object was freed before callback; returning Nil.
    [1544] <engine-1>[GdPAI] ObjectRef(124134624705): object was freed before callback; returning Nil.
    [1545] <engine-1>[GdPAI] ObjectRef(125661351450): object was freed before callback; returning Nil.
    [1546] <engine-1>[GdPAI] ObjectRef(124587609564): object was freed before callback; returning Nil.
    [1547] <engine-1>[GdPAI] ObjectRef(124134624705): object was freed before callback; returning Nil.
    [1548] <engine-1>[GdPAI] ObjectRef(124134624705): object was freed before callback; returning Nil.
    [1549] <engine-1>[GdPAI] ObjectRef(125661351450): object was freed before callback; returning Nil.
    [1550] <engine-1>[GdPAI] ObjectRef(124587609564): object was freed before callback; returning Nil.
    [1551] <engine-1>[GdPAI] ObjectRef(124134624705): object was freed before callback; returning Nil.
    [1552] <engine-1>[GdPAI] ObjectRef(1382643928884): object was freed before callback; returning Nil.
    [1553] <engine-1>[GdPAI] ObjectRef(1382643928884): object was freed before callback; returning Nil.
    [1554] <engine-1>[GdPAI] ObjectRef(124621163998): object was freed before callback; returning Nil.
    [1555] <engine-1>[GdPAI] ObjectRef(124621163998): object was freed before callback; returning Nil.
    [1556] <engine-1>[GdPAI] ObjectRef(124134624705): object was freed before callback; returning Nil.
    [1557] <engine-1>[GdPAI] ObjectRef(125661351450): object was freed before callback; returning Nil.
    [1558] <engine-1>[GdPAI] ObjectRef(124587609564): object was freed before callback; returning Nil.
    [1559] <engine-1>[GdPAI] ObjectRef(124134624705): object was freed before callback; returning Nil.
    [1560] <engine-1>[GdPAI] ObjectRef(124134624705): object was freed before callback; returning Nil.
    [1561] <engine-1>[GdPAI] ObjectRef(125661351450): object was freed before callback; returning Nil.
    [1562] <engine-1>[GdPAI] ObjectRef(124587609564): object was freed before callback; returning Nil.
    [1563] <engine-1>[GdPAI] ObjectRef(124134624705): object was freed before callback; returning Nil.
    [1564] <engine-1>[GdPAI] ObjectRef(1382643928884): object was freed before callback; returning Nil.
    [1565] <engine-1>[GdPAI] ObjectRef(124621163998): object was freed before callback; returning Nil.
    [1566] <engine-1>[GdPAI] ObjectRef(124134624705): object was freed before callback; returning Nil.
    [1567] <engine-1>[GdPAI] ObjectRef(124134624705): object was freed before callback; returning Nil.
    [1568] <engine-1>[GdPAI] ObjectRef(1382643928884): object was freed before callback; returning Nil.
    [1569] <engine-1>[GdPAI] ObjectRef(124621163998): object was freed before callback; returning Nil.
    [1570] <engine-1>[GdPAI] ObjectRef(124134624705): object was freed before callback; returning Nil.
    [1571] <engine-1>[GdPAI] ObjectRef(124134624705): object was freed before callback; returning Nil.
    [1572] <engine-1>[GdPAI] ObjectRef(1382643928884): object was freed before callback; returning Nil.
    [1573] <engine-1>[GdPAI] ObjectRef(124621163998): object was freed before callback; returning Nil.
    [1574] <engine-1>[GdPAI] ObjectRef(124587609564): object was freed before callback; returning Nil.
    [1575] <engine-1>[GdPAI] ObjectRef(124587609564): object was freed before callback; returning Nil.
    [1576] <engine-1>[GdPAI] ObjectRef(1382643928884): object was freed before callback; returning Nil.
    [1577] <engine-1>[GdPAI] ObjectRef(124621163998): object was freed before callback; returning Nil.
    [1578] <engine-1>[GdPAI] ObjectRef(124587609564): object was freed before callback; returning Nil.
    [1579] <engine-1>[GdPAI] ObjectRef(124587609564): object was freed before callback; returning Nil.
    [1580] <engine-1>[GdPAI] ObjectRef(1382643928884): object was freed before callback; returning Nil.
    [1581] <engine-1>[GdPAI] ObjectRef(124621163998): object was freed before callback; returning Nil.
    [1582] <engine-1>[GdPAI] ObjectRef(125661351450): object was freed before callback; returning Nil.
    [1583] <engine-1>[GdPAI] ObjectRef(125661351450): object was freed before callback; returning Nil.
    [1584] <engine-1>[GdPAI] ObjectRef(1382643928884): object was freed before callback; returning Nil.
    [1585] <engine-1>[GdPAI] ObjectRef(124621163998): object was freed before callback; returning Nil.
    [1586] <engine-1>[GdPAI] ObjectRef(125661351450): object was freed before callback; returning Nil.
    [1587] <engine-1>[GdPAI] ObjectRef(125661351450): object was freed before callback; returning Nil.
    [1588] <engine-1>[GdPAI] ObjectRef(1382643928884): object was freed before callback; returning Nil.
    [1589] <engine-1>[GdPAI] ObjectRef(1382643928884): object was freed before callback; returning Nil.
    [1590] <engine-1>[GdPAI] ObjectRef(1382308384561): object was freed before callback; returning Nil.
    [1591] <engine-1>[GdPAI] ObjectRef(1383499573091): object was freed before callback; returning Nil.
    [1592] <engine-1>[GdPAI] ObjectRef(1382308384561): object was freed before callback; returning Nil.
    [1593] <engine-1>[GdPAI] ObjectRef(1383499573091): object was freed before callback; returning Nil.
    [1594] <engine-1>[GdPAI] ObjectRef(124621163998): object was freed before callback; returning Nil.
    [1595] <engine-1>[GdPAI] ObjectRef(124134624705): object was freed before callback; returning Nil.
    [1596] <engine-1>[GdPAI] ObjectRef(124134624705): object was freed before callback; returning Nil.
    [1597] <engine-1>[GdPAI] ObjectRef(1382643928884): object was freed before callback; returning Nil.
    [1598] <engine-1>[GdPAI] ObjectRef(1382643928884): object was freed before callback; returning Nil.
    [1599] <engine-1>[GdPAI] ObjectRef(1382308384561): object was freed before callback; returning Nil.
    [1600] <engine-1>[GdPAI] ObjectRef(1383499573091): object was freed before callback; returning Nil.
    [1601] <engine-1>[GdPAI] ObjectRef(1382308384561): object was freed before callback; returning Nil.
    [1602] <engine-1>[GdPAI] ObjectRef(1383499573091): object was freed before callback; returning Nil.
    [1603] <engine-1>[GdPAI] ObjectRef(124621163998): object was freed before callback; returning Nil.
    [1604] <engine-1>[GdPAI] ObjectRef(124134624705): object was freed before callback; returning Nil.
    [1605] <engine-1>[GdPAI] ObjectRef(124134624705): object was freed before callback; returning Nil.
    [1606] <engine-1>[GdPAI] ObjectRef(1382643928884): object was freed before callback; returning Nil.
    [1607] <engine-1>[GdPAI] ObjectRef(1383499573091): object was freed before callback; returning Nil.
    [1608] <engine-1>[GdPAI] ObjectRef(1383499573091): object was freed before callback; returning Nil.
    [1609] <engine-1>[GdPAI] ObjectRef(124621163998): object was freed before callback; returning Nil.
    [1610] <engine-1>[GdPAI] ObjectRef(1382643928884): object was freed before callback; returning Nil.
    [1611] <engine-1>[GdPAI] ObjectRef(1383499573091): object was freed before callback; returning Nil.
    [1612] <engine-1>[GdPAI] ObjectRef(1383499573091): object was freed before callback; returning Nil.
    [1613] <engine-1>[GdPAI] ObjectRef(124621163998): object was freed before callback; returning Nil.
    [1614] <engine-1>[GdPAI] ObjectRef(1382643928884): object was freed before callback; returning Nil.
    [1615] <engine-1>[GdPAI] ObjectRef(1382308384561): object was freed before callback; returning Nil.
    [1616] <engine-1>[GdPAI] ObjectRef(1382308384561): object was freed before callback; returning Nil.
    [1617] <engine-1>[GdPAI] ObjectRef(124621163998): object was freed before callback; returning Nil.
    [1618] <engine-1>[GdPAI] ObjectRef(124621163998): object was freed before callback; returning Nil.
    [1619] <engine-1>[GdPAI] ObjectRef(1382643928884): object was freed before callback; returning Nil.
    [1620] <engine-1>[GdPAI] ObjectRef(1382308384561): object was freed before callback; returning Nil.
    [1621] <engine-1>[GdPAI] ObjectRef(1382308384561): object was freed before callback; returning Nil.
    [1622] <engine-1>[GdPAI] ObjectRef(124621163998): object was freed before callback; returning Nil.
    [1623] <engine-1>[GdPAI] ObjectRef(124621163998): object was freed before callback; returning Nil.
    [1624] <engine-1>[GdPAI] ObjectRef(1382643928884): object was freed before callback; returning Nil.
    [1625] <engine-1>[GdPAI] ObjectRef(124621163998): object was freed before callback; returning Nil.
    [1626] <engine-1>[GdPAI] ObjectRef(1382643928884): object was freed before callback; returning Nil.
    [1627] <engine-1>[GdPAI] ObjectRef(124621163998): object was freed before callback; returning Nil.
    [1628] <engine-1>[GdPAI] ObjectRef(1382643928884): object was freed before callback; returning Nil.
    [1629] <engine-1>[GdPAI] ObjectRef(1382643928884): object was freed before callback; returning Nil.
    [1630] <engine-1>[GdPAI] ObjectRef(124621163998): object was freed before callback; returning Nil.
    [1631] <engine-1>[GdPAI] ObjectRef(1382643928884): object was freed before callback; returning Nil.
    [1632] <engine-1>[GdPAI] ObjectRef(1382643928884): object was freed before callback; returning Nil.
    [1633] <engine-1>[GdPAI] ObjectRef(124621163998): object was freed before callback; returning Nil.
    [1634] <engine-1>[GdPAI] ObjectRef(1382643928884): object was freed before callback; returning Nil.
    [1635] <engine-1>[GdPAI] ObjectRef(124621163998): object was freed before callback; returning Nil.
    [1636] <engine-1>[GdPAI] ObjectRef(1382643928884): object was freed before callback; returning Nil.
    [1637] <engine-1>[GdPAI] ObjectRef(124621163998): object was freed before callback; returning Nil.
    [1638] <engine-1>[GdPAI] ObjectRef(1382643928884): object was freed before callback; returning Nil.
    [1639] <engine-1>[GdPAI] ObjectRef(124621163998): object was freed before callback; returning Nil.
    [1640] <engine-1>[GdPAI] ObjectRef(1382643928884): object was freed before callback; returning Nil.
    [1641] <engine-1>[GdPAI] ObjectRef(124621163998): object was freed before callback; returning Nil.
    [1642] <engine-1>[GdPAI] ObjectRef(1382643928884): object was freed before callback; returning Nil.
    [1643] <engine-1>[GdPAI] ObjectRef(124621163998): object was freed before callback; returning Nil.
    [1644] <engine-1>[GdPAI] ObjectRef(1382643928884): object was freed before callback; returning Nil.
    [1645] <engine-1>[GdPAI] ObjectRef(124621163998): object was freed before callback; returning Nil.
    [1646] <engine-1>[GdPAI] ObjectRef(1382643928884): object was freed before callback; returning Nil.
    [1647] <engine-1>[GdPAI] ObjectRef(1382643928884): object was freed before callback; returning Nil.
    [1648] <engine-1>[GdPAI] ObjectRef(124621163998): object was freed before callback; returning Nil.
    [1649] <engine-1>[GdPAI] ObjectRef(124621163998): object was freed before callback; returning Nil.
    [1650] <engine-1>[GdPAI] ObjectRef(124134624705): object was freed before callback; returning Nil.
    [1651] <engine-1>[GdPAI] ObjectRef(125661351450): object was freed before callback; returning Nil.
    [1652] <engine-1>[GdPAI] ObjectRef(124587609564): object was freed before callback; returning Nil.
    [1653] <engine-1>[GdPAI] ObjectRef(124134624705): object was freed before callback; returning Nil.
    [1654] <engine-1>[GdPAI] ObjectRef(124134624705): object was freed before callback; returning Nil.
    [1655] <engine-1>[GdPAI] ObjectRef(125661351450): object was freed before callback; returning Nil.
    [1656] <engine-1>[GdPAI] ObjectRef(124587609564): object was freed before callback; returning Nil.
    [1657] <engine-1>[GdPAI] ObjectRef(124134624705): object was freed before callback; returning Nil.
    [1658] <engine-1>[GdPAI] ObjectRef(1382643928884): object was freed before callback; returning Nil.
    [1659] <engine-1>[GdPAI] ObjectRef(1382643928884): object was freed before callback; returning Nil.
    [1660] <engine-1>[GdPAI] ObjectRef(124621163998): object was freed before callback; returning Nil.
    [1661] <engine-1>[GdPAI] ObjectRef(124621163998): object was freed before callback; returning Nil.
    [1662] <engine-1>[GdPAI] ObjectRef(124134624705): object was freed before callback; returning Nil.
    [1663] <engine-1>[GdPAI] ObjectRef(125661351450): object was freed before callback; returning Nil.
    [1664] <engine-1>[GdPAI] ObjectRef(124587609564): object was freed before callback; returning Nil.
    [1665] <engine-1>[GdPAI] ObjectRef(124134624705): object was freed before callback; returning Nil.
    [1666] <engine-1>[GdPAI] ObjectRef(124134624705): object was freed before callback; returning Nil.
    [1667] <engine-1>[GdPAI] ObjectRef(125661351450): object was freed before callback; returning Nil.
    [1668] <engine-1>[GdPAI] ObjectRef(124587609564): object was freed before callback; returning Nil.
    [1669] <engine-1>[GdPAI] ObjectRef(124134624705): object was freed before callback; returning Nil.
    [1670] <engine-1>[GdPAI] ObjectRef(1382643928884): object was freed before callback; returning Nil.
    [1671] <engine-1>[GdPAI] ObjectRef(124621163998): object was freed before callback; returning Nil.
    [1672] <engine-1>[GdPAI] ObjectRef(124134624705): object was freed before callback; returning Nil.
    [1673] <engine-1>[GdPAI] ObjectRef(124134624705): object was freed before callback; returning Nil.
    [1674] <engine-1>[GdPAI] ObjectRef(1382643928884): object was freed before callback; returning Nil.
    [1675] <engine-1>[GdPAI] ObjectRef(124621163998): object was freed before callback; returning Nil.
    [1676] <engine-1>[GdPAI] ObjectRef(124134624705): object was freed before callback; returning Nil.
    [1677] <engine-1>[GdPAI] ObjectRef(124134624705): object was freed before callback; returning Nil.
    [1678] <engine-1>[GdPAI] ObjectRef(1382643928884): object was freed before callback; returning Nil.
    [1679] <engine-1>[GdPAI] ObjectRef(124621163998): object was freed before callback; returning Nil.
    [1680] <engine-1>[GdPAI] ObjectRef(124587609564): object was freed before callback; returning Nil.
    [1681] <engine-1>[GdPAI] ObjectRef(124587609564): object was freed before callback; returning Nil.
    [1682] <engine-1>[GdPAI] ObjectRef(1382643928884): object was freed before callback; returning Nil.
    [1683] <engine-1>[GdPAI] ObjectRef(124621163998): object was freed before callback; returning Nil.
    [1684] <engine-1>[GdPAI] ObjectRef(124587609564): object was freed before callback; returning Nil.
    [1685] <engine-1>[GdPAI] ObjectRef(124587609564): object was freed before callback; returning Nil.
    [1686] <engine-1>[GdPAI] ObjectRef(1382643928884): object was freed before callback; returning Nil.
    [1687] <engine-1>[GdPAI] ObjectRef(124621163998): object was freed before callback; returning Nil.
    [1688] <engine-1>[GdPAI] ObjectRef(125661351450): object was freed before callback; returning Nil.
    [1689] <engine-1>[GdPAI] ObjectRef(125661351450): object was freed before callback; returning Nil.
    [1690] <engine-1>[GdPAI] ObjectRef(1382643928884): object was freed before callback; returning Nil.
    [1691] <engine-1>[GdPAI] ObjectRef(124621163998): object was freed before callback; returning Nil.
    [1692] <engine-1>[GdPAI] ObjectRef(125661351450): object was freed before callback; returning Nil.
    [1693] <engine-1>[GdPAI] ObjectRef(125661351450): object was freed before callback; returning Nil.
    [1694] <engine-1>[GdPAI] ObjectRef(1382643928884): object was freed before callback; returning Nil.
    [1695] <engine-1>[GdPAI] ObjectRef(1382643928884): object was freed before callback; returning Nil.
    [1696] <engine-1>[GdPAI] ObjectRef(124621163998): object was freed before callback; returning Nil.
    [1697] <engine-1>[GdPAI] ObjectRef(124134624705): object was freed before callback; returning Nil.
    [1698] <engine-1>[GdPAI] ObjectRef(124134624705): object was freed before callback; returning Nil.
    [1699] <engine-1>[GdPAI] ObjectRef(1382643928884): object was freed before callback; returning Nil.
    [1700] <engine-1>[GdPAI] ObjectRef(1382643928884): object was freed before callback; returning Nil.
    [1701] <engine-1>[GdPAI] ObjectRef(124621163998): object was freed before callback; returning Nil.
    [1702] <engine-1>[GdPAI] ObjectRef(124134624705): object was freed before callback; returning Nil.
    [1703] <engine-1>[GdPAI] ObjectRef(124134624705): object was freed before callback; returning Nil.
    [1704] <engine-1>[GdPAI] ObjectRef(1382643928884): object was freed before callback; returning Nil.
    [1705] <engine-1>[GdPAI] ObjectRef(124621163998): object was freed before callback; returning Nil.
    [1706] <engine-1>[GdPAI] ObjectRef(1382643928884): object was freed before callback; returning Nil.
    [1707] <engine-1>[GdPAI] ObjectRef(124621163998): object was freed before callback; returning Nil.
    [1708] <engine-1>[GdPAI] ObjectRef(1382643928884): object was freed before callback; returning Nil.
    [1709] <engine-1>[GdPAI] ObjectRef(124621163998): object was freed before callback; returning Nil.
    [1710] <engine-1>[GdPAI] ObjectRef(124621163998): object was freed before callback; returning Nil.
    [1711] <engine-1>[GdPAI] ObjectRef(1382643928884): object was freed before callback; returning Nil.
    [1712] <engine-1>[GdPAI] ObjectRef(124621163998): object was freed before callback; returning Nil.
    [1713] <engine-1>[GdPAI] ObjectRef(124621163998): object was freed before callback; returning Nil.
    [1714] <engine-1>[GdPAI] ObjectRef(1382643928884): object was freed before callback; returning Nil.
    [1715] <engine-1>[GdPAI] ObjectRef(124621163998): object was freed before callback; returning Nil.
    [1716] <engine-1>[GdPAI] ObjectRef(1382643928884): object was freed before callback; returning Nil.
    [1717] <engine-1>[GdPAI] ObjectRef(124621163998): object was freed before callback; returning Nil.
    [1718] <engine-1>[GdPAI] ObjectRef(1382643928884): object was freed before callback; returning Nil.
    [1719] <engine-1>[GdPAI] ObjectRef(1382643928884): object was freed before callback; returning Nil.
    [1720] <engine-1>[GdPAI] ObjectRef(124621163998): object was freed before callback; returning Nil.
    [1721] <engine-1>[GdPAI] ObjectRef(1382643928884): object was freed before callback; returning Nil.
    [1722] <engine-1>[GdPAI] ObjectRef(1382643928884): object was freed before callback; returning Nil.
    [1723] <engine-1>[GdPAI] ObjectRef(124621163998): object was freed before callback; returning Nil.
    [1724] <engine-1>[GdPAI] ObjectRef(1382643928884): object was freed before callback; returning Nil.
    [1725] <engine-1>[GdPAI] ObjectRef(124621163998): object was freed before callback; returning Nil.
    [1726] <engine-1>[GdPAI] ObjectRef(1382643928884): object was freed before callback; returning Nil.
    [1727] <engine-1>[GdPAI] ObjectRef(124621163998): object was freed before callback; returning Nil.
    [1728] <engine-1>[GdPAI] ObjectRef(1382643928884): object was freed before callback; returning Nil.
    [1729] <engine-1>[GdPAI] ObjectRef(124621163998): object was freed before callback; returning Nil.
    [1730] <engine-1>[GdPAI] ObjectRef(1382643928884): object was freed before callback; returning Nil.
    [1731] <engine-1>[GdPAI] ObjectRef(124621163998): object was freed before callback; returning Nil.
    [1732] <engine-1>[GdPAI] ObjectRef(1382643928884): object was freed before callback; returning Nil.
    [1733] <engine-1>[GdPAI] ObjectRef(124621163998): object was freed before callback; returning Nil.
    [1734] <engine-1>[GdPAI] ObjectRef(1382643928884): object was freed before callback; returning Nil.
    [1735] <engine-1>[GdPAI] ObjectRef(124621163998): object was freed before callback; returning Nil.
    [1736] <engine-1>[GdPAI] ObjectRef(1382643928884): object was freed before callback; returning Nil.
    [1737] <engine-1>[GdPAI] ObjectRef(1382643928884): object was freed before callback; returning Nil.
    [1738] <engine-1>[GdPAI] ObjectRef(124621163998): object was freed before callback; returning Nil.
    [1739] <engine-1>[GdPAI] ObjectRef(124621163998): object was freed before callback; returning Nil.
    [1740] <engine-1>[GdPAI] ObjectRef(1382643928884): object was freed before callback; returning Nil.
    [1741] <engine-1>[GdPAI] ObjectRef(1382643928884): object was freed before callback; returning Nil.
    [1742] <engine-1>[GdPAI] ObjectRef(124621163998): object was freed before callback; returning Nil.
    [1743] <engine-1>[GdPAI] ObjectRef(124621163998): object was freed before callback; returning Nil.
    [1744] <engine-1>[GdPAI] ObjectRef(1382643928884): object was freed before callback; returning Nil.
    [1745] <engine-1>[GdPAI] ObjectRef(124621163998): object was freed before callback; returning Nil.
    [1746] <engine-1>[GdPAI] ObjectRef(1382643928884): object was freed before callback; returning Nil.
    [1747] <engine-1>[GdPAI] ObjectRef(124621163998): object was freed before callback; returning Nil.
    [1748] <engine-1>[GdPAI] ObjectRef(1382643928884): object was freed before callback; returning Nil.
    [1749] <engine-1>[GdPAI] ObjectRef(124621163998): object was freed before callback; returning Nil.
    [1750] <engine-1>[GdPAI] ObjectRef(1382643928884): object was freed before callback; returning Nil.
    [1751] <engine-1>[GdPAI] ObjectRef(124621163998): object was freed before callback; returning Nil.
    [1752] <engine-1>[GdPAI] ObjectRef(1382643928884): object was freed before callback; returning Nil.
    [1753] <engine-1>[GdPAI] ObjectRef(124621163998): object was freed before callback; returning Nil.
    [1754] <engine-1>[GdPAI] ObjectRef(1382643928884): object was freed before callback; returning Nil.
    [1755] <engine-1>[GdPAI] ObjectRef(124621163998): object was freed before callback; returning Nil.
    [1756] <engine-1>[GdPAI] ObjectRef(1382643928884): object was freed before callback; returning Nil.
    [1757] <engine-1>[GdPAI] ObjectRef(1382643928884): object was freed before callback; returning Nil.
    [1758] <engine-1>[GdPAI] ObjectRef(124621163998): object was freed before callback; returning Nil.
    [1759] <engine-1>[GdPAI] ObjectRef(1382643928884): object was freed before callback; returning Nil.
    [1760] <engine-1>[GdPAI] ObjectRef(1382643928884): object was freed before callback; returning Nil.
    [1761] <engine-1>[GdPAI] ObjectRef(124621163998): object was freed before callback; returning Nil.
    [1762] <engine-1>[GdPAI] ObjectRef(1382643928884): object was freed before callback; returning Nil.
    [1763] <engine-1>[GdPAI] ObjectRef(1382643928884): object was freed before callback; returning Nil.
    [1764] <engine-1>[GdPAI] ObjectRef(124621163998): object was freed before callback; returning Nil.
    [1765] <engine-1>[GdPAI] ObjectRef(1382643928884): object was freed before callback; returning Nil.
    [1766] <engine-1>[GdPAI] ObjectRef(1382643928884): object was freed before callback; returning Nil.
    [1767] <engine-1>[GdPAI] ObjectRef(124621163998): object was freed before callback; returning Nil.
    [1768] <engine-1>[GdPAI] ObjectRef(1382643928884): object was freed before callback; returning Nil.
    [1769] <engine-1>[GdPAI] ObjectRef(1382643928884): object was freed before callback; returning Nil.
    [1770] <engine-1>[GdPAI] ObjectRef(124621163998): object was freed before callback; returning Nil.
    [1771] <engine-1>[GdPAI] ObjectRef(124621163998): object was freed before callback; returning Nil.
    [1772] <engine-1>[GdPAI] ObjectRef(1382643928884): object was freed before callback; returning Nil.
    [1773] <engine-1>[GdPAI] ObjectRef(1382643928884): object was freed before callback; returning Nil.
    [1774] <engine-1>[GdPAI] ObjectRef(124621163998): object was freed before callback; returning Nil.
    [1775] <engine-1>[GdPAI] ObjectRef(124621163998): object was freed before callback; returning Nil.
    [1776] <engine-1>[GdPAI] ObjectRef(1382643928884): object was freed before callback; returning Nil.
    [1777] <engine-1>[GdPAI] ObjectRef(1382643928884): object was freed before callback; returning Nil.
    [1778] <engine-1>[GdPAI] ObjectRef(124621163998): object was freed before callback; returning Nil.
    [1779] <engine-1>[GdPAI] ObjectRef(1382643928884): object was freed before callback; returning Nil.
    [1780] <engine-1>[GdPAI] ObjectRef(1382643928884): object was freed before callback; returning Nil.
    [1781] <engine-1>[GdPAI] ObjectRef(124621163998): object was freed before callback; returning Nil.
    [1782] <engine-1>[GdPAI] ObjectRef(1382643928884): object was freed before callback; returning Nil.
    [1783] <engine-1>[GdPAI] ObjectRef(1382643928884): object was freed before callback; returning Nil.
    [1784] <engine-1>[GdPAI] ObjectRef(124621163998): object was freed before callback; returning Nil.
    [1785] <engine-1>[GdPAI] ObjectRef(1382643928884): object was freed before callback; returning Nil.
    [1786] <engine-1>[GdPAI] ObjectRef(1382643928884): object was freed before callback; returning Nil.
    [1787] <engine-1>[GdPAI] ObjectRef(124621163998): object was freed before callback; returning Nil.
    [1788] <engine-1>[GdPAI] ObjectRef(1382643928884): object was freed before callback; returning Nil.
    [1789] <engine-1>[GdPAI] ObjectRef(1382643928884): object was freed before callback; returning Nil.
    [1790] <engine-1>[GdPAI] ObjectRef(124621163998): object was freed before callback; returning Nil.
    [1791] <engine-1>[GdPAI] ObjectRef(1382643928884): object was freed before callback; returning Nil.
    [1792] <engine-1>[GdPAI] ObjectRef(1382643928884): object was freed before callback; returning Nil.
    [1793] <engine-1>[GdPAI] ObjectRef(124621163998): object was freed before callback; returning Nil.
    [1794] <engine-1>[GdPAI] ObjectRef(1382643928884): object was freed before callback; returning Nil.
    [1795] <engine-1>[GdPAI] ObjectRef(1382643928884): object was freed before callback; returning Nil.
    [1796] <engine-1>[GdPAI] ObjectRef(124621163998): object was freed before callback; returning Nil.
    [1797] <engine-1>[GdPAI] ObjectRef(1382643928884): object was freed before callback; returning Nil.
    [1798] <engine-1>[GdPAI] ObjectRef(1382643928884): object was freed before callback; returning Nil.
    [1799] <engine-1>[GdPAI] ObjectRef(124621163998): object was freed before callback; returning Nil.
    [1800] <engine-1>[GdPAI] ObjectRef(1382643928884): object was freed before callback; returning Nil.
    [1801] <engine-1>[GdPAI] ObjectRef(1382643928884): object was freed before callback; returning Nil.
    [1802] <engine-1>[GdPAI] ObjectRef(124621163998): object was freed before callback; returning Nil.
    [1803] <engine-1>[GdPAI] ObjectRef(1382643928884): object was freed before callback; returning Nil.
    [1804] <engine-1>[GdPAI] ObjectRef(1382643928884): object was freed before callback; returning Nil.
    [1805] <engine-1>[GdPAI] ObjectRef(124621163998): object was freed before callback; returning Nil.
    [1806] <engine-1>[GdPAI] ObjectRef(1382643928884): object was freed before callback; returning Nil.
    [1807] <engine-1>[GdPAI] ObjectRef(1382643928884): object was freed before callback; returning Nil.
    [1808] <engine-1>[GdPAI] ObjectRef(124621163998): object was freed before callback; returning Nil.
    [1809] <engine-1>[GdPAI] ObjectRef(124621163998): object was freed before callback; returning Nil.
    [1810] <engine-1>[GdPAI] ObjectRef(1382643928884): object was freed before callback; returning Nil.
    [1811] <engine-1>[GdPAI] ObjectRef(1382643928884): object was freed before callback; returning Nil.
    [1812] <engine-1>[GdPAI] ObjectRef(124621163998): object was freed before callback; returning Nil.
    [1813] <engine-1>[GdPAI] ObjectRef(124621163998): object was freed before callback; returning Nil.
    [1814] <engine-1>[GdPAI] ObjectRef(1382643928884): object was freed before callback; returning Nil.
    [1815] <engine-1>[GdPAI] ObjectRef(1382643928884): object was freed before callback; returning Nil.
    [1816] <engine-1>[GdPAI] ObjectRef(124621163998): object was freed before callback; returning Nil.
    [1817] <engine-1>[GdPAI] ObjectRef(1382643928884): object was freed before callback; returning Nil.
    [1818] <engine-1>[GdPAI] ObjectRef(1382643928884): object was freed before callback; returning Nil.
    [1819] <engine-1>[GdPAI] ObjectRef(124621163998): object was freed before callback; returning Nil.
    [1820] <engine-1>[GdPAI] ObjectRef(1382643928884): object was freed before callback; returning Nil.
    [1821] <engine-1>[GdPAI] ObjectRef(1382643928884): object was freed before callback; returning Nil.
    [1822] <engine-1>[GdPAI] ObjectRef(124621163998): object was freed before callback; returning Nil.
    [1823] <engine-1>[GdPAI] ObjectRef(1382643928884): object was freed before callback; returning Nil.
    [1824] <engine-1>[GdPAI] ObjectRef(1382643928884): object was freed before callback; returning Nil.
    [1825] <engine-1>[GdPAI] ObjectRef(124621163998): object was freed before callback; returning Nil.
    [1826] <engine-1>[GdPAI] ObjectRef(1382643928884): object was freed before callback; returning Nil.
    [1827] <engine-1>[GdPAI] ObjectRef(1382643928884): object was freed before callback; returning Nil.
    [1828] <engine-1>[GdPAI] ObjectRef(124621163998): object was freed before callback; returning Nil.
    [1829] <engine-1>[GdPAI] ObjectRef(1382643928884): object was freed before callback; returning Nil.
    [1830] <engine-1>[GdPAI] ObjectRef(1382643928884): object was freed before callback; returning Nil.
    [1831] <engine-1>[GdPAI] ObjectRef(124621163998): object was freed before callback; returning Nil.
    [1832] <engine-1>[GdPAI] ObjectRef(1382643928884): object was freed before callback; returning Nil.
    [1833] <engine-1>[GdPAI] ObjectRef(1382643928884): object was freed before callback; returning Nil.
    [1834] <engine-1>[GdPAI] ObjectRef(124621163998): object was freed before callback; returning Nil.
    [1835] <engine-1>[GdPAI] ObjectRef(1382643928884): object was freed before callback; returning Nil.
    [1836] <engine-1>[GdPAI] ObjectRef(1382643928884): object was freed before callback; returning Nil.
    [1837] <engine-1>[GdPAI] ObjectRef(124621163998): object was freed before callback; returning Nil.
    [1838] <engine-1>[GdPAI] ObjectRef(1382643928884): object was freed before callback; returning Nil.
    [1839] <engine-1>[GdPAI] ObjectRef(1382643928884): object was freed before callback; returning Nil.
    [1840] <engine-1>[GdPAI] ObjectRef(1382157389614): object was freed before callback; returning Nil.
    [1841] <engine-1>[GdPAI] ObjectRef(1383650561484): object was freed before callback; returning Nil.
    [1842] <engine-1>[GdPAI] ObjectRef(1382157389614): object was freed before callback; returning Nil.
    [1843] <engine-1>[GdPAI] ObjectRef(1383650561484): object was freed before callback; returning Nil.
    [1844] <engine-1>[GdPAI] ObjectRef(124621163998): object was freed before callback; returning Nil.
    [1845] <engine-1>[GdPAI] ObjectRef(1382643928884): object was freed before callback; returning Nil.
    [1846] <engine-1>[GdPAI] ObjectRef(1382643928884): object was freed before callback; returning Nil.
    [1847] <engine-1>[GdPAI] ObjectRef(1382157389614): object was freed before callback; returning Nil.
    [1848] <engine-1>[GdPAI] ObjectRef(1383650561484): object was freed before callback; returning Nil.
    [1849] <engine-1>[GdPAI] ObjectRef(1382157389614): object was freed before callback; returning Nil.
    [1850] <engine-1>[GdPAI] ObjectRef(1383650561484): object was freed before callback; returning Nil.
    [1851] <engine-1>[GdPAI] ObjectRef(124621163998): object was freed before callback; returning Nil.
    [1852] <engine-1>[GdPAI] ObjectRef(1382643928884): object was freed before callback; returning Nil.
    [1853] <engine-1>[GdPAI] ObjectRef(1383650561484): object was freed before callback; returning Nil.
    [1854] <engine-1>[GdPAI] ObjectRef(1383650561484): object was freed before callback; returning Nil.
    [1855] <engine-1>[GdPAI] ObjectRef(124621163998): object was freed before callback; returning Nil.
    [1856] <engine-1>[GdPAI] ObjectRef(124621163998): object was freed before callback; returning Nil.
    [1857] <engine-1>[GdPAI] ObjectRef(1382643928884): object was freed before callback; returning Nil.
    [1858] <engine-1>[GdPAI] ObjectRef(1383650561484): object was freed before callback; returning Nil.
    [1859] <engine-1>[GdPAI] ObjectRef(1383650561484): object was freed before callback; returning Nil.
    [1860] <engine-1>[GdPAI] ObjectRef(124621163998): object was freed before callback; returning Nil.
    [1861] <engine-1>[GdPAI] ObjectRef(124621163998): object was freed before callback; returning Nil.
    [1862] <engine-1>[GdPAI] ObjectRef(1382643928884): object was freed before callback; returning Nil.
    [1863] <engine-1>[GdPAI] ObjectRef(1382157389614): object was freed before callback; returning Nil.
    [1864] <engine-1>[GdPAI] ObjectRef(1382157389614): object was freed before callback; returning Nil.
    [1865] <engine-1>[GdPAI] ObjectRef(124621163998): object was freed before callback; returning Nil.
    [1866] <engine-1>[GdPAI] ObjectRef(1382643928884): object was freed before callback; returning Nil.
    [1867] <engine-1>[GdPAI] ObjectRef(1382157389614): object was freed before callback; returning Nil.
    [1868] <engine-1>[GdPAI] ObjectRef(1382157389614): object was freed before callback; returning Nil.
    [1869] <engine-1>[GdPAI] ObjectRef(124621163998): object was freed before callback; returning Nil.
    [1870] <engine-1>[GdPAI] ObjectRef(1382643928884): object was freed before callback; returning Nil.
    [1871] <engine-1>[GdPAI] ObjectRef(124621163998): object was freed before callback; returning Nil.
    [1872] <engine-1>[GdPAI] ObjectRef(1382643928884): object was freed before callback; returning Nil.
    [1873] <engine-1>[GdPAI] ObjectRef(124621163998): object was freed before callback; returning Nil.
    [1874] <engine-1>[GdPAI] ObjectRef(1382643928884): object was freed before callback; returning Nil.
    [1875] <engine-1>[GdPAI] ObjectRef(1382643928884): object was freed before callback; returning Nil.
    [1876] <engine-1>[GdPAI] ObjectRef(124621163998): object was freed before callback; returning Nil.
    [1877] <engine-1>[GdPAI] ObjectRef(1382643928884): object was freed before callback; returning Nil.
    [1878] <engine-1>[GdPAI] ObjectRef(1382643928884): object was freed before callback; returning Nil.
    [1879] <engine-1>[GdPAI] ObjectRef(124621163998): object was freed before callback; returning Nil.
    [1880] <engine-1>[GdPAI] ObjectRef(1382643928884): object was freed before callback; returning Nil.
    [1881] <engine-1>[GdPAI] ObjectRef(124621163998): object was freed before callback; returning Nil.
    [1882] <engine-1>[GdPAI] ObjectRef(1382643928884): object was freed before callback; returning Nil.
    [1883] <engine-1>[GdPAI] ObjectRef(124621163998): object was freed before callback; returning Nil.
    [1884] <engine-1>[GdPAI] ObjectRef(1382643928884): object was freed before callback; returning Nil.
    [1885] <engine-1>[GdPAI] ObjectRef(124621163998): object was freed before callback; returning Nil.
    [1886] <engine-1>[GdPAI] ObjectRef(1382643928884): object was freed before callback; returning Nil.
    [1887] <engine-1>[GdPAI] ObjectRef(124621163998): object was freed before callback; returning Nil.
    [1888] <engine-1>[GdPAI] ObjectRef(1382643928884): object was freed before callback; returning Nil.
    [1889] <engine-1>[GdPAI] ObjectRef(124621163998): object was freed before callback; returning Nil.
    [1890] <engine-1>[GdPAI] ObjectRef(124621163998): object was freed before callback; returning Nil.
    [1891] <engine-1>[GdPAI] ObjectRef(1382643928884): object was freed before callback; returning Nil.
    [1892] <engine-1>[GdPAI] ObjectRef(124621163998): object was freed before callback; returning Nil.
    [1893] <engine-1>[GdPAI] ObjectRef(124621163998): object was freed before callback; returning Nil.
    [1894] <engine-1>[GdPAI] ObjectRef(1382643928884): object was freed before callback; returning Nil.
    [1895] <engine-1>[GdPAI] ObjectRef(1382643928884): object was freed before callback; returning Nil.
    [1896] <engine-1>[GdPAI] ObjectRef(1382157389614): object was freed before callback; returning Nil.
    [1897] <engine-1>[GdPAI] ObjectRef(1383650561484): object was freed before callback; returning Nil.
    [1898] <engine-1>[GdPAI] ObjectRef(1382157389614): object was freed before callback; returning Nil.
    [1899] <engine-1>[GdPAI] ObjectRef(1383650561484): object was freed before callback; returning Nil.
    [1900] <engine-1>[GdPAI] ObjectRef(124621163998): object was freed before callback; returning Nil.
    [1901] <engine-1>[GdPAI] ObjectRef(124621163998): object was freed before callback; returning Nil.
    [1902] <engine-1>[GdPAI] ObjectRef(1382643928884): object was freed before callback; returning Nil.
    [1903] <engine-1>[GdPAI] ObjectRef(1382643928884): object was freed before callback; returning Nil.
    [1904] <engine-1>[GdPAI] ObjectRef(1382157389614): object was freed before callback; returning Nil.
    [1905] <engine-1>[GdPAI] ObjectRef(1383650561484): object was freed before callback; returning Nil.
    [1906] <engine-1>[GdPAI] ObjectRef(1382157389614): object was freed before callback; returning Nil.
    [1907] <engine-1>[GdPAI] ObjectRef(1383650561484): object was freed before callback; returning Nil.
    [1908] <engine-1>[GdPAI] ObjectRef(124621163998): object was freed before callback; returning Nil.
    [1909] <engine-1>[GdPAI] ObjectRef(124621163998): object was freed before callback; returning Nil.
    [1910] <engine-1>[GdPAI] ObjectRef(1382643928884): object was freed before callback; returning Nil.
    [1911] <engine-1>[GdPAI] ObjectRef(1383650561484): object was freed before callback; returning Nil.
    [1912] <engine-1>[GdPAI] ObjectRef(1383650561484): object was freed before callback; returning Nil.
    [1913] <engine-1>[GdPAI] ObjectRef(124621163998): object was freed before callback; returning Nil.
    [1914] <engine-1>[GdPAI] ObjectRef(124621163998): object was freed before callback; returning Nil.
    [1915] <engine-1>[GdPAI] ObjectRef(1382643928884): object was freed before callback; returning Nil.
    [1916] <engine-1>[GdPAI] ObjectRef(1383650561484): object was freed before callback; returning Nil.
    [1917] <engine-1>[GdPAI] ObjectRef(1383650561484): object was freed before callback; returning Nil.
    [1918] <engine-1>[GdPAI] ObjectRef(124621163998): object was freed before callback; returning Nil.
    [1919] <engine-1>[GdPAI] ObjectRef(124621163998): object was freed before callback; returning Nil.
    [1920] <engine-1>[GdPAI] ObjectRef(1382643928884): object was freed before callback; returning Nil.
    [1921] <engine-1>[GdPAI] ObjectRef(1382157389614): object was freed before callback; returning Nil.
    [1922] <engine-1>[GdPAI] ObjectRef(1382157389614): object was freed before callback; returning Nil.
    [1923] <engine-1>[GdPAI] ObjectRef(124621163998): object was freed before callback; returning Nil.
    [1924] <engine-1>[GdPAI] ObjectRef(124621163998): object was freed before callback; returning Nil.
    [1925] <engine-1>[GdPAI] ObjectRef(1382643928884): object was freed before callback; returning Nil.
    [1926] <engine-1>[GdPAI] ObjectRef(1382157389614): object was freed before callback; returning Nil.
    [1927] <engine-1>[GdPAI] ObjectRef(1382157389614): object was freed before callback; returning Nil.
    [1928] <engine-1>[GdPAI] ObjectRef(124621163998): object was freed before callback; returning Nil.
    [1929] <engine-1>[GdPAI] ObjectRef(124621163998): object was freed before callback; returning Nil.
    [1930] <engine-1>[GdPAI] ObjectRef(1382643928884): object was freed before callback; returning Nil.
    [1931] <engine-1>[GdPAI] ObjectRef(124621163998): object was freed before callback; returning Nil.
    [1932] <engine-1>[GdPAI] ObjectRef(124621163998): object was freed before callback; returning Nil.
    [1933] <engine-1>[GdPAI] ObjectRef(124134624705): object was freed before callback; returning Nil.
    [1934] <engine-1>[GdPAI] ObjectRef(125661351450): object was freed before callback; returning Nil.
    [1935] <engine-1>[GdPAI] ObjectRef(124587609564): object was freed before callback; returning Nil.
    [1936] <engine-1>[GdPAI] ObjectRef(124134624705): object was freed before callback; returning Nil.
    [1937] <engine-1>[GdPAI] ObjectRef(125661351450): object was freed before callback; returning Nil.
    [1938] <engine-1>[GdPAI] ObjectRef(124587609564): object was freed before callback; returning Nil.
    [1939] <engine-1>[GdPAI] ObjectRef(1382643928884): object was freed before callback; returning Nil.
    [1940] <engine-1>[GdPAI] ObjectRef(124621163998): object was freed before callback; returning Nil.
    [1941] <engine-1>[GdPAI] ObjectRef(124621163998): object was freed before callback; returning Nil.
    [1942] <engine-1>[GdPAI] ObjectRef(124134624705): object was freed before callback; returning Nil.
    [1943] <engine-1>[GdPAI] ObjectRef(125661351450): object was freed before callback; returning Nil.
    [1944] <engine-1>[GdPAI] ObjectRef(124587609564): object was freed before callback; returning Nil.
    [1945] <engine-1>[GdPAI] ObjectRef(124134624705): object was freed before callback; returning Nil.
    [1946] <engine-1>[GdPAI] ObjectRef(125661351450): object was freed before callback; returning Nil.
    [1947] <engine-1>[GdPAI] ObjectRef(124587609564): object was freed before callback; returning Nil.
    [1948] <engine-1>[GdPAI] ObjectRef(1382643928884): object was freed before callback; returning Nil.
    [1949] <engine-1>[GdPAI] ObjectRef(1382643928884): object was freed before callback; returning Nil.
    [1950] <engine-1>[GdPAI] ObjectRef(124621163998): object was freed before callback; returning Nil.
    [1951] <engine-1>[GdPAI] ObjectRef(1382643928884): object was freed before callback; returning Nil.
    [1952] <engine-1>[GdPAI] ObjectRef(1382643928884): object was freed before callback; returning Nil.
    [1953] <engine-1>[GdPAI] ObjectRef(124621163998): object was freed before callback; returning Nil.
    [1954] <engine-1>[GdPAI] ObjectRef(1382643928884): object was freed before callback; returning Nil.
    [1955] <engine-1>[GdPAI] ObjectRef(124621163998): object was freed before callback; returning Nil.
    [1956] <engine-1>[GdPAI] ObjectRef(124587609564): object was freed before callback; returning Nil.
    [1957] <engine-1>[GdPAI] ObjectRef(124587609564): object was freed before callback; returning Nil.
    [1958] <engine-1>[GdPAI] ObjectRef(1382643928884): object was freed before callback; returning Nil.
    [1959] <engine-1>[GdPAI] ObjectRef(124621163998): object was freed before callback; returning Nil.
    [1960] <engine-1>[GdPAI] ObjectRef(124587609564): object was freed before callback; returning Nil.
    [1961] <engine-1>[GdPAI] ObjectRef(124587609564): object was freed before callback; returning Nil.
    [1962] <engine-1>[GdPAI] ObjectRef(1382643928884): object was freed before callback; returning Nil.
    [1963] <engine-1>[GdPAI] ObjectRef(124621163998): object was freed before callback; returning Nil.
    [1964] <engine-1>[GdPAI] ObjectRef(125661351450): object was freed before callback; returning Nil.
    [1965] <engine-1>[GdPAI] ObjectRef(125661351450): object was freed before callback; returning Nil.
    [1966] <engine-1>[GdPAI] ObjectRef(1382643928884): object was freed before callback; returning Nil.
    [1967] <engine-1>[GdPAI] ObjectRef(124621163998): object was freed before callback; returning Nil.
    [1968] <engine-1>[GdPAI] ObjectRef(125661351450): object was freed before callback; returning Nil.
    [1969] <engine-1>[GdPAI] ObjectRef(125661351450): object was freed before callback; returning Nil.
    [1970] <engine-1>[GdPAI] ObjectRef(1382643928884): object was freed before callback; returning Nil.
    [1971] <engine-1>[GdPAI] ObjectRef(124621163998): object was freed before callback; returning Nil.
    [1972] <engine-1>[GdPAI] ObjectRef(124134624705): object was freed before callback; returning Nil.
    [1973] <engine-1>[GdPAI] ObjectRef(124134624705): object was freed before callback; returning Nil.
    [1974] <engine-1>[GdPAI] ObjectRef(1382643928884): object was freed before callback; returning Nil.
    [1975] <engine-1>[GdPAI] ObjectRef(124621163998): object was freed before callback; returning Nil.
    [1976] <engine-1>[GdPAI] ObjectRef(124134624705): object was freed before callback; returning Nil.
    [1977] <engine-1>[GdPAI] ObjectRef(124134624705): object was freed before callback; returning Nil.
    [1978] <engine-1>[GdPAI] ObjectRef(1382643928884): object was freed before callback; returning Nil.
    [1979] <engine-1>[GdPAI] ObjectRef(1382643928884): object was freed before callback; returning Nil.
    [1980] <engine-1>[GdPAI] ObjectRef(124621163998): object was freed before callback; returning Nil.
    [1981] <engine-1>[GdPAI] ObjectRef(1382643928884): object was freed before callback; returning Nil.
    [1982] <engine-1>[GdPAI] ObjectRef(1382643928884): object was freed before callback; returning Nil.
    [1983] <engine-1>[GdPAI] ObjectRef(124621163998): object was freed before callback; returning Nil.
    [1984] <engine-1>[GdPAI] ObjectRef(1382643928884): object was freed before callback; returning Nil.
    [1985] <engine-1>[GdPAI] ObjectRef(124621163998): object was freed before callback; returning Nil.
    [1986] <engine-1>[GdPAI] ObjectRef(124621163998): object was freed before callback; returning Nil.
    [1987] <engine-1>[GdPAI] ObjectRef(124134624705): object was freed before callback; returning Nil.
    [1988] <engine-1>[GdPAI] ObjectRef(125661351450): object was freed before callback; returning Nil.
    [1989] <engine-1>[GdPAI] ObjectRef(124587609564): object was freed before callback; returning Nil.
    [1990] <engine-1>[GdPAI] ObjectRef(124134624705): object was freed before callback; returning Nil.
    [1991] <engine-1>[GdPAI] ObjectRef(125661351450): object was freed before callback; returning Nil.
    [1992] <engine-1>[GdPAI] ObjectRef(124587609564): object was freed before callback; returning Nil.
    [1993] <engine-1>[GdPAI] ObjectRef(1382643928884): object was freed before callback; returning Nil.
    [1994] <engine-1>[GdPAI] ObjectRef(124621163998): object was freed before callback; returning Nil.
    [1995] <engine-1>[GdPAI] ObjectRef(124621163998): object was freed before callback; returning Nil.
    [1996] <engine-1>[GdPAI] ObjectRef(124134624705): object was freed before callback; returning Nil.
    [1997] <engine-1>[GdPAI] ObjectRef(125661351450): object was freed before callback; returning Nil.
    [1998] <engine-1>[GdPAI] ObjectRef(124587609564): object was freed before callback; returning Nil.
    [1999] <engine-1>[GdPAI] ObjectRef(124134624705): object was freed before callback; returning Nil.
    [2000] <engine-1>[GdPAI] ObjectRef(125661351450): object was freed before callback; returning Nil.
    [2001] <engine-1>[GdPAI] ObjectRef(124587609564): object was freed before callback; returning Nil.
    [2002] <engine-1>[GdPAI] ObjectRef(1382643928884): object was freed before callback; returning Nil.
    [2003] <engine-1>[GdPAI] ObjectRef(124621163998): object was freed before callback; returning Nil.
    [2004] <engine-1>[GdPAI] ObjectRef(1382643928884): object was freed before callback; returning Nil.
    [2005] <engine-1>[GdPAI] ObjectRef(124621163998): object was freed before callback; returning Nil.
    [2006] <engine-1>[GdPAI] ObjectRef(1382643928884): object was freed before callback; returning Nil.
    [2007] <engine-1>[GdPAI] ObjectRef(124621163998): object was freed before callback; returning Nil.
    [2008] <engine-1>[GdPAI] ObjectRef(124587609564): object was freed before callback; returning Nil.
    [2009] <engine-1>[GdPAI] ObjectRef(124587609564): object was freed before callback; returning Nil.
    [2010] <engine-1>[GdPAI] ObjectRef(1382643928884): object was freed before callback; returning Nil.
    [2011] <engine-1>[GdPAI] ObjectRef(124621163998): object was freed before callback; returning Nil.
    [2012] <engine-1>[GdPAI] ObjectRef(124587609564): object was freed before callback; returning Nil.
    [2013] <engine-1>[GdPAI] ObjectRef(124587609564): object was freed before callback; returning Nil.
    [2014] <engine-1>[GdPAI] ObjectRef(1382643928884): object was freed before callback; returning Nil.
    [2015] <engine-1>[GdPAI] ObjectRef(1382643928884): object was freed before callback; returning Nil.
    [2016] <engine-1>[GdPAI] ObjectRef(124621163998): object was freed before callback; returning Nil.
    [2017] <engine-1>[GdPAI] ObjectRef(125661351450): object was freed before callback; returning Nil.
    [2018] <engine-1>[GdPAI] ObjectRef(125661351450): object was freed before callback; returning Nil.
    [2019] <engine-1>[GdPAI] ObjectRef(1382643928884): object was freed before callback; returning Nil.
    [2020] <engine-1>[GdPAI] ObjectRef(1382643928884): object was freed before callback; returning Nil.
    [2021] <engine-1>[GdPAI] ObjectRef(124621163998): object was freed before callback; returning Nil.
    [2022] <engine-1>[GdPAI] ObjectRef(125661351450): object was freed before callback; returning Nil.
    [2023] <engine-1>[GdPAI] ObjectRef(125661351450): object was freed before callback; returning Nil.
    [2024] <engine-1>[GdPAI] ObjectRef(1382643928884): object was freed before callback; returning Nil.
    [2025] <engine-1>[GdPAI] ObjectRef(124621163998): object was freed before callback; returning Nil.
    [2026] <engine-1>[GdPAI] ObjectRef(124134624705): object was freed before callback; returning Nil.
    [2027] <engine-1>[GdPAI] ObjectRef(124134624705): object was freed before callback; returning Nil.
    [2028] <engine-1>[GdPAI] ObjectRef(1382643928884): object was freed before callback; returning Nil.
    [2029] <engine-1>[GdPAI] ObjectRef(124621163998): object was freed before callback; returning Nil.
    [2030] <engine-1>[GdPAI] ObjectRef(124134624705): object was freed before callback; returning Nil.
    [2031] <engine-1>[GdPAI] ObjectRef(124134624705): object was freed before callback; returning Nil.
    [2032] <engine-1>[GdPAI] ObjectRef(1382643928884): object was freed before callback; returning Nil.
    [2033] <engine-1>[GdPAI] ObjectRef(124621163998): object was freed before callback; returning Nil.
    [2034] <engine-1>[GdPAI] ObjectRef(1382643928884): object was freed before callback; returning Nil.
    [2035] <engine-1>[GdPAI] ObjectRef(124621163998): object was freed before callback; returning Nil.
    [2036] <engine-1>[GdPAI] ObjectRef(1382643928884): object was freed before callback; returning Nil.
    [2037] <engine-1>[GdPAI] ObjectRef(124621163998): object was freed before callback; returning Nil.
    [2038] <engine-1>[GdPAI] ObjectRef(124621163998): object was freed before callback; returning Nil.
    [2039] <engine-1>[GdPAI] ObjectRef(1382643928884): object was freed before callback; returning Nil.
    [2040] <engine-1>[GdPAI] ObjectRef(124621163998): object was freed before callback; returning Nil.
    [2041] <engine-1>[GdPAI] ObjectRef(124621163998): object was freed before callback; returning Nil.
    [2042] <engine-1>[GdPAI] ObjectRef(1382643928884): object was freed before callback; returning Nil.
    [2043] <engine-1>[GdPAI] ObjectRef(1382643928884): object was freed before callback; returning Nil.
    [2044] <engine-1>[GdPAI] ObjectRef(124621163998): object was freed before callback; returning Nil.
    [2045] <engine-1>[GdPAI] ObjectRef(124621163998): object was freed before callback; returning Nil.
    [2046] <engine-1>[GdPAI] ObjectRef(1382643928884): object was freed before callback; returning Nil.
    [2047] <engine-1>[GdPAI] ObjectRef(1382643928884): object was freed before callback; returning Nil.
    [2048] <engine-1>[GdPAI] ObjectRef(124621163998): object was freed before callback; returning Nil.
    [2049] <engine-1>[GdPAI] ObjectRef(124621163998): object was freed before callback; returning Nil.
    [2050] <engine-1>[GdPAI] ObjectRef(1382643928884): object was freed before callback; returning Nil.
    [2051] <engine-1>[GdPAI] ObjectRef(124621163998): object was freed before callback; returning Nil.
    [2052] <engine-1>[GdPAI] ObjectRef(124621163998): object was freed before callback; returning Nil.
    [2053] <engine-1>[GdPAI] ObjectRef(1382643928884): object was freed before callback; returning Nil.
    [2054] <engine-1>[GdPAI] ObjectRef(124621163998): object was freed before callback; returning Nil.
    [2055] <engine-1>[GdPAI] ObjectRef(124621163998): object was freed before callback; returning Nil.
    [2056] <engine-1>[GdPAI] ObjectRef(1382643928884): object was freed before callback; returning Nil.
    [2057] <engine-1>[GdPAI] ObjectRef(124621163998): object was freed before callback; returning Nil.
    [2058] <engine-1>[GdPAI] ObjectRef(124621163998): object was freed before callback; returning Nil.
    [2059] <engine-1>[GdPAI] ObjectRef(1382643928884): object was freed before callback; returning Nil.
    [2060] <engine-1>[GdPAI] ObjectRef(124621163998): object was freed before callback; returning Nil.
    [2061] <engine-1>[GdPAI] ObjectRef(124621163998): object was freed before callback; returning Nil.
    [2062] <engine-1>[GdPAI] ObjectRef(1382643928884): object was freed before callback; returning Nil.
    [2063] <engine-1>[GdPAI] ObjectRef(124621163998): object was freed before callback; returning Nil.
    [2064] <engine-1>[GdPAI] ObjectRef(124621163998): object was freed before callback; returning Nil.
    [2065] <engine-1>[GdPAI] ObjectRef(1382643928884): object was freed before callback; returning Nil.
    [2066] <engine-1>[GdPAI] ObjectRef(124621163998): object was freed before callback; returning Nil.
    [2067] <engine-1>[GdPAI] ObjectRef(124621163998): object was freed before callback; returning Nil.
    [2068] <engine-1>[GdPAI] ObjectRef(1382643928884): object was freed before callback; returning Nil.
    [2069] <engine-1>[GdPAI] ObjectRef(1382643928884): object was freed before callback; returning Nil.
    [2070] <engine-1>[GdPAI] ObjectRef(124621163998): object was freed before callback; returning Nil.
    [2071] <engine-1>[GdPAI] ObjectRef(124621163998): object was freed before callback; returning Nil.
    [2072] <engine-1>[GdPAI] ObjectRef(1382643928884): object was freed before callback; returning Nil.
    [2073] <engine-1>[GdPAI] ObjectRef(1382643928884): object was freed before callback; returning Nil.
    [2074] <engine-1>[GdPAI] ObjectRef(124621163998): object was freed before callback; returning Nil.
    [2075] <engine-1>[GdPAI] ObjectRef(124621163998): object was freed before callback; returning Nil.
    [2076] <engine-1>[GdPAI] ObjectRef(1382643928884): object was freed before callback; returning Nil.
    [2077] <engine-1>[GdPAI] ObjectRef(124621163998): object was freed before callback; returning Nil.
    [2078] <engine-1>[GdPAI] ObjectRef(124621163998): object was freed before callback; returning Nil.
    [2079] <engine-1>[GdPAI] ObjectRef(1382643928884): object was freed before callback; returning Nil.
    [2080] <engine-1>[GdPAI] ObjectRef(124621163998): object was freed before callback; returning Nil.
    [2081] <engine-1>[GdPAI] ObjectRef(124621163998): object was freed before callback; returning Nil.
    [2082] <engine-1>[GdPAI] ObjectRef(1382643928884): object was freed before callback; returning Nil.
    [2083] <engine-1>[GdPAI] ObjectRef(124621163998): object was freed before callback; returning Nil.
    [2084] <engine-1>[GdPAI] ObjectRef(124621163998): object was freed before callback; returning Nil.
    [2085] <engine-1>[GdPAI] ObjectRef(1382643928884): object was freed before callback; returning Nil.
    [2086] <engine-1>[GdPAI] ObjectRef(124621163998): object was freed before callback; returning Nil.
    [2087] <engine-1>[GdPAI] ObjectRef(124621163998): object was freed before callback; returning Nil.
    [2088] <engine-1>[GdPAI] ObjectRef(1382643928884): object was freed before callback; returning Nil.
    [2089] <engine-1>[GdPAI] ObjectRef(124621163998): object was freed before callback; returning Nil.
    [2090] <engine-1>[GdPAI] ObjectRef(124621163998): object was freed before callback; returning Nil.
    [2091] <engine-1>[GdPAI] ObjectRef(124134624705): object was freed before callback; returning Nil.
    [2092] <engine-1>[GdPAI] ObjectRef(125661351450): object was freed before callback; returning Nil.
    [2093] <engine-1>[GdPAI] ObjectRef(124587609564): object was freed before callback; returning Nil.
    [2094] <engine-1>[GdPAI] ObjectRef(124134624705): object was freed before callback; returning Nil.
    [2095] <engine-1>[GdPAI] ObjectRef(125661351450): object was freed before callback; returning Nil.
    [2096] <engine-1>[GdPAI] ObjectRef(124587609564): object was freed before callback; returning Nil.
    [2097] <engine-1>[GdPAI] ObjectRef(1382643928884): object was freed before callback; returning Nil.
    [2098] <engine-1>[GdPAI] ObjectRef(124621163998): object was freed before callback; returning Nil.
    [2099] <engine-1>[GdPAI] ObjectRef(124621163998): object was freed before callback; returning Nil.
    [2100] <engine-1>[GdPAI] ObjectRef(124134624705): object was freed before callback; returning Nil.
    [2101] <engine-1>[GdPAI] ObjectRef(125661351450): object was freed before callback; returning Nil.
    [2102] <engine-1>[GdPAI] ObjectRef(124587609564): object was freed before callback; returning Nil.
    [2103] <engine-1>[GdPAI] ObjectRef(124134624705): object was freed before callback; returning Nil.
    [2104] <engine-1>[GdPAI] ObjectRef(125661351450): object was freed before callback; returning Nil.
    [2105] <engine-1>[GdPAI] ObjectRef(124587609564): object was freed before callback; returning Nil.
    [2106] <engine-1>[GdPAI] ObjectRef(1382643928884): object was freed before callback; returning Nil.
    [2107] <engine-1>[GdPAI] ObjectRef(1382643928884): object was freed before callback; returning Nil.
    [2108] <engine-1>[GdPAI] ObjectRef(124621163998): object was freed before callback; returning Nil.
    [2109] <engine-1>[GdPAI] ObjectRef(1382643928884): object was freed before callback; returning Nil.
    [2110] <engine-1>[GdPAI] ObjectRef(1382643928884): object was freed before callback; returning Nil.
    [2111] <engine-1>[GdPAI] ObjectRef(124621163998): object was freed before callback; returning Nil.
    [2112] <engine-1>[GdPAI] ObjectRef(1382643928884): object was freed before callback; returning Nil.
    [2113] <engine-1>[GdPAI] ObjectRef(1382643928884): object was freed before callback; returning Nil.
    [2114] <engine-1>[GdPAI] ObjectRef(124621163998): object was freed before callback; returning Nil.
    [2115] <engine-1>[GdPAI] ObjectRef(124587609564): object was freed before callback; returning Nil.
    [2116] <engine-1>[GdPAI] ObjectRef(124587609564): object was freed before callback; returning Nil.
    [2117] <engine-1>[GdPAI] ObjectRef(1382643928884): object was freed before callback; returning Nil.
    [2118] <engine-1>[GdPAI] ObjectRef(1382643928884): object was freed before callback; returning Nil.
    [2119] <engine-1>[GdPAI] ObjectRef(124621163998): object was freed before callback; returning Nil.
    [2120] <engine-1>[GdPAI] ObjectRef(124587609564): object was freed before callback; returning Nil.
    [2121] <engine-1>[GdPAI] ObjectRef(124587609564): object was freed before callback; returning Nil.
    [2122] <engine-1>[GdPAI] ObjectRef(1382643928884): object was freed before callback; returning Nil.
    [2123] <engine-1>[GdPAI] ObjectRef(1382643928884): object was freed before callback; returning Nil.
    [2124] <engine-1>[GdPAI] ObjectRef(124621163998): object was freed before callback; returning Nil.
    [2125] <engine-1>[GdPAI] ObjectRef(125661351450): object was freed before callback; returning Nil.
    [2126] <engine-1>[GdPAI] ObjectRef(125661351450): object was freed before callback; returning Nil.
    [2127] <engine-1>[GdPAI] ObjectRef(1382643928884): object was freed before callback; returning Nil.
    [2128] <engine-1>[GdPAI] ObjectRef(1382643928884): object was freed before callback; returning Nil.
    [2129] <engine-1>[GdPAI] ObjectRef(124621163998): object was freed before callback; returning Nil.
    [2130] <engine-1>[GdPAI] ObjectRef(125661351450): object was freed before callback; returning Nil.
    [2131] <engine-1>[GdPAI] ObjectRef(125661351450): object was freed before callback; returning Nil.
    [2132] <engine-1>[GdPAI] ObjectRef(1382643928884): object was freed before callback; returning Nil.
    [2133] <engine-1>[GdPAI] ObjectRef(1382643928884): object was freed before callback; returning Nil.
    [2134] <engine-1>[GdPAI] ObjectRef(124621163998): object was freed before callback; returning Nil.
    [2135] <engine-1>[GdPAI] ObjectRef(124134624705): object was freed before callback; returning Nil.
    [2136] <engine-1>[GdPAI] ObjectRef(124134624705): object was freed before callback; returning Nil.
    [2137] <engine-1>[GdPAI] ObjectRef(1382643928884): object was freed before callback; returning Nil.
    [2138] <engine-1>[GdPAI] ObjectRef(1382643928884): object was freed before callback; returning Nil.
    [2139] <engine-1>[GdPAI] ObjectRef(124621163998): object was freed before callback; returning Nil.
    [2140] <engine-1>[GdPAI] ObjectRef(124134624705): object was freed before callback; returning Nil.
    [2141] <engine-1>[GdPAI] ObjectRef(124134624705): object was freed before callback; returning Nil.
    [2142] <engine-1>[GdPAI] ObjectRef(1382643928884): object was freed before callback; returning Nil.
    [2143] <engine-1>[GdPAI] ObjectRef(1382643928884): object was freed before callback; returning Nil.
    [2144] <engine-1>[GdPAI] ObjectRef(124621163998): object was freed before callback; returning Nil.
    [2145] <engine-1>[GdPAI] ObjectRef(1382643928884): object was freed before callback; returning Nil.
    [2146] <engine-1>[GdPAI] ObjectRef(1382643928884): object was freed before callback; returning Nil.
    [2147] <engine-1>[GdPAI] ObjectRef(124621163998): object was freed before callback; returning Nil.
    [2148] <engine-1>[GdPAI] ObjectRef(1382643928884): object was freed before callback; returning Nil.
    [2149] <engine-1>[GdPAI] ObjectRef(1382643928884): object was freed before callback; returning Nil.
    [2150] <engine-1>[GdPAI] ObjectRef(124621163998): object was freed before callback; returning Nil.
    [2151] <engine-1>[GdPAI] ObjectRef(124621163998): object was freed before callback; returning Nil.
    [2152] <engine-1>[GdPAI] ObjectRef(124134624705): object was freed before callback; returning Nil.
    [2153] <engine-1>[GdPAI] ObjectRef(125661351450): object was freed before callback; returning Nil.
    [2154] <engine-1>[GdPAI] ObjectRef(124587609564): object was freed before callback; returning Nil.
    [2155] <engine-1>[GdPAI] ObjectRef(124134624705): object was freed before callback; returning Nil.
    [2156] <engine-1>[GdPAI] ObjectRef(125661351450): object was freed before callback; returning Nil.
    [2157] <engine-1>[GdPAI] ObjectRef(124587609564): object was freed before callback; returning Nil.
    [2158] <engine-1>[GdPAI] ObjectRef(1382643928884): object was freed before callback; returning Nil.
    [2159] <engine-1>[GdPAI] ObjectRef(1382643928884): object was freed before callback; returning Nil.
    [2160] <engine-1>[GdPAI] ObjectRef(124621163998): object was freed before callback; returning Nil.
    [2161] <engine-1>[GdPAI] ObjectRef(124621163998): object was freed before callback; returning Nil.
    [2162] <engine-1>[GdPAI] ObjectRef(124134624705): object was freed before callback; returning Nil.
    [2163] <engine-1>[GdPAI] ObjectRef(125661351450): object was freed before callback; returning Nil.
    [2164] <engine-1>[GdPAI] ObjectRef(124587609564): object was freed before callback; returning Nil.
    [2165] <engine-1>[GdPAI] ObjectRef(124134624705): object was freed before callback; returning Nil.
    [2166] <engine-1>[GdPAI] ObjectRef(125661351450): object was freed before callback; returning Nil.
    [2167] <engine-1>[GdPAI] ObjectRef(124587609564): object was freed before callback; returning Nil.
    [2168] <engine-1>[GdPAI] ObjectRef(1382643928884): object was freed before callback; returning Nil.
    [2169] <engine-1>[GdPAI] ObjectRef(1382643928884): object was freed before callback; returning Nil.
    [2170] <engine-1>[GdPAI] ObjectRef(124621163998): object was freed before callback; returning Nil.
    [2171] <engine-1>[GdPAI] ObjectRef(1382643928884): object was freed before callback; returning Nil.
    [2172] <engine-1>[GdPAI] ObjectRef(1382643928884): object was freed before callback; returning Nil.
    [2173] <engine-1>[GdPAI] ObjectRef(124621163998): object was freed before callback; returning Nil.
    [2174] <engine-1>[GdPAI] ObjectRef(1382643928884): object was freed before callback; returning Nil.
    [2175] <engine-1>[GdPAI] ObjectRef(1382643928884): object was freed before callback; returning Nil.
    [2176] <engine-1>[GdPAI] ObjectRef(124621163998): object was freed before callback; returning Nil.
    [2177] <engine-1>[GdPAI] ObjectRef(124587609564): object was freed before callback; returning Nil.
    [2178] <engine-1>[GdPAI] ObjectRef(124587609564): object was freed before callback; returning Nil.
    [2179] <engine-1>[GdPAI] ObjectRef(1382643928884): object was freed before callback; returning Nil.
    [2180] <engine-1>[GdPAI] ObjectRef(1382643928884): object was freed before callback; returning Nil.
    [2181] <engine-1>[GdPAI] ObjectRef(124621163998): object was freed before callback; returning Nil.
    [2182] <engine-1>[GdPAI] ObjectRef(124587609564): object was freed before callback; returning Nil.
    [2183] <engine-1>[GdPAI] ObjectRef(124587609564): object was freed before callback; returning Nil.
    [2184] <engine-1>[GdPAI] ObjectRef(1382643928884): object was freed before callback; returning Nil.
    [2185] <engine-1>[GdPAI] ObjectRef(1382643928884): object was freed before callback; returning Nil.
    [2186] <engine-1>[GdPAI] ObjectRef(124621163998): object was freed before callback; returning Nil.
    [2187] <engine-1>[GdPAI] ObjectRef(125661351450): object was freed before callback; returning Nil.
    [2188] <engine-1>[GdPAI] ObjectRef(125661351450): object was freed before callback; returning Nil.
    [2189] <engine-1>[GdPAI] ObjectRef(1382643928884): object was freed before callback; returning Nil.
    [2190] <engine-1>[GdPAI] ObjectRef(1382643928884): object was freed before callback; returning Nil.
    [2191] <engine-1>[GdPAI] ObjectRef(124621163998): object was freed before callback; returning Nil.
    [2192] <engine-1>[GdPAI] ObjectRef(125661351450): object was freed before callback; returning Nil.
    [2193] <engine-1>[GdPAI] ObjectRef(125661351450): object was freed before callback; returning Nil.
    [2194] <engine-1>[GdPAI] ObjectRef(1382643928884): object was freed before callback; returning Nil.
    [2195] <engine-1>[GdPAI] ObjectRef(1382643928884): object was freed before callback; returning Nil.
    [2196] <engine-1>[GdPAI] ObjectRef(124621163998): object was freed before callback; returning Nil.
    [2197] <engine-1>[GdPAI] ObjectRef(124134624705): object was freed before callback; returning Nil.
    [2198] <engine-1>[GdPAI] ObjectRef(124134624705): object was freed before callback; returning Nil.
    [2199] <engine-1>[GdPAI] ObjectRef(1382643928884): object was freed before callback; returning Nil.
    [2200] <engine-1>[GdPAI] ObjectRef(1382643928884): object was freed before callback; returning Nil.
    [2201] <engine-1>[GdPAI] ObjectRef(124621163998): object was freed before callback; returning Nil.
    [2202] <engine-1>[GdPAI] ObjectRef(124134624705): object was freed before callback; returning Nil.
    [2203] <engine-1>[GdPAI] ObjectRef(124134624705): object was freed before callback; returning Nil.
    [2204] <engine-1>[GdPAI] ObjectRef(1382643928884): object was freed before callback; returning Nil.
    [2205] <engine-1>[GdPAI] ObjectRef(1382643928884): object was freed before callback; returning Nil.
    [2206] <engine-1>[GdPAI] ObjectRef(124621163998): object was freed before callback; returning Nil.
    [2207] <engine-1>[GdPAI] ObjectRef(1382643928884): object was freed before callback; returning Nil.
    [2208] <engine-1>[GdPAI] ObjectRef(1382643928884): object was freed before callback; returning Nil.
    [2209] <engine-1>[GdPAI] ObjectRef(124621163998): object was freed before callback; returning Nil.
    [2210] <engine-1>[GdPAI] ObjectRef(1382643928884): object was freed before callback; returning Nil.
    [2211] <engine-1>[GdPAI] ObjectRef(1382643928884): object was freed before callback; returning Nil.
    [2212] <engine-1>[GdPAI] ObjectRef(124621163998): object was freed before callback; returning Nil.
    [2213] <engine-1>[GdPAI] ObjectRef(124621163998): object was freed before callback; returning Nil.
    [2214] <engine-1>[GdPAI] ObjectRef(1382643928884): object was freed before callback; returning Nil.
    [2215] <engine-1>[GdPAI] ObjectRef(1382643928884): object was freed before callback; returning Nil.
    [2216] <engine-1>[GdPAI] ObjectRef(124621163998): object was freed before callback; returning Nil.
    [2217] <engine-1>[GdPAI] ObjectRef(124621163998): object was freed before callback; returning Nil.
    [2218] <engine-1>[GdPAI] ObjectRef(1382643928884): object was freed before callback; returning Nil.
    [2219] <engine-1>[GdPAI] ObjectRef(1382643928884): object was freed before callback; returning Nil.
    [2220] <engine-1>[GdPAI] ObjectRef(124621163998): object was freed before callback; returning Nil.
    [2221] <engine-1>[GdPAI] ObjectRef(1382643928884): object was freed before callback; returning Nil.
    [2222] <engine-1>[GdPAI] ObjectRef(1382643928884): object was freed before callback; returning Nil.
    [2223] <engine-1>[GdPAI] ObjectRef(124621163998): object was freed before callback; returning Nil.
    [2224] <engine-1>[GdPAI] ObjectRef(1382643928884): object was freed before callback; returning Nil.
    [2225] <engine-1>[GdPAI] ObjectRef(1382643928884): object was freed before callback; returning Nil.
    [2226] <engine-1>[GdPAI] ObjectRef(1382308384561): object was freed before callback; returning Nil.
    [2227] <engine-1>[GdPAI] ObjectRef(1383348571562): object was freed before callback; returning Nil.
    [2228] <engine-1>[GdPAI] ObjectRef(1382308384561): object was freed before callback; returning Nil.
    [2229] <engine-1>[GdPAI] ObjectRef(1383348571562): object was freed before callback; returning Nil.
    [2230] <engine-1>[GdPAI] ObjectRef(124621163998): object was freed before callback; returning Nil.
    [2231] <engine-1>[GdPAI] ObjectRef(1382643928884): object was freed before callback; returning Nil.
    [2232] <engine-1>[GdPAI] ObjectRef(1382643928884): object was freed before callback; returning Nil.
    [2233] <engine-1>[GdPAI] ObjectRef(1382308384561): object was freed before callback; returning Nil.
    [2234] <engine-1>[GdPAI] ObjectRef(1383348571562): object was freed before callback; returning Nil.
    [2235] <engine-1>[GdPAI] ObjectRef(1382308384561): object was freed before callback; returning Nil.
    [2236] <engine-1>[GdPAI] ObjectRef(1383348571562): object was freed before callback; returning Nil.
    [2237] <engine-1>[GdPAI] ObjectRef(124621163998): object was freed before callback; returning Nil.
    [2238] <engine-1>[GdPAI] ObjectRef(1382643928884): object was freed before callback; returning Nil.
    [2239] <engine-1>[GdPAI] ObjectRef(1383348571562): object was freed before callback; returning Nil.
    [2240] <engine-1>[GdPAI] ObjectRef(1383348571562): object was freed before callback; returning Nil.
    [2241] <engine-1>[GdPAI] ObjectRef(124621163998): object was freed before callback; returning Nil.
    [2242] <engine-1>[GdPAI] ObjectRef(1382643928884): object was freed before callback; returning Nil.
    [2243] <engine-1>[GdPAI] ObjectRef(1383348571562): object was freed before callback; returning Nil.
    [2244] <engine-1>[GdPAI] ObjectRef(1383348571562): object was freed before callback; returning Nil.
    [2245] <engine-1>[GdPAI] ObjectRef(124621163998): object was freed before callback; returning Nil.
    [2246] <engine-1>[GdPAI] ObjectRef(1382643928884): object was freed before callback; returning Nil.
    [2247] <engine-1>[GdPAI] ObjectRef(1382308384561): object was freed before callback; returning Nil.
    [2248] <engine-1>[GdPAI] ObjectRef(1382308384561): object was freed before callback; returning Nil.
    [2249] <engine-1>[GdPAI] ObjectRef(124621163998): object was freed before callback; returning Nil.
    [2250] <engine-1>[GdPAI] ObjectRef(1382643928884): object was freed before callback; returning Nil.
    [2251] <engine-1>[GdPAI] ObjectRef(1382308384561): object was freed before callback; returning Nil.
    [2252] <engine-1>[GdPAI] ObjectRef(1382308384561): object was freed before callback; returning Nil.
    [2253] <engine-1>[GdPAI] ObjectRef(124621163998): object was freed before callback; returning Nil.
    [2254] <engine-1>[GdPAI] ObjectRef(1382643928884): object was freed before callback; returning Nil.
    [2255] <engine-1>[GdPAI] ObjectRef(124621163998): object was freed before callback; returning Nil.
    [2256] <engine-1>[GdPAI] ObjectRef(1382643928884): object was freed before callback; returning Nil.
    [2257] <engine-1>[GdPAI] ObjectRef(124621163998): object was freed before callback; returning Nil.
    [2258] <engine-1>[GdPAI] ObjectRef(1382643928884): object was freed before callback; returning Nil.
    [2259] <engine-1>[GdPAI] ObjectRef(1382643928884): object was freed before callback; returning Nil.
    [2260] <engine-1>[GdPAI] ObjectRef(124621163998): object was freed before callback; returning Nil.
    [2261] <engine-1>[GdPAI] ObjectRef(124621163998): object was freed before callback; returning Nil.
    [2262] <engine-1>[GdPAI] ObjectRef(1382643928884): object was freed before callback; returning Nil.
    [2263] <engine-1>[GdPAI] ObjectRef(1382643928884): object was freed before callback; returning Nil.
    [2264] <engine-1>[GdPAI] ObjectRef(124621163998): object was freed before callback; returning Nil.
    [2265] <engine-1>[GdPAI] ObjectRef(124621163998): object was freed before callback; returning Nil.
    [2266] <engine-1>[GdPAI] ObjectRef(1382643928884): object was freed before callback; returning Nil.
    [2267] <engine-1>[GdPAI] ObjectRef(124621163998): object was freed before callback; returning Nil.
    [2268] <engine-1>[GdPAI] ObjectRef(1382643928884): object was freed before callback; returning Nil.
    [2269] <engine-1>[GdPAI] ObjectRef(124621163998): object was freed before callback; returning Nil.
    [2270] <engine-1>[GdPAI] ObjectRef(1382643928884): object was freed before callback; returning Nil.
    [2271] <engine-1>[GdPAI] ObjectRef(124621163998): object was freed before callback; returning Nil.
    [2272] <engine-1>[GdPAI] ObjectRef(1382643928884): object was freed before callback; returning Nil.
    [2273] <engine-1>[GdPAI] ObjectRef(124621163998): object was freed before callback; returning Nil.
    [2274] <engine-1>[GdPAI] ObjectRef(1382643928884): object was freed before callback; returning Nil.
    [2275] <engine-1>[GdPAI] ObjectRef(124621163998): object was freed before callback; returning Nil.
    [2276] <engine-1>[GdPAI] ObjectRef(1382643928884): object was freed before callback; returning Nil.
    [2277] <engine-1>[GdPAI] ObjectRef(124621163998): object was freed before callback; returning Nil.
    [2278] <engine-1>[GdPAI] ObjectRef(1382643928884): object was freed before callback; returning Nil.
    [2279] <engine-1>[GdPAI] ObjectRef(1382643928884): object was freed before callback; returning Nil.
    [2280] <engine-1>[GdPAI] ObjectRef(1382308384561): object was freed before callback; returning Nil.
    [2281] <engine-1>[GdPAI] ObjectRef(1383348571562): object was freed before callback; returning Nil.
    [2282] <engine-1>[GdPAI] ObjectRef(1382308384561): object was freed before callback; returning Nil.
    [2283] <engine-1>[GdPAI] ObjectRef(1383348571562): object was freed before callback; returning Nil.
    [2284] <engine-1>[GdPAI] ObjectRef(124621163998): object was freed before callback; returning Nil.
    [2285] <engine-1>[GdPAI] ObjectRef(1382643928884): object was freed before callback; returning Nil.
    [2286] <engine-1>[GdPAI] ObjectRef(1382643928884): object was freed before callback; returning Nil.
    [2287] <engine-1>[GdPAI] ObjectRef(1382308384561): object was freed before callback; returning Nil.
    [2288] <engine-1>[GdPAI] ObjectRef(1383348571562): object was freed before callback; returning Nil.
    [2289] <engine-1>[GdPAI] ObjectRef(1382308384561): object was freed before callback; returning Nil.
    [2290] <engine-1>[GdPAI] ObjectRef(1383348571562): object was freed before callback; returning Nil.
    [2291] <engine-1>[GdPAI] ObjectRef(124621163998): object was freed before callback; returning Nil.
    [2292] <engine-1>[GdPAI] ObjectRef(1382643928884): object was freed before callback; returning Nil.
    [2293] <engine-1>[GdPAI] ObjectRef(1383348571562): object was freed before callback; returning Nil.
    [2294] <engine-1>[GdPAI] ObjectRef(1383348571562): object was freed before callback; returning Nil.
    [2295] <engine-1>[GdPAI] ObjectRef(124621163998): object was freed before callback; returning Nil.
    [2296] <engine-1>[GdPAI] ObjectRef(1382643928884): object was freed before callback; returning Nil.
    [2297] <engine-1>[GdPAI] ObjectRef(1383348571562): object was freed before callback; returning Nil.
    [2298] <engine-1>[GdPAI] ObjectRef(1383348571562): object was freed before callback; returning Nil.
    [2299] <engine-1>[GdPAI] ObjectRef(124621163998): object was freed before callback; returning Nil.
    [2300] <engine-1>[GdPAI] ObjectRef(1382643928884): object was freed before callback; returning Nil.
    [2301] <engine-1>[GdPAI] ObjectRef(1382308384561): object was freed before callback; returning Nil.
    [2302] <engine-1>[GdPAI] ObjectRef(1382308384561): object was freed before callback; returning Nil.
    [2303] <engine-1>[GdPAI] ObjectRef(124621163998): object was freed before callback; returning Nil.
    [2304] <engine-1>[GdPAI] ObjectRef(124621163998): object was freed before callback; returning Nil.
    [2305] <engine-1>[GdPAI] ObjectRef(1382643928884): object was freed before callback; returning Nil.
    [2306] <engine-1>[GdPAI] ObjectRef(1382308384561): object was freed before callback; returning Nil.
    [2307] <engine-1>[GdPAI] ObjectRef(1382308384561): object was freed before callback; returning Nil.
    [2308] <engine-1>[GdPAI] ObjectRef(124621163998): object was freed before callback; returning Nil.
    [2309] <engine-1>[GdPAI] ObjectRef(124621163998): object was freed before callback; returning Nil.
    [2310] <engine-1>[GdPAI] ObjectRef(1382643928884): object was freed before callback; returning Nil.
    [2311] <engine-1>[GdPAI] ObjectRef(124621163998): object was freed before callback; returning Nil.
    [2312] <engine-1>[GdPAI] ObjectRef(1382643928884): object was freed before callback; returning Nil.
    [2313] <engine-1>[GdPAI] ObjectRef(124621163998): object was freed before callback; returning Nil.
    [2314] <engine-1>[GdPAI] ObjectRef(1382643928884): object was freed before callback; returning Nil.
    [2315] <engine-1>[GdPAI] ObjectRef(1382643928884): object was freed before callback; returning Nil.
    [2316] <engine-1>[GdPAI] ObjectRef(124621163998): object was freed before callback; returning Nil.
    [2317] <engine-1>[GdPAI] ObjectRef(1382643928884): object was freed before callback; returning Nil.
    [2318] <engine-1>[GdPAI] ObjectRef(1382643928884): object was freed before callback; returning Nil.
    [2319] <engine-1>[GdPAI] ObjectRef(124621163998): object was freed before callback; returning Nil.
    [2320] <engine-1>[GdPAI] ObjectRef(1382643928884): object was freed before callback; returning Nil.
    [2321] <engine-1>[GdPAI] ObjectRef(124621163998): object was freed before callback; returning Nil.
    [2322] <engine-1>[GdPAI] ObjectRef(1382643928884): object was freed before callback; returning Nil.
    [2323] <engine-1>[GdPAI] ObjectRef(124621163998): object was freed before callback; returning Nil.
    [2324] <engine-1>[GdPAI] ObjectRef(1382643928884): object was freed before callback; returning Nil.
    [2325] <engine-1>[GdPAI] ObjectRef(124621163998): object was freed before callback; returning Nil.
    [2326] <engine-1>[GdPAI] ObjectRef(1382643928884): object was freed before callback; returning Nil.
    [2327] <engine-1>[GdPAI] ObjectRef(124621163998): object was freed before callback; returning Nil.
    [2328] <engine-1>[GdPAI] ObjectRef(1382643928884): object was freed before callback; returning Nil.
    [2329] <engine-1>[GdPAI] ObjectRef(124621163998): object was freed before callback; returning Nil.
    [2330] <engine-1>[GdPAI] ObjectRef(1382643928884): object was freed before callback; returning Nil.
    [2331] <engine-1>[GdPAI] ObjectRef(124621163998): object was freed before callback; returning Nil.
    [2332] <engine-1>[GdPAI] ObjectRef(1382643928884): object was freed before callback; returning Nil.
    [2333] <engine-1>[GdPAI] ObjectRef(1382643928884): object was freed before callback; returning Nil.
    [2334] <engine-1>[GdPAI] ObjectRef(124621163998): object was freed before callback; returning Nil.
    [2335] <engine-1>[GdPAI] ObjectRef(124621163998): object was freed before callback; returning Nil.
    [2336] <engine-1>[GdPAI] ObjectRef(1382643928884): object was freed before callback; returning Nil.
    [2337] <engine-1>[GdPAI] ObjectRef(1382643928884): object was freed before callback; returning Nil.
    [2338] <engine-1>[GdPAI] ObjectRef(124621163998): object was freed before callback; returning Nil.
    [2339] <engine-1>[GdPAI] ObjectRef(124621163998): object was freed before callback; returning Nil.
    [2340] <engine-1>[GdPAI] ObjectRef(1382643928884): object was freed before callback; returning Nil.
    [2341] <engine-1>[GdPAI] ObjectRef(124621163998): object was freed before callback; returning Nil.
    [2342] <engine-1>[GdPAI] ObjectRef(1382643928884): object was freed before callback; returning Nil.
    [2343] <engine-1>[GdPAI] ObjectRef(124621163998): object was freed before callback; returning Nil.
    [2344] <engine-1>[GdPAI] ObjectRef(1382643928884): object was freed before callback; returning Nil.
    [2345] <engine-1>[GdPAI] ObjectRef(124621163998): object was freed before callback; returning Nil.
    [2346] <engine-1>[GdPAI] ObjectRef(1382643928884): object was freed before callback; returning Nil.
    [2347] <engine-1>[GdPAI] ObjectRef(124621163998): object was freed before callback; returning Nil.
    [2348] <engine-1>[GdPAI] ObjectRef(1382643928884): object was freed before callback; returning Nil.
    [2349] <engine-1>[GdPAI] ObjectRef(124621163998): object was freed before callback; returning Nil.
    [2350] <engine-1>[GdPAI] ObjectRef(1382643928884): object was freed before callback; returning Nil.
    [2351] <engine-1>[GdPAI] ObjectRef(124621163998): object was freed before callback; returning Nil.
    [2352] <engine-1>[GdPAI] ObjectRef(1382643928884): object was freed before callback; returning Nil.
    [2353] <engine-1>[GdPAI] ObjectRef(1382643928884): object was freed before callback; returning Nil.
    [2354] <engine-1>[GdPAI] ObjectRef(124621163998): object was freed before callback; returning Nil.
    [2355] <engine-1>[GdPAI] ObjectRef(1382643928884): object was freed before callback; returning Nil.
    [2356] <engine-1>[GdPAI] ObjectRef(1382643928884): object was freed before callback; returning Nil.
    [2357] <engine-1>[GdPAI] ObjectRef(124621163998): object was freed before callback; returning Nil.
    [2358] <engine-1>[GdPAI] ObjectRef(1382643928884): object was freed before callback; returning Nil.
    [2359] <engine-1>[GdPAI] ObjectRef(124621163998): object was freed before callback; returning Nil.
    [2360] <engine-1>[GdPAI] ObjectRef(1382643928884): object was freed before callback; returning Nil.
    [2361] <engine-1>[GdPAI] ObjectRef(124621163998): object was freed before callback; returning Nil.
    [2362] <engine-1>[GdPAI] ObjectRef(1382643928884): object was freed before callback; returning Nil.
    [2363] <engine-1>[GdPAI] ObjectRef(124621163998): object was freed before callback; returning Nil.
    [2364] <engine-1>[GdPAI] ObjectRef(124621163998): object was freed before callback; returning Nil.
    [2365] <engine-1>[GdPAI] ObjectRef(1382643928884): object was freed before callback; returning Nil.
    [2366] <engine-1>[GdPAI] ObjectRef(124621163998): object was freed before callback; returning Nil.
    [2367] <engine-1>[GdPAI] ObjectRef(124621163998): object was freed before callback; returning Nil.
    [2368] <engine-1>[GdPAI] ObjectRef(1382643928884): object was freed before callback; returning Nil.
    [2369] <engine-1>[GdPAI] ObjectRef(124621163998): object was freed before callback; returning Nil.
    [2370] <engine-1>[GdPAI] ObjectRef(124621163998): object was freed before callback; returning Nil.
    [2371] <engine-1>[GdPAI] ObjectRef(1382643928884): object was freed before callback; returning Nil.
    [2372] <engine-1>[GdPAI] ObjectRef(124621163998): object was freed before callback; returning Nil.
    [2373] <engine-1>[GdPAI] ObjectRef(124621163998): object was freed before callback; returning Nil.
    [2374] <engine-1>[GdPAI] ObjectRef(1382643928884): object was freed before callback; returning Nil.
    [2375] <engine-1>[GdPAI] ObjectRef(1382643928884): object was freed before callback; returning Nil.
    [2376] <engine-1>[GdPAI] ObjectRef(124621163998): object was freed before callback; returning Nil.
    [2377] <engine-1>[GdPAI] ObjectRef(124621163998): object was freed before callback; returning Nil.
    [2378] <engine-1>[GdPAI] ObjectRef(1382643928884): object was freed before callback; returning Nil.
    [2379] <engine-1>[GdPAI] ObjectRef(1382643928884): object was freed before callback; returning Nil.
    [2380] <engine-1>[GdPAI] ObjectRef(124621163998): object was freed before callback; returning Nil.
    [2381] <engine-1>[GdPAI] ObjectRef(124621163998): object was freed before callback; returning Nil.
    [2382] <engine-1>[GdPAI] ObjectRef(1382643928884): object was freed before callback; returning Nil.
    [2383] <engine-1>[GdPAI] ObjectRef(124621163998): object was freed before callback; returning Nil.
    [2384] <engine-1>[GdPAI] ObjectRef(124621163998): object was freed before callback; returning Nil.
    [2385] <engine-1>[GdPAI] ObjectRef(1382643928884): object was freed before callback; returning Nil.
    [2386] <engine-1>[GdPAI] ObjectRef(124621163998): object was freed before callback; returning Nil.
    [2387] <engine-1>[GdPAI] ObjectRef(124621163998): object was freed before callback; returning Nil.
    [2388] <engine-1>[GdPAI] ObjectRef(1382643928884): object was freed before callback; returning Nil.
    [2389] <engine-1>[GdPAI] ObjectRef(124621163998): object was freed before callback; returning Nil.
    [2390] <engine-1>[GdPAI] ObjectRef(124621163998): object was freed before callback; returning Nil.
    [2391] <engine-1>[GdPAI] ObjectRef(1382643928884): object was freed before callback; returning Nil.
    [2392] <engine-1>[GdPAI] ObjectRef(124621163998): object was freed before callback; returning Nil.
    [2393] <engine-1>[GdPAI] ObjectRef(124621163998): object was freed before callback; returning Nil.
    [2394] <engine-1>[GdPAI] ObjectRef(1382643928884): object was freed before callback; returning Nil.
    [2395] <engine-1>[GdPAI] ObjectRef(124621163998): object was freed before callback; returning Nil.
    [2396] <engine-1>[GdPAI] ObjectRef(124621163998): object was freed before callback; returning Nil.
    [2397] <engine-1>[GdPAI] ObjectRef(1382643928884): object was freed before callback; returning Nil.
    [2398] <engine-1>[GdPAI] ObjectRef(124621163998): object was freed before callback; returning Nil.
    [2399] <engine-1>[GdPAI] ObjectRef(124621163998): object was freed before callback; returning Nil.
    [2400] <engine-1>[GdPAI] ObjectRef(1382643928884): object was freed before callback; returning Nil.
    [2401] <engine-1>[GdPAI] ObjectRef(1382643928884): object was freed before callback; returning Nil.
    [2402] <engine-1>[GdPAI] ObjectRef(124621163998): object was freed before callback; returning Nil.
    [2403] <engine-1>[GdPAI] ObjectRef(124621163998): object was freed before callback; returning Nil.
    [2404] <engine-1>[GdPAI] ObjectRef(1382643928884): object was freed before callback; returning Nil.
    [2405] <engine-1>[GdPAI] ObjectRef(1382643928884): object was freed before callback; returning Nil.
    [2406] <engine-1>[GdPAI] ObjectRef(124621163998): object was freed before callback; returning Nil.
    [2407] <engine-1>[GdPAI] ObjectRef(124621163998): object was freed before callback; returning Nil.
    [2408] <engine-1>[GdPAI] ObjectRef(1382643928884): object was freed before callback; returning Nil.
    [2409] <engine-1>[GdPAI] ObjectRef(124621163998): object was freed before callback; returning Nil.
    [2410] <engine-1>[GdPAI] ObjectRef(124621163998): object was freed before callback; returning Nil.
    [2411] <engine-1>[GdPAI] ObjectRef(1382643928884): object was freed before callback; returning Nil.
    [2412] <engine-1>[GdPAI] ObjectRef(124621163998): object was freed before callback; returning Nil.
    [2413] <engine-1>[GdPAI] ObjectRef(124621163998): object was freed before callback; returning Nil.
    [2414] <engine-1>[GdPAI] ObjectRef(1382643928884): object was freed before callback; returning Nil.
    [2415] <engine-1>[GdPAI] ObjectRef(124621163998): object was freed before callback; returning Nil.
    [2416] <engine-1>[GdPAI] ObjectRef(124621163998): object was freed before callback; returning Nil.
    [2417] <engine-1>[GdPAI] ObjectRef(1382643928884): object was freed before callback; returning Nil.
    [2418] <engine-1>[GdPAI] ObjectRef(124621163998): object was freed before callback; returning Nil.
    [2419] <engine-1>[GdPAI] ObjectRef(124621163998): object was freed before callback; returning Nil.
    [2420] <engine-1>[GdPAI] ObjectRef(1382643928884): object was freed before callback; returning Nil.
    [2421] <engine-1>[GdPAI] ObjectRef(124621163998): object was freed before callback; returning Nil.
    [2422] <engine-1>[GdPAI] ObjectRef(124621163998): object was freed before callback; returning Nil.
    [2423] <engine-1>[GdPAI] ObjectRef(1382643928884): object was freed before callback; returning Nil.
    [2424] <engine-1>[GdPAI] ObjectRef(124621163998): object was freed before callback; returning Nil.
    [2425] <engine-1>[GdPAI] ObjectRef(124621163998): object was freed before callback; returning Nil.
    [2426] <engine-1>[GdPAI] ObjectRef(1382643928884): object was freed before callback; returning Nil.
    [2427] <engine-1>[GdPAI] ObjectRef(1382643928884): object was freed before callback; returning Nil.
    [2428] <engine-1>[GdPAI] ObjectRef(124621163998): object was freed before callback; returning Nil.
    [2429] <engine-1>[GdPAI] ObjectRef(124621163998): object was freed before callback; returning Nil.
    [2430] <engine-1>[GdPAI] ObjectRef(1382643928884): object was freed before callback; returning Nil.
    [2431] <engine-1>[GdPAI] ObjectRef(1382643928884): object was freed before callback; returning Nil.
          at line 210
[4m
res://test/integration/test_hunger_example_smoke.gd
[0m- test_real_hunger_example_shakes_tree_then_picks_up_food
[31m    [Failed]:  [0mUnexpected Errors:
    [1] <engine-1>[GdPAI] ObjectRef(124621163998): object was freed before callback; returning Nil.
    [2] <engine-1>[GdPAI] ObjectRef(124621163998): object was freed before callback; returning Nil.
    [3] <engine-1>[GdPAI] ObjectRef(1382643928884): object was freed before callback; returning Nil.
    [4] <engine-1>[GdPAI] ObjectRef(124621163998): object was freed before callback; returning Nil.
    [5] <engine-1>[GdPAI] ObjectRef(124621163998): object was freed before callback; returning Nil.
    [6] <engine-1>[GdPAI] ObjectRef(1382643928884): object was freed before callback; returning Nil.
    [7] <engine-1>[GdPAI] ObjectRef(1382643928884): object was freed before callback; returning Nil.
    [8] <engine-1>[GdPAI] ObjectRef(124621163998): object was freed before callback; returning Nil.
    [9] <engine-1>[GdPAI] ObjectRef(124621163998): object was freed before callback; returning Nil.
    [10] <engine-1>[GdPAI] ObjectRef(1382643928884): object was freed before callback; returning Nil.
    [11] <engine-1>[GdPAI] ObjectRef(1382643928884): object was freed before callback; returning Nil.
    [12] <engine-1>[GdPAI] ObjectRef(124621163998): object was freed before callback; returning Nil.
    [13] <engine-1>[GdPAI] ObjectRef(124621163998): object was freed before callback; returning Nil.
    [14] <engine-1>[GdPAI] ObjectRef(1382643928884): object was freed before callback; returning Nil.
    [15] <engine-1>[GdPAI] ObjectRef(124621163998): object was freed before callback; returning Nil.
    [16] <engine-1>[GdPAI] ObjectRef(124621163998): object was freed before callback; returning Nil.
    [17] <engine-1>[GdPAI] ObjectRef(1382643928884): object was freed before callback; returning Nil.
    [18] <engine-1>[GdPAI] ObjectRef(124621163998): object was freed before callback; returning Nil.
    [19] <engine-1>[GdPAI] ObjectRef(124621163998): object was freed before callback; returning Nil.
    [20] <engine-1>[GdPAI] ObjectRef(1382643928884): object was freed before callback; returning Nil.
    [21] <engine-1>[GdPAI] ObjectRef(124621163998): object was freed before callback; returning Nil.
    [22] <engine-1>[GdPAI] ObjectRef(124621163998): object was freed before callback; returning Nil.
    [23] <engine-1>[GdPAI] ObjectRef(1382643928884): object was freed before callback; returning Nil.
    [24] <engine-1>[GdPAI] ObjectRef(124621163998): object was freed before callback; returning Nil.
    [25] <engine-1>[GdPAI] ObjectRef(124621163998): object was freed before callback; returning Nil.
    [26] <engine-1>[GdPAI] ObjectRef(1382643928884): object was freed before callback; returning Nil.
    [27] <engine-1>[GdPAI] ObjectRef(124621163998): object was freed before callback; returning Nil.
    [28] <engine-1>[GdPAI] ObjectRef(124621163998): object was freed before callback; returning Nil.
    [29] <engine-1>[GdPAI] ObjectRef(1382643928884): object was freed before callback; returning Nil.
    [30] <engine-1>[GdPAI] ObjectRef(124621163998): object was freed before callback; returning Nil.
    [31] <engine-1>[GdPAI] ObjectRef(124621163998): object was freed before callback; returning Nil.
    [32] <engine-1>[GdPAI] ObjectRef(1382643928884): object was freed before callback; returning Nil.
    [33] <engine-1>[GdPAI] ObjectRef(1382643928884): object was freed before callback; returning Nil.
    [34] <engine-1>[GdPAI] ObjectRef(1382308384561): object was freed before callback; returning Nil.
    [35] <engine-1>[GdPAI] ObjectRef(1383197576744): object was freed before callback; returning Nil.
    [36] <engine-1>[GdPAI] ObjectRef(1382308384561): object was freed before callback; returning Nil.
    [37] <engine-1>[GdPAI] ObjectRef(1383197576744): object was freed before callback; returning Nil.
    [38] <engine-1>[GdPAI] ObjectRef(124621163998): object was freed before callback; returning Nil.
    [39] <engine-1>[GdPAI] ObjectRef(124621163998): object was freed before callback; returning Nil.
    [40] <engine-1>[GdPAI] ObjectRef(1382643928884): object was freed before callback; returning Nil.
    [41] <engine-1>[GdPAI] ObjectRef(1382643928884): object was freed before callback; returning Nil.
    [42] <engine-1>[GdPAI] ObjectRef(1382308384561): object was freed before callback; returning Nil.
    [43] <engine-1>[GdPAI] ObjectRef(1383197576744): object was freed before callback; returning Nil.
    [44] <engine-1>[GdPAI] ObjectRef(1382308384561): object was freed before callback; returning Nil.
    [45] <engine-1>[GdPAI] ObjectRef(1383197576744): object was freed before callback; returning Nil.
    [46] <engine-1>[GdPAI] ObjectRef(124621163998): object was freed before callback; returning Nil.
    [47] <engine-1>[GdPAI] ObjectRef(124621163998): object was freed before callback; returning Nil.
    [48] <engine-1>[GdPAI] ObjectRef(1382643928884): object was freed before callback; returning Nil.
    [49] <engine-1>[GdPAI] ObjectRef(1383197576744): object was freed before callback; returning Nil.
    [50] <engine-1>[GdPAI] ObjectRef(1383197576744): object was freed before callback; returning Nil.
    [51] <engine-1>[GdPAI] ObjectRef(124621163998): object was freed before callback; returning Nil.
    [52] <engine-1>[GdPAI] ObjectRef(124621163998): object was freed before callback; returning Nil.
    [53] <engine-1>[GdPAI] ObjectRef(1382643928884): object was freed before callback; returning Nil.
    [54] <engine-1>[GdPAI] ObjectRef(1383197576744): object was freed before callback; returning Nil.
    [55] <engine-1>[GdPAI] ObjectRef(1383197576744): object was freed before callback; returning Nil.
    [56] <engine-1>[GdPAI] ObjectRef(124621163998): object was freed before callback; returning Nil.
    [57] <engine-1>[GdPAI] ObjectRef(124621163998): object was freed before callback; returning Nil.
    [58] <engine-1>[GdPAI] ObjectRef(1382643928884): object was freed before callback; returning Nil.
    [59] <engine-1>[GdPAI] ObjectRef(1382308384561): object was freed before callback; returning Nil.
    [60] <engine-1>[GdPAI] ObjectRef(1382308384561): object was freed before callback; returning Nil.
    [61] <engine-1>[GdPAI] ObjectRef(124621163998): object was freed before callback; returning Nil.
    [62] <engine-1>[GdPAI] ObjectRef(124621163998): object was freed before callback; returning Nil.
    [63] <engine-1>[GdPAI] ObjectRef(124134624705): object was freed before callback; returning Nil.
    [64] <engine-1>[GdPAI] ObjectRef(125510356497): object was freed before callback; returning Nil.
    [65] <engine-1>[GdPAI] ObjectRef(124285619658): object was freed before callback; returning Nil.
    [66] <engine-1>[GdPAI] ObjectRef(124134624705): object was freed before callback; returning Nil.
    [67] <engine-1>[GdPAI] ObjectRef(125510356497): object was freed before callback; returning Nil.
    [68] <engine-1>[GdPAI] ObjectRef(124285619658): object was freed before callback; returning Nil.
    [69] <engine-1>[GdPAI] ObjectRef(1382643928884): object was freed before callback; returning Nil.
    [70] <engine-1>[GdPAI] ObjectRef(1382308384561): object was freed before callback; returning Nil.
    [71] <engine-1>[GdPAI] ObjectRef(1382308384561): object was freed before callback; returning Nil.
    [72] <engine-1>[GdPAI] ObjectRef(124621163998): object was freed before callback; returning Nil.
    [73] <engine-1>[GdPAI] ObjectRef(124621163998): object was freed before callback; returning Nil.
    [74] <engine-1>[GdPAI] ObjectRef(124134624705): object was freed before callback; returning Nil.
    [75] <engine-1>[GdPAI] ObjectRef(125510356497): object was freed before callback; returning Nil.
    [76] <engine-1>[GdPAI] ObjectRef(124285619658): object was freed before callback; returning Nil.
    [77] <engine-1>[GdPAI] ObjectRef(124134624705): object was freed before callback; returning Nil.
    [78] <engine-1>[GdPAI] ObjectRef(125510356497): object was freed before callback; returning Nil.
    [79] <engine-1>[GdPAI] ObjectRef(124285619658): object was freed before callback; returning Nil.
    [80] <engine-1>[GdPAI] ObjectRef(1382643928884): object was freed before callback; returning Nil.
    [81] <engine-1>[GdPAI] ObjectRef(124621163998): object was freed before callback; returning Nil.
    [82] <engine-1>[GdPAI] ObjectRef(124285619658): object was freed before callback; returning Nil.
    [83] <engine-1>[GdPAI] ObjectRef(124285619658): object was freed before callback; returning Nil.
    [84] <engine-1>[GdPAI] ObjectRef(1382643928884): object was freed before callback; returning Nil.
    [85] <engine-1>[GdPAI] ObjectRef(124621163998): object was freed before callback; returning Nil.
    [86] <engine-1>[GdPAI] ObjectRef(124285619658): object was freed before callback; returning Nil.
    [87] <engine-1>[GdPAI] ObjectRef(124285619658): object was freed before callback; returning Nil.
    [88] <engine-1>[GdPAI] ObjectRef(1382643928884): object was freed before callback; returning Nil.
    [89] <engine-1>[GdPAI] ObjectRef(1382643928884): object was freed before callback; returning Nil.
    [90] <engine-1>[GdPAI] ObjectRef(124621163998): object was freed before callback; returning Nil.
    [91] <engine-1>[GdPAI] ObjectRef(1382643928884): object was freed before callback; returning Nil.
    [92] <engine-1>[GdPAI] ObjectRef(1382643928884): object was freed before callback; returning Nil.
    [93] <engine-1>[GdPAI] ObjectRef(124621163998): object was freed before callback; returning Nil.
    [94] <engine-1>[GdPAI] ObjectRef(1382643928884): object was freed before callback; returning Nil.
    [95] <engine-1>[GdPAI] ObjectRef(124621163998): object was freed before callback; returning Nil.
    [96] <engine-1>[GdPAI] ObjectRef(125510356497): object was freed before callback; returning Nil.
    [97] <engine-1>[GdPAI] ObjectRef(125510356497): object was freed before callback; returning Nil.
    [98] <engine-1>[GdPAI] ObjectRef(1382643928884): object was freed before callback; returning Nil.
    [99] <engine-1>[GdPAI] ObjectRef(124621163998): object was freed before callback; returning Nil.
    [100] <engine-1>[GdPAI] ObjectRef(125510356497): object was freed before callback; returning Nil.
    [101] <engine-1>[GdPAI] ObjectRef(125510356497): object was freed before callback; returning Nil.
    [102] <engine-1>[GdPAI] ObjectRef(1382643928884): object was freed before callback; returning Nil.
    [103] <engine-1>[GdPAI] ObjectRef(124621163998): object was freed before callback; returning Nil.
    [104] <engine-1>[GdPAI] ObjectRef(124134624705): object was freed before callback; returning Nil.
    [105] <engine-1>[GdPAI] ObjectRef(124134624705): object was freed before callback; returning Nil.
    [106] <engine-1>[GdPAI] ObjectRef(1382643928884): object was freed before callback; returning Nil.
    [107] <engine-1>[GdPAI] ObjectRef(124621163998): object was freed before callback; returning Nil.
    [108] <engine-1>[GdPAI] ObjectRef(124134624705): object was freed before callback; returning Nil.
    [109] <engine-1>[GdPAI] ObjectRef(124134624705): object was freed before callback; returning Nil.
    [110] <engine-1>[GdPAI] ObjectRef(1382643928884): object was freed before callback; returning Nil.
    [111] <engine-1>[GdPAI] ObjectRef(124621163998): object was freed before callback; returning Nil.
    [112] <engine-1>[GdPAI] ObjectRef(1382643928884): object was freed before callback; returning Nil.
    [113] <engine-1>[GdPAI] ObjectRef(124621163998): object was freed before callback; returning Nil.
    [114] <engine-1>[GdPAI] ObjectRef(1382643928884): object was freed before callback; returning Nil.
    [115] <engine-1>[GdPAI] ObjectRef(1382643928884): object was freed before callback; returning Nil.
    [116] <engine-1>[GdPAI] ObjectRef(124621163998): object was freed before callback; returning Nil.
    [117] <engine-1>[GdPAI] ObjectRef(124621163998): object was freed before callback; returning Nil.
    [118] <engine-1>[GdPAI] ObjectRef(1382643928884): object was freed before callback; returning Nil.
    [119] <engine-1>[GdPAI] ObjectRef(1382643928884): object was freed before callback; returning Nil.
    [120] <engine-1>[GdPAI] ObjectRef(124621163998): object was freed before callback; returning Nil.
    [121] <engine-1>[GdPAI] ObjectRef(124621163998): object was freed before callback; returning Nil.
    [122] <engine-1>[GdPAI] ObjectRef(1382643928884): object was freed before callback; returning Nil.
    [123] <engine-1>[GdPAI] ObjectRef(124621163998): object was freed before callback; returning Nil.
    [124] <engine-1>[GdPAI] ObjectRef(1382643928884): object was freed before callback; returning Nil.
    [125] <engine-1>[GdPAI] ObjectRef(124621163998): object was freed before callback; returning Nil.
    [126] <engine-1>[GdPAI] ObjectRef(1382643928884): object was freed before callback; returning Nil.
    [127] <engine-1>[GdPAI] ObjectRef(124621163998): object was freed before callback; returning Nil.
    [128] <engine-1>[GdPAI] ObjectRef(1382643928884): object was freed before callback; returning Nil.
    [129] <engine-1>[GdPAI] ObjectRef(124621163998): object was freed before callback; returning Nil.
    [130] <engine-1>[GdPAI] ObjectRef(1382643928884): object was freed before callback; returning Nil.
    [131] <engine-1>[GdPAI] ObjectRef(124621163998): object was freed before callback; returning Nil.
    [132] <engine-1>[GdPAI] ObjectRef(1382643928884): object was freed before callback; returning Nil.
    [133] <engine-1>[GdPAI] ObjectRef(124621163998): object was freed before callback; returning Nil.
    [134] <engine-1>[GdPAI] ObjectRef(1382643928884): object was freed before callback; returning Nil.
    [135] <engine-1>[GdPAI] ObjectRef(1382643928884): object was freed before callback; returning Nil.
    [136] <engine-1>[GdPAI] ObjectRef(124621163998): object was freed before callback; returning Nil.
    [137] <engine-1>[GdPAI] ObjectRef(1382643928884): object was freed before callback; returning Nil.
    [138] <engine-1>[GdPAI] ObjectRef(1382643928884): object was freed before callback; returning Nil.
    [139] <engine-1>[GdPAI] ObjectRef(124621163998): object was freed before callback; returning Nil.
    [140] <engine-1>[GdPAI] ObjectRef(1382643928884): object was freed before callback; returning Nil.
    [141] <engine-1>[GdPAI] ObjectRef(124621163998): object was freed before callback; returning Nil.
    [142] <engine-1>[GdPAI] ObjectRef(1382643928884): object was freed before callback; returning Nil.
    [143] <engine-1>[GdPAI] ObjectRef(124621163998): object was freed before callback; returning Nil.
    [144] <engine-1>[GdPAI] ObjectRef(1382643928884): object was freed before callback; returning Nil.
    [145] <engine-1>[GdPAI] ObjectRef(124621163998): object was freed before callback; returning Nil.
    [146] <engine-1>[GdPAI] ObjectRef(124621163998): object was freed before callback; returning Nil.
    [147] <engine-1>[GdPAI] ObjectRef(124134624705): object was freed before callback; returning Nil.
    [148] <engine-1>[GdPAI] ObjectRef(125510356497): object was freed before callback; returning Nil.
    [149] <engine-1>[GdPAI] ObjectRef(124285619658): object was freed before callback; returning Nil.
    [150] <engine-1>[GdPAI] ObjectRef(124134624705): object was freed before callback; returning Nil.
    [151] <engine-1>[GdPAI] ObjectRef(125510356497): object was freed before callback; returning Nil.
    [152] <engine-1>[GdPAI] ObjectRef(124285619658): object was freed before callback; returning Nil.
    [153] <engine-1>[GdPAI] ObjectRef(1382643928884): object was freed before callback; returning Nil.
    [154] <engine-1>[GdPAI] ObjectRef(124621163998): object was freed before callback; returning Nil.
    [155] <engine-1>[GdPAI] ObjectRef(124621163998): object was freed before callback; returning Nil.
    [156] <engine-1>[GdPAI] ObjectRef(124134624705): object was freed before callback; returning Nil.
    [157] <engine-1>[GdPAI] ObjectRef(125510356497): object was freed before callback; returning Nil.
    [158] <engine-1>[GdPAI] ObjectRef(124285619658): object was freed before callback; returning Nil.
    [159] <engine-1>[GdPAI] ObjectRef(124134624705): object was freed before callback; returning Nil.
    [160] <engine-1>[GdPAI] ObjectRef(125510356497): object was freed before callback; returning Nil.
    [161] <engine-1>[GdPAI] ObjectRef(124285619658): object was freed before callback; returning Nil.
    [162] <engine-1>[GdPAI] ObjectRef(1382643928884): object was freed before callback; returning Nil.
    [163] <engine-1>[GdPAI] ObjectRef(124621163998): object was freed before callback; returning Nil.
    [164] <engine-1>[GdPAI] ObjectRef(124285619658): object was freed before callback; returning Nil.
    [165] <engine-1>[GdPAI] ObjectRef(124285619658): object was freed before callback; returning Nil.
    [166] <engine-1>[GdPAI] ObjectRef(1382643928884): object was freed before callback; returning Nil.
    [167] <engine-1>[GdPAI] ObjectRef(124621163998): object was freed before callback; returning Nil.
    [168] <engine-1>[GdPAI] ObjectRef(124285619658): object was freed before callback; returning Nil.
    [169] <engine-1>[GdPAI] ObjectRef(124285619658): object was freed before callback; returning Nil.
    [170] <engine-1>[GdPAI] ObjectRef(1382643928884): object was freed before callback; returning Nil.
    [171] <engine-1>[GdPAI] ObjectRef(1382643928884): object was freed before callback; returning Nil.
    [172] <engine-1>[GdPAI] ObjectRef(124621163998): object was freed before callback; returning Nil.
    [173] <engine-1>[GdPAI] ObjectRef(1382643928884): object was freed before callback; returning Nil.
    [174] <engine-1>[GdPAI] ObjectRef(1382643928884): object was freed before callback; returning Nil.
    [175] <engine-1>[GdPAI] ObjectRef(124621163998): object was freed before callback; returning Nil.
    [176] <engine-1>[GdPAI] ObjectRef(1382643928884): object was freed before callback; returning Nil.
    [177] <engine-1>[GdPAI] ObjectRef(124621163998): object was freed before callback; returning Nil.
    [178] <engine-1>[GdPAI] ObjectRef(125510356497): object was freed before callback; returning Nil.
    [179] <engine-1>[GdPAI] ObjectRef(125510356497): object was freed before callback; returning Nil.
    [180] <engine-1>[GdPAI] ObjectRef(1382643928884): object was freed before callback; returning Nil.
    [181] <engine-1>[GdPAI] ObjectRef(124621163998): object was freed before callback; returning Nil.
    [182] <engine-1>[GdPAI] ObjectRef(125510356497): object was freed before callback; returning Nil.
    [183] <engine-1>[GdPAI] ObjectRef(125510356497): object was freed before callback; returning Nil.
    [184] <engine-1>[GdPAI] ObjectRef(1382643928884): object was freed before callback; returning Nil.
    [185] <engine-1>[GdPAI] ObjectRef(124621163998): object was freed before callback; returning Nil.
    [186] <engine-1>[GdPAI] ObjectRef(124134624705): object was freed before callback; returning Nil.
    [187] <engine-1>[GdPAI] ObjectRef(124134624705): object was freed before callback; returning Nil.
    [188] <engine-1>[GdPAI] ObjectRef(1382643928884): object was freed before callback; returning Nil.
    [189] <engine-1>[GdPAI] ObjectRef(124621163998): object was freed before callback; returning Nil.
    [190] <engine-1>[GdPAI] ObjectRef(124134624705): object was freed before callback; returning Nil.
    [191] <engine-1>[GdPAI] ObjectRef(124134624705): object was freed before callback; returning Nil.
    [192] <engine-1>[GdPAI] ObjectRef(1382643928884): object was freed before callback; returning Nil.
    [193] <engine-1>[GdPAI] ObjectRef(124621163998): object was freed before callback; returning Nil.
    [194] <engine-1>[GdPAI] ObjectRef(1382643928884): object was freed before callback; returning Nil.
    [195] <engine-1>[GdPAI] ObjectRef(124621163998): object was freed before callback; returning Nil.
    [196] <engine-1>[GdPAI] ObjectRef(1382643928884): object was freed before callback; returning Nil.
    [197] <engine-1>[GdPAI] ObjectRef(1382643928884): object was freed before callback; returning Nil.
    [198] <engine-1>[GdPAI] ObjectRef(124621163998): object was freed before callback; returning Nil.
    [199] <engine-1>[GdPAI] ObjectRef(124621163998): object was freed before callback; returning Nil.
    [200] <engine-1>[GdPAI] ObjectRef(1382643928884): object was freed before callback; returning Nil.
    [201] <engine-1>[GdPAI] ObjectRef(1382643928884): object was freed before callback; returning Nil.
    [202] <engine-1>[GdPAI] ObjectRef(124621163998): object was freed before callback; returning Nil.
    [203] <engine-1>[GdPAI] ObjectRef(124621163998): object was freed before callback; returning Nil.
    [204] <engine-1>[GdPAI] ObjectRef(1382643928884): object was freed before callback; returning Nil.
    [205] <engine-1>[GdPAI] ObjectRef(124621163998): object was freed before callback; returning Nil.
    [206] <engine-1>[GdPAI] ObjectRef(1382643928884): object was freed before callback; returning Nil.
    [207] <engine-1>[GdPAI] ObjectRef(124621163998): object was freed before callback; returning Nil.
    [208] <engine-1>[GdPAI] ObjectRef(1382643928884): object was freed before callback; returning Nil.
    [209] <engine-1>[GdPAI] ObjectRef(124621163998): object was freed before callback; returning Nil.
    [210] <engine-1>[GdPAI] ObjectRef(1382643928884): object was freed before callback; returning Nil.
    [211] <engine-1>[GdPAI] ObjectRef(124621163998): object was freed before callback; returning Nil.
    [212] <engine-1>[GdPAI] ObjectRef(1382643928884): object was freed before callback; returning Nil.
    [213] <engine-1>[GdPAI] ObjectRef(124621163998): object was freed before callback; returning Nil.
    [214] <engine-1>[GdPAI] ObjectRef(1382643928884): object was freed before callback; returning Nil.
    [215] <engine-1>[GdPAI] ObjectRef(124621163998): object was freed before callback; returning Nil.
    [216] <engine-1>[GdPAI] ObjectRef(1382643928884): object was freed before callback; returning Nil.
    [217] <engine-1>[GdPAI] ObjectRef(1382643928884): object was freed before callback; returning Nil.
    [218] <engine-1>[GdPAI] ObjectRef(124621163998): object was freed before callback; returning Nil.
    [219] <engine-1>[GdPAI] ObjectRef(1382643928884): object was freed before callback; returning Nil.
    [220] <engine-1>[GdPAI] ObjectRef(1382643928884): object was freed before callback; returning Nil.
    [221] <engine-1>[GdPAI] ObjectRef(124621163998): object was freed before callback; returning Nil.
    [222] <engine-1>[GdPAI] ObjectRef(1382643928884): object was freed before callback; returning Nil.
    [223] <engine-1>[GdPAI] ObjectRef(1382643928884): object was freed before callback; returning Nil.
    [224] <engine-1>[GdPAI] ObjectRef(124621163998): object was freed before callback; returning Nil.
    [225] <engine-1>[GdPAI] ObjectRef(1382643928884): object was freed before callback; returning Nil.
    [226] <engine-1>[GdPAI] ObjectRef(1382643928884): object was freed before callback; returning Nil.
    [227] <engine-1>[GdPAI] ObjectRef(124621163998): object was freed before callback; returning Nil.
    [228] <engine-1>[GdPAI] ObjectRef(1382643928884): object was freed before callback; returning Nil.
    [229] <engine-1>[GdPAI] ObjectRef(1382643928884): object was freed before callback; returning Nil.
    [230] <engine-1>[GdPAI] ObjectRef(124621163998): object was freed before callback; returning Nil.
    [231] <engine-1>[GdPAI] ObjectRef(124621163998): object was freed before callback; returning Nil.
    [232] <engine-1>[GdPAI] ObjectRef(1382643928884): object was freed before callback; returning Nil.
    [233] <engine-1>[GdPAI] ObjectRef(1382643928884): object was freed before callback; returning Nil.
    [234] <engine-1>[GdPAI] ObjectRef(124621163998): object was freed before callback; returning Nil.
    [235] <engine-1>[GdPAI] ObjectRef(124621163998): object was freed before callback; returning Nil.
    [236] <engine-1>[GdPAI] ObjectRef(1382643928884): object was freed before callback; returning Nil.
    [237] <engine-1>[GdPAI] ObjectRef(1382643928884): object was freed before callback; returning Nil.
    [238] <engine-1>[GdPAI] ObjectRef(124621163998): object was freed before callback; returning Nil.
    [239] <engine-1>[GdPAI] ObjectRef(1382643928884): object was freed before callback; returning Nil.
    [240] <engine-1>[GdPAI] ObjectRef(1382643928884): object was freed before callback; returning Nil.
    [241] <engine-1>[GdPAI] ObjectRef(124621163998): object was freed before callback; returning Nil.
    [242] <engine-1>[GdPAI] ObjectRef(1382643928884): object was freed before callback; returning Nil.
    [243] <engine-1>[GdPAI] ObjectRef(1382643928884): object was freed before callback; returning Nil.
    [244] <engine-1>[GdPAI] ObjectRef(124621163998): object was freed before callback; returning Nil.
    [245] <engine-1>[GdPAI] ObjectRef(1382643928884): object was freed before callback; returning Nil.
    [246] <engine-1>[GdPAI] ObjectRef(1382643928884): object was freed before callback; returning Nil.
    [247] <engine-1>[GdPAI] ObjectRef(124621163998): object was freed before callback; returning Nil.
    [248] <engine-1>[GdPAI] ObjectRef(1382643928884): object was freed before callback; returning Nil.
    [249] <engine-1>[GdPAI] ObjectRef(1382643928884): object was freed before callback; returning Nil.
    [250] <engine-1>[GdPAI] ObjectRef(124621163998): object was freed before callback; returning Nil.
    [251] <engine-1>[GdPAI] ObjectRef(1382643928884): object was freed before callback; returning Nil.
    [252] <engine-1>[GdPAI] ObjectRef(1382643928884): object was freed before callback; returning Nil.
    [253] <engine-1>[GdPAI] ObjectRef(124621163998): object was freed before callback; returning Nil.
    [254] <engine-1>[GdPAI] ObjectRef(1382643928884): object was freed before callback; returning Nil.
    [255] <engine-1>[GdPAI] ObjectRef(1382643928884): object was freed before callback; returning Nil.
    [256] <engine-1>[GdPAI] ObjectRef(124621163998): object was freed before callback; returning Nil.
    [257] <engine-1>[GdPAI] ObjectRef(1382643928884): object was freed before callback; returning Nil.
    [258] <engine-1>[GdPAI] ObjectRef(1382643928884): object was freed before callback; returning Nil.
    [259] <engine-1>[GdPAI] ObjectRef(124621163998): object was freed before callback; returning Nil.
    [260] <engine-1>[GdPAI] ObjectRef(1382643928884): object was freed before callback; returning Nil.
    [261] <engine-1>[GdPAI] ObjectRef(1382643928884): object was freed before callback; returning Nil.
    [262] <engine-1>[GdPAI] ObjectRef(124621163998): object was freed before callback; returning Nil.
    [263] <engine-1>[GdPAI] ObjectRef(1382643928884): object was freed before callback; returning Nil.
    [264] <engine-1>[GdPAI] ObjectRef(1382643928884): object was freed before callback; returning Nil.
    [265] <engine-1>[GdPAI] ObjectRef(124621163998): object was freed before callback; returning Nil.
    [266] <engine-1>[GdPAI] ObjectRef(1382643928884): object was freed before callback; returning Nil.
    [267] <engine-1>[GdPAI] ObjectRef(1382643928884): object was freed before callback; returning Nil.
    [268] <engine-1>[GdPAI] ObjectRef(124621163998): object was freed before callback; returning Nil.
    [269] <engine-1>[GdPAI] ObjectRef(124621163998): object was freed before callback; returning Nil.
    [270] <engine-1>[GdPAI] ObjectRef(1382643928884): object was freed before callback; returning Nil.
    [271] <engine-1>[GdPAI] ObjectRef(1382643928884): object was freed before callback; returning Nil.
    [272] <engine-1>[GdPAI] ObjectRef(124621163998): object was freed before callback; returning Nil.
    [273] <engine-1>[GdPAI] ObjectRef(124621163998): object was freed before callback; returning Nil.
    [274] <engine-1>[GdPAI] ObjectRef(1382643928884): object was freed before callback; returning Nil.
    [275] <engine-1>[GdPAI] ObjectRef(1382643928884): object was freed before callback; returning Nil.
    [276] <engine-1>[GdPAI] ObjectRef(124621163998): object was freed before callback; returning Nil.
    [277] <engine-1>[GdPAI] ObjectRef(1382643928884): object was freed before callback; returning Nil.
    [278] <engine-1>[GdPAI] ObjectRef(1382643928884): object was freed before callback; returning Nil.
    [279] <engine-1>[GdPAI] ObjectRef(124621163998): object was freed before callback; returning Nil.
    [280] <engine-1>[GdPAI] ObjectRef(1382643928884): object was freed before callback; returning Nil.
    [281] <engine-1>[GdPAI] ObjectRef(1382643928884): object was freed before callback; returning Nil.
    [282] <engine-1>[GdPAI] ObjectRef(124621163998): object was freed before callback; returning Nil.
    [283] <engine-1>[GdPAI] ObjectRef(1382643928884): object was freed before callback; returning Nil.
    [284] <engine-1>[GdPAI] ObjectRef(1382643928884): object was freed before callback; returning Nil.
    [285] <engine-1>[GdPAI] ObjectRef(124621163998): object was freed before callback; returning Nil.
    [286] <engine-1>[GdPAI] ObjectRef(1382643928884): object was freed before callback; returning Nil.
    [287] <engine-1>[GdPAI] ObjectRef(1382643928884): object was freed before callback; returning Nil.
    [288] <engine-1>[GdPAI] ObjectRef(124621163998): object was freed before callback; returning Nil.
    [289] <engine-1>[GdPAI] ObjectRef(1382643928884): object was freed before callback; returning Nil.
    [290] <engine-1>[GdPAI] ObjectRef(1382643928884): object was freed before callback; returning Nil.
    [291] <engine-1>[GdPAI] ObjectRef(124621163998): object was freed before callback; returning Nil.
    [292] <engine-1>[GdPAI] ObjectRef(1382643928884): object was freed before callback; returning Nil.
    [293] <engine-1>[GdPAI] ObjectRef(1382643928884): object was freed before callback; returning Nil.
    [294] <engine-1>[GdPAI] ObjectRef(124621163998): object was freed before callback; returning Nil.
    [295] <engine-1>[GdPAI] ObjectRef(1382643928884): object was freed before callback; returning Nil.
    [296] <engine-1>[GdPAI] ObjectRef(1382643928884): object was freed before callback; returning Nil.
    [297] <engine-1>[GdPAI] ObjectRef(124621163998): object was freed before callback; returning Nil.
    [298] <engine-1>[GdPAI] ObjectRef(1382643928884): object was freed before callback; returning Nil.
    [299] <engine-1>[GdPAI] ObjectRef(1382643928884): object was freed before callback; returning Nil.
    [300] <engine-1>[GdPAI] ObjectRef(1382157389614): object was freed before callback; returning Nil.
    [301] <engine-1>[GdPAI] ObjectRef(1383348571562): object was freed before callback; returning Nil.
    [302] <engine-1>[GdPAI] ObjectRef(1382157389614): object was freed before callback; returning Nil.
    [303] <engine-1>[GdPAI] ObjectRef(1383348571562): object was freed before callback; returning Nil.
    [304] <engine-1>[GdPAI] ObjectRef(124621163998): object was freed before callback; returning Nil.
    [305] <engine-1>[GdPAI] ObjectRef(1382643928884): object was freed before callback; returning Nil.
    [306] <engine-1>[GdPAI] ObjectRef(1382643928884): object was freed before callback; returning Nil.
    [307] <engine-1>[GdPAI] ObjectRef(1382157389614): object was freed before callback; returning Nil.
    [308] <engine-1>[GdPAI] ObjectRef(1383348571562): object was freed before callback; returning Nil.
    [309] <engine-1>[GdPAI] ObjectRef(1382157389614): object was freed before callback; returning Nil.
    [310] <engine-1>[GdPAI] ObjectRef(1383348571562): object was freed before callback; returning Nil.
    [311] <engine-1>[GdPAI] ObjectRef(124621163998): object was freed before callback; returning Nil.
    [312] <engine-1>[GdPAI] ObjectRef(1382643928884): object was freed before callback; returning Nil.
    [313] <engine-1>[GdPAI] ObjectRef(1383348571562): object was freed before callback; returning Nil.
    [314] <engine-1>[GdPAI] ObjectRef(1383348571562): object was freed before callback; returning Nil.
    [315] <engine-1>[GdPAI] ObjectRef(124621163998): object was freed before callback; returning Nil.
    [316] <engine-1>[GdPAI] ObjectRef(124621163998): object was freed before callback; returning Nil.
    [317] <engine-1>[GdPAI] ObjectRef(1382643928884): object was freed before callback; returning Nil.
    [318] <engine-1>[GdPAI] ObjectRef(1383348571562): object was freed before callback; returning Nil.
    [319] <engine-1>[GdPAI] ObjectRef(1383348571562): object was freed before callback; returning Nil.
    [320] <engine-1>[GdPAI] ObjectRef(124621163998): object was freed before callback; returning Nil.
    [321] <engine-1>[GdPAI] ObjectRef(124621163998): object was freed before callback; returning Nil.
    [322] <engine-1>[GdPAI] ObjectRef(1382643928884): object was freed before callback; returning Nil.
    [323] <engine-1>[GdPAI] ObjectRef(1382157389614): object was freed before callback; returning Nil.
    [324] <engine-1>[GdPAI] ObjectRef(1382157389614): object was freed before callback; returning Nil.
    [325] <engine-1>[GdPAI] ObjectRef(124621163998): object was freed before callback; returning Nil.
    [326] <engine-1>[GdPAI] ObjectRef(1382643928884): object was freed before callback; returning Nil.
    [327] <engine-1>[GdPAI] ObjectRef(1382157389614): object was freed before callback; returning Nil.
    [328] <engine-1>[GdPAI] ObjectRef(1382157389614): object was freed before callback; returning Nil.
    [329] <engine-1>[GdPAI] ObjectRef(124621163998): object was freed before callback; returning Nil.
    [330] <engine-1>[GdPAI] ObjectRef(1382643928884): object was freed before callback; returning Nil.
    [331] <engine-1>[GdPAI] ObjectRef(124621163998): object was freed before callback; returning Nil.
    [332] <engine-1>[GdPAI] ObjectRef(1382643928884): object was freed before callback; returning Nil.
    [333] <engine-1>[GdPAI] ObjectRef(124621163998): object was freed before callback; returning Nil.
    [334] <engine-1>[GdPAI] ObjectRef(1382643928884): object was freed before callback; returning Nil.
    [335] <engine-1>[GdPAI] ObjectRef(1382643928884): object was freed before callback; returning Nil.
    [336] <engine-1>[GdPAI] ObjectRef(124621163998): object was freed before callback; returning Nil.
    [337] <engine-1>[GdPAI] ObjectRef(1382643928884): object was freed before callback; returning Nil.
    [338] <engine-1>[GdPAI] ObjectRef(1382643928884): object was freed before callback; returning Nil.
    [339] <engine-1>[GdPAI] ObjectRef(124621163998): object was freed before callback; returning Nil.
    [340] <engine-1>[GdPAI] ObjectRef(1382643928884): object was freed before callback; returning Nil.
    [341] <engine-1>[GdPAI] ObjectRef(124621163998): object was freed before callback; returning Nil.
    [342] <engine-1>[GdPAI] ObjectRef(1382643928884): object was freed before callback; returning Nil.
    [343] <engine-1>[GdPAI] ObjectRef(124621163998): object was freed before callback; returning Nil.
    [344] <engine-1>[GdPAI] ObjectRef(1382643928884): object was freed before callback; returning Nil.
    [345] <engine-1>[GdPAI] ObjectRef(124621163998): object was freed before callback; returning Nil.
    [346] <engine-1>[GdPAI] ObjectRef(1382643928884): object was freed before callback; returning Nil.
    [347] <engine-1>[GdPAI] ObjectRef(124621163998): object was freed before callback; returning Nil.
    [348] <engine-1>[GdPAI] ObjectRef(1382643928884): object was freed before callback; returning Nil.
    [349] <engine-1>[GdPAI] ObjectRef(124621163998): object was freed before callback; returning Nil.
    [350] <engine-1>[GdPAI] ObjectRef(124621163998): object was freed before callback; returning Nil.
    [351] <engine-1>[GdPAI] ObjectRef(1382643928884): object was freed before callback; returning Nil.
    [352] <engine-1>[GdPAI] ObjectRef(124621163998): object was freed before callback; returning Nil.
    [353] <engine-1>[GdPAI] ObjectRef(124621163998): object was freed before callback; returning Nil.
    [354] <engine-1>[GdPAI] ObjectRef(1382643928884): object was freed before callback; returning Nil.
    [355] <engine-1>[GdPAI] ObjectRef(1382643928884): object was freed before callback; returning Nil.
    [356] <engine-1>[GdPAI] ObjectRef(1382157389614): object was freed before callback; returning Nil.
    [357] <engine-1>[GdPAI] ObjectRef(1383348571562): object was freed before callback; returning Nil.
    [358] <engine-1>[GdPAI] ObjectRef(1382157389614): object was freed before callback; returning Nil.
    [359] <engine-1>[GdPAI] ObjectRef(1383348571562): object was freed before callback; returning Nil.
    [360] <engine-1>[GdPAI] ObjectRef(124621163998): object was freed before callback; returning Nil.
    [361] <engine-1>[GdPAI] ObjectRef(1382643928884): object was freed before callback; returning Nil.
    [362] <engine-1>[GdPAI] ObjectRef(1382643928884): object was freed before callback; returning Nil.
    [363] <engine-1>[GdPAI] ObjectRef(1382157389614): object was freed before callback; returning Nil.
    [364] <engine-1>[GdPAI] ObjectRef(1383348571562): object was freed before callback; returning Nil.
    [365] <engine-1>[GdPAI] ObjectRef(1382157389614): object was freed before callback; returning Nil.
    [366] <engine-1>[GdPAI] ObjectRef(1383348571562): object was freed before callback; returning Nil.
    [367] <engine-1>[GdPAI] ObjectRef(124621163998): object was freed before callback; returning Nil.
    [368] <engine-1>[GdPAI] ObjectRef(1382643928884): object was freed before callback; returning Nil.
    [369] <engine-1>[GdPAI] ObjectRef(1383348571562): object was freed before callback; returning Nil.
    [370] <engine-1>[GdPAI] ObjectRef(1383348571562): object was freed before callback; returning Nil.
    [371] <engine-1>[GdPAI] ObjectRef(124621163998): object was freed before callback; returning Nil.
    [372] <engine-1>[GdPAI] ObjectRef(1382643928884): object was freed before callback; returning Nil.
    [373] <engine-1>[GdPAI] ObjectRef(1383348571562): object was freed before callback; returning Nil.
    [374] <engine-1>[GdPAI] ObjectRef(1383348571562): object was freed before callback; returning Nil.
    [375] <engine-1>[GdPAI] ObjectRef(124621163998): object was freed before callback; returning Nil.
    [376] <engine-1>[GdPAI] ObjectRef(1382643928884): object was freed before callback; returning Nil.
    [377] <engine-1>[GdPAI] ObjectRef(1382157389614): object was freed before callback; returning Nil.
    [378] <engine-1>[GdPAI] ObjectRef(1382157389614): object was freed before callback; returning Nil.
    [379] <engine-1>[GdPAI] ObjectRef(124621163998): object was freed before callback; returning Nil.
    [380] <engine-1>[GdPAI] ObjectRef(1382643928884): object was freed before callback; returning Nil.
    [381] <engine-1>[GdPAI] ObjectRef(1382157389614): object was freed before callback; returning Nil.
    [382] <engine-1>[GdPAI] ObjectRef(1382157389614): object was freed before callback; returning Nil.
    [383] <engine-1>[GdPAI] ObjectRef(124621163998): object was freed before callback; returning Nil.
    [384] <engine-1>[GdPAI] ObjectRef(1382643928884): object was freed before callback; returning Nil.
    [385] <engine-1>[GdPAI] ObjectRef(124621163998): object was freed before callback; returning Nil.
    [386] <engine-1>[GdPAI] ObjectRef(1382643928884): object was freed before callback; returning Nil.
    [387] <engine-1>[GdPAI] ObjectRef(124621163998): object was freed before callback; returning Nil.
    [388] <engine-1>[GdPAI] ObjectRef(1382643928884): object was freed before callback; returning Nil.
    [389] <engine-1>[GdPAI] ObjectRef(1382643928884): object was freed before callback; returning Nil.
    [390] <engine-1>[GdPAI] ObjectRef(124621163998): object was freed before callback; returning Nil.
    [391] <engine-1>[GdPAI] ObjectRef(1382643928884): object was freed before callback; returning Nil.
    [392] <engine-1>[GdPAI] ObjectRef(1382643928884): object was freed before callback; returning Nil.
    [393] <engine-1>[GdPAI] ObjectRef(124621163998): object was freed before callback; returning Nil.
    [394] <engine-1>[GdPAI] ObjectRef(1382643928884): object was freed before callback; returning Nil.
    [395] <engine-1>[GdPAI] ObjectRef(124621163998): object was freed before callback; returning Nil.
    [396] <engine-1>[GdPAI] ObjectRef(124621163998): object was freed before callback; returning Nil.
    [397] <engine-1>[GdPAI] ObjectRef(1382643928884): object was freed before callback; returning Nil.
    [398] <engine-1>[GdPAI] ObjectRef(124621163998): object was freed before callback; returning Nil.
    [399] <engine-1>[GdPAI] ObjectRef(124621163998): object was freed before callback; returning Nil.
    [400] <engine-1>[GdPAI] ObjectRef(1382643928884): object was freed before callback; returning Nil.
    [401] <engine-1>[GdPAI] ObjectRef(124621163998): object was freed before callback; returning Nil.
    [402] <engine-1>[GdPAI] ObjectRef(124621163998): object was freed before callback; returning Nil.
    [403] <engine-1>[GdPAI] ObjectRef(1382643928884): object was freed before callback; returning Nil.
    [404] <engine-1>[GdPAI] ObjectRef(124621163998): object was freed before callback; returning Nil.
    [405] <engine-1>[GdPAI] ObjectRef(124621163998): object was freed before callback; returning Nil.
    [406] <engine-1>[GdPAI] ObjectRef(1382643928884): object was freed before callback; returning Nil.
    [407] <engine-1>[GdPAI] ObjectRef(124621163998): object was freed before callback; returning Nil.
    [408] <engine-1>[GdPAI] ObjectRef(124621163998): object was freed before callback; returning Nil.
    [409] <engine-1>[GdPAI] ObjectRef(1382643928884): object was freed before callback; returning Nil.
    [410] <engine-1>[GdPAI] ObjectRef(124621163998): object was freed before callback; returning Nil.
    [411] <engine-1>[GdPAI] ObjectRef(124621163998): object was freed before callback; returning Nil.
    [412] <engine-1>[GdPAI] ObjectRef(1382643928884): object was freed before callback; returning Nil.
    [413] <engine-1>[GdPAI] ObjectRef(1382643928884): object was freed before callback; returning Nil.
    [414] <engine-1>[GdPAI] ObjectRef(124621163998): object was freed before callback; returning Nil.
    [415] <engine-1>[GdPAI] ObjectRef(124621163998): object was freed before callback; returning Nil.
    [416] <engine-1>[GdPAI] ObjectRef(1382643928884): object was freed before callback; returning Nil.
    [417] <engine-1>[GdPAI] ObjectRef(1382643928884): object was freed before callback; returning Nil.
    [418] <engine-1>[GdPAI] ObjectRef(124621163998): object was freed before callback; returning Nil.
    [419] <engine-1>[GdPAI] ObjectRef(124621163998): object was freed before callback; returning Nil.
    [420] <engine-1>[GdPAI] ObjectRef(1382643928884): object was freed before callback; returning Nil.
    [421] <engine-1>[GdPAI] ObjectRef(124621163998): object was freed before callback; returning Nil.
    [422] <engine-1>[GdPAI] ObjectRef(124621163998): object was freed before callback; returning Nil.
    [423] <engine-1>[GdPAI] ObjectRef(1382643928884): object was freed before callback; returning Nil.
    [424] <engine-1>[GdPAI] ObjectRef(124621163998): object was freed before callback; returning Nil.
    [425] <engine-1>[GdPAI] ObjectRef(124621163998): object was freed before callback; returning Nil.
    [426] <engine-1>[GdPAI] ObjectRef(1382643928884): object was freed before callback; returning Nil.
    [427] <engine-1>[GdPAI] ObjectRef(124621163998): object was freed before callback; returning Nil.
    [428] <engine-1>[GdPAI] ObjectRef(124621163998): object was freed before callback; returning Nil.
    [429] <engine-1>[GdPAI] ObjectRef(1382643928884): object was freed before callback; returning Nil.
    [430] <engine-1>[GdPAI] ObjectRef(124621163998): object was freed before callback; returning Nil.
    [431] <engine-1>[GdPAI] ObjectRef(124621163998): object was freed before callback; returning Nil.
    [432] <engine-1>[GdPAI] ObjectRef(1382643928884): object was freed before callback; returning Nil.
    [433] <engine-1>[GdPAI] ObjectRef(124621163998): object was freed before callback; returning Nil.
    [434] <engine-1>[GdPAI] ObjectRef(124621163998): object was freed before callback; returning Nil.
    [435] <engine-1>[GdPAI] ObjectRef(1382643928884): object was freed before callback; returning Nil.
    [436] <engine-1>[GdPAI] ObjectRef(124621163998): object was freed before callback; returning Nil.
    [437] <engine-1>[GdPAI] ObjectRef(124621163998): object was freed before callback; returning Nil.
    [438] <engine-1>[GdPAI] ObjectRef(1382643928884): object was freed before callback; returning Nil.
    [439] <engine-1>[GdPAI] ObjectRef(1382643928884): object was freed before callback; returning Nil.
    [440] <engine-1>[GdPAI] ObjectRef(124621163998): object was freed before callback; returning Nil.
    [441] <engine-1>[GdPAI] ObjectRef(124621163998): object was freed before callback; returning Nil.
    [442] <engine-1>[GdPAI] ObjectRef(1382643928884): object was freed before callback; returning Nil.
    [443] <engine-1>[GdPAI] ObjectRef(1382643928884): object was freed before callback; returning Nil.
    [444] <engine-1>[GdPAI] ObjectRef(124621163998): object was freed before callback; returning Nil.
    [445] <engine-1>[GdPAI] ObjectRef(124621163998): object was freed before callback; returning Nil.
    [446] <engine-1>[GdPAI] ObjectRef(1382643928884): object was freed before callback; returning Nil.
    [447] <engine-1>[GdPAI] ObjectRef(124621163998): object was freed before callback; returning Nil.
    [448] <engine-1>[GdPAI] ObjectRef(124621163998): object was freed before callback; returning Nil.
    [449] <engine-1>[GdPAI] ObjectRef(1382643928884): object was freed before callback; returning Nil.
    [450] <engine-1>[GdPAI] ObjectRef(124621163998): object was freed before callback; returning Nil.
    [451] <engine-1>[GdPAI] ObjectRef(124621163998): object was freed before callback; returning Nil.
    [452] <engine-1>[GdPAI] ObjectRef(1382643928884): object was freed before callback; returning Nil.
    [453] <engine-1>[GdPAI] ObjectRef(124621163998): object was freed before callback; returning Nil.
    [454] <engine-1>[GdPAI] ObjectRef(124621163998): object was freed before callback; returning Nil.
    [455] <engine-1>[GdPAI] ObjectRef(1382643928884): object was freed before callback; returning Nil.
    [456] <engine-1>[GdPAI] ObjectRef(124621163998): object was freed before callback; returning Nil.
    [457] <engine-1>[GdPAI] ObjectRef(124621163998): object was freed before callback; returning Nil.
    [458] <engine-1>[GdPAI] ObjectRef(1382643928884): object was freed before callback; returning Nil.
    [459] <engine-1>[GdPAI] ObjectRef(124621163998): object was freed before callback; returning Nil.
    [460] <engine-1>[GdPAI] ObjectRef(124621163998): object was freed before callback; returning Nil.
    [461] <engine-1>[GdPAI] ObjectRef(1382643928884): object was freed before callback; returning Nil.
    [462] <engine-1>[GdPAI] ObjectRef(124621163998): object was freed before callback; returning Nil.
    [463] <engine-1>[GdPAI] ObjectRef(124621163998): object was freed before callback; returning Nil.
    [464] <engine-1>[GdPAI] ObjectRef(1382643928884): object was freed before callback; returning Nil.
    [465] <engine-1>[GdPAI] ObjectRef(1382643928884): object was freed before callback; returning Nil.
    [466] <engine-1>[GdPAI] ObjectRef(124621163998): object was freed before callback; returning Nil.
    [467] <engine-1>[GdPAI] ObjectRef(124621163998): object was freed before callback; returning Nil.
    [468] <engine-1>[GdPAI] ObjectRef(1382643928884): object was freed before callback; returning Nil.
    [469] <engine-1>[GdPAI] ObjectRef(1382643928884): object was freed before callback; returning Nil.
    [470] <engine-1>[GdPAI] ObjectRef(124621163998): object was freed before callback; returning Nil.
    [471] <engine-1>[GdPAI] ObjectRef(124621163998): object was freed before callback; returning Nil.
    [472] <engine-1>[GdPAI] ObjectRef(1382643928884): object was freed before callback; returning Nil.
    [473] <engine-1>[GdPAI] ObjectRef(124621163998): object was freed before callback; returning Nil.
    [474] <engine-1>[GdPAI] ObjectRef(124621163998): object was freed before callback; returning Nil.
    [475] <engine-1>[GdPAI] ObjectRef(1382643928884): object was freed before callback; returning Nil.
    [476] <engine-1>[GdPAI] ObjectRef(124621163998): object was freed before callback; returning Nil.
    [477] <engine-1>[GdPAI] ObjectRef(124621163998): object was freed before callback; returning Nil.
    [478] <engine-1>[GdPAI] ObjectRef(1382643928884): object was freed before callback; returning Nil.
    [479] <engine-1>[GdPAI] ObjectRef(124621163998): object was freed before callback; returning Nil.
    [480] <engine-1>[GdPAI] ObjectRef(124621163998): object was freed before callback; returning Nil.
    [481] <engine-1>[GdPAI] ObjectRef(124134624705): object was freed before callback; returning Nil.
    [482] <engine-1>[GdPAI] ObjectRef(125510356497): object was freed before callback; returning Nil.
    [483] <engine-1>[GdPAI] ObjectRef(124134624705): object was freed before callback; returning Nil.
    [484] <engine-1>[GdPAI] ObjectRef(124134624705): object was freed before callback; returning Nil.
    [485] <engine-1>[GdPAI] ObjectRef(125510356497): object was freed before callback; returning Nil.
    [486] <engine-1>[GdPAI] ObjectRef(124134624705): object was freed before callback; returning Nil.
    [487] <engine-1>[GdPAI] ObjectRef(1382643928884): object was freed before callback; returning Nil.
    [488] <engine-1>[GdPAI] ObjectRef(124621163998): object was freed before callback; returning Nil.
    [489] <engine-1>[GdPAI] ObjectRef(124621163998): object was freed before callback; returning Nil.
    [490] <engine-1>[GdPAI] ObjectRef(124134624705): object was freed before callback; returning Nil.
    [491] <engine-1>[GdPAI] ObjectRef(125510356497): object was freed before callback; returning Nil.
    [492] <engine-1>[GdPAI] ObjectRef(124134624705): object was freed before callback; returning Nil.
    [493] <engine-1>[GdPAI] ObjectRef(124134624705): object was freed before callback; returning Nil.
    [494] <engine-1>[GdPAI] ObjectRef(125510356497): object was freed before callback; returning Nil.
    [495] <engine-1>[GdPAI] ObjectRef(124134624705): object was freed before callback; returning Nil.
    [496] <engine-1>[GdPAI] ObjectRef(1382643928884): object was freed before callback; returning Nil.
    [497] <engine-1>[GdPAI] ObjectRef(124621163998): object was freed before callback; returning Nil.
    [498] <engine-1>[GdPAI] ObjectRef(124134624705): object was freed before callback; returning Nil.
    [499] <engine-1>[GdPAI] ObjectRef(124134624705): object was freed before callback; returning Nil.
    [500] <engine-1>[GdPAI] ObjectRef(1382643928884): object was freed before callback; returning Nil.
    [501] <engine-1>[GdPAI] ObjectRef(124621163998): object was freed before callback; returning Nil.
    [502] <engine-1>[GdPAI] ObjectRef(124134624705): object was freed before callback; returning Nil.
    [503] <engine-1>[GdPAI] ObjectRef(124134624705): object was freed before callback; returning Nil.
    [504] <engine-1>[GdPAI] ObjectRef(1382643928884): object was freed before callback; returning Nil.
    [505] <engine-1>[GdPAI] ObjectRef(1382643928884): object was freed before callback; returning Nil.
    [506] <engine-1>[GdPAI] ObjectRef(124621163998): object was freed before callback; returning Nil.
    [507] <engine-1>[GdPAI] ObjectRef(1382643928884): object was freed before callback; returning Nil.
    [508] <engine-1>[GdPAI] ObjectRef(1382643928884): object was freed before callback; returning Nil.
    [509] <engine-1>[GdPAI] ObjectRef(124621163998): object was freed before callback; returning Nil.
    [510] <engine-1>[GdPAI] ObjectRef(1382643928884): object was freed before callback; returning Nil.
    [511] <engine-1>[GdPAI] ObjectRef(124621163998): object was freed before callback; returning Nil.
    [512] <engine-1>[GdPAI] ObjectRef(125510356497): object was freed before callback; returning Nil.
    [513] <engine-1>[GdPAI] ObjectRef(125510356497): object was freed before callback; returning Nil.
    [514] <engine-1>[GdPAI] ObjectRef(1382643928884): object was freed before callback; returning Nil.
    [515] <engine-1>[GdPAI] ObjectRef(124621163998): object was freed before callback; returning Nil.
    [516] <engine-1>[GdPAI] ObjectRef(125510356497): object was freed before callback; returning Nil.
    [517] <engine-1>[GdPAI] ObjectRef(125510356497): object was freed before callback; returning Nil.
    [518] <engine-1>[GdPAI] ObjectRef(1382643928884): object was freed before callback; returning Nil.
    [519] <engine-1>[GdPAI] ObjectRef(124621163998): object was freed before callback; returning Nil.
    [520] <engine-1>[GdPAI] ObjectRef(124134624705): object was freed before callback; returning Nil.
    [521] <engine-1>[GdPAI] ObjectRef(124134624705): object was freed before callback; returning Nil.
    [522] <engine-1>[GdPAI] ObjectRef(1382643928884): object was freed before callback; returning Nil.
    [523] <engine-1>[GdPAI] ObjectRef(124621163998): object was freed before callback; returning Nil.
    [524] <engine-1>[GdPAI] ObjectRef(124134624705): object was freed before callback; returning Nil.
    [525] <engine-1>[GdPAI] ObjectRef(124134624705): object was freed before callback; returning Nil.
    [526] <engine-1>[GdPAI] ObjectRef(1382643928884): object was freed before callback; returning Nil.
    [527] <engine-1>[GdPAI] ObjectRef(124621163998): object was freed before callback; returning Nil.
    [528] <engine-1>[GdPAI] ObjectRef(1382643928884): object was freed before callback; returning Nil.
    [529] <engine-1>[GdPAI] ObjectRef(124621163998): object was freed before callback; returning Nil.
    [530] <engine-1>[GdPAI] ObjectRef(1382643928884): object was freed before callback; returning Nil.
    [531] <engine-1>[GdPAI] ObjectRef(1382643928884): object was freed before callback; returning Nil.
    [532] <engine-1>[GdPAI] ObjectRef(124621163998): object was freed before callback; returning Nil.
    [533] <engine-1>[GdPAI] ObjectRef(124621163998): object was freed before callback; returning Nil.
    [534] <engine-1>[GdPAI] ObjectRef(1382643928884): object was freed before callback; returning Nil.
    [535] <engine-1>[GdPAI] ObjectRef(1382643928884): object was freed before callback; returning Nil.
    [536] <engine-1>[GdPAI] ObjectRef(124621163998): object was freed before callback; returning Nil.
    [537] <engine-1>[GdPAI] ObjectRef(124621163998): object was freed before callback; returning Nil.
    [538] <engine-1>[GdPAI] ObjectRef(1382643928884): object was freed before callback; returning Nil.
    [539] <engine-1>[GdPAI] ObjectRef(1382643928884): object was freed before callback; returning Nil.
    [540] <engine-1>[GdPAI] ObjectRef(124621163998): object was freed before callback; returning Nil.
    [541] <engine-1>[GdPAI] ObjectRef(1382643928884): object was freed before callback; returning Nil.
    [542] <engine-1>[GdPAI] ObjectRef(1382643928884): object was freed before callback; returning Nil.
    [543] <engine-1>[GdPAI] ObjectRef(124621163998): object was freed before callback; returning Nil.
    [544] <engine-1>[GdPAI] ObjectRef(1382643928884): object was freed before callback; returning Nil.
    [545] <engine-1>[GdPAI] ObjectRef(1382643928884): object was freed before callback; returning Nil.
    [546] <engine-1>[GdPAI] ObjectRef(124621163998): object was freed before callback; returning Nil.
    [547] <engine-1>[GdPAI] ObjectRef(1382643928884): object was freed before callback; returning Nil.
    [548] <engine-1>[GdPAI] ObjectRef(1382643928884): object was freed before callback; returning Nil.
    [549] <engine-1>[GdPAI] ObjectRef(124621163998): object was freed before callback; returning Nil.
    [550] <engine-1>[GdPAI] ObjectRef(1382643928884): object was freed before callback; returning Nil.
    [551] <engine-1>[GdPAI] ObjectRef(1382643928884): object was freed before callback; returning Nil.
    [552] <engine-1>[GdPAI] ObjectRef(124621163998): object was freed before callback; returning Nil.
    [553] <engine-1>[GdPAI] ObjectRef(1382643928884): object was freed before callback; returning Nil.
    [554] <engine-1>[GdPAI] ObjectRef(1382643928884): object was freed before callback; returning Nil.
    [555] <engine-1>[GdPAI] ObjectRef(124621163998): object was freed before callback; returning Nil.
    [556] <engine-1>[GdPAI] ObjectRef(1382643928884): object was freed before callback; returning Nil.
    [557] <engine-1>[GdPAI] ObjectRef(1382643928884): object was freed before callback; returning Nil.
    [558] <engine-1>[GdPAI] ObjectRef(124621163998): object was freed before callback; returning Nil.
    [559] <engine-1>[GdPAI] ObjectRef(1382643928884): object was freed before callback; returning Nil.
    [560] <engine-1>[GdPAI] ObjectRef(1382643928884): object was freed before callback; returning Nil.
    [561] <engine-1>[GdPAI] ObjectRef(124621163998): object was freed before callback; returning Nil.
    [562] <engine-1>[GdPAI] ObjectRef(1382643928884): object was freed before callback; returning Nil.
    [563] <engine-1>[GdPAI] ObjectRef(1382643928884): object was freed before callback; returning Nil.
    [564] <engine-1>[GdPAI] ObjectRef(124621163998): object was freed before callback; returning Nil.
    [565] <engine-1>[GdPAI] ObjectRef(1382643928884): object was freed before callback; returning Nil.
    [566] <engine-1>[GdPAI] ObjectRef(1382643928884): object was freed before callback; returning Nil.
    [567] <engine-1>[GdPAI] ObjectRef(124621163998): object was freed before callback; returning Nil.
    [568] <engine-1>[GdPAI] ObjectRef(1382643928884): object was freed before callback; returning Nil.
    [569] <engine-1>[GdPAI] ObjectRef(1382643928884): object was freed before callback; returning Nil.
    [570] <engine-1>[GdPAI] ObjectRef(124621163998): object was freed before callback; returning Nil.
    [571] <engine-1>[GdPAI] ObjectRef(124621163998): object was freed before callback; returning Nil.
    [572] <engine-1>[GdPAI] ObjectRef(124134624705): object was freed before callback; returning Nil.
    [573] <engine-1>[GdPAI] ObjectRef(125510356497): object was freed before callback; returning Nil.
    [574] <engine-1>[GdPAI] ObjectRef(124134624705): object was freed before callback; returning Nil.
    [575] <engine-1>[GdPAI] ObjectRef(124134624705): object was freed before callback; returning Nil.
    [576] <engine-1>[GdPAI] ObjectRef(125510356497): object was freed before callback; returning Nil.
    [577] <engine-1>[GdPAI] ObjectRef(124134624705): object was freed before callback; returning Nil.
    [578] <engine-1>[GdPAI] ObjectRef(1382643928884): object was freed before callback; returning Nil.
    [579] <engine-1>[GdPAI] ObjectRef(1382643928884): object was freed before callback; returning Nil.
    [580] <engine-1>[GdPAI] ObjectRef(124621163998): object was freed before callback; returning Nil.
    [581] <engine-1>[GdPAI] ObjectRef(124621163998): object was freed before callback; returning Nil.
    [582] <engine-1>[GdPAI] ObjectRef(124134624705): object was freed before callback; returning Nil.
    [583] <engine-1>[GdPAI] ObjectRef(125510356497): object was freed before callback; returning Nil.
    [584] <engine-1>[GdPAI] ObjectRef(124134624705): object was freed before callback; returning Nil.
    [585] <engine-1>[GdPAI] ObjectRef(124134624705): object was freed before callback; returning Nil.
    [586] <engine-1>[GdPAI] ObjectRef(125510356497): object was freed before callback; returning Nil.
    [587] <engine-1>[GdPAI] ObjectRef(124134624705): object was freed before callback; returning Nil.
    [588] <engine-1>[GdPAI] ObjectRef(1382643928884): object was freed before callback; returning Nil.
    [589] <engine-1>[GdPAI] ObjectRef(1382643928884): object was freed before callback; returning Nil.
    [590] <engine-1>[GdPAI] ObjectRef(124621163998): object was freed before callback; returning Nil.
    [591] <engine-1>[GdPAI] ObjectRef(124134624705): object was freed before callback; returning Nil.
    [592] <engine-1>[GdPAI] ObjectRef(124134624705): object was freed before callback; returning Nil.
    [593] <engine-1>[GdPAI] ObjectRef(1382643928884): object was freed before callback; returning Nil.
    [594] <engine-1>[GdPAI] ObjectRef(1382643928884): object was freed before callback; returning Nil.
    [595] <engine-1>[GdPAI] ObjectRef(124621163998): object was freed before callback; returning Nil.
    [596] <engine-1>[GdPAI] ObjectRef(124134624705): object was freed before callback; returning Nil.
    [597] <engine-1>[GdPAI] ObjectRef(124134624705): object was freed before callback; returning Nil.
    [598] <engine-1>[GdPAI] ObjectRef(1382643928884): object was freed before callback; returning Nil.
    [599] <engine-1>[GdPAI] ObjectRef(1382643928884): object was freed before callback; returning Nil.
    [600] <engine-1>[GdPAI] ObjectRef(124621163998): object was freed before callback; returning Nil.
    [601] <engine-1>[GdPAI] ObjectRef(1382643928884): object was freed before callback; returning Nil.
    [602] <engine-1>[GdPAI] ObjectRef(1382643928884): object was freed before callback; returning Nil.
    [603] <engine-1>[GdPAI] ObjectRef(124621163998): object was freed before callback; returning Nil.
    [604] <engine-1>[GdPAI] ObjectRef(1382643928884): object was freed before callback; returning Nil.
    [605] <engine-1>[GdPAI] ObjectRef(1382643928884): object was freed before callback; returning Nil.
    [606] <engine-1>[GdPAI] ObjectRef(124621163998): object was freed before callback; returning Nil.
    [607] <engine-1>[GdPAI] ObjectRef(125510356497): object was freed before callback; returning Nil.
    [608] <engine-1>[GdPAI] ObjectRef(125510356497): object was freed before callback; returning Nil.
    [609] <engine-1>[GdPAI] ObjectRef(1382643928884): object was freed before callback; returning Nil.
    [610] <engine-1>[GdPAI] ObjectRef(1382643928884): object was freed before callback; returning Nil.
    [611] <engine-1>[GdPAI] ObjectRef(124621163998): object was freed before callback; returning Nil.
    [612] <engine-1>[GdPAI] ObjectRef(125510356497): object was freed before callback; returning Nil.
    [613] <engine-1>[GdPAI] ObjectRef(125510356497): object was freed before callback; returning Nil.
    [614] <engine-1>[GdPAI] ObjectRef(1382643928884): object was freed before callback; returning Nil.
    [615] <engine-1>[GdPAI] ObjectRef(1382643928884): object was freed before callback; returning Nil.
    [616] <engine-1>[GdPAI] ObjectRef(124621163998): object was freed before callback; returning Nil.
    [617] <engine-1>[GdPAI] ObjectRef(124134624705): object was freed before callback; returning Nil.
    [618] <engine-1>[GdPAI] ObjectRef(124134624705): object was freed before callback; returning Nil.
    [619] <engine-1>[GdPAI] ObjectRef(1382643928884): object was freed before callback; returning Nil.
    [620] <engine-1>[GdPAI] ObjectRef(1382643928884): object was freed before callback; returning Nil.
    [621] <engine-1>[GdPAI] ObjectRef(124621163998): object was freed before callback; returning Nil.
    [622] <engine-1>[GdPAI] ObjectRef(124134624705): object was freed before callback; returning Nil.
    [623] <engine-1>[GdPAI] ObjectRef(124134624705): object was freed before callback; returning Nil.
    [624] <engine-1>[GdPAI] ObjectRef(1382643928884): object was freed before callback; returning Nil.
    [625] <engine-1>[GdPAI] ObjectRef(1382643928884): object was freed before callback; returning Nil.
    [626] <engine-1>[GdPAI] ObjectRef(124621163998): object was freed before callback; returning Nil.
    [627] <engine-1>[GdPAI] ObjectRef(1382643928884): object was freed before callback; returning Nil.
    [628] <engine-1>[GdPAI] ObjectRef(1382643928884): object was freed before callback; returning Nil.
    [629] <engine-1>[GdPAI] ObjectRef(124621163998): object was freed before callback; returning Nil.
    [630] <engine-1>[GdPAI] ObjectRef(1382643928884): object was freed before callback; returning Nil.
    [631] <engine-1>[GdPAI] ObjectRef(1382643928884): object was freed before callback; returning Nil.
    [632] <engine-1>[GdPAI] ObjectRef(124621163998): object was freed before callback; returning Nil.
    [633] <engine-1>[GdPAI] ObjectRef(124621163998): object was freed before callback; returning Nil.
    [634] <engine-1>[GdPAI] ObjectRef(1382643928884): object was freed before callback; returning Nil.
    [635] <engine-1>[GdPAI] ObjectRef(1382643928884): object was freed before callback; returning Nil.
    [636] <engine-1>[GdPAI] ObjectRef(124621163998): object was freed before callback; returning Nil.
    [637] <engine-1>[GdPAI] ObjectRef(124621163998): object was freed before callback; returning Nil.
    [638] <engine-1>[GdPAI] ObjectRef(1382643928884): object was freed before callback; returning Nil.
    [639] <engine-1>[GdPAI] ObjectRef(1382643928884): object was freed before callback; returning Nil.
    [640] <engine-1>[GdPAI] ObjectRef(1382157389614): object was freed before callback; returning Nil.
    [641] <engine-1>[GdPAI] ObjectRef(1383499573091): object was freed before callback; returning Nil.
    [642] <engine-1>[GdPAI] ObjectRef(1382157389614): object was freed before callback; returning Nil.
    [643] <engine-1>[GdPAI] ObjectRef(1383499573091): object was freed before callback; returning Nil.
    [644] <engine-1>[GdPAI] ObjectRef(124621163998): object was freed before callback; returning Nil.
    [645] <engine-1>[GdPAI] ObjectRef(1382643928884): object was freed before callback; returning Nil.
    [646] <engine-1>[GdPAI] ObjectRef(1382643928884): object was freed before callback; returning Nil.
    [647] <engine-1>[GdPAI] ObjectRef(1382157389614): object was freed before callback; returning Nil.
    [648] <engine-1>[GdPAI] ObjectRef(1383499573091): object was freed before callback; returning Nil.
    [649] <engine-1>[GdPAI] ObjectRef(1382157389614): object was freed before callback; returning Nil.
    [650] <engine-1>[GdPAI] ObjectRef(1383499573091): object was freed before callback; returning Nil.
    [651] <engine-1>[GdPAI] ObjectRef(124621163998): object was freed before callback; returning Nil.
    [652] <engine-1>[GdPAI] ObjectRef(1382643928884): object was freed before callback; returning Nil.
    [653] <engine-1>[GdPAI] ObjectRef(1383499573091): object was freed before callback; returning Nil.
    [654] <engine-1>[GdPAI] ObjectRef(1383499573091): object was freed before callback; returning Nil.
    [655] <engine-1>[GdPAI] ObjectRef(124621163998): object was freed before callback; returning Nil.
    [656] <engine-1>[GdPAI] ObjectRef(1382643928884): object was freed before callback; returning Nil.
    [657] <engine-1>[GdPAI] ObjectRef(1383499573091): object was freed before callback; returning Nil.
    [658] <engine-1>[GdPAI] ObjectRef(1383499573091): object was freed before callback; returning Nil.
    [659] <engine-1>[GdPAI] ObjectRef(124621163998): object was freed before callback; returning Nil.
    [660] <engine-1>[GdPAI] ObjectRef(1382643928884): object was freed before callback; returning Nil.
    [661] <engine-1>[GdPAI] ObjectRef(1382157389614): object was freed before callback; returning Nil.
    [662] <engine-1>[GdPAI] ObjectRef(1382157389614): object was freed before callback; returning Nil.
    [663] <engine-1>[GdPAI] ObjectRef(124621163998): object was freed before callback; returning Nil.
    [664] <engine-1>[GdPAI] ObjectRef(1382643928884): object was freed before callback; returning Nil.
    [665] <engine-1>[GdPAI] ObjectRef(1382157389614): object was freed before callback; returning Nil.
    [666] <engine-1>[GdPAI] ObjectRef(1382157389614): object was freed before callback; returning Nil.
    [667] <engine-1>[GdPAI] ObjectRef(124621163998): object was freed before callback; returning Nil.
    [668] <engine-1>[GdPAI] ObjectRef(1382643928884): object was freed before callback; returning Nil.
    [669] <engine-1>[GdPAI] ObjectRef(124621163998): object was freed before callback; returning Nil.
    [670] <engine-1>[GdPAI] ObjectRef(1382643928884): object was freed before callback; returning Nil.
    [671] <engine-1>[GdPAI] ObjectRef(124621163998): object was freed before callback; returning Nil.
    [672] <engine-1>[GdPAI] ObjectRef(1382643928884): object was freed before callback; returning Nil.
    [673] <engine-1>[GdPAI] ObjectRef(1382643928884): object was freed before callback; returning Nil.
    [674] <engine-1>[GdPAI] ObjectRef(124621163998): object was freed before callback; returning Nil.
    [675] <engine-1>[GdPAI] ObjectRef(1382643928884): object was freed before callback; returning Nil.
    [676] <engine-1>[GdPAI] ObjectRef(1382643928884): object was freed before callback; returning Nil.
    [677] <engine-1>[GdPAI] ObjectRef(124621163998): object was freed before callback; returning Nil.
    [678] <engine-1>[GdPAI] ObjectRef(1382643928884): object was freed before callback; returning Nil.
    [679] <engine-1>[GdPAI] ObjectRef(124621163998): object was freed before callback; returning Nil.
    [680] <engine-1>[GdPAI] ObjectRef(124621163998): object was freed before callback; returning Nil.
    [681] <engine-1>[GdPAI] ObjectRef(1382643928884): object was freed before callback; returning Nil.
    [682] <engine-1>[GdPAI] ObjectRef(124621163998): object was freed before callback; returning Nil.
    [683] <engine-1>[GdPAI] ObjectRef(124621163998): object was freed before callback; returning Nil.
    [684] <engine-1>[GdPAI] ObjectRef(1382643928884): object was freed before callback; returning Nil.
    [685] <engine-1>[GdPAI] ObjectRef(124621163998): object was freed before callback; returning Nil.
    [686] <engine-1>[GdPAI] ObjectRef(1382643928884): object was freed before callback; returning Nil.
    [687] <engine-1>[GdPAI] ObjectRef(124621163998): object was freed before callback; returning Nil.
    [688] <engine-1>[GdPAI] ObjectRef(1382643928884): object was freed before callback; returning Nil.
    [689] <engine-1>[GdPAI] ObjectRef(124621163998): object was freed before callback; returning Nil.
    [690] <engine-1>[GdPAI] ObjectRef(1382643928884): object was freed before callback; returning Nil.
    [691] <engine-1>[GdPAI] ObjectRef(124621163998): object was freed before callback; returning Nil.
    [692] <engine-1>[GdPAI] ObjectRef(1382643928884): object was freed before callback; returning Nil.
    [693] <engine-1>[GdPAI] ObjectRef(1382643928884): object was freed before callback; returning Nil.
    [694] <engine-1>[GdPAI] ObjectRef(1382157389614): object was freed before callback; returning Nil.
    [695] <engine-1>[GdPAI] ObjectRef(1383499573091): object was freed before callback; returning Nil.
    [696] <engine-1>[GdPAI] ObjectRef(1382157389614): object was freed before callback; returning Nil.
    [697] <engine-1>[GdPAI] ObjectRef(1383499573091): object was freed before callback; returning Nil.
    [698] <engine-1>[GdPAI] ObjectRef(124621163998): object was freed before callback; returning Nil.
    [699] <engine-1>[GdPAI] ObjectRef(1382643928884): object was freed before callback; returning Nil.
    [700] <engine-1>[GdPAI] ObjectRef(1382643928884): object was freed before callback; returning Nil.
    [701] <engine-1>[GdPAI] ObjectRef(1382157389614): object was freed before callback; returning Nil.
    [702] <engine-1>[GdPAI] ObjectRef(1383499573091): object was freed before callback; returning Nil.
    [703] <engine-1>[GdPAI] ObjectRef(1382157389614): object was freed before callback; returning Nil.
    [704] <engine-1>[GdPAI] ObjectRef(1383499573091): object was freed before callback; returning Nil.
    [705] <engine-1>[GdPAI] ObjectRef(124621163998): object was freed before callback; returning Nil.
    [706] <engine-1>[GdPAI] ObjectRef(1382643928884): object was freed before callback; returning Nil.
    [707] <engine-1>[GdPAI] ObjectRef(1383499573091): object was freed before callback; returning Nil.
    [708] <engine-1>[GdPAI] ObjectRef(1383499573091): object was freed before callback; returning Nil.
    [709] <engine-1>[GdPAI] ObjectRef(124621163998): object was freed before callback; returning Nil.
    [710] <engine-1>[GdPAI] ObjectRef(1382643928884): object was freed before callback; returning Nil.
    [711] <engine-1>[GdPAI] ObjectRef(1383499573091): object was freed before callback; returning Nil.
    [712] <engine-1>[GdPAI] ObjectRef(1383499573091): object was freed before callback; returning Nil.
    [713] <engine-1>[GdPAI] ObjectRef(124621163998): object was freed before callback; returning Nil.
    [714] <engine-1>[GdPAI] ObjectRef(1382643928884): object was freed before callback; returning Nil.
    [715] <engine-1>[GdPAI] ObjectRef(1382157389614): object was freed before callback; returning Nil.
    [716] <engine-1>[GdPAI] ObjectRef(1382157389614): object was freed before callback; returning Nil.
    [717] <engine-1>[GdPAI] ObjectRef(124621163998): object was freed before callback; returning Nil.
    [718] <engine-1>[GdPAI] ObjectRef(1382643928884): object was freed before callback; returning Nil.
    [719] <engine-1>[GdPAI] ObjectRef(1382157389614): object was freed before callback; returning Nil.
    [720] <engine-1>[GdPAI] ObjectRef(1382157389614): object was freed before callback; returning Nil.
    [721] <engine-1>[GdPAI] ObjectRef(124621163998): object was freed before callback; returning Nil.
    [722] <engine-1>[GdPAI] ObjectRef(1382643928884): object was freed before callback; returning Nil.
    [723] <engine-1>[GdPAI] ObjectRef(124621163998): object was freed before callback; returning Nil.
    [724] <engine-1>[GdPAI] ObjectRef(124621163998): object was freed before callback; returning Nil.
    [725] <engine-1>[GdPAI] ObjectRef(1382643928884): object was freed before callback; returning Nil.
    [726] <engine-1>[GdPAI] ObjectRef(124621163998): object was freed before callback; returning Nil.
    [727] <engine-1>[GdPAI] ObjectRef(124621163998): object was freed before callback; returning Nil.
    [728] <engine-1>[GdPAI] ObjectRef(1382643928884): object was freed before callback; returning Nil.
    [729] <engine-1>[GdPAI] ObjectRef(1382643928884): object was freed before callback; returning Nil.
    [730] <engine-1>[GdPAI] ObjectRef(124621163998): object was freed before callback; returning Nil.
    [731] <engine-1>[GdPAI] ObjectRef(1382643928884): object was freed before callback; returning Nil.
    [732] <engine-1>[GdPAI] ObjectRef(1382643928884): object was freed before callback; returning Nil.
    [733] <engine-1>[GdPAI] ObjectRef(124621163998): object was freed before callback; returning Nil.
    [734] <engine-1>[GdPAI] ObjectRef(1382643928884): object was freed before callback; returning Nil.
    [735] <engine-1>[GdPAI] ObjectRef(124621163998): object was freed before callback; returning Nil.
    [736] <engine-1>[GdPAI] ObjectRef(1382643928884): object was freed before callback; returning Nil.
    [737] <engine-1>[GdPAI] ObjectRef(124621163998): object was freed before callback; returning Nil.
    [738] <engine-1>[GdPAI] ObjectRef(1382643928884): object was freed before callback; returning Nil.
    [739] <engine-1>[GdPAI] ObjectRef(124621163998): object was freed before callback; returning Nil.
    [740] <engine-1>[GdPAI] ObjectRef(1382643928884): object was freed before callback; returning Nil.
    [741] <engine-1>[GdPAI] ObjectRef(124621163998): object was freed before callback; returning Nil.
    [742] <engine-1>[GdPAI] ObjectRef(1382643928884): object was freed before callback; returning Nil.
    [743] <engine-1>[GdPAI] ObjectRef(124621163998): object was freed before callback; returning Nil.
    [744] <engine-1>[GdPAI] ObjectRef(1382643928884): object was freed before callback; returning Nil.
    [745] <engine-1>[GdPAI] ObjectRef(124621163998): object was freed before callback; returning Nil.
    [746] <engine-1>[GdPAI] ObjectRef(1382643928884): object was freed before callback; returning Nil.
    [747] <engine-1>[GdPAI] ObjectRef(1382643928884): object was freed before callback; returning Nil.
    [748] <engine-1>[GdPAI] ObjectRef(124621163998): object was freed before callback; returning Nil.
    [749] <engine-1>[GdPAI] ObjectRef(1382643928884): object was freed before callback; returning Nil.
    [750] <engine-1>[GdPAI] ObjectRef(1382643928884): object was freed before callback; returning Nil.
    [751] <engine-1>[GdPAI] ObjectRef(124621163998): object was freed before callback; returning Nil.
    [752] <engine-1>[GdPAI] ObjectRef(1382643928884): object was freed before callback; returning Nil.
    [753] <engine-1>[GdPAI] ObjectRef(124621163998): object was freed before callback; returning Nil.
    [754] <engine-1>[GdPAI] ObjectRef(124621163998): object was freed before callback; returning Nil.
    [755] <engine-1>[GdPAI] ObjectRef(1382643928884): object was freed before callback; returning Nil.
    [756] <engine-1>[GdPAI] ObjectRef(124621163998): object was freed before callback; returning Nil.
    [757] <engine-1>[GdPAI] ObjectRef(124621163998): object was freed before callback; returning Nil.
    [758] <engine-1>[GdPAI] ObjectRef(1382643928884): object was freed before callback; returning Nil.
    [759] <engine-1>[GdPAI] ObjectRef(124621163998): object was freed before callback; returning Nil.
    [760] <engine-1>[GdPAI] ObjectRef(1382643928884): object was freed before callback; returning Nil.
    [761] <engine-1>[GdPAI] ObjectRef(124621163998): object was freed before callback; returning Nil.
    [762] <engine-1>[GdPAI] ObjectRef(1382643928884): object was freed before callback; returning Nil.
    [763] <engine-1>[GdPAI] ObjectRef(124621163998): object was freed before callback; returning Nil.
    [764] <engine-1>[GdPAI] ObjectRef(1382643928884): object was freed before callback; returning Nil.
    [765] <engine-1>[GdPAI] ObjectRef(124621163998): object was freed before callback; returning Nil.
    [766] <engine-1>[GdPAI] ObjectRef(1382643928884): object was freed before callback; returning Nil.
    [767] <engine-1>[GdPAI] ObjectRef(1382643928884): object was freed before callback; returning Nil.
    [768] <engine-1>[GdPAI] ObjectRef(124621163998): object was freed before callback; returning Nil.
    [769] <engine-1>[GdPAI] ObjectRef(1382643928884): object was freed before callback; returning Nil.
    [770] <engine-1>[GdPAI] ObjectRef(1382643928884): object was freed before callback; returning Nil.
    [771] <engine-1>[GdPAI] ObjectRef(124621163998): object was freed before callback; returning Nil.
    [772] <engine-1>[GdPAI] ObjectRef(1382643928884): object was freed before callback; returning Nil.
    [773] <engine-1>[GdPAI] ObjectRef(124621163998): object was freed before callback; returning Nil.
    [774] <engine-1>[GdPAI] ObjectRef(1382643928884): object was freed before callback; returning Nil.
    [775] <engine-1>[GdPAI] ObjectRef(124621163998): object was freed before callback; returning Nil.
    [776] <engine-1>[GdPAI] ObjectRef(1382643928884): object was freed before callback; returning Nil.
    [777] <engine-1>[GdPAI] ObjectRef(124621163998): object was freed before callback; returning Nil.
    [778] <engine-1>[GdPAI] ObjectRef(1382643928884): object was freed before callback; returning Nil.
    [779] <engine-1>[GdPAI] ObjectRef(124621163998): object was freed before callback; returning Nil.
    [780] <engine-1>[GdPAI] ObjectRef(1382643928884): object was freed before callback; returning Nil.
    [781] <engine-1>[GdPAI] ObjectRef(124621163998): object was freed before callback; returning Nil.
    [782] <engine-1>[GdPAI] ObjectRef(124621163998): object was freed before callback; returning Nil.
    [783] <engine-1>[GdPAI] ObjectRef(1382643928884): object was freed before callback; returning Nil.
    [784] <engine-1>[GdPAI] ObjectRef(124621163998): object was freed before callback; returning Nil.
    [785] <engine-1>[GdPAI] ObjectRef(124621163998): object was freed before callback; returning Nil.
    [786] <engine-1>[GdPAI] ObjectRef(1382643928884): object was freed before callback; returning Nil.
    [787] <engine-1>[GdPAI] ObjectRef(1382643928884): object was freed before callback; returning Nil.
    [788] <engine-1>[GdPAI] ObjectRef(124621163998): object was freed before callback; returning Nil.
    [789] <engine-1>[GdPAI] ObjectRef(1382643928884): object was freed before callback; returning Nil.
    [790] <engine-1>[GdPAI] ObjectRef(1382643928884): object was freed before callback; returning Nil.
    [791] <engine-1>[GdPAI] ObjectRef(124621163998): object was freed before callback; returning Nil.
    [792] <engine-1>[GdPAI] ObjectRef(1382643928884): object was freed before callback; returning Nil.
    [793] <engine-1>[GdPAI] ObjectRef(124621163998): object was freed before callback; returning Nil.
    [794] <engine-1>[GdPAI] ObjectRef(1382643928884): object was freed before callback; returning Nil.
    [795] <engine-1>[GdPAI] ObjectRef(124621163998): object was freed before callback; returning Nil.
    [796] <engine-1>[GdPAI] ObjectRef(1382643928884): object was freed before callback; returning Nil.
    [797] <engine-1>[GdPAI] ObjectRef(124621163998): object was freed before callback; returning Nil.
    [798] <engine-1>[GdPAI] ObjectRef(1382643928884): object was freed before callback; returning Nil.
    [799] <engine-1>[GdPAI] ObjectRef(124621163998): object was freed before callback; returning Nil.
    [800] <engine-1>[GdPAI] ObjectRef(1382643928884): object was freed before callback; returning Nil.
    [801] <engine-1>[GdPAI] ObjectRef(124621163998): object was freed before callback; returning Nil.
    [802] <engine-1>[GdPAI] ObjectRef(1382643928884): object was freed before callback; returning Nil.
    [803] <engine-1>[GdPAI] ObjectRef(124621163998): object was freed before callback; returning Nil.
    [804] <engine-1>[GdPAI] ObjectRef(1382643928884): object was freed before callback; returning Nil.
    [805] <engine-1>[GdPAI] ObjectRef(1382643928884): object was freed before callback; returning Nil.
    [806] <engine-1>[GdPAI] ObjectRef(124621163998): object was freed before callback; returning Nil.
    [807] <engine-1>[GdPAI] ObjectRef(1382643928884): object was freed before callback; returning Nil.
    [808] <engine-1>[GdPAI] ObjectRef(1382643928884): object was freed before callback; returning Nil.
    [809] <engine-1>[GdPAI] ObjectRef(124621163998): object was freed before callback; returning Nil.
    [810] <engine-1>[GdPAI] ObjectRef(1382643928884): object was freed before callback; returning Nil.
    [811] <engine-1>[GdPAI] ObjectRef(124621163998): object was freed before callback; returning Nil.
    [812] <engine-1>[GdPAI] ObjectRef(124621163998): object was freed before callback; returning Nil.
    [813] <engine-1>[GdPAI] ObjectRef(1382643928884): object was freed before callback; returning Nil.
    [814] <engine-1>[GdPAI] ObjectRef(124621163998): object was freed before callback; returning Nil.
    [815] <engine-1>[GdPAI] ObjectRef(124621163998): object was freed before callback; returning Nil.
    [816] <engine-1>[GdPAI] ObjectRef(1382643928884): object was freed before callback; returning Nil.
    [817] <engine-1>[GdPAI] ObjectRef(124621163998): object was freed before callback; returning Nil.
    [818] <engine-1>[GdPAI] ObjectRef(124621163998): object was freed before callback; returning Nil.
    [819] <engine-1>[GdPAI] ObjectRef(1382643928884): object was freed before callback; returning Nil.
    [820] <engine-1>[GdPAI] ObjectRef(124621163998): object was freed before callback; returning Nil.
    [821] <engine-1>[GdPAI] ObjectRef(124621163998): object was freed before callback; returning Nil.
    [822] <engine-1>[GdPAI] ObjectRef(1382643928884): object was freed before callback; returning Nil.
    [823] <engine-1>[GdPAI] ObjectRef(124621163998): object was freed before callback; returning Nil.
    [824] <engine-1>[GdPAI] ObjectRef(124621163998): object was freed before callback; returning Nil.
    [825] <engine-1>[GdPAI] ObjectRef(1382643928884): object was freed before callback; returning Nil.
    [826] <engine-1>[GdPAI] ObjectRef(124621163998): object was freed before callback; returning Nil.
    [827] <engine-1>[GdPAI] ObjectRef(124621163998): object was freed before callback; returning Nil.
    [828] <engine-1>[GdPAI] ObjectRef(1382643928884): object was freed before callback; returning Nil.
    [829] <engine-1>[GdPAI] ObjectRef(1382643928884): object was freed before callback; returning Nil.
    [830] <engine-1>[GdPAI] ObjectRef(124621163998): object was freed before callback; returning Nil.
    [831] <engine-1>[GdPAI] ObjectRef(124621163998): object was freed before callback; returning Nil.
    [832] <engine-1>[GdPAI] ObjectRef(1382643928884): object was freed before callback; returning Nil.
    [833] <engine-1>[GdPAI] ObjectRef(1382643928884): object was freed before callback; returning Nil.
    [834] <engine-1>[GdPAI] ObjectRef(124621163998): object was freed before callback; returning Nil.
    [835] <engine-1>[GdPAI] ObjectRef(124621163998): object was freed before callback; returning Nil.
    [836] <engine-1>[GdPAI] ObjectRef(1382643928884): object was freed before callback; returning Nil.
    [837] <engine-1>[GdPAI] ObjectRef(1382643928884): object was freed before callback; returning Nil.
    [838] <engine-1>[GdPAI] ObjectRef(124621163998): object was freed before callback; returning Nil.
    [839] <engine-1>[GdPAI] ObjectRef(124621163998): object was freed before callback; returning Nil.
    [840] <engine-1>[GdPAI] ObjectRef(1382643928884): object was freed before callback; returning Nil.
    [841] <engine-1>[GdPAI] ObjectRef(1382643928884): object was freed before callback; returning Nil.
    [842] <engine-1>[GdPAI] ObjectRef(124621163998): object was freed before callback; returning Nil.
    [843] <engine-1>[GdPAI] ObjectRef(124621163998): object was freed before callback; returning Nil.
    [844] <engine-1>[GdPAI] ObjectRef(1382643928884): object was freed before callback; returning Nil.
    [845] <engine-1>[GdPAI] ObjectRef(1382643928884): object was freed before callback; returning Nil.
    [846] <engine-1>[GdPAI] ObjectRef(124621163998): object was freed before callback; returning Nil.
    [847] <engine-1>[GdPAI] ObjectRef(124134624705): object was freed before callback; returning Nil.
    [848] <engine-1>[GdPAI] ObjectRef(125510356497): object was freed before callback; returning Nil.
    [849] <engine-1>[GdPAI] ObjectRef(124134624705): object was freed before callback; returning Nil.
    [850] <engine-1>[GdPAI] ObjectRef(125510356497): object was freed before callback; returning Nil.
    [851] <engine-1>[GdPAI] ObjectRef(1382643928884): object was freed before callback; returning Nil.
    [852] <engine-1>[GdPAI] ObjectRef(1382643928884): object was freed before callback; returning Nil.
    [853] <engine-1>[GdPAI] ObjectRef(124621163998): object was freed before callback; returning Nil.
    [854] <engine-1>[GdPAI] ObjectRef(124134624705): object was freed before callback; returning Nil.
    [855] <engine-1>[GdPAI] ObjectRef(125510356497): object was freed before callback; returning Nil.
    [856] <engine-1>[GdPAI] ObjectRef(124134624705): object was freed before callback; returning Nil.
    [857] <engine-1>[GdPAI] ObjectRef(125510356497): object was freed before callback; returning Nil.
    [858] <engine-1>[GdPAI] ObjectRef(1382643928884): object was freed before callback; returning Nil.
    [859] <engine-1>[GdPAI] ObjectRef(1382643928884): object was freed before callback; returning Nil.
    [860] <engine-1>[GdPAI] ObjectRef(124621163998): object was freed before callback; returning Nil.
    [861] <engine-1>[GdPAI] ObjectRef(1382643928884): object was freed before callback; returning Nil.
    [862] <engine-1>[GdPAI] ObjectRef(1382643928884): object was freed before callback; returning Nil.
    [863] <engine-1>[GdPAI] ObjectRef(124621163998): object was freed before callback; returning Nil.
    [864] <engine-1>[GdPAI] ObjectRef(1382643928884): object was freed before callback; returning Nil.
    [865] <engine-1>[GdPAI] ObjectRef(1382643928884): object was freed before callback; returning Nil.
    [866] <engine-1>[GdPAI] ObjectRef(124621163998): object was freed before callback; returning Nil.
    [867] <engine-1>[GdPAI] ObjectRef(125510356497): object was freed before callback; returning Nil.
    [868] <engine-1>[GdPAI] ObjectRef(125510356497): object was freed before callback; returning Nil.
    [869] <engine-1>[GdPAI] ObjectRef(1382643928884): object was freed before callback; returning Nil.
    [870] <engine-1>[GdPAI] ObjectRef(1382643928884): object was freed before callback; returning Nil.
    [871] <engine-1>[GdPAI] ObjectRef(124621163998): object was freed before callback; returning Nil.
    [872] <engine-1>[GdPAI] ObjectRef(125510356497): object was freed before callback; returning Nil.
    [873] <engine-1>[GdPAI] ObjectRef(125510356497): object was freed before callback; returning Nil.
    [874] <engine-1>[GdPAI] ObjectRef(1382643928884): object was freed before callback; returning Nil.
    [875] <engine-1>[GdPAI] ObjectRef(1382643928884): object was freed before callback; returning Nil.
    [876] <engine-1>[GdPAI] ObjectRef(124621163998): object was freed before callback; returning Nil.
    [877] <engine-1>[GdPAI] ObjectRef(124134624705): object was freed before callback; returning Nil.
    [878] <engine-1>[GdPAI] ObjectRef(124134624705): object was freed before callback; returning Nil.
    [879] <engine-1>[GdPAI] ObjectRef(1382643928884): object was freed before callback; returning Nil.
    [880] <engine-1>[GdPAI] ObjectRef(1382643928884): object was freed before callback; returning Nil.
    [881] <engine-1>[GdPAI] ObjectRef(124621163998): object was freed before callback; returning Nil.
    [882] <engine-1>[GdPAI] ObjectRef(124134624705): object was freed before callback; returning Nil.
    [883] <engine-1>[GdPAI] ObjectRef(124134624705): object was freed before callback; returning Nil.
    [884] <engine-1>[GdPAI] ObjectRef(1382643928884): object was freed before callback; returning Nil.
    [885] <engine-1>[GdPAI] ObjectRef(1382643928884): object was freed before callback; returning Nil.
    [886] <engine-1>[GdPAI] ObjectRef(124621163998): object was freed before callback; returning Nil.
    [887] <engine-1>[GdPAI] ObjectRef(1382643928884): object was freed before callback; returning Nil.
    [888] <engine-1>[GdPAI] ObjectRef(1382643928884): object was freed before callback; returning Nil.
    [889] <engine-1>[GdPAI] ObjectRef(124621163998): object was freed before callback; returning Nil.
    [890] <engine-1>[GdPAI] ObjectRef(1382643928884): object was freed before callback; returning Nil.
    [891] <engine-1>[GdPAI] ObjectRef(1382643928884): object was freed before callback; returning Nil.
    [892] <engine-1>[GdPAI] ObjectRef(124621163998): object was freed before callback; returning Nil.
    [893] <engine-1>[GdPAI] ObjectRef(124621163998): object was freed before callback; returning Nil.
    [894] <engine-1>[GdPAI] ObjectRef(1382643928884): object was freed before callback; returning Nil.
    [895] <engine-1>[GdPAI] ObjectRef(1382643928884): object was freed before callback; returning Nil.
    [896] <engine-1>[GdPAI] ObjectRef(124621163998): object was freed before callback; returning Nil.
    [897] <engine-1>[GdPAI] ObjectRef(124621163998): object was freed before callback; returning Nil.
    [898] <engine-1>[GdPAI] ObjectRef(1382643928884): object was freed before callback; returning Nil.
    [899] <engine-1>[GdPAI] ObjectRef(1382643928884): object was freed before callback; returning Nil.
    [900] <engine-1>[GdPAI] ObjectRef(124621163998): object was freed before callback; returning Nil.
    [901] <engine-1>[GdPAI] ObjectRef(124134624705): object was freed before callback; returning Nil.
    [902] <engine-1>[GdPAI] ObjectRef(125510356497): object was freed before callback; returning Nil.
    [903] <engine-1>[GdPAI] ObjectRef(124134624705): object was freed before callback; returning Nil.
    [904] <engine-1>[GdPAI] ObjectRef(125510356497): object was freed before callback; returning Nil.
    [905] <engine-1>[GdPAI] ObjectRef(1382643928884): object was freed before callback; returning Nil.
    [906] <engine-1>[GdPAI] ObjectRef(1382643928884): object was freed before callback; returning Nil.
    [907] <engine-1>[GdPAI] ObjectRef(124621163998): object was freed before callback; returning Nil.
    [908] <engine-1>[GdPAI] ObjectRef(124134624705): object was freed before callback; returning Nil.
    [909] <engine-1>[GdPAI] ObjectRef(125510356497): object was freed before callback; returning Nil.
    [910] <engine-1>[GdPAI] ObjectRef(124134624705): object was freed before callback; returning Nil.
    [911] <engine-1>[GdPAI] ObjectRef(125510356497): object was freed before callback; returning Nil.
    [912] <engine-1>[GdPAI] ObjectRef(1382643928884): object was freed before callback; returning Nil.
    [913] <engine-1>[GdPAI] ObjectRef(1382643928884): object was freed before callback; returning Nil.
    [914] <engine-1>[GdPAI] ObjectRef(124621163998): object was freed before callback; returning Nil.
    [915] <engine-1>[GdPAI] ObjectRef(1382643928884): object was freed before callback; returning Nil.
    [916] <engine-1>[GdPAI] ObjectRef(1382643928884): object was freed before callback; returning Nil.
    [917] <engine-1>[GdPAI] ObjectRef(124621163998): object was freed before callback; returning Nil.
    [918] <engine-1>[GdPAI] ObjectRef(1382643928884): object was freed before callback; returning Nil.
    [919] <engine-1>[GdPAI] ObjectRef(1382643928884): object was freed before callback; returning Nil.
    [920] <engine-1>[GdPAI] ObjectRef(124621163998): object was freed before callback; returning Nil.
    [921] <engine-1>[GdPAI] ObjectRef(125510356497): object was freed before callback; returning Nil.
    [922] <engine-1>[GdPAI] ObjectRef(125510356497): object was freed before callback; returning Nil.
    [923] <engine-1>[GdPAI] ObjectRef(1382643928884): object was freed before callback; returning Nil.
    [924] <engine-1>[GdPAI] ObjectRef(1382643928884): object was freed before callback; returning Nil.
    [925] <engine-1>[GdPAI] ObjectRef(124621163998): object was freed before callback; returning Nil.
    [926] <engine-1>[GdPAI] ObjectRef(125510356497): object was freed before callback; returning Nil.
    [927] <engine-1>[GdPAI] ObjectRef(125510356497): object was freed before callback; returning Nil.
    [928] <engine-1>[GdPAI] ObjectRef(1382643928884): object was freed before callback; returning Nil.
    [929] <engine-1>[GdPAI] ObjectRef(1382643928884): object was freed before callback; returning Nil.
    [930] <engine-1>[GdPAI] ObjectRef(124621163998): object was freed before callback; returning Nil.
    [931] <engine-1>[GdPAI] ObjectRef(124134624705): object was freed before callback; returning Nil.
    [932] <engine-1>[GdPAI] ObjectRef(124134624705): object was freed before callback; returning Nil.
    [933] <engine-1>[GdPAI] ObjectRef(1382643928884): object was freed before callback; returning Nil.
    [934] <engine-1>[GdPAI] ObjectRef(1382643928884): object was freed before callback; returning Nil.
    [935] <engine-1>[GdPAI] ObjectRef(124621163998): object was freed before callback; returning Nil.
    [936] <engine-1>[GdPAI] ObjectRef(124134624705): object was freed before callback; returning Nil.
    [937] <engine-1>[GdPAI] ObjectRef(124134624705): object was freed before callback; returning Nil.
    [938] <engine-1>[GdPAI] ObjectRef(1382643928884): object was freed before callback; returning Nil.
    [939] <engine-1>[GdPAI] ObjectRef(1382643928884): object was freed before callback; returning Nil.
    [940] <engine-1>[GdPAI] ObjectRef(124621163998): object was freed before callback; returning Nil.
    [941] <engine-1>[GdPAI] ObjectRef(1382643928884): object was freed before callback; returning Nil.
    [942] <engine-1>[GdPAI] ObjectRef(1382643928884): object was freed before callback; returning Nil.
    [943] <engine-1>[GdPAI] ObjectRef(124621163998): object was freed before callback; returning Nil.
    [944] <engine-1>[GdPAI] ObjectRef(1382643928884): object was freed before callback; returning Nil.
    [945] <engine-1>[GdPAI] ObjectRef(1382643928884): object was freed before callback; returning Nil.
    [946] <engine-1>[GdPAI] ObjectRef(1382610374135): object was freed before callback; returning Nil.
    [947] <engine-1>[GdPAI] ObjectRef(1383650561484): object was freed before callback; returning Nil.
    [948] <engine-1>[GdPAI] ObjectRef(1382610374135): object was freed before callback; returning Nil.
    [949] <engine-1>[GdPAI] ObjectRef(1383650561484): object was freed before callback; returning Nil.
    [950] <engine-1>[GdPAI] ObjectRef(124621163998): object was freed before callback; returning Nil.
    [951] <engine-1>[GdPAI] ObjectRef(124621163998): object was freed before callback; returning Nil.
    [952] <engine-1>[GdPAI] ObjectRef(1382643928884): object was freed before callback; returning Nil.
    [953] <engine-1>[GdPAI] ObjectRef(1382643928884): object was freed before callback; returning Nil.
    [954] <engine-1>[GdPAI] ObjectRef(1382610374135): object was freed before callback; returning Nil.
    [955] <engine-1>[GdPAI] ObjectRef(1383650561484): object was freed before callback; returning Nil.
    [956] <engine-1>[GdPAI] ObjectRef(1382610374135): object was freed before callback; returning Nil.
    [957] <engine-1>[GdPAI] ObjectRef(1383650561484): object was freed before callback; returning Nil.
    [958] <engine-1>[GdPAI] ObjectRef(124621163998): object was freed before callback; returning Nil.
    [959] <engine-1>[GdPAI] ObjectRef(124621163998): object was freed before callback; returning Nil.
    [960] <engine-1>[GdPAI] ObjectRef(1382643928884): object was freed before callback; returning Nil.
    [961] <engine-1>[GdPAI] ObjectRef(1383650561484): object was freed before callback; returning Nil.
    [962] <engine-1>[GdPAI] ObjectRef(1383650561484): object was freed before callback; returning Nil.
    [963] <engine-1>[GdPAI] ObjectRef(124621163998): object was freed before callback; returning Nil.
    [964] <engine-1>[GdPAI] ObjectRef(124134624705): object was freed before callback; returning Nil.
    [965] <engine-1>[GdPAI] ObjectRef(125510356497): object was freed before callback; returning Nil.
    [966] <engine-1>[GdPAI] ObjectRef(124134624705): object was freed before callback; returning Nil.
    [967] <engine-1>[GdPAI] ObjectRef(125510356497): object was freed before callback; returning Nil.
    [968] <engine-1>[GdPAI] ObjectRef(1382643928884): object was freed before callback; returning Nil.
    [969] <engine-1>[GdPAI] ObjectRef(1383650561484): object was freed before callback; returning Nil.
    [970] <engine-1>[GdPAI] ObjectRef(1383650561484): object was freed before callback; returning Nil.
    [971] <engine-1>[GdPAI] ObjectRef(124621163998): object was freed before callback; returning Nil.
    [972] <engine-1>[GdPAI] ObjectRef(124134624705): object was freed before callback; returning Nil.
    [973] <engine-1>[GdPAI] ObjectRef(125510356497): object was freed before callback; returning Nil.
    [974] <engine-1>[GdPAI] ObjectRef(124134624705): object was freed before callback; returning Nil.
    [975] <engine-1>[GdPAI] ObjectRef(125510356497): object was freed before callback; returning Nil.
    [976] <engine-1>[GdPAI] ObjectRef(1382643928884): object was freed before callback; returning Nil.
    [977] <engine-1>[GdPAI] ObjectRef(1382610374135): object was freed before callback; returning Nil.
    [978] <engine-1>[GdPAI] ObjectRef(1382610374135): object was freed before callback; returning Nil.
    [979] <engine-1>[GdPAI] ObjectRef(124621163998): object was freed before callback; returning Nil.
    [980] <engine-1>[GdPAI] ObjectRef(1382643928884): object was freed before callback; returning Nil.
    [981] <engine-1>[GdPAI] ObjectRef(1382610374135): object was freed before callback; returning Nil.
    [982] <engine-1>[GdPAI] ObjectRef(1382610374135): object was freed before callback; returning Nil.
    [983] <engine-1>[GdPAI] ObjectRef(124621163998): object was freed before callback; returning Nil.
    [984] <engine-1>[GdPAI] ObjectRef(1382643928884): object was freed before callback; returning Nil.
    [985] <engine-1>[GdPAI] ObjectRef(124621163998): object was freed before callback; returning Nil.
    [986] <engine-1>[GdPAI] ObjectRef(125510356497): object was freed before callback; returning Nil.
    [987] <engine-1>[GdPAI] ObjectRef(125510356497): object was freed before callback; returning Nil.
    [988] <engine-1>[GdPAI] ObjectRef(1382643928884): object was freed before callback; returning Nil.
    [989] <engine-1>[GdPAI] ObjectRef(124621163998): object was freed before callback; returning Nil.
    [990] <engine-1>[GdPAI] ObjectRef(125510356497): object was freed before callback; returning Nil.
    [991] <engine-1>[GdPAI] ObjectRef(125510356497): object was freed before callback; returning Nil.
    [992] <engine-1>[GdPAI] ObjectRef(1382643928884): object was freed before callback; returning Nil.
    [993] <engine-1>[GdPAI] ObjectRef(1382643928884): object was freed before callback; returning Nil.
    [994] <engine-1>[GdPAI] ObjectRef(124621163998): object was freed before callback; returning Nil.
    [995] <engine-1>[GdPAI] ObjectRef(124134624705): object was freed before callback; returning Nil.
    [996] <engine-1>[GdPAI] ObjectRef(124134624705): object was freed before callback; returning Nil.
    [997] <engine-1>[GdPAI] ObjectRef(1382643928884): object was freed before callback; returning Nil.
    [998] <engine-1>[GdPAI] ObjectRef(1382643928884): object was freed before callback; returning Nil.
    [999] <engine-1>[GdPAI] ObjectRef(124621163998): object was freed before callback; returning Nil.
    [1000] <engine-1>[GdPAI] ObjectRef(124134624705): object was freed before callback; returning Nil.
    [1001] <engine-1>[GdPAI] ObjectRef(124134624705): object was freed before callback; returning Nil.
    [1002] <engine-1>[GdPAI] ObjectRef(1382643928884): object was freed before callback; returning Nil.
    [1003] <engine-1>[GdPAI] ObjectRef(124621163998): object was freed before callback; returning Nil.
    [1004] <engine-1>[GdPAI] ObjectRef(1382643928884): object was freed before callback; returning Nil.
    [1005] <engine-1>[GdPAI] ObjectRef(124621163998): object was freed before callback; returning Nil.
    [1006] <engine-1>[GdPAI] ObjectRef(1382643928884): object was freed before callback; returning Nil.
    [1007] <engine-1>[GdPAI] ObjectRef(124621163998): object was freed before callback; returning Nil.
    [1008] <engine-1>[GdPAI] ObjectRef(124621163998): object was freed before callback; returning Nil.
    [1009] <engine-1>[GdPAI] ObjectRef(1382643928884): object was freed before callback; returning Nil.
    [1010] <engine-1>[GdPAI] ObjectRef(124621163998): object was freed before callback; returning Nil.
    [1011] <engine-1>[GdPAI] ObjectRef(124621163998): object was freed before callback; returning Nil.
    [1012] <engine-1>[GdPAI] ObjectRef(1382643928884): object was freed before callback; returning Nil.
    [1013] <engine-1>[GdPAI] ObjectRef(124621163998): object was freed before callback; returning Nil.
    [1014] <engine-1>[GdPAI] ObjectRef(124134624705): object was freed before callback; returning Nil.
    [1015] <engine-1>[GdPAI] ObjectRef(125510356497): object was freed before callback; returning Nil.
    [1016] <engine-1>[GdPAI] ObjectRef(124134624705): object was freed before callback; returning Nil.
    [1017] <engine-1>[GdPAI] ObjectRef(125510356497): object was freed before callback; returning Nil.
    [1018] <engine-1>[GdPAI] ObjectRef(1382643928884): object was freed before callback; returning Nil.
    [1019] <engine-1>[GdPAI] ObjectRef(124621163998): object was freed before callback; returning Nil.
    [1020] <engine-1>[GdPAI] ObjectRef(124134624705): object was freed before callback; returning Nil.
    [1021] <engine-1>[GdPAI] ObjectRef(125510356497): object was freed before callback; returning Nil.
    [1022] <engine-1>[GdPAI] ObjectRef(124134624705): object was freed before callback; returning Nil.
    [1023] <engine-1>[GdPAI] ObjectRef(125510356497): object was freed before callback; returning Nil.
    [1024] <engine-1>[GdPAI] ObjectRef(1382643928884): object was freed before callback; returning Nil.
    [1025] <engine-1>[GdPAI] ObjectRef(1382643928884): object was freed before callback; returning Nil.
    [1026] <engine-1>[GdPAI] ObjectRef(1382610374135): object was freed before callback; returning Nil.
    [1027] <engine-1>[GdPAI] ObjectRef(1383650561484): object was freed before callback; returning Nil.
    [1028] <engine-1>[GdPAI] ObjectRef(1382610374135): object was freed before callback; returning Nil.
    [1029] <engine-1>[GdPAI] ObjectRef(1383650561484): object was freed before callback; returning Nil.
    [1030] <engine-1>[GdPAI] ObjectRef(124621163998): object was freed before callback; returning Nil.
    [1031] <engine-1>[GdPAI] ObjectRef(1382643928884): object was freed before callback; returning Nil.
    [1032] <engine-1>[GdPAI] ObjectRef(1382643928884): object was freed before callback; returning Nil.
    [1033] <engine-1>[GdPAI] ObjectRef(1382610374135): object was freed before callback; returning Nil.
    [1034] <engine-1>[GdPAI] ObjectRef(1383650561484): object was freed before callback; returning Nil.
    [1035] <engine-1>[GdPAI] ObjectRef(1382610374135): object was freed before callback; returning Nil.
    [1036] <engine-1>[GdPAI] ObjectRef(1383650561484): object was freed before callback; returning Nil.
    [1037] <engine-1>[GdPAI] ObjectRef(124621163998): object was freed before callback; returning Nil.
    [1038] <engine-1>[GdPAI] ObjectRef(1382643928884): object was freed before callback; returning Nil.
    [1039] <engine-1>[GdPAI] ObjectRef(1383650561484): object was freed before callback; returning Nil.
    [1040] <engine-1>[GdPAI] ObjectRef(1383650561484): object was freed before callback; returning Nil.
    [1041] <engine-1>[GdPAI] ObjectRef(124621163998): object was freed before callback; returning Nil.
    [1042] <engine-1>[GdPAI] ObjectRef(125510356497): object was freed before callback; returning Nil.
    [1043] <engine-1>[GdPAI] ObjectRef(125510356497): object was freed before callback; returning Nil.
    [1044] <engine-1>[GdPAI] ObjectRef(1382643928884): object was freed before callback; returning Nil.
    [1045] <engine-1>[GdPAI] ObjectRef(1383650561484): object was freed before callback; returning Nil.
    [1046] <engine-1>[GdPAI] ObjectRef(1383650561484): object was freed before callback; returning Nil.
    [1047] <engine-1>[GdPAI] ObjectRef(124621163998): object was freed before callback; returning Nil.
    [1048] <engine-1>[GdPAI] ObjectRef(125510356497): object was freed before callback; returning Nil.
    [1049] <engine-1>[GdPAI] ObjectRef(125510356497): object was freed before callback; returning Nil.
    [1050] <engine-1>[GdPAI] ObjectRef(1382643928884): object was freed before callback; returning Nil.
    [1051] <engine-1>[GdPAI] ObjectRef(1382610374135): object was freed before callback; returning Nil.
    [1052] <engine-1>[GdPAI] ObjectRef(1382610374135): object was freed before callback; returning Nil.
    [1053] <engine-1>[GdPAI] ObjectRef(124621163998): object was freed before callback; returning Nil.
    [1054] <engine-1>[GdPAI] ObjectRef(124134624705): object was freed before callback; returning Nil.
    [1055] <engine-1>[GdPAI] ObjectRef(124134624705): object was freed before callback; returning Nil.
    [1056] <engine-1>[GdPAI] ObjectRef(1382643928884): object was freed before callback; returning Nil.
    [1057] <engine-1>[GdPAI] ObjectRef(1382610374135): object was freed before callback; returning Nil.
    [1058] <engine-1>[GdPAI] ObjectRef(1382610374135): object was freed before callback; returning Nil.
    [1059] <engine-1>[GdPAI] ObjectRef(124621163998): object was freed before callback; returning Nil.
    [1060] <engine-1>[GdPAI] ObjectRef(124134624705): object was freed before callback; returning Nil.
    [1061] <engine-1>[GdPAI] ObjectRef(124134624705): object was freed before callback; returning Nil.
    [1062] <engine-1>[GdPAI] ObjectRef(1382643928884): object was freed before callback; returning Nil.
    [1063] <engine-1>[GdPAI] ObjectRef(124621163998): object was freed before callback; returning Nil.
    [1064] <engine-1>[GdPAI] ObjectRef(1382643928884): object was freed before callback; returning Nil.
    [1065] <engine-1>[GdPAI] ObjectRef(124621163998): object was freed before callback; returning Nil.
    [1066] <engine-1>[GdPAI] ObjectRef(1382643928884): object was freed before callback; returning Nil.
    [1067] <engine-1>[GdPAI] ObjectRef(1382643928884): object was freed before callback; returning Nil.
    [1068] <engine-1>[GdPAI] ObjectRef(124621163998): object was freed before callback; returning Nil.
    [1069] <engine-1>[GdPAI] ObjectRef(124621163998): object was freed before callback; returning Nil.
    [1070] <engine-1>[GdPAI] ObjectRef(1382643928884): object was freed before callback; returning Nil.
    [1071] <engine-1>[GdPAI] ObjectRef(1382643928884): object was freed before callback; returning Nil.
          at line 167
[4m
res://test/integration/test_requirements_provisions.gd
[0m- test_pickup_eat_chain_satisfies_hunger
[31m    [Failed]:  [0mUnexpected Errors:
    [1] <engine-1>[GdPAI] ObjectRef(124621163998): object was freed before callback; returning Nil.
    [2] <engine-1>[GdPAI] ObjectRef(124134624705): object was freed before callback; returning Nil.
    [3] <engine-1>[GdPAI] ObjectRef(124134624705): object was freed before callback; returning Nil.
    [4] <engine-1>[GdPAI] ObjectRef(1382643928884): object was freed before callback; returning Nil.
    [5] <engine-1>[GdPAI] ObjectRef(1382643928884): object was freed before callback; returning Nil.
    [6] <engine-1>[GdPAI] ObjectRef(124621163998): object was freed before callback; returning Nil.
    [7] <engine-1>[GdPAI] ObjectRef(124134624705): object was freed before callback; returning Nil.
    [8] <engine-1>[GdPAI] ObjectRef(124134624705): object was freed before callback; returning Nil.
    [9] <engine-1>[GdPAI] ObjectRef(1382643928884): object was freed before callback; returning Nil.
    [10] <engine-1>[GdPAI] ObjectRef(124621163998): object was freed before callback; returning Nil.
    [11] <engine-1>[GdPAI] ObjectRef(1382643928884): object was freed before callback; returning Nil.
    [12] <engine-1>[GdPAI] ObjectRef(124621163998): object was freed before callback; returning Nil.
    [13] <engine-1>[GdPAI] ObjectRef(1382643928884): object was freed before callback; returning Nil.
    [14] <engine-1>[GdPAI] ObjectRef(124621163998): object was freed before callback; returning Nil.
    [15] <engine-1>[GdPAI] ObjectRef(124621163998): object was freed before callback; returning Nil.
    [16] <engine-1>[GdPAI] ObjectRef(1382643928884): object was freed before callback; returning Nil.
    [17] <engine-1>[GdPAI] ObjectRef(124621163998): object was freed before callback; returning Nil.
    [18] <engine-1>[GdPAI] ObjectRef(124621163998): object was freed before callback; returning Nil.
    [19] <engine-1>[GdPAI] ObjectRef(1382643928884): object was freed before callback; returning Nil.
    [20] <engine-1>[GdPAI] ObjectRef(124621163998): object was freed before callback; returning Nil.
    [21] <engine-1>[GdPAI] ObjectRef(1382643928884): object was freed before callback; returning Nil.
    [22] <engine-1>[GdPAI] ObjectRef(124621163998): object was freed before callback; returning Nil.
    [23] <engine-1>[GdPAI] ObjectRef(1382643928884): object was freed before callback; returning Nil.
    [24] <engine-1>[GdPAI] ObjectRef(1382643928884): object was freed before callback; returning Nil.
    [25] <engine-1>[GdPAI] ObjectRef(124621163998): object was freed before callback; returning Nil.
    [26] <engine-1>[GdPAI] ObjectRef(1382643928884): object was freed before callback; returning Nil.
    [27] <engine-1>[GdPAI] ObjectRef(1382643928884): object was freed before callback; returning Nil.
    [28] <engine-1>[GdPAI] ObjectRef(124621163998): object was freed before callback; returning Nil.
    [29] <engine-1>[GdPAI] ObjectRef(1382643928884): object was freed before callback; returning Nil.
    [30] <engine-1>[GdPAI] ObjectRef(1382643928884): object was freed before callback; returning Nil.
    [31] <engine-1>[GdPAI] ObjectRef(124621163998): object was freed before callback; returning Nil.
    [32] <engine-1>[GdPAI] ObjectRef(124134624705): object was freed before callback; returning Nil.
    [33] <engine-1>[GdPAI] ObjectRef(124134624705): object was freed before callback; returning Nil.
    [34] <engine-1>[GdPAI] ObjectRef(1382643928884): object was freed before callback; returning Nil.
    [35] <engine-1>[GdPAI] ObjectRef(1382643928884): object was freed before callback; returning Nil.
          at line 151
- test_eat_alone_fails_without_pickup
[31m    [Failed]:  [0mUnexpected Errors:
    [1] <engine-1>[GdPAI] ObjectRef(124621163998): object was freed before callback; returning Nil.
    [2] <engine-1>[GdPAI] ObjectRef(124134624705): object was freed before callback; returning Nil.
    [3] <engine-1>[GdPAI] ObjectRef(124134624705): object was freed before callback; returning Nil.
    [4] <engine-1>[GdPAI] ObjectRef(1382643928884): object was freed before callback; returning Nil.
    [5] <engine-1>[GdPAI] ObjectRef(1382643928884): object was freed before callback; returning Nil.
    [6] <engine-1>[GdPAI] ObjectRef(124621163998): object was freed before callback; returning Nil.
    [7] <engine-1>[GdPAI] ObjectRef(124134624705): object was freed before callback; returning Nil.
    [8] <engine-1>[GdPAI] ObjectRef(124134624705): object was freed before callback; returning Nil.
    [9] <engine-1>[GdPAI] ObjectRef(1382643928884): object was freed before callback; returning Nil.
    [10] <engine-1>[GdPAI] ObjectRef(1382643928884): object was freed before callback; returning Nil.
    [11] <engine-1>[GdPAI] ObjectRef(124621163998): object was freed before callback; returning Nil.
    [12] <engine-1>[GdPAI] ObjectRef(1382643928884): object was freed before callback; returning Nil.
    [13] <engine-1>[GdPAI] ObjectRef(1382643928884): object was freed before callback; returning Nil.
    [14] <engine-1>[GdPAI] ObjectRef(124621163998): object was freed before callback; returning Nil.
    [15] <engine-1>[GdPAI] ObjectRef(1382643928884): object was freed before callback; returning Nil.
    [16] <engine-1>[GdPAI] ObjectRef(1382643928884): object was freed before callback; returning Nil.
    [17] <engine-1>[GdPAI] ObjectRef(124621163998): object was freed before callback; returning Nil.
    [18] <engine-1>[GdPAI] ObjectRef(124621163998): object was freed before callback; returning Nil.
    [19] <engine-1>[GdPAI] ObjectRef(125359361544): object was freed before callback; returning Nil.
    [20] <engine-1>[GdPAI] ObjectRef(124285619658): object was freed before callback; returning Nil.
    [21] <engine-1>[GdPAI] ObjectRef(125359361544): object was freed before callback; returning Nil.
    [22] <engine-1>[GdPAI] ObjectRef(124285619658): object was freed before callback; returning Nil.
    [23] <engine-1>[GdPAI] ObjectRef(1382643928884): object was freed before callback; returning Nil.
    [24] <engine-1>[GdPAI] ObjectRef(1382643928884): object was freed before callback; returning Nil.
          at line 206
- test_action_order_is_pickup_then_eat_not_reversed
[31m    [Failed]:  [0mUnexpected Errors:
    [1] <engine-1>[GdPAI] ObjectRef(124621163998): object was freed before callback; returning Nil.
    [2] <engine-1>[GdPAI] ObjectRef(124621163998): object was freed before callback; returning Nil.
    [3] <engine-1>[GdPAI] ObjectRef(125359361544): object was freed before callback; returning Nil.
    [4] <engine-1>[GdPAI] ObjectRef(124285619658): object was freed before callback; returning Nil.
    [5] <engine-1>[GdPAI] ObjectRef(125359361544): object was freed before callback; returning Nil.
    [6] <engine-1>[GdPAI] ObjectRef(124285619658): object was freed before callback; returning Nil.
    [7] <engine-1>[GdPAI] ObjectRef(1382643928884): object was freed before callback; returning Nil.
    [8] <engine-1>[GdPAI] ObjectRef(1382643928884): object was freed before callback; returning Nil.
    [9] <engine-1>[GdPAI] ObjectRef(124621163998): object was freed before callback; returning Nil.
    [10] <engine-1>[GdPAI] ObjectRef(124285619658): object was freed before callback; returning Nil.
    [11] <engine-1>[GdPAI] ObjectRef(124285619658): object was freed before callback; returning Nil.
    [12] <engine-1>[GdPAI] ObjectRef(1382643928884): object was freed before callback; returning Nil.
    [13] <engine-1>[GdPAI] ObjectRef(1382643928884): object was freed before callback; returning Nil.
    [14] <engine-1>[GdPAI] ObjectRef(124621163998): object was freed before callback; returning Nil.
    [15] <engine-1>[GdPAI] ObjectRef(124285619658): object was freed before callback; returning Nil.
    [16] <engine-1>[GdPAI] ObjectRef(124285619658): object was freed before callback; returning Nil.
    [17] <engine-1>[GdPAI] ObjectRef(1382643928884): object was freed before callback; returning Nil.
    [18] <engine-1>[GdPAI] ObjectRef(1382643928884): object was freed before callback; returning Nil.
    [19] <engine-1>[GdPAI] ObjectRef(124621163998): object was freed before callback; returning Nil.
    [20] <engine-1>[GdPAI] ObjectRef(125359361544): object was freed before callback; returning Nil.
    [21] <engine-1>[GdPAI] ObjectRef(125359361544): object was freed before callback; returning Nil.
    [22] <engine-1>[GdPAI] ObjectRef(1382643928884): object was freed before callback; returning Nil.
    [23] <engine-1>[GdPAI] ObjectRef(1382643928884): object was freed before callback; returning Nil.
    [24] <engine-1>[GdPAI] ObjectRef(124621163998): object was freed before callback; returning Nil.
    [25] <engine-1>[GdPAI] ObjectRef(125359361544): object was freed before callback; returning Nil.
    [26] <engine-1>[GdPAI] ObjectRef(125359361544): object was freed before callback; returning Nil.
    [27] <engine-1>[GdPAI] ObjectRef(1382643928884): object was freed before callback; returning Nil.
    [28] <engine-1>[GdPAI] ObjectRef(1382643928884): object was freed before callback; returning Nil.
    [29] <engine-1>[GdPAI] ObjectRef(124621163998): object was freed before callback; returning Nil.
    [30] <engine-1>[GdPAI] ObjectRef(124134624705): object was freed before callback; returning Nil.
    [31] <engine-1>[GdPAI] ObjectRef(124134624705): object was freed before callback; returning Nil.
    [32] <engine-1>[GdPAI] ObjectRef(1382643928884): object was freed before callback; returning Nil.
    [33] <engine-1>[GdPAI] ObjectRef(1382643928884): object was freed before callback; returning Nil.
    [34] <engine-1>[GdPAI] ObjectRef(124621163998): object was freed before callback; returning Nil.
    [35] <engine-1>[GdPAI] ObjectRef(124134624705): object was freed before callback; returning Nil.
    [36] <engine-1>[GdPAI] ObjectRef(124134624705): object was freed before callback; returning Nil.
    [37] <engine-1>[GdPAI] ObjectRef(1382643928884): object was freed before callback; returning Nil.
    [38] <engine-1>[GdPAI] ObjectRef(1382643928884): object was freed before callback; returning Nil.
    [39] <engine-1>[GdPAI] ObjectRef(124621163998): object was freed before callback; returning Nil.
    [40] <engine-1>[GdPAI] ObjectRef(124134624705): object was freed before callback; returning Nil.
    [41] <engine-1>[GdPAI] ObjectRef(124134624705): object was freed before callback; returning Nil.
    [42] <engine-1>[GdPAI] ObjectRef(1382643928884): object was freed before callback; returning Nil.
    [43] <engine-1>[GdPAI] ObjectRef(1382643928884): object was freed before callback; returning Nil.
    [44] <engine-1>[GdPAI] ObjectRef(124621163998): object was freed before callback; returning Nil.
    [45] <engine-1>[GdPAI] ObjectRef(124134624705): object was freed before callback; returning Nil.
    [46] <engine-1>[GdPAI] ObjectRef(124134624705): object was freed before callback; returning Nil.
    [47] <engine-1>[GdPAI] ObjectRef(1382643928884): object was freed before callback; returning Nil.
    [48] <engine-1>[GdPAI] ObjectRef(1382643928884): object was freed before callback; returning Nil.
    [49] <engine-1>[GdPAI] ObjectRef(124621163998): object was freed before callback; returning Nil.
    [50] <engine-1>[GdPAI] ObjectRef(1382643928884): object was freed before callback; returning Nil.
    [51] <engine-1>[GdPAI] ObjectRef(1382643928884): object was freed before callback; returning Nil.
    [52] <engine-1>[GdPAI] ObjectRef(124621163998): object was freed before callback; returning Nil.
    [53] <engine-1>[GdPAI] ObjectRef(1382643928884): object was freed before callback; returning Nil.
    [54] <engine-1>[GdPAI] ObjectRef(1382643928884): object was freed before callback; returning Nil.
          at line 281
- test_eat_alone_succeeds_when_already_holding_food
[31m    [Failed]:  [0mUnexpected Errors:
    [1] <engine-1>[GdPAI] ObjectRef(124621163998): object was freed before callback; returning Nil.
    [2] <engine-1>[GdPAI] ObjectRef(124621163998): object was freed before callback; returning Nil.
    [3] <engine-1>[GdPAI] ObjectRef(1382643928884): object was freed before callback; returning Nil.
    [4] <engine-1>[GdPAI] ObjectRef(1382643928884): object was freed before callback; returning Nil.
    [5] <engine-1>[GdPAI] ObjectRef(124621163998): object was freed before callback; returning Nil.
    [6] <engine-1>[GdPAI] ObjectRef(1382643928884): object was freed before callback; returning Nil.
    [7] <engine-1>[GdPAI] ObjectRef(1382643928884): object was freed before callback; returning Nil.
    [8] <engine-1>[GdPAI] ObjectRef(124621163998): object was freed before callback; returning Nil.
    [9] <engine-1>[GdPAI] ObjectRef(1382643928884): object was freed before callback; returning Nil.
    [10] <engine-1>[GdPAI] ObjectRef(1382643928884): object was freed before callback; returning Nil.
    [11] <engine-1>[GdPAI] ObjectRef(124621163998): object was freed before callback; returning Nil.
    [12] <engine-1>[GdPAI] ObjectRef(1382643928884): object was freed before callback; returning Nil.
    [13] <engine-1>[GdPAI] ObjectRef(1382643928884): object was freed before callback; returning Nil.
    [14] <engine-1>[GdPAI] ObjectRef(124621163998): object was freed before callback; returning Nil.
    [15] <engine-1>[GdPAI] ObjectRef(1382643928884): object was freed before callback; returning Nil.
    [16] <engine-1>[GdPAI] ObjectRef(1382643928884): object was freed before callback; returning Nil.
    [17] <engine-1>[GdPAI] ObjectRef(1382157389614): object was freed before callback; returning Nil.
    [18] <engine-1>[GdPAI] ObjectRef(1383046581817): object was freed before callback; returning Nil.
    [19] <engine-1>[GdPAI] ObjectRef(1382157389614): object was freed before callback; returning Nil.
    [20] <engine-1>[GdPAI] ObjectRef(1383046581817): object was freed before callback; returning Nil.
          at line 339
- test_requirement_dependent_effect_uses_provider_bound_resimulation
[31m    [Failed]:  [0mUnexpected Errors:
    [1] <engine-1>[GdPAI] ObjectRef(124621163998): object was freed before callback; returning Nil.
    [2] <engine-1>[GdPAI] ObjectRef(124134624705): object was freed before callback; returning Nil.
    [3] <engine-1>[GdPAI] ObjectRef(124134624705): object was freed before callback; returning Nil.
    [4] <engine-1>[GdPAI] ObjectRef(1382643928884): object was freed before callback; returning Nil.
    [5] <engine-1>[GdPAI] ObjectRef(1382643928884): object was freed before callback; returning Nil.
    [6] <engine-1>[GdPAI] ObjectRef(1382157389614): object was freed before callback; returning Nil.
    [7] <engine-1>[GdPAI] ObjectRef(1383046581817): object was freed before callback; returning Nil.
    [8] <engine-1>[GdPAI] ObjectRef(1382157389614): object was freed before callback; returning Nil.
    [9] <engine-1>[GdPAI] ObjectRef(1383046581817): object was freed before callback; returning Nil.
    [10] <engine-1>[GdPAI] ObjectRef(124621163998): object was freed before callback; returning Nil.
    [11] <engine-1>[GdPAI] ObjectRef(124134624705): object was freed before callback; returning Nil.
    [12] <engine-1>[GdPAI] ObjectRef(124134624705): object was freed before callback; returning Nil.
    [13] <engine-1>[GdPAI] ObjectRef(1382643928884): object was freed before callback; returning Nil.
    [14] <engine-1>[GdPAI] ObjectRef(1383046581817): object was freed before callback; returning Nil.
    [15] <engine-1>[GdPAI] ObjectRef(1383046581817): object was freed before callback; returning Nil.
    [16] <engine-1>[GdPAI] ObjectRef(124621163998): object was freed before callback; returning Nil.
    [17] <engine-1>[GdPAI] ObjectRef(124134624705): object was freed before callback; returning Nil.
    [18] <engine-1>[GdPAI] ObjectRef(124134624705): object was freed before callback; returning Nil.
    [19] <engine-1>[GdPAI] ObjectRef(1382643928884): object was freed before callback; returning Nil.
    [20] <engine-1>[GdPAI] ObjectRef(1383046581817): object was freed before callback; returning Nil.
    [21] <engine-1>[GdPAI] ObjectRef(1383046581817): object was freed before callback; returning Nil.
    [22] <engine-1>[GdPAI] ObjectRef(124621163998): object was freed before callback; returning Nil.
    [23] <engine-1>[GdPAI] ObjectRef(124134624705): object was freed before callback; returning Nil.
    [24] <engine-1>[GdPAI] ObjectRef(124134624705): object was freed before callback; returning Nil.
    [25] <engine-1>[GdPAI] ObjectRef(1382643928884): object was freed before callback; returning Nil.
    [26] <engine-1>[GdPAI] ObjectRef(1382157389614): object was freed before callback; returning Nil.
    [27] <engine-1>[GdPAI] ObjectRef(1382157389614): object was freed before callback; returning Nil.
    [28] <engine-1>[GdPAI] ObjectRef(124621163998): object was freed before callback; returning Nil.
    [29] <engine-1>[GdPAI] ObjectRef(1382643928884): object was freed before callback; returning Nil.
    [30] <engine-1>[GdPAI] ObjectRef(1382157389614): object was freed before callback; returning Nil.
    [31] <engine-1>[GdPAI] ObjectRef(1382157389614): object was freed before callback; returning Nil.
    [32] <engine-1>[GdPAI] ObjectRef(124621163998): object was freed before callback; returning Nil.
    [33] <engine-1>[GdPAI] ObjectRef(1382643928884): object was freed before callback; returning Nil.
    [34] <engine-1>[GdPAI] ObjectRef(124621163998): object was freed before callback; returning Nil.
    [35] <engine-1>[GdPAI] ObjectRef(124621163998): object was freed before callback; returning Nil.
    [36] <engine-1>[GdPAI] ObjectRef(1382643928884): object was freed before callback; returning Nil.
    [37] <engine-1>[GdPAI] ObjectRef(124621163998): object was freed before callback; returning Nil.
    [38] <engine-1>[GdPAI] ObjectRef(124621163998): object was freed before callback; returning Nil.
    [39] <engine-1>[GdPAI] ObjectRef(1382643928884): object was freed before callback; returning Nil.
    [40] <engine-1>[GdPAI] ObjectRef(1382643928884): object was freed before callback; returning Nil.
    [41] <engine-1>[GdPAI] ObjectRef(124621163998): object was freed before callback; returning Nil.
    [42] <engine-1>[GdPAI] ObjectRef(1382643928884): object was freed before callback; returning Nil.
    [43] <engine-1>[GdPAI] ObjectRef(1382643928884): object was freed before callback; returning Nil.
    [44] <engine-1>[GdPAI] ObjectRef(124621163998): object was freed before callback; returning Nil.
    [45] <engine-1>[GdPAI] ObjectRef(1382643928884): object was freed before callback; returning Nil.
    [46] <engine-1>[GdPAI] ObjectRef(124621163998): object was freed before callback; returning Nil.
    [47] <engine-1>[GdPAI] ObjectRef(1382643928884): object was freed before callback; returning Nil.
          at line 404
- test_search_returns_cheapest_valid_requirement_chain
[31m    [Failed]:  [0mUnexpected Errors:
    [1] <engine-1>[GdPAI] ObjectRef(124621163998): object was freed before callback; returning Nil.
    [2] <engine-1>[GdPAI] ObjectRef(124134624705): object was freed before callback; returning Nil.
    [3] <engine-1>[GdPAI] ObjectRef(124134624705): object was freed before callback; returning Nil.
    [4] <engine-1>[GdPAI] ObjectRef(1382643928884): object was freed before callback; returning Nil.
    [5] <engine-1>[GdPAI] ObjectRef(124621163998): object was freed before callback; returning Nil.
    [6] <engine-1>[GdPAI] ObjectRef(124134624705): object was freed before callback; returning Nil.
    [7] <engine-1>[GdPAI] ObjectRef(124134624705): object was freed before callback; returning Nil.
    [8] <engine-1>[GdPAI] ObjectRef(1382643928884): object was freed before callback; returning Nil.
    [9] <engine-1>[GdPAI] ObjectRef(124621163998): object was freed before callback; returning Nil.
    [10] <engine-1>[GdPAI] ObjectRef(124134624705): object was freed before callback; returning Nil.
    [11] <engine-1>[GdPAI] ObjectRef(124134624705): object was freed before callback; returning Nil.
    [12] <engine-1>[GdPAI] ObjectRef(1382643928884): object was freed before callback; returning Nil.
    [13] <engine-1>[GdPAI] ObjectRef(124621163998): object was freed before callback; returning Nil.
    [14] <engine-1>[GdPAI] ObjectRef(124134624705): object was freed before callback; returning Nil.
    [15] <engine-1>[GdPAI] ObjectRef(124134624705): object was freed before callback; returning Nil.
    [16] <engine-1>[GdPAI] ObjectRef(1382643928884): object was freed before callback; returning Nil.
    [17] <engine-1>[GdPAI] ObjectRef(1382643928884): object was freed before callback; returning Nil.
    [18] <engine-1>[GdPAI] ObjectRef(1382157389614): object was freed before callback; returning Nil.
    [19] <engine-1>[GdPAI] ObjectRef(1383046581817): object was freed before callback; returning Nil.
    [20] <engine-1>[GdPAI] ObjectRef(1382157389614): object was freed before callback; returning Nil.
    [21] <engine-1>[GdPAI] ObjectRef(1383046581817): object was freed before callback; returning Nil.
    [22] <engine-1>[GdPAI] ObjectRef(124621163998): object was freed before callback; returning Nil.
    [23] <engine-1>[GdPAI] ObjectRef(1382643928884): object was freed before callback; returning Nil.
    [24] <engine-1>[GdPAI] ObjectRef(1382643928884): object was freed before callback; returning Nil.
    [25] <engine-1>[GdPAI] ObjectRef(1382157389614): object was freed before callback; returning Nil.
    [26] <engine-1>[GdPAI] ObjectRef(1383046581817): object was freed before callback; returning Nil.
    [27] <engine-1>[GdPAI] ObjectRef(1382157389614): object was freed before callback; returning Nil.
    [28] <engine-1>[GdPAI] ObjectRef(1383046581817): object was freed before callback; returning Nil.
    [29] <engine-1>[GdPAI] ObjectRef(124621163998): object was freed before callback; returning Nil.
    [30] <engine-1>[GdPAI] ObjectRef(1382643928884): object was freed before callback; returning Nil.
    [31] <engine-1>[GdPAI] ObjectRef(1383046581817): object was freed before callback; returning Nil.
    [32] <engine-1>[GdPAI] ObjectRef(1383046581817): object was freed before callback; returning Nil.
    [33] <engine-1>[GdPAI] ObjectRef(124621163998): object was freed before callback; returning Nil.
    [34] <engine-1>[GdPAI] ObjectRef(124621163998): object was freed before callback; returning Nil.
    [35] <engine-1>[GdPAI] ObjectRef(1382643928884): object was freed before callback; returning Nil.
    [36] <engine-1>[GdPAI] ObjectRef(1383046581817): object was freed before callback; returning Nil.
    [37] <engine-1>[GdPAI] ObjectRef(1383046581817): object was freed before callback; returning Nil.
    [38] <engine-1>[GdPAI] ObjectRef(124621163998): object was freed before callback; returning Nil.
    [39] <engine-1>[GdPAI] ObjectRef(124621163998): object was freed before callback; returning Nil.
    [40] <engine-1>[GdPAI] ObjectRef(1382643928884): object was freed before callback; returning Nil.
    [41] <engine-1>[GdPAI] ObjectRef(1382157389614): object was freed before callback; returning Nil.
    [42] <engine-1>[GdPAI] ObjectRef(1382157389614): object was freed before callback; returning Nil.
    [43] <engine-1>[GdPAI] ObjectRef(124621163998): object was freed before callback; returning Nil.
    [44] <engine-1>[GdPAI] ObjectRef(1382643928884): object was freed before callback; returning Nil.
    [45] <engine-1>[GdPAI] ObjectRef(1382157389614): object was freed before callback; returning Nil.
    [46] <engine-1>[GdPAI] ObjectRef(1382157389614): object was freed before callback; returning Nil.
    [47] <engine-1>[GdPAI] ObjectRef(124621163998): object was freed before callback; returning Nil.
    [48] <engine-1>[GdPAI] ObjectRef(1382643928884): object was freed before callback; returning Nil.
    [49] <engine-1>[GdPAI] ObjectRef(124621163998): object was freed before callback; returning Nil.
    [50] <engine-1>[GdPAI] ObjectRef(1382643928884): object was freed before callback; returning Nil.
    [51] <engine-1>[GdPAI] ObjectRef(124621163998): object was freed before callback; returning Nil.
    [52] <engine-1>[GdPAI] ObjectRef(1382643928884): object was freed before callback; returning Nil.
    [53] <engine-1>[GdPAI] ObjectRef(1382643928884): object was freed before callback; returning Nil.
    [54] <engine-1>[GdPAI] ObjectRef(124621163998): object was freed before callback; returning Nil.
    [55] <engine-1>[GdPAI] ObjectRef(124134624705): object was freed before callback; returning Nil.
    [56] <engine-1>[GdPAI] ObjectRef(124134624705): object was freed before callback; returning Nil.
    [57] <engine-1>[GdPAI] ObjectRef(1382643928884): object was freed before callback; returning Nil.
    [58] <engine-1>[GdPAI] ObjectRef(1382643928884): object was freed before callback; returning Nil.
    [59] <engine-1>[GdPAI] ObjectRef(124621163998): object was freed before callback; returning Nil.
    [60] <engine-1>[GdPAI] ObjectRef(124134624705): object was freed before callback; returning Nil.
    [61] <engine-1>[GdPAI] ObjectRef(124134624705): object was freed before callback; returning Nil.
    [62] <engine-1>[GdPAI] ObjectRef(1382643928884): object was freed before callback; returning Nil.
    [63] <engine-1>[GdPAI] ObjectRef(124621163998): object was freed before callback; returning Nil.
    [64] <engine-1>[GdPAI] ObjectRef(124134624705): object was freed before callback; returning Nil.
    [65] <engine-1>[GdPAI] ObjectRef(124134624705): object was freed before callback; returning Nil.
    [66] <engine-1>[GdPAI] ObjectRef(1382643928884): object was freed before callback; returning Nil.
    [67] <engine-1>[GdPAI] ObjectRef(124621163998): object was freed before callback; returning Nil.
    [68] <engine-1>[GdPAI] ObjectRef(124134624705): object was freed before callback; returning Nil.
    [69] <engine-1>[GdPAI] ObjectRef(124134624705): object was freed before callback; returning Nil.
    [70] <engine-1>[GdPAI] ObjectRef(1382643928884): object was freed before callback; returning Nil.
    [71] <engine-1>[GdPAI] ObjectRef(124621163998): object was freed before callback; returning Nil.
    [72] <engine-1>[GdPAI] ObjectRef(1382643928884): object was freed before callback; returning Nil.
    [73] <engine-1>[GdPAI] ObjectRef(124621163998): object was freed before callback; returning Nil.
    [74] <engine-1>[GdPAI] ObjectRef(1382643928884): object was freed before callback; returning Nil.
    [75] <engine-1>[GdPAI] ObjectRef(124621163998): object was freed before callback; returning Nil.
    [76] <engine-1>[GdPAI] ObjectRef(124621163998): object was freed before callback; returning Nil.
    [77] <engine-1>[GdPAI] ObjectRef(1382643928884): object was freed before callback; returning Nil.
    [78] <engine-1>[GdPAI] ObjectRef(124621163998): object was freed before callback; returning Nil.
    [79] <engine-1>[GdPAI] ObjectRef(124621163998): object was freed before callback; returning Nil.
    [80] <engine-1>[GdPAI] ObjectRef(1382643928884): object was freed before callback; returning Nil.
    [81] <engine-1>[GdPAI] ObjectRef(1382643928884): object was freed before callback; returning Nil.
    [82] <engine-1>[GdPAI] ObjectRef(124621163998): object was freed before callback; returning Nil.
    [83] <engine-1>[GdPAI] ObjectRef(1382643928884): object was freed before callback; returning Nil.
    [84] <engine-1>[GdPAI] ObjectRef(1382643928884): object was freed before callback; returning Nil.
          at line 503
- test_binding_in_set_requires_world_group_membership
[31m    [Failed]:  [0mUnexpected Errors:
    [1] <engine-1>[GdPAI] ObjectRef(124621163998): object was freed before callback; returning Nil.
    [2] <engine-1>[GdPAI] ObjectRef(1382643928884): object was freed before callback; returning Nil.
    [3] <engine-1>[GdPAI] ObjectRef(124621163998): object was freed before callback; returning Nil.
    [4] <engine-1>[GdPAI] ObjectRef(1382643928884): object was freed before callback; returning Nil.
    [5] <engine-1>[GdPAI] ObjectRef(124621163998): object was freed before callback; returning Nil.
    [6] <engine-1>[GdPAI] ObjectRef(124134624705): object was freed before callback; returning Nil.
    [7] <engine-1>[GdPAI] ObjectRef(124134624705): object was freed before callback; returning Nil.
    [8] <engine-1>[GdPAI] ObjectRef(1382643928884): object was freed before callback; returning Nil.
    [9] <engine-1>[GdPAI] ObjectRef(124621163998): object was freed before callback; returning Nil.
    [10] <engine-1>[GdPAI] ObjectRef(124134624705): object was freed before callback; returning Nil.
    [11] <engine-1>[GdPAI] ObjectRef(124134624705): object was freed before callback; returning Nil.
    [12] <engine-1>[GdPAI] ObjectRef(1382643928884): object was freed before callback; returning Nil.
    [13] <engine-1>[GdPAI] ObjectRef(124621163998): object was freed before callback; returning Nil.
    [14] <engine-1>[GdPAI] ObjectRef(124134624705): object was freed before callback; returning Nil.
    [15] <engine-1>[GdPAI] ObjectRef(124134624705): object was freed before callback; returning Nil.
    [16] <engine-1>[GdPAI] ObjectRef(1382643928884): object was freed before callback; returning Nil.
    [17] <engine-1>[GdPAI] ObjectRef(124621163998): object was freed before callback; returning Nil.
    [18] <engine-1>[GdPAI] ObjectRef(124134624705): object was freed before callback; returning Nil.
    [19] <engine-1>[GdPAI] ObjectRef(124134624705): object was freed before callback; returning Nil.
    [20] <engine-1>[GdPAI] ObjectRef(1382643928884): object was freed before callback; returning Nil.
    [21] <engine-1>[GdPAI] ObjectRef(1382643928884): object was freed before callback; returning Nil.
    [22] <engine-1>[GdPAI] ObjectRef(124621163998): object was freed before callback; returning Nil.
    [23] <engine-1>[GdPAI] ObjectRef(1382643928884): object was freed before callback; returning Nil.
    [24] <engine-1>[GdPAI] ObjectRef(1382643928884): object was freed before callback; returning Nil.
    [25] <engine-1>[GdPAI] ObjectRef(124621163998): object was freed before callback; returning Nil.
    [26] <engine-1>[GdPAI] ObjectRef(1382643928884): object was freed before callback; returning Nil.
    [27] <engine-1>[GdPAI] ObjectRef(124621163998): object was freed before callback; returning Nil.
    [28] <engine-1>[GdPAI] ObjectRef(124621163998): object was freed before callback; returning Nil.
    [29] <engine-1>[GdPAI] ObjectRef(1382643928884): object was freed before callback; returning Nil.
    [30] <engine-1>[GdPAI] ObjectRef(124621163998): object was freed before callback; returning Nil.
    [31] <engine-1>[GdPAI] ObjectRef(124621163998): object was freed before callback; returning Nil.
    [32] <engine-1>[GdPAI] ObjectRef(1382643928884): object was freed before callback; returning Nil.
    [33] <engine-1>[GdPAI] ObjectRef(124621163998): object was freed before callback; returning Nil.
    [34] <engine-1>[GdPAI] ObjectRef(1382643928884): object was freed before callback; returning Nil.
    [35] <engine-1>[GdPAI] ObjectRef(124621163998): object was freed before callback; returning Nil.
    [36] <engine-1>[GdPAI] ObjectRef(1382643928884): object was freed before callback; returning Nil.
    [37] <engine-1>[GdPAI] ObjectRef(124621163998): object was freed before callback; returning Nil.
    [38] <engine-1>[GdPAI] ObjectRef(1382643928884): object was freed before callback; returning Nil.
          at line 585
- test_wildcard_fact_provision_matches_specific_requirement
[31m    [Failed]:  [0mUnexpected Errors:
    [1] <engine-1>[GdPAI] ObjectRef(124621163998): object was freed before callback; returning Nil.
    [2] <engine-1>[GdPAI] ObjectRef(124134624705): object was freed before callback; returning Nil.
    [3] <engine-1>[GdPAI] ObjectRef(124134624705): object was freed before callback; returning Nil.
    [4] <engine-1>[GdPAI] ObjectRef(1382643928884): object was freed before callback; returning Nil.
    [5] <engine-1>[GdPAI] ObjectRef(1382643928884): object was freed before callback; returning Nil.
    [6] <engine-1>[GdPAI] ObjectRef(124621163998): object was freed before callback; returning Nil.
    [7] <engine-1>[GdPAI] ObjectRef(124134624705): object was freed before callback; returning Nil.
    [8] <engine-1>[GdPAI] ObjectRef(124134624705): object was freed before callback; returning Nil.
    [9] <engine-1>[GdPAI] ObjectRef(1382643928884): object was freed before callback; returning Nil.
    [10] <engine-1>[GdPAI] ObjectRef(124621163998): object was freed before callback; returning Nil.
    [11] <engine-1>[GdPAI] ObjectRef(124134624705): object was freed before callback; returning Nil.
    [12] <engine-1>[GdPAI] ObjectRef(124134624705): object was freed before callback; returning Nil.
    [13] <engine-1>[GdPAI] ObjectRef(1382643928884): object was freed before callback; returning Nil.
    [14] <engine-1>[GdPAI] ObjectRef(124621163998): object was freed before callback; returning Nil.
    [15] <engine-1>[GdPAI] ObjectRef(124134624705): object was freed before callback; returning Nil.
    [16] <engine-1>[GdPAI] ObjectRef(124134624705): object was freed before callback; returning Nil.
    [17] <engine-1>[GdPAI] ObjectRef(1382643928884): object was freed before callback; returning Nil.
    [18] <engine-1>[GdPAI] ObjectRef(124621163998): object was freed before callback; returning Nil.
    [19] <engine-1>[GdPAI] ObjectRef(1382643928884): object was freed before callback; returning Nil.
    [20] <engine-1>[GdPAI] ObjectRef(124621163998): object was freed before callback; returning Nil.
    [21] <engine-1>[GdPAI] ObjectRef(1382643928884): object was freed before callback; returning Nil.
    [22] <engine-1>[GdPAI] ObjectRef(124621163998): object was freed before callback; returning Nil.
    [23] <engine-1>[GdPAI] ObjectRef(124621163998): object was freed before callback; returning Nil.
    [24] <engine-1>[GdPAI] ObjectRef(1382643928884): object was freed before callback; returning Nil.
    [25] <engine-1>[GdPAI] ObjectRef(124621163998): object was freed before callback; returning Nil.
    [26] <engine-1>[GdPAI] ObjectRef(124621163998): object was freed before callback; returning Nil.
    [27] <engine-1>[GdPAI] ObjectRef(1382643928884): object was freed before callback; returning Nil.
    [28] <engine-1>[GdPAI] ObjectRef(1382643928884): object was freed before callback; returning Nil.
    [29] <engine-1>[GdPAI] ObjectRef(124621163998): object was freed before callback; returning Nil.
    [30] <engine-1>[GdPAI] ObjectRef(124621163998): object was freed before callback; returning Nil.
    [31] <engine-1>[GdPAI] ObjectRef(1382643928884): object was freed before callback; returning Nil.
    [32] <engine-1>[GdPAI] ObjectRef(1382643928884): object was freed before callback; returning Nil.
    [33] <engine-1>[GdPAI] ObjectRef(124621163998): object was freed before callback; returning Nil.
    [34] <engine-1>[GdPAI] ObjectRef(124621163998): object was freed before callback; returning Nil.
    [35] <engine-1>[GdPAI] ObjectRef(1382643928884): object was freed before callback; returning Nil.
    [36] <engine-1>[GdPAI] ObjectRef(124621163998): object was freed before callback; returning Nil.
    [37] <engine-1>[GdPAI] ObjectRef(124621163998): object was freed before callback; returning Nil.
    [38] <engine-1>[GdPAI] ObjectRef(1382643928884): object was freed before callback; returning Nil.
          at line 645
- test_wildcard_fact_provision_matches_multiple_requirements
[31m    [Failed]:  [0mUnexpected Errors:
    [1] <engine-1>[GdPAI] ObjectRef(124621163998): object was freed before callback; returning Nil.
    [2] <engine-1>[GdPAI] ObjectRef(124621163998): object was freed before callback; returning Nil.
    [3] <engine-1>[GdPAI] ObjectRef(1382643928884): object was freed before callback; returning Nil.
    [4] <engine-1>[GdPAI] ObjectRef(124621163998): object was freed before callback; returning Nil.
    [5] <engine-1>[GdPAI] ObjectRef(124621163998): object was freed before callback; returning Nil.
    [6] <engine-1>[GdPAI] ObjectRef(1382643928884): object was freed before callback; returning Nil.
    [7] <engine-1>[GdPAI] ObjectRef(124621163998): object was freed before callback; returning Nil.
    [8] <engine-1>[GdPAI] ObjectRef(124621163998): object was freed before callback; returning Nil.
    [9] <engine-1>[GdPAI] ObjectRef(1382643928884): object was freed before callback; returning Nil.
    [10] <engine-1>[GdPAI] ObjectRef(124621163998): object was freed before callback; returning Nil.
    [11] <engine-1>[GdPAI] ObjectRef(124621163998): object was freed before callback; returning Nil.
    [12] <engine-1>[GdPAI] ObjectRef(1382643928884): object was freed before callback; returning Nil.
    [13] <engine-1>[GdPAI] ObjectRef(1382643928884): object was freed before callback; returning Nil.
    [14] <engine-1>[GdPAI] ObjectRef(124621163998): object was freed before callback; returning Nil.
    [15] <engine-1>[GdPAI] ObjectRef(124621163998): object was freed before callback; returning Nil.
    [16] <engine-1>[GdPAI] ObjectRef(1382643928884): object was freed before callback; returning Nil.
    [17] <engine-1>[GdPAI] ObjectRef(1382643928884): object was freed before callback; returning Nil.
    [18] <engine-1>[GdPAI] ObjectRef(124621163998): object was freed before callback; returning Nil.
    [19] <engine-1>[GdPAI] ObjectRef(124621163998): object was freed before callback; returning Nil.
    [20] <engine-1>[GdPAI] ObjectRef(1382643928884): object was freed before callback; returning Nil.
    [21] <engine-1>[GdPAI] ObjectRef(1382643928884): object was freed before callback; returning Nil.
    [22] <engine-1>[GdPAI] ObjectRef(124621163998): object was freed before callback; returning Nil.
    [23] <engine-1>[GdPAI] ObjectRef(124621163998): object was freed before callback; returning Nil.
    [24] <engine-1>[GdPAI] ObjectRef(1382643928884): object was freed before callback; returning Nil.
    [25] <engine-1>[GdPAI] ObjectRef(1382643928884): object was freed before callback; returning Nil.
    [26] <engine-1>[GdPAI] ObjectRef(124621163998): object was freed before callback; returning Nil.
    [27] <engine-1>[GdPAI] ObjectRef(124621163998): object was freed before callback; returning Nil.
    [28] <engine-1>[GdPAI] ObjectRef(1382643928884): object was freed before callback; returning Nil.
    [29] <engine-1>[GdPAI] ObjectRef(1382643928884): object was freed before callback; returning Nil.
    [30] <engine-1>[GdPAI] ObjectRef(124621163998): object was freed before callback; returning Nil.
    [31] <engine-1>[GdPAI] ObjectRef(124621163998): object was freed before callback; returning Nil.
    [32] <engine-1>[GdPAI] ObjectRef(1382643928884): object was freed before callback; returning Nil.
    [33] <engine-1>[GdPAI] ObjectRef(1382643928884): object was freed before callback; returning Nil.
    [34] <engine-1>[GdPAI] ObjectRef(124621163998): object was freed before callback; returning Nil.
    [35] <engine-1>[GdPAI] ObjectRef(124621163998): object was freed before callback; returning Nil.
    [36] <engine-1>[GdPAI] ObjectRef(1382643928884): object was freed before callback; returning Nil.
    [37] <engine-1>[GdPAI] ObjectRef(1382643928884): object was freed before callback; returning Nil.
    [38] <engine-1>[GdPAI] ObjectRef(124621163998): object was freed before callback; returning Nil.
    [39] <engine-1>[GdPAI] ObjectRef(124621163998): object was freed before callback; returning Nil.
    [40] <engine-1>[GdPAI] ObjectRef(125359361544): object was freed before callback; returning Nil.
    [41] <engine-1>[GdPAI] ObjectRef(125359361544): object was freed before callback; returning Nil.
    [42] <engine-1>[GdPAI] ObjectRef(1382643928884): object was freed before callback; returning Nil.
    [43] <engine-1>[GdPAI] ObjectRef(1382643928884): object was freed before callback; returning Nil.
    [44] <engine-1>[GdPAI] ObjectRef(124621163998): object was freed before callback; returning Nil.
    [45] <engine-1>[GdPAI] ObjectRef(124621163998): object was freed before callback; returning Nil.
    [46] <engine-1>[GdPAI] ObjectRef(125359361544): object was freed before callback; returning Nil.
    [47] <engine-1>[GdPAI] ObjectRef(125359361544): object was freed before callback; returning Nil.
    [48] <engine-1>[GdPAI] ObjectRef(1382643928884): object was freed before callback; returning Nil.
    [49] <engine-1>[GdPAI] ObjectRef(1382643928884): object was freed before callback; returning Nil.
    [50] <engine-1>[GdPAI] ObjectRef(124621163998): object was freed before callback; returning Nil.
    [51] <engine-1>[GdPAI] ObjectRef(1382643928884): object was freed before callback; returning Nil.
    [52] <engine-1>[GdPAI] ObjectRef(1382643928884): object was freed before callback; returning Nil.
          at line 725
- test_goto_action_wildcard_chains_to_pickup_interaction
[31m    [Failed]:  [0mUnexpected Errors:
    [1] <engine-1>[GdPAI] ObjectRef(124621163998): object was freed before callback; returning Nil.
    [2] <engine-1>[GdPAI] ObjectRef(125359361544): object was freed before callback; returning Nil.
    [3] <engine-1>[GdPAI] ObjectRef(125359361544): object was freed before callback; returning Nil.
    [4] <engine-1>[GdPAI] ObjectRef(1382643928884): object was freed before callback; returning Nil.
    [5] <engine-1>[GdPAI] ObjectRef(1382643928884): object was freed before callback; returning Nil.
    [6] <engine-1>[GdPAI] ObjectRef(124621163998): object was freed before callback; returning Nil.
    [7] <engine-1>[GdPAI] ObjectRef(125359361544): object was freed before callback; returning Nil.
    [8] <engine-1>[GdPAI] ObjectRef(125359361544): object was freed before callback; returning Nil.
    [9] <engine-1>[GdPAI] ObjectRef(1382643928884): object was freed before callback; returning Nil.
    [10] <engine-1>[GdPAI] ObjectRef(1382643928884): object was freed before callback; returning Nil.
    [11] <engine-1>[GdPAI] ObjectRef(124621163998): object was freed before callback; returning Nil.
    [12] <engine-1>[GdPAI] ObjectRef(124134624705): object was freed before callback; returning Nil.
    [13] <engine-1>[GdPAI] ObjectRef(124134624705): object was freed before callback; returning Nil.
    [14] <engine-1>[GdPAI] ObjectRef(1382643928884): object was freed before callback; returning Nil.
    [15] <engine-1>[GdPAI] ObjectRef(1382643928884): object was freed before callback; returning Nil.
    [16] <engine-1>[GdPAI] ObjectRef(124621163998): object was freed before callback; returning Nil.
    [17] <engine-1>[GdPAI] ObjectRef(124134624705): object was freed before callback; returning Nil.
    [18] <engine-1>[GdPAI] ObjectRef(124134624705): object was freed before callback; returning Nil.
    [19] <engine-1>[GdPAI] ObjectRef(1382643928884): object was freed before callback; returning Nil.
    [20] <engine-1>[GdPAI] ObjectRef(1382643928884): object was freed before callback; returning Nil.
    [21] <engine-1>[GdPAI] ObjectRef(124621163998): object was freed before callback; returning Nil.
    [22] <engine-1>[GdPAI] ObjectRef(124134624705): object was freed before callback; returning Nil.
    [23] <engine-1>[GdPAI] ObjectRef(124134624705): object was freed before callback; returning Nil.
    [24] <engine-1>[GdPAI] ObjectRef(1382643928884): object was freed before callback; returning Nil.
    [25] <engine-1>[GdPAI] ObjectRef(1382643928884): object was freed before callback; returning Nil.
    [26] <engine-1>[GdPAI] ObjectRef(124621163998): object was freed before callback; returning Nil.
    [27] <engine-1>[GdPAI] ObjectRef(124134624705): object was freed before callback; returning Nil.
    [28] <engine-1>[GdPAI] ObjectRef(124134624705): object was freed before callback; returning Nil.
    [29] <engine-1>[GdPAI] ObjectRef(1382643928884): object was freed before callback; returning Nil.
    [30] <engine-1>[GdPAI] ObjectRef(1382643928884): object was freed before callback; returning Nil.
    [31] <engine-1>[GdPAI] ObjectRef(124621163998): object was freed before callback; returning Nil.
    [32] <engine-1>[GdPAI] ObjectRef(1382643928884): object was freed before callback; returning Nil.
    [33] <engine-1>[GdPAI] ObjectRef(1382643928884): object was freed before callback; returning Nil.
    [34] <engine-1>[GdPAI] ObjectRef(124621163998): object was freed before callback; returning Nil.
    [35] <engine-1>[GdPAI] ObjectRef(1382643928884): object was freed before callback; returning Nil.
    [36] <engine-1>[GdPAI] ObjectRef(1382643928884): object was freed before callback; returning Nil.
    [37] <engine-1>[GdPAI] ObjectRef(124621163998): object was freed before callback; returning Nil.
    [38] <engine-1>[GdPAI] ObjectRef(124621163998): object was freed before callback; returning Nil.
    [39] <engine-1>[GdPAI] ObjectRef(125359361544): object was freed before callback; returning Nil.
    [40] <engine-1>[GdPAI] ObjectRef(125359361544): object was freed before callback; returning Nil.
    [41] <engine-1>[GdPAI] ObjectRef(1382643928884): object was freed before callback; returning Nil.
    [42] <engine-1>[GdPAI] ObjectRef(1382643928884): object was freed before callback; returning Nil.
    [43] <engine-1>[GdPAI] ObjectRef(124621163998): object was freed before callback; returning Nil.
    [44] <engine-1>[GdPAI] ObjectRef(124621163998): object was freed before callback; returning Nil.
    [45] <engine-1>[GdPAI] ObjectRef(125359361544): object was freed before callback; returning Nil.
    [46] <engine-1>[GdPAI] ObjectRef(125359361544): object was freed before callback; returning Nil.
    [47] <engine-1>[GdPAI] ObjectRef(1382643928884): object was freed before callback; returning Nil.
    [48] <engine-1>[GdPAI] ObjectRef(1382643928884): object was freed before callback; returning Nil.
    [49] <engine-1>[GdPAI] ObjectRef(124621163998): object was freed before callback; returning Nil.
    [50] <engine-1>[GdPAI] ObjectRef(1382643928884): object was freed before callback; returning Nil.
    [51] <engine-1>[GdPAI] ObjectRef(1382643928884): object was freed before callback; returning Nil.
    [52] <engine-1>[GdPAI] ObjectRef(124621163998): object was freed before callback; returning Nil.
    [53] <engine-1>[GdPAI] ObjectRef(1382643928884): object was freed before callback; returning Nil.
    [54] <engine-1>[GdPAI] ObjectRef(1382643928884): object was freed before callback; returning Nil.
    [55] <engine-1>[GdPAI] ObjectRef(124621163998): object was freed before callback; returning Nil.
    [56] <engine-1>[GdPAI] ObjectRef(125359361544): object was freed before callback; returning Nil.
    [57] <engine-1>[GdPAI] ObjectRef(125359361544): object was freed before callback; returning Nil.
    [58] <engine-1>[GdPAI] ObjectRef(1382643928884): object was freed before callback; returning Nil.
    [59] <engine-1>[GdPAI] ObjectRef(1382643928884): object was freed before callback; returning Nil.
    [60] <engine-1>[GdPAI] ObjectRef(124621163998): object was freed before callback; returning Nil.
    [61] <engine-1>[GdPAI] ObjectRef(125359361544): object was freed before callback; returning Nil.
    [62] <engine-1>[GdPAI] ObjectRef(125359361544): object was freed before callback; returning Nil.
    [63] <engine-1>[GdPAI] ObjectRef(1382643928884): object was freed before callback; returning Nil.
    [64] <engine-1>[GdPAI] ObjectRef(1382643928884): object was freed before callback; returning Nil.
    [65] <engine-1>[GdPAI] ObjectRef(124621163998): object was freed before callback; returning Nil.
    [66] <engine-1>[GdPAI] ObjectRef(124134624705): object was freed before callback; returning Nil.
    [67] <engine-1>[GdPAI] ObjectRef(124134624705): object was freed before callback; returning Nil.
    [68] <engine-1>[GdPAI] ObjectRef(1382643928884): object was freed before callback; returning Nil.
    [69] <engine-1>[GdPAI] ObjectRef(1382643928884): object was freed before callback; returning Nil.
    [70] <engine-1>[GdPAI] ObjectRef(124621163998): object was freed before callback; returning Nil.
    [71] <engine-1>[GdPAI] ObjectRef(124134624705): object was freed before callback; returning Nil.
    [72] <engine-1>[GdPAI] ObjectRef(124134624705): object was freed before callback; returning Nil.
    [73] <engine-1>[GdPAI] ObjectRef(1382643928884): object was freed before callback; returning Nil.
    [74] <engine-1>[GdPAI] ObjectRef(1382643928884): object was freed before callback; returning Nil.
    [75] <engine-1>[GdPAI] ObjectRef(1382157389614): object was freed before callback; returning Nil.
    [76] <engine-1>[GdPAI] ObjectRef(1383197576744): object was freed before callback; returning Nil.
    [77] <engine-1>[GdPAI] ObjectRef(1382157389614): object was freed before callback; returning Nil.
    [78] <engine-1>[GdPAI] ObjectRef(1383197576744): object was freed before callback; returning Nil.
    [79] <engine-1>[GdPAI] ObjectRef(124621163998): object was freed before callback; returning Nil.
    [80] <engine-1>[GdPAI] ObjectRef(124134624705): object was freed before callback; returning Nil.
    [81] <engine-1>[GdPAI] ObjectRef(124134624705): object was freed before callback; returning Nil.
    [82] <engine-1>[GdPAI] ObjectRef(1382643928884): object was freed before callback; returning Nil.
    [83] <engine-1>[GdPAI] ObjectRef(1382643928884): object was freed before callback; returning Nil.
    [84] <engine-1>[GdPAI] ObjectRef(1382157389614): object was freed before callback; returning Nil.
    [85] <engine-1>[GdPAI] ObjectRef(1383197576744): object was freed before callback; returning Nil.
    [86] <engine-1>[GdPAI] ObjectRef(1382157389614): object was freed before callback; returning Nil.
    [87] <engine-1>[GdPAI] ObjectRef(1383197576744): object was freed before callback; returning Nil.
    [88] <engine-1>[GdPAI] ObjectRef(124621163998): object was freed before callback; returning Nil.
    [89] <engine-1>[GdPAI] ObjectRef(124134624705): object was freed before callback; returning Nil.
    [90] <engine-1>[GdPAI] ObjectRef(124134624705): object was freed before callback; returning Nil.
    [91] <engine-1>[GdPAI] ObjectRef(1382643928884): object was freed before callback; returning Nil.
    [92] <engine-1>[GdPAI] ObjectRef(1383197576744): object was freed before callback; returning Nil.
    [93] <engine-1>[GdPAI] ObjectRef(1383197576744): object was freed before callback; returning Nil.
    [94] <engine-1>[GdPAI] ObjectRef(124621163998): object was freed before callback; returning Nil.
    [95] <engine-1>[GdPAI] ObjectRef(1382643928884): object was freed before callback; returning Nil.
    [96] <engine-1>[GdPAI] ObjectRef(1383197576744): object was freed before callback; returning Nil.
    [97] <engine-1>[GdPAI] ObjectRef(1383197576744): object was freed before callback; returning Nil.
          at line 815
[4m
res://test/unit/test_gdpai_blackboard.gd
[0m- test_gdpai_objects_property_creates_proxies
[31m    [Failed]:  [0mUnexpected Errors:
    [1] <engine-1>[GdPAI] ObjectRef(124621163998): object was freed before callback; returning Nil.
    [2] <engine-1>[GdPAI] ObjectRef(124621163998): object was freed before callback; returning Nil.
    [3] <engine-1>[GdPAI] ObjectRef(1382643928884): object was freed before callback; returning Nil.
    [4] <engine-1>[GdPAI] ObjectRef(1382157389614): object was freed before callback; returning Nil.
    [5] <engine-1>[GdPAI] ObjectRef(1382157389614): object was freed before callback; returning Nil.
          at line 120
- test_get_proxy_in_group_returns_first
[31m    [Failed]:  [0mUnexpected Errors:
    [1] <engine-1>[GdPAI] ObjectRef(124621163998): object was freed before callback; returning Nil.
    [2] <engine-1>[GdPAI] ObjectRef(124621163998): object was freed before callback; returning Nil.
    [3] <engine-1>[GdPAI] ObjectRef(1382643928884): object was freed before callback; returning Nil.
          at line 136
- test_get_proxy_in_group_returns_null_when_not_found
[31m    [Failed]:  [0mUnexpected Errors:
    [1] <engine-1>[GdPAI] ObjectRef(124621163998): object was freed before callback; returning Nil.
    [2] <engine-1>[GdPAI] ObjectRef(1382643928884): object was freed before callback; returning Nil.
          at line 149
- test_get_object_for_returns_proxy
[31m    [Failed]:  [0mUnexpected Errors:
    [1] <engine-1>[GdPAI] ObjectRef(124621163998): object was freed before callback; returning Nil.
    [2] <engine-1>[GdPAI] ObjectRef(1382643928884): object was freed before callback; returning Nil.
    [3] <engine-1>[GdPAI] ObjectRef(1382643928884): object was freed before callback; returning Nil.
          at line 165
- test_clone_preserves_object_proxies
[31m    [Failed]:  [0mUnexpected Errors:
    [1] <engine-1>[GdPAI] ObjectRef(124621163998): object was freed before callback; returning Nil.
    [2] <engine-1>[GdPAI] ObjectRef(1382643928884): object was freed before callback; returning Nil.
          at line 192

Totals
------
Warnings              2

Scripts               7
Tests                46
Passing Tests        24
Failing Tests        22
Asserts           129/158
Orphans               2
Time              32.945s


[31m---- 22 failing tests ----
[0m
[1m[INFO]:  [0mExiting with code 1
WARNING: [GdPAI] ObjectRef(124621163998): object was freed before callback; returning Nil.
   at: gdplanningai_rust::logger::process_logs (src\logger.rs:66)
   GDScript backtrace (most recent call first):
       [0] _process (res://addons/GdPlanningAI/gdpai_autoload.gd:21)
WARNING: [GdPAI] ObjectRef(124621163998): object was freed before callback; returning Nil.
   at: gdplanningai_rust::logger::process_logs (src\logger.rs:66)
   GDScript backtrace (most recent call first):
       [0] _process (res://addons/GdPlanningAI/gdpai_autoload.gd:21)
[GdPAI | debug] GetCost: callable returned non-numeric value: null; returning INFINITY
WARNING: [GdPAI] ObjectRef(1382643928884): object was freed before callback; returning Nil.
   at: gdplanningai_rust::logger::process_logs (src\logger.rs:66)
   GDScript backtrace (most recent call first):
       [0] _process (res://addons/GdPlanningAI/gdpai_autoload.gd:21)
WARNING: [GdPAI] ObjectRef(1382643928884): object was freed before callback; returning Nil.
   at: gdplanningai_rust::logger::process_logs (src\logger.rs:66)
   GDScript backtrace (most recent call first):
       [0] _process (res://addons/GdPlanningAI/gdpai_autoload.gd:21)
[GdPAI | debug] Discovery: Starting simulation for action Go To
WARNING: ObjectDB instances leaked at exit (run with --verbose for details).
   at: cleanup (core/object/object.cpp:2641)
ERROR: 2 resources still in use at exit (run with --verbose for details).
   at: clear (core/io/resource.cpp:810)
